Waiting for sweep ID...
Found Sweep ID: o2yj2zlq
Starting wandb agent for sweep o2yj2zlq...
TRAINING DEVICE: cpu
Run Name: GCN_sag_hp_sweep_sag_o2yj2zlq-wbxtg325
finidhed preparing data
Loading dataset from pretrain_dataset_12.5k_fixed_duplicates.pkl
Loaded 412712 data objects.
finished preparing data
Epoch 1/1000, Train Loss: 9.5554, Validation Loss: 6.4233
Epoch 2/1000, Train Loss: 6.0523, Validation Loss: 2.6247
Epoch 3/1000, Train Loss: 3.6302, Validation Loss: 3.0494
Epoch 4/1000, Train Loss: 3.7804, Validation Loss: 3.7745
Epoch 5/1000, Train Loss: 3.5879, Validation Loss: 15.2070
Epoch 6/1000, Train Loss: 3.3454, Validation Loss: 4.8006
Epoch 7/1000, Train Loss: 6.3081, Validation Loss: 3.7582
Epoch 8/1000, Train Loss: 3.2612, Validation Loss: 6.8040
Epoch 9/1000, Train Loss: 2.9281, Validation Loss: 3.2360
Epoch 10/1000, Train Loss: 2.8032, Validation Loss: 3.5141
Epoch 11/1000, Train Loss: 2.9067, Validation Loss: 3.1148
Epoch 12/1000, Train Loss: 2.7349, Validation Loss: 3.1333
Epoch 13/1000, Train Loss: 2.7585, Validation Loss: 3.1836
Epoch 14/1000, Train Loss: 2.6222, Validation Loss: 8.7850
Epoch 15/1000, Train Loss: 2.5852, Validation Loss: 2.7523
Epoch 16/1000, Train Loss: 2.5861, Validation Loss: 2.9014
Epoch 17/1000, Train Loss: 2.5713, Validation Loss: 5.9388
Epoch 18/1000, Train Loss: 2.6399, Validation Loss: 4.3926
Epoch 19/1000, Train Loss: 2.8667, Validation Loss: 2.9665
Epoch 20/1000, Train Loss: 4.2039, Validation Loss: 5.3491
Epoch 21/1000, Train Loss: 3.9430, Validation Loss: 3.1318
Epoch 22/1000, Train Loss: 3.1552, Validation Loss: 6.3531
Epoch 23/1000, Train Loss: 5.4916, Validation Loss: 3.9060
Epoch 24/1000, Train Loss: 496.2864, Validation Loss: 7.1582
Epoch 25/1000, Train Loss: 6.3365, Validation Loss: 6.0716
Epoch 26/1000, Train Loss: 3.3503, Validation Loss: 5.6677
Epoch 27/1000, Train Loss: 2.6195, Validation Loss: 4.2909
Epoch 28/1000, Train Loss: 2.4785, Validation Loss: 2.5886
Epoch 29/1000, Train Loss: 22.9966, Validation Loss: 6.2497
Epoch 30/1000, Train Loss: 6.3226, Validation Loss: 13.6131
Epoch 31/1000, Train Loss: 2.9501, Validation Loss: 4.6649
Epoch 32/1000, Train Loss: 2.3450, Validation Loss: 4.0456
Epoch 33/1000, Train Loss: 3.3743, Validation Loss: 5.2661
Epoch 34/1000, Train Loss: 2.0893, Validation Loss: 4.4630
Epoch 35/1000, Train Loss: 5.6405, Validation Loss: 2.8042
Epoch 36/1000, Train Loss: 2.2216, Validation Loss: 2.7451
Epoch 37/1000, Train Loss: 20.7559, Validation Loss: 5.8636
Epoch 38/1000, Train Loss: 2.5445, Validation Loss: 3.5695
Epoch 39/1000, Train Loss: 15.8188, Validation Loss: 4.1009
Epoch 40/1000, Train Loss: 2.7874, Validation Loss: 3.5280
Epoch 41/1000, Train Loss: 3.0964, Validation Loss: 5.1815
Epoch 42/1000, Train Loss: 3.0539, Validation Loss: 3.3345
Epoch 43/1000, Train Loss: 2.7718, Validation Loss: 3.1030
Epoch 44/1000, Train Loss: 3.4888, Validation Loss: 4.6674
Epoch 45/1000, Train Loss: 2.6602, Validation Loss: 4.9178
Epoch 46/1000, Train Loss: 2.6929, Validation Loss: 4.2342
Epoch 47/1000, Train Loss: 2.9047, Validation Loss: 2.5854
Epoch 48/1000, Train Loss: 2.8948, Validation Loss: 2.5264
Epoch 49/1000, Train Loss: 2.8720, Validation Loss: 2.8596
Epoch 50/1000, Train Loss: 3.1252, Validation Loss: 3.6030
Epoch 51/1000, Train Loss: 2.7257, Validation Loss: 3.1568
Epoch 52/1000, Train Loss: 2.5925, Validation Loss: 2.6715
Epoch 53/1000, Train Loss: 2.9997, Validation Loss: 4.7001
Epoch 54/1000, Train Loss: 2.6498, Validation Loss: 3.7214
Epoch 55/1000, Train Loss: 3.9423, Validation Loss: 2.2392
Epoch 56/1000, Train Loss: 2.7325, Validation Loss: 2.7281
Epoch 57/1000, Train Loss: 614.0358, Validation Loss: 2.6082
Epoch 58/1000, Train Loss: 35.7883, Validation Loss: 2.2757
Epoch 59/1000, Train Loss: 6.2979, Validation Loss: 2.6501
Epoch 60/1000, Train Loss: 377.9290, Validation Loss: 4.5131
Epoch 61/1000, Train Loss: 2.8913, Validation Loss: 6.5520
Epoch 62/1000, Train Loss: 2.9587, Validation Loss: 5.9143
Epoch 63/1000, Train Loss: 338.2519, Validation Loss: 3.4972
Epoch 64/1000, Train Loss: 2.6576, Validation Loss: 3.7936
Epoch 65/1000, Train Loss: 2.4706, Validation Loss: 2.5987
Epoch 66/1000, Train Loss: 2.8489, Validation Loss: 2.1698
Epoch 67/1000, Train Loss: 2.3635, Validation Loss: 3.9300
Epoch 68/1000, Train Loss: 6.2800, Validation Loss: 6.6910
Epoch 69/1000, Train Loss: 7.9595, Validation Loss: 6.1485
Epoch 70/1000, Train Loss: 17.3241, Validation Loss: 6.1157
Epoch 71/1000, Train Loss: 17.2604, Validation Loss: 6.1110
Epoch 72/1000, Train Loss: 6.3765, Validation Loss: 6.1429
Epoch 73/1000, Train Loss: 6.2481, Validation Loss: 6.1529
Epoch 74/1000, Train Loss: 6.2416, Validation Loss: 6.2951
Epoch 75/1000, Train Loss: 36584.5222, Validation Loss: 6.2996
Epoch 76/1000, Train Loss: 11.2550, Validation Loss: 6.1179
Epoch 77/1000, Train Loss: 6.2220, Validation Loss: 6.0702
Epoch 78/1000, Train Loss: 2335.1241, Validation Loss: 6.0697
Epoch 79/1000, Train Loss: 5.7862, Validation Loss: 3.4783
Epoch 80/1000, Train Loss: 10.2429, Validation Loss: 2.8966
Epoch 81/1000, Train Loss: 3.0574, Validation Loss: 2.5491
Epoch 82/1000, Train Loss: 4.4540, Validation Loss: 3.9258
Epoch 83/1000, Train Loss: 2057.7343, Validation Loss: 2.6236
Epoch 84/1000, Train Loss: 3.2783, Validation Loss: 5.3266
Epoch 85/1000, Train Loss: 3.0680, Validation Loss: 5.0406
Epoch 86/1000, Train Loss: 3.2594, Validation Loss: 2.7304
Epoch 87/1000, Train Loss: 3.5763, Validation Loss: 5.9441
Epoch 88/1000, Train Loss: 3.4189, Validation Loss: 3.0522
Epoch 89/1000, Train Loss: 3.1623, Validation Loss: 5.8369
Epoch 90/1000, Train Loss: 12.7404, Validation Loss: 4.4332
Epoch 91/1000, Train Loss: 3.5438, Validation Loss: 2.4499
Epoch 92/1000, Train Loss: 3.1576, Validation Loss: 4.4783
Epoch 93/1000, Train Loss: 3.0884, Validation Loss: 5.3062
Epoch 94/1000, Train Loss: 3.6736, Validation Loss: 2.6844
Epoch 95/1000, Train Loss: 3.0450, Validation Loss: 7.6354
Epoch 96/1000, Train Loss: 3.5473, Validation Loss: 4.1452
Epoch 97/1000, Train Loss: 3.1683, Validation Loss: 4.6643
Epoch 98/1000, Train Loss: 3.6570, Validation Loss: 3.0903
Epoch 99/1000, Train Loss: 3.7444, Validation Loss: 4.5383
Epoch 100/1000, Train Loss: 21.9243, Validation Loss: 6.0781
Epoch 101/1000, Train Loss: 4.5871, Validation Loss: 3.4852
Epoch 102/1000, Train Loss: 2.6436, Validation Loss: 5.2690
Epoch 103/1000, Train Loss: 2.3532, Validation Loss: 3.6749
Epoch 104/1000, Train Loss: 2.0746, Validation Loss: 2.3527
Epoch 105/1000, Train Loss: 2.4181, Validation Loss: 2.7415
Epoch 106/1000, Train Loss: 3.1990, Validation Loss: 3.9363
Epoch 107/1000, Train Loss: 9.2357, Validation Loss: 6.1711
Epoch 108/1000, Train Loss: 6.3277, Validation Loss: 6.1064
Epoch 109/1000, Train Loss: 15.6089, Validation Loss: 6.2197
Epoch 110/1000, Train Loss: 12.9021, Validation Loss: 6.3088
Epoch 111/1000, Train Loss: 16.1697, Validation Loss: 6.1153
Epoch 112/1000, Train Loss: 8.5218, Validation Loss: 7.3095
Epoch 113/1000, Train Loss: 23.0110, Validation Loss: 6.2016
Epoch 114/1000, Train Loss: 8.0014, Validation Loss: 6.0841
Epoch 115/1000, Train Loss: 8.0988, Validation Loss: 6.1465
Epoch 116/1000, Train Loss: 8.6085, Validation Loss: 6.0861
Epoch 117/1000, Train Loss: 6.3527, Validation Loss: 6.6563
Epoch 118/1000, Train Loss: 8.0276, Validation Loss: 6.3679
Epoch 119/1000, Train Loss: 6.1712, Validation Loss: 4.4957
Epoch 120/1000, Train Loss: 3.5419, Validation Loss: 2.8484
Epoch 121/1000, Train Loss: 5.3458, Validation Loss: 8.6181
Epoch 122/1000, Train Loss: 3.5235, Validation Loss: 9.4212
Epoch 123/1000, Train Loss: 3.1632, Validation Loss: 3.4432
Epoch 124/1000, Train Loss: 4.2187, Validation Loss: 3.4683
Epoch 125/1000, Train Loss: 3.5332, Validation Loss: 2.6031
Epoch 126/1000, Train Loss: 3.2131, Validation Loss: 3.6711
Epoch 127/1000, Train Loss: 4.0420, Validation Loss: 3.9725
Epoch 128/1000, Train Loss: 3.0963, Validation Loss: 2.8626
Epoch 129/1000, Train Loss: 3.3341, Validation Loss: 4.2381
Epoch 130/1000, Train Loss: 4.0802, Validation Loss: 2.6170
Epoch 131/1000, Train Loss: 2.8197, Validation Loss: 3.2430
Epoch 132/1000, Train Loss: 16.8295, Validation Loss: 5.7410
Epoch 133/1000, Train Loss: 5.2427, Validation Loss: 7.6358
Epoch 134/1000, Train Loss: 2.8381, Validation Loss: 2.3934
Epoch 135/1000, Train Loss: 2.9294, Validation Loss: 4.3319
Epoch 136/1000, Train Loss: 31.5250, Validation Loss: 2.5331
Epoch 137/1000, Train Loss: 3.6501, Validation Loss: 2.6490
Epoch 138/1000, Train Loss: 2.8420, Validation Loss: 5.0246
Epoch 139/1000, Train Loss: 2.8484, Validation Loss: 5.9931
Epoch 140/1000, Train Loss: 2.9100, Validation Loss: 4.5963
Epoch 141/1000, Train Loss: 336.7300, Validation Loss: 5.6722
Epoch 142/1000, Train Loss: 4.3905, Validation Loss: 4.0128
Epoch 143/1000, Train Loss: 2.7283, Validation Loss: 4.8880
Epoch 144/1000, Train Loss: 21.8672, Validation Loss: 4.3475
Epoch 145/1000, Train Loss: 2.4937, Validation Loss: 2.8575
Epoch 146/1000, Train Loss: 2.6327, Validation Loss: 3.4260
Epoch 147/1000, Train Loss: 2.4582, Validation Loss: 2.0665
Epoch 148/1000, Train Loss: 2.3374, Validation Loss: 5.1941
Epoch 149/1000, Train Loss: 2.4956, Validation Loss: 3.5260
Epoch 150/1000, Train Loss: 258.8330, Validation Loss: 3.6204
Epoch 151/1000, Train Loss: 2.5422, Validation Loss: 3.8349
Epoch 152/1000, Train Loss: 2.7586, Validation Loss: 2.2167
Epoch 153/1000, Train Loss: 15.4594, Validation Loss: 5.6165
Epoch 154/1000, Train Loss: 2.6681, Validation Loss: 3.6472
Epoch 155/1000, Train Loss: 2.9363, Validation Loss: 2.8322
Epoch 156/1000, Train Loss: 2.5610, Validation Loss: 2.7688
Epoch 157/1000, Train Loss: 2.5764, Validation Loss: 2.3482
Epoch 158/1000, Train Loss: 37.6605, Validation Loss: 3.6725
Epoch 159/1000, Train Loss: 2.4284, Validation Loss: 3.5390
Epoch 160/1000, Train Loss: 17.0661, Validation Loss: 4.6584
Epoch 161/1000, Train Loss: 2.4765, Validation Loss: 4.6459
Epoch 162/1000, Train Loss: 6.2918, Validation Loss: 2.9005
Epoch 163/1000, Train Loss: 2.4259, Validation Loss: 3.2832
Epoch 164/1000, Train Loss: 2.4583, Validation Loss: 3.8740
Epoch 165/1000, Train Loss: 2.6293, Validation Loss: 2.8120
Epoch 166/1000, Train Loss: 2.7095, Validation Loss: 2.7855
Epoch 167/1000, Train Loss: 82.6859, Validation Loss: 5.1412
Epoch 168/1000, Train Loss: 2.4360, Validation Loss: 2.9636
Epoch 169/1000, Train Loss: 24.7898, Validation Loss: 5.5027
Epoch 170/1000, Train Loss: 2.8213, Validation Loss: 5.4177
Epoch 171/1000, Train Loss: 2.4490, Validation Loss: 1.9306
Epoch 172/1000, Train Loss: 2.3772, Validation Loss: 3.7066
Epoch 173/1000, Train Loss: 2.4593, Validation Loss: 2.9670
Epoch 174/1000, Train Loss: 3.3434, Validation Loss: 2.1992
Epoch 175/1000, Train Loss: 2.4867, Validation Loss: 4.1613
Epoch 176/1000, Train Loss: 4.3832, Validation Loss: 2.3025
Epoch 177/1000, Train Loss: 2.3492, Validation Loss: 4.4718
Epoch 178/1000, Train Loss: 3.3849, Validation Loss: 6.1312
Epoch 179/1000, Train Loss: 2.4831, Validation Loss: 3.7126
Epoch 180/1000, Train Loss: 2.9687, Validation Loss: 2.1143
Epoch 181/1000, Train Loss: 4.2458, Validation Loss: 6.0711
Epoch 182/1000, Train Loss: 3.7002, Validation Loss: 4.0618
Epoch 183/1000, Train Loss: 2.5853, Validation Loss: 3.1175
Epoch 184/1000, Train Loss: 2.4015, Validation Loss: 2.1732
Epoch 185/1000, Train Loss: 2.4465, Validation Loss: 4.4550
Epoch 186/1000, Train Loss: 2.3366, Validation Loss: 2.0894
Epoch 187/1000, Train Loss: 2.3301, Validation Loss: 3.0327
Epoch 188/1000, Train Loss: 2.5018, Validation Loss: 2.5755
Epoch 189/1000, Train Loss: 2.4078, Validation Loss: 2.3878
Epoch 190/1000, Train Loss: 2.4145, Validation Loss: 3.2161
Epoch 191/1000, Train Loss: 2.4614, Validation Loss: 4.5747
Epoch 192/1000, Train Loss: 62.0688, Validation Loss: 7.4361
Epoch 193/1000, Train Loss: 2.5801, Validation Loss: 2.9908
Epoch 194/1000, Train Loss: 2.5654, Validation Loss: 3.1300
Epoch 195/1000, Train Loss: 3.4459, Validation Loss: 3.2676
Epoch 196/1000, Train Loss: 2.4034, Validation Loss: 1.9659
Epoch 197/1000, Train Loss: 2.5232, Validation Loss: 3.8400
Epoch 198/1000, Train Loss: 2.7956, Validation Loss: 2.1910
Epoch 199/1000, Train Loss: 2.7255, Validation Loss: 3.5059
Epoch 200/1000, Train Loss: 2.4553, Validation Loss: 2.6841
Epoch 201/1000, Train Loss: 11.8580, Validation Loss: 3.3682
Epoch 202/1000, Train Loss: 2.5339, Validation Loss: 3.4535
Epoch 203/1000, Train Loss: 2.6937, Validation Loss: 2.2759
Epoch 204/1000, Train Loss: 3.0505, Validation Loss: 4.4719
Epoch 205/1000, Train Loss: 5.7837, Validation Loss: 5.6788
Epoch 206/1000, Train Loss: 2.8576, Validation Loss: 2.5373
Epoch 207/1000, Train Loss: 2.3427, Validation Loss: 6.7093
Epoch 208/1000, Train Loss: 2.6404, Validation Loss: 2.4868
Epoch 209/1000, Train Loss: 2.4685, Validation Loss: 2.0897
Epoch 210/1000, Train Loss: 2.5132, Validation Loss: 2.3576
Epoch 211/1000, Train Loss: 2.5483, Validation Loss: 2.2721
Epoch 212/1000, Train Loss: 13576.1426, Validation Loss: 3.0535
Epoch 213/1000, Train Loss: 2.4004, Validation Loss: 2.4928
Epoch 214/1000, Train Loss: 2.4847, Validation Loss: 2.5216
Epoch 215/1000, Train Loss: 954.6472, Validation Loss: 2.8746
Epoch 216/1000, Train Loss: 2.5190, Validation Loss: 2.6141
Epoch 217/1000, Train Loss: 2.7730, Validation Loss: 3.0970
Epoch 218/1000, Train Loss: 2.4052, Validation Loss: 2.4893
Epoch 219/1000, Train Loss: 4.1459, Validation Loss: 3.6051
Epoch 220/1000, Train Loss: 2.1459, Validation Loss: 4.6179
Epoch 221/1000, Train Loss: 2.2177, Validation Loss: 1.9157
Epoch 222/1000, Train Loss: 8.7608, Validation Loss: 5.4008
Epoch 223/1000, Train Loss: 2.3015, Validation Loss: 2.1081
Epoch 224/1000, Train Loss: 2.2237, Validation Loss: 14.3010
Epoch 225/1000, Train Loss: 10.5685, Validation Loss: 2.3929
Epoch 226/1000, Train Loss: 2.5051, Validation Loss: 13.7772
Epoch 227/1000, Train Loss: 2.4795, Validation Loss: 2.4009
Epoch 228/1000, Train Loss: 2.4333, Validation Loss: 2.9246
Epoch 229/1000, Train Loss: 9.2561, Validation Loss: 4.0373
Epoch 230/1000, Train Loss: 2.6207, Validation Loss: 2.5748
Epoch 231/1000, Train Loss: 1796.4247, Validation Loss: 6.0732
Epoch 232/1000, Train Loss: 7.2452, Validation Loss: 6.1180
Epoch 233/1000, Train Loss: 6.2219, Validation Loss: 6.0886
Epoch 234/1000, Train Loss: 128.6767, Validation Loss: 6.3905
Epoch 235/1000, Train Loss: 6.5812, Validation Loss: 6.1915
Epoch 236/1000, Train Loss: 6.8392, Validation Loss: 6.4921
Epoch 237/1000, Train Loss: 6.2097, Validation Loss: 6.0710
Epoch 238/1000, Train Loss: 11.6582, Validation Loss: 6.4189
Epoch 239/1000, Train Loss: 6.6625, Validation Loss: 6.3793
Epoch 240/1000, Train Loss: 6.2417, Validation Loss: 6.1680
Epoch 241/1000, Train Loss: 6.3904, Validation Loss: 6.0742
Epoch 242/1000, Train Loss: 9.0685, Validation Loss: 6.0947
Epoch 243/1000, Train Loss: 375.9811, Validation Loss: 6.0703
Epoch 244/1000, Train Loss: 6.2236, Validation Loss: 6.2064
Epoch 245/1000, Train Loss: 20.7913, Validation Loss: 6.0783
Epoch 246/1000, Train Loss: 6.2134, Validation Loss: 6.1685
Epoch 247/1000, Train Loss: 6.0013, Validation Loss: 3.5439
Epoch 248/1000, Train Loss: 6.1470, Validation Loss: 6.0785
Epoch 249/1000, Train Loss: 6.2875, Validation Loss: 6.3995
Epoch 250/1000, Train Loss: 6.2013, Validation Loss: 8.0624
Epoch 251/1000, Train Loss: 4.0577, Validation Loss: 2.6364
Epoch 252/1000, Train Loss: 2.0295, Validation Loss: 2.6758
Epoch 253/1000, Train Loss: 3.1404, Validation Loss: 7.1635
Epoch 254/1000, Train Loss: 10.4319, Validation Loss: 6.0937
Epoch 255/1000, Train Loss: 4.8784, Validation Loss: 3.1078
Epoch 256/1000, Train Loss: 2.8844, Validation Loss: 2.9579
Epoch 257/1000, Train Loss: 2.5407, Validation Loss: 3.8759
Epoch 258/1000, Train Loss: 70.1754, Validation Loss: 2.2528
Epoch 259/1000, Train Loss: 2.0712, Validation Loss: 5.8511
Epoch 260/1000, Train Loss: 3.6514, Validation Loss: 2.6350
Epoch 261/1000, Train Loss: 1.8691, Validation Loss: 2.5669
Epoch 262/1000, Train Loss: 8.0650, Validation Loss: 6.0778
Epoch 263/1000, Train Loss: 7.6169, Validation Loss: 6.6744
Epoch 264/1000, Train Loss: 7.9123, Validation Loss: 6.1370
Epoch 265/1000, Train Loss: 3.8630, Validation Loss: 2.8622
Epoch 266/1000, Train Loss: 2.7494, Validation Loss: 2.1430
Epoch 267/1000, Train Loss: 2.6551, Validation Loss: 2.6716
Epoch 268/1000, Train Loss: 2.6255, Validation Loss: 2.8153
Epoch 269/1000, Train Loss: 2.4072, Validation Loss: 2.2741
Epoch 270/1000, Train Loss: 2.8696, Validation Loss: 3.8234
Epoch 271/1000, Train Loss: 2.3606, Validation Loss: 2.3090
Epoch 272/1000, Train Loss: 2.2321, Validation Loss: 3.9336
Epoch 273/1000, Train Loss: 2.9106, Validation Loss: 3.0733
Epoch 274/1000, Train Loss: 3.0543, Validation Loss: 3.5753
Epoch 275/1000, Train Loss: 3.0586, Validation Loss: 4.2754
Epoch 276/1000, Train Loss: 2.4550, Validation Loss: 3.1079
Epoch 277/1000, Train Loss: 1.8793, Validation Loss: 2.2718
Epoch 278/1000, Train Loss: 20.6686, Validation Loss: 6.2997
Epoch 279/1000, Train Loss: 2.4969, Validation Loss: 6.2520
Epoch 280/1000, Train Loss: 7.4609, Validation Loss: 7.0212
Epoch 281/1000, Train Loss: 2.4209, Validation Loss: 5.8412
Epoch 282/1000, Train Loss: 2.5436, Validation Loss: 2.5772
Epoch 283/1000, Train Loss: 2.4480, Validation Loss: 2.1617
Epoch 284/1000, Train Loss: 2.6617, Validation Loss: 6.5302
Epoch 285/1000, Train Loss: 2.3691, Validation Loss: 2.6101
Epoch 286/1000, Train Loss: 2.2758, Validation Loss: 3.8718
Epoch 287/1000, Train Loss: 2.3589, Validation Loss: 3.2147
Epoch 288/1000, Train Loss: 2.3046, Validation Loss: 12.9944
Epoch 289/1000, Train Loss: 2.6841, Validation Loss: 1.8840
Epoch 290/1000, Train Loss: 3.2415, Validation Loss: 3.9570
Epoch 291/1000, Train Loss: 2.1989, Validation Loss: 2.7294
Epoch 292/1000, Train Loss: 2.5037, Validation Loss: 2.6340
Epoch 293/1000, Train Loss: 2.3556, Validation Loss: 2.1217
Epoch 294/1000, Train Loss: 3.9987, Validation Loss: 6.0897
Epoch 295/1000, Train Loss: 3.6041, Validation Loss: 5.7882
Epoch 296/1000, Train Loss: 2.1879, Validation Loss: 2.7714
Epoch 297/1000, Train Loss: 2.7564, Validation Loss: 3.2484
Epoch 298/1000, Train Loss: 2.5525, Validation Loss: 3.9355
Epoch 299/1000, Train Loss: 3.9453, Validation Loss: 6.0877
Epoch 300/1000, Train Loss: 4.3993, Validation Loss: 3.4268
Epoch 301/1000, Train Loss: 2.4016, Validation Loss: 5.7586
Epoch 302/1000, Train Loss: 3.3875, Validation Loss: 3.3278
Epoch 303/1000, Train Loss: 2.7520, Validation Loss: 3.8962
Epoch 304/1000, Train Loss: 2.6933, Validation Loss: 4.1598
Epoch 305/1000, Train Loss: 2.8245, Validation Loss: 3.4720
Epoch 306/1000, Train Loss: 2.5632, Validation Loss: 3.3350
Epoch 307/1000, Train Loss: 2.6804, Validation Loss: 6.1120
Epoch 308/1000, Train Loss: 2.7781, Validation Loss: 3.1714
Epoch 309/1000, Train Loss: 2.4942, Validation Loss: 3.4139
Epoch 310/1000, Train Loss: 2.3875, Validation Loss: 3.6145
Epoch 311/1000, Train Loss: 2.4858, Validation Loss: 2.5171
Epoch 312/1000, Train Loss: 2.4372, Validation Loss: 3.2037
Epoch 313/1000, Train Loss: 2.4914, Validation Loss: 3.3197
Epoch 314/1000, Train Loss: 2.5248, Validation Loss: 6.0830
Epoch 315/1000, Train Loss: 2.5658, Validation Loss: 2.1052
Epoch 316/1000, Train Loss: 3.0711, Validation Loss: 9.2338
Epoch 317/1000, Train Loss: 2.5859, Validation Loss: 6.7542
Epoch 318/1000, Train Loss: 2.4573, Validation Loss: 5.9734
Epoch 319/1000, Train Loss: 2.6790, Validation Loss: 2.3483
Epoch 320/1000, Train Loss: 2.7328, Validation Loss: 5.0054
Epoch 321/1000, Train Loss: 2.7057, Validation Loss: 3.3773
Epoch 322/1000, Train Loss: 2.5596, Validation Loss: 2.9232
Epoch 323/1000, Train Loss: 4.2190, Validation Loss: 4.0040
Epoch 324/1000, Train Loss: 2.5499, Validation Loss: 2.8583
Epoch 325/1000, Train Loss: 2.4858, Validation Loss: 3.1963
Epoch 326/1000, Train Loss: 13.0797, Validation Loss: 2.6525
Epoch 327/1000, Train Loss: 2.7245, Validation Loss: 3.1613
Epoch 328/1000, Train Loss: 2.2072, Validation Loss: 2.3657
Epoch 329/1000, Train Loss: 499.5285, Validation Loss: 3.6462
Epoch 330/1000, Train Loss: 2.2583, Validation Loss: 5.3372
Epoch 331/1000, Train Loss: 2.4929, Validation Loss: 6.2494
Epoch 332/1000, Train Loss: 3.0443, Validation Loss: 6.9456
Epoch 333/1000, Train Loss: 2.6655, Validation Loss: 2.0535
Epoch 334/1000, Train Loss: 2.7967, Validation Loss: 13.5975
Epoch 335/1000, Train Loss: 2.7361, Validation Loss: 6.1008
Epoch 336/1000, Train Loss: 4.3542, Validation Loss: 6.2973
Epoch 337/1000, Train Loss: 2.9690, Validation Loss: 28.6279
Epoch 338/1000, Train Loss: 2.4741, Validation Loss: 2.4599
Epoch 339/1000, Train Loss: 3.2234, Validation Loss: 4.6296
Epoch 340/1000, Train Loss: 2.3889, Validation Loss: 3.8282
Epoch 341/1000, Train Loss: 4.5113, Validation Loss: 2.3307
Epoch 342/1000, Train Loss: 2.8441, Validation Loss: 6.7926
Epoch 343/1000, Train Loss: 725.0963, Validation Loss: 4.6348
Epoch 344/1000, Train Loss: 4.2336, Validation Loss: 3.6238
Epoch 345/1000, Train Loss: 2.9720, Validation Loss: 4.0474
Epoch 346/1000, Train Loss: 2.7126, Validation Loss: 4.8065
Epoch 347/1000, Train Loss: 2.4060, Validation Loss: 3.7076
Epoch 348/1000, Train Loss: 3275.9700, Validation Loss: 5.7661
Epoch 349/1000, Train Loss: 2.4320, Validation Loss: 2.7571
Epoch 350/1000, Train Loss: 2.4339, Validation Loss: 2.1856
Epoch 351/1000, Train Loss: 2.4667, Validation Loss: 2.4251
Epoch 352/1000, Train Loss: 2.8548, Validation Loss: 7.6422
Epoch 353/1000, Train Loss: 2.6660, Validation Loss: 2.0541
Epoch 354/1000, Train Loss: 2.5501, Validation Loss: 10.5529
Epoch 355/1000, Train Loss: 2.3155, Validation Loss: 6.2646
Epoch 356/1000, Train Loss: 2.6997, Validation Loss: 5.6662
Epoch 357/1000, Train Loss: 2.2032, Validation Loss: 5.7536
Epoch 358/1000, Train Loss: 2.4001, Validation Loss: 14.0910
Epoch 359/1000, Train Loss: 2.3941, Validation Loss: 3.6246
Epoch 360/1000, Train Loss: 2.2388, Validation Loss: 3.0721
Epoch 361/1000, Train Loss: 2.1198, Validation Loss: 3.6743
Epoch 362/1000, Train Loss: 2.1115, Validation Loss: 3.2399
Epoch 363/1000, Train Loss: 1.7863, Validation Loss: 5.3779
Epoch 364/1000, Train Loss: 3.5640, Validation Loss: 4.0174
Epoch 365/1000, Train Loss: 3.7793, Validation Loss: 2.4480
Epoch 366/1000, Train Loss: 2.5187, Validation Loss: 1.9201
Epoch 367/1000, Train Loss: 3.3011, Validation Loss: 2.7248
Epoch 368/1000, Train Loss: 2.2496, Validation Loss: 4.3417
Epoch 369/1000, Train Loss: 2.0387, Validation Loss: 3.4359
Epoch 370/1000, Train Loss: 1.8369, Validation Loss: 1.8154
Epoch 371/1000, Train Loss: 1.7574, Validation Loss: 6.3019
Epoch 372/1000, Train Loss: 1.8601, Validation Loss: 6.2422
Epoch 373/1000, Train Loss: 1.7409, Validation Loss: 2.1456
Epoch 374/1000, Train Loss: 4.9841, Validation Loss: 2.2186
Epoch 375/1000, Train Loss: 2.4552, Validation Loss: 6.1505
Epoch 376/1000, Train Loss: 35.5297, Validation Loss: 6.4091
Epoch 377/1000, Train Loss: 1554.5324, Validation Loss: 6.9231
Epoch 378/1000, Train Loss: 3468.9392, Validation Loss: 6.0697
Epoch 379/1000, Train Loss: 22.3600, Validation Loss: 6.1192
Epoch 380/1000, Train Loss: 6.7719, Validation Loss: 6.0753
Epoch 381/1000, Train Loss: 6.2252, Validation Loss: 6.2233
Epoch 382/1000, Train Loss: 14.0128, Validation Loss: 6.1605
Epoch 383/1000, Train Loss: 6.8645, Validation Loss: 6.0687
Epoch 384/1000, Train Loss: 15.5703, Validation Loss: 6.1153
Epoch 385/1000, Train Loss: 6.8647, Validation Loss: 6.3904
Epoch 386/1000, Train Loss: 13.3365, Validation Loss: 2.4927
Epoch 387/1000, Train Loss: 3.2229, Validation Loss: 2.6595
Epoch 388/1000, Train Loss: 3090.3441, Validation Loss: 3.0157
Epoch 389/1000, Train Loss: 3.1801, Validation Loss: 2.6887
Epoch 390/1000, Train Loss: 4.0659, Validation Loss: 2.2753
Epoch 391/1000, Train Loss: 3.1698, Validation Loss: 2.8868
Epoch 392/1000, Train Loss: 3.1512, Validation Loss: 2.6229
Epoch 393/1000, Train Loss: 5.8916, Validation Loss: 3.2320
Epoch 394/1000, Train Loss: 3.1069, Validation Loss: 2.6304
Epoch 395/1000, Train Loss: 3.1837, Validation Loss: 2.8190
Epoch 396/1000, Train Loss: 3.0401, Validation Loss: 4.6910
Epoch 397/1000, Train Loss: 2.8811, Validation Loss: 4.0652
Epoch 398/1000, Train Loss: 7.5479, Validation Loss: 3.2256
Epoch 399/1000, Train Loss: 3.1406, Validation Loss: 5.5446
Epoch 400/1000, Train Loss: 2.6375, Validation Loss: 4.4930
Epoch 401/1000, Train Loss: 2.9613, Validation Loss: 5.9530
Epoch 402/1000, Train Loss: 3.5049, Validation Loss: 4.4881
Epoch 403/1000, Train Loss: 2.6114, Validation Loss: 3.8814
Epoch 404/1000, Train Loss: 4.2715, Validation Loss: 3.2545
Epoch 405/1000, Train Loss: 2.4068, Validation Loss: 4.8178
Epoch 406/1000, Train Loss: 2.5271, Validation Loss: 2.3064
Epoch 407/1000, Train Loss: 2.6621, Validation Loss: 2.9429
Epoch 408/1000, Train Loss: 11.8238, Validation Loss: 6.1149
Epoch 409/1000, Train Loss: 5547.5034, Validation Loss: 6.1941
Epoch 410/1000, Train Loss: 6.3108, Validation Loss: 6.0696
Epoch 411/1000, Train Loss: 6.2472, Validation Loss: 6.5434
Epoch 412/1000, Train Loss: 34459.1393, Validation Loss: 6.4672
Epoch 413/1000, Train Loss: 9.0536, Validation Loss: 6.1947
Epoch 414/1000, Train Loss: 7.4449, Validation Loss: 6.0932
Epoch 415/1000, Train Loss: 21.9693, Validation Loss: 6.0687
Epoch 416/1000, Train Loss: 6.9315, Validation Loss: 6.2152
Epoch 417/1000, Train Loss: 6.2771, Validation Loss: 6.0720
Epoch 418/1000, Train Loss: 6.6235, Validation Loss: 6.0950
Epoch 419/1000, Train Loss: 11.6956, Validation Loss: 6.3607
Epoch 420/1000, Train Loss: 7.1935, Validation Loss: 6.1379
Epoch 421/1000, Train Loss: 39.2070, Validation Loss: 8.5012
[1;34mwandb[0m: 
[1;34mwandb[0m: 🚀 View run [33miconic-sweep-18[0m at: [34mhttps://wandb.ai/mk8737-new-york-university/rl_pretrain_hp_sweeps/runs/wbxtg325[0m
[1;34mwandb[0m: Find logs at: [1;35mwandb/run-20251126_011608-wbxtg325/logs[0m
Agent finished.
