Waiting for sweep ID...
Found Sweep ID: o2yj2zlq
Starting wandb agent for sweep o2yj2zlq...
TRAINING DEVICE: cpu
Run Name: GCN_sag_hp_sweep_sag_o2yj2zlq-wkdhqwpn
finidhed preparing data
Loading dataset from pretrain_dataset_12.5k_fixed_duplicates.pkl
Loaded 412712 data objects.
finished preparing data
Epoch 1/1000, Train Loss: 4.1509, Validation Loss: 3.4341
Epoch 2/1000, Train Loss: 2.2680, Validation Loss: 1.8118
Epoch 3/1000, Train Loss: 2.0543, Validation Loss: 8.2950
Epoch 4/1000, Train Loss: 1.9907, Validation Loss: 1.6216
Epoch 5/1000, Train Loss: 1.7913, Validation Loss: 1.6028
Epoch 6/1000, Train Loss: 1.6944, Validation Loss: 1.9964
Epoch 7/1000, Train Loss: 1.7377, Validation Loss: 2.2299
Epoch 8/1000, Train Loss: 1.7576, Validation Loss: 3.2073
Epoch 9/1000, Train Loss: 1.9872, Validation Loss: 2.4366
Epoch 10/1000, Train Loss: 1.7989, Validation Loss: 2.0281
Epoch 11/1000, Train Loss: 2.2228, Validation Loss: 1.9781
Epoch 12/1000, Train Loss: 1.7513, Validation Loss: 1.3197
Epoch 13/1000, Train Loss: 2.0017, Validation Loss: 1.5682
Epoch 14/1000, Train Loss: 1.6803, Validation Loss: 15.6909
Epoch 15/1000, Train Loss: 1.7898, Validation Loss: 2.6260
Epoch 16/1000, Train Loss: 1.6438, Validation Loss: 1.8808
Epoch 17/1000, Train Loss: 1.5495, Validation Loss: 1.6238
Epoch 18/1000, Train Loss: 1.3974, Validation Loss: 2.1132
Epoch 19/1000, Train Loss: 1.6969, Validation Loss: 1.9355
Epoch 20/1000, Train Loss: 1.7293, Validation Loss: 3.0057
Epoch 21/1000, Train Loss: 1.7816, Validation Loss: 3.2067
Epoch 22/1000, Train Loss: 1.6007, Validation Loss: 3.7136
Epoch 23/1000, Train Loss: 1.5435, Validation Loss: 1.2001
Epoch 24/1000, Train Loss: 1.6528, Validation Loss: 7.8526
Epoch 25/1000, Train Loss: 1.4780, Validation Loss: 2.4936
Epoch 26/1000, Train Loss: 1.4868, Validation Loss: 4.5182
Epoch 27/1000, Train Loss: 3.8966, Validation Loss: 1.7025
Epoch 28/1000, Train Loss: 1.5529, Validation Loss: 5.0583
Epoch 29/1000, Train Loss: 1.4717, Validation Loss: 2.9331
Epoch 30/1000, Train Loss: 1.4771, Validation Loss: 1.5222
Epoch 31/1000, Train Loss: 1.4685, Validation Loss: 2.8190
Epoch 32/1000, Train Loss: 1.7097, Validation Loss: 9.0584
Epoch 33/1000, Train Loss: 1.7924, Validation Loss: 1.2913
Epoch 34/1000, Train Loss: 1.5111, Validation Loss: 10.1249
Epoch 35/1000, Train Loss: 1.5976, Validation Loss: 3.4599
Epoch 36/1000, Train Loss: 4.7603, Validation Loss: 2.2769
Epoch 37/1000, Train Loss: 1.6138, Validation Loss: 4.4848
Epoch 38/1000, Train Loss: 1.5172, Validation Loss: 3.0725
Epoch 39/1000, Train Loss: 1.5613, Validation Loss: 2.2798
Epoch 40/1000, Train Loss: 1.5007, Validation Loss: 2.1937
Epoch 41/1000, Train Loss: 1.4416, Validation Loss: 2.3770
Epoch 42/1000, Train Loss: 1.3635, Validation Loss: 2.9707
Epoch 43/1000, Train Loss: 1.4326, Validation Loss: 1.1479
Epoch 44/1000, Train Loss: 1.4774, Validation Loss: 1.1889
Epoch 45/1000, Train Loss: 1.3540, Validation Loss: 2.5708
Epoch 46/1000, Train Loss: 1.6032, Validation Loss: 19.1611
Epoch 47/1000, Train Loss: 1.3371, Validation Loss: 2.8333
Epoch 48/1000, Train Loss: 2.2135, Validation Loss: 1.8272
Epoch 49/1000, Train Loss: 1.3307, Validation Loss: 2.5245
Epoch 50/1000, Train Loss: 1.3370, Validation Loss: 1.7994
Epoch 51/1000, Train Loss: 1.3868, Validation Loss: 2.2038
Epoch 52/1000, Train Loss: 1.5149, Validation Loss: 1.0124
Epoch 53/1000, Train Loss: 1.3457, Validation Loss: 3.0619
Epoch 54/1000, Train Loss: 1.2727, Validation Loss: 1.2240
Epoch 55/1000, Train Loss: 1.5066, Validation Loss: 2.3787
Epoch 56/1000, Train Loss: 1.3563, Validation Loss: 1.1497
Epoch 57/1000, Train Loss: 1.3068, Validation Loss: 3.5683
Epoch 58/1000, Train Loss: 1.3757, Validation Loss: 2.2920
Epoch 59/1000, Train Loss: 1.3147, Validation Loss: 2.0601
Epoch 60/1000, Train Loss: 1.2905, Validation Loss: 3.3686
Epoch 61/1000, Train Loss: 1.6871, Validation Loss: 2.3489
Epoch 62/1000, Train Loss: 1.3188, Validation Loss: 3.8748
Epoch 63/1000, Train Loss: 1.7205, Validation Loss: 4.7322
Epoch 64/1000, Train Loss: 1.7945, Validation Loss: 2.3300
Epoch 65/1000, Train Loss: 2.3284, Validation Loss: 1.9054
Epoch 66/1000, Train Loss: 1.4795, Validation Loss: 67.6429
Epoch 67/1000, Train Loss: 1.5015, Validation Loss: 1.9830
Epoch 68/1000, Train Loss: 2.7194, Validation Loss: 4.2766
Epoch 69/1000, Train Loss: 1.3957, Validation Loss: 3.7213
Epoch 70/1000, Train Loss: 1.4143, Validation Loss: 4.9601
Epoch 71/1000, Train Loss: 1.7948, Validation Loss: 2.6171
Epoch 72/1000, Train Loss: 12.3631, Validation Loss: 3.2100
Epoch 73/1000, Train Loss: 1.4667, Validation Loss: 1.0705
Epoch 74/1000, Train Loss: 1.6410, Validation Loss: 2.9803
Epoch 75/1000, Train Loss: 1.4291, Validation Loss: 4.8813
Epoch 76/1000, Train Loss: 1.4093, Validation Loss: 4.3826
Epoch 77/1000, Train Loss: 1.5683, Validation Loss: 2.9892
Epoch 78/1000, Train Loss: 1.3632, Validation Loss: 2.1861
Epoch 79/1000, Train Loss: 1.2501, Validation Loss: 2.5395
Epoch 80/1000, Train Loss: 1.9466, Validation Loss: 1.5811
Epoch 81/1000, Train Loss: 1.3448, Validation Loss: 1.6718
Epoch 82/1000, Train Loss: 2.2909, Validation Loss: 2.5750
Epoch 83/1000, Train Loss: 1.5361, Validation Loss: 1.4402
Epoch 84/1000, Train Loss: 1.3460, Validation Loss: 1.5122
Epoch 85/1000, Train Loss: 1.3070, Validation Loss: 1.4287
Epoch 86/1000, Train Loss: 1.7187, Validation Loss: 2.2872
Epoch 87/1000, Train Loss: 1.3610, Validation Loss: 1.4329
Epoch 88/1000, Train Loss: 1.4242, Validation Loss: 8.5308
Epoch 89/1000, Train Loss: 1.3754, Validation Loss: 2.8906
Epoch 90/1000, Train Loss: 1.3319, Validation Loss: 6.6789
Epoch 91/1000, Train Loss: 1.3166, Validation Loss: 2.0622
Epoch 92/1000, Train Loss: 18.2808, Validation Loss: 8.6228
Epoch 93/1000, Train Loss: 1.5660, Validation Loss: 3.4620
Epoch 94/1000, Train Loss: 1.3142, Validation Loss: 1.2879
Epoch 95/1000, Train Loss: 1.4325, Validation Loss: 3.0275
Epoch 96/1000, Train Loss: 1.5194, Validation Loss: 16.2867
Epoch 97/1000, Train Loss: 1.3911, Validation Loss: 2.2115
Epoch 98/1000, Train Loss: 57.9312, Validation Loss: 3.9133
Epoch 99/1000, Train Loss: 1.3882, Validation Loss: 3.7813
Epoch 100/1000, Train Loss: 1.3683, Validation Loss: 2.9759
Epoch 101/1000, Train Loss: 1.4040, Validation Loss: 1.2493
Epoch 102/1000, Train Loss: 1.3305, Validation Loss: 1.8913
Epoch 103/1000, Train Loss: 1.3622, Validation Loss: 2.5279
Epoch 104/1000, Train Loss: 1.2892, Validation Loss: 1.4923
Epoch 105/1000, Train Loss: 1.2986, Validation Loss: 1.0748
Epoch 106/1000, Train Loss: 1.1976, Validation Loss: 2.5659
Epoch 107/1000, Train Loss: 1.3280, Validation Loss: 1.4551
Epoch 108/1000, Train Loss: 1.2300, Validation Loss: 8.5502
Epoch 109/1000, Train Loss: 1.2633, Validation Loss: 2.9160
Epoch 110/1000, Train Loss: 1.1981, Validation Loss: 1.2309
Epoch 111/1000, Train Loss: 1.2079, Validation Loss: 1.8877
Epoch 112/1000, Train Loss: 1.4517, Validation Loss: 1.3325
Epoch 113/1000, Train Loss: 1.5024, Validation Loss: 6.8475
Epoch 114/1000, Train Loss: 1.3780, Validation Loss: 2.3696
Epoch 115/1000, Train Loss: 1.4287, Validation Loss: 2.9147
Epoch 116/1000, Train Loss: 1.3303, Validation Loss: 1.3677
Epoch 117/1000, Train Loss: 1.3968, Validation Loss: 2.4687
Epoch 118/1000, Train Loss: 1.4695, Validation Loss: 4.8961
Epoch 119/1000, Train Loss: 1.7082, Validation Loss: 3.2188
Epoch 120/1000, Train Loss: 1.5651, Validation Loss: 3.9308
Epoch 121/1000, Train Loss: 1.6123, Validation Loss: 2.0093
Epoch 122/1000, Train Loss: 1.3449, Validation Loss: 1.5491
Epoch 123/1000, Train Loss: 1.4365, Validation Loss: 4.8461
Epoch 124/1000, Train Loss: 1.2917, Validation Loss: 1.5327
Epoch 125/1000, Train Loss: 1.2174, Validation Loss: 0.9391
Epoch 126/1000, Train Loss: 1.3081, Validation Loss: 1.7126
Epoch 127/1000, Train Loss: 1.3410, Validation Loss: 1.1657
Epoch 128/1000, Train Loss: 1.2573, Validation Loss: 1.0601
Epoch 129/1000, Train Loss: 1.2232, Validation Loss: 1.9073
Epoch 130/1000, Train Loss: 1.3267, Validation Loss: 5.0771
Epoch 131/1000, Train Loss: 1.3542, Validation Loss: 2.5164
Epoch 132/1000, Train Loss: 1.3828, Validation Loss: 1.2873
Epoch 133/1000, Train Loss: 1.3528, Validation Loss: 3.7235
Epoch 134/1000, Train Loss: 739.0140, Validation Loss: 1.8006
Epoch 135/1000, Train Loss: 1.3155, Validation Loss: 5.4777
Epoch 136/1000, Train Loss: 1.4524, Validation Loss: 3.3321
Epoch 137/1000, Train Loss: 1.3145, Validation Loss: 11.1048
Epoch 138/1000, Train Loss: 1.3003, Validation Loss: 1.9811
Epoch 139/1000, Train Loss: 2.6799, Validation Loss: 2.5204
Epoch 140/1000, Train Loss: 1.4199, Validation Loss: 1.1580
Epoch 141/1000, Train Loss: 1.3601, Validation Loss: 1.5826
Epoch 142/1000, Train Loss: 1.4160, Validation Loss: 7.2604
Epoch 143/1000, Train Loss: 23.6877, Validation Loss: 4.3311
Epoch 144/1000, Train Loss: 1.3182, Validation Loss: 3.2786
Epoch 145/1000, Train Loss: 1.4114, Validation Loss: 1.9985
Epoch 146/1000, Train Loss: 1.1632, Validation Loss: 3.1807
Epoch 147/1000, Train Loss: 1.3035, Validation Loss: 3.6264
Epoch 148/1000, Train Loss: 1.2475, Validation Loss: 5.6930
Epoch 149/1000, Train Loss: 1.2203, Validation Loss: 1.8998
Epoch 150/1000, Train Loss: 1.1695, Validation Loss: 1.8661
Epoch 151/1000, Train Loss: 1.1932, Validation Loss: 3.3078
Epoch 152/1000, Train Loss: 3.8238, Validation Loss: 1.6582
Epoch 153/1000, Train Loss: 1.1794, Validation Loss: 3.6981
Epoch 154/1000, Train Loss: 1.3497, Validation Loss: 7.5170
Epoch 155/1000, Train Loss: 1.1971, Validation Loss: 3.0965
Epoch 156/1000, Train Loss: 1.2979, Validation Loss: 2.5326
Epoch 157/1000, Train Loss: 1.8294, Validation Loss: 1.2210
Epoch 158/1000, Train Loss: 1.2665, Validation Loss: 5.7240
Epoch 159/1000, Train Loss: 1.2540, Validation Loss: 2.3173
Epoch 160/1000, Train Loss: 1.2778, Validation Loss: 4.5407
Epoch 161/1000, Train Loss: 1.2817, Validation Loss: 1.5842
Epoch 162/1000, Train Loss: 1.2913, Validation Loss: 1.3740
Epoch 163/1000, Train Loss: 1.2411, Validation Loss: 1.6989
Epoch 164/1000, Train Loss: 1.9378, Validation Loss: 1.1299
Epoch 165/1000, Train Loss: 1.4176, Validation Loss: 1.5615
Epoch 166/1000, Train Loss: 1.2716, Validation Loss: 3.3440
Epoch 167/1000, Train Loss: 1.4260, Validation Loss: 2.9417
Epoch 168/1000, Train Loss: 1.2511, Validation Loss: 18.7117
Epoch 169/1000, Train Loss: 1.5755, Validation Loss: 2.7364
Epoch 170/1000, Train Loss: 2.5461, Validation Loss: 2.6647
Epoch 171/1000, Train Loss: 1.4041, Validation Loss: 2.2030
Epoch 172/1000, Train Loss: 3.3984, Validation Loss: 1.8688
Epoch 173/1000, Train Loss: 1.2271, Validation Loss: 6.0796
Epoch 174/1000, Train Loss: 1.2471, Validation Loss: 3.7637
Epoch 175/1000, Train Loss: 1.4440, Validation Loss: 2.7479
Epoch 176/1000, Train Loss: 1.8936, Validation Loss: 1.5257
Epoch 177/1000, Train Loss: 1.2685, Validation Loss: 1.9890
Epoch 178/1000, Train Loss: 1.4045, Validation Loss: 2.0973
Epoch 179/1000, Train Loss: 1.2501, Validation Loss: 1.1982
Epoch 180/1000, Train Loss: 1.3126, Validation Loss: 2.1172
Epoch 181/1000, Train Loss: 7.0369, Validation Loss: 2.5338
Epoch 182/1000, Train Loss: 1.3308, Validation Loss: 6.1215
Epoch 183/1000, Train Loss: 1.2748, Validation Loss: 1.3429
Epoch 184/1000, Train Loss: 1.4301, Validation Loss: 5.9817
Epoch 185/1000, Train Loss: 1.2751, Validation Loss: 2.7242
Epoch 186/1000, Train Loss: 1.3287, Validation Loss: 1.2746
Epoch 187/1000, Train Loss: 1.2230, Validation Loss: 1.4008
Epoch 188/1000, Train Loss: 1.2338, Validation Loss: 9.1401
Epoch 189/1000, Train Loss: 1.2026, Validation Loss: 3.0836
Epoch 190/1000, Train Loss: 14.1533, Validation Loss: 5.3220
Epoch 191/1000, Train Loss: 1.3335, Validation Loss: 6.5868
Epoch 192/1000, Train Loss: 157.7620, Validation Loss: 1.8263
Epoch 193/1000, Train Loss: 1.3297, Validation Loss: 5.5868
Epoch 194/1000, Train Loss: 1.2635, Validation Loss: 4.3092
Epoch 195/1000, Train Loss: 4.2408, Validation Loss: 1.5229
Epoch 196/1000, Train Loss: 1.2621, Validation Loss: 4.4612
Epoch 197/1000, Train Loss: 1.3508, Validation Loss: 2.5943
Epoch 198/1000, Train Loss: 54.2073, Validation Loss: 3.5961
Epoch 199/1000, Train Loss: 1.4019, Validation Loss: 12.4750
Epoch 200/1000, Train Loss: 1.1585, Validation Loss: 3.5954
Epoch 201/1000, Train Loss: 1.2394, Validation Loss: 4.3433
Epoch 202/1000, Train Loss: 1.9555, Validation Loss: 3.8132
Epoch 203/1000, Train Loss: 19.9260, Validation Loss: 1.8875
Epoch 204/1000, Train Loss: 1.3474, Validation Loss: 1.8718
Epoch 205/1000, Train Loss: 10.6217, Validation Loss: 1.8554
Epoch 206/1000, Train Loss: 1.2662, Validation Loss: 0.9598
Epoch 207/1000, Train Loss: 1.3540, Validation Loss: 1.7305
Epoch 208/1000, Train Loss: 1.2813, Validation Loss: 1.2582
Epoch 209/1000, Train Loss: 8.6106, Validation Loss: 4.6088
Epoch 210/1000, Train Loss: 1.3090, Validation Loss: 11.1336
Epoch 211/1000, Train Loss: 3.4425, Validation Loss: 2.7276
Epoch 212/1000, Train Loss: 1.2058, Validation Loss: 1.1223
Epoch 213/1000, Train Loss: 1.1926, Validation Loss: 6.6583
Epoch 214/1000, Train Loss: 1.2237, Validation Loss: 1.6977
Epoch 215/1000, Train Loss: 2.5525, Validation Loss: 3.7550
Epoch 216/1000, Train Loss: 1.3680, Validation Loss: 5.4568
Epoch 217/1000, Train Loss: 6.1592, Validation Loss: 35.6890
Epoch 218/1000, Train Loss: 1.4182, Validation Loss: 2.4968
Epoch 219/1000, Train Loss: 1.3667, Validation Loss: 3.1201
Epoch 220/1000, Train Loss: 1.3077, Validation Loss: 2.1089
Epoch 221/1000, Train Loss: 1.2764, Validation Loss: 7.4681
Epoch 222/1000, Train Loss: 1.5520, Validation Loss: 1.7246
Epoch 223/1000, Train Loss: 1.3030, Validation Loss: 5.5564
Epoch 224/1000, Train Loss: 1.2953, Validation Loss: 3.8727
Epoch 225/1000, Train Loss: 69.4259, Validation Loss: 2.4240
Epoch 226/1000, Train Loss: 1.4963, Validation Loss: 1.7366
Epoch 227/1000, Train Loss: 1.3492, Validation Loss: 1.7427
Epoch 228/1000, Train Loss: 2.0516, Validation Loss: 3.0176
Epoch 229/1000, Train Loss: 1.4718, Validation Loss: 4.6347
Epoch 230/1000, Train Loss: 1.2638, Validation Loss: 2.1390
Epoch 231/1000, Train Loss: 1.2629, Validation Loss: 2.0295
Epoch 232/1000, Train Loss: 1.5139, Validation Loss: 4.5141
Epoch 233/1000, Train Loss: 1.4181, Validation Loss: 2.4544
Epoch 234/1000, Train Loss: 1.6540, Validation Loss: 4.0251
Epoch 235/1000, Train Loss: 1.4495, Validation Loss: 2.9918
Epoch 236/1000, Train Loss: 1.2696, Validation Loss: 2.3732
Epoch 237/1000, Train Loss: 1.2819, Validation Loss: 5.6712
Epoch 238/1000, Train Loss: 1.9724, Validation Loss: 2.8142
Epoch 239/1000, Train Loss: 2.0362, Validation Loss: 2.0128
Epoch 240/1000, Train Loss: 1.3249, Validation Loss: 1.0504
Epoch 241/1000, Train Loss: 48.8870, Validation Loss: 3.5404
Epoch 242/1000, Train Loss: 4.2765, Validation Loss: 5.5640
Epoch 243/1000, Train Loss: 1.3081, Validation Loss: 1.5856
Epoch 244/1000, Train Loss: 1.3585, Validation Loss: 3.5159
Epoch 245/1000, Train Loss: 1.5112, Validation Loss: 5.8951
Epoch 246/1000, Train Loss: 1.3230, Validation Loss: 1.4604
Epoch 247/1000, Train Loss: 1.2870, Validation Loss: 4.8022
Epoch 248/1000, Train Loss: 2.7385, Validation Loss: 7.0785
Epoch 249/1000, Train Loss: 1.2779, Validation Loss: 7.6214
Epoch 250/1000, Train Loss: 1.4980, Validation Loss: 5.1291
Epoch 251/1000, Train Loss: 1.0392, Validation Loss: 1.4176
Epoch 252/1000, Train Loss: 1.0023, Validation Loss: 0.9398
Epoch 253/1000, Train Loss: 1.1926, Validation Loss: 3.1637
Epoch 254/1000, Train Loss: 1.0867, Validation Loss: 1.2690
Epoch 255/1000, Train Loss: 1.1664, Validation Loss: 2.4509
Epoch 256/1000, Train Loss: 1.0506, Validation Loss: 3.7868
Epoch 257/1000, Train Loss: 1.4243, Validation Loss: 5.1240
Epoch 258/1000, Train Loss: 1.2377, Validation Loss: 2.2596
Epoch 259/1000, Train Loss: 1.2041, Validation Loss: 4.9719
Epoch 260/1000, Train Loss: 8.4388, Validation Loss: 2.3242
Epoch 261/1000, Train Loss: 1.8052, Validation Loss: 1.6913
Epoch 262/1000, Train Loss: 1.3242, Validation Loss: 1.3824
Epoch 263/1000, Train Loss: 1.2107, Validation Loss: 2.6058
Epoch 264/1000, Train Loss: 2.6797, Validation Loss: 5.2406
Epoch 265/1000, Train Loss: 1.3044, Validation Loss: 3.2057
Epoch 266/1000, Train Loss: 1.2354, Validation Loss: 4.0167
Epoch 267/1000, Train Loss: 1.4081, Validation Loss: 4.6296
Epoch 268/1000, Train Loss: 1.4561, Validation Loss: 1.4348
Epoch 269/1000, Train Loss: 1.2427, Validation Loss: 2.2036
Epoch 270/1000, Train Loss: 1.2666, Validation Loss: 2.1511
Epoch 271/1000, Train Loss: 1.2760, Validation Loss: 1.3878
Epoch 272/1000, Train Loss: 2.2773, Validation Loss: 457.3565
Epoch 273/1000, Train Loss: 1.2186, Validation Loss: 3.8548
Epoch 274/1000, Train Loss: 1.2138, Validation Loss: 2.1324
Epoch 275/1000, Train Loss: 1.1262, Validation Loss: 1.9017
Epoch 276/1000, Train Loss: 16.1262, Validation Loss: 1.2127
Epoch 277/1000, Train Loss: 1.1933, Validation Loss: 5.7715
Epoch 278/1000, Train Loss: 1.7088, Validation Loss: 5.1977
Epoch 279/1000, Train Loss: 2.9655, Validation Loss: 1.6372
Epoch 280/1000, Train Loss: 1.1747, Validation Loss: 1.0161
Epoch 281/1000, Train Loss: 1.1688, Validation Loss: 1.0387
Epoch 282/1000, Train Loss: 2.9955, Validation Loss: 4.3424
Epoch 283/1000, Train Loss: 1.2892, Validation Loss: 2.7666
Epoch 284/1000, Train Loss: 3.1917, Validation Loss: 4.9881
Epoch 285/1000, Train Loss: 1.4679, Validation Loss: 2.2981
Epoch 286/1000, Train Loss: 2.1905, Validation Loss: 2.3576
Epoch 287/1000, Train Loss: 1.4379, Validation Loss: 1.1738
Epoch 288/1000, Train Loss: 1.2400, Validation Loss: 9.0574
Epoch 289/1000, Train Loss: 1.3064, Validation Loss: 1.1198
Epoch 290/1000, Train Loss: 1.0262, Validation Loss: 1.9464
Epoch 291/1000, Train Loss: 1.0046, Validation Loss: 1.3065
Epoch 292/1000, Train Loss: 1.2832, Validation Loss: 1.1908
Epoch 293/1000, Train Loss: 0.9707, Validation Loss: 1.6719
Epoch 294/1000, Train Loss: 3.7128, Validation Loss: 5.3375
Epoch 295/1000, Train Loss: 0.9881, Validation Loss: 20.4863
Epoch 296/1000, Train Loss: 0.9270, Validation Loss: 3.2390
Epoch 297/1000, Train Loss: 0.8813, Validation Loss: 2.0466
Epoch 298/1000, Train Loss: 1.2914, Validation Loss: 3.3435
Epoch 299/1000, Train Loss: 0.9370, Validation Loss: 1.2988
Epoch 300/1000, Train Loss: 0.8990, Validation Loss: 2.4958
Epoch 301/1000, Train Loss: 0.9038, Validation Loss: 1.4020
Epoch 302/1000, Train Loss: 0.8734, Validation Loss: 9.6345
Epoch 303/1000, Train Loss: 1.9948, Validation Loss: 7.1780
Epoch 304/1000, Train Loss: 10.3186, Validation Loss: 4.8066
Epoch 305/1000, Train Loss: 1.2742, Validation Loss: 5.9488
Epoch 306/1000, Train Loss: 1.1329, Validation Loss: 1.1422
Epoch 307/1000, Train Loss: 1.1445, Validation Loss: 2.8880
Epoch 308/1000, Train Loss: 1.2966, Validation Loss: 3.0272
Epoch 309/1000, Train Loss: 1.1477, Validation Loss: 3.2725
Epoch 310/1000, Train Loss: 1.1698, Validation Loss: 411.3959
Epoch 311/1000, Train Loss: 3.6762, Validation Loss: 4.2096
Epoch 312/1000, Train Loss: 1.1059, Validation Loss: 1.0151
Epoch 313/1000, Train Loss: 1.3291, Validation Loss: 3.2287
Epoch 314/1000, Train Loss: 1.3631, Validation Loss: 2.9345
Epoch 315/1000, Train Loss: 1.1557, Validation Loss: 5.2498
Epoch 316/1000, Train Loss: 2.2959, Validation Loss: 2.8380
Epoch 317/1000, Train Loss: 1.2189, Validation Loss: 3.7514
Epoch 318/1000, Train Loss: 1.2219, Validation Loss: 2.1976
Epoch 319/1000, Train Loss: 949.8060, Validation Loss: 2.2569
Epoch 320/1000, Train Loss: 1.1837, Validation Loss: 1.2138
Epoch 321/1000, Train Loss: 3.5189, Validation Loss: 1.8383
Epoch 322/1000, Train Loss: 1.2494, Validation Loss: 3.3912
Epoch 323/1000, Train Loss: 2.3693, Validation Loss: 2.8314
Epoch 324/1000, Train Loss: 1.3124, Validation Loss: 575.3127
Epoch 325/1000, Train Loss: 1.3201, Validation Loss: 122.7613
Epoch 326/1000, Train Loss: 1.2686, Validation Loss: 5.7484
Epoch 327/1000, Train Loss: 167445.5441, Validation Loss: 6.0573
Epoch 328/1000, Train Loss: 5.4241, Validation Loss: 6.3608
Epoch 329/1000, Train Loss: 6.1262, Validation Loss: 6.0885
Epoch 330/1000, Train Loss: 2.9450, Validation Loss: 1.5833
Epoch 331/1000, Train Loss: 1.4587, Validation Loss: 2.9378
Epoch 332/1000, Train Loss: 1.3467, Validation Loss: 3.0270
Epoch 333/1000, Train Loss: 1.2528, Validation Loss: 3.8143
Epoch 334/1000, Train Loss: 1.2000, Validation Loss: 1.9199
Epoch 335/1000, Train Loss: 3.2895, Validation Loss: 1.0495
Epoch 336/1000, Train Loss: 1.5767, Validation Loss: 4.8931
Epoch 337/1000, Train Loss: 1.3328, Validation Loss: 4.2868
Epoch 338/1000, Train Loss: 1.4483, Validation Loss: 1.8299
Epoch 339/1000, Train Loss: 1.3137, Validation Loss: 31.9981
Epoch 340/1000, Train Loss: 1.2381, Validation Loss: 0.9444
Epoch 341/1000, Train Loss: 1.3387, Validation Loss: 1.6333
Epoch 342/1000, Train Loss: 1.3835, Validation Loss: 2.1856
Epoch 343/1000, Train Loss: 2.8139, Validation Loss: 1.5227
Epoch 344/1000, Train Loss: 1.1974, Validation Loss: 1.9406
Epoch 345/1000, Train Loss: 1.1936, Validation Loss: 3.0204
Epoch 346/1000, Train Loss: 1.1908, Validation Loss: 2.5895
Epoch 347/1000, Train Loss: 1.2061, Validation Loss: 1.3465
Epoch 348/1000, Train Loss: 2.4082, Validation Loss: 1.8611
Epoch 349/1000, Train Loss: 1.2551, Validation Loss: 4.4062
Epoch 350/1000, Train Loss: 1.3213, Validation Loss: 18.0774
Epoch 351/1000, Train Loss: 1.4585, Validation Loss: 2.6079
Epoch 352/1000, Train Loss: 1.4533, Validation Loss: 1.9312
Epoch 353/1000, Train Loss: 1.4380, Validation Loss: 1.5638
Epoch 354/1000, Train Loss: 1.2373, Validation Loss: 2.0560
Epoch 355/1000, Train Loss: 1.1383, Validation Loss: 1.3034
Epoch 356/1000, Train Loss: 1.2370, Validation Loss: 1.6149
Epoch 357/1000, Train Loss: 1.2450, Validation Loss: 1.7613
Epoch 358/1000, Train Loss: 1.2317, Validation Loss: 4.7734
Epoch 359/1000, Train Loss: 1.1956, Validation Loss: 4.0898
Epoch 360/1000, Train Loss: 2.1114, Validation Loss: 5.3906
Epoch 361/1000, Train Loss: 44.1034, Validation Loss: 1.7195
Epoch 362/1000, Train Loss: 1.2510, Validation Loss: 1.5325
Epoch 363/1000, Train Loss: 1.3557, Validation Loss: 1.7437
Epoch 364/1000, Train Loss: 15.1419, Validation Loss: 1.2832
Epoch 365/1000, Train Loss: 1.2055, Validation Loss: 4.5778
Epoch 366/1000, Train Loss: 1.4456, Validation Loss: 12.4896
Epoch 367/1000, Train Loss: 5.0147, Validation Loss: 4.5363
Epoch 368/1000, Train Loss: 1.4506, Validation Loss: 3.9784
Epoch 369/1000, Train Loss: 1.2798, Validation Loss: 2.0469
Epoch 370/1000, Train Loss: 1.1815, Validation Loss: 5.8499
Epoch 371/1000, Train Loss: 1.4561, Validation Loss: 6380.2321
Epoch 372/1000, Train Loss: 1.3804, Validation Loss: 1.8000
Epoch 373/1000, Train Loss: 1.2509, Validation Loss: 1.8911
Epoch 374/1000, Train Loss: 1.5770, Validation Loss: 1.2785
Epoch 375/1000, Train Loss: 1.2781, Validation Loss: 7.8337
Epoch 376/1000, Train Loss: 1.2388, Validation Loss: 5.1649
Epoch 377/1000, Train Loss: 8.9835, Validation Loss: 4.2615
Epoch 378/1000, Train Loss: 3.3341, Validation Loss: 2.2594
Epoch 379/1000, Train Loss: 1.2503, Validation Loss: 2.2562
Epoch 380/1000, Train Loss: 1.2665, Validation Loss: 3.9541
Epoch 381/1000, Train Loss: 1.1831, Validation Loss: 1.1865
Epoch 382/1000, Train Loss: 1.4114, Validation Loss: 1.3885
Epoch 383/1000, Train Loss: 1.3791, Validation Loss: 2.7707
Epoch 384/1000, Train Loss: 1.3342, Validation Loss: 3.9009
Epoch 385/1000, Train Loss: 1.2831, Validation Loss: 1.7834
Epoch 386/1000, Train Loss: 3.3632, Validation Loss: 2.8071
Epoch 387/1000, Train Loss: 1.2828, Validation Loss: 1.5363
Epoch 388/1000, Train Loss: 1.4218, Validation Loss: 10.1298
Epoch 389/1000, Train Loss: 1.4361, Validation Loss: 2.1244
Epoch 390/1000, Train Loss: 1.2277, Validation Loss: 1.2890
Epoch 391/1000, Train Loss: 1.2999, Validation Loss: 1.8882
Epoch 392/1000, Train Loss: 2.9649, Validation Loss: 3.8301
Epoch 393/1000, Train Loss: 1.1123, Validation Loss: 2.5038
Epoch 394/1000, Train Loss: 1.1024, Validation Loss: 3.9204
Epoch 395/1000, Train Loss: 1.2776, Validation Loss: 2.0889
Epoch 396/1000, Train Loss: 3.4703, Validation Loss: 4.3732
Epoch 397/1000, Train Loss: 1.1841, Validation Loss: 3.1903
Epoch 398/1000, Train Loss: 1.2177, Validation Loss: 10.5977
Epoch 399/1000, Train Loss: 1.3518, Validation Loss: 1.8919
Epoch 400/1000, Train Loss: 1.2431, Validation Loss: 1.2634
Epoch 401/1000, Train Loss: 1.2366, Validation Loss: 2.3330
Epoch 402/1000, Train Loss: 1.1904, Validation Loss: 2.1999
Epoch 403/1000, Train Loss: 1.1535, Validation Loss: 3.2403
Epoch 404/1000, Train Loss: 1.2776, Validation Loss: 2.0227
Epoch 405/1000, Train Loss: 1.2694, Validation Loss: 1.4049
Epoch 406/1000, Train Loss: 1.3122, Validation Loss: 2.7538
Epoch 407/1000, Train Loss: 1.2238, Validation Loss: 1.7532
Epoch 408/1000, Train Loss: 1.3298, Validation Loss: 1.4452
Epoch 409/1000, Train Loss: 1.3361, Validation Loss: 2.7939
Epoch 410/1000, Train Loss: 1.1418, Validation Loss: 1.9773
Epoch 411/1000, Train Loss: 1.4606, Validation Loss: 1.3993
Epoch 412/1000, Train Loss: 148.1266, Validation Loss: 6.2924
Epoch 413/1000, Train Loss: 3.9155, Validation Loss: 11.1666
Epoch 414/1000, Train Loss: 19.8826, Validation Loss: 1.6539
Epoch 415/1000, Train Loss: 1.2003, Validation Loss: 17.9180
Epoch 416/1000, Train Loss: 1.3230, Validation Loss: 1.4471
Epoch 417/1000, Train Loss: 1.6127, Validation Loss: 1.3432
Epoch 418/1000, Train Loss: 1.2744, Validation Loss: 14.6625
Epoch 419/1000, Train Loss: 1.1643, Validation Loss: 1.4903
Epoch 420/1000, Train Loss: 2.0380, Validation Loss: 2.3471
Epoch 421/1000, Train Loss: 1.2371, Validation Loss: 2.6442
Epoch 422/1000, Train Loss: 13.2879, Validation Loss: 3.2039
Epoch 423/1000, Train Loss: 1.1707, Validation Loss: 3.2335
Epoch 424/1000, Train Loss: 1.1878, Validation Loss: 2.4871
Epoch 425/1000, Train Loss: 8.1609, Validation Loss: 3.8476
Epoch 426/1000, Train Loss: 17.1783, Validation Loss: 2.2707
Epoch 427/1000, Train Loss: 1.3125, Validation Loss: 1.0361
Epoch 428/1000, Train Loss: 1.2396, Validation Loss: 2.1130
Epoch 429/1000, Train Loss: 1.2594, Validation Loss: 29.2305
Epoch 430/1000, Train Loss: 1.2154, Validation Loss: 2.0206
Epoch 431/1000, Train Loss: 1.3915, Validation Loss: 1.5028
Epoch 432/1000, Train Loss: 1.4196, Validation Loss: 3.5989
Epoch 433/1000, Train Loss: 1.2461, Validation Loss: 4.8156
Epoch 434/1000, Train Loss: 1.8240, Validation Loss: 36.0038
Epoch 435/1000, Train Loss: 1.4836, Validation Loss: 2.1339
Epoch 436/1000, Train Loss: 1.3207, Validation Loss: 5.5246
Epoch 437/1000, Train Loss: 14.8296, Validation Loss: 1.7518
Epoch 438/1000, Train Loss: 1.3996, Validation Loss: 3.5264
Epoch 439/1000, Train Loss: 1.2965, Validation Loss: 3.7159
Epoch 440/1000, Train Loss: 1.4399, Validation Loss: 9.0544
Epoch 441/1000, Train Loss: 1.3161, Validation Loss: 53.5313
Epoch 442/1000, Train Loss: 1.2357, Validation Loss: 7.4756
Epoch 443/1000, Train Loss: 1.2378, Validation Loss: 4.0263
Epoch 444/1000, Train Loss: 88.4852, Validation Loss: 1.3918
Epoch 445/1000, Train Loss: 10.9776, Validation Loss: 3.0306
Epoch 446/1000, Train Loss: 3778.6515, Validation Loss: 45.4000
Epoch 447/1000, Train Loss: 1.3669, Validation Loss: 1.4808
Epoch 448/1000, Train Loss: 1.2994, Validation Loss: 3.0008
Epoch 449/1000, Train Loss: 1.2297, Validation Loss: 10.0693
Epoch 450/1000, Train Loss: 1.1440, Validation Loss: 4.2378
Epoch 451/1000, Train Loss: 1.6894, Validation Loss: 1.4137
Epoch 452/1000, Train Loss: 1.5985, Validation Loss: 575.9400
Epoch 453/1000, Train Loss: 1.9557, Validation Loss: 2.6716
Epoch 454/1000, Train Loss: 5.3933, Validation Loss: 3.4890
Epoch 455/1000, Train Loss: 1.2061, Validation Loss: 3.7273
Epoch 456/1000, Train Loss: 1.2453, Validation Loss: 1.3198
Epoch 457/1000, Train Loss: 1.1928, Validation Loss: 3.0868
Epoch 458/1000, Train Loss: 1.1888, Validation Loss: 4.6831
Epoch 459/1000, Train Loss: 1.1929, Validation Loss: 1.3410
Epoch 460/1000, Train Loss: 1.3184, Validation Loss: 3.4942
Epoch 461/1000, Train Loss: 1.2052, Validation Loss: 1.8438
Epoch 462/1000, Train Loss: 1.1652, Validation Loss: 4.5143
Epoch 463/1000, Train Loss: 1.2103, Validation Loss: 1.1865
Epoch 464/1000, Train Loss: 1.1654, Validation Loss: 1.1450
Epoch 465/1000, Train Loss: 1.1595, Validation Loss: 1.3424
Epoch 466/1000, Train Loss: 1.3522, Validation Loss: 2.6989
Epoch 467/1000, Train Loss: 1.1589, Validation Loss: 2.5351
Epoch 468/1000, Train Loss: 1.1560, Validation Loss: 1.7365
Epoch 469/1000, Train Loss: 1.1493, Validation Loss: 2.5306
Epoch 470/1000, Train Loss: 1.1992, Validation Loss: 31.4863
Epoch 471/1000, Train Loss: 1.4930, Validation Loss: 2.3475
Epoch 472/1000, Train Loss: 1.1288, Validation Loss: 1.9802
Epoch 473/1000, Train Loss: 1.3188, Validation Loss: 3.2837
Epoch 474/1000, Train Loss: 1.1683, Validation Loss: 2.9236
Epoch 475/1000, Train Loss: 1.1619, Validation Loss: 2.7358
Epoch 476/1000, Train Loss: 1.7061, Validation Loss: 1.5667
Epoch 477/1000, Train Loss: 5.0144, Validation Loss: 3.4467
Epoch 478/1000, Train Loss: 1.2064, Validation Loss: 3.0625
Epoch 479/1000, Train Loss: 5.6671, Validation Loss: 1.3632
Epoch 480/1000, Train Loss: 1.3624, Validation Loss: 3.0651
Epoch 481/1000, Train Loss: 1.1659, Validation Loss: 1.4905
Epoch 482/1000, Train Loss: 1.1498, Validation Loss: 2.7622
Epoch 483/1000, Train Loss: 8309.4437, Validation Loss: 1.3444
Epoch 484/1000, Train Loss: 1.3141, Validation Loss: 1.5729
Epoch 485/1000, Train Loss: 1.2541, Validation Loss: 13.4838
Epoch 486/1000, Train Loss: 1.2146, Validation Loss: 1.3765
Epoch 487/1000, Train Loss: 1.2784, Validation Loss: 2.0751
Epoch 488/1000, Train Loss: 1.2431, Validation Loss: 1.1182
Epoch 489/1000, Train Loss: 1.2250, Validation Loss: 0.9795
Epoch 490/1000, Train Loss: 6.6763, Validation Loss: 2.0897
Epoch 491/1000, Train Loss: 36.1985, Validation Loss: 3.3029
Epoch 492/1000, Train Loss: 2.0332, Validation Loss: 23.3855
Epoch 493/1000, Train Loss: 1.2193, Validation Loss: 7303.8345
Epoch 494/1000, Train Loss: 52.8617, Validation Loss: 1.1561
Epoch 495/1000, Train Loss: 1.1627, Validation Loss: 1.2162
Epoch 496/1000, Train Loss: 1.1897, Validation Loss: 1.9936
Epoch 497/1000, Train Loss: 1.1276, Validation Loss: 4.6856
Epoch 498/1000, Train Loss: 1.1751, Validation Loss: 1.9208
Epoch 499/1000, Train Loss: 1.2632, Validation Loss: 1.3370
Epoch 500/1000, Train Loss: 1.2029, Validation Loss: 1.2627
Epoch 501/1000, Train Loss: 421.0926, Validation Loss: 6827.2031
Epoch 502/1000, Train Loss: 87.5577, Validation Loss: 2.5751
Epoch 503/1000, Train Loss: 1.2918, Validation Loss: 1.8554
Epoch 504/1000, Train Loss: 1.9436, Validation Loss: 1.2202
Epoch 505/1000, Train Loss: 1.3393, Validation Loss: 1.8963
Epoch 506/1000, Train Loss: 1.2683, Validation Loss: 2.8745
Epoch 507/1000, Train Loss: 3.5955, Validation Loss: 2.9116
Epoch 508/1000, Train Loss: 1.1826, Validation Loss: 26.4187
Epoch 509/1000, Train Loss: 1.1385, Validation Loss: 12.4011
Epoch 510/1000, Train Loss: 1.1565, Validation Loss: 2.6625
Epoch 511/1000, Train Loss: 1.2775, Validation Loss: 1.4262
Epoch 512/1000, Train Loss: 1.3323, Validation Loss: 5.9289
Epoch 513/1000, Train Loss: 1.2799, Validation Loss: 2.9579
Epoch 514/1000, Train Loss: 1.3640, Validation Loss: 2.8604
Epoch 515/1000, Train Loss: 1.2708, Validation Loss: 1.4780
Epoch 516/1000, Train Loss: 2.4668, Validation Loss: 1.2818
Epoch 517/1000, Train Loss: 1.2451, Validation Loss: 1.2382
Epoch 518/1000, Train Loss: 1.1955, Validation Loss: 3.6398
Epoch 519/1000, Train Loss: 1.1282, Validation Loss: 28.6172
Epoch 520/1000, Train Loss: 1.0617, Validation Loss: 7.8639
Epoch 521/1000, Train Loss: 1.3151, Validation Loss: 1.4338
Epoch 522/1000, Train Loss: 1.1498, Validation Loss: 1.7821
Epoch 523/1000, Train Loss: 1.1950, Validation Loss: 2.1632
Epoch 524/1000, Train Loss: 1.1204, Validation Loss: 34.1650
Epoch 525/1000, Train Loss: 19.0010, Validation Loss: 1.7447
Epoch 526/1000, Train Loss: 1.1568, Validation Loss: 19.2225
Epoch 527/1000, Train Loss: 1.0859, Validation Loss: 3.0626
Epoch 528/1000, Train Loss: 1.1380, Validation Loss: 1.3275
Epoch 529/1000, Train Loss: 1.1564, Validation Loss: 2.8967
Epoch 530/1000, Train Loss: 1.9826, Validation Loss: 346.0982
Epoch 531/1000, Train Loss: 1.1849, Validation Loss: 2.8021
Epoch 532/1000, Train Loss: 1.3465, Validation Loss: 318.5687
Epoch 533/1000, Train Loss: 2.6251, Validation Loss: 1.1969
Epoch 534/1000, Train Loss: 1.1570, Validation Loss: 4.1086
Epoch 535/1000, Train Loss: 57.4109, Validation Loss: 1.7608
Epoch 536/1000, Train Loss: 1.1949, Validation Loss: 2.7565
Epoch 537/1000, Train Loss: 1.1591, Validation Loss: 3.8309
Epoch 538/1000, Train Loss: 1.1880, Validation Loss: 3.4908
Epoch 539/1000, Train Loss: 1.1303, Validation Loss: 1.2839
Epoch 540/1000, Train Loss: 1.1171, Validation Loss: 2.2632
Epoch 541/1000, Train Loss: 8.9677, Validation Loss: 5.4067
Epoch 542/1000, Train Loss: 1.3493, Validation Loss: 3.8130
Epoch 543/1000, Train Loss: 1.1914, Validation Loss: 5.6717
Epoch 544/1000, Train Loss: 1.2316, Validation Loss: 4.9213
Epoch 545/1000, Train Loss: 1.1557, Validation Loss: 2.1799
Epoch 546/1000, Train Loss: 1.1681, Validation Loss: 8.1973
Epoch 547/1000, Train Loss: 1.6290, Validation Loss: 7.2617
Epoch 548/1000, Train Loss: 1.1134, Validation Loss: 1.4966
Epoch 549/1000, Train Loss: 1.0893, Validation Loss: 0.9195
Epoch 550/1000, Train Loss: 1.1367, Validation Loss: 3.1941
Epoch 551/1000, Train Loss: 1.2337, Validation Loss: 3.6474
Epoch 552/1000, Train Loss: 1.0886, Validation Loss: 0.9550
Epoch 553/1000, Train Loss: 1.2490, Validation Loss: 1.4375
Epoch 554/1000, Train Loss: 1.1370, Validation Loss: 4.7941
Epoch 555/1000, Train Loss: 1.1713, Validation Loss: 2.5701
Epoch 556/1000, Train Loss: 10.8467, Validation Loss: 2.3098
Epoch 557/1000, Train Loss: 1.2060, Validation Loss: 3.4280
Epoch 558/1000, Train Loss: 1.1241, Validation Loss: 5.7387
Epoch 559/1000, Train Loss: 1.1792, Validation Loss: 2.5954
Epoch 560/1000, Train Loss: 1.1005, Validation Loss: 3.7136
Epoch 561/1000, Train Loss: 1.0962, Validation Loss: 2.8784
Epoch 562/1000, Train Loss: 1.1085, Validation Loss: 3.2445
Epoch 563/1000, Train Loss: 1.2211, Validation Loss: 2.9409
Epoch 564/1000, Train Loss: 1.2490, Validation Loss: 52.6478
Epoch 565/1000, Train Loss: 7.2932, Validation Loss: 1.4793
Epoch 566/1000, Train Loss: 1.1860, Validation Loss: 1.9272
Epoch 567/1000, Train Loss: 1.5769, Validation Loss: 2.5952
Epoch 568/1000, Train Loss: 1.1803, Validation Loss: 7.1128
Epoch 569/1000, Train Loss: 114.5446, Validation Loss: 11.7606
Epoch 570/1000, Train Loss: 1.2424, Validation Loss: 2.1240
Epoch 571/1000, Train Loss: 1.2213, Validation Loss: 4.1614
Epoch 572/1000, Train Loss: 1.2434, Validation Loss: 6.0356
Epoch 573/1000, Train Loss: 7.2651, Validation Loss: 2.0351
Epoch 574/1000, Train Loss: 2.0255, Validation Loss: 9.3332
Epoch 575/1000, Train Loss: 1.3575, Validation Loss: 2.7328
Epoch 576/1000, Train Loss: 1.2206, Validation Loss: 1.5951
Epoch 577/1000, Train Loss: 1.1990, Validation Loss: 6.5830
Epoch 578/1000, Train Loss: 1.6812, Validation Loss: 5.4245
Epoch 579/1000, Train Loss: 1.2137, Validation Loss: 3.0555
Epoch 580/1000, Train Loss: 1.3240, Validation Loss: 3.1719
Epoch 581/1000, Train Loss: 1.2519, Validation Loss: 2.6148
Epoch 582/1000, Train Loss: 1.3540, Validation Loss: 6.0285
Epoch 583/1000, Train Loss: 1.2153, Validation Loss: 5.7272
Epoch 584/1000, Train Loss: 1.2488, Validation Loss: 3.3023
Epoch 585/1000, Train Loss: 41.8625, Validation Loss: 1.2924
Epoch 586/1000, Train Loss: 1.2116, Validation Loss: 2.0110
Epoch 587/1000, Train Loss: 1.2064, Validation Loss: 1.7626
Epoch 588/1000, Train Loss: 1.2742, Validation Loss: 1.1969
Epoch 589/1000, Train Loss: 1.2797, Validation Loss: 1.8156
Epoch 590/1000, Train Loss: 2.0478, Validation Loss: 3.3941
Epoch 591/1000, Train Loss: 1.1951, Validation Loss: 2.1034
Epoch 592/1000, Train Loss: 13.9440, Validation Loss: 17.3311
Epoch 593/1000, Train Loss: 1.1857, Validation Loss: 11.2067
Epoch 594/1000, Train Loss: 1.1144, Validation Loss: 2.4157
Epoch 595/1000, Train Loss: 1.1443, Validation Loss: 7.8636
Epoch 596/1000, Train Loss: 1.1565, Validation Loss: 2.2165
Epoch 597/1000, Train Loss: 1.2074, Validation Loss: 2.0838
Epoch 598/1000, Train Loss: 1.1918, Validation Loss: 4.5578
Epoch 599/1000, Train Loss: 1.1619, Validation Loss: 1563.6536
Epoch 600/1000, Train Loss: 1.5151, Validation Loss: 1.7603
Epoch 601/1000, Train Loss: 1.1683, Validation Loss: 14.4865
Epoch 602/1000, Train Loss: 1.1978, Validation Loss: 1.2127
Epoch 603/1000, Train Loss: 12.1446, Validation Loss: 2.0799
Epoch 604/1000, Train Loss: 1.2014, Validation Loss: 2.6990
Epoch 605/1000, Train Loss: 1.2127, Validation Loss: 3.0747
Epoch 606/1000, Train Loss: 1.2121, Validation Loss: 3.2777
Epoch 607/1000, Train Loss: 1.9055, Validation Loss: 2.5835
Epoch 608/1000, Train Loss: 1.3405, Validation Loss: 1.1069
Epoch 609/1000, Train Loss: 1.2112, Validation Loss: 3.8065
Epoch 610/1000, Train Loss: 1.2137, Validation Loss: 1.6755
Epoch 611/1000, Train Loss: 14.9628, Validation Loss: 1.5920
Epoch 612/1000, Train Loss: 1.2146, Validation Loss: 1.6028
Epoch 613/1000, Train Loss: 1.1901, Validation Loss: 5.8963
Epoch 614/1000, Train Loss: 1.1072, Validation Loss: 5.9825
Epoch 615/1000, Train Loss: 1.2618, Validation Loss: 1.3128
Epoch 616/1000, Train Loss: 3.4829, Validation Loss: 1.5666
Epoch 617/1000, Train Loss: 1.0893, Validation Loss: 3.9690
Epoch 618/1000, Train Loss: 30.4494, Validation Loss: 3.7030
Epoch 619/1000, Train Loss: 1.6255, Validation Loss: 2.6496
Epoch 620/1000, Train Loss: 1.1886, Validation Loss: 14.3688
Epoch 621/1000, Train Loss: 1.2423, Validation Loss: 5.5939
Epoch 622/1000, Train Loss: 1.1517, Validation Loss: 4.5188
Epoch 623/1000, Train Loss: 1.2123, Validation Loss: 2.6355
Epoch 624/1000, Train Loss: 1.4856, Validation Loss: 6.8257
Epoch 625/1000, Train Loss: 1.1610, Validation Loss: 7.1939
Epoch 626/1000, Train Loss: 1.2121, Validation Loss: 5.7292
Epoch 627/1000, Train Loss: 1.2318, Validation Loss: 15.4668
Epoch 628/1000, Train Loss: 1.2203, Validation Loss: 2.3107
Epoch 629/1000, Train Loss: 1.1556, Validation Loss: 2.5220
Epoch 630/1000, Train Loss: 1.2093, Validation Loss: 1.2745
Epoch 631/1000, Train Loss: 1.1710, Validation Loss: 2.5068
Epoch 632/1000, Train Loss: 1.1317, Validation Loss: 5.4292
Epoch 633/1000, Train Loss: 1.3061, Validation Loss: 3.5788
Epoch 634/1000, Train Loss: 1.1954, Validation Loss: 3.2741
Epoch 635/1000, Train Loss: 28.2182, Validation Loss: 2.3955
Epoch 636/1000, Train Loss: 1.1921, Validation Loss: 5.8179
Epoch 637/1000, Train Loss: 1.7791, Validation Loss: 2.7887
Epoch 638/1000, Train Loss: 1.2618, Validation Loss: 9.3669
Epoch 639/1000, Train Loss: 1.2039, Validation Loss: 2.6732
Epoch 640/1000, Train Loss: 1.2625, Validation Loss: 9.5461
Epoch 641/1000, Train Loss: 1.2976, Validation Loss: 1.2588
Epoch 642/1000, Train Loss: 1.3066, Validation Loss: 1.9052
Epoch 643/1000, Train Loss: 1.3181, Validation Loss: 5.2610
Epoch 644/1000, Train Loss: 1.1971, Validation Loss: 1.1564
Epoch 645/1000, Train Loss: 1.1536, Validation Loss: 3.9281
Epoch 646/1000, Train Loss: 1.0502, Validation Loss: 1.0477
Epoch 647/1000, Train Loss: 0.9916, Validation Loss: 2.1793
Epoch 648/1000, Train Loss: 1.0882, Validation Loss: 10.4717
Epoch 649/1000, Train Loss: 765.2058, Validation Loss: 6.0271
Epoch 650/1000, Train Loss: 1.1360, Validation Loss: 20.1482
Epoch 651/1000, Train Loss: 62.3095, Validation Loss: 2.7472
Epoch 652/1000, Train Loss: 1.1711, Validation Loss: 3.0090
Epoch 653/1000, Train Loss: 1.1753, Validation Loss: 4.4849
Epoch 654/1000, Train Loss: 1.1709, Validation Loss: 3.5012
Epoch 655/1000, Train Loss: 1.2396, Validation Loss: 3.8724
Epoch 656/1000, Train Loss: 1.3337, Validation Loss: 2.1579
Epoch 657/1000, Train Loss: 1.1741, Validation Loss: 3.1615
Epoch 658/1000, Train Loss: 1.1928, Validation Loss: 5.2539
Epoch 659/1000, Train Loss: 1.2588, Validation Loss: 4.8351
Epoch 660/1000, Train Loss: 1.5264, Validation Loss: 1.2222
Epoch 661/1000, Train Loss: 1.0848, Validation Loss: 3.0562
Epoch 662/1000, Train Loss: 1.0747, Validation Loss: 1.4566
Epoch 663/1000, Train Loss: 1.0605, Validation Loss: 0.8871
Epoch 664/1000, Train Loss: 1.1143, Validation Loss: 1.0180
Epoch 665/1000, Train Loss: 1.1032, Validation Loss: 3.8673
Epoch 666/1000, Train Loss: 1.7170, Validation Loss: 1.8926
Epoch 667/1000, Train Loss: 1027.4277, Validation Loss: 1.7999
Epoch 668/1000, Train Loss: 0.9340, Validation Loss: 2.8420
Epoch 669/1000, Train Loss: 1.0712, Validation Loss: 1.8769
Epoch 670/1000, Train Loss: 1.1158, Validation Loss: 2.3906
Epoch 671/1000, Train Loss: 1.0354, Validation Loss: 3.6481
Epoch 672/1000, Train Loss: 1.0734, Validation Loss: 5.2771
Epoch 673/1000, Train Loss: 1.2013, Validation Loss: 2.9078
Epoch 674/1000, Train Loss: 3.6262, Validation Loss: 35.9528
Epoch 675/1000, Train Loss: 1.2347, Validation Loss: 1.9796
Epoch 676/1000, Train Loss: 1.1361, Validation Loss: 6.6420
Epoch 677/1000, Train Loss: 1.1445, Validation Loss: 1.0888
Epoch 678/1000, Train Loss: 1.1339, Validation Loss: 4.9684
Epoch 679/1000, Train Loss: 1.1700, Validation Loss: 2.3431
Epoch 680/1000, Train Loss: 4.3600, Validation Loss: 5.1695
Epoch 681/1000, Train Loss: 1.1544, Validation Loss: 1.4393
Epoch 682/1000, Train Loss: 1.2650, Validation Loss: 3.4037
Epoch 683/1000, Train Loss: 1.1348, Validation Loss: 5.7827
Epoch 684/1000, Train Loss: 1.2360, Validation Loss: 1.4875
Epoch 685/1000, Train Loss: 33.3396, Validation Loss: 4.5238
Epoch 686/1000, Train Loss: 1.1455, Validation Loss: 2.9670
Epoch 687/1000, Train Loss: 1.1095, Validation Loss: 2.0438
Epoch 688/1000, Train Loss: 1.1179, Validation Loss: 1.7095
Epoch 689/1000, Train Loss: 1.0623, Validation Loss: 1.7925
Epoch 690/1000, Train Loss: 1.1291, Validation Loss: 2.9047
Epoch 691/1000, Train Loss: 7.0094, Validation Loss: 3.0155
Epoch 692/1000, Train Loss: 2.3802, Validation Loss: 3.2331
Epoch 693/1000, Train Loss: 1.4491, Validation Loss: 2.4552
Epoch 694/1000, Train Loss: 1.1220, Validation Loss: 5.3953
Epoch 695/1000, Train Loss: 1.1244, Validation Loss: 1.8110
Epoch 696/1000, Train Loss: 1.2258, Validation Loss: 9.2498
Epoch 697/1000, Train Loss: 15.1128, Validation Loss: 2.9953
Epoch 698/1000, Train Loss: 1.4017, Validation Loss: 1.2582
Epoch 699/1000, Train Loss: 1.1611, Validation Loss: 3.4884
Epoch 700/1000, Train Loss: 456.4951, Validation Loss: 1.1745
Epoch 701/1000, Train Loss: 1.2689, Validation Loss: 2.9004
Epoch 702/1000, Train Loss: 18.7050, Validation Loss: 17.7754
Epoch 703/1000, Train Loss: 1.1962, Validation Loss: 2.7274
Epoch 704/1000, Train Loss: 5.4219, Validation Loss: 3.6143
Epoch 705/1000, Train Loss: 1.2789, Validation Loss: 1.0130
Epoch 706/1000, Train Loss: 1.1554, Validation Loss: 2.4338
Epoch 707/1000, Train Loss: 1.1656, Validation Loss: 3.4527
Epoch 708/1000, Train Loss: 1.0931, Validation Loss: 2.4318
Epoch 709/1000, Train Loss: 1.6285, Validation Loss: 2.1506
Epoch 710/1000, Train Loss: 1.1539, Validation Loss: 1.1220
Epoch 711/1000, Train Loss: 1.1335, Validation Loss: 2.0256
Epoch 712/1000, Train Loss: 1.0186, Validation Loss: 1.0345
Epoch 713/1000, Train Loss: 1.1685, Validation Loss: 1.9690
Epoch 714/1000, Train Loss: 6.0507, Validation Loss: 1.7942
Epoch 715/1000, Train Loss: 1.2900, Validation Loss: 3.4461
Epoch 716/1000, Train Loss: 1.0374, Validation Loss: 2.9545
Epoch 717/1000, Train Loss: 1.1971, Validation Loss: 2.2715
Epoch 718/1000, Train Loss: 4.5747, Validation Loss: 4.9752
Epoch 719/1000, Train Loss: 1.2893, Validation Loss: 1.2474
Epoch 720/1000, Train Loss: 1.2320, Validation Loss: 22.4121
Epoch 721/1000, Train Loss: 1.1831, Validation Loss: 3.0550
Epoch 722/1000, Train Loss: 1.2750, Validation Loss: 1.6443
Epoch 723/1000, Train Loss: 1.4451, Validation Loss: 4.0007
Epoch 724/1000, Train Loss: 3.2319, Validation Loss: 2.6399
Epoch 725/1000, Train Loss: 1.4816, Validation Loss: 1.4565
Epoch 726/1000, Train Loss: 1.3001, Validation Loss: 29.4408
Epoch 727/1000, Train Loss: 1.2619, Validation Loss: 1.2082
Epoch 728/1000, Train Loss: 1.2692, Validation Loss: 1.3312
Epoch 729/1000, Train Loss: 11.0973, Validation Loss: 3.1187
Epoch 730/1000, Train Loss: 1.2747, Validation Loss: 2.0113
Epoch 731/1000, Train Loss: 1.4381, Validation Loss: 4.2988
Epoch 732/1000, Train Loss: 2.5386, Validation Loss: 2.5480
Epoch 733/1000, Train Loss: 1.4476, Validation Loss: 3.1998
Epoch 734/1000, Train Loss: 1.3764, Validation Loss: 4.3471
Epoch 735/1000, Train Loss: 1.6728, Validation Loss: 5.3616
Epoch 736/1000, Train Loss: 1.3413, Validation Loss: 1.7504
Epoch 737/1000, Train Loss: 6.9489, Validation Loss: 4.9970
Epoch 738/1000, Train Loss: 2.8221, Validation Loss: 2.9403
Epoch 739/1000, Train Loss: 1.2696, Validation Loss: 2.2756
Epoch 740/1000, Train Loss: 1.3227, Validation Loss: 32.5229
Epoch 741/1000, Train Loss: 1.3260, Validation Loss: 1.3130
Epoch 742/1000, Train Loss: 7.6291, Validation Loss: 5.7081
Epoch 743/1000, Train Loss: 1.4510, Validation Loss: 10.5896
Epoch 744/1000, Train Loss: 2.9647, Validation Loss: 1.2978
Epoch 745/1000, Train Loss: 1.7043, Validation Loss: 1.8370
Epoch 746/1000, Train Loss: 1.3426, Validation Loss: 12.2876
Epoch 747/1000, Train Loss: 1.4402, Validation Loss: 2.9279
Epoch 748/1000, Train Loss: 1.2720, Validation Loss: 6.4875
Epoch 749/1000, Train Loss: 1.2901, Validation Loss: 1.6635
Epoch 750/1000, Train Loss: 1.4203, Validation Loss: 2.5628
Epoch 751/1000, Train Loss: 512.8355, Validation Loss: 2.1112
Epoch 752/1000, Train Loss: 1.2287, Validation Loss: 1.6256
Epoch 753/1000, Train Loss: 3.3655, Validation Loss: 4.1325
Epoch 754/1000, Train Loss: 1.6915, Validation Loss: 8.9179
Epoch 755/1000, Train Loss: 1.2151, Validation Loss: 7.6275
Epoch 756/1000, Train Loss: 802.9447, Validation Loss: 5.3345
Epoch 757/1000, Train Loss: 2314.5503, Validation Loss: 6.4336
Epoch 758/1000, Train Loss: 2.3993, Validation Loss: 1.2193
Epoch 759/1000, Train Loss: 1.2010, Validation Loss: 8.8273
Epoch 760/1000, Train Loss: 1.1276, Validation Loss: 1.9390
Epoch 761/1000, Train Loss: 1.1862, Validation Loss: 2.9783
Epoch 762/1000, Train Loss: 1.1908, Validation Loss: 7.6067
Epoch 763/1000, Train Loss: 1.2616, Validation Loss: 2.3290
Epoch 764/1000, Train Loss: 8.5937, Validation Loss: 6.6422
Epoch 765/1000, Train Loss: 1.1790, Validation Loss: 1.1985
Epoch 766/1000, Train Loss: 1.2523, Validation Loss: 2.2709
Epoch 767/1000, Train Loss: 1.3042, Validation Loss: 4.9552
Epoch 768/1000, Train Loss: 1.2316, Validation Loss: 1.3785
Epoch 769/1000, Train Loss: 1.2633, Validation Loss: 3.7667
Epoch 770/1000, Train Loss: 1.4243, Validation Loss: 5.9425
Epoch 771/1000, Train Loss: 1.1703, Validation Loss: 2.1893
Epoch 772/1000, Train Loss: 1.1088, Validation Loss: 1.6275
Epoch 773/1000, Train Loss: 1.1230, Validation Loss: 2.1471
Epoch 774/1000, Train Loss: 1.2131, Validation Loss: 2.9727
Epoch 775/1000, Train Loss: 1.2059, Validation Loss: 1.3156
Epoch 776/1000, Train Loss: 1.0561, Validation Loss: 2.0234
Epoch 777/1000, Train Loss: 1.2376, Validation Loss: 2.6954
Epoch 778/1000, Train Loss: 1.1515, Validation Loss: 1.5911
Epoch 779/1000, Train Loss: 1.1829, Validation Loss: 1.6787
Epoch 780/1000, Train Loss: 1.1678, Validation Loss: 3.2815
Epoch 781/1000, Train Loss: 1.9585, Validation Loss: 2.6577
Epoch 782/1000, Train Loss: 31.5733, Validation Loss: 4.0075
Epoch 783/1000, Train Loss: 1.4195, Validation Loss: 35.1353
Epoch 784/1000, Train Loss: 1.1431, Validation Loss: 2.5486
Epoch 785/1000, Train Loss: 1.1076, Validation Loss: 2.7249
Epoch 786/1000, Train Loss: 1.1225, Validation Loss: 5.7547
Epoch 787/1000, Train Loss: 12.1032, Validation Loss: 4.4972
Epoch 788/1000, Train Loss: 1.1439, Validation Loss: 3.9947
Epoch 789/1000, Train Loss: 1.2687, Validation Loss: 1.2441
Epoch 790/1000, Train Loss: 1.3662, Validation Loss: 1.1564
Epoch 791/1000, Train Loss: 1.1888, Validation Loss: 2.2309
Epoch 792/1000, Train Loss: 327.1209, Validation Loss: 2.4418
Epoch 793/1000, Train Loss: 1.4077, Validation Loss: 3.6085
Epoch 794/1000, Train Loss: 1.2644, Validation Loss: 2.8363
Epoch 795/1000, Train Loss: 100.5561, Validation Loss: 1.4244
Epoch 796/1000, Train Loss: 1.4261, Validation Loss: 6.6165
Epoch 797/1000, Train Loss: 1.2266, Validation Loss: 10.9461
Epoch 798/1000, Train Loss: 1.2045, Validation Loss: 1.7499
Epoch 799/1000, Train Loss: 1.3063, Validation Loss: 2.4394
Epoch 800/1000, Train Loss: 1.3037, Validation Loss: 2.8668
Epoch 801/1000, Train Loss: 1.1642, Validation Loss: 2.2668
Epoch 802/1000, Train Loss: 1.1081, Validation Loss: 3.3003
Epoch 803/1000, Train Loss: 1.1586, Validation Loss: 73.6080
Epoch 804/1000, Train Loss: 1.1704, Validation Loss: 1.4509
Epoch 805/1000, Train Loss: 296.9656, Validation Loss: 2.5320
Epoch 806/1000, Train Loss: 1.2995, Validation Loss: 2.0085
Epoch 807/1000, Train Loss: 1.1160, Validation Loss: 2.4893
Epoch 808/1000, Train Loss: 1.2303, Validation Loss: 3.2723
Epoch 809/1000, Train Loss: 104.3196, Validation Loss: 2.8901
Epoch 810/1000, Train Loss: 1.1787, Validation Loss: 2.4928
Epoch 811/1000, Train Loss: 1.1664, Validation Loss: 12.2456
Epoch 812/1000, Train Loss: 1577.0286, Validation Loss: 3.0566
Epoch 813/1000, Train Loss: 6.5246, Validation Loss: 9646.6927
Epoch 814/1000, Train Loss: 6.2413, Validation Loss: 17.2353
Epoch 815/1000, Train Loss: 1.1842, Validation Loss: 1.9978
Epoch 816/1000, Train Loss: 1.1892, Validation Loss: 37.8089
Epoch 817/1000, Train Loss: 1.2762, Validation Loss: 1.4385
Epoch 818/1000, Train Loss: 1.1329, Validation Loss: 1.0386
Epoch 819/1000, Train Loss: 0.9235, Validation Loss: 3.0825
Epoch 820/1000, Train Loss: 1.2327, Validation Loss: 3.1835
Epoch 821/1000, Train Loss: 1.3777, Validation Loss: 2.1235
Epoch 822/1000, Train Loss: 1.0833, Validation Loss: 1.5063
Epoch 823/1000, Train Loss: 1.0392, Validation Loss: 3.1305
Epoch 824/1000, Train Loss: 1.1690, Validation Loss: 5.2331
Epoch 825/1000, Train Loss: 1.4792, Validation Loss: 29.3339
Epoch 826/1000, Train Loss: 1.1199, Validation Loss: 7.2009
Epoch 827/1000, Train Loss: 6.5528, Validation Loss: 4324.0029
Epoch 828/1000, Train Loss: 2.8623, Validation Loss: 1.9985
Epoch 829/1000, Train Loss: 1.2106, Validation Loss: 17.6242
Epoch 830/1000, Train Loss: 1.1739, Validation Loss: 5.5039
Epoch 831/1000, Train Loss: 1.2524, Validation Loss: 20.5215
Epoch 832/1000, Train Loss: 1.2571, Validation Loss: 1.5401
Epoch 833/1000, Train Loss: 1.2314, Validation Loss: 16.4635
Epoch 834/1000, Train Loss: 10.0260, Validation Loss: 3.6512
Epoch 835/1000, Train Loss: 1.3078, Validation Loss: 4.8562
Epoch 836/1000, Train Loss: 1.2848, Validation Loss: 1.7979
Epoch 837/1000, Train Loss: 1.1992, Validation Loss: 1.7134
Epoch 838/1000, Train Loss: 58.2383, Validation Loss: 3.2351
Epoch 839/1000, Train Loss: 1.3593, Validation Loss: 12.6675
Epoch 840/1000, Train Loss: 1.2045, Validation Loss: 1.6563
Epoch 841/1000, Train Loss: 1.2803, Validation Loss: 4.3333
Epoch 842/1000, Train Loss: 1.2468, Validation Loss: 4.6793
Epoch 843/1000, Train Loss: 1.5783, Validation Loss: 4.0929
Epoch 844/1000, Train Loss: 3.8240, Validation Loss: 4.5250
Epoch 845/1000, Train Loss: 1.2656, Validation Loss: 15.9153
Epoch 846/1000, Train Loss: 1.2658, Validation Loss: 3.8579
Epoch 847/1000, Train Loss: 1.2421, Validation Loss: 2.5293
Epoch 848/1000, Train Loss: 1.2696, Validation Loss: 27.7131
Epoch 849/1000, Train Loss: 2.3711, Validation Loss: 1.5299
Epoch 850/1000, Train Loss: 1.2161, Validation Loss: 3.0212
Epoch 851/1000, Train Loss: 1.1479, Validation Loss: 2.7874
Epoch 852/1000, Train Loss: 1.1442, Validation Loss: 1.6493
Epoch 853/1000, Train Loss: 1.2286, Validation Loss: 2.6075
Epoch 854/1000, Train Loss: 29.9022, Validation Loss: 5.2363
Epoch 855/1000, Train Loss: 31.0828, Validation Loss: 12.6323
Epoch 856/1000, Train Loss: 1.2335, Validation Loss: 1.6149
Epoch 857/1000, Train Loss: 1.2570, Validation Loss: 3.1271
Epoch 858/1000, Train Loss: 9.3361, Validation Loss: 1.8763
Epoch 859/1000, Train Loss: 3.7329, Validation Loss: 5073.9581
Epoch 860/1000, Train Loss: 2.5014, Validation Loss: 1.2800
Epoch 861/1000, Train Loss: 1.2349, Validation Loss: 2.5475
Epoch 862/1000, Train Loss: 1.2121, Validation Loss: 2.5172
Epoch 863/1000, Train Loss: 11.5919, Validation Loss: 3.9734
Epoch 864/1000, Train Loss: 422.0637, Validation Loss: 4.7484
Epoch 865/1000, Train Loss: 1.1695, Validation Loss: 1.4411
Epoch 866/1000, Train Loss: 4098.1417, Validation Loss: 45.0359
Epoch 867/1000, Train Loss: 31.0036, Validation Loss: 1.4684
Epoch 868/1000, Train Loss: 1.1455, Validation Loss: 2.4924
Epoch 869/1000, Train Loss: 1.0351, Validation Loss: 1.6338
Epoch 870/1000, Train Loss: 1.2727, Validation Loss: 27.1397
Epoch 871/1000, Train Loss: 87.0705, Validation Loss: 2.0160
Epoch 872/1000, Train Loss: 205.8575, Validation Loss: 1.6078
Epoch 873/1000, Train Loss: 1.1241, Validation Loss: 4.9936
Epoch 874/1000, Train Loss: 1.1136, Validation Loss: 1.7227
Epoch 875/1000, Train Loss: 1.1876, Validation Loss: 3.3452
Epoch 876/1000, Train Loss: 1.1662, Validation Loss: 1.3406
Epoch 877/1000, Train Loss: 1.1482, Validation Loss: 2.9402
Epoch 878/1000, Train Loss: 1.2193, Validation Loss: 14.8178
Epoch 879/1000, Train Loss: 1.1799, Validation Loss: 1.1782
Epoch 880/1000, Train Loss: 4.0384, Validation Loss: 1.3388
Epoch 881/1000, Train Loss: 1.1255, Validation Loss: 2.1344
Epoch 882/1000, Train Loss: 1.1367, Validation Loss: 1.6905
Epoch 883/1000, Train Loss: 1.1792, Validation Loss: 6.4242
Epoch 884/1000, Train Loss: 1.1677, Validation Loss: 2.1097
Epoch 885/1000, Train Loss: 1.1259, Validation Loss: 1.1243
Epoch 886/1000, Train Loss: 1.1662, Validation Loss: 2.9693
Epoch 887/1000, Train Loss: 1.0776, Validation Loss: 2.7463
Epoch 888/1000, Train Loss: 2.5044, Validation Loss: 19.9198
Epoch 889/1000, Train Loss: 9.3840, Validation Loss: 1.9268
Epoch 890/1000, Train Loss: 1.4499, Validation Loss: 40.3283
Epoch 891/1000, Train Loss: 1.2020, Validation Loss: 3.7502
Epoch 892/1000, Train Loss: 1.8898, Validation Loss: 3.7318
Epoch 893/1000, Train Loss: 1.2388, Validation Loss: 3.0521
Epoch 894/1000, Train Loss: 1.2073, Validation Loss: 6.2365
Epoch 895/1000, Train Loss: 1.3804, Validation Loss: 2.0086
Epoch 896/1000, Train Loss: 2.5649, Validation Loss: 2262.2630
Epoch 897/1000, Train Loss: 1.3154, Validation Loss: 2.0096
Epoch 898/1000, Train Loss: 1.2962, Validation Loss: 1.9784
Epoch 899/1000, Train Loss: 1.3189, Validation Loss: 4.8965
Epoch 900/1000, Train Loss: 11.1443, Validation Loss: 4.3806
Epoch 901/1000, Train Loss: 1.3498, Validation Loss: 1.3389
Epoch 902/1000, Train Loss: 1.2312, Validation Loss: 1.4032
Epoch 903/1000, Train Loss: 1.2776, Validation Loss: 1.6187
Epoch 904/1000, Train Loss: 7832.8990, Validation Loss: 2.8851
Epoch 905/1000, Train Loss: 1.3300, Validation Loss: 1.5329
Epoch 906/1000, Train Loss: 1.2807, Validation Loss: 1.6475
Epoch 907/1000, Train Loss: 1.2402, Validation Loss: 1.6735
Epoch 908/1000, Train Loss: 3.0266, Validation Loss: 8.4677
Epoch 909/1000, Train Loss: 1.2638, Validation Loss: 1.2276
Epoch 910/1000, Train Loss: 1.1974, Validation Loss: 2.8044
Epoch 911/1000, Train Loss: 3.7456, Validation Loss: 6.1234
Epoch 912/1000, Train Loss: 6.1829, Validation Loss: 6.0569
Epoch 913/1000, Train Loss: 6.1857, Validation Loss: 6.0793
Epoch 914/1000, Train Loss: 4.8972, Validation Loss: 3.6172
Epoch 915/1000, Train Loss: 1.8526, Validation Loss: 6.3058
Epoch 916/1000, Train Loss: 1.5161, Validation Loss: 1.8947
Epoch 917/1000, Train Loss: 1.4161, Validation Loss: 1.7761
Epoch 918/1000, Train Loss: 1.5633, Validation Loss: 2.2750
Epoch 919/1000, Train Loss: 1.6559, Validation Loss: 2.7272
Epoch 920/1000, Train Loss: 1.3968, Validation Loss: 1.0991
Epoch 921/1000, Train Loss: 3.0851, Validation Loss: 2.6543
Epoch 922/1000, Train Loss: 1.3238, Validation Loss: 2.2665
Epoch 923/1000, Train Loss: 1.3293, Validation Loss: 1.2916
Epoch 924/1000, Train Loss: 1.4228, Validation Loss: 1.6731
Epoch 925/1000, Train Loss: 1.3344, Validation Loss: 23.2335
Epoch 926/1000, Train Loss: 1.3083, Validation Loss: 2.3030
Epoch 927/1000, Train Loss: 36.2366, Validation Loss: 4.2617
Epoch 928/1000, Train Loss: 1.3011, Validation Loss: 68.4000
Epoch 929/1000, Train Loss: 4.5243, Validation Loss: 2.9090
Epoch 930/1000, Train Loss: 1.2824, Validation Loss: 10.4771
Epoch 931/1000, Train Loss: 3.9996, Validation Loss: 2.2481
Epoch 932/1000, Train Loss: 1.4930, Validation Loss: 2.8573
Epoch 933/1000, Train Loss: 1.3421, Validation Loss: 3.8625
Epoch 934/1000, Train Loss: 1.2601, Validation Loss: 4.8190
Epoch 935/1000, Train Loss: 1.2869, Validation Loss: 2.0198
Epoch 936/1000, Train Loss: 1.2298, Validation Loss: 2.2137
Epoch 937/1000, Train Loss: 1.2704, Validation Loss: 1.0786
Epoch 938/1000, Train Loss: 1.6826, Validation Loss: 3.3634
Epoch 939/1000, Train Loss: 1.2817, Validation Loss: 1.6543
Epoch 940/1000, Train Loss: 1.3135, Validation Loss: 7.3691
Epoch 941/1000, Train Loss: 1.2091, Validation Loss: 1.8850
Epoch 942/1000, Train Loss: 1.2579, Validation Loss: 2.2562
Epoch 943/1000, Train Loss: 1.1823, Validation Loss: 3.7389
Epoch 944/1000, Train Loss: 64.7075, Validation Loss: 2.6751
Epoch 945/1000, Train Loss: 1.4081, Validation Loss: 4.9397
Epoch 946/1000, Train Loss: 1.3054, Validation Loss: 1.5302
Epoch 947/1000, Train Loss: 1.2637, Validation Loss: 2.6007
Epoch 948/1000, Train Loss: 1.3313, Validation Loss: 5.6165
Epoch 949/1000, Train Loss: 1.3044, Validation Loss: 1.5002
Epoch 950/1000, Train Loss: 4.2212, Validation Loss: 7.2193
Epoch 951/1000, Train Loss: 1.4369, Validation Loss: 6.1319
Epoch 952/1000, Train Loss: 1.3697, Validation Loss: 1.3491
Epoch 953/1000, Train Loss: 1.4459, Validation Loss: 3.5367
Epoch 954/1000, Train Loss: 1.3709, Validation Loss: 2.2360
Epoch 955/1000, Train Loss: 1.3004, Validation Loss: 1.4538
Epoch 956/1000, Train Loss: 1.2912, Validation Loss: 1.1752
Epoch 957/1000, Train Loss: 98.6802, Validation Loss: 3.7287
Epoch 958/1000, Train Loss: 1.3530, Validation Loss: 26.4526
Epoch 959/1000, Train Loss: 1.2913, Validation Loss: 1.9087
Epoch 960/1000, Train Loss: 1.2905, Validation Loss: 2.6823
Epoch 961/1000, Train Loss: 114.5198, Validation Loss: 1.8015
Epoch 962/1000, Train Loss: 1.2639, Validation Loss: 1.7148
Epoch 963/1000, Train Loss: 1.1745, Validation Loss: 1.7479
Epoch 964/1000, Train Loss: 1.1662, Validation Loss: 4.7301
Epoch 965/1000, Train Loss: 1.0442, Validation Loss: 2.2087
Epoch 966/1000, Train Loss: 1.0229, Validation Loss: 4.0651
Epoch 967/1000, Train Loss: 0.9826, Validation Loss: 3.9974
Epoch 968/1000, Train Loss: 0.9889, Validation Loss: 1.6639
Epoch 969/1000, Train Loss: 0.9718, Validation Loss: 2.9721
Epoch 970/1000, Train Loss: 0.9750, Validation Loss: 2.4811
Epoch 971/1000, Train Loss: 0.9800, Validation Loss: 6.7557
Epoch 972/1000, Train Loss: 1.0146, Validation Loss: 2.0218
Epoch 973/1000, Train Loss: 0.9809, Validation Loss: 2.8520
Epoch 974/1000, Train Loss: 1.6639, Validation Loss: 4.5506
Epoch 975/1000, Train Loss: 2.1158, Validation Loss: 4.3948
Epoch 976/1000, Train Loss: 1.8630, Validation Loss: 3.3282
Epoch 977/1000, Train Loss: 2.0877, Validation Loss: 5.2268
Epoch 978/1000, Train Loss: 1.5961, Validation Loss: 2.7687
Epoch 979/1000, Train Loss: 1.7788, Validation Loss: 2.9155
Epoch 980/1000, Train Loss: 1.3643, Validation Loss: 3.1480
Epoch 981/1000, Train Loss: 1.1021, Validation Loss: 5.8715
Epoch 982/1000, Train Loss: 1.0821, Validation Loss: 6.2325
Epoch 983/1000, Train Loss: 52.1560, Validation Loss: 1.2473
Epoch 984/1000, Train Loss: 1.0916, Validation Loss: 15.3881
Epoch 985/1000, Train Loss: 0.9870, Validation Loss: 13.9034
Epoch 986/1000, Train Loss: 1.2785, Validation Loss: 1.5265
Epoch 987/1000, Train Loss: 1.0949, Validation Loss: 4.2341
Epoch 988/1000, Train Loss: 2820.4932, Validation Loss: 35.0528
Epoch 989/1000, Train Loss: 1.2876, Validation Loss: 3.4682
Epoch 990/1000, Train Loss: 1.6836, Validation Loss: 3.3728
Epoch 991/1000, Train Loss: 1.0534, Validation Loss: 2.0789
Epoch 992/1000, Train Loss: 1.8444, Validation Loss: 2.2375
Epoch 993/1000, Train Loss: 1.1427, Validation Loss: 3.8153
Epoch 994/1000, Train Loss: 6.4089, Validation Loss: 3.4490
Epoch 995/1000, Train Loss: 1.1611, Validation Loss: 0.9014
Epoch 996/1000, Train Loss: 1.3342, Validation Loss: 2.4142
Epoch 997/1000, Train Loss: 1.0798, Validation Loss: 3.5046
Epoch 998/1000, Train Loss: 1.3513, Validation Loss: 3.6058
Epoch 999/1000, Train Loss: 9.9047, Validation Loss: 8.5916
Epoch 1000/1000, Train Loss: 1.4623, Validation Loss: 3.3779
Best Training Loss: 0.8734
Best Training Loss Epoch: 302
Best Validation Loss: 0.8871
Best Validation Loss Epoch: 663
Time taken for training: 0-13:45:02
Test Loss: 0.9083
Test MAPE: 143744.8906%
Error Statistics:
count    4.127200e+04
mean     1.043211e+03
std      4.610229e+04
min      6.198883e-06
25%      3.959988e-01
50%      2.144462e+00
75%      3.074069e+01
max      7.492102e+06
Name: Absolute Error, dtype: float64
Training complete. Final model saved.
Saving model as a wandb Artifact...
Model artifact logged successfully.
[1;34mwandb[0m: 
[1;34mwandb[0m: 🚀 View run [33musual-sweep-5[0m at: [34mhttps://wandb.ai/mk8737-new-york-university/rl_pretrain_hp_sweeps/runs/wkdhqwpn[0m
[1;34mwandb[0m: Find logs at: [1;35mwandb/run-20251126_011607-wkdhqwpn/logs[0m
Agent finished.
