Waiting for sweep ID...
Found Sweep ID: o2yj2zlq
Starting wandb agent for sweep o2yj2zlq...
TRAINING DEVICE: cpu
Run Name: GCN_sag_hp_sweep_sag_o2yj2zlq-mlfowefb
finidhed preparing data
Loading dataset from pretrain_dataset_12.5k_fixed_duplicates.pkl
Loaded 412712 data objects.
finished preparing data
Epoch 1/1000, Train Loss: 3.2194, Validation Loss: 1.7989
Epoch 2/1000, Train Loss: 1.5155, Validation Loss: 2.6504
Epoch 3/1000, Train Loss: 1.5494, Validation Loss: 2.6666
Epoch 4/1000, Train Loss: 1.9259, Validation Loss: 1.5201
Epoch 5/1000, Train Loss: 1.8025, Validation Loss: 1.2910
Epoch 6/1000, Train Loss: 1.7669, Validation Loss: 5.2266
Epoch 7/1000, Train Loss: 2.0509, Validation Loss: 1.3237
Epoch 8/1000, Train Loss: 2.2533, Validation Loss: 4.8910
Epoch 9/1000, Train Loss: 2.0579, Validation Loss: 2.2711
Epoch 10/1000, Train Loss: 1.5553, Validation Loss: 3.2168
Epoch 11/1000, Train Loss: 1.8690, Validation Loss: 1.7742
Epoch 12/1000, Train Loss: 1.7197, Validation Loss: 1.7121
Epoch 13/1000, Train Loss: 4.4957, Validation Loss: 10.4652
Epoch 14/1000, Train Loss: 1.6498, Validation Loss: 2.7127
Epoch 15/1000, Train Loss: 1.7145, Validation Loss: 2.0494
Epoch 16/1000, Train Loss: 1.9616, Validation Loss: 3.7318
Epoch 17/1000, Train Loss: 1.5505, Validation Loss: 3.6857
Epoch 18/1000, Train Loss: 1.6308, Validation Loss: 4.8692
Epoch 19/1000, Train Loss: 1.4346, Validation Loss: 1.9841
Epoch 20/1000, Train Loss: 1.6571, Validation Loss: 1.5634
Epoch 21/1000, Train Loss: 1.3420, Validation Loss: 2.7200
Epoch 22/1000, Train Loss: 1.1301, Validation Loss: 1.2120
Epoch 23/1000, Train Loss: 1.2615, Validation Loss: 7.8095
Epoch 24/1000, Train Loss: 1.4759, Validation Loss: 2.0846
Epoch 25/1000, Train Loss: 1.5603, Validation Loss: 5.6533
Epoch 26/1000, Train Loss: 1.5882, Validation Loss: 2.7657
Epoch 27/1000, Train Loss: 1.4860, Validation Loss: 1.7453
Epoch 28/1000, Train Loss: 1.4892, Validation Loss: 6.0247
Epoch 29/1000, Train Loss: 1.5003, Validation Loss: 1.1089
Epoch 30/1000, Train Loss: 1.3683, Validation Loss: 1.5192
Epoch 31/1000, Train Loss: 1.5882, Validation Loss: 3.9384
Epoch 32/1000, Train Loss: 1.2047, Validation Loss: 2.3055
Epoch 33/1000, Train Loss: 1.2187, Validation Loss: 3.1058
Epoch 34/1000, Train Loss: 1.4281, Validation Loss: 1.1096
Epoch 35/1000, Train Loss: 1.2877, Validation Loss: 2.5049
Epoch 36/1000, Train Loss: 1.5355, Validation Loss: 2.3435
Epoch 37/1000, Train Loss: 1.2921, Validation Loss: 1.3033
Epoch 38/1000, Train Loss: 1.3238, Validation Loss: 1.3877
Epoch 39/1000, Train Loss: 1.1681, Validation Loss: 3.2013
Epoch 40/1000, Train Loss: 1.3748, Validation Loss: 1.9484
Epoch 41/1000, Train Loss: 1.2879, Validation Loss: 4.0606
Epoch 42/1000, Train Loss: 1.2883, Validation Loss: 1.9608
Epoch 43/1000, Train Loss: 1.3449, Validation Loss: 3.2629
Epoch 44/1000, Train Loss: 1.2679, Validation Loss: 2.2583
Epoch 45/1000, Train Loss: 1.2699, Validation Loss: 2.5646
Epoch 46/1000, Train Loss: 1.1389, Validation Loss: 1.5747
Epoch 47/1000, Train Loss: 1.2060, Validation Loss: 1.6628
Epoch 48/1000, Train Loss: 1.0653, Validation Loss: 1.1751
Epoch 49/1000, Train Loss: 1.1758, Validation Loss: 2.5197
Epoch 50/1000, Train Loss: 1.1226, Validation Loss: 1.0357
Epoch 51/1000, Train Loss: 1.3230, Validation Loss: 1.6502
Epoch 52/1000, Train Loss: 1.2048, Validation Loss: 86.4016
Epoch 53/1000, Train Loss: 1.1309, Validation Loss: 1.1667
Epoch 54/1000, Train Loss: 1.0677, Validation Loss: 2.1687
Epoch 55/1000, Train Loss: 1.1705, Validation Loss: 2.4174
Epoch 56/1000, Train Loss: 1.0934, Validation Loss: 5.3178
Epoch 57/1000, Train Loss: 1.0749, Validation Loss: 1.7558
Epoch 58/1000, Train Loss: 0.9829, Validation Loss: 1.4122
Epoch 59/1000, Train Loss: 0.9779, Validation Loss: 1.1602
Epoch 60/1000, Train Loss: 1.1622, Validation Loss: 1.8867
Epoch 61/1000, Train Loss: 1.1086, Validation Loss: 1.0632
Epoch 62/1000, Train Loss: 1.0609, Validation Loss: 1.2254
Epoch 63/1000, Train Loss: 1.0174, Validation Loss: 0.8997
Epoch 64/1000, Train Loss: 0.8945, Validation Loss: 2.4982
Epoch 65/1000, Train Loss: 1.0450, Validation Loss: 1.9929
Epoch 66/1000, Train Loss: 1.1220, Validation Loss: 2.9580
Epoch 67/1000, Train Loss: 0.9177, Validation Loss: 2.2991
Epoch 68/1000, Train Loss: 1.0218, Validation Loss: 0.8695
Epoch 69/1000, Train Loss: 0.9241, Validation Loss: 2.3430
Epoch 70/1000, Train Loss: 0.9375, Validation Loss: 2.6954
Epoch 71/1000, Train Loss: 1.0327, Validation Loss: 8.0806
Epoch 72/1000, Train Loss: 1.0350, Validation Loss: 1.9192
Epoch 73/1000, Train Loss: 0.8790, Validation Loss: 2.2108
Epoch 74/1000, Train Loss: 0.8939, Validation Loss: 0.9534
Epoch 75/1000, Train Loss: 0.7977, Validation Loss: 1.6151
Epoch 76/1000, Train Loss: 0.7673, Validation Loss: 3.4110
Epoch 77/1000, Train Loss: 0.7493, Validation Loss: 0.8126
Epoch 78/1000, Train Loss: 0.9990, Validation Loss: 2.4185
Epoch 79/1000, Train Loss: 0.8436, Validation Loss: 5.4065
Epoch 80/1000, Train Loss: 0.9954, Validation Loss: 2.2305
Epoch 81/1000, Train Loss: 0.8591, Validation Loss: 1.2464
Epoch 82/1000, Train Loss: 0.8322, Validation Loss: 0.7298
Epoch 83/1000, Train Loss: 0.9140, Validation Loss: 0.7308
Epoch 84/1000, Train Loss: 0.8605, Validation Loss: 1.1325
Epoch 85/1000, Train Loss: 0.9014, Validation Loss: 2.1190
Epoch 86/1000, Train Loss: 0.9371, Validation Loss: 1.6958
Epoch 87/1000, Train Loss: 0.8886, Validation Loss: 1.2794
Epoch 88/1000, Train Loss: 0.9152, Validation Loss: 1.3545
Epoch 89/1000, Train Loss: 0.8214, Validation Loss: 2.6975
Epoch 90/1000, Train Loss: 0.8281, Validation Loss: 1.1807
Epoch 91/1000, Train Loss: 0.8631, Validation Loss: 1.3547
Epoch 92/1000, Train Loss: 0.8950, Validation Loss: 0.8849
Epoch 93/1000, Train Loss: 0.8482, Validation Loss: 2.0842
Epoch 94/1000, Train Loss: 0.8678, Validation Loss: 0.8746
Epoch 95/1000, Train Loss: 0.8476, Validation Loss: 0.8383
Epoch 96/1000, Train Loss: 0.7788, Validation Loss: 2.1372
Epoch 97/1000, Train Loss: 0.7721, Validation Loss: 0.7070
Epoch 98/1000, Train Loss: 0.8580, Validation Loss: 2.0201
Epoch 99/1000, Train Loss: 0.9557, Validation Loss: 3.4255
Epoch 100/1000, Train Loss: 0.9534, Validation Loss: 0.7706
Epoch 101/1000, Train Loss: 0.8127, Validation Loss: 2.6934
Epoch 102/1000, Train Loss: 0.8261, Validation Loss: 1.0641
Epoch 103/1000, Train Loss: 0.8575, Validation Loss: 1.7605
Epoch 104/1000, Train Loss: 0.9778, Validation Loss: 1.7741
Epoch 105/1000, Train Loss: 1.0312, Validation Loss: 1.9496
Epoch 106/1000, Train Loss: 0.9129, Validation Loss: 1.5195
Epoch 107/1000, Train Loss: 0.9168, Validation Loss: 0.7490
Epoch 108/1000, Train Loss: 1.0048, Validation Loss: 3.7686
Epoch 109/1000, Train Loss: 0.9087, Validation Loss: 0.8104
Epoch 110/1000, Train Loss: 0.8319, Validation Loss: 0.8567
Epoch 111/1000, Train Loss: 0.8664, Validation Loss: 0.9463
Epoch 112/1000, Train Loss: 0.7975, Validation Loss: 0.9077
Epoch 113/1000, Train Loss: 0.8604, Validation Loss: 1.8011
Epoch 114/1000, Train Loss: 0.8035, Validation Loss: 0.8899
Epoch 115/1000, Train Loss: 0.8416, Validation Loss: 1.3790
Epoch 116/1000, Train Loss: 0.8200, Validation Loss: 0.7237
Epoch 117/1000, Train Loss: 0.8015, Validation Loss: 1.7610
Epoch 118/1000, Train Loss: 0.7543, Validation Loss: 0.9123
Epoch 119/1000, Train Loss: 0.9116, Validation Loss: 0.9985
Epoch 120/1000, Train Loss: 0.7329, Validation Loss: 9.2985
Epoch 121/1000, Train Loss: 0.8855, Validation Loss: 1.3983
Epoch 122/1000, Train Loss: 0.9697, Validation Loss: 2.5608
Epoch 123/1000, Train Loss: 0.8878, Validation Loss: 4.3441
Epoch 124/1000, Train Loss: 0.8542, Validation Loss: 1.1138
Epoch 125/1000, Train Loss: 0.8962, Validation Loss: 2.1011
Epoch 126/1000, Train Loss: 0.8923, Validation Loss: 1.5599
Epoch 127/1000, Train Loss: 0.7954, Validation Loss: 0.7172
Epoch 128/1000, Train Loss: 0.8851, Validation Loss: 3.2898
Epoch 129/1000, Train Loss: 0.9446, Validation Loss: 1.1394
Epoch 130/1000, Train Loss: 0.7989, Validation Loss: 1.1989
Epoch 131/1000, Train Loss: 0.8423, Validation Loss: 1.4460
Epoch 132/1000, Train Loss: 0.7842, Validation Loss: 3.1132
Epoch 133/1000, Train Loss: 0.8379, Validation Loss: 5.8085
Epoch 134/1000, Train Loss: 0.8277, Validation Loss: 2.6099
Epoch 135/1000, Train Loss: 0.8566, Validation Loss: 2.0625
Epoch 136/1000, Train Loss: 0.7161, Validation Loss: 2.2127
Epoch 137/1000, Train Loss: 0.7539, Validation Loss: 1.5890
Epoch 138/1000, Train Loss: 0.6902, Validation Loss: 1.6406
Epoch 139/1000, Train Loss: 0.7020, Validation Loss: 2.7910
Epoch 140/1000, Train Loss: 0.6709, Validation Loss: 0.6547
Epoch 141/1000, Train Loss: 0.7028, Validation Loss: 2.1202
Epoch 142/1000, Train Loss: 0.6897, Validation Loss: 0.8198
Epoch 143/1000, Train Loss: 0.7347, Validation Loss: 1.6492
Epoch 144/1000, Train Loss: 0.7046, Validation Loss: 7.1692
Epoch 145/1000, Train Loss: 0.7548, Validation Loss: 0.9304
Epoch 146/1000, Train Loss: 0.7408, Validation Loss: 1.1632
Epoch 147/1000, Train Loss: 0.6940, Validation Loss: 1.0322
Epoch 148/1000, Train Loss: 0.6594, Validation Loss: 1.7336
Epoch 149/1000, Train Loss: 0.9913, Validation Loss: 0.8647
Epoch 150/1000, Train Loss: 0.8383, Validation Loss: 0.7247
Epoch 151/1000, Train Loss: 0.8822, Validation Loss: 3.2207
Epoch 152/1000, Train Loss: 0.8422, Validation Loss: 3.0702
Epoch 153/1000, Train Loss: 1.0323, Validation Loss: 1.4578
Epoch 154/1000, Train Loss: 0.9038, Validation Loss: 1.6396
Epoch 155/1000, Train Loss: 0.8147, Validation Loss: 0.7684
Epoch 156/1000, Train Loss: 0.6507, Validation Loss: 0.9061
Epoch 157/1000, Train Loss: 0.7578, Validation Loss: 2.2304
Epoch 158/1000, Train Loss: 0.7092, Validation Loss: 1.8484
Epoch 159/1000, Train Loss: 0.6986, Validation Loss: 0.9498
Epoch 160/1000, Train Loss: 0.6995, Validation Loss: 3.3950
Epoch 161/1000, Train Loss: 0.8573, Validation Loss: 0.7164
Epoch 162/1000, Train Loss: 0.6875, Validation Loss: 1.5168
Epoch 163/1000, Train Loss: 0.9031, Validation Loss: 1.9409
Epoch 164/1000, Train Loss: 0.8077, Validation Loss: 11.2195
Epoch 165/1000, Train Loss: 0.8952, Validation Loss: 1.7807
Epoch 166/1000, Train Loss: 0.6853, Validation Loss: 2.7117
Epoch 167/1000, Train Loss: 0.9357, Validation Loss: 2.4551
Epoch 168/1000, Train Loss: 0.8421, Validation Loss: 1.6844
Epoch 169/1000, Train Loss: 0.8100, Validation Loss: 1.4227
Epoch 170/1000, Train Loss: 0.8613, Validation Loss: 1.6195
Epoch 171/1000, Train Loss: 0.7562, Validation Loss: 2.4379
Epoch 172/1000, Train Loss: 0.8359, Validation Loss: 3.2680
Epoch 173/1000, Train Loss: 0.7073, Validation Loss: 0.8454
Epoch 174/1000, Train Loss: 0.7252, Validation Loss: 2.0043
Epoch 175/1000, Train Loss: 0.7334, Validation Loss: 0.6937
Epoch 176/1000, Train Loss: 0.7509, Validation Loss: 1.1440
Epoch 177/1000, Train Loss: 0.8892, Validation Loss: 2.1701
Epoch 178/1000, Train Loss: 0.8639, Validation Loss: 8.0192
Epoch 179/1000, Train Loss: 0.7593, Validation Loss: 2.1260
Epoch 180/1000, Train Loss: 0.6439, Validation Loss: 0.7042
Epoch 181/1000, Train Loss: 0.8612, Validation Loss: 1.7451
Epoch 182/1000, Train Loss: 0.8354, Validation Loss: 1.5905
Epoch 183/1000, Train Loss: 0.7858, Validation Loss: 5.1536
Epoch 184/1000, Train Loss: 0.7819, Validation Loss: 2.8840
Epoch 185/1000, Train Loss: 0.7651, Validation Loss: 1.8988
Epoch 186/1000, Train Loss: 0.7336, Validation Loss: 0.8341
Epoch 187/1000, Train Loss: 0.6813, Validation Loss: 1.7802
Epoch 188/1000, Train Loss: 0.7160, Validation Loss: 1.1109
Epoch 189/1000, Train Loss: 0.8402, Validation Loss: 2.2454
Epoch 190/1000, Train Loss: 0.6848, Validation Loss: 1.3206
Epoch 191/1000, Train Loss: 0.6940, Validation Loss: 1.0466
Epoch 192/1000, Train Loss: 0.7432, Validation Loss: 1.8594
Epoch 193/1000, Train Loss: 0.7722, Validation Loss: 38.9134
Epoch 194/1000, Train Loss: 0.6700, Validation Loss: 1.8878
Epoch 195/1000, Train Loss: 0.6802, Validation Loss: 1.5475
Epoch 196/1000, Train Loss: 0.6910, Validation Loss: 1.1378
Epoch 197/1000, Train Loss: 0.7222, Validation Loss: 1.9493
Epoch 198/1000, Train Loss: 0.6270, Validation Loss: 2.9949
Epoch 199/1000, Train Loss: 0.6791, Validation Loss: 1.1671
Epoch 200/1000, Train Loss: 0.6526, Validation Loss: 1.0005
Epoch 201/1000, Train Loss: 0.6899, Validation Loss: 1.4949
Epoch 202/1000, Train Loss: 0.6091, Validation Loss: 1.7831
Epoch 203/1000, Train Loss: 0.6357, Validation Loss: 0.7586
Epoch 204/1000, Train Loss: 0.7010, Validation Loss: 0.8604
Epoch 205/1000, Train Loss: 0.6532, Validation Loss: 1.5067
Epoch 206/1000, Train Loss: 0.7133, Validation Loss: 1.1943
Epoch 207/1000, Train Loss: 0.6322, Validation Loss: 1.2331
Epoch 208/1000, Train Loss: 0.7782, Validation Loss: 1.4228
Epoch 209/1000, Train Loss: 0.7833, Validation Loss: 5.3989
Epoch 210/1000, Train Loss: 0.9106, Validation Loss: 1.1830
Epoch 211/1000, Train Loss: 0.7653, Validation Loss: 0.9596
Epoch 212/1000, Train Loss: 0.8239, Validation Loss: 1.2141
Epoch 213/1000, Train Loss: 0.7545, Validation Loss: 0.7532
Epoch 214/1000, Train Loss: 0.7192, Validation Loss: 1.8546
Epoch 215/1000, Train Loss: 0.7126, Validation Loss: 0.9193
Epoch 216/1000, Train Loss: 0.7047, Validation Loss: 2.3328
Epoch 217/1000, Train Loss: 0.6964, Validation Loss: 0.7943
Epoch 218/1000, Train Loss: 0.6983, Validation Loss: 0.6419
Epoch 219/1000, Train Loss: 0.7216, Validation Loss: 1.6599
Epoch 220/1000, Train Loss: 0.8080, Validation Loss: 2.9502
Epoch 221/1000, Train Loss: 0.7728, Validation Loss: 1.1042
Epoch 222/1000, Train Loss: 0.6672, Validation Loss: 0.9024
Epoch 223/1000, Train Loss: 0.7218, Validation Loss: 0.6712
Epoch 224/1000, Train Loss: 0.6511, Validation Loss: 0.7586
Epoch 225/1000, Train Loss: 0.6537, Validation Loss: 1.0428
Epoch 226/1000, Train Loss: 0.7295, Validation Loss: 0.8843
Epoch 227/1000, Train Loss: 0.6775, Validation Loss: 2.1286
Epoch 228/1000, Train Loss: 0.7315, Validation Loss: 2.5510
Epoch 229/1000, Train Loss: 0.7844, Validation Loss: 2.7178
Epoch 230/1000, Train Loss: 0.7115, Validation Loss: 0.7652
Epoch 231/1000, Train Loss: 0.7290, Validation Loss: 1.4638
Epoch 232/1000, Train Loss: 0.6863, Validation Loss: 0.8058
Epoch 233/1000, Train Loss: 0.7027, Validation Loss: 1.1782
Epoch 234/1000, Train Loss: 0.6730, Validation Loss: 1.6381
Epoch 235/1000, Train Loss: 0.7265, Validation Loss: 1.7737
Epoch 236/1000, Train Loss: 0.6387, Validation Loss: 1.0681
Epoch 237/1000, Train Loss: 0.7211, Validation Loss: 1.3139
Epoch 238/1000, Train Loss: 0.6462, Validation Loss: 2.9660
Epoch 239/1000, Train Loss: 0.6610, Validation Loss: 1.0300
Epoch 240/1000, Train Loss: 0.6989, Validation Loss: 0.7713
Epoch 241/1000, Train Loss: 0.7817, Validation Loss: 0.9392
Epoch 242/1000, Train Loss: 0.7265, Validation Loss: 1.0245
Epoch 243/1000, Train Loss: 0.6275, Validation Loss: 2.7732
Epoch 244/1000, Train Loss: 0.6048, Validation Loss: 1.2694
Epoch 245/1000, Train Loss: 0.6706, Validation Loss: 1.1077
Epoch 246/1000, Train Loss: 0.8750, Validation Loss: 2.8475
Epoch 247/1000, Train Loss: 0.6923, Validation Loss: 1.4013
Epoch 248/1000, Train Loss: 0.6417, Validation Loss: 2.1219
Epoch 249/1000, Train Loss: 0.6112, Validation Loss: 1.5953
Epoch 250/1000, Train Loss: 0.6071, Validation Loss: 0.8117
Epoch 251/1000, Train Loss: 0.8933, Validation Loss: 2.1742
Epoch 252/1000, Train Loss: 0.6133, Validation Loss: 1.3084
Epoch 253/1000, Train Loss: 0.6313, Validation Loss: 2.0968
Epoch 254/1000, Train Loss: 0.6533, Validation Loss: 2.3249
Epoch 255/1000, Train Loss: 0.6280, Validation Loss: 1.2894
Epoch 256/1000, Train Loss: 0.7155, Validation Loss: 2.1596
Epoch 257/1000, Train Loss: 0.6629, Validation Loss: 0.8361
Epoch 258/1000, Train Loss: 0.5941, Validation Loss: 0.5997
Epoch 259/1000, Train Loss: 0.6766, Validation Loss: 0.9010
Epoch 260/1000, Train Loss: 0.6078, Validation Loss: 2.0079
Epoch 261/1000, Train Loss: 0.7335, Validation Loss: 2.0819
Epoch 262/1000, Train Loss: 0.6485, Validation Loss: 1.8386
Epoch 263/1000, Train Loss: 0.7232, Validation Loss: 2.9008
Epoch 264/1000, Train Loss: 0.7137, Validation Loss: 1.1326
Epoch 265/1000, Train Loss: 0.7776, Validation Loss: 2.7374
Epoch 266/1000, Train Loss: 0.7992, Validation Loss: 1.3471
Epoch 267/1000, Train Loss: 0.6624, Validation Loss: 0.6561
Epoch 268/1000, Train Loss: 0.6573, Validation Loss: 1.3663
Epoch 269/1000, Train Loss: 0.6017, Validation Loss: 1.2746
Epoch 270/1000, Train Loss: 0.6407, Validation Loss: 1.8219
Epoch 271/1000, Train Loss: 0.8769, Validation Loss: 1.6443
Epoch 272/1000, Train Loss: 0.8326, Validation Loss: 3.8169
Epoch 273/1000, Train Loss: 0.7577, Validation Loss: 1.0650
Epoch 274/1000, Train Loss: 0.7276, Validation Loss: 1.0826
Epoch 275/1000, Train Loss: 0.8293, Validation Loss: 2.0273
Epoch 276/1000, Train Loss: 0.6977, Validation Loss: 1.6654
Epoch 277/1000, Train Loss: 0.8285, Validation Loss: 1.5650
Epoch 278/1000, Train Loss: 0.7165, Validation Loss: 1.0819
Epoch 279/1000, Train Loss: 0.7274, Validation Loss: 0.9282
Epoch 280/1000, Train Loss: 0.6528, Validation Loss: 1.5142
Epoch 281/1000, Train Loss: 0.6227, Validation Loss: 1.4787
Epoch 282/1000, Train Loss: 0.6907, Validation Loss: 1.5715
Epoch 283/1000, Train Loss: 0.7127, Validation Loss: 1.4630
Epoch 284/1000, Train Loss: 0.8302, Validation Loss: 2.8949
Epoch 285/1000, Train Loss: 0.6483, Validation Loss: 1.6328
Epoch 286/1000, Train Loss: 0.7303, Validation Loss: 0.8711
Epoch 287/1000, Train Loss: 0.7725, Validation Loss: 0.6708
Epoch 288/1000, Train Loss: 0.7526, Validation Loss: 1.2556
Epoch 289/1000, Train Loss: 0.7536, Validation Loss: 1.1730
Epoch 290/1000, Train Loss: 0.6631, Validation Loss: 3.0746
Epoch 291/1000, Train Loss: 0.6043, Validation Loss: 1.1678
Epoch 292/1000, Train Loss: 0.6283, Validation Loss: 2.6070
Epoch 293/1000, Train Loss: 0.6484, Validation Loss: 2.1464
Epoch 294/1000, Train Loss: 0.6894, Validation Loss: 0.8093
Epoch 295/1000, Train Loss: 0.6692, Validation Loss: 0.9780
Epoch 296/1000, Train Loss: 0.7568, Validation Loss: 1.6338
Epoch 297/1000, Train Loss: 0.6443, Validation Loss: 0.9329
Epoch 298/1000, Train Loss: 0.6244, Validation Loss: 0.9329
Epoch 299/1000, Train Loss: 0.6913, Validation Loss: 1.4716
Epoch 300/1000, Train Loss: 0.6473, Validation Loss: 0.9030
Epoch 301/1000, Train Loss: 0.6021, Validation Loss: 1.4340
Epoch 302/1000, Train Loss: 0.7598, Validation Loss: 1.7468
Epoch 303/1000, Train Loss: 0.6422, Validation Loss: 1.8918
Epoch 304/1000, Train Loss: 0.6967, Validation Loss: 2.1474
Epoch 305/1000, Train Loss: 0.7371, Validation Loss: 0.9306
Epoch 306/1000, Train Loss: 0.7434, Validation Loss: 0.8566
Epoch 307/1000, Train Loss: 0.7306, Validation Loss: 1.3078
Epoch 308/1000, Train Loss: 0.8048, Validation Loss: 2.5610
Epoch 309/1000, Train Loss: 0.6842, Validation Loss: 1.4325
Epoch 310/1000, Train Loss: 0.6517, Validation Loss: 1.0649
Epoch 311/1000, Train Loss: 0.6279, Validation Loss: 2.4378
Epoch 312/1000, Train Loss: 0.5951, Validation Loss: 0.8825
Epoch 313/1000, Train Loss: 0.7712, Validation Loss: 0.8063
Epoch 314/1000, Train Loss: 0.8435, Validation Loss: 1.3149
Epoch 315/1000, Train Loss: 0.6772, Validation Loss: 1.9379
Epoch 316/1000, Train Loss: 0.6555, Validation Loss: 2.4847
Epoch 317/1000, Train Loss: 0.8378, Validation Loss: 3.5758
Epoch 318/1000, Train Loss: 0.7121, Validation Loss: 1.1429
Epoch 319/1000, Train Loss: 0.6649, Validation Loss: 0.9512
Epoch 320/1000, Train Loss: 0.6274, Validation Loss: 1.4475
Epoch 321/1000, Train Loss: 0.7406, Validation Loss: 0.9989
Epoch 322/1000, Train Loss: 0.6898, Validation Loss: 1.3934
Epoch 323/1000, Train Loss: 0.6953, Validation Loss: 1.2614
Epoch 324/1000, Train Loss: 0.7703, Validation Loss: 0.7389
Epoch 325/1000, Train Loss: 0.7928, Validation Loss: 0.7903
Epoch 326/1000, Train Loss: 0.6531, Validation Loss: 1.0541
Epoch 327/1000, Train Loss: 0.6087, Validation Loss: 1.1954
Epoch 328/1000, Train Loss: 0.6112, Validation Loss: 1.4253
Epoch 329/1000, Train Loss: 0.5812, Validation Loss: 1.3428
Epoch 330/1000, Train Loss: 0.6161, Validation Loss: 1.0694
Epoch 331/1000, Train Loss: 0.7249, Validation Loss: 1.1342
Epoch 332/1000, Train Loss: 0.6793, Validation Loss: 2.4937
Epoch 333/1000, Train Loss: 0.6221, Validation Loss: 1.0900
Epoch 334/1000, Train Loss: 0.6730, Validation Loss: 2.9531
Epoch 335/1000, Train Loss: 0.6467, Validation Loss: 0.7239
Epoch 336/1000, Train Loss: 0.6282, Validation Loss: 1.4271
Epoch 337/1000, Train Loss: 0.8233, Validation Loss: 3.3766
Epoch 338/1000, Train Loss: 0.6631, Validation Loss: 1.2610
Epoch 339/1000, Train Loss: 0.6315, Validation Loss: 1.3712
Epoch 340/1000, Train Loss: 0.6832, Validation Loss: 0.9431
Epoch 341/1000, Train Loss: 0.6071, Validation Loss: 1.0426
Epoch 342/1000, Train Loss: 0.5911, Validation Loss: 1.4573
Epoch 343/1000, Train Loss: 0.6863, Validation Loss: 2.7703
Epoch 344/1000, Train Loss: 0.6973, Validation Loss: 0.7205
Epoch 345/1000, Train Loss: 0.6193, Validation Loss: 1.6443
Epoch 346/1000, Train Loss: 0.5725, Validation Loss: 1.4650
Epoch 347/1000, Train Loss: 0.5874, Validation Loss: 0.7119
Epoch 348/1000, Train Loss: 0.5875, Validation Loss: 1.1737
Epoch 349/1000, Train Loss: 0.5659, Validation Loss: 3.2403
Epoch 350/1000, Train Loss: 0.5659, Validation Loss: 1.2966
Epoch 351/1000, Train Loss: 0.5771, Validation Loss: 4.1173
Epoch 352/1000, Train Loss: 0.6125, Validation Loss: 2.0275
Epoch 353/1000, Train Loss: 0.5756, Validation Loss: 0.7211
Epoch 354/1000, Train Loss: 0.5699, Validation Loss: 0.7115
Epoch 355/1000, Train Loss: 0.5882, Validation Loss: 1.1857
Epoch 356/1000, Train Loss: 0.5784, Validation Loss: 2.4667
Epoch 357/1000, Train Loss: 0.6788, Validation Loss: 2.4576
Epoch 358/1000, Train Loss: 0.6458, Validation Loss: 0.6005
Epoch 359/1000, Train Loss: 0.6046, Validation Loss: 0.6795
Epoch 360/1000, Train Loss: 0.5895, Validation Loss: 1.3333
Epoch 361/1000, Train Loss: 0.5891, Validation Loss: 1.4108
Epoch 362/1000, Train Loss: 0.5739, Validation Loss: 2.7120
Epoch 363/1000, Train Loss: 0.5696, Validation Loss: 1.1946
Epoch 364/1000, Train Loss: 0.5895, Validation Loss: 1.3370
Epoch 365/1000, Train Loss: 0.5666, Validation Loss: 3.7425
Epoch 366/1000, Train Loss: 0.5722, Validation Loss: 1.3050
Epoch 367/1000, Train Loss: 0.7392, Validation Loss: 0.8897
Epoch 368/1000, Train Loss: 0.6632, Validation Loss: 2.1482
Epoch 369/1000, Train Loss: 0.6309, Validation Loss: 1.5875
Epoch 370/1000, Train Loss: 0.8175, Validation Loss: 1.5064
Epoch 371/1000, Train Loss: 0.8101, Validation Loss: 0.9656
Epoch 372/1000, Train Loss: 0.7279, Validation Loss: 1.8903
Epoch 373/1000, Train Loss: 0.6531, Validation Loss: 0.7104
Epoch 374/1000, Train Loss: 0.6653, Validation Loss: 0.6710
Epoch 375/1000, Train Loss: 0.6175, Validation Loss: 3.4231
Epoch 376/1000, Train Loss: 0.5901, Validation Loss: 1.6038
Epoch 377/1000, Train Loss: 0.5822, Validation Loss: 1.0088
Epoch 378/1000, Train Loss: 0.6261, Validation Loss: 3.0221
Epoch 379/1000, Train Loss: 0.6326, Validation Loss: 2.1628
Epoch 380/1000, Train Loss: 0.8199, Validation Loss: 1.1164
Epoch 381/1000, Train Loss: 0.9152, Validation Loss: 3.3837
Epoch 382/1000, Train Loss: 0.6635, Validation Loss: 2.2566
Epoch 383/1000, Train Loss: 0.7512, Validation Loss: 0.7811
Epoch 384/1000, Train Loss: 0.6441, Validation Loss: 2.2823
Epoch 385/1000, Train Loss: 0.6903, Validation Loss: 1.7561
Epoch 386/1000, Train Loss: 0.6797, Validation Loss: 1.1147
Epoch 387/1000, Train Loss: 0.6816, Validation Loss: 2.6378
Epoch 388/1000, Train Loss: 0.6658, Validation Loss: 1.1958
Epoch 389/1000, Train Loss: 0.6912, Validation Loss: 2.4511
Epoch 390/1000, Train Loss: 0.7614, Validation Loss: 1.0083
Epoch 391/1000, Train Loss: 0.7450, Validation Loss: 1.1760
Epoch 392/1000, Train Loss: 0.6863, Validation Loss: 1.6779
Epoch 393/1000, Train Loss: 0.7743, Validation Loss: 3.0368
Epoch 394/1000, Train Loss: 0.7534, Validation Loss: 1.7586
Epoch 395/1000, Train Loss: 0.8384, Validation Loss: 1.6736
Epoch 396/1000, Train Loss: 0.7100, Validation Loss: 1.7487
Epoch 397/1000, Train Loss: 0.6768, Validation Loss: 1.1453
Epoch 398/1000, Train Loss: 0.6841, Validation Loss: 1.6382
Epoch 399/1000, Train Loss: 0.7433, Validation Loss: 1.5247
Epoch 400/1000, Train Loss: 0.6116, Validation Loss: 1.0972
Epoch 401/1000, Train Loss: 0.7593, Validation Loss: 1.3226
Epoch 402/1000, Train Loss: 0.6336, Validation Loss: 0.9594
Epoch 403/1000, Train Loss: 0.6997, Validation Loss: 2.2264
Epoch 404/1000, Train Loss: 0.6526, Validation Loss: 1.2683
Epoch 405/1000, Train Loss: 0.6282, Validation Loss: 0.9230
Epoch 406/1000, Train Loss: 0.6371, Validation Loss: 1.4029
Epoch 407/1000, Train Loss: 0.6776, Validation Loss: 0.8148
Epoch 408/1000, Train Loss: 0.6447, Validation Loss: 0.9689
Epoch 409/1000, Train Loss: 0.6114, Validation Loss: 0.9617
Epoch 410/1000, Train Loss: 0.5967, Validation Loss: 0.7483
Epoch 411/1000, Train Loss: 0.6730, Validation Loss: 0.8958
Epoch 412/1000, Train Loss: 0.6952, Validation Loss: 0.9655
Epoch 413/1000, Train Loss: 0.6116, Validation Loss: 1.1133
Epoch 414/1000, Train Loss: 0.6238, Validation Loss: 0.9758
Epoch 415/1000, Train Loss: 0.5774, Validation Loss: 0.9077
Epoch 416/1000, Train Loss: 0.6139, Validation Loss: 0.9688
Epoch 417/1000, Train Loss: 0.7812, Validation Loss: 1.3838
Epoch 418/1000, Train Loss: 0.7028, Validation Loss: 0.9043
Epoch 419/1000, Train Loss: 0.5858, Validation Loss: 3.1721
Epoch 420/1000, Train Loss: 0.6496, Validation Loss: 1.7937
Epoch 421/1000, Train Loss: 0.5739, Validation Loss: 1.2590
Epoch 422/1000, Train Loss: 0.6531, Validation Loss: 1.5807
Epoch 423/1000, Train Loss: 0.5887, Validation Loss: 0.8490
Epoch 424/1000, Train Loss: 0.6073, Validation Loss: 1.0098
Epoch 425/1000, Train Loss: 0.7355, Validation Loss: 0.9129
Epoch 426/1000, Train Loss: 0.6389, Validation Loss: 0.9971
Epoch 427/1000, Train Loss: 0.5888, Validation Loss: 1.9082
Epoch 428/1000, Train Loss: 0.6883, Validation Loss: 1.9934
Epoch 429/1000, Train Loss: 0.6918, Validation Loss: 6.1396
Epoch 430/1000, Train Loss: 0.6687, Validation Loss: 4.0233
Epoch 431/1000, Train Loss: 0.5885, Validation Loss: 1.0157
Epoch 432/1000, Train Loss: 0.5933, Validation Loss: 0.8048
Epoch 433/1000, Train Loss: 0.7543, Validation Loss: 2.1011
Epoch 434/1000, Train Loss: 0.6815, Validation Loss: 2.2775
Epoch 435/1000, Train Loss: 0.6202, Validation Loss: 2.9568
Epoch 436/1000, Train Loss: 0.7271, Validation Loss: 1.0191
Epoch 437/1000, Train Loss: 0.6433, Validation Loss: 1.4889
Epoch 438/1000, Train Loss: 0.6089, Validation Loss: 0.9056
Epoch 439/1000, Train Loss: 0.6252, Validation Loss: 1.3753
Epoch 440/1000, Train Loss: 0.7001, Validation Loss: 2.4046
Epoch 441/1000, Train Loss: 0.7607, Validation Loss: 0.7049
Epoch 442/1000, Train Loss: 0.7597, Validation Loss: 0.6871
Epoch 443/1000, Train Loss: 0.6272, Validation Loss: 5.0060
Epoch 444/1000, Train Loss: 0.5911, Validation Loss: 0.8347
Epoch 445/1000, Train Loss: 0.6234, Validation Loss: 1.8537
Epoch 446/1000, Train Loss: 0.7162, Validation Loss: 1.9782
Epoch 447/1000, Train Loss: 0.6102, Validation Loss: 2.1264
Epoch 448/1000, Train Loss: 0.7120, Validation Loss: 1.6478
Epoch 449/1000, Train Loss: 0.7533, Validation Loss: 1.8560
Epoch 450/1000, Train Loss: 0.7335, Validation Loss: 1.3194
Epoch 451/1000, Train Loss: 0.6402, Validation Loss: 0.9723
Epoch 452/1000, Train Loss: 0.5911, Validation Loss: 1.8651
Epoch 453/1000, Train Loss: 0.6732, Validation Loss: 2.4679
Epoch 454/1000, Train Loss: 0.6955, Validation Loss: 1.7717
Epoch 455/1000, Train Loss: 0.6807, Validation Loss: 3.6050
Epoch 456/1000, Train Loss: 0.6555, Validation Loss: 1.9392
Epoch 457/1000, Train Loss: 0.6134, Validation Loss: 1.0437
Epoch 458/1000, Train Loss: 0.7678, Validation Loss: 1.9206
Epoch 459/1000, Train Loss: 0.7294, Validation Loss: 1.1086
Epoch 460/1000, Train Loss: 0.7337, Validation Loss: 1.1444
Epoch 461/1000, Train Loss: 0.7466, Validation Loss: 3.3172
Epoch 462/1000, Train Loss: 0.6065, Validation Loss: 1.1556
Epoch 463/1000, Train Loss: 0.7395, Validation Loss: 1.7020
Epoch 464/1000, Train Loss: 0.6877, Validation Loss: 1.2161
Epoch 465/1000, Train Loss: 0.5880, Validation Loss: 1.7988
Epoch 466/1000, Train Loss: 0.6824, Validation Loss: 0.8840
Epoch 467/1000, Train Loss: 0.6988, Validation Loss: 2.1813
Epoch 468/1000, Train Loss: 0.6607, Validation Loss: 1.3992
Epoch 469/1000, Train Loss: 0.6517, Validation Loss: 1.1395
Epoch 470/1000, Train Loss: 0.6172, Validation Loss: 0.6604
Epoch 471/1000, Train Loss: 0.6673, Validation Loss: 2.8977
Epoch 472/1000, Train Loss: 0.7265, Validation Loss: 3.7851
Epoch 473/1000, Train Loss: 0.6372, Validation Loss: 0.9114
Epoch 474/1000, Train Loss: 0.7176, Validation Loss: 0.7505
Epoch 475/1000, Train Loss: 0.7225, Validation Loss: 1.6190
Epoch 476/1000, Train Loss: 0.6018, Validation Loss: 1.2014
Epoch 477/1000, Train Loss: 0.6248, Validation Loss: 1.2166
Epoch 478/1000, Train Loss: 0.6743, Validation Loss: 1.3724
Epoch 479/1000, Train Loss: 0.6537, Validation Loss: 0.8918
Epoch 480/1000, Train Loss: 0.6037, Validation Loss: 1.4376
Epoch 481/1000, Train Loss: 0.6153, Validation Loss: 1.0017
Epoch 482/1000, Train Loss: 0.7573, Validation Loss: 0.7475
Epoch 483/1000, Train Loss: 0.6666, Validation Loss: 2.9131
Epoch 484/1000, Train Loss: 0.6853, Validation Loss: 0.9108
Epoch 485/1000, Train Loss: 0.6711, Validation Loss: 1.8603
Epoch 486/1000, Train Loss: 0.6516, Validation Loss: 1.2604
Epoch 487/1000, Train Loss: 0.7329, Validation Loss: 0.8425
Epoch 488/1000, Train Loss: 0.7273, Validation Loss: 2.6092
Epoch 489/1000, Train Loss: 0.5800, Validation Loss: 0.8699
Epoch 490/1000, Train Loss: 0.5547, Validation Loss: 2.4686
Epoch 491/1000, Train Loss: 0.8263, Validation Loss: 0.7777
Epoch 492/1000, Train Loss: 0.7970, Validation Loss: 1.2941
Epoch 493/1000, Train Loss: 0.6663, Validation Loss: 0.9752
Epoch 494/1000, Train Loss: 0.6245, Validation Loss: 1.7767
Epoch 495/1000, Train Loss: 0.7001, Validation Loss: 1.7109
Epoch 496/1000, Train Loss: 0.7768, Validation Loss: 0.8618
Epoch 497/1000, Train Loss: 0.5957, Validation Loss: 1.0901
Epoch 498/1000, Train Loss: 0.6431, Validation Loss: 1.4415
Epoch 499/1000, Train Loss: 0.5936, Validation Loss: 1.9589
Epoch 500/1000, Train Loss: 0.6803, Validation Loss: 1.5632
Epoch 501/1000, Train Loss: 0.6859, Validation Loss: 1.0979
Epoch 502/1000, Train Loss: 0.5839, Validation Loss: 6.4929
Epoch 503/1000, Train Loss: 0.5770, Validation Loss: 0.9316
Epoch 504/1000, Train Loss: 0.5693, Validation Loss: 1.7834
Epoch 505/1000, Train Loss: 0.5850, Validation Loss: 1.2903
Epoch 506/1000, Train Loss: 0.5753, Validation Loss: 2.1120
Epoch 507/1000, Train Loss: 0.5751, Validation Loss: 1.2409
Epoch 508/1000, Train Loss: 0.5677, Validation Loss: 1.1995
Epoch 509/1000, Train Loss: 0.5557, Validation Loss: 1.4513
Epoch 510/1000, Train Loss: 0.5960, Validation Loss: 0.7708
Epoch 511/1000, Train Loss: 0.5675, Validation Loss: 1.3024
Epoch 512/1000, Train Loss: 0.5654, Validation Loss: 1.5683
Epoch 513/1000, Train Loss: 0.5806, Validation Loss: 0.9137
Epoch 514/1000, Train Loss: 0.5791, Validation Loss: 1.6469
Epoch 515/1000, Train Loss: 0.5723, Validation Loss: 1.2959
Epoch 516/1000, Train Loss: 0.5744, Validation Loss: 3.0574
Epoch 517/1000, Train Loss: 0.5761, Validation Loss: 1.2216
Epoch 518/1000, Train Loss: 0.5958, Validation Loss: 0.7934
Epoch 519/1000, Train Loss: 0.5791, Validation Loss: 1.5653
Epoch 520/1000, Train Loss: 0.6241, Validation Loss: 0.6903
Epoch 521/1000, Train Loss: 0.6401, Validation Loss: 1.8838
Epoch 522/1000, Train Loss: 0.6104, Validation Loss: 0.7321
Epoch 523/1000, Train Loss: 0.6178, Validation Loss: 1.5612
Epoch 524/1000, Train Loss: 0.5728, Validation Loss: 0.9591
Epoch 525/1000, Train Loss: 0.6508, Validation Loss: 1.5329
Epoch 526/1000, Train Loss: 0.6102, Validation Loss: 0.8904
Epoch 527/1000, Train Loss: 0.6183, Validation Loss: 2.3630
Epoch 528/1000, Train Loss: 0.6224, Validation Loss: 0.6929
Epoch 529/1000, Train Loss: 0.6040, Validation Loss: 0.7533
Epoch 530/1000, Train Loss: 0.6578, Validation Loss: 3.1679
Epoch 531/1000, Train Loss: 0.7078, Validation Loss: 2.8358
Epoch 532/1000, Train Loss: 0.6648, Validation Loss: 2.1296
Epoch 533/1000, Train Loss: 0.6322, Validation Loss: 0.8368
Epoch 534/1000, Train Loss: 0.6665, Validation Loss: 4.5274
Epoch 535/1000, Train Loss: 0.7328, Validation Loss: 1.5932
Epoch 536/1000, Train Loss: 0.6129, Validation Loss: 1.7162
Epoch 537/1000, Train Loss: 0.5723, Validation Loss: 0.5868
Epoch 538/1000, Train Loss: 0.6699, Validation Loss: 2.5373
Epoch 539/1000, Train Loss: 0.6045, Validation Loss: 2.5198
Epoch 540/1000, Train Loss: 0.6035, Validation Loss: 1.3860
Epoch 541/1000, Train Loss: 0.7018, Validation Loss: 1.1397
Epoch 542/1000, Train Loss: 0.6245, Validation Loss: 0.6263
Epoch 543/1000, Train Loss: 0.5859, Validation Loss: 1.8710
Epoch 544/1000, Train Loss: 0.6093, Validation Loss: 2.1076
Epoch 545/1000, Train Loss: 0.6520, Validation Loss: 1.7039
Epoch 546/1000, Train Loss: 0.7432, Validation Loss: 1.7391
Epoch 547/1000, Train Loss: 0.6551, Validation Loss: 1.2782
Epoch 548/1000, Train Loss: 0.6128, Validation Loss: 1.5509
Epoch 549/1000, Train Loss: 0.6593, Validation Loss: 0.6532
Epoch 550/1000, Train Loss: 0.6652, Validation Loss: 1.3006
Epoch 551/1000, Train Loss: 0.7088, Validation Loss: 2.6476
Epoch 552/1000, Train Loss: 0.5929, Validation Loss: 0.9646
Epoch 553/1000, Train Loss: 0.5466, Validation Loss: 2.6676
Epoch 554/1000, Train Loss: 0.5536, Validation Loss: 2.3610
Epoch 555/1000, Train Loss: 0.6899, Validation Loss: 1.4477
Epoch 556/1000, Train Loss: 0.5629, Validation Loss: 1.1973
Epoch 557/1000, Train Loss: 0.7073, Validation Loss: 2.8259
Epoch 558/1000, Train Loss: 0.6379, Validation Loss: 1.6714
Epoch 559/1000, Train Loss: 0.5606, Validation Loss: 2.4810
Epoch 560/1000, Train Loss: 0.5623, Validation Loss: 0.9732
Epoch 561/1000, Train Loss: 0.5595, Validation Loss: 1.1479
Epoch 562/1000, Train Loss: 0.6208, Validation Loss: 1.5303
Epoch 563/1000, Train Loss: 0.5600, Validation Loss: 1.1258
Epoch 564/1000, Train Loss: 0.5975, Validation Loss: 1.9250
Epoch 565/1000, Train Loss: 0.6176, Validation Loss: 0.6125
Epoch 566/1000, Train Loss: 0.6345, Validation Loss: 1.0570
Epoch 567/1000, Train Loss: 0.5461, Validation Loss: 0.7022
Epoch 568/1000, Train Loss: 0.5578, Validation Loss: 2.3034
Epoch 569/1000, Train Loss: 0.5695, Validation Loss: 0.7460
Epoch 570/1000, Train Loss: 0.5631, Validation Loss: 0.6448
Epoch 571/1000, Train Loss: 0.6955, Validation Loss: 0.9182
Epoch 572/1000, Train Loss: 0.6033, Validation Loss: 4.6578
Epoch 573/1000, Train Loss: 0.7357, Validation Loss: 0.9771
Epoch 574/1000, Train Loss: 0.7403, Validation Loss: 0.9946
Epoch 575/1000, Train Loss: 0.7144, Validation Loss: 0.9292
Epoch 576/1000, Train Loss: 0.6148, Validation Loss: 1.7537
Epoch 577/1000, Train Loss: 0.7755, Validation Loss: 1.6057
Epoch 578/1000, Train Loss: 0.7250, Validation Loss: 2.1705
Epoch 579/1000, Train Loss: 0.7564, Validation Loss: 1.2269
Epoch 580/1000, Train Loss: 0.6042, Validation Loss: 1.0187
Epoch 581/1000, Train Loss: 0.6982, Validation Loss: 1.4499
Epoch 582/1000, Train Loss: 0.6293, Validation Loss: 0.9012
Epoch 583/1000, Train Loss: 0.6365, Validation Loss: 2.9283
Epoch 584/1000, Train Loss: 0.6631, Validation Loss: 0.9539
Epoch 585/1000, Train Loss: 0.5520, Validation Loss: 0.8587
Epoch 586/1000, Train Loss: 0.5394, Validation Loss: 0.9256
Epoch 587/1000, Train Loss: 0.6726, Validation Loss: 1.2872
Epoch 588/1000, Train Loss: 0.5453, Validation Loss: 1.3961
Epoch 589/1000, Train Loss: 0.5391, Validation Loss: 1.6825
Epoch 590/1000, Train Loss: 0.5969, Validation Loss: 4.1814
Epoch 591/1000, Train Loss: 0.6855, Validation Loss: 0.7890
Epoch 592/1000, Train Loss: 0.7827, Validation Loss: 1.7713
Epoch 593/1000, Train Loss: 0.6073, Validation Loss: 1.0308
Epoch 594/1000, Train Loss: 0.6559, Validation Loss: 5.1430
Epoch 595/1000, Train Loss: 0.6330, Validation Loss: 1.0043
Epoch 596/1000, Train Loss: 0.7688, Validation Loss: 2.6076
Epoch 597/1000, Train Loss: 0.6234, Validation Loss: 1.9928
Epoch 598/1000, Train Loss: 0.5654, Validation Loss: 0.8358
Epoch 599/1000, Train Loss: 0.7573, Validation Loss: 2.4288
Epoch 600/1000, Train Loss: 0.8596, Validation Loss: 0.8372
Epoch 601/1000, Train Loss: 0.6421, Validation Loss: 1.9365
Epoch 602/1000, Train Loss: 0.6021, Validation Loss: 1.7329
Epoch 603/1000, Train Loss: 0.6301, Validation Loss: 1.2892
Epoch 604/1000, Train Loss: 0.6151, Validation Loss: 1.8818
Epoch 605/1000, Train Loss: 0.6333, Validation Loss: 1.7754
Epoch 606/1000, Train Loss: 0.6824, Validation Loss: 2.1089
Epoch 607/1000, Train Loss: 0.6466, Validation Loss: 1.4277
Epoch 608/1000, Train Loss: 0.6438, Validation Loss: 1.6167
Epoch 609/1000, Train Loss: 0.6374, Validation Loss: 1.0436
Epoch 610/1000, Train Loss: 0.6522, Validation Loss: 1.6016
Epoch 611/1000, Train Loss: 0.7005, Validation Loss: 2.6776
Epoch 612/1000, Train Loss: 0.6551, Validation Loss: 2.0698
Epoch 613/1000, Train Loss: 0.7452, Validation Loss: 1.9270
Epoch 614/1000, Train Loss: 0.5763, Validation Loss: 2.4738
Epoch 615/1000, Train Loss: 0.7526, Validation Loss: 1.6594
Epoch 616/1000, Train Loss: 0.8374, Validation Loss: 1.9653
Epoch 617/1000, Train Loss: 0.7428, Validation Loss: 2.5758
Epoch 618/1000, Train Loss: 0.6882, Validation Loss: 1.9044
Epoch 619/1000, Train Loss: 0.7545, Validation Loss: 2.6231
Epoch 620/1000, Train Loss: 0.7125, Validation Loss: 1.2174
Epoch 621/1000, Train Loss: 0.7485, Validation Loss: 0.9076
Epoch 622/1000, Train Loss: 0.8254, Validation Loss: 0.7645
Epoch 623/1000, Train Loss: 0.6593, Validation Loss: 1.2597
Epoch 624/1000, Train Loss: 0.5950, Validation Loss: 1.1826
Epoch 625/1000, Train Loss: 0.5632, Validation Loss: 0.6911
Epoch 626/1000, Train Loss: 0.6835, Validation Loss: 1.6818
Epoch 627/1000, Train Loss: 0.6910, Validation Loss: 0.7606
Epoch 628/1000, Train Loss: 0.5759, Validation Loss: 0.9210
Epoch 629/1000, Train Loss: 0.6106, Validation Loss: 1.2921
Epoch 630/1000, Train Loss: 0.5518, Validation Loss: 1.4607
Epoch 631/1000, Train Loss: 0.7407, Validation Loss: 3.2188
Epoch 632/1000, Train Loss: 0.5733, Validation Loss: 0.9146
Epoch 633/1000, Train Loss: 0.6330, Validation Loss: 1.7264
Epoch 634/1000, Train Loss: 0.7087, Validation Loss: 2.2324
Epoch 635/1000, Train Loss: 0.6052, Validation Loss: 2.0579
Epoch 636/1000, Train Loss: 0.6045, Validation Loss: 1.2431
Epoch 637/1000, Train Loss: 0.6698, Validation Loss: 1.2986
Epoch 638/1000, Train Loss: 0.7177, Validation Loss: 1.9585
Epoch 639/1000, Train Loss: 0.6679, Validation Loss: 0.8325
Epoch 640/1000, Train Loss: 0.6097, Validation Loss: 1.6018
Epoch 641/1000, Train Loss: 0.5735, Validation Loss: 1.3246
Epoch 642/1000, Train Loss: 0.5785, Validation Loss: 1.4867
Epoch 643/1000, Train Loss: 0.5773, Validation Loss: 1.2263
Epoch 644/1000, Train Loss: 0.6427, Validation Loss: 0.8742
Epoch 645/1000, Train Loss: 0.6709, Validation Loss: 1.3938
Epoch 646/1000, Train Loss: 0.6626, Validation Loss: 1.5187
Epoch 647/1000, Train Loss: 0.6717, Validation Loss: 3.6350
Epoch 648/1000, Train Loss: 0.6254, Validation Loss: 1.8997
Epoch 649/1000, Train Loss: 0.5742, Validation Loss: 2.3263
Epoch 650/1000, Train Loss: 0.5722, Validation Loss: 1.5436
Epoch 651/1000, Train Loss: 0.6388, Validation Loss: 1.1769
Epoch 652/1000, Train Loss: 0.6271, Validation Loss: 2.1222
Epoch 653/1000, Train Loss: 0.5943, Validation Loss: 1.9728
Epoch 654/1000, Train Loss: 0.7228, Validation Loss: 4.1745
Epoch 655/1000, Train Loss: 0.6948, Validation Loss: 1.3789
Epoch 656/1000, Train Loss: 0.6456, Validation Loss: 1.0256
Epoch 657/1000, Train Loss: 0.6636, Validation Loss: 3.1952
Epoch 658/1000, Train Loss: 0.7238, Validation Loss: 1.4088
Epoch 659/1000, Train Loss: 0.7227, Validation Loss: 0.9407
Epoch 660/1000, Train Loss: 0.6458, Validation Loss: 3.0644
Epoch 661/1000, Train Loss: 0.5528, Validation Loss: 1.6538
Epoch 662/1000, Train Loss: 0.5461, Validation Loss: 0.6080
Epoch 663/1000, Train Loss: 0.5552, Validation Loss: 0.6889
Epoch 664/1000, Train Loss: 0.5624, Validation Loss: 3.2888
Epoch 665/1000, Train Loss: 0.5834, Validation Loss: 2.9477
Epoch 666/1000, Train Loss: 0.5677, Validation Loss: 1.0445
Epoch 667/1000, Train Loss: 0.6009, Validation Loss: 2.8395
Epoch 668/1000, Train Loss: 0.5750, Validation Loss: 1.6910
Epoch 669/1000, Train Loss: 0.5774, Validation Loss: 1.4392
Epoch 670/1000, Train Loss: 0.5660, Validation Loss: 1.2320
Epoch 671/1000, Train Loss: 0.5853, Validation Loss: 2.0179
Epoch 672/1000, Train Loss: 0.5960, Validation Loss: 1.2310
Epoch 673/1000, Train Loss: 0.6589, Validation Loss: 0.8010
Epoch 674/1000, Train Loss: 0.6126, Validation Loss: 3.0631
Epoch 675/1000, Train Loss: 0.7367, Validation Loss: 1.8196
Epoch 676/1000, Train Loss: 0.5846, Validation Loss: 2.6069
Epoch 677/1000, Train Loss: 0.5653, Validation Loss: 1.1211
Epoch 678/1000, Train Loss: 0.5662, Validation Loss: 6.0811
Epoch 679/1000, Train Loss: 0.5572, Validation Loss: 3.2060
Epoch 680/1000, Train Loss: 0.5584, Validation Loss: 1.6884
Epoch 681/1000, Train Loss: 0.7527, Validation Loss: 4.8771
Epoch 682/1000, Train Loss: 0.6837, Validation Loss: 3.1770
Epoch 683/1000, Train Loss: 0.7278, Validation Loss: 2.9269
Epoch 684/1000, Train Loss: 0.7714, Validation Loss: 2.9055
Epoch 685/1000, Train Loss: 0.6186, Validation Loss: 0.8006
Epoch 686/1000, Train Loss: 0.6680, Validation Loss: 1.2808
Epoch 687/1000, Train Loss: 0.6947, Validation Loss: 1.0386
Epoch 688/1000, Train Loss: 0.6715, Validation Loss: 0.9179
Epoch 689/1000, Train Loss: 0.7036, Validation Loss: 3.0097
Epoch 690/1000, Train Loss: 0.6423, Validation Loss: 2.3598
Epoch 691/1000, Train Loss: 0.6104, Validation Loss: 3.1446
Epoch 692/1000, Train Loss: 0.7172, Validation Loss: 3.1075
Epoch 693/1000, Train Loss: 0.6415, Validation Loss: 3.6108
Epoch 694/1000, Train Loss: 0.6033, Validation Loss: 2.6312
Epoch 695/1000, Train Loss: 0.5995, Validation Loss: 0.9825
Epoch 696/1000, Train Loss: 0.5856, Validation Loss: 0.8216
Epoch 697/1000, Train Loss: 0.5529, Validation Loss: 2.4678
Epoch 698/1000, Train Loss: 0.5595, Validation Loss: 1.1138
Epoch 699/1000, Train Loss: 0.5996, Validation Loss: 0.8604
Epoch 700/1000, Train Loss: 0.5874, Validation Loss: 0.7193
Epoch 701/1000, Train Loss: 0.5497, Validation Loss: 0.6185
Epoch 702/1000, Train Loss: 0.5746, Validation Loss: 0.8178
Epoch 703/1000, Train Loss: 0.5915, Validation Loss: 0.5672
Epoch 704/1000, Train Loss: 0.5459, Validation Loss: 1.0704
Epoch 705/1000, Train Loss: 0.5626, Validation Loss: 1.3133
Epoch 706/1000, Train Loss: 0.6655, Validation Loss: 0.7965
Epoch 707/1000, Train Loss: 0.5824, Validation Loss: 0.6830
Epoch 708/1000, Train Loss: 0.6140, Validation Loss: 2.2405
Epoch 709/1000, Train Loss: 0.6044, Validation Loss: 0.6905
Epoch 710/1000, Train Loss: 0.5594, Validation Loss: 0.7801
Epoch 711/1000, Train Loss: 0.6197, Validation Loss: 0.9307
Epoch 712/1000, Train Loss: 0.5712, Validation Loss: 1.2221
Epoch 713/1000, Train Loss: 0.6032, Validation Loss: 1.4366
Epoch 714/1000, Train Loss: 0.5940, Validation Loss: 2.1232
Epoch 715/1000, Train Loss: 0.6238, Validation Loss: 1.9832
Epoch 716/1000, Train Loss: 0.5959, Validation Loss: 2.0363
Epoch 717/1000, Train Loss: 0.6828, Validation Loss: 1.6961
Epoch 718/1000, Train Loss: 0.6260, Validation Loss: 0.8388
Epoch 719/1000, Train Loss: 0.5947, Validation Loss: 1.4167
Epoch 720/1000, Train Loss: 0.6084, Validation Loss: 1.0277
Epoch 721/1000, Train Loss: 0.6347, Validation Loss: 0.9671
Epoch 722/1000, Train Loss: 0.5590, Validation Loss: 2.1135
Epoch 723/1000, Train Loss: 0.6386, Validation Loss: 1.6273
Epoch 724/1000, Train Loss: 0.6077, Validation Loss: 3.2293
Epoch 725/1000, Train Loss: 0.6315, Validation Loss: 1.3048
Epoch 726/1000, Train Loss: 0.5747, Validation Loss: 0.9169
Epoch 727/1000, Train Loss: 0.6371, Validation Loss: 2.5463
Epoch 728/1000, Train Loss: 0.6436, Validation Loss: 4.0609
Epoch 729/1000, Train Loss: 0.6033, Validation Loss: 1.7516
Epoch 730/1000, Train Loss: 0.5891, Validation Loss: 1.1762
Epoch 731/1000, Train Loss: 0.5665, Validation Loss: 1.3607
Epoch 732/1000, Train Loss: 0.5982, Validation Loss: 1.4282
Epoch 733/1000, Train Loss: 0.6709, Validation Loss: 0.7758
Epoch 734/1000, Train Loss: 0.6804, Validation Loss: 1.8566
Epoch 735/1000, Train Loss: 0.6123, Validation Loss: 2.0698
Epoch 736/1000, Train Loss: 0.6193, Validation Loss: 2.0290
Epoch 737/1000, Train Loss: 0.7795, Validation Loss: 2.2738
Epoch 738/1000, Train Loss: 0.7162, Validation Loss: 0.6453
Epoch 739/1000, Train Loss: 0.6723, Validation Loss: 2.3732
Epoch 740/1000, Train Loss: 0.7984, Validation Loss: 0.9450
Epoch 741/1000, Train Loss: 0.7770, Validation Loss: 2.5507
Epoch 742/1000, Train Loss: 0.7549, Validation Loss: 1.6670
Epoch 743/1000, Train Loss: 0.5717, Validation Loss: 3.3734
Epoch 744/1000, Train Loss: 0.5903, Validation Loss: 1.1587
Epoch 745/1000, Train Loss: 0.6400, Validation Loss: 2.5927
Epoch 746/1000, Train Loss: 0.6118, Validation Loss: 0.7095
Epoch 747/1000, Train Loss: 0.7004, Validation Loss: 2.3081
Epoch 748/1000, Train Loss: 0.6116, Validation Loss: 1.0298
Epoch 749/1000, Train Loss: 0.6768, Validation Loss: 0.7588
Epoch 750/1000, Train Loss: 0.6402, Validation Loss: 1.9685
Epoch 751/1000, Train Loss: 0.5922, Validation Loss: 1.9101
Epoch 752/1000, Train Loss: 0.6150, Validation Loss: 1.7578
Epoch 753/1000, Train Loss: 0.6324, Validation Loss: 2.0198
Epoch 754/1000, Train Loss: 0.6289, Validation Loss: 1.8552
Epoch 755/1000, Train Loss: 0.6540, Validation Loss: 2.6879
Epoch 756/1000, Train Loss: 0.6076, Validation Loss: 0.9731
Epoch 757/1000, Train Loss: 0.5907, Validation Loss: 1.3164
Epoch 758/1000, Train Loss: 0.5581, Validation Loss: 2.0839
Epoch 759/1000, Train Loss: 0.5437, Validation Loss: 0.6708
Epoch 760/1000, Train Loss: 0.5464, Validation Loss: 1.0869
Epoch 761/1000, Train Loss: 0.5409, Validation Loss: 0.7625
Epoch 762/1000, Train Loss: 0.5343, Validation Loss: 3.1581
Epoch 763/1000, Train Loss: 0.5352, Validation Loss: 0.7721
Epoch 764/1000, Train Loss: 0.5249, Validation Loss: 1.5355
Epoch 765/1000, Train Loss: 0.5398, Validation Loss: 1.4829
Epoch 766/1000, Train Loss: 0.5329, Validation Loss: 1.5255
Epoch 767/1000, Train Loss: 0.5373, Validation Loss: 1.3633
Epoch 768/1000, Train Loss: 0.5163, Validation Loss: 2.6201
Epoch 769/1000, Train Loss: 0.5601, Validation Loss: 1.3792
Epoch 770/1000, Train Loss: 0.5346, Validation Loss: 1.7391
Epoch 771/1000, Train Loss: 0.5261, Validation Loss: 1.3486
Epoch 772/1000, Train Loss: 0.6490, Validation Loss: 0.7870
Epoch 773/1000, Train Loss: 0.5782, Validation Loss: 1.5554
Epoch 774/1000, Train Loss: 0.5478, Validation Loss: 0.8500
Epoch 775/1000, Train Loss: 0.5285, Validation Loss: 0.9146
Epoch 776/1000, Train Loss: 0.6208, Validation Loss: 0.8028
Epoch 777/1000, Train Loss: 0.6787, Validation Loss: 0.7284
Epoch 778/1000, Train Loss: 0.6433, Validation Loss: 2.2238
Epoch 779/1000, Train Loss: 0.6121, Validation Loss: 1.7896
Epoch 780/1000, Train Loss: 0.6345, Validation Loss: 1.8907
Epoch 781/1000, Train Loss: 0.6428, Validation Loss: 1.4911
Epoch 782/1000, Train Loss: 0.5850, Validation Loss: 1.7201
Epoch 783/1000, Train Loss: 0.5959, Validation Loss: 0.6599
Epoch 784/1000, Train Loss: 0.5469, Validation Loss: 1.0736
Epoch 785/1000, Train Loss: 0.6707, Validation Loss: 1.1716
Epoch 786/1000, Train Loss: 0.6780, Validation Loss: 1.0633
Epoch 787/1000, Train Loss: 0.6257, Validation Loss: 3.4958
Epoch 788/1000, Train Loss: 0.6983, Validation Loss: 1.0616
Epoch 789/1000, Train Loss: 0.6291, Validation Loss: 1.3927
Epoch 790/1000, Train Loss: 0.6844, Validation Loss: 2.4895
Epoch 791/1000, Train Loss: 0.6733, Validation Loss: 2.6848
Epoch 792/1000, Train Loss: 0.6850, Validation Loss: 0.9759
Epoch 793/1000, Train Loss: 0.6354, Validation Loss: 2.6620
Epoch 794/1000, Train Loss: 0.6190, Validation Loss: 1.0537
Epoch 795/1000, Train Loss: 0.6242, Validation Loss: 1.5854
Epoch 796/1000, Train Loss: 0.6913, Validation Loss: 0.7431
Epoch 797/1000, Train Loss: 0.6225, Validation Loss: 3.8618
Epoch 798/1000, Train Loss: 0.5840, Validation Loss: 0.6266
Epoch 799/1000, Train Loss: 0.5605, Validation Loss: 2.9509
Epoch 800/1000, Train Loss: 0.5579, Validation Loss: 0.7484
Epoch 801/1000, Train Loss: 0.6449, Validation Loss: 2.5097
Epoch 802/1000, Train Loss: 0.6758, Validation Loss: 0.7566
Epoch 803/1000, Train Loss: 0.5848, Validation Loss: 0.8904
Epoch 804/1000, Train Loss: 0.5898, Validation Loss: 1.3695
Epoch 805/1000, Train Loss: 0.6567, Validation Loss: 0.6996
Epoch 806/1000, Train Loss: 0.5864, Validation Loss: 2.5901
Epoch 807/1000, Train Loss: 0.6895, Validation Loss: 2.8798
Epoch 808/1000, Train Loss: 0.6968, Validation Loss: 1.0846
Epoch 809/1000, Train Loss: 0.6354, Validation Loss: 1.0618
Epoch 810/1000, Train Loss: 0.6587, Validation Loss: 2.2209
Epoch 811/1000, Train Loss: 0.6251, Validation Loss: 0.5843
Epoch 812/1000, Train Loss: 0.6463, Validation Loss: 3.3986
Epoch 813/1000, Train Loss: 0.6474, Validation Loss: 1.1313
Epoch 814/1000, Train Loss: 0.7172, Validation Loss: 1.2746
Epoch 815/1000, Train Loss: 0.6709, Validation Loss: 2.1299
Epoch 816/1000, Train Loss: 0.6947, Validation Loss: 1.1606
Epoch 817/1000, Train Loss: 0.6685, Validation Loss: 1.3886
Epoch 818/1000, Train Loss: 0.6997, Validation Loss: 1.1654
Epoch 819/1000, Train Loss: 0.6458, Validation Loss: 1.5418
Epoch 820/1000, Train Loss: 0.6924, Validation Loss: 3.2290
Epoch 821/1000, Train Loss: 0.6306, Validation Loss: 2.5734
Epoch 822/1000, Train Loss: 0.6051, Validation Loss: 0.5702
Epoch 823/1000, Train Loss: 0.6227, Validation Loss: 1.7511
Epoch 824/1000, Train Loss: 0.6400, Validation Loss: 1.3964
Epoch 825/1000, Train Loss: 0.6225, Validation Loss: 2.1663
Epoch 826/1000, Train Loss: 0.6222, Validation Loss: 2.8723
Epoch 827/1000, Train Loss: 0.6731, Validation Loss: 2.4907
Epoch 828/1000, Train Loss: 0.7189, Validation Loss: 0.7453
Epoch 829/1000, Train Loss: 0.6428, Validation Loss: 1.8199
Epoch 830/1000, Train Loss: 0.6189, Validation Loss: 1.9611
Epoch 831/1000, Train Loss: 0.6463, Validation Loss: 1.0131
Epoch 832/1000, Train Loss: 0.6748, Validation Loss: 1.0665
Epoch 833/1000, Train Loss: 0.6421, Validation Loss: 2.7031
Epoch 834/1000, Train Loss: 0.5893, Validation Loss: 0.8178
Epoch 835/1000, Train Loss: 0.5778, Validation Loss: 2.0934
Epoch 836/1000, Train Loss: 0.5872, Validation Loss: 0.8514
Epoch 837/1000, Train Loss: 0.6142, Validation Loss: 0.6925
Epoch 838/1000, Train Loss: 0.6419, Validation Loss: 1.5111
Epoch 839/1000, Train Loss: 0.6822, Validation Loss: 2.2466
Epoch 840/1000, Train Loss: 0.7089, Validation Loss: 4.6940
Epoch 841/1000, Train Loss: 0.5954, Validation Loss: 1.6331
Epoch 842/1000, Train Loss: 0.6471, Validation Loss: 0.7916
Epoch 843/1000, Train Loss: 0.7016, Validation Loss: 1.6014
Epoch 844/1000, Train Loss: 0.6476, Validation Loss: 1.6584
Epoch 845/1000, Train Loss: 0.5331, Validation Loss: 0.7858
Epoch 846/1000, Train Loss: 0.5524, Validation Loss: 0.8973
Epoch 847/1000, Train Loss: 0.5712, Validation Loss: 2.4040
Epoch 848/1000, Train Loss: 0.6255, Validation Loss: 1.5662
Epoch 849/1000, Train Loss: 0.5483, Validation Loss: 0.6809
Epoch 850/1000, Train Loss: 0.6202, Validation Loss: 3.1529
Epoch 851/1000, Train Loss: 0.7109, Validation Loss: 1.5420
Epoch 852/1000, Train Loss: 0.7616, Validation Loss: 3.2315
Epoch 853/1000, Train Loss: 0.6331, Validation Loss: 2.3393
Epoch 854/1000, Train Loss: 0.5938, Validation Loss: 1.9177
Epoch 855/1000, Train Loss: 0.5394, Validation Loss: 2.3721
Epoch 856/1000, Train Loss: 0.5473, Validation Loss: 1.5083
Epoch 857/1000, Train Loss: 0.5535, Validation Loss: 1.0519
Epoch 858/1000, Train Loss: 0.6657, Validation Loss: 1.5587
Epoch 859/1000, Train Loss: 0.7303, Validation Loss: 3.2427
Epoch 860/1000, Train Loss: 0.6632, Validation Loss: 2.0044
Epoch 861/1000, Train Loss: 0.6381, Validation Loss: 1.3682
Epoch 862/1000, Train Loss: 0.6177, Validation Loss: 0.6992
Epoch 863/1000, Train Loss: 0.5483, Validation Loss: 0.8053
Epoch 864/1000, Train Loss: 0.5182, Validation Loss: 0.9479
Epoch 865/1000, Train Loss: 0.5121, Validation Loss: 0.6279
Epoch 866/1000, Train Loss: 0.5631, Validation Loss: 0.6254
Epoch 867/1000, Train Loss: 0.5071, Validation Loss: 0.8761
Epoch 868/1000, Train Loss: 0.5236, Validation Loss: 1.5784
Epoch 869/1000, Train Loss: 0.5059, Validation Loss: 2.4968
Epoch 870/1000, Train Loss: 0.5946, Validation Loss: 1.3249
Epoch 871/1000, Train Loss: 0.5664, Validation Loss: 0.8995
Epoch 872/1000, Train Loss: 0.7175, Validation Loss: 1.9208
Epoch 873/1000, Train Loss: 0.6229, Validation Loss: 2.7814
Epoch 874/1000, Train Loss: 0.7313, Validation Loss: 1.1862
Epoch 875/1000, Train Loss: 0.6550, Validation Loss: 1.2474
Epoch 876/1000, Train Loss: 0.6370, Validation Loss: 0.9335
Epoch 877/1000, Train Loss: 0.5596, Validation Loss: 0.5721
Epoch 878/1000, Train Loss: 0.5283, Validation Loss: 2.6862
Epoch 879/1000, Train Loss: 0.5416, Validation Loss: 0.7405
Epoch 880/1000, Train Loss: 0.5543, Validation Loss: 1.0972
Epoch 881/1000, Train Loss: 0.5321, Validation Loss: 1.3550
Epoch 882/1000, Train Loss: 0.5599, Validation Loss: 3.4133
Epoch 883/1000, Train Loss: 0.5570, Validation Loss: 0.7587
Epoch 884/1000, Train Loss: 0.5045, Validation Loss: 1.4767
Epoch 885/1000, Train Loss: 0.5022, Validation Loss: 0.7216
Epoch 886/1000, Train Loss: 0.5109, Validation Loss: 1.2028
Epoch 887/1000, Train Loss: 0.5679, Validation Loss: 0.8841
Epoch 888/1000, Train Loss: 0.5531, Validation Loss: 2.5000
Epoch 889/1000, Train Loss: 0.5168, Validation Loss: 1.5800
Epoch 890/1000, Train Loss: 0.8898, Validation Loss: 2.1023
Epoch 891/1000, Train Loss: 0.6407, Validation Loss: 1.3549
Epoch 892/1000, Train Loss: 0.6909, Validation Loss: 1.2319
Epoch 893/1000, Train Loss: 0.7678, Validation Loss: 1.7192
Epoch 894/1000, Train Loss: 0.7550, Validation Loss: 3.4955
Epoch 895/1000, Train Loss: 0.7393, Validation Loss: 0.6254
Epoch 896/1000, Train Loss: 0.5517, Validation Loss: 1.1828
Epoch 897/1000, Train Loss: 0.6299, Validation Loss: 1.2654
Epoch 898/1000, Train Loss: 0.7462, Validation Loss: 0.9202
Epoch 899/1000, Train Loss: 0.6436, Validation Loss: 1.3453
Epoch 900/1000, Train Loss: 0.5450, Validation Loss: 0.5814
Epoch 901/1000, Train Loss: 0.5444, Validation Loss: 1.2522
Epoch 902/1000, Train Loss: 0.5516, Validation Loss: 1.1603
Epoch 903/1000, Train Loss: 0.5345, Validation Loss: 0.9017
Epoch 904/1000, Train Loss: 0.5381, Validation Loss: 1.8327
Epoch 905/1000, Train Loss: 0.5592, Validation Loss: 1.0392
Epoch 906/1000, Train Loss: 0.5761, Validation Loss: 1.0459
Epoch 907/1000, Train Loss: 0.5963, Validation Loss: 0.5736
Epoch 908/1000, Train Loss: 0.6172, Validation Loss: 2.1685
Epoch 909/1000, Train Loss: 0.5496, Validation Loss: 3.4407
Epoch 910/1000, Train Loss: 0.5319, Validation Loss: 1.6572
Epoch 911/1000, Train Loss: 0.6627, Validation Loss: 1.6047
Epoch 912/1000, Train Loss: 0.7179, Validation Loss: 0.8834
Epoch 913/1000, Train Loss: 0.5417, Validation Loss: 0.5266
Epoch 914/1000, Train Loss: 0.5371, Validation Loss: 0.7157
Epoch 915/1000, Train Loss: 0.5782, Validation Loss: 3.1542
Epoch 916/1000, Train Loss: 0.6545, Validation Loss: 0.8435
Epoch 917/1000, Train Loss: 0.7060, Validation Loss: 1.2538
Epoch 918/1000, Train Loss: 0.6250, Validation Loss: 1.3283
Epoch 919/1000, Train Loss: 0.6560, Validation Loss: 2.5970
Epoch 920/1000, Train Loss: 0.6106, Validation Loss: 0.7620
Epoch 921/1000, Train Loss: 0.6911, Validation Loss: 0.9621
Epoch 922/1000, Train Loss: 0.6116, Validation Loss: 0.8157
Epoch 923/1000, Train Loss: 0.6417, Validation Loss: 1.4520
Epoch 924/1000, Train Loss: 0.5963, Validation Loss: 1.0946
Epoch 925/1000, Train Loss: 0.5862, Validation Loss: 1.3068
Epoch 926/1000, Train Loss: 0.6278, Validation Loss: 3.3084
Epoch 927/1000, Train Loss: 0.6379, Validation Loss: 0.6636
Epoch 928/1000, Train Loss: 0.6277, Validation Loss: 1.2103
Epoch 929/1000, Train Loss: 0.5918, Validation Loss: 1.6408
Epoch 930/1000, Train Loss: 0.6498, Validation Loss: 1.4502
Epoch 931/1000, Train Loss: 0.6580, Validation Loss: 4.7420
Epoch 932/1000, Train Loss: 0.6849, Validation Loss: 2.9536
Epoch 933/1000, Train Loss: 0.5515, Validation Loss: 0.6159
Epoch 934/1000, Train Loss: 0.6088, Validation Loss: 1.2858
Epoch 935/1000, Train Loss: 0.6383, Validation Loss: 1.1457
Epoch 936/1000, Train Loss: 0.6747, Validation Loss: 1.9990
Epoch 937/1000, Train Loss: 0.6882, Validation Loss: 1.2131
Epoch 938/1000, Train Loss: 0.6292, Validation Loss: 1.5728
Epoch 939/1000, Train Loss: 0.6928, Validation Loss: 1.1634
Epoch 940/1000, Train Loss: 0.6376, Validation Loss: 0.8153
Epoch 941/1000, Train Loss: 0.6714, Validation Loss: 4.0110
Epoch 942/1000, Train Loss: 0.6231, Validation Loss: 2.2122
Epoch 943/1000, Train Loss: 0.6211, Validation Loss: 0.6205
Epoch 944/1000, Train Loss: 0.5952, Validation Loss: 1.3837
Epoch 945/1000, Train Loss: 0.6655, Validation Loss: 1.7100
Epoch 946/1000, Train Loss: 0.6831, Validation Loss: 3.3542
Epoch 947/1000, Train Loss: 0.7428, Validation Loss: 0.8927
Epoch 948/1000, Train Loss: 0.6707, Validation Loss: 0.8512
Epoch 949/1000, Train Loss: 0.6029, Validation Loss: 1.1970
Epoch 950/1000, Train Loss: 0.5372, Validation Loss: 1.1644
Epoch 951/1000, Train Loss: 0.5640, Validation Loss: 1.2350
Epoch 952/1000, Train Loss: 0.8406, Validation Loss: 1.3051
Epoch 953/1000, Train Loss: 0.6069, Validation Loss: 4.1991
Epoch 954/1000, Train Loss: 0.6309, Validation Loss: 0.7491
Epoch 955/1000, Train Loss: 0.5663, Validation Loss: 2.1180
Epoch 956/1000, Train Loss: 0.6116, Validation Loss: 0.9433
Epoch 957/1000, Train Loss: 0.6751, Validation Loss: 1.6713
Epoch 958/1000, Train Loss: 0.6967, Validation Loss: 0.7469
Epoch 959/1000, Train Loss: 0.6649, Validation Loss: 1.3166
Epoch 960/1000, Train Loss: 0.6366, Validation Loss: 2.0586
Epoch 961/1000, Train Loss: 0.6007, Validation Loss: 2.4308
Epoch 962/1000, Train Loss: 0.5667, Validation Loss: 1.8961
Epoch 963/1000, Train Loss: 0.5722, Validation Loss: 0.7977
Epoch 964/1000, Train Loss: 0.6029, Validation Loss: 1.2470
Epoch 965/1000, Train Loss: 0.7411, Validation Loss: 0.8757
Epoch 966/1000, Train Loss: 0.6370, Validation Loss: 2.7278
Epoch 967/1000, Train Loss: 0.6485, Validation Loss: 2.6589
Epoch 968/1000, Train Loss: 0.6512, Validation Loss: 3.2249
Epoch 969/1000, Train Loss: 0.6536, Validation Loss: 0.7783
Epoch 970/1000, Train Loss: 0.6713, Validation Loss: 1.0077
Epoch 971/1000, Train Loss: 0.6981, Validation Loss: 1.0059
Epoch 972/1000, Train Loss: 0.6530, Validation Loss: 0.5975
Epoch 973/1000, Train Loss: 0.6306, Validation Loss: 1.1052
Epoch 974/1000, Train Loss: 0.6806, Validation Loss: 1.3959
Epoch 975/1000, Train Loss: 0.6910, Validation Loss: 1.4368
Epoch 976/1000, Train Loss: 0.6002, Validation Loss: 2.6221
Epoch 977/1000, Train Loss: 0.6684, Validation Loss: 2.5903
Epoch 978/1000, Train Loss: 0.6564, Validation Loss: 1.5248
Epoch 979/1000, Train Loss: 0.5903, Validation Loss: 2.4093
Epoch 980/1000, Train Loss: 0.7276, Validation Loss: 0.6636
Epoch 981/1000, Train Loss: 0.6040, Validation Loss: 0.7509
Epoch 982/1000, Train Loss: 0.5425, Validation Loss: 0.8440
Epoch 983/1000, Train Loss: 0.7548, Validation Loss: 1.6314
Epoch 984/1000, Train Loss: 0.7157, Validation Loss: 1.4201
Epoch 985/1000, Train Loss: 0.7853, Validation Loss: 1.3667
Epoch 986/1000, Train Loss: 0.7844, Validation Loss: 0.7318
Epoch 987/1000, Train Loss: 0.7010, Validation Loss: 0.7184
Epoch 988/1000, Train Loss: 0.5623, Validation Loss: 3.2868
Epoch 989/1000, Train Loss: 0.5517, Validation Loss: 1.8677
Epoch 990/1000, Train Loss: 0.5211, Validation Loss: 0.8922
Epoch 991/1000, Train Loss: 0.5140, Validation Loss: 0.6275
Epoch 992/1000, Train Loss: 0.5007, Validation Loss: 0.5861
Epoch 993/1000, Train Loss: 0.4991, Validation Loss: 1.9770
Epoch 994/1000, Train Loss: 0.4979, Validation Loss: 1.1903
Epoch 995/1000, Train Loss: 0.5145, Validation Loss: 0.6610
Epoch 996/1000, Train Loss: 0.5195, Validation Loss: 1.5894
Epoch 997/1000, Train Loss: 0.4986, Validation Loss: 1.4992
Epoch 998/1000, Train Loss: 0.4919, Validation Loss: 1.0518
Epoch 999/1000, Train Loss: 0.4914, Validation Loss: 1.9220
Epoch 1000/1000, Train Loss: 0.5502, Validation Loss: 0.8102
Best Training Loss: 0.4914
Best Training Loss Epoch: 999
Best Validation Loss: 0.5266
Best Validation Loss Epoch: 913
Time taken for training: 0-17:48:19
Test Loss: 0.5401
Test MAPE: 40085.0664%
Error Statistics:
count    4.127200e+04
mean     6.055903e+02
std      3.651174e+04
min      1.788139e-05
25%      1.772279e-01
50%      1.611195e+00
75%      2.322423e+01
max      7.338198e+06
Name: Absolute Error, dtype: float64
Training complete. Final model saved.
Saving model as a wandb Artifact...
Model artifact logged successfully.
[1;34mwandb[0m: 
[1;34mwandb[0m: 🚀 View run [33mvolcanic-sweep-7[0m at: [34mhttps://wandb.ai/mk8737-new-york-university/rl_pretrain_hp_sweeps/runs/mlfowefb[0m
[1;34mwandb[0m: Find logs at: [1;35mwandb/run-20251126_011608-mlfowefb/logs[0m
Agent finished.
