Waiting for sweep ID...
Found Sweep ID: o2yj2zlq
Starting wandb agent for sweep o2yj2zlq...
TRAINING DEVICE: cpu
Run Name: GCN_sag_hp_sweep_sag_o2yj2zlq-y67gfhts
finidhed preparing data
Loading dataset from pretrain_dataset_12.5k_fixed_duplicates.pkl
Loaded 412712 data objects.
finished preparing data
Epoch 1/1000, Train Loss: 12.7641, Validation Loss: 3.8290
Epoch 2/1000, Train Loss: 2.9020, Validation Loss: 7.3152
Epoch 3/1000, Train Loss: 2.5111, Validation Loss: 1.7311
Epoch 4/1000, Train Loss: 2.7034, Validation Loss: 7.8869
Epoch 5/1000, Train Loss: 2.4230, Validation Loss: 2.7683
Epoch 6/1000, Train Loss: 2.1786, Validation Loss: 3.2236
Epoch 7/1000, Train Loss: 2.1279, Validation Loss: 1.8295
Epoch 8/1000, Train Loss: 2.0700, Validation Loss: 1.7140
Epoch 9/1000, Train Loss: 2.0905, Validation Loss: 2.2629
Epoch 10/1000, Train Loss: 2.2039, Validation Loss: 4.9998
Epoch 11/1000, Train Loss: 21.0780, Validation Loss: 1.6184
Epoch 12/1000, Train Loss: 2.0046, Validation Loss: 1.9998
Epoch 13/1000, Train Loss: 2.4093, Validation Loss: 2.2968
Epoch 14/1000, Train Loss: 1.6998, Validation Loss: 1.5134
Epoch 15/1000, Train Loss: 2.5287, Validation Loss: 1.5944
Epoch 16/1000, Train Loss: 1.8180, Validation Loss: 1.2986
Epoch 17/1000, Train Loss: 2.4178, Validation Loss: 4.2037
Epoch 18/1000, Train Loss: 2.0292, Validation Loss: 2.5282
Epoch 19/1000, Train Loss: 2.1365, Validation Loss: 3.5556
Epoch 20/1000, Train Loss: 5.5340, Validation Loss: 3.8022
Epoch 21/1000, Train Loss: 1.7248, Validation Loss: 1.4682
Epoch 22/1000, Train Loss: 1.6145, Validation Loss: 1.5941
Epoch 23/1000, Train Loss: 1.6856, Validation Loss: 2.3820
Epoch 24/1000, Train Loss: 1.4897, Validation Loss: 2.2859
Epoch 25/1000, Train Loss: 1.4118, Validation Loss: 1.3126
Epoch 26/1000, Train Loss: 1.6116, Validation Loss: 2.9205
Epoch 27/1000, Train Loss: 1.7238, Validation Loss: 5.0325
Epoch 28/1000, Train Loss: 1.4999, Validation Loss: 3.3915
Epoch 29/1000, Train Loss: 1.4417, Validation Loss: 5.4667
Epoch 30/1000, Train Loss: 1.4281, Validation Loss: 2.1434
Epoch 31/1000, Train Loss: 1.3935, Validation Loss: 1.3984
Epoch 32/1000, Train Loss: 1.4457, Validation Loss: 2.1591
Epoch 33/1000, Train Loss: 1.5724, Validation Loss: 6.4733
Epoch 34/1000, Train Loss: 1.4042, Validation Loss: 1.9891
Epoch 35/1000, Train Loss: 1.4245, Validation Loss: 3.6214
Epoch 36/1000, Train Loss: 1.4142, Validation Loss: 5.1000
Epoch 37/1000, Train Loss: 1.3016, Validation Loss: 3.8171
Epoch 38/1000, Train Loss: 1.2866, Validation Loss: 3.2368
Epoch 39/1000, Train Loss: 1.7530, Validation Loss: 3.4983
Epoch 40/1000, Train Loss: 1.6449, Validation Loss: 26.9038
Epoch 41/1000, Train Loss: 1.7012, Validation Loss: 3.4165
Epoch 42/1000, Train Loss: 1.9907, Validation Loss: 1.7421
Epoch 43/1000, Train Loss: 1.5641, Validation Loss: 1.9013
Epoch 44/1000, Train Loss: 1.5652, Validation Loss: 2.8162
Epoch 45/1000, Train Loss: 1.3423, Validation Loss: 9.2135
Epoch 46/1000, Train Loss: 1.3880, Validation Loss: 2.2900
Epoch 47/1000, Train Loss: 1.3084, Validation Loss: 4.7753
Epoch 48/1000, Train Loss: 1.9240, Validation Loss: 2.3640
Epoch 49/1000, Train Loss: 1.9053, Validation Loss: 1.6432
Epoch 50/1000, Train Loss: 1.4351, Validation Loss: 2.9440
Epoch 51/1000, Train Loss: 1.3987, Validation Loss: 1.3524
Epoch 52/1000, Train Loss: 1.2358, Validation Loss: 1.3454
Epoch 53/1000, Train Loss: 1.7407, Validation Loss: 3.3881
Epoch 54/1000, Train Loss: 1.2929, Validation Loss: 2.2199
Epoch 55/1000, Train Loss: 1.8898, Validation Loss: 2.6602
Epoch 56/1000, Train Loss: 1.2473, Validation Loss: 1.4517
Epoch 57/1000, Train Loss: 1.3597, Validation Loss: 2.1198
Epoch 58/1000, Train Loss: 1.6031, Validation Loss: 2.3408
Epoch 59/1000, Train Loss: 1.3352, Validation Loss: 2.5389
Epoch 60/1000, Train Loss: 1.2553, Validation Loss: 3.7324
Epoch 61/1000, Train Loss: 1.2963, Validation Loss: 2.7795
Epoch 62/1000, Train Loss: 1.4360, Validation Loss: 5.5484
Epoch 63/1000, Train Loss: 1.3355, Validation Loss: 1.9021
Epoch 64/1000, Train Loss: 1.2324, Validation Loss: 4.3006
Epoch 65/1000, Train Loss: 1.3026, Validation Loss: 6.3384
Epoch 66/1000, Train Loss: 1.8335, Validation Loss: 4.3782
Epoch 67/1000, Train Loss: 1.3940, Validation Loss: 3.0334
Epoch 68/1000, Train Loss: 1.2633, Validation Loss: 7.0161
Epoch 69/1000, Train Loss: 1.3439, Validation Loss: 7.2210
Epoch 70/1000, Train Loss: 1.3137, Validation Loss: 9.8842
Epoch 71/1000, Train Loss: 1.2477, Validation Loss: 12360.6185
Epoch 72/1000, Train Loss: 18.9974, Validation Loss: 1.4977
Epoch 73/1000, Train Loss: 1.0877, Validation Loss: 1.6948
Epoch 74/1000, Train Loss: 1.1903, Validation Loss: 2.4816
Epoch 75/1000, Train Loss: 1.1453, Validation Loss: 2.1689
Epoch 76/1000, Train Loss: 1.1761, Validation Loss: 5.3509
Epoch 77/1000, Train Loss: 1.3465, Validation Loss: 3.1156
Epoch 78/1000, Train Loss: 1.2357, Validation Loss: 1.6836
Epoch 79/1000, Train Loss: 1.1830, Validation Loss: 2.9246
Epoch 80/1000, Train Loss: 1.4926, Validation Loss: 76.9409
Epoch 81/1000, Train Loss: 1.1919, Validation Loss: 2.2863
Epoch 82/1000, Train Loss: 1.1068, Validation Loss: 3.4180
Epoch 83/1000, Train Loss: 1.2444, Validation Loss: 5.5841
Epoch 84/1000, Train Loss: 1.2824, Validation Loss: 3.5112
Epoch 85/1000, Train Loss: 1.9868, Validation Loss: 1.7821
Epoch 86/1000, Train Loss: 1.2954, Validation Loss: 3.0190
Epoch 87/1000, Train Loss: 1.3637, Validation Loss: 3.6165
Epoch 88/1000, Train Loss: 1.2017, Validation Loss: 53.6650
Epoch 89/1000, Train Loss: 27.6042, Validation Loss: 21.1549
Epoch 90/1000, Train Loss: 1.2436, Validation Loss: 1.5735
Epoch 91/1000, Train Loss: 2.7268, Validation Loss: 4.7556
Epoch 92/1000, Train Loss: 1.5240, Validation Loss: 2.4864
Epoch 93/1000, Train Loss: 1.2156, Validation Loss: 3.5563
Epoch 94/1000, Train Loss: 1.2263, Validation Loss: 21.4249
Epoch 95/1000, Train Loss: 4.1742, Validation Loss: 2.1867
Epoch 96/1000, Train Loss: 1.4366, Validation Loss: 18.1880
Epoch 97/1000, Train Loss: 1.1944, Validation Loss: 2.8054
Epoch 98/1000, Train Loss: 14.7600, Validation Loss: 1.8495
Epoch 99/1000, Train Loss: 1.3980, Validation Loss: 5.9009
Epoch 100/1000, Train Loss: 10.5946, Validation Loss: 2.6310
Epoch 101/1000, Train Loss: 1.5432, Validation Loss: 2.4597
Epoch 102/1000, Train Loss: 1.3237, Validation Loss: 6.8590
Epoch 103/1000, Train Loss: 1.3400, Validation Loss: 3.4860
Epoch 104/1000, Train Loss: 1.1714, Validation Loss: 1.0507
Epoch 105/1000, Train Loss: 4.1940, Validation Loss: 2.3900
Epoch 106/1000, Train Loss: 1.1320, Validation Loss: 5.5571
Epoch 107/1000, Train Loss: 1.1084, Validation Loss: 1.1494
Epoch 108/1000, Train Loss: 159.0045, Validation Loss: 1.1822
Epoch 109/1000, Train Loss: 4.3514, Validation Loss: 1.2594
Epoch 110/1000, Train Loss: 1.1371, Validation Loss: 4.5580
Epoch 111/1000, Train Loss: 1.2437, Validation Loss: 4.2098
Epoch 112/1000, Train Loss: 1.0289, Validation Loss: 2.4231
Epoch 113/1000, Train Loss: 1.0231, Validation Loss: 3.7225
Epoch 114/1000, Train Loss: 1.0334, Validation Loss: 1.4197
Epoch 115/1000, Train Loss: 1.0636, Validation Loss: 2.5897
Epoch 116/1000, Train Loss: 5.7583, Validation Loss: 6.0938
Epoch 117/1000, Train Loss: 7.0892, Validation Loss: 6.1685
Epoch 118/1000, Train Loss: 42.1980, Validation Loss: 6.2758
Epoch 119/1000, Train Loss: 5.6798, Validation Loss: 5.0222
Epoch 120/1000, Train Loss: 59.1282, Validation Loss: 6.0596
Epoch 121/1000, Train Loss: 6.1886, Validation Loss: 6.0564
Epoch 122/1000, Train Loss: 7.0491, Validation Loss: 6.1099
Epoch 123/1000, Train Loss: 6.2058, Validation Loss: 6.0630
Epoch 124/1000, Train Loss: 23.0795, Validation Loss: 6.4143
Epoch 125/1000, Train Loss: 12.3600, Validation Loss: 6.0643
Epoch 126/1000, Train Loss: 6.2887, Validation Loss: 6.0591
Epoch 127/1000, Train Loss: 6.1895, Validation Loss: 6.0711
Epoch 128/1000, Train Loss: 5.4130, Validation Loss: 4.2804
Epoch 129/1000, Train Loss: 4.8569, Validation Loss: 3.9282
Epoch 130/1000, Train Loss: 3.2108, Validation Loss: 7.9168
Epoch 131/1000, Train Loss: 4.4812, Validation Loss: 6.0950
Epoch 132/1000, Train Loss: 6.2075, Validation Loss: 6.0563
Epoch 133/1000, Train Loss: 6.1991, Validation Loss: 3.5273
Epoch 134/1000, Train Loss: 27.1042, Validation Loss: 2.3322
Epoch 135/1000, Train Loss: 1.7340, Validation Loss: 1.7416
Epoch 136/1000, Train Loss: 1.6281, Validation Loss: 1.5247
Epoch 137/1000, Train Loss: 1.4104, Validation Loss: 1.5953
Epoch 138/1000, Train Loss: 1.2629, Validation Loss: 1.4299
Epoch 139/1000, Train Loss: 1.3256, Validation Loss: 1.3201
Epoch 140/1000, Train Loss: 1.4522, Validation Loss: 2.8376
Epoch 141/1000, Train Loss: 1.4497, Validation Loss: 3.2141
Epoch 142/1000, Train Loss: 1.2963, Validation Loss: 1.2249
Epoch 143/1000, Train Loss: 1.3860, Validation Loss: 1.8729
Epoch 144/1000, Train Loss: 230.7150, Validation Loss: 2.8738
Epoch 145/1000, Train Loss: 1.3732, Validation Loss: 2.7639
Epoch 146/1000, Train Loss: 1.3113, Validation Loss: 3.9992
Epoch 147/1000, Train Loss: 1.2774, Validation Loss: 1.4675
Epoch 148/1000, Train Loss: 1.3675, Validation Loss: 1.5176
Epoch 149/1000, Train Loss: 1.4497, Validation Loss: 1.5855
Epoch 150/1000, Train Loss: 1.2990, Validation Loss: 1.4924
Epoch 151/1000, Train Loss: 1.5480, Validation Loss: 5.0991
Epoch 152/1000, Train Loss: 1.2923, Validation Loss: 1.4284
Epoch 153/1000, Train Loss: 1.2636, Validation Loss: 3.3192
Epoch 154/1000, Train Loss: 2.0072, Validation Loss: 2.7012
Epoch 155/1000, Train Loss: 1.4636, Validation Loss: 2.8828
Epoch 156/1000, Train Loss: 1.5999, Validation Loss: 6.9120
Epoch 157/1000, Train Loss: 1.3029, Validation Loss: 1.1194
Epoch 158/1000, Train Loss: 1.4999, Validation Loss: 9.9413
Epoch 159/1000, Train Loss: 1.4233, Validation Loss: 1.9404
Epoch 160/1000, Train Loss: 1.4235, Validation Loss: 2.2429
Epoch 161/1000, Train Loss: 1.4931, Validation Loss: 1.8782
Epoch 162/1000, Train Loss: 1.4601, Validation Loss: 2.9051
Epoch 163/1000, Train Loss: 1.4110, Validation Loss: 2.7551
Epoch 164/1000, Train Loss: 1.8246, Validation Loss: 1.6355
Epoch 165/1000, Train Loss: 1.4327, Validation Loss: 1.4820
Epoch 166/1000, Train Loss: 1.2089, Validation Loss: 1.2880
Epoch 167/1000, Train Loss: 1.1745, Validation Loss: 1.3440
Epoch 168/1000, Train Loss: 1.3124, Validation Loss: 2.9366
Epoch 169/1000, Train Loss: 1.4240, Validation Loss: 1.8819
Epoch 170/1000, Train Loss: 1.3309, Validation Loss: 4.1673
Epoch 171/1000, Train Loss: 1.3704, Validation Loss: 1.2615
Epoch 172/1000, Train Loss: 1.8792, Validation Loss: 1.4994
Epoch 173/1000, Train Loss: 1.3657, Validation Loss: 2.9542
Epoch 174/1000, Train Loss: 1.4622, Validation Loss: 6.7216
Epoch 175/1000, Train Loss: 1.3228, Validation Loss: 3.4218
Epoch 176/1000, Train Loss: 1.3946, Validation Loss: 4.1569
Epoch 177/1000, Train Loss: 1.3308, Validation Loss: 4.0501
Epoch 178/1000, Train Loss: 1.5674, Validation Loss: 6.8564
Epoch 179/1000, Train Loss: 1.4851, Validation Loss: 1.2446
Epoch 180/1000, Train Loss: 1.2448, Validation Loss: 1.1795
Epoch 181/1000, Train Loss: 1.2531, Validation Loss: 2.3235
Epoch 182/1000, Train Loss: 1.2439, Validation Loss: 0.9975
Epoch 183/1000, Train Loss: 1.1158, Validation Loss: 1.5048
Epoch 184/1000, Train Loss: 1.0593, Validation Loss: 0.9904
Epoch 185/1000, Train Loss: 1.1703, Validation Loss: 2.3258
Epoch 186/1000, Train Loss: 1.0653, Validation Loss: 3.0403
Epoch 187/1000, Train Loss: 1.0377, Validation Loss: 2.3028
Epoch 188/1000, Train Loss: 33.9054, Validation Loss: 2.6604
Epoch 189/1000, Train Loss: 1.3350, Validation Loss: 1.2783
Epoch 190/1000, Train Loss: 1.4348, Validation Loss: 1.9999
Epoch 191/1000, Train Loss: 1.4692, Validation Loss: 1.2566
Epoch 192/1000, Train Loss: 1.2705, Validation Loss: 1.1870
Epoch 193/1000, Train Loss: 1.2735, Validation Loss: 1.8543
Epoch 194/1000, Train Loss: 1.3491, Validation Loss: 1.1236
Epoch 195/1000, Train Loss: 1.4266, Validation Loss: 2.0469
Epoch 196/1000, Train Loss: 1.3522, Validation Loss: 1.9493
Epoch 197/1000, Train Loss: 1.3950, Validation Loss: 1.4806
Epoch 198/1000, Train Loss: 2.5316, Validation Loss: 3.8707
Epoch 199/1000, Train Loss: 1.3658, Validation Loss: 1.2032
Epoch 200/1000, Train Loss: 1.2975, Validation Loss: 1.9071
Epoch 201/1000, Train Loss: 1.6465, Validation Loss: 1.7371
Epoch 202/1000, Train Loss: 1.3459, Validation Loss: 2.3485
Epoch 203/1000, Train Loss: 1.2869, Validation Loss: 2.5609
Epoch 204/1000, Train Loss: 1.3339, Validation Loss: 2.0978
Epoch 205/1000, Train Loss: 1.2424, Validation Loss: 4.5521
Epoch 206/1000, Train Loss: 10.1248, Validation Loss: 3.1377
Epoch 207/1000, Train Loss: 1.4204, Validation Loss: 2.5193
Epoch 208/1000, Train Loss: 1.3224, Validation Loss: 1.5466
Epoch 209/1000, Train Loss: 1.3353, Validation Loss: 2.1888
Epoch 210/1000, Train Loss: 1.3083, Validation Loss: 1.4258
Epoch 211/1000, Train Loss: 1.1196, Validation Loss: 1.8525
Epoch 212/1000, Train Loss: 225.5196, Validation Loss: 2.5312
Epoch 213/1000, Train Loss: 1.3886, Validation Loss: 1.5324
Epoch 214/1000, Train Loss: 1.4353, Validation Loss: 3.9676
Epoch 215/1000, Train Loss: 1.2096, Validation Loss: 3.7758
Epoch 216/1000, Train Loss: 1.4514, Validation Loss: 1.5368
Epoch 217/1000, Train Loss: 1.2482, Validation Loss: 4.9292
Epoch 218/1000, Train Loss: 1.3160, Validation Loss: 3.3682
Epoch 219/1000, Train Loss: 1.2095, Validation Loss: 2.4846
Epoch 220/1000, Train Loss: 3.9344, Validation Loss: 1.9018
Epoch 221/1000, Train Loss: 1.2877, Validation Loss: 2.2769
Epoch 222/1000, Train Loss: 1.2614, Validation Loss: 1.5579
Epoch 223/1000, Train Loss: 29.1835, Validation Loss: 1.8345
Epoch 224/1000, Train Loss: 1.6466, Validation Loss: 3.1707
Epoch 225/1000, Train Loss: 1.4108, Validation Loss: 2.2485
Epoch 226/1000, Train Loss: 1.2967, Validation Loss: 2.6564
Epoch 227/1000, Train Loss: 1.3712, Validation Loss: 1.7079
Epoch 228/1000, Train Loss: 1.6877, Validation Loss: 2.6875
Epoch 229/1000, Train Loss: 1.3351, Validation Loss: 2.4555
Epoch 230/1000, Train Loss: 1.2340, Validation Loss: 1.2027
Epoch 231/1000, Train Loss: 54.3998, Validation Loss: 4.9250
Epoch 232/1000, Train Loss: 1.5992, Validation Loss: 4.3533
Epoch 233/1000, Train Loss: 1.2735, Validation Loss: 1.7329
Epoch 234/1000, Train Loss: 1.2902, Validation Loss: 1.5880
Epoch 235/1000, Train Loss: 1.2726, Validation Loss: 2.0138
Epoch 236/1000, Train Loss: 1.3527, Validation Loss: 2.7007
Epoch 237/1000, Train Loss: 1.2948, Validation Loss: 2.7242
Epoch 238/1000, Train Loss: 1.1745, Validation Loss: 1.1035
Epoch 239/1000, Train Loss: 2.3523, Validation Loss: 2.0340
Epoch 240/1000, Train Loss: 1.3626, Validation Loss: 2.5532
Epoch 241/1000, Train Loss: 2.5044, Validation Loss: 1.5132
Epoch 242/1000, Train Loss: 1.1455, Validation Loss: 0.8442
Epoch 243/1000, Train Loss: 1.1229, Validation Loss: 1.4909
Epoch 244/1000, Train Loss: 1.1133, Validation Loss: 2.4935
Epoch 245/1000, Train Loss: 1.1110, Validation Loss: 1.6102
Epoch 246/1000, Train Loss: 1.2623, Validation Loss: 2.6796
Epoch 247/1000, Train Loss: 1.1544, Validation Loss: 1.3961
Epoch 248/1000, Train Loss: 1.2093, Validation Loss: 1.5895
Epoch 249/1000, Train Loss: 1.3983, Validation Loss: 1.3754
Epoch 250/1000, Train Loss: 1.2536, Validation Loss: 1.1594
Epoch 251/1000, Train Loss: 1.1483, Validation Loss: 8.7183
Epoch 252/1000, Train Loss: 1.1365, Validation Loss: 1.9803
Epoch 253/1000, Train Loss: 1.2284, Validation Loss: 1.2144
Epoch 254/1000, Train Loss: 1.1517, Validation Loss: 40.7465
Epoch 255/1000, Train Loss: 1.6943, Validation Loss: 1.0497
Epoch 256/1000, Train Loss: 1.1400, Validation Loss: 1.9175
Epoch 257/1000, Train Loss: 1.1498, Validation Loss: 1.0703
Epoch 258/1000, Train Loss: 1.0855, Validation Loss: 3.7349
Epoch 259/1000, Train Loss: 1.1249, Validation Loss: 1.2907
Epoch 260/1000, Train Loss: 4.9031, Validation Loss: 1.1632
Epoch 261/1000, Train Loss: 1.2456, Validation Loss: 3.1561
Epoch 262/1000, Train Loss: 1.1486, Validation Loss: 1.3917
Epoch 263/1000, Train Loss: 1.1330, Validation Loss: 3.7462
Epoch 264/1000, Train Loss: 1.1366, Validation Loss: 2.2594
Epoch 265/1000, Train Loss: 1.3495, Validation Loss: 4.7345
Epoch 266/1000, Train Loss: 1.1690, Validation Loss: 1.6800
Epoch 267/1000, Train Loss: 1.1575, Validation Loss: 1.8861
Epoch 268/1000, Train Loss: 1.2257, Validation Loss: 2.1694
Epoch 269/1000, Train Loss: 1.2401, Validation Loss: 5.0264
Epoch 270/1000, Train Loss: 1.3710, Validation Loss: 1.5497
Epoch 271/1000, Train Loss: 1.1551, Validation Loss: 1.1976
Epoch 272/1000, Train Loss: 1.2827, Validation Loss: 2.7079
Epoch 273/1000, Train Loss: 1.2233, Validation Loss: 6.5627
Epoch 274/1000, Train Loss: 3.1795, Validation Loss: 2.2678
Epoch 275/1000, Train Loss: 1.1916, Validation Loss: 2.6633
Epoch 276/1000, Train Loss: 1.1570, Validation Loss: 2.6765
Epoch 277/1000, Train Loss: 1.1135, Validation Loss: 1.3870
Epoch 278/1000, Train Loss: 1.1333, Validation Loss: 3.3793
Epoch 279/1000, Train Loss: 2.7402, Validation Loss: 3.2555
Epoch 280/1000, Train Loss: 1.2990, Validation Loss: 2.6974
Epoch 281/1000, Train Loss: 1.2235, Validation Loss: 1.3804
Epoch 282/1000, Train Loss: 1.1939, Validation Loss: 1.1757
Epoch 283/1000, Train Loss: 1.2309, Validation Loss: 5.5577
Epoch 284/1000, Train Loss: 1.2187, Validation Loss: 4.5201
Epoch 285/1000, Train Loss: 1.4154, Validation Loss: 4.0020
Epoch 286/1000, Train Loss: 1.1703, Validation Loss: 9.3881
Epoch 287/1000, Train Loss: 1.1402, Validation Loss: 1.2051
Epoch 288/1000, Train Loss: 14.1293, Validation Loss: 6.6178
Epoch 289/1000, Train Loss: 1.1453, Validation Loss: 2.0213
Epoch 290/1000, Train Loss: 1.0965, Validation Loss: 0.9549
Epoch 291/1000, Train Loss: 1.1044, Validation Loss: 1.5896
Epoch 292/1000, Train Loss: 2.6967, Validation Loss: 1.8174
Epoch 293/1000, Train Loss: 1.3697, Validation Loss: 1.5741
Epoch 294/1000, Train Loss: 1.5226, Validation Loss: 3.2383
Epoch 295/1000, Train Loss: 1.3423, Validation Loss: 1.8926
Epoch 296/1000, Train Loss: 1.5022, Validation Loss: 1.1919
Epoch 297/1000, Train Loss: 1838.7687, Validation Loss: 1.7739
Epoch 298/1000, Train Loss: 1.5880, Validation Loss: 2.4269
Epoch 299/1000, Train Loss: 9.8166, Validation Loss: 1.1553
Epoch 300/1000, Train Loss: 1.3558, Validation Loss: 1.2962
Epoch 301/1000, Train Loss: 1.3397, Validation Loss: 3.0147
Epoch 302/1000, Train Loss: 1.2517, Validation Loss: 4.4859
Epoch 303/1000, Train Loss: 1.4477, Validation Loss: 2.1902
Epoch 304/1000, Train Loss: 1.2441, Validation Loss: 21.7730
Epoch 305/1000, Train Loss: 7.5436, Validation Loss: 1.1248
Epoch 306/1000, Train Loss: 1.3222, Validation Loss: 1.3013
Epoch 307/1000, Train Loss: 1.2637, Validation Loss: 5.8460
Epoch 308/1000, Train Loss: 2.1822, Validation Loss: 1.3843
Epoch 309/1000, Train Loss: 1.2353, Validation Loss: 5.2186
Epoch 310/1000, Train Loss: 1.3623, Validation Loss: 1.5499
Epoch 311/1000, Train Loss: 12.4268, Validation Loss: 1.2445
Epoch 312/1000, Train Loss: 1.2162, Validation Loss: 2.6463
Epoch 313/1000, Train Loss: 1.3246, Validation Loss: 1.4065
Epoch 314/1000, Train Loss: 1.9813, Validation Loss: 3.6840
Epoch 315/1000, Train Loss: 1.6335, Validation Loss: 1.8810
Epoch 316/1000, Train Loss: 1.4329, Validation Loss: 1.5405
Epoch 317/1000, Train Loss: 1.1536, Validation Loss: 2.7846
Epoch 318/1000, Train Loss: 1.2333, Validation Loss: 2.4138
Epoch 319/1000, Train Loss: 1.3809, Validation Loss: 2.2963
Epoch 320/1000, Train Loss: 1.4626, Validation Loss: 4.5917
Epoch 321/1000, Train Loss: 1.3157, Validation Loss: 1.1944
Epoch 322/1000, Train Loss: 2.0795, Validation Loss: 2.6445
Epoch 323/1000, Train Loss: 1.3484, Validation Loss: 6.3638
Epoch 324/1000, Train Loss: 6.0848, Validation Loss: 3.6970
Epoch 325/1000, Train Loss: 1.9005, Validation Loss: 3.0187
Epoch 326/1000, Train Loss: 1.4243, Validation Loss: 8.2755
Epoch 327/1000, Train Loss: 1.4979, Validation Loss: 1.8795
Epoch 328/1000, Train Loss: 1.8340, Validation Loss: 1.6015
Epoch 329/1000, Train Loss: 1.7527, Validation Loss: 3.2523
Epoch 330/1000, Train Loss: 1.5442, Validation Loss: 1.8156
Epoch 331/1000, Train Loss: 1.7284, Validation Loss: 2.2570
Epoch 332/1000, Train Loss: 1.3481, Validation Loss: 2.1761
Epoch 333/1000, Train Loss: 1.7242, Validation Loss: 4.6228
Epoch 334/1000, Train Loss: 1.3095, Validation Loss: 1.0902
Epoch 335/1000, Train Loss: 509.0337, Validation Loss: 5.0939
Epoch 336/1000, Train Loss: 1.7661, Validation Loss: 2.7202
Epoch 337/1000, Train Loss: 1.5655, Validation Loss: 2.2211
Epoch 338/1000, Train Loss: 135.9814, Validation Loss: 4.5932
Epoch 339/1000, Train Loss: 1.5489, Validation Loss: 2.0560
Epoch 340/1000, Train Loss: 1.3941, Validation Loss: 8.5454
Epoch 341/1000, Train Loss: 1.3992, Validation Loss: 2.4042
Epoch 342/1000, Train Loss: 16.0821, Validation Loss: 4.3939
Epoch 343/1000, Train Loss: 1.3891, Validation Loss: 1.5633
Epoch 344/1000, Train Loss: 1.7508, Validation Loss: 0.9912
Epoch 345/1000, Train Loss: 1.4481, Validation Loss: 2.4118
Epoch 346/1000, Train Loss: 1.3653, Validation Loss: 5.2792
Epoch 347/1000, Train Loss: 136.0314, Validation Loss: 2.1419
Epoch 348/1000, Train Loss: 1.3687, Validation Loss: 3.0937
Epoch 349/1000, Train Loss: 1.3150, Validation Loss: 1.7298
Epoch 350/1000, Train Loss: 1.3243, Validation Loss: 7.0746
Epoch 351/1000, Train Loss: 1.7394, Validation Loss: 1.2806
Epoch 352/1000, Train Loss: 1.2425, Validation Loss: 1.6734
Epoch 353/1000, Train Loss: 1.4608, Validation Loss: 1.5547
Epoch 354/1000, Train Loss: 1.4455, Validation Loss: 1.6914
Epoch 355/1000, Train Loss: 1.3539, Validation Loss: 4.6738
Epoch 356/1000, Train Loss: 3.8699, Validation Loss: 1.5102
Epoch 357/1000, Train Loss: 1.2852, Validation Loss: 1.1022
Epoch 358/1000, Train Loss: 1.2056, Validation Loss: 2.4385
Epoch 359/1000, Train Loss: 1.1825, Validation Loss: 4.5819
Epoch 360/1000, Train Loss: 3.0929, Validation Loss: 1.0175
Epoch 361/1000, Train Loss: 1.3740, Validation Loss: 2.9164
Epoch 362/1000, Train Loss: 1.2243, Validation Loss: 2.5824
Epoch 363/1000, Train Loss: 1.1719, Validation Loss: 2.8205
Epoch 364/1000, Train Loss: 1.1690, Validation Loss: 5.1312
Epoch 365/1000, Train Loss: 1.2349, Validation Loss: 3.9433
Epoch 366/1000, Train Loss: 3.5344, Validation Loss: 1.4116
Epoch 367/1000, Train Loss: 1.2485, Validation Loss: 2.3334
Epoch 368/1000, Train Loss: 1.3052, Validation Loss: 3.6980
Epoch 369/1000, Train Loss: 2.1195, Validation Loss: 8.0348
Epoch 370/1000, Train Loss: 1.3524, Validation Loss: 711.1084
Epoch 371/1000, Train Loss: 1.1663, Validation Loss: 1.5933
Epoch 372/1000, Train Loss: 1.2125, Validation Loss: 8.1493
Epoch 373/1000, Train Loss: 1.2147, Validation Loss: 4.0717
Epoch 374/1000, Train Loss: 1.2356, Validation Loss: 1.0941
Epoch 375/1000, Train Loss: 1.3557, Validation Loss: 2.3219
Epoch 376/1000, Train Loss: 11.6280, Validation Loss: 20.7943
Epoch 377/1000, Train Loss: 1.2874, Validation Loss: 2.0462
Epoch 378/1000, Train Loss: 1.2592, Validation Loss: 2.7666
Epoch 379/1000, Train Loss: 1.5543, Validation Loss: 1.7709
Epoch 380/1000, Train Loss: 1.2314, Validation Loss: 2.2026
Epoch 381/1000, Train Loss: 4.6401, Validation Loss: 4.9753
Epoch 382/1000, Train Loss: 11.7997, Validation Loss: 4.1062
Epoch 383/1000, Train Loss: 1.2354, Validation Loss: 1.5286
Epoch 384/1000, Train Loss: 1.2211, Validation Loss: 1.8244
Epoch 385/1000, Train Loss: 1.1358, Validation Loss: 1.0907
[1;34mwandb[0m: 
[1;34mwandb[0m: 🚀 View run [33mbrisk-sweep-12[0m at: [34mhttps://wandb.ai/mk8737-new-york-university/rl_pretrain_hp_sweeps/runs/y67gfhts[0m
[1;34mwandb[0m: Find logs at: [1;35mwandb/run-20251126_011609-y67gfhts/logs[0m
Agent finished.
