Waiting for sweep ID...
Found Sweep ID: o2yj2zlq
Starting wandb agent for sweep o2yj2zlq...
TRAINING DEVICE: cpu
Run Name: GCN_sag_hp_sweep_sag_o2yj2zlq-d9jxhouo
finidhed preparing data
Loading dataset from pretrain_dataset_12.5k_fixed_duplicates.pkl
Loaded 412712 data objects.
finished preparing data
Epoch 1/1000, Train Loss: 12.1198, Validation Loss: 6.1788
Epoch 2/1000, Train Loss: 5.7696, Validation Loss: 3.6837
Epoch 3/1000, Train Loss: 6.7793, Validation Loss: 4.4156
Epoch 4/1000, Train Loss: 4.7085, Validation Loss: 3.9853
Epoch 5/1000, Train Loss: 3.8351, Validation Loss: 3.1256
Epoch 6/1000, Train Loss: 6.3419, Validation Loss: 4.3019
Epoch 7/1000, Train Loss: 4.6398, Validation Loss: 6.1480
Epoch 8/1000, Train Loss: 3.7169, Validation Loss: 2.3064
Epoch 9/1000, Train Loss: 3.6448, Validation Loss: 8.4405
Epoch 10/1000, Train Loss: 4.6148, Validation Loss: 3.3716
Epoch 11/1000, Train Loss: 4.2073, Validation Loss: 5.8084
Epoch 12/1000, Train Loss: 3.7092, Validation Loss: 3.9490
Epoch 13/1000, Train Loss: 3.6010, Validation Loss: 3.8995
Epoch 14/1000, Train Loss: 3.7634, Validation Loss: 2.6257
Epoch 15/1000, Train Loss: 3.7642, Validation Loss: 5.7430
Epoch 16/1000, Train Loss: 3.6560, Validation Loss: 5.4887
Epoch 17/1000, Train Loss: 6.7825, Validation Loss: 3.6134
Epoch 18/1000, Train Loss: 4.3366, Validation Loss: 5.1123
Epoch 19/1000, Train Loss: 3.3796, Validation Loss: 9.9608
Epoch 20/1000, Train Loss: 2.7662, Validation Loss: 3.5873
Epoch 21/1000, Train Loss: 2.9819, Validation Loss: 1.9241
Epoch 22/1000, Train Loss: 2.3211, Validation Loss: 2.9283
Epoch 23/1000, Train Loss: 2.0604, Validation Loss: 2.7048
Epoch 24/1000, Train Loss: 1.8659, Validation Loss: 9.2740
Epoch 25/1000, Train Loss: 1.9370, Validation Loss: 2.5840
Epoch 26/1000, Train Loss: 2.1509, Validation Loss: 3.2301
Epoch 27/1000, Train Loss: 2.0008, Validation Loss: 2.9911
Epoch 28/1000, Train Loss: 2.3862, Validation Loss: 5.4902
Epoch 29/1000, Train Loss: 1.8750, Validation Loss: 2.0854
Epoch 30/1000, Train Loss: 2.5828, Validation Loss: 6.1882
Epoch 31/1000, Train Loss: 18.1858, Validation Loss: 16.6853
Epoch 32/1000, Train Loss: 6.3092, Validation Loss: 3.4600
Epoch 33/1000, Train Loss: 4.1184, Validation Loss: 4.8366
Epoch 34/1000, Train Loss: 2.9029, Validation Loss: 3.8832
Epoch 35/1000, Train Loss: 2.5241, Validation Loss: 3.4540
Epoch 36/1000, Train Loss: 2.5453, Validation Loss: 2.0602
Epoch 37/1000, Train Loss: 6.9322, Validation Loss: 7.8261
Epoch 38/1000, Train Loss: 2.5669, Validation Loss: 5.1468
Epoch 39/1000, Train Loss: 3.0171, Validation Loss: 4.5851
Epoch 40/1000, Train Loss: 2.8787, Validation Loss: 5.9598
Epoch 41/1000, Train Loss: 2.2938, Validation Loss: 3.3247
Epoch 42/1000, Train Loss: 3.6122, Validation Loss: 4.6542
Epoch 43/1000, Train Loss: 2.4742, Validation Loss: 3.2023
Epoch 44/1000, Train Loss: 2.2171, Validation Loss: 4.6724
Epoch 45/1000, Train Loss: 763.6468, Validation Loss: 2.6952
Epoch 46/1000, Train Loss: 2.1455, Validation Loss: 1.8015
Epoch 47/1000, Train Loss: 2.8055, Validation Loss: 2.2373
Epoch 48/1000, Train Loss: 2.0384, Validation Loss: 3.6659
Epoch 49/1000, Train Loss: 2.2013, Validation Loss: 2.2142
Epoch 50/1000, Train Loss: 2.0242, Validation Loss: 1.8915
Epoch 51/1000, Train Loss: 2.1605, Validation Loss: 4.1070
Epoch 52/1000, Train Loss: 2.2506, Validation Loss: 1.9172
Epoch 53/1000, Train Loss: 1.9779, Validation Loss: 3.1868
Epoch 54/1000, Train Loss: 1.9966, Validation Loss: 5.8989
Epoch 55/1000, Train Loss: 5.7472, Validation Loss: 1.9735
Epoch 56/1000, Train Loss: 2.3085, Validation Loss: 5.0060
Epoch 57/1000, Train Loss: 2.2365, Validation Loss: 5.0451
Epoch 58/1000, Train Loss: 1.9942, Validation Loss: 2.4502
Epoch 59/1000, Train Loss: 27.3445, Validation Loss: 1.8014
Epoch 60/1000, Train Loss: 98.9772, Validation Loss: 6.3400
Epoch 61/1000, Train Loss: 2.4993, Validation Loss: 2.0854
Epoch 62/1000, Train Loss: 1.9507, Validation Loss: 5.3521
Epoch 63/1000, Train Loss: 2.1438, Validation Loss: 3.9504
Epoch 64/1000, Train Loss: 1.9573, Validation Loss: 1.6510
Epoch 65/1000, Train Loss: 2.3064, Validation Loss: 2.6208
Epoch 66/1000, Train Loss: 1.9376, Validation Loss: 2.8334
Epoch 67/1000, Train Loss: 2.1575, Validation Loss: 2.3466
Epoch 68/1000, Train Loss: 2.1006, Validation Loss: 4.2282
Epoch 69/1000, Train Loss: 4.5048, Validation Loss: 2.2534
Epoch 70/1000, Train Loss: 39.0726, Validation Loss: 1.7969
Epoch 71/1000, Train Loss: 1.6728, Validation Loss: 2.3035
Epoch 72/1000, Train Loss: 1.6303, Validation Loss: 3.4686
Epoch 73/1000, Train Loss: 1.7096, Validation Loss: 1.5572
Epoch 74/1000, Train Loss: 21.6505, Validation Loss: 2.5144
Epoch 75/1000, Train Loss: 5.5424, Validation Loss: 5.2184
Epoch 76/1000, Train Loss: 1.7725, Validation Loss: 1.6238
Epoch 77/1000, Train Loss: 1.7683, Validation Loss: 1.8437
Epoch 78/1000, Train Loss: 2.3383, Validation Loss: 1.5349
Epoch 79/1000, Train Loss: 1.8303, Validation Loss: 2.3283
Epoch 80/1000, Train Loss: 1.7346, Validation Loss: 1.5721
Epoch 81/1000, Train Loss: 1.7131, Validation Loss: 4.3237
Epoch 82/1000, Train Loss: 1.9333, Validation Loss: 1.9232
Epoch 83/1000, Train Loss: 1.8609, Validation Loss: 2.6095
Epoch 84/1000, Train Loss: 5907.6997, Validation Loss: 4.5157
Epoch 85/1000, Train Loss: 2.7513, Validation Loss: 2.5583
Epoch 86/1000, Train Loss: 1.8468, Validation Loss: 4.0349
Epoch 87/1000, Train Loss: 1.9161, Validation Loss: 2.6366
Epoch 88/1000, Train Loss: 1.8352, Validation Loss: 2.8668
Epoch 89/1000, Train Loss: 26.9871, Validation Loss: 3.0579
Epoch 90/1000, Train Loss: 5.3092, Validation Loss: 3.1649
Epoch 91/1000, Train Loss: 1.9729, Validation Loss: 10.0837
Epoch 92/1000, Train Loss: 3.2920, Validation Loss: 2.2867
Epoch 93/1000, Train Loss: 1.7986, Validation Loss: 1.5986
Epoch 94/1000, Train Loss: 1.7291, Validation Loss: 1.4123
Epoch 95/1000, Train Loss: 1.6278, Validation Loss: 3.5557
Epoch 96/1000, Train Loss: 1.7804, Validation Loss: 2.0150
Epoch 97/1000, Train Loss: 2.5462, Validation Loss: 10.5382
Epoch 98/1000, Train Loss: 2.0862, Validation Loss: 2.0211
Epoch 99/1000, Train Loss: 1.8605, Validation Loss: 2.4762
Epoch 100/1000, Train Loss: 1.7006, Validation Loss: 1.6443
Epoch 101/1000, Train Loss: 3.2987, Validation Loss: 3.7299
Epoch 102/1000, Train Loss: 1.8186, Validation Loss: 3.2083
Epoch 103/1000, Train Loss: 1.6239, Validation Loss: 1.7665
Epoch 104/1000, Train Loss: 1.7462, Validation Loss: 3.3911
Epoch 105/1000, Train Loss: 246.8087, Validation Loss: 1.9774
Epoch 106/1000, Train Loss: 1.8184, Validation Loss: 2.5288
Epoch 107/1000, Train Loss: 2.5812, Validation Loss: 2.7995
Epoch 108/1000, Train Loss: 1.6745, Validation Loss: 4.8688
Epoch 109/1000, Train Loss: 1.7089, Validation Loss: 8.5678
Epoch 110/1000, Train Loss: 1.6289, Validation Loss: 1.7434
Epoch 111/1000, Train Loss: 1.5614, Validation Loss: 3.2891
Epoch 112/1000, Train Loss: 3.7164, Validation Loss: 2.4724
Epoch 113/1000, Train Loss: 2.0426, Validation Loss: 3.6356
Epoch 114/1000, Train Loss: 1.6131, Validation Loss: 1.6212
Epoch 115/1000, Train Loss: 20.6914, Validation Loss: 5.9975
Epoch 116/1000, Train Loss: 1.6740, Validation Loss: 6.0458
Epoch 117/1000, Train Loss: 1.6850, Validation Loss: 4.5886
Epoch 118/1000, Train Loss: 1.5406, Validation Loss: 3.3715
Epoch 119/1000, Train Loss: 1.6769, Validation Loss: 5.3959
Epoch 120/1000, Train Loss: 1.5643, Validation Loss: 3.9044
Epoch 121/1000, Train Loss: 3.2059, Validation Loss: 1.8622
Epoch 122/1000, Train Loss: 1.6743, Validation Loss: 2.5534
Epoch 123/1000, Train Loss: 1.7596, Validation Loss: 3.3247
Epoch 124/1000, Train Loss: 1.7830, Validation Loss: 2.6702
Epoch 125/1000, Train Loss: 7.9234, Validation Loss: 5.5999
Epoch 126/1000, Train Loss: 1.5593, Validation Loss: 5.9219
Epoch 127/1000, Train Loss: 4112.3001, Validation Loss: 1.4911
Epoch 128/1000, Train Loss: 1.7867, Validation Loss: 4.0492
Epoch 129/1000, Train Loss: 1.5082, Validation Loss: 1.1923
Epoch 130/1000, Train Loss: 1.5165, Validation Loss: 5.5094
Epoch 131/1000, Train Loss: 149.8654, Validation Loss: 4.3889
Epoch 132/1000, Train Loss: 12.9314, Validation Loss: 2.4270
Epoch 133/1000, Train Loss: 1.6616, Validation Loss: 2.4282
Epoch 134/1000, Train Loss: 328.4705, Validation Loss: 3.0885
Epoch 135/1000, Train Loss: 283.7721, Validation Loss: 10104.2153
Epoch 136/1000, Train Loss: 170.3707, Validation Loss: 9.4368
Epoch 137/1000, Train Loss: 18.6638, Validation Loss: 2.6639
Epoch 138/1000, Train Loss: 1.4929, Validation Loss: 1.7598
Epoch 139/1000, Train Loss: 1.5030, Validation Loss: 2.5906
Epoch 140/1000, Train Loss: 1.4861, Validation Loss: 2.6224
Epoch 141/1000, Train Loss: 1.5502, Validation Loss: 4128.5225
Epoch 142/1000, Train Loss: 1.4349, Validation Loss: 6.0771
Epoch 143/1000, Train Loss: 549.6360, Validation Loss: 2.5970
Epoch 144/1000, Train Loss: 1.9901, Validation Loss: 1.6901
Epoch 145/1000, Train Loss: 2.0437, Validation Loss: 4.3004
Epoch 146/1000, Train Loss: 1.5453, Validation Loss: 5.8289
Epoch 147/1000, Train Loss: 1.4674, Validation Loss: 3.5514
Epoch 148/1000, Train Loss: 6.2192, Validation Loss: 4.9778
Epoch 149/1000, Train Loss: 1.8826, Validation Loss: 2.8243
Epoch 150/1000, Train Loss: 1.4652, Validation Loss: 465.6126
Epoch 151/1000, Train Loss: 1.5229, Validation Loss: 2.8462
Epoch 152/1000, Train Loss: 225.2305, Validation Loss: 7.2052
Epoch 153/1000, Train Loss: 1.6940, Validation Loss: 1.6765
Epoch 154/1000, Train Loss: 32.6129, Validation Loss: 3.7615
Epoch 155/1000, Train Loss: 1.5531, Validation Loss: 5.6155
Epoch 156/1000, Train Loss: 8.0639, Validation Loss: 3.3263
Epoch 157/1000, Train Loss: 1.5643, Validation Loss: 3.9318
Epoch 158/1000, Train Loss: 2.2681, Validation Loss: 8.1113
Epoch 159/1000, Train Loss: 1.9282, Validation Loss: 2.6716
Epoch 160/1000, Train Loss: 1.4825, Validation Loss: 2.2587
Epoch 161/1000, Train Loss: 1.4442, Validation Loss: 4.8133
Epoch 162/1000, Train Loss: 26.0057, Validation Loss: 4.5734
Epoch 163/1000, Train Loss: 2.6992, Validation Loss: 2.6661
Epoch 164/1000, Train Loss: 1.5200, Validation Loss: 2.3672
Epoch 165/1000, Train Loss: 1.4699, Validation Loss: 17.3635
Epoch 166/1000, Train Loss: 11.7890, Validation Loss: 3.5588
Epoch 167/1000, Train Loss: 1.6102, Validation Loss: 3.0699
Epoch 168/1000, Train Loss: 14.7264, Validation Loss: 4.1140
Epoch 169/1000, Train Loss: 855.6901, Validation Loss: 6.1286
Epoch 170/1000, Train Loss: 1.4936, Validation Loss: 2.0587
Epoch 171/1000, Train Loss: 1.4288, Validation Loss: 2.0978
Epoch 172/1000, Train Loss: 1.4284, Validation Loss: 1.7957
Epoch 173/1000, Train Loss: 1.6365, Validation Loss: 1.6297
Epoch 174/1000, Train Loss: 1.4802, Validation Loss: 7.1776
Epoch 175/1000, Train Loss: 1.5542, Validation Loss: 4.9034
Epoch 176/1000, Train Loss: 21.6714, Validation Loss: 1.4605
Epoch 177/1000, Train Loss: 26.2934, Validation Loss: 7.8613
Epoch 178/1000, Train Loss: 88.1848, Validation Loss: 2.3293
Epoch 179/1000, Train Loss: 1.4668, Validation Loss: 1.7180
Epoch 180/1000, Train Loss: 1.6760, Validation Loss: 7.3405
Epoch 181/1000, Train Loss: 7.5352, Validation Loss: 7.4322
Epoch 182/1000, Train Loss: 1.4767, Validation Loss: 1.5936
Epoch 183/1000, Train Loss: 1.4502, Validation Loss: 2.6841
Epoch 184/1000, Train Loss: 1.5543, Validation Loss: 1.2595
Epoch 185/1000, Train Loss: 1.4700, Validation Loss: 2.1260
Epoch 186/1000, Train Loss: 2.1011, Validation Loss: 181.9926
Epoch 187/1000, Train Loss: 13.3358, Validation Loss: 3.0775
Epoch 188/1000, Train Loss: 1.8081, Validation Loss: 1.7286
Epoch 189/1000, Train Loss: 12.7486, Validation Loss: 6.1853
Epoch 190/1000, Train Loss: 2.0953, Validation Loss: 1.3446
Epoch 191/1000, Train Loss: 1.8606, Validation Loss: 1.9673
Epoch 192/1000, Train Loss: 1.5294, Validation Loss: 6.1577
Epoch 193/1000, Train Loss: 1.5173, Validation Loss: 6.8572
Epoch 194/1000, Train Loss: 1.7063, Validation Loss: 2.1789
Epoch 195/1000, Train Loss: 2627.2837, Validation Loss: 7.3976
Epoch 196/1000, Train Loss: 1.6658, Validation Loss: 4.9240
Epoch 197/1000, Train Loss: 1.6765, Validation Loss: 4.2235
Epoch 198/1000, Train Loss: 16.7730, Validation Loss: 3.6320
Epoch 199/1000, Train Loss: 1.5664, Validation Loss: 1.3578
Epoch 200/1000, Train Loss: 1.4929, Validation Loss: 4.9705
Epoch 201/1000, Train Loss: 62.4091, Validation Loss: 3.5679
Epoch 202/1000, Train Loss: 1.6161, Validation Loss: 3.9639
Epoch 203/1000, Train Loss: 1.6895, Validation Loss: 5.5448
Epoch 204/1000, Train Loss: 227.3303, Validation Loss: 1.5061
Epoch 205/1000, Train Loss: 1.5605, Validation Loss: 2.9293
Epoch 206/1000, Train Loss: 1.5543, Validation Loss: 1.8027
Epoch 207/1000, Train Loss: 1.4613, Validation Loss: 1.4664
Epoch 208/1000, Train Loss: 1.6824, Validation Loss: 1.2406
Epoch 209/1000, Train Loss: 1.4648, Validation Loss: 3.2055
Epoch 210/1000, Train Loss: 5.8395, Validation Loss: 3.0869
Epoch 211/1000, Train Loss: 5.9235, Validation Loss: 2.5012
Epoch 212/1000, Train Loss: 1.6338, Validation Loss: 1.6426
Epoch 213/1000, Train Loss: 4.2782, Validation Loss: 7.5295
Epoch 214/1000, Train Loss: 1.4921, Validation Loss: 2.5670
Epoch 215/1000, Train Loss: 1.5615, Validation Loss: 2.6844
Epoch 216/1000, Train Loss: 470.9167, Validation Loss: 2.6948
Epoch 217/1000, Train Loss: 2.1715, Validation Loss: 6.4900
Epoch 218/1000, Train Loss: 3.8123, Validation Loss: 4.8174
Epoch 219/1000, Train Loss: 11.5398, Validation Loss: 2.8315
Epoch 220/1000, Train Loss: 1.8028, Validation Loss: 6.0800
Epoch 221/1000, Train Loss: 2.0791, Validation Loss: 219.2583
Epoch 222/1000, Train Loss: 1.6495, Validation Loss: 4.5005
Epoch 223/1000, Train Loss: 1.6329, Validation Loss: 2.8442
Epoch 224/1000, Train Loss: 1.5720, Validation Loss: 4.6244
Epoch 225/1000, Train Loss: 1.9060, Validation Loss: 2.9693
Epoch 226/1000, Train Loss: 1.5539, Validation Loss: 6.9841
Epoch 227/1000, Train Loss: 2.2701, Validation Loss: 2.1464
Epoch 228/1000, Train Loss: 9.3580, Validation Loss: 2.7090
Epoch 229/1000, Train Loss: 34.3660, Validation Loss: 3.1273
Epoch 230/1000, Train Loss: 8.5830, Validation Loss: 3.4064
Epoch 231/1000, Train Loss: 1.5720, Validation Loss: 11.9229
Epoch 232/1000, Train Loss: 1.6642, Validation Loss: 4.6035
Epoch 233/1000, Train Loss: 42.9693, Validation Loss: 1.7062
Epoch 234/1000, Train Loss: 87.2050, Validation Loss: 2.1895
Epoch 235/1000, Train Loss: 1.5724, Validation Loss: 4.0181
Epoch 236/1000, Train Loss: 30.7542, Validation Loss: 3.2456
Epoch 237/1000, Train Loss: 1.4997, Validation Loss: 3.7040
Epoch 238/1000, Train Loss: 1.5396, Validation Loss: 4.1267
Epoch 239/1000, Train Loss: 1.4980, Validation Loss: 1.4868
Epoch 240/1000, Train Loss: 1.8810, Validation Loss: 8.3888
Epoch 241/1000, Train Loss: 1.5652, Validation Loss: 5.5722
Epoch 242/1000, Train Loss: 220.7052, Validation Loss: 3.4971
Epoch 243/1000, Train Loss: 866.6370, Validation Loss: 1.4649
Epoch 244/1000, Train Loss: 2.2143, Validation Loss: 5.8853
Epoch 245/1000, Train Loss: 1.7137, Validation Loss: 2.7340
Epoch 246/1000, Train Loss: 123.3989, Validation Loss: 1.4118
Epoch 247/1000, Train Loss: 5.7006, Validation Loss: 1.8558
Epoch 248/1000, Train Loss: 1.6375, Validation Loss: 12.5978
Epoch 249/1000, Train Loss: 3.0408, Validation Loss: 2.6267
Epoch 250/1000, Train Loss: 1.7776, Validation Loss: 7.1189
Epoch 251/1000, Train Loss: 2.1544, Validation Loss: 7.0818
Epoch 252/1000, Train Loss: 1.7315, Validation Loss: 7.0908
Epoch 253/1000, Train Loss: 1.6562, Validation Loss: 4.3409
Epoch 254/1000, Train Loss: 4.4969, Validation Loss: 2.6636
Epoch 255/1000, Train Loss: 11.6086, Validation Loss: 3.5274
Epoch 256/1000, Train Loss: 1.7534, Validation Loss: 3.3456
Epoch 257/1000, Train Loss: 1.7383, Validation Loss: 3.3691
Epoch 258/1000, Train Loss: 1.8321, Validation Loss: 1.9205
Epoch 259/1000, Train Loss: 2.5669, Validation Loss: 4.0158
Epoch 260/1000, Train Loss: 1.8418, Validation Loss: 1.8862
Epoch 261/1000, Train Loss: 2.0589, Validation Loss: 2.4022
Epoch 262/1000, Train Loss: 1.5938, Validation Loss: 2.2083
Epoch 263/1000, Train Loss: 1.6222, Validation Loss: 5.4649
Epoch 264/1000, Train Loss: 2.0614, Validation Loss: 6.0173
Epoch 265/1000, Train Loss: 62.4807, Validation Loss: 5.5527
Epoch 266/1000, Train Loss: 2.0556, Validation Loss: 1.8101
Epoch 267/1000, Train Loss: 24.9281, Validation Loss: 5.2951
Epoch 268/1000, Train Loss: 2.2459, Validation Loss: 1.8330
Epoch 269/1000, Train Loss: 1.8359, Validation Loss: 4.1193
Epoch 270/1000, Train Loss: 2.8205, Validation Loss: 5.8928
Epoch 271/1000, Train Loss: 2.3030, Validation Loss: 2.8176
Epoch 272/1000, Train Loss: 1.7859, Validation Loss: 1.6896
Epoch 273/1000, Train Loss: 320.5989, Validation Loss: 6.8369
Epoch 274/1000, Train Loss: 1.7872, Validation Loss: 2.3986
Epoch 275/1000, Train Loss: 1.6501, Validation Loss: 2.4834
Epoch 276/1000, Train Loss: 18.9524, Validation Loss: 29315.5346
Epoch 277/1000, Train Loss: 259.1671, Validation Loss: 1.3132
Epoch 278/1000, Train Loss: 1.6113, Validation Loss: 23.6975
Epoch 279/1000, Train Loss: 1.5019, Validation Loss: 4.6342
Epoch 280/1000, Train Loss: 1.9024, Validation Loss: 5788.4938
Epoch 281/1000, Train Loss: 1.7028, Validation Loss: 2.3114
Epoch 282/1000, Train Loss: 39.0022, Validation Loss: 2.3590
Epoch 283/1000, Train Loss: 15.5565, Validation Loss: 5.2895
Epoch 284/1000, Train Loss: 2.0940, Validation Loss: 5.1823
Epoch 285/1000, Train Loss: 1.7637, Validation Loss: 2.7778
Epoch 286/1000, Train Loss: 1.6892, Validation Loss: 4.4876
Epoch 287/1000, Train Loss: 2.3926, Validation Loss: 2.7919
Epoch 288/1000, Train Loss: 2.1866, Validation Loss: 1.9157
Epoch 289/1000, Train Loss: 9.5313, Validation Loss: 3.8354
Epoch 290/1000, Train Loss: 1.5078, Validation Loss: 2.9909
Epoch 291/1000, Train Loss: 1.7825, Validation Loss: 1.0650
Epoch 292/1000, Train Loss: 1.2377, Validation Loss: 1.6982
Epoch 293/1000, Train Loss: 4.3254, Validation Loss: 108.6738
Epoch 294/1000, Train Loss: 4.7522, Validation Loss: 1.9740
Epoch 295/1000, Train Loss: 36.5808, Validation Loss: 3.9099
Epoch 296/1000, Train Loss: 1.5652, Validation Loss: 8.2124
Epoch 297/1000, Train Loss: 13.1540, Validation Loss: 1.6216
Epoch 298/1000, Train Loss: 5.8863, Validation Loss: 2.6391
Epoch 299/1000, Train Loss: 2.4221, Validation Loss: 10.6561
Epoch 300/1000, Train Loss: 1.6708, Validation Loss: 1.4152
Epoch 301/1000, Train Loss: 1.6519, Validation Loss: 1.9000
Epoch 302/1000, Train Loss: 1.6251, Validation Loss: 1.5518
Epoch 303/1000, Train Loss: 1.3918, Validation Loss: 13.4382
Epoch 304/1000, Train Loss: 1.4616, Validation Loss: 7.7089
Epoch 305/1000, Train Loss: 1.4255, Validation Loss: 17.8247
Epoch 306/1000, Train Loss: 1.6176, Validation Loss: 2.5619
Epoch 307/1000, Train Loss: 1.5769, Validation Loss: 2.1669
Epoch 308/1000, Train Loss: 2.2387, Validation Loss: 2.8473
Epoch 309/1000, Train Loss: 1.4878, Validation Loss: 4.3231
Epoch 310/1000, Train Loss: 3.3411, Validation Loss: 16.2767
Epoch 311/1000, Train Loss: 1.5055, Validation Loss: 8.2907
Epoch 312/1000, Train Loss: 1.5102, Validation Loss: 1.3218
Epoch 313/1000, Train Loss: 2.1263, Validation Loss: 16.1682
Epoch 314/1000, Train Loss: 1.5015, Validation Loss: 1.3524
Epoch 315/1000, Train Loss: 27.6251, Validation Loss: 4721.8880
Epoch 316/1000, Train Loss: 1.7927, Validation Loss: 3.9584
Epoch 317/1000, Train Loss: 1.5950, Validation Loss: 2.6432
Epoch 318/1000, Train Loss: 4.5181, Validation Loss: 2.9134
Epoch 319/1000, Train Loss: 1.5571, Validation Loss: 2.3055
Epoch 320/1000, Train Loss: 1.5296, Validation Loss: 1.5896
Epoch 321/1000, Train Loss: 1.6048, Validation Loss: 3.2132
Epoch 322/1000, Train Loss: 1.5986, Validation Loss: 5.6935
Epoch 323/1000, Train Loss: 47.2527, Validation Loss: 1.6604
Epoch 324/1000, Train Loss: 429.6472, Validation Loss: 4.7225
Epoch 325/1000, Train Loss: 1.5467, Validation Loss: 1.2072
Epoch 326/1000, Train Loss: 6.1673, Validation Loss: 4.2148
Epoch 327/1000, Train Loss: 1.5474, Validation Loss: 1.1480
Epoch 328/1000, Train Loss: 1.4358, Validation Loss: 2.7367
Epoch 329/1000, Train Loss: 1.3363, Validation Loss: 1.3019
Epoch 330/1000, Train Loss: 33.8485, Validation Loss: 3.5834
Epoch 331/1000, Train Loss: 2.0627, Validation Loss: 9.4519
Epoch 332/1000, Train Loss: 1.3725, Validation Loss: 1.2128
Epoch 333/1000, Train Loss: 1.4461, Validation Loss: 2.6418
Epoch 334/1000, Train Loss: 2.0743, Validation Loss: 3.5255
Epoch 335/1000, Train Loss: 1.5775, Validation Loss: 2.9622
Epoch 336/1000, Train Loss: 1.8702, Validation Loss: 13.0271
Epoch 337/1000, Train Loss: 2.7057, Validation Loss: 2.1714
Epoch 338/1000, Train Loss: 77.9233, Validation Loss: 4.4718
Epoch 339/1000, Train Loss: 1.4654, Validation Loss: 8.8895
Epoch 340/1000, Train Loss: 1.2823, Validation Loss: 1.3441
Epoch 341/1000, Train Loss: 1.6666, Validation Loss: 2.2328
Epoch 342/1000, Train Loss: 117.2393, Validation Loss: 5.5420
Epoch 343/1000, Train Loss: 1.4925, Validation Loss: 1.8424
Epoch 344/1000, Train Loss: 23.2826, Validation Loss: 1.7627
Epoch 345/1000, Train Loss: 8.4894, Validation Loss: 12.7779
Epoch 346/1000, Train Loss: 30.0823, Validation Loss: 1.8428
Epoch 347/1000, Train Loss: 17.6670, Validation Loss: 4.5573
Epoch 348/1000, Train Loss: 2.4283, Validation Loss: 4.5597
Epoch 349/1000, Train Loss: 3.4508, Validation Loss: 4.5623
Epoch 350/1000, Train Loss: 2.2836, Validation Loss: 6.6098
Epoch 351/1000, Train Loss: 2.4748, Validation Loss: 2.4246
Epoch 352/1000, Train Loss: 2.4109, Validation Loss: 10.0982
Epoch 353/1000, Train Loss: 2.2530, Validation Loss: 2.3264
Epoch 354/1000, Train Loss: 2.0273, Validation Loss: 7.8996
Epoch 355/1000, Train Loss: 2.2641, Validation Loss: 2.7677
Epoch 356/1000, Train Loss: 19.0988, Validation Loss: 30.2208
Epoch 357/1000, Train Loss: 2.1026, Validation Loss: 3.0141
Epoch 358/1000, Train Loss: 1.9980, Validation Loss: 6.1011
Epoch 359/1000, Train Loss: 2.0591, Validation Loss: 1.9535
Epoch 360/1000, Train Loss: 2.2870, Validation Loss: 2.4927
Epoch 361/1000, Train Loss: 2.2098, Validation Loss: 3.5583
Epoch 362/1000, Train Loss: 3.5507, Validation Loss: 7.1913
Epoch 363/1000, Train Loss: 2.5328, Validation Loss: 4.1427
Epoch 364/1000, Train Loss: 3.9592, Validation Loss: 1.9376
Epoch 365/1000, Train Loss: 3.9463, Validation Loss: 1.8160
Epoch 366/1000, Train Loss: 2.1513, Validation Loss: 3.5587
Epoch 367/1000, Train Loss: 2.0019, Validation Loss: 3.7810
Epoch 368/1000, Train Loss: 2.1339, Validation Loss: 2.3620
Epoch 369/1000, Train Loss: 1.9132, Validation Loss: 6.5388
Epoch 370/1000, Train Loss: 2.0344, Validation Loss: 5.9536
Epoch 371/1000, Train Loss: 1.8193, Validation Loss: 6.2702
Epoch 372/1000, Train Loss: 1.9279, Validation Loss: 1.8954
Epoch 373/1000, Train Loss: 418.6663, Validation Loss: 1.9467
Epoch 374/1000, Train Loss: 1.7762, Validation Loss: 7.8652
Epoch 375/1000, Train Loss: 1.7182, Validation Loss: 3.8822
Epoch 376/1000, Train Loss: 1.9630, Validation Loss: 3.0454
Epoch 377/1000, Train Loss: 2.0881, Validation Loss: 6.3725
Epoch 378/1000, Train Loss: 1.9064, Validation Loss: 1.6726
Epoch 379/1000, Train Loss: 1.6361, Validation Loss: 2.0693
Epoch 380/1000, Train Loss: 26.8172, Validation Loss: 7.9261
Epoch 381/1000, Train Loss: 1.8030, Validation Loss: 4.4559
Epoch 382/1000, Train Loss: 2.0050, Validation Loss: 1.5390
Epoch 383/1000, Train Loss: 1.9454, Validation Loss: 2.6953
Epoch 384/1000, Train Loss: 3.4040, Validation Loss: 2.7245
Epoch 385/1000, Train Loss: 1.7351, Validation Loss: 3.4463
Epoch 386/1000, Train Loss: 19.3499, Validation Loss: 6.9856
Epoch 387/1000, Train Loss: 65.4503, Validation Loss: 3.1697
Epoch 388/1000, Train Loss: 1.8871, Validation Loss: 5.9286
Epoch 389/1000, Train Loss: 1.7636, Validation Loss: 5.7621
Epoch 390/1000, Train Loss: 1.6767, Validation Loss: 2.8074
Epoch 391/1000, Train Loss: 6.3838, Validation Loss: 1.7983
Epoch 392/1000, Train Loss: 1.7889, Validation Loss: 2.2453
Epoch 393/1000, Train Loss: 1.6467, Validation Loss: 6.4620
Epoch 394/1000, Train Loss: 2.4384, Validation Loss: 3.0668
Epoch 395/1000, Train Loss: 2.0003, Validation Loss: 2.9941
Epoch 396/1000, Train Loss: 1.8606, Validation Loss: 1.2072
Epoch 397/1000, Train Loss: 1.4054, Validation Loss: 6.7293
Epoch 398/1000, Train Loss: 1.4392, Validation Loss: 1.5822
Epoch 399/1000, Train Loss: 1.4900, Validation Loss: 3.6180
Epoch 400/1000, Train Loss: 1.4731, Validation Loss: 6.4865
Epoch 401/1000, Train Loss: 2468.8430, Validation Loss: 4.5176
Epoch 402/1000, Train Loss: 2.8371, Validation Loss: 1.4803
Epoch 403/1000, Train Loss: 1.5278, Validation Loss: 4.5714
Epoch 404/1000, Train Loss: 1.9171, Validation Loss: 4.7265
Epoch 405/1000, Train Loss: 15.2976, Validation Loss: 4.6740
Epoch 406/1000, Train Loss: 2.3676, Validation Loss: 5.1796
Epoch 407/1000, Train Loss: 1.7095, Validation Loss: 1.9712
Epoch 408/1000, Train Loss: 1.7639, Validation Loss: 5.7759
Epoch 409/1000, Train Loss: 27.6043, Validation Loss: 1.7845
Epoch 410/1000, Train Loss: 173.8973, Validation Loss: 2.1609
Epoch 411/1000, Train Loss: 1.6372, Validation Loss: 1296.4264
Epoch 412/1000, Train Loss: 1.5881, Validation Loss: 3.8463
Epoch 413/1000, Train Loss: 2.3293, Validation Loss: 2.3707
Epoch 414/1000, Train Loss: 2.0780, Validation Loss: 1.7532
Epoch 415/1000, Train Loss: 1.5208, Validation Loss: 1.7063
Epoch 416/1000, Train Loss: 1.6571, Validation Loss: 1.8634
Epoch 417/1000, Train Loss: 1.3410, Validation Loss: 1.2922
Epoch 418/1000, Train Loss: 4.4888, Validation Loss: 1.7923
Epoch 419/1000, Train Loss: 20.2261, Validation Loss: 3.1722
Epoch 420/1000, Train Loss: 6.5403, Validation Loss: 1.3857
Epoch 421/1000, Train Loss: 3.7050, Validation Loss: 8.0107
Epoch 422/1000, Train Loss: 2.0173, Validation Loss: 2.3493
Epoch 423/1000, Train Loss: 2.6281, Validation Loss: 1.7367
Epoch 424/1000, Train Loss: 4865.6399, Validation Loss: 1.3916
Epoch 425/1000, Train Loss: 1.5877, Validation Loss: 2.9766
Epoch 426/1000, Train Loss: 1.5389, Validation Loss: 2.5261
Epoch 427/1000, Train Loss: 5.0434, Validation Loss: 15.0438
Epoch 428/1000, Train Loss: 43.7003, Validation Loss: 3.3781
Epoch 429/1000, Train Loss: 1.2306, Validation Loss: 7.0880
Epoch 430/1000, Train Loss: 1.6434, Validation Loss: 9.4590
Epoch 431/1000, Train Loss: 1.5450, Validation Loss: 7.3734
Epoch 432/1000, Train Loss: 1.6596, Validation Loss: 1.7240
Epoch 433/1000, Train Loss: 1.5724, Validation Loss: 3.0169
Epoch 434/1000, Train Loss: 1.7252, Validation Loss: 1.9722
Epoch 435/1000, Train Loss: 1.5747, Validation Loss: 6.2289
Epoch 436/1000, Train Loss: 2.5230, Validation Loss: 2.5655
Epoch 437/1000, Train Loss: 1.6793, Validation Loss: 2.4352
Epoch 438/1000, Train Loss: 1.3021, Validation Loss: 3.7068
Epoch 439/1000, Train Loss: 1.3802, Validation Loss: 3.8948
Epoch 440/1000, Train Loss: 1.7307, Validation Loss: 6.2205
Epoch 441/1000, Train Loss: 1.7028, Validation Loss: 3.0756
Epoch 442/1000, Train Loss: 1.5616, Validation Loss: 1.3840
Epoch 443/1000, Train Loss: 1.4913, Validation Loss: 2.2276
Epoch 444/1000, Train Loss: 1.4900, Validation Loss: 3.6379
Epoch 445/1000, Train Loss: 4.2185, Validation Loss: 474.9566
Epoch 446/1000, Train Loss: 1.5343, Validation Loss: 81.3829
Epoch 447/1000, Train Loss: 1.6094, Validation Loss: 1.6705
Epoch 448/1000, Train Loss: 1.5683, Validation Loss: 1.1513
Epoch 449/1000, Train Loss: 1.4298, Validation Loss: 7.4235
Epoch 450/1000, Train Loss: 1.4736, Validation Loss: 3.4410
Epoch 451/1000, Train Loss: 3.9675, Validation Loss: 4.2176
Epoch 452/1000, Train Loss: 3.9143, Validation Loss: 3.2538
Epoch 453/1000, Train Loss: 1.4357, Validation Loss: 1.1716
Epoch 454/1000, Train Loss: 1.2319, Validation Loss: 5.2646
Epoch 455/1000, Train Loss: 1.2971, Validation Loss: 1.8266
Epoch 456/1000, Train Loss: 1.1602, Validation Loss: 2.5788
Epoch 457/1000, Train Loss: 1.1303, Validation Loss: 2.4878
Epoch 458/1000, Train Loss: 1.1264, Validation Loss: 1.3356
Epoch 459/1000, Train Loss: 1.5188, Validation Loss: 1.6358
Epoch 460/1000, Train Loss: 1.4460, Validation Loss: 3.1699
Epoch 461/1000, Train Loss: 2.7353, Validation Loss: 5.6571
Epoch 462/1000, Train Loss: 1.8788, Validation Loss: 2.2248
Epoch 463/1000, Train Loss: 2.6068, Validation Loss: 2.3845
Epoch 464/1000, Train Loss: 1.3343, Validation Loss: 2.0477
Epoch 465/1000, Train Loss: 1.1233, Validation Loss: 2.1101
Epoch 466/1000, Train Loss: 2.2099, Validation Loss: 2.7078
Epoch 467/1000, Train Loss: 1.1284, Validation Loss: 13.6908
Epoch 468/1000, Train Loss: 1.1374, Validation Loss: 4.5486
Epoch 469/1000, Train Loss: 1.1842, Validation Loss: 2.0949
Epoch 470/1000, Train Loss: 1.1548, Validation Loss: 10.1072
Epoch 471/1000, Train Loss: 1.1624, Validation Loss: 1.9295
Epoch 472/1000, Train Loss: 1.1414, Validation Loss: 1.2602
Epoch 473/1000, Train Loss: 1.1421, Validation Loss: 2.6435
Epoch 474/1000, Train Loss: 22036.8184, Validation Loss: 3.6799
Epoch 475/1000, Train Loss: 1.0656, Validation Loss: 1.0822
Epoch 476/1000, Train Loss: 1.0456, Validation Loss: 3.8638
Epoch 477/1000, Train Loss: 1.0859, Validation Loss: 13.9323
Epoch 478/1000, Train Loss: 101.6997, Validation Loss: 2.8227
Epoch 479/1000, Train Loss: 2.0910, Validation Loss: 13.4977
Epoch 480/1000, Train Loss: 1.8596, Validation Loss: 2.1355
Epoch 481/1000, Train Loss: 2.1207, Validation Loss: 3.5338
Epoch 482/1000, Train Loss: 2.0043, Validation Loss: 1.2627
Epoch 483/1000, Train Loss: 18.8720, Validation Loss: 1.3868
Epoch 484/1000, Train Loss: 1.7959, Validation Loss: 3.9338
Epoch 485/1000, Train Loss: 1.8168, Validation Loss: 2.7636
Epoch 486/1000, Train Loss: 1.6827, Validation Loss: 3.9874
Epoch 487/1000, Train Loss: 1.7789, Validation Loss: 4.7954
Epoch 488/1000, Train Loss: 1.8930, Validation Loss: 2.8453
Epoch 489/1000, Train Loss: 6.0195, Validation Loss: 2.4491
Epoch 490/1000, Train Loss: 1.8102, Validation Loss: 2.2270
Epoch 491/1000, Train Loss: 302.2466, Validation Loss: 1.1982
Epoch 492/1000, Train Loss: 1.7295, Validation Loss: 2.2233
Epoch 493/1000, Train Loss: 1.5982, Validation Loss: 3.0572
Epoch 494/1000, Train Loss: 1.6879, Validation Loss: 1.6990
Epoch 495/1000, Train Loss: 2.5070, Validation Loss: 3.2209
Epoch 496/1000, Train Loss: 1.5899, Validation Loss: 3.9272
Epoch 497/1000, Train Loss: 2.1816, Validation Loss: 4.0484
Epoch 498/1000, Train Loss: 1.4646, Validation Loss: 2.2325
Epoch 499/1000, Train Loss: 4.2335, Validation Loss: 4.4571
Epoch 500/1000, Train Loss: 8.8903, Validation Loss: 2.1870
Epoch 501/1000, Train Loss: 1.8578, Validation Loss: 2.0314
Epoch 502/1000, Train Loss: 1.8254, Validation Loss: 2.9900
Epoch 503/1000, Train Loss: 1.5870, Validation Loss: 4.4329
Epoch 504/1000, Train Loss: 1.8293, Validation Loss: 4.1881
Epoch 505/1000, Train Loss: 1.6026, Validation Loss: 2.0558
Epoch 506/1000, Train Loss: 1.5649, Validation Loss: 3.1406
Epoch 507/1000, Train Loss: 1.9988, Validation Loss: 6.0476
Epoch 508/1000, Train Loss: 1.9488, Validation Loss: 1.4790
Epoch 509/1000, Train Loss: 2266.6792, Validation Loss: 7.5471
Epoch 510/1000, Train Loss: 1.7332, Validation Loss: 2.1483
Epoch 511/1000, Train Loss: 32.8219, Validation Loss: 5.7847
Epoch 512/1000, Train Loss: 1.5872, Validation Loss: 3.5952
Epoch 513/1000, Train Loss: 1.9161, Validation Loss: 2.4670
Epoch 514/1000, Train Loss: 1.6701, Validation Loss: 6.3034
Epoch 515/1000, Train Loss: 4.4278, Validation Loss: 262.8225
Epoch 516/1000, Train Loss: 1.9282, Validation Loss: 4738.6974
Epoch 517/1000, Train Loss: 1.7542, Validation Loss: 2.9763
Epoch 518/1000, Train Loss: 1.9533, Validation Loss: 5.4874
Epoch 519/1000, Train Loss: 67.0373, Validation Loss: 4.3391
Epoch 520/1000, Train Loss: 1.7108, Validation Loss: 4.7359
Epoch 521/1000, Train Loss: 1.7329, Validation Loss: 5.0232
Epoch 522/1000, Train Loss: 1.6090, Validation Loss: 4.2596
Epoch 523/1000, Train Loss: 1.5811, Validation Loss: 5.0352
Epoch 524/1000, Train Loss: 3.1529, Validation Loss: 9.7184
Epoch 525/1000, Train Loss: 1.7199, Validation Loss: 3.3444
Epoch 526/1000, Train Loss: 1.5665, Validation Loss: 3.4278
Epoch 527/1000, Train Loss: 1.3915, Validation Loss: 2.5022
Epoch 528/1000, Train Loss: 1.6498, Validation Loss: 8.6848
Epoch 529/1000, Train Loss: 1.8587, Validation Loss: 4.1215
Epoch 530/1000, Train Loss: 2.9255, Validation Loss: 2.4878
Epoch 531/1000, Train Loss: 1.5204, Validation Loss: 1.6174
Epoch 532/1000, Train Loss: 1.5687, Validation Loss: 6.4934
Epoch 533/1000, Train Loss: 1.3817, Validation Loss: 3.1112
Epoch 534/1000, Train Loss: 1.5553, Validation Loss: 1.5196
Epoch 535/1000, Train Loss: 2.0997, Validation Loss: 3.1029
Epoch 536/1000, Train Loss: 1.5937, Validation Loss: 4.2939
Epoch 537/1000, Train Loss: 1.4701, Validation Loss: 1.7524
Epoch 538/1000, Train Loss: 1.5225, Validation Loss: 3.2630
Epoch 539/1000, Train Loss: 1.4982, Validation Loss: 12.5227
Epoch 540/1000, Train Loss: 1.6217, Validation Loss: 10.1444
Epoch 541/1000, Train Loss: 1.4657, Validation Loss: 1.8142
Epoch 542/1000, Train Loss: 62.6114, Validation Loss: 2.3330
Epoch 543/1000, Train Loss: 1.6006, Validation Loss: 2.4750
Epoch 544/1000, Train Loss: 1.5985, Validation Loss: 63.8863
Epoch 545/1000, Train Loss: 22.9823, Validation Loss: 3.0603
Epoch 546/1000, Train Loss: 11.2271, Validation Loss: 3.4572
Epoch 547/1000, Train Loss: 1.5458, Validation Loss: 6.2532
Epoch 548/1000, Train Loss: 1.8943, Validation Loss: 11.5698
Epoch 549/1000, Train Loss: 1.5337, Validation Loss: 2.2792
Epoch 550/1000, Train Loss: 1.4598, Validation Loss: 2.1392
Epoch 551/1000, Train Loss: 1.5115, Validation Loss: 3.4492
Epoch 552/1000, Train Loss: 2.0795, Validation Loss: 8.0678
Epoch 553/1000, Train Loss: 1.7470, Validation Loss: 1.7769
Epoch 554/1000, Train Loss: 1.4769, Validation Loss: 2.8408
Epoch 555/1000, Train Loss: 1.5308, Validation Loss: 1.6811
Epoch 556/1000, Train Loss: 1.3777, Validation Loss: 1.8812
Epoch 557/1000, Train Loss: 1.7128, Validation Loss: 7.5121
Epoch 558/1000, Train Loss: 1.5119, Validation Loss: 6.2119
Epoch 559/1000, Train Loss: 1.9969, Validation Loss: 1.2226
Epoch 560/1000, Train Loss: 7.4488, Validation Loss: 2.9445
Epoch 561/1000, Train Loss: 5.7922, Validation Loss: 5.2700
Epoch 562/1000, Train Loss: 1.4467, Validation Loss: 2.2472
Epoch 563/1000, Train Loss: 1.5588, Validation Loss: 3.2193
Epoch 564/1000, Train Loss: 1.4939, Validation Loss: 2.6034
Epoch 565/1000, Train Loss: 133.4161, Validation Loss: 2.3854
Epoch 566/1000, Train Loss: 9.3009, Validation Loss: 2.9129
Epoch 567/1000, Train Loss: 1.7205, Validation Loss: 4.9832
Epoch 568/1000, Train Loss: 1.5433, Validation Loss: 2.5305
Epoch 569/1000, Train Loss: 1.5680, Validation Loss: 2.3369
Epoch 570/1000, Train Loss: 20.5815, Validation Loss: 1.9221
Epoch 571/1000, Train Loss: 2.6457, Validation Loss: 2.6798
Epoch 572/1000, Train Loss: 1.5599, Validation Loss: 2.2357
Epoch 573/1000, Train Loss: 3.8105, Validation Loss: 7.3750
Epoch 574/1000, Train Loss: 1.7654, Validation Loss: 4.0275
Epoch 575/1000, Train Loss: 1.7650, Validation Loss: 3.8893
Epoch 576/1000, Train Loss: 1.5482, Validation Loss: 1.1303
Epoch 577/1000, Train Loss: 6.4818, Validation Loss: 2.1409
Epoch 578/1000, Train Loss: 1.5145, Validation Loss: 3.6601
Epoch 579/1000, Train Loss: 2.7988, Validation Loss: 5.3550
Epoch 580/1000, Train Loss: 2.3400, Validation Loss: 2.9406
Epoch 581/1000, Train Loss: 2.4511, Validation Loss: 5.2735
Epoch 582/1000, Train Loss: 1.6236, Validation Loss: 14.0200
Epoch 583/1000, Train Loss: 1.5053, Validation Loss: 9.0055
Epoch 584/1000, Train Loss: 6.3298, Validation Loss: 7.6255
Epoch 585/1000, Train Loss: 2.1757, Validation Loss: 2.8342
Epoch 586/1000, Train Loss: 1.9777, Validation Loss: 2.2199
Epoch 587/1000, Train Loss: 6.9043, Validation Loss: 4.0368
Epoch 588/1000, Train Loss: 2.1676, Validation Loss: 2.0862
Epoch 589/1000, Train Loss: 1.7722, Validation Loss: 4.7187
Epoch 590/1000, Train Loss: 1.7149, Validation Loss: 2.2743
Epoch 591/1000, Train Loss: 1.6915, Validation Loss: 1.8061
Epoch 592/1000, Train Loss: 1.7199, Validation Loss: 2.3698
Epoch 593/1000, Train Loss: 1.8410, Validation Loss: 4.7901
Epoch 594/1000, Train Loss: 1.5830, Validation Loss: 1.2144
Epoch 595/1000, Train Loss: 1.5274, Validation Loss: 4.6536
Epoch 596/1000, Train Loss: 1.4665, Validation Loss: 2.1920
Epoch 597/1000, Train Loss: 1.5698, Validation Loss: 4.8452
Epoch 598/1000, Train Loss: 3.2012, Validation Loss: 10367.2857
Epoch 599/1000, Train Loss: 171.8011, Validation Loss: 4.1467
Epoch 600/1000, Train Loss: 1.8480, Validation Loss: 1.5808
Epoch 601/1000, Train Loss: 1.5608, Validation Loss: 2.2182
Epoch 602/1000, Train Loss: 1.5235, Validation Loss: 5.6115
Epoch 603/1000, Train Loss: 1.6773, Validation Loss: 6.5802
Epoch 604/1000, Train Loss: 1.5618, Validation Loss: 4.0242
Epoch 605/1000, Train Loss: 750.0747, Validation Loss: 7.1065
Epoch 606/1000, Train Loss: 3.7747, Validation Loss: 6.9735
Epoch 607/1000, Train Loss: 2.0326, Validation Loss: 7.9084
Epoch 608/1000, Train Loss: 2.0518, Validation Loss: 19.4352
Epoch 609/1000, Train Loss: 1.6219, Validation Loss: 2.8937
Epoch 610/1000, Train Loss: 1.5593, Validation Loss: 1.2457
Epoch 611/1000, Train Loss: 2.0849, Validation Loss: 2.1398
Epoch 612/1000, Train Loss: 1.5376, Validation Loss: 2.1146
Epoch 613/1000, Train Loss: 2.1358, Validation Loss: 2.8698
Epoch 614/1000, Train Loss: 1.6196, Validation Loss: 3990.3690
Epoch 615/1000, Train Loss: 5.6790, Validation Loss: 6.2397
Epoch 616/1000, Train Loss: 1.5909, Validation Loss: 5.6614
Epoch 617/1000, Train Loss: 1.5273, Validation Loss: 2.6091
Epoch 618/1000, Train Loss: 2.0586, Validation Loss: 4.6457
Epoch 619/1000, Train Loss: 1.8425, Validation Loss: 1.8716
Epoch 620/1000, Train Loss: 1.5328, Validation Loss: 2.4983
Epoch 621/1000, Train Loss: 1.4860, Validation Loss: 10.9363
Epoch 622/1000, Train Loss: 1.4015, Validation Loss: 2.4739
Epoch 623/1000, Train Loss: 663.3342, Validation Loss: 2.0990
Epoch 624/1000, Train Loss: 1.4846, Validation Loss: 2.9798
Epoch 625/1000, Train Loss: 1.4121, Validation Loss: 2.2309
Epoch 626/1000, Train Loss: 1.4080, Validation Loss: 2.2805
Epoch 627/1000, Train Loss: 1.8566, Validation Loss: 1.8882
Epoch 628/1000, Train Loss: 1.5259, Validation Loss: 1.0650
Epoch 629/1000, Train Loss: 2.2944, Validation Loss: 5.4717
Epoch 630/1000, Train Loss: 1.5420, Validation Loss: 2.0702
Epoch 631/1000, Train Loss: 1.6056, Validation Loss: 5.4017
Epoch 632/1000, Train Loss: 2.8144, Validation Loss: 6.4265
Epoch 633/1000, Train Loss: 36.2505, Validation Loss: 4.1525
Epoch 634/1000, Train Loss: 1.4438, Validation Loss: 5.5972
Epoch 635/1000, Train Loss: 1.3846, Validation Loss: 2.7544
Epoch 636/1000, Train Loss: 2.3092, Validation Loss: 1.3546
Epoch 637/1000, Train Loss: 1.4360, Validation Loss: 1.6681
Epoch 638/1000, Train Loss: 1.3547, Validation Loss: 1.5169
Epoch 639/1000, Train Loss: 4.1778, Validation Loss: 1.7577
Epoch 640/1000, Train Loss: 1.3670, Validation Loss: 2.9594
Epoch 641/1000, Train Loss: 1.3784, Validation Loss: 3.3586
Epoch 642/1000, Train Loss: 1.4363, Validation Loss: 1.3025
Epoch 643/1000, Train Loss: 1.3278, Validation Loss: 2.7062
Epoch 644/1000, Train Loss: 1.4540, Validation Loss: 1.2282
Epoch 645/1000, Train Loss: 4.2911, Validation Loss: 2.5245
Epoch 646/1000, Train Loss: 10.2616, Validation Loss: 9.7711
Epoch 647/1000, Train Loss: 2.1136, Validation Loss: 4.2517
Epoch 648/1000, Train Loss: 2.5864, Validation Loss: 3.9246
Epoch 649/1000, Train Loss: 1.6765, Validation Loss: 1.9600
Epoch 650/1000, Train Loss: 1.4473, Validation Loss: 3.2798
Epoch 651/1000, Train Loss: 151.6486, Validation Loss: 1.6520
Epoch 652/1000, Train Loss: 1.4869, Validation Loss: 2.0343
Epoch 653/1000, Train Loss: 16.4805, Validation Loss: 3.4722
Epoch 654/1000, Train Loss: 1.5545, Validation Loss: 2.7300
Epoch 655/1000, Train Loss: 1.4422, Validation Loss: 2.0435
Epoch 656/1000, Train Loss: 1.4134, Validation Loss: 2.1213
Epoch 657/1000, Train Loss: 2.1560, Validation Loss: 3.4847
Epoch 658/1000, Train Loss: 1.4533, Validation Loss: 3.1670
Epoch 659/1000, Train Loss: 1.4701, Validation Loss: 3.6488
Epoch 660/1000, Train Loss: 1568.3996, Validation Loss: 1.4609
Epoch 661/1000, Train Loss: 1.3935, Validation Loss: 12.0145
Epoch 662/1000, Train Loss: 1.4078, Validation Loss: 3.8434
Epoch 663/1000, Train Loss: 3.1837, Validation Loss: 6.1888
[1;34mwandb[0m: 
[1;34mwandb[0m: 🚀 View run [33mwinter-sweep-14[0m at: [34mhttps://wandb.ai/mk8737-new-york-university/rl_pretrain_hp_sweeps/runs/d9jxhouo[0m
[1;34mwandb[0m: Find logs at: [1;35mwandb/run-20251126_011608-d9jxhouo/logs[0m
Agent finished.
