Waiting for sweep ID...
Found Sweep ID: dos27rz7
Starting wandb agent for sweep dos27rz7...
TRAINING DEVICE: cpu
Run Name: GIN_global_hp_sweep_global_dos27rz7-g3c2mlmx
finidhed preparing data
Loading dataset from pretrain_dataset_12.5k_fixed_duplicates.pkl
Loaded 412712 data objects.
finished preparing data
Epoch 1/1000, Train Loss: 5.4001, Validation Loss: 2.0949
Epoch 2/1000, Train Loss: 1.4706, Validation Loss: 2.6621
Epoch 3/1000, Train Loss: 1.2174, Validation Loss: 2.1955
Epoch 4/1000, Train Loss: 1.2159, Validation Loss: 1.0182
Epoch 5/1000, Train Loss: 1.1563, Validation Loss: 4.9161
Epoch 6/1000, Train Loss: 1.1344, Validation Loss: 2.1980
Epoch 7/1000, Train Loss: 1.1018, Validation Loss: 1.3323
Epoch 8/1000, Train Loss: 1.0816, Validation Loss: 2.0318
Epoch 9/1000, Train Loss: 1.0373, Validation Loss: 0.9848
Epoch 10/1000, Train Loss: 1.0016, Validation Loss: 1.3305
Epoch 11/1000, Train Loss: 0.9676, Validation Loss: 1.2058
Epoch 12/1000, Train Loss: 0.9559, Validation Loss: 0.8934
Epoch 13/1000, Train Loss: 0.9004, Validation Loss: 0.8684
Epoch 14/1000, Train Loss: 0.8854, Validation Loss: 1.1441
Epoch 15/1000, Train Loss: 0.8677, Validation Loss: 0.9370
Epoch 16/1000, Train Loss: 0.8706, Validation Loss: 1.1973
Epoch 17/1000, Train Loss: 0.8761, Validation Loss: 2.2215
Epoch 18/1000, Train Loss: 0.8480, Validation Loss: 1.0478
Epoch 19/1000, Train Loss: 0.8156, Validation Loss: 2.0516
Epoch 20/1000, Train Loss: 0.8184, Validation Loss: 0.8739
Epoch 21/1000, Train Loss: 0.8519, Validation Loss: 1.7420
Epoch 22/1000, Train Loss: 0.8111, Validation Loss: 2.0156
Epoch 23/1000, Train Loss: 0.7970, Validation Loss: 1.0672
Epoch 24/1000, Train Loss: 0.7622, Validation Loss: 1.7542
Epoch 25/1000, Train Loss: 0.8164, Validation Loss: 0.7450
Epoch 26/1000, Train Loss: 0.8164, Validation Loss: 0.8724
Epoch 27/1000, Train Loss: 0.7438, Validation Loss: 1.2327
Epoch 28/1000, Train Loss: 0.7472, Validation Loss: 0.6357
Epoch 29/1000, Train Loss: 0.7538, Validation Loss: 1.8792
Epoch 30/1000, Train Loss: 0.7185, Validation Loss: 0.7089
Epoch 31/1000, Train Loss: 0.6921, Validation Loss: 0.7654
Epoch 32/1000, Train Loss: 0.7466, Validation Loss: 0.7701
Epoch 33/1000, Train Loss: 0.6923, Validation Loss: 1.5726
Epoch 34/1000, Train Loss: 0.6883, Validation Loss: 1.1018
Epoch 35/1000, Train Loss: 0.6680, Validation Loss: 1.0212
Epoch 36/1000, Train Loss: 0.7410, Validation Loss: 1.3872
Epoch 37/1000, Train Loss: 0.7428, Validation Loss: 1.4670
Epoch 38/1000, Train Loss: 0.6703, Validation Loss: 0.7145
Epoch 39/1000, Train Loss: 0.6786, Validation Loss: 0.7758
Epoch 40/1000, Train Loss: 0.6776, Validation Loss: 1.8233
Epoch 41/1000, Train Loss: 0.6785, Validation Loss: 1.2272
Epoch 42/1000, Train Loss: 0.6614, Validation Loss: 0.6822
Epoch 43/1000, Train Loss: 0.6585, Validation Loss: 1.2909
Epoch 44/1000, Train Loss: 0.6755, Validation Loss: 1.4091
Epoch 45/1000, Train Loss: 0.6541, Validation Loss: 0.7898
Epoch 46/1000, Train Loss: 0.6213, Validation Loss: 0.8966
Epoch 47/1000, Train Loss: 0.6407, Validation Loss: 1.0486
Epoch 48/1000, Train Loss: 0.6592, Validation Loss: 1.1453
Epoch 49/1000, Train Loss: 0.6343, Validation Loss: 0.5982
Epoch 50/1000, Train Loss: 0.6434, Validation Loss: 1.1851
Epoch 51/1000, Train Loss: 0.6527, Validation Loss: 0.7202
Epoch 52/1000, Train Loss: 0.6367, Validation Loss: 0.6515
Epoch 53/1000, Train Loss: 0.6222, Validation Loss: 0.5471
Epoch 54/1000, Train Loss: 0.6112, Validation Loss: 0.6627
Epoch 55/1000, Train Loss: 0.6104, Validation Loss: 1.0317
Epoch 56/1000, Train Loss: 0.6137, Validation Loss: 1.2165
Epoch 57/1000, Train Loss: 0.6197, Validation Loss: 2.0258
Epoch 58/1000, Train Loss: 0.6040, Validation Loss: 1.1724
Epoch 59/1000, Train Loss: 0.5935, Validation Loss: 1.5290
Epoch 60/1000, Train Loss: 0.5917, Validation Loss: 1.8353
Epoch 61/1000, Train Loss: 0.6007, Validation Loss: 0.9651
Epoch 62/1000, Train Loss: 0.5974, Validation Loss: 0.5742
Epoch 63/1000, Train Loss: 0.5885, Validation Loss: 0.8601
Epoch 64/1000, Train Loss: 0.5662, Validation Loss: 0.6397
Epoch 65/1000, Train Loss: 0.5906, Validation Loss: 0.8489
Epoch 66/1000, Train Loss: 0.5800, Validation Loss: 0.8109
Epoch 67/1000, Train Loss: 0.5832, Validation Loss: 1.8445
Epoch 68/1000, Train Loss: 0.5963, Validation Loss: 0.8384
Epoch 69/1000, Train Loss: 0.5756, Validation Loss: 1.4992
Epoch 70/1000, Train Loss: 0.5567, Validation Loss: 0.9687
Epoch 71/1000, Train Loss: 0.5449, Validation Loss: 1.1984
Epoch 72/1000, Train Loss: 0.5672, Validation Loss: 1.0800
Epoch 73/1000, Train Loss: 0.5598, Validation Loss: 0.9165
Epoch 74/1000, Train Loss: 0.5866, Validation Loss: 1.3453
Epoch 75/1000, Train Loss: 0.5577, Validation Loss: 0.9528
Epoch 76/1000, Train Loss: 0.5547, Validation Loss: 0.6945
Epoch 77/1000, Train Loss: 0.5591, Validation Loss: 0.9072
Epoch 78/1000, Train Loss: 0.5549, Validation Loss: 1.8102
Epoch 79/1000, Train Loss: 0.5496, Validation Loss: 1.6940
Epoch 80/1000, Train Loss: 0.5406, Validation Loss: 0.4944
Epoch 81/1000, Train Loss: 0.5428, Validation Loss: 0.7084
Epoch 82/1000, Train Loss: 0.5422, Validation Loss: 0.6375
Epoch 83/1000, Train Loss: 0.5724, Validation Loss: 1.7501
Epoch 84/1000, Train Loss: 0.5439, Validation Loss: 0.6765
Epoch 85/1000, Train Loss: 0.5390, Validation Loss: 1.2812
Epoch 86/1000, Train Loss: 0.5647, Validation Loss: 0.4721
Epoch 87/1000, Train Loss: 0.5209, Validation Loss: 0.6397
Epoch 88/1000, Train Loss: 0.5271, Validation Loss: 1.4619
Epoch 89/1000, Train Loss: 0.5280, Validation Loss: 0.7265
Epoch 90/1000, Train Loss: 0.5269, Validation Loss: 0.7107
Epoch 91/1000, Train Loss: 0.5343, Validation Loss: 0.7953
Epoch 92/1000, Train Loss: 0.5157, Validation Loss: 0.9168
Epoch 93/1000, Train Loss: 0.5238, Validation Loss: 0.8202
Epoch 94/1000, Train Loss: 0.5308, Validation Loss: 1.5311
Epoch 95/1000, Train Loss: 0.5810, Validation Loss: 0.9836
Epoch 96/1000, Train Loss: 0.5258, Validation Loss: 0.6506
Epoch 97/1000, Train Loss: 0.5229, Validation Loss: 0.4838
Epoch 98/1000, Train Loss: 0.5201, Validation Loss: 0.5469
Epoch 99/1000, Train Loss: 0.5220, Validation Loss: 0.5249
Epoch 100/1000, Train Loss: 0.5030, Validation Loss: 0.7454
Epoch 101/1000, Train Loss: 0.5269, Validation Loss: 1.6259
Epoch 102/1000, Train Loss: 0.5185, Validation Loss: 0.5416
Epoch 103/1000, Train Loss: 0.5135, Validation Loss: 0.7073
Epoch 104/1000, Train Loss: 0.4922, Validation Loss: 0.5998
Epoch 105/1000, Train Loss: 0.4955, Validation Loss: 1.7609
Epoch 106/1000, Train Loss: 0.4986, Validation Loss: 1.2810
Epoch 107/1000, Train Loss: 0.5193, Validation Loss: 0.5217
Epoch 108/1000, Train Loss: 0.5121, Validation Loss: 0.5480
Epoch 109/1000, Train Loss: 0.5138, Validation Loss: 0.6066
Epoch 110/1000, Train Loss: 0.5219, Validation Loss: 0.6627
Epoch 111/1000, Train Loss: 0.4902, Validation Loss: 0.7903
Epoch 112/1000, Train Loss: 0.7496, Validation Loss: 1.3542
Epoch 113/1000, Train Loss: 0.5310, Validation Loss: 0.5080
Epoch 114/1000, Train Loss: 0.4975, Validation Loss: 1.1803
Epoch 115/1000, Train Loss: 0.4994, Validation Loss: 1.4301
Epoch 116/1000, Train Loss: 0.5004, Validation Loss: 0.5911
Epoch 117/1000, Train Loss: 0.4879, Validation Loss: 0.5974
Epoch 118/1000, Train Loss: 0.4763, Validation Loss: 0.8026
Epoch 119/1000, Train Loss: 0.4961, Validation Loss: 0.4468
Epoch 120/1000, Train Loss: 0.4835, Validation Loss: 0.7993
Epoch 121/1000, Train Loss: 0.5034, Validation Loss: 1.2567
Epoch 122/1000, Train Loss: 0.4899, Validation Loss: 0.8623
Epoch 123/1000, Train Loss: 0.4840, Validation Loss: 1.0860
Epoch 124/1000, Train Loss: 0.4709, Validation Loss: 0.9839
Epoch 125/1000, Train Loss: 0.4779, Validation Loss: 0.6828
Epoch 126/1000, Train Loss: 0.5001, Validation Loss: 1.3667
Epoch 127/1000, Train Loss: 0.4884, Validation Loss: 0.7044
Epoch 128/1000, Train Loss: 0.4853, Validation Loss: 0.4659
Epoch 129/1000, Train Loss: 0.4738, Validation Loss: 0.4857
Epoch 130/1000, Train Loss: 0.4596, Validation Loss: 0.7740
Epoch 131/1000, Train Loss: 0.4820, Validation Loss: 0.7334
Epoch 132/1000, Train Loss: 0.4782, Validation Loss: 0.5406
Epoch 133/1000, Train Loss: 0.4649, Validation Loss: 0.6985
Epoch 134/1000, Train Loss: 0.4634, Validation Loss: 0.6039
Epoch 135/1000, Train Loss: 0.4820, Validation Loss: 0.6682
Epoch 136/1000, Train Loss: 0.4673, Validation Loss: 0.5978
Epoch 137/1000, Train Loss: 0.4604, Validation Loss: 1.4800
Epoch 138/1000, Train Loss: 0.4503, Validation Loss: 0.6860
Epoch 139/1000, Train Loss: 0.4830, Validation Loss: 0.6182
Epoch 140/1000, Train Loss: 0.4809, Validation Loss: 0.5298
Epoch 141/1000, Train Loss: 0.4608, Validation Loss: 1.2245
Epoch 142/1000, Train Loss: 0.4575, Validation Loss: 0.6112
Epoch 143/1000, Train Loss: 0.4706, Validation Loss: 0.6159
Epoch 144/1000, Train Loss: 0.4955, Validation Loss: 1.2483
Epoch 145/1000, Train Loss: 0.4630, Validation Loss: 0.6381
Epoch 146/1000, Train Loss: 0.4488, Validation Loss: 0.5404
Epoch 147/1000, Train Loss: 0.4650, Validation Loss: 0.5948
Epoch 148/1000, Train Loss: 0.5140, Validation Loss: 0.5243
Epoch 149/1000, Train Loss: 0.4744, Validation Loss: 0.6107
Epoch 150/1000, Train Loss: 0.4564, Validation Loss: 0.7127
Epoch 151/1000, Train Loss: 0.4603, Validation Loss: 0.4406
Epoch 152/1000, Train Loss: 0.4528, Validation Loss: 0.6200
Epoch 153/1000, Train Loss: 0.4608, Validation Loss: 0.7687
Epoch 154/1000, Train Loss: 0.4449, Validation Loss: 0.4667
Epoch 155/1000, Train Loss: 0.4706, Validation Loss: 0.9001
Epoch 156/1000, Train Loss: 0.4678, Validation Loss: 0.4910
Epoch 157/1000, Train Loss: 0.4850, Validation Loss: 0.7664
Epoch 158/1000, Train Loss: 0.4514, Validation Loss: 0.5462
Epoch 159/1000, Train Loss: 0.4523, Validation Loss: 0.5577
Epoch 160/1000, Train Loss: 0.4523, Validation Loss: 0.4723
Epoch 161/1000, Train Loss: 0.4353, Validation Loss: 0.5680
Epoch 162/1000, Train Loss: 0.4521, Validation Loss: 0.4940
Epoch 163/1000, Train Loss: 0.4499, Validation Loss: 0.4586
Epoch 164/1000, Train Loss: 0.4755, Validation Loss: 1.4119
Epoch 165/1000, Train Loss: 0.4576, Validation Loss: 0.5089
Epoch 166/1000, Train Loss: 0.4599, Validation Loss: 0.6966
Epoch 167/1000, Train Loss: 0.4665, Validation Loss: 0.5623
Epoch 168/1000, Train Loss: 0.4746, Validation Loss: 1.2899
Epoch 169/1000, Train Loss: 0.4484, Validation Loss: 0.6026
Epoch 170/1000, Train Loss: 0.4525, Validation Loss: 0.7756
Epoch 171/1000, Train Loss: 0.4633, Validation Loss: 0.5884
Epoch 172/1000, Train Loss: 0.4312, Validation Loss: 0.4880
Epoch 173/1000, Train Loss: 0.4355, Validation Loss: 0.4979
Epoch 174/1000, Train Loss: 0.4550, Validation Loss: 1.3540
Epoch 175/1000, Train Loss: 0.4377, Validation Loss: 0.6196
Epoch 176/1000, Train Loss: 0.4533, Validation Loss: 0.7061
Epoch 177/1000, Train Loss: 0.4649, Validation Loss: 0.7051
Epoch 178/1000, Train Loss: 0.4383, Validation Loss: 0.4184
Epoch 179/1000, Train Loss: 0.4548, Validation Loss: 0.5885
Epoch 180/1000, Train Loss: 0.4402, Validation Loss: 0.4784
Epoch 181/1000, Train Loss: 0.4384, Validation Loss: 0.5791
Epoch 182/1000, Train Loss: 0.4402, Validation Loss: 0.5112
Epoch 183/1000, Train Loss: 0.4587, Validation Loss: 0.6895
Epoch 184/1000, Train Loss: 0.4351, Validation Loss: 0.5790
Epoch 185/1000, Train Loss: 0.4405, Validation Loss: 0.5737
Epoch 186/1000, Train Loss: 0.4289, Validation Loss: 0.7986
Epoch 187/1000, Train Loss: 0.4492, Validation Loss: 0.4462
Epoch 188/1000, Train Loss: 0.4408, Validation Loss: 1.0657
Epoch 189/1000, Train Loss: 0.4303, Validation Loss: 0.6131
Epoch 190/1000, Train Loss: 0.4231, Validation Loss: 0.4537
Epoch 191/1000, Train Loss: 0.4238, Validation Loss: 0.6324
Epoch 192/1000, Train Loss: 0.4628, Validation Loss: 0.7640
Epoch 193/1000, Train Loss: 0.4549, Validation Loss: 1.1902
Epoch 194/1000, Train Loss: 0.4552, Validation Loss: 0.6432
Epoch 195/1000, Train Loss: 0.4417, Validation Loss: 0.5956
Epoch 196/1000, Train Loss: 0.4515, Validation Loss: 0.7117
Epoch 197/1000, Train Loss: 0.4378, Validation Loss: 2.4448
Epoch 198/1000, Train Loss: 0.4337, Validation Loss: 1.0617
Epoch 199/1000, Train Loss: 0.4178, Validation Loss: 0.6083
Epoch 200/1000, Train Loss: 0.4324, Validation Loss: 0.5005
Epoch 201/1000, Train Loss: 0.4741, Validation Loss: 0.6074
Epoch 202/1000, Train Loss: 0.4566, Validation Loss: 2.5806
Epoch 203/1000, Train Loss: 0.4348, Validation Loss: 0.7842
Epoch 204/1000, Train Loss: 0.4175, Validation Loss: 0.4648
Epoch 205/1000, Train Loss: 0.4173, Validation Loss: 0.8270
Epoch 206/1000, Train Loss: 0.4231, Validation Loss: 0.6029
Epoch 207/1000, Train Loss: 0.4229, Validation Loss: 0.6028
Epoch 208/1000, Train Loss: 0.4335, Validation Loss: 0.6128
Epoch 209/1000, Train Loss: 0.4325, Validation Loss: 0.5592
Epoch 210/1000, Train Loss: 0.4167, Validation Loss: 0.4672
Epoch 211/1000, Train Loss: 0.4331, Validation Loss: 1.3502
Epoch 212/1000, Train Loss: 0.4148, Validation Loss: 0.5992
Epoch 213/1000, Train Loss: 0.4191, Validation Loss: 0.5689
Epoch 214/1000, Train Loss: 0.4204, Validation Loss: 1.0051
Epoch 215/1000, Train Loss: 0.4239, Validation Loss: 0.5127
Epoch 216/1000, Train Loss: 0.4312, Validation Loss: 1.2003
Epoch 217/1000, Train Loss: 0.4342, Validation Loss: 0.6022
Epoch 218/1000, Train Loss: 0.4447, Validation Loss: 0.5026
Epoch 219/1000, Train Loss: 0.4353, Validation Loss: 0.4484
Epoch 220/1000, Train Loss: 0.4467, Validation Loss: 0.4514
Epoch 221/1000, Train Loss: 0.4171, Validation Loss: 0.4454
Epoch 222/1000, Train Loss: 0.4322, Validation Loss: 0.5624
Epoch 223/1000, Train Loss: 0.4305, Validation Loss: 0.5568
Epoch 224/1000, Train Loss: 0.4145, Validation Loss: 0.9316
Epoch 225/1000, Train Loss: 0.4115, Validation Loss: 0.5178
Epoch 226/1000, Train Loss: 0.4294, Validation Loss: 0.8989
Epoch 227/1000, Train Loss: 0.4240, Validation Loss: 0.9877
Epoch 228/1000, Train Loss: 0.4249, Validation Loss: 0.9411
Epoch 229/1000, Train Loss: 0.4365, Validation Loss: 0.4931
Epoch 230/1000, Train Loss: 0.4214, Validation Loss: 0.4610
Epoch 231/1000, Train Loss: 0.4072, Validation Loss: 0.4102
Epoch 232/1000, Train Loss: 0.4179, Validation Loss: 0.4369
Epoch 233/1000, Train Loss: 0.4407, Validation Loss: 0.3981
Epoch 234/1000, Train Loss: 0.4316, Validation Loss: 0.4464
Epoch 235/1000, Train Loss: 0.4330, Validation Loss: 1.0664
Epoch 236/1000, Train Loss: 0.4223, Validation Loss: 0.5174
Epoch 237/1000, Train Loss: 0.4250, Validation Loss: 0.9872
Epoch 238/1000, Train Loss: 0.4386, Validation Loss: 0.5122
Epoch 239/1000, Train Loss: 0.4214, Validation Loss: 0.6397
Epoch 240/1000, Train Loss: 0.4313, Validation Loss: 0.4977
Epoch 241/1000, Train Loss: 0.4225, Validation Loss: 0.6368
Epoch 242/1000, Train Loss: 0.4320, Validation Loss: 0.9362
Epoch 243/1000, Train Loss: 0.4137, Validation Loss: 0.8794
Epoch 244/1000, Train Loss: 0.4134, Validation Loss: 0.6900
Epoch 245/1000, Train Loss: 0.4502, Validation Loss: 0.3549
Epoch 246/1000, Train Loss: 0.4234, Validation Loss: 0.4827
Epoch 247/1000, Train Loss: 0.4082, Validation Loss: 0.3948
Epoch 248/1000, Train Loss: 0.4222, Validation Loss: 1.0506
Epoch 249/1000, Train Loss: 0.4332, Validation Loss: 0.9239
Epoch 250/1000, Train Loss: 0.4129, Validation Loss: 0.4384
Epoch 251/1000, Train Loss: 0.4161, Validation Loss: 0.4832
Epoch 252/1000, Train Loss: 0.4344, Validation Loss: 0.4182
Epoch 253/1000, Train Loss: 0.4223, Validation Loss: 6.8544
Epoch 254/1000, Train Loss: 0.4222, Validation Loss: 0.5670
Epoch 255/1000, Train Loss: 0.4142, Validation Loss: 0.6098
Epoch 256/1000, Train Loss: 0.4390, Validation Loss: 0.8970
Epoch 257/1000, Train Loss: 0.4253, Validation Loss: 0.5828
Epoch 258/1000, Train Loss: 0.4250, Validation Loss: 0.5449
Epoch 259/1000, Train Loss: 0.4030, Validation Loss: 0.5359
Epoch 260/1000, Train Loss: 0.4107, Validation Loss: 0.5610
Epoch 261/1000, Train Loss: 0.4332, Validation Loss: 0.6075
Epoch 262/1000, Train Loss: 0.3978, Validation Loss: 0.4648
Epoch 263/1000, Train Loss: 0.4253, Validation Loss: 0.6848
Epoch 264/1000, Train Loss: 0.4308, Validation Loss: 0.5671
Epoch 265/1000, Train Loss: 0.4200, Validation Loss: 0.5823
Epoch 266/1000, Train Loss: 0.4330, Validation Loss: 0.7343
Epoch 267/1000, Train Loss: 0.4289, Validation Loss: 1.1186
Epoch 268/1000, Train Loss: 0.4219, Validation Loss: 0.9036
Epoch 269/1000, Train Loss: 0.4343, Validation Loss: 0.4613
Epoch 270/1000, Train Loss: 0.4102, Validation Loss: 0.4452
Epoch 271/1000, Train Loss: 0.4157, Validation Loss: 0.6114
Epoch 272/1000, Train Loss: 0.4251, Validation Loss: 0.6862
Epoch 273/1000, Train Loss: 0.4238, Validation Loss: 0.5190
Epoch 274/1000, Train Loss: 0.4165, Validation Loss: 0.3884
Epoch 275/1000, Train Loss: 0.4358, Validation Loss: 1.3451
Epoch 276/1000, Train Loss: 0.4209, Validation Loss: 0.3672
Epoch 277/1000, Train Loss: 0.4211, Validation Loss: 0.5758
Epoch 278/1000, Train Loss: 0.4102, Validation Loss: 0.6050
Epoch 279/1000, Train Loss: 0.4126, Validation Loss: 0.4463
Epoch 280/1000, Train Loss: 0.4124, Validation Loss: 0.5495
Epoch 281/1000, Train Loss: 0.4289, Validation Loss: 0.4513
Epoch 282/1000, Train Loss: 0.4324, Validation Loss: 0.4355
Epoch 283/1000, Train Loss: 0.4266, Validation Loss: 0.4336
Epoch 284/1000, Train Loss: 0.4325, Validation Loss: 0.7194
Epoch 285/1000, Train Loss: 0.3999, Validation Loss: 0.4483
Epoch 286/1000, Train Loss: 0.4257, Validation Loss: 0.6608
Epoch 287/1000, Train Loss: 0.4324, Validation Loss: 0.6042
Epoch 288/1000, Train Loss: 0.4075, Validation Loss: 0.5433
Epoch 289/1000, Train Loss: 0.4034, Validation Loss: 2.1785
Epoch 290/1000, Train Loss: 0.4056, Validation Loss: 0.5962
Epoch 291/1000, Train Loss: 0.4221, Validation Loss: 1.3832
Epoch 292/1000, Train Loss: 0.4408, Validation Loss: 0.9025
Epoch 293/1000, Train Loss: 0.4163, Validation Loss: 0.5449
Epoch 294/1000, Train Loss: 0.4118, Validation Loss: 0.7400
Epoch 295/1000, Train Loss: 0.4002, Validation Loss: 0.4677
Epoch 296/1000, Train Loss: 0.4095, Validation Loss: 0.5456
Epoch 297/1000, Train Loss: 0.4289, Validation Loss: 0.7621
Epoch 298/1000, Train Loss: 0.4127, Validation Loss: 0.4138
Epoch 299/1000, Train Loss: 0.4150, Validation Loss: 0.5985
Epoch 300/1000, Train Loss: 0.3929, Validation Loss: 0.4953
Epoch 301/1000, Train Loss: 0.4171, Validation Loss: 0.8527
Epoch 302/1000, Train Loss: 0.3978, Validation Loss: 0.5686
Epoch 303/1000, Train Loss: 0.4214, Validation Loss: 0.5683
Epoch 304/1000, Train Loss: 0.4175, Validation Loss: 0.3759
Epoch 305/1000, Train Loss: 0.4056, Validation Loss: 1.0518
Epoch 306/1000, Train Loss: 0.4258, Validation Loss: 0.5796
Epoch 307/1000, Train Loss: 0.4061, Validation Loss: 0.8282
Epoch 308/1000, Train Loss: 0.4076, Validation Loss: 0.6335
Epoch 309/1000, Train Loss: 0.4049, Validation Loss: 0.5397
Epoch 310/1000, Train Loss: 0.3968, Validation Loss: 0.4094
Epoch 311/1000, Train Loss: 0.4051, Validation Loss: 0.5263
Epoch 312/1000, Train Loss: 0.4053, Validation Loss: 0.5184
Epoch 313/1000, Train Loss: 0.4701, Validation Loss: 0.7908
Epoch 314/1000, Train Loss: 0.4074, Validation Loss: 0.4426
Epoch 315/1000, Train Loss: 0.4048, Validation Loss: 0.5920
Epoch 316/1000, Train Loss: 0.4072, Validation Loss: 0.4322
Epoch 317/1000, Train Loss: 0.4147, Validation Loss: 0.4506
Epoch 318/1000, Train Loss: 0.4075, Validation Loss: 2.3393
Epoch 319/1000, Train Loss: 0.3997, Validation Loss: 0.5001
Epoch 320/1000, Train Loss: 0.3895, Validation Loss: 1.2921
Epoch 321/1000, Train Loss: 0.4101, Validation Loss: 0.4674
Epoch 322/1000, Train Loss: 0.4074, Validation Loss: 0.7731
Epoch 323/1000, Train Loss: 0.4039, Validation Loss: 0.3743
Epoch 324/1000, Train Loss: 0.3982, Validation Loss: 0.4870
Epoch 325/1000, Train Loss: 0.4079, Validation Loss: 0.7967
Epoch 326/1000, Train Loss: 0.4100, Validation Loss: 0.6772
Epoch 327/1000, Train Loss: 0.4046, Validation Loss: 0.8524
Epoch 328/1000, Train Loss: 0.4037, Validation Loss: 0.3613
Epoch 329/1000, Train Loss: 0.3984, Validation Loss: 0.5842
Epoch 330/1000, Train Loss: 0.4062, Validation Loss: 0.4589
Epoch 331/1000, Train Loss: 0.4040, Validation Loss: 0.6306
Epoch 332/1000, Train Loss: 0.4009, Validation Loss: 0.8181
Epoch 333/1000, Train Loss: 0.4055, Validation Loss: 0.5195
Epoch 334/1000, Train Loss: 0.4105, Validation Loss: 0.5128
Epoch 335/1000, Train Loss: 0.3981, Validation Loss: 0.6306
Epoch 336/1000, Train Loss: 0.3896, Validation Loss: 0.4089
Epoch 337/1000, Train Loss: 0.3948, Validation Loss: 0.4538
Epoch 338/1000, Train Loss: 0.4120, Validation Loss: 0.7420
Epoch 339/1000, Train Loss: 0.4111, Validation Loss: 0.4933
Epoch 340/1000, Train Loss: 0.4089, Validation Loss: 0.5531
Epoch 341/1000, Train Loss: 0.3882, Validation Loss: 1.0335
Epoch 342/1000, Train Loss: 0.4080, Validation Loss: 0.5465
Epoch 343/1000, Train Loss: 0.4177, Validation Loss: 0.5166
Epoch 344/1000, Train Loss: 0.4085, Validation Loss: 0.5344
Epoch 345/1000, Train Loss: 0.4024, Validation Loss: 0.6726
Epoch 346/1000, Train Loss: 0.3959, Validation Loss: 2.0699
Epoch 347/1000, Train Loss: 0.3996, Validation Loss: 0.4925
Epoch 348/1000, Train Loss: 0.3898, Validation Loss: 0.9396
Epoch 349/1000, Train Loss: 0.3848, Validation Loss: 0.4034
Epoch 350/1000, Train Loss: 0.4039, Validation Loss: 0.4982
Epoch 351/1000, Train Loss: 0.4072, Validation Loss: 0.4105
Epoch 352/1000, Train Loss: 0.4039, Validation Loss: 0.7291
Epoch 353/1000, Train Loss: 0.3824, Validation Loss: 0.5886
Epoch 354/1000, Train Loss: 0.3887, Validation Loss: 0.4145
Epoch 355/1000, Train Loss: 0.4078, Validation Loss: 0.7838
Epoch 356/1000, Train Loss: 0.4019, Validation Loss: 0.4319
Epoch 357/1000, Train Loss: 0.3987, Validation Loss: 0.5977
Epoch 358/1000, Train Loss: 0.3957, Validation Loss: 0.7173
Epoch 359/1000, Train Loss: 0.4029, Validation Loss: 0.6080
Epoch 360/1000, Train Loss: 0.3926, Validation Loss: 0.6068
Epoch 361/1000, Train Loss: 0.4281, Validation Loss: 0.5035
Epoch 362/1000, Train Loss: 0.3985, Validation Loss: 0.7695
Epoch 363/1000, Train Loss: 0.3868, Validation Loss: 0.5248
Epoch 364/1000, Train Loss: 0.3849, Validation Loss: 0.8805
Epoch 365/1000, Train Loss: 0.3769, Validation Loss: 0.3994
Epoch 366/1000, Train Loss: 0.4293, Validation Loss: 0.4239
Epoch 367/1000, Train Loss: 0.3894, Validation Loss: 0.6634
Epoch 368/1000, Train Loss: 0.3955, Validation Loss: 0.4646
Epoch 369/1000, Train Loss: 0.3931, Validation Loss: 0.5357
Epoch 370/1000, Train Loss: 0.3987, Validation Loss: 0.3910
Epoch 371/1000, Train Loss: 0.3825, Validation Loss: 0.3975
Epoch 372/1000, Train Loss: 0.4035, Validation Loss: 0.4251
Epoch 373/1000, Train Loss: 0.4011, Validation Loss: 0.7566
Epoch 374/1000, Train Loss: 0.3878, Validation Loss: 0.6981
Epoch 375/1000, Train Loss: 0.3955, Validation Loss: 0.5684
Epoch 376/1000, Train Loss: 0.4024, Validation Loss: 0.3856
Epoch 377/1000, Train Loss: 0.3892, Validation Loss: 0.5546
Epoch 378/1000, Train Loss: 0.3905, Validation Loss: 0.4259
Epoch 379/1000, Train Loss: 0.3805, Validation Loss: 0.4753
Epoch 380/1000, Train Loss: 0.4100, Validation Loss: 0.7335
Epoch 381/1000, Train Loss: 0.4159, Validation Loss: 0.5686
Epoch 382/1000, Train Loss: 0.3847, Validation Loss: 0.5408
Epoch 383/1000, Train Loss: 0.3992, Validation Loss: 0.6179
Epoch 384/1000, Train Loss: 0.3979, Validation Loss: 0.5533
Epoch 385/1000, Train Loss: 0.3928, Validation Loss: 0.5838
Epoch 386/1000, Train Loss: 0.3887, Validation Loss: 0.5204
Epoch 387/1000, Train Loss: 0.3898, Validation Loss: 0.8591
Epoch 388/1000, Train Loss: 0.4003, Validation Loss: 1.1106
Epoch 389/1000, Train Loss: 0.3988, Validation Loss: 0.4699
Epoch 390/1000, Train Loss: 0.3892, Validation Loss: 0.6407
Epoch 391/1000, Train Loss: 0.3981, Validation Loss: 0.4000
Epoch 392/1000, Train Loss: 0.3838, Validation Loss: 0.5605
Epoch 393/1000, Train Loss: 0.3823, Validation Loss: 1.2991
Epoch 394/1000, Train Loss: 0.3949, Validation Loss: 0.7145
Epoch 395/1000, Train Loss: 0.3967, Validation Loss: 0.5492
Epoch 396/1000, Train Loss: 0.3859, Validation Loss: 0.8730
Epoch 397/1000, Train Loss: 0.4159, Validation Loss: 0.4685
Epoch 398/1000, Train Loss: 0.4062, Validation Loss: 0.6063
Epoch 399/1000, Train Loss: 0.3851, Validation Loss: 0.7231
Epoch 400/1000, Train Loss: 0.3838, Validation Loss: 0.3743
Epoch 401/1000, Train Loss: 0.4034, Validation Loss: 1.3453
Epoch 402/1000, Train Loss: 0.3936, Validation Loss: 0.7253
Epoch 403/1000, Train Loss: 0.3823, Validation Loss: 0.5332
Epoch 404/1000, Train Loss: 0.3935, Validation Loss: 0.4344
Epoch 405/1000, Train Loss: 0.3919, Validation Loss: 0.6746
Epoch 406/1000, Train Loss: 0.4046, Validation Loss: 4.1707
Epoch 407/1000, Train Loss: 0.3968, Validation Loss: 1.2854
Epoch 408/1000, Train Loss: 0.3880, Validation Loss: 0.8217
Epoch 409/1000, Train Loss: 0.3812, Validation Loss: 0.5296
Epoch 410/1000, Train Loss: 0.3984, Validation Loss: 0.8025
Epoch 411/1000, Train Loss: 0.3681, Validation Loss: 0.5060
Epoch 412/1000, Train Loss: 0.3899, Validation Loss: 1.0335
Epoch 413/1000, Train Loss: 0.4063, Validation Loss: 0.5141
Epoch 414/1000, Train Loss: 0.3852, Validation Loss: 0.8727
Epoch 415/1000, Train Loss: 0.3923, Validation Loss: 0.4800
Epoch 416/1000, Train Loss: 0.3954, Validation Loss: 0.5275
Epoch 417/1000, Train Loss: 0.3980, Validation Loss: 0.5016
Epoch 418/1000, Train Loss: 0.3884, Validation Loss: 0.4350
Epoch 419/1000, Train Loss: 0.3741, Validation Loss: 0.5937
Epoch 420/1000, Train Loss: 0.3990, Validation Loss: 0.5670
Epoch 421/1000, Train Loss: 0.3996, Validation Loss: 0.7345
Epoch 422/1000, Train Loss: 0.4065, Validation Loss: 0.4678
Epoch 423/1000, Train Loss: 0.4079, Validation Loss: 0.6564
Epoch 424/1000, Train Loss: 0.3878, Validation Loss: 0.4036
Epoch 425/1000, Train Loss: 0.3844, Validation Loss: 0.4971
Epoch 426/1000, Train Loss: 0.4049, Validation Loss: 0.5163
Epoch 427/1000, Train Loss: 0.3772, Validation Loss: 0.4914
Epoch 428/1000, Train Loss: 0.4017, Validation Loss: 0.6054
Epoch 429/1000, Train Loss: 0.3875, Validation Loss: 0.7817
Epoch 430/1000, Train Loss: 0.4040, Validation Loss: 0.4069
Epoch 431/1000, Train Loss: 0.4024, Validation Loss: 0.6237
Epoch 432/1000, Train Loss: 0.3797, Validation Loss: 0.5844
Epoch 433/1000, Train Loss: 0.3886, Validation Loss: 0.6144
Epoch 434/1000, Train Loss: 0.3768, Validation Loss: 0.5269
Epoch 435/1000, Train Loss: 0.3912, Validation Loss: 0.4541
Epoch 436/1000, Train Loss: 0.3881, Validation Loss: 0.4872
Epoch 437/1000, Train Loss: 0.3815, Validation Loss: 0.5844
Epoch 438/1000, Train Loss: 0.3892, Validation Loss: 0.4925
Epoch 439/1000, Train Loss: 0.3943, Validation Loss: 0.7313
Epoch 440/1000, Train Loss: 0.3835, Validation Loss: 0.7211
Epoch 441/1000, Train Loss: 0.3932, Validation Loss: 1.2089
Epoch 442/1000, Train Loss: 0.3917, Validation Loss: 0.5306
Epoch 443/1000, Train Loss: 0.3884, Validation Loss: 0.6811
Epoch 444/1000, Train Loss: 0.3747, Validation Loss: 0.4896
Epoch 445/1000, Train Loss: 0.3933, Validation Loss: 0.5132
Epoch 446/1000, Train Loss: 0.3781, Validation Loss: 0.5604
Epoch 447/1000, Train Loss: 0.3749, Validation Loss: 0.3616
Epoch 448/1000, Train Loss: 0.3852, Validation Loss: 0.5196
Epoch 449/1000, Train Loss: 0.3844, Validation Loss: 0.8704
Epoch 450/1000, Train Loss: 0.3720, Validation Loss: 0.7909
Epoch 451/1000, Train Loss: 0.3797, Validation Loss: 0.6326
Epoch 452/1000, Train Loss: 0.3898, Validation Loss: 1.0192
Epoch 453/1000, Train Loss: 0.3861, Validation Loss: 0.4517
Epoch 454/1000, Train Loss: 0.3833, Validation Loss: 1.0335
Epoch 455/1000, Train Loss: 0.3866, Validation Loss: 0.5654
Epoch 456/1000, Train Loss: 0.3838, Validation Loss: 0.5231
Epoch 457/1000, Train Loss: 0.3813, Validation Loss: 0.5006
Epoch 458/1000, Train Loss: 0.3763, Validation Loss: 0.5056
Epoch 459/1000, Train Loss: 0.3840, Validation Loss: 0.4659
Epoch 460/1000, Train Loss: 0.3893, Validation Loss: 0.7905
Epoch 461/1000, Train Loss: 0.3870, Validation Loss: 0.5960
Epoch 462/1000, Train Loss: 0.3844, Validation Loss: 0.5778
Epoch 463/1000, Train Loss: 0.4107, Validation Loss: 4.7147
Epoch 464/1000, Train Loss: 0.3880, Validation Loss: 0.6325
Epoch 465/1000, Train Loss: 0.3929, Validation Loss: 0.5010
Epoch 466/1000, Train Loss: 0.3668, Validation Loss: 0.8506
Epoch 467/1000, Train Loss: 0.3963, Validation Loss: 0.4489
Epoch 468/1000, Train Loss: 0.3843, Validation Loss: 0.4656
Epoch 469/1000, Train Loss: 0.3948, Validation Loss: 0.6016
Epoch 470/1000, Train Loss: 0.3846, Validation Loss: 0.6020
Epoch 471/1000, Train Loss: 0.3622, Validation Loss: 0.6910
Epoch 472/1000, Train Loss: 0.3829, Validation Loss: 0.5352
Epoch 473/1000, Train Loss: 0.3892, Validation Loss: 0.4454
Epoch 474/1000, Train Loss: 0.3887, Validation Loss: 0.3929
Epoch 475/1000, Train Loss: 0.3873, Validation Loss: 0.6014
Epoch 476/1000, Train Loss: 0.3976, Validation Loss: 1.4682
Epoch 477/1000, Train Loss: 0.3767, Validation Loss: 0.5154
Epoch 478/1000, Train Loss: 0.3864, Validation Loss: 0.4682
Epoch 479/1000, Train Loss: 0.3758, Validation Loss: 0.5305
Epoch 480/1000, Train Loss: 0.3851, Validation Loss: 0.5561
Epoch 481/1000, Train Loss: 0.3840, Validation Loss: 0.4781
Epoch 482/1000, Train Loss: 0.3792, Validation Loss: 0.4460
Epoch 483/1000, Train Loss: 0.3739, Validation Loss: 0.5466
Epoch 484/1000, Train Loss: 0.3796, Validation Loss: 0.7620
Epoch 485/1000, Train Loss: 0.3914, Validation Loss: 0.6288
Epoch 486/1000, Train Loss: 0.3905, Validation Loss: 0.9179
Epoch 487/1000, Train Loss: 0.3794, Validation Loss: 0.6079
Epoch 488/1000, Train Loss: 0.3810, Validation Loss: 0.7274
Epoch 489/1000, Train Loss: 0.3727, Validation Loss: 0.4253
Epoch 490/1000, Train Loss: 0.3902, Validation Loss: 0.6628
Epoch 491/1000, Train Loss: 0.3833, Validation Loss: 0.6063
Epoch 492/1000, Train Loss: 0.3890, Validation Loss: 0.8980
Epoch 493/1000, Train Loss: 0.3725, Validation Loss: 0.6956
Epoch 494/1000, Train Loss: 0.3846, Validation Loss: 0.4367
Epoch 495/1000, Train Loss: 0.3793, Validation Loss: 0.7518
Epoch 496/1000, Train Loss: 0.3904, Validation Loss: 0.4986
Epoch 497/1000, Train Loss: 0.4046, Validation Loss: 0.3745
Epoch 498/1000, Train Loss: 0.3850, Validation Loss: 0.4303
Epoch 499/1000, Train Loss: 0.4039, Validation Loss: 0.4520
Epoch 500/1000, Train Loss: 0.3891, Validation Loss: 0.4866
Epoch 501/1000, Train Loss: 0.3854, Validation Loss: 0.5453
Epoch 502/1000, Train Loss: 0.3700, Validation Loss: 0.8195
Epoch 503/1000, Train Loss: 0.3824, Validation Loss: 0.4499
Epoch 504/1000, Train Loss: 0.3719, Validation Loss: 0.4777
Epoch 505/1000, Train Loss: 0.3768, Validation Loss: 0.5033
Epoch 506/1000, Train Loss: 0.3882, Validation Loss: 0.6667
Epoch 507/1000, Train Loss: 0.3802, Validation Loss: 0.4696
Epoch 508/1000, Train Loss: 0.3832, Validation Loss: 0.5258
Epoch 509/1000, Train Loss: 0.3785, Validation Loss: 0.7706
Epoch 510/1000, Train Loss: 0.3789, Validation Loss: 0.5630
Epoch 511/1000, Train Loss: 0.3774, Validation Loss: 0.5347
Epoch 512/1000, Train Loss: 0.3745, Validation Loss: 2.9480
Epoch 513/1000, Train Loss: 0.3722, Validation Loss: 0.4914
Epoch 514/1000, Train Loss: 0.3734, Validation Loss: 0.5260
Epoch 515/1000, Train Loss: 0.3756, Validation Loss: 0.7283
Epoch 516/1000, Train Loss: 0.3789, Validation Loss: 0.4749
Epoch 517/1000, Train Loss: 0.3680, Validation Loss: 0.8877
Epoch 518/1000, Train Loss: 0.3776, Validation Loss: 1.2405
Epoch 519/1000, Train Loss: 0.3892, Validation Loss: 0.9056
Epoch 520/1000, Train Loss: 0.3701, Validation Loss: 0.7667
Epoch 521/1000, Train Loss: 0.3740, Validation Loss: 0.4940
Epoch 522/1000, Train Loss: 0.3749, Validation Loss: 0.6940
Epoch 523/1000, Train Loss: 0.3883, Validation Loss: 0.4501
Epoch 524/1000, Train Loss: 0.4002, Validation Loss: 0.3631
Epoch 525/1000, Train Loss: 0.3969, Validation Loss: 0.5238
Epoch 526/1000, Train Loss: 0.3847, Validation Loss: 0.5155
Epoch 527/1000, Train Loss: 0.3796, Validation Loss: 0.7335
Epoch 528/1000, Train Loss: 0.3790, Validation Loss: 0.3869
Epoch 529/1000, Train Loss: 0.3878, Validation Loss: 0.8656
Epoch 530/1000, Train Loss: 0.3777, Validation Loss: 0.6079
Epoch 531/1000, Train Loss: 0.3833, Validation Loss: 0.4237
Epoch 532/1000, Train Loss: 0.3770, Validation Loss: 0.6031
Epoch 533/1000, Train Loss: 0.3707, Validation Loss: 0.3592
Epoch 534/1000, Train Loss: 0.3759, Validation Loss: 0.6256
Epoch 535/1000, Train Loss: 0.3929, Validation Loss: 0.5842
Epoch 536/1000, Train Loss: 0.3638, Validation Loss: 0.7507
Epoch 537/1000, Train Loss: 0.3886, Validation Loss: 0.4098
Epoch 538/1000, Train Loss: 0.3874, Validation Loss: 0.4653
Epoch 539/1000, Train Loss: 0.3908, Validation Loss: 0.5024
Epoch 540/1000, Train Loss: 0.3910, Validation Loss: 0.8300
Epoch 541/1000, Train Loss: 0.3838, Validation Loss: 0.8306
Epoch 542/1000, Train Loss: 0.3960, Validation Loss: 0.3621
Epoch 543/1000, Train Loss: 0.3639, Validation Loss: 0.7449
Epoch 544/1000, Train Loss: 0.3746, Validation Loss: 0.6507
Epoch 545/1000, Train Loss: 0.3762, Validation Loss: 0.7902
Epoch 546/1000, Train Loss: 0.3647, Validation Loss: 0.5526
Epoch 547/1000, Train Loss: 0.3612, Validation Loss: 0.8785
Epoch 548/1000, Train Loss: 0.3727, Validation Loss: 0.4500
Epoch 549/1000, Train Loss: 0.3964, Validation Loss: 0.4224
Epoch 550/1000, Train Loss: 0.3685, Validation Loss: 0.4008
Epoch 551/1000, Train Loss: 0.3663, Validation Loss: 0.6417
Epoch 552/1000, Train Loss: 0.3626, Validation Loss: 0.3964
Epoch 553/1000, Train Loss: 0.3668, Validation Loss: 0.6311
Epoch 554/1000, Train Loss: 0.3722, Validation Loss: 0.4148
Epoch 555/1000, Train Loss: 0.3657, Validation Loss: 1.3071
Epoch 556/1000, Train Loss: 0.3739, Validation Loss: 0.4728
Epoch 557/1000, Train Loss: 0.3724, Validation Loss: 0.6585
Epoch 558/1000, Train Loss: 0.3790, Validation Loss: 0.4859
Epoch 559/1000, Train Loss: 0.3671, Validation Loss: 0.6323
Epoch 560/1000, Train Loss: 0.3861, Validation Loss: 0.9698
Epoch 561/1000, Train Loss: 0.3889, Validation Loss: 0.4170
Epoch 562/1000, Train Loss: 0.3841, Validation Loss: 0.3585
Epoch 563/1000, Train Loss: 0.3842, Validation Loss: 0.6114
Epoch 564/1000, Train Loss: 0.3955, Validation Loss: 0.6644
Epoch 565/1000, Train Loss: 0.3809, Validation Loss: 0.6665
Epoch 566/1000, Train Loss: 0.3646, Validation Loss: 1.2972
Epoch 567/1000, Train Loss: 0.3869, Validation Loss: 0.3704
Epoch 568/1000, Train Loss: 0.3898, Validation Loss: 1.0133
Epoch 569/1000, Train Loss: 0.3886, Validation Loss: 0.5314
Epoch 570/1000, Train Loss: 0.3902, Validation Loss: 0.5667
Epoch 571/1000, Train Loss: 0.3860, Validation Loss: 0.7002
Epoch 572/1000, Train Loss: 0.3814, Validation Loss: 0.8715
Epoch 573/1000, Train Loss: 0.3912, Validation Loss: 0.3939
Epoch 574/1000, Train Loss: 0.3972, Validation Loss: 0.6455
Epoch 575/1000, Train Loss: 0.4112, Validation Loss: 0.6462
Epoch 576/1000, Train Loss: 0.3893, Validation Loss: 0.5771
Epoch 577/1000, Train Loss: 0.3758, Validation Loss: 1.3291
Epoch 578/1000, Train Loss: 0.3817, Validation Loss: 0.8318
Epoch 579/1000, Train Loss: 0.3596, Validation Loss: 0.6917
Epoch 580/1000, Train Loss: 0.3684, Validation Loss: 0.5725
Epoch 581/1000, Train Loss: 0.3689, Validation Loss: 0.5101
Epoch 582/1000, Train Loss: 0.3698, Validation Loss: 0.4903
Epoch 583/1000, Train Loss: 0.3961, Validation Loss: 0.5572
Epoch 584/1000, Train Loss: 0.3811, Validation Loss: 0.4248
Epoch 585/1000, Train Loss: 0.3829, Validation Loss: 0.5845
Epoch 586/1000, Train Loss: 0.3716, Validation Loss: 0.5947
Epoch 587/1000, Train Loss: 0.3641, Validation Loss: 0.4644
Epoch 588/1000, Train Loss: 0.3735, Validation Loss: 0.4853
Epoch 589/1000, Train Loss: 0.3701, Validation Loss: 0.4899
Epoch 590/1000, Train Loss: 0.3809, Validation Loss: 0.6410
Epoch 591/1000, Train Loss: 0.3900, Validation Loss: 0.5124
Epoch 592/1000, Train Loss: 0.3731, Validation Loss: 1.2131
Epoch 593/1000, Train Loss: 0.3790, Validation Loss: 0.6423
Epoch 594/1000, Train Loss: 0.3803, Validation Loss: 0.7530
Epoch 595/1000, Train Loss: 0.3660, Validation Loss: 0.5416
Epoch 596/1000, Train Loss: 0.3762, Validation Loss: 0.6588
Epoch 597/1000, Train Loss: 0.3650, Validation Loss: 0.4366
Epoch 598/1000, Train Loss: 0.3741, Validation Loss: 0.5500
Epoch 599/1000, Train Loss: 0.3771, Validation Loss: 0.8074
Epoch 600/1000, Train Loss: 0.3644, Validation Loss: 0.5015
Epoch 601/1000, Train Loss: 0.3738, Validation Loss: 0.4608
Epoch 602/1000, Train Loss: 0.3643, Validation Loss: 0.8102
Epoch 603/1000, Train Loss: 0.3717, Validation Loss: 0.6107
Epoch 604/1000, Train Loss: 0.3916, Validation Loss: 0.3730
Epoch 605/1000, Train Loss: 0.3646, Validation Loss: 0.6314
Epoch 606/1000, Train Loss: 0.3658, Validation Loss: 0.7690
Epoch 607/1000, Train Loss: 0.3664, Validation Loss: 0.7232
Epoch 608/1000, Train Loss: 0.3645, Validation Loss: 0.5740
Epoch 609/1000, Train Loss: 0.3709, Validation Loss: 0.4904
Epoch 610/1000, Train Loss: 0.3717, Validation Loss: 0.4079
Epoch 611/1000, Train Loss: 0.3956, Validation Loss: 1.1937
Epoch 612/1000, Train Loss: 0.3899, Validation Loss: 0.5272
Epoch 613/1000, Train Loss: 0.3689, Validation Loss: 0.4635
Epoch 614/1000, Train Loss: 0.4756, Validation Loss: 0.7939
Epoch 615/1000, Train Loss: 0.3705, Validation Loss: 0.8135
Epoch 616/1000, Train Loss: 0.3670, Validation Loss: 0.3606
Epoch 617/1000, Train Loss: 0.3808, Validation Loss: 0.6945
Epoch 618/1000, Train Loss: 0.3801, Validation Loss: 0.4622
Epoch 619/1000, Train Loss: 0.3707, Validation Loss: 0.9204
Epoch 620/1000, Train Loss: 0.3703, Validation Loss: 0.4471
Epoch 621/1000, Train Loss: 0.3620, Validation Loss: 0.4547
Epoch 622/1000, Train Loss: 0.3769, Validation Loss: 1.1373
Epoch 623/1000, Train Loss: 0.3580, Validation Loss: 0.5451
Epoch 624/1000, Train Loss: 0.3711, Validation Loss: 0.3795
Epoch 625/1000, Train Loss: 0.3545, Validation Loss: 0.4668
Epoch 626/1000, Train Loss: 0.3983, Validation Loss: 0.5268
Epoch 627/1000, Train Loss: 0.3830, Validation Loss: 0.4462
Epoch 628/1000, Train Loss: 0.3687, Validation Loss: 0.5275
Epoch 629/1000, Train Loss: 0.3702, Validation Loss: 0.9241
Epoch 630/1000, Train Loss: 0.3662, Validation Loss: 0.5211
Epoch 631/1000, Train Loss: 0.3741, Validation Loss: 0.5326
Epoch 632/1000, Train Loss: 0.3890, Validation Loss: 0.8711
Epoch 633/1000, Train Loss: 0.3928, Validation Loss: 0.7853
Epoch 634/1000, Train Loss: 0.3632, Validation Loss: 0.5985
Epoch 635/1000, Train Loss: 0.3674, Validation Loss: 0.6336
Epoch 636/1000, Train Loss: 0.3818, Validation Loss: 0.5879
Epoch 637/1000, Train Loss: 0.3679, Validation Loss: 0.6778
Epoch 638/1000, Train Loss: 0.3595, Validation Loss: 0.4725
Epoch 639/1000, Train Loss: 0.3709, Validation Loss: 0.5230
Epoch 640/1000, Train Loss: 0.3481, Validation Loss: 0.5591
Epoch 641/1000, Train Loss: 0.3672, Validation Loss: 0.4062
Epoch 642/1000, Train Loss: 0.3807, Validation Loss: 0.4678
Epoch 643/1000, Train Loss: 0.3671, Validation Loss: 0.7154
Epoch 644/1000, Train Loss: 0.3728, Validation Loss: 0.6296
Epoch 645/1000, Train Loss: 0.3774, Validation Loss: 0.5807
Epoch 646/1000, Train Loss: 0.3642, Validation Loss: 0.4444
Epoch 647/1000, Train Loss: 0.3818, Validation Loss: 0.4811
Epoch 648/1000, Train Loss: 0.3639, Validation Loss: 0.4518
Epoch 649/1000, Train Loss: 0.3669, Validation Loss: 0.6009
Epoch 650/1000, Train Loss: 0.3714, Validation Loss: 0.4136
Epoch 651/1000, Train Loss: 0.3593, Validation Loss: 0.3637
Epoch 652/1000, Train Loss: 0.3623, Validation Loss: 0.3682
Epoch 653/1000, Train Loss: 0.3576, Validation Loss: 1.1125
Epoch 654/1000, Train Loss: 0.3715, Validation Loss: 0.5533
Epoch 655/1000, Train Loss: 0.3637, Validation Loss: 0.4603
Epoch 656/1000, Train Loss: 0.3853, Validation Loss: 0.6404
Epoch 657/1000, Train Loss: 0.3758, Validation Loss: 7.7229
Epoch 658/1000, Train Loss: 0.3557, Validation Loss: 0.5227
Epoch 659/1000, Train Loss: 0.3796, Validation Loss: 0.5303
Epoch 660/1000, Train Loss: 0.3732, Validation Loss: 0.5568
Epoch 661/1000, Train Loss: 0.3641, Validation Loss: 0.6355
Epoch 662/1000, Train Loss: 0.3695, Validation Loss: 0.4277
Epoch 663/1000, Train Loss: 0.3584, Validation Loss: 0.4965
Epoch 664/1000, Train Loss: 0.3985, Validation Loss: 0.6819
Epoch 665/1000, Train Loss: 0.3591, Validation Loss: 0.5066
Epoch 666/1000, Train Loss: 0.3698, Validation Loss: 0.3744
Epoch 667/1000, Train Loss: 0.3764, Validation Loss: 0.8890
Epoch 668/1000, Train Loss: 0.3746, Validation Loss: 0.7877
Epoch 669/1000, Train Loss: 0.3764, Validation Loss: 0.4945
Epoch 670/1000, Train Loss: 0.3659, Validation Loss: 0.4553
Epoch 671/1000, Train Loss: 0.3658, Validation Loss: 0.4794
Epoch 672/1000, Train Loss: 0.3693, Validation Loss: 0.4160
Epoch 673/1000, Train Loss: 0.3581, Validation Loss: 0.5640
Epoch 674/1000, Train Loss: 0.3815, Validation Loss: 0.8102
Epoch 675/1000, Train Loss: 0.3770, Validation Loss: 0.5099
Epoch 676/1000, Train Loss: 0.3663, Validation Loss: 1.1506
Epoch 677/1000, Train Loss: 0.3794, Validation Loss: 0.3885
Epoch 678/1000, Train Loss: 0.3736, Validation Loss: 0.4106
Epoch 679/1000, Train Loss: 0.3569, Validation Loss: 1.0998
Epoch 680/1000, Train Loss: 0.3565, Validation Loss: 0.4186
Epoch 681/1000, Train Loss: 0.3576, Validation Loss: 0.5732
Epoch 682/1000, Train Loss: 0.3713, Validation Loss: 0.4933
Epoch 683/1000, Train Loss: 0.3620, Validation Loss: 0.3540
Epoch 684/1000, Train Loss: 0.3582, Validation Loss: 0.7822
Epoch 685/1000, Train Loss: 0.3534, Validation Loss: 0.5061
Epoch 686/1000, Train Loss: 0.3771, Validation Loss: 0.3600
Epoch 687/1000, Train Loss: 0.3809, Validation Loss: 0.5563
Epoch 688/1000, Train Loss: 0.3603, Validation Loss: 0.4706
Epoch 689/1000, Train Loss: 0.3615, Validation Loss: 0.6249
Epoch 690/1000, Train Loss: 0.3684, Validation Loss: 0.5799
Epoch 691/1000, Train Loss: 0.3515, Validation Loss: 0.4865
Epoch 692/1000, Train Loss: 0.3718, Validation Loss: 0.5972
Epoch 693/1000, Train Loss: 0.3661, Validation Loss: 0.5190
Epoch 694/1000, Train Loss: 0.3665, Validation Loss: 0.4942
Epoch 695/1000, Train Loss: 0.3667, Validation Loss: 0.7346
Epoch 696/1000, Train Loss: 0.3653, Validation Loss: 0.5607
Epoch 697/1000, Train Loss: 0.3606, Validation Loss: 0.4908
Epoch 698/1000, Train Loss: 0.3666, Validation Loss: 0.3790
Epoch 699/1000, Train Loss: 0.3687, Validation Loss: 0.6342
Epoch 700/1000, Train Loss: 0.3842, Validation Loss: 0.4867
Epoch 701/1000, Train Loss: 0.3786, Validation Loss: 0.6465
Epoch 702/1000, Train Loss: 0.3909, Validation Loss: 0.8616
Epoch 703/1000, Train Loss: 0.3612, Validation Loss: 0.4808
Epoch 704/1000, Train Loss: 0.3637, Validation Loss: 0.4386
Epoch 705/1000, Train Loss: 0.3857, Validation Loss: 0.5445
Epoch 706/1000, Train Loss: 0.3722, Validation Loss: 0.7918
Epoch 707/1000, Train Loss: 0.3684, Validation Loss: 0.3722
Epoch 708/1000, Train Loss: 0.3658, Validation Loss: 1.0678
Epoch 709/1000, Train Loss: 0.3701, Validation Loss: 0.4637
Epoch 710/1000, Train Loss: 0.3697, Validation Loss: 0.4665
Epoch 711/1000, Train Loss: 0.3765, Validation Loss: 0.7897
Epoch 712/1000, Train Loss: 0.3640, Validation Loss: 0.5252
Epoch 713/1000, Train Loss: 0.3616, Validation Loss: 0.3774
Epoch 714/1000, Train Loss: 0.3632, Validation Loss: 0.5768
Epoch 715/1000, Train Loss: 0.3703, Validation Loss: 0.3923
Epoch 716/1000, Train Loss: 0.3589, Validation Loss: 0.5727
Epoch 717/1000, Train Loss: 0.3760, Validation Loss: 0.7866
Epoch 718/1000, Train Loss: 0.3721, Validation Loss: 0.7148
Epoch 719/1000, Train Loss: 0.3799, Validation Loss: 0.5145
Epoch 720/1000, Train Loss: 0.3710, Validation Loss: 0.4722
Epoch 721/1000, Train Loss: 0.3696, Validation Loss: 0.4805
Epoch 722/1000, Train Loss: 0.3779, Validation Loss: 0.4521
Epoch 723/1000, Train Loss: 0.3659, Validation Loss: 0.5542
Epoch 724/1000, Train Loss: 0.3557, Validation Loss: 0.6245
Epoch 725/1000, Train Loss: 0.3807, Validation Loss: 0.4340
Epoch 726/1000, Train Loss: 0.3623, Validation Loss: 0.8032
Epoch 727/1000, Train Loss: 0.3718, Validation Loss: 0.3510
Epoch 728/1000, Train Loss: 0.3545, Validation Loss: 0.5983
Epoch 729/1000, Train Loss: 0.3768, Validation Loss: 0.9789
Epoch 730/1000, Train Loss: 0.3772, Validation Loss: 0.5327
Epoch 731/1000, Train Loss: 0.3671, Validation Loss: 0.5413
Epoch 732/1000, Train Loss: 0.3550, Validation Loss: 0.6894
Epoch 733/1000, Train Loss: 0.3507, Validation Loss: 0.5020
Epoch 734/1000, Train Loss: 0.3635, Validation Loss: 0.7542
Epoch 735/1000, Train Loss: 0.3538, Validation Loss: 0.4284
Epoch 736/1000, Train Loss: 0.3755, Validation Loss: 0.3876
Epoch 737/1000, Train Loss: 0.3677, Validation Loss: 0.8107
Epoch 738/1000, Train Loss: 0.3730, Validation Loss: 0.6577
Epoch 739/1000, Train Loss: 0.4044, Validation Loss: 0.5957
Epoch 740/1000, Train Loss: 0.3619, Validation Loss: 1.7613
Epoch 741/1000, Train Loss: 0.3546, Validation Loss: 1.0206
Epoch 742/1000, Train Loss: 0.3736, Validation Loss: 0.7405
Epoch 743/1000, Train Loss: 0.3498, Validation Loss: 0.4917
Epoch 744/1000, Train Loss: 0.3628, Validation Loss: 0.5732
Epoch 745/1000, Train Loss: 0.3588, Validation Loss: 0.6315
Epoch 746/1000, Train Loss: 0.3757, Validation Loss: 0.5370
Epoch 747/1000, Train Loss: 0.3606, Validation Loss: 0.6369
Epoch 748/1000, Train Loss: 0.3514, Validation Loss: 1.0145
Epoch 749/1000, Train Loss: 0.3688, Validation Loss: 1.0132
Epoch 750/1000, Train Loss: 0.3594, Validation Loss: 0.3856
Epoch 751/1000, Train Loss: 0.3451, Validation Loss: 0.5050
Epoch 752/1000, Train Loss: 0.3545, Validation Loss: 0.4189
Epoch 753/1000, Train Loss: 0.3613, Validation Loss: 0.9568
Epoch 754/1000, Train Loss: 0.3971, Validation Loss: 0.5038
Epoch 755/1000, Train Loss: 0.3576, Validation Loss: 0.6244
Epoch 756/1000, Train Loss: 0.3580, Validation Loss: 0.3300
Epoch 757/1000, Train Loss: 0.3759, Validation Loss: 0.6546
Epoch 758/1000, Train Loss: 0.3798, Validation Loss: 0.5605
Epoch 759/1000, Train Loss: 0.3550, Validation Loss: 0.3891
Epoch 760/1000, Train Loss: 0.3675, Validation Loss: 0.6004
Epoch 761/1000, Train Loss: 0.3497, Validation Loss: 0.8485
Epoch 762/1000, Train Loss: 0.3605, Validation Loss: 0.6755
Epoch 763/1000, Train Loss: 0.3621, Validation Loss: 0.6183
Epoch 764/1000, Train Loss: 0.3599, Validation Loss: 0.3671
Epoch 765/1000, Train Loss: 0.3937, Validation Loss: 0.4296
Epoch 766/1000, Train Loss: 0.3547, Validation Loss: 0.8692
Epoch 767/1000, Train Loss: 0.3730, Validation Loss: 0.3340
Epoch 768/1000, Train Loss: 0.3595, Validation Loss: 0.4840
Epoch 769/1000, Train Loss: 0.3671, Validation Loss: 0.4996
Epoch 770/1000, Train Loss: 0.3616, Validation Loss: 0.9942
Epoch 771/1000, Train Loss: 0.3814, Validation Loss: 0.5058
Epoch 772/1000, Train Loss: 0.3657, Validation Loss: 0.4699
Epoch 773/1000, Train Loss: 0.3825, Validation Loss: 0.5327
Epoch 774/1000, Train Loss: 0.3664, Validation Loss: 0.5958
Epoch 775/1000, Train Loss: 0.3587, Validation Loss: 0.3984
Epoch 776/1000, Train Loss: 0.3617, Validation Loss: 0.5632
Epoch 777/1000, Train Loss: 0.3554, Validation Loss: 0.4548
Epoch 778/1000, Train Loss: 0.3624, Validation Loss: 0.4073
Epoch 779/1000, Train Loss: 0.3535, Validation Loss: 0.6192
Epoch 780/1000, Train Loss: 0.3603, Validation Loss: 0.8499
Epoch 781/1000, Train Loss: 0.3551, Validation Loss: 0.3962
Epoch 782/1000, Train Loss: 0.3594, Validation Loss: 3.7668
Epoch 783/1000, Train Loss: 0.3526, Validation Loss: 0.4609
Epoch 784/1000, Train Loss: 0.3852, Validation Loss: 0.7537
Epoch 785/1000, Train Loss: 0.3601, Validation Loss: 0.9183
Epoch 786/1000, Train Loss: 0.3591, Validation Loss: 0.5676
Epoch 787/1000, Train Loss: 0.3532, Validation Loss: 0.5375
Epoch 788/1000, Train Loss: 0.3715, Validation Loss: 0.4367
Epoch 789/1000, Train Loss: 0.3611, Validation Loss: 0.4853
Epoch 790/1000, Train Loss: 0.3628, Validation Loss: 0.3750
Epoch 791/1000, Train Loss: 0.3498, Validation Loss: 0.7623
Epoch 792/1000, Train Loss: 0.3493, Validation Loss: 0.3742
Epoch 793/1000, Train Loss: 0.3726, Validation Loss: 0.5934
Epoch 794/1000, Train Loss: 0.3645, Validation Loss: 0.5217
Epoch 795/1000, Train Loss: 0.3740, Validation Loss: 0.3752
Epoch 796/1000, Train Loss: 0.3617, Validation Loss: 0.5245
Epoch 797/1000, Train Loss: 0.3690, Validation Loss: 0.5596
Epoch 798/1000, Train Loss: 0.3692, Validation Loss: 0.3981
Epoch 799/1000, Train Loss: 0.3586, Validation Loss: 0.5874
Epoch 800/1000, Train Loss: 0.3601, Validation Loss: 0.7742
Epoch 801/1000, Train Loss: 0.3670, Validation Loss: 0.4311
Epoch 802/1000, Train Loss: 0.3582, Validation Loss: 0.3790
Epoch 803/1000, Train Loss: 0.3722, Validation Loss: 0.7379
Epoch 804/1000, Train Loss: 0.3618, Validation Loss: 0.3644
Epoch 805/1000, Train Loss: 0.3607, Validation Loss: 0.4836
Epoch 806/1000, Train Loss: 0.3680, Validation Loss: 0.6506
Epoch 807/1000, Train Loss: 0.3608, Validation Loss: 0.5964
Epoch 808/1000, Train Loss: 0.3457, Validation Loss: 1.1134
Epoch 809/1000, Train Loss: 0.3567, Validation Loss: 0.6330
Epoch 810/1000, Train Loss: 0.3601, Validation Loss: 0.3606
Epoch 811/1000, Train Loss: 0.3618, Validation Loss: 0.4968
Epoch 812/1000, Train Loss: 0.3709, Validation Loss: 0.4820
Epoch 813/1000, Train Loss: 0.3587, Validation Loss: 0.4219
Epoch 814/1000, Train Loss: 0.3814, Validation Loss: 0.4235
Epoch 815/1000, Train Loss: 0.3805, Validation Loss: 0.6321
Epoch 816/1000, Train Loss: 0.3809, Validation Loss: 0.7812
Epoch 817/1000, Train Loss: 0.3586, Validation Loss: 0.5631
Epoch 818/1000, Train Loss: 0.3547, Validation Loss: 0.3778
Epoch 819/1000, Train Loss: 0.3560, Validation Loss: 0.5862
Epoch 820/1000, Train Loss: 0.3663, Validation Loss: 0.3507
Epoch 821/1000, Train Loss: 0.3591, Validation Loss: 0.4472
Epoch 822/1000, Train Loss: 0.3557, Validation Loss: 0.3972
Epoch 823/1000, Train Loss: 0.3781, Validation Loss: 0.4342
Epoch 824/1000, Train Loss: 0.3762, Validation Loss: 0.5025
Epoch 825/1000, Train Loss: 0.3785, Validation Loss: 0.8133
Epoch 826/1000, Train Loss: 0.3731, Validation Loss: 0.3207
Epoch 827/1000, Train Loss: 0.3874, Validation Loss: 0.7048
Epoch 828/1000, Train Loss: 0.3829, Validation Loss: 0.6161
Epoch 829/1000, Train Loss: 0.3866, Validation Loss: 0.5778
Epoch 830/1000, Train Loss: 0.3713, Validation Loss: 1.0305
Epoch 831/1000, Train Loss: 0.3757, Validation Loss: 0.4451
Epoch 832/1000, Train Loss: 0.3718, Validation Loss: 2.0197
Epoch 833/1000, Train Loss: 0.3777, Validation Loss: 0.3643
Epoch 834/1000, Train Loss: 0.3625, Validation Loss: 0.4523
Epoch 835/1000, Train Loss: 0.3853, Validation Loss: 0.5886
Epoch 836/1000, Train Loss: 0.3555, Validation Loss: 0.4004
Epoch 837/1000, Train Loss: 0.3677, Validation Loss: 0.4930
Epoch 838/1000, Train Loss: 0.3663, Validation Loss: 0.8195
Epoch 839/1000, Train Loss: 0.3642, Validation Loss: 0.5242
Epoch 840/1000, Train Loss: 0.3636, Validation Loss: 1.3630
Epoch 841/1000, Train Loss: 0.3799, Validation Loss: 0.3867
Epoch 842/1000, Train Loss: 0.3605, Validation Loss: 1.4946
Epoch 843/1000, Train Loss: 0.3649, Validation Loss: 0.4552
Epoch 844/1000, Train Loss: 0.3643, Validation Loss: 1.1509
Epoch 845/1000, Train Loss: 0.3628, Validation Loss: 2.8255
Epoch 846/1000, Train Loss: 0.3809, Validation Loss: 0.5371
Epoch 847/1000, Train Loss: 0.3496, Validation Loss: 0.5057
Epoch 848/1000, Train Loss: 0.3795, Validation Loss: 0.4095
Epoch 849/1000, Train Loss: 0.3454, Validation Loss: 0.4317
Epoch 850/1000, Train Loss: 0.3555, Validation Loss: 0.4736
Epoch 851/1000, Train Loss: 0.3449, Validation Loss: 0.8387
Epoch 852/1000, Train Loss: 0.3777, Validation Loss: 0.6450
Epoch 853/1000, Train Loss: 0.3612, Validation Loss: 0.4229
Epoch 854/1000, Train Loss: 0.3554, Validation Loss: 0.6031
Epoch 855/1000, Train Loss: 0.3703, Validation Loss: 0.6216
Epoch 856/1000, Train Loss: 0.3565, Validation Loss: 0.4385
Epoch 857/1000, Train Loss: 0.3626, Validation Loss: 0.5240
Epoch 858/1000, Train Loss: 0.3641, Validation Loss: 0.6840
Epoch 859/1000, Train Loss: 0.3568, Validation Loss: 0.4536
Epoch 860/1000, Train Loss: 0.3895, Validation Loss: 0.4488
Epoch 861/1000, Train Loss: 0.3626, Validation Loss: 0.4187
Epoch 862/1000, Train Loss: 0.3609, Validation Loss: 0.6220
Epoch 863/1000, Train Loss: 0.3525, Validation Loss: 0.4181
Epoch 864/1000, Train Loss: 0.3757, Validation Loss: 0.8571
Epoch 865/1000, Train Loss: 0.3612, Validation Loss: 0.4187
Epoch 866/1000, Train Loss: 0.3775, Validation Loss: 0.4728
Epoch 867/1000, Train Loss: 0.3560, Validation Loss: 0.3983
Epoch 868/1000, Train Loss: 0.3709, Validation Loss: 0.7490
Epoch 869/1000, Train Loss: 0.3622, Validation Loss: 0.5624
Epoch 870/1000, Train Loss: 0.3940, Validation Loss: 6.3750
Epoch 871/1000, Train Loss: 0.3600, Validation Loss: 0.5007
Epoch 872/1000, Train Loss: 0.3537, Validation Loss: 1.1731
Epoch 873/1000, Train Loss: 0.3754, Validation Loss: 0.4126
Epoch 874/1000, Train Loss: 0.3882, Validation Loss: 0.4452
Epoch 875/1000, Train Loss: 0.3519, Validation Loss: 0.9876
Epoch 876/1000, Train Loss: 0.3751, Validation Loss: 0.4582
Epoch 877/1000, Train Loss: 0.3783, Validation Loss: 0.5193
Epoch 878/1000, Train Loss: 0.3548, Validation Loss: 0.4336
Epoch 879/1000, Train Loss: 0.3550, Validation Loss: 0.5263
Epoch 880/1000, Train Loss: 0.3498, Validation Loss: 0.3993
Epoch 881/1000, Train Loss: 0.3549, Validation Loss: 0.4225
Epoch 882/1000, Train Loss: 0.3571, Validation Loss: 0.3660
Epoch 883/1000, Train Loss: 0.3690, Validation Loss: 0.5954
Epoch 884/1000, Train Loss: 0.3713, Validation Loss: 0.6954
Epoch 885/1000, Train Loss: 0.3760, Validation Loss: 0.4906
Epoch 886/1000, Train Loss: 0.3679, Validation Loss: 0.5185
Epoch 887/1000, Train Loss: 0.3720, Validation Loss: 0.4440
Epoch 888/1000, Train Loss: 0.3693, Validation Loss: 0.4598
Epoch 889/1000, Train Loss: 0.3570, Validation Loss: 0.7060
Epoch 890/1000, Train Loss: 0.3644, Validation Loss: 0.5056
Epoch 891/1000, Train Loss: 0.3515, Validation Loss: 0.6128
Epoch 892/1000, Train Loss: 0.3532, Validation Loss: 0.4397
Epoch 893/1000, Train Loss: 0.3640, Validation Loss: 1.9775
Epoch 894/1000, Train Loss: 0.3622, Validation Loss: 0.6945
Epoch 895/1000, Train Loss: 0.3517, Validation Loss: 0.6314
Epoch 896/1000, Train Loss: 0.3573, Validation Loss: 0.6935
Epoch 897/1000, Train Loss: 0.3693, Validation Loss: 0.7692
Epoch 898/1000, Train Loss: 0.3576, Validation Loss: 0.3495
Epoch 899/1000, Train Loss: 0.3542, Validation Loss: 1.0819
Epoch 900/1000, Train Loss: 0.3559, Validation Loss: 0.4256
Epoch 901/1000, Train Loss: 0.3482, Validation Loss: 0.3872
Epoch 902/1000, Train Loss: 0.3542, Validation Loss: 0.4753
Epoch 903/1000, Train Loss: 0.3626, Validation Loss: 0.6851
Epoch 904/1000, Train Loss: 0.3527, Validation Loss: 0.5944
Epoch 905/1000, Train Loss: 0.3556, Validation Loss: 0.4543
Epoch 906/1000, Train Loss: 0.3652, Validation Loss: 0.3257
Epoch 907/1000, Train Loss: 0.3508, Validation Loss: 0.5136
Epoch 908/1000, Train Loss: 0.3533, Validation Loss: 0.4117
Epoch 909/1000, Train Loss: 0.3547, Validation Loss: 0.6460
Epoch 910/1000, Train Loss: 0.3761, Validation Loss: 0.4016
Epoch 911/1000, Train Loss: 0.3652, Validation Loss: 0.3995
Epoch 912/1000, Train Loss: 0.3468, Validation Loss: 0.5908
Epoch 913/1000, Train Loss: 0.3737, Validation Loss: 0.8217
Epoch 914/1000, Train Loss: 0.3674, Validation Loss: 0.4213
Epoch 915/1000, Train Loss: 0.3594, Validation Loss: 0.3770
Epoch 916/1000, Train Loss: 0.3606, Validation Loss: 0.4508
Epoch 917/1000, Train Loss: 0.3575, Validation Loss: 0.6069
Epoch 918/1000, Train Loss: 0.3481, Validation Loss: 0.7330
Epoch 919/1000, Train Loss: 0.3855, Validation Loss: 0.5193
Epoch 920/1000, Train Loss: 0.3805, Validation Loss: 0.5698
Epoch 921/1000, Train Loss: 0.3571, Validation Loss: 0.5003
Epoch 922/1000, Train Loss: 0.3681, Validation Loss: 0.5543
Epoch 923/1000, Train Loss: 0.3670, Validation Loss: 0.7807
Epoch 924/1000, Train Loss: 0.3677, Validation Loss: 0.7455
Epoch 925/1000, Train Loss: 0.3493, Validation Loss: 0.5264
Epoch 926/1000, Train Loss: 0.3656, Validation Loss: 0.6266
Epoch 927/1000, Train Loss: 0.3547, Validation Loss: 0.4494
Epoch 928/1000, Train Loss: 0.3743, Validation Loss: 0.4735
Epoch 929/1000, Train Loss: 0.3625, Validation Loss: 0.6709
Epoch 930/1000, Train Loss: 0.3775, Validation Loss: 0.4091
Epoch 931/1000, Train Loss: 0.3668, Validation Loss: 0.5886
Epoch 932/1000, Train Loss: 0.3458, Validation Loss: 0.4646
Epoch 933/1000, Train Loss: 0.3619, Validation Loss: 0.5747
Epoch 934/1000, Train Loss: 0.3657, Validation Loss: 0.3890
Epoch 935/1000, Train Loss: 0.3653, Validation Loss: 0.4120
Epoch 936/1000, Train Loss: 0.3502, Validation Loss: 0.4359
Epoch 937/1000, Train Loss: 0.3684, Validation Loss: 0.5281
Epoch 938/1000, Train Loss: 0.3641, Validation Loss: 0.3459
Epoch 939/1000, Train Loss: 0.3627, Validation Loss: 0.6020
Epoch 940/1000, Train Loss: 0.3967, Validation Loss: 1.1401
Epoch 941/1000, Train Loss: 0.3830, Validation Loss: 1.5745
Epoch 942/1000, Train Loss: 0.3737, Validation Loss: 0.6053
Epoch 943/1000, Train Loss: 0.3692, Validation Loss: 0.3368
Epoch 944/1000, Train Loss: 0.3616, Validation Loss: 0.6266
Epoch 945/1000, Train Loss: 0.3714, Validation Loss: 0.5715
Epoch 946/1000, Train Loss: 0.3494, Validation Loss: 0.6370
Epoch 947/1000, Train Loss: 0.3640, Validation Loss: 0.8956
Epoch 948/1000, Train Loss: 0.3644, Validation Loss: 0.4145
Epoch 949/1000, Train Loss: 0.3457, Validation Loss: 0.4989
Epoch 950/1000, Train Loss: 0.3654, Validation Loss: 0.4910
Epoch 951/1000, Train Loss: 0.3750, Validation Loss: 0.5056
Epoch 952/1000, Train Loss: 0.3573, Validation Loss: 0.5180
Epoch 953/1000, Train Loss: 0.3701, Validation Loss: 0.4161
Epoch 954/1000, Train Loss: 0.3666, Validation Loss: 0.6151
Epoch 955/1000, Train Loss: 0.3536, Validation Loss: 0.6785
Epoch 956/1000, Train Loss: 0.3408, Validation Loss: 0.4245
Epoch 957/1000, Train Loss: 0.3517, Validation Loss: 0.4727
Epoch 958/1000, Train Loss: 0.3729, Validation Loss: 0.4431
Epoch 959/1000, Train Loss: 0.3549, Validation Loss: 0.3253
Epoch 960/1000, Train Loss: 0.3563, Validation Loss: 0.4175
Epoch 961/1000, Train Loss: 0.3734, Validation Loss: 0.6644
Epoch 962/1000, Train Loss: 0.3539, Validation Loss: 0.4859
Epoch 963/1000, Train Loss: 0.3451, Validation Loss: 0.3722
Epoch 964/1000, Train Loss: 0.3562, Validation Loss: 0.4981
Epoch 965/1000, Train Loss: 0.3672, Validation Loss: 0.8949
Epoch 966/1000, Train Loss: 0.3432, Validation Loss: 2.7615
Epoch 967/1000, Train Loss: 0.3594, Validation Loss: 0.4400
Epoch 968/1000, Train Loss: 0.3467, Validation Loss: 0.4417
Epoch 969/1000, Train Loss: 0.3639, Validation Loss: 0.4685
Epoch 970/1000, Train Loss: 0.3734, Validation Loss: 0.6343
Epoch 971/1000, Train Loss: 0.3658, Validation Loss: 0.4899
Epoch 972/1000, Train Loss: 0.3607, Validation Loss: 0.8040
Epoch 973/1000, Train Loss: 0.3803, Validation Loss: 0.4796
Epoch 974/1000, Train Loss: 0.3611, Validation Loss: 0.5022
Epoch 975/1000, Train Loss: 0.3514, Validation Loss: 0.4632
Epoch 976/1000, Train Loss: 0.3593, Validation Loss: 0.5092
Epoch 977/1000, Train Loss: 0.3510, Validation Loss: 0.3846
Epoch 978/1000, Train Loss: 0.3655, Validation Loss: 0.5615
Epoch 979/1000, Train Loss: 0.3634, Validation Loss: 0.5639
Epoch 980/1000, Train Loss: 0.3505, Validation Loss: 0.4706
Epoch 981/1000, Train Loss: 0.3693, Validation Loss: 0.6080
Epoch 982/1000, Train Loss: 0.3459, Validation Loss: 0.5561
Epoch 983/1000, Train Loss: 0.3398, Validation Loss: 0.3357
Epoch 984/1000, Train Loss: 0.3617, Validation Loss: 1.2518
Epoch 985/1000, Train Loss: 0.3562, Validation Loss: 0.6212
Epoch 986/1000, Train Loss: 0.3550, Validation Loss: 0.7026
Epoch 987/1000, Train Loss: 0.3675, Validation Loss: 0.4794
Epoch 988/1000, Train Loss: 0.3556, Validation Loss: 0.5873
Epoch 989/1000, Train Loss: 0.3708, Validation Loss: 0.4088
Epoch 990/1000, Train Loss: 0.3568, Validation Loss: 0.6884
Epoch 991/1000, Train Loss: 0.3583, Validation Loss: 2.5032
Epoch 992/1000, Train Loss: 0.3672, Validation Loss: 0.4772
Epoch 993/1000, Train Loss: 0.3497, Validation Loss: 0.6829
Epoch 994/1000, Train Loss: 0.3478, Validation Loss: 0.4238
Epoch 995/1000, Train Loss: 0.3627, Validation Loss: 0.4408
Epoch 996/1000, Train Loss: 0.3851, Validation Loss: 0.4295
Epoch 997/1000, Train Loss: 0.3603, Validation Loss: 0.3824
Epoch 998/1000, Train Loss: 0.3700, Validation Loss: 0.5047
Epoch 999/1000, Train Loss: 0.3666, Validation Loss: 0.5396
Epoch 1000/1000, Train Loss: 0.3533, Validation Loss: 0.6472
Best Training Loss: 0.3398
Best Training Loss Epoch: 983
Best Validation Loss: 0.3207
Best Validation Loss Epoch: 826
Time taken for training: 0-12:42:48
Test Loss: 0.3318
Test MAPE: 8015.8569%
Error Statistics:
count    4.127200e+04
mean     3.736725e+02
std      9.227653e+03
min      1.072884e-06
25%      1.342766e-01
50%      1.245618e+00
75%      1.747087e+01
max      1.354037e+06
Name: Absolute Error, dtype: float64
Training complete. Final model saved.
Saving model as a wandb Artifact...
Model artifact logged successfully.
[1;34mwandb[0m: 
[1;34mwandb[0m: 🚀 View run [33mgolden-sweep-14[0m at: [34mhttps://wandb.ai/mk8737-new-york-university/rl_pretrain_hp_sweeps/runs/g3c2mlmx[0m
[1;34mwandb[0m: Find logs at: [1;35mwandb/run-20251126_203656-g3c2mlmx/logs[0m
Agent finished.
