Waiting for sweep ID...
Found Sweep ID: dos27rz7
Starting wandb agent for sweep dos27rz7...
TRAINING DEVICE: cpu
Run Name: GIN_global_hp_sweep_global_dos27rz7-h77deor6
finidhed preparing data
Loading dataset from pretrain_dataset_12.5k_fixed_duplicates.pkl
Loaded 412712 data objects.
finished preparing data
Epoch 1/1000, Train Loss: 38.1885, Validation Loss: 7.1063
Epoch 2/1000, Train Loss: 1.8054, Validation Loss: 3.8431
Epoch 3/1000, Train Loss: 1.6550, Validation Loss: 4.1628
Epoch 4/1000, Train Loss: 1.5422, Validation Loss: 1.8357
Epoch 5/1000, Train Loss: 1.6912, Validation Loss: 5.1097
Epoch 6/1000, Train Loss: 1.5388, Validation Loss: 1.3272
Epoch 7/1000, Train Loss: 1.3922, Validation Loss: 1.0422
Epoch 8/1000, Train Loss: 1.3838, Validation Loss: 1.4275
Epoch 9/1000, Train Loss: 2.7687, Validation Loss: 4.5406
Epoch 10/1000, Train Loss: 2.1781, Validation Loss: 1.2122
Epoch 11/1000, Train Loss: 1.3590, Validation Loss: 1.5860
Epoch 12/1000, Train Loss: 1.3020, Validation Loss: 1.6291
Epoch 13/1000, Train Loss: 1.2136, Validation Loss: 1.1622
Epoch 14/1000, Train Loss: 73.0750, Validation Loss: 6.0599
Epoch 15/1000, Train Loss: 23.3404, Validation Loss: 6.1138
Epoch 16/1000, Train Loss: 6.6621, Validation Loss: 6.3434
Epoch 17/1000, Train Loss: 6.3539, Validation Loss: 6.1379
Epoch 18/1000, Train Loss: 18.4564, Validation Loss: 9.2946
Epoch 19/1000, Train Loss: 14.2726, Validation Loss: 6.0643
Epoch 20/1000, Train Loss: 12050.3501, Validation Loss: 6.1317
Epoch 21/1000, Train Loss: 6.2778, Validation Loss: 6.1936
Epoch 22/1000, Train Loss: 29.7525, Validation Loss: 6.0587
Epoch 23/1000, Train Loss: 7.6958, Validation Loss: 6.0801
Epoch 24/1000, Train Loss: 6.2356, Validation Loss: 6.2627
Epoch 25/1000, Train Loss: 14.5631, Validation Loss: 6.1032
Epoch 26/1000, Train Loss: 8.7468, Validation Loss: 6.0760
Epoch 27/1000, Train Loss: 6.2930, Validation Loss: 6.2209
Epoch 28/1000, Train Loss: 18.8948, Validation Loss: 7.6425
Epoch 29/1000, Train Loss: 7.6737, Validation Loss: 6.0603
Epoch 30/1000, Train Loss: 10489.2738, Validation Loss: 6.1235
Epoch 31/1000, Train Loss: 6.2946, Validation Loss: 6.3874
Epoch 32/1000, Train Loss: 14.9637, Validation Loss: 6.0686
Epoch 33/1000, Train Loss: 6.2419, Validation Loss: 6.1955
Epoch 34/1000, Train Loss: 123060.5512, Validation Loss: 6.0709
Epoch 35/1000, Train Loss: 6.2979, Validation Loss: 7.4172
Epoch 36/1000, Train Loss: 6.4637, Validation Loss: 6.1800
Epoch 37/1000, Train Loss: 63.0993, Validation Loss: 6.0564
Epoch 38/1000, Train Loss: 6.2977, Validation Loss: 6.0610
Epoch 39/1000, Train Loss: 29.8460, Validation Loss: 6.1031
Epoch 40/1000, Train Loss: 6.2413, Validation Loss: 6.2263
Epoch 41/1000, Train Loss: 9.6163, Validation Loss: 6.0724
Epoch 42/1000, Train Loss: 6.2533, Validation Loss: 6.1908
Epoch 43/1000, Train Loss: 172.2916, Validation Loss: 6.1210
Epoch 44/1000, Train Loss: 6.2577, Validation Loss: 6.5812
Epoch 45/1000, Train Loss: 7.0476, Validation Loss: 6.0685
Epoch 46/1000, Train Loss: 6.2644, Validation Loss: 6.1561
Epoch 47/1000, Train Loss: 6.7328, Validation Loss: 6.1074
Epoch 48/1000, Train Loss: 7.7597, Validation Loss: 6.1671
Epoch 49/1000, Train Loss: 6.3276, Validation Loss: 6.0563
Epoch 50/1000, Train Loss: 13.0519, Validation Loss: 6.1097
Epoch 51/1000, Train Loss: 166.6793, Validation Loss: 6.1047
Epoch 52/1000, Train Loss: 6.2768, Validation Loss: 6.3902
Epoch 53/1000, Train Loss: 608.6116, Validation Loss: 6.1998
Epoch 54/1000, Train Loss: 6.3073, Validation Loss: 6.0668
Epoch 55/1000, Train Loss: 6.3738, Validation Loss: 6.0761
Epoch 56/1000, Train Loss: 6.3211, Validation Loss: 6.2795
Epoch 57/1000, Train Loss: 6.8007, Validation Loss: 6.0807
Epoch 58/1000, Train Loss: 11.8797, Validation Loss: 6.0634
Epoch 59/1000, Train Loss: 6.2704, Validation Loss: 6.0567
Epoch 60/1000, Train Loss: 6.2710, Validation Loss: 6.0917
Epoch 61/1000, Train Loss: 80.0252, Validation Loss: 6.4636
Epoch 62/1000, Train Loss: 6.2619, Validation Loss: 6.0576
Epoch 63/1000, Train Loss: 6.3220, Validation Loss: 6.3469
Epoch 64/1000, Train Loss: 13.3917, Validation Loss: 6.0689
Epoch 65/1000, Train Loss: 6.2865, Validation Loss: 6.2086
Epoch 66/1000, Train Loss: 12.5832, Validation Loss: 6.2157
Epoch 67/1000, Train Loss: 6.2623, Validation Loss: 6.4102
Epoch 68/1000, Train Loss: 7.5774, Validation Loss: 6.3759
Epoch 69/1000, Train Loss: 6.2784, Validation Loss: 6.0630
Epoch 70/1000, Train Loss: 289.7389, Validation Loss: 7.0887
Epoch 71/1000, Train Loss: 70.9530, Validation Loss: 6.0578
Epoch 72/1000, Train Loss: 6.3135, Validation Loss: 6.0703
Epoch 73/1000, Train Loss: 6.2540, Validation Loss: 6.0730
Epoch 74/1000, Train Loss: 8.1235, Validation Loss: 6.1044
Epoch 75/1000, Train Loss: 27.7315, Validation Loss: 6.1571
Epoch 76/1000, Train Loss: 6.2823, Validation Loss: 6.1228
Epoch 77/1000, Train Loss: 6341.1284, Validation Loss: 6.1433
Epoch 78/1000, Train Loss: 6.2293, Validation Loss: 6.1592
Epoch 79/1000, Train Loss: 14.4924, Validation Loss: 7.1406
Epoch 80/1000, Train Loss: 6.2872, Validation Loss: 6.1473
Epoch 81/1000, Train Loss: 6.3294, Validation Loss: 6.1441
Epoch 82/1000, Train Loss: 18.4438, Validation Loss: 6.1324
Epoch 83/1000, Train Loss: 6.3113, Validation Loss: 6.2693
Epoch 84/1000, Train Loss: 23.7932, Validation Loss: 6.1134
Epoch 85/1000, Train Loss: 6.2855, Validation Loss: 6.5634
Epoch 86/1000, Train Loss: 64543.3489, Validation Loss: 6.2026
Epoch 87/1000, Train Loss: 136.9387, Validation Loss: 6.0643
Epoch 88/1000, Train Loss: 6.2981, Validation Loss: 6.0574
Epoch 89/1000, Train Loss: 114.6340, Validation Loss: 7.3195
Epoch 90/1000, Train Loss: 6.2846, Validation Loss: 6.1965
Epoch 91/1000, Train Loss: 6.2810, Validation Loss: 6.2676
Epoch 92/1000, Train Loss: 6.5407, Validation Loss: 6.2019
Epoch 93/1000, Train Loss: 799.1708, Validation Loss: 6.5633
Epoch 94/1000, Train Loss: 6.2573, Validation Loss: 7.1585
Epoch 95/1000, Train Loss: 6.2731, Validation Loss: 6.0640
Epoch 96/1000, Train Loss: 6.2980, Validation Loss: 6.0992
Epoch 97/1000, Train Loss: 398.8664, Validation Loss: 6.1447
Epoch 98/1000, Train Loss: 6.2730, Validation Loss: 6.0982
Epoch 99/1000, Train Loss: 10.6669, Validation Loss: 6.4871
Epoch 100/1000, Train Loss: 6.7590, Validation Loss: 6.0672
Epoch 101/1000, Train Loss: 6.2569, Validation Loss: 6.3309
Epoch 102/1000, Train Loss: 669.9211, Validation Loss: 6.1283
Epoch 103/1000, Train Loss: 6.3141, Validation Loss: 6.0565
Epoch 104/1000, Train Loss: 6.2431, Validation Loss: 6.2004
Epoch 105/1000, Train Loss: 6.2662, Validation Loss: 6.0603
Epoch 106/1000, Train Loss: 382.5130, Validation Loss: 6.2496
Epoch 107/1000, Train Loss: 6.3293, Validation Loss: 6.0618
Epoch 108/1000, Train Loss: 6.4973, Validation Loss: 6.2101
Epoch 109/1000, Train Loss: 7.5841, Validation Loss: 6.1704
Epoch 110/1000, Train Loss: 6.2968, Validation Loss: 6.1236
Epoch 111/1000, Train Loss: 8.4207, Validation Loss: 6.3987
Epoch 112/1000, Train Loss: 6.3034, Validation Loss: 6.5082
Epoch 113/1000, Train Loss: 11.8122, Validation Loss: 6.0566
Epoch 114/1000, Train Loss: 11749.8848, Validation Loss: 6.1157
Epoch 115/1000, Train Loss: 132.9880, Validation Loss: 6.0680
Epoch 116/1000, Train Loss: 6.2791, Validation Loss: 6.1153
Epoch 117/1000, Train Loss: 6.3505, Validation Loss: 6.0715
Epoch 118/1000, Train Loss: 1712.1539, Validation Loss: 6.0897
Epoch 119/1000, Train Loss: 6.8841, Validation Loss: 6.2433
Epoch 120/1000, Train Loss: 3085.3410, Validation Loss: 6.1183
Epoch 121/1000, Train Loss: 249.6168, Validation Loss: 6.4030
Epoch 122/1000, Train Loss: 6.8356, Validation Loss: 6.0721
Epoch 123/1000, Train Loss: 37.0703, Validation Loss: 6.2435
Epoch 124/1000, Train Loss: 6.2475, Validation Loss: 6.0599
Epoch 125/1000, Train Loss: 6.2313, Validation Loss: 6.4320
Epoch 126/1000, Train Loss: 6.3626, Validation Loss: 6.0563
Epoch 127/1000, Train Loss: 7.7421, Validation Loss: 6.0568
Epoch 128/1000, Train Loss: 25160.9770, Validation Loss: 6.0679
Epoch 129/1000, Train Loss: 6.2414, Validation Loss: 6.0673
Epoch 130/1000, Train Loss: 6.3074, Validation Loss: 6.0831
Epoch 131/1000, Train Loss: 6.3166, Validation Loss: 6.1055
Epoch 132/1000, Train Loss: 6.8890, Validation Loss: 6.7468
Epoch 133/1000, Train Loss: 17.0665, Validation Loss: 6.6507
Epoch 134/1000, Train Loss: 6.3213, Validation Loss: 6.1340
Epoch 135/1000, Train Loss: 377.8773, Validation Loss: 6.2665
Epoch 136/1000, Train Loss: 15.0122, Validation Loss: 6.3072
Epoch 137/1000, Train Loss: 19.5940, Validation Loss: 6.0975
Epoch 138/1000, Train Loss: 44.2449, Validation Loss: 6.1608
Epoch 139/1000, Train Loss: 7.9686, Validation Loss: 6.6013
Epoch 140/1000, Train Loss: 328.8991, Validation Loss: 6.1036
Epoch 141/1000, Train Loss: 9.1549, Validation Loss: 6.0612
Epoch 142/1000, Train Loss: 7.0321, Validation Loss: 6.1007
Epoch 143/1000, Train Loss: 267.3957, Validation Loss: 6.3821
Epoch 144/1000, Train Loss: 6.2886, Validation Loss: 6.2980
Epoch 145/1000, Train Loss: 165.4193, Validation Loss: 6.0718
Epoch 146/1000, Train Loss: 6.2971, Validation Loss: 6.1212
Epoch 147/1000, Train Loss: 27.7266, Validation Loss: 6.2011
Epoch 148/1000, Train Loss: 6.2555, Validation Loss: 6.0699
Epoch 149/1000, Train Loss: 107908.8365, Validation Loss: 6.0645
Epoch 150/1000, Train Loss: 6.2703, Validation Loss: 6.5270
Epoch 151/1000, Train Loss: 16.4249, Validation Loss: 6.0759
Epoch 152/1000, Train Loss: 6.3040, Validation Loss: 6.4322
Epoch 153/1000, Train Loss: 6.3160, Validation Loss: 6.2469
Epoch 154/1000, Train Loss: 118.0362, Validation Loss: 6.1868
Epoch 155/1000, Train Loss: 6.3050, Validation Loss: 6.0828
Epoch 156/1000, Train Loss: 26.9260, Validation Loss: 6.0578
Epoch 157/1000, Train Loss: 7.2254, Validation Loss: 6.0726
Epoch 158/1000, Train Loss: 8.3785, Validation Loss: 769.6078
Epoch 159/1000, Train Loss: 65.5400, Validation Loss: 6.8437
Epoch 160/1000, Train Loss: 7.6908, Validation Loss: 6.1474
Epoch 161/1000, Train Loss: 16.6472, Validation Loss: 6.2367
Epoch 162/1000, Train Loss: 6.5464, Validation Loss: 6.0603
Epoch 163/1000, Train Loss: 8.5129, Validation Loss: 6.0571
Epoch 164/1000, Train Loss: 6.2734, Validation Loss: 6.1227
Epoch 165/1000, Train Loss: 164.3765, Validation Loss: 7.3405
Epoch 166/1000, Train Loss: 6.7937, Validation Loss: 6.2749
Epoch 167/1000, Train Loss: 6.3165, Validation Loss: 6.1759
Epoch 168/1000, Train Loss: 5127.6038, Validation Loss: 6.0618
Epoch 169/1000, Train Loss: 6.2887, Validation Loss: 6.0565
Epoch 170/1000, Train Loss: 11.1149, Validation Loss: 6.9874
Epoch 171/1000, Train Loss: 6.3147, Validation Loss: 6.0761
Epoch 172/1000, Train Loss: 6.6449, Validation Loss: 6.0879
Epoch 173/1000, Train Loss: 8.1242, Validation Loss: 6.5229
Epoch 174/1000, Train Loss: 6280.0444, Validation Loss: 6.0584
Epoch 175/1000, Train Loss: 6.2798, Validation Loss: 6.7310
Epoch 176/1000, Train Loss: 14.9997, Validation Loss: 6.0728
Epoch 177/1000, Train Loss: 6.3178, Validation Loss: 6.4457
Epoch 178/1000, Train Loss: 6.5627, Validation Loss: 6.0586
Epoch 179/1000, Train Loss: 6.2269, Validation Loss: 6.1252
Epoch 180/1000, Train Loss: 179.2092, Validation Loss: 6.0757
Epoch 181/1000, Train Loss: 6.2990, Validation Loss: 6.0736
Epoch 182/1000, Train Loss: 6.2419, Validation Loss: 6.1442
Epoch 183/1000, Train Loss: 1668.4555, Validation Loss: 6.6003
Epoch 184/1000, Train Loss: 6.3123, Validation Loss: 6.0699
Epoch 185/1000, Train Loss: 6.3099, Validation Loss: 6.0859
Epoch 186/1000, Train Loss: 19.0425, Validation Loss: 6.1955
Epoch 187/1000, Train Loss: 25.0314, Validation Loss: 6.3133
Epoch 188/1000, Train Loss: 6.2971, Validation Loss: 6.2378
Epoch 189/1000, Train Loss: 7.0150, Validation Loss: 6.0884
Epoch 190/1000, Train Loss: 7.8241, Validation Loss: 6.4896
Epoch 191/1000, Train Loss: 8.4591, Validation Loss: 6.0564
Epoch 192/1000, Train Loss: 6.3264, Validation Loss: 6.1423
Epoch 193/1000, Train Loss: 11.6402, Validation Loss: 6.0786
Epoch 194/1000, Train Loss: 134.8134, Validation Loss: 6.4928
Epoch 195/1000, Train Loss: 6.3087, Validation Loss: 6.3840
Epoch 196/1000, Train Loss: 153.7682, Validation Loss: 6.1205
Epoch 197/1000, Train Loss: 6.3023, Validation Loss: 6.3001
Epoch 198/1000, Train Loss: 6.2906, Validation Loss: 6.0738
Epoch 199/1000, Train Loss: 6.4742, Validation Loss: 6.8665
Epoch 200/1000, Train Loss: 103.9910, Validation Loss: 6.0620
Epoch 201/1000, Train Loss: 6.5186, Validation Loss: 6.1374
Epoch 202/1000, Train Loss: 6.2833, Validation Loss: 6.3105
Epoch 203/1000, Train Loss: 6.6079, Validation Loss: 3.6524
Epoch 204/1000, Train Loss: 6.7632, Validation Loss: 6.0575
Epoch 205/1000, Train Loss: 6.4067, Validation Loss: 6.1364
Epoch 206/1000, Train Loss: 1521.3863, Validation Loss: 6.4322
Epoch 207/1000, Train Loss: 6.3419, Validation Loss: 6.3500
Epoch 208/1000, Train Loss: 38.8178, Validation Loss: 6.1328
Epoch 209/1000, Train Loss: 6.2914, Validation Loss: 6.1814
Epoch 210/1000, Train Loss: 6.2974, Validation Loss: 6.1482
Epoch 211/1000, Train Loss: 6.5527, Validation Loss: 6.5608
Epoch 212/1000, Train Loss: 49.5463, Validation Loss: 6.1444
Epoch 213/1000, Train Loss: 6.2982, Validation Loss: 6.1912
Epoch 214/1000, Train Loss: 1232.3478, Validation Loss: 6.2306
Epoch 215/1000, Train Loss: 6.3020, Validation Loss: 6.1901
Epoch 216/1000, Train Loss: 6.4364, Validation Loss: 6.1122
Epoch 217/1000, Train Loss: 31.9258, Validation Loss: 7.0991
Epoch 218/1000, Train Loss: 6.2906, Validation Loss: 6.2670
Epoch 219/1000, Train Loss: 6.3047, Validation Loss: 6.2145
Epoch 220/1000, Train Loss: 29608.9177, Validation Loss: 6.1847
Epoch 221/1000, Train Loss: 6.3062, Validation Loss: 6.0707
Epoch 222/1000, Train Loss: 6.2813, Validation Loss: 6.0982
Epoch 223/1000, Train Loss: 101.0257, Validation Loss: 6.2061
Epoch 224/1000, Train Loss: 6.2548, Validation Loss: 6.1607
Epoch 225/1000, Train Loss: 56.5854, Validation Loss: 7.5437
Epoch 226/1000, Train Loss: 6.2396, Validation Loss: 6.3715
Epoch 227/1000, Train Loss: 6.3221, Validation Loss: 6.2630
Epoch 228/1000, Train Loss: 376.3177, Validation Loss: 6.1092
Epoch 229/1000, Train Loss: 6.3147, Validation Loss: 6.1350
Epoch 230/1000, Train Loss: 6.3514, Validation Loss: 5.9302
Epoch 231/1000, Train Loss: 6.2828, Validation Loss: 6.3605
Epoch 232/1000, Train Loss: 6.3828, Validation Loss: 6.1283
Epoch 233/1000, Train Loss: 18.7361, Validation Loss: 6.7404
Epoch 234/1000, Train Loss: 6.3212, Validation Loss: 6.1814
Epoch 235/1000, Train Loss: 7.7251, Validation Loss: 6.2081
Epoch 236/1000, Train Loss: 6.5129, Validation Loss: 6.1386
Epoch 237/1000, Train Loss: 838.2926, Validation Loss: 6.0805
Epoch 238/1000, Train Loss: 6.2993, Validation Loss: 6.3782
Epoch 239/1000, Train Loss: 6.6444, Validation Loss: 6.3458
Epoch 240/1000, Train Loss: 442.6478, Validation Loss: 6.3550
Epoch 241/1000, Train Loss: 6.2500, Validation Loss: 6.6065
Epoch 242/1000, Train Loss: 6.5039, Validation Loss: 6.4665
Epoch 243/1000, Train Loss: 6.2561, Validation Loss: 6.3393
Epoch 244/1000, Train Loss: 148.0406, Validation Loss: 6.1448
Epoch 245/1000, Train Loss: 9.9418, Validation Loss: 6.4624
Epoch 246/1000, Train Loss: 6.3109, Validation Loss: 6.3041
Epoch 247/1000, Train Loss: 11.0077, Validation Loss: 6.2084
Epoch 248/1000, Train Loss: 11.8606, Validation Loss: 6.9717
Epoch 249/1000, Train Loss: 6.2716, Validation Loss: 6.2689
Epoch 250/1000, Train Loss: 2099.6223, Validation Loss: 6.0787
Epoch 251/1000, Train Loss: 6.3870, Validation Loss: 6.5372
Epoch 252/1000, Train Loss: 6.9879, Validation Loss: 7.7671
Epoch 253/1000, Train Loss: 7.1703, Validation Loss: 6.0600
Epoch 254/1000, Train Loss: 923.2315, Validation Loss: 6.4483
Epoch 255/1000, Train Loss: 108.0933, Validation Loss: 6.4300
Epoch 256/1000, Train Loss: 6.2773, Validation Loss: 6.0563
Epoch 257/1000, Train Loss: 16.1546, Validation Loss: 6.0636
Epoch 258/1000, Train Loss: 6.4487, Validation Loss: 6.0679
Epoch 259/1000, Train Loss: 122.3232, Validation Loss: 7.2709
Epoch 260/1000, Train Loss: 21.9344, Validation Loss: 6.0579
Epoch 261/1000, Train Loss: 6.5236, Validation Loss: 6.2275
Epoch 262/1000, Train Loss: 60.8617, Validation Loss: 6.2925
Epoch 263/1000, Train Loss: 7.1775, Validation Loss: 6.0594
Epoch 264/1000, Train Loss: 6.3118, Validation Loss: 6.2328
Epoch 265/1000, Train Loss: 6.3088, Validation Loss: 6.0835
Epoch 266/1000, Train Loss: 69.3468, Validation Loss: 6.5398
Epoch 267/1000, Train Loss: 43.5748, Validation Loss: 6.1019
Epoch 268/1000, Train Loss: 6.3429, Validation Loss: 6.2557
Epoch 269/1000, Train Loss: 6.2693, Validation Loss: 6.2048
Epoch 270/1000, Train Loss: 2749.2827, Validation Loss: 6.0864
Epoch 271/1000, Train Loss: 6.3436, Validation Loss: 6.1229
Epoch 272/1000, Train Loss: 6.2719, Validation Loss: 6.2530
Epoch 273/1000, Train Loss: 12.6925, Validation Loss: 6.0876
Epoch 274/1000, Train Loss: 1599.8690, Validation Loss: 6.4113
Epoch 275/1000, Train Loss: 6.4877, Validation Loss: 6.8615
Epoch 276/1000, Train Loss: 16.3561, Validation Loss: 7.9973
Epoch 277/1000, Train Loss: 115.7868, Validation Loss: 6.1685
Epoch 278/1000, Train Loss: 6.2597, Validation Loss: 6.2949
Epoch 279/1000, Train Loss: 6.7421, Validation Loss: 6.0570
Epoch 280/1000, Train Loss: 38.9270, Validation Loss: 6.0727
Epoch 281/1000, Train Loss: 59.6880, Validation Loss: 6.4578
Epoch 282/1000, Train Loss: 6.2667, Validation Loss: 6.1156
Epoch 283/1000, Train Loss: 6.2923, Validation Loss: 6.1861
Epoch 284/1000, Train Loss: 6.2556, Validation Loss: 6.2248
Epoch 285/1000, Train Loss: 6.2852, Validation Loss: 6.1287
Epoch 286/1000, Train Loss: 397.5000, Validation Loss: 6.0574
Epoch 287/1000, Train Loss: 6.2687, Validation Loss: 6.4758
Epoch 288/1000, Train Loss: 8.3449, Validation Loss: 6.0681
Epoch 289/1000, Train Loss: 6.4175, Validation Loss: 6.3546
Epoch 290/1000, Train Loss: 426.2759, Validation Loss: 6.1551
Epoch 291/1000, Train Loss: 6.2756, Validation Loss: 6.1293
Epoch 292/1000, Train Loss: 7.1911, Validation Loss: 6.3314
Epoch 293/1000, Train Loss: 17.7265, Validation Loss: 6.8138
Epoch 294/1000, Train Loss: 447.8401, Validation Loss: 40.4351
Epoch 295/1000, Train Loss: 9.3927, Validation Loss: 6.1876
Epoch 296/1000, Train Loss: 6.7867, Validation Loss: 6.2269
Epoch 297/1000, Train Loss: 81.4394, Validation Loss: 6.1175
Epoch 298/1000, Train Loss: 6.5425, Validation Loss: 6.0854
Epoch 299/1000, Train Loss: 6.4142, Validation Loss: 6.0566
Epoch 300/1000, Train Loss: 446.9443, Validation Loss: 6.2373
Epoch 301/1000, Train Loss: 8.6632, Validation Loss: 6.3374
Epoch 302/1000, Train Loss: 3920.1889, Validation Loss: 6.0565
Epoch 303/1000, Train Loss: 6.3011, Validation Loss: 6.4802
Epoch 304/1000, Train Loss: 11.7120, Validation Loss: 6.4514
Epoch 305/1000, Train Loss: 6.2593, Validation Loss: 6.1325
Epoch 306/1000, Train Loss: 7.3551, Validation Loss: 6.0594
Epoch 307/1000, Train Loss: 6.3102, Validation Loss: 7.0042
Epoch 308/1000, Train Loss: 24064.1522, Validation Loss: 6.1433
Epoch 309/1000, Train Loss: 6.2978, Validation Loss: 6.1567
Epoch 310/1000, Train Loss: 19.3617, Validation Loss: 6.6989
Epoch 311/1000, Train Loss: 6.2289, Validation Loss: 6.0581
Epoch 312/1000, Train Loss: 9.0110, Validation Loss: 6.0892
Epoch 313/1000, Train Loss: 90.8234, Validation Loss: 7.1407
Epoch 314/1000, Train Loss: 6.3303, Validation Loss: 23.5200
Epoch 315/1000, Train Loss: 6227.5938, Validation Loss: 8.1234
Epoch 316/1000, Train Loss: 6.2487, Validation Loss: 6.0612
Epoch 317/1000, Train Loss: 6.2708, Validation Loss: 6.0615
Epoch 318/1000, Train Loss: 8.3683, Validation Loss: 6.1420
Epoch 319/1000, Train Loss: 6.2572, Validation Loss: 6.1309
Epoch 320/1000, Train Loss: 6.2708, Validation Loss: 6.0834
Epoch 321/1000, Train Loss: 6.6392, Validation Loss: 6.0565
Epoch 322/1000, Train Loss: 6.2375, Validation Loss: 6.0567
Epoch 323/1000, Train Loss: 6.3168, Validation Loss: 6.0629
Epoch 324/1000, Train Loss: 781.0658, Validation Loss: 6.0938
Epoch 325/1000, Train Loss: 6.2833, Validation Loss: 6.1431
Epoch 326/1000, Train Loss: 6.8353, Validation Loss: 6.1197
Epoch 327/1000, Train Loss: 10.2594, Validation Loss: 6.7716
Epoch 328/1000, Train Loss: 8.0745, Validation Loss: 6.4206
Epoch 329/1000, Train Loss: 13.2403, Validation Loss: 6.1483
Epoch 330/1000, Train Loss: 6.2765, Validation Loss: 6.0896
Epoch 331/1000, Train Loss: 787.0969, Validation Loss: 6.1779
Epoch 332/1000, Train Loss: 6.2411, Validation Loss: 6.0816
Epoch 333/1000, Train Loss: 6.2894, Validation Loss: 6.1274
Epoch 334/1000, Train Loss: 431.6118, Validation Loss: 6.3370
Epoch 335/1000, Train Loss: 6.2832, Validation Loss: 6.6193
Epoch 336/1000, Train Loss: 6.2134, Validation Loss: 6.6870
Epoch 337/1000, Train Loss: 8.1532, Validation Loss: 6.0616
Epoch 338/1000, Train Loss: 6.2569, Validation Loss: 6.1887
Epoch 339/1000, Train Loss: 11.2760, Validation Loss: 6.1565
Epoch 340/1000, Train Loss: 6.3239, Validation Loss: 6.0665
Epoch 341/1000, Train Loss: 6.3415, Validation Loss: 15.0967
Epoch 342/1000, Train Loss: 235.9669, Validation Loss: 6.7143
Epoch 343/1000, Train Loss: 6.3896, Validation Loss: 6.1380
Epoch 344/1000, Train Loss: 6.2297, Validation Loss: 6.0780
Epoch 345/1000, Train Loss: 40.4229, Validation Loss: 6.2793
Epoch 346/1000, Train Loss: 6.6647, Validation Loss: 6.1685
Epoch 347/1000, Train Loss: 6.2494, Validation Loss: 6.1171
Epoch 348/1000, Train Loss: 289.8031, Validation Loss: 6.0731
Epoch 349/1000, Train Loss: 6.3503, Validation Loss: 6.0840
Epoch 350/1000, Train Loss: 33.2046, Validation Loss: 6.4063
Epoch 351/1000, Train Loss: 6.2976, Validation Loss: 6.8701
Epoch 352/1000, Train Loss: 6.2961, Validation Loss: 6.0603
Epoch 353/1000, Train Loss: 6.5611, Validation Loss: 6.2147
Epoch 354/1000, Train Loss: 84.7957, Validation Loss: 6.2945
Epoch 355/1000, Train Loss: 1752.8807, Validation Loss: 6.0563
Epoch 356/1000, Train Loss: 6.3189, Validation Loss: 7.0211
Epoch 357/1000, Train Loss: 7.6484, Validation Loss: 6.0709
Epoch 358/1000, Train Loss: 6.3562, Validation Loss: 6.2193
Epoch 359/1000, Train Loss: 22949.5377, Validation Loss: 6.0608
Epoch 360/1000, Train Loss: 6.3234, Validation Loss: 6.3223
Epoch 361/1000, Train Loss: 28.2561, Validation Loss: 6.1930
Epoch 362/1000, Train Loss: 6.3141, Validation Loss: 6.0838
Epoch 363/1000, Train Loss: 6.2944, Validation Loss: 6.1860
Epoch 364/1000, Train Loss: 6.8414, Validation Loss: 6.0869
Epoch 365/1000, Train Loss: 6.2853, Validation Loss: 6.1074
Epoch 366/1000, Train Loss: 15.7869, Validation Loss: 6.0570
Epoch 367/1000, Train Loss: 295.8601, Validation Loss: 7.3897
Epoch 368/1000, Train Loss: 21.4045, Validation Loss: 6.0663
Epoch 369/1000, Train Loss: 20.5654, Validation Loss: 6.5056
Epoch 370/1000, Train Loss: 18338.2969, Validation Loss: 6.3642
Epoch 371/1000, Train Loss: 10.1520, Validation Loss: 6.1393
Epoch 372/1000, Train Loss: 6.2884, Validation Loss: 6.0652
Epoch 373/1000, Train Loss: 34.0163, Validation Loss: 6.6246
Epoch 374/1000, Train Loss: 6.2683, Validation Loss: 6.1851
Epoch 375/1000, Train Loss: 6.2906, Validation Loss: 6.0980
Epoch 376/1000, Train Loss: 891.8313, Validation Loss: 6.1567
Epoch 377/1000, Train Loss: 6.9205, Validation Loss: 6.5202
Epoch 378/1000, Train Loss: 6.3097, Validation Loss: 6.3832
Epoch 379/1000, Train Loss: 9.1869, Validation Loss: 6.1234
Epoch 380/1000, Train Loss: 6.3338, Validation Loss: 6.0841
Epoch 381/1000, Train Loss: 29.2792, Validation Loss: 6.0781
Epoch 382/1000, Train Loss: 47.8915, Validation Loss: 6.2417
Epoch 383/1000, Train Loss: 6.2753, Validation Loss: 6.1103
Epoch 384/1000, Train Loss: 11.0560, Validation Loss: 6.1720
Epoch 385/1000, Train Loss: 6.2962, Validation Loss: 6.7535
Epoch 386/1000, Train Loss: 276.8950, Validation Loss: 6.1023
Epoch 387/1000, Train Loss: 6.6688, Validation Loss: 6.2810
Epoch 388/1000, Train Loss: 6.2978, Validation Loss: 6.0872
Epoch 389/1000, Train Loss: 43.7005, Validation Loss: 6.3585
Epoch 390/1000, Train Loss: 6.9710, Validation Loss: 6.0757
Epoch 391/1000, Train Loss: 6.2856, Validation Loss: 6.9864
Epoch 392/1000, Train Loss: 7.2551, Validation Loss: 6.1203
Epoch 393/1000, Train Loss: 6.2214, Validation Loss: 6.0622
Epoch 394/1000, Train Loss: 377.2715, Validation Loss: 6.2912
Epoch 395/1000, Train Loss: 14.8917, Validation Loss: 6.0599
Epoch 396/1000, Train Loss: 6.2707, Validation Loss: 6.4740
Epoch 397/1000, Train Loss: 9.0592, Validation Loss: 6.0878
Epoch 398/1000, Train Loss: 6.3002, Validation Loss: 6.0979
Epoch 399/1000, Train Loss: 7.9763, Validation Loss: 6.1291
Epoch 400/1000, Train Loss: 6.2833, Validation Loss: 6.2074
Epoch 401/1000, Train Loss: 6.3102, Validation Loss: 6.0972
Epoch 402/1000, Train Loss: 279.1628, Validation Loss: 6.0578
Epoch 403/1000, Train Loss: 6.2939, Validation Loss: 6.0604
Epoch 404/1000, Train Loss: 6.9460, Validation Loss: 7.1083
Epoch 405/1000, Train Loss: 6.6321, Validation Loss: 6.0992
Epoch 406/1000, Train Loss: 7.8208, Validation Loss: 6.1760
Epoch 407/1000, Train Loss: 6.3061, Validation Loss: 6.2549
Epoch 408/1000, Train Loss: 2655.4168, Validation Loss: 6.1854
Epoch 409/1000, Train Loss: 17.8634, Validation Loss: 6.3796
Epoch 410/1000, Train Loss: 6.2872, Validation Loss: 6.0806
Epoch 411/1000, Train Loss: 6.8903, Validation Loss: 6.1675
Epoch 412/1000, Train Loss: 6.2570, Validation Loss: 6.1841
Epoch 413/1000, Train Loss: 15.4500, Validation Loss: 6.5652
Epoch 414/1000, Train Loss: 6.2557, Validation Loss: 6.4458
Epoch 415/1000, Train Loss: 28.6041, Validation Loss: 6.0762
Epoch 416/1000, Train Loss: 14.4757, Validation Loss: 6.0929
Epoch 417/1000, Train Loss: 6.3248, Validation Loss: 6.0693
Epoch 418/1000, Train Loss: 85.7552, Validation Loss: 6.2032
Epoch 419/1000, Train Loss: 6.2352, Validation Loss: 6.1931
Epoch 420/1000, Train Loss: 16.9416, Validation Loss: 6.1233
Epoch 421/1000, Train Loss: 6.2818, Validation Loss: 6.8143
Epoch 422/1000, Train Loss: 6.3359, Validation Loss: 6.0868
Epoch 423/1000, Train Loss: 1165.1051, Validation Loss: 6.0875
Epoch 424/1000, Train Loss: 6.3193, Validation Loss: 6.4551
Epoch 425/1000, Train Loss: 6.2685, Validation Loss: 6.1421
Epoch 426/1000, Train Loss: 6.4001, Validation Loss: 6.2359
Epoch 427/1000, Train Loss: 8.8757, Validation Loss: 6.0966
Epoch 428/1000, Train Loss: 7.4838, Validation Loss: 6.0565
Epoch 429/1000, Train Loss: 30.7202, Validation Loss: 6.0653
Epoch 430/1000, Train Loss: 6.3158, Validation Loss: 6.1501
Epoch 431/1000, Train Loss: 6.2715, Validation Loss: 6.0878
Epoch 432/1000, Train Loss: 8.5224, Validation Loss: 6.3883
Epoch 433/1000, Train Loss: 1564.0869, Validation Loss: 6.0878
Epoch 434/1000, Train Loss: 6.2550, Validation Loss: 6.0912
Epoch 435/1000, Train Loss: 4442.4634, Validation Loss: 6.0598
Epoch 436/1000, Train Loss: 8.6955, Validation Loss: 6.1367
Epoch 437/1000, Train Loss: 6.8280, Validation Loss: 6.3714
Epoch 438/1000, Train Loss: 9190.0438, Validation Loss: 6.1362
Epoch 439/1000, Train Loss: 61.8443, Validation Loss: 6.0745
Epoch 440/1000, Train Loss: 6.2673, Validation Loss: 6.1053
Epoch 441/1000, Train Loss: 28.4551, Validation Loss: 6.1660
Epoch 442/1000, Train Loss: 5753.8882, Validation Loss: 40305.0805
Epoch 443/1000, Train Loss: 135.2467, Validation Loss: 6.3631
Epoch 444/1000, Train Loss: 7.2347, Validation Loss: 6.0769
Epoch 445/1000, Train Loss: 293.3230, Validation Loss: 6.3738
Epoch 446/1000, Train Loss: 6.5374, Validation Loss: 6.0587
Epoch 447/1000, Train Loss: 6.3135, Validation Loss: 6.3402
Epoch 448/1000, Train Loss: 75.3666, Validation Loss: 6.1811
Epoch 449/1000, Train Loss: 6.3233, Validation Loss: 6.0599
Epoch 450/1000, Train Loss: 2079.7424, Validation Loss: 6.0748
Epoch 451/1000, Train Loss: 6.5774, Validation Loss: 6.1293
Epoch 452/1000, Train Loss: 6.2602, Validation Loss: 6.3158
Epoch 453/1000, Train Loss: 6.3991, Validation Loss: 6.6661
Epoch 454/1000, Train Loss: 78.0695, Validation Loss: 6.0658
Epoch 455/1000, Train Loss: 6.2959, Validation Loss: 6.4366
Epoch 456/1000, Train Loss: 23.3618, Validation Loss: 6.0986
Epoch 457/1000, Train Loss: 7.8199, Validation Loss: 6.2327
Epoch 458/1000, Train Loss: 6.3305, Validation Loss: 6.1899
Epoch 459/1000, Train Loss: 6.1732, Validation Loss: 4.0788
Epoch 460/1000, Train Loss: 2.5751, Validation Loss: 1.6435
Epoch 461/1000, Train Loss: 1.9480, Validation Loss: 3.6992
Epoch 462/1000, Train Loss: 1.7262, Validation Loss: 2.2835
Epoch 463/1000, Train Loss: 1.6156, Validation Loss: 1.9670
Epoch 464/1000, Train Loss: 1.4758, Validation Loss: 2.1888
Epoch 465/1000, Train Loss: 3.1039, Validation Loss: 6.9303
Epoch 466/1000, Train Loss: 5.9193, Validation Loss: 2.1841
Epoch 467/1000, Train Loss: 1.6595, Validation Loss: 1.5613
Epoch 468/1000, Train Loss: 1.4258, Validation Loss: 1.7676
Epoch 469/1000, Train Loss: 1.5825, Validation Loss: 2.4971
Epoch 470/1000, Train Loss: 1.3900, Validation Loss: 1.6354
Epoch 471/1000, Train Loss: 21.2553, Validation Loss: 2.3199
Epoch 472/1000, Train Loss: 14.6115, Validation Loss: 2.2080
Epoch 473/1000, Train Loss: 1.6821, Validation Loss: 2.0239
Epoch 474/1000, Train Loss: 19.2433, Validation Loss: 1.3735
Epoch 475/1000, Train Loss: 2.7752, Validation Loss: 2.4666
Epoch 476/1000, Train Loss: 1.3409, Validation Loss: 1.9191
Epoch 477/1000, Train Loss: 1.4297, Validation Loss: 1.1434
Epoch 478/1000, Train Loss: 1.2349, Validation Loss: 2.0386
Epoch 479/1000, Train Loss: 4.3777, Validation Loss: 2.7994
Epoch 480/1000, Train Loss: 25327.4707, Validation Loss: 1.8096
Epoch 481/1000, Train Loss: 19.5194, Validation Loss: 2.3331
Epoch 482/1000, Train Loss: 1.3693, Validation Loss: 6.9865
Epoch 483/1000, Train Loss: 1.3494, Validation Loss: 1.2099
Epoch 484/1000, Train Loss: 6.0406, Validation Loss: 2.5315
Epoch 485/1000, Train Loss: 1.3723, Validation Loss: 1.4081
Epoch 486/1000, Train Loss: 58.3516, Validation Loss: 2.6771
Epoch 487/1000, Train Loss: 114.9444, Validation Loss: 1.6340
Epoch 488/1000, Train Loss: 1.3504, Validation Loss: 2.0387
Epoch 489/1000, Train Loss: 4.2197, Validation Loss: 1.8096
Epoch 490/1000, Train Loss: 10.3612, Validation Loss: 6.1929
Epoch 491/1000, Train Loss: 6.2572, Validation Loss: 2.7269
Epoch 492/1000, Train Loss: 9.7073, Validation Loss: 1.8094
Epoch 493/1000, Train Loss: 1.4074, Validation Loss: 1.2981
Epoch 494/1000, Train Loss: 1.2418, Validation Loss: 1.2560
Epoch 495/1000, Train Loss: 12842.7093, Validation Loss: 6.4087
Epoch 496/1000, Train Loss: 1.7602, Validation Loss: 1.7605
Epoch 497/1000, Train Loss: 1.3245, Validation Loss: 1.7007
Epoch 498/1000, Train Loss: 1.1639, Validation Loss: 1.9196
Epoch 499/1000, Train Loss: 14.4024, Validation Loss: 6.1214
Epoch 500/1000, Train Loss: 6.5930, Validation Loss: 1.4875
Epoch 501/1000, Train Loss: 1.5151, Validation Loss: 2.7333
Epoch 502/1000, Train Loss: 1.4407, Validation Loss: 1.7108
Epoch 503/1000, Train Loss: 3.7900, Validation Loss: 1.0722
Epoch 504/1000, Train Loss: 1.7513, Validation Loss: 1.2910
Epoch 505/1000, Train Loss: 1.3095, Validation Loss: 2.0000
Epoch 506/1000, Train Loss: 11.5900, Validation Loss: 1.2477
Epoch 507/1000, Train Loss: 8012.5881, Validation Loss: 1.8933
Epoch 508/1000, Train Loss: 1.4931, Validation Loss: 6.9738
Epoch 509/1000, Train Loss: 1.8045, Validation Loss: 2.1390
Epoch 510/1000, Train Loss: 2.7323, Validation Loss: 3.3853
Epoch 511/1000, Train Loss: 1.2693, Validation Loss: 1.5895
Epoch 512/1000, Train Loss: 1.2852, Validation Loss: 1.3631
Epoch 513/1000, Train Loss: 19.7461, Validation Loss: 1.3920
Epoch 514/1000, Train Loss: 1.3442, Validation Loss: 1.1724
Epoch 515/1000, Train Loss: 1.2535, Validation Loss: 1.4446
Epoch 516/1000, Train Loss: 40.0719, Validation Loss: 1.2242
Epoch 517/1000, Train Loss: 1.3586, Validation Loss: 1.2754
Epoch 518/1000, Train Loss: 1.3833, Validation Loss: 1.6342
Epoch 519/1000, Train Loss: 1.2979, Validation Loss: 1.6748
Epoch 520/1000, Train Loss: 1.3549, Validation Loss: 3.6154
Epoch 521/1000, Train Loss: 44.8304, Validation Loss: 1.4798
Epoch 522/1000, Train Loss: 1.3246, Validation Loss: 2.5275
Epoch 523/1000, Train Loss: 1.2807, Validation Loss: 2.1010
Epoch 524/1000, Train Loss: 5.9106, Validation Loss: 1.4743
Epoch 525/1000, Train Loss: 1.9330, Validation Loss: 1.8547
Epoch 526/1000, Train Loss: 1.2532, Validation Loss: 3.0942
Epoch 527/1000, Train Loss: 22.7245, Validation Loss: 1.6842
Epoch 528/1000, Train Loss: 1.3948, Validation Loss: 0.9950
Epoch 529/1000, Train Loss: 1.2922, Validation Loss: 1.4283
Epoch 530/1000, Train Loss: 1.2775, Validation Loss: 1.3993
Epoch 531/1000, Train Loss: 27.7383, Validation Loss: 6.0573
Epoch 532/1000, Train Loss: 4.0247, Validation Loss: 1.1367
Epoch 533/1000, Train Loss: 1.1436, Validation Loss: 2.2657
Epoch 534/1000, Train Loss: 13.6437, Validation Loss: 0.9468
Epoch 535/1000, Train Loss: 1.2883, Validation Loss: 1.1342
Epoch 536/1000, Train Loss: 249.5573, Validation Loss: 2.5081
Epoch 537/1000, Train Loss: 1.6607, Validation Loss: 1.7826
Epoch 538/1000, Train Loss: 1.2743, Validation Loss: 1.4371
Epoch 539/1000, Train Loss: 1.2834, Validation Loss: 1.8564
Epoch 540/1000, Train Loss: 1.5042, Validation Loss: 1.0160
Epoch 541/1000, Train Loss: 1.2129, Validation Loss: 1.3746
Epoch 542/1000, Train Loss: 1.2638, Validation Loss: 1.0996
Epoch 543/1000, Train Loss: 219.7570, Validation Loss: 1.3228
Epoch 544/1000, Train Loss: 6.5778, Validation Loss: 1.9378
Epoch 545/1000, Train Loss: 1.3397, Validation Loss: 1.3544
Epoch 546/1000, Train Loss: 1.2438, Validation Loss: 1.2205
Epoch 547/1000, Train Loss: 324.4627, Validation Loss: 1.6395
Epoch 548/1000, Train Loss: 43.3598, Validation Loss: 2.1353
Epoch 549/1000, Train Loss: 2.2999, Validation Loss: 3.5585
Epoch 550/1000, Train Loss: 1.2361, Validation Loss: 1.3518
Epoch 551/1000, Train Loss: 1.3407, Validation Loss: 1.1121
Epoch 552/1000, Train Loss: 801.9967, Validation Loss: 6.0763
Epoch 553/1000, Train Loss: 37.7261, Validation Loss: 6.1714
Epoch 554/1000, Train Loss: 5.6757, Validation Loss: 2.2538
Epoch 555/1000, Train Loss: 1.3745, Validation Loss: 1.1272
Epoch 556/1000, Train Loss: 1.2303, Validation Loss: 3.1573
Epoch 557/1000, Train Loss: 1.1442, Validation Loss: 1.7885
Epoch 558/1000, Train Loss: 24107.6729, Validation Loss: 6.0564
Epoch 559/1000, Train Loss: 9.1871, Validation Loss: 1.3993
Epoch 560/1000, Train Loss: 2.9577, Validation Loss: 1.5184
Epoch 561/1000, Train Loss: 1.4478, Validation Loss: 3.2687
Epoch 562/1000, Train Loss: 1.2883, Validation Loss: 1.3931
Epoch 563/1000, Train Loss: 970.6663, Validation Loss: 6.5952
Epoch 564/1000, Train Loss: 9.8020, Validation Loss: 6.4168
Epoch 565/1000, Train Loss: 4.8965, Validation Loss: 1.8920
Epoch 566/1000, Train Loss: 7.5097, Validation Loss: 1.3014
Epoch 567/1000, Train Loss: 1.2933, Validation Loss: 1.4837
Epoch 568/1000, Train Loss: 1.2163, Validation Loss: 1.5496
Epoch 569/1000, Train Loss: 1303806.0217, Validation Loss: 6.0565
Epoch 570/1000, Train Loss: 3.3384, Validation Loss: 1.5320
Epoch 571/1000, Train Loss: 1.3206, Validation Loss: 1.6740
Epoch 572/1000, Train Loss: 1.2522, Validation Loss: 2.4351
Epoch 573/1000, Train Loss: 15.7373, Validation Loss: 1.0881
Epoch 574/1000, Train Loss: 6.9053, Validation Loss: 6.1196
Epoch 575/1000, Train Loss: 4.1652, Validation Loss: 1.2333
Epoch 576/1000, Train Loss: 1.1254, Validation Loss: 1.6324
Epoch 577/1000, Train Loss: 1.2424, Validation Loss: 0.9519
Epoch 578/1000, Train Loss: 20033.8662, Validation Loss: 0.9903
Epoch 579/1000, Train Loss: 1.2741, Validation Loss: 1.9630
Epoch 580/1000, Train Loss: 10.1234, Validation Loss: 1.5092
Epoch 581/1000, Train Loss: 1.1797, Validation Loss: 1.5500
Epoch 582/1000, Train Loss: 1.3522, Validation Loss: 1.4617
Epoch 583/1000, Train Loss: 480.3747, Validation Loss: 1.8683
Epoch 584/1000, Train Loss: 54.3818, Validation Loss: 2.4879
Epoch 585/1000, Train Loss: 1.4655, Validation Loss: 3.2617
Epoch 586/1000, Train Loss: 1234240.7253, Validation Loss: 6.1011
Epoch 587/1000, Train Loss: 6.6975, Validation Loss: 13.9644
Epoch 588/1000, Train Loss: 7.8728, Validation Loss: 6.1730
Epoch 589/1000, Train Loss: 12.8511, Validation Loss: 6.1573
Epoch 590/1000, Train Loss: 8.5332, Validation Loss: 2.3116
Epoch 591/1000, Train Loss: 2.8190, Validation Loss: 1.2900
Epoch 592/1000, Train Loss: 5.4239, Validation Loss: 1.2522
Epoch 593/1000, Train Loss: 2.2561, Validation Loss: 3.1952
Epoch 594/1000, Train Loss: 1.9788, Validation Loss: 1.6124
Epoch 595/1000, Train Loss: 1.2925, Validation Loss: 1.4311
Epoch 596/1000, Train Loss: 1.1974, Validation Loss: 1.1652
Epoch 597/1000, Train Loss: 1.1666, Validation Loss: 3.1492
Epoch 598/1000, Train Loss: 79.0450, Validation Loss: 6.0811
Epoch 599/1000, Train Loss: 7.3039, Validation Loss: 6.0564
Epoch 600/1000, Train Loss: 43.9346, Validation Loss: 6.1797
Epoch 601/1000, Train Loss: 18.7653, Validation Loss: 6.0581
Epoch 602/1000, Train Loss: 191.4648, Validation Loss: 7.1782
Epoch 603/1000, Train Loss: 9.6695, Validation Loss: 6.0679
Epoch 604/1000, Train Loss: 61.2154, Validation Loss: 6.1057
Epoch 605/1000, Train Loss: 13.1232, Validation Loss: 6.1342
Epoch 606/1000, Train Loss: 30.3280, Validation Loss: 6.1609
Epoch 607/1000, Train Loss: 86.8242, Validation Loss: 6.0612
Epoch 608/1000, Train Loss: 126.8948, Validation Loss: 6.1185
Epoch 609/1000, Train Loss: 50806.4758, Validation Loss: 937935.4691
Epoch 610/1000, Train Loss: 7622.7729, Validation Loss: 6.1430
Epoch 611/1000, Train Loss: 11.8872, Validation Loss: 6.2160
Epoch 612/1000, Train Loss: 23.6849, Validation Loss: 6.2002
Epoch 613/1000, Train Loss: 16.4772, Validation Loss: 6.1064
Epoch 614/1000, Train Loss: 374792.1100, Validation Loss: 6.0566
Epoch 615/1000, Train Loss: 6.2319, Validation Loss: 7.1030
Epoch 616/1000, Train Loss: 10886.4521, Validation Loss: 6.2325
Epoch 617/1000, Train Loss: 12.0641, Validation Loss: 6.0589
Epoch 618/1000, Train Loss: 377.9115, Validation Loss: 6.0741
Epoch 619/1000, Train Loss: 6.2424, Validation Loss: 6.1754
Epoch 620/1000, Train Loss: 6575489.3972, Validation Loss: 6.0675
Epoch 621/1000, Train Loss: 4444.3905, Validation Loss: 6.1553
Epoch 622/1000, Train Loss: 6.3473, Validation Loss: 6.4818
Epoch 623/1000, Train Loss: 6.2576, Validation Loss: 6.0565
Epoch 624/1000, Train Loss: 274.4467, Validation Loss: 6.0907
Epoch 625/1000, Train Loss: 171.2201, Validation Loss: 6.0651
Epoch 626/1000, Train Loss: 3422.1257, Validation Loss: 6.2009
Epoch 627/1000, Train Loss: 55950337937.3918, Validation Loss: 6.7086
Epoch 628/1000, Train Loss: 6.3195, Validation Loss: 6.1124
Epoch 629/1000, Train Loss: 593.7971, Validation Loss: 6.2483
Epoch 630/1000, Train Loss: 10.1360, Validation Loss: 6.1029
Epoch 631/1000, Train Loss: 20115.3482, Validation Loss: 6.1663
Epoch 632/1000, Train Loss: 212.4114, Validation Loss: 6.2701
Epoch 633/1000, Train Loss: 9919.5571, Validation Loss: 6.4183
Epoch 634/1000, Train Loss: 222.9415, Validation Loss: 6.4709
Epoch 635/1000, Train Loss: 582940.1818, Validation Loss: 6.1641
Epoch 636/1000, Train Loss: 808.7487, Validation Loss: 6.0582
Epoch 637/1000, Train Loss: 6.2446, Validation Loss: 6.5339
Epoch 638/1000, Train Loss: 26.9401, Validation Loss: 6.0663
Epoch 639/1000, Train Loss: 6.2795, Validation Loss: 6.0887
Epoch 640/1000, Train Loss: 5287.6186, Validation Loss: 6.0577
Epoch 641/1000, Train Loss: 478.9327, Validation Loss: 7.3880
Epoch 642/1000, Train Loss: 89.3022, Validation Loss: 6.2381
Epoch 643/1000, Train Loss: 8.9963, Validation Loss: 6.0576
Epoch 644/1000, Train Loss: 222328.4494, Validation Loss: 6.0567
Epoch 645/1000, Train Loss: 6.4570, Validation Loss: 6.0749
Epoch 646/1000, Train Loss: 480.7597, Validation Loss: 6.0917
Epoch 647/1000, Train Loss: 6.2563, Validation Loss: 6.0642
Epoch 648/1000, Train Loss: 6.2382, Validation Loss: 6.0647
Epoch 649/1000, Train Loss: 942.0092, Validation Loss: 6.2693
Epoch 650/1000, Train Loss: 8.0748, Validation Loss: 6.1245
Epoch 651/1000, Train Loss: 29.4394, Validation Loss: 6.5677
Epoch 652/1000, Train Loss: 3048.1897, Validation Loss: 6.2989
Epoch 653/1000, Train Loss: 8.3069, Validation Loss: 6.2012
Epoch 654/1000, Train Loss: 429.3898, Validation Loss: 6.0803
Epoch 655/1000, Train Loss: 12095.2031, Validation Loss: 6.0737
Epoch 656/1000, Train Loss: 56.1960, Validation Loss: 6.0683
Epoch 657/1000, Train Loss: 382.8881, Validation Loss: 6.7585
Epoch 658/1000, Train Loss: 228.1792, Validation Loss: 6.1581
Epoch 659/1000, Train Loss: 1085.3676, Validation Loss: 6.1098
Epoch 660/1000, Train Loss: 8.3894, Validation Loss: 6.2709
Epoch 661/1000, Train Loss: 7.1598, Validation Loss: 6.3216
Epoch 662/1000, Train Loss: 19.6216, Validation Loss: 6.1115
Epoch 663/1000, Train Loss: 10.0347, Validation Loss: 6.7391
Epoch 664/1000, Train Loss: 537.3805, Validation Loss: 6.3621
Epoch 665/1000, Train Loss: 7.3604, Validation Loss: 6.0928
Epoch 666/1000, Train Loss: 6.7148, Validation Loss: 6.1537
Epoch 667/1000, Train Loss: 225.0317, Validation Loss: 6.1859
Epoch 668/1000, Train Loss: 7.8453, Validation Loss: 6.0576
Epoch 669/1000, Train Loss: 290.0336, Validation Loss: 6.0842
Epoch 670/1000, Train Loss: 23.7120, Validation Loss: 6.0570
Epoch 671/1000, Train Loss: 13.5088, Validation Loss: 6.1385
Epoch 672/1000, Train Loss: 54.3180, Validation Loss: 6.1517
Epoch 673/1000, Train Loss: 18.9210, Validation Loss: 6.0588
Epoch 674/1000, Train Loss: 86.3853, Validation Loss: 6.2547
Epoch 675/1000, Train Loss: 6.2535, Validation Loss: 6.4185
Epoch 676/1000, Train Loss: 76.0205, Validation Loss: 6.0752
Epoch 677/1000, Train Loss: 1764.1156, Validation Loss: 6.0607
Epoch 678/1000, Train Loss: 51.1212, Validation Loss: 6.1552
Epoch 679/1000, Train Loss: 6.9573, Validation Loss: 6.2176
Epoch 680/1000, Train Loss: 7.2281, Validation Loss: 6.2259
Epoch 681/1000, Train Loss: 688.8231, Validation Loss: 6.1156
Epoch 682/1000, Train Loss: 7.5929, Validation Loss: 6.0732
Epoch 683/1000, Train Loss: 6.4330, Validation Loss: 6.3166
Epoch 684/1000, Train Loss: 5460.9735, Validation Loss: 6.0604
Epoch 685/1000, Train Loss: 26425.2394, Validation Loss: 6.2258
Epoch 686/1000, Train Loss: 56.0654, Validation Loss: 6.0712
Epoch 687/1000, Train Loss: 88.3302, Validation Loss: 6.2474
Epoch 688/1000, Train Loss: 473.1612, Validation Loss: 6.2668
Epoch 689/1000, Train Loss: 86.3872, Validation Loss: 2.3581
Epoch 690/1000, Train Loss: 55.1553, Validation Loss: 2.1031
Epoch 691/1000, Train Loss: 3.1058, Validation Loss: 1.4817
Epoch 692/1000, Train Loss: 1.6232, Validation Loss: 1.4215
Epoch 693/1000, Train Loss: 1.5362, Validation Loss: 3.5441
Epoch 694/1000, Train Loss: 1.5850, Validation Loss: 1.6505
Epoch 695/1000, Train Loss: 1.5485, Validation Loss: 2.3041
Epoch 696/1000, Train Loss: 1.6705, Validation Loss: 2.0393
Epoch 697/1000, Train Loss: 1.3971, Validation Loss: 1.3727
Epoch 698/1000, Train Loss: 173.4934, Validation Loss: 1.2719
Epoch 699/1000, Train Loss: 8.1850, Validation Loss: 1.6237
Epoch 700/1000, Train Loss: 2.4847, Validation Loss: 1.0915
Epoch 701/1000, Train Loss: 1.4244, Validation Loss: 2.4277
Epoch 702/1000, Train Loss: 1.7596, Validation Loss: 1.0339
Epoch 703/1000, Train Loss: 1.3395, Validation Loss: 1.5208
Epoch 704/1000, Train Loss: 408.2942, Validation Loss: 1.6954
Epoch 705/1000, Train Loss: 1.4511, Validation Loss: 1.5304
Epoch 706/1000, Train Loss: 1.4335, Validation Loss: 1.8505
Epoch 707/1000, Train Loss: 554.6486, Validation Loss: 6.5859
Epoch 708/1000, Train Loss: 2.6481, Validation Loss: 1.1125
Epoch 709/1000, Train Loss: 4561.3101, Validation Loss: 2.0292
Epoch 710/1000, Train Loss: 1.3938, Validation Loss: 2.0083
Epoch 711/1000, Train Loss: 1364.5002, Validation Loss: 6.9515
Epoch 712/1000, Train Loss: 13.4221, Validation Loss: 6.2536
Epoch 713/1000, Train Loss: 4395242.5651, Validation Loss: 6.0320
Epoch 714/1000, Train Loss: 8410.9435, Validation Loss: 6.0927
Epoch 715/1000, Train Loss: 1487.6021, Validation Loss: 6.0600
Epoch 716/1000, Train Loss: 663.1517, Validation Loss: 6.3972
Epoch 717/1000, Train Loss: 7344.4563, Validation Loss: 6.1292
Epoch 718/1000, Train Loss: 117094.4661, Validation Loss: 6.7040
Epoch 719/1000, Train Loss: 38.2947, Validation Loss: 6.0583
Epoch 720/1000, Train Loss: 10.7244, Validation Loss: 6.1167
Epoch 721/1000, Train Loss: 77424.0426, Validation Loss: 2.5832
Epoch 722/1000, Train Loss: 78.6644, Validation Loss: 2.2033
Epoch 723/1000, Train Loss: 1.7766, Validation Loss: 1.2405
Epoch 724/1000, Train Loss: 1.4323, Validation Loss: 1.4331
Epoch 725/1000, Train Loss: 1.4066, Validation Loss: 1.1890
Epoch 726/1000, Train Loss: 1.4372, Validation Loss: 1.3771
Epoch 727/1000, Train Loss: 1.7654, Validation Loss: 1.1435
Epoch 728/1000, Train Loss: 1.3468, Validation Loss: 1.5170
Epoch 729/1000, Train Loss: 1.3593, Validation Loss: 1.7068
Epoch 730/1000, Train Loss: 224.2288, Validation Loss: 1.2310
Epoch 731/1000, Train Loss: 1.2515, Validation Loss: 1.6813
Epoch 732/1000, Train Loss: 1.3109, Validation Loss: 1.2824
Epoch 733/1000, Train Loss: 2.0671, Validation Loss: 1.5835
Epoch 734/1000, Train Loss: 1.2199, Validation Loss: 1.2880
Epoch 735/1000, Train Loss: 1.1601, Validation Loss: 1.5415
Epoch 736/1000, Train Loss: 21.0953, Validation Loss: 1.1149
Epoch 737/1000, Train Loss: 1.1386, Validation Loss: 1.3327
Epoch 738/1000, Train Loss: 1.1005, Validation Loss: 0.8866
Epoch 739/1000, Train Loss: 5.6064, Validation Loss: 1.1803
Epoch 740/1000, Train Loss: 3.3250, Validation Loss: 1.2106
Epoch 741/1000, Train Loss: 1.1428, Validation Loss: 1.3163
Epoch 742/1000, Train Loss: 23.5759, Validation Loss: 2.4085
Epoch 743/1000, Train Loss: 1.5169, Validation Loss: 1.1734
Epoch 744/1000, Train Loss: 1.2982, Validation Loss: 1.2401
Epoch 745/1000, Train Loss: 1.2209, Validation Loss: 0.9485
Epoch 746/1000, Train Loss: 1.2300, Validation Loss: 2.0141
Epoch 747/1000, Train Loss: 28.5380, Validation Loss: 2.5237
Epoch 748/1000, Train Loss: 2.6920, Validation Loss: 1.5946
Epoch 749/1000, Train Loss: 1.2834, Validation Loss: 1.2101
Epoch 750/1000, Train Loss: 16.7728, Validation Loss: 1.5300
Epoch 751/1000, Train Loss: 1.1743, Validation Loss: 2.3442
Epoch 752/1000, Train Loss: 1.4115, Validation Loss: 1.3587
Epoch 753/1000, Train Loss: 1.1563, Validation Loss: 2.1136
Epoch 754/1000, Train Loss: 141.2741, Validation Loss: 1.9935
Epoch 755/1000, Train Loss: 1.2155, Validation Loss: 0.9918
Epoch 756/1000, Train Loss: 1.6048, Validation Loss: 0.9768
Epoch 757/1000, Train Loss: 1.1843, Validation Loss: 1.0041
Epoch 758/1000, Train Loss: 1.7495, Validation Loss: 1.4204
Epoch 759/1000, Train Loss: 1.3655, Validation Loss: 1.8914
Epoch 760/1000, Train Loss: 1.1832, Validation Loss: 1.7919
Epoch 761/1000, Train Loss: 19.3007, Validation Loss: 6.0794
Epoch 762/1000, Train Loss: 8.5120, Validation Loss: 6.0568
Epoch 763/1000, Train Loss: 9.8537, Validation Loss: 6.0566
Epoch 764/1000, Train Loss: 6.4890, Validation Loss: 2.8702
Epoch 765/1000, Train Loss: 1.7760, Validation Loss: 1.4369
Epoch 766/1000, Train Loss: 1.2970, Validation Loss: 1.1998
Epoch 767/1000, Train Loss: 1.2462, Validation Loss: 0.9470
Epoch 768/1000, Train Loss: 546.7901, Validation Loss: 2.0068
Epoch 769/1000, Train Loss: 1.2823, Validation Loss: 1.4572
Epoch 770/1000, Train Loss: 126.0660, Validation Loss: 6.2703
Epoch 771/1000, Train Loss: 6.4260, Validation Loss: 6.0814
Epoch 772/1000, Train Loss: 585.8537, Validation Loss: 2.5649
Epoch 773/1000, Train Loss: 1.3202, Validation Loss: 0.8702
Epoch 774/1000, Train Loss: 1.2552, Validation Loss: 0.9660
Epoch 775/1000, Train Loss: 1.9741, Validation Loss: 6.0154
Epoch 776/1000, Train Loss: 2.0133, Validation Loss: 1.1649
Epoch 777/1000, Train Loss: 614.9693, Validation Loss: 2.4031
Epoch 778/1000, Train Loss: 1.7407, Validation Loss: 3.9653
Epoch 779/1000, Train Loss: 10.3049, Validation Loss: 1.0145
Epoch 780/1000, Train Loss: 1.6874, Validation Loss: 1.6151
Epoch 781/1000, Train Loss: 1.2563, Validation Loss: 1.6038
Epoch 782/1000, Train Loss: 1785.9243, Validation Loss: 1.2633
Epoch 783/1000, Train Loss: 1.2231, Validation Loss: 1.3271
Epoch 784/1000, Train Loss: 1.1087, Validation Loss: 3.1966
Epoch 785/1000, Train Loss: 1.1534, Validation Loss: 1.5561
Epoch 786/1000, Train Loss: 42.9642, Validation Loss: 1.2594
Epoch 787/1000, Train Loss: 1.1724, Validation Loss: 0.9100
Epoch 788/1000, Train Loss: 2.0758, Validation Loss: 1.2300
Epoch 789/1000, Train Loss: 1.2076, Validation Loss: 1.9025
Epoch 790/1000, Train Loss: 1.1336, Validation Loss: 1.3118
Epoch 791/1000, Train Loss: 253.0423, Validation Loss: 0.9913
Epoch 792/1000, Train Loss: 1.1041, Validation Loss: 2.7818
Epoch 793/1000, Train Loss: 1.2229, Validation Loss: 1.0209
Epoch 794/1000, Train Loss: 1.9735, Validation Loss: 2.2646
Epoch 795/1000, Train Loss: 3.4195, Validation Loss: 1.6417
Epoch 796/1000, Train Loss: 1.2013, Validation Loss: 1.4951
Epoch 797/1000, Train Loss: 1.1371, Validation Loss: 1.7529
Epoch 798/1000, Train Loss: 268.6936, Validation Loss: 0.9044
Epoch 799/1000, Train Loss: 1.3013, Validation Loss: 1.8975
Epoch 800/1000, Train Loss: 1.2343, Validation Loss: 2.2109
Epoch 801/1000, Train Loss: 1.0811, Validation Loss: 0.9745
Epoch 802/1000, Train Loss: 3.6490, Validation Loss: 1.0925
Epoch 803/1000, Train Loss: 2.5482, Validation Loss: 0.9532
Epoch 804/1000, Train Loss: 1.2224, Validation Loss: 2.2632
Epoch 805/1000, Train Loss: 5.2469, Validation Loss: 2.1894
Epoch 806/1000, Train Loss: 1.3348, Validation Loss: 0.9418
Epoch 807/1000, Train Loss: 1.1354, Validation Loss: 2.2587
Epoch 808/1000, Train Loss: 1.1123, Validation Loss: 0.8902
Epoch 809/1000, Train Loss: 48.9347, Validation Loss: 6.1799
Epoch 810/1000, Train Loss: 740.9007, Validation Loss: 6.2970
Epoch 811/1000, Train Loss: 418.8867, Validation Loss: 6.4230
Epoch 812/1000, Train Loss: 1993.7230, Validation Loss: 7.3118
Epoch 813/1000, Train Loss: 10.5960, Validation Loss: 6.9926
Epoch 814/1000, Train Loss: 8.3774, Validation Loss: 6.2616
Epoch 815/1000, Train Loss: 21.0443, Validation Loss: 6.0613
Epoch 816/1000, Train Loss: 66.1744, Validation Loss: 6.4466
Epoch 817/1000, Train Loss: 6.2747, Validation Loss: 6.0704
Epoch 818/1000, Train Loss: 8068.9563, Validation Loss: 6.0602
Epoch 819/1000, Train Loss: 71.1469, Validation Loss: 6.0579
Epoch 820/1000, Train Loss: 6.2626, Validation Loss: 6.0584
Epoch 821/1000, Train Loss: 6.3353, Validation Loss: 6.3758
Epoch 822/1000, Train Loss: 77.2330, Validation Loss: 6.1200
Epoch 823/1000, Train Loss: 8.5225, Validation Loss: 6.0804
Epoch 824/1000, Train Loss: 436.4179, Validation Loss: 6.2129
Epoch 825/1000, Train Loss: 29.1095, Validation Loss: 6.1094
Epoch 826/1000, Train Loss: 3032.2850, Validation Loss: 6.0563
Epoch 827/1000, Train Loss: 743233.3183, Validation Loss: 6.4000
Epoch 828/1000, Train Loss: 327.7228, Validation Loss: 6.1035
Epoch 829/1000, Train Loss: 995.5156, Validation Loss: 6.6000
Epoch 830/1000, Train Loss: 1099.5639, Validation Loss: 6.2767
Epoch 831/1000, Train Loss: 63824.0475, Validation Loss: 6.1207
Epoch 832/1000, Train Loss: 2711.4358, Validation Loss: 6.0496
Epoch 833/1000, Train Loss: 847.3785, Validation Loss: 1.7307
Epoch 834/1000, Train Loss: 11.0932, Validation Loss: 1.7078
Epoch 835/1000, Train Loss: 1627.5965, Validation Loss: 2.4693
Epoch 836/1000, Train Loss: 1.6902, Validation Loss: 2.1434
Epoch 837/1000, Train Loss: 1.5859, Validation Loss: 2.6582
Epoch 838/1000, Train Loss: 1.6988, Validation Loss: 2.3968
Epoch 839/1000, Train Loss: 1.4777, Validation Loss: 2.0248
Epoch 840/1000, Train Loss: 52.3377, Validation Loss: 2.4489
Epoch 841/1000, Train Loss: 1.4535, Validation Loss: 2.3115
Epoch 842/1000, Train Loss: 1.3969, Validation Loss: 3.5925
Epoch 843/1000, Train Loss: 28.1156, Validation Loss: 1.2527
Epoch 844/1000, Train Loss: 1.5993, Validation Loss: 1.1933
Epoch 845/1000, Train Loss: 3.2822, Validation Loss: 1.3158
Epoch 846/1000, Train Loss: 1.4474, Validation Loss: 3.3895
Epoch 847/1000, Train Loss: 1.3842, Validation Loss: 0.9879
Epoch 848/1000, Train Loss: 1.3972, Validation Loss: 0.9824
Epoch 849/1000, Train Loss: 1452.7377, Validation Loss: 6.1510
Epoch 850/1000, Train Loss: 18597.2023, Validation Loss: 6.0810
Epoch 851/1000, Train Loss: 6.9439, Validation Loss: 6.8499
Epoch 852/1000, Train Loss: 27.4971, Validation Loss: 6.0632
Epoch 853/1000, Train Loss: 14.1231, Validation Loss: 6.0701
Epoch 854/1000, Train Loss: 7.3739, Validation Loss: 6.6513
Epoch 855/1000, Train Loss: 191.8936, Validation Loss: 6.0619
Epoch 856/1000, Train Loss: 11.2688, Validation Loss: 6.1189
Epoch 857/1000, Train Loss: 6.2423, Validation Loss: 6.1685
Epoch 858/1000, Train Loss: 6.6306, Validation Loss: 6.0636
Epoch 859/1000, Train Loss: 32.4022, Validation Loss: 6.0793
Epoch 860/1000, Train Loss: 129.5654, Validation Loss: 6.1064
Epoch 861/1000, Train Loss: 10.6420, Validation Loss: 6.4445
Epoch 862/1000, Train Loss: 6.4399, Validation Loss: 6.0708
Epoch 863/1000, Train Loss: 50.4037, Validation Loss: 6.0670
Epoch 864/1000, Train Loss: 9.4622, Validation Loss: 6.2488
Epoch 865/1000, Train Loss: 6.2929, Validation Loss: 6.0778
Epoch 866/1000, Train Loss: 17576.6067, Validation Loss: 6.0991
Epoch 867/1000, Train Loss: 6.2677, Validation Loss: 6.1097
Epoch 868/1000, Train Loss: 6.2936, Validation Loss: 6.1309
Epoch 869/1000, Train Loss: 10.1355, Validation Loss: 6.0590
Epoch 870/1000, Train Loss: 16.2324, Validation Loss: 6.3566
Epoch 871/1000, Train Loss: 36.8895, Validation Loss: 6.7116
Epoch 872/1000, Train Loss: 6.2851, Validation Loss: 6.3695
Epoch 873/1000, Train Loss: 27.8906, Validation Loss: 6.6908
Epoch 874/1000, Train Loss: 77.3138, Validation Loss: 6.6107
Epoch 875/1000, Train Loss: 6.2790, Validation Loss: 6.1221
Epoch 876/1000, Train Loss: 6.3034, Validation Loss: 6.1298
Epoch 877/1000, Train Loss: 1041.5602, Validation Loss: 6.4963
Epoch 878/1000, Train Loss: 10.7659, Validation Loss: 179.7056
Epoch 879/1000, Train Loss: 13.5441, Validation Loss: 6.2036
Epoch 880/1000, Train Loss: 6.2805, Validation Loss: 6.0979
Epoch 881/1000, Train Loss: 16.3131, Validation Loss: 6.3663
Epoch 882/1000, Train Loss: 6.2734, Validation Loss: 6.0596
Epoch 883/1000, Train Loss: 6.2855, Validation Loss: 6.1304
Epoch 884/1000, Train Loss: 6.4657, Validation Loss: 6.1850
Epoch 885/1000, Train Loss: 27.9069, Validation Loss: 7.4012
Epoch 886/1000, Train Loss: 7.1459, Validation Loss: 6.1134
Epoch 887/1000, Train Loss: 14.1374, Validation Loss: 6.1924
Epoch 888/1000, Train Loss: 11.7240, Validation Loss: 6.0563
Epoch 889/1000, Train Loss: 25.5919, Validation Loss: 6.0652
Epoch 890/1000, Train Loss: 17.1399, Validation Loss: 6.0715
Epoch 891/1000, Train Loss: 1366.9098, Validation Loss: 6.1974
Epoch 892/1000, Train Loss: 6.2656, Validation Loss: 6.6844
Epoch 893/1000, Train Loss: 25.5531, Validation Loss: 6.3191
Epoch 894/1000, Train Loss: 6.2989, Validation Loss: 6.0714
Epoch 895/1000, Train Loss: 9058.7084, Validation Loss: 6.0611
Epoch 896/1000, Train Loss: 6.2573, Validation Loss: 6.2457
Epoch 897/1000, Train Loss: 8.7733, Validation Loss: 6.0884
Epoch 898/1000, Train Loss: 6.2980, Validation Loss: 6.0771
Epoch 899/1000, Train Loss: 9.1944, Validation Loss: 6.5871
Epoch 900/1000, Train Loss: 8.0889, Validation Loss: 6.4413
Epoch 901/1000, Train Loss: 6.4503, Validation Loss: 173950.3904
Epoch 902/1000, Train Loss: 102.9853, Validation Loss: 6.4172
Epoch 903/1000, Train Loss: 68.5625, Validation Loss: 6.1898
Epoch 904/1000, Train Loss: 6.3153, Validation Loss: 6.0997
Epoch 905/1000, Train Loss: 6.4508, Validation Loss: 6.0950
Epoch 906/1000, Train Loss: 18.5414, Validation Loss: 6.0781
Epoch 907/1000, Train Loss: 6.2955, Validation Loss: 6.2249
Epoch 908/1000, Train Loss: 7.3070, Validation Loss: 6.1301
Epoch 909/1000, Train Loss: 6.3040, Validation Loss: 6.5835
Epoch 910/1000, Train Loss: 16.5272, Validation Loss: 6.4052
Epoch 911/1000, Train Loss: 6.3464, Validation Loss: 6.0930
Epoch 912/1000, Train Loss: 6.2938, Validation Loss: 6.4063
Epoch 913/1000, Train Loss: 45.7952, Validation Loss: 6.5186
Epoch 914/1000, Train Loss: 48.6221, Validation Loss: 6.0718
Epoch 915/1000, Train Loss: 6.2810, Validation Loss: 6.2107
Epoch 916/1000, Train Loss: 3847.0030, Validation Loss: 6.1880
Epoch 917/1000, Train Loss: 6.2662, Validation Loss: 6.1701
Epoch 918/1000, Train Loss: 7.2130, Validation Loss: 6.1641
Epoch 919/1000, Train Loss: 15.9430, Validation Loss: 6.0929
Epoch 920/1000, Train Loss: 7.2043, Validation Loss: 6.0728
Epoch 921/1000, Train Loss: 7.6499, Validation Loss: 6.3663
Epoch 922/1000, Train Loss: 41.9998, Validation Loss: 6.2881
Epoch 923/1000, Train Loss: 6.7272, Validation Loss: 6.3554
Epoch 924/1000, Train Loss: 1661.7950, Validation Loss: 6.5569
Epoch 925/1000, Train Loss: 6.3870, Validation Loss: 6.0663
Epoch 926/1000, Train Loss: 6.2936, Validation Loss: 6.1246
Epoch 927/1000, Train Loss: 3959.7067, Validation Loss: 6.5334
Epoch 928/1000, Train Loss: 13.2121, Validation Loss: 6.1356
Epoch 929/1000, Train Loss: 1085.1974, Validation Loss: 6.0867
Epoch 930/1000, Train Loss: 6.2214, Validation Loss: 6.2614
Epoch 931/1000, Train Loss: 6.6146, Validation Loss: 6.0691
Epoch 932/1000, Train Loss: 48.9432, Validation Loss: 7.2200
Epoch 933/1000, Train Loss: 63.8951, Validation Loss: 6.3712
Epoch 934/1000, Train Loss: 6.2859, Validation Loss: 6.4259
Epoch 935/1000, Train Loss: 6.3096, Validation Loss: 6.0592
Epoch 936/1000, Train Loss: 88.7867, Validation Loss: 6.3375
Epoch 937/1000, Train Loss: 9.5353, Validation Loss: 6.0753
Epoch 938/1000, Train Loss: 6.2759, Validation Loss: 6.2827
Epoch 939/1000, Train Loss: 6.3300, Validation Loss: 6.1506
Epoch 940/1000, Train Loss: 6.2906, Validation Loss: 6.0720
Epoch 941/1000, Train Loss: 6.3902, Validation Loss: 6.1155
Epoch 942/1000, Train Loss: 7.4307, Validation Loss: 6.1341
Epoch 943/1000, Train Loss: 6.3694, Validation Loss: 6.1719
Epoch 944/1000, Train Loss: 38.2075, Validation Loss: 6.1679
Epoch 945/1000, Train Loss: 10.5917, Validation Loss: 6.3406
Epoch 946/1000, Train Loss: 6.4001, Validation Loss: 6.1413
Epoch 947/1000, Train Loss: 9.3269, Validation Loss: 7.1833
Epoch 948/1000, Train Loss: 6.2692, Validation Loss: 6.1250
Epoch 949/1000, Train Loss: 6.2951, Validation Loss: 6.0766
Epoch 950/1000, Train Loss: 12.4729, Validation Loss: 6.0580
Epoch 951/1000, Train Loss: 6.3358, Validation Loss: 6.0601
Epoch 952/1000, Train Loss: 6.3050, Validation Loss: 6.0661
Epoch 953/1000, Train Loss: 6.4371, Validation Loss: 6.0787
Epoch 954/1000, Train Loss: 6.3310, Validation Loss: 6.0567
Epoch 955/1000, Train Loss: 8.6332, Validation Loss: 6.0565
Epoch 956/1000, Train Loss: 6.2453, Validation Loss: 6.3526
Epoch 957/1000, Train Loss: 4805.3296, Validation Loss: 6.0609
Epoch 958/1000, Train Loss: 3680.8499, Validation Loss: 6.2680
Epoch 959/1000, Train Loss: 6.2506, Validation Loss: 6.2773
Epoch 960/1000, Train Loss: 6.5501, Validation Loss: 6.1863
Epoch 961/1000, Train Loss: 6.2427, Validation Loss: 6.1226
Epoch 962/1000, Train Loss: 7.2520, Validation Loss: 6.0574
Epoch 963/1000, Train Loss: 6.3599, Validation Loss: 6.3183
Epoch 964/1000, Train Loss: 6.3025, Validation Loss: 6.0566
Epoch 965/1000, Train Loss: 13.3458, Validation Loss: 6.0563
Epoch 966/1000, Train Loss: 70020.2297, Validation Loss: 6.0989
Epoch 967/1000, Train Loss: 6.3190, Validation Loss: 6.4472
Epoch 968/1000, Train Loss: 6.8137, Validation Loss: 6.0563
Epoch 969/1000, Train Loss: 13.1616, Validation Loss: 6.2715
Epoch 970/1000, Train Loss: 61.3846, Validation Loss: 6.2674
Epoch 971/1000, Train Loss: 6.2701, Validation Loss: 6.0800
Epoch 972/1000, Train Loss: 6.2418, Validation Loss: 6.0670
Epoch 973/1000, Train Loss: 6.3359, Validation Loss: 6.0633
Epoch 974/1000, Train Loss: 6563.0905, Validation Loss: 6.1686
Epoch 975/1000, Train Loss: 6.2734, Validation Loss: 6.0862
Epoch 976/1000, Train Loss: 6.5307, Validation Loss: 6.3239
Epoch 977/1000, Train Loss: 6.2386, Validation Loss: 6.0946
Epoch 978/1000, Train Loss: 8.3238, Validation Loss: 6.0583
Epoch 979/1000, Train Loss: 6.3105, Validation Loss: 6.0994
Epoch 980/1000, Train Loss: 646.9108, Validation Loss: 6.1648
Epoch 981/1000, Train Loss: 6.2963, Validation Loss: 6.1605
Epoch 982/1000, Train Loss: 2028.0755, Validation Loss: 6.7186
Epoch 983/1000, Train Loss: 14.4838, Validation Loss: 6.1097
Epoch 984/1000, Train Loss: 2051.0233, Validation Loss: 6.1457
Epoch 985/1000, Train Loss: 6.2608, Validation Loss: 6.0678
Epoch 986/1000, Train Loss: 7.3119, Validation Loss: 6.5244
Epoch 987/1000, Train Loss: 188.1377, Validation Loss: 6.2142
Epoch 988/1000, Train Loss: 7.1525, Validation Loss: 6.2838
Epoch 989/1000, Train Loss: 145.5818, Validation Loss: 6.0696
Epoch 990/1000, Train Loss: 34.3585, Validation Loss: 6.0621
Epoch 991/1000, Train Loss: 111.2640, Validation Loss: 6.4517
Epoch 992/1000, Train Loss: 6.4713, Validation Loss: 7.3346
Epoch 993/1000, Train Loss: 6.4164, Validation Loss: 6.0627
Epoch 994/1000, Train Loss: 6.4328, Validation Loss: 6.1780
Epoch 995/1000, Train Loss: 6.3106, Validation Loss: 6.6395
Epoch 996/1000, Train Loss: 6.4368, Validation Loss: 6.0630
Epoch 997/1000, Train Loss: 7.0264, Validation Loss: 6.1651
Epoch 998/1000, Train Loss: 6.2526, Validation Loss: 6.5552
Epoch 999/1000, Train Loss: 6.7482, Validation Loss: 6.0669
Epoch 1000/1000, Train Loss: 1509.6272, Validation Loss: 6.0883
Best Training Loss: 1.0811
Best Training Loss Epoch: 801
Best Validation Loss: 0.8702
Best Validation Loss Epoch: 773
Time taken for training: 1-01:47:52
Test Loss: 0.8982
Test MAPE: 204209.8906%
Error Statistics:
count     41272.000000
mean        567.720825
std        7646.764648
min           0.000002
25%           0.192000
50%           2.574310
75%          39.842379
max      522092.781250
Name: Absolute Error, dtype: float64
Training complete. Final model saved.
Saving model as a wandb Artifact...
Model artifact logged successfully.
[1;34mwandb[0m: 
[1;34mwandb[0m: 🚀 View run [33mlegendary-sweep-16[0m at: [34mhttps://wandb.ai/mk8737-new-york-university/rl_pretrain_hp_sweeps/runs/h77deor6[0m
[1;34mwandb[0m: Find logs at: [1;35mwandb/run-20251126_203655-h77deor6/logs[0m
Agent finished.
