Waiting for sweep ID...
Found Sweep ID: dos27rz7
Starting wandb agent for sweep dos27rz7...
TRAINING DEVICE: cpu
Run Name: GIN_global_hp_sweep_global_dos27rz7-u36enrds
finidhed preparing data
Loading dataset from pretrain_dataset_12.5k_fixed_duplicates.pkl
Loaded 412712 data objects.
finished preparing data
Epoch 1/1000, Train Loss: 3.3930, Validation Loss: 2.0933
Epoch 2/1000, Train Loss: 1.3149, Validation Loss: 1.8722
Epoch 3/1000, Train Loss: 1.3850, Validation Loss: 1.3736
Epoch 4/1000, Train Loss: 1.1633, Validation Loss: 1.1563
Epoch 5/1000, Train Loss: 1.0976, Validation Loss: 4.0744
Epoch 6/1000, Train Loss: 1.0752, Validation Loss: 1.0909
Epoch 7/1000, Train Loss: 1.0484, Validation Loss: 1.5468
Epoch 8/1000, Train Loss: 1.0131, Validation Loss: 1.5920
Epoch 9/1000, Train Loss: 1.8505, Validation Loss: 0.9879
Epoch 10/1000, Train Loss: 13.8256, Validation Loss: 3.5363
Epoch 11/1000, Train Loss: 0.9640, Validation Loss: 1.0231
Epoch 12/1000, Train Loss: 0.9124, Validation Loss: 0.9120
Epoch 13/1000, Train Loss: 0.8994, Validation Loss: 0.7690
Epoch 14/1000, Train Loss: 0.8754, Validation Loss: 0.7965
Epoch 15/1000, Train Loss: 0.8949, Validation Loss: 1.7916
Epoch 16/1000, Train Loss: 0.9075, Validation Loss: 1.1434
Epoch 17/1000, Train Loss: 0.8340, Validation Loss: 1.4571
Epoch 18/1000, Train Loss: 0.9215, Validation Loss: 0.7694
Epoch 19/1000, Train Loss: 0.7863, Validation Loss: 0.7813
Epoch 20/1000, Train Loss: 1.5871, Validation Loss: 1.7306
Epoch 21/1000, Train Loss: 0.7979, Validation Loss: 1.2172
Epoch 22/1000, Train Loss: 3.4383, Validation Loss: 0.7536
Epoch 23/1000, Train Loss: 0.8342, Validation Loss: 1.4077
Epoch 24/1000, Train Loss: 0.8482, Validation Loss: 4.0316
Epoch 25/1000, Train Loss: 0.7607, Validation Loss: 0.8873
Epoch 26/1000, Train Loss: 0.8209, Validation Loss: 2.1883
Epoch 27/1000, Train Loss: 0.7538, Validation Loss: 1.3242
Epoch 28/1000, Train Loss: 0.7744, Validation Loss: 0.8146
Epoch 29/1000, Train Loss: 0.7477, Validation Loss: 1.5621
Epoch 30/1000, Train Loss: 0.7663, Validation Loss: 1.3134
Epoch 31/1000, Train Loss: 1.1648, Validation Loss: 1.5722
Epoch 32/1000, Train Loss: 0.6992, Validation Loss: 0.9204
Epoch 33/1000, Train Loss: 0.7655, Validation Loss: 0.8885
Epoch 34/1000, Train Loss: 0.7036, Validation Loss: 1.1958
Epoch 35/1000, Train Loss: 0.7214, Validation Loss: 1.1246
Epoch 36/1000, Train Loss: 0.7508, Validation Loss: 0.6068
Epoch 37/1000, Train Loss: 0.6869, Validation Loss: 0.6349
Epoch 38/1000, Train Loss: 0.7098, Validation Loss: 0.8129
Epoch 39/1000, Train Loss: 0.7429, Validation Loss: 0.9898
Epoch 40/1000, Train Loss: 0.7299, Validation Loss: 0.9404
Epoch 41/1000, Train Loss: 0.7250, Validation Loss: 1.5836
Epoch 42/1000, Train Loss: 0.7054, Validation Loss: 1.7025
Epoch 43/1000, Train Loss: 0.7363, Validation Loss: 2.0152
Epoch 44/1000, Train Loss: 0.7093, Validation Loss: 0.7819
Epoch 45/1000, Train Loss: 0.6992, Validation Loss: 0.8621
Epoch 46/1000, Train Loss: 5.9207, Validation Loss: 1.5667
Epoch 47/1000, Train Loss: 0.7152, Validation Loss: 0.8263
Epoch 48/1000, Train Loss: 0.7050, Validation Loss: 1.3695
Epoch 49/1000, Train Loss: 1.0748, Validation Loss: 1.3421
Epoch 50/1000, Train Loss: 0.6943, Validation Loss: 1.3810
Epoch 51/1000, Train Loss: 0.6713, Validation Loss: 0.8980
Epoch 52/1000, Train Loss: 0.6848, Validation Loss: 1.1203
Epoch 53/1000, Train Loss: 1.0905, Validation Loss: 0.7762
Epoch 54/1000, Train Loss: 0.8036, Validation Loss: 0.8570
Epoch 55/1000, Train Loss: 0.6817, Validation Loss: 1.6727
Epoch 56/1000, Train Loss: 0.6906, Validation Loss: 1.6314
Epoch 57/1000, Train Loss: 0.7059, Validation Loss: 0.6184
Epoch 58/1000, Train Loss: 0.6864, Validation Loss: 0.5913
Epoch 59/1000, Train Loss: 0.9072, Validation Loss: 1.0860
Epoch 60/1000, Train Loss: 0.6804, Validation Loss: 0.6564
Epoch 61/1000, Train Loss: 0.6888, Validation Loss: 0.9287
Epoch 62/1000, Train Loss: 0.6628, Validation Loss: 1.5086
Epoch 63/1000, Train Loss: 0.6799, Validation Loss: 0.8085
Epoch 64/1000, Train Loss: 0.6846, Validation Loss: 0.6307
Epoch 65/1000, Train Loss: 0.6781, Validation Loss: 1.7136
Epoch 66/1000, Train Loss: 0.6596, Validation Loss: 0.7985
Epoch 67/1000, Train Loss: 0.7618, Validation Loss: 0.7798
Epoch 68/1000, Train Loss: 0.6709, Validation Loss: 1.0283
Epoch 69/1000, Train Loss: 0.6634, Validation Loss: 0.9930
Epoch 70/1000, Train Loss: 0.6599, Validation Loss: 0.9359
Epoch 71/1000, Train Loss: 0.6595, Validation Loss: 0.7616
Epoch 72/1000, Train Loss: 0.6861, Validation Loss: 1.2487
Epoch 73/1000, Train Loss: 0.6624, Validation Loss: 1.2012
Epoch 74/1000, Train Loss: 0.6767, Validation Loss: 0.7274
Epoch 75/1000, Train Loss: 0.6638, Validation Loss: 2.5540
Epoch 76/1000, Train Loss: 0.8989, Validation Loss: 2.0370
Epoch 77/1000, Train Loss: 0.6696, Validation Loss: 1.3402
Epoch 78/1000, Train Loss: 0.6645, Validation Loss: 0.8293
Epoch 79/1000, Train Loss: 0.6935, Validation Loss: 0.8521
Epoch 80/1000, Train Loss: 0.6729, Validation Loss: 1.7883
Epoch 81/1000, Train Loss: 0.6560, Validation Loss: 1.4579
Epoch 82/1000, Train Loss: 0.6944, Validation Loss: 1.0352
Epoch 83/1000, Train Loss: 0.6545, Validation Loss: 1.0014
Epoch 84/1000, Train Loss: 0.6575, Validation Loss: 0.8118
Epoch 85/1000, Train Loss: 0.6552, Validation Loss: 0.6895
Epoch 86/1000, Train Loss: 0.6390, Validation Loss: 0.6754
Epoch 87/1000, Train Loss: 0.8657, Validation Loss: 0.7940
Epoch 88/1000, Train Loss: 0.6677, Validation Loss: 2.0612
Epoch 89/1000, Train Loss: 0.6624, Validation Loss: 1.4698
Epoch 90/1000, Train Loss: 0.6755, Validation Loss: 1.1548
Epoch 91/1000, Train Loss: 3.6077, Validation Loss: 0.7986
Epoch 92/1000, Train Loss: 0.6908, Validation Loss: 1.7253
Epoch 93/1000, Train Loss: 0.6704, Validation Loss: 1.3879
Epoch 94/1000, Train Loss: 0.6662, Validation Loss: 1.4843
Epoch 95/1000, Train Loss: 0.6649, Validation Loss: 1.2086
Epoch 96/1000, Train Loss: 0.6429, Validation Loss: 0.9342
Epoch 97/1000, Train Loss: 0.6430, Validation Loss: 1.1628
Epoch 98/1000, Train Loss: 0.6503, Validation Loss: 1.0788
Epoch 99/1000, Train Loss: 0.9216, Validation Loss: 1.0290
Epoch 100/1000, Train Loss: 0.6453, Validation Loss: 1.9131
Epoch 101/1000, Train Loss: 0.6529, Validation Loss: 1.4397
Epoch 102/1000, Train Loss: 0.6477, Validation Loss: 0.7669
Epoch 103/1000, Train Loss: 0.6419, Validation Loss: 1.5070
Epoch 104/1000, Train Loss: 0.6735, Validation Loss: 0.9241
Epoch 105/1000, Train Loss: 0.6765, Validation Loss: 1.1853
Epoch 106/1000, Train Loss: 0.6522, Validation Loss: 2.2029
Epoch 107/1000, Train Loss: 0.6439, Validation Loss: 1.1129
Epoch 108/1000, Train Loss: 0.6361, Validation Loss: 1.0491
Epoch 109/1000, Train Loss: 0.6389, Validation Loss: 1.0245
Epoch 110/1000, Train Loss: 0.6637, Validation Loss: 1.3528
Epoch 111/1000, Train Loss: 0.6615, Validation Loss: 0.6643
Epoch 112/1000, Train Loss: 0.6682, Validation Loss: 1.0097
Epoch 113/1000, Train Loss: 0.6391, Validation Loss: 0.7669
Epoch 114/1000, Train Loss: 0.6351, Validation Loss: 0.8288
Epoch 115/1000, Train Loss: 0.9597, Validation Loss: 1.6997
Epoch 116/1000, Train Loss: 0.6304, Validation Loss: 1.7072
Epoch 117/1000, Train Loss: 0.6258, Validation Loss: 2.4766
Epoch 118/1000, Train Loss: 0.6426, Validation Loss: 1.3057
Epoch 119/1000, Train Loss: 0.6453, Validation Loss: 0.7732
Epoch 120/1000, Train Loss: 0.6689, Validation Loss: 2.0126
Epoch 121/1000, Train Loss: 0.6598, Validation Loss: 0.6931
Epoch 122/1000, Train Loss: 0.6454, Validation Loss: 2.3299
Epoch 123/1000, Train Loss: 0.8077, Validation Loss: 1.1025
Epoch 124/1000, Train Loss: 0.6590, Validation Loss: 2.4615
Epoch 125/1000, Train Loss: 0.6454, Validation Loss: 1.5188
Epoch 126/1000, Train Loss: 0.6391, Validation Loss: 0.7698
Epoch 127/1000, Train Loss: 0.6416, Validation Loss: 0.8449
Epoch 128/1000, Train Loss: 0.6466, Validation Loss: 1.0442
Epoch 129/1000, Train Loss: 0.6384, Validation Loss: 1.2399
Epoch 130/1000, Train Loss: 0.6393, Validation Loss: 0.5919
Epoch 131/1000, Train Loss: 0.6333, Validation Loss: 0.9783
Epoch 132/1000, Train Loss: 0.7362, Validation Loss: 0.9816
Epoch 133/1000, Train Loss: 0.6551, Validation Loss: 0.8541
Epoch 134/1000, Train Loss: 0.6396, Validation Loss: 1.5909
Epoch 135/1000, Train Loss: 0.6711, Validation Loss: 1.4418
Epoch 136/1000, Train Loss: 0.6328, Validation Loss: 1.8371
Epoch 137/1000, Train Loss: 0.6394, Validation Loss: 0.7248
Epoch 138/1000, Train Loss: 0.6311, Validation Loss: 0.7590
Epoch 139/1000, Train Loss: 0.6387, Validation Loss: 1.3490
Epoch 140/1000, Train Loss: 0.8390, Validation Loss: 1.3876
Epoch 141/1000, Train Loss: 0.6479, Validation Loss: 1.0969
Epoch 142/1000, Train Loss: 0.6439, Validation Loss: 0.9215
Epoch 143/1000, Train Loss: 0.6387, Validation Loss: 0.6666
Epoch 144/1000, Train Loss: 0.6180, Validation Loss: 0.7432
Epoch 145/1000, Train Loss: 0.6190, Validation Loss: 1.4525
Epoch 146/1000, Train Loss: 0.6493, Validation Loss: 0.7084
Epoch 147/1000, Train Loss: 0.6270, Validation Loss: 1.2644
Epoch 148/1000, Train Loss: 0.6219, Validation Loss: 0.8774
Epoch 149/1000, Train Loss: 0.6994, Validation Loss: 1.0586
Epoch 150/1000, Train Loss: 0.6201, Validation Loss: 3.5992
Epoch 151/1000, Train Loss: 0.6420, Validation Loss: 2.5345
Epoch 152/1000, Train Loss: 0.6273, Validation Loss: 0.8160
Epoch 153/1000, Train Loss: 0.6220, Validation Loss: 1.9960
Epoch 154/1000, Train Loss: 0.6174, Validation Loss: 0.8277
Epoch 155/1000, Train Loss: 0.6169, Validation Loss: 1.3715
Epoch 156/1000, Train Loss: 0.6775, Validation Loss: 0.7742
Epoch 157/1000, Train Loss: 0.6327, Validation Loss: 0.8692
Epoch 158/1000, Train Loss: 0.6242, Validation Loss: 1.1645
Epoch 159/1000, Train Loss: 0.6302, Validation Loss: 1.0142
Epoch 160/1000, Train Loss: 0.6289, Validation Loss: 0.8709
Epoch 161/1000, Train Loss: 0.6117, Validation Loss: 3.2122
Epoch 162/1000, Train Loss: 0.6163, Validation Loss: 0.7377
Epoch 163/1000, Train Loss: 0.6238, Validation Loss: 1.3564
Epoch 164/1000, Train Loss: 0.6108, Validation Loss: 1.5747
Epoch 165/1000, Train Loss: 0.6663, Validation Loss: 2.5598
Epoch 166/1000, Train Loss: 0.6091, Validation Loss: 1.9351
Epoch 167/1000, Train Loss: 0.6296, Validation Loss: 1.4491
Epoch 168/1000, Train Loss: 4.7007, Validation Loss: 4.4019
Epoch 169/1000, Train Loss: 0.6416, Validation Loss: 1.2664
Epoch 170/1000, Train Loss: 0.6190, Validation Loss: 0.6738
Epoch 171/1000, Train Loss: 0.6188, Validation Loss: 0.8874
Epoch 172/1000, Train Loss: 0.6159, Validation Loss: 2.0678
Epoch 173/1000, Train Loss: 0.6262, Validation Loss: 1.3557
Epoch 174/1000, Train Loss: 0.6367, Validation Loss: 0.6513
Epoch 175/1000, Train Loss: 0.6225, Validation Loss: 2.6451
Epoch 176/1000, Train Loss: 0.6317, Validation Loss: 1.1125
Epoch 177/1000, Train Loss: 0.6153, Validation Loss: 1.0459
Epoch 178/1000, Train Loss: 0.6201, Validation Loss: 1.3383
Epoch 179/1000, Train Loss: 0.6075, Validation Loss: 1.0761
Epoch 180/1000, Train Loss: 0.6160, Validation Loss: 2.0072
Epoch 181/1000, Train Loss: 0.6021, Validation Loss: 2.0492
Epoch 182/1000, Train Loss: 0.6087, Validation Loss: 0.6743
Epoch 183/1000, Train Loss: 0.6086, Validation Loss: 0.9194
Epoch 184/1000, Train Loss: 26.6910, Validation Loss: 5.9583
Epoch 185/1000, Train Loss: 0.6336, Validation Loss: 2.1333
Epoch 186/1000, Train Loss: 0.6206, Validation Loss: 0.8695
Epoch 187/1000, Train Loss: 0.6124, Validation Loss: 2.0013
Epoch 188/1000, Train Loss: 0.6138, Validation Loss: 1.4790
Epoch 189/1000, Train Loss: 0.6330, Validation Loss: 1.9667
Epoch 190/1000, Train Loss: 0.6572, Validation Loss: 1.5224
Epoch 191/1000, Train Loss: 0.6054, Validation Loss: 1.3061
Epoch 192/1000, Train Loss: 0.6068, Validation Loss: 3.4360
Epoch 193/1000, Train Loss: 0.6108, Validation Loss: 1.1555
Epoch 194/1000, Train Loss: 0.6281, Validation Loss: 1.2910
Epoch 195/1000, Train Loss: 0.6139, Validation Loss: 0.7251
Epoch 196/1000, Train Loss: 0.6075, Validation Loss: 0.6433
Epoch 197/1000, Train Loss: 0.6028, Validation Loss: 18.1080
Epoch 198/1000, Train Loss: 0.6206, Validation Loss: 1.6232
Epoch 199/1000, Train Loss: 0.7408, Validation Loss: 1.2711
Epoch 200/1000, Train Loss: 0.6512, Validation Loss: 1.7078
Epoch 201/1000, Train Loss: 0.6205, Validation Loss: 0.8823
Epoch 202/1000, Train Loss: 0.6046, Validation Loss: 1.1590
Epoch 203/1000, Train Loss: 0.5942, Validation Loss: 3.7100
Epoch 204/1000, Train Loss: 0.6035, Validation Loss: 0.7200
Epoch 205/1000, Train Loss: 0.6185, Validation Loss: 0.8612
Epoch 206/1000, Train Loss: 0.6015, Validation Loss: 0.8272
Epoch 207/1000, Train Loss: 0.6470, Validation Loss: 0.9672
Epoch 208/1000, Train Loss: 0.5931, Validation Loss: 0.9808
Epoch 209/1000, Train Loss: 0.6005, Validation Loss: 0.6971
Epoch 210/1000, Train Loss: 0.6050, Validation Loss: 1.0780
Epoch 211/1000, Train Loss: 0.6323, Validation Loss: 0.6593
Epoch 212/1000, Train Loss: 0.6060, Validation Loss: 0.7875
Epoch 213/1000, Train Loss: 0.5947, Validation Loss: 2.2882
Epoch 214/1000, Train Loss: 0.5931, Validation Loss: 0.5685
Epoch 215/1000, Train Loss: 0.6616, Validation Loss: 1.3350
Epoch 216/1000, Train Loss: 0.6189, Validation Loss: 1.3100
Epoch 217/1000, Train Loss: 0.6063, Validation Loss: 1.5416
Epoch 218/1000, Train Loss: 0.6012, Validation Loss: 2.3519
Epoch 219/1000, Train Loss: 0.6050, Validation Loss: 2.0954
Epoch 220/1000, Train Loss: 0.6346, Validation Loss: 1.5325
Epoch 221/1000, Train Loss: 0.6104, Validation Loss: 0.8457
Epoch 222/1000, Train Loss: 0.6148, Validation Loss: 1.2659
Epoch 223/1000, Train Loss: 0.6094, Validation Loss: 2.1915
Epoch 224/1000, Train Loss: 0.6101, Validation Loss: 0.9816
Epoch 225/1000, Train Loss: 0.6149, Validation Loss: 6.5683
Epoch 226/1000, Train Loss: 0.6622, Validation Loss: 0.7636
Epoch 227/1000, Train Loss: 0.6106, Validation Loss: 1.6757
Epoch 228/1000, Train Loss: 0.6069, Validation Loss: 0.7903
Epoch 229/1000, Train Loss: 0.5915, Validation Loss: 0.8603
Epoch 230/1000, Train Loss: 0.6448, Validation Loss: 1.4568
Epoch 231/1000, Train Loss: 0.6058, Validation Loss: 0.9167
Epoch 232/1000, Train Loss: 0.5965, Validation Loss: 1.3282
Epoch 233/1000, Train Loss: 0.6228, Validation Loss: 1.8331
Epoch 234/1000, Train Loss: 0.5920, Validation Loss: 0.6641
Epoch 235/1000, Train Loss: 0.6856, Validation Loss: 1.2479
Epoch 236/1000, Train Loss: 0.6164, Validation Loss: 1.2755
Epoch 237/1000, Train Loss: 0.6036, Validation Loss: 0.8711
Epoch 238/1000, Train Loss: 0.5856, Validation Loss: 1.0255
Epoch 239/1000, Train Loss: 0.6064, Validation Loss: 1.0173
Epoch 240/1000, Train Loss: 0.6126, Validation Loss: 1.5332
Epoch 241/1000, Train Loss: 0.5960, Validation Loss: 0.9416
Epoch 242/1000, Train Loss: 0.5967, Validation Loss: 0.6357
Epoch 243/1000, Train Loss: 0.6084, Validation Loss: 1.3704
Epoch 244/1000, Train Loss: 0.6025, Validation Loss: 1.2237
Epoch 245/1000, Train Loss: 0.5966, Validation Loss: 2.8663
Epoch 246/1000, Train Loss: 0.6766, Validation Loss: 0.9987
Epoch 247/1000, Train Loss: 0.5912, Validation Loss: 0.8077
Epoch 248/1000, Train Loss: 0.6107, Validation Loss: 3.3912
Epoch 249/1000, Train Loss: 0.5965, Validation Loss: 1.5941
Epoch 250/1000, Train Loss: 0.5907, Validation Loss: 1.0949
Epoch 251/1000, Train Loss: 2.3462, Validation Loss: 0.6951
Epoch 252/1000, Train Loss: 0.6314, Validation Loss: 1.3971
Epoch 253/1000, Train Loss: 0.6091, Validation Loss: 1.7467
Epoch 254/1000, Train Loss: 0.6023, Validation Loss: 1.3668
Epoch 255/1000, Train Loss: 0.6174, Validation Loss: 1.2543
Epoch 256/1000, Train Loss: 0.6243, Validation Loss: 0.7757
Epoch 257/1000, Train Loss: 0.6320, Validation Loss: 0.9793
Epoch 258/1000, Train Loss: 0.6145, Validation Loss: 3.0096
Epoch 259/1000, Train Loss: 0.6030, Validation Loss: 1.3273
Epoch 260/1000, Train Loss: 0.6135, Validation Loss: 1.6229
Epoch 261/1000, Train Loss: 0.5865, Validation Loss: 0.7427
Epoch 262/1000, Train Loss: 0.6351, Validation Loss: 0.6164
Epoch 263/1000, Train Loss: 0.5864, Validation Loss: 1.4255
Epoch 264/1000, Train Loss: 0.5990, Validation Loss: 1.3787
Epoch 265/1000, Train Loss: 0.6064, Validation Loss: 0.6553
Epoch 266/1000, Train Loss: 0.5786, Validation Loss: 1.0097
Epoch 267/1000, Train Loss: 0.6779, Validation Loss: 0.6503
Epoch 268/1000, Train Loss: 0.6083, Validation Loss: 1.6381
Epoch 269/1000, Train Loss: 0.5973, Validation Loss: 1.2768
Epoch 270/1000, Train Loss: 0.6011, Validation Loss: 1.2055
Epoch 271/1000, Train Loss: 0.6698, Validation Loss: 1.1835
Epoch 272/1000, Train Loss: 0.6200, Validation Loss: 1.5803
Epoch 273/1000, Train Loss: 0.5892, Validation Loss: 0.5302
Epoch 274/1000, Train Loss: 0.6176, Validation Loss: 2.3058
Epoch 275/1000, Train Loss: 0.6064, Validation Loss: 3.0581
Epoch 276/1000, Train Loss: 0.6250, Validation Loss: 0.7827
Epoch 277/1000, Train Loss: 0.5821, Validation Loss: 0.7311
Epoch 278/1000, Train Loss: 0.5879, Validation Loss: 2.7312
Epoch 279/1000, Train Loss: 0.5895, Validation Loss: 0.6623
Epoch 280/1000, Train Loss: 0.6255, Validation Loss: 2.1773
Epoch 281/1000, Train Loss: 0.5830, Validation Loss: 1.2862
Epoch 282/1000, Train Loss: 0.6155, Validation Loss: 0.7488
Epoch 283/1000, Train Loss: 0.6098, Validation Loss: 2.5472
Epoch 284/1000, Train Loss: 0.5771, Validation Loss: 1.5155
Epoch 285/1000, Train Loss: 0.6037, Validation Loss: 4.0025
Epoch 286/1000, Train Loss: 0.6024, Validation Loss: 0.9710
Epoch 287/1000, Train Loss: 0.5812, Validation Loss: 0.8117
Epoch 288/1000, Train Loss: 0.6767, Validation Loss: 1.2627
Epoch 289/1000, Train Loss: 0.6057, Validation Loss: 1.2828
Epoch 290/1000, Train Loss: 0.5948, Validation Loss: 0.7764
Epoch 291/1000, Train Loss: 0.5969, Validation Loss: 2.9149
Epoch 292/1000, Train Loss: 0.6081, Validation Loss: 0.6370
Epoch 293/1000, Train Loss: 0.5878, Validation Loss: 1.5609
Epoch 294/1000, Train Loss: 0.6061, Validation Loss: 0.7430
Epoch 295/1000, Train Loss: 1.6405, Validation Loss: 0.7231
Epoch 296/1000, Train Loss: 0.5883, Validation Loss: 1.0319
Epoch 297/1000, Train Loss: 0.5937, Validation Loss: 1.2334
Epoch 298/1000, Train Loss: 0.5973, Validation Loss: 0.8148
Epoch 299/1000, Train Loss: 0.6138, Validation Loss: 1.9856
Epoch 300/1000, Train Loss: 0.5905, Validation Loss: 1.4516
Epoch 301/1000, Train Loss: 0.5822, Validation Loss: 1.1955
Epoch 302/1000, Train Loss: 0.5888, Validation Loss: 1.3567
Epoch 303/1000, Train Loss: 0.7528, Validation Loss: 1.3939
Epoch 304/1000, Train Loss: 0.5968, Validation Loss: 1.0580
Epoch 305/1000, Train Loss: 0.5943, Validation Loss: 1.6967
Epoch 306/1000, Train Loss: 0.5926, Validation Loss: 0.7193
Epoch 307/1000, Train Loss: 0.5832, Validation Loss: 1.7895
Epoch 308/1000, Train Loss: 0.5879, Validation Loss: 1.7030
Epoch 309/1000, Train Loss: 0.5964, Validation Loss: 1.8252
Epoch 310/1000, Train Loss: 0.5926, Validation Loss: 1.2370
Epoch 311/1000, Train Loss: 0.6053, Validation Loss: 0.6267
Epoch 312/1000, Train Loss: 0.5855, Validation Loss: 0.7123
Epoch 313/1000, Train Loss: 0.6136, Validation Loss: 2.5032
Epoch 314/1000, Train Loss: 0.5795, Validation Loss: 2.7296
Epoch 315/1000, Train Loss: 0.6108, Validation Loss: 6.4844
Epoch 316/1000, Train Loss: 0.5907, Validation Loss: 3.6000
Epoch 317/1000, Train Loss: 0.5811, Validation Loss: 1.1796
Epoch 318/1000, Train Loss: 0.6352, Validation Loss: 0.8668
Epoch 319/1000, Train Loss: 0.6231, Validation Loss: 1.4815
Epoch 320/1000, Train Loss: 0.5991, Validation Loss: 1.7582
Epoch 321/1000, Train Loss: 0.5980, Validation Loss: 1.4279
Epoch 322/1000, Train Loss: 0.6059, Validation Loss: 1.1201
Epoch 323/1000, Train Loss: 0.5985, Validation Loss: 1.3633
Epoch 324/1000, Train Loss: 0.5961, Validation Loss: 0.9581
Epoch 325/1000, Train Loss: 0.5894, Validation Loss: 2.0375
Epoch 326/1000, Train Loss: 0.6753, Validation Loss: 0.7958
Epoch 327/1000, Train Loss: 0.6179, Validation Loss: 0.7280
Epoch 328/1000, Train Loss: 0.5995, Validation Loss: 1.1026
Epoch 329/1000, Train Loss: 0.5939, Validation Loss: 1.6401
Epoch 330/1000, Train Loss: 0.5912, Validation Loss: 2.0304
Epoch 331/1000, Train Loss: 0.6145, Validation Loss: 0.9498
Epoch 332/1000, Train Loss: 0.6011, Validation Loss: 1.8477
Epoch 333/1000, Train Loss: 0.5849, Validation Loss: 1.2421
Epoch 334/1000, Train Loss: 0.6039, Validation Loss: 3.7837
Epoch 335/1000, Train Loss: 0.5828, Validation Loss: 0.6593
Epoch 336/1000, Train Loss: 0.5946, Validation Loss: 0.6630
Epoch 337/1000, Train Loss: 0.6016, Validation Loss: 1.7553
Epoch 338/1000, Train Loss: 0.6109, Validation Loss: 0.7484
Epoch 339/1000, Train Loss: 0.5929, Validation Loss: 1.3892
Epoch 340/1000, Train Loss: 0.6085, Validation Loss: 2.0037
Epoch 341/1000, Train Loss: 0.5889, Validation Loss: 1.4772
Epoch 342/1000, Train Loss: 0.5918, Validation Loss: 0.9602
Epoch 343/1000, Train Loss: 0.6074, Validation Loss: 2.3479
Epoch 344/1000, Train Loss: 0.7297, Validation Loss: 1.0413
Epoch 345/1000, Train Loss: 0.6231, Validation Loss: 2.3185
Epoch 346/1000, Train Loss: 0.6053, Validation Loss: 0.8506
Epoch 347/1000, Train Loss: 0.6090, Validation Loss: 0.9769
Epoch 348/1000, Train Loss: 0.5837, Validation Loss: 3.0857
Epoch 349/1000, Train Loss: 0.5962, Validation Loss: 1.2250
Epoch 350/1000, Train Loss: 0.5776, Validation Loss: 1.0017
Epoch 351/1000, Train Loss: 0.6699, Validation Loss: 0.9510
Epoch 352/1000, Train Loss: 0.5901, Validation Loss: 1.0669
Epoch 353/1000, Train Loss: 0.5806, Validation Loss: 1.0027
Epoch 354/1000, Train Loss: 0.5856, Validation Loss: 0.9922
Epoch 355/1000, Train Loss: 0.6248, Validation Loss: 1.2724
Epoch 356/1000, Train Loss: 0.5920, Validation Loss: 0.7744
Epoch 357/1000, Train Loss: 0.6112, Validation Loss: 0.9584
Epoch 358/1000, Train Loss: 1.0028, Validation Loss: 0.9047
Epoch 359/1000, Train Loss: 0.5911, Validation Loss: 1.4765
Epoch 360/1000, Train Loss: 0.5833, Validation Loss: 2.8092
Epoch 361/1000, Train Loss: 0.5749, Validation Loss: 1.0720
Epoch 362/1000, Train Loss: 0.5976, Validation Loss: 1.1583
Epoch 363/1000, Train Loss: 0.6145, Validation Loss: 1.5306
Epoch 364/1000, Train Loss: 0.5915, Validation Loss: 2.7309
Epoch 365/1000, Train Loss: 0.5931, Validation Loss: 1.9701
Epoch 366/1000, Train Loss: 0.5784, Validation Loss: 0.9496
Epoch 367/1000, Train Loss: 0.6370, Validation Loss: 1.6932
Epoch 368/1000, Train Loss: 0.6102, Validation Loss: 1.7011
Epoch 369/1000, Train Loss: 0.6019, Validation Loss: 1.2922
Epoch 370/1000, Train Loss: 0.5947, Validation Loss: 1.2770
Epoch 371/1000, Train Loss: 0.6173, Validation Loss: 23.1536
Epoch 372/1000, Train Loss: 0.6306, Validation Loss: 1.9807
Epoch 373/1000, Train Loss: 0.5925, Validation Loss: 0.7314
Epoch 374/1000, Train Loss: 0.5893, Validation Loss: 1.3928
Epoch 375/1000, Train Loss: 0.6057, Validation Loss: 0.6526
Epoch 376/1000, Train Loss: 0.6052, Validation Loss: 1.1236
Epoch 377/1000, Train Loss: 0.5810, Validation Loss: 2.0033
Epoch 378/1000, Train Loss: 0.5926, Validation Loss: 2.7152
Epoch 379/1000, Train Loss: 0.5805, Validation Loss: 0.9832
Epoch 380/1000, Train Loss: 0.6205, Validation Loss: 0.5943
Epoch 381/1000, Train Loss: 0.5889, Validation Loss: 2.3333
Epoch 382/1000, Train Loss: 0.5903, Validation Loss: 1.6992
Epoch 383/1000, Train Loss: 0.6032, Validation Loss: 0.7373
Epoch 384/1000, Train Loss: 0.5956, Validation Loss: 0.9868
Epoch 385/1000, Train Loss: 0.5902, Validation Loss: 0.8110
Epoch 386/1000, Train Loss: 0.5781, Validation Loss: 1.6633
Epoch 387/1000, Train Loss: 0.6046, Validation Loss: 1.3817
Epoch 388/1000, Train Loss: 0.6028, Validation Loss: 1.3125
Epoch 389/1000, Train Loss: 0.6144, Validation Loss: 2.1635
Epoch 390/1000, Train Loss: 0.5974, Validation Loss: 2.6140
Epoch 391/1000, Train Loss: 0.5813, Validation Loss: 0.6625
Epoch 392/1000, Train Loss: 0.5857, Validation Loss: 2.0977
Epoch 393/1000, Train Loss: 0.5841, Validation Loss: 1.1333
Epoch 394/1000, Train Loss: 0.5748, Validation Loss: 0.6132
Epoch 395/1000, Train Loss: 0.6360, Validation Loss: 1.6819
Epoch 396/1000, Train Loss: 0.5854, Validation Loss: 1.9557
Epoch 397/1000, Train Loss: 0.5920, Validation Loss: 1.1168
Epoch 398/1000, Train Loss: 0.5933, Validation Loss: 1.4000
Epoch 399/1000, Train Loss: 0.5953, Validation Loss: 1.6642
Epoch 400/1000, Train Loss: 0.5966, Validation Loss: 2.5671
Epoch 401/1000, Train Loss: 0.5970, Validation Loss: 2.5788
Epoch 402/1000, Train Loss: 0.6182, Validation Loss: 1.3959
Epoch 403/1000, Train Loss: 0.5951, Validation Loss: 1.9370
Epoch 404/1000, Train Loss: 0.5850, Validation Loss: 0.6469
Epoch 405/1000, Train Loss: 0.5836, Validation Loss: 0.9819
Epoch 406/1000, Train Loss: 0.5989, Validation Loss: 1.7858
Epoch 407/1000, Train Loss: 0.6300, Validation Loss: 1.8976
Epoch 408/1000, Train Loss: 0.6147, Validation Loss: 2.5719
Epoch 409/1000, Train Loss: 0.5944, Validation Loss: 1.3295
Epoch 410/1000, Train Loss: 0.5918, Validation Loss: 0.9364
Epoch 411/1000, Train Loss: 0.5878, Validation Loss: 0.6092
Epoch 412/1000, Train Loss: 0.5798, Validation Loss: 1.4156
Epoch 413/1000, Train Loss: 0.5944, Validation Loss: 1.3803
Epoch 414/1000, Train Loss: 0.6176, Validation Loss: 3.4474
Epoch 415/1000, Train Loss: 0.5790, Validation Loss: 2.9422
Epoch 416/1000, Train Loss: 0.5861, Validation Loss: 0.6267
Epoch 417/1000, Train Loss: 0.5884, Validation Loss: 0.8358
Epoch 418/1000, Train Loss: 0.5895, Validation Loss: 0.8083
Epoch 419/1000, Train Loss: 0.5999, Validation Loss: 1.5382
Epoch 420/1000, Train Loss: 0.6247, Validation Loss: 0.6381
Epoch 421/1000, Train Loss: 0.5715, Validation Loss: 2.1596
Epoch 422/1000, Train Loss: 0.5706, Validation Loss: 3.1914
Epoch 423/1000, Train Loss: 0.5915, Validation Loss: 1.5761
Epoch 424/1000, Train Loss: 0.5950, Validation Loss: 1.7020
Epoch 425/1000, Train Loss: 0.5982, Validation Loss: 1.8055
Epoch 426/1000, Train Loss: 0.5859, Validation Loss: 0.9168
Epoch 427/1000, Train Loss: 0.6039, Validation Loss: 1.4326
Epoch 428/1000, Train Loss: 0.5871, Validation Loss: 1.2062
Epoch 429/1000, Train Loss: 0.5738, Validation Loss: 2.7463
Epoch 430/1000, Train Loss: 0.5985, Validation Loss: 2.0488
Epoch 431/1000, Train Loss: 0.5939, Validation Loss: 1.4808
Epoch 432/1000, Train Loss: 0.5864, Validation Loss: 0.5658
Epoch 433/1000, Train Loss: 0.5785, Validation Loss: 1.8954
Epoch 434/1000, Train Loss: 0.5915, Validation Loss: 0.9113
Epoch 435/1000, Train Loss: 0.5705, Validation Loss: 1.0581
Epoch 436/1000, Train Loss: 0.5694, Validation Loss: 1.3958
Epoch 437/1000, Train Loss: 0.5700, Validation Loss: 2.2883
Epoch 438/1000, Train Loss: 669.5076, Validation Loss: 1.3016
Epoch 439/1000, Train Loss: 0.6110, Validation Loss: 1.5440
Epoch 440/1000, Train Loss: 0.5881, Validation Loss: 1.3614
Epoch 441/1000, Train Loss: 0.5941, Validation Loss: 0.5738
Epoch 442/1000, Train Loss: 0.6099, Validation Loss: 0.9590
Epoch 443/1000, Train Loss: 0.5918, Validation Loss: 1.7737
Epoch 444/1000, Train Loss: 0.6116, Validation Loss: 1.1118
Epoch 445/1000, Train Loss: 0.5996, Validation Loss: 1.5733
Epoch 446/1000, Train Loss: 0.7079, Validation Loss: 1.4710
Epoch 447/1000, Train Loss: 0.5850, Validation Loss: 1.5573
Epoch 448/1000, Train Loss: 0.5875, Validation Loss: 1.4260
Epoch 449/1000, Train Loss: 0.5939, Validation Loss: 0.6293
Epoch 450/1000, Train Loss: 0.5866, Validation Loss: 1.4890
Epoch 451/1000, Train Loss: 4.6885, Validation Loss: 0.9854
Epoch 452/1000, Train Loss: 0.5701, Validation Loss: 1.8457
Epoch 453/1000, Train Loss: 0.5957, Validation Loss: 1.1408
Epoch 454/1000, Train Loss: 0.6101, Validation Loss: 1.3738
Epoch 455/1000, Train Loss: 0.5986, Validation Loss: 1.0290
Epoch 456/1000, Train Loss: 0.5804, Validation Loss: 1.4162
Epoch 457/1000, Train Loss: 0.5945, Validation Loss: 2.4417
Epoch 458/1000, Train Loss: 0.5962, Validation Loss: 0.5715
Epoch 459/1000, Train Loss: 0.5987, Validation Loss: 0.9839
Epoch 460/1000, Train Loss: 0.6034, Validation Loss: 1.0644
Epoch 461/1000, Train Loss: 0.5766, Validation Loss: 4.3864
Epoch 462/1000, Train Loss: 0.5860, Validation Loss: 1.0825
Epoch 463/1000, Train Loss: 0.5832, Validation Loss: 6.9957
Epoch 464/1000, Train Loss: 0.6605, Validation Loss: 1.5460
Epoch 465/1000, Train Loss: 0.6083, Validation Loss: 1.4657
Epoch 466/1000, Train Loss: 0.5831, Validation Loss: 0.6539
Epoch 467/1000, Train Loss: 0.6074, Validation Loss: 0.7097
Epoch 468/1000, Train Loss: 0.5768, Validation Loss: 0.5844
Epoch 469/1000, Train Loss: 0.5745, Validation Loss: 0.7331
Epoch 470/1000, Train Loss: 0.6048, Validation Loss: 1.1270
Epoch 471/1000, Train Loss: 0.5809, Validation Loss: 3.7871
Epoch 472/1000, Train Loss: 0.5794, Validation Loss: 0.6772
Epoch 473/1000, Train Loss: 0.5991, Validation Loss: 0.5720
Epoch 474/1000, Train Loss: 0.5921, Validation Loss: 1.8195
Epoch 475/1000, Train Loss: 0.5827, Validation Loss: 1.9961
Epoch 476/1000, Train Loss: 0.6206, Validation Loss: 1.3380
Epoch 477/1000, Train Loss: 0.5793, Validation Loss: 0.8296
Epoch 478/1000, Train Loss: 0.6825, Validation Loss: 0.7225
Epoch 479/1000, Train Loss: 0.5678, Validation Loss: 1.2433
Epoch 480/1000, Train Loss: 0.5711, Validation Loss: 0.7602
Epoch 481/1000, Train Loss: 0.5908, Validation Loss: 2.1822
Epoch 482/1000, Train Loss: 0.6507, Validation Loss: 1.5700
Epoch 483/1000, Train Loss: 0.5883, Validation Loss: 0.9290
Epoch 484/1000, Train Loss: 0.6055, Validation Loss: 1.1864
Epoch 485/1000, Train Loss: 0.5880, Validation Loss: 0.8242
Epoch 486/1000, Train Loss: 0.5822, Validation Loss: 2.6581
Epoch 487/1000, Train Loss: 0.5972, Validation Loss: 1.1103
Epoch 488/1000, Train Loss: 0.8595, Validation Loss: 0.6426
Epoch 489/1000, Train Loss: 0.5752, Validation Loss: 1.3398
Epoch 490/1000, Train Loss: 0.5820, Validation Loss: 1.4442
Epoch 491/1000, Train Loss: 0.5751, Validation Loss: 1.8014
Epoch 492/1000, Train Loss: 0.7019, Validation Loss: 1.6629
Epoch 493/1000, Train Loss: 0.5807, Validation Loss: 0.9233
Epoch 494/1000, Train Loss: 0.5766, Validation Loss: 2.2268
Epoch 495/1000, Train Loss: 0.5783, Validation Loss: 0.5527
Epoch 496/1000, Train Loss: 0.6021, Validation Loss: 1.0426
Epoch 497/1000, Train Loss: 0.5815, Validation Loss: 0.6773
Epoch 498/1000, Train Loss: 0.5915, Validation Loss: 6.6021
Epoch 499/1000, Train Loss: 0.6147, Validation Loss: 2.5586
Epoch 500/1000, Train Loss: 0.5935, Validation Loss: 2.3922
Epoch 501/1000, Train Loss: 0.5737, Validation Loss: 1.2796
Epoch 502/1000, Train Loss: 0.5782, Validation Loss: 0.6341
Epoch 503/1000, Train Loss: 0.7836, Validation Loss: 1.8595
Epoch 504/1000, Train Loss: 0.6057, Validation Loss: 1.0092
Epoch 505/1000, Train Loss: 0.6032, Validation Loss: 1.1967
Epoch 506/1000, Train Loss: 0.5963, Validation Loss: 1.4961
Epoch 507/1000, Train Loss: 0.5670, Validation Loss: 0.5888
Epoch 508/1000, Train Loss: 0.5845, Validation Loss: 3.8828
Epoch 509/1000, Train Loss: 0.5950, Validation Loss: 1.2189
Epoch 510/1000, Train Loss: 0.5860, Validation Loss: 1.7243
Epoch 511/1000, Train Loss: 0.5853, Validation Loss: 4.0985
Epoch 512/1000, Train Loss: 0.5740, Validation Loss: 1.4589
Epoch 513/1000, Train Loss: 0.6083, Validation Loss: 1.1812
Epoch 514/1000, Train Loss: 0.5736, Validation Loss: 0.6200
Epoch 515/1000, Train Loss: 0.6114, Validation Loss: 1.5970
Epoch 516/1000, Train Loss: 0.7539, Validation Loss: 1.3272
Epoch 517/1000, Train Loss: 0.6009, Validation Loss: 4.3499
Epoch 518/1000, Train Loss: 0.5824, Validation Loss: 0.6452
Epoch 519/1000, Train Loss: 0.5881, Validation Loss: 1.0829
Epoch 520/1000, Train Loss: 0.5887, Validation Loss: 2.5061
Epoch 521/1000, Train Loss: 0.5683, Validation Loss: 0.7370
Epoch 522/1000, Train Loss: 0.6384, Validation Loss: 0.6615
Epoch 523/1000, Train Loss: 0.5836, Validation Loss: 1.2223
Epoch 524/1000, Train Loss: 0.5834, Validation Loss: 1.1772
Epoch 525/1000, Train Loss: 0.5654, Validation Loss: 3.2708
Epoch 526/1000, Train Loss: 1.5791, Validation Loss: 1.6769
Epoch 527/1000, Train Loss: 0.5857, Validation Loss: 2.3140
Epoch 528/1000, Train Loss: 0.5847, Validation Loss: 2.5289
Epoch 529/1000, Train Loss: 8.0000, Validation Loss: 1.2333
Epoch 530/1000, Train Loss: 0.5758, Validation Loss: 2.2007
Epoch 531/1000, Train Loss: 0.5851, Validation Loss: 2.9045
Epoch 532/1000, Train Loss: 0.6038, Validation Loss: 1.6717
Epoch 533/1000, Train Loss: 0.6055, Validation Loss: 0.9770
Epoch 534/1000, Train Loss: 0.5842, Validation Loss: 0.8426
Epoch 535/1000, Train Loss: 0.5855, Validation Loss: 1.1241
Epoch 536/1000, Train Loss: 0.5750, Validation Loss: 0.7035
Epoch 537/1000, Train Loss: 0.5965, Validation Loss: 0.7876
Epoch 538/1000, Train Loss: 0.6049, Validation Loss: 1.4331
Epoch 539/1000, Train Loss: 0.5861, Validation Loss: 1.1730
Epoch 540/1000, Train Loss: 0.5846, Validation Loss: 1.2276
Epoch 541/1000, Train Loss: 0.6129, Validation Loss: 0.9012
Epoch 542/1000, Train Loss: 0.5892, Validation Loss: 0.6844
Epoch 543/1000, Train Loss: 0.5762, Validation Loss: 1.8445
Epoch 544/1000, Train Loss: 0.6032, Validation Loss: 0.6144
Epoch 545/1000, Train Loss: 0.5940, Validation Loss: 1.1699
Epoch 546/1000, Train Loss: 0.5777, Validation Loss: 1.8854
Epoch 547/1000, Train Loss: 0.6017, Validation Loss: 0.7624
Epoch 548/1000, Train Loss: 0.6044, Validation Loss: 1.4255
Epoch 549/1000, Train Loss: 0.5824, Validation Loss: 1.0112
Epoch 550/1000, Train Loss: 0.5733, Validation Loss: 1.0418
Epoch 551/1000, Train Loss: 0.5744, Validation Loss: 4.4160
Epoch 552/1000, Train Loss: 0.5901, Validation Loss: 0.6437
Epoch 553/1000, Train Loss: 0.5825, Validation Loss: 0.9074
Epoch 554/1000, Train Loss: 0.5880, Validation Loss: 0.8354
Epoch 555/1000, Train Loss: 0.5731, Validation Loss: 1.3611
Epoch 556/1000, Train Loss: 0.6478, Validation Loss: 0.6743
Epoch 557/1000, Train Loss: 0.5957, Validation Loss: 1.7595
Epoch 558/1000, Train Loss: 0.5946, Validation Loss: 1.3562
Epoch 559/1000, Train Loss: 0.5685, Validation Loss: 1.0387
Epoch 560/1000, Train Loss: 0.5806, Validation Loss: 1.2651
Epoch 561/1000, Train Loss: 0.5967, Validation Loss: 0.8185
Epoch 562/1000, Train Loss: 0.6192, Validation Loss: 1.6843
Epoch 563/1000, Train Loss: 0.5868, Validation Loss: 1.0834
Epoch 564/1000, Train Loss: 0.5663, Validation Loss: 0.9495
Epoch 565/1000, Train Loss: 0.5850, Validation Loss: 4.8376
Epoch 566/1000, Train Loss: 10.4262, Validation Loss: 1.7451
Epoch 567/1000, Train Loss: 0.6008, Validation Loss: 1.8726
Epoch 568/1000, Train Loss: 0.5876, Validation Loss: 0.9498
Epoch 569/1000, Train Loss: 0.5814, Validation Loss: 1.3629
Epoch 570/1000, Train Loss: 0.6078, Validation Loss: 1.2523
Epoch 571/1000, Train Loss: 0.6146, Validation Loss: 1.4581
Epoch 572/1000, Train Loss: 0.5776, Validation Loss: 1.5053
Epoch 573/1000, Train Loss: 0.5797, Validation Loss: 0.6304
Epoch 574/1000, Train Loss: 0.5929, Validation Loss: 1.2713
Epoch 575/1000, Train Loss: 0.5704, Validation Loss: 1.2351
Epoch 576/1000, Train Loss: 0.6101, Validation Loss: 0.7236
Epoch 577/1000, Train Loss: 0.6763, Validation Loss: 0.8026
Epoch 578/1000, Train Loss: 0.5782, Validation Loss: 1.4706
Epoch 579/1000, Train Loss: 0.5809, Validation Loss: 0.7533
Epoch 580/1000, Train Loss: 0.5997, Validation Loss: 1.1624
Epoch 581/1000, Train Loss: 0.5739, Validation Loss: 2.2239
Epoch 582/1000, Train Loss: 0.5907, Validation Loss: 3.2058
Epoch 583/1000, Train Loss: 0.6049, Validation Loss: 0.8154
Epoch 584/1000, Train Loss: 0.5826, Validation Loss: 4.2540
Epoch 585/1000, Train Loss: 0.5937, Validation Loss: 1.2439
Epoch 586/1000, Train Loss: 0.6116, Validation Loss: 1.0271
Epoch 587/1000, Train Loss: 1.0859, Validation Loss: 4.1240
Epoch 588/1000, Train Loss: 0.5745, Validation Loss: 1.5901
Epoch 589/1000, Train Loss: 0.5837, Validation Loss: 1.6619
Epoch 590/1000, Train Loss: 0.7024, Validation Loss: 1.0496
Epoch 591/1000, Train Loss: 0.6293, Validation Loss: 1.3000
Epoch 592/1000, Train Loss: 0.5821, Validation Loss: 1.5948
Epoch 593/1000, Train Loss: 0.5627, Validation Loss: 0.8161
Epoch 594/1000, Train Loss: 0.6043, Validation Loss: 0.9348
Epoch 595/1000, Train Loss: 0.5947, Validation Loss: 1.1199
Epoch 596/1000, Train Loss: 0.5865, Validation Loss: 1.1219
Epoch 597/1000, Train Loss: 0.5740, Validation Loss: 1.3604
Epoch 598/1000, Train Loss: 0.8273, Validation Loss: 1.0414
Epoch 599/1000, Train Loss: 0.5975, Validation Loss: 2.1230
Epoch 600/1000, Train Loss: 0.5812, Validation Loss: 0.8964
Epoch 601/1000, Train Loss: 0.5691, Validation Loss: 0.9991
Epoch 602/1000, Train Loss: 0.5677, Validation Loss: 0.7775
Epoch 603/1000, Train Loss: 0.6158, Validation Loss: 1.4016
Epoch 604/1000, Train Loss: 0.5829, Validation Loss: 0.6234
Epoch 605/1000, Train Loss: 0.6020, Validation Loss: 7.6505
Epoch 606/1000, Train Loss: 0.6219, Validation Loss: 1.9166
Epoch 607/1000, Train Loss: 0.5836, Validation Loss: 0.7883
Epoch 608/1000, Train Loss: 0.5855, Validation Loss: 2.9222
Epoch 609/1000, Train Loss: 0.5770, Validation Loss: 0.5159
Epoch 610/1000, Train Loss: 0.5934, Validation Loss: 6.0902
Epoch 611/1000, Train Loss: 0.6313, Validation Loss: 0.6112
Epoch 612/1000, Train Loss: 0.6100, Validation Loss: 1.0621
Epoch 613/1000, Train Loss: 0.5959, Validation Loss: 1.8291
Epoch 614/1000, Train Loss: 0.6051, Validation Loss: 2.3376
Epoch 615/1000, Train Loss: 0.5802, Validation Loss: 1.4482
Epoch 616/1000, Train Loss: 0.5935, Validation Loss: 1.0058
Epoch 617/1000, Train Loss: 0.5731, Validation Loss: 2.8070
Epoch 618/1000, Train Loss: 0.8470, Validation Loss: 1.6241
Epoch 619/1000, Train Loss: 0.5839, Validation Loss: 1.4496
Epoch 620/1000, Train Loss: 0.6420, Validation Loss: 11.4759
Epoch 621/1000, Train Loss: 0.5901, Validation Loss: 0.8563
Epoch 622/1000, Train Loss: 0.5805, Validation Loss: 2.6753
Epoch 623/1000, Train Loss: 0.6058, Validation Loss: 0.7552
Epoch 624/1000, Train Loss: 0.5982, Validation Loss: 0.6670
Epoch 625/1000, Train Loss: 0.5939, Validation Loss: 0.7427
Epoch 626/1000, Train Loss: 0.6047, Validation Loss: 2.2550
Epoch 627/1000, Train Loss: 0.5974, Validation Loss: 2.2143
Epoch 628/1000, Train Loss: 1.0326, Validation Loss: 0.7671
Epoch 629/1000, Train Loss: 0.5852, Validation Loss: 1.2846
Epoch 630/1000, Train Loss: 0.5925, Validation Loss: 4.4888
Epoch 631/1000, Train Loss: 0.5780, Validation Loss: 0.6182
Epoch 632/1000, Train Loss: 0.5777, Validation Loss: 0.7103
Epoch 633/1000, Train Loss: 0.5875, Validation Loss: 1.7213
Epoch 634/1000, Train Loss: 0.5893, Validation Loss: 0.9599
Epoch 635/1000, Train Loss: 0.5868, Validation Loss: 2.2926
Epoch 636/1000, Train Loss: 0.5738, Validation Loss: 1.2530
Epoch 637/1000, Train Loss: 0.5931, Validation Loss: 1.0845
Epoch 638/1000, Train Loss: 0.5857, Validation Loss: 1.3932
Epoch 639/1000, Train Loss: 0.6115, Validation Loss: 1.6553
Epoch 640/1000, Train Loss: 0.5816, Validation Loss: 1.0818
Epoch 641/1000, Train Loss: 0.5837, Validation Loss: 1.3506
Epoch 642/1000, Train Loss: 4.6961, Validation Loss: 2.5307
Epoch 643/1000, Train Loss: 0.5914, Validation Loss: 1.8187
Epoch 644/1000, Train Loss: 0.5710, Validation Loss: 2.2759
Epoch 645/1000, Train Loss: 0.5955, Validation Loss: 3.4006
Epoch 646/1000, Train Loss: 0.5860, Validation Loss: 0.7573
Epoch 647/1000, Train Loss: 0.5792, Validation Loss: 1.3459
Epoch 648/1000, Train Loss: 0.5908, Validation Loss: 1.0339
Epoch 649/1000, Train Loss: 0.5941, Validation Loss: 3.0661
Epoch 650/1000, Train Loss: 0.6080, Validation Loss: 0.8772
Epoch 651/1000, Train Loss: 0.5907, Validation Loss: 1.1611
Epoch 652/1000, Train Loss: 0.7167, Validation Loss: 2.3741
Epoch 653/1000, Train Loss: 0.6473, Validation Loss: 1.4173
Epoch 654/1000, Train Loss: 0.5930, Validation Loss: 1.2526
Epoch 655/1000, Train Loss: 0.5908, Validation Loss: 1.6889
Epoch 656/1000, Train Loss: 0.5992, Validation Loss: 1.0219
Epoch 657/1000, Train Loss: 0.5858, Validation Loss: 0.9744
Epoch 658/1000, Train Loss: 0.6018, Validation Loss: 0.8877
Epoch 659/1000, Train Loss: 0.5865, Validation Loss: 0.7577
Epoch 660/1000, Train Loss: 0.5883, Validation Loss: 0.7503
Epoch 661/1000, Train Loss: 0.5813, Validation Loss: 1.6592
Epoch 662/1000, Train Loss: 0.5910, Validation Loss: 1.1037
Epoch 663/1000, Train Loss: 0.5846, Validation Loss: 1.0993
Epoch 664/1000, Train Loss: 0.5912, Validation Loss: 0.9941
Epoch 665/1000, Train Loss: 0.6003, Validation Loss: 1.0853
Epoch 666/1000, Train Loss: 3.1455, Validation Loss: 0.7281
Epoch 667/1000, Train Loss: 0.5791, Validation Loss: 2.1946
Epoch 668/1000, Train Loss: 0.5796, Validation Loss: 1.1528
Epoch 669/1000, Train Loss: 0.5648, Validation Loss: 0.6167
Epoch 670/1000, Train Loss: 0.5794, Validation Loss: 1.7568
Epoch 671/1000, Train Loss: 0.5775, Validation Loss: 0.7906
Epoch 672/1000, Train Loss: 0.5985, Validation Loss: 3.4054
Epoch 673/1000, Train Loss: 0.5963, Validation Loss: 0.9868
Epoch 674/1000, Train Loss: 0.5792, Validation Loss: 0.5221
Epoch 675/1000, Train Loss: 0.5733, Validation Loss: 1.2135
Epoch 676/1000, Train Loss: 0.6123, Validation Loss: 2.3011
Epoch 677/1000, Train Loss: 0.5834, Validation Loss: 1.0821
Epoch 678/1000, Train Loss: 0.6024, Validation Loss: 0.6269
Epoch 679/1000, Train Loss: 0.5988, Validation Loss: 4.0174
Epoch 680/1000, Train Loss: 0.5783, Validation Loss: 2.8469
Epoch 681/1000, Train Loss: 0.5783, Validation Loss: 0.6698
Epoch 682/1000, Train Loss: 0.5866, Validation Loss: 1.4875
Epoch 683/1000, Train Loss: 0.6058, Validation Loss: 0.6983
Epoch 684/1000, Train Loss: 0.5922, Validation Loss: 1.9720
Epoch 685/1000, Train Loss: 0.5977, Validation Loss: 0.6875
Epoch 686/1000, Train Loss: 0.6061, Validation Loss: 0.8589
Epoch 687/1000, Train Loss: 0.5825, Validation Loss: 0.5965
Epoch 688/1000, Train Loss: 0.5761, Validation Loss: 0.7885
Epoch 689/1000, Train Loss: 0.5741, Validation Loss: 1.4130
Epoch 690/1000, Train Loss: 0.5899, Validation Loss: 1.3303
Epoch 691/1000, Train Loss: 0.6145, Validation Loss: 0.6076
Epoch 692/1000, Train Loss: 0.5958, Validation Loss: 1.1844
Epoch 693/1000, Train Loss: 0.5812, Validation Loss: 1.2676
Epoch 694/1000, Train Loss: 0.5822, Validation Loss: 1.0204
Epoch 695/1000, Train Loss: 0.6418, Validation Loss: 1.8073
Epoch 696/1000, Train Loss: 0.6007, Validation Loss: 1.4410
Epoch 697/1000, Train Loss: 0.5890, Validation Loss: 0.6211
Epoch 698/1000, Train Loss: 0.6415, Validation Loss: 1.0576
Epoch 699/1000, Train Loss: 0.5897, Validation Loss: 1.9302
Epoch 700/1000, Train Loss: 0.5889, Validation Loss: 1.5563
Epoch 701/1000, Train Loss: 0.5823, Validation Loss: 0.9264
Epoch 702/1000, Train Loss: 0.5876, Validation Loss: 3.3642
Epoch 703/1000, Train Loss: 0.5952, Validation Loss: 1.5971
Epoch 704/1000, Train Loss: 0.5957, Validation Loss: 0.7443
Epoch 705/1000, Train Loss: 0.5923, Validation Loss: 1.4733
Epoch 706/1000, Train Loss: 0.5836, Validation Loss: 1.4655
Epoch 707/1000, Train Loss: 0.5841, Validation Loss: 0.6904
Epoch 708/1000, Train Loss: 0.5883, Validation Loss: 0.7724
Epoch 709/1000, Train Loss: 0.6054, Validation Loss: 0.8203
Epoch 710/1000, Train Loss: 0.5905, Validation Loss: 2.5363
Epoch 711/1000, Train Loss: 0.5766, Validation Loss: 4.8773
Epoch 712/1000, Train Loss: 0.5718, Validation Loss: 1.5484
Epoch 713/1000, Train Loss: 0.5856, Validation Loss: 1.1944
Epoch 714/1000, Train Loss: 0.6272, Validation Loss: 0.8292
Epoch 715/1000, Train Loss: 0.5949, Validation Loss: 3.3167
Epoch 716/1000, Train Loss: 0.5875, Validation Loss: 1.5239
Epoch 717/1000, Train Loss: 0.5890, Validation Loss: 1.4451
Epoch 718/1000, Train Loss: 0.6232, Validation Loss: 1.9176
Epoch 719/1000, Train Loss: 0.5978, Validation Loss: 1.9399
Epoch 720/1000, Train Loss: 0.5866, Validation Loss: 1.3598
Epoch 721/1000, Train Loss: 0.5868, Validation Loss: 0.8778
Epoch 722/1000, Train Loss: 0.5783, Validation Loss: 1.1014
Epoch 723/1000, Train Loss: 0.6379, Validation Loss: 1.2369
Epoch 724/1000, Train Loss: 0.5843, Validation Loss: 2.3186
Epoch 725/1000, Train Loss: 0.6140, Validation Loss: 1.7920
Epoch 726/1000, Train Loss: 0.5793, Validation Loss: 1.0064
Epoch 727/1000, Train Loss: 0.5724, Validation Loss: 0.8055
Epoch 728/1000, Train Loss: 0.5890, Validation Loss: 1.5407
Epoch 729/1000, Train Loss: 0.5865, Validation Loss: 1.7635
Epoch 730/1000, Train Loss: 0.6191, Validation Loss: 1.9344
Epoch 731/1000, Train Loss: 0.6071, Validation Loss: 2.5593
Epoch 732/1000, Train Loss: 0.6068, Validation Loss: 1.2629
Epoch 733/1000, Train Loss: 0.5973, Validation Loss: 0.9525
Epoch 734/1000, Train Loss: 0.5930, Validation Loss: 1.0610
Epoch 735/1000, Train Loss: 0.6050, Validation Loss: 1.8586
Epoch 736/1000, Train Loss: 0.6159, Validation Loss: 0.5782
Epoch 737/1000, Train Loss: 0.5856, Validation Loss: 1.1059
Epoch 738/1000, Train Loss: 1.0297, Validation Loss: 2.5899
Epoch 739/1000, Train Loss: 0.5646, Validation Loss: 1.0146
Epoch 740/1000, Train Loss: 0.5804, Validation Loss: 0.9255
Epoch 741/1000, Train Loss: 0.5799, Validation Loss: 1.2855
Epoch 742/1000, Train Loss: 0.6739, Validation Loss: 2.1152
Epoch 743/1000, Train Loss: 0.5932, Validation Loss: 1.4210
Epoch 744/1000, Train Loss: 0.5888, Validation Loss: 0.7223
Epoch 745/1000, Train Loss: 0.5816, Validation Loss: 0.8048
Epoch 746/1000, Train Loss: 0.5940, Validation Loss: 2.0359
Epoch 747/1000, Train Loss: 0.6737, Validation Loss: 5.9756
Epoch 748/1000, Train Loss: 0.5796, Validation Loss: 1.0797
Epoch 749/1000, Train Loss: 0.5723, Validation Loss: 2.1639
Epoch 750/1000, Train Loss: 0.5853, Validation Loss: 1.0623
Epoch 751/1000, Train Loss: 0.5858, Validation Loss: 0.9065
Epoch 752/1000, Train Loss: 0.5692, Validation Loss: 0.9583
Epoch 753/1000, Train Loss: 0.5836, Validation Loss: 1.3386
Epoch 754/1000, Train Loss: 0.5994, Validation Loss: 1.0744
Epoch 755/1000, Train Loss: 0.5970, Validation Loss: 1.3422
Epoch 756/1000, Train Loss: 0.5768, Validation Loss: 1.0353
Epoch 757/1000, Train Loss: 0.6087, Validation Loss: 0.7720
Epoch 758/1000, Train Loss: 0.5807, Validation Loss: 0.5921
Epoch 759/1000, Train Loss: 0.5723, Validation Loss: 1.2585
Epoch 760/1000, Train Loss: 0.6520, Validation Loss: 1.5528
Epoch 761/1000, Train Loss: 0.5819, Validation Loss: 0.9517
Epoch 762/1000, Train Loss: 0.5801, Validation Loss: 1.7849
Epoch 763/1000, Train Loss: 0.5897, Validation Loss: 1.3688
Epoch 764/1000, Train Loss: 0.5784, Validation Loss: 1.0738
Epoch 765/1000, Train Loss: 0.8875, Validation Loss: 1.1234
Epoch 766/1000, Train Loss: 0.5885, Validation Loss: 2.0957
Epoch 767/1000, Train Loss: 0.5755, Validation Loss: 0.8058
Epoch 768/1000, Train Loss: 0.5772, Validation Loss: 1.0925
Epoch 769/1000, Train Loss: 0.6053, Validation Loss: 0.9080
Epoch 770/1000, Train Loss: 0.5753, Validation Loss: 0.8692
Epoch 771/1000, Train Loss: 0.5869, Validation Loss: 1.0954
Epoch 772/1000, Train Loss: 0.5972, Validation Loss: 1.3458
Epoch 773/1000, Train Loss: 0.5755, Validation Loss: 1.6634
Epoch 774/1000, Train Loss: 0.5768, Validation Loss: 1.7799
Epoch 775/1000, Train Loss: 0.5725, Validation Loss: 1.6725
Epoch 776/1000, Train Loss: 0.5963, Validation Loss: 0.6502
Epoch 777/1000, Train Loss: 0.5925, Validation Loss: 0.8394
Epoch 778/1000, Train Loss: 0.5827, Validation Loss: 5.4157
Epoch 779/1000, Train Loss: 0.5725, Validation Loss: 1.4714
Epoch 780/1000, Train Loss: 0.7355, Validation Loss: 1.5443
Epoch 781/1000, Train Loss: 0.5835, Validation Loss: 0.9401
Epoch 782/1000, Train Loss: 0.5981, Validation Loss: 1.0988
Epoch 783/1000, Train Loss: 0.5795, Validation Loss: 0.7995
Epoch 784/1000, Train Loss: 0.5757, Validation Loss: 1.3147
Epoch 785/1000, Train Loss: 0.5838, Validation Loss: 1.9653
Epoch 786/1000, Train Loss: 0.5830, Validation Loss: 0.5965
Epoch 787/1000, Train Loss: 0.5985, Validation Loss: 1.3592
Epoch 788/1000, Train Loss: 0.5709, Validation Loss: 1.6154
Epoch 789/1000, Train Loss: 0.6477, Validation Loss: 1.5251
Epoch 790/1000, Train Loss: 0.5868, Validation Loss: 3.8888
Epoch 791/1000, Train Loss: 0.5950, Validation Loss: 1.1659
Epoch 792/1000, Train Loss: 0.5745, Validation Loss: 1.2978
Epoch 793/1000, Train Loss: 0.5808, Validation Loss: 2.2656
Epoch 794/1000, Train Loss: 0.5743, Validation Loss: 1.2541
Epoch 795/1000, Train Loss: 0.5743, Validation Loss: 2.2306
Epoch 796/1000, Train Loss: 0.5844, Validation Loss: 2.8646
Epoch 797/1000, Train Loss: 0.6450, Validation Loss: 7.0782
Epoch 798/1000, Train Loss: 0.5820, Validation Loss: 1.5207
Epoch 799/1000, Train Loss: 0.5780, Validation Loss: 3.6303
Epoch 800/1000, Train Loss: 0.5825, Validation Loss: 1.1501
Epoch 801/1000, Train Loss: 0.5932, Validation Loss: 7.4940
Epoch 802/1000, Train Loss: 0.6024, Validation Loss: 1.3637
Epoch 803/1000, Train Loss: 0.5835, Validation Loss: 0.7307
Epoch 804/1000, Train Loss: 0.5795, Validation Loss: 2.6076
Epoch 805/1000, Train Loss: 0.5721, Validation Loss: 1.5070
Epoch 806/1000, Train Loss: 0.6040, Validation Loss: 0.6083
Epoch 807/1000, Train Loss: 0.5836, Validation Loss: 4.1721
Epoch 808/1000, Train Loss: 0.5845, Validation Loss: 0.8436
Epoch 809/1000, Train Loss: 0.5743, Validation Loss: 0.6744
Epoch 810/1000, Train Loss: 0.5806, Validation Loss: 0.9959
Epoch 811/1000, Train Loss: 0.5875, Validation Loss: 0.6303
Epoch 812/1000, Train Loss: 1.1912, Validation Loss: 0.8595
Epoch 813/1000, Train Loss: 0.5862, Validation Loss: 1.9044
Epoch 814/1000, Train Loss: 0.5756, Validation Loss: 1.1614
Epoch 815/1000, Train Loss: 0.6102, Validation Loss: 1.8313
Epoch 816/1000, Train Loss: 0.5827, Validation Loss: 9.1413
Epoch 817/1000, Train Loss: 0.5858, Validation Loss: 1.2667
Epoch 818/1000, Train Loss: 0.5868, Validation Loss: 1.8835
Epoch 819/1000, Train Loss: 0.5699, Validation Loss: 1.5761
Epoch 820/1000, Train Loss: 0.5810, Validation Loss: 4.2459
Epoch 821/1000, Train Loss: 0.6463, Validation Loss: 1.1132
Epoch 822/1000, Train Loss: 0.5838, Validation Loss: 1.4744
Epoch 823/1000, Train Loss: 0.5845, Validation Loss: 1.0481
Epoch 824/1000, Train Loss: 0.5959, Validation Loss: 1.4469
Epoch 825/1000, Train Loss: 0.5883, Validation Loss: 1.4591
Epoch 826/1000, Train Loss: 0.5856, Validation Loss: 0.7561
Epoch 827/1000, Train Loss: 0.5942, Validation Loss: 0.6574
Epoch 828/1000, Train Loss: 0.5810, Validation Loss: 6.0243
Epoch 829/1000, Train Loss: 0.5883, Validation Loss: 1.6839
Epoch 830/1000, Train Loss: 0.5880, Validation Loss: 1.5557
Epoch 831/1000, Train Loss: 0.5861, Validation Loss: 2.4198
Epoch 832/1000, Train Loss: 0.5971, Validation Loss: 1.1599
Epoch 833/1000, Train Loss: 0.6104, Validation Loss: 1.1117
Epoch 834/1000, Train Loss: 0.5977, Validation Loss: 1.1335
Epoch 835/1000, Train Loss: 0.5759, Validation Loss: 0.5732
Epoch 836/1000, Train Loss: 0.5815, Validation Loss: 0.8361
Epoch 837/1000, Train Loss: 0.6148, Validation Loss: 0.9299
Epoch 838/1000, Train Loss: 0.5729, Validation Loss: 0.7087
Epoch 839/1000, Train Loss: 0.6060, Validation Loss: 1.3769
Epoch 840/1000, Train Loss: 0.5905, Validation Loss: 1.7147
Epoch 841/1000, Train Loss: 0.6084, Validation Loss: 0.9461
Epoch 842/1000, Train Loss: 0.5989, Validation Loss: 2.6273
Epoch 843/1000, Train Loss: 0.5889, Validation Loss: 1.1577
Epoch 844/1000, Train Loss: 0.6384, Validation Loss: 1.7670
Epoch 845/1000, Train Loss: 0.5608, Validation Loss: 0.5769
Epoch 846/1000, Train Loss: 0.5485, Validation Loss: 0.6953
Epoch 847/1000, Train Loss: 0.5881, Validation Loss: 1.8850
Epoch 848/1000, Train Loss: 0.5960, Validation Loss: 1.2357
Epoch 849/1000, Train Loss: 0.5920, Validation Loss: 1.6171
Epoch 850/1000, Train Loss: 0.5695, Validation Loss: 0.6961
Epoch 851/1000, Train Loss: 0.5705, Validation Loss: 1.2706
Epoch 852/1000, Train Loss: 0.6853, Validation Loss: 0.7270
Epoch 853/1000, Train Loss: 0.5882, Validation Loss: 2.8710
Epoch 854/1000, Train Loss: 0.5771, Validation Loss: 1.5386
Epoch 855/1000, Train Loss: 0.6176, Validation Loss: 3.4127
Epoch 856/1000, Train Loss: 0.5754, Validation Loss: 0.9357
Epoch 857/1000, Train Loss: 0.5812, Validation Loss: 1.5025
Epoch 858/1000, Train Loss: 0.5750, Validation Loss: 0.7807
Epoch 859/1000, Train Loss: 0.5974, Validation Loss: 0.7607
Epoch 860/1000, Train Loss: 0.5925, Validation Loss: 0.5241
Epoch 861/1000, Train Loss: 0.6072, Validation Loss: 0.7800
Epoch 862/1000, Train Loss: 0.5758, Validation Loss: 0.9418
Epoch 863/1000, Train Loss: 0.5816, Validation Loss: 2.9667
Epoch 864/1000, Train Loss: 0.5656, Validation Loss: 1.6793
Epoch 865/1000, Train Loss: 0.5942, Validation Loss: 0.5390
Epoch 866/1000, Train Loss: 0.5968, Validation Loss: 1.3663
Epoch 867/1000, Train Loss: 0.5933, Validation Loss: 0.5435
Epoch 868/1000, Train Loss: 0.6002, Validation Loss: 1.0688
Epoch 869/1000, Train Loss: 0.5800, Validation Loss: 0.9599
Epoch 870/1000, Train Loss: 0.5919, Validation Loss: 0.8035
Epoch 871/1000, Train Loss: 0.5717, Validation Loss: 1.2386
Epoch 872/1000, Train Loss: 0.6228, Validation Loss: 0.7401
Epoch 873/1000, Train Loss: 0.5861, Validation Loss: 1.7499
Epoch 874/1000, Train Loss: 0.6026, Validation Loss: 1.0588
Epoch 875/1000, Train Loss: 0.5649, Validation Loss: 1.4293
Epoch 876/1000, Train Loss: 0.5786, Validation Loss: 1.1278
Epoch 877/1000, Train Loss: 0.5696, Validation Loss: 1.1095
Epoch 878/1000, Train Loss: 0.5778, Validation Loss: 1.0767
Epoch 879/1000, Train Loss: 0.6068, Validation Loss: 0.8137
Epoch 880/1000, Train Loss: 0.5917, Validation Loss: 2.2033
Epoch 881/1000, Train Loss: 0.5732, Validation Loss: 1.9940
Epoch 882/1000, Train Loss: 0.5778, Validation Loss: 1.0129
Epoch 883/1000, Train Loss: 0.5702, Validation Loss: 1.3127
Epoch 884/1000, Train Loss: 0.5850, Validation Loss: 2.1680
Epoch 885/1000, Train Loss: 0.5652, Validation Loss: 2.2252
Epoch 886/1000, Train Loss: 0.5832, Validation Loss: 0.6886
Epoch 887/1000, Train Loss: 0.5639, Validation Loss: 1.7931
Epoch 888/1000, Train Loss: 0.5736, Validation Loss: 1.1966
Epoch 889/1000, Train Loss: 0.6471, Validation Loss: 1.9831
Epoch 890/1000, Train Loss: 0.5880, Validation Loss: 1.1345
Epoch 891/1000, Train Loss: 0.5741, Validation Loss: 4.2650
Epoch 892/1000, Train Loss: 0.5782, Validation Loss: 0.8405
Epoch 893/1000, Train Loss: 0.5752, Validation Loss: 2.9193
Epoch 894/1000, Train Loss: 0.6153, Validation Loss: 2.6943
Epoch 895/1000, Train Loss: 0.5818, Validation Loss: 0.5483
Epoch 896/1000, Train Loss: 0.6034, Validation Loss: 2.2029
Epoch 897/1000, Train Loss: 0.5808, Validation Loss: 0.7884
Epoch 898/1000, Train Loss: 0.5792, Validation Loss: 1.5731
Epoch 899/1000, Train Loss: 0.6752, Validation Loss: 1.5415
Epoch 900/1000, Train Loss: 0.5890, Validation Loss: 1.2677
Epoch 901/1000, Train Loss: 0.5742, Validation Loss: 0.8996
Epoch 902/1000, Train Loss: 0.5873, Validation Loss: 0.8723
Epoch 903/1000, Train Loss: 0.5828, Validation Loss: 1.1555
Epoch 904/1000, Train Loss: 0.5786, Validation Loss: 2.0704
Epoch 905/1000, Train Loss: 0.6644, Validation Loss: 3.3702
Epoch 906/1000, Train Loss: 0.5938, Validation Loss: 0.9247
Epoch 907/1000, Train Loss: 0.5800, Validation Loss: 2.0538
Epoch 908/1000, Train Loss: 0.5800, Validation Loss: 1.5548
Epoch 909/1000, Train Loss: 0.5840, Validation Loss: 1.4932
Epoch 910/1000, Train Loss: 0.6148, Validation Loss: 3.9311
Epoch 911/1000, Train Loss: 0.5786, Validation Loss: 4.2400
Epoch 912/1000, Train Loss: 11.2209, Validation Loss: 0.9969
Epoch 913/1000, Train Loss: 0.5806, Validation Loss: 5.0707
Epoch 914/1000, Train Loss: 0.5902, Validation Loss: 1.6654
Epoch 915/1000, Train Loss: 0.5712, Validation Loss: 0.5371
Epoch 916/1000, Train Loss: 0.5654, Validation Loss: 2.1039
Epoch 917/1000, Train Loss: 0.5894, Validation Loss: 1.0946
Epoch 918/1000, Train Loss: 2.1821, Validation Loss: 1.0432
Epoch 919/1000, Train Loss: 0.5934, Validation Loss: 0.8493
Epoch 920/1000, Train Loss: 0.5820, Validation Loss: 1.9968
Epoch 921/1000, Train Loss: 0.5786, Validation Loss: 0.5472
Epoch 922/1000, Train Loss: 0.5972, Validation Loss: 0.7761
Epoch 923/1000, Train Loss: 0.5857, Validation Loss: 0.8599
Epoch 924/1000, Train Loss: 0.5943, Validation Loss: 1.5222
Epoch 925/1000, Train Loss: 0.5586, Validation Loss: 2.1589
Epoch 926/1000, Train Loss: 0.6284, Validation Loss: 1.0639
Epoch 927/1000, Train Loss: 0.5823, Validation Loss: 0.6532
Epoch 928/1000, Train Loss: 0.6085, Validation Loss: 0.6267
Epoch 929/1000, Train Loss: 0.5730, Validation Loss: 1.3037
Epoch 930/1000, Train Loss: 0.5855, Validation Loss: 0.6528
Epoch 931/1000, Train Loss: 3.4330, Validation Loss: 1.1629
Epoch 932/1000, Train Loss: 0.5810, Validation Loss: 0.6966
Epoch 933/1000, Train Loss: 0.5841, Validation Loss: 0.6854
Epoch 934/1000, Train Loss: 0.5822, Validation Loss: 4.8505
Epoch 935/1000, Train Loss: 0.5735, Validation Loss: 1.2757
Epoch 936/1000, Train Loss: 0.5693, Validation Loss: 1.2263
Epoch 937/1000, Train Loss: 0.6032, Validation Loss: 1.1998
Epoch 938/1000, Train Loss: 0.5816, Validation Loss: 1.6912
Epoch 939/1000, Train Loss: 0.6179, Validation Loss: 1.0547
Epoch 940/1000, Train Loss: 0.5885, Validation Loss: 2.5454
Epoch 941/1000, Train Loss: 0.5847, Validation Loss: 0.7956
Epoch 942/1000, Train Loss: 0.5771, Validation Loss: 0.9686
Epoch 943/1000, Train Loss: 0.6159, Validation Loss: 1.5402
Epoch 944/1000, Train Loss: 0.5922, Validation Loss: 1.0761
Epoch 945/1000, Train Loss: 0.5813, Validation Loss: 1.0034
Epoch 946/1000, Train Loss: 0.5683, Validation Loss: 2.0192
Epoch 947/1000, Train Loss: 0.5831, Validation Loss: 2.2501
Epoch 948/1000, Train Loss: 0.5812, Validation Loss: 0.7612
Epoch 949/1000, Train Loss: 0.6052, Validation Loss: 0.8676
Epoch 950/1000, Train Loss: 0.5943, Validation Loss: 0.8196
Epoch 951/1000, Train Loss: 0.5839, Validation Loss: 0.6592
Epoch 952/1000, Train Loss: 0.6142, Validation Loss: 2.8970
Epoch 953/1000, Train Loss: 0.5933, Validation Loss: 1.0713
Epoch 954/1000, Train Loss: 0.6056, Validation Loss: 1.6858
Epoch 955/1000, Train Loss: 0.5755, Validation Loss: 0.5678
Epoch 956/1000, Train Loss: 0.6127, Validation Loss: 1.1599
Epoch 957/1000, Train Loss: 0.5789, Validation Loss: 1.3804
Epoch 958/1000, Train Loss: 0.6603, Validation Loss: 0.6993
Epoch 959/1000, Train Loss: 0.5636, Validation Loss: 1.3310
Epoch 960/1000, Train Loss: 0.6051, Validation Loss: 1.0386
Epoch 961/1000, Train Loss: 0.5803, Validation Loss: 0.9074
Epoch 962/1000, Train Loss: 0.5658, Validation Loss: 0.7636
Epoch 963/1000, Train Loss: 0.6594, Validation Loss: 1.0011
Epoch 964/1000, Train Loss: 0.5994, Validation Loss: 0.7972
Epoch 965/1000, Train Loss: 0.5780, Validation Loss: 1.2115
Epoch 966/1000, Train Loss: 0.5971, Validation Loss: 3.2103
Epoch 967/1000, Train Loss: 0.5760, Validation Loss: 0.8591
Epoch 968/1000, Train Loss: 0.5766, Validation Loss: 1.5052
Epoch 969/1000, Train Loss: 0.5741, Validation Loss: 5.8860
Epoch 970/1000, Train Loss: 0.5920, Validation Loss: 1.3815
Epoch 971/1000, Train Loss: 0.5821, Validation Loss: 1.0986
Epoch 972/1000, Train Loss: 0.5758, Validation Loss: 1.1592
Epoch 973/1000, Train Loss: 0.5664, Validation Loss: 0.6459
Epoch 974/1000, Train Loss: 0.5710, Validation Loss: 0.5132
Epoch 975/1000, Train Loss: 0.6122, Validation Loss: 1.0146
Epoch 976/1000, Train Loss: 0.5756, Validation Loss: 1.7323
Epoch 977/1000, Train Loss: 0.5827, Validation Loss: 2.0323
Epoch 978/1000, Train Loss: 0.5798, Validation Loss: 0.9151
Epoch 979/1000, Train Loss: 0.5883, Validation Loss: 1.5647
Epoch 980/1000, Train Loss: 0.6058, Validation Loss: 1.6317
Epoch 981/1000, Train Loss: 0.5860, Validation Loss: 1.2790
Epoch 982/1000, Train Loss: 0.5758, Validation Loss: 0.4837
Epoch 983/1000, Train Loss: 0.5829, Validation Loss: 14.8054
Epoch 984/1000, Train Loss: 0.6496, Validation Loss: 1.4282
Epoch 985/1000, Train Loss: 0.5765, Validation Loss: 1.2089
Epoch 986/1000, Train Loss: 0.5618, Validation Loss: 0.9776
Epoch 987/1000, Train Loss: 0.5765, Validation Loss: 1.2779
Epoch 988/1000, Train Loss: 0.5729, Validation Loss: 1.8347
Epoch 989/1000, Train Loss: 0.5762, Validation Loss: 2.5435
Epoch 990/1000, Train Loss: 0.5762, Validation Loss: 1.5535
Epoch 991/1000, Train Loss: 0.5929, Validation Loss: 3.3136
Epoch 992/1000, Train Loss: 0.5881, Validation Loss: 1.3262
Epoch 993/1000, Train Loss: 0.6043, Validation Loss: 1.9332
Epoch 994/1000, Train Loss: 0.5930, Validation Loss: 1.6170
Epoch 995/1000, Train Loss: 0.6328, Validation Loss: 1.0547
Epoch 996/1000, Train Loss: 0.5854, Validation Loss: 0.7781
Epoch 997/1000, Train Loss: 0.5739, Validation Loss: 9.1645
Epoch 998/1000, Train Loss: 0.5701, Validation Loss: 0.8009
Epoch 999/1000, Train Loss: 0.5965, Validation Loss: 3.3563
Epoch 1000/1000, Train Loss: 0.5655, Validation Loss: 2.6727
Best Training Loss: 0.5485
Best Training Loss Epoch: 846
Best Validation Loss: 0.4837
Best Validation Loss Epoch: 982
Time taken for training: 0-13:33:47
Test Loss: 0.5050
Test MAPE: 103908.8594%
Error Statistics:
count     41272.000000
mean        456.782990
std        9616.791016
min           0.000002
25%           0.137778
50%           1.662852
75%          24.574302
max      938840.687500
Name: Absolute Error, dtype: float64
Training complete. Final model saved.
Saving model as a wandb Artifact...
Model artifact logged successfully.
[1;34mwandb[0m: 
[1;34mwandb[0m: 🚀 View run [33msweepy-sweep-24[0m at: [34mhttps://wandb.ai/mk8737-new-york-university/rl_pretrain_hp_sweeps/runs/u36enrds[0m
[1;34mwandb[0m: Find logs at: [1;35mwandb/run-20251126_203658-u36enrds/logs[0m
Agent finished.
