Creating sweep...
foo1
dos27rz7
Sweep created with ID: dos27rz7
Starting wandb agent for sweep dos27rz7...
TRAINING DEVICE: cpu
Run Name: GIN_global_hp_sweep_global_dos27rz7-b021fu9i
finidhed preparing data
Loading dataset from pretrain_dataset_12.5k_fixed_duplicates.pkl
Loaded 412712 data objects.
finished preparing data
Epoch 1/1000, Train Loss: 1.8512, Validation Loss: 1.3071
Epoch 2/1000, Train Loss: 1.2673, Validation Loss: 1.5407
Epoch 3/1000, Train Loss: 1.1644, Validation Loss: 2.3618
Epoch 4/1000, Train Loss: 1.0911, Validation Loss: 2.6373
Epoch 5/1000, Train Loss: 1.0472, Validation Loss: 1.7119
Epoch 6/1000, Train Loss: 1.0026, Validation Loss: 0.9532
Epoch 7/1000, Train Loss: 0.9695, Validation Loss: 1.2362
Epoch 8/1000, Train Loss: 0.9404, Validation Loss: 1.6109
Epoch 9/1000, Train Loss: 0.9146, Validation Loss: 1.3457
Epoch 10/1000, Train Loss: 0.9215, Validation Loss: 1.2122
Epoch 11/1000, Train Loss: 0.8852, Validation Loss: 1.1483
Epoch 12/1000, Train Loss: 0.8498, Validation Loss: 1.3495
Epoch 13/1000, Train Loss: 0.8562, Validation Loss: 1.8419
Epoch 14/1000, Train Loss: 0.8027, Validation Loss: 1.3364
Epoch 15/1000, Train Loss: 0.8121, Validation Loss: 1.8841
Epoch 16/1000, Train Loss: 0.7806, Validation Loss: 1.7581
Epoch 17/1000, Train Loss: 0.7511, Validation Loss: 2.0720
Epoch 18/1000, Train Loss: 0.7311, Validation Loss: 1.8044
Epoch 19/1000, Train Loss: 0.7394, Validation Loss: 2.6841
Epoch 20/1000, Train Loss: 0.7363, Validation Loss: 0.7040
Epoch 21/1000, Train Loss: 0.7061, Validation Loss: 0.9953
Epoch 22/1000, Train Loss: 0.6969, Validation Loss: 0.6952
Epoch 23/1000, Train Loss: 0.6890, Validation Loss: 0.8170
Epoch 24/1000, Train Loss: 0.7007, Validation Loss: 2.4711
Epoch 25/1000, Train Loss: 0.6810, Validation Loss: 0.8445
Epoch 26/1000, Train Loss: 0.6567, Validation Loss: 1.3048
Epoch 27/1000, Train Loss: 0.6642, Validation Loss: 1.3774
Epoch 28/1000, Train Loss: 0.6375, Validation Loss: 1.2546
Epoch 29/1000, Train Loss: 0.6416, Validation Loss: 0.6116
Epoch 30/1000, Train Loss: 0.6418, Validation Loss: 1.9639
Epoch 31/1000, Train Loss: 0.6190, Validation Loss: 0.8340
Epoch 32/1000, Train Loss: 0.6314, Validation Loss: 3.3808
Epoch 33/1000, Train Loss: 0.6241, Validation Loss: 0.5950
Epoch 34/1000, Train Loss: 0.6036, Validation Loss: 0.9069
Epoch 35/1000, Train Loss: 0.6163, Validation Loss: 0.6162
Epoch 36/1000, Train Loss: 0.5936, Validation Loss: 1.0187
Epoch 37/1000, Train Loss: 0.5879, Validation Loss: 1.3511
Epoch 38/1000, Train Loss: 0.5912, Validation Loss: 0.6212
Epoch 39/1000, Train Loss: 0.5909, Validation Loss: 0.5294
Epoch 40/1000, Train Loss: 0.5751, Validation Loss: 2.1036
Epoch 41/1000, Train Loss: 0.5724, Validation Loss: 0.7715
Epoch 42/1000, Train Loss: 0.5702, Validation Loss: 0.9568
Epoch 43/1000, Train Loss: 0.5725, Validation Loss: 0.9087
Epoch 44/1000, Train Loss: 0.5584, Validation Loss: 1.3436
Epoch 45/1000, Train Loss: 0.5573, Validation Loss: 0.7627
Epoch 46/1000, Train Loss: 0.5578, Validation Loss: 0.5323
Epoch 47/1000, Train Loss: 0.5480, Validation Loss: 0.6323
Epoch 48/1000, Train Loss: 0.5524, Validation Loss: 0.6127
Epoch 49/1000, Train Loss: 0.5618, Validation Loss: 1.3643
Epoch 50/1000, Train Loss: 0.5529, Validation Loss: 1.4951
Epoch 51/1000, Train Loss: 0.5488, Validation Loss: 0.6106
Epoch 52/1000, Train Loss: 0.5501, Validation Loss: 0.8480
Epoch 53/1000, Train Loss: 0.5412, Validation Loss: 1.3688
Epoch 54/1000, Train Loss: 0.5486, Validation Loss: 1.0375
Epoch 55/1000, Train Loss: 0.5383, Validation Loss: 1.1602
Epoch 56/1000, Train Loss: 0.5370, Validation Loss: 1.6238
Epoch 57/1000, Train Loss: 0.5256, Validation Loss: 1.3451
Epoch 58/1000, Train Loss: 0.5436, Validation Loss: 1.5578
Epoch 59/1000, Train Loss: 0.5328, Validation Loss: 0.9085
Epoch 60/1000, Train Loss: 0.5184, Validation Loss: 0.4687
Epoch 61/1000, Train Loss: 0.5291, Validation Loss: 1.3245
Epoch 62/1000, Train Loss: 0.5298, Validation Loss: 0.9799
Epoch 63/1000, Train Loss: 0.5168, Validation Loss: 0.5813
Epoch 64/1000, Train Loss: 0.5213, Validation Loss: 0.7004
Epoch 65/1000, Train Loss: 0.5137, Validation Loss: 0.6263
Epoch 66/1000, Train Loss: 0.5115, Validation Loss: 1.0829
Epoch 67/1000, Train Loss: 0.5186, Validation Loss: 1.5138
Epoch 68/1000, Train Loss: 0.5119, Validation Loss: 1.6144
Epoch 69/1000, Train Loss: 0.5086, Validation Loss: 0.9552
Epoch 70/1000, Train Loss: 0.5071, Validation Loss: 2.9588
Epoch 71/1000, Train Loss: 0.5033, Validation Loss: 1.4654
Epoch 72/1000, Train Loss: 0.5011, Validation Loss: 1.5782
Epoch 73/1000, Train Loss: 0.5036, Validation Loss: 1.1574
Epoch 74/1000, Train Loss: 0.5034, Validation Loss: 1.7389
Epoch 75/1000, Train Loss: 0.4993, Validation Loss: 0.8957
Epoch 76/1000, Train Loss: 0.4998, Validation Loss: 0.5953
Epoch 77/1000, Train Loss: 0.5091, Validation Loss: 1.6046
Epoch 78/1000, Train Loss: 0.4969, Validation Loss: 1.0203
Epoch 79/1000, Train Loss: 0.4972, Validation Loss: 0.5841
Epoch 80/1000, Train Loss: 0.4959, Validation Loss: 0.8510
Epoch 81/1000, Train Loss: 0.5116, Validation Loss: 3.2676
Epoch 82/1000, Train Loss: 0.4957, Validation Loss: 0.8261
Epoch 83/1000, Train Loss: 0.4911, Validation Loss: 1.0151
Epoch 84/1000, Train Loss: 0.4828, Validation Loss: 0.8446
Epoch 85/1000, Train Loss: 0.5108, Validation Loss: 0.6812
Epoch 86/1000, Train Loss: 0.4895, Validation Loss: 1.5995
Epoch 87/1000, Train Loss: 0.4869, Validation Loss: 1.8725
Epoch 88/1000, Train Loss: 0.4944, Validation Loss: 2.1726
Epoch 89/1000, Train Loss: 0.4871, Validation Loss: 2.9818
Epoch 90/1000, Train Loss: 0.4847, Validation Loss: 1.4000
Epoch 91/1000, Train Loss: 0.4955, Validation Loss: 2.9547
Epoch 92/1000, Train Loss: 0.4908, Validation Loss: 1.6749
Epoch 93/1000, Train Loss: 0.4873, Validation Loss: 0.7235
Epoch 94/1000, Train Loss: 0.4905, Validation Loss: 1.0255
Epoch 95/1000, Train Loss: 0.4723, Validation Loss: 1.6744
Epoch 96/1000, Train Loss: 0.4922, Validation Loss: 0.8698
Epoch 97/1000, Train Loss: 0.4940, Validation Loss: 0.7002
Epoch 98/1000, Train Loss: 0.4771, Validation Loss: 0.4622
Epoch 99/1000, Train Loss: 0.4862, Validation Loss: 3.6340
Epoch 100/1000, Train Loss: 0.4769, Validation Loss: 0.7066
Epoch 101/1000, Train Loss: 0.4772, Validation Loss: 0.7879
Epoch 102/1000, Train Loss: 0.6736, Validation Loss: 1.0706
Epoch 103/1000, Train Loss: 0.4934, Validation Loss: 2.2639
Epoch 104/1000, Train Loss: 0.4710, Validation Loss: 0.5218
Epoch 105/1000, Train Loss: 0.4705, Validation Loss: 1.1438
Epoch 106/1000, Train Loss: 0.4735, Validation Loss: 1.2882
Epoch 107/1000, Train Loss: 0.4662, Validation Loss: 1.8132
Epoch 108/1000, Train Loss: 0.4653, Validation Loss: 1.5415
Epoch 109/1000, Train Loss: 0.4793, Validation Loss: 0.7482
Epoch 110/1000, Train Loss: 0.4835, Validation Loss: 0.6607
Epoch 111/1000, Train Loss: 0.4683, Validation Loss: 0.6503
Epoch 112/1000, Train Loss: 0.4681, Validation Loss: 0.5691
Epoch 113/1000, Train Loss: 0.4692, Validation Loss: 1.7016
Epoch 114/1000, Train Loss: 0.4666, Validation Loss: 0.8119
Epoch 115/1000, Train Loss: 0.4753, Validation Loss: 2.1090
Epoch 116/1000, Train Loss: 0.4661, Validation Loss: 1.7437
Epoch 117/1000, Train Loss: 0.4599, Validation Loss: 0.5901
Epoch 118/1000, Train Loss: 0.4614, Validation Loss: 1.2958
Epoch 119/1000, Train Loss: 0.4685, Validation Loss: 0.6020
Epoch 120/1000, Train Loss: 0.4791, Validation Loss: 1.4567
Epoch 121/1000, Train Loss: 0.4721, Validation Loss: 0.7604
Epoch 122/1000, Train Loss: 0.4747, Validation Loss: 0.9067
Epoch 123/1000, Train Loss: 0.4619, Validation Loss: 0.7231
Epoch 124/1000, Train Loss: 0.4563, Validation Loss: 1.4845
Epoch 125/1000, Train Loss: 0.4657, Validation Loss: 1.9167
Epoch 126/1000, Train Loss: 0.4578, Validation Loss: 2.2306
Epoch 127/1000, Train Loss: 0.4631, Validation Loss: 4.5161
Epoch 128/1000, Train Loss: 0.4537, Validation Loss: 0.6281
Epoch 129/1000, Train Loss: 0.4625, Validation Loss: 1.1547
Epoch 130/1000, Train Loss: 0.4626, Validation Loss: 3.0680
Epoch 131/1000, Train Loss: 0.4593, Validation Loss: 0.5321
Epoch 132/1000, Train Loss: 0.4641, Validation Loss: 1.5014
Epoch 133/1000, Train Loss: 0.4608, Validation Loss: 3.8003
Epoch 134/1000, Train Loss: 0.4676, Validation Loss: 1.6888
Epoch 135/1000, Train Loss: 0.4470, Validation Loss: 0.8354
Epoch 136/1000, Train Loss: 0.4595, Validation Loss: 1.3891
Epoch 137/1000, Train Loss: 0.4553, Validation Loss: 3.2941
Epoch 138/1000, Train Loss: 0.4513, Validation Loss: 0.7522
Epoch 139/1000, Train Loss: 0.4492, Validation Loss: 0.7288
Epoch 140/1000, Train Loss: 0.4469, Validation Loss: 0.6805
Epoch 141/1000, Train Loss: 0.4460, Validation Loss: 1.5453
Epoch 142/1000, Train Loss: 0.4594, Validation Loss: 0.8217
Epoch 143/1000, Train Loss: 0.4601, Validation Loss: 0.7184
Epoch 144/1000, Train Loss: 0.4566, Validation Loss: 0.7040
Epoch 145/1000, Train Loss: 0.4406, Validation Loss: 1.0626
Epoch 146/1000, Train Loss: 0.4475, Validation Loss: 2.6851
Epoch 147/1000, Train Loss: 0.4532, Validation Loss: 2.8371
Epoch 148/1000, Train Loss: 0.4524, Validation Loss: 1.6730
Epoch 149/1000, Train Loss: 0.4511, Validation Loss: 0.5866
Epoch 150/1000, Train Loss: 0.4481, Validation Loss: 1.3031
Epoch 151/1000, Train Loss: 0.4522, Validation Loss: 0.4396
Epoch 152/1000, Train Loss: 0.4533, Validation Loss: 2.2518
Epoch 153/1000, Train Loss: 0.4444, Validation Loss: 2.3623
Epoch 154/1000, Train Loss: 0.4540, Validation Loss: 0.7591
Epoch 155/1000, Train Loss: 0.4457, Validation Loss: 0.6077
Epoch 156/1000, Train Loss: 0.4420, Validation Loss: 0.8259
Epoch 157/1000, Train Loss: 0.4436, Validation Loss: 1.3391
Epoch 158/1000, Train Loss: 0.4407, Validation Loss: 0.4357
Epoch 159/1000, Train Loss: 0.4461, Validation Loss: 0.7381
Epoch 160/1000, Train Loss: 0.4587, Validation Loss: 0.8430
Epoch 161/1000, Train Loss: 0.4471, Validation Loss: 1.4291
Epoch 162/1000, Train Loss: 0.4408, Validation Loss: 0.5400
Epoch 163/1000, Train Loss: 0.4354, Validation Loss: 0.9450
Epoch 164/1000, Train Loss: 0.4355, Validation Loss: 2.0529
Epoch 165/1000, Train Loss: 0.4430, Validation Loss: 8.0218
Epoch 166/1000, Train Loss: 0.4374, Validation Loss: 1.0038
Epoch 167/1000, Train Loss: 0.4351, Validation Loss: 1.2878
Epoch 168/1000, Train Loss: 0.4473, Validation Loss: 0.6819
Epoch 169/1000, Train Loss: 0.4433, Validation Loss: 1.2987
Epoch 170/1000, Train Loss: 0.4485, Validation Loss: 0.7635
Epoch 171/1000, Train Loss: 0.4503, Validation Loss: 1.8971
Epoch 172/1000, Train Loss: 0.4383, Validation Loss: 3.0933
Epoch 173/1000, Train Loss: 0.4359, Validation Loss: 6.1946
Epoch 174/1000, Train Loss: 0.4596, Validation Loss: 0.5824
Epoch 175/1000, Train Loss: 0.4368, Validation Loss: 0.4166
Epoch 176/1000, Train Loss: 0.4510, Validation Loss: 0.7160
Epoch 177/1000, Train Loss: 0.4414, Validation Loss: 2.1959
Epoch 178/1000, Train Loss: 0.4374, Validation Loss: 0.9421
Epoch 179/1000, Train Loss: 0.4295, Validation Loss: 1.3322
Epoch 180/1000, Train Loss: 0.4373, Validation Loss: 0.8233
Epoch 181/1000, Train Loss: 0.4319, Validation Loss: 0.8841
Epoch 182/1000, Train Loss: 0.4787, Validation Loss: 1.4615
Epoch 183/1000, Train Loss: 0.4412, Validation Loss: 2.3425
Epoch 184/1000, Train Loss: 0.4386, Validation Loss: 0.4893
Epoch 185/1000, Train Loss: 0.4405, Validation Loss: 0.5015
Epoch 186/1000, Train Loss: 0.4414, Validation Loss: 0.4109
Epoch 187/1000, Train Loss: 0.4353, Validation Loss: 0.6111
Epoch 188/1000, Train Loss: 0.4324, Validation Loss: 0.6982
Epoch 189/1000, Train Loss: 0.4465, Validation Loss: 1.0625
Epoch 190/1000, Train Loss: 0.4338, Validation Loss: 10.0944
Epoch 191/1000, Train Loss: 0.4338, Validation Loss: 0.6818
Epoch 192/1000, Train Loss: 0.4490, Validation Loss: 1.2360
Epoch 193/1000, Train Loss: 0.4349, Validation Loss: 0.6649
Epoch 194/1000, Train Loss: 0.4350, Validation Loss: 0.7175
Epoch 195/1000, Train Loss: 0.4412, Validation Loss: 1.3595
Epoch 196/1000, Train Loss: 0.4300, Validation Loss: 1.4586
Epoch 197/1000, Train Loss: 0.4281, Validation Loss: 0.8188
Epoch 198/1000, Train Loss: 0.4241, Validation Loss: 1.1993
Epoch 199/1000, Train Loss: 0.4310, Validation Loss: 1.5898
Epoch 200/1000, Train Loss: 0.4347, Validation Loss: 2.1533
Epoch 201/1000, Train Loss: 0.4316, Validation Loss: 2.0484
Epoch 202/1000, Train Loss: 0.4294, Validation Loss: 1.1444
Epoch 203/1000, Train Loss: 0.4273, Validation Loss: 1.1233
Epoch 204/1000, Train Loss: 0.4298, Validation Loss: 0.4853
Epoch 205/1000, Train Loss: 0.4286, Validation Loss: 5.1662
Epoch 206/1000, Train Loss: 0.4400, Validation Loss: 1.1452
Epoch 207/1000, Train Loss: 0.4341, Validation Loss: 1.4984
Epoch 208/1000, Train Loss: 0.4335, Validation Loss: 1.4923
Epoch 209/1000, Train Loss: 0.4394, Validation Loss: 2.0456
Epoch 210/1000, Train Loss: 0.4240, Validation Loss: 0.5234
Epoch 211/1000, Train Loss: 0.4343, Validation Loss: 1.8381
Epoch 212/1000, Train Loss: 0.4274, Validation Loss: 1.1119
Epoch 213/1000, Train Loss: 0.4291, Validation Loss: 1.3748
Epoch 214/1000, Train Loss: 0.4295, Validation Loss: 0.9471
Epoch 215/1000, Train Loss: 0.4390, Validation Loss: 1.5148
Epoch 216/1000, Train Loss: 0.4335, Validation Loss: 1.3745
Epoch 217/1000, Train Loss: 0.4267, Validation Loss: 0.8378
Epoch 218/1000, Train Loss: 0.4252, Validation Loss: 0.7710
Epoch 219/1000, Train Loss: 0.4302, Validation Loss: 5.4399
Epoch 220/1000, Train Loss: 0.4229, Validation Loss: 6.2310
Epoch 221/1000, Train Loss: 0.4283, Validation Loss: 0.8406
Epoch 222/1000, Train Loss: 0.4389, Validation Loss: 0.8368
Epoch 223/1000, Train Loss: 0.4384, Validation Loss: 0.7751
Epoch 224/1000, Train Loss: 0.4156, Validation Loss: 0.6706
Epoch 225/1000, Train Loss: 0.4205, Validation Loss: 3.4105
Epoch 226/1000, Train Loss: 0.4192, Validation Loss: 0.9189
Epoch 227/1000, Train Loss: 0.4178, Validation Loss: 0.9267
Epoch 228/1000, Train Loss: 0.4303, Validation Loss: 0.6843
Epoch 229/1000, Train Loss: 0.4172, Validation Loss: 0.8701
Epoch 230/1000, Train Loss: 0.4196, Validation Loss: 0.9180
Epoch 231/1000, Train Loss: 0.4207, Validation Loss: 12.0545
Epoch 232/1000, Train Loss: 0.4498, Validation Loss: 0.5481
Epoch 233/1000, Train Loss: 0.4416, Validation Loss: 0.4906
Epoch 234/1000, Train Loss: 0.4273, Validation Loss: 0.7013
Epoch 235/1000, Train Loss: 0.4298, Validation Loss: 3.4568
Epoch 236/1000, Train Loss: 0.4222, Validation Loss: 0.7551
Epoch 237/1000, Train Loss: 0.4220, Validation Loss: 0.8798
Epoch 238/1000, Train Loss: 0.4225, Validation Loss: 1.7243
Epoch 239/1000, Train Loss: 0.4193, Validation Loss: 1.2438
Epoch 240/1000, Train Loss: 0.4212, Validation Loss: 1.7272
Epoch 241/1000, Train Loss: 0.4255, Validation Loss: 0.8643
Epoch 242/1000, Train Loss: 0.4117, Validation Loss: 1.1236
Epoch 243/1000, Train Loss: 0.4218, Validation Loss: 1.4716
Epoch 244/1000, Train Loss: 0.4186, Validation Loss: 5.8998
Epoch 245/1000, Train Loss: 0.4151, Validation Loss: 0.5462
Epoch 246/1000, Train Loss: 0.4178, Validation Loss: 1.0227
Epoch 247/1000, Train Loss: 0.4176, Validation Loss: 0.6667
Epoch 248/1000, Train Loss: 0.4164, Validation Loss: 1.7940
Epoch 249/1000, Train Loss: 0.4219, Validation Loss: 0.6701
Epoch 250/1000, Train Loss: 0.4184, Validation Loss: 1.7731
Epoch 251/1000, Train Loss: 0.4334, Validation Loss: 1.6191
Epoch 252/1000, Train Loss: 0.4256, Validation Loss: 0.6812
Epoch 253/1000, Train Loss: 0.4274, Validation Loss: 1.6680
Epoch 254/1000, Train Loss: 0.4276, Validation Loss: 1.4627
Epoch 255/1000, Train Loss: 0.4226, Validation Loss: 0.8922
Epoch 256/1000, Train Loss: 0.4192, Validation Loss: 0.8911
Epoch 257/1000, Train Loss: 0.4254, Validation Loss: 7.0256
Epoch 258/1000, Train Loss: 0.4224, Validation Loss: 0.7981
Epoch 259/1000, Train Loss: 0.4168, Validation Loss: 0.5165
Epoch 260/1000, Train Loss: 0.4170, Validation Loss: 0.8222
Epoch 261/1000, Train Loss: 0.4144, Validation Loss: 9.5086
Epoch 262/1000, Train Loss: 0.4241, Validation Loss: 2.2501
Epoch 263/1000, Train Loss: 0.4208, Validation Loss: 0.7050
Epoch 264/1000, Train Loss: 0.4190, Validation Loss: 1.0265
Epoch 265/1000, Train Loss: 0.4218, Validation Loss: 0.8413
Epoch 266/1000, Train Loss: 0.4188, Validation Loss: 5.1413
Epoch 267/1000, Train Loss: 0.4259, Validation Loss: 0.6481
Epoch 268/1000, Train Loss: 0.4154, Validation Loss: 3.7945
Epoch 269/1000, Train Loss: 0.4102, Validation Loss: 6.9095
Epoch 270/1000, Train Loss: 0.4178, Validation Loss: 0.5202
Epoch 271/1000, Train Loss: 0.4219, Validation Loss: 0.5414
Epoch 272/1000, Train Loss: 0.4201, Validation Loss: 0.9118
Epoch 273/1000, Train Loss: 0.4200, Validation Loss: 0.7069
Epoch 274/1000, Train Loss: 0.4202, Validation Loss: 2.3489
Epoch 275/1000, Train Loss: 0.4131, Validation Loss: 4.0599
Epoch 276/1000, Train Loss: 0.4050, Validation Loss: 0.6502
Epoch 277/1000, Train Loss: 0.4112, Validation Loss: 0.7662
Epoch 278/1000, Train Loss: 0.4124, Validation Loss: 0.6714
Epoch 279/1000, Train Loss: 0.4183, Validation Loss: 1.7821
Epoch 280/1000, Train Loss: 0.4127, Validation Loss: 1.4530
Epoch 281/1000, Train Loss: 0.4168, Validation Loss: 1.5498
Epoch 282/1000, Train Loss: 0.4134, Validation Loss: 0.7808
Epoch 283/1000, Train Loss: 0.4149, Validation Loss: 0.4791
Epoch 284/1000, Train Loss: 0.4044, Validation Loss: 0.5369
Epoch 285/1000, Train Loss: 0.4175, Validation Loss: 1.0140
Epoch 286/1000, Train Loss: 0.4221, Validation Loss: 0.8739
Epoch 287/1000, Train Loss: 0.4095, Validation Loss: 4.9848
Epoch 288/1000, Train Loss: 0.4095, Validation Loss: 12.5821
Epoch 289/1000, Train Loss: 0.4100, Validation Loss: 1.8594
Epoch 290/1000, Train Loss: 0.4083, Validation Loss: 0.4491
Epoch 291/1000, Train Loss: 0.4140, Validation Loss: 0.4326
Epoch 292/1000, Train Loss: 0.4100, Validation Loss: 2.1568
Epoch 293/1000, Train Loss: 0.4149, Validation Loss: 3.7948
Epoch 294/1000, Train Loss: 0.4090, Validation Loss: 0.7292
Epoch 295/1000, Train Loss: 0.4126, Validation Loss: 0.8803
Epoch 296/1000, Train Loss: 0.4154, Validation Loss: 0.7389
Epoch 297/1000, Train Loss: 0.4089, Validation Loss: 1.2856
Epoch 298/1000, Train Loss: 0.4118, Validation Loss: 1.8640
Epoch 299/1000, Train Loss: 0.4138, Validation Loss: 0.7077
Epoch 300/1000, Train Loss: 0.4139, Validation Loss: 1.0920
Epoch 301/1000, Train Loss: 0.4178, Validation Loss: 0.9322
Epoch 302/1000, Train Loss: 0.4173, Validation Loss: 0.6352
Epoch 303/1000, Train Loss: 0.4194, Validation Loss: 8.0672
Epoch 304/1000, Train Loss: 0.4117, Validation Loss: 0.7017
Epoch 305/1000, Train Loss: 0.4123, Validation Loss: 1.7114
Epoch 306/1000, Train Loss: 0.4150, Validation Loss: 0.5031
Epoch 307/1000, Train Loss: 0.4155, Validation Loss: 0.7006
Epoch 308/1000, Train Loss: 0.4199, Validation Loss: 0.8914
Epoch 309/1000, Train Loss: 0.4151, Validation Loss: 1.1755
Epoch 310/1000, Train Loss: 0.4210, Validation Loss: 1.7774
Epoch 311/1000, Train Loss: 0.4172, Validation Loss: 1.1364
Epoch 312/1000, Train Loss: 0.4112, Validation Loss: 9.2623
Epoch 313/1000, Train Loss: 0.4186, Validation Loss: 0.5412
Epoch 314/1000, Train Loss: 0.4190, Validation Loss: 1.1607
Epoch 315/1000, Train Loss: 0.4016, Validation Loss: 1.1639
Epoch 316/1000, Train Loss: 0.4080, Validation Loss: 1.2399
Epoch 317/1000, Train Loss: 0.4136, Validation Loss: 0.4729
Epoch 318/1000, Train Loss: 0.4173, Validation Loss: 0.5570
Epoch 319/1000, Train Loss: 0.4005, Validation Loss: 0.6517
Epoch 320/1000, Train Loss: 0.4064, Validation Loss: 5.2579
Epoch 321/1000, Train Loss: 0.4104, Validation Loss: 0.6760
Epoch 322/1000, Train Loss: 0.4078, Validation Loss: 3.0171
Epoch 323/1000, Train Loss: 0.4015, Validation Loss: 1.0291
Epoch 324/1000, Train Loss: 0.4086, Validation Loss: 0.8340
Epoch 325/1000, Train Loss: 0.4157, Validation Loss: 1.4313
Epoch 326/1000, Train Loss: 0.4023, Validation Loss: 0.6347
Epoch 327/1000, Train Loss: 0.4057, Validation Loss: 1.5931
Epoch 328/1000, Train Loss: 0.4041, Validation Loss: 2.0771
Epoch 329/1000, Train Loss: 0.4107, Validation Loss: 0.6949
Epoch 330/1000, Train Loss: 0.4145, Validation Loss: 0.7500
Epoch 331/1000, Train Loss: 0.4068, Validation Loss: 0.5526
Epoch 332/1000, Train Loss: 0.4050, Validation Loss: 2.1281
Epoch 333/1000, Train Loss: 0.4016, Validation Loss: 1.3035
Epoch 334/1000, Train Loss: 0.4078, Validation Loss: 1.6434
Epoch 335/1000, Train Loss: 0.4134, Validation Loss: 8.2414
Epoch 336/1000, Train Loss: 0.4024, Validation Loss: 0.7428
Epoch 337/1000, Train Loss: 0.4035, Validation Loss: 0.9436
Epoch 338/1000, Train Loss: 0.4113, Validation Loss: 0.4999
Epoch 339/1000, Train Loss: 0.4098, Validation Loss: 0.7760
Epoch 340/1000, Train Loss: 0.3993, Validation Loss: 0.7978
Epoch 341/1000, Train Loss: 0.4083, Validation Loss: 5.3391
Epoch 342/1000, Train Loss: 0.4050, Validation Loss: 0.4719
Epoch 343/1000, Train Loss: 0.4039, Validation Loss: 2.7368
Epoch 344/1000, Train Loss: 0.4103, Validation Loss: 1.0122
Epoch 345/1000, Train Loss: 0.4248, Validation Loss: 2.4808
Epoch 346/1000, Train Loss: 0.4106, Validation Loss: 1.0618
Epoch 347/1000, Train Loss: 0.4096, Validation Loss: 4.4957
Epoch 348/1000, Train Loss: 0.4035, Validation Loss: 0.6446
Epoch 349/1000, Train Loss: 0.3997, Validation Loss: 1.0472
Epoch 350/1000, Train Loss: 0.4046, Validation Loss: 5.7727
Epoch 351/1000, Train Loss: 0.4039, Validation Loss: 3.2649
Epoch 352/1000, Train Loss: 0.4089, Validation Loss: 1.5761
Epoch 353/1000, Train Loss: 0.4067, Validation Loss: 4.4200
Epoch 354/1000, Train Loss: 0.4016, Validation Loss: 0.8598
Epoch 355/1000, Train Loss: 0.3978, Validation Loss: 0.9338
Epoch 356/1000, Train Loss: 0.4032, Validation Loss: 1.2641
Epoch 357/1000, Train Loss: 0.3981, Validation Loss: 0.9500
Epoch 358/1000, Train Loss: 0.4089, Validation Loss: 1.5907
Epoch 359/1000, Train Loss: 0.4100, Validation Loss: 0.5685
Epoch 360/1000, Train Loss: 0.4043, Validation Loss: 1.2804
Epoch 361/1000, Train Loss: 0.4028, Validation Loss: 0.7051
Epoch 362/1000, Train Loss: 0.4120, Validation Loss: 0.9865
Epoch 363/1000, Train Loss: 0.4088, Validation Loss: 1.5260
Epoch 364/1000, Train Loss: 0.4038, Validation Loss: 1.6745
Epoch 365/1000, Train Loss: 0.4036, Validation Loss: 0.7040
Epoch 366/1000, Train Loss: 0.4027, Validation Loss: 2.5143
Epoch 367/1000, Train Loss: 0.4097, Validation Loss: 1.4902
Epoch 368/1000, Train Loss: 0.3957, Validation Loss: 0.9087
Epoch 369/1000, Train Loss: 0.3951, Validation Loss: 1.7883
Epoch 370/1000, Train Loss: 0.3995, Validation Loss: 2.0137
Epoch 371/1000, Train Loss: 0.4015, Validation Loss: 0.8176
Epoch 372/1000, Train Loss: 0.4061, Validation Loss: 0.4655
Epoch 373/1000, Train Loss: 0.3995, Validation Loss: 0.3796
Epoch 374/1000, Train Loss: 0.3989, Validation Loss: 3.4174
Epoch 375/1000, Train Loss: 0.3986, Validation Loss: 0.5116
Epoch 376/1000, Train Loss: 0.4036, Validation Loss: 3.5354
Epoch 377/1000, Train Loss: 0.4075, Validation Loss: 0.5120
Epoch 378/1000, Train Loss: 0.4026, Validation Loss: 3.1975
Epoch 379/1000, Train Loss: 0.4021, Validation Loss: 3.2133
Epoch 380/1000, Train Loss: 0.4033, Validation Loss: 1.3259
Epoch 381/1000, Train Loss: 0.4148, Validation Loss: 0.7303
Epoch 382/1000, Train Loss: 0.4049, Validation Loss: 1.5929
Epoch 383/1000, Train Loss: 0.3931, Validation Loss: 3.9540
Epoch 384/1000, Train Loss: 0.4019, Validation Loss: 1.1811
Epoch 385/1000, Train Loss: 0.3999, Validation Loss: 4.9600
Epoch 386/1000, Train Loss: 0.3999, Validation Loss: 0.4720
Epoch 387/1000, Train Loss: 0.4059, Validation Loss: 4.8316
Epoch 388/1000, Train Loss: 0.4044, Validation Loss: 1.5025
Epoch 389/1000, Train Loss: 0.3961, Validation Loss: 9.2883
Epoch 390/1000, Train Loss: 0.4109, Validation Loss: 0.7999
Epoch 391/1000, Train Loss: 0.4042, Validation Loss: 0.7661
Epoch 392/1000, Train Loss: 0.3990, Validation Loss: 0.6695
Epoch 393/1000, Train Loss: 0.4038, Validation Loss: 5.8295
Epoch 394/1000, Train Loss: 0.4044, Validation Loss: 0.8333
Epoch 395/1000, Train Loss: 0.3899, Validation Loss: 6.6386
Epoch 396/1000, Train Loss: 0.4006, Validation Loss: 7.5721
Epoch 397/1000, Train Loss: 0.3953, Validation Loss: 2.5354
Epoch 398/1000, Train Loss: 0.3969, Validation Loss: 0.9110
Epoch 399/1000, Train Loss: 0.3917, Validation Loss: 0.8530
Epoch 400/1000, Train Loss: 0.4032, Validation Loss: 0.6676
Epoch 401/1000, Train Loss: 0.3973, Validation Loss: 0.8154
Epoch 402/1000, Train Loss: 0.4002, Validation Loss: 1.2335
Epoch 403/1000, Train Loss: 0.3922, Validation Loss: 0.6799
Epoch 404/1000, Train Loss: 0.3948, Validation Loss: 0.6401
Epoch 405/1000, Train Loss: 0.4039, Validation Loss: 1.0259
Epoch 406/1000, Train Loss: 0.3974, Validation Loss: 1.4212
Epoch 407/1000, Train Loss: 0.4022, Validation Loss: 0.5542
Epoch 408/1000, Train Loss: 0.3880, Validation Loss: 0.9602
Epoch 409/1000, Train Loss: 0.3898, Validation Loss: 4.9416
Epoch 410/1000, Train Loss: 0.4068, Validation Loss: 0.7607
Epoch 411/1000, Train Loss: 0.3989, Validation Loss: 0.6630
Epoch 412/1000, Train Loss: 0.3903, Validation Loss: 0.6390
Epoch 413/1000, Train Loss: 0.4025, Validation Loss: 2.0049
Epoch 414/1000, Train Loss: 0.3943, Validation Loss: 1.7123
Epoch 415/1000, Train Loss: 0.3993, Validation Loss: 0.4266
Epoch 416/1000, Train Loss: 0.3984, Validation Loss: 0.7780
Epoch 417/1000, Train Loss: 0.3980, Validation Loss: 0.5598
Epoch 418/1000, Train Loss: 0.4067, Validation Loss: 0.6272
Epoch 419/1000, Train Loss: 0.4006, Validation Loss: 0.5075
Epoch 420/1000, Train Loss: 0.3968, Validation Loss: 6.5707
Epoch 421/1000, Train Loss: 0.3972, Validation Loss: 4.1785
Epoch 422/1000, Train Loss: 0.4024, Validation Loss: 3.0095
Epoch 423/1000, Train Loss: 0.4027, Validation Loss: 0.9481
Epoch 424/1000, Train Loss: 0.4006, Validation Loss: 2.7558
Epoch 425/1000, Train Loss: 0.4031, Validation Loss: 6.2989
Epoch 426/1000, Train Loss: 0.3998, Validation Loss: 1.2306
Epoch 427/1000, Train Loss: 0.3975, Validation Loss: 0.6794
Epoch 428/1000, Train Loss: 0.4041, Validation Loss: 5.3712
Epoch 429/1000, Train Loss: 0.4040, Validation Loss: 1.0347
Epoch 430/1000, Train Loss: 0.3968, Validation Loss: 4.6174
Epoch 431/1000, Train Loss: 0.3968, Validation Loss: 0.7498
Epoch 432/1000, Train Loss: 0.4055, Validation Loss: 0.3976
Epoch 433/1000, Train Loss: 0.4086, Validation Loss: 0.6631
Epoch 434/1000, Train Loss: 0.3964, Validation Loss: 1.0374
Epoch 435/1000, Train Loss: 0.3954, Validation Loss: 3.9222
Epoch 436/1000, Train Loss: 0.3952, Validation Loss: 0.5940
Epoch 437/1000, Train Loss: 0.4025, Validation Loss: 1.0178
Epoch 438/1000, Train Loss: 0.4016, Validation Loss: 1.1590
Epoch 439/1000, Train Loss: 0.3968, Validation Loss: 1.1204
Epoch 440/1000, Train Loss: 0.4015, Validation Loss: 1.2123
Epoch 441/1000, Train Loss: 0.3901, Validation Loss: 4.9581
Epoch 442/1000, Train Loss: 0.3894, Validation Loss: 0.3984
Epoch 443/1000, Train Loss: 0.3904, Validation Loss: 0.5973
Epoch 444/1000, Train Loss: 0.4179, Validation Loss: 1.1592
Epoch 445/1000, Train Loss: 0.4005, Validation Loss: 1.1416
Epoch 446/1000, Train Loss: 0.3934, Validation Loss: 1.2384
Epoch 447/1000, Train Loss: 0.4011, Validation Loss: 1.2028
Epoch 448/1000, Train Loss: 0.3951, Validation Loss: 1.4029
Epoch 449/1000, Train Loss: 0.3967, Validation Loss: 0.5455
Epoch 450/1000, Train Loss: 0.3946, Validation Loss: 2.0306
Epoch 451/1000, Train Loss: 0.3866, Validation Loss: 0.3877
Epoch 452/1000, Train Loss: 0.4016, Validation Loss: 0.5568
Epoch 453/1000, Train Loss: 0.3904, Validation Loss: 1.2838
Epoch 454/1000, Train Loss: 0.3933, Validation Loss: 1.3188
Epoch 455/1000, Train Loss: 0.3917, Validation Loss: 1.2126
Epoch 456/1000, Train Loss: 0.4005, Validation Loss: 0.6482
Epoch 457/1000, Train Loss: 0.3973, Validation Loss: 0.4602
Epoch 458/1000, Train Loss: 0.3944, Validation Loss: 0.7639
Epoch 459/1000, Train Loss: 0.3892, Validation Loss: 2.3576
Epoch 460/1000, Train Loss: 0.3907, Validation Loss: 0.9568
Epoch 461/1000, Train Loss: 0.4105, Validation Loss: 0.4849
Epoch 462/1000, Train Loss: 0.3954, Validation Loss: 0.8856
Epoch 463/1000, Train Loss: 0.4020, Validation Loss: 0.5254
Epoch 464/1000, Train Loss: 0.3864, Validation Loss: 0.6385
Epoch 465/1000, Train Loss: 0.3923, Validation Loss: 1.1979
Epoch 466/1000, Train Loss: 0.4042, Validation Loss: 0.6019
Epoch 467/1000, Train Loss: 0.4299, Validation Loss: 1.7900
Epoch 468/1000, Train Loss: 0.4033, Validation Loss: 3.2716
Epoch 469/1000, Train Loss: 0.3916, Validation Loss: 1.5348
Epoch 470/1000, Train Loss: 0.4051, Validation Loss: 7.5489
Epoch 471/1000, Train Loss: 0.3905, Validation Loss: 0.4985
Epoch 472/1000, Train Loss: 0.3913, Validation Loss: 2.4458
Epoch 473/1000, Train Loss: 0.3900, Validation Loss: 0.6644
Epoch 474/1000, Train Loss: 0.3957, Validation Loss: 1.5511
Epoch 475/1000, Train Loss: 0.3994, Validation Loss: 0.5830
Epoch 476/1000, Train Loss: 0.3915, Validation Loss: 0.7137
Epoch 477/1000, Train Loss: 0.3895, Validation Loss: 2.2108
Epoch 478/1000, Train Loss: 0.3884, Validation Loss: 0.8127
Epoch 479/1000, Train Loss: 0.3917, Validation Loss: 1.0207
Epoch 480/1000, Train Loss: 0.4052, Validation Loss: 0.4250
Epoch 481/1000, Train Loss: 0.3946, Validation Loss: 0.4822
Epoch 482/1000, Train Loss: 0.3863, Validation Loss: 2.7607
Epoch 483/1000, Train Loss: 0.3936, Validation Loss: 0.5660
Epoch 484/1000, Train Loss: 0.3959, Validation Loss: 0.5826
Epoch 485/1000, Train Loss: 0.4046, Validation Loss: 0.8296
Epoch 486/1000, Train Loss: 0.3943, Validation Loss: 1.5172
Epoch 487/1000, Train Loss: 0.3946, Validation Loss: 2.3434
Epoch 488/1000, Train Loss: 0.3972, Validation Loss: 0.7134
Epoch 489/1000, Train Loss: 0.3988, Validation Loss: 0.5999
Epoch 490/1000, Train Loss: 0.4004, Validation Loss: 0.8455
Epoch 491/1000, Train Loss: 0.3842, Validation Loss: 1.9918
Epoch 492/1000, Train Loss: 0.4009, Validation Loss: 1.0837
Epoch 493/1000, Train Loss: 0.3946, Validation Loss: 2.1208
Epoch 494/1000, Train Loss: 0.3900, Validation Loss: 0.9927
Epoch 495/1000, Train Loss: 0.3971, Validation Loss: 0.8450
Epoch 496/1000, Train Loss: 0.4014, Validation Loss: 2.1482
Epoch 497/1000, Train Loss: 0.3872, Validation Loss: 0.6407
Epoch 498/1000, Train Loss: 0.3988, Validation Loss: 1.4139
Epoch 499/1000, Train Loss: 0.3967, Validation Loss: 0.5035
Epoch 500/1000, Train Loss: 0.3937, Validation Loss: 1.0375
Epoch 501/1000, Train Loss: 0.3959, Validation Loss: 1.1795
Epoch 502/1000, Train Loss: 0.4030, Validation Loss: 0.4735
Epoch 503/1000, Train Loss: 0.4002, Validation Loss: 0.4382
Epoch 504/1000, Train Loss: 0.4027, Validation Loss: 7.7131
Epoch 505/1000, Train Loss: 0.3847, Validation Loss: 0.9817
Epoch 506/1000, Train Loss: 0.3949, Validation Loss: 0.6832
Epoch 507/1000, Train Loss: 0.3989, Validation Loss: 2.6027
Epoch 508/1000, Train Loss: 0.3841, Validation Loss: 0.6546
Epoch 509/1000, Train Loss: 0.4037, Validation Loss: 1.4949
Epoch 510/1000, Train Loss: 0.3919, Validation Loss: 1.9288
Epoch 511/1000, Train Loss: 0.3867, Validation Loss: 0.7163
Epoch 512/1000, Train Loss: 0.4072, Validation Loss: 1.4076
Epoch 513/1000, Train Loss: 0.3906, Validation Loss: 0.4554
Epoch 514/1000, Train Loss: 0.3921, Validation Loss: 7.5970
Epoch 515/1000, Train Loss: 0.3964, Validation Loss: 1.1142
Epoch 516/1000, Train Loss: 0.3909, Validation Loss: 1.2585
Epoch 517/1000, Train Loss: 0.3910, Validation Loss: 1.3051
Epoch 518/1000, Train Loss: 0.3978, Validation Loss: 0.6193
Epoch 519/1000, Train Loss: 0.3887, Validation Loss: 0.6847
Epoch 520/1000, Train Loss: 0.4058, Validation Loss: 0.6984
Epoch 521/1000, Train Loss: 0.3881, Validation Loss: 1.0525
Epoch 522/1000, Train Loss: 0.3869, Validation Loss: 0.7124
Epoch 523/1000, Train Loss: 0.3938, Validation Loss: 1.6275
Epoch 524/1000, Train Loss: 0.3895, Validation Loss: 2.0265
Epoch 525/1000, Train Loss: 0.3832, Validation Loss: 0.7848
Epoch 526/1000, Train Loss: 0.3884, Validation Loss: 1.8140
Epoch 527/1000, Train Loss: 0.3911, Validation Loss: 0.7556
Epoch 528/1000, Train Loss: 0.3853, Validation Loss: 0.6335
Epoch 529/1000, Train Loss: 0.3906, Validation Loss: 1.7676
Epoch 530/1000, Train Loss: 0.4050, Validation Loss: 1.1339
Epoch 531/1000, Train Loss: 0.3838, Validation Loss: 7.6687
Epoch 532/1000, Train Loss: 0.3894, Validation Loss: 0.6550
Epoch 533/1000, Train Loss: 0.5553, Validation Loss: 0.6076
Epoch 534/1000, Train Loss: 0.4043, Validation Loss: 0.7450
Epoch 535/1000, Train Loss: 0.3868, Validation Loss: 1.3401
Epoch 536/1000, Train Loss: 0.3851, Validation Loss: 0.7320
Epoch 537/1000, Train Loss: 0.3886, Validation Loss: 1.1499
Epoch 538/1000, Train Loss: 0.3852, Validation Loss: 0.5498
Epoch 539/1000, Train Loss: 0.3899, Validation Loss: 0.6349
Epoch 540/1000, Train Loss: 0.3881, Validation Loss: 0.5073
Epoch 541/1000, Train Loss: 0.3970, Validation Loss: 4.9864
Epoch 542/1000, Train Loss: 0.3877, Validation Loss: 3.4263
Epoch 543/1000, Train Loss: 0.3964, Validation Loss: 3.1870
Epoch 544/1000, Train Loss: 0.3930, Validation Loss: 2.8352
Epoch 545/1000, Train Loss: 0.3996, Validation Loss: 2.7812
Epoch 546/1000, Train Loss: 0.3947, Validation Loss: 0.7117
Epoch 547/1000, Train Loss: 0.4047, Validation Loss: 0.6890
Epoch 548/1000, Train Loss: 0.3848, Validation Loss: 1.8414
Epoch 549/1000, Train Loss: 0.3893, Validation Loss: 2.1169
Epoch 550/1000, Train Loss: 0.3991, Validation Loss: 0.7471
Epoch 551/1000, Train Loss: 0.3969, Validation Loss: 1.0483
Epoch 552/1000, Train Loss: 0.3954, Validation Loss: 1.3264
Epoch 553/1000, Train Loss: 0.3854, Validation Loss: 0.7069
Epoch 554/1000, Train Loss: 0.3860, Validation Loss: 3.2408
Epoch 555/1000, Train Loss: 0.3844, Validation Loss: 1.1970
Epoch 556/1000, Train Loss: 0.3848, Validation Loss: 1.2427
Epoch 557/1000, Train Loss: 0.3838, Validation Loss: 0.5784
Epoch 558/1000, Train Loss: 0.3859, Validation Loss: 1.1042
Epoch 559/1000, Train Loss: 0.3858, Validation Loss: 1.4224
Epoch 560/1000, Train Loss: 0.4362, Validation Loss: 1.7778
Epoch 561/1000, Train Loss: 0.3967, Validation Loss: 0.8765
Epoch 562/1000, Train Loss: 0.3879, Validation Loss: 0.7537
Epoch 563/1000, Train Loss: 0.3859, Validation Loss: 0.9661
Epoch 564/1000, Train Loss: 0.3999, Validation Loss: 1.0090
Epoch 565/1000, Train Loss: 0.3902, Validation Loss: 1.4220
Epoch 566/1000, Train Loss: 0.3842, Validation Loss: 1.8231
Epoch 567/1000, Train Loss: 0.3909, Validation Loss: 1.1092
Epoch 568/1000, Train Loss: 0.3826, Validation Loss: 0.9666
Epoch 569/1000, Train Loss: 0.3859, Validation Loss: 1.2190
Epoch 570/1000, Train Loss: 0.3921, Validation Loss: 1.4468
Epoch 571/1000, Train Loss: 0.3852, Validation Loss: 1.2404
Epoch 572/1000, Train Loss: 0.3879, Validation Loss: 1.2439
Epoch 573/1000, Train Loss: 0.3842, Validation Loss: 1.2864
Epoch 574/1000, Train Loss: 0.3933, Validation Loss: 4.1020
Epoch 575/1000, Train Loss: 0.3866, Validation Loss: 4.0340
Epoch 576/1000, Train Loss: 0.3825, Validation Loss: 2.7830
Epoch 577/1000, Train Loss: 0.3846, Validation Loss: 5.7654
Epoch 578/1000, Train Loss: 0.3822, Validation Loss: 1.0756
Epoch 579/1000, Train Loss: 0.3770, Validation Loss: 0.4738
Epoch 580/1000, Train Loss: 0.3907, Validation Loss: 1.5962
Epoch 581/1000, Train Loss: 0.3848, Validation Loss: 2.4381
Epoch 582/1000, Train Loss: 0.3960, Validation Loss: 0.5950
Epoch 583/1000, Train Loss: 0.3842, Validation Loss: 2.2245
Epoch 584/1000, Train Loss: 0.3868, Validation Loss: 2.1731
Epoch 585/1000, Train Loss: 0.3809, Validation Loss: 2.1054
Epoch 586/1000, Train Loss: 0.4020, Validation Loss: 1.2611
Epoch 587/1000, Train Loss: 0.3846, Validation Loss: 2.4398
Epoch 588/1000, Train Loss: 0.3868, Validation Loss: 2.4378
Epoch 589/1000, Train Loss: 0.3896, Validation Loss: 2.8326
Epoch 590/1000, Train Loss: 0.3976, Validation Loss: 4.2024
Epoch 591/1000, Train Loss: 0.3800, Validation Loss: 4.6356
Epoch 592/1000, Train Loss: 0.3857, Validation Loss: 2.6870
Epoch 593/1000, Train Loss: 0.3850, Validation Loss: 9.9471
Epoch 594/1000, Train Loss: 0.3871, Validation Loss: 3.0178
Epoch 595/1000, Train Loss: 0.3881, Validation Loss: 1.4168
Epoch 596/1000, Train Loss: 0.3815, Validation Loss: 0.6244
Epoch 597/1000, Train Loss: 0.3952, Validation Loss: 1.5672
Epoch 598/1000, Train Loss: 0.3886, Validation Loss: 0.5002
Epoch 599/1000, Train Loss: 0.3843, Validation Loss: 0.6691
Epoch 600/1000, Train Loss: 0.3813, Validation Loss: 1.4137
Epoch 601/1000, Train Loss: 0.3909, Validation Loss: 1.5860
Epoch 602/1000, Train Loss: 0.3892, Validation Loss: 0.7950
Epoch 603/1000, Train Loss: 0.3809, Validation Loss: 1.0824
Epoch 604/1000, Train Loss: 0.3857, Validation Loss: 0.5813
Epoch 605/1000, Train Loss: 0.4023, Validation Loss: 0.8939
Epoch 606/1000, Train Loss: 0.3791, Validation Loss: 4.4652
Epoch 607/1000, Train Loss: 0.3918, Validation Loss: 1.8408
Epoch 608/1000, Train Loss: 0.3848, Validation Loss: 0.8773
Epoch 609/1000, Train Loss: 0.3971, Validation Loss: 2.0323
Epoch 610/1000, Train Loss: 0.3822, Validation Loss: 4.1897
Epoch 611/1000, Train Loss: 0.3841, Validation Loss: 1.3258
Epoch 612/1000, Train Loss: 0.3953, Validation Loss: 1.1603
Epoch 613/1000, Train Loss: 0.3910, Validation Loss: 0.5786
Epoch 614/1000, Train Loss: 0.3814, Validation Loss: 4.8800
Epoch 615/1000, Train Loss: 0.3902, Validation Loss: 4.6608
Epoch 616/1000, Train Loss: 0.3801, Validation Loss: 0.6645
Epoch 617/1000, Train Loss: 0.3754, Validation Loss: 1.3152
Epoch 618/1000, Train Loss: 0.3748, Validation Loss: 2.1966
Epoch 619/1000, Train Loss: 0.3911, Validation Loss: 0.8463
Epoch 620/1000, Train Loss: 0.3786, Validation Loss: 1.4754
Epoch 621/1000, Train Loss: 0.3778, Validation Loss: 0.9779
Epoch 622/1000, Train Loss: 0.3748, Validation Loss: 1.5646
Epoch 623/1000, Train Loss: 0.3834, Validation Loss: 2.5656
Epoch 624/1000, Train Loss: 0.3825, Validation Loss: 1.2633
Epoch 625/1000, Train Loss: 0.3847, Validation Loss: 1.1959
Epoch 626/1000, Train Loss: 0.3881, Validation Loss: 0.4717
Epoch 627/1000, Train Loss: 0.3812, Validation Loss: 1.9163
Epoch 628/1000, Train Loss: 0.3927, Validation Loss: 1.1303
Epoch 629/1000, Train Loss: 0.3773, Validation Loss: 13.6687
Epoch 630/1000, Train Loss: 0.3923, Validation Loss: 0.8969
Epoch 631/1000, Train Loss: 0.3808, Validation Loss: 1.0725
Epoch 632/1000, Train Loss: 0.3803, Validation Loss: 0.5347
Epoch 633/1000, Train Loss: 0.3731, Validation Loss: 0.9719
Epoch 634/1000, Train Loss: 0.3863, Validation Loss: 1.8086
Epoch 635/1000, Train Loss: 0.3824, Validation Loss: 0.5768
Epoch 636/1000, Train Loss: 0.3904, Validation Loss: 0.4708
Epoch 637/1000, Train Loss: 0.3847, Validation Loss: 0.7708
Epoch 638/1000, Train Loss: 0.3822, Validation Loss: 1.5719
Epoch 639/1000, Train Loss: 0.3814, Validation Loss: 1.8842
Epoch 640/1000, Train Loss: 0.3784, Validation Loss: 0.4997
Epoch 641/1000, Train Loss: 0.3809, Validation Loss: 0.8507
Epoch 642/1000, Train Loss: 0.3973, Validation Loss: 0.7156
Epoch 643/1000, Train Loss: 0.3871, Validation Loss: 1.0492
Epoch 644/1000, Train Loss: 0.3786, Validation Loss: 0.9452
Epoch 645/1000, Train Loss: 0.3944, Validation Loss: 1.1324
Epoch 646/1000, Train Loss: 0.3837, Validation Loss: 4.3289
Epoch 647/1000, Train Loss: 0.3907, Validation Loss: 0.6609
Epoch 648/1000, Train Loss: 0.3896, Validation Loss: 2.9229
Epoch 649/1000, Train Loss: 0.3819, Validation Loss: 0.7520
Epoch 650/1000, Train Loss: 0.3778, Validation Loss: 0.6629
Epoch 651/1000, Train Loss: 0.3805, Validation Loss: 1.5317
Epoch 652/1000, Train Loss: 0.3797, Validation Loss: 0.6745
Epoch 653/1000, Train Loss: 0.3807, Validation Loss: 1.0293
Epoch 654/1000, Train Loss: 0.3734, Validation Loss: 0.6424
Epoch 655/1000, Train Loss: 0.3904, Validation Loss: 2.4953
Epoch 656/1000, Train Loss: 0.3919, Validation Loss: 1.0017
Epoch 657/1000, Train Loss: 0.3817, Validation Loss: 1.4515
Epoch 658/1000, Train Loss: 0.3776, Validation Loss: 0.6612
Epoch 659/1000, Train Loss: 0.3864, Validation Loss: 3.6562
Epoch 660/1000, Train Loss: 0.3797, Validation Loss: 4.2229
Epoch 661/1000, Train Loss: 0.3782, Validation Loss: 1.6137
Epoch 662/1000, Train Loss: 0.3788, Validation Loss: 1.2157
Epoch 663/1000, Train Loss: 0.3794, Validation Loss: 1.9244
Epoch 664/1000, Train Loss: 0.3738, Validation Loss: 1.6127
Epoch 665/1000, Train Loss: 0.3835, Validation Loss: 0.7262
Epoch 666/1000, Train Loss: 0.3783, Validation Loss: 4.2604
Epoch 667/1000, Train Loss: 0.3767, Validation Loss: 1.3308
Epoch 668/1000, Train Loss: 0.3813, Validation Loss: 4.1535
Epoch 669/1000, Train Loss: 0.3962, Validation Loss: 0.6875
Epoch 670/1000, Train Loss: 0.3789, Validation Loss: 1.6452
Epoch 671/1000, Train Loss: 0.3749, Validation Loss: 0.9088
Epoch 672/1000, Train Loss: 0.3804, Validation Loss: 1.5117
Epoch 673/1000, Train Loss: 0.3804, Validation Loss: 0.6029
Epoch 674/1000, Train Loss: 0.3808, Validation Loss: 1.1928
Epoch 675/1000, Train Loss: 0.3710, Validation Loss: 0.7979
Epoch 676/1000, Train Loss: 0.3740, Validation Loss: 1.1429
Epoch 677/1000, Train Loss: 0.3801, Validation Loss: 0.5043
Epoch 678/1000, Train Loss: 0.3771, Validation Loss: 8.3573
Epoch 679/1000, Train Loss: 0.3789, Validation Loss: 0.6015
Epoch 680/1000, Train Loss: 0.3768, Validation Loss: 1.5938
Epoch 681/1000, Train Loss: 0.3736, Validation Loss: 0.7522
Epoch 682/1000, Train Loss: 0.3819, Validation Loss: 2.0008
Epoch 683/1000, Train Loss: 0.3757, Validation Loss: 2.7398
Epoch 684/1000, Train Loss: 0.3777, Validation Loss: 5.3244
Epoch 685/1000, Train Loss: 0.3825, Validation Loss: 0.3719
Epoch 686/1000, Train Loss: 0.3731, Validation Loss: 0.4127
Epoch 687/1000, Train Loss: 0.3796, Validation Loss: 1.1527
Epoch 688/1000, Train Loss: 0.3809, Validation Loss: 2.9482
Epoch 689/1000, Train Loss: 0.3919, Validation Loss: 8.1172
Epoch 690/1000, Train Loss: 0.3797, Validation Loss: 1.8579
Epoch 691/1000, Train Loss: 0.3791, Validation Loss: 7.2904
Epoch 692/1000, Train Loss: 0.3784, Validation Loss: 1.3431
Epoch 693/1000, Train Loss: 0.3809, Validation Loss: 0.9433
Epoch 694/1000, Train Loss: 0.3824, Validation Loss: 0.4093
Epoch 695/1000, Train Loss: 0.3763, Validation Loss: 1.5964
Epoch 696/1000, Train Loss: 0.3841, Validation Loss: 0.6348
Epoch 697/1000, Train Loss: 0.3783, Validation Loss: 0.7841
Epoch 698/1000, Train Loss: 0.3725, Validation Loss: 6.1535
Epoch 699/1000, Train Loss: 0.3764, Validation Loss: 1.5222
Epoch 700/1000, Train Loss: 0.3739, Validation Loss: 1.1617
Epoch 701/1000, Train Loss: 0.3817, Validation Loss: 0.5774
Epoch 702/1000, Train Loss: 0.3733, Validation Loss: 1.9617
Epoch 703/1000, Train Loss: 0.3715, Validation Loss: 0.6279
Epoch 704/1000, Train Loss: 0.3808, Validation Loss: 1.8355
Epoch 705/1000, Train Loss: 0.3759, Validation Loss: 1.8417
Epoch 706/1000, Train Loss: 0.3802, Validation Loss: 0.6991
Epoch 707/1000, Train Loss: 0.3697, Validation Loss: 0.6496
Epoch 708/1000, Train Loss: 0.3703, Validation Loss: 0.9268
Epoch 709/1000, Train Loss: 0.3767, Validation Loss: 1.1708
Epoch 710/1000, Train Loss: 0.3692, Validation Loss: 1.1598
Epoch 711/1000, Train Loss: 0.3707, Validation Loss: 0.5827
Epoch 712/1000, Train Loss: 0.3787, Validation Loss: 0.4892
Epoch 713/1000, Train Loss: 0.3759, Validation Loss: 1.3225
Epoch 714/1000, Train Loss: 0.3780, Validation Loss: 0.9740
Epoch 715/1000, Train Loss: 0.3860, Validation Loss: 0.6159
Epoch 716/1000, Train Loss: 0.3762, Validation Loss: 4.7015
Epoch 717/1000, Train Loss: 0.3716, Validation Loss: 0.5622
Epoch 718/1000, Train Loss: 0.3766, Validation Loss: 0.4982
Epoch 719/1000, Train Loss: 0.3785, Validation Loss: 3.4953
Epoch 720/1000, Train Loss: 0.3740, Validation Loss: 1.1087
Epoch 721/1000, Train Loss: 0.3764, Validation Loss: 0.5027
Epoch 722/1000, Train Loss: 0.3764, Validation Loss: 0.4047
Epoch 723/1000, Train Loss: 0.3694, Validation Loss: 1.8468
Epoch 724/1000, Train Loss: 0.3662, Validation Loss: 0.6026
Epoch 725/1000, Train Loss: 0.3829, Validation Loss: 0.9197
Epoch 726/1000, Train Loss: 0.3683, Validation Loss: 0.7528
Epoch 727/1000, Train Loss: 0.3730, Validation Loss: 1.0691
Epoch 728/1000, Train Loss: 0.3732, Validation Loss: 2.1793
Epoch 729/1000, Train Loss: 0.3755, Validation Loss: 5.7198
Epoch 730/1000, Train Loss: 0.3809, Validation Loss: 0.8966
Epoch 731/1000, Train Loss: 0.3696, Validation Loss: 0.7563
Epoch 732/1000, Train Loss: 0.3686, Validation Loss: 2.8013
Epoch 733/1000, Train Loss: 0.3674, Validation Loss: 2.5380
Epoch 734/1000, Train Loss: 0.3805, Validation Loss: 0.6617
Epoch 735/1000, Train Loss: 0.3730, Validation Loss: 0.7303
Epoch 736/1000, Train Loss: 0.3724, Validation Loss: 5.6690
Epoch 737/1000, Train Loss: 0.3746, Validation Loss: 1.3372
Epoch 738/1000, Train Loss: 0.3783, Validation Loss: 1.2209
Epoch 739/1000, Train Loss: 0.3795, Validation Loss: 0.9060
Epoch 740/1000, Train Loss: 0.3796, Validation Loss: 0.6556
Epoch 741/1000, Train Loss: 0.3746, Validation Loss: 4.6476
Epoch 742/1000, Train Loss: 0.3795, Validation Loss: 0.4591
Epoch 743/1000, Train Loss: 0.3788, Validation Loss: 1.2700
Epoch 744/1000, Train Loss: 0.3735, Validation Loss: 0.6782
Epoch 745/1000, Train Loss: 0.3862, Validation Loss: 0.5164
Epoch 746/1000, Train Loss: 0.3862, Validation Loss: 0.5211
Epoch 747/1000, Train Loss: 0.3736, Validation Loss: 2.2521
Epoch 748/1000, Train Loss: 0.3749, Validation Loss: 1.5387
Epoch 749/1000, Train Loss: 0.3683, Validation Loss: 0.7500
Epoch 750/1000, Train Loss: 0.3750, Validation Loss: 3.7498
Epoch 751/1000, Train Loss: 0.3743, Validation Loss: 1.0742
Epoch 752/1000, Train Loss: 0.3688, Validation Loss: 1.6602
Epoch 753/1000, Train Loss: 0.3787, Validation Loss: 0.5467
Epoch 754/1000, Train Loss: 0.3652, Validation Loss: 4.1532
Epoch 755/1000, Train Loss: 0.3730, Validation Loss: 2.8674
Epoch 756/1000, Train Loss: 0.3748, Validation Loss: 2.5875
Epoch 757/1000, Train Loss: 0.3721, Validation Loss: 4.8248
Epoch 758/1000, Train Loss: 0.3796, Validation Loss: 0.4921
Epoch 759/1000, Train Loss: 0.3699, Validation Loss: 0.4940
Epoch 760/1000, Train Loss: 0.3679, Validation Loss: 0.8887
Epoch 761/1000, Train Loss: 0.3697, Validation Loss: 0.9972
Epoch 762/1000, Train Loss: 0.3787, Validation Loss: 2.9535
Epoch 763/1000, Train Loss: 0.3771, Validation Loss: 1.3882
Epoch 764/1000, Train Loss: 0.3785, Validation Loss: 1.5221
Epoch 765/1000, Train Loss: 0.3693, Validation Loss: 0.5527
Epoch 766/1000, Train Loss: 0.3792, Validation Loss: 1.6760
Epoch 767/1000, Train Loss: 0.3750, Validation Loss: 0.3437
Epoch 768/1000, Train Loss: 0.3789, Validation Loss: 0.7922
Epoch 769/1000, Train Loss: 0.3710, Validation Loss: 0.7661
Epoch 770/1000, Train Loss: 0.3689, Validation Loss: 1.5889
Epoch 771/1000, Train Loss: 0.3727, Validation Loss: 1.1367
Epoch 772/1000, Train Loss: 0.3716, Validation Loss: 1.0347
Epoch 773/1000, Train Loss: 0.3722, Validation Loss: 0.4695
Epoch 774/1000, Train Loss: 0.3791, Validation Loss: 8.0321
Epoch 775/1000, Train Loss: 0.3742, Validation Loss: 5.1754
Epoch 776/1000, Train Loss: 0.3694, Validation Loss: 0.7203
Epoch 777/1000, Train Loss: 0.3720, Validation Loss: 1.0156
Epoch 778/1000, Train Loss: 0.3672, Validation Loss: 0.6151
Epoch 779/1000, Train Loss: 0.3740, Validation Loss: 1.4104
Epoch 780/1000, Train Loss: 0.3704, Validation Loss: 1.7037
Epoch 781/1000, Train Loss: 0.3737, Validation Loss: 0.6961
Epoch 782/1000, Train Loss: 0.3703, Validation Loss: 1.9804
Epoch 783/1000, Train Loss: 0.3685, Validation Loss: 0.4755
Epoch 784/1000, Train Loss: 0.3788, Validation Loss: 0.6324
Epoch 785/1000, Train Loss: 0.3784, Validation Loss: 1.2080
Epoch 786/1000, Train Loss: 0.3748, Validation Loss: 0.6772
Epoch 787/1000, Train Loss: 0.3734, Validation Loss: 1.9229
Epoch 788/1000, Train Loss: 0.3710, Validation Loss: 4.4336
Epoch 789/1000, Train Loss: 0.3712, Validation Loss: 0.4735
Epoch 790/1000, Train Loss: 0.3679, Validation Loss: 5.0005
Epoch 791/1000, Train Loss: 0.3826, Validation Loss: 0.9750
Epoch 792/1000, Train Loss: 0.3774, Validation Loss: 0.6408
Epoch 793/1000, Train Loss: 0.3703, Validation Loss: 0.5819
Epoch 794/1000, Train Loss: 0.3714, Validation Loss: 0.5112
Epoch 795/1000, Train Loss: 0.3715, Validation Loss: 0.8957
Epoch 796/1000, Train Loss: 0.3743, Validation Loss: 1.9746
Epoch 797/1000, Train Loss: 0.3660, Validation Loss: 0.5897
Epoch 798/1000, Train Loss: 0.3633, Validation Loss: 0.4930
Epoch 799/1000, Train Loss: 0.3791, Validation Loss: 0.4901
Epoch 800/1000, Train Loss: 0.3757, Validation Loss: 1.1317
Epoch 801/1000, Train Loss: 0.3712, Validation Loss: 0.7046
Epoch 802/1000, Train Loss: 0.3715, Validation Loss: 1.5039
Epoch 803/1000, Train Loss: 0.3726, Validation Loss: 0.3818
Epoch 804/1000, Train Loss: 0.3752, Validation Loss: 2.1797
Epoch 805/1000, Train Loss: 0.3754, Validation Loss: 1.9982
Epoch 806/1000, Train Loss: 0.3760, Validation Loss: 1.1190
Epoch 807/1000, Train Loss: 0.3715, Validation Loss: 1.2078
Epoch 808/1000, Train Loss: 0.3636, Validation Loss: 0.4280
Epoch 809/1000, Train Loss: 0.3729, Validation Loss: 0.8124
Epoch 810/1000, Train Loss: 0.3721, Validation Loss: 1.0066
Epoch 811/1000, Train Loss: 0.3716, Validation Loss: 1.4067
Epoch 812/1000, Train Loss: 0.3705, Validation Loss: 3.6375
Epoch 813/1000, Train Loss: 0.3617, Validation Loss: 1.1695
Epoch 814/1000, Train Loss: 0.3695, Validation Loss: 1.0375
Epoch 815/1000, Train Loss: 0.3730, Validation Loss: 0.7010
Epoch 816/1000, Train Loss: 0.3624, Validation Loss: 1.3098
Epoch 817/1000, Train Loss: 0.3678, Validation Loss: 0.4390
Epoch 818/1000, Train Loss: 0.3667, Validation Loss: 1.3483
Epoch 819/1000, Train Loss: 0.3648, Validation Loss: 0.8681
Epoch 820/1000, Train Loss: 0.3695, Validation Loss: 2.0339
Epoch 821/1000, Train Loss: 0.3715, Validation Loss: 0.7834
Epoch 822/1000, Train Loss: 0.3670, Validation Loss: 18.4542
Epoch 823/1000, Train Loss: 0.3812, Validation Loss: 0.5523
Epoch 824/1000, Train Loss: 0.3709, Validation Loss: 1.0745
Epoch 825/1000, Train Loss: 0.3713, Validation Loss: 1.1730
Epoch 826/1000, Train Loss: 0.3717, Validation Loss: 1.6192
Epoch 827/1000, Train Loss: 0.3691, Validation Loss: 2.2497
Epoch 828/1000, Train Loss: 0.3644, Validation Loss: 5.8155
Epoch 829/1000, Train Loss: 0.3667, Validation Loss: 1.8228
Epoch 830/1000, Train Loss: 0.3714, Validation Loss: 1.2165
Epoch 831/1000, Train Loss: 0.3725, Validation Loss: 1.6122
Epoch 832/1000, Train Loss: 0.3749, Validation Loss: 1.3321
Epoch 833/1000, Train Loss: 0.3684, Validation Loss: 0.8892
Epoch 834/1000, Train Loss: 0.3735, Validation Loss: 2.9652
Epoch 835/1000, Train Loss: 0.3698, Validation Loss: 0.4512
Epoch 836/1000, Train Loss: 0.3639, Validation Loss: 1.8756
Epoch 837/1000, Train Loss: 0.3731, Validation Loss: 1.0142
Epoch 838/1000, Train Loss: 0.3688, Validation Loss: 1.3608
Epoch 839/1000, Train Loss: 0.3638, Validation Loss: 2.6869
Epoch 840/1000, Train Loss: 0.3641, Validation Loss: 5.0796
Epoch 841/1000, Train Loss: 0.3657, Validation Loss: 1.8059
Epoch 842/1000, Train Loss: 0.3767, Validation Loss: 0.8913
Epoch 843/1000, Train Loss: 0.3642, Validation Loss: 0.9139
Epoch 844/1000, Train Loss: 0.3674, Validation Loss: 0.9035
Epoch 845/1000, Train Loss: 0.3747, Validation Loss: 0.9315
Epoch 846/1000, Train Loss: 0.3706, Validation Loss: 0.8522
Epoch 847/1000, Train Loss: 0.3759, Validation Loss: 1.3184
Epoch 848/1000, Train Loss: 0.3685, Validation Loss: 0.8737
Epoch 849/1000, Train Loss: 0.3663, Validation Loss: 0.7626
Epoch 850/1000, Train Loss: 0.3837, Validation Loss: 1.8153
Epoch 851/1000, Train Loss: 0.3667, Validation Loss: 3.2839
Epoch 852/1000, Train Loss: 0.3677, Validation Loss: 0.8072
Epoch 853/1000, Train Loss: 0.3710, Validation Loss: 6.2525
Epoch 854/1000, Train Loss: 0.3698, Validation Loss: 1.2354
Epoch 855/1000, Train Loss: 0.3759, Validation Loss: 1.3395
Epoch 856/1000, Train Loss: 0.3666, Validation Loss: 2.4382
Epoch 857/1000, Train Loss: 0.3714, Validation Loss: 7.3794
Epoch 858/1000, Train Loss: 0.3637, Validation Loss: 0.6456
Epoch 859/1000, Train Loss: 0.3763, Validation Loss: 1.2360
Epoch 860/1000, Train Loss: 0.3650, Validation Loss: 1.9509
Epoch 861/1000, Train Loss: 0.3668, Validation Loss: 2.1860
Epoch 862/1000, Train Loss: 0.3614, Validation Loss: 1.4503
Epoch 863/1000, Train Loss: 0.3711, Validation Loss: 0.4312
Epoch 864/1000, Train Loss: 0.3639, Validation Loss: 1.2369
Epoch 865/1000, Train Loss: 0.3644, Validation Loss: 1.5082
Epoch 866/1000, Train Loss: 0.3669, Validation Loss: 0.9103
Epoch 867/1000, Train Loss: 0.3666, Validation Loss: 1.2874
Epoch 868/1000, Train Loss: 0.3693, Validation Loss: 0.8394
Epoch 869/1000, Train Loss: 0.3659, Validation Loss: 4.7503
Epoch 870/1000, Train Loss: 0.3689, Validation Loss: 0.5631
Epoch 871/1000, Train Loss: 0.3709, Validation Loss: 1.1055
Epoch 872/1000, Train Loss: 0.3712, Validation Loss: 0.6653
Epoch 873/1000, Train Loss: 0.3682, Validation Loss: 1.7802
Epoch 874/1000, Train Loss: 0.3698, Validation Loss: 5.2823
Epoch 875/1000, Train Loss: 0.3614, Validation Loss: 0.7441
Epoch 876/1000, Train Loss: 0.3677, Validation Loss: 10.0740
Epoch 877/1000, Train Loss: 0.3717, Validation Loss: 1.2681
Epoch 878/1000, Train Loss: 0.3683, Validation Loss: 1.1493
Epoch 879/1000, Train Loss: 0.3822, Validation Loss: 0.8346
Epoch 880/1000, Train Loss: 0.3603, Validation Loss: 1.9547
Epoch 881/1000, Train Loss: 0.3770, Validation Loss: 0.5021
Epoch 882/1000, Train Loss: 0.3597, Validation Loss: 0.6680
Epoch 883/1000, Train Loss: 0.3627, Validation Loss: 0.7952
Epoch 884/1000, Train Loss: 0.3662, Validation Loss: 1.7463
Epoch 885/1000, Train Loss: 0.3646, Validation Loss: 2.4806
Epoch 886/1000, Train Loss: 0.3654, Validation Loss: 0.6586
Epoch 887/1000, Train Loss: 0.3717, Validation Loss: 1.6295
Epoch 888/1000, Train Loss: 0.3647, Validation Loss: 1.1890
Epoch 889/1000, Train Loss: 0.3618, Validation Loss: 1.1901
Epoch 890/1000, Train Loss: 0.3683, Validation Loss: 1.3256
Epoch 891/1000, Train Loss: 0.3718, Validation Loss: 1.2951
Epoch 892/1000, Train Loss: 0.3695, Validation Loss: 6.0095
Epoch 893/1000, Train Loss: 0.3641, Validation Loss: 0.3986
Epoch 894/1000, Train Loss: 0.3704, Validation Loss: 1.8054
Epoch 895/1000, Train Loss: 0.3634, Validation Loss: 1.4232
Epoch 896/1000, Train Loss: 0.3681, Validation Loss: 1.1957
Epoch 897/1000, Train Loss: 0.3677, Validation Loss: 7.3456
Epoch 898/1000, Train Loss: 0.3643, Validation Loss: 1.9274
Epoch 899/1000, Train Loss: 0.3776, Validation Loss: 0.8244
Epoch 900/1000, Train Loss: 0.3668, Validation Loss: 2.2475
Epoch 901/1000, Train Loss: 0.3642, Validation Loss: 0.6877
Epoch 902/1000, Train Loss: 0.3689, Validation Loss: 1.4300
Epoch 903/1000, Train Loss: 0.3672, Validation Loss: 2.9534
Epoch 904/1000, Train Loss: 0.3680, Validation Loss: 6.5571
Epoch 905/1000, Train Loss: 0.3620, Validation Loss: 0.7274
Epoch 906/1000, Train Loss: 0.3674, Validation Loss: 0.6233
Epoch 907/1000, Train Loss: 0.3617, Validation Loss: 7.6886
Epoch 908/1000, Train Loss: 0.3650, Validation Loss: 0.9462
Epoch 909/1000, Train Loss: 0.3667, Validation Loss: 1.2344
Epoch 910/1000, Train Loss: 0.3661, Validation Loss: 3.4942
Epoch 911/1000, Train Loss: 0.3666, Validation Loss: 0.6362
Epoch 912/1000, Train Loss: 0.3627, Validation Loss: 2.4362
Epoch 913/1000, Train Loss: 0.3563, Validation Loss: 6.8570
Epoch 914/1000, Train Loss: 0.3724, Validation Loss: 1.9626
Epoch 915/1000, Train Loss: 0.3713, Validation Loss: 0.7939
Epoch 916/1000, Train Loss: 0.3680, Validation Loss: 2.2692
Epoch 917/1000, Train Loss: 0.3676, Validation Loss: 1.2317
Epoch 918/1000, Train Loss: 0.3652, Validation Loss: 0.6807
Epoch 919/1000, Train Loss: 0.3673, Validation Loss: 1.0432
Epoch 920/1000, Train Loss: 0.3640, Validation Loss: 1.4671
Epoch 921/1000, Train Loss: 0.3781, Validation Loss: 0.8691
Epoch 922/1000, Train Loss: 0.3644, Validation Loss: 0.9400
Epoch 923/1000, Train Loss: 0.3671, Validation Loss: 2.7939
Epoch 924/1000, Train Loss: 0.3831, Validation Loss: 6.6176
Epoch 925/1000, Train Loss: 0.3648, Validation Loss: 1.4079
Epoch 926/1000, Train Loss: 0.3656, Validation Loss: 1.1394
Epoch 927/1000, Train Loss: 0.3698, Validation Loss: 1.7352
Epoch 928/1000, Train Loss: 0.3640, Validation Loss: 1.7219
Epoch 929/1000, Train Loss: 0.3594, Validation Loss: 0.6891
Epoch 930/1000, Train Loss: 0.3718, Validation Loss: 1.0473
Epoch 931/1000, Train Loss: 0.3626, Validation Loss: 1.2873
Epoch 932/1000, Train Loss: 0.3662, Validation Loss: 0.5432
Epoch 933/1000, Train Loss: 0.3641, Validation Loss: 1.4900
Epoch 934/1000, Train Loss: 0.3625, Validation Loss: 0.6607
Epoch 935/1000, Train Loss: 0.3672, Validation Loss: 0.7055
Epoch 936/1000, Train Loss: 0.3688, Validation Loss: 1.1630
Epoch 937/1000, Train Loss: 0.3600, Validation Loss: 5.1672
Epoch 938/1000, Train Loss: 0.3757, Validation Loss: 0.7333
Epoch 939/1000, Train Loss: 0.3650, Validation Loss: 0.7608
Epoch 940/1000, Train Loss: 0.3625, Validation Loss: 0.9319
Epoch 941/1000, Train Loss: 0.3657, Validation Loss: 0.6794
Epoch 942/1000, Train Loss: 0.3646, Validation Loss: 0.5632
Epoch 943/1000, Train Loss: 0.3634, Validation Loss: 0.7820
Epoch 944/1000, Train Loss: 0.3690, Validation Loss: 0.7951
Epoch 945/1000, Train Loss: 0.3653, Validation Loss: 1.4875
Epoch 946/1000, Train Loss: 0.3715, Validation Loss: 1.8052
Epoch 947/1000, Train Loss: 0.3627, Validation Loss: 1.1516
Epoch 948/1000, Train Loss: 0.3652, Validation Loss: 0.8288
Epoch 949/1000, Train Loss: 0.3576, Validation Loss: 0.7284
Epoch 950/1000, Train Loss: 0.3722, Validation Loss: 1.3814
Epoch 951/1000, Train Loss: 0.3667, Validation Loss: 1.8178
Epoch 952/1000, Train Loss: 0.3886, Validation Loss: 1.4440
Epoch 953/1000, Train Loss: 0.3701, Validation Loss: 0.8557
Epoch 954/1000, Train Loss: 0.3652, Validation Loss: 1.2739
Epoch 955/1000, Train Loss: 0.3698, Validation Loss: 0.4795
Epoch 956/1000, Train Loss: 0.3610, Validation Loss: 7.7611
Epoch 957/1000, Train Loss: 0.3652, Validation Loss: 0.5309
Epoch 958/1000, Train Loss: 0.3687, Validation Loss: 6.3347
Epoch 959/1000, Train Loss: 0.3654, Validation Loss: 1.1405
Epoch 960/1000, Train Loss: 0.3676, Validation Loss: 2.4005
Epoch 961/1000, Train Loss: 0.3648, Validation Loss: 0.7204
Epoch 962/1000, Train Loss: 0.3605, Validation Loss: 0.5841
Epoch 963/1000, Train Loss: 0.3687, Validation Loss: 3.4756
Epoch 964/1000, Train Loss: 0.3648, Validation Loss: 3.1935
Epoch 965/1000, Train Loss: 0.3616, Validation Loss: 0.5512
Epoch 966/1000, Train Loss: 0.3680, Validation Loss: 5.3376
Epoch 967/1000, Train Loss: 0.3666, Validation Loss: 0.7345
Epoch 968/1000, Train Loss: 0.3626, Validation Loss: 1.0858
Epoch 969/1000, Train Loss: 0.3649, Validation Loss: 2.3862
Epoch 970/1000, Train Loss: 0.3644, Validation Loss: 0.7758
Epoch 971/1000, Train Loss: 0.3626, Validation Loss: 0.5621
Epoch 972/1000, Train Loss: 0.3711, Validation Loss: 8.3115
Epoch 973/1000, Train Loss: 0.3673, Validation Loss: 5.7977
Epoch 974/1000, Train Loss: 0.3639, Validation Loss: 0.9434
Epoch 975/1000, Train Loss: 0.3724, Validation Loss: 1.0090
Epoch 976/1000, Train Loss: 0.3647, Validation Loss: 0.8245
Epoch 977/1000, Train Loss: 0.3695, Validation Loss: 2.4469
Epoch 978/1000, Train Loss: 0.3633, Validation Loss: 0.6587
Epoch 979/1000, Train Loss: 0.3584, Validation Loss: 0.5507
Epoch 980/1000, Train Loss: 0.3636, Validation Loss: 1.4442
Epoch 981/1000, Train Loss: 0.3621, Validation Loss: 0.6531
Epoch 982/1000, Train Loss: 0.3659, Validation Loss: 0.5594
Epoch 983/1000, Train Loss: 0.3665, Validation Loss: 0.8477
Epoch 984/1000, Train Loss: 0.3809, Validation Loss: 1.9945
Epoch 985/1000, Train Loss: 0.3632, Validation Loss: 0.9273
Epoch 986/1000, Train Loss: 0.3673, Validation Loss: 5.5579
Epoch 987/1000, Train Loss: 0.3731, Validation Loss: 0.5707
Epoch 988/1000, Train Loss: 0.3638, Validation Loss: 1.2963
Epoch 989/1000, Train Loss: 0.3664, Validation Loss: 2.5707
Epoch 990/1000, Train Loss: 0.3682, Validation Loss: 0.8291
Epoch 991/1000, Train Loss: 0.3641, Validation Loss: 7.5332
Epoch 992/1000, Train Loss: 0.3671, Validation Loss: 1.1704
Epoch 993/1000, Train Loss: 0.3673, Validation Loss: 1.4103
Epoch 994/1000, Train Loss: 0.3729, Validation Loss: 1.2859
Epoch 995/1000, Train Loss: 0.3624, Validation Loss: 0.4848
Epoch 996/1000, Train Loss: 0.3671, Validation Loss: 0.9223
Epoch 997/1000, Train Loss: 0.3607, Validation Loss: 0.9124
Epoch 998/1000, Train Loss: 0.3686, Validation Loss: 0.5627
Epoch 999/1000, Train Loss: 0.3662, Validation Loss: 1.1900
Epoch 1000/1000, Train Loss: 0.3671, Validation Loss: 0.7435
Best Training Loss: 0.3563
Best Training Loss Epoch: 913
Best Validation Loss: 0.3437
Best Validation Loss Epoch: 767
Time taken for training: 0-18:59:32
Test Loss: 0.3555
Test MAPE: 2963.9680%
Error Statistics:
count     41272.000000
mean        442.505585
std        7100.636719
min           0.000003
25%           0.118084
50%           1.292252
75%          19.677657
max      662283.625000
Name: Absolute Error, dtype: float64
Training complete. Final model saved.
Saving model as a wandb Artifact...
Model artifact logged successfully.
[1;34mwandb[0m: 
[1;34mwandb[0m: 🚀 View run [33mapricot-sweep-1[0m at: [34mhttps://wandb.ai/mk8737-new-york-university/rl_pretrain_hp_sweeps/runs/b021fu9i[0m
[1;34mwandb[0m: Find logs at: [1;35mwandb/run-20251126_203651-b021fu9i/logs[0m
Agent finished.
