Waiting for sweep ID...
Found Sweep ID: dos27rz7
Starting wandb agent for sweep dos27rz7...
TRAINING DEVICE: cpu
Run Name: GIN_global_hp_sweep_global_dos27rz7-kfzsr3w3
finidhed preparing data
Loading dataset from pretrain_dataset_12.5k_fixed_duplicates.pkl
Loaded 412712 data objects.
finished preparing data
Epoch 1/1000, Train Loss: 3.5422, Validation Loss: 2.2698
Epoch 2/1000, Train Loss: 1.5329, Validation Loss: 1.2078
Epoch 3/1000, Train Loss: 1.3745, Validation Loss: 2.1591
Epoch 4/1000, Train Loss: 1.3133, Validation Loss: 1.2314
Epoch 5/1000, Train Loss: 1.2375, Validation Loss: 2.2227
Epoch 6/1000, Train Loss: 1.2348, Validation Loss: 2.6140
Epoch 7/1000, Train Loss: 1.2056, Validation Loss: 1.1030
Epoch 8/1000, Train Loss: 1.1145, Validation Loss: 1.9414
Epoch 9/1000, Train Loss: 1.0667, Validation Loss: 1.1083
Epoch 10/1000, Train Loss: 1.0441, Validation Loss: 3.2693
Epoch 11/1000, Train Loss: 0.9725, Validation Loss: 2.9208
Epoch 12/1000, Train Loss: 0.9736, Validation Loss: 1.1001
Epoch 13/1000, Train Loss: 0.9092, Validation Loss: 1.5093
Epoch 14/1000, Train Loss: 0.8960, Validation Loss: 1.0227
Epoch 15/1000, Train Loss: 0.8691, Validation Loss: 1.0065
Epoch 16/1000, Train Loss: 0.8370, Validation Loss: 1.2547
Epoch 17/1000, Train Loss: 0.8410, Validation Loss: 1.0527
Epoch 18/1000, Train Loss: 0.7900, Validation Loss: 1.1607
Epoch 19/1000, Train Loss: 0.7761, Validation Loss: 1.7079
Epoch 20/1000, Train Loss: 0.7401, Validation Loss: 2.4723
Epoch 21/1000, Train Loss: 0.7580, Validation Loss: 1.6635
Epoch 22/1000, Train Loss: 0.7163, Validation Loss: 0.9421
Epoch 23/1000, Train Loss: 0.6993, Validation Loss: 2.8468
Epoch 24/1000, Train Loss: 0.7179, Validation Loss: 1.1430
Epoch 25/1000, Train Loss: 0.8027, Validation Loss: 0.9731
Epoch 26/1000, Train Loss: 0.6861, Validation Loss: 0.9096
Epoch 27/1000, Train Loss: 0.7143, Validation Loss: 1.3010
Epoch 28/1000, Train Loss: 0.7222, Validation Loss: 0.7218
Epoch 29/1000, Train Loss: 0.6923, Validation Loss: 1.3844
Epoch 30/1000, Train Loss: 0.7055, Validation Loss: 3.9547
Epoch 31/1000, Train Loss: 0.7328, Validation Loss: 0.7981
Epoch 32/1000, Train Loss: 0.6750, Validation Loss: 2.4018
Epoch 33/1000, Train Loss: 0.6637, Validation Loss: 1.7450
Epoch 34/1000, Train Loss: 0.7200, Validation Loss: 1.0510
Epoch 35/1000, Train Loss: 0.6711, Validation Loss: 1.1598
Epoch 36/1000, Train Loss: 0.6653, Validation Loss: 0.9600
Epoch 37/1000, Train Loss: 0.6859, Validation Loss: 1.0134
Epoch 38/1000, Train Loss: 0.7020, Validation Loss: 0.6989
Epoch 39/1000, Train Loss: 0.6566, Validation Loss: 1.2835
Epoch 40/1000, Train Loss: 0.6742, Validation Loss: 1.3382
Epoch 41/1000, Train Loss: 0.6729, Validation Loss: 1.9931
Epoch 42/1000, Train Loss: 0.6430, Validation Loss: 0.7830
Epoch 43/1000, Train Loss: 0.6720, Validation Loss: 0.6401
Epoch 44/1000, Train Loss: 0.6247, Validation Loss: 0.9864
Epoch 45/1000, Train Loss: 0.6609, Validation Loss: 2.2867
Epoch 46/1000, Train Loss: 0.6211, Validation Loss: 0.7183
Epoch 47/1000, Train Loss: 0.6237, Validation Loss: 0.5473
Epoch 48/1000, Train Loss: 0.6105, Validation Loss: 1.0620
Epoch 49/1000, Train Loss: 0.6086, Validation Loss: 1.0776
Epoch 50/1000, Train Loss: 0.6111, Validation Loss: 6.8748
Epoch 51/1000, Train Loss: 0.5953, Validation Loss: 0.9427
Epoch 52/1000, Train Loss: 0.6054, Validation Loss: 0.8176
Epoch 53/1000, Train Loss: 0.6071, Validation Loss: 0.7825
Epoch 54/1000, Train Loss: 0.5700, Validation Loss: 1.0754
Epoch 55/1000, Train Loss: 0.5771, Validation Loss: 0.6037
Epoch 56/1000, Train Loss: 0.5758, Validation Loss: 0.7742
Epoch 57/1000, Train Loss: 0.6159, Validation Loss: 0.9730
Epoch 58/1000, Train Loss: 0.5829, Validation Loss: 0.8420
Epoch 59/1000, Train Loss: 0.5707, Validation Loss: 0.6580
Epoch 60/1000, Train Loss: 0.5535, Validation Loss: 0.8321
Epoch 61/1000, Train Loss: 0.5901, Validation Loss: 1.0670
Epoch 62/1000, Train Loss: 0.5623, Validation Loss: 0.6271
Epoch 63/1000, Train Loss: 0.5654, Validation Loss: 0.9520
Epoch 64/1000, Train Loss: 0.5477, Validation Loss: 1.6110
Epoch 65/1000, Train Loss: 0.5630, Validation Loss: 0.9586
Epoch 66/1000, Train Loss: 0.5627, Validation Loss: 1.6867
Epoch 67/1000, Train Loss: 0.5374, Validation Loss: 0.5936
Epoch 68/1000, Train Loss: 0.5439, Validation Loss: 0.7713
Epoch 69/1000, Train Loss: 0.5638, Validation Loss: 0.5983
Epoch 70/1000, Train Loss: 0.5479, Validation Loss: 1.5362
Epoch 71/1000, Train Loss: 0.6048, Validation Loss: 0.6490
Epoch 72/1000, Train Loss: 0.5408, Validation Loss: 0.7106
Epoch 73/1000, Train Loss: 0.5360, Validation Loss: 1.7118
Epoch 74/1000, Train Loss: 0.5457, Validation Loss: 0.9741
Epoch 75/1000, Train Loss: 0.5330, Validation Loss: 1.3369
Epoch 76/1000, Train Loss: 0.5511, Validation Loss: 1.4059
Epoch 77/1000, Train Loss: 0.5605, Validation Loss: 0.5169
Epoch 78/1000, Train Loss: 0.5397, Validation Loss: 0.9313
Epoch 79/1000, Train Loss: 0.5095, Validation Loss: 0.7354
Epoch 80/1000, Train Loss: 0.5225, Validation Loss: 0.7557
Epoch 81/1000, Train Loss: 0.5266, Validation Loss: 0.8958
Epoch 82/1000, Train Loss: 0.5445, Validation Loss: 0.8696
Epoch 83/1000, Train Loss: 0.5432, Validation Loss: 0.8964
Epoch 84/1000, Train Loss: 0.5245, Validation Loss: 3.8611
Epoch 85/1000, Train Loss: 0.5267, Validation Loss: 1.2098
Epoch 86/1000, Train Loss: 0.5128, Validation Loss: 0.7867
Epoch 87/1000, Train Loss: 0.5023, Validation Loss: 0.6000
Epoch 88/1000, Train Loss: 0.5133, Validation Loss: 2.3686
Epoch 89/1000, Train Loss: 0.5094, Validation Loss: 1.6676
Epoch 90/1000, Train Loss: 0.5449, Validation Loss: 0.9810
Epoch 91/1000, Train Loss: 0.5310, Validation Loss: 0.5091
Epoch 92/1000, Train Loss: 0.5115, Validation Loss: 0.6102
Epoch 93/1000, Train Loss: 0.5100, Validation Loss: 0.7939
Epoch 94/1000, Train Loss: 0.5200, Validation Loss: 0.7519
Epoch 95/1000, Train Loss: 0.5249, Validation Loss: 0.7559
Epoch 96/1000, Train Loss: 0.5272, Validation Loss: 0.5507
Epoch 97/1000, Train Loss: 0.5223, Validation Loss: 1.5231
Epoch 98/1000, Train Loss: 0.4873, Validation Loss: 1.1841
Epoch 99/1000, Train Loss: 0.4756, Validation Loss: 1.4352
Epoch 100/1000, Train Loss: 0.4808, Validation Loss: 1.3075
Epoch 101/1000, Train Loss: 0.5107, Validation Loss: 1.3372
Epoch 102/1000, Train Loss: 0.4917, Validation Loss: 0.6602
Epoch 103/1000, Train Loss: 0.4999, Validation Loss: 0.6072
Epoch 104/1000, Train Loss: 0.4780, Validation Loss: 0.5365
Epoch 105/1000, Train Loss: 0.4920, Validation Loss: 0.7910
Epoch 106/1000, Train Loss: 0.4842, Validation Loss: 0.6131
Epoch 107/1000, Train Loss: 0.4833, Validation Loss: 0.8357
Epoch 108/1000, Train Loss: 0.4814, Validation Loss: 0.9927
Epoch 109/1000, Train Loss: 0.4774, Validation Loss: 0.5935
Epoch 110/1000, Train Loss: 0.5150, Validation Loss: 2.0718
Epoch 111/1000, Train Loss: 0.4764, Validation Loss: 0.6796
Epoch 112/1000, Train Loss: 0.4778, Validation Loss: 1.0026
Epoch 113/1000, Train Loss: 0.4737, Validation Loss: 0.5720
Epoch 114/1000, Train Loss: 0.4740, Validation Loss: 2.2177
Epoch 115/1000, Train Loss: 0.4928, Validation Loss: 1.0974
Epoch 116/1000, Train Loss: 0.4554, Validation Loss: 0.7573
Epoch 117/1000, Train Loss: 0.4830, Validation Loss: 1.2363
Epoch 118/1000, Train Loss: 0.4902, Validation Loss: 0.9219
Epoch 119/1000, Train Loss: 0.4830, Validation Loss: 1.7093
Epoch 120/1000, Train Loss: 0.4566, Validation Loss: 1.5807
Epoch 121/1000, Train Loss: 0.4688, Validation Loss: 0.5845
Epoch 122/1000, Train Loss: 0.4527, Validation Loss: 0.6811
Epoch 123/1000, Train Loss: 0.4554, Validation Loss: 0.7672
Epoch 124/1000, Train Loss: 0.4498, Validation Loss: 0.9883
Epoch 125/1000, Train Loss: 0.4698, Validation Loss: 0.8465
Epoch 126/1000, Train Loss: 0.4598, Validation Loss: 0.6663
Epoch 127/1000, Train Loss: 0.4574, Validation Loss: 1.2407
Epoch 128/1000, Train Loss: 0.4735, Validation Loss: 1.3751
Epoch 129/1000, Train Loss: 0.4747, Validation Loss: 0.5831
Epoch 130/1000, Train Loss: 0.4557, Validation Loss: 0.6933
Epoch 131/1000, Train Loss: 0.4450, Validation Loss: 2.1984
Epoch 132/1000, Train Loss: 0.4714, Validation Loss: 0.5872
Epoch 133/1000, Train Loss: 0.4520, Validation Loss: 0.7109
Epoch 134/1000, Train Loss: 0.4574, Validation Loss: 0.5272
Epoch 135/1000, Train Loss: 0.4517, Validation Loss: 1.5195
Epoch 136/1000, Train Loss: 0.4719, Validation Loss: 0.6132
Epoch 137/1000, Train Loss: 0.4410, Validation Loss: 0.4733
Epoch 138/1000, Train Loss: 0.4496, Validation Loss: 0.5111
Epoch 139/1000, Train Loss: 0.4612, Validation Loss: 0.6854
Epoch 140/1000, Train Loss: 0.4568, Validation Loss: 0.4373
Epoch 141/1000, Train Loss: 0.4398, Validation Loss: 1.0299
Epoch 142/1000, Train Loss: 0.4345, Validation Loss: 0.4294
Epoch 143/1000, Train Loss: 0.4383, Validation Loss: 0.4813
Epoch 144/1000, Train Loss: 0.4282, Validation Loss: 0.5560
Epoch 145/1000, Train Loss: 0.4463, Validation Loss: 2.8293
Epoch 146/1000, Train Loss: 0.4293, Validation Loss: 0.6650
Epoch 147/1000, Train Loss: 0.4309, Validation Loss: 0.6727
Epoch 148/1000, Train Loss: 0.4424, Validation Loss: 0.6054
Epoch 149/1000, Train Loss: 0.4201, Validation Loss: 0.6406
Epoch 150/1000, Train Loss: 0.4192, Validation Loss: 0.5056
Epoch 151/1000, Train Loss: 0.4226, Validation Loss: 1.1097
Epoch 152/1000, Train Loss: 0.4179, Validation Loss: 2.3427
Epoch 153/1000, Train Loss: 0.4303, Validation Loss: 0.5583
Epoch 154/1000, Train Loss: 0.4190, Validation Loss: 0.4606
Epoch 155/1000, Train Loss: 0.4152, Validation Loss: 0.5746
Epoch 156/1000, Train Loss: 0.4314, Validation Loss: 0.6551
Epoch 157/1000, Train Loss: 0.4128, Validation Loss: 1.0358
Epoch 158/1000, Train Loss: 0.4194, Validation Loss: 0.7150
Epoch 159/1000, Train Loss: 0.4292, Validation Loss: 1.5431
Epoch 160/1000, Train Loss: 0.4138, Validation Loss: 0.9826
Epoch 161/1000, Train Loss: 0.4158, Validation Loss: 0.5487
Epoch 162/1000, Train Loss: 0.4067, Validation Loss: 0.5186
Epoch 163/1000, Train Loss: 0.4000, Validation Loss: 0.8582
Epoch 164/1000, Train Loss: 0.4169, Validation Loss: 0.7975
Epoch 165/1000, Train Loss: 0.4271, Validation Loss: 0.4460
Epoch 166/1000, Train Loss: 0.4100, Validation Loss: 0.6601
Epoch 167/1000, Train Loss: 0.4056, Validation Loss: 0.3912
Epoch 168/1000, Train Loss: 0.4145, Validation Loss: 0.4772
Epoch 169/1000, Train Loss: 0.4149, Validation Loss: 0.6081
Epoch 170/1000, Train Loss: 0.4198, Validation Loss: 0.3771
Epoch 171/1000, Train Loss: 0.4178, Validation Loss: 0.8775
Epoch 172/1000, Train Loss: 0.4058, Validation Loss: 0.5728
Epoch 173/1000, Train Loss: 0.4184, Validation Loss: 0.3873
Epoch 174/1000, Train Loss: 0.4018, Validation Loss: 0.5356
Epoch 175/1000, Train Loss: 0.4024, Validation Loss: 0.4798
Epoch 176/1000, Train Loss: 0.4128, Validation Loss: 1.0013
Epoch 177/1000, Train Loss: 0.4097, Validation Loss: 0.7744
Epoch 178/1000, Train Loss: 0.4029, Validation Loss: 0.9386
Epoch 179/1000, Train Loss: 0.4139, Validation Loss: 0.5179
Epoch 180/1000, Train Loss: 0.3839, Validation Loss: 0.5872
Epoch 181/1000, Train Loss: 0.4204, Validation Loss: 2.2599
Epoch 182/1000, Train Loss: 0.4004, Validation Loss: 0.4700
Epoch 183/1000, Train Loss: 0.4206, Validation Loss: 1.9098
Epoch 184/1000, Train Loss: 0.4037, Validation Loss: 1.0227
Epoch 185/1000, Train Loss: 0.3944, Validation Loss: 0.6670
Epoch 186/1000, Train Loss: 0.3984, Validation Loss: 0.6513
Epoch 187/1000, Train Loss: 0.3913, Validation Loss: 1.7665
Epoch 188/1000, Train Loss: 0.4049, Validation Loss: 0.5723
Epoch 189/1000, Train Loss: 0.4012, Validation Loss: 1.0344
Epoch 190/1000, Train Loss: 0.3963, Validation Loss: 2.1959
Epoch 191/1000, Train Loss: 0.3931, Validation Loss: 0.5524
Epoch 192/1000, Train Loss: 0.3864, Validation Loss: 0.4988
Epoch 193/1000, Train Loss: 0.3979, Validation Loss: 3.4379
Epoch 194/1000, Train Loss: 0.3931, Validation Loss: 0.4070
Epoch 195/1000, Train Loss: 0.3846, Validation Loss: 0.4986
Epoch 196/1000, Train Loss: 0.3888, Validation Loss: 0.4804
Epoch 197/1000, Train Loss: 0.3870, Validation Loss: 1.5725
Epoch 198/1000, Train Loss: 0.3896, Validation Loss: 0.4268
Epoch 199/1000, Train Loss: 0.3840, Validation Loss: 0.4549
Epoch 200/1000, Train Loss: 0.3997, Validation Loss: 0.4863
Epoch 201/1000, Train Loss: 0.3923, Validation Loss: 0.4224
Epoch 202/1000, Train Loss: 0.4046, Validation Loss: 0.6695
Epoch 203/1000, Train Loss: 0.3867, Validation Loss: 0.4264
Epoch 204/1000, Train Loss: 0.3963, Validation Loss: 0.6820
Epoch 205/1000, Train Loss: 0.3874, Validation Loss: 0.4938
Epoch 206/1000, Train Loss: 0.3981, Validation Loss: 1.7331
Epoch 207/1000, Train Loss: 0.3834, Validation Loss: 0.6958
Epoch 208/1000, Train Loss: 0.3804, Validation Loss: 0.3723
Epoch 209/1000, Train Loss: 0.3755, Validation Loss: 0.5363
Epoch 210/1000, Train Loss: 0.3867, Validation Loss: 0.8080
Epoch 211/1000, Train Loss: 0.3832, Validation Loss: 0.5240
Epoch 212/1000, Train Loss: 0.3814, Validation Loss: 0.3930
Epoch 213/1000, Train Loss: 0.3793, Validation Loss: 2.4623
Epoch 214/1000, Train Loss: 0.3835, Validation Loss: 0.4281
Epoch 215/1000, Train Loss: 0.3750, Validation Loss: 0.5575
Epoch 216/1000, Train Loss: 0.3853, Validation Loss: 1.1958
Epoch 217/1000, Train Loss: 0.3676, Validation Loss: 0.3984
Epoch 218/1000, Train Loss: 0.3660, Validation Loss: 0.3558
Epoch 219/1000, Train Loss: 0.3698, Validation Loss: 0.8761
Epoch 220/1000, Train Loss: 0.3772, Validation Loss: 0.7827
Epoch 221/1000, Train Loss: 0.3968, Validation Loss: 0.8470
Epoch 222/1000, Train Loss: 0.3777, Validation Loss: 1.1487
Epoch 223/1000, Train Loss: 0.3734, Validation Loss: 0.9156
Epoch 224/1000, Train Loss: 0.3657, Validation Loss: 0.6528
Epoch 225/1000, Train Loss: 0.3826, Validation Loss: 0.3849
Epoch 226/1000, Train Loss: 0.3699, Validation Loss: 0.8795
Epoch 227/1000, Train Loss: 0.3649, Validation Loss: 0.4961
Epoch 228/1000, Train Loss: 0.3804, Validation Loss: 1.4049
Epoch 229/1000, Train Loss: 0.3735, Validation Loss: 0.6184
Epoch 230/1000, Train Loss: 0.3639, Validation Loss: 0.7717
Epoch 231/1000, Train Loss: 0.3619, Validation Loss: 0.5296
Epoch 232/1000, Train Loss: 0.3800, Validation Loss: 0.3705
Epoch 233/1000, Train Loss: 0.3768, Validation Loss: 0.4125
Epoch 234/1000, Train Loss: 0.3633, Validation Loss: 0.3543
Epoch 235/1000, Train Loss: 0.3698, Validation Loss: 0.4123
Epoch 236/1000, Train Loss: 0.3725, Validation Loss: 0.4903
Epoch 237/1000, Train Loss: 0.3578, Validation Loss: 0.5286
Epoch 238/1000, Train Loss: 0.3860, Validation Loss: 0.5930
Epoch 239/1000, Train Loss: 0.3674, Validation Loss: 0.6259
Epoch 240/1000, Train Loss: 0.3675, Validation Loss: 0.7089
Epoch 241/1000, Train Loss: 0.3708, Validation Loss: 0.5113
Epoch 242/1000, Train Loss: 0.3649, Validation Loss: 0.3888
Epoch 243/1000, Train Loss: 0.3571, Validation Loss: 0.3806
Epoch 244/1000, Train Loss: 0.3630, Validation Loss: 0.6237
Epoch 245/1000, Train Loss: 0.3560, Validation Loss: 0.8767
Epoch 246/1000, Train Loss: 0.3540, Validation Loss: 0.6275
Epoch 247/1000, Train Loss: 0.3638, Validation Loss: 0.8486
Epoch 248/1000, Train Loss: 0.3569, Validation Loss: 0.6055
Epoch 249/1000, Train Loss: 0.3539, Validation Loss: 0.3916
Epoch 250/1000, Train Loss: 0.3640, Validation Loss: 1.0754
Epoch 251/1000, Train Loss: 0.3686, Validation Loss: 0.3961
Epoch 252/1000, Train Loss: 0.3650, Validation Loss: 0.8292
Epoch 253/1000, Train Loss: 0.3642, Validation Loss: 0.9701
Epoch 254/1000, Train Loss: 0.3627, Validation Loss: 0.6729
Epoch 255/1000, Train Loss: 0.3542, Validation Loss: 0.7969
Epoch 256/1000, Train Loss: 0.3692, Validation Loss: 0.6578
Epoch 257/1000, Train Loss: 0.3562, Validation Loss: 0.6990
Epoch 258/1000, Train Loss: 0.3575, Validation Loss: 0.8394
Epoch 259/1000, Train Loss: 0.3586, Validation Loss: 0.9491
Epoch 260/1000, Train Loss: 0.3575, Validation Loss: 0.3898
Epoch 261/1000, Train Loss: 0.3536, Validation Loss: 0.3716
Epoch 262/1000, Train Loss: 0.3710, Validation Loss: 0.4236
Epoch 263/1000, Train Loss: 0.3569, Validation Loss: 0.4100
Epoch 264/1000, Train Loss: 0.3626, Validation Loss: 0.3305
Epoch 265/1000, Train Loss: 0.3498, Validation Loss: 1.7947
Epoch 266/1000, Train Loss: 0.3490, Validation Loss: 0.4360
Epoch 267/1000, Train Loss: 0.3561, Validation Loss: 0.3498
Epoch 268/1000, Train Loss: 0.3609, Validation Loss: 0.3784
Epoch 269/1000, Train Loss: 0.3479, Validation Loss: 0.4165
Epoch 270/1000, Train Loss: 0.3461, Validation Loss: 0.4710
Epoch 271/1000, Train Loss: 0.3496, Validation Loss: 0.5805
Epoch 272/1000, Train Loss: 0.3504, Validation Loss: 0.4494
Epoch 273/1000, Train Loss: 0.3486, Validation Loss: 0.7904
Epoch 274/1000, Train Loss: 0.3419, Validation Loss: 0.4529
Epoch 275/1000, Train Loss: 0.3444, Validation Loss: 0.7554
Epoch 276/1000, Train Loss: 0.3400, Validation Loss: 0.4322
Epoch 277/1000, Train Loss: 0.3423, Validation Loss: 0.8848
Epoch 278/1000, Train Loss: 0.3662, Validation Loss: 0.4359
Epoch 279/1000, Train Loss: 0.3458, Validation Loss: 0.4675
Epoch 280/1000, Train Loss: 0.3503, Validation Loss: 0.3112
Epoch 281/1000, Train Loss: 0.3454, Validation Loss: 0.3616
Epoch 282/1000, Train Loss: 0.3471, Validation Loss: 1.1728
Epoch 283/1000, Train Loss: 0.3482, Validation Loss: 0.3795
Epoch 284/1000, Train Loss: 0.3558, Validation Loss: 0.3336
Epoch 285/1000, Train Loss: 0.3436, Validation Loss: 0.5716
Epoch 286/1000, Train Loss: 0.3448, Validation Loss: 0.5013
Epoch 287/1000, Train Loss: 0.3394, Validation Loss: 0.3579
Epoch 288/1000, Train Loss: 0.3396, Validation Loss: 0.8238
Epoch 289/1000, Train Loss: 0.3539, Validation Loss: 0.5084
Epoch 290/1000, Train Loss: 0.3378, Validation Loss: 0.3912
Epoch 291/1000, Train Loss: 0.3521, Validation Loss: 0.4253
Epoch 292/1000, Train Loss: 0.3454, Validation Loss: 0.4998
Epoch 293/1000, Train Loss: 0.3538, Validation Loss: 0.3945
Epoch 294/1000, Train Loss: 0.3434, Validation Loss: 0.3815
Epoch 295/1000, Train Loss: 0.3373, Validation Loss: 1.9637
Epoch 296/1000, Train Loss: 0.3400, Validation Loss: 0.4206
Epoch 297/1000, Train Loss: 0.3291, Validation Loss: 1.5176
Epoch 298/1000, Train Loss: 0.3471, Validation Loss: 1.2127
Epoch 299/1000, Train Loss: 0.3421, Validation Loss: 0.4152
Epoch 300/1000, Train Loss: 0.3395, Validation Loss: 0.9371
Epoch 301/1000, Train Loss: 0.3447, Validation Loss: 0.3271
Epoch 302/1000, Train Loss: 0.3430, Validation Loss: 0.5839
Epoch 303/1000, Train Loss: 0.3402, Validation Loss: 0.5428
Epoch 304/1000, Train Loss: 0.3245, Validation Loss: 0.5576
Epoch 305/1000, Train Loss: 0.3352, Validation Loss: 0.5697
Epoch 306/1000, Train Loss: 0.3370, Validation Loss: 0.6727
Epoch 307/1000, Train Loss: 0.3426, Validation Loss: 0.3404
Epoch 308/1000, Train Loss: 0.3373, Validation Loss: 0.6090
Epoch 309/1000, Train Loss: 0.3424, Validation Loss: 1.0589
Epoch 310/1000, Train Loss: 0.3243, Validation Loss: 0.3821
Epoch 311/1000, Train Loss: 0.3317, Validation Loss: 0.3356
Epoch 312/1000, Train Loss: 0.3292, Validation Loss: 0.6053
Epoch 313/1000, Train Loss: 0.3452, Validation Loss: 0.3744
Epoch 314/1000, Train Loss: 0.3452, Validation Loss: 0.5960
Epoch 315/1000, Train Loss: 0.3263, Validation Loss: 0.3263
Epoch 316/1000, Train Loss: 0.3328, Validation Loss: 0.6185
Epoch 317/1000, Train Loss: 0.3307, Validation Loss: 0.2887
Epoch 318/1000, Train Loss: 0.3391, Validation Loss: 0.4037
Epoch 319/1000, Train Loss: 0.3199, Validation Loss: 0.3804
Epoch 320/1000, Train Loss: 0.3233, Validation Loss: 0.3070
Epoch 321/1000, Train Loss: 0.3212, Validation Loss: 0.6371
Epoch 322/1000, Train Loss: 0.3326, Validation Loss: 0.4323
Epoch 323/1000, Train Loss: 0.3235, Validation Loss: 0.4922
Epoch 324/1000, Train Loss: 0.3212, Validation Loss: 0.3321
Epoch 325/1000, Train Loss: 0.3258, Validation Loss: 0.5224
Epoch 326/1000, Train Loss: 0.3264, Validation Loss: 0.6001
Epoch 327/1000, Train Loss: 0.3312, Validation Loss: 0.3839
Epoch 328/1000, Train Loss: 0.3263, Validation Loss: 1.6591
Epoch 329/1000, Train Loss: 0.3223, Validation Loss: 0.3510
Epoch 330/1000, Train Loss: 0.3339, Validation Loss: 0.5739
Epoch 331/1000, Train Loss: 0.3228, Validation Loss: 0.7580
Epoch 332/1000, Train Loss: 0.3331, Validation Loss: 0.4174
Epoch 333/1000, Train Loss: 0.3354, Validation Loss: 0.3977
Epoch 334/1000, Train Loss: 0.3279, Validation Loss: 0.3046
Epoch 335/1000, Train Loss: 0.3239, Validation Loss: 0.5836
Epoch 336/1000, Train Loss: 0.3258, Validation Loss: 0.8437
Epoch 337/1000, Train Loss: 0.3353, Validation Loss: 0.4798
Epoch 338/1000, Train Loss: 0.3271, Validation Loss: 0.4559
Epoch 339/1000, Train Loss: 0.3307, Validation Loss: 0.6985
Epoch 340/1000, Train Loss: 0.3496, Validation Loss: 0.8575
Epoch 341/1000, Train Loss: 0.3345, Validation Loss: 0.3376
Epoch 342/1000, Train Loss: 0.3274, Validation Loss: 1.5901
Epoch 343/1000, Train Loss: 0.3272, Validation Loss: 0.3829
Epoch 344/1000, Train Loss: 0.3211, Validation Loss: 0.6920
Epoch 345/1000, Train Loss: 0.3185, Validation Loss: 0.3709
Epoch 346/1000, Train Loss: 0.3197, Validation Loss: 0.9981
Epoch 347/1000, Train Loss: 0.3239, Validation Loss: 0.5628
Epoch 348/1000, Train Loss: 0.3250, Validation Loss: 0.6586
Epoch 349/1000, Train Loss: 0.3257, Validation Loss: 0.2999
Epoch 350/1000, Train Loss: 0.3277, Validation Loss: 0.4504
Epoch 351/1000, Train Loss: 0.3220, Validation Loss: 0.9259
Epoch 352/1000, Train Loss: 0.3233, Validation Loss: 1.2019
Epoch 353/1000, Train Loss: 0.3262, Validation Loss: 0.8327
Epoch 354/1000, Train Loss: 0.3199, Validation Loss: 0.5044
Epoch 355/1000, Train Loss: 0.3147, Validation Loss: 1.4268
Epoch 356/1000, Train Loss: 0.3294, Validation Loss: 0.5457
Epoch 357/1000, Train Loss: 0.3256, Validation Loss: 0.4441
Epoch 358/1000, Train Loss: 0.3193, Validation Loss: 0.3482
Epoch 359/1000, Train Loss: 0.3164, Validation Loss: 0.9097
Epoch 360/1000, Train Loss: 0.3143, Validation Loss: 0.4877
Epoch 361/1000, Train Loss: 0.3162, Validation Loss: 0.4071
Epoch 362/1000, Train Loss: 0.3258, Validation Loss: 0.3481
Epoch 363/1000, Train Loss: 0.3227, Validation Loss: 0.4653
Epoch 364/1000, Train Loss: 0.3219, Validation Loss: 0.4196
Epoch 365/1000, Train Loss: 0.3194, Validation Loss: 0.3243
Epoch 366/1000, Train Loss: 0.3142, Validation Loss: 0.4898
Epoch 367/1000, Train Loss: 0.3203, Validation Loss: 0.4252
Epoch 368/1000, Train Loss: 0.3139, Validation Loss: 0.3528
Epoch 369/1000, Train Loss: 0.3295, Validation Loss: 0.7525
Epoch 370/1000, Train Loss: 0.3218, Validation Loss: 0.4391
Epoch 371/1000, Train Loss: 0.3269, Validation Loss: 0.3311
Epoch 372/1000, Train Loss: 0.3172, Validation Loss: 0.4360
Epoch 373/1000, Train Loss: 0.3206, Validation Loss: 0.3269
Epoch 374/1000, Train Loss: 0.3128, Validation Loss: 0.4129
Epoch 375/1000, Train Loss: 0.3203, Validation Loss: 0.2986
Epoch 376/1000, Train Loss: 0.3105, Validation Loss: 0.3786
Epoch 377/1000, Train Loss: 0.3112, Validation Loss: 0.5164
Epoch 378/1000, Train Loss: 0.3037, Validation Loss: 0.3162
Epoch 379/1000, Train Loss: 0.3139, Validation Loss: 0.3477
Epoch 380/1000, Train Loss: 0.3138, Validation Loss: 0.4013
Epoch 381/1000, Train Loss: 0.3052, Validation Loss: 0.5471
Epoch 382/1000, Train Loss: 0.3179, Validation Loss: 0.3274
Epoch 383/1000, Train Loss: 0.3148, Validation Loss: 0.5088
Epoch 384/1000, Train Loss: 0.3077, Validation Loss: 0.6681
Epoch 385/1000, Train Loss: 0.3056, Validation Loss: 0.7652
Epoch 386/1000, Train Loss: 0.3166, Validation Loss: 0.4566
Epoch 387/1000, Train Loss: 0.3160, Validation Loss: 0.3734
Epoch 388/1000, Train Loss: 0.3223, Validation Loss: 0.5822
Epoch 389/1000, Train Loss: 0.3192, Validation Loss: 0.4056
Epoch 390/1000, Train Loss: 0.3223, Validation Loss: 0.5756
Epoch 391/1000, Train Loss: 0.3099, Validation Loss: 0.4615
Epoch 392/1000, Train Loss: 0.3090, Validation Loss: 1.5436
Epoch 393/1000, Train Loss: 0.3150, Validation Loss: 0.5260
Epoch 394/1000, Train Loss: 0.3081, Validation Loss: 0.4283
Epoch 395/1000, Train Loss: 0.3028, Validation Loss: 0.7074
Epoch 396/1000, Train Loss: 0.3045, Validation Loss: 0.5479
Epoch 397/1000, Train Loss: 0.3182, Validation Loss: 1.0419
Epoch 398/1000, Train Loss: 0.3104, Validation Loss: 0.5405
Epoch 399/1000, Train Loss: 0.3046, Validation Loss: 1.3786
Epoch 400/1000, Train Loss: 0.3099, Validation Loss: 0.8193
Epoch 401/1000, Train Loss: 0.3031, Validation Loss: 0.8237
Epoch 402/1000, Train Loss: 0.3053, Validation Loss: 0.3326
Epoch 403/1000, Train Loss: 0.3023, Validation Loss: 0.5033
Epoch 404/1000, Train Loss: 0.3129, Validation Loss: 0.4183
Epoch 405/1000, Train Loss: 0.3117, Validation Loss: 0.5559
Epoch 406/1000, Train Loss: 0.3059, Validation Loss: 0.7295
Epoch 407/1000, Train Loss: 0.3161, Validation Loss: 0.4519
Epoch 408/1000, Train Loss: 0.3192, Validation Loss: 0.4111
Epoch 409/1000, Train Loss: 0.3109, Validation Loss: 0.9734
Epoch 410/1000, Train Loss: 0.3136, Validation Loss: 0.5054
Epoch 411/1000, Train Loss: 0.3117, Validation Loss: 0.4783
Epoch 412/1000, Train Loss: 0.3154, Validation Loss: 0.3705
Epoch 413/1000, Train Loss: 0.3039, Validation Loss: 0.3736
Epoch 414/1000, Train Loss: 0.3059, Validation Loss: 0.4868
Epoch 415/1000, Train Loss: 0.3090, Validation Loss: 0.8385
Epoch 416/1000, Train Loss: 0.3050, Validation Loss: 0.3613
Epoch 417/1000, Train Loss: 0.3024, Validation Loss: 0.3376
Epoch 418/1000, Train Loss: 0.2994, Validation Loss: 0.5619
Epoch 419/1000, Train Loss: 0.3069, Validation Loss: 0.3546
Epoch 420/1000, Train Loss: 0.3052, Validation Loss: 0.7333
Epoch 421/1000, Train Loss: 0.3048, Validation Loss: 0.8624
Epoch 422/1000, Train Loss: 0.3066, Validation Loss: 0.4666
Epoch 423/1000, Train Loss: 0.3075, Validation Loss: 0.5029
Epoch 424/1000, Train Loss: 0.3019, Validation Loss: 0.4828
Epoch 425/1000, Train Loss: 0.3008, Validation Loss: 0.3147
Epoch 426/1000, Train Loss: 0.3054, Validation Loss: 0.8937
Epoch 427/1000, Train Loss: 0.2938, Validation Loss: 0.5383
Epoch 428/1000, Train Loss: 0.3079, Validation Loss: 0.8537
Epoch 429/1000, Train Loss: 0.3060, Validation Loss: 0.3652
Epoch 430/1000, Train Loss: 0.3110, Validation Loss: 0.5306
Epoch 431/1000, Train Loss: 0.3013, Validation Loss: 0.5938
Epoch 432/1000, Train Loss: 0.3054, Validation Loss: 0.3277
Epoch 433/1000, Train Loss: 0.3059, Validation Loss: 0.3241
Epoch 434/1000, Train Loss: 0.3038, Validation Loss: 0.5846
Epoch 435/1000, Train Loss: 0.2997, Validation Loss: 0.4720
Epoch 436/1000, Train Loss: 0.2949, Validation Loss: 0.3654
Epoch 437/1000, Train Loss: 0.3031, Validation Loss: 0.7281
Epoch 438/1000, Train Loss: 0.3036, Validation Loss: 0.3110
Epoch 439/1000, Train Loss: 0.3107, Validation Loss: 0.3037
Epoch 440/1000, Train Loss: 0.3015, Validation Loss: 1.0780
Epoch 441/1000, Train Loss: 0.3077, Validation Loss: 0.6862
Epoch 442/1000, Train Loss: 0.3027, Validation Loss: 0.8837
Epoch 443/1000, Train Loss: 0.2992, Validation Loss: 0.9110
Epoch 444/1000, Train Loss: 0.3066, Validation Loss: 1.2512
Epoch 445/1000, Train Loss: 0.3093, Validation Loss: 0.5993
Epoch 446/1000, Train Loss: 0.3017, Validation Loss: 0.3451
Epoch 447/1000, Train Loss: 0.3076, Validation Loss: 0.6913
Epoch 448/1000, Train Loss: 0.3008, Validation Loss: 0.4135
Epoch 449/1000, Train Loss: 0.3036, Validation Loss: 0.3337
Epoch 450/1000, Train Loss: 0.3142, Validation Loss: 0.4383
Epoch 451/1000, Train Loss: 0.3140, Validation Loss: 1.1517
Epoch 452/1000, Train Loss: 0.3026, Validation Loss: 0.3738
Epoch 453/1000, Train Loss: 0.3034, Validation Loss: 1.1326
Epoch 454/1000, Train Loss: 0.2941, Validation Loss: 0.4822
Epoch 455/1000, Train Loss: 0.3025, Validation Loss: 0.4510
Epoch 456/1000, Train Loss: 0.3062, Validation Loss: 0.2736
Epoch 457/1000, Train Loss: 0.3000, Validation Loss: 0.2914
Epoch 458/1000, Train Loss: 0.2971, Validation Loss: 0.5014
Epoch 459/1000, Train Loss: 0.3029, Validation Loss: 0.3054
Epoch 460/1000, Train Loss: 0.3024, Validation Loss: 0.4403
Epoch 461/1000, Train Loss: 0.2967, Validation Loss: 0.4287
Epoch 462/1000, Train Loss: 0.3008, Validation Loss: 0.6990
Epoch 463/1000, Train Loss: 0.2947, Validation Loss: 1.1707
Epoch 464/1000, Train Loss: 0.3054, Validation Loss: 0.4082
Epoch 465/1000, Train Loss: 0.3010, Validation Loss: 1.3083
Epoch 466/1000, Train Loss: 0.3055, Validation Loss: 0.3108
Epoch 467/1000, Train Loss: 0.2998, Validation Loss: 0.4176
Epoch 468/1000, Train Loss: 0.3026, Validation Loss: 0.3260
Epoch 469/1000, Train Loss: 0.2954, Validation Loss: 0.4044
Epoch 470/1000, Train Loss: 0.2983, Validation Loss: 0.3349
Epoch 471/1000, Train Loss: 0.2953, Validation Loss: 0.7715
Epoch 472/1000, Train Loss: 0.2947, Validation Loss: 0.5802
Epoch 473/1000, Train Loss: 0.2998, Validation Loss: 0.2802
Epoch 474/1000, Train Loss: 0.2899, Validation Loss: 0.5455
Epoch 475/1000, Train Loss: 0.3020, Validation Loss: 0.3629
Epoch 476/1000, Train Loss: 0.3008, Validation Loss: 0.4839
Epoch 477/1000, Train Loss: 0.2910, Validation Loss: 0.3510
Epoch 478/1000, Train Loss: 0.2998, Validation Loss: 0.4235
Epoch 479/1000, Train Loss: 0.2960, Validation Loss: 0.3787
Epoch 480/1000, Train Loss: 0.2920, Validation Loss: 0.4360
Epoch 481/1000, Train Loss: 0.2967, Validation Loss: 0.4315
Epoch 482/1000, Train Loss: 0.3005, Validation Loss: 0.4170
Epoch 483/1000, Train Loss: 0.3039, Validation Loss: 0.4111
Epoch 484/1000, Train Loss: 0.2955, Validation Loss: 0.5644
Epoch 485/1000, Train Loss: 0.2870, Validation Loss: 5.2270
Epoch 486/1000, Train Loss: 0.2863, Validation Loss: 0.5548
Epoch 487/1000, Train Loss: 0.2955, Validation Loss: 0.5626
Epoch 488/1000, Train Loss: 0.2890, Validation Loss: 0.4730
Epoch 489/1000, Train Loss: 0.2951, Validation Loss: 0.3721
Epoch 490/1000, Train Loss: 0.2909, Validation Loss: 0.7303
Epoch 491/1000, Train Loss: 0.2878, Validation Loss: 0.7106
Epoch 492/1000, Train Loss: 0.2994, Validation Loss: 0.7179
Epoch 493/1000, Train Loss: 0.2940, Validation Loss: 1.9154
Epoch 494/1000, Train Loss: 0.2893, Validation Loss: 0.9836
Epoch 495/1000, Train Loss: 0.2940, Validation Loss: 0.9081
Epoch 496/1000, Train Loss: 0.2946, Validation Loss: 0.6181
Epoch 497/1000, Train Loss: 0.2925, Validation Loss: 0.8774
Epoch 498/1000, Train Loss: 0.2945, Validation Loss: 0.5173
Epoch 499/1000, Train Loss: 0.2904, Validation Loss: 0.3333
Epoch 500/1000, Train Loss: 0.2997, Validation Loss: 0.6462
Epoch 501/1000, Train Loss: 0.2896, Validation Loss: 0.4795
Epoch 502/1000, Train Loss: 0.2888, Validation Loss: 0.2861
Epoch 503/1000, Train Loss: 0.2892, Validation Loss: 0.4372
Epoch 504/1000, Train Loss: 0.3004, Validation Loss: 0.4758
Epoch 505/1000, Train Loss: 0.2902, Validation Loss: 0.5189
Epoch 506/1000, Train Loss: 0.2985, Validation Loss: 0.4863
Epoch 507/1000, Train Loss: 0.2922, Validation Loss: 0.5032
Epoch 508/1000, Train Loss: 0.3006, Validation Loss: 0.4780
Epoch 509/1000, Train Loss: 0.3055, Validation Loss: 0.3284
Epoch 510/1000, Train Loss: 0.2900, Validation Loss: 0.6731
Epoch 511/1000, Train Loss: 0.2854, Validation Loss: 0.3418
Epoch 512/1000, Train Loss: 0.2914, Validation Loss: 0.4270
Epoch 513/1000, Train Loss: 0.2880, Validation Loss: 0.9774
Epoch 514/1000, Train Loss: 0.2854, Validation Loss: 0.2756
Epoch 515/1000, Train Loss: 0.2942, Validation Loss: 0.3083
Epoch 516/1000, Train Loss: 0.2931, Validation Loss: 0.7965
Epoch 517/1000, Train Loss: 0.2843, Validation Loss: 0.4342
Epoch 518/1000, Train Loss: 0.2924, Validation Loss: 0.4017
Epoch 519/1000, Train Loss: 0.2908, Validation Loss: 0.4663
Epoch 520/1000, Train Loss: 0.3009, Validation Loss: 0.8043
Epoch 521/1000, Train Loss: 0.2878, Validation Loss: 1.2179
Epoch 522/1000, Train Loss: 0.2857, Validation Loss: 0.4334
Epoch 523/1000, Train Loss: 0.2862, Validation Loss: 0.5808
Epoch 524/1000, Train Loss: 0.2879, Validation Loss: 0.3307
Epoch 525/1000, Train Loss: 0.2824, Validation Loss: 0.5068
Epoch 526/1000, Train Loss: 0.2784, Validation Loss: 0.4718
Epoch 527/1000, Train Loss: 0.2902, Validation Loss: 1.5040
Epoch 528/1000, Train Loss: 0.2853, Validation Loss: 0.3708
Epoch 529/1000, Train Loss: 0.2812, Validation Loss: 0.3357
Epoch 530/1000, Train Loss: 0.2893, Validation Loss: 0.3300
Epoch 531/1000, Train Loss: 0.2920, Validation Loss: 0.7393
Epoch 532/1000, Train Loss: 0.2877, Validation Loss: 0.7135
Epoch 533/1000, Train Loss: 0.2879, Validation Loss: 0.2850
Epoch 534/1000, Train Loss: 0.2790, Validation Loss: 0.3265
Epoch 535/1000, Train Loss: 0.2774, Validation Loss: 0.6752
Epoch 536/1000, Train Loss: 0.2779, Validation Loss: 0.6167
Epoch 537/1000, Train Loss: 0.2837, Validation Loss: 0.7854
Epoch 538/1000, Train Loss: 0.2907, Validation Loss: 0.3217
Epoch 539/1000, Train Loss: 0.2867, Validation Loss: 0.4073
Epoch 540/1000, Train Loss: 0.2873, Validation Loss: 0.4230
Epoch 541/1000, Train Loss: 0.2978, Validation Loss: 0.2840
Epoch 542/1000, Train Loss: 0.2812, Validation Loss: 0.3664
Epoch 543/1000, Train Loss: 0.2822, Validation Loss: 0.6397
Epoch 544/1000, Train Loss: 0.2801, Validation Loss: 0.3918
Epoch 545/1000, Train Loss: 0.2924, Validation Loss: 1.0750
Epoch 546/1000, Train Loss: 0.2839, Validation Loss: 0.4060
Epoch 547/1000, Train Loss: 0.2853, Validation Loss: 0.6442
Epoch 548/1000, Train Loss: 0.2861, Validation Loss: 0.3405
Epoch 549/1000, Train Loss: 0.2857, Validation Loss: 0.5049
Epoch 550/1000, Train Loss: 0.2894, Validation Loss: 0.5226
Epoch 551/1000, Train Loss: 0.2913, Validation Loss: 0.4867
Epoch 552/1000, Train Loss: 0.2872, Validation Loss: 0.7488
Epoch 553/1000, Train Loss: 0.2871, Validation Loss: 0.4293
Epoch 554/1000, Train Loss: 0.2870, Validation Loss: 0.5192
Epoch 555/1000, Train Loss: 0.2849, Validation Loss: 0.3398
Epoch 556/1000, Train Loss: 0.3027, Validation Loss: 0.3932
Epoch 557/1000, Train Loss: 0.2819, Validation Loss: 1.2502
Epoch 558/1000, Train Loss: 0.2841, Validation Loss: 0.3640
Epoch 559/1000, Train Loss: 0.2875, Validation Loss: 0.5149
Epoch 560/1000, Train Loss: 0.2797, Validation Loss: 0.7915
Epoch 561/1000, Train Loss: 0.2864, Validation Loss: 0.5222
Epoch 562/1000, Train Loss: 0.2919, Validation Loss: 0.3401
Epoch 563/1000, Train Loss: 0.2826, Validation Loss: 0.4224
Epoch 564/1000, Train Loss: 0.2831, Validation Loss: 1.1169
Epoch 565/1000, Train Loss: 0.2887, Validation Loss: 0.8680
Epoch 566/1000, Train Loss: 0.2977, Validation Loss: 0.3137
Epoch 567/1000, Train Loss: 0.2869, Validation Loss: 1.6906
Epoch 568/1000, Train Loss: 0.2777, Validation Loss: 0.2885
Epoch 569/1000, Train Loss: 0.2727, Validation Loss: 0.3277
Epoch 570/1000, Train Loss: 0.2756, Validation Loss: 0.5764
Epoch 571/1000, Train Loss: 0.2906, Validation Loss: 0.4112
Epoch 572/1000, Train Loss: 0.2938, Validation Loss: 0.6794
Epoch 573/1000, Train Loss: 0.2795, Validation Loss: 0.3511
Epoch 574/1000, Train Loss: 0.2779, Validation Loss: 0.6044
Epoch 575/1000, Train Loss: 0.2864, Validation Loss: 0.5392
Epoch 576/1000, Train Loss: 0.2866, Validation Loss: 0.3299
Epoch 577/1000, Train Loss: 0.2817, Validation Loss: 0.5638
Epoch 578/1000, Train Loss: 0.2793, Validation Loss: 0.3177
Epoch 579/1000, Train Loss: 0.2770, Validation Loss: 0.5628
Epoch 580/1000, Train Loss: 0.2810, Validation Loss: 0.3373
Epoch 581/1000, Train Loss: 0.2917, Validation Loss: 0.3462
Epoch 582/1000, Train Loss: 0.2829, Validation Loss: 0.5762
Epoch 583/1000, Train Loss: 0.2811, Validation Loss: 0.7788
Epoch 584/1000, Train Loss: 0.2837, Validation Loss: 0.5590
Epoch 585/1000, Train Loss: 0.2760, Validation Loss: 0.5058
Epoch 586/1000, Train Loss: 0.2818, Validation Loss: 0.5049
Epoch 587/1000, Train Loss: 0.2827, Validation Loss: 0.5208
Epoch 588/1000, Train Loss: 0.2754, Validation Loss: 1.0535
Epoch 589/1000, Train Loss: 0.2792, Validation Loss: 1.1714
Epoch 590/1000, Train Loss: 0.2782, Validation Loss: 0.6409
Epoch 591/1000, Train Loss: 0.2799, Validation Loss: 0.3017
Epoch 592/1000, Train Loss: 0.2775, Validation Loss: 0.2755
Epoch 593/1000, Train Loss: 0.2811, Validation Loss: 0.3663
Epoch 594/1000, Train Loss: 0.2819, Validation Loss: 0.5578
Epoch 595/1000, Train Loss: 0.2743, Validation Loss: 1.3775
Epoch 596/1000, Train Loss: 0.2873, Validation Loss: 0.3971
Epoch 597/1000, Train Loss: 0.2768, Validation Loss: 0.4925
Epoch 598/1000, Train Loss: 0.2890, Validation Loss: 0.3349
Epoch 599/1000, Train Loss: 0.2780, Validation Loss: 0.3908
Epoch 600/1000, Train Loss: 0.2758, Validation Loss: 0.2933
Epoch 601/1000, Train Loss: 0.2960, Validation Loss: 0.4557
Epoch 602/1000, Train Loss: 0.2800, Validation Loss: 0.4687
Epoch 603/1000, Train Loss: 0.2871, Validation Loss: 0.6428
Epoch 604/1000, Train Loss: 0.2794, Validation Loss: 1.0488
Epoch 605/1000, Train Loss: 0.2852, Validation Loss: 0.4225
Epoch 606/1000, Train Loss: 0.2794, Validation Loss: 0.4108
Epoch 607/1000, Train Loss: 0.2779, Validation Loss: 0.4086
Epoch 608/1000, Train Loss: 0.2765, Validation Loss: 1.0248
Epoch 609/1000, Train Loss: 0.2874, Validation Loss: 0.8451
Epoch 610/1000, Train Loss: 0.2736, Validation Loss: 0.2924
Epoch 611/1000, Train Loss: 0.2823, Validation Loss: 0.3303
Epoch 612/1000, Train Loss: 0.2792, Validation Loss: 0.3540
Epoch 613/1000, Train Loss: 0.2695, Validation Loss: 1.1177
Epoch 614/1000, Train Loss: 0.2743, Validation Loss: 1.2484
Epoch 615/1000, Train Loss: 0.2681, Validation Loss: 0.5448
Epoch 616/1000, Train Loss: 0.2684, Validation Loss: 0.3637
Epoch 617/1000, Train Loss: 0.2720, Validation Loss: 0.4624
Epoch 618/1000, Train Loss: 0.2778, Validation Loss: 0.4588
Epoch 619/1000, Train Loss: 0.2737, Validation Loss: 0.6754
Epoch 620/1000, Train Loss: 0.2727, Validation Loss: 0.3524
Epoch 621/1000, Train Loss: 0.2809, Validation Loss: 0.2980
Epoch 622/1000, Train Loss: 0.2733, Validation Loss: 0.5332
Epoch 623/1000, Train Loss: 0.2754, Validation Loss: 0.2725
Epoch 624/1000, Train Loss: 0.2755, Validation Loss: 0.3227
Epoch 625/1000, Train Loss: 0.2758, Validation Loss: 0.2621
Epoch 626/1000, Train Loss: 0.2730, Validation Loss: 0.4960
Epoch 627/1000, Train Loss: 0.2775, Validation Loss: 0.5192
Epoch 628/1000, Train Loss: 0.2739, Validation Loss: 0.4457
Epoch 629/1000, Train Loss: 0.2759, Validation Loss: 0.5644
Epoch 630/1000, Train Loss: 0.2768, Validation Loss: 0.2499
Epoch 631/1000, Train Loss: 0.2736, Validation Loss: 0.3389
Epoch 632/1000, Train Loss: 0.2692, Validation Loss: 0.3084
Epoch 633/1000, Train Loss: 0.2752, Validation Loss: 0.3118
Epoch 634/1000, Train Loss: 0.2726, Validation Loss: 0.4580
Epoch 635/1000, Train Loss: 0.2757, Validation Loss: 0.3627
Epoch 636/1000, Train Loss: 0.2688, Validation Loss: 0.3501
Epoch 637/1000, Train Loss: 0.2766, Validation Loss: 1.0624
Epoch 638/1000, Train Loss: 0.2794, Validation Loss: 0.3460
Epoch 639/1000, Train Loss: 0.2754, Validation Loss: 0.2715
Epoch 640/1000, Train Loss: 0.2831, Validation Loss: 0.3354
Epoch 641/1000, Train Loss: 0.2871, Validation Loss: 0.3382
Epoch 642/1000, Train Loss: 0.2732, Validation Loss: 0.3229
Epoch 643/1000, Train Loss: 0.2713, Validation Loss: 0.2555
Epoch 644/1000, Train Loss: 0.2713, Validation Loss: 0.2609
Epoch 645/1000, Train Loss: 0.2729, Validation Loss: 0.4924
Epoch 646/1000, Train Loss: 0.2718, Validation Loss: 0.2760
Epoch 647/1000, Train Loss: 0.2825, Validation Loss: 0.8819
Epoch 648/1000, Train Loss: 0.2765, Validation Loss: 0.4674
Epoch 649/1000, Train Loss: 0.2740, Validation Loss: 0.2956
Epoch 650/1000, Train Loss: 0.2770, Validation Loss: 0.4500
Epoch 651/1000, Train Loss: 0.2751, Validation Loss: 0.6120
Epoch 652/1000, Train Loss: 0.2737, Validation Loss: 0.4688
Epoch 653/1000, Train Loss: 0.2755, Validation Loss: 0.3989
Epoch 654/1000, Train Loss: 0.2712, Validation Loss: 0.2776
Epoch 655/1000, Train Loss: 0.2738, Validation Loss: 0.4977
Epoch 656/1000, Train Loss: 0.2693, Validation Loss: 0.3284
Epoch 657/1000, Train Loss: 0.2716, Validation Loss: 0.4013
Epoch 658/1000, Train Loss: 0.2708, Validation Loss: 0.8625
Epoch 659/1000, Train Loss: 0.2703, Validation Loss: 0.2797
Epoch 660/1000, Train Loss: 0.2696, Validation Loss: 0.6111
Epoch 661/1000, Train Loss: 0.2698, Validation Loss: 0.4797
Epoch 662/1000, Train Loss: 0.2779, Validation Loss: 0.5741
Epoch 663/1000, Train Loss: 0.2751, Validation Loss: 0.5371
Epoch 664/1000, Train Loss: 0.2856, Validation Loss: 0.9951
Epoch 665/1000, Train Loss: 0.2770, Validation Loss: 0.3291
Epoch 666/1000, Train Loss: 0.2803, Validation Loss: 0.4628
Epoch 667/1000, Train Loss: 0.2692, Validation Loss: 0.2645
Epoch 668/1000, Train Loss: 0.2740, Validation Loss: 0.4633
Epoch 669/1000, Train Loss: 0.2707, Validation Loss: 0.2721
Epoch 670/1000, Train Loss: 0.2682, Validation Loss: 0.4874
Epoch 671/1000, Train Loss: 0.2762, Validation Loss: 0.5939
Epoch 672/1000, Train Loss: 0.2651, Validation Loss: 0.3561
Epoch 673/1000, Train Loss: 0.2745, Validation Loss: 0.4538
Epoch 674/1000, Train Loss: 0.2684, Validation Loss: 0.2983
Epoch 675/1000, Train Loss: 0.2701, Validation Loss: 0.2564
Epoch 676/1000, Train Loss: 0.2772, Validation Loss: 0.4534
Epoch 677/1000, Train Loss: 0.2619, Validation Loss: 0.5728
Epoch 678/1000, Train Loss: 0.2679, Validation Loss: 0.2733
Epoch 679/1000, Train Loss: 0.2772, Validation Loss: 0.2823
Epoch 680/1000, Train Loss: 0.2827, Validation Loss: 0.4173
Epoch 681/1000, Train Loss: 0.2745, Validation Loss: 0.4817
Epoch 682/1000, Train Loss: 0.2605, Validation Loss: 0.3390
Epoch 683/1000, Train Loss: 0.2582, Validation Loss: 0.5349
Epoch 684/1000, Train Loss: 0.2650, Validation Loss: 0.5325
Epoch 685/1000, Train Loss: 0.2682, Validation Loss: 0.2699
Epoch 686/1000, Train Loss: 0.2641, Validation Loss: 0.2763
Epoch 687/1000, Train Loss: 0.2672, Validation Loss: 0.5815
Epoch 688/1000, Train Loss: 0.2690, Validation Loss: 0.5202
Epoch 689/1000, Train Loss: 0.2701, Validation Loss: 0.6688
Epoch 690/1000, Train Loss: 0.2724, Validation Loss: 0.4933
Epoch 691/1000, Train Loss: 0.2718, Validation Loss: 0.2483
Epoch 692/1000, Train Loss: 0.2738, Validation Loss: 0.4546
Epoch 693/1000, Train Loss: 0.2663, Validation Loss: 0.5103
Epoch 694/1000, Train Loss: 0.2648, Validation Loss: 0.2691
Epoch 695/1000, Train Loss: 0.2760, Validation Loss: 0.3983
Epoch 696/1000, Train Loss: 0.2629, Validation Loss: 0.5923
Epoch 697/1000, Train Loss: 0.2689, Validation Loss: 0.5521
Epoch 698/1000, Train Loss: 0.2671, Validation Loss: 0.4011
Epoch 699/1000, Train Loss: 0.2618, Validation Loss: 0.3712
Epoch 700/1000, Train Loss: 0.2697, Validation Loss: 0.2949
Epoch 701/1000, Train Loss: 0.2676, Validation Loss: 0.3302
Epoch 702/1000, Train Loss: 0.2632, Validation Loss: 0.3373
Epoch 703/1000, Train Loss: 0.2704, Validation Loss: 0.3297
Epoch 704/1000, Train Loss: 0.2594, Validation Loss: 0.2942
Epoch 705/1000, Train Loss: 0.2676, Validation Loss: 0.3776
Epoch 706/1000, Train Loss: 0.2736, Validation Loss: 0.5829
Epoch 707/1000, Train Loss: 0.2753, Validation Loss: 0.2802
Epoch 708/1000, Train Loss: 0.2680, Validation Loss: 0.8098
Epoch 709/1000, Train Loss: 0.2615, Validation Loss: 1.2893
Epoch 710/1000, Train Loss: 0.2612, Validation Loss: 0.4523
Epoch 711/1000, Train Loss: 0.2599, Validation Loss: 0.6745
Epoch 712/1000, Train Loss: 0.2621, Validation Loss: 0.3523
Epoch 713/1000, Train Loss: 0.2656, Validation Loss: 0.9610
Epoch 714/1000, Train Loss: 0.2632, Validation Loss: 0.4814
Epoch 715/1000, Train Loss: 0.2660, Validation Loss: 0.3048
Epoch 716/1000, Train Loss: 0.2669, Validation Loss: 0.2824
Epoch 717/1000, Train Loss: 0.2662, Validation Loss: 0.2504
Epoch 718/1000, Train Loss: 0.2607, Validation Loss: 0.3674
Epoch 719/1000, Train Loss: 0.2626, Validation Loss: 0.4873
Epoch 720/1000, Train Loss: 0.2637, Validation Loss: 0.3085
Epoch 721/1000, Train Loss: 0.2733, Validation Loss: 0.2789
Epoch 722/1000, Train Loss: 0.2677, Validation Loss: 0.6068
Epoch 723/1000, Train Loss: 0.2688, Validation Loss: 1.1075
Epoch 724/1000, Train Loss: 0.2625, Validation Loss: 0.3208
Epoch 725/1000, Train Loss: 0.2608, Validation Loss: 0.3774
Epoch 726/1000, Train Loss: 0.2667, Validation Loss: 0.3547
Epoch 727/1000, Train Loss: 0.2643, Validation Loss: 0.7400
Epoch 728/1000, Train Loss: 0.2654, Validation Loss: 0.4607
Epoch 729/1000, Train Loss: 0.2631, Validation Loss: 0.5658
Epoch 730/1000, Train Loss: 0.2688, Validation Loss: 0.8488
Epoch 731/1000, Train Loss: 0.2639, Validation Loss: 0.8349
Epoch 732/1000, Train Loss: 0.2589, Validation Loss: 0.4473
Epoch 733/1000, Train Loss: 0.2594, Validation Loss: 0.6270
Epoch 734/1000, Train Loss: 0.2651, Validation Loss: 0.3915
Epoch 735/1000, Train Loss: 0.2707, Validation Loss: 0.5213
Epoch 736/1000, Train Loss: 0.2655, Validation Loss: 1.0720
Epoch 737/1000, Train Loss: 0.2653, Validation Loss: 0.8500
Epoch 738/1000, Train Loss: 0.2612, Validation Loss: 0.2669
Epoch 739/1000, Train Loss: 0.2639, Validation Loss: 0.3231
Epoch 740/1000, Train Loss: 0.2677, Validation Loss: 0.2546
Epoch 741/1000, Train Loss: 0.2689, Validation Loss: 0.4581
Epoch 742/1000, Train Loss: 0.2659, Validation Loss: 0.4704
Epoch 743/1000, Train Loss: 0.2619, Validation Loss: 0.4778
Epoch 744/1000, Train Loss: 0.2683, Validation Loss: 0.3202
Epoch 745/1000, Train Loss: 0.2696, Validation Loss: 0.3362
Epoch 746/1000, Train Loss: 0.2596, Validation Loss: 0.2943
Epoch 747/1000, Train Loss: 0.2656, Validation Loss: 0.4608
Epoch 748/1000, Train Loss: 0.2597, Validation Loss: 0.2753
Epoch 749/1000, Train Loss: 0.2650, Validation Loss: 0.5907
Epoch 750/1000, Train Loss: 0.2652, Validation Loss: 0.3163
Epoch 751/1000, Train Loss: 0.2633, Validation Loss: 0.3346
Epoch 752/1000, Train Loss: 0.2695, Validation Loss: 0.3035
Epoch 753/1000, Train Loss: 0.2605, Validation Loss: 0.2971
Epoch 754/1000, Train Loss: 0.2621, Validation Loss: 0.4845
Epoch 755/1000, Train Loss: 0.2594, Validation Loss: 0.4455
Epoch 756/1000, Train Loss: 0.2619, Validation Loss: 0.6057
Epoch 757/1000, Train Loss: 0.2670, Validation Loss: 0.2894
Epoch 758/1000, Train Loss: 0.2618, Validation Loss: 1.7037
Epoch 759/1000, Train Loss: 0.2573, Validation Loss: 0.3155
Epoch 760/1000, Train Loss: 0.2687, Validation Loss: 0.7398
Epoch 761/1000, Train Loss: 0.2648, Validation Loss: 0.2585
Epoch 762/1000, Train Loss: 0.2593, Validation Loss: 0.9277
Epoch 763/1000, Train Loss: 0.2590, Validation Loss: 0.2927
Epoch 764/1000, Train Loss: 0.2614, Validation Loss: 0.7171
Epoch 765/1000, Train Loss: 0.2619, Validation Loss: 0.2684
Epoch 766/1000, Train Loss: 0.2687, Validation Loss: 0.3639
Epoch 767/1000, Train Loss: 0.2590, Validation Loss: 0.3568
Epoch 768/1000, Train Loss: 0.2625, Validation Loss: 0.6016
Epoch 769/1000, Train Loss: 0.2518, Validation Loss: 0.4837
Epoch 770/1000, Train Loss: 0.2595, Validation Loss: 0.4816
Epoch 771/1000, Train Loss: 0.2591, Validation Loss: 0.3462
Epoch 772/1000, Train Loss: 0.2595, Validation Loss: 0.4975
Epoch 773/1000, Train Loss: 0.2584, Validation Loss: 0.3467
Epoch 774/1000, Train Loss: 0.2628, Validation Loss: 0.3513
Epoch 775/1000, Train Loss: 0.2673, Validation Loss: 0.2632
Epoch 776/1000, Train Loss: 0.2637, Validation Loss: 0.4445
Epoch 777/1000, Train Loss: 0.2646, Validation Loss: 1.0839
Epoch 778/1000, Train Loss: 0.2548, Validation Loss: 0.2695
Epoch 779/1000, Train Loss: 0.2598, Validation Loss: 0.3126
Epoch 780/1000, Train Loss: 0.2640, Validation Loss: 0.4121
Epoch 781/1000, Train Loss: 0.2674, Validation Loss: 0.3557
Epoch 782/1000, Train Loss: 0.2635, Validation Loss: 0.2801
Epoch 783/1000, Train Loss: 0.2584, Validation Loss: 0.3047
Epoch 784/1000, Train Loss: 0.2569, Validation Loss: 0.3562
Epoch 785/1000, Train Loss: 0.2541, Validation Loss: 1.1353
Epoch 786/1000, Train Loss: 0.2618, Validation Loss: 0.7164
Epoch 787/1000, Train Loss: 0.2611, Validation Loss: 1.2874
Epoch 788/1000, Train Loss: 0.2616, Validation Loss: 0.2838
Epoch 789/1000, Train Loss: 0.2536, Validation Loss: 0.3043
Epoch 790/1000, Train Loss: 0.2618, Validation Loss: 0.3967
Epoch 791/1000, Train Loss: 0.2583, Validation Loss: 0.4789
Epoch 792/1000, Train Loss: 0.2636, Validation Loss: 0.7011
Epoch 793/1000, Train Loss: 0.2601, Validation Loss: 0.5561
Epoch 794/1000, Train Loss: 0.2604, Validation Loss: 0.3486
Epoch 795/1000, Train Loss: 0.2639, Validation Loss: 0.3669
Epoch 796/1000, Train Loss: 0.2596, Validation Loss: 0.5975
Epoch 797/1000, Train Loss: 0.2550, Validation Loss: 0.4384
Epoch 798/1000, Train Loss: 0.2531, Validation Loss: 0.3793
Epoch 799/1000, Train Loss: 0.2675, Validation Loss: 0.3506
Epoch 800/1000, Train Loss: 0.2557, Validation Loss: 0.3601
Epoch 801/1000, Train Loss: 0.2577, Validation Loss: 0.4264
Epoch 802/1000, Train Loss: 0.2639, Validation Loss: 0.3107
Epoch 803/1000, Train Loss: 0.2636, Validation Loss: 0.4492
Epoch 804/1000, Train Loss: 0.2544, Validation Loss: 0.7051
Epoch 805/1000, Train Loss: 0.2535, Validation Loss: 0.3094
Epoch 806/1000, Train Loss: 0.2590, Validation Loss: 0.9277
Epoch 807/1000, Train Loss: 0.2581, Validation Loss: 0.9015
Epoch 808/1000, Train Loss: 0.2631, Validation Loss: 0.2747
Epoch 809/1000, Train Loss: 0.2556, Validation Loss: 0.6220
Epoch 810/1000, Train Loss: 0.2594, Validation Loss: 0.2719
Epoch 811/1000, Train Loss: 0.2671, Validation Loss: 0.5811
Epoch 812/1000, Train Loss: 0.2614, Validation Loss: 0.3169
Epoch 813/1000, Train Loss: 0.2584, Validation Loss: 0.2881
Epoch 814/1000, Train Loss: 0.2646, Validation Loss: 0.4711
Epoch 815/1000, Train Loss: 0.2605, Validation Loss: 0.7968
Epoch 816/1000, Train Loss: 0.2569, Validation Loss: 0.2696
Epoch 817/1000, Train Loss: 0.2597, Validation Loss: 0.3703
Epoch 818/1000, Train Loss: 0.2624, Validation Loss: 0.8143
Epoch 819/1000, Train Loss: 0.2519, Validation Loss: 0.2646
Epoch 820/1000, Train Loss: 0.2607, Validation Loss: 0.3537
Epoch 821/1000, Train Loss: 0.2643, Validation Loss: 0.3871
Epoch 822/1000, Train Loss: 0.2614, Validation Loss: 0.2777
Epoch 823/1000, Train Loss: 0.2702, Validation Loss: 0.5314
Epoch 824/1000, Train Loss: 0.2623, Validation Loss: 0.4451
Epoch 825/1000, Train Loss: 0.2575, Validation Loss: 0.3479
Epoch 826/1000, Train Loss: 0.2606, Validation Loss: 0.3736
Epoch 827/1000, Train Loss: 0.2565, Validation Loss: 0.3625
Epoch 828/1000, Train Loss: 0.2663, Validation Loss: 0.5118
Epoch 829/1000, Train Loss: 0.2516, Validation Loss: 0.5882
Epoch 830/1000, Train Loss: 0.2585, Validation Loss: 0.4165
Epoch 831/1000, Train Loss: 0.2566, Validation Loss: 0.3384
Epoch 832/1000, Train Loss: 0.2590, Validation Loss: 0.2791
Epoch 833/1000, Train Loss: 0.2518, Validation Loss: 0.9270
Epoch 834/1000, Train Loss: 0.2686, Validation Loss: 0.6538
Epoch 835/1000, Train Loss: 0.2623, Validation Loss: 1.3190
Epoch 836/1000, Train Loss: 0.2529, Validation Loss: 0.3166
Epoch 837/1000, Train Loss: 0.2489, Validation Loss: 0.5041
Epoch 838/1000, Train Loss: 0.2557, Validation Loss: 0.3354
Epoch 839/1000, Train Loss: 0.2598, Validation Loss: 0.4104
Epoch 840/1000, Train Loss: 0.2558, Validation Loss: 0.3128
Epoch 841/1000, Train Loss: 0.2571, Validation Loss: 0.2570
Epoch 842/1000, Train Loss: 0.2639, Validation Loss: 1.1688
Epoch 843/1000, Train Loss: 0.2527, Validation Loss: 0.3425
Epoch 844/1000, Train Loss: 0.2582, Validation Loss: 0.5404
Epoch 845/1000, Train Loss: 0.2715, Validation Loss: 0.3505
Epoch 846/1000, Train Loss: 0.2496, Validation Loss: 0.3424
Epoch 847/1000, Train Loss: 0.2538, Validation Loss: 0.4376
Epoch 848/1000, Train Loss: 0.2567, Validation Loss: 0.4696
Epoch 849/1000, Train Loss: 0.2531, Validation Loss: 0.2616
Epoch 850/1000, Train Loss: 0.2587, Validation Loss: 0.3657
Epoch 851/1000, Train Loss: 0.2533, Validation Loss: 0.2990
Epoch 852/1000, Train Loss: 0.2561, Validation Loss: 0.2619
Epoch 853/1000, Train Loss: 0.2591, Validation Loss: 0.7492
Epoch 854/1000, Train Loss: 0.2516, Validation Loss: 0.8303
Epoch 855/1000, Train Loss: 0.2531, Validation Loss: 0.2392
Epoch 856/1000, Train Loss: 0.2642, Validation Loss: 0.4906
Epoch 857/1000, Train Loss: 0.2526, Validation Loss: 0.7754
Epoch 858/1000, Train Loss: 0.2617, Validation Loss: 0.6084
Epoch 859/1000, Train Loss: 0.2538, Validation Loss: 0.3815
Epoch 860/1000, Train Loss: 0.2573, Validation Loss: 0.5002
Epoch 861/1000, Train Loss: 0.2525, Validation Loss: 0.7728
Epoch 862/1000, Train Loss: 0.2538, Validation Loss: 1.9002
Epoch 863/1000, Train Loss: 0.2539, Validation Loss: 0.7894
Epoch 864/1000, Train Loss: 0.2629, Validation Loss: 0.5835
Epoch 865/1000, Train Loss: 0.2618, Validation Loss: 0.7456
Epoch 866/1000, Train Loss: 0.2638, Validation Loss: 0.3212
Epoch 867/1000, Train Loss: 0.2593, Validation Loss: 0.7665
Epoch 868/1000, Train Loss: 0.2566, Validation Loss: 0.6324
Epoch 869/1000, Train Loss: 0.2503, Validation Loss: 0.6804
Epoch 870/1000, Train Loss: 0.2536, Validation Loss: 0.2516
Epoch 871/1000, Train Loss: 0.2531, Validation Loss: 0.4250
Epoch 872/1000, Train Loss: 0.2661, Validation Loss: 0.5653
Epoch 873/1000, Train Loss: 0.2644, Validation Loss: 0.2549
Epoch 874/1000, Train Loss: 0.2505, Validation Loss: 0.4569
Epoch 875/1000, Train Loss: 0.2655, Validation Loss: 1.2832
Epoch 876/1000, Train Loss: 0.2625, Validation Loss: 0.2982
Epoch 877/1000, Train Loss: 0.2551, Validation Loss: 0.3622
Epoch 878/1000, Train Loss: 0.2614, Validation Loss: 0.4735
Epoch 879/1000, Train Loss: 0.2502, Validation Loss: 0.3813
Epoch 880/1000, Train Loss: 0.2475, Validation Loss: 0.4035
Epoch 881/1000, Train Loss: 0.2621, Validation Loss: 1.0471
Epoch 882/1000, Train Loss: 0.2531, Validation Loss: 0.3481
Epoch 883/1000, Train Loss: 0.2537, Validation Loss: 0.2799
Epoch 884/1000, Train Loss: 0.2551, Validation Loss: 1.1116
Epoch 885/1000, Train Loss: 0.2576, Validation Loss: 0.2392
Epoch 886/1000, Train Loss: 0.2512, Validation Loss: 0.4628
Epoch 887/1000, Train Loss: 0.2510, Validation Loss: 0.3525
Epoch 888/1000, Train Loss: 0.2585, Validation Loss: 0.3361
Epoch 889/1000, Train Loss: 0.2587, Validation Loss: 0.5050
Epoch 890/1000, Train Loss: 0.2541, Validation Loss: 0.5272
Epoch 891/1000, Train Loss: 0.2474, Validation Loss: 0.2889
Epoch 892/1000, Train Loss: 0.2568, Validation Loss: 0.2662
Epoch 893/1000, Train Loss: 0.2509, Validation Loss: 0.9774
Epoch 894/1000, Train Loss: 0.2563, Validation Loss: 1.0354
Epoch 895/1000, Train Loss: 0.2494, Validation Loss: 0.2784
Epoch 896/1000, Train Loss: 0.2512, Validation Loss: 0.2526
Epoch 897/1000, Train Loss: 0.2495, Validation Loss: 0.2816
Epoch 898/1000, Train Loss: 0.2582, Validation Loss: 0.3372
Epoch 899/1000, Train Loss: 0.2559, Validation Loss: 0.4286
Epoch 900/1000, Train Loss: 0.2521, Validation Loss: 0.3944
Epoch 901/1000, Train Loss: 0.2521, Validation Loss: 0.2670
Epoch 902/1000, Train Loss: 0.2485, Validation Loss: 0.5741
Epoch 903/1000, Train Loss: 0.2521, Validation Loss: 0.5822
Epoch 904/1000, Train Loss: 0.2540, Validation Loss: 0.3818
Epoch 905/1000, Train Loss: 0.2612, Validation Loss: 0.2624
Epoch 906/1000, Train Loss: 0.2545, Validation Loss: 0.3694
Epoch 907/1000, Train Loss: 0.2496, Validation Loss: 1.1871
Epoch 908/1000, Train Loss: 0.2519, Validation Loss: 0.2340
Epoch 909/1000, Train Loss: 0.2494, Validation Loss: 1.2388
Epoch 910/1000, Train Loss: 0.2585, Validation Loss: 0.8153
Epoch 911/1000, Train Loss: 0.2579, Validation Loss: 1.3086
Epoch 912/1000, Train Loss: 0.2548, Validation Loss: 0.4569
Epoch 913/1000, Train Loss: 0.2565, Validation Loss: 0.8354
Epoch 914/1000, Train Loss: 0.2512, Validation Loss: 0.3402
Epoch 915/1000, Train Loss: 0.2551, Validation Loss: 0.5961
Epoch 916/1000, Train Loss: 0.2572, Validation Loss: 0.2969
Epoch 917/1000, Train Loss: 0.2598, Validation Loss: 0.6505
Epoch 918/1000, Train Loss: 0.2463, Validation Loss: 0.2555
Epoch 919/1000, Train Loss: 0.2417, Validation Loss: 0.8534
Epoch 920/1000, Train Loss: 0.2497, Validation Loss: 0.5860
Epoch 921/1000, Train Loss: 0.2461, Validation Loss: 0.3037
Epoch 922/1000, Train Loss: 0.2525, Validation Loss: 0.3272
Epoch 923/1000, Train Loss: 0.2512, Validation Loss: 0.4645
Epoch 924/1000, Train Loss: 0.2440, Validation Loss: 0.5153
Epoch 925/1000, Train Loss: 0.2524, Validation Loss: 0.2731
Epoch 926/1000, Train Loss: 0.2565, Validation Loss: 0.2836
Epoch 927/1000, Train Loss: 0.2435, Validation Loss: 0.3815
Epoch 928/1000, Train Loss: 0.2499, Validation Loss: 0.4711
Epoch 929/1000, Train Loss: 0.2501, Validation Loss: 0.3269
Epoch 930/1000, Train Loss: 0.2525, Validation Loss: 0.3396
Epoch 931/1000, Train Loss: 0.2551, Validation Loss: 0.3185
Epoch 932/1000, Train Loss: 0.2570, Validation Loss: 0.2759
Epoch 933/1000, Train Loss: 0.2417, Validation Loss: 0.4126
Epoch 934/1000, Train Loss: 0.2492, Validation Loss: 0.3527
Epoch 935/1000, Train Loss: 0.2586, Validation Loss: 0.4374
Epoch 936/1000, Train Loss: 0.2534, Validation Loss: 0.3460
Epoch 937/1000, Train Loss: 0.2633, Validation Loss: 0.2977
Epoch 938/1000, Train Loss: 0.2508, Validation Loss: 0.2769
Epoch 939/1000, Train Loss: 0.2473, Validation Loss: 0.3100
Epoch 940/1000, Train Loss: 0.2574, Validation Loss: 0.3970
Epoch 941/1000, Train Loss: 0.2457, Validation Loss: 0.3032
Epoch 942/1000, Train Loss: 0.2545, Validation Loss: 0.3420
Epoch 943/1000, Train Loss: 0.2572, Validation Loss: 0.6015
Epoch 944/1000, Train Loss: 0.2477, Validation Loss: 0.3763
Epoch 945/1000, Train Loss: 0.2442, Validation Loss: 0.4757
Epoch 946/1000, Train Loss: 0.2517, Validation Loss: 0.7995
Epoch 947/1000, Train Loss: 0.2543, Validation Loss: 0.4181
Epoch 948/1000, Train Loss: 0.2532, Validation Loss: 0.6025
Epoch 949/1000, Train Loss: 0.2514, Validation Loss: 0.3756
Epoch 950/1000, Train Loss: 0.2570, Validation Loss: 0.5471
Epoch 951/1000, Train Loss: 0.2525, Validation Loss: 0.2438
Epoch 952/1000, Train Loss: 0.2442, Validation Loss: 0.2969
Epoch 953/1000, Train Loss: 0.2442, Validation Loss: 0.2724
Epoch 954/1000, Train Loss: 0.2521, Validation Loss: 0.4048
Epoch 955/1000, Train Loss: 0.2493, Validation Loss: 0.8487
Epoch 956/1000, Train Loss: 0.2485, Validation Loss: 0.4445
Epoch 957/1000, Train Loss: 0.2414, Validation Loss: 0.5195
Epoch 958/1000, Train Loss: 0.2465, Validation Loss: 0.2350
Epoch 959/1000, Train Loss: 0.2395, Validation Loss: 0.3298
Epoch 960/1000, Train Loss: 0.2461, Validation Loss: 0.3559
Epoch 961/1000, Train Loss: 0.2427, Validation Loss: 0.6796
Epoch 962/1000, Train Loss: 0.2492, Validation Loss: 0.3661
Epoch 963/1000, Train Loss: 0.2566, Validation Loss: 0.5298
Epoch 964/1000, Train Loss: 0.2524, Validation Loss: 0.3574
Epoch 965/1000, Train Loss: 0.2489, Validation Loss: 0.4275
Epoch 966/1000, Train Loss: 0.2445, Validation Loss: 0.2832
Epoch 967/1000, Train Loss: 0.2443, Validation Loss: 0.2488
Epoch 968/1000, Train Loss: 0.2472, Validation Loss: 0.7314
Epoch 969/1000, Train Loss: 0.2571, Validation Loss: 0.7525
Epoch 970/1000, Train Loss: 0.2488, Validation Loss: 0.2295
Epoch 971/1000, Train Loss: 0.2488, Validation Loss: 0.3218
Epoch 972/1000, Train Loss: 0.2452, Validation Loss: 0.2949
Epoch 973/1000, Train Loss: 0.2457, Validation Loss: 1.0514
Epoch 974/1000, Train Loss: 0.2388, Validation Loss: 0.2293
Epoch 975/1000, Train Loss: 0.2471, Validation Loss: 0.4456
Epoch 976/1000, Train Loss: 0.2465, Validation Loss: 1.0335
Epoch 977/1000, Train Loss: 0.2468, Validation Loss: 0.8321
Epoch 978/1000, Train Loss: 0.2590, Validation Loss: 0.3225
Epoch 979/1000, Train Loss: 0.2484, Validation Loss: 0.3089
Epoch 980/1000, Train Loss: 0.2427, Validation Loss: 0.3022
Epoch 981/1000, Train Loss: 0.2431, Validation Loss: 0.4103
Epoch 982/1000, Train Loss: 0.2483, Validation Loss: 0.5072
Epoch 983/1000, Train Loss: 0.2463, Validation Loss: 0.2915
Epoch 984/1000, Train Loss: 0.2509, Validation Loss: 0.4700
Epoch 985/1000, Train Loss: 0.2432, Validation Loss: 0.5579
Epoch 986/1000, Train Loss: 0.2577, Validation Loss: 0.3384
Epoch 987/1000, Train Loss: 0.2469, Validation Loss: 0.5195
Epoch 988/1000, Train Loss: 0.2489, Validation Loss: 0.2941
Epoch 989/1000, Train Loss: 0.2496, Validation Loss: 0.4340
Epoch 990/1000, Train Loss: 0.2455, Validation Loss: 0.4272
Epoch 991/1000, Train Loss: 0.2439, Validation Loss: 1.0957
Epoch 992/1000, Train Loss: 0.2547, Validation Loss: 0.2472
Epoch 993/1000, Train Loss: 0.2565, Validation Loss: 0.3099
Epoch 994/1000, Train Loss: 0.2510, Validation Loss: 0.5483
Epoch 995/1000, Train Loss: 0.2433, Validation Loss: 0.2409
Epoch 996/1000, Train Loss: 0.2532, Validation Loss: 0.5122
Epoch 997/1000, Train Loss: 0.2474, Validation Loss: 0.5463
Epoch 998/1000, Train Loss: 0.2440, Validation Loss: 0.5727
Epoch 999/1000, Train Loss: 0.2535, Validation Loss: 0.3142
Epoch 1000/1000, Train Loss: 0.2521, Validation Loss: 0.2667
Best Training Loss: 0.2388
Best Training Loss Epoch: 974
Best Validation Loss: 0.2293
Best Validation Loss Epoch: 974
Time taken for training: 0-13:47:33
Test Loss: 0.2317
Test MAPE: 4140.0649%
Error Statistics:
count    4.127200e+04
mean     4.258025e+02
std      1.224594e+04
min      1.013279e-05
25%      1.180561e-01
50%      9.777060e-01
75%      1.287524e+01
max      1.705995e+06
Name: Absolute Error, dtype: float64
Training complete. Final model saved.
Saving model as a wandb Artifact...
Model artifact logged successfully.
[1;34mwandb[0m: 
[1;34mwandb[0m: 🚀 View run [33mpleasant-sweep-15[0m at: [34mhttps://wandb.ai/mk8737-new-york-university/rl_pretrain_hp_sweeps/runs/kfzsr3w3[0m
[1;34mwandb[0m: Find logs at: [1;35mwandb/run-20251126_203655-kfzsr3w3/logs[0m
Agent finished.
