Waiting for sweep ID...
Found Sweep ID: dos27rz7
Starting wandb agent for sweep dos27rz7...
TRAINING DEVICE: cpu
Run Name: GIN_global_hp_sweep_global_dos27rz7-zhd4mdiz
finidhed preparing data
Loading dataset from pretrain_dataset_12.5k_fixed_duplicates.pkl
Loaded 412712 data objects.
finished preparing data
Epoch 1/1000, Train Loss: 6.9793, Validation Loss: 4.5105
Epoch 2/1000, Train Loss: 1.6494, Validation Loss: 1.2978
Epoch 3/1000, Train Loss: 257.9195, Validation Loss: 2.2014
Epoch 4/1000, Train Loss: 1.8979, Validation Loss: 2.1537
Epoch 5/1000, Train Loss: 2.8854, Validation Loss: 1.4216
Epoch 6/1000, Train Loss: 2.0349, Validation Loss: 3.1839
Epoch 7/1000, Train Loss: 261.5828, Validation Loss: 1.2751
Epoch 8/1000, Train Loss: 2.4514, Validation Loss: 7.8683
Epoch 9/1000, Train Loss: 3.8732, Validation Loss: 132.8458
Epoch 10/1000, Train Loss: 3.5295, Validation Loss: 1.5239
Epoch 11/1000, Train Loss: 1.6004, Validation Loss: 2.9136
Epoch 12/1000, Train Loss: 53.6204, Validation Loss: 2.1006
Epoch 13/1000, Train Loss: 3.8017, Validation Loss: 1.1498
Epoch 14/1000, Train Loss: 1.3039, Validation Loss: 1.5203
Epoch 15/1000, Train Loss: 3.5763, Validation Loss: 1.5954
Epoch 16/1000, Train Loss: 1.4474, Validation Loss: 3.0165
Epoch 17/1000, Train Loss: 105.5300, Validation Loss: 3.5145
Epoch 18/1000, Train Loss: 51.9763, Validation Loss: 1.3118
Epoch 19/1000, Train Loss: 23.4439, Validation Loss: 1.5582
Epoch 20/1000, Train Loss: 4.4379, Validation Loss: 4.3976
Epoch 21/1000, Train Loss: 1.6050, Validation Loss: 1.2174
Epoch 22/1000, Train Loss: 205.5044, Validation Loss: 2.1839
Epoch 23/1000, Train Loss: 1.2391, Validation Loss: 1.1497
Epoch 24/1000, Train Loss: 2599.1435, Validation Loss: 5.7543
Epoch 25/1000, Train Loss: 1.7840, Validation Loss: 2.0557
Epoch 26/1000, Train Loss: 9.6797, Validation Loss: 3.0840
Epoch 27/1000, Train Loss: 37.1118, Validation Loss: 1.7887
Epoch 28/1000, Train Loss: 1.5806, Validation Loss: 2.4896
Epoch 29/1000, Train Loss: 1.2240, Validation Loss: 1.6111
Epoch 30/1000, Train Loss: 66.6045, Validation Loss: 6.2047
Epoch 31/1000, Train Loss: 22.0441, Validation Loss: 6.0760
Epoch 32/1000, Train Loss: 6.7526, Validation Loss: 6.0689
Epoch 33/1000, Train Loss: 178.7810, Validation Loss: 6.2886
Epoch 34/1000, Train Loss: 34.5397, Validation Loss: 6.0924
Epoch 35/1000, Train Loss: 12.0633, Validation Loss: 6.2540
Epoch 36/1000, Train Loss: 6.5172, Validation Loss: 6.2222
Epoch 37/1000, Train Loss: 7.6353, Validation Loss: 6.1263
Epoch 38/1000, Train Loss: 1997.6256, Validation Loss: 6.1571
Epoch 39/1000, Train Loss: 6.2563, Validation Loss: 6.3199
Epoch 40/1000, Train Loss: 6.2741, Validation Loss: 6.0778
Epoch 41/1000, Train Loss: 72.8203, Validation Loss: 6.1203
Epoch 42/1000, Train Loss: 296.0133, Validation Loss: 6.1387
Epoch 43/1000, Train Loss: 6.6836, Validation Loss: 6.3941
Epoch 44/1000, Train Loss: 6.2684, Validation Loss: 6.1118
Epoch 45/1000, Train Loss: 7.3760, Validation Loss: 6.1853
Epoch 46/1000, Train Loss: 9.1956, Validation Loss: 6.2843
Epoch 47/1000, Train Loss: 16.1429, Validation Loss: 6.0755
Epoch 48/1000, Train Loss: 210.0867, Validation Loss: 6.1466
Epoch 49/1000, Train Loss: 277.3912, Validation Loss: 6.6059
Epoch 50/1000, Train Loss: 27.5731, Validation Loss: 6.0720
Epoch 51/1000, Train Loss: 926.1890, Validation Loss: 6.3806
Epoch 52/1000, Train Loss: 6.3323, Validation Loss: 6.0696
Epoch 53/1000, Train Loss: 6.2190, Validation Loss: 6.0706
Epoch 54/1000, Train Loss: 4629.0874, Validation Loss: 6.2492
Epoch 55/1000, Train Loss: 6.2713, Validation Loss: 6.0871
Epoch 56/1000, Train Loss: 6.3177, Validation Loss: 6.0798
Epoch 57/1000, Train Loss: 6.2790, Validation Loss: 6.1869
Epoch 58/1000, Train Loss: 8.8386, Validation Loss: 6.0905
Epoch 59/1000, Train Loss: 6.6945, Validation Loss: 6.2198
Epoch 60/1000, Train Loss: 6.8697, Validation Loss: 6.1284
Epoch 61/1000, Train Loss: 11.5291, Validation Loss: 6.1093
Epoch 62/1000, Train Loss: 11.0318, Validation Loss: 6.0855
Epoch 63/1000, Train Loss: 6.2416, Validation Loss: 6.2007
Epoch 64/1000, Train Loss: 9.0534, Validation Loss: 6.4790
Epoch 65/1000, Train Loss: 5.3819, Validation Loss: 3.4299
Epoch 66/1000, Train Loss: 2.7634, Validation Loss: 1.5839
Epoch 67/1000, Train Loss: 1.6762, Validation Loss: 2.8906
Epoch 68/1000, Train Loss: 1.6466, Validation Loss: 1.2696
Epoch 69/1000, Train Loss: 1.5722, Validation Loss: 1.6720
Epoch 70/1000, Train Loss: 1.5915, Validation Loss: 1.9336
Epoch 71/1000, Train Loss: 1.7606, Validation Loss: 1.3392
Epoch 72/1000, Train Loss: 1.6049, Validation Loss: 2.9048
Epoch 73/1000, Train Loss: 1.6979, Validation Loss: 4.8009
Epoch 74/1000, Train Loss: 1.6182, Validation Loss: 2.3627
Epoch 75/1000, Train Loss: 111.7830, Validation Loss: 4.2830
Epoch 76/1000, Train Loss: 1.5760, Validation Loss: 1.1242
Epoch 77/1000, Train Loss: 1.5277, Validation Loss: 3.0173
Epoch 78/1000, Train Loss: 13.4680, Validation Loss: 2.5763
Epoch 79/1000, Train Loss: 1.6121, Validation Loss: 1.1740
Epoch 80/1000, Train Loss: 1.4416, Validation Loss: 1.9261
Epoch 81/1000, Train Loss: 1.9177, Validation Loss: 2.8033
Epoch 82/1000, Train Loss: 1.4874, Validation Loss: 1.2798
Epoch 83/1000, Train Loss: 1.4812, Validation Loss: 1.0786
Epoch 84/1000, Train Loss: 5.0996, Validation Loss: 6.1464
Epoch 85/1000, Train Loss: 8.6099, Validation Loss: 6.0942
Epoch 86/1000, Train Loss: 7.8538, Validation Loss: 6.2166
Epoch 87/1000, Train Loss: 2399.9410, Validation Loss: 6.3579
Epoch 88/1000, Train Loss: 6.2417, Validation Loss: 6.0704
Epoch 89/1000, Train Loss: 86.1349, Validation Loss: 6.0717
Epoch 90/1000, Train Loss: 7.6513, Validation Loss: 6.1230
Epoch 91/1000, Train Loss: 6.3034, Validation Loss: 6.2701
Epoch 92/1000, Train Loss: 267.5484, Validation Loss: 6.0708
Epoch 93/1000, Train Loss: 6.3050, Validation Loss: 6.0917
Epoch 94/1000, Train Loss: 1017.7154, Validation Loss: 6.2223
Epoch 95/1000, Train Loss: 174.9460, Validation Loss: 6.0691
Epoch 96/1000, Train Loss: 6.3644, Validation Loss: 6.1529
Epoch 97/1000, Train Loss: 11.9857, Validation Loss: 6.2794
Epoch 98/1000, Train Loss: 7.8638, Validation Loss: 6.0767
Epoch 99/1000, Train Loss: 17.2686, Validation Loss: 6.1496
Epoch 100/1000, Train Loss: 6.2641, Validation Loss: 6.1322
Epoch 101/1000, Train Loss: 254725.8909, Validation Loss: 6.0835
Epoch 102/1000, Train Loss: 7.8405, Validation Loss: 6.1666
Epoch 103/1000, Train Loss: 336.5526, Validation Loss: 6.3017
Epoch 104/1000, Train Loss: 420.7519, Validation Loss: 6.1587
Epoch 105/1000, Train Loss: 6.4658, Validation Loss: 6.0817
Epoch 106/1000, Train Loss: 14.1520, Validation Loss: 6.5761
Epoch 107/1000, Train Loss: 236.9257, Validation Loss: 6.1234
Epoch 108/1000, Train Loss: 68.9027, Validation Loss: 6.2167
Epoch 109/1000, Train Loss: 8.8040, Validation Loss: 6.0925
Epoch 110/1000, Train Loss: 6.2517, Validation Loss: 6.3746
Epoch 111/1000, Train Loss: 2906.0444, Validation Loss: 6.0991
Epoch 112/1000, Train Loss: 18241.1700, Validation Loss: 6.0777
Epoch 113/1000, Train Loss: 37.7109, Validation Loss: 3.3561
Epoch 114/1000, Train Loss: 3.2561, Validation Loss: 2.4070
Epoch 115/1000, Train Loss: 2.1414, Validation Loss: 3.1240
Epoch 116/1000, Train Loss: 429.5424, Validation Loss: 1.4327
Epoch 117/1000, Train Loss: 2.6110, Validation Loss: 3.7606
Epoch 118/1000, Train Loss: 24.9303, Validation Loss: 1.7164
Epoch 119/1000, Train Loss: 1.9779, Validation Loss: 1.8032
Epoch 120/1000, Train Loss: 2.4012, Validation Loss: 1.0840
Epoch 121/1000, Train Loss: 1.4879, Validation Loss: 2.6916
Epoch 122/1000, Train Loss: 15.0529, Validation Loss: 2.7572
Epoch 123/1000, Train Loss: 1.3359, Validation Loss: 1.2117
Epoch 124/1000, Train Loss: 1.3772, Validation Loss: 2.9182
Epoch 125/1000, Train Loss: 26.2501, Validation Loss: 0.9836
Epoch 126/1000, Train Loss: 1.3218, Validation Loss: 3.3879
Epoch 127/1000, Train Loss: 1.2290, Validation Loss: 0.9401
Epoch 128/1000, Train Loss: 1.5380, Validation Loss: 1.0954
Epoch 129/1000, Train Loss: 1.1401, Validation Loss: 3.8183
Epoch 130/1000, Train Loss: 1.3472, Validation Loss: 2.9743
Epoch 131/1000, Train Loss: 1.2083, Validation Loss: 1.5394
Epoch 132/1000, Train Loss: 2.1397, Validation Loss: 2.2787
Epoch 133/1000, Train Loss: 1.2669, Validation Loss: 1.9997
Epoch 134/1000, Train Loss: 3.5819, Validation Loss: 0.8923
Epoch 135/1000, Train Loss: 1.0660, Validation Loss: 3.2121
Epoch 136/1000, Train Loss: 1.7955, Validation Loss: 1.0164
Epoch 137/1000, Train Loss: 1.1074, Validation Loss: 2.2270
Epoch 138/1000, Train Loss: 1.2618, Validation Loss: 2.4655
Epoch 139/1000, Train Loss: 7250.4676, Validation Loss: 2.1518
Epoch 140/1000, Train Loss: 2.6763, Validation Loss: 1.8301
Epoch 141/1000, Train Loss: 1.1395, Validation Loss: 2.0551
Epoch 142/1000, Train Loss: 1.2649, Validation Loss: 1.6022
Epoch 143/1000, Train Loss: 1.0158, Validation Loss: 2.3739
Epoch 144/1000, Train Loss: 10.1013, Validation Loss: 2.1247
Epoch 145/1000, Train Loss: 1.1152, Validation Loss: 1.5116
Epoch 146/1000, Train Loss: 10.9200, Validation Loss: 0.7309
Epoch 147/1000, Train Loss: 0.9357, Validation Loss: 2.1931
Epoch 148/1000, Train Loss: 48.6779, Validation Loss: 1.4964
Epoch 149/1000, Train Loss: 0.9233, Validation Loss: 1.0769
Epoch 150/1000, Train Loss: 1.7564, Validation Loss: 1.2043
Epoch 151/1000, Train Loss: 0.9268, Validation Loss: 1.3506
Epoch 152/1000, Train Loss: 1.6204, Validation Loss: 0.7796
Epoch 153/1000, Train Loss: 0.9098, Validation Loss: 0.7350
Epoch 154/1000, Train Loss: 0.9214, Validation Loss: 1.9151
Epoch 155/1000, Train Loss: 1.2257, Validation Loss: 4.7714
Epoch 156/1000, Train Loss: 1.0327, Validation Loss: 1.1877
Epoch 157/1000, Train Loss: 1.1452, Validation Loss: 2.6876
Epoch 158/1000, Train Loss: 1.0079, Validation Loss: 0.9104
Epoch 159/1000, Train Loss: 0.9131, Validation Loss: 1.1420
Epoch 160/1000, Train Loss: 2.3686, Validation Loss: 1.2970
Epoch 161/1000, Train Loss: 0.8866, Validation Loss: 2.5426
Epoch 162/1000, Train Loss: 1.9830, Validation Loss: 1.4574
Epoch 163/1000, Train Loss: 2.1011, Validation Loss: 1.3239
Epoch 164/1000, Train Loss: 0.9618, Validation Loss: 1.8611
Epoch 165/1000, Train Loss: 0.9710, Validation Loss: 3.0052
Epoch 166/1000, Train Loss: 1.0269, Validation Loss: 1.0054
Epoch 167/1000, Train Loss: 1.0162, Validation Loss: 1.1309
Epoch 168/1000, Train Loss: 0.9396, Validation Loss: 4.8394
Epoch 169/1000, Train Loss: 1.1726, Validation Loss: 1.1387
Epoch 170/1000, Train Loss: 1.1093, Validation Loss: 1.5656
Epoch 171/1000, Train Loss: 0.8881, Validation Loss: 1.4152
Epoch 172/1000, Train Loss: 1.0185, Validation Loss: 26.2293
Epoch 173/1000, Train Loss: 0.9813, Validation Loss: 1.1062
Epoch 174/1000, Train Loss: 0.8661, Validation Loss: 2.5762
Epoch 175/1000, Train Loss: 0.9542, Validation Loss: 1.0903
Epoch 176/1000, Train Loss: 0.9188, Validation Loss: 1.4833
Epoch 177/1000, Train Loss: 0.8686, Validation Loss: 1.9966
Epoch 178/1000, Train Loss: 4.4095, Validation Loss: 1.2256
Epoch 179/1000, Train Loss: 0.9290, Validation Loss: 0.6995
Epoch 180/1000, Train Loss: 0.9338, Validation Loss: 0.8584
Epoch 181/1000, Train Loss: 12.7073, Validation Loss: 1.4177
Epoch 182/1000, Train Loss: 12.4845, Validation Loss: 1.3970
Epoch 183/1000, Train Loss: 0.8928, Validation Loss: 0.7040
Epoch 184/1000, Train Loss: 0.9048, Validation Loss: 0.9476
Epoch 185/1000, Train Loss: 1.2847, Validation Loss: 0.8633
Epoch 186/1000, Train Loss: 0.8843, Validation Loss: 3.6530
Epoch 187/1000, Train Loss: 1.0893, Validation Loss: 1.3266
Epoch 188/1000, Train Loss: 0.8844, Validation Loss: 0.8742
Epoch 189/1000, Train Loss: 1.0588, Validation Loss: 1.7410
Epoch 190/1000, Train Loss: 1.0345, Validation Loss: 2.3908
Epoch 191/1000, Train Loss: 1.1476, Validation Loss: 2.6976
Epoch 192/1000, Train Loss: 0.8675, Validation Loss: 0.7424
Epoch 193/1000, Train Loss: 2.8295, Validation Loss: 1.1835
Epoch 194/1000, Train Loss: 0.9713, Validation Loss: 1.2993
Epoch 195/1000, Train Loss: 2.1253, Validation Loss: 1.2030
Epoch 196/1000, Train Loss: 0.9483, Validation Loss: 0.9821
Epoch 197/1000, Train Loss: 0.9305, Validation Loss: 1.7696
Epoch 198/1000, Train Loss: 0.9837, Validation Loss: 1.9243
Epoch 199/1000, Train Loss: 1.8243, Validation Loss: 3.3985
Epoch 200/1000, Train Loss: 1.0085, Validation Loss: 1.6837
Epoch 201/1000, Train Loss: 8.3102, Validation Loss: 1.3120
Epoch 202/1000, Train Loss: 49.8118, Validation Loss: 3.4351
Epoch 203/1000, Train Loss: 0.9807, Validation Loss: 1.0960
Epoch 204/1000, Train Loss: 1.3809, Validation Loss: 1.5103
Epoch 205/1000, Train Loss: 0.9211, Validation Loss: 1.3170
Epoch 206/1000, Train Loss: 1.2465, Validation Loss: 2.4966
Epoch 207/1000, Train Loss: 0.9399, Validation Loss: 1.3460
Epoch 208/1000, Train Loss: 0.9554, Validation Loss: 2.7643
Epoch 209/1000, Train Loss: 9.3220, Validation Loss: 0.7205
Epoch 210/1000, Train Loss: 0.9175, Validation Loss: 1.7681
Epoch 211/1000, Train Loss: 254.4874, Validation Loss: 1.0753
Epoch 212/1000, Train Loss: 0.9235, Validation Loss: 2.0403
Epoch 213/1000, Train Loss: 1.0389, Validation Loss: 1.4234
Epoch 214/1000, Train Loss: 19.7285, Validation Loss: 1.6846
Epoch 215/1000, Train Loss: 2.9232, Validation Loss: 0.9494
Epoch 216/1000, Train Loss: 0.8938, Validation Loss: 0.7891
Epoch 217/1000, Train Loss: 5.9198, Validation Loss: 6.1552
Epoch 218/1000, Train Loss: 5.3658, Validation Loss: 1.6956
Epoch 219/1000, Train Loss: 1.2274, Validation Loss: 1.8232
Epoch 220/1000, Train Loss: 1.1076, Validation Loss: 0.9879
Epoch 221/1000, Train Loss: 7.0227, Validation Loss: 1.9819
Epoch 222/1000, Train Loss: 1.0011, Validation Loss: 1.6554
Epoch 223/1000, Train Loss: 0.9411, Validation Loss: 1.5779
Epoch 224/1000, Train Loss: 1.1262, Validation Loss: 1.1743
Epoch 225/1000, Train Loss: 1.3462, Validation Loss: 1.2682
Epoch 226/1000, Train Loss: 1.0884, Validation Loss: 1.1385
Epoch 227/1000, Train Loss: 1.9812, Validation Loss: 5.1171
Epoch 228/1000, Train Loss: 2.3648, Validation Loss: 1.8173
Epoch 229/1000, Train Loss: 1.5389, Validation Loss: 1.4059
Epoch 230/1000, Train Loss: 1.1693, Validation Loss: 23.7230
Epoch 231/1000, Train Loss: 1.1443, Validation Loss: 1.1935
Epoch 232/1000, Train Loss: 0.9771, Validation Loss: 4.6159
Epoch 233/1000, Train Loss: 1.1571, Validation Loss: 6.3754
Epoch 234/1000, Train Loss: 1.3365, Validation Loss: 4.0165
Epoch 235/1000, Train Loss: 1.1771, Validation Loss: 1.4138
Epoch 236/1000, Train Loss: 1.5068, Validation Loss: 1.8382
Epoch 237/1000, Train Loss: 1.4423, Validation Loss: 2.7317
Epoch 238/1000, Train Loss: 5.5676, Validation Loss: 1.3691
Epoch 239/1000, Train Loss: 1.1223, Validation Loss: 1.8919
Epoch 240/1000, Train Loss: 1891.4629, Validation Loss: 15912.5965
Epoch 241/1000, Train Loss: 4101.8438, Validation Loss: 8.9431
Epoch 242/1000, Train Loss: 0.9895, Validation Loss: 58.0736
Epoch 243/1000, Train Loss: 247.2617, Validation Loss: 0.9137
Epoch 244/1000, Train Loss: 2.0365, Validation Loss: 1.1536
Epoch 245/1000, Train Loss: 6834.1165, Validation Loss: 5.3277
Epoch 246/1000, Train Loss: 1.8798, Validation Loss: 2.9754
Epoch 247/1000, Train Loss: 1.0341, Validation Loss: 2.2683
Epoch 248/1000, Train Loss: 3.2402, Validation Loss: 1.3449
Epoch 249/1000, Train Loss: 770.9005, Validation Loss: 0.8455
Epoch 250/1000, Train Loss: 2.5900, Validation Loss: 12.2200
Epoch 251/1000, Train Loss: 1.0263, Validation Loss: 1.9054
Epoch 252/1000, Train Loss: 1.2696, Validation Loss: 137.9392
Epoch 253/1000, Train Loss: 1.1269, Validation Loss: 1.1559
Epoch 254/1000, Train Loss: 0.9456, Validation Loss: 2.0198
Epoch 255/1000, Train Loss: 7284.5967, Validation Loss: 3.4472
Epoch 256/1000, Train Loss: 1.4126, Validation Loss: 3.2895
Epoch 257/1000, Train Loss: 1.0285, Validation Loss: 15.6934
Epoch 258/1000, Train Loss: 1.4958, Validation Loss: 2.8123
Epoch 259/1000, Train Loss: 1.9632, Validation Loss: 1.3015
Epoch 260/1000, Train Loss: 0.9962, Validation Loss: 1.6410
Epoch 261/1000, Train Loss: 1.0464, Validation Loss: 2.1096
Epoch 262/1000, Train Loss: 7.9946, Validation Loss: 2.1745
Epoch 263/1000, Train Loss: 1.0887, Validation Loss: 78907.5063
Epoch 264/1000, Train Loss: 4.5211, Validation Loss: 1.4951
Epoch 265/1000, Train Loss: 1.0061, Validation Loss: 2.1443
Epoch 266/1000, Train Loss: 3.6349, Validation Loss: 1.2736
Epoch 267/1000, Train Loss: 1.9528, Validation Loss: 2.4685
Epoch 268/1000, Train Loss: 46.0787, Validation Loss: 1.2352
Epoch 269/1000, Train Loss: 1.0642, Validation Loss: 3.4221
Epoch 270/1000, Train Loss: 2.1460, Validation Loss: 1.3735
Epoch 271/1000, Train Loss: 1.1805, Validation Loss: 3.3782
Epoch 272/1000, Train Loss: 1.2723, Validation Loss: 2.7862
Epoch 273/1000, Train Loss: 1.5263, Validation Loss: 1.0465
Epoch 274/1000, Train Loss: 1.5720, Validation Loss: 404.8361
Epoch 275/1000, Train Loss: 1.5452, Validation Loss: 3.5317
Epoch 276/1000, Train Loss: 1.3555, Validation Loss: 1.2353
Epoch 277/1000, Train Loss: 1.3829, Validation Loss: 4.4506
Epoch 278/1000, Train Loss: 1.1771, Validation Loss: 3.8166
Epoch 279/1000, Train Loss: 1.1158, Validation Loss: 1.2473
Epoch 280/1000, Train Loss: 1.0107, Validation Loss: 1.6879
Epoch 281/1000, Train Loss: 1.8243, Validation Loss: 1.9318
Epoch 282/1000, Train Loss: 0.9668, Validation Loss: 1.4898
Epoch 283/1000, Train Loss: 854.6393, Validation Loss: 1.9844
Epoch 284/1000, Train Loss: 1.1401, Validation Loss: 1.7262
Epoch 285/1000, Train Loss: 0.9554, Validation Loss: 2.5835
Epoch 286/1000, Train Loss: 1.2215, Validation Loss: 1.5099
Epoch 287/1000, Train Loss: 1.1927, Validation Loss: 1.8170
Epoch 288/1000, Train Loss: 1.2156, Validation Loss: 2.2481
Epoch 289/1000, Train Loss: 1.0974, Validation Loss: 2.2961
Epoch 290/1000, Train Loss: 1.0781, Validation Loss: 1.5847
Epoch 291/1000, Train Loss: 0.9559, Validation Loss: 0.9263
Epoch 292/1000, Train Loss: 4.1108, Validation Loss: 3.2962
Epoch 293/1000, Train Loss: 1.1965, Validation Loss: 1.2810
Epoch 294/1000, Train Loss: 1.0461, Validation Loss: 8.4286
Epoch 295/1000, Train Loss: 7.8376, Validation Loss: 2.7591
Epoch 296/1000, Train Loss: 1.3806, Validation Loss: 3.8509
Epoch 297/1000, Train Loss: 1.0230, Validation Loss: 1.6336
Epoch 298/1000, Train Loss: 1.2413, Validation Loss: 0.9170
Epoch 299/1000, Train Loss: 1.0226, Validation Loss: 0.9631
Epoch 300/1000, Train Loss: 1.6358, Validation Loss: 1.8871
Epoch 301/1000, Train Loss: 6.6757, Validation Loss: 5.1351
Epoch 302/1000, Train Loss: 19.4023, Validation Loss: 2.0974
Epoch 303/1000, Train Loss: 1.3503, Validation Loss: 6.9381
Epoch 304/1000, Train Loss: 4.1824, Validation Loss: 2.0573
Epoch 305/1000, Train Loss: 1.0024, Validation Loss: 0.9607
Epoch 306/1000, Train Loss: 6.9489, Validation Loss: 1.1792
Epoch 307/1000, Train Loss: 1.2327, Validation Loss: 1.9014
Epoch 308/1000, Train Loss: 1.0276, Validation Loss: 4.0706
Epoch 309/1000, Train Loss: 81.6123, Validation Loss: 339.7282
Epoch 310/1000, Train Loss: 1.0580, Validation Loss: 1.1274
Epoch 311/1000, Train Loss: 1.1151, Validation Loss: 2.8059
Epoch 312/1000, Train Loss: 1.2298, Validation Loss: 1.9549
Epoch 313/1000, Train Loss: 1.4159, Validation Loss: 0.9546
Epoch 314/1000, Train Loss: 1.0154, Validation Loss: 2.0220
Epoch 315/1000, Train Loss: 0.9777, Validation Loss: 3.0759
Epoch 316/1000, Train Loss: 1.9047, Validation Loss: 4.0881
Epoch 317/1000, Train Loss: 6.3558, Validation Loss: 1.9278
Epoch 318/1000, Train Loss: 1.0722, Validation Loss: 2.4115
Epoch 319/1000, Train Loss: 2.3785, Validation Loss: 1.2417
Epoch 320/1000, Train Loss: 123.2531, Validation Loss: 1.0570
Epoch 321/1000, Train Loss: 53.0522, Validation Loss: 1.1710
Epoch 322/1000, Train Loss: 1.1322, Validation Loss: 2.9827
Epoch 323/1000, Train Loss: 4.7096, Validation Loss: 0.9753
Epoch 324/1000, Train Loss: 418.8905, Validation Loss: 2.0792
Epoch 325/1000, Train Loss: 1.0138, Validation Loss: 2.0400
Epoch 326/1000, Train Loss: 1.1488, Validation Loss: 2.7704
Epoch 327/1000, Train Loss: 1.1187, Validation Loss: 1.1510
Epoch 328/1000, Train Loss: 6.2111, Validation Loss: 2.6488
Epoch 329/1000, Train Loss: 1.2069, Validation Loss: 1.6721
Epoch 330/1000, Train Loss: 1.0561, Validation Loss: 3.1645
Epoch 331/1000, Train Loss: 2.6608, Validation Loss: 4.0796
Epoch 332/1000, Train Loss: 0.9827, Validation Loss: 1.3056
Epoch 333/1000, Train Loss: 35.8003, Validation Loss: 2.1913
Epoch 334/1000, Train Loss: 1.1076, Validation Loss: 0.9662
Epoch 335/1000, Train Loss: 7.7508, Validation Loss: 2.9863
Epoch 336/1000, Train Loss: 12.5070, Validation Loss: 2.4383
Epoch 337/1000, Train Loss: 282.4692, Validation Loss: 1.6261
Epoch 338/1000, Train Loss: 24.3225, Validation Loss: 3.0916
Epoch 339/1000, Train Loss: 1.0332, Validation Loss: 1.7860
Epoch 340/1000, Train Loss: 51.8402, Validation Loss: 2.0066
Epoch 341/1000, Train Loss: 0.9411, Validation Loss: 1.7410
Epoch 342/1000, Train Loss: 154.3140, Validation Loss: 1.0248
Epoch 343/1000, Train Loss: 1.0630, Validation Loss: 1.9441
Epoch 344/1000, Train Loss: 1.1973, Validation Loss: 4.1941
Epoch 345/1000, Train Loss: 10.3084, Validation Loss: 1.3379
Epoch 346/1000, Train Loss: 2.0343, Validation Loss: 4.0007
Epoch 347/1000, Train Loss: 6.1634, Validation Loss: 1.9750
Epoch 348/1000, Train Loss: 1.0150, Validation Loss: 2.1502
Epoch 349/1000, Train Loss: 1.5760, Validation Loss: 2.3354
Epoch 350/1000, Train Loss: 103.7155, Validation Loss: 1.0372
Epoch 351/1000, Train Loss: 0.9267, Validation Loss: 0.7440
Epoch 352/1000, Train Loss: 1.0488, Validation Loss: 1.4132
Epoch 353/1000, Train Loss: 1.3956, Validation Loss: 0.8237
Epoch 354/1000, Train Loss: 3149.9881, Validation Loss: 1.1693
Epoch 355/1000, Train Loss: 0.9609, Validation Loss: 3.3049
Epoch 356/1000, Train Loss: 1.0356, Validation Loss: 1.5174
Epoch 357/1000, Train Loss: 2.6829, Validation Loss: 62.9802
Epoch 358/1000, Train Loss: 1.8654, Validation Loss: 6.8664
Epoch 359/1000, Train Loss: 0.9870, Validation Loss: 1.8402
Epoch 360/1000, Train Loss: 0.9555, Validation Loss: 4.7184
Epoch 361/1000, Train Loss: 0.9425, Validation Loss: 5.6152
Epoch 362/1000, Train Loss: 12.9701, Validation Loss: 1.7316
Epoch 363/1000, Train Loss: 1.1039, Validation Loss: 3.8893
Epoch 364/1000, Train Loss: 1.0922, Validation Loss: 1.9104
Epoch 365/1000, Train Loss: 0.9814, Validation Loss: 1.0351
Epoch 366/1000, Train Loss: 350.4101, Validation Loss: 1.4512
Epoch 367/1000, Train Loss: 1.2540, Validation Loss: 5.7038
Epoch 368/1000, Train Loss: 0.9834, Validation Loss: 1.4873
Epoch 369/1000, Train Loss: 1.3445, Validation Loss: 1.0166
Epoch 370/1000, Train Loss: 5.1353, Validation Loss: 3.3469
Epoch 371/1000, Train Loss: 1.4491, Validation Loss: 0.8117
Epoch 372/1000, Train Loss: 438.4313, Validation Loss: 0.9928
Epoch 373/1000, Train Loss: 1.1313, Validation Loss: 6.9914
Epoch 374/1000, Train Loss: 1.0933, Validation Loss: 2.2635
Epoch 375/1000, Train Loss: 0.9624, Validation Loss: 1.2059
Epoch 376/1000, Train Loss: 202.7621, Validation Loss: 0.8335
Epoch 377/1000, Train Loss: 0.9179, Validation Loss: 1.6926
Epoch 378/1000, Train Loss: 2.2867, Validation Loss: 2.0433
Epoch 379/1000, Train Loss: 188.5401, Validation Loss: 1.2515
Epoch 380/1000, Train Loss: 55.5523, Validation Loss: 1.5475
Epoch 381/1000, Train Loss: 2.8826, Validation Loss: 1.9389
Epoch 382/1000, Train Loss: 3.0136, Validation Loss: 3.0895
Epoch 383/1000, Train Loss: 2.9793, Validation Loss: 1.5649
Epoch 384/1000, Train Loss: 1.0729, Validation Loss: 0.9904
Epoch 385/1000, Train Loss: 1.5232, Validation Loss: 4.0532
Epoch 386/1000, Train Loss: 1.1733, Validation Loss: 2.6799
Epoch 387/1000, Train Loss: 2.2094, Validation Loss: 1.7556
Epoch 388/1000, Train Loss: 5.1206, Validation Loss: 0.7520
Epoch 389/1000, Train Loss: 1.4144, Validation Loss: 2.7194
Epoch 390/1000, Train Loss: 3.1548, Validation Loss: 3.6036
Epoch 391/1000, Train Loss: 1.7298, Validation Loss: 0.8736
Epoch 392/1000, Train Loss: 180.5057, Validation Loss: 3.6944
Epoch 393/1000, Train Loss: 2.7964, Validation Loss: 1.1351
Epoch 394/1000, Train Loss: 1.0495, Validation Loss: 1.0151
Epoch 395/1000, Train Loss: 57.6815, Validation Loss: 71.5268
Epoch 396/1000, Train Loss: 1.0616, Validation Loss: 2.4179
Epoch 397/1000, Train Loss: 8.9037, Validation Loss: 17323.6018
Epoch 398/1000, Train Loss: 5.2469, Validation Loss: 2.3650
Epoch 399/1000, Train Loss: 1.0994, Validation Loss: 1.2726
Epoch 400/1000, Train Loss: 4.9123, Validation Loss: 1.6226
Epoch 401/1000, Train Loss: 1.2406, Validation Loss: 2.6262
Epoch 402/1000, Train Loss: 1.2266, Validation Loss: 3.0654
Epoch 403/1000, Train Loss: 4.6383, Validation Loss: 0.9473
Epoch 404/1000, Train Loss: 1.5191, Validation Loss: 1.1239
Epoch 405/1000, Train Loss: 4.8763, Validation Loss: 4.4384
Epoch 406/1000, Train Loss: 1.1756, Validation Loss: 1.0023
Epoch 407/1000, Train Loss: 1.1314, Validation Loss: 1.6271
Epoch 408/1000, Train Loss: 1.0300, Validation Loss: 1.6178
Epoch 409/1000, Train Loss: 5.4600, Validation Loss: 1.9006
Epoch 410/1000, Train Loss: 3.0405, Validation Loss: 2.2800
Epoch 411/1000, Train Loss: 2.4304, Validation Loss: 2.1923
Epoch 412/1000, Train Loss: 6.0520, Validation Loss: 1.1389
Epoch 413/1000, Train Loss: 1.3893, Validation Loss: 1.9519
Epoch 414/1000, Train Loss: 1.0111, Validation Loss: 2.9418
Epoch 415/1000, Train Loss: 2.4861, Validation Loss: 1.4487
Epoch 416/1000, Train Loss: 474.2460, Validation Loss: 1.5836
Epoch 417/1000, Train Loss: 1.0520, Validation Loss: 2.5796
Epoch 418/1000, Train Loss: 1.1547, Validation Loss: 1.2325
Epoch 419/1000, Train Loss: 1.2906, Validation Loss: 1.4059
Epoch 420/1000, Train Loss: 1.1288, Validation Loss: 3.6022
Epoch 421/1000, Train Loss: 77.2641, Validation Loss: 1568.6215
Epoch 422/1000, Train Loss: 67.8405, Validation Loss: 4.9068
Epoch 423/1000, Train Loss: 1.0855, Validation Loss: 1.4499
Epoch 424/1000, Train Loss: 2.7028, Validation Loss: 2.3505
Epoch 425/1000, Train Loss: 4.4807, Validation Loss: 3.7453
Epoch 426/1000, Train Loss: 1.0072, Validation Loss: 4.2433
Epoch 427/1000, Train Loss: 1.0519, Validation Loss: 2.9408
Epoch 428/1000, Train Loss: 2.8439, Validation Loss: 1.9850
Epoch 429/1000, Train Loss: 188.4533, Validation Loss: 1.7972
Epoch 430/1000, Train Loss: 1.9346, Validation Loss: 2.6384
Epoch 431/1000, Train Loss: 1.5748, Validation Loss: 2.3847
Epoch 432/1000, Train Loss: 2.7781, Validation Loss: 1.2450
Epoch 433/1000, Train Loss: 1.0535, Validation Loss: 2.7336
Epoch 434/1000, Train Loss: 1.1664, Validation Loss: 7.6139
Epoch 435/1000, Train Loss: 2.0886, Validation Loss: 2.9575
Epoch 436/1000, Train Loss: 2.2011, Validation Loss: 3.3852
Epoch 437/1000, Train Loss: 1.0267, Validation Loss: 1.4242
Epoch 438/1000, Train Loss: 1.0133, Validation Loss: 4.7800
Epoch 439/1000, Train Loss: 2.1129, Validation Loss: 2.0572
Epoch 440/1000, Train Loss: 1.3690, Validation Loss: 2.5138
Epoch 441/1000, Train Loss: 1.4242, Validation Loss: 0.7215
Epoch 442/1000, Train Loss: 1.1876, Validation Loss: 1.2500
Epoch 443/1000, Train Loss: 1.1164, Validation Loss: 1.0436
Epoch 444/1000, Train Loss: 1.3260, Validation Loss: 2.3230
Epoch 445/1000, Train Loss: 1.1513, Validation Loss: 1.2700
Epoch 446/1000, Train Loss: 1.4843, Validation Loss: 1.2060
Epoch 447/1000, Train Loss: 1.1019, Validation Loss: 5.6573
Epoch 448/1000, Train Loss: 1.1077, Validation Loss: 3.9810
Epoch 449/1000, Train Loss: 2.2450, Validation Loss: 1.6493
Epoch 450/1000, Train Loss: 1.4228, Validation Loss: 6.3105
Epoch 451/1000, Train Loss: 1.2307, Validation Loss: 1.9043
Epoch 452/1000, Train Loss: 2.2717, Validation Loss: 0.9410
Epoch 453/1000, Train Loss: 1.0362, Validation Loss: 3.3156
Epoch 454/1000, Train Loss: 0.9456, Validation Loss: 2.2580
Epoch 455/1000, Train Loss: 1.7366, Validation Loss: 7.1394
Epoch 456/1000, Train Loss: 1.5792, Validation Loss: 67.6449
Epoch 457/1000, Train Loss: 1.7093, Validation Loss: 1.1663
Epoch 458/1000, Train Loss: 1.3943, Validation Loss: 3.3039
Epoch 459/1000, Train Loss: 1.0908, Validation Loss: 0.8550
Epoch 460/1000, Train Loss: 4.2646, Validation Loss: 0.7751
Epoch 461/1000, Train Loss: 3.4826, Validation Loss: 1.1650
Epoch 462/1000, Train Loss: 1.0624, Validation Loss: 2.4105
Epoch 463/1000, Train Loss: 105.0916, Validation Loss: 1.8985
Epoch 464/1000, Train Loss: 1.0549, Validation Loss: 5.1965
Epoch 465/1000, Train Loss: 1.3216, Validation Loss: 2.2526
Epoch 466/1000, Train Loss: 9.0307, Validation Loss: 0.8443
Epoch 467/1000, Train Loss: 2.1200, Validation Loss: 1.8126
Epoch 468/1000, Train Loss: 1.2262, Validation Loss: 1.1218
Epoch 469/1000, Train Loss: 0.9998, Validation Loss: 1.2868
Epoch 470/1000, Train Loss: 1.1263, Validation Loss: 1.8639
Epoch 471/1000, Train Loss: 2.6408, Validation Loss: 0.7772
Epoch 472/1000, Train Loss: 0.9619, Validation Loss: 2.2690
Epoch 473/1000, Train Loss: 1.3749, Validation Loss: 3.7608
Epoch 474/1000, Train Loss: 1.1208, Validation Loss: 1.4256
Epoch 475/1000, Train Loss: 1.0698, Validation Loss: 1.3770
Epoch 476/1000, Train Loss: 1.5486, Validation Loss: 1.5698
Epoch 477/1000, Train Loss: 1.4159, Validation Loss: 2.6909
Epoch 478/1000, Train Loss: 3.2897, Validation Loss: 1.2440
Epoch 479/1000, Train Loss: 1.0774, Validation Loss: 1.6376
Epoch 480/1000, Train Loss: 4.7353, Validation Loss: 1.1983
Epoch 481/1000, Train Loss: 1.5302, Validation Loss: 1.9018
Epoch 482/1000, Train Loss: 2.7614, Validation Loss: 2.9732
Epoch 483/1000, Train Loss: 1.5493, Validation Loss: 2.2109
Epoch 484/1000, Train Loss: 1.1071, Validation Loss: 0.9377
Epoch 485/1000, Train Loss: 0.9537, Validation Loss: 2.8649
Epoch 486/1000, Train Loss: 5.5944, Validation Loss: 3.0054
Epoch 487/1000, Train Loss: 0.9657, Validation Loss: 1.9727
Epoch 488/1000, Train Loss: 9.4822, Validation Loss: 6.3823
Epoch 489/1000, Train Loss: 0.9365, Validation Loss: 1.3506
Epoch 490/1000, Train Loss: 23.1293, Validation Loss: 2.0036
Epoch 491/1000, Train Loss: 31.1050, Validation Loss: 0.9412
Epoch 492/1000, Train Loss: 1.1201, Validation Loss: 1.7431
Epoch 493/1000, Train Loss: 0.9652, Validation Loss: 6.6020
Epoch 494/1000, Train Loss: 7.5872, Validation Loss: 4.1183
Epoch 495/1000, Train Loss: 1.4794, Validation Loss: 2.1032
Epoch 496/1000, Train Loss: 1.0076, Validation Loss: 0.6860
Epoch 497/1000, Train Loss: 6.5811, Validation Loss: 6.1422
Epoch 498/1000, Train Loss: 5.8521, Validation Loss: 12.1467
Epoch 499/1000, Train Loss: 1.2796, Validation Loss: 1.2130
Epoch 500/1000, Train Loss: 0.9151, Validation Loss: 1.1747
Epoch 501/1000, Train Loss: 0.9952, Validation Loss: 3.0311
Epoch 502/1000, Train Loss: 1.0964, Validation Loss: 1.2680
Epoch 503/1000, Train Loss: 1.2935, Validation Loss: 0.7094
Epoch 504/1000, Train Loss: 0.9484, Validation Loss: 1.2145
Epoch 505/1000, Train Loss: 184.1875, Validation Loss: 5.5116
Epoch 506/1000, Train Loss: 3.1142, Validation Loss: 2.1655
Epoch 507/1000, Train Loss: 2.6457, Validation Loss: 0.8915
Epoch 508/1000, Train Loss: 1.0124, Validation Loss: 1.9173
Epoch 509/1000, Train Loss: 0.9149, Validation Loss: 5.0980
Epoch 510/1000, Train Loss: 1.4383, Validation Loss: 1.2908
Epoch 511/1000, Train Loss: 4.5650, Validation Loss: 3.6362
Epoch 512/1000, Train Loss: 1.3233, Validation Loss: 1.9004
Epoch 513/1000, Train Loss: 1.7345, Validation Loss: 1.2308
Epoch 514/1000, Train Loss: 7.1685, Validation Loss: 2.5378
Epoch 515/1000, Train Loss: 1.3615, Validation Loss: 1.1010
Epoch 516/1000, Train Loss: 1.9979, Validation Loss: 1.1387
Epoch 517/1000, Train Loss: 1.3837, Validation Loss: 1.5751
Epoch 518/1000, Train Loss: 2.9661, Validation Loss: 2.4300
Epoch 519/1000, Train Loss: 0.9956, Validation Loss: 1.7214
Epoch 520/1000, Train Loss: 0.9487, Validation Loss: 4.1124
Epoch 521/1000, Train Loss: 4.2898, Validation Loss: 2.2034
Epoch 522/1000, Train Loss: 3.9617, Validation Loss: 1.3639
Epoch 523/1000, Train Loss: 1.0398, Validation Loss: 1.7133
Epoch 524/1000, Train Loss: 1.0511, Validation Loss: 8.0053
Epoch 525/1000, Train Loss: 2.1118, Validation Loss: 1.5320
Epoch 526/1000, Train Loss: 0.9755, Validation Loss: 1.7220
Epoch 527/1000, Train Loss: 5.8579, Validation Loss: 5.3282
Epoch 528/1000, Train Loss: 0.9736, Validation Loss: 1.7824
Epoch 529/1000, Train Loss: 1.7535, Validation Loss: 3.5580
Epoch 530/1000, Train Loss: 1.1424, Validation Loss: 2.6271
Epoch 531/1000, Train Loss: 0.9272, Validation Loss: 1.3657
Epoch 532/1000, Train Loss: 3.1453, Validation Loss: 1.9982
Epoch 533/1000, Train Loss: 1.1276, Validation Loss: 3.8611
Epoch 534/1000, Train Loss: 353.1248, Validation Loss: 1.3265
Epoch 535/1000, Train Loss: 1.1888, Validation Loss: 1.1016
Epoch 536/1000, Train Loss: 1.4020, Validation Loss: 1.3881
Epoch 537/1000, Train Loss: 0.9420, Validation Loss: 3.3920
Epoch 538/1000, Train Loss: 35.1347, Validation Loss: 3.2131
Epoch 539/1000, Train Loss: 1.0346, Validation Loss: 1.5870
Epoch 540/1000, Train Loss: 1.0325, Validation Loss: 1.1101
Epoch 541/1000, Train Loss: 2.7962, Validation Loss: 5.2211
Epoch 542/1000, Train Loss: 1.0339, Validation Loss: 2.4314
Epoch 543/1000, Train Loss: 1.5349, Validation Loss: 2.1254
Epoch 544/1000, Train Loss: 1.0044, Validation Loss: 0.8941
Epoch 545/1000, Train Loss: 1.0890, Validation Loss: 3.0173
Epoch 546/1000, Train Loss: 0.9218, Validation Loss: 1.7214
Epoch 547/1000, Train Loss: 228.8805, Validation Loss: 0.8875
Epoch 548/1000, Train Loss: 0.9816, Validation Loss: 1.8179
Epoch 549/1000, Train Loss: 1.4497, Validation Loss: 1.5151
Epoch 550/1000, Train Loss: 0.9007, Validation Loss: 3.3058
Epoch 551/1000, Train Loss: 0.9084, Validation Loss: 2.4084
Epoch 552/1000, Train Loss: 2.4590, Validation Loss: 1.4404
Epoch 553/1000, Train Loss: 0.9139, Validation Loss: 2.6656
Epoch 554/1000, Train Loss: 0.8876, Validation Loss: 3.7495
Epoch 555/1000, Train Loss: 34349.5151, Validation Loss: 6.0828
Epoch 556/1000, Train Loss: 616.6488, Validation Loss: 6.1351
Epoch 557/1000, Train Loss: 5.4397, Validation Loss: 2.5344
Epoch 558/1000, Train Loss: 1.7513, Validation Loss: 1.1188
Epoch 559/1000, Train Loss: 1.6825, Validation Loss: 3.2875
Epoch 560/1000, Train Loss: 1.4423, Validation Loss: 13.3790
Epoch 561/1000, Train Loss: 1.7662, Validation Loss: 1.4947
Epoch 562/1000, Train Loss: 1.3628, Validation Loss: 5.2726
Epoch 563/1000, Train Loss: 1.4644, Validation Loss: 19.6596
Epoch 564/1000, Train Loss: 3.6298, Validation Loss: 177.5532
Epoch 565/1000, Train Loss: 3.0654, Validation Loss: 3.8316
Epoch 566/1000, Train Loss: 1.8558, Validation Loss: 2.2206
Epoch 567/1000, Train Loss: 1.9062, Validation Loss: 1.5631
Epoch 568/1000, Train Loss: 38.0403, Validation Loss: 1.0059
Epoch 569/1000, Train Loss: 2.3648, Validation Loss: 1.1959
Epoch 570/1000, Train Loss: 1.1937, Validation Loss: 33.8326
Epoch 571/1000, Train Loss: 3.6971, Validation Loss: 0.9397
Epoch 572/1000, Train Loss: 1.5538, Validation Loss: 1.3526
Epoch 573/1000, Train Loss: 15.8294, Validation Loss: 2.5047
Epoch 574/1000, Train Loss: 1.2740, Validation Loss: 1.4387
Epoch 575/1000, Train Loss: 1.5296, Validation Loss: 4.7207
Epoch 576/1000, Train Loss: 1.9955, Validation Loss: 1.2550
Epoch 577/1000, Train Loss: 1.4016, Validation Loss: 0.9198
Epoch 578/1000, Train Loss: 1.3982, Validation Loss: 1.3041
Epoch 579/1000, Train Loss: 1.3761, Validation Loss: 3.4905
Epoch 580/1000, Train Loss: 1.2970, Validation Loss: 1.5974
Epoch 581/1000, Train Loss: 1.4111, Validation Loss: 7.8435
Epoch 582/1000, Train Loss: 1.2638, Validation Loss: 4.1000
Epoch 583/1000, Train Loss: 1.3744, Validation Loss: 1.0724
Epoch 584/1000, Train Loss: 1.1995, Validation Loss: 1.7723
Epoch 585/1000, Train Loss: 1.1834, Validation Loss: 0.9089
Epoch 586/1000, Train Loss: 3.9493, Validation Loss: 1.2348
Epoch 587/1000, Train Loss: 1.1663, Validation Loss: 2.1500
Epoch 588/1000, Train Loss: 4.2530, Validation Loss: 2.1709
Epoch 589/1000, Train Loss: 1.1990, Validation Loss: 1.4624
Epoch 590/1000, Train Loss: 4.3795, Validation Loss: 3.3262
Epoch 591/1000, Train Loss: 1.8878, Validation Loss: 1.3706
Epoch 592/1000, Train Loss: 23.8874, Validation Loss: 1.3845
Epoch 593/1000, Train Loss: 1.2180, Validation Loss: 3.9672
Epoch 594/1000, Train Loss: 1.1320, Validation Loss: 1.0429
Epoch 595/1000, Train Loss: 1.1632, Validation Loss: 2.4064
Epoch 596/1000, Train Loss: 4027.3402, Validation Loss: 2.1216
Epoch 597/1000, Train Loss: 1.1658, Validation Loss: 2.5111
Epoch 598/1000, Train Loss: 1.8182, Validation Loss: 0.9478
Epoch 599/1000, Train Loss: 1.1891, Validation Loss: 1.2139
Epoch 600/1000, Train Loss: 1.1172, Validation Loss: 2.0056
Epoch 601/1000, Train Loss: 1.3002, Validation Loss: 3.4973
Epoch 602/1000, Train Loss: 1.1825, Validation Loss: 4.0024
Epoch 603/1000, Train Loss: 1.3014, Validation Loss: 2.6341
Epoch 604/1000, Train Loss: 1.2216, Validation Loss: 4.3567
Epoch 605/1000, Train Loss: 18.9907, Validation Loss: 7.5435
Epoch 606/1000, Train Loss: 293.7638, Validation Loss: 6.6457
Epoch 607/1000, Train Loss: 1.2654, Validation Loss: 1.0699
Epoch 608/1000, Train Loss: 1.6750, Validation Loss: 0.9710
Epoch 609/1000, Train Loss: 1.3117, Validation Loss: 1.1459
Epoch 610/1000, Train Loss: 11.0906, Validation Loss: 1.4788
Epoch 611/1000, Train Loss: 2.4966, Validation Loss: 2.3588
Epoch 612/1000, Train Loss: 1.3232, Validation Loss: 4.9175
Epoch 613/1000, Train Loss: 1.1704, Validation Loss: 1.2698
Epoch 614/1000, Train Loss: 17.8962, Validation Loss: 2.1150
Epoch 615/1000, Train Loss: 1.1890, Validation Loss: 3.2965
Epoch 616/1000, Train Loss: 1.1921, Validation Loss: 1.5216
Epoch 617/1000, Train Loss: 1.3508, Validation Loss: 1.6671
Epoch 618/1000, Train Loss: 1.3887, Validation Loss: 1.3049
Epoch 619/1000, Train Loss: 5.7067, Validation Loss: 3.7039
Epoch 620/1000, Train Loss: 1.2330, Validation Loss: 1.7493
Epoch 621/1000, Train Loss: 1.1742, Validation Loss: 2.9496
Epoch 622/1000, Train Loss: 1.2053, Validation Loss: 3.5400
Epoch 623/1000, Train Loss: 1.1522, Validation Loss: 4.4768
Epoch 624/1000, Train Loss: 1.8984, Validation Loss: 2.2664
Epoch 625/1000, Train Loss: 1.1614, Validation Loss: 1.9012
Epoch 626/1000, Train Loss: 5.2184, Validation Loss: 1.9022
Epoch 627/1000, Train Loss: 1.1782, Validation Loss: 2.7397
Epoch 628/1000, Train Loss: 1.1553, Validation Loss: 3.3225
Epoch 629/1000, Train Loss: 1.1512, Validation Loss: 1.9682
Epoch 630/1000, Train Loss: 1.2592, Validation Loss: 1.5091
Epoch 631/1000, Train Loss: 1.1654, Validation Loss: 0.8983
Epoch 632/1000, Train Loss: 1.1947, Validation Loss: 0.9105
Epoch 633/1000, Train Loss: 1.1434, Validation Loss: 1.2187
Epoch 634/1000, Train Loss: 1.5267, Validation Loss: 1.3748
Epoch 635/1000, Train Loss: 3.8355, Validation Loss: 3.1881
Epoch 636/1000, Train Loss: 1.1346, Validation Loss: 0.9583
Epoch 637/1000, Train Loss: 1.1989, Validation Loss: 1.6574
Epoch 638/1000, Train Loss: 1.1629, Validation Loss: 0.9252
Epoch 639/1000, Train Loss: 1.9840, Validation Loss: 10.2333
Epoch 640/1000, Train Loss: 1.4213, Validation Loss: 1.7539
Epoch 641/1000, Train Loss: 1.5566, Validation Loss: 6.5489
Epoch 642/1000, Train Loss: 4.3235, Validation Loss: 2.2781
Epoch 643/1000, Train Loss: 1.2004, Validation Loss: 2.0066
Epoch 644/1000, Train Loss: 12.4932, Validation Loss: 1.2211
Epoch 645/1000, Train Loss: 1.1159, Validation Loss: 1.2475
Epoch 646/1000, Train Loss: 1.1642, Validation Loss: 2.7267
Epoch 647/1000, Train Loss: 1.1734, Validation Loss: 1.3038
Epoch 648/1000, Train Loss: 1.3104, Validation Loss: 1.5891
Epoch 649/1000, Train Loss: 18.8697, Validation Loss: 1.9487
Epoch 650/1000, Train Loss: 7.1032, Validation Loss: 2.7874
Epoch 651/1000, Train Loss: 1.1453, Validation Loss: 3.2455
Epoch 652/1000, Train Loss: 1.1835, Validation Loss: 1.6044
Epoch 653/1000, Train Loss: 1.6786, Validation Loss: 0.9349
Epoch 654/1000, Train Loss: 1.2150, Validation Loss: 0.8680
Epoch 655/1000, Train Loss: 1.1447, Validation Loss: 7.1425
Epoch 656/1000, Train Loss: 4.6394, Validation Loss: 1.1390
Epoch 657/1000, Train Loss: 1.7349, Validation Loss: 1.7883
Epoch 658/1000, Train Loss: 1.4480, Validation Loss: 1.5580
Epoch 659/1000, Train Loss: 1.1337, Validation Loss: 3.9723
Epoch 660/1000, Train Loss: 1.2636, Validation Loss: 2.1294
Epoch 661/1000, Train Loss: 11.4055, Validation Loss: 1.1160
Epoch 662/1000, Train Loss: 1.1292, Validation Loss: 4.1458
Epoch 663/1000, Train Loss: 19.3857, Validation Loss: 1.3707
Epoch 664/1000, Train Loss: 1.2830, Validation Loss: 2.9139
Epoch 665/1000, Train Loss: 1.1339, Validation Loss: 2.2329
Epoch 666/1000, Train Loss: 16.7529, Validation Loss: 1.9930
Epoch 667/1000, Train Loss: 1.1762, Validation Loss: 2.3002
Epoch 668/1000, Train Loss: 1.1014, Validation Loss: 0.9378
Epoch 669/1000, Train Loss: 3.1162, Validation Loss: 210.9160
Epoch 670/1000, Train Loss: 1.2810, Validation Loss: 1.7243
Epoch 671/1000, Train Loss: 1.1666, Validation Loss: 1.7732
Epoch 672/1000, Train Loss: 1.1253, Validation Loss: 1.7509
Epoch 673/1000, Train Loss: 1.3816, Validation Loss: 1.0933
Epoch 674/1000, Train Loss: 1.9740, Validation Loss: 3.3093
Epoch 675/1000, Train Loss: 1.2764, Validation Loss: 5.2995
Epoch 676/1000, Train Loss: 1.1382, Validation Loss: 2.2573
Epoch 677/1000, Train Loss: 1.1904, Validation Loss: 2.3645
Epoch 678/1000, Train Loss: 2.7188, Validation Loss: 1.3032
Epoch 679/1000, Train Loss: 1.1428, Validation Loss: 2.2042
Epoch 680/1000, Train Loss: 2.1628, Validation Loss: 1.0241
Epoch 681/1000, Train Loss: 18.4785, Validation Loss: 1.7813
Epoch 682/1000, Train Loss: 1.1287, Validation Loss: 2.9200
Epoch 683/1000, Train Loss: 1.1377, Validation Loss: 0.9436
Epoch 684/1000, Train Loss: 20197.9008, Validation Loss: 1.4589
Epoch 685/1000, Train Loss: 1.1453, Validation Loss: 2.0707
Epoch 686/1000, Train Loss: 15.4175, Validation Loss: 6.0295
Epoch 687/1000, Train Loss: 1.1443, Validation Loss: 1.1638
Epoch 688/1000, Train Loss: 6.5605, Validation Loss: 10.7836
Epoch 689/1000, Train Loss: 1.4342, Validation Loss: 3.6723
Epoch 690/1000, Train Loss: 1.1477, Validation Loss: 1.0375
Epoch 691/1000, Train Loss: 716.4981, Validation Loss: 1.2723
Epoch 692/1000, Train Loss: 1.1565, Validation Loss: 1.2242
Epoch 693/1000, Train Loss: 1.2640, Validation Loss: 2.7918
Epoch 694/1000, Train Loss: 1.1981, Validation Loss: 1.3664
Epoch 695/1000, Train Loss: 1.1444, Validation Loss: 0.8118
Epoch 696/1000, Train Loss: 94.6019, Validation Loss: 1.3982
Epoch 697/1000, Train Loss: 5.6558, Validation Loss: 3.6665
Epoch 698/1000, Train Loss: 1.2274, Validation Loss: 1.3016
Epoch 699/1000, Train Loss: 1.2758, Validation Loss: 1.3571
Epoch 700/1000, Train Loss: 1.1139, Validation Loss: 1.1491
Epoch 701/1000, Train Loss: 1.1424, Validation Loss: 1.0981
Epoch 702/1000, Train Loss: 38.2257, Validation Loss: 4.7802
Epoch 703/1000, Train Loss: 1.2661, Validation Loss: 5.2719
Epoch 704/1000, Train Loss: 84.9098, Validation Loss: 3.1095
Epoch 705/1000, Train Loss: 1.1896, Validation Loss: 2.5310
Epoch 706/1000, Train Loss: 1.2660, Validation Loss: 2.5047
Epoch 707/1000, Train Loss: 1.2497, Validation Loss: 3.8771
Epoch 708/1000, Train Loss: 1.1231, Validation Loss: 1.2916
Epoch 709/1000, Train Loss: 1.2502, Validation Loss: 3.7514
Epoch 710/1000, Train Loss: 1.1203, Validation Loss: 1.8473
Epoch 711/1000, Train Loss: 1.2211, Validation Loss: 2.2261
Epoch 712/1000, Train Loss: 1.5607, Validation Loss: 1.3287
Epoch 713/1000, Train Loss: 1.2322, Validation Loss: 2.5373
Epoch 714/1000, Train Loss: 1.1543, Validation Loss: 0.8117
Epoch 715/1000, Train Loss: 1.2310, Validation Loss: 7.8121
Epoch 716/1000, Train Loss: 1.1308, Validation Loss: 1.0720
Epoch 717/1000, Train Loss: 1.1594, Validation Loss: 7.7464
Epoch 718/1000, Train Loss: 1.1557, Validation Loss: 1.5776
Epoch 719/1000, Train Loss: 1.2874, Validation Loss: 3.2255
Epoch 720/1000, Train Loss: 1.2147, Validation Loss: 1.2327
Epoch 721/1000, Train Loss: 8.0375, Validation Loss: 0.9687
Epoch 722/1000, Train Loss: 1.1612, Validation Loss: 1.5321
Epoch 723/1000, Train Loss: 1.1647, Validation Loss: 1.1236
Epoch 724/1000, Train Loss: 1.1234, Validation Loss: 5.8465
Epoch 725/1000, Train Loss: 1.1911, Validation Loss: 2.3109
Epoch 726/1000, Train Loss: 1.1397, Validation Loss: 3.7418
Epoch 727/1000, Train Loss: 1.2472, Validation Loss: 1.1318
Epoch 728/1000, Train Loss: 1.7700, Validation Loss: 1.8420
Epoch 729/1000, Train Loss: 1.1339, Validation Loss: 2.2607
Epoch 730/1000, Train Loss: 1.1703, Validation Loss: 1.1285
Epoch 731/1000, Train Loss: 1.1223, Validation Loss: 1.5884
Epoch 732/1000, Train Loss: 1.6926, Validation Loss: 1.2240
Epoch 733/1000, Train Loss: 1.3899, Validation Loss: 2.0442
Epoch 734/1000, Train Loss: 3.9729, Validation Loss: 1.1331
Epoch 735/1000, Train Loss: 24.0587, Validation Loss: 1.9078
Epoch 736/1000, Train Loss: 1.1730, Validation Loss: 3.8326
Epoch 737/1000, Train Loss: 1.3314, Validation Loss: 0.9809
Epoch 738/1000, Train Loss: 3.0168, Validation Loss: 6.0728
Epoch 739/1000, Train Loss: 40241.6499, Validation Loss: 315176.5424
Epoch 740/1000, Train Loss: 7.6178, Validation Loss: 6.2953
Epoch 741/1000, Train Loss: 86.5047, Validation Loss: 6.1798
Epoch 742/1000, Train Loss: 2877.5355, Validation Loss: 6.0868
Epoch 743/1000, Train Loss: 860.0650, Validation Loss: 6.1473
Epoch 744/1000, Train Loss: 28829.7926, Validation Loss: 6.0729
Epoch 745/1000, Train Loss: 703.9194, Validation Loss: 3.8317
Epoch 746/1000, Train Loss: 2.7973, Validation Loss: 1.5987
Epoch 747/1000, Train Loss: 1.9442, Validation Loss: 1.3370
Epoch 748/1000, Train Loss: 1.5379, Validation Loss: 1.2977
Epoch 749/1000, Train Loss: 47.1664, Validation Loss: 1.4371
Epoch 750/1000, Train Loss: 5.1541, Validation Loss: 1.3979
Epoch 751/1000, Train Loss: 1.7486, Validation Loss: 1.0985
Epoch 752/1000, Train Loss: 1.6640, Validation Loss: 1.7552
Epoch 753/1000, Train Loss: 1.4113, Validation Loss: 1.2127
Epoch 754/1000, Train Loss: 1.6140, Validation Loss: 0.9377
Epoch 755/1000, Train Loss: 61.0059, Validation Loss: 0.9987
Epoch 756/1000, Train Loss: 1.2909, Validation Loss: 1.2667
Epoch 757/1000, Train Loss: 1.3217, Validation Loss: 1.1450
Epoch 758/1000, Train Loss: 1.9555, Validation Loss: 7.5473
Epoch 759/1000, Train Loss: 34.3362, Validation Loss: 1.1372
Epoch 760/1000, Train Loss: 1.2088, Validation Loss: 2.0223
Epoch 761/1000, Train Loss: 1.9395, Validation Loss: 3.6434
Epoch 762/1000, Train Loss: 1.1739, Validation Loss: 1.0164
Epoch 763/1000, Train Loss: 1.1661, Validation Loss: 2.1958
Epoch 764/1000, Train Loss: 1.4972, Validation Loss: 0.8582
Epoch 765/1000, Train Loss: 1.3273, Validation Loss: 1.5653
Epoch 766/1000, Train Loss: 1.1186, Validation Loss: 24.9284
Epoch 767/1000, Train Loss: 1.1443, Validation Loss: 1.1783
Epoch 768/1000, Train Loss: 1.2745, Validation Loss: 0.9449
Epoch 769/1000, Train Loss: 1.4896, Validation Loss: 1.8152
Epoch 770/1000, Train Loss: 13.0352, Validation Loss: 0.8095
Epoch 771/1000, Train Loss: 1.0610, Validation Loss: 1.9410
Epoch 772/1000, Train Loss: 1.1210, Validation Loss: 1.9981
Epoch 773/1000, Train Loss: 3.1330, Validation Loss: 2.5960
Epoch 774/1000, Train Loss: 1.0233, Validation Loss: 2.2976
Epoch 775/1000, Train Loss: 12.8621, Validation Loss: 1.7480
Epoch 776/1000, Train Loss: 1.0726, Validation Loss: 1.1109
Epoch 777/1000, Train Loss: 1.0783, Validation Loss: 0.9166
Epoch 778/1000, Train Loss: 2.6018, Validation Loss: 1.6021
Epoch 779/1000, Train Loss: 3.6107, Validation Loss: 1.1701
Epoch 780/1000, Train Loss: 1.1488, Validation Loss: 10.5101
Epoch 781/1000, Train Loss: 1.5922, Validation Loss: 2.3102
Epoch 782/1000, Train Loss: 0.9926, Validation Loss: 2.5793
Epoch 783/1000, Train Loss: 62881.2955, Validation Loss: 7.3072
Epoch 784/1000, Train Loss: 65.8032, Validation Loss: 1.6480
Epoch 785/1000, Train Loss: 1.2991, Validation Loss: 1.0763
Epoch 786/1000, Train Loss: 1.2221, Validation Loss: 0.9218
Epoch 787/1000, Train Loss: 4.9904, Validation Loss: 1.1912
Epoch 788/1000, Train Loss: 1.0602, Validation Loss: 1.3660
Epoch 789/1000, Train Loss: 155.5959, Validation Loss: 0.9267
Epoch 790/1000, Train Loss: 1.0111, Validation Loss: 0.9362
Epoch 791/1000, Train Loss: 1.6338, Validation Loss: 1.0610
Epoch 792/1000, Train Loss: 1.0658, Validation Loss: 0.8676
Epoch 793/1000, Train Loss: 1.0410, Validation Loss: 0.8919
Epoch 794/1000, Train Loss: 765.1089, Validation Loss: 6.3212
Epoch 795/1000, Train Loss: 16.3385, Validation Loss: 6.2904
Epoch 796/1000, Train Loss: 6.3120, Validation Loss: 6.0696
Epoch 797/1000, Train Loss: 9.4145, Validation Loss: 6.0857
Epoch 798/1000, Train Loss: 101.9477, Validation Loss: 6.2722
Epoch 799/1000, Train Loss: 6.2384, Validation Loss: 6.1648
Epoch 800/1000, Train Loss: 7.2421, Validation Loss: 6.0895
Epoch 801/1000, Train Loss: 6.3365, Validation Loss: 6.0892
Epoch 802/1000, Train Loss: 364.9470, Validation Loss: 6.0983
Epoch 803/1000, Train Loss: 8.3328, Validation Loss: 6.1370
Epoch 804/1000, Train Loss: 48.7816, Validation Loss: 6.7387
Epoch 805/1000, Train Loss: 3637.9357, Validation Loss: 6.2252
Epoch 806/1000, Train Loss: 6.3013, Validation Loss: 6.4867
Epoch 807/1000, Train Loss: 7.8322, Validation Loss: 6.5063
Epoch 808/1000, Train Loss: 7.8188, Validation Loss: 6.0704
Epoch 809/1000, Train Loss: 8.3284, Validation Loss: 6.2922
Epoch 810/1000, Train Loss: 12.6981, Validation Loss: 6.4006
Epoch 811/1000, Train Loss: 6.3135, Validation Loss: 6.0771
Epoch 812/1000, Train Loss: 6.3852, Validation Loss: 6.1463
Epoch 813/1000, Train Loss: 7.3695, Validation Loss: 6.3638
Epoch 814/1000, Train Loss: 12.6206, Validation Loss: 3.6939
Epoch 815/1000, Train Loss: 2.5590, Validation Loss: 7.8526
Epoch 816/1000, Train Loss: 5.3459, Validation Loss: 1.3914
Epoch 817/1000, Train Loss: 1.7481, Validation Loss: 1.2899
Epoch 818/1000, Train Loss: 1.5528, Validation Loss: 1.7963
Epoch 819/1000, Train Loss: 1.4440, Validation Loss: 1.1944
Epoch 820/1000, Train Loss: 2.0423, Validation Loss: 2.6279
Epoch 821/1000, Train Loss: 1.4313, Validation Loss: 1.0962
Epoch 822/1000, Train Loss: 1.4080, Validation Loss: 2.5025
Epoch 823/1000, Train Loss: 42.4496, Validation Loss: 2.0617
Epoch 824/1000, Train Loss: 1.4589, Validation Loss: 1.1238
Epoch 825/1000, Train Loss: 1.3034, Validation Loss: 1.2905
Epoch 826/1000, Train Loss: 1.4293, Validation Loss: 1.4563
Epoch 827/1000, Train Loss: 3.7657, Validation Loss: 2.1922
Epoch 828/1000, Train Loss: 1.3918, Validation Loss: 1.1310
Epoch 829/1000, Train Loss: 1.2743, Validation Loss: 1.1544
Epoch 830/1000, Train Loss: 1.5165, Validation Loss: 1.2689
Epoch 831/1000, Train Loss: 1.2142, Validation Loss: 1.4371
Epoch 832/1000, Train Loss: 1.3828, Validation Loss: 1.0161
Epoch 833/1000, Train Loss: 1.4194, Validation Loss: 1.0962
Epoch 834/1000, Train Loss: 1.2613, Validation Loss: 2.4128
Epoch 835/1000, Train Loss: 1.2390, Validation Loss: 5.4836
Epoch 836/1000, Train Loss: 1.3745, Validation Loss: 3.2321
Epoch 837/1000, Train Loss: 1.1787, Validation Loss: 0.9391
Epoch 838/1000, Train Loss: 1.2539, Validation Loss: 1.9730
Epoch 839/1000, Train Loss: 1.1765, Validation Loss: 1.8547
Epoch 840/1000, Train Loss: 3.2665, Validation Loss: 1.4666
Epoch 841/1000, Train Loss: 1.1487, Validation Loss: 1.0083
Epoch 842/1000, Train Loss: 1.1101, Validation Loss: 2.8960
Epoch 843/1000, Train Loss: 1.5116, Validation Loss: 1.2364
Epoch 844/1000, Train Loss: 1.0929, Validation Loss: 1.2035
Epoch 845/1000, Train Loss: 5.5220, Validation Loss: 1.0524
Epoch 846/1000, Train Loss: 1.2072, Validation Loss: 1.2364
Epoch 847/1000, Train Loss: 1.0552, Validation Loss: 1.1984
Epoch 848/1000, Train Loss: 1.3811, Validation Loss: 2.1562
Epoch 849/1000, Train Loss: 62.8034, Validation Loss: 1.6658
Epoch 850/1000, Train Loss: 1.2272, Validation Loss: 1.7129
Epoch 851/1000, Train Loss: 1.0529, Validation Loss: 1.5271
Epoch 852/1000, Train Loss: 1.0282, Validation Loss: 1.4210
Epoch 853/1000, Train Loss: 1.8162, Validation Loss: 1.9184
Epoch 854/1000, Train Loss: 10.4741, Validation Loss: 2.1074
Epoch 855/1000, Train Loss: 1.1171, Validation Loss: 2.1488
Epoch 856/1000, Train Loss: 3.2292, Validation Loss: 2.1039
Epoch 857/1000, Train Loss: 1.2569, Validation Loss: 3.4360
Epoch 858/1000, Train Loss: 1.3908, Validation Loss: 2.4223
Epoch 859/1000, Train Loss: 0.9932, Validation Loss: 2.5609
Epoch 860/1000, Train Loss: 1.0259, Validation Loss: 1.7426
Epoch 861/1000, Train Loss: 1.9164, Validation Loss: 0.8652
Epoch 862/1000, Train Loss: 1.1031, Validation Loss: 0.7966
Epoch 863/1000, Train Loss: 1.1478, Validation Loss: 0.9342
Epoch 864/1000, Train Loss: 1.1384, Validation Loss: 1.7873
Epoch 865/1000, Train Loss: 1.0187, Validation Loss: 2.6234
Epoch 866/1000, Train Loss: 2.0038, Validation Loss: 1.9668
Epoch 867/1000, Train Loss: 0.9698, Validation Loss: 1.1532
Epoch 868/1000, Train Loss: 1.0058, Validation Loss: 1.2335
Epoch 869/1000, Train Loss: 1.0682, Validation Loss: 5.9472
Epoch 870/1000, Train Loss: 2.2128, Validation Loss: 1.0343
Epoch 871/1000, Train Loss: 0.9696, Validation Loss: 1.3592
Epoch 872/1000, Train Loss: 0.9687, Validation Loss: 1.3385
Epoch 873/1000, Train Loss: 2.6477, Validation Loss: 1.5645
Epoch 874/1000, Train Loss: 3.5567, Validation Loss: 2.2687
Epoch 875/1000, Train Loss: 0.9997, Validation Loss: 3.2130
Epoch 876/1000, Train Loss: 1.3798, Validation Loss: 2.9665
Epoch 877/1000, Train Loss: 0.9713, Validation Loss: 1.7164
Epoch 878/1000, Train Loss: 0.9384, Validation Loss: 1.9345
Epoch 879/1000, Train Loss: 30.5901, Validation Loss: 1.9984
Epoch 880/1000, Train Loss: 0.9969, Validation Loss: 5.5308
Epoch 881/1000, Train Loss: 1.4437, Validation Loss: 1.0807
Epoch 882/1000, Train Loss: 1.0237, Validation Loss: 3.4542
Epoch 883/1000, Train Loss: 1.0159, Validation Loss: 1.9631
Epoch 884/1000, Train Loss: 1.5056, Validation Loss: 0.8548
Epoch 885/1000, Train Loss: 2.2339, Validation Loss: 2.2515
Epoch 886/1000, Train Loss: 0.9758, Validation Loss: 2.5482
Epoch 887/1000, Train Loss: 3.7307, Validation Loss: 2.2612
Epoch 888/1000, Train Loss: 1.0148, Validation Loss: 1.4920
Epoch 889/1000, Train Loss: 34814.8030, Validation Loss: 1.2116
Epoch 890/1000, Train Loss: 0.9261, Validation Loss: 3.9076
Epoch 891/1000, Train Loss: 1.7851, Validation Loss: 0.7571
Epoch 892/1000, Train Loss: 0.9461, Validation Loss: 4.0096
Epoch 893/1000, Train Loss: 1.1199, Validation Loss: 2.8241
Epoch 894/1000, Train Loss: 0.9994, Validation Loss: 3.0414
Epoch 895/1000, Train Loss: 0.9192, Validation Loss: 4.9928
Epoch 896/1000, Train Loss: 23.4221, Validation Loss: 1.9773
Epoch 897/1000, Train Loss: 0.9857, Validation Loss: 1.5028
Epoch 898/1000, Train Loss: 1.1352, Validation Loss: 4.7405
Epoch 899/1000, Train Loss: 1.0817, Validation Loss: 2.1575
Epoch 900/1000, Train Loss: 1.0384, Validation Loss: 4.4445
Epoch 901/1000, Train Loss: 2.3856, Validation Loss: 4.4620
Epoch 902/1000, Train Loss: 0.9376, Validation Loss: 10.4508
Epoch 903/1000, Train Loss: 1.0278, Validation Loss: 1.4615
Epoch 904/1000, Train Loss: 19.0553, Validation Loss: 2.1653
Epoch 905/1000, Train Loss: 104.7045, Validation Loss: 1.5933
Epoch 906/1000, Train Loss: 0.9826, Validation Loss: 1.8232
Epoch 907/1000, Train Loss: 0.9749, Validation Loss: 1.2206
Epoch 908/1000, Train Loss: 342.3213, Validation Loss: 3.6882
Epoch 909/1000, Train Loss: 0.9560, Validation Loss: 2.1052
Epoch 910/1000, Train Loss: 1.0725, Validation Loss: 0.8364
Epoch 911/1000, Train Loss: 19.6208, Validation Loss: 3.3514
Epoch 912/1000, Train Loss: 0.9867, Validation Loss: 0.9283
Epoch 913/1000, Train Loss: 1.5372, Validation Loss: 4.7314
Epoch 914/1000, Train Loss: 0.9489, Validation Loss: 7.0177
Epoch 915/1000, Train Loss: 1.8121, Validation Loss: 3.3475
Epoch 916/1000, Train Loss: 5.3113, Validation Loss: 0.8516
Epoch 917/1000, Train Loss: 0.9779, Validation Loss: 3.6032
Epoch 918/1000, Train Loss: 5.5245, Validation Loss: 7.5955
Epoch 919/1000, Train Loss: 1.9550, Validation Loss: 3876.8114
Epoch 920/1000, Train Loss: 1.5243, Validation Loss: 3.1501
Epoch 921/1000, Train Loss: 4.2871, Validation Loss: 1.6398
Epoch 922/1000, Train Loss: 0.9894, Validation Loss: 3.1798
Epoch 923/1000, Train Loss: 1.0284, Validation Loss: 1.2599
Epoch 924/1000, Train Loss: 87.0241, Validation Loss: 2.1655
Epoch 925/1000, Train Loss: 1.0019, Validation Loss: 3.6131
Epoch 926/1000, Train Loss: 1.0672, Validation Loss: 2.7420
Epoch 927/1000, Train Loss: 2.0156, Validation Loss: 3.8616
Epoch 928/1000, Train Loss: 5.5907, Validation Loss: 3.1800
Epoch 929/1000, Train Loss: 10.2458, Validation Loss: 1.4619
Epoch 930/1000, Train Loss: 0.9891, Validation Loss: 1.6284
Epoch 931/1000, Train Loss: 1.0411, Validation Loss: 2.5301
Epoch 932/1000, Train Loss: 59.5278, Validation Loss: 4.1915
Epoch 933/1000, Train Loss: 1.0091, Validation Loss: 1.5913
Epoch 934/1000, Train Loss: 1.0802, Validation Loss: 0.8054
Epoch 935/1000, Train Loss: 1.2718, Validation Loss: 1.5967
Epoch 936/1000, Train Loss: 0.9728, Validation Loss: 4.8159
Epoch 937/1000, Train Loss: 0.9567, Validation Loss: 2.0314
Epoch 938/1000, Train Loss: 0.9585, Validation Loss: 7.3901
Epoch 939/1000, Train Loss: 5.9905, Validation Loss: 3.6011
Epoch 940/1000, Train Loss: 0.9337, Validation Loss: 6.5808
Epoch 941/1000, Train Loss: 0.9123, Validation Loss: 5.2041
Epoch 942/1000, Train Loss: 1.3061, Validation Loss: 2.4126
Epoch 943/1000, Train Loss: 0.9399, Validation Loss: 2.6106
Epoch 944/1000, Train Loss: 2.5968, Validation Loss: 2.7785
Epoch 945/1000, Train Loss: 1.2445, Validation Loss: 1.9854
Epoch 946/1000, Train Loss: 1.6147, Validation Loss: 1.6241
Epoch 947/1000, Train Loss: 0.9999, Validation Loss: 4.5818
Epoch 948/1000, Train Loss: 0.9702, Validation Loss: 1.9165
Epoch 949/1000, Train Loss: 299.9722, Validation Loss: 6.0763
Epoch 950/1000, Train Loss: 6.6136, Validation Loss: 6.3013
Epoch 951/1000, Train Loss: 3.8619, Validation Loss: 2.6653
Epoch 952/1000, Train Loss: 1.0390, Validation Loss: 0.9942
Epoch 953/1000, Train Loss: 1.2331, Validation Loss: 19.1448
Epoch 954/1000, Train Loss: 1.1846, Validation Loss: 1.6081
Epoch 955/1000, Train Loss: 1.2030, Validation Loss: 1.0124
Epoch 956/1000, Train Loss: 1.0329, Validation Loss: 4.5531
Epoch 957/1000, Train Loss: 1.0571, Validation Loss: 2.0496
Epoch 958/1000, Train Loss: 1.3559, Validation Loss: 1.4363
Epoch 959/1000, Train Loss: 8.3954, Validation Loss: 1.7927
Epoch 960/1000, Train Loss: 1.3653, Validation Loss: 3.4675
Epoch 961/1000, Train Loss: 1.2577, Validation Loss: 1.2415
Epoch 962/1000, Train Loss: 0.9320, Validation Loss: 1.3336
Epoch 963/1000, Train Loss: 37.1209, Validation Loss: 2.6064
Epoch 964/1000, Train Loss: 1.1448, Validation Loss: 1.1313
Epoch 965/1000, Train Loss: 12.4035, Validation Loss: 2.6151
Epoch 966/1000, Train Loss: 0.9873, Validation Loss: 1.5844
Epoch 967/1000, Train Loss: 1.1105, Validation Loss: 53.9808
Epoch 968/1000, Train Loss: 1.4704, Validation Loss: 4.5365
Epoch 969/1000, Train Loss: 3.0573, Validation Loss: 8.8780
Epoch 970/1000, Train Loss: 5.4265, Validation Loss: 16.6502
Epoch 971/1000, Train Loss: 2.1104, Validation Loss: 7.2208
Epoch 972/1000, Train Loss: 1.2495, Validation Loss: 1.2441
Epoch 973/1000, Train Loss: 1.0196, Validation Loss: 1.2831
Epoch 974/1000, Train Loss: 1.0737, Validation Loss: 2.7652
Epoch 975/1000, Train Loss: 31.6240, Validation Loss: 5.0819
Epoch 976/1000, Train Loss: 0.9858, Validation Loss: 1.5345
Epoch 977/1000, Train Loss: 4.6329, Validation Loss: 1.2027
Epoch 978/1000, Train Loss: 8.3796, Validation Loss: 2.3563
Epoch 979/1000, Train Loss: 0.9712, Validation Loss: 2.6570
Epoch 980/1000, Train Loss: 79.4010, Validation Loss: 1.1438
Epoch 981/1000, Train Loss: 1.1369, Validation Loss: 4.4243
Epoch 982/1000, Train Loss: 1.8423, Validation Loss: 4.5248
Epoch 983/1000, Train Loss: 4.3274, Validation Loss: 1.1006
Epoch 984/1000, Train Loss: 0.9763, Validation Loss: 1.5078
Epoch 985/1000, Train Loss: 1.5965, Validation Loss: 0.9637
Epoch 986/1000, Train Loss: 1.0329, Validation Loss: 0.9008
Epoch 987/1000, Train Loss: 2.8488, Validation Loss: 5.3277
Epoch 988/1000, Train Loss: 1.0170, Validation Loss: 2.9207
Epoch 989/1000, Train Loss: 1.0148, Validation Loss: 7.3049
Epoch 990/1000, Train Loss: 0.9953, Validation Loss: 1.0785
Epoch 991/1000, Train Loss: 1.1538, Validation Loss: 0.9838
Epoch 992/1000, Train Loss: 1.5849, Validation Loss: 3.1243
Epoch 993/1000, Train Loss: 2.2566, Validation Loss: 1.9966
Epoch 994/1000, Train Loss: 0.9547, Validation Loss: 2.6418
Epoch 995/1000, Train Loss: 178.1110, Validation Loss: 1.1355
Epoch 996/1000, Train Loss: 0.9633, Validation Loss: 2.5527
Epoch 997/1000, Train Loss: 5.2760, Validation Loss: 1.4950
Epoch 998/1000, Train Loss: 1.1468, Validation Loss: 1.4609
Epoch 999/1000, Train Loss: 4.1446, Validation Loss: 10.4778
Epoch 1000/1000, Train Loss: 1.0391, Validation Loss: 1.7466
Best Training Loss: 0.8661
Best Training Loss Epoch: 174
Best Validation Loss: 0.6860
Best Validation Loss Epoch: 496
Time taken for training: 0-23:37:33
Test Loss: 0.7106
Test MAPE: 244311.5312%
Error Statistics:
count     41272.000000
mean        519.287964
std        8022.124023
min           0.000005
25%           0.169676
50%           1.914948
75%          26.430935
max      821891.375000
Name: Absolute Error, dtype: float64
Training complete. Final model saved.
Saving model as a wandb Artifact...
Model artifact logged successfully.
[1;34mwandb[0m: 
[1;34mwandb[0m: 🚀 View run [33mresilient-sweep-18[0m at: [34mhttps://wandb.ai/mk8737-new-york-university/rl_pretrain_hp_sweeps/runs/zhd4mdiz[0m
[1;34mwandb[0m: Find logs at: [1;35mwandb/run-20251126_203656-zhd4mdiz/logs[0m
Agent finished.
