Waiting for sweep ID...
Found Sweep ID: dos27rz7
Starting wandb agent for sweep dos27rz7...
TRAINING DEVICE: cpu
Run Name: GIN_global_hp_sweep_global_dos27rz7-ga5zpkye
finidhed preparing data
Loading dataset from pretrain_dataset_12.5k_fixed_duplicates.pkl
Loaded 412712 data objects.
finished preparing data
Epoch 1/1000, Train Loss: 2.3633, Validation Loss: 1.7076
Epoch 2/1000, Train Loss: 1.3889, Validation Loss: 3.0509
Epoch 3/1000, Train Loss: 1.2410, Validation Loss: 1.3394
Epoch 4/1000, Train Loss: 1.1796, Validation Loss: 1.7856
Epoch 5/1000, Train Loss: 1.1269, Validation Loss: 1.9837
Epoch 6/1000, Train Loss: 1.1083, Validation Loss: 2.6489
Epoch 7/1000, Train Loss: 1.0616, Validation Loss: 1.5328
Epoch 8/1000, Train Loss: 1.0280, Validation Loss: 0.8750
Epoch 9/1000, Train Loss: 0.9962, Validation Loss: 1.7552
Epoch 10/1000, Train Loss: 0.9710, Validation Loss: 1.1324
Epoch 11/1000, Train Loss: 0.9618, Validation Loss: 0.8427
Epoch 12/1000, Train Loss: 0.9301, Validation Loss: 1.7507
Epoch 13/1000, Train Loss: 0.8867, Validation Loss: 1.3377
Epoch 14/1000, Train Loss: 0.8635, Validation Loss: 0.9160
Epoch 15/1000, Train Loss: 0.8538, Validation Loss: 0.8318
Epoch 16/1000, Train Loss: 0.8510, Validation Loss: 0.9124
Epoch 17/1000, Train Loss: 0.8263, Validation Loss: 0.8770
Epoch 18/1000, Train Loss: 0.8275, Validation Loss: 0.8907
Epoch 19/1000, Train Loss: 0.8020, Validation Loss: 0.9780
Epoch 20/1000, Train Loss: 0.7839, Validation Loss: 2.5627
Epoch 21/1000, Train Loss: 0.7811, Validation Loss: 0.6905
Epoch 22/1000, Train Loss: 0.7562, Validation Loss: 1.0211
Epoch 23/1000, Train Loss: 0.7654, Validation Loss: 0.8050
Epoch 24/1000, Train Loss: 0.7418, Validation Loss: 2.2797
Epoch 25/1000, Train Loss: 0.7451, Validation Loss: 0.6915
Epoch 26/1000, Train Loss: 0.7352, Validation Loss: 1.2009
Epoch 27/1000, Train Loss: 0.7289, Validation Loss: 1.2197
Epoch 28/1000, Train Loss: 0.7208, Validation Loss: 0.8847
Epoch 29/1000, Train Loss: 0.7170, Validation Loss: 1.0321
Epoch 30/1000, Train Loss: 0.7083, Validation Loss: 1.3470
Epoch 31/1000, Train Loss: 0.6961, Validation Loss: 0.6108
Epoch 32/1000, Train Loss: 0.6817, Validation Loss: 0.6527
Epoch 33/1000, Train Loss: 0.6722, Validation Loss: 0.9573
Epoch 34/1000, Train Loss: 0.6737, Validation Loss: 0.5973
Epoch 35/1000, Train Loss: 0.6660, Validation Loss: 0.6573
Epoch 36/1000, Train Loss: 0.6562, Validation Loss: 0.5808
Epoch 37/1000, Train Loss: 0.6651, Validation Loss: 0.8112
Epoch 38/1000, Train Loss: 0.6550, Validation Loss: 0.8856
Epoch 39/1000, Train Loss: 0.6460, Validation Loss: 0.7582
Epoch 40/1000, Train Loss: 0.6516, Validation Loss: 0.6118
Epoch 41/1000, Train Loss: 0.6474, Validation Loss: 0.8461
Epoch 42/1000, Train Loss: 0.6265, Validation Loss: 0.5182
Epoch 43/1000, Train Loss: 0.6289, Validation Loss: 0.5750
Epoch 44/1000, Train Loss: 0.6169, Validation Loss: 0.9008
Epoch 45/1000, Train Loss: 0.6202, Validation Loss: 0.5334
Epoch 46/1000, Train Loss: 0.6083, Validation Loss: 0.5772
Epoch 47/1000, Train Loss: 0.6087, Validation Loss: 0.6670
Epoch 48/1000, Train Loss: 0.6059, Validation Loss: 0.5365
Epoch 49/1000, Train Loss: 0.6042, Validation Loss: 0.6197
Epoch 50/1000, Train Loss: 0.5749, Validation Loss: 0.9687
Epoch 51/1000, Train Loss: 0.5912, Validation Loss: 0.6060
Epoch 52/1000, Train Loss: 0.5748, Validation Loss: 0.5109
Epoch 53/1000, Train Loss: 0.5994, Validation Loss: 1.0647
Epoch 54/1000, Train Loss: 0.5705, Validation Loss: 1.3239
Epoch 55/1000, Train Loss: 0.5812, Validation Loss: 0.5110
Epoch 56/1000, Train Loss: 0.5670, Validation Loss: 0.5401
Epoch 57/1000, Train Loss: 0.5668, Validation Loss: 0.5347
Epoch 58/1000, Train Loss: 0.5625, Validation Loss: 0.5906
Epoch 59/1000, Train Loss: 0.5673, Validation Loss: 0.5435
Epoch 60/1000, Train Loss: 0.5614, Validation Loss: 1.1661
Epoch 61/1000, Train Loss: 0.5562, Validation Loss: 1.0477
Epoch 62/1000, Train Loss: 0.5498, Validation Loss: 2.3114
Epoch 63/1000, Train Loss: 0.5554, Validation Loss: 0.6849
Epoch 64/1000, Train Loss: 0.5447, Validation Loss: 0.7064
Epoch 65/1000, Train Loss: 0.5438, Validation Loss: 0.5773
Epoch 66/1000, Train Loss: 0.5343, Validation Loss: 0.5403
Epoch 67/1000, Train Loss: 0.5452, Validation Loss: 0.5145
Epoch 68/1000, Train Loss: 0.5397, Validation Loss: 0.6270
Epoch 69/1000, Train Loss: 0.5297, Validation Loss: 0.5258
Epoch 70/1000, Train Loss: 0.5321, Validation Loss: 0.6171
Epoch 71/1000, Train Loss: 0.5309, Validation Loss: 0.5865
Epoch 72/1000, Train Loss: 0.5266, Validation Loss: 0.4906
Epoch 73/1000, Train Loss: 0.5264, Validation Loss: 0.5086
Epoch 74/1000, Train Loss: 0.5194, Validation Loss: 0.6306
Epoch 75/1000, Train Loss: 0.5249, Validation Loss: 0.5597
Epoch 76/1000, Train Loss: 0.5189, Validation Loss: 1.0127
Epoch 77/1000, Train Loss: 0.5138, Validation Loss: 0.5939
Epoch 78/1000, Train Loss: 0.5116, Validation Loss: 0.5146
Epoch 79/1000, Train Loss: 0.5148, Validation Loss: 0.5539
Epoch 80/1000, Train Loss: 0.5118, Validation Loss: 0.5190
Epoch 81/1000, Train Loss: 0.5115, Validation Loss: 0.5837
Epoch 82/1000, Train Loss: 0.5151, Validation Loss: 0.4825
Epoch 83/1000, Train Loss: 0.5021, Validation Loss: 0.5496
Epoch 84/1000, Train Loss: 0.5002, Validation Loss: 0.8276
Epoch 85/1000, Train Loss: 0.5044, Validation Loss: 0.7795
Epoch 86/1000, Train Loss: 0.5012, Validation Loss: 0.6081
Epoch 87/1000, Train Loss: 0.4980, Validation Loss: 0.5202
Epoch 88/1000, Train Loss: 0.5010, Validation Loss: 0.8503
Epoch 89/1000, Train Loss: 0.4939, Validation Loss: 0.8281
Epoch 90/1000, Train Loss: 0.4953, Validation Loss: 0.4608
Epoch 91/1000, Train Loss: 0.4937, Validation Loss: 0.5245
Epoch 92/1000, Train Loss: 0.4921, Validation Loss: 0.5517
Epoch 93/1000, Train Loss: 0.4925, Validation Loss: 0.5010
Epoch 94/1000, Train Loss: 0.4890, Validation Loss: 0.4614
Epoch 95/1000, Train Loss: 0.4842, Validation Loss: 0.4616
Epoch 96/1000, Train Loss: 0.4924, Validation Loss: 0.4642
Epoch 97/1000, Train Loss: 0.4885, Validation Loss: 0.4935
Epoch 98/1000, Train Loss: 0.4913, Validation Loss: 0.6278
Epoch 99/1000, Train Loss: 0.4914, Validation Loss: 0.5826
Epoch 100/1000, Train Loss: 0.4842, Validation Loss: 0.4710
Epoch 101/1000, Train Loss: 0.4770, Validation Loss: 0.6117
Epoch 102/1000, Train Loss: 0.4817, Validation Loss: 0.5983
Epoch 103/1000, Train Loss: 0.4793, Validation Loss: 0.4647
Epoch 104/1000, Train Loss: 0.4777, Validation Loss: 0.4697
Epoch 105/1000, Train Loss: 0.4764, Validation Loss: 0.6303
Epoch 106/1000, Train Loss: 0.4743, Validation Loss: 0.5426
Epoch 107/1000, Train Loss: 0.4753, Validation Loss: 0.8016
Epoch 108/1000, Train Loss: 0.4680, Validation Loss: 0.5809
Epoch 109/1000, Train Loss: 0.4695, Validation Loss: 0.5424
Epoch 110/1000, Train Loss: 0.4776, Validation Loss: 0.5815
Epoch 111/1000, Train Loss: 0.4712, Validation Loss: 0.4880
Epoch 112/1000, Train Loss: 0.4683, Validation Loss: 0.5681
Epoch 113/1000, Train Loss: 0.4609, Validation Loss: 0.5084
Epoch 114/1000, Train Loss: 0.4633, Validation Loss: 0.4478
Epoch 115/1000, Train Loss: 0.4655, Validation Loss: 0.5344
Epoch 116/1000, Train Loss: 0.4634, Validation Loss: 0.4832
Epoch 117/1000, Train Loss: 0.4655, Validation Loss: 1.0462
Epoch 118/1000, Train Loss: 0.4548, Validation Loss: 0.4304
Epoch 119/1000, Train Loss: 0.4601, Validation Loss: 0.6458
Epoch 120/1000, Train Loss: 0.4548, Validation Loss: 0.4513
Epoch 121/1000, Train Loss: 0.4568, Validation Loss: 0.7859
Epoch 122/1000, Train Loss: 0.4581, Validation Loss: 0.6831
Epoch 123/1000, Train Loss: 0.4551, Validation Loss: 0.5049
Epoch 124/1000, Train Loss: 0.4645, Validation Loss: 0.4836
Epoch 125/1000, Train Loss: 0.4526, Validation Loss: 0.6350
Epoch 126/1000, Train Loss: 0.4558, Validation Loss: 0.5274
Epoch 127/1000, Train Loss: 0.4562, Validation Loss: 0.7873
Epoch 128/1000, Train Loss: 0.4551, Validation Loss: 0.4697
Epoch 129/1000, Train Loss: 0.4558, Validation Loss: 0.5459
Epoch 130/1000, Train Loss: 0.4481, Validation Loss: 0.5560
Epoch 131/1000, Train Loss: 0.4514, Validation Loss: 0.5224
Epoch 132/1000, Train Loss: 0.4486, Validation Loss: 0.5705
Epoch 133/1000, Train Loss: 0.4470, Validation Loss: 0.4719
Epoch 134/1000, Train Loss: 0.4441, Validation Loss: 0.5779
Epoch 135/1000, Train Loss: 0.4439, Validation Loss: 0.4975
Epoch 136/1000, Train Loss: 0.4427, Validation Loss: 1.1393
Epoch 137/1000, Train Loss: 0.4491, Validation Loss: 0.6469
Epoch 138/1000, Train Loss: 0.4478, Validation Loss: 0.6900
Epoch 139/1000, Train Loss: 0.4444, Validation Loss: 0.4989
Epoch 140/1000, Train Loss: 0.4496, Validation Loss: 0.5161
Epoch 141/1000, Train Loss: 0.4401, Validation Loss: 0.4385
Epoch 142/1000, Train Loss: 0.4491, Validation Loss: 0.5059
Epoch 143/1000, Train Loss: 0.4425, Validation Loss: 0.6115
Epoch 144/1000, Train Loss: 0.4483, Validation Loss: 0.8667
Epoch 145/1000, Train Loss: 0.4407, Validation Loss: 0.4524
Epoch 146/1000, Train Loss: 0.4377, Validation Loss: 0.5446
Epoch 147/1000, Train Loss: 0.4390, Validation Loss: 0.8735
Epoch 148/1000, Train Loss: 0.4432, Validation Loss: 0.4744
Epoch 149/1000, Train Loss: 0.4353, Validation Loss: 0.5702
Epoch 150/1000, Train Loss: 0.4419, Validation Loss: 0.4444
Epoch 151/1000, Train Loss: 0.4418, Validation Loss: 0.4999
Epoch 152/1000, Train Loss: 0.4400, Validation Loss: 0.4785
Epoch 153/1000, Train Loss: 0.4393, Validation Loss: 0.4819
Epoch 154/1000, Train Loss: 0.4367, Validation Loss: 0.5222
Epoch 155/1000, Train Loss: 0.4308, Validation Loss: 0.5422
Epoch 156/1000, Train Loss: 0.4295, Validation Loss: 0.4951
Epoch 157/1000, Train Loss: 0.4312, Validation Loss: 0.6838
Epoch 158/1000, Train Loss: 0.4359, Validation Loss: 0.4845
Epoch 159/1000, Train Loss: 0.4328, Validation Loss: 0.6968
Epoch 160/1000, Train Loss: 0.4382, Validation Loss: 0.4499
Epoch 161/1000, Train Loss: 0.4364, Validation Loss: 0.7677
Epoch 162/1000, Train Loss: 0.4273, Validation Loss: 0.9221
Epoch 163/1000, Train Loss: 0.4300, Validation Loss: 0.5008
Epoch 164/1000, Train Loss: 0.4371, Validation Loss: 0.9804
Epoch 165/1000, Train Loss: 0.4271, Validation Loss: 0.4118
Epoch 166/1000, Train Loss: 0.4271, Validation Loss: 0.4940
Epoch 167/1000, Train Loss: 0.4314, Validation Loss: 1.1053
Epoch 168/1000, Train Loss: 0.4267, Validation Loss: 0.4541
Epoch 169/1000, Train Loss: 0.4297, Validation Loss: 0.5933
Epoch 170/1000, Train Loss: 0.4323, Validation Loss: 0.5465
Epoch 171/1000, Train Loss: 0.4300, Validation Loss: 0.4826
Epoch 172/1000, Train Loss: 0.4270, Validation Loss: 0.6207
Epoch 173/1000, Train Loss: 0.4268, Validation Loss: 0.5864
Epoch 174/1000, Train Loss: 0.4255, Validation Loss: 0.7930
Epoch 175/1000, Train Loss: 0.4352, Validation Loss: 0.9708
Epoch 176/1000, Train Loss: 0.4332, Validation Loss: 0.6484
Epoch 177/1000, Train Loss: 0.4249, Validation Loss: 0.5161
Epoch 178/1000, Train Loss: 0.4203, Validation Loss: 0.5380
Epoch 179/1000, Train Loss: 0.4250, Validation Loss: 0.3721
Epoch 180/1000, Train Loss: 0.4231, Validation Loss: 0.4688
Epoch 181/1000, Train Loss: 0.4260, Validation Loss: 0.7966
Epoch 182/1000, Train Loss: 0.4231, Validation Loss: 0.9725
Epoch 183/1000, Train Loss: 0.4248, Validation Loss: 0.6111
Epoch 184/1000, Train Loss: 0.4238, Validation Loss: 0.5127
Epoch 185/1000, Train Loss: 0.4166, Validation Loss: 0.9438
Epoch 186/1000, Train Loss: 0.4215, Validation Loss: 0.4254
Epoch 187/1000, Train Loss: 0.4236, Validation Loss: 0.5778
Epoch 188/1000, Train Loss: 0.4186, Validation Loss: 0.5016
Epoch 189/1000, Train Loss: 0.4182, Validation Loss: 0.7998
Epoch 190/1000, Train Loss: 0.4254, Validation Loss: 0.4876
Epoch 191/1000, Train Loss: 0.4177, Validation Loss: 0.5221
Epoch 192/1000, Train Loss: 0.4173, Validation Loss: 0.3756
Epoch 193/1000, Train Loss: 0.4140, Validation Loss: 0.4207
Epoch 194/1000, Train Loss: 0.4187, Validation Loss: 0.4836
Epoch 195/1000, Train Loss: 0.4195, Validation Loss: 0.3953
Epoch 196/1000, Train Loss: 0.4181, Validation Loss: 0.4314
Epoch 197/1000, Train Loss: 0.4156, Validation Loss: 0.5107
Epoch 198/1000, Train Loss: 0.4194, Validation Loss: 0.6644
Epoch 199/1000, Train Loss: 0.4174, Validation Loss: 0.5623
Epoch 200/1000, Train Loss: 0.4228, Validation Loss: 0.4586
Epoch 201/1000, Train Loss: 0.4138, Validation Loss: 0.4250
Epoch 202/1000, Train Loss: 0.4117, Validation Loss: 0.5482
Epoch 203/1000, Train Loss: 0.4183, Validation Loss: 0.5126
Epoch 204/1000, Train Loss: 0.4129, Validation Loss: 0.4383
Epoch 205/1000, Train Loss: 0.4162, Validation Loss: 0.4283
Epoch 206/1000, Train Loss: 0.4289, Validation Loss: 0.4959
Epoch 207/1000, Train Loss: 0.4110, Validation Loss: 0.5172
Epoch 208/1000, Train Loss: 0.4160, Validation Loss: 0.4049
Epoch 209/1000, Train Loss: 0.4163, Validation Loss: 0.5603
Epoch 210/1000, Train Loss: 0.4157, Validation Loss: 0.4781
Epoch 211/1000, Train Loss: 0.4150, Validation Loss: 0.5044
Epoch 212/1000, Train Loss: 0.4138, Validation Loss: 0.5470
Epoch 213/1000, Train Loss: 0.4127, Validation Loss: 0.4536
Epoch 214/1000, Train Loss: 0.4138, Validation Loss: 0.3680
Epoch 215/1000, Train Loss: 0.4094, Validation Loss: 0.4569
Epoch 216/1000, Train Loss: 0.4122, Validation Loss: 0.6738
Epoch 217/1000, Train Loss: 0.4022, Validation Loss: 0.6611
Epoch 218/1000, Train Loss: 0.4139, Validation Loss: 0.4853
Epoch 219/1000, Train Loss: 0.4120, Validation Loss: 1.1946
Epoch 220/1000, Train Loss: 0.4128, Validation Loss: 0.5225
Epoch 221/1000, Train Loss: 0.4088, Validation Loss: 0.5197
Epoch 222/1000, Train Loss: 0.4113, Validation Loss: 0.8291
Epoch 223/1000, Train Loss: 0.4102, Validation Loss: 0.8708
Epoch 224/1000, Train Loss: 0.4120, Validation Loss: 0.6231
Epoch 225/1000, Train Loss: 0.4098, Validation Loss: 0.6540
Epoch 226/1000, Train Loss: 0.4111, Validation Loss: 0.4782
Epoch 227/1000, Train Loss: 0.4072, Validation Loss: 0.4498
Epoch 228/1000, Train Loss: 0.4070, Validation Loss: 0.5294
Epoch 229/1000, Train Loss: 0.4078, Validation Loss: 0.5150
Epoch 230/1000, Train Loss: 0.4118, Validation Loss: 0.5371
Epoch 231/1000, Train Loss: 0.4049, Validation Loss: 0.3782
Epoch 232/1000, Train Loss: 0.4080, Validation Loss: 0.5167
Epoch 233/1000, Train Loss: 0.4054, Validation Loss: 0.3777
Epoch 234/1000, Train Loss: 0.4055, Validation Loss: 0.4366
Epoch 235/1000, Train Loss: 0.4020, Validation Loss: 0.8808
Epoch 236/1000, Train Loss: 0.4096, Validation Loss: 0.3745
Epoch 237/1000, Train Loss: 0.4078, Validation Loss: 0.7519
Epoch 238/1000, Train Loss: 0.4058, Validation Loss: 0.4627
Epoch 239/1000, Train Loss: 0.4103, Validation Loss: 0.4153
Epoch 240/1000, Train Loss: 0.4086, Validation Loss: 0.6853
Epoch 241/1000, Train Loss: 0.3981, Validation Loss: 0.4088
Epoch 242/1000, Train Loss: 0.4023, Validation Loss: 0.5457
Epoch 243/1000, Train Loss: 0.4017, Validation Loss: 0.3765
Epoch 244/1000, Train Loss: 0.4091, Validation Loss: 0.5360
Epoch 245/1000, Train Loss: 0.4074, Validation Loss: 0.4353
Epoch 246/1000, Train Loss: 0.4079, Validation Loss: 0.6058
Epoch 247/1000, Train Loss: 0.4030, Validation Loss: 0.4189
Epoch 248/1000, Train Loss: 0.4060, Validation Loss: 0.3917
Epoch 249/1000, Train Loss: 0.4061, Validation Loss: 0.4218
Epoch 250/1000, Train Loss: 0.4067, Validation Loss: 0.4396
Epoch 251/1000, Train Loss: 0.4053, Validation Loss: 0.6303
Epoch 252/1000, Train Loss: 0.4057, Validation Loss: 0.4498
Epoch 253/1000, Train Loss: 0.3932, Validation Loss: 0.6452
Epoch 254/1000, Train Loss: 0.4006, Validation Loss: 0.5436
Epoch 255/1000, Train Loss: 0.4098, Validation Loss: 0.5731
Epoch 256/1000, Train Loss: 0.4069, Validation Loss: 0.4095
Epoch 257/1000, Train Loss: 0.4049, Validation Loss: 0.4096
Epoch 258/1000, Train Loss: 0.4049, Validation Loss: 0.5381
Epoch 259/1000, Train Loss: 0.4055, Validation Loss: 0.4264
Epoch 260/1000, Train Loss: 0.4002, Validation Loss: 0.4828
Epoch 261/1000, Train Loss: 0.4006, Validation Loss: 0.4360
Epoch 262/1000, Train Loss: 0.4095, Validation Loss: 0.8210
Epoch 263/1000, Train Loss: 0.4042, Validation Loss: 0.5167
Epoch 264/1000, Train Loss: 0.4036, Validation Loss: 0.3891
Epoch 265/1000, Train Loss: 0.3982, Validation Loss: 0.4173
Epoch 266/1000, Train Loss: 0.3997, Validation Loss: 0.3913
Epoch 267/1000, Train Loss: 0.3982, Validation Loss: 0.4130
Epoch 268/1000, Train Loss: 0.4021, Validation Loss: 1.5213
Epoch 269/1000, Train Loss: 0.4043, Validation Loss: 0.4299
Epoch 270/1000, Train Loss: 0.4068, Validation Loss: 0.3907
Epoch 271/1000, Train Loss: 0.3930, Validation Loss: 0.4784
Epoch 272/1000, Train Loss: 0.4014, Validation Loss: 0.4800
Epoch 273/1000, Train Loss: 0.3991, Validation Loss: 0.4591
Epoch 274/1000, Train Loss: 0.4001, Validation Loss: 0.4302
Epoch 275/1000, Train Loss: 0.4045, Validation Loss: 0.5825
Epoch 276/1000, Train Loss: 0.3945, Validation Loss: 0.5279
Epoch 277/1000, Train Loss: 0.3993, Validation Loss: 0.5475
Epoch 278/1000, Train Loss: 0.3979, Validation Loss: 0.5453
Epoch 279/1000, Train Loss: 0.4035, Validation Loss: 0.5425
Epoch 280/1000, Train Loss: 0.3952, Validation Loss: 0.3922
Epoch 281/1000, Train Loss: 0.4019, Validation Loss: 0.5839
Epoch 282/1000, Train Loss: 0.3886, Validation Loss: 0.4382
Epoch 283/1000, Train Loss: 0.3976, Validation Loss: 0.3698
Epoch 284/1000, Train Loss: 0.4025, Validation Loss: 0.4012
Epoch 285/1000, Train Loss: 0.3945, Validation Loss: 0.8644
Epoch 286/1000, Train Loss: 0.3955, Validation Loss: 0.5665
Epoch 287/1000, Train Loss: 0.4025, Validation Loss: 0.4940
Epoch 288/1000, Train Loss: 0.3972, Validation Loss: 0.6396
Epoch 289/1000, Train Loss: 0.4025, Validation Loss: 0.5245
Epoch 290/1000, Train Loss: 0.3992, Validation Loss: 0.5019
Epoch 291/1000, Train Loss: 0.4056, Validation Loss: 0.4759
Epoch 292/1000, Train Loss: 0.4023, Validation Loss: 0.3841
Epoch 293/1000, Train Loss: 0.3901, Validation Loss: 0.4086
Epoch 294/1000, Train Loss: 0.3965, Validation Loss: 0.6803
Epoch 295/1000, Train Loss: 0.4035, Validation Loss: 0.4215
Epoch 296/1000, Train Loss: 0.3925, Validation Loss: 0.4474
Epoch 297/1000, Train Loss: 0.3963, Validation Loss: 0.3970
Epoch 298/1000, Train Loss: 0.3922, Validation Loss: 0.4068
Epoch 299/1000, Train Loss: 0.3995, Validation Loss: 0.4089
Epoch 300/1000, Train Loss: 0.3914, Validation Loss: 0.5895
Epoch 301/1000, Train Loss: 0.4020, Validation Loss: 0.3754
Epoch 302/1000, Train Loss: 0.3926, Validation Loss: 0.5517
Epoch 303/1000, Train Loss: 0.4005, Validation Loss: 0.3689
Epoch 304/1000, Train Loss: 0.3929, Validation Loss: 0.4462
Epoch 305/1000, Train Loss: 0.3912, Validation Loss: 0.3804
Epoch 306/1000, Train Loss: 0.3928, Validation Loss: 0.4805
Epoch 307/1000, Train Loss: 0.3902, Validation Loss: 0.4779
Epoch 308/1000, Train Loss: 0.3961, Validation Loss: 0.4913
Epoch 309/1000, Train Loss: 0.3996, Validation Loss: 0.3636
Epoch 310/1000, Train Loss: 0.4018, Validation Loss: 0.6496
Epoch 311/1000, Train Loss: 0.3928, Validation Loss: 0.3903
Epoch 312/1000, Train Loss: 0.3912, Validation Loss: 0.6299
Epoch 313/1000, Train Loss: 0.3911, Validation Loss: 0.6593
Epoch 314/1000, Train Loss: 0.3880, Validation Loss: 0.4192
Epoch 315/1000, Train Loss: 0.3953, Validation Loss: 0.8556
Epoch 316/1000, Train Loss: 0.3985, Validation Loss: 0.9378
Epoch 317/1000, Train Loss: 0.3920, Validation Loss: 0.7910
Epoch 318/1000, Train Loss: 0.3872, Validation Loss: 0.3936
Epoch 319/1000, Train Loss: 0.3888, Validation Loss: 0.4617
Epoch 320/1000, Train Loss: 0.3842, Validation Loss: 0.4296
Epoch 321/1000, Train Loss: 0.3963, Validation Loss: 0.4324
Epoch 322/1000, Train Loss: 0.3854, Validation Loss: 0.4830
Epoch 323/1000, Train Loss: 0.3871, Validation Loss: 0.5187
Epoch 324/1000, Train Loss: 0.3895, Validation Loss: 0.4394
Epoch 325/1000, Train Loss: 0.3885, Validation Loss: 1.3386
Epoch 326/1000, Train Loss: 0.3888, Validation Loss: 0.5827
Epoch 327/1000, Train Loss: 0.3875, Validation Loss: 0.4012
Epoch 328/1000, Train Loss: 0.3934, Validation Loss: 0.5779
Epoch 329/1000, Train Loss: 0.3945, Validation Loss: 1.0070
Epoch 330/1000, Train Loss: 0.3923, Validation Loss: 0.4180
Epoch 331/1000, Train Loss: 0.3895, Validation Loss: 0.3622
Epoch 332/1000, Train Loss: 0.3876, Validation Loss: 0.4067
Epoch 333/1000, Train Loss: 0.3920, Validation Loss: 0.6724
Epoch 334/1000, Train Loss: 0.3960, Validation Loss: 0.6547
Epoch 335/1000, Train Loss: 0.3886, Validation Loss: 0.6603
Epoch 336/1000, Train Loss: 0.3990, Validation Loss: 0.4692
Epoch 337/1000, Train Loss: 0.3907, Validation Loss: 0.5391
Epoch 338/1000, Train Loss: 0.3915, Validation Loss: 0.4532
Epoch 339/1000, Train Loss: 0.3880, Validation Loss: 0.5179
Epoch 340/1000, Train Loss: 0.3929, Validation Loss: 0.6258
Epoch 341/1000, Train Loss: 0.3862, Validation Loss: 0.5888
Epoch 342/1000, Train Loss: 0.3832, Validation Loss: 0.5719
Epoch 343/1000, Train Loss: 0.3865, Validation Loss: 0.7009
Epoch 344/1000, Train Loss: 0.3930, Validation Loss: 0.3994
Epoch 345/1000, Train Loss: 0.3843, Validation Loss: 0.4645
Epoch 346/1000, Train Loss: 0.3912, Validation Loss: 0.4903
Epoch 347/1000, Train Loss: 0.3805, Validation Loss: 0.8350
Epoch 348/1000, Train Loss: 0.3835, Validation Loss: 0.5015
Epoch 349/1000, Train Loss: 0.3856, Validation Loss: 1.0847
Epoch 350/1000, Train Loss: 0.3788, Validation Loss: 0.4660
Epoch 351/1000, Train Loss: 0.3790, Validation Loss: 0.4261
Epoch 352/1000, Train Loss: 0.3867, Validation Loss: 0.6026
Epoch 353/1000, Train Loss: 0.3820, Validation Loss: 0.4459
Epoch 354/1000, Train Loss: 0.3958, Validation Loss: 1.0729
Epoch 355/1000, Train Loss: 0.3851, Validation Loss: 0.6545
Epoch 356/1000, Train Loss: 0.3841, Validation Loss: 0.4018
Epoch 357/1000, Train Loss: 0.3841, Validation Loss: 0.5129
Epoch 358/1000, Train Loss: 0.3821, Validation Loss: 0.6693
Epoch 359/1000, Train Loss: 0.3835, Validation Loss: 0.4854
Epoch 360/1000, Train Loss: 0.3825, Validation Loss: 0.4197
Epoch 361/1000, Train Loss: 0.3852, Validation Loss: 0.3791
Epoch 362/1000, Train Loss: 0.3903, Validation Loss: 0.6534
Epoch 363/1000, Train Loss: 0.3823, Validation Loss: 0.5548
Epoch 364/1000, Train Loss: 0.3848, Validation Loss: 0.7728
Epoch 365/1000, Train Loss: 0.3848, Validation Loss: 0.4032
Epoch 366/1000, Train Loss: 0.3814, Validation Loss: 0.6554
Epoch 367/1000, Train Loss: 0.3865, Validation Loss: 0.6384
Epoch 368/1000, Train Loss: 0.3835, Validation Loss: 0.4215
Epoch 369/1000, Train Loss: 0.3821, Validation Loss: 0.3813
Epoch 370/1000, Train Loss: 0.3931, Validation Loss: 0.3879
Epoch 371/1000, Train Loss: 0.3855, Validation Loss: 0.4333
Epoch 372/1000, Train Loss: 0.3810, Validation Loss: 0.4043
Epoch 373/1000, Train Loss: 0.3857, Validation Loss: 0.7449
Epoch 374/1000, Train Loss: 0.3899, Validation Loss: 0.4389
Epoch 375/1000, Train Loss: 0.3907, Validation Loss: 0.8087
Epoch 376/1000, Train Loss: 0.3808, Validation Loss: 0.5298
Epoch 377/1000, Train Loss: 0.3851, Validation Loss: 0.4868
Epoch 378/1000, Train Loss: 0.3821, Validation Loss: 0.3572
Epoch 379/1000, Train Loss: 0.3814, Validation Loss: 0.4809
Epoch 380/1000, Train Loss: 0.3922, Validation Loss: 0.6335
Epoch 381/1000, Train Loss: 0.3866, Validation Loss: 0.3322
Epoch 382/1000, Train Loss: 0.3892, Validation Loss: 0.3308
Epoch 383/1000, Train Loss: 0.3774, Validation Loss: 0.3947
Epoch 384/1000, Train Loss: 0.3774, Validation Loss: 0.6636
Epoch 385/1000, Train Loss: 0.3749, Validation Loss: 0.4144
Epoch 386/1000, Train Loss: 0.3802, Validation Loss: 0.4782
Epoch 387/1000, Train Loss: 0.3800, Validation Loss: 0.7858
Epoch 388/1000, Train Loss: 0.3834, Validation Loss: 0.7565
Epoch 389/1000, Train Loss: 0.3818, Validation Loss: 0.3988
Epoch 390/1000, Train Loss: 0.3820, Validation Loss: 0.6836
Epoch 391/1000, Train Loss: 0.3849, Validation Loss: 0.4056
Epoch 392/1000, Train Loss: 0.3830, Validation Loss: 0.3340
Epoch 393/1000, Train Loss: 0.3824, Validation Loss: 0.3604
Epoch 394/1000, Train Loss: 0.3808, Validation Loss: 0.3886
Epoch 395/1000, Train Loss: 0.3763, Validation Loss: 0.3766
Epoch 396/1000, Train Loss: 0.3828, Validation Loss: 0.5984
Epoch 397/1000, Train Loss: 0.3814, Validation Loss: 0.5755
Epoch 398/1000, Train Loss: 0.3914, Validation Loss: 0.4966
Epoch 399/1000, Train Loss: 0.3823, Validation Loss: 0.3586
Epoch 400/1000, Train Loss: 0.3820, Validation Loss: 0.6603
Epoch 401/1000, Train Loss: 0.3761, Validation Loss: 0.6338
Epoch 402/1000, Train Loss: 0.3796, Validation Loss: 0.6566
Epoch 403/1000, Train Loss: 0.3842, Validation Loss: 0.6484
Epoch 404/1000, Train Loss: 0.3856, Validation Loss: 0.5754
Epoch 405/1000, Train Loss: 0.3802, Validation Loss: 1.2015
Epoch 406/1000, Train Loss: 0.3744, Validation Loss: 0.4198
Epoch 407/1000, Train Loss: 0.3883, Validation Loss: 0.6192
Epoch 408/1000, Train Loss: 0.3866, Validation Loss: 0.4602
Epoch 409/1000, Train Loss: 0.3823, Validation Loss: 0.9592
Epoch 410/1000, Train Loss: 0.3910, Validation Loss: 0.3907
Epoch 411/1000, Train Loss: 0.3782, Validation Loss: 0.3975
Epoch 412/1000, Train Loss: 0.3757, Validation Loss: 0.4853
Epoch 413/1000, Train Loss: 0.3828, Validation Loss: 0.5229
Epoch 414/1000, Train Loss: 0.3794, Validation Loss: 0.4495
Epoch 415/1000, Train Loss: 0.3737, Validation Loss: 0.3825
Epoch 416/1000, Train Loss: 0.3814, Validation Loss: 0.6652
Epoch 417/1000, Train Loss: 0.3749, Validation Loss: 0.3812
Epoch 418/1000, Train Loss: 0.3763, Validation Loss: 0.4851
Epoch 419/1000, Train Loss: 0.3874, Validation Loss: 0.4185
Epoch 420/1000, Train Loss: 0.3801, Validation Loss: 0.4504
Epoch 421/1000, Train Loss: 0.3833, Validation Loss: 0.8134
Epoch 422/1000, Train Loss: 0.3762, Validation Loss: 0.4605
Epoch 423/1000, Train Loss: 0.3770, Validation Loss: 0.3735
Epoch 424/1000, Train Loss: 0.3720, Validation Loss: 0.3740
Epoch 425/1000, Train Loss: 0.3831, Validation Loss: 0.5265
Epoch 426/1000, Train Loss: 0.3789, Validation Loss: 0.7231
Epoch 427/1000, Train Loss: 0.3782, Validation Loss: 0.5548
Epoch 428/1000, Train Loss: 0.3794, Validation Loss: 0.6887
Epoch 429/1000, Train Loss: 0.3815, Validation Loss: 0.5839
Epoch 430/1000, Train Loss: 0.3796, Validation Loss: 0.5537
Epoch 431/1000, Train Loss: 0.3777, Validation Loss: 0.5335
Epoch 432/1000, Train Loss: 0.3826, Validation Loss: 0.4244
Epoch 433/1000, Train Loss: 0.3693, Validation Loss: 0.4166
Epoch 434/1000, Train Loss: 0.3728, Validation Loss: 0.4647
Epoch 435/1000, Train Loss: 0.3775, Validation Loss: 0.3534
Epoch 436/1000, Train Loss: 0.3761, Validation Loss: 0.6602
Epoch 437/1000, Train Loss: 0.3773, Validation Loss: 1.3497
Epoch 438/1000, Train Loss: 0.3753, Validation Loss: 0.5917
Epoch 439/1000, Train Loss: 0.3779, Validation Loss: 0.4432
Epoch 440/1000, Train Loss: 0.3789, Validation Loss: 0.9855
Epoch 441/1000, Train Loss: 0.3775, Validation Loss: 0.7539
Epoch 442/1000, Train Loss: 0.3875, Validation Loss: 0.5081
Epoch 443/1000, Train Loss: 0.3723, Validation Loss: 1.2978
Epoch 444/1000, Train Loss: 0.3741, Validation Loss: 0.3732
Epoch 445/1000, Train Loss: 0.3781, Validation Loss: 0.4654
Epoch 446/1000, Train Loss: 0.3827, Validation Loss: 0.5177
Epoch 447/1000, Train Loss: 0.3860, Validation Loss: 0.4779
Epoch 448/1000, Train Loss: 0.3774, Validation Loss: 0.4609
Epoch 449/1000, Train Loss: 0.3753, Validation Loss: 0.4715
Epoch 450/1000, Train Loss: 0.3718, Validation Loss: 0.5604
Epoch 451/1000, Train Loss: 0.3751, Validation Loss: 0.4749
Epoch 452/1000, Train Loss: 0.3838, Validation Loss: 0.4795
Epoch 453/1000, Train Loss: 0.3776, Validation Loss: 0.3776
Epoch 454/1000, Train Loss: 0.3743, Validation Loss: 0.7822
Epoch 455/1000, Train Loss: 0.3794, Validation Loss: 0.3821
Epoch 456/1000, Train Loss: 0.3771, Validation Loss: 0.4277
Epoch 457/1000, Train Loss: 0.3781, Validation Loss: 0.4143
Epoch 458/1000, Train Loss: 0.3696, Validation Loss: 0.3258
Epoch 459/1000, Train Loss: 0.3792, Validation Loss: 0.4095
Epoch 460/1000, Train Loss: 0.3732, Validation Loss: 0.6802
Epoch 461/1000, Train Loss: 0.3776, Validation Loss: 0.6107
Epoch 462/1000, Train Loss: 0.3814, Validation Loss: 0.6764
Epoch 463/1000, Train Loss: 0.3746, Validation Loss: 0.4194
Epoch 464/1000, Train Loss: 0.3862, Validation Loss: 0.4226
Epoch 465/1000, Train Loss: 0.3736, Validation Loss: 0.5754
Epoch 466/1000, Train Loss: 0.3737, Validation Loss: 0.4053
Epoch 467/1000, Train Loss: 0.3771, Validation Loss: 0.6406
Epoch 468/1000, Train Loss: 0.3811, Validation Loss: 0.5011
Epoch 469/1000, Train Loss: 0.3716, Validation Loss: 0.7935
Epoch 470/1000, Train Loss: 0.3776, Validation Loss: 0.4165
Epoch 471/1000, Train Loss: 0.3750, Validation Loss: 0.5398
Epoch 472/1000, Train Loss: 0.3793, Validation Loss: 0.5391
Epoch 473/1000, Train Loss: 0.3726, Validation Loss: 0.4193
Epoch 474/1000, Train Loss: 0.3775, Validation Loss: 0.6443
Epoch 475/1000, Train Loss: 0.3773, Validation Loss: 0.3568
Epoch 476/1000, Train Loss: 0.3775, Validation Loss: 5.0514
Epoch 477/1000, Train Loss: 0.3890, Validation Loss: 0.3576
Epoch 478/1000, Train Loss: 0.3769, Validation Loss: 0.4853
Epoch 479/1000, Train Loss: 0.3694, Validation Loss: 0.5419
Epoch 480/1000, Train Loss: 0.3660, Validation Loss: 0.7987
Epoch 481/1000, Train Loss: 0.3707, Validation Loss: 0.5421
Epoch 482/1000, Train Loss: 0.3706, Validation Loss: 0.3589
Epoch 483/1000, Train Loss: 0.3757, Validation Loss: 1.2753
Epoch 484/1000, Train Loss: 0.3755, Validation Loss: 0.8651
Epoch 485/1000, Train Loss: 0.3745, Validation Loss: 0.6776
Epoch 486/1000, Train Loss: 0.3740, Validation Loss: 0.4057
Epoch 487/1000, Train Loss: 0.3699, Validation Loss: 0.4574
Epoch 488/1000, Train Loss: 0.3686, Validation Loss: 0.4921
Epoch 489/1000, Train Loss: 0.3714, Validation Loss: 0.4221
Epoch 490/1000, Train Loss: 0.3715, Validation Loss: 0.5797
Epoch 491/1000, Train Loss: 0.3709, Validation Loss: 0.3748
Epoch 492/1000, Train Loss: 0.3666, Validation Loss: 0.5581
Epoch 493/1000, Train Loss: 0.3756, Validation Loss: 0.4703
Epoch 494/1000, Train Loss: 0.3822, Validation Loss: 0.4484
Epoch 495/1000, Train Loss: 0.3755, Validation Loss: 1.1186
Epoch 496/1000, Train Loss: 0.3764, Validation Loss: 0.8536
Epoch 497/1000, Train Loss: 0.3747, Validation Loss: 0.5689
Epoch 498/1000, Train Loss: 0.3655, Validation Loss: 0.4900
Epoch 499/1000, Train Loss: 0.3741, Validation Loss: 0.4724
Epoch 500/1000, Train Loss: 0.3779, Validation Loss: 0.4311
Epoch 501/1000, Train Loss: 0.3741, Validation Loss: 0.4429
Epoch 502/1000, Train Loss: 0.3779, Validation Loss: 0.6560
Epoch 503/1000, Train Loss: 0.3768, Validation Loss: 0.9504
Epoch 504/1000, Train Loss: 0.3708, Validation Loss: 0.4449
Epoch 505/1000, Train Loss: 0.3768, Validation Loss: 0.5172
Epoch 506/1000, Train Loss: 0.3729, Validation Loss: 0.4568
Epoch 507/1000, Train Loss: 0.3710, Validation Loss: 0.4357
Epoch 508/1000, Train Loss: 0.3732, Validation Loss: 0.3767
Epoch 509/1000, Train Loss: 0.3745, Validation Loss: 0.3880
Epoch 510/1000, Train Loss: 0.3714, Validation Loss: 0.3834
Epoch 511/1000, Train Loss: 0.3738, Validation Loss: 0.4390
Epoch 512/1000, Train Loss: 0.3690, Validation Loss: 0.5871
Epoch 513/1000, Train Loss: 0.3719, Validation Loss: 0.4246
Epoch 514/1000, Train Loss: 0.3671, Validation Loss: 0.5608
Epoch 515/1000, Train Loss: 0.3935, Validation Loss: 0.4326
Epoch 516/1000, Train Loss: 0.3682, Validation Loss: 0.4412
Epoch 517/1000, Train Loss: 0.3730, Validation Loss: 0.6228
Epoch 518/1000, Train Loss: 0.3764, Validation Loss: 0.3654
Epoch 519/1000, Train Loss: 0.3711, Validation Loss: 0.3949
Epoch 520/1000, Train Loss: 0.3743, Validation Loss: 0.4334
Epoch 521/1000, Train Loss: 0.3692, Validation Loss: 0.6437
Epoch 522/1000, Train Loss: 0.3652, Validation Loss: 0.4585
Epoch 523/1000, Train Loss: 0.3789, Validation Loss: 0.3936
Epoch 524/1000, Train Loss: 0.3679, Validation Loss: 0.3571
Epoch 525/1000, Train Loss: 0.3692, Validation Loss: 0.3624
Epoch 526/1000, Train Loss: 0.3773, Validation Loss: 0.5465
Epoch 527/1000, Train Loss: 0.3660, Validation Loss: 0.4115
Epoch 528/1000, Train Loss: 0.3796, Validation Loss: 0.4144
Epoch 529/1000, Train Loss: 0.3686, Validation Loss: 0.4994
Epoch 530/1000, Train Loss: 0.3758, Validation Loss: 0.7812
Epoch 531/1000, Train Loss: 0.3684, Validation Loss: 0.9987
Epoch 532/1000, Train Loss: 0.3733, Validation Loss: 0.5935
Epoch 533/1000, Train Loss: 0.3786, Validation Loss: 0.6321
Epoch 534/1000, Train Loss: 0.3676, Validation Loss: 0.5718
Epoch 535/1000, Train Loss: 0.3669, Validation Loss: 0.4766
Epoch 536/1000, Train Loss: 0.3744, Validation Loss: 0.3606
Epoch 537/1000, Train Loss: 0.3689, Validation Loss: 0.4360
Epoch 538/1000, Train Loss: 0.3630, Validation Loss: 0.4408
Epoch 539/1000, Train Loss: 0.3676, Validation Loss: 1.0526
Epoch 540/1000, Train Loss: 0.3657, Validation Loss: 1.0394
Epoch 541/1000, Train Loss: 0.3664, Validation Loss: 0.4285
Epoch 542/1000, Train Loss: 0.3737, Validation Loss: 0.9644
Epoch 543/1000, Train Loss: 0.3633, Validation Loss: 0.5373
Epoch 544/1000, Train Loss: 0.3636, Validation Loss: 0.6446
Epoch 545/1000, Train Loss: 0.3718, Validation Loss: 0.5776
Epoch 546/1000, Train Loss: 0.3627, Validation Loss: 0.4697
Epoch 547/1000, Train Loss: 0.3691, Validation Loss: 0.5473
Epoch 548/1000, Train Loss: 0.3695, Validation Loss: 0.3485
Epoch 549/1000, Train Loss: 0.3630, Validation Loss: 0.4244
Epoch 550/1000, Train Loss: 0.3702, Validation Loss: 0.3711
Epoch 551/1000, Train Loss: 0.3699, Validation Loss: 0.5585
Epoch 552/1000, Train Loss: 0.3673, Validation Loss: 0.3496
Epoch 553/1000, Train Loss: 0.3720, Validation Loss: 0.4694
Epoch 554/1000, Train Loss: 0.3666, Validation Loss: 0.4335
Epoch 555/1000, Train Loss: 0.3657, Validation Loss: 0.3336
Epoch 556/1000, Train Loss: 0.3682, Validation Loss: 0.3998
Epoch 557/1000, Train Loss: 0.3628, Validation Loss: 0.4385
Epoch 558/1000, Train Loss: 0.3653, Validation Loss: 0.5188
Epoch 559/1000, Train Loss: 0.3744, Validation Loss: 0.3941
Epoch 560/1000, Train Loss: 0.3668, Validation Loss: 0.3708
Epoch 561/1000, Train Loss: 0.3556, Validation Loss: 0.3962
Epoch 562/1000, Train Loss: 0.3655, Validation Loss: 0.8880
Epoch 563/1000, Train Loss: 0.3625, Validation Loss: 0.5124
Epoch 564/1000, Train Loss: 0.3579, Validation Loss: 0.4401
Epoch 565/1000, Train Loss: 0.3747, Validation Loss: 0.6271
Epoch 566/1000, Train Loss: 0.3641, Validation Loss: 0.8130
Epoch 567/1000, Train Loss: 0.3667, Validation Loss: 0.3504
Epoch 568/1000, Train Loss: 0.3628, Validation Loss: 0.5363
Epoch 569/1000, Train Loss: 0.3710, Validation Loss: 0.3396
Epoch 570/1000, Train Loss: 0.3679, Validation Loss: 0.4613
Epoch 571/1000, Train Loss: 0.3658, Validation Loss: 0.3877
Epoch 572/1000, Train Loss: 0.3625, Validation Loss: 0.5456
Epoch 573/1000, Train Loss: 0.3727, Validation Loss: 1.5926
Epoch 574/1000, Train Loss: 0.3713, Validation Loss: 0.4350
Epoch 575/1000, Train Loss: 0.3672, Validation Loss: 0.4329
Epoch 576/1000, Train Loss: 0.3645, Validation Loss: 0.3823
Epoch 577/1000, Train Loss: 0.3585, Validation Loss: 0.5358
Epoch 578/1000, Train Loss: 0.3721, Validation Loss: 0.4374
Epoch 579/1000, Train Loss: 0.3603, Validation Loss: 0.4046
Epoch 580/1000, Train Loss: 0.3595, Validation Loss: 0.5498
Epoch 581/1000, Train Loss: 0.3611, Validation Loss: 0.3559
Epoch 582/1000, Train Loss: 0.3632, Validation Loss: 0.4763
Epoch 583/1000, Train Loss: 0.3687, Validation Loss: 0.4649
Epoch 584/1000, Train Loss: 0.3717, Validation Loss: 0.4455
Epoch 585/1000, Train Loss: 0.3637, Validation Loss: 0.7328
Epoch 586/1000, Train Loss: 0.3624, Validation Loss: 0.4761
Epoch 587/1000, Train Loss: 0.3591, Validation Loss: 0.3332
Epoch 588/1000, Train Loss: 0.3714, Validation Loss: 0.3330
Epoch 589/1000, Train Loss: 0.3580, Validation Loss: 0.5960
Epoch 590/1000, Train Loss: 0.3645, Validation Loss: 0.4319
Epoch 591/1000, Train Loss: 0.3670, Validation Loss: 0.3531
Epoch 592/1000, Train Loss: 0.3629, Validation Loss: 0.3724
Epoch 593/1000, Train Loss: 0.3868, Validation Loss: 0.4499
Epoch 594/1000, Train Loss: 0.3644, Validation Loss: 0.4351
Epoch 595/1000, Train Loss: 0.3637, Validation Loss: 0.3917
Epoch 596/1000, Train Loss: 0.3630, Validation Loss: 0.5019
Epoch 597/1000, Train Loss: 0.3632, Validation Loss: 0.3182
Epoch 598/1000, Train Loss: 0.3623, Validation Loss: 0.4451
Epoch 599/1000, Train Loss: 0.3584, Validation Loss: 0.3336
Epoch 600/1000, Train Loss: 0.3638, Validation Loss: 0.4158
Epoch 601/1000, Train Loss: 0.3602, Validation Loss: 0.3983
Epoch 602/1000, Train Loss: 0.3603, Validation Loss: 0.4875
Epoch 603/1000, Train Loss: 0.3644, Validation Loss: 1.0813
Epoch 604/1000, Train Loss: 0.3588, Validation Loss: 0.4933
Epoch 605/1000, Train Loss: 0.3593, Validation Loss: 0.5594
Epoch 606/1000, Train Loss: 0.3722, Validation Loss: 0.5403
Epoch 607/1000, Train Loss: 0.3615, Validation Loss: 0.4135
Epoch 608/1000, Train Loss: 0.3632, Validation Loss: 0.4620
Epoch 609/1000, Train Loss: 0.3685, Validation Loss: 0.3296
Epoch 610/1000, Train Loss: 0.3595, Validation Loss: 0.5692
Epoch 611/1000, Train Loss: 0.3694, Validation Loss: 0.4077
Epoch 612/1000, Train Loss: 0.3599, Validation Loss: 0.4796
Epoch 613/1000, Train Loss: 0.3567, Validation Loss: 0.6274
Epoch 614/1000, Train Loss: 0.3624, Validation Loss: 0.3782
Epoch 615/1000, Train Loss: 0.3668, Validation Loss: 0.4263
Epoch 616/1000, Train Loss: 0.3689, Validation Loss: 0.3441
Epoch 617/1000, Train Loss: 0.3627, Validation Loss: 0.5182
Epoch 618/1000, Train Loss: 0.3626, Validation Loss: 0.3514
Epoch 619/1000, Train Loss: 0.3628, Validation Loss: 1.3040
Epoch 620/1000, Train Loss: 0.3644, Validation Loss: 0.9434
Epoch 621/1000, Train Loss: 0.3612, Validation Loss: 0.3756
Epoch 622/1000, Train Loss: 0.3611, Validation Loss: 0.4109
Epoch 623/1000, Train Loss: 0.3678, Validation Loss: 0.5898
Epoch 624/1000, Train Loss: 0.3600, Validation Loss: 0.5236
Epoch 625/1000, Train Loss: 0.3609, Validation Loss: 0.4378
Epoch 626/1000, Train Loss: 0.3614, Validation Loss: 0.6056
Epoch 627/1000, Train Loss: 0.3581, Validation Loss: 0.4314
Epoch 628/1000, Train Loss: 0.3575, Validation Loss: 0.5446
Epoch 629/1000, Train Loss: 0.3681, Validation Loss: 0.6360
Epoch 630/1000, Train Loss: 0.3596, Validation Loss: 0.3693
Epoch 631/1000, Train Loss: 0.3591, Validation Loss: 0.4360
Epoch 632/1000, Train Loss: 0.3642, Validation Loss: 0.3474
Epoch 633/1000, Train Loss: 0.3741, Validation Loss: 0.6535
Epoch 634/1000, Train Loss: 0.3586, Validation Loss: 0.4860
Epoch 635/1000, Train Loss: 0.3601, Validation Loss: 0.4436
Epoch 636/1000, Train Loss: 0.3604, Validation Loss: 0.3808
Epoch 637/1000, Train Loss: 0.3656, Validation Loss: 0.4081
Epoch 638/1000, Train Loss: 0.3706, Validation Loss: 0.4286
Epoch 639/1000, Train Loss: 0.3552, Validation Loss: 0.5201
Epoch 640/1000, Train Loss: 0.3613, Validation Loss: 0.8053
Epoch 641/1000, Train Loss: 0.3599, Validation Loss: 1.1173
Epoch 642/1000, Train Loss: 0.3579, Validation Loss: 0.5325
Epoch 643/1000, Train Loss: 0.3527, Validation Loss: 0.7071
Epoch 644/1000, Train Loss: 0.3585, Validation Loss: 0.3749
Epoch 645/1000, Train Loss: 0.3601, Validation Loss: 0.4794
Epoch 646/1000, Train Loss: 0.3598, Validation Loss: 0.4796
Epoch 647/1000, Train Loss: 0.3672, Validation Loss: 0.8540
Epoch 648/1000, Train Loss: 0.3558, Validation Loss: 0.7426
Epoch 649/1000, Train Loss: 0.3565, Validation Loss: 0.3730
Epoch 650/1000, Train Loss: 0.3695, Validation Loss: 0.3608
Epoch 651/1000, Train Loss: 0.3581, Validation Loss: 0.6219
Epoch 652/1000, Train Loss: 0.3611, Validation Loss: 0.6333
Epoch 653/1000, Train Loss: 0.3632, Validation Loss: 0.4876
Epoch 654/1000, Train Loss: 0.3596, Validation Loss: 0.4131
Epoch 655/1000, Train Loss: 0.3671, Validation Loss: 0.6690
Epoch 656/1000, Train Loss: 0.3657, Validation Loss: 0.4450
Epoch 657/1000, Train Loss: 0.3649, Validation Loss: 0.4950
Epoch 658/1000, Train Loss: 0.3588, Validation Loss: 0.4889
Epoch 659/1000, Train Loss: 0.3585, Validation Loss: 0.6302
Epoch 660/1000, Train Loss: 0.3604, Validation Loss: 0.3760
Epoch 661/1000, Train Loss: 0.3618, Validation Loss: 0.7389
Epoch 662/1000, Train Loss: 0.3679, Validation Loss: 1.6908
Epoch 663/1000, Train Loss: 0.3611, Validation Loss: 0.3507
Epoch 664/1000, Train Loss: 0.3627, Validation Loss: 0.3398
Epoch 665/1000, Train Loss: 0.3597, Validation Loss: 0.6890
Epoch 666/1000, Train Loss: 0.3555, Validation Loss: 0.3784
Epoch 667/1000, Train Loss: 0.3598, Validation Loss: 0.3654
Epoch 668/1000, Train Loss: 0.3707, Validation Loss: 0.6659
Epoch 669/1000, Train Loss: 0.3567, Validation Loss: 0.3961
Epoch 670/1000, Train Loss: 0.3671, Validation Loss: 0.3936
Epoch 671/1000, Train Loss: 0.3612, Validation Loss: 0.5332
Epoch 672/1000, Train Loss: 0.3545, Validation Loss: 0.4589
Epoch 673/1000, Train Loss: 0.3586, Validation Loss: 0.3626
Epoch 674/1000, Train Loss: 0.3572, Validation Loss: 0.3534
Epoch 675/1000, Train Loss: 0.3596, Validation Loss: 0.4895
Epoch 676/1000, Train Loss: 0.3636, Validation Loss: 0.5468
Epoch 677/1000, Train Loss: 0.3535, Validation Loss: 0.4716
Epoch 678/1000, Train Loss: 0.3587, Validation Loss: 1.1450
Epoch 679/1000, Train Loss: 0.3575, Validation Loss: 0.3775
Epoch 680/1000, Train Loss: 0.3719, Validation Loss: 0.3937
Epoch 681/1000, Train Loss: 0.3595, Validation Loss: 0.6300
Epoch 682/1000, Train Loss: 0.3532, Validation Loss: 0.4466
Epoch 683/1000, Train Loss: 0.3541, Validation Loss: 0.9815
Epoch 684/1000, Train Loss: 0.3646, Validation Loss: 0.7971
Epoch 685/1000, Train Loss: 0.3600, Validation Loss: 0.4867
Epoch 686/1000, Train Loss: 0.3573, Validation Loss: 0.5692
Epoch 687/1000, Train Loss: 0.3657, Validation Loss: 0.4792
Epoch 688/1000, Train Loss: 0.3571, Validation Loss: 0.4532
Epoch 689/1000, Train Loss: 0.3598, Validation Loss: 0.4427
Epoch 690/1000, Train Loss: 0.3654, Validation Loss: 0.3926
Epoch 691/1000, Train Loss: 0.3541, Validation Loss: 0.4348
Epoch 692/1000, Train Loss: 0.3577, Validation Loss: 0.4085
Epoch 693/1000, Train Loss: 0.3568, Validation Loss: 0.3636
Epoch 694/1000, Train Loss: 0.3538, Validation Loss: 0.2984
Epoch 695/1000, Train Loss: 0.3583, Validation Loss: 0.4357
Epoch 696/1000, Train Loss: 0.3548, Validation Loss: 0.3399
Epoch 697/1000, Train Loss: 0.3587, Validation Loss: 0.4102
Epoch 698/1000, Train Loss: 0.3674, Validation Loss: 0.7966
Epoch 699/1000, Train Loss: 0.3612, Validation Loss: 0.7518
Epoch 700/1000, Train Loss: 0.3566, Validation Loss: 0.9145
Epoch 701/1000, Train Loss: 0.3625, Validation Loss: 0.4021
Epoch 702/1000, Train Loss: 0.3657, Validation Loss: 0.5516
Epoch 703/1000, Train Loss: 0.3632, Validation Loss: 0.4557
Epoch 704/1000, Train Loss: 0.3594, Validation Loss: 0.5487
Epoch 705/1000, Train Loss: 0.3549, Validation Loss: 0.4362
Epoch 706/1000, Train Loss: 0.3702, Validation Loss: 0.4161
Epoch 707/1000, Train Loss: 0.3611, Validation Loss: 0.4696
Epoch 708/1000, Train Loss: 0.3614, Validation Loss: 0.4035
Epoch 709/1000, Train Loss: 0.3596, Validation Loss: 0.6286
Epoch 710/1000, Train Loss: 0.3573, Validation Loss: 1.0072
Epoch 711/1000, Train Loss: 0.3568, Validation Loss: 0.6198
Epoch 712/1000, Train Loss: 0.3561, Validation Loss: 0.6047
Epoch 713/1000, Train Loss: 0.3568, Validation Loss: 0.3943
Epoch 714/1000, Train Loss: 0.3585, Validation Loss: 0.4225
Epoch 715/1000, Train Loss: 0.3636, Validation Loss: 0.5017
Epoch 716/1000, Train Loss: 0.3641, Validation Loss: 0.3884
Epoch 717/1000, Train Loss: 0.3596, Validation Loss: 0.5135
Epoch 718/1000, Train Loss: 0.3538, Validation Loss: 0.4438
Epoch 719/1000, Train Loss: 0.3634, Validation Loss: 0.3248
Epoch 720/1000, Train Loss: 0.3637, Validation Loss: 0.5952
Epoch 721/1000, Train Loss: 0.3553, Validation Loss: 0.6969
Epoch 722/1000, Train Loss: 0.3639, Validation Loss: 0.4832
Epoch 723/1000, Train Loss: 0.3588, Validation Loss: 0.4404
Epoch 724/1000, Train Loss: 0.3665, Validation Loss: 0.5135
Epoch 725/1000, Train Loss: 0.3544, Validation Loss: 0.3370
Epoch 726/1000, Train Loss: 0.3573, Validation Loss: 0.5227
Epoch 727/1000, Train Loss: 0.3550, Validation Loss: 0.7921
Epoch 728/1000, Train Loss: 0.3558, Validation Loss: 0.6619
Epoch 729/1000, Train Loss: 0.3624, Validation Loss: 0.3662
Epoch 730/1000, Train Loss: 0.3528, Validation Loss: 0.7286
Epoch 731/1000, Train Loss: 0.3586, Validation Loss: 0.5194
Epoch 732/1000, Train Loss: 0.3642, Validation Loss: 0.6555
Epoch 733/1000, Train Loss: 0.3670, Validation Loss: 0.6474
Epoch 734/1000, Train Loss: 0.3554, Validation Loss: 0.4304
Epoch 735/1000, Train Loss: 0.3632, Validation Loss: 0.6070
Epoch 736/1000, Train Loss: 0.3548, Validation Loss: 0.4474
Epoch 737/1000, Train Loss: 0.3658, Validation Loss: 0.5745
Epoch 738/1000, Train Loss: 0.3587, Validation Loss: 0.8488
Epoch 739/1000, Train Loss: 0.3552, Validation Loss: 0.3852
Epoch 740/1000, Train Loss: 0.3559, Validation Loss: 0.5722
Epoch 741/1000, Train Loss: 0.3572, Validation Loss: 1.3587
Epoch 742/1000, Train Loss: 0.3610, Validation Loss: 0.4578
Epoch 743/1000, Train Loss: 0.3537, Validation Loss: 0.4021
Epoch 744/1000, Train Loss: 0.3612, Validation Loss: 0.3358
Epoch 745/1000, Train Loss: 0.3560, Validation Loss: 0.4135
Epoch 746/1000, Train Loss: 0.3585, Validation Loss: 1.0666
Epoch 747/1000, Train Loss: 0.3592, Validation Loss: 0.4321
Epoch 748/1000, Train Loss: 0.3540, Validation Loss: 0.8242
Epoch 749/1000, Train Loss: 0.3533, Validation Loss: 0.7269
Epoch 750/1000, Train Loss: 0.3556, Validation Loss: 0.3383
Epoch 751/1000, Train Loss: 0.3582, Validation Loss: 0.4232
Epoch 752/1000, Train Loss: 0.3540, Validation Loss: 0.6380
Epoch 753/1000, Train Loss: 0.3568, Validation Loss: 0.4689
Epoch 754/1000, Train Loss: 0.3571, Validation Loss: 0.8923
Epoch 755/1000, Train Loss: 0.3505, Validation Loss: 0.4267
Epoch 756/1000, Train Loss: 0.3513, Validation Loss: 0.3521
Epoch 757/1000, Train Loss: 0.3565, Validation Loss: 0.4610
Epoch 758/1000, Train Loss: 0.3509, Validation Loss: 0.4633
Epoch 759/1000, Train Loss: 0.3559, Validation Loss: 0.5306
Epoch 760/1000, Train Loss: 0.3511, Validation Loss: 0.4055
Epoch 761/1000, Train Loss: 0.3536, Validation Loss: 0.4675
Epoch 762/1000, Train Loss: 0.3585, Validation Loss: 1.0880
Epoch 763/1000, Train Loss: 0.3592, Validation Loss: 0.4237
Epoch 764/1000, Train Loss: 0.3485, Validation Loss: 0.6513
Epoch 765/1000, Train Loss: 0.3536, Validation Loss: 0.4517
Epoch 766/1000, Train Loss: 0.3553, Validation Loss: 0.5683
Epoch 767/1000, Train Loss: 0.3539, Validation Loss: 0.4200
Epoch 768/1000, Train Loss: 0.3585, Validation Loss: 0.3544
Epoch 769/1000, Train Loss: 0.3569, Validation Loss: 0.3482
Epoch 770/1000, Train Loss: 0.3527, Validation Loss: 0.4270
Epoch 771/1000, Train Loss: 0.3536, Validation Loss: 0.4713
Epoch 772/1000, Train Loss: 0.3565, Validation Loss: 0.3826
Epoch 773/1000, Train Loss: 0.3557, Validation Loss: 0.3652
Epoch 774/1000, Train Loss: 0.3496, Validation Loss: 0.3791
Epoch 775/1000, Train Loss: 0.3499, Validation Loss: 0.4246
Epoch 776/1000, Train Loss: 0.3535, Validation Loss: 0.7422
Epoch 777/1000, Train Loss: 0.3551, Validation Loss: 0.3874
Epoch 778/1000, Train Loss: 0.3483, Validation Loss: 0.6650
Epoch 779/1000, Train Loss: 0.3499, Validation Loss: 0.6860
Epoch 780/1000, Train Loss: 0.3516, Validation Loss: 0.4494
Epoch 781/1000, Train Loss: 0.3537, Validation Loss: 0.4469
Epoch 782/1000, Train Loss: 0.3535, Validation Loss: 0.4891
Epoch 783/1000, Train Loss: 0.3498, Validation Loss: 0.5642
Epoch 784/1000, Train Loss: 0.3506, Validation Loss: 0.3687
Epoch 785/1000, Train Loss: 0.3530, Validation Loss: 0.6764
Epoch 786/1000, Train Loss: 0.3546, Validation Loss: 0.4849
Epoch 787/1000, Train Loss: 0.3516, Validation Loss: 0.3834
Epoch 788/1000, Train Loss: 0.3548, Validation Loss: 0.4040
Epoch 789/1000, Train Loss: 0.3644, Validation Loss: 0.4680
Epoch 790/1000, Train Loss: 0.3493, Validation Loss: 0.7634
Epoch 791/1000, Train Loss: 0.3567, Validation Loss: 0.3719
Epoch 792/1000, Train Loss: 0.3561, Validation Loss: 0.7888
Epoch 793/1000, Train Loss: 0.3488, Validation Loss: 0.5131
Epoch 794/1000, Train Loss: 0.3533, Validation Loss: 0.7744
Epoch 795/1000, Train Loss: 0.3498, Validation Loss: 0.3511
Epoch 796/1000, Train Loss: 0.3615, Validation Loss: 0.5733
Epoch 797/1000, Train Loss: 0.3545, Validation Loss: 0.6828
Epoch 798/1000, Train Loss: 0.3560, Validation Loss: 0.4869
Epoch 799/1000, Train Loss: 0.3530, Validation Loss: 0.3241
Epoch 800/1000, Train Loss: 0.3585, Validation Loss: 0.5238
Epoch 801/1000, Train Loss: 0.3545, Validation Loss: 0.7865
Epoch 802/1000, Train Loss: 0.3572, Validation Loss: 0.5764
Epoch 803/1000, Train Loss: 0.3476, Validation Loss: 0.5360
Epoch 804/1000, Train Loss: 0.3590, Validation Loss: 0.4396
Epoch 805/1000, Train Loss: 0.3556, Validation Loss: 0.4298
Epoch 806/1000, Train Loss: 0.3472, Validation Loss: 1.0149
Epoch 807/1000, Train Loss: 0.3516, Validation Loss: 0.4238
Epoch 808/1000, Train Loss: 0.3545, Validation Loss: 0.4609
Epoch 809/1000, Train Loss: 0.3557, Validation Loss: 0.6100
Epoch 810/1000, Train Loss: 0.3530, Validation Loss: 0.6843
Epoch 811/1000, Train Loss: 0.3493, Validation Loss: 0.8947
Epoch 812/1000, Train Loss: 0.3531, Validation Loss: 0.3881
Epoch 813/1000, Train Loss: 0.3602, Validation Loss: 0.6603
Epoch 814/1000, Train Loss: 0.3555, Validation Loss: 0.5028
Epoch 815/1000, Train Loss: 0.3461, Validation Loss: 0.3227
Epoch 816/1000, Train Loss: 0.3514, Validation Loss: 0.4578
Epoch 817/1000, Train Loss: 0.3559, Validation Loss: 0.4632
Epoch 818/1000, Train Loss: 0.3551, Validation Loss: 0.4591
Epoch 819/1000, Train Loss: 0.3573, Validation Loss: 1.0561
Epoch 820/1000, Train Loss: 0.3526, Validation Loss: 0.3645
Epoch 821/1000, Train Loss: 0.3536, Validation Loss: 0.3143
Epoch 822/1000, Train Loss: 0.3547, Validation Loss: 0.4284
Epoch 823/1000, Train Loss: 0.3576, Validation Loss: 3.9256
Epoch 824/1000, Train Loss: 0.3512, Validation Loss: 0.3726
Epoch 825/1000, Train Loss: 0.3532, Validation Loss: 0.3437
Epoch 826/1000, Train Loss: 0.3503, Validation Loss: 0.6943
Epoch 827/1000, Train Loss: 0.3487, Validation Loss: 0.4168
Epoch 828/1000, Train Loss: 0.3587, Validation Loss: 1.7381
Epoch 829/1000, Train Loss: 0.3644, Validation Loss: 0.3748
Epoch 830/1000, Train Loss: 0.3589, Validation Loss: 0.5940
Epoch 831/1000, Train Loss: 0.3583, Validation Loss: 0.8949
Epoch 832/1000, Train Loss: 0.3513, Validation Loss: 0.3995
Epoch 833/1000, Train Loss: 0.3529, Validation Loss: 0.3651
Epoch 834/1000, Train Loss: 0.3511, Validation Loss: 0.4127
Epoch 835/1000, Train Loss: 0.3536, Validation Loss: 0.4050
Epoch 836/1000, Train Loss: 0.3503, Validation Loss: 0.5228
Epoch 837/1000, Train Loss: 0.3545, Validation Loss: 0.6928
Epoch 838/1000, Train Loss: 0.3533, Validation Loss: 1.0101
Epoch 839/1000, Train Loss: 0.3576, Validation Loss: 0.4176
Epoch 840/1000, Train Loss: 0.3598, Validation Loss: 0.4870
Epoch 841/1000, Train Loss: 0.3547, Validation Loss: 0.5373
Epoch 842/1000, Train Loss: 0.3550, Validation Loss: 0.3221
Epoch 843/1000, Train Loss: 0.3521, Validation Loss: 0.5315
Epoch 844/1000, Train Loss: 0.3517, Validation Loss: 0.6591
Epoch 845/1000, Train Loss: 0.3516, Validation Loss: 0.4012
Epoch 846/1000, Train Loss: 0.3568, Validation Loss: 0.3422
Epoch 847/1000, Train Loss: 0.3481, Validation Loss: 0.4366
Epoch 848/1000, Train Loss: 0.3499, Validation Loss: 0.4974
Epoch 849/1000, Train Loss: 0.3697, Validation Loss: 0.4433
Epoch 850/1000, Train Loss: 0.3560, Validation Loss: 0.4744
Epoch 851/1000, Train Loss: 0.3590, Validation Loss: 0.9901
Epoch 852/1000, Train Loss: 0.3499, Validation Loss: 0.8662
Epoch 853/1000, Train Loss: 0.3516, Validation Loss: 0.3986
Epoch 854/1000, Train Loss: 0.3577, Validation Loss: 0.3582
Epoch 855/1000, Train Loss: 0.3482, Validation Loss: 0.4189
Epoch 856/1000, Train Loss: 0.3562, Validation Loss: 0.4042
Epoch 857/1000, Train Loss: 0.3492, Validation Loss: 0.4485
Epoch 858/1000, Train Loss: 0.3567, Validation Loss: 0.7170
Epoch 859/1000, Train Loss: 0.3489, Validation Loss: 0.3784
Epoch 860/1000, Train Loss: 0.3527, Validation Loss: 0.5173
Epoch 861/1000, Train Loss: 0.3653, Validation Loss: 0.3750
Epoch 862/1000, Train Loss: 0.3447, Validation Loss: 0.6789
Epoch 863/1000, Train Loss: 0.3524, Validation Loss: 1.1774
Epoch 864/1000, Train Loss: 0.3548, Validation Loss: 0.3178
Epoch 865/1000, Train Loss: 0.3457, Validation Loss: 0.5473
Epoch 866/1000, Train Loss: 0.3485, Validation Loss: 0.3291
Epoch 867/1000, Train Loss: 0.3525, Validation Loss: 0.4621
Epoch 868/1000, Train Loss: 0.3509, Validation Loss: 0.3570
Epoch 869/1000, Train Loss: 0.3543, Validation Loss: 0.3321
Epoch 870/1000, Train Loss: 0.3545, Validation Loss: 0.3855
Epoch 871/1000, Train Loss: 0.3518, Validation Loss: 0.3289
Epoch 872/1000, Train Loss: 0.3488, Validation Loss: 0.3750
Epoch 873/1000, Train Loss: 0.3549, Validation Loss: 0.5686
Epoch 874/1000, Train Loss: 0.3533, Validation Loss: 0.4082
Epoch 875/1000, Train Loss: 0.3514, Validation Loss: 0.4244
Epoch 876/1000, Train Loss: 0.3431, Validation Loss: 0.6468
Epoch 877/1000, Train Loss: 0.3455, Validation Loss: 0.4041
Epoch 878/1000, Train Loss: 0.3447, Validation Loss: 0.3807
Epoch 879/1000, Train Loss: 0.3552, Validation Loss: 0.4140
Epoch 880/1000, Train Loss: 0.3455, Validation Loss: 0.5296
Epoch 881/1000, Train Loss: 0.3500, Validation Loss: 0.7478
Epoch 882/1000, Train Loss: 0.3477, Validation Loss: 0.4545
Epoch 883/1000, Train Loss: 0.3468, Validation Loss: 0.7545
Epoch 884/1000, Train Loss: 0.3489, Validation Loss: 0.5870
Epoch 885/1000, Train Loss: 0.3450, Validation Loss: 0.4255
Epoch 886/1000, Train Loss: 0.3446, Validation Loss: 0.3274
Epoch 887/1000, Train Loss: 0.3447, Validation Loss: 0.3857
Epoch 888/1000, Train Loss: 0.3500, Validation Loss: 0.3599
Epoch 889/1000, Train Loss: 0.3493, Validation Loss: 1.1781
Epoch 890/1000, Train Loss: 0.3457, Validation Loss: 0.4299
Epoch 891/1000, Train Loss: 0.3480, Validation Loss: 0.3345
Epoch 892/1000, Train Loss: 0.3457, Validation Loss: 0.4981
Epoch 893/1000, Train Loss: 0.3492, Validation Loss: 0.3952
Epoch 894/1000, Train Loss: 0.3461, Validation Loss: 0.4041
Epoch 895/1000, Train Loss: 0.3510, Validation Loss: 0.6842
Epoch 896/1000, Train Loss: 0.3503, Validation Loss: 0.4442
Epoch 897/1000, Train Loss: 0.3543, Validation Loss: 0.5100
Epoch 898/1000, Train Loss: 0.3550, Validation Loss: 0.4238
Epoch 899/1000, Train Loss: 0.3490, Validation Loss: 0.8803
Epoch 900/1000, Train Loss: 0.3479, Validation Loss: 0.4081
Epoch 901/1000, Train Loss: 0.3482, Validation Loss: 0.5089
Epoch 902/1000, Train Loss: 0.3421, Validation Loss: 0.6997
Epoch 903/1000, Train Loss: 0.3449, Validation Loss: 0.3567
Epoch 904/1000, Train Loss: 0.3546, Validation Loss: 0.3424
Epoch 905/1000, Train Loss: 0.3447, Validation Loss: 0.3757
Epoch 906/1000, Train Loss: 0.3480, Validation Loss: 0.4363
Epoch 907/1000, Train Loss: 0.3509, Validation Loss: 0.4771
Epoch 908/1000, Train Loss: 0.3515, Validation Loss: 0.9202
Epoch 909/1000, Train Loss: 0.3459, Validation Loss: 0.4892
Epoch 910/1000, Train Loss: 0.3553, Validation Loss: 0.3670
Epoch 911/1000, Train Loss: 0.3564, Validation Loss: 0.3774
Epoch 912/1000, Train Loss: 0.3534, Validation Loss: 0.3944
Epoch 913/1000, Train Loss: 0.3474, Validation Loss: 0.6176
Epoch 914/1000, Train Loss: 0.3490, Validation Loss: 0.2931
Epoch 915/1000, Train Loss: 0.3372, Validation Loss: 0.4938
Epoch 916/1000, Train Loss: 0.3515, Validation Loss: 0.4218
Epoch 917/1000, Train Loss: 0.3466, Validation Loss: 0.4078
Epoch 918/1000, Train Loss: 0.3536, Validation Loss: 0.4142
Epoch 919/1000, Train Loss: 0.3441, Validation Loss: 0.3765
Epoch 920/1000, Train Loss: 0.3447, Validation Loss: 0.3107
Epoch 921/1000, Train Loss: 0.3491, Validation Loss: 0.8084
Epoch 922/1000, Train Loss: 0.3496, Validation Loss: 0.7704
Epoch 923/1000, Train Loss: 0.3491, Validation Loss: 0.3874
Epoch 924/1000, Train Loss: 0.3495, Validation Loss: 0.3810
Epoch 925/1000, Train Loss: 0.3453, Validation Loss: 0.3771
Epoch 926/1000, Train Loss: 0.3450, Validation Loss: 0.5076
Epoch 927/1000, Train Loss: 0.3486, Validation Loss: 0.4570
Epoch 928/1000, Train Loss: 0.3572, Validation Loss: 0.4650
Epoch 929/1000, Train Loss: 0.3465, Validation Loss: 0.4627
Epoch 930/1000, Train Loss: 0.3487, Validation Loss: 0.7424
Epoch 931/1000, Train Loss: 0.3450, Validation Loss: 0.4496
Epoch 932/1000, Train Loss: 0.3492, Validation Loss: 0.5528
Epoch 933/1000, Train Loss: 0.3453, Validation Loss: 0.3501
Epoch 934/1000, Train Loss: 0.3481, Validation Loss: 0.5532
Epoch 935/1000, Train Loss: 0.3453, Validation Loss: 0.4474
Epoch 936/1000, Train Loss: 0.3502, Validation Loss: 0.3069
Epoch 937/1000, Train Loss: 0.3475, Validation Loss: 0.4090
Epoch 938/1000, Train Loss: 0.3475, Validation Loss: 0.4592
Epoch 939/1000, Train Loss: 0.3477, Validation Loss: 0.3744
Epoch 940/1000, Train Loss: 0.3513, Validation Loss: 0.4643
Epoch 941/1000, Train Loss: 0.3463, Validation Loss: 0.4788
Epoch 942/1000, Train Loss: 0.3529, Validation Loss: 0.4851
Epoch 943/1000, Train Loss: 0.3436, Validation Loss: 0.3765
Epoch 944/1000, Train Loss: 0.3465, Validation Loss: 0.6785
Epoch 945/1000, Train Loss: 0.3509, Validation Loss: 0.4995
Epoch 946/1000, Train Loss: 0.3468, Validation Loss: 0.4411
Epoch 947/1000, Train Loss: 0.3604, Validation Loss: 0.6841
Epoch 948/1000, Train Loss: 0.3482, Validation Loss: 1.0834
Epoch 949/1000, Train Loss: 0.3432, Validation Loss: 0.5326
Epoch 950/1000, Train Loss: 0.3434, Validation Loss: 0.6225
Epoch 951/1000, Train Loss: 0.3483, Validation Loss: 0.3085
Epoch 952/1000, Train Loss: 0.3446, Validation Loss: 0.2969
Epoch 953/1000, Train Loss: 0.3406, Validation Loss: 0.3646
Epoch 954/1000, Train Loss: 0.3426, Validation Loss: 0.4335
Epoch 955/1000, Train Loss: 0.3464, Validation Loss: 0.6234
Epoch 956/1000, Train Loss: 0.3440, Validation Loss: 1.0507
Epoch 957/1000, Train Loss: 0.3468, Validation Loss: 0.4810
Epoch 958/1000, Train Loss: 0.3451, Validation Loss: 0.3843
Epoch 959/1000, Train Loss: 0.3461, Validation Loss: 0.3647
Epoch 960/1000, Train Loss: 0.3434, Validation Loss: 0.3344
Epoch 961/1000, Train Loss: 0.3515, Validation Loss: 0.3641
Epoch 962/1000, Train Loss: 0.3450, Validation Loss: 0.3868
Epoch 963/1000, Train Loss: 0.3442, Validation Loss: 0.3743
Epoch 964/1000, Train Loss: 0.3471, Validation Loss: 0.3380
Epoch 965/1000, Train Loss: 0.3487, Validation Loss: 0.3648
Epoch 966/1000, Train Loss: 0.3514, Validation Loss: 0.3151
Epoch 967/1000, Train Loss: 0.3436, Validation Loss: 0.3783
Epoch 968/1000, Train Loss: 0.3533, Validation Loss: 0.4423
Epoch 969/1000, Train Loss: 0.3476, Validation Loss: 0.6441
Epoch 970/1000, Train Loss: 0.3437, Validation Loss: 0.3590
Epoch 971/1000, Train Loss: 0.3494, Validation Loss: 0.6275
Epoch 972/1000, Train Loss: 0.3485, Validation Loss: 0.4736
Epoch 973/1000, Train Loss: 0.3499, Validation Loss: 0.7027
Epoch 974/1000, Train Loss: 0.3501, Validation Loss: 0.5254
Epoch 975/1000, Train Loss: 0.3482, Validation Loss: 0.3061
Epoch 976/1000, Train Loss: 0.3511, Validation Loss: 0.4995
Epoch 977/1000, Train Loss: 0.3471, Validation Loss: 0.7284
Epoch 978/1000, Train Loss: 0.3475, Validation Loss: 0.4893
Epoch 979/1000, Train Loss: 0.3532, Validation Loss: 0.8044
Epoch 980/1000, Train Loss: 0.3480, Validation Loss: 0.4679
Epoch 981/1000, Train Loss: 0.3426, Validation Loss: 0.5761
Epoch 982/1000, Train Loss: 0.3440, Validation Loss: 0.3327
Epoch 983/1000, Train Loss: 0.3524, Validation Loss: 0.6030
Epoch 984/1000, Train Loss: 0.3468, Validation Loss: 0.3773
Epoch 985/1000, Train Loss: 0.3411, Validation Loss: 0.4027
Epoch 986/1000, Train Loss: 0.3462, Validation Loss: 0.4210
Epoch 987/1000, Train Loss: 0.3466, Validation Loss: 0.4022
Epoch 988/1000, Train Loss: 0.3431, Validation Loss: 0.4885
Epoch 989/1000, Train Loss: 0.3412, Validation Loss: 0.3305
Epoch 990/1000, Train Loss: 0.3479, Validation Loss: 0.7106
Epoch 991/1000, Train Loss: 0.3417, Validation Loss: 0.4372
Epoch 992/1000, Train Loss: 0.3487, Validation Loss: 0.3402
Epoch 993/1000, Train Loss: 0.3464, Validation Loss: 0.7196
Epoch 994/1000, Train Loss: 0.3452, Validation Loss: 0.7127
Epoch 995/1000, Train Loss: 0.3458, Validation Loss: 0.3189
Epoch 996/1000, Train Loss: 0.3426, Validation Loss: 0.3278
Epoch 997/1000, Train Loss: 0.3407, Validation Loss: 0.4225
Epoch 998/1000, Train Loss: 0.3484, Validation Loss: 0.3506
Epoch 999/1000, Train Loss: 0.3410, Validation Loss: 0.8601
Epoch 1000/1000, Train Loss: 0.3403, Validation Loss: 0.4693
Best Training Loss: 0.3372
Best Training Loss Epoch: 915
Best Validation Loss: 0.2931
Best Validation Loss Epoch: 914
Time taken for training: 0-17:54:40
Test Loss: 0.3060
Test MAPE: 3346.5806%
Error Statistics:
count    4.127200e+04
mean     2.079264e+03
std      3.541283e+05
min      7.987022e-06
25%      1.325063e-01
50%      1.258046e+00
75%      1.669032e+01
max      7.193331e+07
Name: Absolute Error, dtype: float64
Training complete. Final model saved.
Saving model as a wandb Artifact...
Model artifact logged successfully.
[1;34mwandb[0m: 
[1;34mwandb[0m: 🚀 View run [33mlaced-sweep-6[0m at: [34mhttps://wandb.ai/mk8737-new-york-university/rl_pretrain_hp_sweeps/runs/ga5zpkye[0m
[1;34mwandb[0m: Find logs at: [1;35mwandb/run-20251126_203655-ga5zpkye/logs[0m
Agent finished.
