Waiting for sweep ID...
Found Sweep ID: dos27rz7
Starting wandb agent for sweep dos27rz7...
TRAINING DEVICE: cpu
Run Name: GIN_global_hp_sweep_global_dos27rz7-1vzxdlfa
finidhed preparing data
Loading dataset from pretrain_dataset_12.5k_fixed_duplicates.pkl
Loaded 412712 data objects.
finished preparing data
Epoch 1/1000, Train Loss: 1.8346, Validation Loss: 2.3804
Epoch 2/1000, Train Loss: 1.3561, Validation Loss: 1.9871
Epoch 3/1000, Train Loss: 1.2516, Validation Loss: 1.8503
Epoch 4/1000, Train Loss: 1.2039, Validation Loss: 2.3773
Epoch 5/1000, Train Loss: 1.1186, Validation Loss: 1.1802
Epoch 6/1000, Train Loss: 1.0557, Validation Loss: 1.4940
Epoch 7/1000, Train Loss: 1.0212, Validation Loss: 2.0145
Epoch 8/1000, Train Loss: 1.0028, Validation Loss: 1.7655
Epoch 9/1000, Train Loss: 0.9427, Validation Loss: 1.1072
Epoch 10/1000, Train Loss: 0.9130, Validation Loss: 1.6006
Epoch 11/1000, Train Loss: 0.9130, Validation Loss: 2.1639
Epoch 12/1000, Train Loss: 0.8647, Validation Loss: 1.1393
Epoch 13/1000, Train Loss: 0.8458, Validation Loss: 1.1153
Epoch 14/1000, Train Loss: 0.8398, Validation Loss: 1.1738
Epoch 15/1000, Train Loss: 0.8166, Validation Loss: 1.0917
Epoch 16/1000, Train Loss: 0.7963, Validation Loss: 1.1096
Epoch 17/1000, Train Loss: 0.8327, Validation Loss: 0.9049
Epoch 18/1000, Train Loss: 0.7963, Validation Loss: 1.6760
Epoch 19/1000, Train Loss: 0.8040, Validation Loss: 2.1022
Epoch 20/1000, Train Loss: 0.7551, Validation Loss: 3.0052
Epoch 21/1000, Train Loss: 0.7514, Validation Loss: 0.7328
Epoch 22/1000, Train Loss: 0.7418, Validation Loss: 0.7716
Epoch 23/1000, Train Loss: 0.7189, Validation Loss: 1.9751
Epoch 24/1000, Train Loss: 0.6992, Validation Loss: 0.7278
Epoch 25/1000, Train Loss: 0.6793, Validation Loss: 0.6708
Epoch 26/1000, Train Loss: 0.6872, Validation Loss: 1.3578
Epoch 27/1000, Train Loss: 0.6786, Validation Loss: 1.8546
Epoch 28/1000, Train Loss: 0.6750, Validation Loss: 2.0653
Epoch 29/1000, Train Loss: 0.6732, Validation Loss: 1.2191
Epoch 30/1000, Train Loss: 0.6496, Validation Loss: 1.5626
Epoch 31/1000, Train Loss: 0.6324, Validation Loss: 1.1955
Epoch 32/1000, Train Loss: 0.6528, Validation Loss: 1.4707
Epoch 33/1000, Train Loss: 0.6128, Validation Loss: 0.7357
Epoch 34/1000, Train Loss: 0.6181, Validation Loss: 0.6872
Epoch 35/1000, Train Loss: 0.6133, Validation Loss: 0.6944
Epoch 36/1000, Train Loss: 0.6045, Validation Loss: 2.5595
Epoch 37/1000, Train Loss: 0.6053, Validation Loss: 0.8418
Epoch 38/1000, Train Loss: 0.5873, Validation Loss: 1.1868
Epoch 39/1000, Train Loss: 0.5906, Validation Loss: 1.2334
Epoch 40/1000, Train Loss: 0.5917, Validation Loss: 0.5675
Epoch 41/1000, Train Loss: 0.5950, Validation Loss: 0.5640
Epoch 42/1000, Train Loss: 0.5817, Validation Loss: 2.4030
Epoch 43/1000, Train Loss: 0.5728, Validation Loss: 1.7917
Epoch 44/1000, Train Loss: 0.5730, Validation Loss: 0.9773
Epoch 45/1000, Train Loss: 0.5683, Validation Loss: 0.7755
Epoch 46/1000, Train Loss: 0.5672, Validation Loss: 0.7490
Epoch 47/1000, Train Loss: 0.5648, Validation Loss: 1.0828
Epoch 48/1000, Train Loss: 0.5572, Validation Loss: 0.8327
Epoch 49/1000, Train Loss: 0.5541, Validation Loss: 0.8006
Epoch 50/1000, Train Loss: 0.5489, Validation Loss: 1.6286
Epoch 51/1000, Train Loss: 0.5486, Validation Loss: 0.7476
Epoch 52/1000, Train Loss: 0.5491, Validation Loss: 0.8273
Epoch 53/1000, Train Loss: 0.5447, Validation Loss: 0.6087
Epoch 54/1000, Train Loss: 0.5283, Validation Loss: 0.5090
Epoch 55/1000, Train Loss: 0.5442, Validation Loss: 0.7669
Epoch 56/1000, Train Loss: 0.5311, Validation Loss: 0.9082
Epoch 57/1000, Train Loss: 0.5300, Validation Loss: 0.9810
Epoch 58/1000, Train Loss: 0.5273, Validation Loss: 0.5943
Epoch 59/1000, Train Loss: 0.5243, Validation Loss: 0.5947
Epoch 60/1000, Train Loss: 0.5186, Validation Loss: 0.7544
Epoch 61/1000, Train Loss: 0.5216, Validation Loss: 0.6733
Epoch 62/1000, Train Loss: 0.5118, Validation Loss: 0.9271
Epoch 63/1000, Train Loss: 0.5064, Validation Loss: 1.2618
Epoch 64/1000, Train Loss: 0.5110, Validation Loss: 0.6894
Epoch 65/1000, Train Loss: 0.5086, Validation Loss: 0.8303
Epoch 66/1000, Train Loss: 0.5081, Validation Loss: 0.6804
Epoch 67/1000, Train Loss: 0.5045, Validation Loss: 0.5162
Epoch 68/1000, Train Loss: 0.4996, Validation Loss: 0.5521
Epoch 69/1000, Train Loss: 0.5067, Validation Loss: 0.7738
Epoch 70/1000, Train Loss: 0.5044, Validation Loss: 0.6029
Epoch 71/1000, Train Loss: 0.4947, Validation Loss: 1.5081
Epoch 72/1000, Train Loss: 0.4896, Validation Loss: 1.3742
Epoch 73/1000, Train Loss: 0.4971, Validation Loss: 0.8419
Epoch 74/1000, Train Loss: 0.4946, Validation Loss: 1.3011
Epoch 75/1000, Train Loss: 0.4973, Validation Loss: 0.6929
Epoch 76/1000, Train Loss: 0.4884, Validation Loss: 0.8141
Epoch 77/1000, Train Loss: 0.4889, Validation Loss: 0.5547
Epoch 78/1000, Train Loss: 0.4928, Validation Loss: 0.5479
Epoch 79/1000, Train Loss: 0.4828, Validation Loss: 0.6537
Epoch 80/1000, Train Loss: 0.4808, Validation Loss: 0.6858
Epoch 81/1000, Train Loss: 0.4814, Validation Loss: 0.5231
Epoch 82/1000, Train Loss: 0.4784, Validation Loss: 0.4766
Epoch 83/1000, Train Loss: 0.4710, Validation Loss: 2.2090
Epoch 84/1000, Train Loss: 0.4723, Validation Loss: 0.6338
Epoch 85/1000, Train Loss: 0.4747, Validation Loss: 1.1895
Epoch 86/1000, Train Loss: 0.4825, Validation Loss: 0.4503
Epoch 87/1000, Train Loss: 0.4791, Validation Loss: 0.7396
Epoch 88/1000, Train Loss: 0.4718, Validation Loss: 1.0452
Epoch 89/1000, Train Loss: 0.4677, Validation Loss: 0.7774
Epoch 90/1000, Train Loss: 0.4680, Validation Loss: 1.1814
Epoch 91/1000, Train Loss: 0.4741, Validation Loss: 0.6909
Epoch 92/1000, Train Loss: 0.4654, Validation Loss: 1.0454
Epoch 93/1000, Train Loss: 0.4671, Validation Loss: 0.5114
Epoch 94/1000, Train Loss: 0.4607, Validation Loss: 1.0719
Epoch 95/1000, Train Loss: 0.4612, Validation Loss: 0.7400
Epoch 96/1000, Train Loss: 0.4587, Validation Loss: 0.9065
Epoch 97/1000, Train Loss: 0.4611, Validation Loss: 1.2166
Epoch 98/1000, Train Loss: 0.4629, Validation Loss: 0.7735
Epoch 99/1000, Train Loss: 0.4694, Validation Loss: 1.1978
Epoch 100/1000, Train Loss: 0.4569, Validation Loss: 0.6048
Epoch 101/1000, Train Loss: 0.4538, Validation Loss: 0.9481
Epoch 102/1000, Train Loss: 0.4571, Validation Loss: 0.4253
Epoch 103/1000, Train Loss: 0.4494, Validation Loss: 0.5428
Epoch 104/1000, Train Loss: 0.4522, Validation Loss: 0.6189
Epoch 105/1000, Train Loss: 0.4491, Validation Loss: 1.1911
Epoch 106/1000, Train Loss: 0.4431, Validation Loss: 0.5187
Epoch 107/1000, Train Loss: 0.4467, Validation Loss: 1.2952
Epoch 108/1000, Train Loss: 0.4536, Validation Loss: 0.9839
Epoch 109/1000, Train Loss: 0.4485, Validation Loss: 0.9670
Epoch 110/1000, Train Loss: 0.4428, Validation Loss: 0.5747
Epoch 111/1000, Train Loss: 0.4524, Validation Loss: 1.1682
Epoch 112/1000, Train Loss: 0.4484, Validation Loss: 0.6901
Epoch 113/1000, Train Loss: 0.4406, Validation Loss: 1.3390
Epoch 114/1000, Train Loss: 0.4429, Validation Loss: 1.2330
Epoch 115/1000, Train Loss: 0.4436, Validation Loss: 0.5894
Epoch 116/1000, Train Loss: 0.4434, Validation Loss: 0.8190
Epoch 117/1000, Train Loss: 0.4445, Validation Loss: 1.0685
Epoch 118/1000, Train Loss: 0.4419, Validation Loss: 0.4030
Epoch 119/1000, Train Loss: 0.4395, Validation Loss: 0.4631
Epoch 120/1000, Train Loss: 0.4412, Validation Loss: 0.5183
Epoch 121/1000, Train Loss: 0.4371, Validation Loss: 1.3661
Epoch 122/1000, Train Loss: 0.4282, Validation Loss: 0.6874
Epoch 123/1000, Train Loss: 0.4320, Validation Loss: 0.4983
Epoch 124/1000, Train Loss: 0.4394, Validation Loss: 0.7785
Epoch 125/1000, Train Loss: 0.4316, Validation Loss: 0.5122
Epoch 126/1000, Train Loss: 0.4323, Validation Loss: 0.7218
Epoch 127/1000, Train Loss: 0.4287, Validation Loss: 0.4881
Epoch 128/1000, Train Loss: 0.4303, Validation Loss: 0.4732
Epoch 129/1000, Train Loss: 0.4287, Validation Loss: 0.9027
Epoch 130/1000, Train Loss: 0.4274, Validation Loss: 0.5066
Epoch 131/1000, Train Loss: 0.4323, Validation Loss: 0.4772
Epoch 132/1000, Train Loss: 0.4254, Validation Loss: 0.4529
Epoch 133/1000, Train Loss: 0.4290, Validation Loss: 0.7405
Epoch 134/1000, Train Loss: 0.4212, Validation Loss: 0.4375
Epoch 135/1000, Train Loss: 0.4225, Validation Loss: 0.8045
Epoch 136/1000, Train Loss: 0.4299, Validation Loss: 0.9593
Epoch 137/1000, Train Loss: 0.4187, Validation Loss: 0.8850
Epoch 138/1000, Train Loss: 0.4274, Validation Loss: 0.8353
Epoch 139/1000, Train Loss: 0.4238, Validation Loss: 0.5281
Epoch 140/1000, Train Loss: 0.4215, Validation Loss: 0.3905
Epoch 141/1000, Train Loss: 0.4188, Validation Loss: 0.5442
Epoch 142/1000, Train Loss: 0.4263, Validation Loss: 1.3218
Epoch 143/1000, Train Loss: 0.4185, Validation Loss: 0.6939
Epoch 144/1000, Train Loss: 0.4160, Validation Loss: 0.6296
Epoch 145/1000, Train Loss: 0.4186, Validation Loss: 0.6606
Epoch 146/1000, Train Loss: 0.4188, Validation Loss: 0.4628
Epoch 147/1000, Train Loss: 0.4167, Validation Loss: 0.4859
Epoch 148/1000, Train Loss: 0.4178, Validation Loss: 0.4471
Epoch 149/1000, Train Loss: 0.4190, Validation Loss: 0.6719
Epoch 150/1000, Train Loss: 0.4086, Validation Loss: 0.5624
Epoch 151/1000, Train Loss: 0.4144, Validation Loss: 0.5111
Epoch 152/1000, Train Loss: 0.4111, Validation Loss: 0.7170
Epoch 153/1000, Train Loss: 0.4131, Validation Loss: 0.4683
Epoch 154/1000, Train Loss: 0.4134, Validation Loss: 0.4767
Epoch 155/1000, Train Loss: 0.4089, Validation Loss: 0.6380
Epoch 156/1000, Train Loss: 0.4204, Validation Loss: 0.4456
Epoch 157/1000, Train Loss: 0.4104, Validation Loss: 1.1946
Epoch 158/1000, Train Loss: 0.4160, Validation Loss: 0.6400
Epoch 159/1000, Train Loss: 0.4137, Validation Loss: 0.6257
Epoch 160/1000, Train Loss: 0.4072, Validation Loss: 0.5896
Epoch 161/1000, Train Loss: 0.4039, Validation Loss: 1.3941
Epoch 162/1000, Train Loss: 0.4146, Validation Loss: 0.4787
Epoch 163/1000, Train Loss: 0.4054, Validation Loss: 0.4577
Epoch 164/1000, Train Loss: 0.4082, Validation Loss: 0.9016
Epoch 165/1000, Train Loss: 0.4105, Validation Loss: 3.0719
Epoch 166/1000, Train Loss: 0.4073, Validation Loss: 0.6276
Epoch 167/1000, Train Loss: 0.4073, Validation Loss: 0.5825
Epoch 168/1000, Train Loss: 0.4050, Validation Loss: 0.4438
Epoch 169/1000, Train Loss: 0.3976, Validation Loss: 0.8844
Epoch 170/1000, Train Loss: 0.4016, Validation Loss: 0.7529
Epoch 171/1000, Train Loss: 0.4044, Validation Loss: 0.9747
Epoch 172/1000, Train Loss: 0.4049, Validation Loss: 0.3716
Epoch 173/1000, Train Loss: 0.4059, Validation Loss: 0.3808
Epoch 174/1000, Train Loss: 0.3983, Validation Loss: 0.5482
Epoch 175/1000, Train Loss: 0.4014, Validation Loss: 0.4559
Epoch 176/1000, Train Loss: 0.4061, Validation Loss: 0.4434
Epoch 177/1000, Train Loss: 0.4027, Validation Loss: 0.6089
Epoch 178/1000, Train Loss: 0.4013, Validation Loss: 0.8718
Epoch 179/1000, Train Loss: 0.4015, Validation Loss: 0.7043
Epoch 180/1000, Train Loss: 0.4057, Validation Loss: 0.6688
Epoch 181/1000, Train Loss: 0.4010, Validation Loss: 0.7381
Epoch 182/1000, Train Loss: 0.4002, Validation Loss: 0.4581
Epoch 183/1000, Train Loss: 0.3998, Validation Loss: 0.7310
Epoch 184/1000, Train Loss: 0.3983, Validation Loss: 0.4008
Epoch 185/1000, Train Loss: 0.3973, Validation Loss: 0.4109
Epoch 186/1000, Train Loss: 0.3990, Validation Loss: 0.6553
Epoch 187/1000, Train Loss: 0.4036, Validation Loss: 0.5258
Epoch 188/1000, Train Loss: 0.4006, Validation Loss: 1.1215
Epoch 189/1000, Train Loss: 0.3944, Validation Loss: 0.4231
Epoch 190/1000, Train Loss: 0.3958, Validation Loss: 0.6593
Epoch 191/1000, Train Loss: 0.3954, Validation Loss: 0.5392
Epoch 192/1000, Train Loss: 0.3964, Validation Loss: 0.7810
Epoch 193/1000, Train Loss: 0.3973, Validation Loss: 0.4137
Epoch 194/1000, Train Loss: 0.3959, Validation Loss: 0.5297
Epoch 195/1000, Train Loss: 0.3957, Validation Loss: 0.4763
Epoch 196/1000, Train Loss: 0.3965, Validation Loss: 0.4348
Epoch 197/1000, Train Loss: 0.3930, Validation Loss: 0.7223
Epoch 198/1000, Train Loss: 0.3925, Validation Loss: 0.4823
Epoch 199/1000, Train Loss: 0.3895, Validation Loss: 0.4410
Epoch 200/1000, Train Loss: 0.3963, Validation Loss: 0.5111
Epoch 201/1000, Train Loss: 0.3959, Validation Loss: 0.3970
Epoch 202/1000, Train Loss: 0.3993, Validation Loss: 0.5819
Epoch 203/1000, Train Loss: 0.3903, Validation Loss: 0.4394
Epoch 204/1000, Train Loss: 0.3897, Validation Loss: 0.5081
Epoch 205/1000, Train Loss: 0.3930, Validation Loss: 0.6926
Epoch 206/1000, Train Loss: 0.3957, Validation Loss: 0.5194
Epoch 207/1000, Train Loss: 0.3951, Validation Loss: 0.4332
Epoch 208/1000, Train Loss: 0.3897, Validation Loss: 0.4495
Epoch 209/1000, Train Loss: 0.3916, Validation Loss: 0.4595
Epoch 210/1000, Train Loss: 0.3920, Validation Loss: 0.5935
Epoch 211/1000, Train Loss: 0.3940, Validation Loss: 0.4468
Epoch 212/1000, Train Loss: 0.3873, Validation Loss: 0.4020
Epoch 213/1000, Train Loss: 0.3881, Validation Loss: 0.9053
Epoch 214/1000, Train Loss: 0.3882, Validation Loss: 0.3867
Epoch 215/1000, Train Loss: 0.3880, Validation Loss: 0.6549
Epoch 216/1000, Train Loss: 0.3905, Validation Loss: 0.4968
Epoch 217/1000, Train Loss: 0.3894, Validation Loss: 4.3015
Epoch 218/1000, Train Loss: 0.3838, Validation Loss: 0.7837
Epoch 219/1000, Train Loss: 0.3926, Validation Loss: 0.9780
Epoch 220/1000, Train Loss: 0.3851, Validation Loss: 0.3597
Epoch 221/1000, Train Loss: 0.3801, Validation Loss: 0.5612
Epoch 222/1000, Train Loss: 0.3898, Validation Loss: 0.8073
Epoch 223/1000, Train Loss: 0.3842, Validation Loss: 0.4512
Epoch 224/1000, Train Loss: 0.3833, Validation Loss: 0.4475
Epoch 225/1000, Train Loss: 0.3879, Validation Loss: 0.4425
Epoch 226/1000, Train Loss: 0.3806, Validation Loss: 0.4968
Epoch 227/1000, Train Loss: 0.3854, Validation Loss: 0.4518
Epoch 228/1000, Train Loss: 0.3892, Validation Loss: 0.5280
Epoch 229/1000, Train Loss: 0.3881, Validation Loss: 0.5712
Epoch 230/1000, Train Loss: 0.3870, Validation Loss: 1.3571
Epoch 231/1000, Train Loss: 0.3830, Validation Loss: 1.2888
Epoch 232/1000, Train Loss: 0.3828, Validation Loss: 0.4038
Epoch 233/1000, Train Loss: 0.3909, Validation Loss: 3.2642
Epoch 234/1000, Train Loss: 0.3864, Validation Loss: 0.4849
Epoch 235/1000, Train Loss: 0.3849, Validation Loss: 0.4930
Epoch 236/1000, Train Loss: 0.3839, Validation Loss: 0.5388
Epoch 237/1000, Train Loss: 0.3842, Validation Loss: 0.6670
Epoch 238/1000, Train Loss: 0.3847, Validation Loss: 0.4503
Epoch 239/1000, Train Loss: 0.3825, Validation Loss: 0.5430
Epoch 240/1000, Train Loss: 0.3806, Validation Loss: 0.4936
Epoch 241/1000, Train Loss: 0.3827, Validation Loss: 0.5594
Epoch 242/1000, Train Loss: 0.3833, Validation Loss: 0.4034
Epoch 243/1000, Train Loss: 0.3836, Validation Loss: 0.4489
Epoch 244/1000, Train Loss: 0.3789, Validation Loss: 0.5202
Epoch 245/1000, Train Loss: 0.3777, Validation Loss: 0.9191
Epoch 246/1000, Train Loss: 0.3792, Validation Loss: 0.7191
Epoch 247/1000, Train Loss: 0.3771, Validation Loss: 0.6403
Epoch 248/1000, Train Loss: 0.3780, Validation Loss: 0.7154
Epoch 249/1000, Train Loss: 0.3847, Validation Loss: 0.5558
Epoch 250/1000, Train Loss: 0.3781, Validation Loss: 0.5696
Epoch 251/1000, Train Loss: 0.3781, Validation Loss: 0.5964
Epoch 252/1000, Train Loss: 0.3804, Validation Loss: 0.5255
Epoch 253/1000, Train Loss: 0.3794, Validation Loss: 0.8378
Epoch 254/1000, Train Loss: 0.3806, Validation Loss: 0.4846
Epoch 255/1000, Train Loss: 0.3800, Validation Loss: 0.5225
Epoch 256/1000, Train Loss: 0.3738, Validation Loss: 0.4217
Epoch 257/1000, Train Loss: 0.3814, Validation Loss: 0.4966
Epoch 258/1000, Train Loss: 0.3747, Validation Loss: 0.4753
Epoch 259/1000, Train Loss: 0.3780, Validation Loss: 1.3331
Epoch 260/1000, Train Loss: 0.3782, Validation Loss: 0.4308
Epoch 261/1000, Train Loss: 0.3795, Validation Loss: 0.6589
Epoch 262/1000, Train Loss: 0.3776, Validation Loss: 0.7855
Epoch 263/1000, Train Loss: 0.3747, Validation Loss: 0.3531
Epoch 264/1000, Train Loss: 0.3712, Validation Loss: 0.3486
Epoch 265/1000, Train Loss: 0.3736, Validation Loss: 0.5761
Epoch 266/1000, Train Loss: 0.3757, Validation Loss: 0.5475
Epoch 267/1000, Train Loss: 0.3742, Validation Loss: 0.5374
Epoch 268/1000, Train Loss: 0.3759, Validation Loss: 0.3860
Epoch 269/1000, Train Loss: 0.3728, Validation Loss: 0.4479
Epoch 270/1000, Train Loss: 0.3763, Validation Loss: 0.3673
Epoch 271/1000, Train Loss: 0.3769, Validation Loss: 0.3469
Epoch 272/1000, Train Loss: 0.3711, Validation Loss: 0.8741
Epoch 273/1000, Train Loss: 0.3771, Validation Loss: 0.5943
Epoch 274/1000, Train Loss: 0.3715, Validation Loss: 0.7580
Epoch 275/1000, Train Loss: 0.3746, Validation Loss: 0.6280
Epoch 276/1000, Train Loss: 0.3709, Validation Loss: 0.5518
Epoch 277/1000, Train Loss: 0.3759, Validation Loss: 1.7776
Epoch 278/1000, Train Loss: 0.3730, Validation Loss: 0.5564
Epoch 279/1000, Train Loss: 0.3716, Validation Loss: 0.5776
Epoch 280/1000, Train Loss: 0.3717, Validation Loss: 0.7637
Epoch 281/1000, Train Loss: 0.3695, Validation Loss: 0.5731
Epoch 282/1000, Train Loss: 0.3725, Validation Loss: 0.8069
Epoch 283/1000, Train Loss: 0.3739, Validation Loss: 0.4270
Epoch 284/1000, Train Loss: 0.3704, Validation Loss: 0.6373
Epoch 285/1000, Train Loss: 0.3713, Validation Loss: 0.7634
Epoch 286/1000, Train Loss: 0.3662, Validation Loss: 0.4144
Epoch 287/1000, Train Loss: 0.3699, Validation Loss: 0.3727
Epoch 288/1000, Train Loss: 0.3729, Validation Loss: 0.6367
Epoch 289/1000, Train Loss: 0.3742, Validation Loss: 0.5659
Epoch 290/1000, Train Loss: 0.3674, Validation Loss: 0.4600
Epoch 291/1000, Train Loss: 0.3678, Validation Loss: 0.4211
Epoch 292/1000, Train Loss: 0.3744, Validation Loss: 1.2088
Epoch 293/1000, Train Loss: 0.3753, Validation Loss: 0.7088
Epoch 294/1000, Train Loss: 0.3683, Validation Loss: 0.5302
Epoch 295/1000, Train Loss: 0.3665, Validation Loss: 0.6994
Epoch 296/1000, Train Loss: 0.3679, Validation Loss: 0.9701
Epoch 297/1000, Train Loss: 0.3686, Validation Loss: 0.6038
Epoch 298/1000, Train Loss: 0.3682, Validation Loss: 0.4819
Epoch 299/1000, Train Loss: 0.3708, Validation Loss: 0.6740
Epoch 300/1000, Train Loss: 0.3733, Validation Loss: 1.0040
Epoch 301/1000, Train Loss: 0.3710, Validation Loss: 0.6430
Epoch 302/1000, Train Loss: 0.3672, Validation Loss: 0.6512
Epoch 303/1000, Train Loss: 0.3726, Validation Loss: 0.8513
Epoch 304/1000, Train Loss: 0.3695, Validation Loss: 0.6318
Epoch 305/1000, Train Loss: 0.3698, Validation Loss: 0.5658
Epoch 306/1000, Train Loss: 0.3722, Validation Loss: 0.6743
Epoch 307/1000, Train Loss: 0.3643, Validation Loss: 0.7631
Epoch 308/1000, Train Loss: 0.3623, Validation Loss: 0.4218
Epoch 309/1000, Train Loss: 0.3701, Validation Loss: 0.5150
Epoch 310/1000, Train Loss: 0.3711, Validation Loss: 0.4625
Epoch 311/1000, Train Loss: 0.3689, Validation Loss: 0.4903
Epoch 312/1000, Train Loss: 0.3705, Validation Loss: 0.5069
Epoch 313/1000, Train Loss: 0.3661, Validation Loss: 0.4934
Epoch 314/1000, Train Loss: 0.3630, Validation Loss: 0.4245
Epoch 315/1000, Train Loss: 0.3664, Validation Loss: 0.5134
Epoch 316/1000, Train Loss: 0.3707, Validation Loss: 0.4897
Epoch 317/1000, Train Loss: 0.3753, Validation Loss: 0.6058
Epoch 318/1000, Train Loss: 0.3656, Validation Loss: 0.7898
Epoch 319/1000, Train Loss: 0.3679, Validation Loss: 0.5098
Epoch 320/1000, Train Loss: 0.3690, Validation Loss: 0.4467
Epoch 321/1000, Train Loss: 0.3689, Validation Loss: 0.6038
Epoch 322/1000, Train Loss: 0.3660, Validation Loss: 0.4298
Epoch 323/1000, Train Loss: 0.3676, Validation Loss: 0.5658
Epoch 324/1000, Train Loss: 0.3627, Validation Loss: 0.4722
Epoch 325/1000, Train Loss: 0.3697, Validation Loss: 0.4075
Epoch 326/1000, Train Loss: 0.3710, Validation Loss: 0.7284
Epoch 327/1000, Train Loss: 0.3668, Validation Loss: 0.7499
Epoch 328/1000, Train Loss: 0.3665, Validation Loss: 0.5497
Epoch 329/1000, Train Loss: 0.3676, Validation Loss: 0.5301
Epoch 330/1000, Train Loss: 0.3675, Validation Loss: 0.4323
Epoch 331/1000, Train Loss: 0.3668, Validation Loss: 0.5688
Epoch 332/1000, Train Loss: 0.3643, Validation Loss: 0.4769
Epoch 333/1000, Train Loss: 0.3675, Validation Loss: 0.8155
Epoch 334/1000, Train Loss: 0.3632, Validation Loss: 0.4950
Epoch 335/1000, Train Loss: 0.3646, Validation Loss: 0.4113
Epoch 336/1000, Train Loss: 0.3689, Validation Loss: 0.4059
Epoch 337/1000, Train Loss: 0.3650, Validation Loss: 0.7607
Epoch 338/1000, Train Loss: 0.3641, Validation Loss: 0.4702
Epoch 339/1000, Train Loss: 0.3642, Validation Loss: 0.6996
Epoch 340/1000, Train Loss: 0.3608, Validation Loss: 0.8752
Epoch 341/1000, Train Loss: 0.3643, Validation Loss: 0.3831
Epoch 342/1000, Train Loss: 0.3644, Validation Loss: 1.4006
Epoch 343/1000, Train Loss: 0.3630, Validation Loss: 0.4966
Epoch 344/1000, Train Loss: 0.3638, Validation Loss: 1.4488
Epoch 345/1000, Train Loss: 0.3637, Validation Loss: 0.5586
Epoch 346/1000, Train Loss: 0.3646, Validation Loss: 0.5024
Epoch 347/1000, Train Loss: 0.3620, Validation Loss: 0.5657
Epoch 348/1000, Train Loss: 0.3617, Validation Loss: 0.3643
Epoch 349/1000, Train Loss: 0.3706, Validation Loss: 0.6745
Epoch 350/1000, Train Loss: 0.3625, Validation Loss: 0.6077
Epoch 351/1000, Train Loss: 0.3588, Validation Loss: 0.4720
Epoch 352/1000, Train Loss: 0.3611, Validation Loss: 0.4215
Epoch 353/1000, Train Loss: 0.3633, Validation Loss: 0.4142
Epoch 354/1000, Train Loss: 0.3631, Validation Loss: 0.3944
Epoch 355/1000, Train Loss: 0.3633, Validation Loss: 0.4158
Epoch 356/1000, Train Loss: 0.3674, Validation Loss: 0.4701
Epoch 357/1000, Train Loss: 0.3619, Validation Loss: 0.5729
Epoch 358/1000, Train Loss: 0.3603, Validation Loss: 0.6770
Epoch 359/1000, Train Loss: 0.3616, Validation Loss: 1.5047
Epoch 360/1000, Train Loss: 0.3605, Validation Loss: 0.3864
Epoch 361/1000, Train Loss: 0.3648, Validation Loss: 0.4921
Epoch 362/1000, Train Loss: 0.3623, Validation Loss: 0.5694
Epoch 363/1000, Train Loss: 0.3577, Validation Loss: 0.4179
Epoch 364/1000, Train Loss: 0.3648, Validation Loss: 0.5312
Epoch 365/1000, Train Loss: 0.3607, Validation Loss: 0.5503
Epoch 366/1000, Train Loss: 0.3604, Validation Loss: 0.4497
Epoch 367/1000, Train Loss: 0.3641, Validation Loss: 0.4382
Epoch 368/1000, Train Loss: 0.3569, Validation Loss: 0.6188
Epoch 369/1000, Train Loss: 0.3602, Validation Loss: 0.4889
Epoch 370/1000, Train Loss: 0.3641, Validation Loss: 0.3795
Epoch 371/1000, Train Loss: 0.3604, Validation Loss: 0.3682
Epoch 372/1000, Train Loss: 0.3657, Validation Loss: 0.4605
Epoch 373/1000, Train Loss: 0.3591, Validation Loss: 0.4749
Epoch 374/1000, Train Loss: 0.3633, Validation Loss: 0.4939
Epoch 375/1000, Train Loss: 0.3696, Validation Loss: 0.4959
Epoch 376/1000, Train Loss: 0.3639, Validation Loss: 0.4709
Epoch 377/1000, Train Loss: 0.3572, Validation Loss: 0.3636
Epoch 378/1000, Train Loss: 0.3641, Validation Loss: 0.5848
Epoch 379/1000, Train Loss: 0.3580, Validation Loss: 0.3786
Epoch 380/1000, Train Loss: 0.3574, Validation Loss: 0.5167
Epoch 381/1000, Train Loss: 0.3584, Validation Loss: 1.0731
Epoch 382/1000, Train Loss: 0.3615, Validation Loss: 0.5313
Epoch 383/1000, Train Loss: 0.3600, Validation Loss: 1.1110
Epoch 384/1000, Train Loss: 0.3607, Validation Loss: 0.4339
Epoch 385/1000, Train Loss: 0.3598, Validation Loss: 0.3647
Epoch 386/1000, Train Loss: 0.3573, Validation Loss: 0.6378
Epoch 387/1000, Train Loss: 0.3570, Validation Loss: 0.5820
Epoch 388/1000, Train Loss: 0.3551, Validation Loss: 0.5322
Epoch 389/1000, Train Loss: 0.3565, Validation Loss: 0.7839
Epoch 390/1000, Train Loss: 0.3617, Validation Loss: 0.5877
Epoch 391/1000, Train Loss: 0.3551, Validation Loss: 0.4396
Epoch 392/1000, Train Loss: 0.3554, Validation Loss: 0.4572
Epoch 393/1000, Train Loss: 0.3620, Validation Loss: 0.5778
Epoch 394/1000, Train Loss: 0.3589, Validation Loss: 0.4811
Epoch 395/1000, Train Loss: 0.3547, Validation Loss: 0.5119
Epoch 396/1000, Train Loss: 0.3552, Validation Loss: 0.5709
Epoch 397/1000, Train Loss: 0.3560, Validation Loss: 0.4782
Epoch 398/1000, Train Loss: 0.3580, Validation Loss: 1.4028
Epoch 399/1000, Train Loss: 0.3560, Validation Loss: 1.1835
Epoch 400/1000, Train Loss: 0.3597, Validation Loss: 0.6511
Epoch 401/1000, Train Loss: 0.3566, Validation Loss: 0.6435
Epoch 402/1000, Train Loss: 0.3601, Validation Loss: 0.4913
Epoch 403/1000, Train Loss: 0.3576, Validation Loss: 0.6174
Epoch 404/1000, Train Loss: 0.3622, Validation Loss: 0.3810
Epoch 405/1000, Train Loss: 0.3598, Validation Loss: 0.7111
Epoch 406/1000, Train Loss: 0.3595, Validation Loss: 0.8076
Epoch 407/1000, Train Loss: 0.3568, Validation Loss: 0.3888
Epoch 408/1000, Train Loss: 0.3541, Validation Loss: 0.6424
Epoch 409/1000, Train Loss: 0.3655, Validation Loss: 0.4978
Epoch 410/1000, Train Loss: 0.3581, Validation Loss: 0.4303
Epoch 411/1000, Train Loss: 0.3557, Validation Loss: 0.4631
Epoch 412/1000, Train Loss: 0.3593, Validation Loss: 0.4641
Epoch 413/1000, Train Loss: 0.3554, Validation Loss: 0.5243
Epoch 414/1000, Train Loss: 0.3574, Validation Loss: 0.4898
Epoch 415/1000, Train Loss: 0.3568, Validation Loss: 0.3907
Epoch 416/1000, Train Loss: 0.3555, Validation Loss: 0.4485
Epoch 417/1000, Train Loss: 0.3540, Validation Loss: 0.4454
Epoch 418/1000, Train Loss: 0.3536, Validation Loss: 0.9312
Epoch 419/1000, Train Loss: 0.3536, Validation Loss: 0.3752
Epoch 420/1000, Train Loss: 0.3541, Validation Loss: 0.4256
Epoch 421/1000, Train Loss: 0.3572, Validation Loss: 0.3975
Epoch 422/1000, Train Loss: 0.3545, Validation Loss: 0.5136
Epoch 423/1000, Train Loss: 0.3574, Validation Loss: 0.8363
Epoch 424/1000, Train Loss: 0.3555, Validation Loss: 0.3880
Epoch 425/1000, Train Loss: 0.3600, Validation Loss: 0.3840
Epoch 426/1000, Train Loss: 0.3541, Validation Loss: 0.7906
Epoch 427/1000, Train Loss: 0.3564, Validation Loss: 0.3436
Epoch 428/1000, Train Loss: 0.3538, Validation Loss: 0.5006
Epoch 429/1000, Train Loss: 0.3602, Validation Loss: 0.4446
Epoch 430/1000, Train Loss: 0.3556, Validation Loss: 0.3668
Epoch 431/1000, Train Loss: 0.3593, Validation Loss: 1.1197
Epoch 432/1000, Train Loss: 0.3578, Validation Loss: 0.4774
Epoch 433/1000, Train Loss: 0.3560, Validation Loss: 0.6694
Epoch 434/1000, Train Loss: 0.3532, Validation Loss: 0.3935
Epoch 435/1000, Train Loss: 0.3499, Validation Loss: 0.4705
Epoch 436/1000, Train Loss: 0.3563, Validation Loss: 0.7001
Epoch 437/1000, Train Loss: 0.3566, Validation Loss: 0.3656
Epoch 438/1000, Train Loss: 0.3551, Validation Loss: 0.8515
Epoch 439/1000, Train Loss: 0.3541, Validation Loss: 0.5442
Epoch 440/1000, Train Loss: 0.3529, Validation Loss: 0.5854
Epoch 441/1000, Train Loss: 0.3539, Validation Loss: 0.4440
Epoch 442/1000, Train Loss: 0.3596, Validation Loss: 0.3538
Epoch 443/1000, Train Loss: 0.3557, Validation Loss: 0.3800
Epoch 444/1000, Train Loss: 0.3531, Validation Loss: 0.5864
Epoch 445/1000, Train Loss: 0.3574, Validation Loss: 0.3725
Epoch 446/1000, Train Loss: 0.3624, Validation Loss: 0.4355
Epoch 447/1000, Train Loss: 0.3531, Validation Loss: 0.6601
Epoch 448/1000, Train Loss: 0.3516, Validation Loss: 0.7687
Epoch 449/1000, Train Loss: 0.3572, Validation Loss: 0.6970
Epoch 450/1000, Train Loss: 0.3525, Validation Loss: 0.5680
Epoch 451/1000, Train Loss: 0.3595, Validation Loss: 0.4376
Epoch 452/1000, Train Loss: 0.3553, Validation Loss: 0.4577
Epoch 453/1000, Train Loss: 0.3540, Validation Loss: 0.5718
Epoch 454/1000, Train Loss: 0.3593, Validation Loss: 1.0805
Epoch 455/1000, Train Loss: 0.3530, Validation Loss: 0.3923
Epoch 456/1000, Train Loss: 0.3530, Validation Loss: 0.5376
Epoch 457/1000, Train Loss: 0.3537, Validation Loss: 0.3469
Epoch 458/1000, Train Loss: 0.3535, Validation Loss: 0.3605
Epoch 459/1000, Train Loss: 0.3551, Validation Loss: 1.2081
Epoch 460/1000, Train Loss: 0.3563, Validation Loss: 0.8160
Epoch 461/1000, Train Loss: 0.3537, Validation Loss: 0.6137
Epoch 462/1000, Train Loss: 0.3544, Validation Loss: 0.3745
Epoch 463/1000, Train Loss: 0.3544, Validation Loss: 0.4965
Epoch 464/1000, Train Loss: 0.3533, Validation Loss: 0.5539
Epoch 465/1000, Train Loss: 0.3521, Validation Loss: 0.4070
Epoch 466/1000, Train Loss: 0.3499, Validation Loss: 0.3843
Epoch 467/1000, Train Loss: 0.3559, Validation Loss: 0.4918
Epoch 468/1000, Train Loss: 0.3579, Validation Loss: 0.4795
Epoch 469/1000, Train Loss: 0.3531, Validation Loss: 0.6676
Epoch 470/1000, Train Loss: 0.3497, Validation Loss: 0.7550
Epoch 471/1000, Train Loss: 0.3511, Validation Loss: 0.4248
Epoch 472/1000, Train Loss: 0.3505, Validation Loss: 0.8869
Epoch 473/1000, Train Loss: 0.3441, Validation Loss: 0.5897
Epoch 474/1000, Train Loss: 0.3527, Validation Loss: 1.1419
Epoch 475/1000, Train Loss: 0.3564, Validation Loss: 0.3922
Epoch 476/1000, Train Loss: 0.3510, Validation Loss: 1.2791
Epoch 477/1000, Train Loss: 0.3478, Validation Loss: 0.4474
Epoch 478/1000, Train Loss: 0.3513, Validation Loss: 0.4412
Epoch 479/1000, Train Loss: 0.3512, Validation Loss: 0.5060
Epoch 480/1000, Train Loss: 0.3511, Validation Loss: 0.3840
Epoch 481/1000, Train Loss: 0.3490, Validation Loss: 0.7222
Epoch 482/1000, Train Loss: 0.3487, Validation Loss: 0.3401
Epoch 483/1000, Train Loss: 0.3500, Validation Loss: 0.8994
Epoch 484/1000, Train Loss: 0.3516, Validation Loss: 0.4537
Epoch 485/1000, Train Loss: 0.3545, Validation Loss: 0.5235
Epoch 486/1000, Train Loss: 0.3521, Validation Loss: 0.5244
Epoch 487/1000, Train Loss: 0.3489, Validation Loss: 0.4225
Epoch 488/1000, Train Loss: 0.3512, Validation Loss: 0.6192
Epoch 489/1000, Train Loss: 0.3528, Validation Loss: 0.7614
Epoch 490/1000, Train Loss: 0.3506, Validation Loss: 0.5684
Epoch 491/1000, Train Loss: 0.3503, Validation Loss: 0.4200
Epoch 492/1000, Train Loss: 0.3477, Validation Loss: 0.4231
Epoch 493/1000, Train Loss: 0.3535, Validation Loss: 1.2805
Epoch 494/1000, Train Loss: 0.3496, Validation Loss: 0.3982
Epoch 495/1000, Train Loss: 0.3500, Validation Loss: 0.4877
Epoch 496/1000, Train Loss: 0.3504, Validation Loss: 0.8717
Epoch 497/1000, Train Loss: 0.3460, Validation Loss: 0.4992
Epoch 498/1000, Train Loss: 0.3513, Validation Loss: 0.4661
Epoch 499/1000, Train Loss: 0.3470, Validation Loss: 0.3917
Epoch 500/1000, Train Loss: 0.3494, Validation Loss: 0.4903
Epoch 501/1000, Train Loss: 0.3494, Validation Loss: 0.4743
Epoch 502/1000, Train Loss: 0.3482, Validation Loss: 0.6817
Epoch 503/1000, Train Loss: 0.3495, Validation Loss: 0.6201
Epoch 504/1000, Train Loss: 0.3488, Validation Loss: 0.4222
Epoch 505/1000, Train Loss: 0.3514, Validation Loss: 0.5002
Epoch 506/1000, Train Loss: 0.3509, Validation Loss: 0.6980
Epoch 507/1000, Train Loss: 0.3476, Validation Loss: 0.9090
Epoch 508/1000, Train Loss: 0.3461, Validation Loss: 0.4111
Epoch 509/1000, Train Loss: 0.3528, Validation Loss: 0.4262
Epoch 510/1000, Train Loss: 0.3462, Validation Loss: 0.5535
Epoch 511/1000, Train Loss: 0.3490, Validation Loss: 0.7703
Epoch 512/1000, Train Loss: 0.3485, Validation Loss: 0.4231
Epoch 513/1000, Train Loss: 0.3479, Validation Loss: 0.5077
Epoch 514/1000, Train Loss: 0.3486, Validation Loss: 0.5001
Epoch 515/1000, Train Loss: 0.3512, Validation Loss: 1.2229
Epoch 516/1000, Train Loss: 0.3487, Validation Loss: 1.2217
Epoch 517/1000, Train Loss: 0.3498, Validation Loss: 0.4487
Epoch 518/1000, Train Loss: 0.3479, Validation Loss: 1.1872
Epoch 519/1000, Train Loss: 0.3466, Validation Loss: 0.8565
Epoch 520/1000, Train Loss: 0.3466, Validation Loss: 0.4442
Epoch 521/1000, Train Loss: 0.3487, Validation Loss: 0.3838
Epoch 522/1000, Train Loss: 0.3475, Validation Loss: 0.4807
Epoch 523/1000, Train Loss: 0.3505, Validation Loss: 0.5033
Epoch 524/1000, Train Loss: 0.3491, Validation Loss: 0.5290
Epoch 525/1000, Train Loss: 0.3472, Validation Loss: 0.3942
Epoch 526/1000, Train Loss: 0.3489, Validation Loss: 0.5676
Epoch 527/1000, Train Loss: 0.3490, Validation Loss: 0.4819
Epoch 528/1000, Train Loss: 0.3518, Validation Loss: 0.4198
Epoch 529/1000, Train Loss: 0.3490, Validation Loss: 0.5068
Epoch 530/1000, Train Loss: 0.3451, Validation Loss: 0.4669
Epoch 531/1000, Train Loss: 0.3457, Validation Loss: 0.4179
Epoch 532/1000, Train Loss: 0.3432, Validation Loss: 0.8326
Epoch 533/1000, Train Loss: 0.3460, Validation Loss: 0.4224
Epoch 534/1000, Train Loss: 0.3461, Validation Loss: 0.6596
Epoch 535/1000, Train Loss: 0.3499, Validation Loss: 0.5382
Epoch 536/1000, Train Loss: 0.3531, Validation Loss: 0.5217
Epoch 537/1000, Train Loss: 0.3465, Validation Loss: 0.4485
Epoch 538/1000, Train Loss: 0.3464, Validation Loss: 0.7211
Epoch 539/1000, Train Loss: 0.3435, Validation Loss: 0.5912
Epoch 540/1000, Train Loss: 0.3517, Validation Loss: 0.3571
Epoch 541/1000, Train Loss: 0.3471, Validation Loss: 0.5142
Epoch 542/1000, Train Loss: 0.3465, Validation Loss: 0.3366
Epoch 543/1000, Train Loss: 0.3465, Validation Loss: 0.7626
Epoch 544/1000, Train Loss: 0.3429, Validation Loss: 0.5980
Epoch 545/1000, Train Loss: 0.3480, Validation Loss: 0.4235
Epoch 546/1000, Train Loss: 0.3490, Validation Loss: 0.3701
Epoch 547/1000, Train Loss: 0.3431, Validation Loss: 0.3642
Epoch 548/1000, Train Loss: 0.3454, Validation Loss: 0.4267
Epoch 549/1000, Train Loss: 0.3474, Validation Loss: 1.0812
Epoch 550/1000, Train Loss: 0.3445, Validation Loss: 0.4758
Epoch 551/1000, Train Loss: 0.3475, Validation Loss: 0.5755
Epoch 552/1000, Train Loss: 0.3501, Validation Loss: 1.0210
Epoch 553/1000, Train Loss: 0.3428, Validation Loss: 0.4004
Epoch 554/1000, Train Loss: 0.3453, Validation Loss: 0.4928
Epoch 555/1000, Train Loss: 0.3424, Validation Loss: 0.7096
Epoch 556/1000, Train Loss: 0.3437, Validation Loss: 0.6850
Epoch 557/1000, Train Loss: 0.3468, Validation Loss: 0.4387
Epoch 558/1000, Train Loss: 0.3501, Validation Loss: 0.8166
Epoch 559/1000, Train Loss: 0.3471, Validation Loss: 0.4536
Epoch 560/1000, Train Loss: 0.3437, Validation Loss: 0.4426
Epoch 561/1000, Train Loss: 0.3415, Validation Loss: 0.6199
Epoch 562/1000, Train Loss: 0.3432, Validation Loss: 0.5386
Epoch 563/1000, Train Loss: 0.3491, Validation Loss: 0.5247
Epoch 564/1000, Train Loss: 0.3493, Validation Loss: 0.7054
Epoch 565/1000, Train Loss: 0.3529, Validation Loss: 0.5871
Epoch 566/1000, Train Loss: 0.3448, Validation Loss: 0.3646
Epoch 567/1000, Train Loss: 0.3472, Validation Loss: 0.4307
Epoch 568/1000, Train Loss: 0.3416, Validation Loss: 0.8211
Epoch 569/1000, Train Loss: 0.3496, Validation Loss: 0.5061
Epoch 570/1000, Train Loss: 0.3455, Validation Loss: 0.4062
Epoch 571/1000, Train Loss: 0.3414, Validation Loss: 0.4760
Epoch 572/1000, Train Loss: 0.3456, Validation Loss: 0.3586
Epoch 573/1000, Train Loss: 0.3446, Validation Loss: 0.3933
Epoch 574/1000, Train Loss: 0.3433, Validation Loss: 0.5948
Epoch 575/1000, Train Loss: 0.3449, Validation Loss: 1.0439
Epoch 576/1000, Train Loss: 0.3501, Validation Loss: 0.5549
Epoch 577/1000, Train Loss: 0.3522, Validation Loss: 0.5369
Epoch 578/1000, Train Loss: 0.3476, Validation Loss: 0.5660
Epoch 579/1000, Train Loss: 0.3447, Validation Loss: 0.3488
Epoch 580/1000, Train Loss: 0.3416, Validation Loss: 0.3470
Epoch 581/1000, Train Loss: 0.3507, Validation Loss: 0.6189
Epoch 582/1000, Train Loss: 0.3485, Validation Loss: 0.4062
Epoch 583/1000, Train Loss: 0.3414, Validation Loss: 0.4465
Epoch 584/1000, Train Loss: 0.3428, Validation Loss: 0.9584
Epoch 585/1000, Train Loss: 0.3434, Validation Loss: 0.3498
Epoch 586/1000, Train Loss: 0.3415, Validation Loss: 0.4419
Epoch 587/1000, Train Loss: 0.3423, Validation Loss: 0.3738
Epoch 588/1000, Train Loss: 0.3403, Validation Loss: 0.6096
Epoch 589/1000, Train Loss: 0.3493, Validation Loss: 0.3791
Epoch 590/1000, Train Loss: 0.3442, Validation Loss: 0.4303
Epoch 591/1000, Train Loss: 0.3447, Validation Loss: 0.5308
Epoch 592/1000, Train Loss: 0.3421, Validation Loss: 0.4333
Epoch 593/1000, Train Loss: 0.3413, Validation Loss: 0.3777
Epoch 594/1000, Train Loss: 0.3419, Validation Loss: 0.5253
Epoch 595/1000, Train Loss: 0.3464, Validation Loss: 0.7602
Epoch 596/1000, Train Loss: 0.3435, Validation Loss: 0.7674
Epoch 597/1000, Train Loss: 0.3468, Validation Loss: 0.4021
Epoch 598/1000, Train Loss: 0.3407, Validation Loss: 0.4042
Epoch 599/1000, Train Loss: 0.3392, Validation Loss: 0.4410
Epoch 600/1000, Train Loss: 0.3460, Validation Loss: 0.5475
Epoch 601/1000, Train Loss: 0.3433, Validation Loss: 0.3525
Epoch 602/1000, Train Loss: 0.3430, Validation Loss: 0.4388
Epoch 603/1000, Train Loss: 0.3435, Validation Loss: 0.4232
Epoch 604/1000, Train Loss: 0.3395, Validation Loss: 0.3584
Epoch 605/1000, Train Loss: 0.3420, Validation Loss: 0.6616
Epoch 606/1000, Train Loss: 0.3390, Validation Loss: 0.4368
Epoch 607/1000, Train Loss: 0.3435, Validation Loss: 1.0040
Epoch 608/1000, Train Loss: 0.3412, Validation Loss: 1.0346
Epoch 609/1000, Train Loss: 0.3451, Validation Loss: 0.3755
Epoch 610/1000, Train Loss: 0.3387, Validation Loss: 0.7467
Epoch 611/1000, Train Loss: 0.3456, Validation Loss: 0.7149
Epoch 612/1000, Train Loss: 0.3446, Validation Loss: 0.6247
Epoch 613/1000, Train Loss: 0.3434, Validation Loss: 0.3683
Epoch 614/1000, Train Loss: 0.3444, Validation Loss: 0.5198
Epoch 615/1000, Train Loss: 0.3513, Validation Loss: 0.4577
Epoch 616/1000, Train Loss: 0.3438, Validation Loss: 1.0552
Epoch 617/1000, Train Loss: 0.3466, Validation Loss: 0.6045
Epoch 618/1000, Train Loss: 0.3431, Validation Loss: 0.3974
Epoch 619/1000, Train Loss: 0.3457, Validation Loss: 0.5081
Epoch 620/1000, Train Loss: 0.3431, Validation Loss: 0.6099
Epoch 621/1000, Train Loss: 0.3385, Validation Loss: 0.4211
Epoch 622/1000, Train Loss: 0.3461, Validation Loss: 0.3927
Epoch 623/1000, Train Loss: 0.3428, Validation Loss: 0.6898
Epoch 624/1000, Train Loss: 0.3421, Validation Loss: 0.7951
Epoch 625/1000, Train Loss: 0.3466, Validation Loss: 0.7332
Epoch 626/1000, Train Loss: 0.3396, Validation Loss: 0.3837
Epoch 627/1000, Train Loss: 0.3388, Validation Loss: 0.9726
Epoch 628/1000, Train Loss: 0.3428, Validation Loss: 0.6829
Epoch 629/1000, Train Loss: 0.3450, Validation Loss: 0.4054
Epoch 630/1000, Train Loss: 0.3448, Validation Loss: 0.5125
Epoch 631/1000, Train Loss: 0.3408, Validation Loss: 1.0743
Epoch 632/1000, Train Loss: 0.3384, Validation Loss: 0.7217
Epoch 633/1000, Train Loss: 0.3416, Validation Loss: 0.5143
Epoch 634/1000, Train Loss: 0.3403, Validation Loss: 0.6234
Epoch 635/1000, Train Loss: 0.3386, Validation Loss: 0.5300
Epoch 636/1000, Train Loss: 0.3415, Validation Loss: 0.7021
Epoch 637/1000, Train Loss: 0.3387, Validation Loss: 0.8480
Epoch 638/1000, Train Loss: 0.3391, Validation Loss: 0.6117
Epoch 639/1000, Train Loss: 0.3429, Validation Loss: 0.4444
Epoch 640/1000, Train Loss: 0.3426, Validation Loss: 0.9747
Epoch 641/1000, Train Loss: 0.3449, Validation Loss: 0.6840
Epoch 642/1000, Train Loss: 0.3409, Validation Loss: 0.8231
Epoch 643/1000, Train Loss: 0.3408, Validation Loss: 0.3466
Epoch 644/1000, Train Loss: 0.3415, Validation Loss: 0.7211
Epoch 645/1000, Train Loss: 0.3397, Validation Loss: 0.3840
Epoch 646/1000, Train Loss: 0.3409, Validation Loss: 0.4276
Epoch 647/1000, Train Loss: 0.3429, Validation Loss: 0.4804
Epoch 648/1000, Train Loss: 0.3407, Validation Loss: 0.6249
Epoch 649/1000, Train Loss: 0.3420, Validation Loss: 0.5920
Epoch 650/1000, Train Loss: 0.3387, Validation Loss: 0.5272
Epoch 651/1000, Train Loss: 0.3441, Validation Loss: 0.4548
Epoch 652/1000, Train Loss: 0.3440, Validation Loss: 0.5899
Epoch 653/1000, Train Loss: 0.3385, Validation Loss: 0.4529
Epoch 654/1000, Train Loss: 0.3425, Validation Loss: 0.5864
Epoch 655/1000, Train Loss: 0.3404, Validation Loss: 1.0843
Epoch 656/1000, Train Loss: 0.3408, Validation Loss: 0.6126
Epoch 657/1000, Train Loss: 0.3416, Validation Loss: 0.4186
Epoch 658/1000, Train Loss: 0.3461, Validation Loss: 0.3734
Epoch 659/1000, Train Loss: 0.3431, Validation Loss: 0.5134
Epoch 660/1000, Train Loss: 0.3405, Validation Loss: 0.8184
Epoch 661/1000, Train Loss: 0.3376, Validation Loss: 0.9541
Epoch 662/1000, Train Loss: 0.3424, Validation Loss: 0.4377
Epoch 663/1000, Train Loss: 0.3439, Validation Loss: 1.2302
Epoch 664/1000, Train Loss: 0.3458, Validation Loss: 0.3771
Epoch 665/1000, Train Loss: 0.3448, Validation Loss: 0.8694
Epoch 666/1000, Train Loss: 0.3412, Validation Loss: 0.5905
Epoch 667/1000, Train Loss: 0.3410, Validation Loss: 0.4823
Epoch 668/1000, Train Loss: 0.3451, Validation Loss: 0.6833
Epoch 669/1000, Train Loss: 0.3398, Validation Loss: 0.6291
Epoch 670/1000, Train Loss: 0.3383, Validation Loss: 0.4714
Epoch 671/1000, Train Loss: 0.3410, Validation Loss: 0.4203
Epoch 672/1000, Train Loss: 0.3387, Validation Loss: 0.5750
Epoch 673/1000, Train Loss: 0.3441, Validation Loss: 0.5649
Epoch 674/1000, Train Loss: 0.3403, Validation Loss: 0.4319
Epoch 675/1000, Train Loss: 0.3410, Validation Loss: 0.6162
Epoch 676/1000, Train Loss: 0.3400, Validation Loss: 0.8065
Epoch 677/1000, Train Loss: 0.3418, Validation Loss: 0.3680
Epoch 678/1000, Train Loss: 0.3416, Validation Loss: 0.5572
Epoch 679/1000, Train Loss: 0.3375, Validation Loss: 0.6710
Epoch 680/1000, Train Loss: 0.3378, Validation Loss: 0.3732
Epoch 681/1000, Train Loss: 0.3400, Validation Loss: 0.3783
Epoch 682/1000, Train Loss: 0.3465, Validation Loss: 0.5348
Epoch 683/1000, Train Loss: 0.3393, Validation Loss: 0.3606
Epoch 684/1000, Train Loss: 0.3412, Validation Loss: 0.3978
Epoch 685/1000, Train Loss: 0.3448, Validation Loss: 0.4863
Epoch 686/1000, Train Loss: 0.3440, Validation Loss: 1.0465
Epoch 687/1000, Train Loss: 0.3394, Validation Loss: 0.8581
Epoch 688/1000, Train Loss: 0.3415, Validation Loss: 1.1053
Epoch 689/1000, Train Loss: 0.3425, Validation Loss: 0.5771
Epoch 690/1000, Train Loss: 0.3389, Validation Loss: 0.4669
Epoch 691/1000, Train Loss: 0.3415, Validation Loss: 0.5084
Epoch 692/1000, Train Loss: 0.3452, Validation Loss: 0.5704
Epoch 693/1000, Train Loss: 0.3523, Validation Loss: 0.6634
Epoch 694/1000, Train Loss: 0.3428, Validation Loss: 1.1589
Epoch 695/1000, Train Loss: 0.3380, Validation Loss: 0.6304
Epoch 696/1000, Train Loss: 0.3362, Validation Loss: 0.5463
Epoch 697/1000, Train Loss: 0.3400, Validation Loss: 0.4609
Epoch 698/1000, Train Loss: 0.3410, Validation Loss: 0.3604
Epoch 699/1000, Train Loss: 0.3404, Validation Loss: 0.4487
Epoch 700/1000, Train Loss: 0.3404, Validation Loss: 0.4321
Epoch 701/1000, Train Loss: 0.3383, Validation Loss: 0.4592
Epoch 702/1000, Train Loss: 0.3391, Validation Loss: 0.7365
Epoch 703/1000, Train Loss: 0.3430, Validation Loss: 0.4688
Epoch 704/1000, Train Loss: 0.3407, Validation Loss: 0.3992
Epoch 705/1000, Train Loss: 0.3379, Validation Loss: 0.4285
Epoch 706/1000, Train Loss: 0.3403, Validation Loss: 0.6734
Epoch 707/1000, Train Loss: 0.3424, Validation Loss: 0.5874
Epoch 708/1000, Train Loss: 0.3469, Validation Loss: 0.5275
Epoch 709/1000, Train Loss: 0.3389, Validation Loss: 0.4691
Epoch 710/1000, Train Loss: 0.3447, Validation Loss: 0.5946
Epoch 711/1000, Train Loss: 0.3436, Validation Loss: 0.3926
Epoch 712/1000, Train Loss: 0.3451, Validation Loss: 0.3712
Epoch 713/1000, Train Loss: 0.3408, Validation Loss: 0.5714
Epoch 714/1000, Train Loss: 0.3433, Validation Loss: 0.4129
Epoch 715/1000, Train Loss: 0.3380, Validation Loss: 0.5969
Epoch 716/1000, Train Loss: 0.3438, Validation Loss: 0.6527
Epoch 717/1000, Train Loss: 0.3403, Validation Loss: 0.3480
Epoch 718/1000, Train Loss: 0.3352, Validation Loss: 1.3755
Epoch 719/1000, Train Loss: 0.3391, Validation Loss: 0.6102
Epoch 720/1000, Train Loss: 0.3408, Validation Loss: 0.5735
Epoch 721/1000, Train Loss: 0.3355, Validation Loss: 1.1092
Epoch 722/1000, Train Loss: 0.3397, Validation Loss: 0.4998
Epoch 723/1000, Train Loss: 0.3387, Validation Loss: 0.3878
Epoch 724/1000, Train Loss: 0.3493, Validation Loss: 0.4120
Epoch 725/1000, Train Loss: 0.3415, Validation Loss: 0.5477
Epoch 726/1000, Train Loss: 0.3377, Validation Loss: 5.1998
Epoch 727/1000, Train Loss: 0.3400, Validation Loss: 0.9202
Epoch 728/1000, Train Loss: 0.3354, Validation Loss: 0.5445
Epoch 729/1000, Train Loss: 0.3406, Validation Loss: 1.1835
Epoch 730/1000, Train Loss: 0.3479, Validation Loss: 0.4145
Epoch 731/1000, Train Loss: 0.3379, Validation Loss: 0.5806
Epoch 732/1000, Train Loss: 0.3372, Validation Loss: 0.3640
Epoch 733/1000, Train Loss: 0.3445, Validation Loss: 0.4411
Epoch 734/1000, Train Loss: 0.3399, Validation Loss: 0.4518
Epoch 735/1000, Train Loss: 0.3419, Validation Loss: 0.3216
Epoch 736/1000, Train Loss: 0.3386, Validation Loss: 0.4058
Epoch 737/1000, Train Loss: 0.3423, Validation Loss: 0.6031
Epoch 738/1000, Train Loss: 0.3385, Validation Loss: 0.4389
Epoch 739/1000, Train Loss: 0.3428, Validation Loss: 0.5549
Epoch 740/1000, Train Loss: 0.3401, Validation Loss: 0.5905
Epoch 741/1000, Train Loss: 0.3422, Validation Loss: 0.4048
Epoch 742/1000, Train Loss: 0.3376, Validation Loss: 0.9831
Epoch 743/1000, Train Loss: 0.3406, Validation Loss: 0.7001
Epoch 744/1000, Train Loss: 0.3388, Validation Loss: 0.5928
Epoch 745/1000, Train Loss: 0.3407, Validation Loss: 0.8255
Epoch 746/1000, Train Loss: 0.3374, Validation Loss: 0.5184
Epoch 747/1000, Train Loss: 0.3393, Validation Loss: 0.6384
Epoch 748/1000, Train Loss: 0.3387, Validation Loss: 0.4809
Epoch 749/1000, Train Loss: 0.3374, Validation Loss: 0.3420
Epoch 750/1000, Train Loss: 0.3393, Validation Loss: 0.5017
Epoch 751/1000, Train Loss: 0.3405, Validation Loss: 0.4390
Epoch 752/1000, Train Loss: 0.3401, Validation Loss: 0.4040
Epoch 753/1000, Train Loss: 0.3352, Validation Loss: 0.6677
Epoch 754/1000, Train Loss: 0.3371, Validation Loss: 0.6179
Epoch 755/1000, Train Loss: 0.3373, Validation Loss: 0.3840
Epoch 756/1000, Train Loss: 0.3378, Validation Loss: 0.6934
Epoch 757/1000, Train Loss: 0.3410, Validation Loss: 0.5805
Epoch 758/1000, Train Loss: 0.3403, Validation Loss: 0.3877
Epoch 759/1000, Train Loss: 0.3375, Validation Loss: 1.1105
Epoch 760/1000, Train Loss: 0.3374, Validation Loss: 0.6565
Epoch 761/1000, Train Loss: 0.3440, Validation Loss: 0.4706
Epoch 762/1000, Train Loss: 0.3359, Validation Loss: 0.5637
Epoch 763/1000, Train Loss: 0.3410, Validation Loss: 1.0391
Epoch 764/1000, Train Loss: 0.3390, Validation Loss: 0.7365
Epoch 765/1000, Train Loss: 0.3380, Validation Loss: 0.4329
Epoch 766/1000, Train Loss: 0.3432, Validation Loss: 0.8348
Epoch 767/1000, Train Loss: 0.3382, Validation Loss: 1.3252
Epoch 768/1000, Train Loss: 0.3371, Validation Loss: 1.1374
Epoch 769/1000, Train Loss: 0.3394, Validation Loss: 0.3722
Epoch 770/1000, Train Loss: 0.3354, Validation Loss: 1.0286
Epoch 771/1000, Train Loss: 0.3448, Validation Loss: 0.3299
Epoch 772/1000, Train Loss: 0.3362, Validation Loss: 0.6710
Epoch 773/1000, Train Loss: 0.3369, Validation Loss: 0.7533
Epoch 774/1000, Train Loss: 0.3378, Validation Loss: 0.4545
Epoch 775/1000, Train Loss: 0.3347, Validation Loss: 0.6361
Epoch 776/1000, Train Loss: 0.3418, Validation Loss: 0.5974
Epoch 777/1000, Train Loss: 0.3415, Validation Loss: 0.5483
Epoch 778/1000, Train Loss: 0.3369, Validation Loss: 1.2885
Epoch 779/1000, Train Loss: 0.3359, Validation Loss: 0.8902
Epoch 780/1000, Train Loss: 0.3340, Validation Loss: 0.4472
Epoch 781/1000, Train Loss: 0.3364, Validation Loss: 0.6837
Epoch 782/1000, Train Loss: 0.3407, Validation Loss: 0.6141
Epoch 783/1000, Train Loss: 0.3394, Validation Loss: 0.3424
Epoch 784/1000, Train Loss: 0.3368, Validation Loss: 0.4145
Epoch 785/1000, Train Loss: 0.3391, Validation Loss: 0.6507
Epoch 786/1000, Train Loss: 0.3368, Validation Loss: 0.4200
Epoch 787/1000, Train Loss: 0.3394, Validation Loss: 0.3869
Epoch 788/1000, Train Loss: 0.3395, Validation Loss: 0.7779
Epoch 789/1000, Train Loss: 0.3381, Validation Loss: 0.8508
Epoch 790/1000, Train Loss: 0.3351, Validation Loss: 0.3160
Epoch 791/1000, Train Loss: 0.3385, Validation Loss: 0.4943
Epoch 792/1000, Train Loss: 0.3352, Validation Loss: 0.9893
Epoch 793/1000, Train Loss: 0.3380, Validation Loss: 1.6005
Epoch 794/1000, Train Loss: 0.3407, Validation Loss: 0.5036
Epoch 795/1000, Train Loss: 0.3364, Validation Loss: 0.5353
Epoch 796/1000, Train Loss: 0.3414, Validation Loss: 0.6509
Epoch 797/1000, Train Loss: 0.3367, Validation Loss: 0.9331
Epoch 798/1000, Train Loss: 0.3363, Validation Loss: 0.4667
Epoch 799/1000, Train Loss: 0.3360, Validation Loss: 0.3681
Epoch 800/1000, Train Loss: 0.3339, Validation Loss: 0.9187
Epoch 801/1000, Train Loss: 0.3334, Validation Loss: 0.6708
Epoch 802/1000, Train Loss: 0.3382, Validation Loss: 0.6466
Epoch 803/1000, Train Loss: 0.3360, Validation Loss: 0.4803
Epoch 804/1000, Train Loss: 0.3340, Validation Loss: 0.5554
Epoch 805/1000, Train Loss: 0.3356, Validation Loss: 0.5455
Epoch 806/1000, Train Loss: 0.3358, Validation Loss: 0.4695
Epoch 807/1000, Train Loss: 0.3345, Validation Loss: 0.9591
Epoch 808/1000, Train Loss: 0.3395, Validation Loss: 1.3045
Epoch 809/1000, Train Loss: 0.3370, Validation Loss: 0.7487
Epoch 810/1000, Train Loss: 0.3346, Validation Loss: 0.4956
Epoch 811/1000, Train Loss: 0.3342, Validation Loss: 0.3236
Epoch 812/1000, Train Loss: 0.3389, Validation Loss: 0.4001
Epoch 813/1000, Train Loss: 0.3338, Validation Loss: 0.3677
Epoch 814/1000, Train Loss: 0.3367, Validation Loss: 0.7335
Epoch 815/1000, Train Loss: 0.3351, Validation Loss: 0.4345
Epoch 816/1000, Train Loss: 0.3356, Validation Loss: 0.4896
Epoch 817/1000, Train Loss: 0.3329, Validation Loss: 0.5743
Epoch 818/1000, Train Loss: 0.3364, Validation Loss: 0.5149
Epoch 819/1000, Train Loss: 0.3340, Validation Loss: 0.7837
Epoch 820/1000, Train Loss: 0.3380, Validation Loss: 1.2494
Epoch 821/1000, Train Loss: 0.3379, Validation Loss: 0.5641
Epoch 822/1000, Train Loss: 0.3342, Validation Loss: 0.4081
Epoch 823/1000, Train Loss: 0.3378, Validation Loss: 0.3878
Epoch 824/1000, Train Loss: 0.3390, Validation Loss: 0.6233
Epoch 825/1000, Train Loss: 0.3319, Validation Loss: 0.4175
Epoch 826/1000, Train Loss: 0.3314, Validation Loss: 0.3355
Epoch 827/1000, Train Loss: 0.3384, Validation Loss: 0.3835
Epoch 828/1000, Train Loss: 0.3329, Validation Loss: 0.5670
Epoch 829/1000, Train Loss: 0.3365, Validation Loss: 0.3914
Epoch 830/1000, Train Loss: 0.3346, Validation Loss: 1.5538
Epoch 831/1000, Train Loss: 0.3392, Validation Loss: 0.4423
Epoch 832/1000, Train Loss: 0.3348, Validation Loss: 0.5460
Epoch 833/1000, Train Loss: 0.3354, Validation Loss: 0.3519
Epoch 834/1000, Train Loss: 0.3359, Validation Loss: 1.4312
Epoch 835/1000, Train Loss: 0.3372, Validation Loss: 0.7762
Epoch 836/1000, Train Loss: 0.3382, Validation Loss: 0.6480
Epoch 837/1000, Train Loss: 0.3317, Validation Loss: 0.7742
Epoch 838/1000, Train Loss: 0.3366, Validation Loss: 0.6624
Epoch 839/1000, Train Loss: 0.3383, Validation Loss: 0.3380
Epoch 840/1000, Train Loss: 0.3367, Validation Loss: 0.5506
Epoch 841/1000, Train Loss: 0.3377, Validation Loss: 0.4087
Epoch 842/1000, Train Loss: 0.3346, Validation Loss: 0.3786
Epoch 843/1000, Train Loss: 0.3355, Validation Loss: 0.4214
Epoch 844/1000, Train Loss: 0.3361, Validation Loss: 0.5771
Epoch 845/1000, Train Loss: 0.3381, Validation Loss: 0.6529
Epoch 846/1000, Train Loss: 0.3318, Validation Loss: 0.5076
Epoch 847/1000, Train Loss: 0.3334, Validation Loss: 0.3322
Epoch 848/1000, Train Loss: 0.3347, Validation Loss: 0.8193
Epoch 849/1000, Train Loss: 0.3363, Validation Loss: 0.4377
Epoch 850/1000, Train Loss: 0.3350, Validation Loss: 0.3721
Epoch 851/1000, Train Loss: 0.3349, Validation Loss: 0.4216
Epoch 852/1000, Train Loss: 0.3320, Validation Loss: 0.5198
Epoch 853/1000, Train Loss: 0.3352, Validation Loss: 0.4137
Epoch 854/1000, Train Loss: 0.3354, Validation Loss: 1.0164
Epoch 855/1000, Train Loss: 0.3370, Validation Loss: 0.4325
Epoch 856/1000, Train Loss: 0.3334, Validation Loss: 0.4072
Epoch 857/1000, Train Loss: 0.3348, Validation Loss: 0.4830
Epoch 858/1000, Train Loss: 0.3398, Validation Loss: 0.7770
Epoch 859/1000, Train Loss: 0.3385, Validation Loss: 1.1605
Epoch 860/1000, Train Loss: 0.3368, Validation Loss: 0.4199
Epoch 861/1000, Train Loss: 0.3379, Validation Loss: 0.5178
Epoch 862/1000, Train Loss: 0.3337, Validation Loss: 0.6489
Epoch 863/1000, Train Loss: 0.3393, Validation Loss: 0.5983
Epoch 864/1000, Train Loss: 0.3388, Validation Loss: 0.8880
Epoch 865/1000, Train Loss: 0.3355, Validation Loss: 0.4946
Epoch 866/1000, Train Loss: 0.3327, Validation Loss: 0.4519
Epoch 867/1000, Train Loss: 0.3327, Validation Loss: 0.7288
Epoch 868/1000, Train Loss: 0.3398, Validation Loss: 0.9331
Epoch 869/1000, Train Loss: 0.3355, Validation Loss: 0.3670
Epoch 870/1000, Train Loss: 0.3376, Validation Loss: 0.4005
Epoch 871/1000, Train Loss: 0.3357, Validation Loss: 1.1018
Epoch 872/1000, Train Loss: 0.3347, Validation Loss: 0.4789
Epoch 873/1000, Train Loss: 0.3357, Validation Loss: 0.5379
Epoch 874/1000, Train Loss: 0.3324, Validation Loss: 0.3417
Epoch 875/1000, Train Loss: 0.3371, Validation Loss: 0.4650
Epoch 876/1000, Train Loss: 0.3352, Validation Loss: 0.3644
Epoch 877/1000, Train Loss: 0.3353, Validation Loss: 1.1017
Epoch 878/1000, Train Loss: 0.3367, Validation Loss: 0.5631
Epoch 879/1000, Train Loss: 0.3325, Validation Loss: 0.7248
Epoch 880/1000, Train Loss: 0.3395, Validation Loss: 0.6969
Epoch 881/1000, Train Loss: 0.3332, Validation Loss: 1.7086
Epoch 882/1000, Train Loss: 0.3344, Validation Loss: 0.3720
Epoch 883/1000, Train Loss: 0.3367, Validation Loss: 0.4541
Epoch 884/1000, Train Loss: 0.3346, Validation Loss: 0.4600
Epoch 885/1000, Train Loss: 0.3331, Validation Loss: 0.4253
Epoch 886/1000, Train Loss: 0.3359, Validation Loss: 0.6307
Epoch 887/1000, Train Loss: 0.3351, Validation Loss: 0.4008
Epoch 888/1000, Train Loss: 0.3346, Validation Loss: 0.4062
Epoch 889/1000, Train Loss: 0.3361, Validation Loss: 0.4014
Epoch 890/1000, Train Loss: 0.3336, Validation Loss: 0.3674
Epoch 891/1000, Train Loss: 0.3326, Validation Loss: 0.4546
Epoch 892/1000, Train Loss: 0.3371, Validation Loss: 0.3944
Epoch 893/1000, Train Loss: 0.3314, Validation Loss: 0.5640
Epoch 894/1000, Train Loss: 0.3359, Validation Loss: 0.4889
Epoch 895/1000, Train Loss: 0.3337, Validation Loss: 0.5175
Epoch 896/1000, Train Loss: 0.3313, Validation Loss: 0.3301
Epoch 897/1000, Train Loss: 0.3320, Validation Loss: 0.9860
Epoch 898/1000, Train Loss: 0.3357, Validation Loss: 0.5425
Epoch 899/1000, Train Loss: 0.3336, Validation Loss: 0.6769
Epoch 900/1000, Train Loss: 0.3374, Validation Loss: 0.8294
Epoch 901/1000, Train Loss: 0.3324, Validation Loss: 0.7550
Epoch 902/1000, Train Loss: 0.3338, Validation Loss: 0.5657
Epoch 903/1000, Train Loss: 0.3307, Validation Loss: 0.3831
Epoch 904/1000, Train Loss: 0.3363, Validation Loss: 0.4331
Epoch 905/1000, Train Loss: 0.3341, Validation Loss: 0.4622
Epoch 906/1000, Train Loss: 0.3310, Validation Loss: 0.7490
Epoch 907/1000, Train Loss: 0.3362, Validation Loss: 0.4639
Epoch 908/1000, Train Loss: 0.3352, Validation Loss: 0.5780
Epoch 909/1000, Train Loss: 0.3364, Validation Loss: 0.4754
Epoch 910/1000, Train Loss: 0.3347, Validation Loss: 0.3545
Epoch 911/1000, Train Loss: 0.3363, Validation Loss: 0.5848
Epoch 912/1000, Train Loss: 0.3350, Validation Loss: 1.0914
Epoch 913/1000, Train Loss: 0.3342, Validation Loss: 0.5489
Epoch 914/1000, Train Loss: 0.3374, Validation Loss: 0.3945
Epoch 915/1000, Train Loss: 0.3337, Validation Loss: 0.3211
Epoch 916/1000, Train Loss: 0.3368, Validation Loss: 0.4964
Epoch 917/1000, Train Loss: 0.3332, Validation Loss: 0.4063
Epoch 918/1000, Train Loss: 0.3291, Validation Loss: 0.6473
Epoch 919/1000, Train Loss: 0.3306, Validation Loss: 0.4109
Epoch 920/1000, Train Loss: 0.3328, Validation Loss: 0.6382
Epoch 921/1000, Train Loss: 0.3358, Validation Loss: 0.6763
Epoch 922/1000, Train Loss: 0.3330, Validation Loss: 0.5759
Epoch 923/1000, Train Loss: 0.3344, Validation Loss: 0.7266
Epoch 924/1000, Train Loss: 0.3337, Validation Loss: 0.5476
Epoch 925/1000, Train Loss: 0.3299, Validation Loss: 0.4564
Epoch 926/1000, Train Loss: 0.3405, Validation Loss: 0.5523
Epoch 927/1000, Train Loss: 0.3349, Validation Loss: 0.4487
Epoch 928/1000, Train Loss: 0.3351, Validation Loss: 0.9591
Epoch 929/1000, Train Loss: 0.3288, Validation Loss: 0.5626
Epoch 930/1000, Train Loss: 0.3356, Validation Loss: 0.4275
Epoch 931/1000, Train Loss: 0.3333, Validation Loss: 0.4092
Epoch 932/1000, Train Loss: 0.3307, Validation Loss: 0.4113
Epoch 933/1000, Train Loss: 0.3317, Validation Loss: 0.3611
Epoch 934/1000, Train Loss: 0.3322, Validation Loss: 0.4782
Epoch 935/1000, Train Loss: 0.3312, Validation Loss: 0.4411
Epoch 936/1000, Train Loss: 0.3309, Validation Loss: 0.3784
Epoch 937/1000, Train Loss: 0.3348, Validation Loss: 0.4045
Epoch 938/1000, Train Loss: 0.3341, Validation Loss: 0.7224
Epoch 939/1000, Train Loss: 0.3353, Validation Loss: 0.4429
Epoch 940/1000, Train Loss: 0.3312, Validation Loss: 0.5747
Epoch 941/1000, Train Loss: 0.3321, Validation Loss: 0.3938
Epoch 942/1000, Train Loss: 0.3340, Validation Loss: 0.8301
Epoch 943/1000, Train Loss: 0.3307, Validation Loss: 0.6462
Epoch 944/1000, Train Loss: 0.3311, Validation Loss: 0.4702
Epoch 945/1000, Train Loss: 0.3357, Validation Loss: 0.6812
Epoch 946/1000, Train Loss: 0.3352, Validation Loss: 0.6627
Epoch 947/1000, Train Loss: 0.3309, Validation Loss: 0.4084
Epoch 948/1000, Train Loss: 0.3351, Validation Loss: 0.9177
Epoch 949/1000, Train Loss: 0.3347, Validation Loss: 0.3645
Epoch 950/1000, Train Loss: 0.3319, Validation Loss: 0.6174
Epoch 951/1000, Train Loss: 0.3333, Validation Loss: 0.7543
Epoch 952/1000, Train Loss: 0.3307, Validation Loss: 0.4585
Epoch 953/1000, Train Loss: 0.3349, Validation Loss: 0.3563
Epoch 954/1000, Train Loss: 0.3313, Validation Loss: 0.3482
Epoch 955/1000, Train Loss: 0.3316, Validation Loss: 0.3558
Epoch 956/1000, Train Loss: 0.3349, Validation Loss: 1.0968
Epoch 957/1000, Train Loss: 0.3304, Validation Loss: 0.5699
Epoch 958/1000, Train Loss: 0.3304, Validation Loss: 0.4830
Epoch 959/1000, Train Loss: 0.3300, Validation Loss: 1.1368
Epoch 960/1000, Train Loss: 0.3293, Validation Loss: 0.6118
Epoch 961/1000, Train Loss: 0.3358, Validation Loss: 2.3609
Epoch 962/1000, Train Loss: 0.3332, Validation Loss: 0.5710
Epoch 963/1000, Train Loss: 0.3335, Validation Loss: 0.3614
Epoch 964/1000, Train Loss: 0.3303, Validation Loss: 0.4345
Epoch 965/1000, Train Loss: 0.3327, Validation Loss: 0.6295
Epoch 966/1000, Train Loss: 0.3335, Validation Loss: 0.5526
Epoch 967/1000, Train Loss: 0.3346, Validation Loss: 0.4882
Epoch 968/1000, Train Loss: 0.3295, Validation Loss: 0.3656
Epoch 969/1000, Train Loss: 0.3348, Validation Loss: 0.3628
Epoch 970/1000, Train Loss: 0.3307, Validation Loss: 0.4310
Epoch 971/1000, Train Loss: 0.3356, Validation Loss: 0.3726
Epoch 972/1000, Train Loss: 0.3338, Validation Loss: 1.0491
Epoch 973/1000, Train Loss: 0.3326, Validation Loss: 0.5922
Epoch 974/1000, Train Loss: 0.3330, Validation Loss: 0.5081
Epoch 975/1000, Train Loss: 0.3307, Validation Loss: 0.3354
Epoch 976/1000, Train Loss: 0.3369, Validation Loss: 0.5621
Epoch 977/1000, Train Loss: 0.3295, Validation Loss: 0.7763
Epoch 978/1000, Train Loss: 0.3323, Validation Loss: 0.4423
Epoch 979/1000, Train Loss: 0.3334, Validation Loss: 0.6647
Epoch 980/1000, Train Loss: 0.3331, Validation Loss: 0.4240
Epoch 981/1000, Train Loss: 0.3307, Validation Loss: 0.8989
Epoch 982/1000, Train Loss: 0.3290, Validation Loss: 0.3926
Epoch 983/1000, Train Loss: 0.3336, Validation Loss: 0.7493
Epoch 984/1000, Train Loss: 0.3346, Validation Loss: 0.5582
Epoch 985/1000, Train Loss: 0.3347, Validation Loss: 0.5949
Epoch 986/1000, Train Loss: 0.3315, Validation Loss: 0.4444
Epoch 987/1000, Train Loss: 0.3361, Validation Loss: 0.7895
Epoch 988/1000, Train Loss: 0.3318, Validation Loss: 0.8129
Epoch 989/1000, Train Loss: 0.3337, Validation Loss: 0.4615
Epoch 990/1000, Train Loss: 0.3309, Validation Loss: 0.6293
Epoch 991/1000, Train Loss: 0.3335, Validation Loss: 0.5962
Epoch 992/1000, Train Loss: 0.3336, Validation Loss: 0.4564
Epoch 993/1000, Train Loss: 0.3298, Validation Loss: 0.8045
Epoch 994/1000, Train Loss: 0.3331, Validation Loss: 0.5637
Epoch 995/1000, Train Loss: 0.3366, Validation Loss: 0.7685
Epoch 996/1000, Train Loss: 0.3284, Validation Loss: 0.4871
Epoch 997/1000, Train Loss: 0.3323, Validation Loss: 1.2786
Epoch 998/1000, Train Loss: 0.3323, Validation Loss: 0.7027
Epoch 999/1000, Train Loss: 0.3339, Validation Loss: 0.3659
Epoch 1000/1000, Train Loss: 0.3317, Validation Loss: 1.2112
Best Training Loss: 0.3284
Best Training Loss Epoch: 996
Best Validation Loss: 0.3160
Best Validation Loss Epoch: 790
Time taken for training: 0-17:49:31
Test Loss: 0.3333
Test MAPE: 8187.5254%
Error Statistics:
count    4.127200e+04
mean     6.352698e+02
std      2.108762e+04
min      1.311302e-06
25%      1.104424e-01
50%      1.204795e+00
75%      1.713966e+01
max      3.795688e+06
Name: Absolute Error, dtype: float64
Training complete. Final model saved.
Saving model as a wandb Artifact...
Model artifact logged successfully.
[1;34mwandb[0m: 
[1;34mwandb[0m: 🚀 View run [33mrevived-sweep-19[0m at: [34mhttps://wandb.ai/mk8737-new-york-university/rl_pretrain_hp_sweeps/runs/1vzxdlfa[0m
[1;34mwandb[0m: Find logs at: [1;35mwandb/run-20251126_203655-1vzxdlfa/logs[0m
Agent finished.
