Waiting for sweep ID...
Found Sweep ID: dos27rz7
Starting wandb agent for sweep dos27rz7...
TRAINING DEVICE: cpu
Run Name: GIN_global_hp_sweep_global_dos27rz7-0abccpj7
finidhed preparing data
Loading dataset from pretrain_dataset_12.5k_fixed_duplicates.pkl
Loaded 412712 data objects.
finished preparing data
Epoch 1/1000, Train Loss: 3.1190, Validation Loss: 1.5654
Epoch 2/1000, Train Loss: 1.4099, Validation Loss: 2.4554
Epoch 3/1000, Train Loss: 1.2286, Validation Loss: 5.5039
Epoch 4/1000, Train Loss: 1.1723, Validation Loss: 1.3747
Epoch 5/1000, Train Loss: 1.0923, Validation Loss: 2.0321
Epoch 6/1000, Train Loss: 1.0960, Validation Loss: 1.9736
Epoch 7/1000, Train Loss: 1.0367, Validation Loss: 1.7964
Epoch 8/1000, Train Loss: 0.9786, Validation Loss: 1.6310
Epoch 9/1000, Train Loss: 0.9528, Validation Loss: 1.9485
Epoch 10/1000, Train Loss: 0.9485, Validation Loss: 0.9475
Epoch 11/1000, Train Loss: 0.9633, Validation Loss: 1.1165
Epoch 12/1000, Train Loss: 0.9389, Validation Loss: 2.1743
Epoch 13/1000, Train Loss: 0.9287, Validation Loss: 7.0612
Epoch 14/1000, Train Loss: 0.8585, Validation Loss: 1.3488
Epoch 15/1000, Train Loss: 0.8435, Validation Loss: 2.1395
Epoch 16/1000, Train Loss: 0.8394, Validation Loss: 2.4204
Epoch 17/1000, Train Loss: 0.8082, Validation Loss: 0.9529
Epoch 18/1000, Train Loss: 0.7906, Validation Loss: 1.0439
Epoch 19/1000, Train Loss: 0.8217, Validation Loss: 0.9526
Epoch 20/1000, Train Loss: 0.7578, Validation Loss: 0.8692
Epoch 21/1000, Train Loss: 0.7664, Validation Loss: 1.3773
Epoch 22/1000, Train Loss: 0.7461, Validation Loss: 1.2493
Epoch 23/1000, Train Loss: 0.7221, Validation Loss: 1.0874
Epoch 24/1000, Train Loss: 0.7267, Validation Loss: 1.0096
Epoch 25/1000, Train Loss: 0.7119, Validation Loss: 1.1075
Epoch 26/1000, Train Loss: 0.7170, Validation Loss: 0.8307
Epoch 27/1000, Train Loss: 0.6506, Validation Loss: 2.3869
Epoch 28/1000, Train Loss: 0.6552, Validation Loss: 1.4504
Epoch 29/1000, Train Loss: 0.6798, Validation Loss: 1.2712
Epoch 30/1000, Train Loss: 0.6385, Validation Loss: 0.8858
Epoch 31/1000, Train Loss: 0.6391, Validation Loss: 1.1508
Epoch 32/1000, Train Loss: 0.6196, Validation Loss: 0.7610
Epoch 33/1000, Train Loss: 0.6252, Validation Loss: 1.6600
Epoch 34/1000, Train Loss: 0.6352, Validation Loss: 1.4363
Epoch 35/1000, Train Loss: 0.6015, Validation Loss: 1.0174
Epoch 36/1000, Train Loss: 0.5841, Validation Loss: 3.7676
Epoch 37/1000, Train Loss: 0.5943, Validation Loss: 0.7154
Epoch 38/1000, Train Loss: 0.5910, Validation Loss: 2.3714
Epoch 39/1000, Train Loss: 0.5789, Validation Loss: 1.4639
Epoch 40/1000, Train Loss: 0.5835, Validation Loss: 0.6702
Epoch 41/1000, Train Loss: 0.5888, Validation Loss: 1.4672
Epoch 42/1000, Train Loss: 0.5625, Validation Loss: 1.7504
Epoch 43/1000, Train Loss: 0.5768, Validation Loss: 1.5285
Epoch 44/1000, Train Loss: 0.5593, Validation Loss: 1.2101
Epoch 45/1000, Train Loss: 0.5463, Validation Loss: 0.8979
Epoch 46/1000, Train Loss: 0.5589, Validation Loss: 0.6206
Epoch 47/1000, Train Loss: 0.5474, Validation Loss: 0.7100
Epoch 48/1000, Train Loss: 0.5376, Validation Loss: 1.3166
Epoch 49/1000, Train Loss: 0.5372, Validation Loss: 3.9420
Epoch 50/1000, Train Loss: 0.5345, Validation Loss: 1.1866
Epoch 51/1000, Train Loss: 0.5320, Validation Loss: 0.5767
Epoch 52/1000, Train Loss: 0.5382, Validation Loss: 1.3063
Epoch 53/1000, Train Loss: 0.5258, Validation Loss: 1.5218
Epoch 54/1000, Train Loss: 0.5227, Validation Loss: 1.2156
Epoch 55/1000, Train Loss: 0.5280, Validation Loss: 2.2979
Epoch 56/1000, Train Loss: 0.5279, Validation Loss: 1.8477
Epoch 57/1000, Train Loss: 0.5234, Validation Loss: 0.7697
Epoch 58/1000, Train Loss: 0.5358, Validation Loss: 2.0687
Epoch 59/1000, Train Loss: 0.5091, Validation Loss: 0.6533
Epoch 60/1000, Train Loss: 0.5214, Validation Loss: 0.5831
Epoch 61/1000, Train Loss: 0.5141, Validation Loss: 0.5011
Epoch 62/1000, Train Loss: 0.4949, Validation Loss: 0.8010
Epoch 63/1000, Train Loss: 0.5103, Validation Loss: 1.7796
Epoch 64/1000, Train Loss: 0.5077, Validation Loss: 8.8448
Epoch 65/1000, Train Loss: 0.4986, Validation Loss: 7.3418
Epoch 66/1000, Train Loss: 0.4991, Validation Loss: 1.4735
Epoch 67/1000, Train Loss: 0.5098, Validation Loss: 1.0688
Epoch 68/1000, Train Loss: 0.4921, Validation Loss: 0.9950
Epoch 69/1000, Train Loss: 0.5040, Validation Loss: 2.3278
Epoch 70/1000, Train Loss: 0.4941, Validation Loss: 2.2293
Epoch 71/1000, Train Loss: 0.5071, Validation Loss: 0.7409
Epoch 72/1000, Train Loss: 0.4850, Validation Loss: 0.5781
Epoch 73/1000, Train Loss: 0.4839, Validation Loss: 1.5867
Epoch 74/1000, Train Loss: 0.4870, Validation Loss: 0.8426
Epoch 75/1000, Train Loss: 0.4691, Validation Loss: 1.2818
Epoch 76/1000, Train Loss: 0.4916, Validation Loss: 1.2335
Epoch 77/1000, Train Loss: 0.4884, Validation Loss: 1.8561
Epoch 78/1000, Train Loss: 0.4707, Validation Loss: 2.0475
Epoch 79/1000, Train Loss: 0.4728, Validation Loss: 1.4822
Epoch 80/1000, Train Loss: 0.4769, Validation Loss: 1.5017
Epoch 81/1000, Train Loss: 0.4791, Validation Loss: 1.0460
Epoch 82/1000, Train Loss: 0.4682, Validation Loss: 0.6718
Epoch 83/1000, Train Loss: 0.4585, Validation Loss: 1.4443
Epoch 84/1000, Train Loss: 0.4726, Validation Loss: 3.0716
Epoch 85/1000, Train Loss: 0.4657, Validation Loss: 0.7375
Epoch 86/1000, Train Loss: 0.4563, Validation Loss: 1.0640
Epoch 87/1000, Train Loss: 0.4632, Validation Loss: 1.3102
Epoch 88/1000, Train Loss: 0.4762, Validation Loss: 1.3428
Epoch 89/1000, Train Loss: 0.4709, Validation Loss: 0.4945
Epoch 90/1000, Train Loss: 0.4625, Validation Loss: 0.4880
Epoch 91/1000, Train Loss: 0.4595, Validation Loss: 1.7979
Epoch 92/1000, Train Loss: 0.4675, Validation Loss: 1.6546
Epoch 93/1000, Train Loss: 0.4580, Validation Loss: 0.7230
Epoch 94/1000, Train Loss: 0.4630, Validation Loss: 6.4274
Epoch 95/1000, Train Loss: 0.4544, Validation Loss: 1.5230
Epoch 96/1000, Train Loss: 0.4547, Validation Loss: 1.4344
Epoch 97/1000, Train Loss: 0.4583, Validation Loss: 0.6514
Epoch 98/1000, Train Loss: 0.4474, Validation Loss: 1.5451
Epoch 99/1000, Train Loss: 0.4478, Validation Loss: 2.2053
Epoch 100/1000, Train Loss: 0.4556, Validation Loss: 0.7061
Epoch 101/1000, Train Loss: 0.4438, Validation Loss: 1.0189
Epoch 102/1000, Train Loss: 0.4511, Validation Loss: 4.3535
Epoch 103/1000, Train Loss: 0.4455, Validation Loss: 0.7858
Epoch 104/1000, Train Loss: 0.4470, Validation Loss: 1.4756
Epoch 105/1000, Train Loss: 0.4557, Validation Loss: 0.8094
Epoch 106/1000, Train Loss: 0.4393, Validation Loss: 1.1295
Epoch 107/1000, Train Loss: 0.4511, Validation Loss: 0.8927
Epoch 108/1000, Train Loss: 0.4434, Validation Loss: 0.8520
Epoch 109/1000, Train Loss: 0.4462, Validation Loss: 1.2166
Epoch 110/1000, Train Loss: 0.4354, Validation Loss: 1.2240
Epoch 111/1000, Train Loss: 0.4416, Validation Loss: 3.3481
Epoch 112/1000, Train Loss: 0.4309, Validation Loss: 0.6970
Epoch 113/1000, Train Loss: 0.4404, Validation Loss: 1.2215
Epoch 114/1000, Train Loss: 0.4340, Validation Loss: 0.6589
Epoch 115/1000, Train Loss: 0.4375, Validation Loss: 1.2753
Epoch 116/1000, Train Loss: 0.4359, Validation Loss: 0.8886
Epoch 117/1000, Train Loss: 0.4359, Validation Loss: 0.5224
Epoch 118/1000, Train Loss: 0.4411, Validation Loss: 0.5780
Epoch 119/1000, Train Loss: 0.4559, Validation Loss: 0.5500
Epoch 120/1000, Train Loss: 0.4335, Validation Loss: 0.9094
Epoch 121/1000, Train Loss: 0.4313, Validation Loss: 1.0102
Epoch 122/1000, Train Loss: 0.4215, Validation Loss: 0.7622
Epoch 123/1000, Train Loss: 0.4211, Validation Loss: 3.5563
Epoch 124/1000, Train Loss: 0.4258, Validation Loss: 0.6182
Epoch 125/1000, Train Loss: 0.4217, Validation Loss: 0.5122
Epoch 126/1000, Train Loss: 0.4327, Validation Loss: 0.3986
Epoch 127/1000, Train Loss: 0.4296, Validation Loss: 0.6552
Epoch 128/1000, Train Loss: 0.4321, Validation Loss: 0.8336
Epoch 129/1000, Train Loss: 0.4192, Validation Loss: 0.4603
Epoch 130/1000, Train Loss: 0.4215, Validation Loss: 2.3278
Epoch 131/1000, Train Loss: 0.4214, Validation Loss: 1.3885
Epoch 132/1000, Train Loss: 0.4285, Validation Loss: 2.1291
Epoch 133/1000, Train Loss: 0.4202, Validation Loss: 1.5214
Epoch 134/1000, Train Loss: 0.4160, Validation Loss: 0.4824
Epoch 135/1000, Train Loss: 0.4154, Validation Loss: 0.4854
Epoch 136/1000, Train Loss: 0.4156, Validation Loss: 1.0004
Epoch 137/1000, Train Loss: 0.4246, Validation Loss: 0.5336
Epoch 138/1000, Train Loss: 0.4142, Validation Loss: 6.8262
Epoch 139/1000, Train Loss: 0.4169, Validation Loss: 1.2550
Epoch 140/1000, Train Loss: 0.4111, Validation Loss: 0.5532
Epoch 141/1000, Train Loss: 0.4136, Validation Loss: 0.5627
Epoch 142/1000, Train Loss: 0.4144, Validation Loss: 0.6202
Epoch 143/1000, Train Loss: 0.4139, Validation Loss: 0.4944
Epoch 144/1000, Train Loss: 0.4221, Validation Loss: 0.6209
Epoch 145/1000, Train Loss: 0.4235, Validation Loss: 4.5049
Epoch 146/1000, Train Loss: 0.4181, Validation Loss: 0.6182
Epoch 147/1000, Train Loss: 0.4180, Validation Loss: 1.0601
Epoch 148/1000, Train Loss: 0.4052, Validation Loss: 0.5236
Epoch 149/1000, Train Loss: 0.4077, Validation Loss: 0.8995
Epoch 150/1000, Train Loss: 0.4109, Validation Loss: 0.6784
Epoch 151/1000, Train Loss: 0.4035, Validation Loss: 1.6847
Epoch 152/1000, Train Loss: 0.4163, Validation Loss: 0.6304
Epoch 153/1000, Train Loss: 0.4084, Validation Loss: 0.9124
Epoch 154/1000, Train Loss: 0.4104, Validation Loss: 1.0158
Epoch 155/1000, Train Loss: 0.4091, Validation Loss: 0.6835
Epoch 156/1000, Train Loss: 0.4191, Validation Loss: 0.9561
Epoch 157/1000, Train Loss: 0.4034, Validation Loss: 1.5322
Epoch 158/1000, Train Loss: 0.4236, Validation Loss: 0.7495
Epoch 159/1000, Train Loss: 0.4039, Validation Loss: 1.2852
Epoch 160/1000, Train Loss: 0.4222, Validation Loss: 0.8692
Epoch 161/1000, Train Loss: 0.4007, Validation Loss: 0.4775
Epoch 162/1000, Train Loss: 0.4191, Validation Loss: 4.3057
Epoch 163/1000, Train Loss: 0.4075, Validation Loss: 0.7819
Epoch 164/1000, Train Loss: 0.4116, Validation Loss: 1.1603
Epoch 165/1000, Train Loss: 0.4120, Validation Loss: 0.8008
Epoch 166/1000, Train Loss: 0.4066, Validation Loss: 1.8753
Epoch 167/1000, Train Loss: 0.4053, Validation Loss: 0.6069
Epoch 168/1000, Train Loss: 0.4139, Validation Loss: 0.4828
Epoch 169/1000, Train Loss: 0.4173, Validation Loss: 2.7167
Epoch 170/1000, Train Loss: 0.3997, Validation Loss: 0.4435
Epoch 171/1000, Train Loss: 0.4068, Validation Loss: 0.6648
Epoch 172/1000, Train Loss: 0.3956, Validation Loss: 1.0085
Epoch 173/1000, Train Loss: 0.3960, Validation Loss: 2.6282
Epoch 174/1000, Train Loss: 0.4014, Validation Loss: 2.0998
Epoch 175/1000, Train Loss: 0.3988, Validation Loss: 0.7294
Epoch 176/1000, Train Loss: 0.3990, Validation Loss: 0.4099
Epoch 177/1000, Train Loss: 0.3997, Validation Loss: 0.7930
Epoch 178/1000, Train Loss: 0.3938, Validation Loss: 0.7688
Epoch 179/1000, Train Loss: 0.3962, Validation Loss: 1.0233
Epoch 180/1000, Train Loss: 0.3978, Validation Loss: 0.5925
Epoch 181/1000, Train Loss: 0.3907, Validation Loss: 3.1140
Epoch 182/1000, Train Loss: 0.3894, Validation Loss: 0.5714
Epoch 183/1000, Train Loss: 0.3940, Validation Loss: 0.7814
Epoch 184/1000, Train Loss: 0.4034, Validation Loss: 1.3464
Epoch 185/1000, Train Loss: 0.3877, Validation Loss: 0.7183
Epoch 186/1000, Train Loss: 0.4031, Validation Loss: 0.4441
Epoch 187/1000, Train Loss: 0.3867, Validation Loss: 0.7619
Epoch 188/1000, Train Loss: 0.3935, Validation Loss: 1.4588
Epoch 189/1000, Train Loss: 0.4059, Validation Loss: 1.4431
Epoch 190/1000, Train Loss: 0.3912, Validation Loss: 0.7779
Epoch 191/1000, Train Loss: 0.4022, Validation Loss: 0.8069
Epoch 192/1000, Train Loss: 0.3924, Validation Loss: 0.6363
Epoch 193/1000, Train Loss: 0.3893, Validation Loss: 0.5586
Epoch 194/1000, Train Loss: 0.3944, Validation Loss: 0.5531
Epoch 195/1000, Train Loss: 0.3966, Validation Loss: 0.9342
Epoch 196/1000, Train Loss: 0.3973, Validation Loss: 1.7137
Epoch 197/1000, Train Loss: 0.3929, Validation Loss: 0.5324
Epoch 198/1000, Train Loss: 0.3903, Validation Loss: 0.5002
Epoch 199/1000, Train Loss: 0.3936, Validation Loss: 3.2132
Epoch 200/1000, Train Loss: 0.3984, Validation Loss: 0.6537
Epoch 201/1000, Train Loss: 0.3880, Validation Loss: 0.4901
Epoch 202/1000, Train Loss: 0.3831, Validation Loss: 0.7780
Epoch 203/1000, Train Loss: 0.3932, Validation Loss: 0.7543
Epoch 204/1000, Train Loss: 0.3916, Validation Loss: 0.4839
Epoch 205/1000, Train Loss: 0.3857, Validation Loss: 0.9787
Epoch 206/1000, Train Loss: 0.3918, Validation Loss: 1.4856
Epoch 207/1000, Train Loss: 0.3742, Validation Loss: 1.6240
Epoch 208/1000, Train Loss: 0.3902, Validation Loss: 0.4317
Epoch 209/1000, Train Loss: 0.3764, Validation Loss: 0.8826
Epoch 210/1000, Train Loss: 0.3804, Validation Loss: 1.3071
Epoch 211/1000, Train Loss: 0.3839, Validation Loss: 0.4524
Epoch 212/1000, Train Loss: 0.3741, Validation Loss: 1.1681
Epoch 213/1000, Train Loss: 0.3909, Validation Loss: 0.5773
Epoch 214/1000, Train Loss: 0.3882, Validation Loss: 0.3852
Epoch 215/1000, Train Loss: 0.3846, Validation Loss: 1.3490
Epoch 216/1000, Train Loss: 0.3882, Validation Loss: 0.6340
Epoch 217/1000, Train Loss: 0.3771, Validation Loss: 0.5890
Epoch 218/1000, Train Loss: 0.3799, Validation Loss: 0.5259
Epoch 219/1000, Train Loss: 0.3913, Validation Loss: 0.5620
Epoch 220/1000, Train Loss: 0.3888, Validation Loss: 0.5196
Epoch 221/1000, Train Loss: 0.3761, Validation Loss: 0.6839
Epoch 222/1000, Train Loss: 0.3839, Validation Loss: 0.5641
Epoch 223/1000, Train Loss: 0.3821, Validation Loss: 0.4329
Epoch 224/1000, Train Loss: 0.3869, Validation Loss: 1.6857
Epoch 225/1000, Train Loss: 0.3799, Validation Loss: 0.7663
Epoch 226/1000, Train Loss: 0.3732, Validation Loss: 0.8192
Epoch 227/1000, Train Loss: 0.3811, Validation Loss: 1.2838
Epoch 228/1000, Train Loss: 0.3838, Validation Loss: 1.2052
Epoch 229/1000, Train Loss: 0.3781, Validation Loss: 0.5254
Epoch 230/1000, Train Loss: 0.3926, Validation Loss: 0.5234
Epoch 231/1000, Train Loss: 0.3914, Validation Loss: 2.0745
Epoch 232/1000, Train Loss: 0.3788, Validation Loss: 0.4995
Epoch 233/1000, Train Loss: 0.3810, Validation Loss: 0.4587
Epoch 234/1000, Train Loss: 0.3721, Validation Loss: 0.5741
Epoch 235/1000, Train Loss: 0.3850, Validation Loss: 0.8170
Epoch 236/1000, Train Loss: 0.3956, Validation Loss: 0.5374
Epoch 237/1000, Train Loss: 0.3809, Validation Loss: 0.6702
Epoch 238/1000, Train Loss: 0.3793, Validation Loss: 2.3213
Epoch 239/1000, Train Loss: 0.3849, Validation Loss: 0.6769
Epoch 240/1000, Train Loss: 0.3832, Validation Loss: 1.1159
Epoch 241/1000, Train Loss: 0.3724, Validation Loss: 0.8077
Epoch 242/1000, Train Loss: 0.3833, Validation Loss: 0.6783
Epoch 243/1000, Train Loss: 0.3679, Validation Loss: 1.1303
Epoch 244/1000, Train Loss: 0.3754, Validation Loss: 0.5835
Epoch 245/1000, Train Loss: 0.3823, Validation Loss: 1.2423
Epoch 246/1000, Train Loss: 0.3772, Validation Loss: 0.7381
Epoch 247/1000, Train Loss: 0.3592, Validation Loss: 0.4928
Epoch 248/1000, Train Loss: 0.3669, Validation Loss: 0.5115
Epoch 249/1000, Train Loss: 0.3807, Validation Loss: 0.6299
Epoch 250/1000, Train Loss: 0.3669, Validation Loss: 0.5006
Epoch 251/1000, Train Loss: 0.3727, Validation Loss: 0.5872
Epoch 252/1000, Train Loss: 0.3762, Validation Loss: 0.4271
Epoch 253/1000, Train Loss: 0.3698, Validation Loss: 0.8296
Epoch 254/1000, Train Loss: 0.3659, Validation Loss: 1.1536
Epoch 255/1000, Train Loss: 0.3678, Validation Loss: 0.9296
Epoch 256/1000, Train Loss: 0.3912, Validation Loss: 1.9874
Epoch 257/1000, Train Loss: 0.3886, Validation Loss: 1.2102
Epoch 258/1000, Train Loss: 0.3696, Validation Loss: 0.4861
Epoch 259/1000, Train Loss: 0.3705, Validation Loss: 0.7971
Epoch 260/1000, Train Loss: 0.3852, Validation Loss: 0.8706
Epoch 261/1000, Train Loss: 0.3787, Validation Loss: 0.5570
Epoch 262/1000, Train Loss: 0.3816, Validation Loss: 0.4006
Epoch 263/1000, Train Loss: 0.3761, Validation Loss: 0.4490
Epoch 264/1000, Train Loss: 0.3792, Validation Loss: 0.6711
Epoch 265/1000, Train Loss: 0.3664, Validation Loss: 0.9119
Epoch 266/1000, Train Loss: 0.3719, Validation Loss: 0.5028
Epoch 267/1000, Train Loss: 0.3701, Validation Loss: 0.5019
Epoch 268/1000, Train Loss: 0.3687, Validation Loss: 1.3139
Epoch 269/1000, Train Loss: 0.3662, Validation Loss: 0.7739
Epoch 270/1000, Train Loss: 0.3777, Validation Loss: 1.0772
Epoch 271/1000, Train Loss: 0.3702, Validation Loss: 1.1098
Epoch 272/1000, Train Loss: 0.3759, Validation Loss: 0.9867
Epoch 273/1000, Train Loss: 0.3649, Validation Loss: 0.5118
Epoch 274/1000, Train Loss: 0.3594, Validation Loss: 0.4038
Epoch 275/1000, Train Loss: 0.3692, Validation Loss: 0.4703
Epoch 276/1000, Train Loss: 0.3722, Validation Loss: 0.4640
Epoch 277/1000, Train Loss: 0.3642, Validation Loss: 0.9085
Epoch 278/1000, Train Loss: 0.3601, Validation Loss: 0.8695
Epoch 279/1000, Train Loss: 0.3666, Validation Loss: 0.5310
Epoch 280/1000, Train Loss: 0.3617, Validation Loss: 0.9108
Epoch 281/1000, Train Loss: 0.3655, Validation Loss: 1.0865
Epoch 282/1000, Train Loss: 0.3912, Validation Loss: 0.5518
Epoch 283/1000, Train Loss: 0.3635, Validation Loss: 0.4108
Epoch 284/1000, Train Loss: 0.3577, Validation Loss: 0.4399
Epoch 285/1000, Train Loss: 0.3623, Validation Loss: 0.4340
Epoch 286/1000, Train Loss: 0.3643, Validation Loss: 0.5591
Epoch 287/1000, Train Loss: 0.3608, Validation Loss: 0.4035
Epoch 288/1000, Train Loss: 0.3515, Validation Loss: 0.5572
Epoch 289/1000, Train Loss: 0.3765, Validation Loss: 0.6543
Epoch 290/1000, Train Loss: 0.3689, Validation Loss: 0.7503
Epoch 291/1000, Train Loss: 0.3530, Validation Loss: 0.4006
Epoch 292/1000, Train Loss: 0.3561, Validation Loss: 0.8618
Epoch 293/1000, Train Loss: 0.3665, Validation Loss: 0.6962
Epoch 294/1000, Train Loss: 0.3499, Validation Loss: 1.4427
Epoch 295/1000, Train Loss: 0.3466, Validation Loss: 0.7551
Epoch 296/1000, Train Loss: 0.3668, Validation Loss: 0.9953
Epoch 297/1000, Train Loss: 0.3591, Validation Loss: 0.5375
Epoch 298/1000, Train Loss: 0.3615, Validation Loss: 0.5542
Epoch 299/1000, Train Loss: 0.3603, Validation Loss: 0.4448
Epoch 300/1000, Train Loss: 0.3745, Validation Loss: 0.5734
Epoch 301/1000, Train Loss: 0.3628, Validation Loss: 0.9458
Epoch 302/1000, Train Loss: 0.3535, Validation Loss: 0.8060
Epoch 303/1000, Train Loss: 0.3836, Validation Loss: 1.0073
Epoch 304/1000, Train Loss: 0.3514, Validation Loss: 0.5189
Epoch 305/1000, Train Loss: 0.3752, Validation Loss: 2.8536
Epoch 306/1000, Train Loss: 0.3473, Validation Loss: 0.6373
Epoch 307/1000, Train Loss: 0.3628, Validation Loss: 1.8538
Epoch 308/1000, Train Loss: 0.3646, Validation Loss: 0.4208
Epoch 309/1000, Train Loss: 0.3563, Validation Loss: 1.6257
Epoch 310/1000, Train Loss: 0.3582, Validation Loss: 0.4652
Epoch 311/1000, Train Loss: 0.3616, Validation Loss: 0.8223
Epoch 312/1000, Train Loss: 0.3514, Validation Loss: 2.0459
Epoch 313/1000, Train Loss: 0.3493, Validation Loss: 0.5717
Epoch 314/1000, Train Loss: 0.3639, Validation Loss: 0.6003
Epoch 315/1000, Train Loss: 0.3558, Validation Loss: 0.9867
Epoch 316/1000, Train Loss: 0.3649, Validation Loss: 1.1881
Epoch 317/1000, Train Loss: 0.3551, Validation Loss: 1.4880
Epoch 318/1000, Train Loss: 0.3733, Validation Loss: 0.7530
Epoch 319/1000, Train Loss: 0.3545, Validation Loss: 0.4395
Epoch 320/1000, Train Loss: 0.3465, Validation Loss: 0.3468
Epoch 321/1000, Train Loss: 0.3506, Validation Loss: 0.4913
Epoch 322/1000, Train Loss: 0.3584, Validation Loss: 1.1280
Epoch 323/1000, Train Loss: 0.3578, Validation Loss: 2.3211
Epoch 324/1000, Train Loss: 0.3492, Validation Loss: 0.4242
Epoch 325/1000, Train Loss: 0.3489, Validation Loss: 0.4191
Epoch 326/1000, Train Loss: 0.3553, Validation Loss: 0.8643
Epoch 327/1000, Train Loss: 0.3535, Validation Loss: 0.4589
Epoch 328/1000, Train Loss: 0.3566, Validation Loss: 0.4660
Epoch 329/1000, Train Loss: 0.3527, Validation Loss: 1.1479
Epoch 330/1000, Train Loss: 0.3546, Validation Loss: 0.7972
Epoch 331/1000, Train Loss: 0.3666, Validation Loss: 0.7674
Epoch 332/1000, Train Loss: 0.3651, Validation Loss: 0.6194
Epoch 333/1000, Train Loss: 0.3627, Validation Loss: 1.4389
Epoch 334/1000, Train Loss: 0.3600, Validation Loss: 0.4338
Epoch 335/1000, Train Loss: 0.3604, Validation Loss: 1.1043
Epoch 336/1000, Train Loss: 0.3549, Validation Loss: 0.5503
Epoch 337/1000, Train Loss: 0.3465, Validation Loss: 2.0815
Epoch 338/1000, Train Loss: 0.3532, Validation Loss: 0.5562
Epoch 339/1000, Train Loss: 0.3672, Validation Loss: 0.7924
Epoch 340/1000, Train Loss: 0.3621, Validation Loss: 0.4397
Epoch 341/1000, Train Loss: 0.3548, Validation Loss: 0.7177
Epoch 342/1000, Train Loss: 0.3564, Validation Loss: 0.5167
Epoch 343/1000, Train Loss: 0.3538, Validation Loss: 0.4607
Epoch 344/1000, Train Loss: 0.3596, Validation Loss: 1.1556
Epoch 345/1000, Train Loss: 0.3404, Validation Loss: 0.6063
Epoch 346/1000, Train Loss: 0.3491, Validation Loss: 0.5099
Epoch 347/1000, Train Loss: 0.3562, Validation Loss: 0.3899
Epoch 348/1000, Train Loss: 0.3488, Validation Loss: 0.6669
Epoch 349/1000, Train Loss: 0.3526, Validation Loss: 0.5140
Epoch 350/1000, Train Loss: 0.3420, Validation Loss: 0.6737
Epoch 351/1000, Train Loss: 0.3443, Validation Loss: 0.6254
Epoch 352/1000, Train Loss: 0.3513, Validation Loss: 0.4834
Epoch 353/1000, Train Loss: 0.3481, Validation Loss: 0.6585
Epoch 354/1000, Train Loss: 0.3555, Validation Loss: 0.7679
Epoch 355/1000, Train Loss: 0.3525, Validation Loss: 0.5429
Epoch 356/1000, Train Loss: 0.3515, Validation Loss: 0.6741
Epoch 357/1000, Train Loss: 0.3544, Validation Loss: 0.4242
Epoch 358/1000, Train Loss: 0.3608, Validation Loss: 0.9665
Epoch 359/1000, Train Loss: 0.3474, Validation Loss: 0.4542
Epoch 360/1000, Train Loss: 0.3469, Validation Loss: 0.9226
Epoch 361/1000, Train Loss: 0.3456, Validation Loss: 1.0046
Epoch 362/1000, Train Loss: 0.3646, Validation Loss: 0.9488
Epoch 363/1000, Train Loss: 0.3578, Validation Loss: 0.4560
Epoch 364/1000, Train Loss: 0.3513, Validation Loss: 0.6179
Epoch 365/1000, Train Loss: 0.3399, Validation Loss: 0.5799
Epoch 366/1000, Train Loss: 0.3439, Validation Loss: 1.0850
Epoch 367/1000, Train Loss: 0.3415, Validation Loss: 0.6269
Epoch 368/1000, Train Loss: 0.3506, Validation Loss: 0.6880
Epoch 369/1000, Train Loss: 0.3516, Validation Loss: 1.0417
Epoch 370/1000, Train Loss: 0.3411, Validation Loss: 0.7980
Epoch 371/1000, Train Loss: 0.3462, Validation Loss: 1.2168
Epoch 372/1000, Train Loss: 0.3470, Validation Loss: 1.3359
Epoch 373/1000, Train Loss: 0.3482, Validation Loss: 0.8480
Epoch 374/1000, Train Loss: 0.3443, Validation Loss: 0.6629
Epoch 375/1000, Train Loss: 0.3426, Validation Loss: 0.7524
Epoch 376/1000, Train Loss: 0.3372, Validation Loss: 0.7974
Epoch 377/1000, Train Loss: 0.3470, Validation Loss: 0.4637
Epoch 378/1000, Train Loss: 0.3366, Validation Loss: 1.8135
Epoch 379/1000, Train Loss: 0.3635, Validation Loss: 1.6799
Epoch 380/1000, Train Loss: 0.3485, Validation Loss: 0.4045
Epoch 381/1000, Train Loss: 0.3455, Validation Loss: 0.3940
Epoch 382/1000, Train Loss: 0.3519, Validation Loss: 0.4671
Epoch 383/1000, Train Loss: 0.3407, Validation Loss: 0.7056
Epoch 384/1000, Train Loss: 0.3435, Validation Loss: 0.4389
Epoch 385/1000, Train Loss: 0.3621, Validation Loss: 0.4356
Epoch 386/1000, Train Loss: 0.3429, Validation Loss: 0.6476
Epoch 387/1000, Train Loss: 0.3425, Validation Loss: 0.4950
Epoch 388/1000, Train Loss: 0.3348, Validation Loss: 0.3622
Epoch 389/1000, Train Loss: 0.3371, Validation Loss: 0.4146
Epoch 390/1000, Train Loss: 0.3460, Validation Loss: 8.9243
Epoch 391/1000, Train Loss: 0.3534, Validation Loss: 0.6630
Epoch 392/1000, Train Loss: 0.3436, Validation Loss: 0.7488
Epoch 393/1000, Train Loss: 0.3400, Validation Loss: 0.4058
Epoch 394/1000, Train Loss: 0.3437, Validation Loss: 0.6446
Epoch 395/1000, Train Loss: 0.3336, Validation Loss: 0.4730
Epoch 396/1000, Train Loss: 0.3416, Validation Loss: 2.9567
Epoch 397/1000, Train Loss: 0.3538, Validation Loss: 0.9389
Epoch 398/1000, Train Loss: 0.3391, Validation Loss: 0.4084
Epoch 399/1000, Train Loss: 0.3393, Validation Loss: 0.4171
Epoch 400/1000, Train Loss: 0.3408, Validation Loss: 0.9587
Epoch 401/1000, Train Loss: 0.3504, Validation Loss: 0.3628
Epoch 402/1000, Train Loss: 0.3520, Validation Loss: 0.9778
Epoch 403/1000, Train Loss: 0.3409, Validation Loss: 0.5170
Epoch 404/1000, Train Loss: 0.3447, Validation Loss: 0.4154
Epoch 405/1000, Train Loss: 0.3423, Validation Loss: 0.7624
Epoch 406/1000, Train Loss: 0.3408, Validation Loss: 1.2159
Epoch 407/1000, Train Loss: 0.3333, Validation Loss: 0.4596
Epoch 408/1000, Train Loss: 0.3433, Validation Loss: 0.5263
Epoch 409/1000, Train Loss: 0.3354, Validation Loss: 0.3851
Epoch 410/1000, Train Loss: 0.3351, Validation Loss: 1.1193
Epoch 411/1000, Train Loss: 0.3360, Validation Loss: 1.6136
Epoch 412/1000, Train Loss: 0.3419, Validation Loss: 0.3967
Epoch 413/1000, Train Loss: 0.3474, Validation Loss: 0.3526
Epoch 414/1000, Train Loss: 0.3446, Validation Loss: 0.7141
Epoch 415/1000, Train Loss: 0.3441, Validation Loss: 0.4704
Epoch 416/1000, Train Loss: 0.3418, Validation Loss: 0.4385
Epoch 417/1000, Train Loss: 0.3577, Validation Loss: 0.7260
Epoch 418/1000, Train Loss: 0.3466, Validation Loss: 0.6391
Epoch 419/1000, Train Loss: 0.3261, Validation Loss: 0.7877
Epoch 420/1000, Train Loss: 0.3354, Validation Loss: 0.7724
Epoch 421/1000, Train Loss: 0.3464, Validation Loss: 0.4368
Epoch 422/1000, Train Loss: 0.3427, Validation Loss: 0.5784
Epoch 423/1000, Train Loss: 0.3459, Validation Loss: 0.8564
Epoch 424/1000, Train Loss: 0.3341, Validation Loss: 0.5025
Epoch 425/1000, Train Loss: 0.3421, Validation Loss: 0.3823
Epoch 426/1000, Train Loss: 0.3313, Validation Loss: 0.5143
Epoch 427/1000, Train Loss: 0.3329, Validation Loss: 0.8084
Epoch 428/1000, Train Loss: 0.3416, Validation Loss: 0.6163
Epoch 429/1000, Train Loss: 0.3344, Validation Loss: 0.3684
Epoch 430/1000, Train Loss: 0.3466, Validation Loss: 0.4782
Epoch 431/1000, Train Loss: 0.3283, Validation Loss: 0.6535
Epoch 432/1000, Train Loss: 0.3445, Validation Loss: 0.6226
Epoch 433/1000, Train Loss: 0.3585, Validation Loss: 0.4010
Epoch 434/1000, Train Loss: 0.3394, Validation Loss: 0.6407
Epoch 435/1000, Train Loss: 0.3489, Validation Loss: 0.4643
Epoch 436/1000, Train Loss: 0.3394, Validation Loss: 0.8714
Epoch 437/1000, Train Loss: 0.3426, Validation Loss: 0.3845
Epoch 438/1000, Train Loss: 0.3465, Validation Loss: 0.4803
Epoch 439/1000, Train Loss: 0.3312, Validation Loss: 0.6320
Epoch 440/1000, Train Loss: 0.3389, Validation Loss: 0.9011
Epoch 441/1000, Train Loss: 0.3508, Validation Loss: 0.5673
Epoch 442/1000, Train Loss: 0.3568, Validation Loss: 0.4939
Epoch 443/1000, Train Loss: 0.3321, Validation Loss: 0.4674
Epoch 444/1000, Train Loss: 0.3481, Validation Loss: 1.7263
Epoch 445/1000, Train Loss: 0.3417, Validation Loss: 0.5426
Epoch 446/1000, Train Loss: 0.3383, Validation Loss: 1.4931
Epoch 447/1000, Train Loss: 0.3378, Validation Loss: 0.6410
Epoch 448/1000, Train Loss: 0.3328, Validation Loss: 0.4078
Epoch 449/1000, Train Loss: 0.3333, Validation Loss: 1.0118
Epoch 450/1000, Train Loss: 0.3486, Validation Loss: 0.7576
Epoch 451/1000, Train Loss: 0.3412, Validation Loss: 0.4391
Epoch 452/1000, Train Loss: 0.3632, Validation Loss: 0.4991
Epoch 453/1000, Train Loss: 0.3563, Validation Loss: 0.7755
Epoch 454/1000, Train Loss: 0.3428, Validation Loss: 0.4021
Epoch 455/1000, Train Loss: 0.3276, Validation Loss: 0.8680
Epoch 456/1000, Train Loss: 0.3302, Validation Loss: 0.4057
Epoch 457/1000, Train Loss: 0.3312, Validation Loss: 1.0829
Epoch 458/1000, Train Loss: 0.3341, Validation Loss: 0.5612
Epoch 459/1000, Train Loss: 0.3303, Validation Loss: 0.4136
Epoch 460/1000, Train Loss: 0.3334, Validation Loss: 0.6551
Epoch 461/1000, Train Loss: 0.3340, Validation Loss: 0.3807
Epoch 462/1000, Train Loss: 0.3351, Validation Loss: 0.7727
Epoch 463/1000, Train Loss: 0.3358, Validation Loss: 1.8542
Epoch 464/1000, Train Loss: 0.3379, Validation Loss: 0.9767
Epoch 465/1000, Train Loss: 0.3426, Validation Loss: 1.3556
Epoch 466/1000, Train Loss: 0.3556, Validation Loss: 0.7029
Epoch 467/1000, Train Loss: 0.3414, Validation Loss: 1.3275
Epoch 468/1000, Train Loss: 0.3505, Validation Loss: 0.4342
Epoch 469/1000, Train Loss: 0.3369, Validation Loss: 0.4958
Epoch 470/1000, Train Loss: 0.3441, Validation Loss: 0.7189
Epoch 471/1000, Train Loss: 0.3398, Validation Loss: 0.6881
Epoch 472/1000, Train Loss: 0.3445, Validation Loss: 0.4694
Epoch 473/1000, Train Loss: 0.3361, Validation Loss: 0.9682
Epoch 474/1000, Train Loss: 0.3489, Validation Loss: 0.4797
Epoch 475/1000, Train Loss: 0.3476, Validation Loss: 0.4891
Epoch 476/1000, Train Loss: 0.3346, Validation Loss: 0.8939
Epoch 477/1000, Train Loss: 0.3356, Validation Loss: 0.4118
Epoch 478/1000, Train Loss: 0.3280, Validation Loss: 1.0370
Epoch 479/1000, Train Loss: 0.3248, Validation Loss: 0.5401
Epoch 480/1000, Train Loss: 0.3344, Validation Loss: 0.6803
Epoch 481/1000, Train Loss: 0.3373, Validation Loss: 0.3866
Epoch 482/1000, Train Loss: 0.3461, Validation Loss: 1.3143
Epoch 483/1000, Train Loss: 0.3333, Validation Loss: 0.8152
Epoch 484/1000, Train Loss: 0.3314, Validation Loss: 0.6585
Epoch 485/1000, Train Loss: 0.3311, Validation Loss: 0.5713
Epoch 486/1000, Train Loss: 0.3220, Validation Loss: 0.7883
Epoch 487/1000, Train Loss: 0.3377, Validation Loss: 0.9716
Epoch 488/1000, Train Loss: 0.3255, Validation Loss: 0.4986
Epoch 489/1000, Train Loss: 0.3244, Validation Loss: 0.6032
Epoch 490/1000, Train Loss: 0.3276, Validation Loss: 0.5908
Epoch 491/1000, Train Loss: 0.3341, Validation Loss: 0.4149
Epoch 492/1000, Train Loss: 0.3321, Validation Loss: 0.4637
Epoch 493/1000, Train Loss: 0.3313, Validation Loss: 0.3886
Epoch 494/1000, Train Loss: 0.3394, Validation Loss: 0.3861
Epoch 495/1000, Train Loss: 0.3316, Validation Loss: 0.5876
Epoch 496/1000, Train Loss: 0.3352, Validation Loss: 0.6307
Epoch 497/1000, Train Loss: 0.3381, Validation Loss: 0.4352
Epoch 498/1000, Train Loss: 0.3327, Validation Loss: 0.8667
Epoch 499/1000, Train Loss: 0.3300, Validation Loss: 0.9862
Epoch 500/1000, Train Loss: 0.3257, Validation Loss: 0.4478
Epoch 501/1000, Train Loss: 0.3380, Validation Loss: 0.3726
Epoch 502/1000, Train Loss: 0.3289, Validation Loss: 1.0709
Epoch 503/1000, Train Loss: 0.3339, Validation Loss: 0.6002
Epoch 504/1000, Train Loss: 0.3312, Validation Loss: 0.7613
Epoch 505/1000, Train Loss: 0.3348, Validation Loss: 0.7702
Epoch 506/1000, Train Loss: 0.3330, Validation Loss: 0.4272
Epoch 507/1000, Train Loss: 0.3391, Validation Loss: 1.1470
Epoch 508/1000, Train Loss: 0.3547, Validation Loss: 0.9690
Epoch 509/1000, Train Loss: 0.3381, Validation Loss: 0.8494
Epoch 510/1000, Train Loss: 0.3233, Validation Loss: 0.5059
Epoch 511/1000, Train Loss: 0.3280, Validation Loss: 0.4020
Epoch 512/1000, Train Loss: 0.3384, Validation Loss: 0.7485
Epoch 513/1000, Train Loss: 0.3328, Validation Loss: 0.5736
Epoch 514/1000, Train Loss: 0.3398, Validation Loss: 0.4410
Epoch 515/1000, Train Loss: 0.3318, Validation Loss: 1.6168
Epoch 516/1000, Train Loss: 0.3433, Validation Loss: 0.4801
Epoch 517/1000, Train Loss: 0.3316, Validation Loss: 0.3707
Epoch 518/1000, Train Loss: 0.3332, Validation Loss: 0.6632
Epoch 519/1000, Train Loss: 0.3276, Validation Loss: 0.3909
Epoch 520/1000, Train Loss: 0.3268, Validation Loss: 0.7616
Epoch 521/1000, Train Loss: 0.3257, Validation Loss: 0.3942
Epoch 522/1000, Train Loss: 0.3371, Validation Loss: 0.5330
Epoch 523/1000, Train Loss: 0.3333, Validation Loss: 0.5152
Epoch 524/1000, Train Loss: 0.3421, Validation Loss: 0.9619
Epoch 525/1000, Train Loss: 0.3292, Validation Loss: 0.9277
Epoch 526/1000, Train Loss: 0.3321, Validation Loss: 0.6442
Epoch 527/1000, Train Loss: 0.3303, Validation Loss: 0.4045
Epoch 528/1000, Train Loss: 0.3366, Validation Loss: 0.4745
Epoch 529/1000, Train Loss: 0.3501, Validation Loss: 0.4591
Epoch 530/1000, Train Loss: 0.3276, Validation Loss: 0.7721
Epoch 531/1000, Train Loss: 0.3388, Validation Loss: 0.7208
Epoch 532/1000, Train Loss: 0.3159, Validation Loss: 0.9847
Epoch 533/1000, Train Loss: 0.3311, Validation Loss: 0.3479
Epoch 534/1000, Train Loss: 0.3269, Validation Loss: 0.3236
Epoch 535/1000, Train Loss: 0.3239, Validation Loss: 0.4591
Epoch 536/1000, Train Loss: 0.3334, Validation Loss: 0.9961
Epoch 537/1000, Train Loss: 0.3207, Validation Loss: 0.8997
Epoch 538/1000, Train Loss: 0.3252, Validation Loss: 0.4392
Epoch 539/1000, Train Loss: 0.3265, Validation Loss: 1.3211
Epoch 540/1000, Train Loss: 0.3291, Validation Loss: 1.0430
Epoch 541/1000, Train Loss: 0.3279, Validation Loss: 0.5455
Epoch 542/1000, Train Loss: 0.3386, Validation Loss: 0.6594
Epoch 543/1000, Train Loss: 0.3369, Validation Loss: 0.3920
Epoch 544/1000, Train Loss: 0.3297, Validation Loss: 0.7387
Epoch 545/1000, Train Loss: 0.3298, Validation Loss: 0.7154
Epoch 546/1000, Train Loss: 0.3305, Validation Loss: 0.4778
Epoch 547/1000, Train Loss: 0.3343, Validation Loss: 0.7565
Epoch 548/1000, Train Loss: 0.3251, Validation Loss: 0.4432
Epoch 549/1000, Train Loss: 0.3331, Validation Loss: 0.5239
Epoch 550/1000, Train Loss: 0.3285, Validation Loss: 0.5629
Epoch 551/1000, Train Loss: 0.3370, Validation Loss: 0.6975
Epoch 552/1000, Train Loss: 0.3327, Validation Loss: 0.5027
Epoch 553/1000, Train Loss: 0.3387, Validation Loss: 1.4511
Epoch 554/1000, Train Loss: 0.3257, Validation Loss: 0.7058
Epoch 555/1000, Train Loss: 0.3285, Validation Loss: 0.5294
Epoch 556/1000, Train Loss: 0.3367, Validation Loss: 0.4458
Epoch 557/1000, Train Loss: 0.3268, Validation Loss: 0.5450
Epoch 558/1000, Train Loss: 0.3203, Validation Loss: 0.5166
Epoch 559/1000, Train Loss: 0.3209, Validation Loss: 0.4926
Epoch 560/1000, Train Loss: 0.3374, Validation Loss: 0.4550
Epoch 561/1000, Train Loss: 0.3291, Validation Loss: 0.6184
Epoch 562/1000, Train Loss: 0.3299, Validation Loss: 0.7270
Epoch 563/1000, Train Loss: 0.3259, Validation Loss: 0.8998
Epoch 564/1000, Train Loss: 0.3296, Validation Loss: 0.5013
Epoch 565/1000, Train Loss: 0.3254, Validation Loss: 0.6976
Epoch 566/1000, Train Loss: 0.3263, Validation Loss: 0.7401
Epoch 567/1000, Train Loss: 0.3201, Validation Loss: 0.6911
Epoch 568/1000, Train Loss: 0.3345, Validation Loss: 0.9734
Epoch 569/1000, Train Loss: 0.3331, Validation Loss: 0.5638
Epoch 570/1000, Train Loss: 0.3201, Validation Loss: 0.5656
Epoch 571/1000, Train Loss: 0.3228, Validation Loss: 0.4331
Epoch 572/1000, Train Loss: 0.3375, Validation Loss: 0.6949
Epoch 573/1000, Train Loss: 0.3421, Validation Loss: 1.5762
Epoch 574/1000, Train Loss: 0.3237, Validation Loss: 0.4207
Epoch 575/1000, Train Loss: 0.3202, Validation Loss: 0.5529
Epoch 576/1000, Train Loss: 0.3283, Validation Loss: 0.4381
Epoch 577/1000, Train Loss: 0.3209, Validation Loss: 0.6194
Epoch 578/1000, Train Loss: 0.3093, Validation Loss: 0.5951
Epoch 579/1000, Train Loss: 0.3292, Validation Loss: 0.4120
Epoch 580/1000, Train Loss: 0.3356, Validation Loss: 0.6643
Epoch 581/1000, Train Loss: 0.3323, Validation Loss: 0.7249
Epoch 582/1000, Train Loss: 0.3341, Validation Loss: 0.7601
Epoch 583/1000, Train Loss: 0.3195, Validation Loss: 1.0603
Epoch 584/1000, Train Loss: 0.3261, Validation Loss: 1.3980
Epoch 585/1000, Train Loss: 0.3231, Validation Loss: 0.4411
Epoch 586/1000, Train Loss: 0.3317, Validation Loss: 0.5441
Epoch 587/1000, Train Loss: 0.3204, Validation Loss: 1.0673
Epoch 588/1000, Train Loss: 0.3412, Validation Loss: 1.3400
Epoch 589/1000, Train Loss: 0.3244, Validation Loss: 0.5533
Epoch 590/1000, Train Loss: 0.3304, Validation Loss: 1.3095
Epoch 591/1000, Train Loss: 0.3381, Validation Loss: 0.3507
Epoch 592/1000, Train Loss: 0.3232, Validation Loss: 1.2127
Epoch 593/1000, Train Loss: 0.3170, Validation Loss: 0.4580
Epoch 594/1000, Train Loss: 0.3204, Validation Loss: 0.4760
Epoch 595/1000, Train Loss: 0.3264, Validation Loss: 0.6106
Epoch 596/1000, Train Loss: 0.3406, Validation Loss: 1.4158
Epoch 597/1000, Train Loss: 0.3235, Validation Loss: 0.5995
Epoch 598/1000, Train Loss: 0.3282, Validation Loss: 0.4011
Epoch 599/1000, Train Loss: 0.3283, Validation Loss: 1.4659
Epoch 600/1000, Train Loss: 0.3323, Validation Loss: 0.6162
Epoch 601/1000, Train Loss: 0.3207, Validation Loss: 0.5144
Epoch 602/1000, Train Loss: 0.3142, Validation Loss: 1.8548
Epoch 603/1000, Train Loss: 0.3232, Validation Loss: 0.6221
Epoch 604/1000, Train Loss: 0.3239, Validation Loss: 0.6385
Epoch 605/1000, Train Loss: 0.3214, Validation Loss: 0.4096
Epoch 606/1000, Train Loss: 0.3168, Validation Loss: 0.7033
Epoch 607/1000, Train Loss: 0.3208, Validation Loss: 0.7238
Epoch 608/1000, Train Loss: 0.3347, Validation Loss: 0.4907
Epoch 609/1000, Train Loss: 0.3335, Validation Loss: 0.6785
Epoch 610/1000, Train Loss: 0.3275, Validation Loss: 0.4875
Epoch 611/1000, Train Loss: 0.3274, Validation Loss: 1.3024
Epoch 612/1000, Train Loss: 0.3222, Validation Loss: 0.8150
Epoch 613/1000, Train Loss: 0.3263, Validation Loss: 0.4964
Epoch 614/1000, Train Loss: 0.3384, Validation Loss: 0.5149
Epoch 615/1000, Train Loss: 0.3252, Validation Loss: 0.3787
Epoch 616/1000, Train Loss: 0.3175, Validation Loss: 1.1587
Epoch 617/1000, Train Loss: 0.3168, Validation Loss: 0.3758
Epoch 618/1000, Train Loss: 0.3144, Validation Loss: 0.8412
Epoch 619/1000, Train Loss: 0.3226, Validation Loss: 1.4891
Epoch 620/1000, Train Loss: 0.3255, Validation Loss: 0.6175
Epoch 621/1000, Train Loss: 0.3172, Validation Loss: 0.3825
Epoch 622/1000, Train Loss: 0.3290, Validation Loss: 0.4771
Epoch 623/1000, Train Loss: 0.3180, Validation Loss: 0.4111
Epoch 624/1000, Train Loss: 0.3181, Validation Loss: 1.3892
Epoch 625/1000, Train Loss: 0.3313, Validation Loss: 0.3737
Epoch 626/1000, Train Loss: 0.3201, Validation Loss: 0.5919
Epoch 627/1000, Train Loss: 0.3321, Validation Loss: 0.4617
Epoch 628/1000, Train Loss: 0.3252, Validation Loss: 0.6020
Epoch 629/1000, Train Loss: 0.3261, Validation Loss: 0.7882
Epoch 630/1000, Train Loss: 0.3255, Validation Loss: 0.8323
Epoch 631/1000, Train Loss: 0.3162, Validation Loss: 0.5171
Epoch 632/1000, Train Loss: 0.3076, Validation Loss: 0.3908
Epoch 633/1000, Train Loss: 0.3172, Validation Loss: 1.9412
Epoch 634/1000, Train Loss: 0.3133, Validation Loss: 0.5270
Epoch 635/1000, Train Loss: 0.3266, Validation Loss: 0.4237
Epoch 636/1000, Train Loss: 0.3187, Validation Loss: 0.9472
Epoch 637/1000, Train Loss: 0.3076, Validation Loss: 1.0264
Epoch 638/1000, Train Loss: 0.3240, Validation Loss: 0.4351
Epoch 639/1000, Train Loss: 0.3231, Validation Loss: 1.0117
Epoch 640/1000, Train Loss: 0.3358, Validation Loss: 0.3725
Epoch 641/1000, Train Loss: 0.3175, Validation Loss: 1.2868
Epoch 642/1000, Train Loss: 0.3369, Validation Loss: 0.5656
Epoch 643/1000, Train Loss: 0.3274, Validation Loss: 0.5420
Epoch 644/1000, Train Loss: 0.3224, Validation Loss: 0.4376
Epoch 645/1000, Train Loss: 0.3258, Validation Loss: 1.2061
Epoch 646/1000, Train Loss: 0.3201, Validation Loss: 0.5122
Epoch 647/1000, Train Loss: 0.3082, Validation Loss: 0.6787
Epoch 648/1000, Train Loss: 0.3252, Validation Loss: 1.0724
Epoch 649/1000, Train Loss: 0.3294, Validation Loss: 0.7260
Epoch 650/1000, Train Loss: 0.3247, Validation Loss: 1.5811
Epoch 651/1000, Train Loss: 0.3436, Validation Loss: 0.6422
Epoch 652/1000, Train Loss: 0.3208, Validation Loss: 1.8250
Epoch 653/1000, Train Loss: 0.3233, Validation Loss: 0.4074
Epoch 654/1000, Train Loss: 0.3155, Validation Loss: 1.0609
Epoch 655/1000, Train Loss: 0.3164, Validation Loss: 0.6049
Epoch 656/1000, Train Loss: 0.3262, Validation Loss: 1.1257
Epoch 657/1000, Train Loss: 0.3110, Validation Loss: 0.5354
Epoch 658/1000, Train Loss: 0.3222, Validation Loss: 0.5038
Epoch 659/1000, Train Loss: 0.3157, Validation Loss: 0.9523
Epoch 660/1000, Train Loss: 0.3149, Validation Loss: 0.6113
Epoch 661/1000, Train Loss: 0.3217, Validation Loss: 0.3486
Epoch 662/1000, Train Loss: 0.3174, Validation Loss: 0.4180
Epoch 663/1000, Train Loss: 0.3202, Validation Loss: 0.6770
Epoch 664/1000, Train Loss: 0.3257, Validation Loss: 0.6274
Epoch 665/1000, Train Loss: 0.3141, Validation Loss: 0.4381
Epoch 666/1000, Train Loss: 0.3193, Validation Loss: 0.3701
Epoch 667/1000, Train Loss: 0.3244, Validation Loss: 0.6561
Epoch 668/1000, Train Loss: 0.3085, Validation Loss: 0.7186
Epoch 669/1000, Train Loss: 0.3334, Validation Loss: 0.7354
Epoch 670/1000, Train Loss: 0.3194, Validation Loss: 0.4856
Epoch 671/1000, Train Loss: 0.3280, Validation Loss: 0.6241
Epoch 672/1000, Train Loss: 0.3188, Validation Loss: 0.4946
Epoch 673/1000, Train Loss: 0.3231, Validation Loss: 0.4575
Epoch 674/1000, Train Loss: 0.3140, Validation Loss: 0.3804
Epoch 675/1000, Train Loss: 0.3253, Validation Loss: 0.9708
Epoch 676/1000, Train Loss: 0.3195, Validation Loss: 2.7690
Epoch 677/1000, Train Loss: 0.3252, Validation Loss: 0.8023
Epoch 678/1000, Train Loss: 0.3212, Validation Loss: 0.4775
Epoch 679/1000, Train Loss: 0.3295, Validation Loss: 0.9705
Epoch 680/1000, Train Loss: 0.3287, Validation Loss: 0.5849
Epoch 681/1000, Train Loss: 0.3160, Validation Loss: 0.6271
Epoch 682/1000, Train Loss: 0.3230, Validation Loss: 0.6183
Epoch 683/1000, Train Loss: 0.3312, Validation Loss: 0.4775
Epoch 684/1000, Train Loss: 0.3153, Validation Loss: 1.1085
Epoch 685/1000, Train Loss: 0.3222, Validation Loss: 1.0682
Epoch 686/1000, Train Loss: 0.3269, Validation Loss: 0.4926
Epoch 687/1000, Train Loss: 0.3182, Validation Loss: 0.5826
Epoch 688/1000, Train Loss: 0.3097, Validation Loss: 0.4110
Epoch 689/1000, Train Loss: 0.3168, Validation Loss: 1.1554
Epoch 690/1000, Train Loss: 0.3152, Validation Loss: 1.5557
Epoch 691/1000, Train Loss: 0.3231, Validation Loss: 0.6784
Epoch 692/1000, Train Loss: 0.3187, Validation Loss: 0.3598
Epoch 693/1000, Train Loss: 0.3231, Validation Loss: 0.9602
Epoch 694/1000, Train Loss: 0.3154, Validation Loss: 1.2869
Epoch 695/1000, Train Loss: 0.3229, Validation Loss: 4.7678
Epoch 696/1000, Train Loss: 0.3235, Validation Loss: 0.4422
Epoch 697/1000, Train Loss: 0.3164, Validation Loss: 0.8555
Epoch 698/1000, Train Loss: 0.3196, Validation Loss: 0.5817
Epoch 699/1000, Train Loss: 0.3083, Validation Loss: 0.5647
Epoch 700/1000, Train Loss: 0.3150, Validation Loss: 0.3726
Epoch 701/1000, Train Loss: 0.3249, Validation Loss: 0.8291
Epoch 702/1000, Train Loss: 0.3217, Validation Loss: 1.1180
Epoch 703/1000, Train Loss: 0.3231, Validation Loss: 0.7365
Epoch 704/1000, Train Loss: 0.3172, Validation Loss: 0.5451
Epoch 705/1000, Train Loss: 0.3338, Validation Loss: 0.7091
Epoch 706/1000, Train Loss: 0.3241, Validation Loss: 0.6934
Epoch 707/1000, Train Loss: 0.3196, Validation Loss: 0.6909
Epoch 708/1000, Train Loss: 0.3227, Validation Loss: 0.6283
Epoch 709/1000, Train Loss: 0.3257, Validation Loss: 0.4112
Epoch 710/1000, Train Loss: 0.3293, Validation Loss: 0.4036
Epoch 711/1000, Train Loss: 0.3156, Validation Loss: 0.5259
Epoch 712/1000, Train Loss: 0.3145, Validation Loss: 0.3606
Epoch 713/1000, Train Loss: 0.3062, Validation Loss: 0.5011
Epoch 714/1000, Train Loss: 0.3125, Validation Loss: 0.9552
Epoch 715/1000, Train Loss: 0.3254, Validation Loss: 0.4577
Epoch 716/1000, Train Loss: 0.3138, Validation Loss: 5.3935
Epoch 717/1000, Train Loss: 0.3053, Validation Loss: 0.6042
Epoch 718/1000, Train Loss: 0.3236, Validation Loss: 0.6802
Epoch 719/1000, Train Loss: 0.3138, Validation Loss: 0.8029
Epoch 720/1000, Train Loss: 0.3131, Validation Loss: 0.8499
Epoch 721/1000, Train Loss: 0.3103, Validation Loss: 0.3622
Epoch 722/1000, Train Loss: 0.3218, Validation Loss: 0.6895
Epoch 723/1000, Train Loss: 0.3157, Validation Loss: 0.5510
Epoch 724/1000, Train Loss: 0.3182, Validation Loss: 0.4170
Epoch 725/1000, Train Loss: 0.3126, Validation Loss: 0.8898
Epoch 726/1000, Train Loss: 0.3095, Validation Loss: 0.3613
Epoch 727/1000, Train Loss: 0.3091, Validation Loss: 0.5566
Epoch 728/1000, Train Loss: 0.3097, Validation Loss: 0.5823
Epoch 729/1000, Train Loss: 0.3116, Validation Loss: 0.3489
Epoch 730/1000, Train Loss: 0.3205, Validation Loss: 0.9330
Epoch 731/1000, Train Loss: 0.3183, Validation Loss: 0.8144
Epoch 732/1000, Train Loss: 0.3016, Validation Loss: 0.4152
Epoch 733/1000, Train Loss: 0.3209, Validation Loss: 0.4291
Epoch 734/1000, Train Loss: 0.3175, Validation Loss: 0.6832
Epoch 735/1000, Train Loss: 0.3179, Validation Loss: 0.7736
Epoch 736/1000, Train Loss: 0.3099, Validation Loss: 0.8956
Epoch 737/1000, Train Loss: 0.3050, Validation Loss: 0.9499
Epoch 738/1000, Train Loss: 0.3143, Validation Loss: 0.6023
Epoch 739/1000, Train Loss: 0.3143, Validation Loss: 0.4385
Epoch 740/1000, Train Loss: 0.3211, Validation Loss: 0.4828
Epoch 741/1000, Train Loss: 0.3056, Validation Loss: 0.4788
Epoch 742/1000, Train Loss: 0.3114, Validation Loss: 0.4532
Epoch 743/1000, Train Loss: 0.3088, Validation Loss: 0.5075
Epoch 744/1000, Train Loss: 0.3174, Validation Loss: 0.3161
Epoch 745/1000, Train Loss: 0.3072, Validation Loss: 0.3473
Epoch 746/1000, Train Loss: 0.3229, Validation Loss: 0.5407
Epoch 747/1000, Train Loss: 0.3165, Validation Loss: 0.3842
Epoch 748/1000, Train Loss: 0.3231, Validation Loss: 0.7320
Epoch 749/1000, Train Loss: 0.3239, Validation Loss: 0.4725
Epoch 750/1000, Train Loss: 0.3147, Validation Loss: 0.5171
Epoch 751/1000, Train Loss: 0.3276, Validation Loss: 0.8347
Epoch 752/1000, Train Loss: 0.3088, Validation Loss: 1.0478
Epoch 753/1000, Train Loss: 0.3129, Validation Loss: 0.5214
Epoch 754/1000, Train Loss: 0.3292, Validation Loss: 0.6037
Epoch 755/1000, Train Loss: 0.3270, Validation Loss: 1.9241
Epoch 756/1000, Train Loss: 0.3112, Validation Loss: 0.6100
Epoch 757/1000, Train Loss: 0.3316, Validation Loss: 0.6273
Epoch 758/1000, Train Loss: 0.3200, Validation Loss: 0.7976
Epoch 759/1000, Train Loss: 0.3170, Validation Loss: 0.8776
Epoch 760/1000, Train Loss: 0.3195, Validation Loss: 0.7969
Epoch 761/1000, Train Loss: 0.3143, Validation Loss: 0.4848
Epoch 762/1000, Train Loss: 0.3111, Validation Loss: 0.5692
Epoch 763/1000, Train Loss: 0.3182, Validation Loss: 0.9478
Epoch 764/1000, Train Loss: 0.3068, Validation Loss: 0.5602
Epoch 765/1000, Train Loss: 0.3078, Validation Loss: 1.0318
Epoch 766/1000, Train Loss: 0.3324, Validation Loss: 1.4790
Epoch 767/1000, Train Loss: 0.3103, Validation Loss: 0.4288
Epoch 768/1000, Train Loss: 0.3258, Validation Loss: 1.0117
Epoch 769/1000, Train Loss: 0.3108, Validation Loss: 0.4369
Epoch 770/1000, Train Loss: 0.3071, Validation Loss: 0.3611
Epoch 771/1000, Train Loss: 0.2991, Validation Loss: 0.7399
Epoch 772/1000, Train Loss: 0.3095, Validation Loss: 0.7205
Epoch 773/1000, Train Loss: 0.3234, Validation Loss: 1.9713
Epoch 774/1000, Train Loss: 0.3100, Validation Loss: 1.8429
Epoch 775/1000, Train Loss: 0.3094, Validation Loss: 0.3588
Epoch 776/1000, Train Loss: 0.2978, Validation Loss: 0.5782
Epoch 777/1000, Train Loss: 0.3020, Validation Loss: 0.5307
Epoch 778/1000, Train Loss: 0.3105, Validation Loss: 0.5777
Epoch 779/1000, Train Loss: 0.3107, Validation Loss: 0.4104
Epoch 780/1000, Train Loss: 0.3055, Validation Loss: 0.5065
Epoch 781/1000, Train Loss: 0.3123, Validation Loss: 0.6155
Epoch 782/1000, Train Loss: 0.3110, Validation Loss: 0.6330
Epoch 783/1000, Train Loss: 0.3086, Validation Loss: 0.5559
Epoch 784/1000, Train Loss: 0.3074, Validation Loss: 0.5697
Epoch 785/1000, Train Loss: 0.3076, Validation Loss: 0.7244
Epoch 786/1000, Train Loss: 0.3047, Validation Loss: 0.7780
Epoch 787/1000, Train Loss: 0.3137, Validation Loss: 0.4105
Epoch 788/1000, Train Loss: 0.3161, Validation Loss: 0.7825
Epoch 789/1000, Train Loss: 0.3081, Validation Loss: 0.7686
Epoch 790/1000, Train Loss: 0.3066, Validation Loss: 0.5439
Epoch 791/1000, Train Loss: 0.2957, Validation Loss: 0.8093
Epoch 792/1000, Train Loss: 0.3488, Validation Loss: 0.5007
Epoch 793/1000, Train Loss: 0.3143, Validation Loss: 0.4271
Epoch 794/1000, Train Loss: 0.3241, Validation Loss: 0.6037
Epoch 795/1000, Train Loss: 0.3093, Validation Loss: 0.4195
Epoch 796/1000, Train Loss: 0.3037, Validation Loss: 0.4556
Epoch 797/1000, Train Loss: 0.3139, Validation Loss: 0.6863
Epoch 798/1000, Train Loss: 0.3126, Validation Loss: 0.6403
Epoch 799/1000, Train Loss: 0.3227, Validation Loss: 0.6747
Epoch 800/1000, Train Loss: 0.3085, Validation Loss: 0.4376
Epoch 801/1000, Train Loss: 0.3013, Validation Loss: 0.4345
Epoch 802/1000, Train Loss: 0.2996, Validation Loss: 0.3235
Epoch 803/1000, Train Loss: 0.3078, Validation Loss: 0.4292
Epoch 804/1000, Train Loss: 0.3227, Validation Loss: 1.0232
Epoch 805/1000, Train Loss: 0.3041, Validation Loss: 1.0832
Epoch 806/1000, Train Loss: 0.3142, Validation Loss: 1.6745
Epoch 807/1000, Train Loss: 0.3133, Validation Loss: 0.4449
Epoch 808/1000, Train Loss: 0.3045, Validation Loss: 0.7774
Epoch 809/1000, Train Loss: 0.3170, Validation Loss: 0.7589
Epoch 810/1000, Train Loss: 0.3106, Validation Loss: 0.3769
Epoch 811/1000, Train Loss: 0.3150, Validation Loss: 0.4111
Epoch 812/1000, Train Loss: 0.3163, Validation Loss: 0.7637
Epoch 813/1000, Train Loss: 0.3059, Validation Loss: 0.9390
Epoch 814/1000, Train Loss: 0.3188, Validation Loss: 1.2156
Epoch 815/1000, Train Loss: 0.3038, Validation Loss: 0.4569
Epoch 816/1000, Train Loss: 0.3054, Validation Loss: 0.5093
Epoch 817/1000, Train Loss: 0.3057, Validation Loss: 0.3637
Epoch 818/1000, Train Loss: 0.3020, Validation Loss: 0.5438
Epoch 819/1000, Train Loss: 0.3078, Validation Loss: 0.3757
Epoch 820/1000, Train Loss: 0.3004, Validation Loss: 0.5260
Epoch 821/1000, Train Loss: 0.3218, Validation Loss: 0.5264
Epoch 822/1000, Train Loss: 0.3110, Validation Loss: 0.5085
Epoch 823/1000, Train Loss: 0.3036, Validation Loss: 0.7037
Epoch 824/1000, Train Loss: 0.3129, Validation Loss: 0.5013
Epoch 825/1000, Train Loss: 0.3098, Validation Loss: 0.8581
Epoch 826/1000, Train Loss: 0.3063, Validation Loss: 0.9231
Epoch 827/1000, Train Loss: 0.3180, Validation Loss: 0.3573
Epoch 828/1000, Train Loss: 0.3055, Validation Loss: 0.3246
Epoch 829/1000, Train Loss: 0.3185, Validation Loss: 0.9957
Epoch 830/1000, Train Loss: 0.3039, Validation Loss: 0.5607
Epoch 831/1000, Train Loss: 0.2999, Validation Loss: 0.7902
Epoch 832/1000, Train Loss: 0.2944, Validation Loss: 0.5933
Epoch 833/1000, Train Loss: 0.3305, Validation Loss: 0.8027
Epoch 834/1000, Train Loss: 0.3042, Validation Loss: 0.5472
Epoch 835/1000, Train Loss: 0.2994, Validation Loss: 1.1255
Epoch 836/1000, Train Loss: 0.3186, Validation Loss: 0.5901
Epoch 837/1000, Train Loss: 0.3066, Validation Loss: 0.4616
Epoch 838/1000, Train Loss: 0.3243, Validation Loss: 0.3707
Epoch 839/1000, Train Loss: 0.3112, Validation Loss: 0.4025
Epoch 840/1000, Train Loss: 0.3070, Validation Loss: 0.7556
Epoch 841/1000, Train Loss: 0.3007, Validation Loss: 0.5577
Epoch 842/1000, Train Loss: 0.3117, Validation Loss: 1.1499
Epoch 843/1000, Train Loss: 0.3011, Validation Loss: 0.6669
Epoch 844/1000, Train Loss: 0.3005, Validation Loss: 0.4456
Epoch 845/1000, Train Loss: 0.2985, Validation Loss: 0.3823
Epoch 846/1000, Train Loss: 0.3120, Validation Loss: 0.5190
Epoch 847/1000, Train Loss: 0.3004, Validation Loss: 0.6227
Epoch 848/1000, Train Loss: 0.3184, Validation Loss: 0.9831
Epoch 849/1000, Train Loss: 0.3095, Validation Loss: 0.4227
Epoch 850/1000, Train Loss: 0.3113, Validation Loss: 0.6965
Epoch 851/1000, Train Loss: 0.3222, Validation Loss: 1.0643
Epoch 852/1000, Train Loss: 0.3152, Validation Loss: 0.7415
Epoch 853/1000, Train Loss: 0.3203, Validation Loss: 0.6009
Epoch 854/1000, Train Loss: 0.3097, Validation Loss: 1.0495
Epoch 855/1000, Train Loss: 0.3152, Validation Loss: 0.9340
Epoch 856/1000, Train Loss: 0.3115, Validation Loss: 0.7009
Epoch 857/1000, Train Loss: 0.3117, Validation Loss: 0.5185
Epoch 858/1000, Train Loss: 0.3132, Validation Loss: 0.8216
Epoch 859/1000, Train Loss: 0.3066, Validation Loss: 0.7144
Epoch 860/1000, Train Loss: 0.2933, Validation Loss: 0.9879
Epoch 861/1000, Train Loss: 0.3203, Validation Loss: 1.1738
Epoch 862/1000, Train Loss: 0.3038, Validation Loss: 0.4542
Epoch 863/1000, Train Loss: 0.3019, Validation Loss: 0.6897
Epoch 864/1000, Train Loss: 0.3253, Validation Loss: 3.2593
Epoch 865/1000, Train Loss: 0.3008, Validation Loss: 0.3376
Epoch 866/1000, Train Loss: 0.3125, Validation Loss: 0.8585
Epoch 867/1000, Train Loss: 0.3129, Validation Loss: 0.4345
Epoch 868/1000, Train Loss: 0.3045, Validation Loss: 0.5326
Epoch 869/1000, Train Loss: 0.3119, Validation Loss: 0.5683
Epoch 870/1000, Train Loss: 0.3042, Validation Loss: 0.6054
Epoch 871/1000, Train Loss: 0.3058, Validation Loss: 0.9281
Epoch 872/1000, Train Loss: 0.3182, Validation Loss: 0.7833
Epoch 873/1000, Train Loss: 0.3001, Validation Loss: 0.5441
Epoch 874/1000, Train Loss: 0.3130, Validation Loss: 0.7088
Epoch 875/1000, Train Loss: 0.3072, Validation Loss: 0.5191
Epoch 876/1000, Train Loss: 0.3217, Validation Loss: 0.7593
Epoch 877/1000, Train Loss: 0.3023, Validation Loss: 0.5150
Epoch 878/1000, Train Loss: 0.3025, Validation Loss: 0.6566
Epoch 879/1000, Train Loss: 0.3072, Validation Loss: 0.6929
Epoch 880/1000, Train Loss: 0.3236, Validation Loss: 0.6517
Epoch 881/1000, Train Loss: 0.3203, Validation Loss: 0.5341
Epoch 882/1000, Train Loss: 0.3014, Validation Loss: 0.4040
Epoch 883/1000, Train Loss: 0.3016, Validation Loss: 0.5090
Epoch 884/1000, Train Loss: 0.3036, Validation Loss: 0.4505
Epoch 885/1000, Train Loss: 0.2985, Validation Loss: 0.9699
Epoch 886/1000, Train Loss: 0.3100, Validation Loss: 1.1741
Epoch 887/1000, Train Loss: 0.3130, Validation Loss: 0.7931
Epoch 888/1000, Train Loss: 0.3000, Validation Loss: 0.5691
Epoch 889/1000, Train Loss: 0.3015, Validation Loss: 0.5264
Epoch 890/1000, Train Loss: 0.3093, Validation Loss: 0.6186
Epoch 891/1000, Train Loss: 0.2985, Validation Loss: 0.3999
Epoch 892/1000, Train Loss: 0.3071, Validation Loss: 0.5857
Epoch 893/1000, Train Loss: 0.3007, Validation Loss: 0.3987
Epoch 894/1000, Train Loss: 0.2961, Validation Loss: 1.0149
Epoch 895/1000, Train Loss: 0.3290, Validation Loss: 0.6998
Epoch 896/1000, Train Loss: 0.3034, Validation Loss: 0.6409
Epoch 897/1000, Train Loss: 0.3112, Validation Loss: 0.5130
Epoch 898/1000, Train Loss: 0.3032, Validation Loss: 0.4652
Epoch 899/1000, Train Loss: 0.2933, Validation Loss: 0.6550
Epoch 900/1000, Train Loss: 0.3122, Validation Loss: 1.0167
Epoch 901/1000, Train Loss: 0.2913, Validation Loss: 0.5045
Epoch 902/1000, Train Loss: 0.3064, Validation Loss: 0.5199
Epoch 903/1000, Train Loss: 0.3036, Validation Loss: 0.7881
Epoch 904/1000, Train Loss: 0.3081, Validation Loss: 0.8708
Epoch 905/1000, Train Loss: 0.3033, Validation Loss: 0.5114
Epoch 906/1000, Train Loss: 0.3166, Validation Loss: 0.3578
Epoch 907/1000, Train Loss: 0.3047, Validation Loss: 0.4764
Epoch 908/1000, Train Loss: 0.3076, Validation Loss: 0.7583
Epoch 909/1000, Train Loss: 0.3074, Validation Loss: 0.6608
Epoch 910/1000, Train Loss: 0.3239, Validation Loss: 0.4558
Epoch 911/1000, Train Loss: 0.3003, Validation Loss: 0.5728
Epoch 912/1000, Train Loss: 0.3099, Validation Loss: 0.4939
Epoch 913/1000, Train Loss: 0.3094, Validation Loss: 0.8654
Epoch 914/1000, Train Loss: 0.3089, Validation Loss: 0.4724
Epoch 915/1000, Train Loss: 0.3059, Validation Loss: 0.4493
Epoch 916/1000, Train Loss: 0.3052, Validation Loss: 0.8501
Epoch 917/1000, Train Loss: 0.2999, Validation Loss: 0.6141
Epoch 918/1000, Train Loss: 0.3146, Validation Loss: 0.7358
Epoch 919/1000, Train Loss: 0.3035, Validation Loss: 0.5426
Epoch 920/1000, Train Loss: 0.3030, Validation Loss: 0.7625
Epoch 921/1000, Train Loss: 0.3114, Validation Loss: 0.5494
Epoch 922/1000, Train Loss: 0.3192, Validation Loss: 0.5426
Epoch 923/1000, Train Loss: 0.3045, Validation Loss: 0.7771
Epoch 924/1000, Train Loss: 0.3077, Validation Loss: 0.7626
Epoch 925/1000, Train Loss: 0.3053, Validation Loss: 0.7658
Epoch 926/1000, Train Loss: 0.3024, Validation Loss: 1.3225
Epoch 927/1000, Train Loss: 0.3200, Validation Loss: 0.5390
Epoch 928/1000, Train Loss: 0.3053, Validation Loss: 0.4547
Epoch 929/1000, Train Loss: 0.3115, Validation Loss: 0.5843
Epoch 930/1000, Train Loss: 0.3146, Validation Loss: 0.6709
Epoch 931/1000, Train Loss: 0.2926, Validation Loss: 0.8487
Epoch 932/1000, Train Loss: 0.3207, Validation Loss: 0.8282
Epoch 933/1000, Train Loss: 0.3084, Validation Loss: 0.3275
Epoch 934/1000, Train Loss: 0.3109, Validation Loss: 0.5759
Epoch 935/1000, Train Loss: 0.3092, Validation Loss: 0.4668
Epoch 936/1000, Train Loss: 0.3070, Validation Loss: 0.5143
Epoch 937/1000, Train Loss: 0.3048, Validation Loss: 0.4202
Epoch 938/1000, Train Loss: 0.3021, Validation Loss: 0.3975
Epoch 939/1000, Train Loss: 0.2955, Validation Loss: 0.4561
Epoch 940/1000, Train Loss: 0.3105, Validation Loss: 0.5872
Epoch 941/1000, Train Loss: 0.3096, Validation Loss: 0.6969
Epoch 942/1000, Train Loss: 0.3061, Validation Loss: 0.8409
Epoch 943/1000, Train Loss: 0.2960, Validation Loss: 0.5173
Epoch 944/1000, Train Loss: 0.3006, Validation Loss: 0.4267
Epoch 945/1000, Train Loss: 0.2995, Validation Loss: 0.6179
Epoch 946/1000, Train Loss: 0.2969, Validation Loss: 0.4388
Epoch 947/1000, Train Loss: 0.3008, Validation Loss: 1.1734
Epoch 948/1000, Train Loss: 0.3016, Validation Loss: 0.8497
Epoch 949/1000, Train Loss: 0.3020, Validation Loss: 0.3195
Epoch 950/1000, Train Loss: 0.3153, Validation Loss: 0.3659
Epoch 951/1000, Train Loss: 0.3105, Validation Loss: 0.6284
Epoch 952/1000, Train Loss: 0.3325, Validation Loss: 1.3248
Epoch 953/1000, Train Loss: 0.3081, Validation Loss: 0.3986
Epoch 954/1000, Train Loss: 0.3086, Validation Loss: 0.4207
Epoch 955/1000, Train Loss: 0.3041, Validation Loss: 0.7992
Epoch 956/1000, Train Loss: 0.2984, Validation Loss: 0.4730
Epoch 957/1000, Train Loss: 0.2957, Validation Loss: 0.5422
Epoch 958/1000, Train Loss: 0.2960, Validation Loss: 0.4652
Epoch 959/1000, Train Loss: 0.3058, Validation Loss: 0.7200
Epoch 960/1000, Train Loss: 0.2951, Validation Loss: 0.4407
Epoch 961/1000, Train Loss: 0.3016, Validation Loss: 0.8554
Epoch 962/1000, Train Loss: 0.3122, Validation Loss: 0.4329
Epoch 963/1000, Train Loss: 0.2968, Validation Loss: 0.8863
Epoch 964/1000, Train Loss: 0.2999, Validation Loss: 0.4340
Epoch 965/1000, Train Loss: 0.2967, Validation Loss: 0.4198
Epoch 966/1000, Train Loss: 0.3027, Validation Loss: 0.5097
Epoch 967/1000, Train Loss: 0.3033, Validation Loss: 0.4418
Epoch 968/1000, Train Loss: 0.3022, Validation Loss: 0.6052
Epoch 969/1000, Train Loss: 0.3179, Validation Loss: 0.6213
Epoch 970/1000, Train Loss: 0.3126, Validation Loss: 0.7936
Epoch 971/1000, Train Loss: 0.3115, Validation Loss: 0.4538
Epoch 972/1000, Train Loss: 0.3011, Validation Loss: 1.5143
Epoch 973/1000, Train Loss: 0.3084, Validation Loss: 0.3746
Epoch 974/1000, Train Loss: 0.3016, Validation Loss: 0.4273
Epoch 975/1000, Train Loss: 0.2961, Validation Loss: 0.3972
Epoch 976/1000, Train Loss: 0.3091, Validation Loss: 1.2356
Epoch 977/1000, Train Loss: 0.2987, Validation Loss: 0.6199
Epoch 978/1000, Train Loss: 0.2973, Validation Loss: 0.8405
Epoch 979/1000, Train Loss: 0.2962, Validation Loss: 0.4668
Epoch 980/1000, Train Loss: 0.2924, Validation Loss: 12.9190
Epoch 981/1000, Train Loss: 0.2984, Validation Loss: 0.4310
Epoch 982/1000, Train Loss: 0.2939, Validation Loss: 0.9544
Epoch 983/1000, Train Loss: 0.3029, Validation Loss: 1.0736
Epoch 984/1000, Train Loss: 0.2972, Validation Loss: 0.5017
Epoch 985/1000, Train Loss: 0.2943, Validation Loss: 0.6178
Epoch 986/1000, Train Loss: 0.3043, Validation Loss: 0.7978
Epoch 987/1000, Train Loss: 0.3103, Validation Loss: 0.6675
Epoch 988/1000, Train Loss: 0.2990, Validation Loss: 0.4475
Epoch 989/1000, Train Loss: 0.3131, Validation Loss: 0.6649
Epoch 990/1000, Train Loss: 0.3006, Validation Loss: 0.4194
Epoch 991/1000, Train Loss: 0.2991, Validation Loss: 0.4083
Epoch 992/1000, Train Loss: 0.2970, Validation Loss: 0.6745
Epoch 993/1000, Train Loss: 0.3057, Validation Loss: 0.6479
Epoch 994/1000, Train Loss: 0.3002, Validation Loss: 0.5685
Epoch 995/1000, Train Loss: 0.3043, Validation Loss: 0.3832
Epoch 996/1000, Train Loss: 0.3080, Validation Loss: 0.8421
Epoch 997/1000, Train Loss: 0.3026, Validation Loss: 0.8084
Epoch 998/1000, Train Loss: 0.3037, Validation Loss: 0.5240
Epoch 999/1000, Train Loss: 0.3058, Validation Loss: 0.4854
Epoch 1000/1000, Train Loss: 0.2976, Validation Loss: 1.3248
Best Training Loss: 0.2913
Best Training Loss Epoch: 901
Best Validation Loss: 0.3161
Best Validation Loss Epoch: 744
Time taken for training: 0-11:44:26
Test Loss: 0.3311
Test MAPE: 2160.5049%
Error Statistics:
count     41272.000000
mean        377.048737
std        6673.437988
min           0.000011
25%           0.118319
50%           1.263738
75%          18.247535
max      580129.375000
Name: Absolute Error, dtype: float64
Training complete. Final model saved.
Saving model as a wandb Artifact...
Model artifact logged successfully.
[1;34mwandb[0m: 
[1;34mwandb[0m: 🚀 View run [33mdifferent-sweep-9[0m at: [34mhttps://wandb.ai/mk8737-new-york-university/rl_pretrain_hp_sweeps/runs/0abccpj7[0m
[1;34mwandb[0m: Find logs at: [1;35mwandb/run-20251126_203656-0abccpj7/logs[0m
Agent finished.
