Waiting for sweep ID...
Found Sweep ID: dos27rz7
Starting wandb agent for sweep dos27rz7...
TRAINING DEVICE: cpu
Run Name: GIN_global_hp_sweep_global_dos27rz7-a4fupfc9
finidhed preparing data
Loading dataset from pretrain_dataset_12.5k_fixed_duplicates.pkl
Loaded 412712 data objects.
finished preparing data
Epoch 1/1000, Train Loss: 3.8464, Validation Loss: 1.4234
Epoch 2/1000, Train Loss: 1.3481, Validation Loss: 5.7317
Epoch 3/1000, Train Loss: 1.2384, Validation Loss: 1.8096
Epoch 4/1000, Train Loss: 1.1561, Validation Loss: 1.0347
Epoch 5/1000, Train Loss: 1.0801, Validation Loss: 1.2987
Epoch 6/1000, Train Loss: 1.0439, Validation Loss: 1.3293
Epoch 7/1000, Train Loss: 1.0162, Validation Loss: 1.4743
Epoch 8/1000, Train Loss: 0.9711, Validation Loss: 1.2186
Epoch 9/1000, Train Loss: 0.9772, Validation Loss: 1.3120
Epoch 10/1000, Train Loss: 0.9898, Validation Loss: 1.2282
Epoch 11/1000, Train Loss: 0.9495, Validation Loss: 1.8091
Epoch 12/1000, Train Loss: 0.9658, Validation Loss: 1.3725
Epoch 13/1000, Train Loss: 0.9626, Validation Loss: 2.6837
Epoch 14/1000, Train Loss: 0.9252, Validation Loss: 2.6209
Epoch 15/1000, Train Loss: 0.9215, Validation Loss: 2.5888
Epoch 16/1000, Train Loss: 0.8632, Validation Loss: 1.0847
Epoch 17/1000, Train Loss: 0.9275, Validation Loss: 2.6895
Epoch 18/1000, Train Loss: 0.8338, Validation Loss: 1.4863
Epoch 19/1000, Train Loss: 0.8890, Validation Loss: 2.1203
Epoch 20/1000, Train Loss: 0.8380, Validation Loss: 2.1011
Epoch 21/1000, Train Loss: 0.7865, Validation Loss: 1.2668
Epoch 22/1000, Train Loss: 0.8973, Validation Loss: 1.0955
Epoch 23/1000, Train Loss: 0.8652, Validation Loss: 1.1697
Epoch 24/1000, Train Loss: 0.7911, Validation Loss: 0.6770
Epoch 25/1000, Train Loss: 0.8137, Validation Loss: 2.8320
Epoch 26/1000, Train Loss: 0.8000, Validation Loss: 1.9687
Epoch 27/1000, Train Loss: 0.7877, Validation Loss: 2.1310
Epoch 28/1000, Train Loss: 0.7860, Validation Loss: 0.6818
Epoch 29/1000, Train Loss: 0.7838, Validation Loss: 2.2588
Epoch 30/1000, Train Loss: 0.8353, Validation Loss: 1.1671
Epoch 31/1000, Train Loss: 0.7711, Validation Loss: 1.1747
Epoch 32/1000, Train Loss: 0.7521, Validation Loss: 0.8261
Epoch 33/1000, Train Loss: 0.7854, Validation Loss: 0.9731
Epoch 34/1000, Train Loss: 0.7839, Validation Loss: 1.5896
Epoch 35/1000, Train Loss: 0.7262, Validation Loss: 1.3306
Epoch 36/1000, Train Loss: 0.7117, Validation Loss: 0.7503
Epoch 37/1000, Train Loss: 0.7111, Validation Loss: 1.0806
Epoch 38/1000, Train Loss: 0.7039, Validation Loss: 0.8816
Epoch 39/1000, Train Loss: 0.8062, Validation Loss: 2.5410
Epoch 40/1000, Train Loss: 0.6927, Validation Loss: 1.3732
Epoch 41/1000, Train Loss: 0.7063, Validation Loss: 2.9091
Epoch 42/1000, Train Loss: 0.6956, Validation Loss: 1.1175
Epoch 43/1000, Train Loss: 0.7138, Validation Loss: 0.6668
Epoch 44/1000, Train Loss: 0.6802, Validation Loss: 1.3716
Epoch 45/1000, Train Loss: 0.6602, Validation Loss: 0.6124
Epoch 46/1000, Train Loss: 0.6736, Validation Loss: 1.2205
Epoch 47/1000, Train Loss: 0.6454, Validation Loss: 0.6426
Epoch 48/1000, Train Loss: 0.6419, Validation Loss: 2.2930
Epoch 49/1000, Train Loss: 0.6813, Validation Loss: 1.4009
Epoch 50/1000, Train Loss: 0.6457, Validation Loss: 1.3460
Epoch 51/1000, Train Loss: 0.6500, Validation Loss: 0.7968
Epoch 52/1000, Train Loss: 0.6778, Validation Loss: 0.7676
Epoch 53/1000, Train Loss: 0.6508, Validation Loss: 1.1676
Epoch 54/1000, Train Loss: 0.6436, Validation Loss: 4.1644
Epoch 55/1000, Train Loss: 0.6344, Validation Loss: 0.7804
Epoch 56/1000, Train Loss: 0.6264, Validation Loss: 0.7222
Epoch 57/1000, Train Loss: 0.6326, Validation Loss: 0.7556
Epoch 58/1000, Train Loss: 0.6400, Validation Loss: 0.8077
Epoch 59/1000, Train Loss: 0.6529, Validation Loss: 0.9597
Epoch 60/1000, Train Loss: 0.6254, Validation Loss: 1.8126
Epoch 61/1000, Train Loss: 0.6320, Validation Loss: 1.8769
Epoch 62/1000, Train Loss: 0.6153, Validation Loss: 1.2105
Epoch 63/1000, Train Loss: 0.6104, Validation Loss: 0.8788
Epoch 64/1000, Train Loss: 0.6159, Validation Loss: 1.0540
Epoch 65/1000, Train Loss: 0.6247, Validation Loss: 0.6527
Epoch 66/1000, Train Loss: 0.5888, Validation Loss: 2.1999
Epoch 67/1000, Train Loss: 0.6496, Validation Loss: 2.0439
Epoch 68/1000, Train Loss: 0.6181, Validation Loss: 1.4335
Epoch 69/1000, Train Loss: 0.6110, Validation Loss: 0.8758
Epoch 70/1000, Train Loss: 0.6081, Validation Loss: 1.6366
Epoch 71/1000, Train Loss: 0.6009, Validation Loss: 2.2041
Epoch 72/1000, Train Loss: 0.5980, Validation Loss: 0.7636
Epoch 73/1000, Train Loss: 0.6124, Validation Loss: 0.8070
Epoch 74/1000, Train Loss: 0.5855, Validation Loss: 0.7786
Epoch 75/1000, Train Loss: 0.5677, Validation Loss: 0.9500
Epoch 76/1000, Train Loss: 0.5814, Validation Loss: 2.0278
Epoch 77/1000, Train Loss: 0.6470, Validation Loss: 0.6956
Epoch 78/1000, Train Loss: 0.5922, Validation Loss: 0.6818
Epoch 79/1000, Train Loss: 0.5764, Validation Loss: 1.0582
Epoch 80/1000, Train Loss: 0.5863, Validation Loss: 1.0931
Epoch 81/1000, Train Loss: 0.5952, Validation Loss: 2.1757
Epoch 82/1000, Train Loss: 0.5780, Validation Loss: 0.9696
Epoch 83/1000, Train Loss: 0.5842, Validation Loss: 1.0793
Epoch 84/1000, Train Loss: 0.5760, Validation Loss: 0.6588
Epoch 85/1000, Train Loss: 0.5645, Validation Loss: 0.8074
Epoch 86/1000, Train Loss: 0.5553, Validation Loss: 0.7122
Epoch 87/1000, Train Loss: 0.5695, Validation Loss: 1.2123
Epoch 88/1000, Train Loss: 0.6098, Validation Loss: 0.8454
Epoch 89/1000, Train Loss: 0.5901, Validation Loss: 1.4840
Epoch 90/1000, Train Loss: 0.5795, Validation Loss: 1.0051
Epoch 91/1000, Train Loss: 0.5742, Validation Loss: 3.3912
Epoch 92/1000, Train Loss: 0.5722, Validation Loss: 0.8739
Epoch 93/1000, Train Loss: 0.5502, Validation Loss: 0.8041
Epoch 94/1000, Train Loss: 0.5654, Validation Loss: 0.8662
Epoch 95/1000, Train Loss: 0.5566, Validation Loss: 2.0477
Epoch 96/1000, Train Loss: 0.5550, Validation Loss: 1.8382
Epoch 97/1000, Train Loss: 0.5811, Validation Loss: 0.9961
Epoch 98/1000, Train Loss: 0.5880, Validation Loss: 0.6570
Epoch 99/1000, Train Loss: 0.5556, Validation Loss: 1.2256
Epoch 100/1000, Train Loss: 0.5527, Validation Loss: 5.0458
Epoch 101/1000, Train Loss: 0.5698, Validation Loss: 1.3489
Epoch 102/1000, Train Loss: 0.5713, Validation Loss: 0.5805
Epoch 103/1000, Train Loss: 0.5730, Validation Loss: 0.8904
Epoch 104/1000, Train Loss: 0.5533, Validation Loss: 1.6902
Epoch 105/1000, Train Loss: 0.5583, Validation Loss: 2.2770
Epoch 106/1000, Train Loss: 0.5471, Validation Loss: 1.2836
Epoch 107/1000, Train Loss: 0.5569, Validation Loss: 1.7162
Epoch 108/1000, Train Loss: 0.5683, Validation Loss: 0.6768
Epoch 109/1000, Train Loss: 0.5393, Validation Loss: 1.1473
Epoch 110/1000, Train Loss: 0.5555, Validation Loss: 0.5638
Epoch 111/1000, Train Loss: 0.5355, Validation Loss: 3.9615
Epoch 112/1000, Train Loss: 0.5383, Validation Loss: 0.7411
Epoch 113/1000, Train Loss: 0.5496, Validation Loss: 0.6611
Epoch 114/1000, Train Loss: 0.5557, Validation Loss: 0.6395
Epoch 115/1000, Train Loss: 0.5295, Validation Loss: 1.7927
Epoch 116/1000, Train Loss: 0.5461, Validation Loss: 0.8240
Epoch 117/1000, Train Loss: 0.5616, Validation Loss: 1.3373
Epoch 118/1000, Train Loss: 0.5687, Validation Loss: 0.6199
Epoch 119/1000, Train Loss: 0.5396, Validation Loss: 3.3774
Epoch 120/1000, Train Loss: 0.5629, Validation Loss: 4.1423
Epoch 121/1000, Train Loss: 0.5392, Validation Loss: 1.2958
Epoch 122/1000, Train Loss: 0.5614, Validation Loss: 1.5033
Epoch 123/1000, Train Loss: 0.5245, Validation Loss: 1.1846
Epoch 124/1000, Train Loss: 0.5494, Validation Loss: 1.3574
Epoch 125/1000, Train Loss: 0.5428, Validation Loss: 1.1294
Epoch 126/1000, Train Loss: 0.5500, Validation Loss: 0.7577
Epoch 127/1000, Train Loss: 0.5347, Validation Loss: 1.1844
Epoch 128/1000, Train Loss: 0.5746, Validation Loss: 0.6716
Epoch 129/1000, Train Loss: 0.5321, Validation Loss: 0.6564
Epoch 130/1000, Train Loss: 0.5592, Validation Loss: 2.6525
Epoch 131/1000, Train Loss: 0.5453, Validation Loss: 4.6867
Epoch 132/1000, Train Loss: 0.5565, Validation Loss: 0.6579
Epoch 133/1000, Train Loss: 0.5223, Validation Loss: 0.6349
Epoch 134/1000, Train Loss: 0.5364, Validation Loss: 5.0522
Epoch 135/1000, Train Loss: 0.5198, Validation Loss: 1.3014
Epoch 136/1000, Train Loss: 0.5284, Validation Loss: 1.1683
Epoch 137/1000, Train Loss: 0.5427, Validation Loss: 0.9850
Epoch 138/1000, Train Loss: 0.5364, Validation Loss: 0.7464
Epoch 139/1000, Train Loss: 0.5242, Validation Loss: 1.6919
Epoch 140/1000, Train Loss: 0.5341, Validation Loss: 1.4709
Epoch 141/1000, Train Loss: 0.5446, Validation Loss: 0.7402
Epoch 142/1000, Train Loss: 0.5193, Validation Loss: 1.6043
Epoch 143/1000, Train Loss: 0.5200, Validation Loss: 0.6032
Epoch 144/1000, Train Loss: 0.5251, Validation Loss: 0.8331
Epoch 145/1000, Train Loss: 0.5300, Validation Loss: 1.2467
Epoch 146/1000, Train Loss: 0.5252, Validation Loss: 0.6962
Epoch 147/1000, Train Loss: 0.5230, Validation Loss: 1.1520
Epoch 148/1000, Train Loss: 0.5440, Validation Loss: 0.6650
Epoch 149/1000, Train Loss: 0.5145, Validation Loss: 0.6923
Epoch 150/1000, Train Loss: 0.5218, Validation Loss: 0.6875
Epoch 151/1000, Train Loss: 0.5268, Validation Loss: 0.7561
Epoch 152/1000, Train Loss: 0.5100, Validation Loss: 1.5508
Epoch 153/1000, Train Loss: 0.5144, Validation Loss: 0.9656
Epoch 154/1000, Train Loss: 0.5200, Validation Loss: 1.4647
Epoch 155/1000, Train Loss: 0.5197, Validation Loss: 0.7422
Epoch 156/1000, Train Loss: 0.5119, Validation Loss: 0.8982
Epoch 157/1000, Train Loss: 0.5168, Validation Loss: 0.5113
Epoch 158/1000, Train Loss: 0.5683, Validation Loss: 1.9546
Epoch 159/1000, Train Loss: 0.5232, Validation Loss: 0.6132
Epoch 160/1000, Train Loss: 0.5263, Validation Loss: 0.9466
Epoch 161/1000, Train Loss: 0.5082, Validation Loss: 0.7182
Epoch 162/1000, Train Loss: 0.5045, Validation Loss: 0.7849
Epoch 163/1000, Train Loss: 0.5194, Validation Loss: 0.6274
Epoch 164/1000, Train Loss: 0.5083, Validation Loss: 0.5595
Epoch 165/1000, Train Loss: 0.5032, Validation Loss: 1.4496
Epoch 166/1000, Train Loss: 0.5113, Validation Loss: 1.3989
Epoch 167/1000, Train Loss: 0.5196, Validation Loss: 0.7180
Epoch 168/1000, Train Loss: 0.5141, Validation Loss: 0.9105
Epoch 169/1000, Train Loss: 0.5260, Validation Loss: 1.1752
Epoch 170/1000, Train Loss: 0.5028, Validation Loss: 1.8884
Epoch 171/1000, Train Loss: 0.5020, Validation Loss: 0.5003
Epoch 172/1000, Train Loss: 0.5041, Validation Loss: 3.0655
Epoch 173/1000, Train Loss: 0.4921, Validation Loss: 1.8980
Epoch 174/1000, Train Loss: 0.5241, Validation Loss: 0.5678
Epoch 175/1000, Train Loss: 0.4980, Validation Loss: 0.5494
Epoch 176/1000, Train Loss: 0.5008, Validation Loss: 2.7479
Epoch 177/1000, Train Loss: 0.4877, Validation Loss: 0.6230
Epoch 178/1000, Train Loss: 0.5083, Validation Loss: 1.0202
Epoch 179/1000, Train Loss: 0.4949, Validation Loss: 3.4287
Epoch 180/1000, Train Loss: 0.4999, Validation Loss: 3.3806
Epoch 181/1000, Train Loss: 0.4856, Validation Loss: 0.5688
Epoch 182/1000, Train Loss: 0.5079, Validation Loss: 1.8130
Epoch 183/1000, Train Loss: 0.5056, Validation Loss: 1.6469
Epoch 184/1000, Train Loss: 0.4995, Validation Loss: 2.8102
Epoch 185/1000, Train Loss: 0.5082, Validation Loss: 1.8441
Epoch 186/1000, Train Loss: 0.4945, Validation Loss: 1.6539
Epoch 187/1000, Train Loss: 0.5041, Validation Loss: 0.8471
Epoch 188/1000, Train Loss: 0.5135, Validation Loss: 1.2899
Epoch 189/1000, Train Loss: 0.5034, Validation Loss: 6.2429
Epoch 190/1000, Train Loss: 0.5190, Validation Loss: 1.1235
Epoch 191/1000, Train Loss: 0.4947, Validation Loss: 0.7550
Epoch 192/1000, Train Loss: 0.4988, Validation Loss: 0.8028
Epoch 193/1000, Train Loss: 0.4969, Validation Loss: 0.5986
Epoch 194/1000, Train Loss: 0.5145, Validation Loss: 1.0103
Epoch 195/1000, Train Loss: 0.5246, Validation Loss: 0.7802
Epoch 196/1000, Train Loss: 0.4805, Validation Loss: 2.3028
Epoch 197/1000, Train Loss: 0.5195, Validation Loss: 0.7192
Epoch 198/1000, Train Loss: 0.4966, Validation Loss: 0.4976
Epoch 199/1000, Train Loss: 0.4967, Validation Loss: 1.0551
Epoch 200/1000, Train Loss: 0.4938, Validation Loss: 1.1608
Epoch 201/1000, Train Loss: 0.4830, Validation Loss: 2.6666
Epoch 202/1000, Train Loss: 0.4863, Validation Loss: 1.1422
Epoch 203/1000, Train Loss: 0.4905, Validation Loss: 2.5547
Epoch 204/1000, Train Loss: 0.4994, Validation Loss: 0.5429
Epoch 205/1000, Train Loss: 0.4920, Validation Loss: 0.6912
Epoch 206/1000, Train Loss: 0.5126, Validation Loss: 2.7013
Epoch 207/1000, Train Loss: 0.4898, Validation Loss: 1.0959
Epoch 208/1000, Train Loss: 0.5011, Validation Loss: 1.5233
Epoch 209/1000, Train Loss: 0.4870, Validation Loss: 0.8739
Epoch 210/1000, Train Loss: 0.4812, Validation Loss: 1.8567
Epoch 211/1000, Train Loss: 0.4815, Validation Loss: 0.5275
Epoch 212/1000, Train Loss: 0.4698, Validation Loss: 0.6603
Epoch 213/1000, Train Loss: 0.4795, Validation Loss: 1.0836
Epoch 214/1000, Train Loss: 0.4769, Validation Loss: 2.2667
Epoch 215/1000, Train Loss: 0.5004, Validation Loss: 1.4280
Epoch 216/1000, Train Loss: 0.4950, Validation Loss: 0.7132
Epoch 217/1000, Train Loss: 0.4871, Validation Loss: 2.2424
Epoch 218/1000, Train Loss: 0.4802, Validation Loss: 1.5307
Epoch 219/1000, Train Loss: 0.4833, Validation Loss: 0.8377
Epoch 220/1000, Train Loss: 0.4752, Validation Loss: 1.1275
Epoch 221/1000, Train Loss: 0.4819, Validation Loss: 1.4151
Epoch 222/1000, Train Loss: 0.4781, Validation Loss: 0.5427
Epoch 223/1000, Train Loss: 0.4764, Validation Loss: 1.3339
Epoch 224/1000, Train Loss: 0.4691, Validation Loss: 0.9062
Epoch 225/1000, Train Loss: 0.4907, Validation Loss: 0.5461
Epoch 226/1000, Train Loss: 0.4713, Validation Loss: 0.5973
Epoch 227/1000, Train Loss: 0.4814, Validation Loss: 1.2124
Epoch 228/1000, Train Loss: 0.4653, Validation Loss: 0.7529
Epoch 229/1000, Train Loss: 0.4792, Validation Loss: 0.7366
Epoch 230/1000, Train Loss: 0.4755, Validation Loss: 0.6660
Epoch 231/1000, Train Loss: 0.4606, Validation Loss: 1.0535
Epoch 232/1000, Train Loss: 0.4702, Validation Loss: 0.8901
Epoch 233/1000, Train Loss: 0.4880, Validation Loss: 0.7559
Epoch 234/1000, Train Loss: 0.4551, Validation Loss: 0.8926
Epoch 235/1000, Train Loss: 0.4728, Validation Loss: 0.5350
Epoch 236/1000, Train Loss: 0.4741, Validation Loss: 2.3220
Epoch 237/1000, Train Loss: 0.4727, Validation Loss: 0.5217
Epoch 238/1000, Train Loss: 0.4663, Validation Loss: 2.0136
Epoch 239/1000, Train Loss: 0.4691, Validation Loss: 0.6339
Epoch 240/1000, Train Loss: 0.4741, Validation Loss: 2.7227
Epoch 241/1000, Train Loss: 0.4834, Validation Loss: 0.8563
Epoch 242/1000, Train Loss: 0.4689, Validation Loss: 0.6174
Epoch 243/1000, Train Loss: 0.4888, Validation Loss: 2.1119
Epoch 244/1000, Train Loss: 0.4767, Validation Loss: 0.9313
Epoch 245/1000, Train Loss: 0.4640, Validation Loss: 1.8464
Epoch 246/1000, Train Loss: 0.4878, Validation Loss: 1.0111
Epoch 247/1000, Train Loss: 0.4728, Validation Loss: 2.7501
Epoch 248/1000, Train Loss: 0.4755, Validation Loss: 0.6581
Epoch 249/1000, Train Loss: 0.4501, Validation Loss: 0.6189
Epoch 250/1000, Train Loss: 0.4645, Validation Loss: 0.7858
Epoch 251/1000, Train Loss: 0.4580, Validation Loss: 0.9341
Epoch 252/1000, Train Loss: 0.4571, Validation Loss: 0.5890
Epoch 253/1000, Train Loss: 0.4889, Validation Loss: 1.8416
Epoch 254/1000, Train Loss: 0.4945, Validation Loss: 0.6667
Epoch 255/1000, Train Loss: 0.4719, Validation Loss: 0.7923
Epoch 256/1000, Train Loss: 0.4421, Validation Loss: 0.7200
Epoch 257/1000, Train Loss: 0.4584, Validation Loss: 1.9243
Epoch 258/1000, Train Loss: 0.4723, Validation Loss: 1.6737
Epoch 259/1000, Train Loss: 0.4756, Validation Loss: 0.4328
Epoch 260/1000, Train Loss: 0.4532, Validation Loss: 1.4175
Epoch 261/1000, Train Loss: 0.4675, Validation Loss: 1.3210
Epoch 262/1000, Train Loss: 0.4627, Validation Loss: 1.8953
Epoch 263/1000, Train Loss: 0.4601, Validation Loss: 0.6639
Epoch 264/1000, Train Loss: 0.4785, Validation Loss: 0.9067
Epoch 265/1000, Train Loss: 0.4604, Validation Loss: 0.7789
Epoch 266/1000, Train Loss: 0.4656, Validation Loss: 0.8322
Epoch 267/1000, Train Loss: 0.4527, Validation Loss: 0.6315
Epoch 268/1000, Train Loss: 0.4742, Validation Loss: 3.1789
Epoch 269/1000, Train Loss: 0.4727, Validation Loss: 2.3936
Epoch 270/1000, Train Loss: 0.4635, Validation Loss: 0.8218
Epoch 271/1000, Train Loss: 0.4757, Validation Loss: 3.2596
Epoch 272/1000, Train Loss: 0.4650, Validation Loss: 0.5602
Epoch 273/1000, Train Loss: 0.4487, Validation Loss: 0.7006
Epoch 274/1000, Train Loss: 0.4748, Validation Loss: 1.6047
Epoch 275/1000, Train Loss: 0.4627, Validation Loss: 0.7358
Epoch 276/1000, Train Loss: 0.4677, Validation Loss: 0.8823
Epoch 277/1000, Train Loss: 0.4634, Validation Loss: 1.1001
Epoch 278/1000, Train Loss: 0.4538, Validation Loss: 0.5900
Epoch 279/1000, Train Loss: 0.4671, Validation Loss: 5.5490
Epoch 280/1000, Train Loss: 0.4559, Validation Loss: 2.1418
Epoch 281/1000, Train Loss: 0.4621, Validation Loss: 0.6505
Epoch 282/1000, Train Loss: 0.4495, Validation Loss: 1.5806
Epoch 283/1000, Train Loss: 0.4608, Validation Loss: 1.8299
Epoch 284/1000, Train Loss: 0.4478, Validation Loss: 0.5602
Epoch 285/1000, Train Loss: 0.4486, Validation Loss: 0.6110
Epoch 286/1000, Train Loss: 0.4581, Validation Loss: 0.5612
Epoch 287/1000, Train Loss: 0.4753, Validation Loss: 3.1751
Epoch 288/1000, Train Loss: 0.4777, Validation Loss: 0.8861
Epoch 289/1000, Train Loss: 0.4620, Validation Loss: 2.1088
Epoch 290/1000, Train Loss: 0.4496, Validation Loss: 0.7199
Epoch 291/1000, Train Loss: 0.4594, Validation Loss: 2.9150
Epoch 292/1000, Train Loss: 0.4745, Validation Loss: 0.6217
Epoch 293/1000, Train Loss: 0.4637, Validation Loss: 0.5035
Epoch 294/1000, Train Loss: 0.4649, Validation Loss: 0.6732
Epoch 295/1000, Train Loss: 0.4563, Validation Loss: 0.8557
Epoch 296/1000, Train Loss: 0.4608, Validation Loss: 0.5571
Epoch 297/1000, Train Loss: 0.4583, Validation Loss: 0.6907
Epoch 298/1000, Train Loss: 0.4591, Validation Loss: 0.8463
Epoch 299/1000, Train Loss: 0.4560, Validation Loss: 1.7939
Epoch 300/1000, Train Loss: 0.4539, Validation Loss: 1.9653
Epoch 301/1000, Train Loss: 0.4414, Validation Loss: 3.1443
Epoch 302/1000, Train Loss: 0.4550, Validation Loss: 0.5948
Epoch 303/1000, Train Loss: 0.4539, Validation Loss: 0.8430
Epoch 304/1000, Train Loss: 0.4610, Validation Loss: 3.9166
Epoch 305/1000, Train Loss: 0.4619, Validation Loss: 0.9807
Epoch 306/1000, Train Loss: 0.4603, Validation Loss: 3.3411
Epoch 307/1000, Train Loss: 0.4553, Validation Loss: 0.7271
Epoch 308/1000, Train Loss: 0.4578, Validation Loss: 2.9143
Epoch 309/1000, Train Loss: 0.4487, Validation Loss: 5.5139
Epoch 310/1000, Train Loss: 0.4583, Validation Loss: 0.6962
Epoch 311/1000, Train Loss: 0.4567, Validation Loss: 0.6209
Epoch 312/1000, Train Loss: 0.4559, Validation Loss: 1.7761
Epoch 313/1000, Train Loss: 0.4530, Validation Loss: 2.2302
Epoch 314/1000, Train Loss: 0.4412, Validation Loss: 0.6980
Epoch 315/1000, Train Loss: 0.4560, Validation Loss: 0.6378
Epoch 316/1000, Train Loss: 0.4710, Validation Loss: 0.4912
Epoch 317/1000, Train Loss: 0.4467, Validation Loss: 0.4585
Epoch 318/1000, Train Loss: 0.4403, Validation Loss: 1.9580
Epoch 319/1000, Train Loss: 0.4445, Validation Loss: 0.8151
Epoch 320/1000, Train Loss: 0.4594, Validation Loss: 0.9092
Epoch 321/1000, Train Loss: 0.4584, Validation Loss: 0.7568
Epoch 322/1000, Train Loss: 0.4482, Validation Loss: 0.6604
Epoch 323/1000, Train Loss: 0.4494, Validation Loss: 2.5924
Epoch 324/1000, Train Loss: 0.4536, Validation Loss: 0.4672
Epoch 325/1000, Train Loss: 0.4485, Validation Loss: 0.7534
Epoch 326/1000, Train Loss: 0.4650, Validation Loss: 1.2549
Epoch 327/1000, Train Loss: 0.4472, Validation Loss: 1.1130
Epoch 328/1000, Train Loss: 0.4501, Validation Loss: 1.0361
Epoch 329/1000, Train Loss: 0.4551, Validation Loss: 0.6970
Epoch 330/1000, Train Loss: 0.4438, Validation Loss: 2.8398
Epoch 331/1000, Train Loss: 0.4378, Validation Loss: 1.8515
Epoch 332/1000, Train Loss: 0.4616, Validation Loss: 1.0184
Epoch 333/1000, Train Loss: 0.4413, Validation Loss: 0.9174
Epoch 334/1000, Train Loss: 0.4609, Validation Loss: 0.6092
Epoch 335/1000, Train Loss: 0.4692, Validation Loss: 3.9428
Epoch 336/1000, Train Loss: 0.4550, Validation Loss: 0.5608
Epoch 337/1000, Train Loss: 0.4445, Validation Loss: 0.5211
Epoch 338/1000, Train Loss: 0.4436, Validation Loss: 1.9083
Epoch 339/1000, Train Loss: 0.4516, Validation Loss: 3.3273
Epoch 340/1000, Train Loss: 0.4641, Validation Loss: 0.7759
Epoch 341/1000, Train Loss: 0.4466, Validation Loss: 1.2583
Epoch 342/1000, Train Loss: 0.4495, Validation Loss: 1.1329
Epoch 343/1000, Train Loss: 0.4510, Validation Loss: 0.7706
Epoch 344/1000, Train Loss: 0.4456, Validation Loss: 0.7599
Epoch 345/1000, Train Loss: 0.4518, Validation Loss: 4.0402
Epoch 346/1000, Train Loss: 0.4531, Validation Loss: 1.2906
Epoch 347/1000, Train Loss: 0.4393, Validation Loss: 0.7634
Epoch 348/1000, Train Loss: 0.4565, Validation Loss: 0.9494
Epoch 349/1000, Train Loss: 0.4386, Validation Loss: 3.6367
Epoch 350/1000, Train Loss: 0.4486, Validation Loss: 0.6948
Epoch 351/1000, Train Loss: 0.4427, Validation Loss: 0.6049
Epoch 352/1000, Train Loss: 0.4464, Validation Loss: 0.6839
Epoch 353/1000, Train Loss: 0.4333, Validation Loss: 0.6369
Epoch 354/1000, Train Loss: 0.4442, Validation Loss: 0.4850
Epoch 355/1000, Train Loss: 0.4357, Validation Loss: 1.3529
Epoch 356/1000, Train Loss: 0.4446, Validation Loss: 0.5435
Epoch 357/1000, Train Loss: 0.4386, Validation Loss: 1.6987
Epoch 358/1000, Train Loss: 0.4362, Validation Loss: 2.4996
Epoch 359/1000, Train Loss: 0.4440, Validation Loss: 0.6377
Epoch 360/1000, Train Loss: 0.4341, Validation Loss: 6.1943
Epoch 361/1000, Train Loss: 0.4387, Validation Loss: 1.3716
Epoch 362/1000, Train Loss: 0.4268, Validation Loss: 2.3067
Epoch 363/1000, Train Loss: 0.4392, Validation Loss: 1.3449
Epoch 364/1000, Train Loss: 0.4420, Validation Loss: 0.6640
Epoch 365/1000, Train Loss: 0.4567, Validation Loss: 3.6483
Epoch 366/1000, Train Loss: 0.4283, Validation Loss: 1.4625
Epoch 367/1000, Train Loss: 0.4457, Validation Loss: 0.6561
Epoch 368/1000, Train Loss: 0.4423, Validation Loss: 0.9887
Epoch 369/1000, Train Loss: 0.4387, Validation Loss: 2.5209
Epoch 370/1000, Train Loss: 0.4379, Validation Loss: 0.4491
Epoch 371/1000, Train Loss: 0.4264, Validation Loss: 0.9036
Epoch 372/1000, Train Loss: 0.4330, Validation Loss: 3.4366
Epoch 373/1000, Train Loss: 0.4396, Validation Loss: 0.9765
Epoch 374/1000, Train Loss: 0.4495, Validation Loss: 3.3128
Epoch 375/1000, Train Loss: 0.4574, Validation Loss: 3.1505
Epoch 376/1000, Train Loss: 0.4701, Validation Loss: 0.9679
Epoch 377/1000, Train Loss: 0.4361, Validation Loss: 1.1126
Epoch 378/1000, Train Loss: 0.4332, Validation Loss: 0.7720
Epoch 379/1000, Train Loss: 0.4371, Validation Loss: 0.8565
Epoch 380/1000, Train Loss: 0.4503, Validation Loss: 0.6871
Epoch 381/1000, Train Loss: 0.4330, Validation Loss: 0.5290
Epoch 382/1000, Train Loss: 0.4279, Validation Loss: 5.0203
Epoch 383/1000, Train Loss: 0.4285, Validation Loss: 0.9835
Epoch 384/1000, Train Loss: 0.4294, Validation Loss: 2.8692
Epoch 385/1000, Train Loss: 0.4340, Validation Loss: 0.6315
Epoch 386/1000, Train Loss: 0.4348, Validation Loss: 0.7183
Epoch 387/1000, Train Loss: 0.4427, Validation Loss: 0.5554
Epoch 388/1000, Train Loss: 0.4388, Validation Loss: 3.2977
Epoch 389/1000, Train Loss: 0.4416, Validation Loss: 1.2821
Epoch 390/1000, Train Loss: 0.4367, Validation Loss: 2.3306
Epoch 391/1000, Train Loss: 0.4379, Validation Loss: 0.5389
Epoch 392/1000, Train Loss: 0.4297, Validation Loss: 0.5256
Epoch 393/1000, Train Loss: 0.4450, Validation Loss: 0.6851
Epoch 394/1000, Train Loss: 0.4331, Validation Loss: 0.6435
Epoch 395/1000, Train Loss: 0.4501, Validation Loss: 0.6551
Epoch 396/1000, Train Loss: 0.4369, Validation Loss: 0.7785
Epoch 397/1000, Train Loss: 0.4432, Validation Loss: 0.8340
Epoch 398/1000, Train Loss: 0.4239, Validation Loss: 7.3449
Epoch 399/1000, Train Loss: 0.4280, Validation Loss: 1.1052
Epoch 400/1000, Train Loss: 0.4328, Validation Loss: 1.2154
Epoch 401/1000, Train Loss: 0.4216, Validation Loss: 0.6346
Epoch 402/1000, Train Loss: 0.4523, Validation Loss: 5.3128
Epoch 403/1000, Train Loss: 0.4316, Validation Loss: 1.3656
Epoch 404/1000, Train Loss: 0.4306, Validation Loss: 1.9771
Epoch 405/1000, Train Loss: 0.4547, Validation Loss: 5.3247
Epoch 406/1000, Train Loss: 0.4475, Validation Loss: 0.7633
Epoch 407/1000, Train Loss: 0.4200, Validation Loss: 0.7751
Epoch 408/1000, Train Loss: 0.4436, Validation Loss: 1.5163
Epoch 409/1000, Train Loss: 0.4598, Validation Loss: 0.9149
Epoch 410/1000, Train Loss: 0.4244, Validation Loss: 2.1220
Epoch 411/1000, Train Loss: 0.4275, Validation Loss: 1.9545
Epoch 412/1000, Train Loss: 0.4388, Validation Loss: 4.2438
Epoch 413/1000, Train Loss: 0.4435, Validation Loss: 5.1405
Epoch 414/1000, Train Loss: 0.4464, Validation Loss: 1.0979
Epoch 415/1000, Train Loss: 0.4447, Validation Loss: 1.7370
Epoch 416/1000, Train Loss: 0.4257, Validation Loss: 0.6219
Epoch 417/1000, Train Loss: 0.4343, Validation Loss: 1.3139
Epoch 418/1000, Train Loss: 0.4298, Validation Loss: 0.7747
Epoch 419/1000, Train Loss: 0.4361, Validation Loss: 0.6611
Epoch 420/1000, Train Loss: 0.4325, Validation Loss: 1.2217
Epoch 421/1000, Train Loss: 0.4483, Validation Loss: 0.6813
Epoch 422/1000, Train Loss: 0.4368, Validation Loss: 1.1694
Epoch 423/1000, Train Loss: 0.4264, Validation Loss: 5.8312
Epoch 424/1000, Train Loss: 0.4454, Validation Loss: 4.8319
Epoch 425/1000, Train Loss: 0.4233, Validation Loss: 2.1140
Epoch 426/1000, Train Loss: 0.4236, Validation Loss: 0.8497
Epoch 427/1000, Train Loss: 0.4440, Validation Loss: 8.1500
Epoch 428/1000, Train Loss: 0.4414, Validation Loss: 1.1010
Epoch 429/1000, Train Loss: 0.4323, Validation Loss: 0.6083
Epoch 430/1000, Train Loss: 0.4203, Validation Loss: 1.7975
Epoch 431/1000, Train Loss: 0.4292, Validation Loss: 0.9583
Epoch 432/1000, Train Loss: 0.4340, Validation Loss: 1.7324
Epoch 433/1000, Train Loss: 0.4215, Validation Loss: 3.2555
Epoch 434/1000, Train Loss: 0.4339, Validation Loss: 0.9891
Epoch 435/1000, Train Loss: 0.4174, Validation Loss: 1.2400
Epoch 436/1000, Train Loss: 0.4136, Validation Loss: 2.0645
Epoch 437/1000, Train Loss: 0.4273, Validation Loss: 0.7935
Epoch 438/1000, Train Loss: 0.4371, Validation Loss: 2.7899
Epoch 439/1000, Train Loss: 0.4152, Validation Loss: 2.3737
Epoch 440/1000, Train Loss: 0.4228, Validation Loss: 0.5036
Epoch 441/1000, Train Loss: 0.4346, Validation Loss: 0.7973
Epoch 442/1000, Train Loss: 0.4223, Validation Loss: 1.7402
Epoch 443/1000, Train Loss: 0.4199, Validation Loss: 2.1041
Epoch 444/1000, Train Loss: 0.4490, Validation Loss: 2.7504
Epoch 445/1000, Train Loss: 0.4171, Validation Loss: 0.5424
Epoch 446/1000, Train Loss: 0.4175, Validation Loss: 0.4617
Epoch 447/1000, Train Loss: 0.4398, Validation Loss: 0.6730
Epoch 448/1000, Train Loss: 0.4237, Validation Loss: 1.7609
Epoch 449/1000, Train Loss: 0.4179, Validation Loss: 5.2139
Epoch 450/1000, Train Loss: 0.4282, Validation Loss: 1.1420
Epoch 451/1000, Train Loss: 0.4064, Validation Loss: 1.7038
Epoch 452/1000, Train Loss: 0.4282, Validation Loss: 0.7275
Epoch 453/1000, Train Loss: 0.4202, Validation Loss: 0.5102
Epoch 454/1000, Train Loss: 0.4309, Validation Loss: 0.5863
Epoch 455/1000, Train Loss: 0.4125, Validation Loss: 0.7952
Epoch 456/1000, Train Loss: 0.4216, Validation Loss: 1.6410
Epoch 457/1000, Train Loss: 0.4140, Validation Loss: 1.9215
Epoch 458/1000, Train Loss: 0.4137, Validation Loss: 2.3816
Epoch 459/1000, Train Loss: 0.4176, Validation Loss: 0.7372
Epoch 460/1000, Train Loss: 0.4111, Validation Loss: 3.1114
Epoch 461/1000, Train Loss: 0.4329, Validation Loss: 1.8326
Epoch 462/1000, Train Loss: 0.4207, Validation Loss: 1.4260
Epoch 463/1000, Train Loss: 0.4328, Validation Loss: 1.2857
Epoch 464/1000, Train Loss: 0.4312, Validation Loss: 0.8896
Epoch 465/1000, Train Loss: 0.4385, Validation Loss: 0.7046
Epoch 466/1000, Train Loss: 0.4309, Validation Loss: 4.4463
Epoch 467/1000, Train Loss: 0.4152, Validation Loss: 1.8467
Epoch 468/1000, Train Loss: 0.4233, Validation Loss: 0.5605
Epoch 469/1000, Train Loss: 0.4697, Validation Loss: 1.3886
Epoch 470/1000, Train Loss: 0.4222, Validation Loss: 0.5871
Epoch 471/1000, Train Loss: 0.4143, Validation Loss: 1.3447
Epoch 472/1000, Train Loss: 0.4170, Validation Loss: 2.1328
Epoch 473/1000, Train Loss: 0.4173, Validation Loss: 0.6281
Epoch 474/1000, Train Loss: 0.4467, Validation Loss: 1.9508
Epoch 475/1000, Train Loss: 0.4463, Validation Loss: 0.5855
Epoch 476/1000, Train Loss: 0.4180, Validation Loss: 5.0863
Epoch 477/1000, Train Loss: 0.4287, Validation Loss: 0.8023
Epoch 478/1000, Train Loss: 0.4217, Validation Loss: 1.2885
Epoch 479/1000, Train Loss: 0.4174, Validation Loss: 0.7112
Epoch 480/1000, Train Loss: 0.4127, Validation Loss: 3.4142
Epoch 481/1000, Train Loss: 0.4385, Validation Loss: 0.6187
Epoch 482/1000, Train Loss: 0.4160, Validation Loss: 3.9225
Epoch 483/1000, Train Loss: 0.4367, Validation Loss: 2.2531
Epoch 484/1000, Train Loss: 0.4290, Validation Loss: 1.3871
Epoch 485/1000, Train Loss: 0.4263, Validation Loss: 2.7740
Epoch 486/1000, Train Loss: 0.4170, Validation Loss: 1.7606
Epoch 487/1000, Train Loss: 0.4143, Validation Loss: 2.2869
Epoch 488/1000, Train Loss: 0.4163, Validation Loss: 2.2362
Epoch 489/1000, Train Loss: 0.4294, Validation Loss: 1.3686
Epoch 490/1000, Train Loss: 0.4127, Validation Loss: 0.6898
Epoch 491/1000, Train Loss: 0.4327, Validation Loss: 4.2405
Epoch 492/1000, Train Loss: 0.4298, Validation Loss: 0.4567
Epoch 493/1000, Train Loss: 0.4179, Validation Loss: 2.3958
Epoch 494/1000, Train Loss: 0.4109, Validation Loss: 2.7034
Epoch 495/1000, Train Loss: 0.4249, Validation Loss: 1.9373
Epoch 496/1000, Train Loss: 0.4099, Validation Loss: 0.4289
Epoch 497/1000, Train Loss: 0.4373, Validation Loss: 0.7195
Epoch 498/1000, Train Loss: 0.4338, Validation Loss: 0.4379
Epoch 499/1000, Train Loss: 0.4248, Validation Loss: 2.3191
Epoch 500/1000, Train Loss: 0.4242, Validation Loss: 1.0504
Epoch 501/1000, Train Loss: 0.4056, Validation Loss: 0.4387
Epoch 502/1000, Train Loss: 0.4188, Validation Loss: 3.3493
Epoch 503/1000, Train Loss: 0.4343, Validation Loss: 3.5464
Epoch 504/1000, Train Loss: 0.4140, Validation Loss: 1.4518
Epoch 505/1000, Train Loss: 0.4132, Validation Loss: 0.5065
Epoch 506/1000, Train Loss: 0.4303, Validation Loss: 1.3593
Epoch 507/1000, Train Loss: 0.4365, Validation Loss: 1.2740
Epoch 508/1000, Train Loss: 0.4182, Validation Loss: 0.5565
Epoch 509/1000, Train Loss: 0.4268, Validation Loss: 0.6186
Epoch 510/1000, Train Loss: 0.4130, Validation Loss: 0.9292
Epoch 511/1000, Train Loss: 0.4218, Validation Loss: 3.6497
Epoch 512/1000, Train Loss: 0.4162, Validation Loss: 0.4630
Epoch 513/1000, Train Loss: 0.4269, Validation Loss: 5.8974
Epoch 514/1000, Train Loss: 0.4134, Validation Loss: 4.3244
Epoch 515/1000, Train Loss: 0.4168, Validation Loss: 1.3638
Epoch 516/1000, Train Loss: 0.4304, Validation Loss: 1.0594
Epoch 517/1000, Train Loss: 0.4212, Validation Loss: 1.7096
Epoch 518/1000, Train Loss: 0.4352, Validation Loss: 1.3572
Epoch 519/1000, Train Loss: 0.4288, Validation Loss: 5.1881
Epoch 520/1000, Train Loss: 0.4043, Validation Loss: 0.8403
Epoch 521/1000, Train Loss: 0.4113, Validation Loss: 0.5569
Epoch 522/1000, Train Loss: 0.4236, Validation Loss: 5.0966
Epoch 523/1000, Train Loss: 0.4104, Validation Loss: 2.1994
Epoch 524/1000, Train Loss: 0.4130, Validation Loss: 1.8199
Epoch 525/1000, Train Loss: 0.4228, Validation Loss: 2.9804
Epoch 526/1000, Train Loss: 0.4215, Validation Loss: 0.9791
Epoch 527/1000, Train Loss: 0.4146, Validation Loss: 0.5501
Epoch 528/1000, Train Loss: 0.4344, Validation Loss: 0.6606
Epoch 529/1000, Train Loss: 0.4182, Validation Loss: 0.9407
Epoch 530/1000, Train Loss: 0.4273, Validation Loss: 0.8369
Epoch 531/1000, Train Loss: 0.4143, Validation Loss: 0.8296
Epoch 532/1000, Train Loss: 0.4121, Validation Loss: 1.3105
Epoch 533/1000, Train Loss: 0.4062, Validation Loss: 2.9796
Epoch 534/1000, Train Loss: 0.4103, Validation Loss: 1.6541
Epoch 535/1000, Train Loss: 0.4095, Validation Loss: 0.8180
Epoch 536/1000, Train Loss: 0.4232, Validation Loss: 0.5390
Epoch 537/1000, Train Loss: 0.4115, Validation Loss: 0.4749
Epoch 538/1000, Train Loss: 0.4137, Validation Loss: 2.1252
Epoch 539/1000, Train Loss: 0.4099, Validation Loss: 1.0682
Epoch 540/1000, Train Loss: 0.4452, Validation Loss: 1.2255
Epoch 541/1000, Train Loss: 0.4133, Validation Loss: 1.4268
Epoch 542/1000, Train Loss: 0.4297, Validation Loss: 0.9265
Epoch 543/1000, Train Loss: 0.4061, Validation Loss: 0.5200
Epoch 544/1000, Train Loss: 0.4127, Validation Loss: 1.3323
Epoch 545/1000, Train Loss: 0.4177, Validation Loss: 5.5214
Epoch 546/1000, Train Loss: 0.4242, Validation Loss: 0.6495
Epoch 547/1000, Train Loss: 0.4164, Validation Loss: 1.2568
Epoch 548/1000, Train Loss: 0.4030, Validation Loss: 1.6710
Epoch 549/1000, Train Loss: 0.4070, Validation Loss: 1.0503
Epoch 550/1000, Train Loss: 0.4102, Validation Loss: 0.5038
Epoch 551/1000, Train Loss: 0.4101, Validation Loss: 3.1476
Epoch 552/1000, Train Loss: 0.4009, Validation Loss: 1.6052
Epoch 553/1000, Train Loss: 0.4217, Validation Loss: 0.9158
Epoch 554/1000, Train Loss: 0.4370, Validation Loss: 1.5531
Epoch 555/1000, Train Loss: 0.4063, Validation Loss: 1.1924
Epoch 556/1000, Train Loss: 0.4151, Validation Loss: 3.9981
Epoch 557/1000, Train Loss: 0.4005, Validation Loss: 5.0458
Epoch 558/1000, Train Loss: 0.4140, Validation Loss: 3.8449
Epoch 559/1000, Train Loss: 0.4026, Validation Loss: 4.2254
Epoch 560/1000, Train Loss: 0.4125, Validation Loss: 0.6451
Epoch 561/1000, Train Loss: 0.4243, Validation Loss: 2.3462
Epoch 562/1000, Train Loss: 0.4093, Validation Loss: 1.0958
Epoch 563/1000, Train Loss: 0.3971, Validation Loss: 0.7459
Epoch 564/1000, Train Loss: 0.4473, Validation Loss: 0.7660
Epoch 565/1000, Train Loss: 0.4046, Validation Loss: 0.5672
Epoch 566/1000, Train Loss: 0.4071, Validation Loss: 0.8963
Epoch 567/1000, Train Loss: 0.4098, Validation Loss: 0.6528
Epoch 568/1000, Train Loss: 0.4186, Validation Loss: 3.6260
Epoch 569/1000, Train Loss: 0.4203, Validation Loss: 0.9512
Epoch 570/1000, Train Loss: 0.4171, Validation Loss: 1.5454
Epoch 571/1000, Train Loss: 0.4195, Validation Loss: 0.6819
Epoch 572/1000, Train Loss: 0.4112, Validation Loss: 0.7412
Epoch 573/1000, Train Loss: 0.4152, Validation Loss: 0.8636
Epoch 574/1000, Train Loss: 0.4043, Validation Loss: 0.6267
Epoch 575/1000, Train Loss: 0.4070, Validation Loss: 1.6902
Epoch 576/1000, Train Loss: 0.4046, Validation Loss: 1.0516
Epoch 577/1000, Train Loss: 0.4008, Validation Loss: 0.5597
Epoch 578/1000, Train Loss: 0.4202, Validation Loss: 2.6673
Epoch 579/1000, Train Loss: 0.4328, Validation Loss: 0.7179
Epoch 580/1000, Train Loss: 0.4189, Validation Loss: 0.7261
Epoch 581/1000, Train Loss: 0.4164, Validation Loss: 1.0515
Epoch 582/1000, Train Loss: 0.4102, Validation Loss: 2.3265
Epoch 583/1000, Train Loss: 0.4120, Validation Loss: 0.8285
Epoch 584/1000, Train Loss: 0.3955, Validation Loss: 1.4009
Epoch 585/1000, Train Loss: 0.4186, Validation Loss: 0.7628
Epoch 586/1000, Train Loss: 0.4146, Validation Loss: 2.2598
Epoch 587/1000, Train Loss: 0.4355, Validation Loss: 2.2609
Epoch 588/1000, Train Loss: 0.4332, Validation Loss: 0.7426
Epoch 589/1000, Train Loss: 0.4066, Validation Loss: 1.3558
Epoch 590/1000, Train Loss: 0.4222, Validation Loss: 0.5895
Epoch 591/1000, Train Loss: 0.4128, Validation Loss: 0.7610
Epoch 592/1000, Train Loss: 0.3933, Validation Loss: 0.5275
Epoch 593/1000, Train Loss: 0.4238, Validation Loss: 3.8910
Epoch 594/1000, Train Loss: 0.4128, Validation Loss: 2.6931
Epoch 595/1000, Train Loss: 0.4041, Validation Loss: 1.4090
Epoch 596/1000, Train Loss: 0.4202, Validation Loss: 2.5833
Epoch 597/1000, Train Loss: 0.4155, Validation Loss: 0.7161
Epoch 598/1000, Train Loss: 0.4510, Validation Loss: 0.8073
Epoch 599/1000, Train Loss: 0.4162, Validation Loss: 0.6357
Epoch 600/1000, Train Loss: 0.4155, Validation Loss: 0.4513
Epoch 601/1000, Train Loss: 0.4081, Validation Loss: 3.1909
Epoch 602/1000, Train Loss: 0.4146, Validation Loss: 2.1153
Epoch 603/1000, Train Loss: 0.4139, Validation Loss: 1.3636
Epoch 604/1000, Train Loss: 0.3968, Validation Loss: 0.9398
Epoch 605/1000, Train Loss: 0.4431, Validation Loss: 3.0895
Epoch 606/1000, Train Loss: 0.4191, Validation Loss: 0.6193
Epoch 607/1000, Train Loss: 0.4231, Validation Loss: 0.5194
Epoch 608/1000, Train Loss: 0.4258, Validation Loss: 2.5501
Epoch 609/1000, Train Loss: 0.3938, Validation Loss: 2.7629
Epoch 610/1000, Train Loss: 0.3961, Validation Loss: 1.3357
Epoch 611/1000, Train Loss: 0.4206, Validation Loss: 2.2139
Epoch 612/1000, Train Loss: 0.4111, Validation Loss: 1.7626
Epoch 613/1000, Train Loss: 0.4101, Validation Loss: 0.5872
Epoch 614/1000, Train Loss: 0.4169, Validation Loss: 3.9493
Epoch 615/1000, Train Loss: 0.4107, Validation Loss: 6.1942
Epoch 616/1000, Train Loss: 0.4129, Validation Loss: 0.9690
Epoch 617/1000, Train Loss: 0.4173, Validation Loss: 4.3843
Epoch 618/1000, Train Loss: 0.4070, Validation Loss: 0.6523
Epoch 619/1000, Train Loss: 0.4160, Validation Loss: 1.2668
Epoch 620/1000, Train Loss: 0.4039, Validation Loss: 0.8401
Epoch 621/1000, Train Loss: 0.4186, Validation Loss: 0.9471
Epoch 622/1000, Train Loss: 0.4176, Validation Loss: 0.5229
Epoch 623/1000, Train Loss: 0.4123, Validation Loss: 1.0770
Epoch 624/1000, Train Loss: 0.4126, Validation Loss: 1.4156
Epoch 625/1000, Train Loss: 0.4069, Validation Loss: 0.5262
Epoch 626/1000, Train Loss: 0.4051, Validation Loss: 0.7707
Epoch 627/1000, Train Loss: 0.3908, Validation Loss: 1.1176
Epoch 628/1000, Train Loss: 0.4028, Validation Loss: 0.4784
Epoch 629/1000, Train Loss: 0.4129, Validation Loss: 1.6770
Epoch 630/1000, Train Loss: 0.4053, Validation Loss: 1.7720
Epoch 631/1000, Train Loss: 0.4264, Validation Loss: 2.0419
Epoch 632/1000, Train Loss: 0.4128, Validation Loss: 4.5549
Epoch 633/1000, Train Loss: 0.4026, Validation Loss: 0.6509
Epoch 634/1000, Train Loss: 0.4172, Validation Loss: 0.8266
Epoch 635/1000, Train Loss: 0.4140, Validation Loss: 1.2065
Epoch 636/1000, Train Loss: 0.4069, Validation Loss: 0.7942
Epoch 637/1000, Train Loss: 0.4136, Validation Loss: 1.0838
Epoch 638/1000, Train Loss: 0.4104, Validation Loss: 0.6748
Epoch 639/1000, Train Loss: 0.4000, Validation Loss: 3.6188
Epoch 640/1000, Train Loss: 0.4014, Validation Loss: 4.5505
Epoch 641/1000, Train Loss: 0.4090, Validation Loss: 1.8023
Epoch 642/1000, Train Loss: 0.4230, Validation Loss: 0.7640
Epoch 643/1000, Train Loss: 0.4083, Validation Loss: 2.5223
Epoch 644/1000, Train Loss: 0.4041, Validation Loss: 3.1938
Epoch 645/1000, Train Loss: 0.4373, Validation Loss: 1.5818
Epoch 646/1000, Train Loss: 0.4127, Validation Loss: 0.6707
Epoch 647/1000, Train Loss: 0.4006, Validation Loss: 3.2920
Epoch 648/1000, Train Loss: 0.4108, Validation Loss: 0.7689
Epoch 649/1000, Train Loss: 0.4236, Validation Loss: 0.7637
Epoch 650/1000, Train Loss: 0.4082, Validation Loss: 2.7657
Epoch 651/1000, Train Loss: 0.4311, Validation Loss: 3.0178
Epoch 652/1000, Train Loss: 0.4137, Validation Loss: 0.4871
Epoch 653/1000, Train Loss: 0.4139, Validation Loss: 0.6836
Epoch 654/1000, Train Loss: 0.4229, Validation Loss: 1.1481
Epoch 655/1000, Train Loss: 0.4003, Validation Loss: 0.8044
Epoch 656/1000, Train Loss: 0.4053, Validation Loss: 0.8251
Epoch 657/1000, Train Loss: 0.4186, Validation Loss: 0.4059
Epoch 658/1000, Train Loss: 0.4091, Validation Loss: 2.1757
Epoch 659/1000, Train Loss: 0.4011, Validation Loss: 1.7595
Epoch 660/1000, Train Loss: 0.4105, Validation Loss: 3.3134
Epoch 661/1000, Train Loss: 0.4615, Validation Loss: 3.5333
Epoch 662/1000, Train Loss: 0.3867, Validation Loss: 3.3783
Epoch 663/1000, Train Loss: 0.4131, Validation Loss: 1.7746
Epoch 664/1000, Train Loss: 0.4082, Validation Loss: 1.9037
Epoch 665/1000, Train Loss: 0.4072, Validation Loss: 0.5437
Epoch 666/1000, Train Loss: 0.4052, Validation Loss: 0.7894
Epoch 667/1000, Train Loss: 0.4127, Validation Loss: 0.8608
Epoch 668/1000, Train Loss: 0.4227, Validation Loss: 1.1779
Epoch 669/1000, Train Loss: 0.4042, Validation Loss: 0.4685
Epoch 670/1000, Train Loss: 0.4192, Validation Loss: 0.6192
Epoch 671/1000, Train Loss: 0.4072, Validation Loss: 3.6101
Epoch 672/1000, Train Loss: 0.3982, Validation Loss: 2.9332
Epoch 673/1000, Train Loss: 0.4199, Validation Loss: 0.5724
Epoch 674/1000, Train Loss: 0.4274, Validation Loss: 1.1951
Epoch 675/1000, Train Loss: 0.4064, Validation Loss: 2.5925
Epoch 676/1000, Train Loss: 0.4082, Validation Loss: 1.3932
Epoch 677/1000, Train Loss: 0.4070, Validation Loss: 2.3081
Epoch 678/1000, Train Loss: 0.3987, Validation Loss: 3.4015
Epoch 679/1000, Train Loss: 0.4099, Validation Loss: 0.6069
Epoch 680/1000, Train Loss: 0.4129, Validation Loss: 0.7414
Epoch 681/1000, Train Loss: 0.4193, Validation Loss: 1.1149
Epoch 682/1000, Train Loss: 0.4100, Validation Loss: 0.5103
Epoch 683/1000, Train Loss: 0.4047, Validation Loss: 5.4138
Epoch 684/1000, Train Loss: 0.3994, Validation Loss: 2.9416
Epoch 685/1000, Train Loss: 0.3889, Validation Loss: 3.7131
Epoch 686/1000, Train Loss: 0.4013, Validation Loss: 1.2844
Epoch 687/1000, Train Loss: 0.4052, Validation Loss: 0.8428
Epoch 688/1000, Train Loss: 0.3943, Validation Loss: 0.6342
Epoch 689/1000, Train Loss: 0.4034, Validation Loss: 0.8851
Epoch 690/1000, Train Loss: 0.3874, Validation Loss: 1.3509
Epoch 691/1000, Train Loss: 0.4146, Validation Loss: 1.6990
Epoch 692/1000, Train Loss: 0.4079, Validation Loss: 3.1788
Epoch 693/1000, Train Loss: 0.4075, Validation Loss: 0.8909
Epoch 694/1000, Train Loss: 0.3992, Validation Loss: 1.4371
Epoch 695/1000, Train Loss: 0.4026, Validation Loss: 1.0913
Epoch 696/1000, Train Loss: 0.4057, Validation Loss: 1.7729
Epoch 697/1000, Train Loss: 0.4033, Validation Loss: 2.4679
Epoch 698/1000, Train Loss: 0.3984, Validation Loss: 0.8614
Epoch 699/1000, Train Loss: 0.4105, Validation Loss: 0.9710
Epoch 700/1000, Train Loss: 0.4085, Validation Loss: 2.0357
Epoch 701/1000, Train Loss: 0.4090, Validation Loss: 2.2079
Epoch 702/1000, Train Loss: 0.3906, Validation Loss: 0.5892
Epoch 703/1000, Train Loss: 0.4184, Validation Loss: 0.9759
Epoch 704/1000, Train Loss: 0.4033, Validation Loss: 1.3366
Epoch 705/1000, Train Loss: 0.3951, Validation Loss: 1.7875
Epoch 706/1000, Train Loss: 0.4045, Validation Loss: 1.6790
Epoch 707/1000, Train Loss: 0.4172, Validation Loss: 0.3756
Epoch 708/1000, Train Loss: 0.3923, Validation Loss: 2.4341
Epoch 709/1000, Train Loss: 0.4128, Validation Loss: 1.0469
Epoch 710/1000, Train Loss: 0.4145, Validation Loss: 1.7822
Epoch 711/1000, Train Loss: 0.4067, Validation Loss: 0.5472
Epoch 712/1000, Train Loss: 0.4340, Validation Loss: 1.0226
Epoch 713/1000, Train Loss: 0.4179, Validation Loss: 1.8371
Epoch 714/1000, Train Loss: 0.4021, Validation Loss: 3.7759
Epoch 715/1000, Train Loss: 0.4051, Validation Loss: 1.8074
Epoch 716/1000, Train Loss: 0.3876, Validation Loss: 3.0416
Epoch 717/1000, Train Loss: 0.3943, Validation Loss: 0.8993
Epoch 718/1000, Train Loss: 0.4202, Validation Loss: 0.4854
Epoch 719/1000, Train Loss: 0.4099, Validation Loss: 1.8736
Epoch 720/1000, Train Loss: 0.4224, Validation Loss: 1.1211
Epoch 721/1000, Train Loss: 0.3986, Validation Loss: 0.5942
Epoch 722/1000, Train Loss: 0.4211, Validation Loss: 1.1056
Epoch 723/1000, Train Loss: 0.4175, Validation Loss: 0.9115
Epoch 724/1000, Train Loss: 0.4204, Validation Loss: 1.4992
Epoch 725/1000, Train Loss: 0.5864, Validation Loss: 0.7637
Epoch 726/1000, Train Loss: 0.4033, Validation Loss: 1.4222
Epoch 727/1000, Train Loss: 0.4050, Validation Loss: 0.7109
Epoch 728/1000, Train Loss: 0.4170, Validation Loss: 1.4820
Epoch 729/1000, Train Loss: 0.3951, Validation Loss: 1.6735
Epoch 730/1000, Train Loss: 0.3994, Validation Loss: 0.5083
Epoch 731/1000, Train Loss: 0.4035, Validation Loss: 0.6164
Epoch 732/1000, Train Loss: 0.3979, Validation Loss: 2.0149
Epoch 733/1000, Train Loss: 0.3951, Validation Loss: 2.3287
Epoch 734/1000, Train Loss: 0.4047, Validation Loss: 1.1005
Epoch 735/1000, Train Loss: 0.4158, Validation Loss: 1.5148
Epoch 736/1000, Train Loss: 0.4213, Validation Loss: 3.2921
Epoch 737/1000, Train Loss: 0.3978, Validation Loss: 0.5343
Epoch 738/1000, Train Loss: 0.4022, Validation Loss: 0.5967
Epoch 739/1000, Train Loss: 0.3954, Validation Loss: 0.6180
Epoch 740/1000, Train Loss: 0.4042, Validation Loss: 1.0259
Epoch 741/1000, Train Loss: 0.4052, Validation Loss: 0.9337
Epoch 742/1000, Train Loss: 0.3947, Validation Loss: 2.9549
Epoch 743/1000, Train Loss: 0.4002, Validation Loss: 2.1395
Epoch 744/1000, Train Loss: 0.4074, Validation Loss: 0.5935
Epoch 745/1000, Train Loss: 0.4122, Validation Loss: 0.5874
Epoch 746/1000, Train Loss: 0.4028, Validation Loss: 2.1937
Epoch 747/1000, Train Loss: 0.4069, Validation Loss: 3.7280
Epoch 748/1000, Train Loss: 0.4110, Validation Loss: 3.2758
Epoch 749/1000, Train Loss: 0.4196, Validation Loss: 1.8363
Epoch 750/1000, Train Loss: 0.4094, Validation Loss: 2.8707
Epoch 751/1000, Train Loss: 0.3959, Validation Loss: 1.2945
Epoch 752/1000, Train Loss: 0.4106, Validation Loss: 1.1172
Epoch 753/1000, Train Loss: 0.3978, Validation Loss: 0.9169
Epoch 754/1000, Train Loss: 0.4082, Validation Loss: 1.2208
Epoch 755/1000, Train Loss: 0.3907, Validation Loss: 1.0748
Epoch 756/1000, Train Loss: 0.3892, Validation Loss: 2.3816
Epoch 757/1000, Train Loss: 0.3862, Validation Loss: 0.5262
Epoch 758/1000, Train Loss: 0.4329, Validation Loss: 2.6407
Epoch 759/1000, Train Loss: 0.4017, Validation Loss: 0.4691
Epoch 760/1000, Train Loss: 0.4100, Validation Loss: 4.9430
Epoch 761/1000, Train Loss: 0.3940, Validation Loss: 0.6370
Epoch 762/1000, Train Loss: 0.3952, Validation Loss: 1.1300
Epoch 763/1000, Train Loss: 0.4001, Validation Loss: 0.3882
Epoch 764/1000, Train Loss: 0.3986, Validation Loss: 0.5027
Epoch 765/1000, Train Loss: 0.3994, Validation Loss: 2.8181
Epoch 766/1000, Train Loss: 0.4104, Validation Loss: 0.9314
Epoch 767/1000, Train Loss: 0.3936, Validation Loss: 0.7749
Epoch 768/1000, Train Loss: 0.3997, Validation Loss: 0.9759
Epoch 769/1000, Train Loss: 0.3918, Validation Loss: 4.1856
Epoch 770/1000, Train Loss: 0.4172, Validation Loss: 0.7177
Epoch 771/1000, Train Loss: 0.4007, Validation Loss: 3.5990
Epoch 772/1000, Train Loss: 0.4091, Validation Loss: 2.4423
Epoch 773/1000, Train Loss: 0.3998, Validation Loss: 0.7436
Epoch 774/1000, Train Loss: 0.4038, Validation Loss: 6.7334
Epoch 775/1000, Train Loss: 0.4223, Validation Loss: 3.7758
Epoch 776/1000, Train Loss: 0.4163, Validation Loss: 0.5224
Epoch 777/1000, Train Loss: 0.3981, Validation Loss: 1.2748
Epoch 778/1000, Train Loss: 0.4259, Validation Loss: 1.2393
Epoch 779/1000, Train Loss: 0.3994, Validation Loss: 0.5904
Epoch 780/1000, Train Loss: 0.4254, Validation Loss: 2.0428
Epoch 781/1000, Train Loss: 0.4168, Validation Loss: 1.4909
Epoch 782/1000, Train Loss: 0.4010, Validation Loss: 0.8735
Epoch 783/1000, Train Loss: 0.3982, Validation Loss: 2.1437
Epoch 784/1000, Train Loss: 0.3984, Validation Loss: 0.3961
Epoch 785/1000, Train Loss: 0.4037, Validation Loss: 1.4114
Epoch 786/1000, Train Loss: 0.4046, Validation Loss: 2.6827
Epoch 787/1000, Train Loss: 0.4011, Validation Loss: 0.8832
Epoch 788/1000, Train Loss: 0.4100, Validation Loss: 0.8971
Epoch 789/1000, Train Loss: 0.4093, Validation Loss: 1.4127
Epoch 790/1000, Train Loss: 0.4079, Validation Loss: 1.6885
Epoch 791/1000, Train Loss: 0.3851, Validation Loss: 1.5540
Epoch 792/1000, Train Loss: 0.4194, Validation Loss: 0.4132
Epoch 793/1000, Train Loss: 0.4432, Validation Loss: 0.9077
Epoch 794/1000, Train Loss: 0.3956, Validation Loss: 0.6410
Epoch 795/1000, Train Loss: 0.4010, Validation Loss: 1.5333
Epoch 796/1000, Train Loss: 0.3927, Validation Loss: 2.6945
Epoch 797/1000, Train Loss: 0.4070, Validation Loss: 2.1135
Epoch 798/1000, Train Loss: 0.4001, Validation Loss: 0.5128
Epoch 799/1000, Train Loss: 0.3980, Validation Loss: 1.1114
Epoch 800/1000, Train Loss: 0.4091, Validation Loss: 1.2793
Epoch 801/1000, Train Loss: 0.3977, Validation Loss: 3.9658
Epoch 802/1000, Train Loss: 0.3931, Validation Loss: 1.2232
Epoch 803/1000, Train Loss: 0.3958, Validation Loss: 2.0804
Epoch 804/1000, Train Loss: 0.4020, Validation Loss: 0.8703
Epoch 805/1000, Train Loss: 0.4013, Validation Loss: 3.4520
Epoch 806/1000, Train Loss: 0.4017, Validation Loss: 1.6665
Epoch 807/1000, Train Loss: 0.4056, Validation Loss: 0.6146
Epoch 808/1000, Train Loss: 0.3918, Validation Loss: 0.6588
Epoch 809/1000, Train Loss: 0.4089, Validation Loss: 2.8036
Epoch 810/1000, Train Loss: 0.4129, Validation Loss: 5.2335
Epoch 811/1000, Train Loss: 0.4037, Validation Loss: 0.8683
Epoch 812/1000, Train Loss: 0.3975, Validation Loss: 0.5546
Epoch 813/1000, Train Loss: 0.3901, Validation Loss: 0.4891
Epoch 814/1000, Train Loss: 0.3995, Validation Loss: 2.6107
Epoch 815/1000, Train Loss: 0.3954, Validation Loss: 0.8217
Epoch 816/1000, Train Loss: 0.3917, Validation Loss: 1.4794
Epoch 817/1000, Train Loss: 0.3926, Validation Loss: 1.6408
Epoch 818/1000, Train Loss: 0.3935, Validation Loss: 1.3849
Epoch 819/1000, Train Loss: 0.3981, Validation Loss: 0.7516
Epoch 820/1000, Train Loss: 0.3895, Validation Loss: 0.9499
Epoch 821/1000, Train Loss: 0.3923, Validation Loss: 0.5169
Epoch 822/1000, Train Loss: 0.4007, Validation Loss: 1.2978
Epoch 823/1000, Train Loss: 0.3972, Validation Loss: 2.4632
Epoch 824/1000, Train Loss: 0.4015, Validation Loss: 0.6670
Epoch 825/1000, Train Loss: 0.4206, Validation Loss: 1.3172
Epoch 826/1000, Train Loss: 0.4056, Validation Loss: 2.1348
Epoch 827/1000, Train Loss: 0.4065, Validation Loss: 2.0174
Epoch 828/1000, Train Loss: 0.3903, Validation Loss: 2.3195
Epoch 829/1000, Train Loss: 0.3876, Validation Loss: 0.9420
Epoch 830/1000, Train Loss: 0.4015, Validation Loss: 1.7824
Epoch 831/1000, Train Loss: 0.4013, Validation Loss: 0.5363
Epoch 832/1000, Train Loss: 0.3952, Validation Loss: 0.4805
Epoch 833/1000, Train Loss: 0.3935, Validation Loss: 0.9310
Epoch 834/1000, Train Loss: 0.4061, Validation Loss: 2.0423
Epoch 835/1000, Train Loss: 0.4070, Validation Loss: 1.4722
Epoch 836/1000, Train Loss: 0.4008, Validation Loss: 3.5835
Epoch 837/1000, Train Loss: 0.3960, Validation Loss: 1.4706
Epoch 838/1000, Train Loss: 0.3953, Validation Loss: 0.9927
Epoch 839/1000, Train Loss: 0.3967, Validation Loss: 1.8211
Epoch 840/1000, Train Loss: 0.4034, Validation Loss: 2.3464
Epoch 841/1000, Train Loss: 0.3994, Validation Loss: 2.9568
Epoch 842/1000, Train Loss: 0.4029, Validation Loss: 1.2844
Epoch 843/1000, Train Loss: 0.3979, Validation Loss: 0.8830
Epoch 844/1000, Train Loss: 0.3988, Validation Loss: 2.2581
Epoch 845/1000, Train Loss: 0.3935, Validation Loss: 1.3549
Epoch 846/1000, Train Loss: 0.3974, Validation Loss: 0.5017
Epoch 847/1000, Train Loss: 0.4095, Validation Loss: 3.0489
Epoch 848/1000, Train Loss: 0.3847, Validation Loss: 3.8653
Epoch 849/1000, Train Loss: 0.3914, Validation Loss: 0.7121
Epoch 850/1000, Train Loss: 0.3920, Validation Loss: 3.5486
Epoch 851/1000, Train Loss: 0.3929, Validation Loss: 0.5391
Epoch 852/1000, Train Loss: 0.3940, Validation Loss: 1.1964
Epoch 853/1000, Train Loss: 0.3960, Validation Loss: 2.3332
Epoch 854/1000, Train Loss: 0.3958, Validation Loss: 0.6588
Epoch 855/1000, Train Loss: 0.3851, Validation Loss: 0.8272
Epoch 856/1000, Train Loss: 0.3982, Validation Loss: 0.4425
Epoch 857/1000, Train Loss: 0.3960, Validation Loss: 1.9392
Epoch 858/1000, Train Loss: 0.3989, Validation Loss: 2.4209
Epoch 859/1000, Train Loss: 0.4045, Validation Loss: 0.7712
Epoch 860/1000, Train Loss: 0.4040, Validation Loss: 2.0044
Epoch 861/1000, Train Loss: 0.3939, Validation Loss: 0.7513
Epoch 862/1000, Train Loss: 0.3901, Validation Loss: 2.3137
Epoch 863/1000, Train Loss: 0.3866, Validation Loss: 3.6652
Epoch 864/1000, Train Loss: 0.4069, Validation Loss: 1.8296
Epoch 865/1000, Train Loss: 0.3872, Validation Loss: 0.4846
Epoch 866/1000, Train Loss: 0.3900, Validation Loss: 0.7094
Epoch 867/1000, Train Loss: 0.3984, Validation Loss: 0.9346
Epoch 868/1000, Train Loss: 0.4161, Validation Loss: 1.5031
Epoch 869/1000, Train Loss: 0.3980, Validation Loss: 1.3333
Epoch 870/1000, Train Loss: 0.3945, Validation Loss: 1.8068
Epoch 871/1000, Train Loss: 0.4080, Validation Loss: 2.7088
Epoch 872/1000, Train Loss: 0.4061, Validation Loss: 1.5694
Epoch 873/1000, Train Loss: 0.5357, Validation Loss: 6.5709
Epoch 874/1000, Train Loss: 0.3911, Validation Loss: 0.6343
Epoch 875/1000, Train Loss: 0.3942, Validation Loss: 0.6629
Epoch 876/1000, Train Loss: 0.3965, Validation Loss: 1.2797
Epoch 877/1000, Train Loss: 0.4170, Validation Loss: 0.6700
Epoch 878/1000, Train Loss: 0.4073, Validation Loss: 0.5020
Epoch 879/1000, Train Loss: 0.3948, Validation Loss: 1.3347
Epoch 880/1000, Train Loss: 0.4001, Validation Loss: 4.4941
Epoch 881/1000, Train Loss: 0.3933, Validation Loss: 0.5775
Epoch 882/1000, Train Loss: 0.4032, Validation Loss: 0.6159
Epoch 883/1000, Train Loss: 0.3931, Validation Loss: 1.6669
Epoch 884/1000, Train Loss: 0.3974, Validation Loss: 3.1499
Epoch 885/1000, Train Loss: 0.4005, Validation Loss: 0.8590
Epoch 886/1000, Train Loss: 0.4147, Validation Loss: 1.5841
Epoch 887/1000, Train Loss: 0.4106, Validation Loss: 0.8279
Epoch 888/1000, Train Loss: 0.3926, Validation Loss: 5.6994
Epoch 889/1000, Train Loss: 0.3983, Validation Loss: 0.5747
Epoch 890/1000, Train Loss: 0.3868, Validation Loss: 1.8916
Epoch 891/1000, Train Loss: 0.3918, Validation Loss: 1.8612
Epoch 892/1000, Train Loss: 0.3895, Validation Loss: 1.5848
Epoch 893/1000, Train Loss: 0.4070, Validation Loss: 1.3642
Epoch 894/1000, Train Loss: 0.4039, Validation Loss: 3.1596
Epoch 895/1000, Train Loss: 0.4018, Validation Loss: 0.5101
Epoch 896/1000, Train Loss: 0.3899, Validation Loss: 2.5433
Epoch 897/1000, Train Loss: 0.4055, Validation Loss: 4.8747
Epoch 898/1000, Train Loss: 0.3865, Validation Loss: 3.7239
Epoch 899/1000, Train Loss: 0.3962, Validation Loss: 0.8441
Epoch 900/1000, Train Loss: 0.4666, Validation Loss: 2.6525
Epoch 901/1000, Train Loss: 0.3971, Validation Loss: 0.4890
Epoch 902/1000, Train Loss: 0.4004, Validation Loss: 1.0725
Epoch 903/1000, Train Loss: 0.4045, Validation Loss: 2.4213
Epoch 904/1000, Train Loss: 0.3949, Validation Loss: 0.8350
Epoch 905/1000, Train Loss: 0.3935, Validation Loss: 0.4656
Epoch 906/1000, Train Loss: 0.4067, Validation Loss: 0.6931
Epoch 907/1000, Train Loss: 0.3951, Validation Loss: 0.4604
Epoch 908/1000, Train Loss: 0.3943, Validation Loss: 2.2154
Epoch 909/1000, Train Loss: 0.3993, Validation Loss: 0.8384
Epoch 910/1000, Train Loss: 0.3880, Validation Loss: 1.0823
Epoch 911/1000, Train Loss: 0.4050, Validation Loss: 3.5281
Epoch 912/1000, Train Loss: 0.3920, Validation Loss: 0.9435
Epoch 913/1000, Train Loss: 0.4026, Validation Loss: 0.6188
Epoch 914/1000, Train Loss: 0.3938, Validation Loss: 0.8581
Epoch 915/1000, Train Loss: 0.3875, Validation Loss: 0.7327
Epoch 916/1000, Train Loss: 0.3961, Validation Loss: 1.6071
Epoch 917/1000, Train Loss: 0.3974, Validation Loss: 1.9943
Epoch 918/1000, Train Loss: 0.3953, Validation Loss: 1.0837
Epoch 919/1000, Train Loss: 0.4043, Validation Loss: 0.8882
Epoch 920/1000, Train Loss: 0.4032, Validation Loss: 0.7905
Epoch 921/1000, Train Loss: 0.4040, Validation Loss: 0.6999
Epoch 922/1000, Train Loss: 0.4032, Validation Loss: 1.9220
Epoch 923/1000, Train Loss: 0.3997, Validation Loss: 1.1995
Epoch 924/1000, Train Loss: 0.4027, Validation Loss: 2.4696
Epoch 925/1000, Train Loss: 0.4305, Validation Loss: 3.2112
Epoch 926/1000, Train Loss: 0.3943, Validation Loss: 1.3612
Epoch 927/1000, Train Loss: 0.3874, Validation Loss: 1.9775
Epoch 928/1000, Train Loss: 0.4096, Validation Loss: 2.3876
Epoch 929/1000, Train Loss: 0.4009, Validation Loss: 0.5786
Epoch 930/1000, Train Loss: 0.3884, Validation Loss: 0.6293
Epoch 931/1000, Train Loss: 0.3936, Validation Loss: 0.8516
Epoch 932/1000, Train Loss: 0.3906, Validation Loss: 0.6989
Epoch 933/1000, Train Loss: 0.4007, Validation Loss: 0.6396
Epoch 934/1000, Train Loss: 0.4029, Validation Loss: 2.1503
Epoch 935/1000, Train Loss: 0.3905, Validation Loss: 0.6676
Epoch 936/1000, Train Loss: 0.4110, Validation Loss: 1.7873
Epoch 937/1000, Train Loss: 0.3951, Validation Loss: 1.1123
Epoch 938/1000, Train Loss: 0.4077, Validation Loss: 2.1039
Epoch 939/1000, Train Loss: 0.4074, Validation Loss: 0.6787
Epoch 940/1000, Train Loss: 0.3988, Validation Loss: 1.1440
Epoch 941/1000, Train Loss: 0.3965, Validation Loss: 0.8888
Epoch 942/1000, Train Loss: 0.3945, Validation Loss: 0.4294
Epoch 943/1000, Train Loss: 0.3947, Validation Loss: 0.8992
Epoch 944/1000, Train Loss: 0.3876, Validation Loss: 1.3822
Epoch 945/1000, Train Loss: 0.4210, Validation Loss: 0.6323
Epoch 946/1000, Train Loss: 0.4074, Validation Loss: 2.9479
Epoch 947/1000, Train Loss: 0.3940, Validation Loss: 0.6159
Epoch 948/1000, Train Loss: 0.3883, Validation Loss: 0.5814
Epoch 949/1000, Train Loss: 0.3836, Validation Loss: 1.9540
Epoch 950/1000, Train Loss: 0.3875, Validation Loss: 4.8255
Epoch 951/1000, Train Loss: 0.3935, Validation Loss: 0.7803
Epoch 952/1000, Train Loss: 0.4265, Validation Loss: 2.6253
Epoch 953/1000, Train Loss: 0.3859, Validation Loss: 2.4735
Epoch 954/1000, Train Loss: 0.4242, Validation Loss: 2.0256
Epoch 955/1000, Train Loss: 0.4121, Validation Loss: 3.0066
Epoch 956/1000, Train Loss: 0.4093, Validation Loss: 1.8547
Epoch 957/1000, Train Loss: 0.3969, Validation Loss: 0.7844
Epoch 958/1000, Train Loss: 0.3932, Validation Loss: 1.9207
Epoch 959/1000, Train Loss: 0.3887, Validation Loss: 1.9314
Epoch 960/1000, Train Loss: 0.3960, Validation Loss: 0.5862
Epoch 961/1000, Train Loss: 0.4106, Validation Loss: 2.7807
Epoch 962/1000, Train Loss: 0.4229, Validation Loss: 1.8506
Epoch 963/1000, Train Loss: 0.4000, Validation Loss: 3.0996
Epoch 964/1000, Train Loss: 0.3918, Validation Loss: 2.5337
Epoch 965/1000, Train Loss: 0.3923, Validation Loss: 5.7671
Epoch 966/1000, Train Loss: 0.3951, Validation Loss: 2.2794
Epoch 967/1000, Train Loss: 0.3800, Validation Loss: 0.5654
Epoch 968/1000, Train Loss: 0.3960, Validation Loss: 0.4873
Epoch 969/1000, Train Loss: 0.4199, Validation Loss: 3.2082
Epoch 970/1000, Train Loss: 0.3815, Validation Loss: 1.3618
Epoch 971/1000, Train Loss: 0.3976, Validation Loss: 2.0284
Epoch 972/1000, Train Loss: 0.4042, Validation Loss: 1.0128
Epoch 973/1000, Train Loss: 0.3897, Validation Loss: 1.0049
Epoch 974/1000, Train Loss: 0.3832, Validation Loss: 1.1034
Epoch 975/1000, Train Loss: 0.3938, Validation Loss: 1.3708
Epoch 976/1000, Train Loss: 0.3829, Validation Loss: 1.9466
Epoch 977/1000, Train Loss: 0.3773, Validation Loss: 1.1241
Epoch 978/1000, Train Loss: 0.3858, Validation Loss: 4.8295
Epoch 979/1000, Train Loss: 0.4070, Validation Loss: 3.7531
Epoch 980/1000, Train Loss: 0.3906, Validation Loss: 1.4758
Epoch 981/1000, Train Loss: 0.3922, Validation Loss: 1.6718
Epoch 982/1000, Train Loss: 0.3997, Validation Loss: 2.0595
Epoch 983/1000, Train Loss: 0.4042, Validation Loss: 0.5008
Epoch 984/1000, Train Loss: 0.3961, Validation Loss: 0.5477
Epoch 985/1000, Train Loss: 0.3874, Validation Loss: 2.4586
Epoch 986/1000, Train Loss: 0.4005, Validation Loss: 1.5839
Epoch 987/1000, Train Loss: 0.4070, Validation Loss: 0.6016
Epoch 988/1000, Train Loss: 0.3983, Validation Loss: 0.9063
Epoch 989/1000, Train Loss: 0.3868, Validation Loss: 1.0723
Epoch 990/1000, Train Loss: 0.3968, Validation Loss: 4.3545
Epoch 991/1000, Train Loss: 0.3885, Validation Loss: 1.8387
Epoch 992/1000, Train Loss: 0.3879, Validation Loss: 0.6866
Epoch 993/1000, Train Loss: 0.3892, Validation Loss: 0.4685
Epoch 994/1000, Train Loss: 0.3918, Validation Loss: 0.6991
Epoch 995/1000, Train Loss: 0.4015, Validation Loss: 5.1104
Epoch 996/1000, Train Loss: 0.3849, Validation Loss: 1.8317
Epoch 997/1000, Train Loss: 0.3992, Validation Loss: 0.7329
Epoch 998/1000, Train Loss: 0.3978, Validation Loss: 0.4418
Epoch 999/1000, Train Loss: 0.3785, Validation Loss: 1.4883
Epoch 1000/1000, Train Loss: 0.3940, Validation Loss: 2.7238
Best Training Loss: 0.3773
Best Training Loss Epoch: 977
Best Validation Loss: 0.3756
Best Validation Loss Epoch: 707
Time taken for training: 0-10:21:56
Test Loss: 0.3917
Test MAPE: 3960.9353%
Error Statistics:
count    4.127200e+04
mean     4.102605e+02
std      1.009142e+04
min      6.079674e-06
25%      1.284889e-01
50%      1.364767e+00
75%      2.047962e+01
max      1.555846e+06
Name: Absolute Error, dtype: float64
Training complete. Final model saved.
Saving model as a wandb Artifact...
Model artifact logged successfully.
[1;34mwandb[0m: 
[1;34mwandb[0m: 🚀 View run [33mglowing-sweep-26[0m at: [34mhttps://wandb.ai/mk8737-new-york-university/rl_pretrain_hp_sweeps/runs/a4fupfc9[0m
[1;34mwandb[0m: Find logs at: [1;35mwandb/run-20251126_203659-a4fupfc9/logs[0m
Agent finished.
