Waiting for sweep ID...
Found Sweep ID: dos27rz7
Starting wandb agent for sweep dos27rz7...
TRAINING DEVICE: cpu
Run Name: GIN_global_hp_sweep_global_dos27rz7-bo30i4d7
finidhed preparing data
Loading dataset from pretrain_dataset_12.5k_fixed_duplicates.pkl
Loaded 412712 data objects.
finished preparing data
Epoch 1/1000, Train Loss: 2.4009, Validation Loss: 1.8451
Epoch 2/1000, Train Loss: 1.2828, Validation Loss: 1.8696
Epoch 3/1000, Train Loss: 1.1980, Validation Loss: 1.6778
Epoch 4/1000, Train Loss: 1.1456, Validation Loss: 2.5325
Epoch 5/1000, Train Loss: 1.0960, Validation Loss: 1.1790
Epoch 6/1000, Train Loss: 1.0722, Validation Loss: 1.1858
Epoch 7/1000, Train Loss: 1.0183, Validation Loss: 1.7233
Epoch 8/1000, Train Loss: 0.9669, Validation Loss: 1.6224
Epoch 9/1000, Train Loss: 0.9712, Validation Loss: 0.9388
Epoch 10/1000, Train Loss: 0.9323, Validation Loss: 1.2022
Epoch 11/1000, Train Loss: 0.8993, Validation Loss: 0.8768
Epoch 12/1000, Train Loss: 0.8787, Validation Loss: 0.9492
Epoch 13/1000, Train Loss: 0.8747, Validation Loss: 1.2001
Epoch 14/1000, Train Loss: 0.8324, Validation Loss: 0.8273
Epoch 15/1000, Train Loss: 0.8199, Validation Loss: 0.8654
Epoch 16/1000, Train Loss: 0.8059, Validation Loss: 1.0573
Epoch 17/1000, Train Loss: 0.7918, Validation Loss: 1.9660
Epoch 18/1000, Train Loss: 0.8084, Validation Loss: 0.8456
Epoch 19/1000, Train Loss: 0.7868, Validation Loss: 1.4300
Epoch 20/1000, Train Loss: 0.7781, Validation Loss: 1.2509
Epoch 21/1000, Train Loss: 0.7796, Validation Loss: 1.5316
Epoch 22/1000, Train Loss: 0.7613, Validation Loss: 1.2511
Epoch 23/1000, Train Loss: 0.7598, Validation Loss: 3.5278
Epoch 24/1000, Train Loss: 0.7656, Validation Loss: 1.0589
Epoch 25/1000, Train Loss: 0.7601, Validation Loss: 0.8684
Epoch 26/1000, Train Loss: 0.7507, Validation Loss: 1.1093
Epoch 27/1000, Train Loss: 0.7559, Validation Loss: 0.7595
Epoch 28/1000, Train Loss: 0.7272, Validation Loss: 1.2586
Epoch 29/1000, Train Loss: 0.7373, Validation Loss: 1.0586
Epoch 30/1000, Train Loss: 0.7301, Validation Loss: 0.6655
Epoch 31/1000, Train Loss: 0.7334, Validation Loss: 1.0012
Epoch 32/1000, Train Loss: 0.7165, Validation Loss: 0.9095
Epoch 33/1000, Train Loss: 0.7132, Validation Loss: 1.1423
Epoch 34/1000, Train Loss: 0.7100, Validation Loss: 0.7072
Epoch 35/1000, Train Loss: 0.6936, Validation Loss: 0.7723
Epoch 36/1000, Train Loss: 0.7071, Validation Loss: 1.0149
Epoch 37/1000, Train Loss: 0.6953, Validation Loss: 1.1565
Epoch 38/1000, Train Loss: 0.6999, Validation Loss: 0.6657
Epoch 39/1000, Train Loss: 0.6806, Validation Loss: 1.2789
Epoch 40/1000, Train Loss: 0.6914, Validation Loss: 1.2069
Epoch 41/1000, Train Loss: 0.7046, Validation Loss: 0.9337
Epoch 42/1000, Train Loss: 0.6808, Validation Loss: 1.4185
Epoch 43/1000, Train Loss: 0.6777, Validation Loss: 0.8095
Epoch 44/1000, Train Loss: 0.6676, Validation Loss: 0.7869
Epoch 45/1000, Train Loss: 0.6569, Validation Loss: 2.8189
Epoch 46/1000, Train Loss: 0.6697, Validation Loss: 2.8014
Epoch 47/1000, Train Loss: 0.6647, Validation Loss: 1.3029
Epoch 48/1000, Train Loss: 0.6462, Validation Loss: 0.5819
Epoch 49/1000, Train Loss: 0.6426, Validation Loss: 0.6683
Epoch 50/1000, Train Loss: 0.6495, Validation Loss: 1.9243
Epoch 51/1000, Train Loss: 0.6542, Validation Loss: 0.8139
Epoch 52/1000, Train Loss: 0.6398, Validation Loss: 0.7246
Epoch 53/1000, Train Loss: 0.6381, Validation Loss: 1.6073
Epoch 54/1000, Train Loss: 0.6549, Validation Loss: 1.0351
Epoch 55/1000, Train Loss: 0.6354, Validation Loss: 1.1641
Epoch 56/1000, Train Loss: 0.6201, Validation Loss: 0.7100
Epoch 57/1000, Train Loss: 0.6317, Validation Loss: 0.8711
Epoch 58/1000, Train Loss: 0.6367, Validation Loss: 0.9869
Epoch 59/1000, Train Loss: 0.6228, Validation Loss: 0.7904
Epoch 60/1000, Train Loss: 0.6211, Validation Loss: 0.9952
Epoch 61/1000, Train Loss: 0.6135, Validation Loss: 1.5023
Epoch 62/1000, Train Loss: 0.6267, Validation Loss: 0.8161
Epoch 63/1000, Train Loss: 0.6146, Validation Loss: 0.6726
Epoch 64/1000, Train Loss: 0.6073, Validation Loss: 2.2637
Epoch 65/1000, Train Loss: 0.6103, Validation Loss: 0.5974
Epoch 66/1000, Train Loss: 0.5986, Validation Loss: 0.6931
Epoch 67/1000, Train Loss: 0.6073, Validation Loss: 1.0357
Epoch 68/1000, Train Loss: 0.5943, Validation Loss: 0.9551
Epoch 69/1000, Train Loss: 0.5974, Validation Loss: 0.6547
Epoch 70/1000, Train Loss: 0.6063, Validation Loss: 1.2500
Epoch 71/1000, Train Loss: 0.5916, Validation Loss: 1.6017
Epoch 72/1000, Train Loss: 0.6042, Validation Loss: 0.5948
Epoch 73/1000, Train Loss: 0.5972, Validation Loss: 0.7932
Epoch 74/1000, Train Loss: 0.5925, Validation Loss: 0.9807
Epoch 75/1000, Train Loss: 0.5862, Validation Loss: 1.2641
Epoch 76/1000, Train Loss: 0.5861, Validation Loss: 0.8033
Epoch 77/1000, Train Loss: 0.5825, Validation Loss: 1.0958
Epoch 78/1000, Train Loss: 0.5897, Validation Loss: 0.7982
Epoch 79/1000, Train Loss: 0.5864, Validation Loss: 1.2041
Epoch 80/1000, Train Loss: 0.5878, Validation Loss: 0.5728
Epoch 81/1000, Train Loss: 0.5801, Validation Loss: 0.8611
Epoch 82/1000, Train Loss: 0.5908, Validation Loss: 1.0411
Epoch 83/1000, Train Loss: 0.5714, Validation Loss: 2.1177
Epoch 84/1000, Train Loss: 0.5684, Validation Loss: 0.8063
Epoch 85/1000, Train Loss: 0.5708, Validation Loss: 3.4496
Epoch 86/1000, Train Loss: 0.5771, Validation Loss: 2.9299
Epoch 87/1000, Train Loss: 0.5695, Validation Loss: 0.5736
Epoch 88/1000, Train Loss: 0.5729, Validation Loss: 0.8570
Epoch 89/1000, Train Loss: 0.5676, Validation Loss: 0.6838
Epoch 90/1000, Train Loss: 0.5705, Validation Loss: 1.3100
Epoch 91/1000, Train Loss: 0.5736, Validation Loss: 2.8301
Epoch 92/1000, Train Loss: 0.5728, Validation Loss: 1.6012
Epoch 93/1000, Train Loss: 0.5604, Validation Loss: 1.0600
Epoch 94/1000, Train Loss: 0.5595, Validation Loss: 2.0392
Epoch 95/1000, Train Loss: 0.5809, Validation Loss: 0.9809
Epoch 96/1000, Train Loss: 0.5625, Validation Loss: 2.0954
Epoch 97/1000, Train Loss: 0.5621, Validation Loss: 1.4588
Epoch 98/1000, Train Loss: 0.5647, Validation Loss: 1.9141
Epoch 99/1000, Train Loss: 0.5839, Validation Loss: 0.6834
Epoch 100/1000, Train Loss: 0.5489, Validation Loss: 0.7441
Epoch 101/1000, Train Loss: 0.5590, Validation Loss: 0.6370
Epoch 102/1000, Train Loss: 0.5664, Validation Loss: 0.6913
Epoch 103/1000, Train Loss: 0.5640, Validation Loss: 1.2949
Epoch 104/1000, Train Loss: 0.5650, Validation Loss: 1.3549
Epoch 105/1000, Train Loss: 0.5580, Validation Loss: 0.5947
Epoch 106/1000, Train Loss: 0.5461, Validation Loss: 0.9631
Epoch 107/1000, Train Loss: 0.5402, Validation Loss: 0.9708
Epoch 108/1000, Train Loss: 0.5483, Validation Loss: 1.1440
Epoch 109/1000, Train Loss: 0.5491, Validation Loss: 1.2185
Epoch 110/1000, Train Loss: 0.5571, Validation Loss: 1.5474
Epoch 111/1000, Train Loss: 0.5496, Validation Loss: 1.3998
Epoch 112/1000, Train Loss: 0.5501, Validation Loss: 0.9308
Epoch 113/1000, Train Loss: 0.5582, Validation Loss: 0.6824
Epoch 114/1000, Train Loss: 0.5462, Validation Loss: 0.6021
Epoch 115/1000, Train Loss: 0.5453, Validation Loss: 0.5353
Epoch 116/1000, Train Loss: 0.5515, Validation Loss: 0.6647
Epoch 117/1000, Train Loss: 0.5368, Validation Loss: 0.5283
Epoch 118/1000, Train Loss: 0.5355, Validation Loss: 0.7201
Epoch 119/1000, Train Loss: 0.5461, Validation Loss: 0.5420
Epoch 120/1000, Train Loss: 0.5354, Validation Loss: 1.5361
Epoch 121/1000, Train Loss: 0.5499, Validation Loss: 4.3495
Epoch 122/1000, Train Loss: 0.5492, Validation Loss: 0.9971
Epoch 123/1000, Train Loss: 0.5392, Validation Loss: 1.0072
Epoch 124/1000, Train Loss: 0.5386, Validation Loss: 2.1768
Epoch 125/1000, Train Loss: 0.5444, Validation Loss: 0.5565
Epoch 126/1000, Train Loss: 0.5469, Validation Loss: 0.5719
Epoch 127/1000, Train Loss: 0.5403, Validation Loss: 2.1438
Epoch 128/1000, Train Loss: 0.5356, Validation Loss: 2.0251
Epoch 129/1000, Train Loss: 0.5413, Validation Loss: 0.7814
Epoch 130/1000, Train Loss: 0.5362, Validation Loss: 0.5411
Epoch 131/1000, Train Loss: 0.5372, Validation Loss: 0.5503
Epoch 132/1000, Train Loss: 0.5638, Validation Loss: 0.5712
Epoch 133/1000, Train Loss: 0.5377, Validation Loss: 0.6170
Epoch 134/1000, Train Loss: 0.5437, Validation Loss: 0.7193
Epoch 135/1000, Train Loss: 0.5369, Validation Loss: 0.5469
Epoch 136/1000, Train Loss: 0.5429, Validation Loss: 0.5534
Epoch 137/1000, Train Loss: 0.5386, Validation Loss: 1.1062
Epoch 138/1000, Train Loss: 0.5410, Validation Loss: 0.4985
Epoch 139/1000, Train Loss: 0.5278, Validation Loss: 4.0420
Epoch 140/1000, Train Loss: 0.5361, Validation Loss: 0.4888
Epoch 141/1000, Train Loss: 0.5390, Validation Loss: 0.6147
Epoch 142/1000, Train Loss: 0.5233, Validation Loss: 0.4598
Epoch 143/1000, Train Loss: 0.5283, Validation Loss: 0.5771
Epoch 144/1000, Train Loss: 0.5381, Validation Loss: 1.6584
Epoch 145/1000, Train Loss: 0.5364, Validation Loss: 0.6256
Epoch 146/1000, Train Loss: 0.5326, Validation Loss: 0.5159
Epoch 147/1000, Train Loss: 0.5320, Validation Loss: 0.8031
Epoch 148/1000, Train Loss: 0.5378, Validation Loss: 0.6182
Epoch 149/1000, Train Loss: 0.5285, Validation Loss: 1.4255
Epoch 150/1000, Train Loss: 0.5209, Validation Loss: 2.8924
Epoch 151/1000, Train Loss: 0.5404, Validation Loss: 0.9873
Epoch 152/1000, Train Loss: 0.5257, Validation Loss: 0.6303
Epoch 153/1000, Train Loss: 0.5334, Validation Loss: 0.6674
Epoch 154/1000, Train Loss: 0.5335, Validation Loss: 2.7451
Epoch 155/1000, Train Loss: 0.5273, Validation Loss: 0.5710
Epoch 156/1000, Train Loss: 0.5267, Validation Loss: 1.9053
Epoch 157/1000, Train Loss: 0.5323, Validation Loss: 0.6165
Epoch 158/1000, Train Loss: 0.5345, Validation Loss: 1.3339
Epoch 159/1000, Train Loss: 0.5357, Validation Loss: 0.8834
Epoch 160/1000, Train Loss: 0.5415, Validation Loss: 2.8160
Epoch 161/1000, Train Loss: 0.5294, Validation Loss: 1.4287
Epoch 162/1000, Train Loss: 0.5251, Validation Loss: 0.5160
Epoch 163/1000, Train Loss: 0.5236, Validation Loss: 1.0870
Epoch 164/1000, Train Loss: 0.5283, Validation Loss: 1.1972
Epoch 165/1000, Train Loss: 0.5252, Validation Loss: 1.9161
Epoch 166/1000, Train Loss: 0.5288, Validation Loss: 2.1310
Epoch 167/1000, Train Loss: 0.5337, Validation Loss: 0.5580
Epoch 168/1000, Train Loss: 0.5376, Validation Loss: 0.5892
Epoch 169/1000, Train Loss: 0.5339, Validation Loss: 0.6913
Epoch 170/1000, Train Loss: 0.5228, Validation Loss: 0.5524
Epoch 171/1000, Train Loss: 0.5315, Validation Loss: 0.6821
Epoch 172/1000, Train Loss: 0.5126, Validation Loss: 1.1569
Epoch 173/1000, Train Loss: 0.5310, Validation Loss: 0.9978
Epoch 174/1000, Train Loss: 0.5247, Validation Loss: 0.7067
Epoch 175/1000, Train Loss: 0.5307, Validation Loss: 0.6613
Epoch 176/1000, Train Loss: 0.5296, Validation Loss: 1.3912
Epoch 177/1000, Train Loss: 0.5171, Validation Loss: 0.6715
Epoch 178/1000, Train Loss: 0.5192, Validation Loss: 0.4765
Epoch 179/1000, Train Loss: 0.5326, Validation Loss: 0.6047
Epoch 180/1000, Train Loss: 0.5421, Validation Loss: 1.7784
Epoch 181/1000, Train Loss: 0.5260, Validation Loss: 0.6663
Epoch 182/1000, Train Loss: 0.5236, Validation Loss: 0.7002
Epoch 183/1000, Train Loss: 0.5329, Validation Loss: 0.4456
Epoch 184/1000, Train Loss: 0.5162, Validation Loss: 1.0498
Epoch 185/1000, Train Loss: 0.5180, Validation Loss: 0.5013
Epoch 186/1000, Train Loss: 0.5289, Validation Loss: 0.5027
Epoch 187/1000, Train Loss: 0.5232, Validation Loss: 0.8411
Epoch 188/1000, Train Loss: 0.5169, Validation Loss: 0.5486
Epoch 189/1000, Train Loss: 0.5246, Validation Loss: 0.4750
Epoch 190/1000, Train Loss: 0.5150, Validation Loss: 0.9512
Epoch 191/1000, Train Loss: 0.5150, Validation Loss: 1.5943
Epoch 192/1000, Train Loss: 0.5198, Validation Loss: 0.8049
Epoch 193/1000, Train Loss: 0.5176, Validation Loss: 0.6141
Epoch 194/1000, Train Loss: 0.5137, Validation Loss: 0.5717
Epoch 195/1000, Train Loss: 0.5192, Validation Loss: 0.8761
Epoch 196/1000, Train Loss: 0.5194, Validation Loss: 0.5049
Epoch 197/1000, Train Loss: 0.5151, Validation Loss: 2.2490
Epoch 198/1000, Train Loss: 0.5159, Validation Loss: 2.8547
Epoch 199/1000, Train Loss: 0.5197, Validation Loss: 0.5292
Epoch 200/1000, Train Loss: 0.5207, Validation Loss: 0.6652
Epoch 201/1000, Train Loss: 0.5279, Validation Loss: 0.7069
Epoch 202/1000, Train Loss: 0.5264, Validation Loss: 0.7801
Epoch 203/1000, Train Loss: 0.5207, Validation Loss: 1.7886
Epoch 204/1000, Train Loss: 0.5165, Validation Loss: 0.5079
Epoch 205/1000, Train Loss: 0.5193, Validation Loss: 1.1544
Epoch 206/1000, Train Loss: 0.5263, Validation Loss: 0.4973
Epoch 207/1000, Train Loss: 0.5308, Validation Loss: 0.7696
Epoch 208/1000, Train Loss: 0.5091, Validation Loss: 1.4660
Epoch 209/1000, Train Loss: 0.5159, Validation Loss: 0.5095
Epoch 210/1000, Train Loss: 0.5216, Validation Loss: 0.6059
Epoch 211/1000, Train Loss: 0.5157, Validation Loss: 0.8425
Epoch 212/1000, Train Loss: 0.5119, Validation Loss: 0.7689
Epoch 213/1000, Train Loss: 0.5170, Validation Loss: 0.5777
Epoch 214/1000, Train Loss: 0.5139, Validation Loss: 0.7166
Epoch 215/1000, Train Loss: 0.5118, Validation Loss: 0.7034
Epoch 216/1000, Train Loss: 0.5188, Validation Loss: 0.9036
Epoch 217/1000, Train Loss: 0.5179, Validation Loss: 0.5921
Epoch 218/1000, Train Loss: 0.5146, Validation Loss: 1.2852
Epoch 219/1000, Train Loss: 0.5129, Validation Loss: 2.0029
Epoch 220/1000, Train Loss: 0.5150, Validation Loss: 0.5847
Epoch 221/1000, Train Loss: 0.5182, Validation Loss: 1.0445
Epoch 222/1000, Train Loss: 0.5234, Validation Loss: 0.6775
Epoch 223/1000, Train Loss: 0.5089, Validation Loss: 0.8676
Epoch 224/1000, Train Loss: 0.5162, Validation Loss: 0.5178
Epoch 225/1000, Train Loss: 0.5180, Validation Loss: 0.5295
Epoch 226/1000, Train Loss: 0.5110, Validation Loss: 0.4731
Epoch 227/1000, Train Loss: 0.5096, Validation Loss: 0.4514
Epoch 228/1000, Train Loss: 0.5047, Validation Loss: 0.4787
Epoch 229/1000, Train Loss: 0.5102, Validation Loss: 0.5018
Epoch 230/1000, Train Loss: 0.5128, Validation Loss: 0.5938
Epoch 231/1000, Train Loss: 0.5112, Validation Loss: 3.1246
Epoch 232/1000, Train Loss: 0.5186, Validation Loss: 0.6416
Epoch 233/1000, Train Loss: 0.5208, Validation Loss: 1.2707
Epoch 234/1000, Train Loss: 0.5176, Validation Loss: 0.7519
Epoch 235/1000, Train Loss: 0.5116, Validation Loss: 0.4860
Epoch 236/1000, Train Loss: 0.5101, Validation Loss: 0.8439
Epoch 237/1000, Train Loss: 0.5205, Validation Loss: 0.6853
Epoch 238/1000, Train Loss: 0.5084, Validation Loss: 0.5072
Epoch 239/1000, Train Loss: 0.5083, Validation Loss: 0.8466
Epoch 240/1000, Train Loss: 0.5158, Validation Loss: 1.9494
Epoch 241/1000, Train Loss: 0.5096, Validation Loss: 1.0162
Epoch 242/1000, Train Loss: 0.5019, Validation Loss: 1.1611
Epoch 243/1000, Train Loss: 0.5143, Validation Loss: 0.5344
Epoch 244/1000, Train Loss: 0.5156, Validation Loss: 2.7314
Epoch 245/1000, Train Loss: 0.5088, Validation Loss: 0.6041
Epoch 246/1000, Train Loss: 0.5077, Validation Loss: 0.4783
Epoch 247/1000, Train Loss: 0.5055, Validation Loss: 0.5131
Epoch 248/1000, Train Loss: 0.5155, Validation Loss: 0.8060
Epoch 249/1000, Train Loss: 0.5028, Validation Loss: 1.1692
Epoch 250/1000, Train Loss: 0.5034, Validation Loss: 0.6006
Epoch 251/1000, Train Loss: 0.5089, Validation Loss: 0.5069
Epoch 252/1000, Train Loss: 0.5118, Validation Loss: 0.8329
Epoch 253/1000, Train Loss: 0.5085, Validation Loss: 0.7566
Epoch 254/1000, Train Loss: 0.5032, Validation Loss: 1.2309
Epoch 255/1000, Train Loss: 0.5034, Validation Loss: 0.8837
Epoch 256/1000, Train Loss: 0.5080, Validation Loss: 1.5139
Epoch 257/1000, Train Loss: 0.5026, Validation Loss: 0.6263
Epoch 258/1000, Train Loss: 0.5128, Validation Loss: 0.5350
Epoch 259/1000, Train Loss: 0.5132, Validation Loss: 0.6573
Epoch 260/1000, Train Loss: 0.5036, Validation Loss: 1.6566
Epoch 261/1000, Train Loss: 0.5031, Validation Loss: 0.4552
Epoch 262/1000, Train Loss: 0.5044, Validation Loss: 1.2967
Epoch 263/1000, Train Loss: 0.5135, Validation Loss: 0.9562
Epoch 264/1000, Train Loss: 0.5148, Validation Loss: 1.3987
Epoch 265/1000, Train Loss: 0.5170, Validation Loss: 0.8486
Epoch 266/1000, Train Loss: 0.5036, Validation Loss: 0.5931
Epoch 267/1000, Train Loss: 0.4984, Validation Loss: 0.9701
Epoch 268/1000, Train Loss: 0.4984, Validation Loss: 0.5833
Epoch 269/1000, Train Loss: 0.5028, Validation Loss: 0.6358
Epoch 270/1000, Train Loss: 0.5053, Validation Loss: 1.3822
Epoch 271/1000, Train Loss: 0.4999, Validation Loss: 2.0078
Epoch 272/1000, Train Loss: 0.5024, Validation Loss: 1.2520
Epoch 273/1000, Train Loss: 0.5227, Validation Loss: 1.2655
Epoch 274/1000, Train Loss: 0.5000, Validation Loss: 0.5284
Epoch 275/1000, Train Loss: 0.4999, Validation Loss: 1.9294
Epoch 276/1000, Train Loss: 0.5041, Validation Loss: 1.1741
Epoch 277/1000, Train Loss: 0.5036, Validation Loss: 0.7024
Epoch 278/1000, Train Loss: 0.5051, Validation Loss: 0.7814
Epoch 279/1000, Train Loss: 0.5066, Validation Loss: 0.6057
Epoch 280/1000, Train Loss: 0.5080, Validation Loss: 0.7530
Epoch 281/1000, Train Loss: 0.5044, Validation Loss: 1.0233
Epoch 282/1000, Train Loss: 0.5013, Validation Loss: 0.5375
Epoch 283/1000, Train Loss: 0.5020, Validation Loss: 0.6167
Epoch 284/1000, Train Loss: 0.5015, Validation Loss: 0.5205
Epoch 285/1000, Train Loss: 0.5111, Validation Loss: 1.4483
Epoch 286/1000, Train Loss: 0.4989, Validation Loss: 0.5871
Epoch 287/1000, Train Loss: 0.5086, Validation Loss: 0.4944
Epoch 288/1000, Train Loss: 0.5043, Validation Loss: 0.5539
Epoch 289/1000, Train Loss: 0.5102, Validation Loss: 0.7412
Epoch 290/1000, Train Loss: 0.5027, Validation Loss: 0.6028
Epoch 291/1000, Train Loss: 0.5073, Validation Loss: 0.6159
Epoch 292/1000, Train Loss: 0.4956, Validation Loss: 0.5380
Epoch 293/1000, Train Loss: 0.5023, Validation Loss: 0.7485
Epoch 294/1000, Train Loss: 0.4949, Validation Loss: 0.7402
Epoch 295/1000, Train Loss: 0.5033, Validation Loss: 0.5583
Epoch 296/1000, Train Loss: 0.5109, Validation Loss: 0.5586
Epoch 297/1000, Train Loss: 0.5002, Validation Loss: 0.4679
Epoch 298/1000, Train Loss: 0.5073, Validation Loss: 1.0548
Epoch 299/1000, Train Loss: 0.5074, Validation Loss: 1.4363
Epoch 300/1000, Train Loss: 0.5005, Validation Loss: 0.6671
Epoch 301/1000, Train Loss: 0.5055, Validation Loss: 0.7964
Epoch 302/1000, Train Loss: 0.4925, Validation Loss: 0.5671
Epoch 303/1000, Train Loss: 0.4918, Validation Loss: 0.5859
Epoch 304/1000, Train Loss: 0.5083, Validation Loss: 0.5066
Epoch 305/1000, Train Loss: 0.4960, Validation Loss: 0.6585
Epoch 306/1000, Train Loss: 0.4963, Validation Loss: 0.6447
Epoch 307/1000, Train Loss: 0.5003, Validation Loss: 0.6441
Epoch 308/1000, Train Loss: 0.4942, Validation Loss: 0.4729
Epoch 309/1000, Train Loss: 0.4932, Validation Loss: 1.4297
Epoch 310/1000, Train Loss: 0.5071, Validation Loss: 0.5293
Epoch 311/1000, Train Loss: 0.5074, Validation Loss: 0.4818
Epoch 312/1000, Train Loss: 0.5007, Validation Loss: 0.5354
Epoch 313/1000, Train Loss: 0.5009, Validation Loss: 0.6457
Epoch 314/1000, Train Loss: 0.4981, Validation Loss: 0.6681
Epoch 315/1000, Train Loss: 0.5004, Validation Loss: 1.1492
Epoch 316/1000, Train Loss: 0.5035, Validation Loss: 1.2122
Epoch 317/1000, Train Loss: 0.5131, Validation Loss: 0.5414
Epoch 318/1000, Train Loss: 0.4977, Validation Loss: 0.7075
Epoch 319/1000, Train Loss: 0.5021, Validation Loss: 0.7361
Epoch 320/1000, Train Loss: 0.5072, Validation Loss: 0.6366
Epoch 321/1000, Train Loss: 0.4877, Validation Loss: 1.0044
Epoch 322/1000, Train Loss: 0.4965, Validation Loss: 0.6968
Epoch 323/1000, Train Loss: 0.4963, Validation Loss: 1.0622
Epoch 324/1000, Train Loss: 0.5003, Validation Loss: 0.5421
Epoch 325/1000, Train Loss: 0.5014, Validation Loss: 0.4864
Epoch 326/1000, Train Loss: 0.5026, Validation Loss: 0.4970
Epoch 327/1000, Train Loss: 0.4976, Validation Loss: 0.6943
Epoch 328/1000, Train Loss: 0.4938, Validation Loss: 0.5874
Epoch 329/1000, Train Loss: 0.4955, Validation Loss: 1.1186
Epoch 330/1000, Train Loss: 0.5087, Validation Loss: 0.5342
Epoch 331/1000, Train Loss: 0.4978, Validation Loss: 0.4598
Epoch 332/1000, Train Loss: 0.4914, Validation Loss: 0.5075
Epoch 333/1000, Train Loss: 0.4944, Validation Loss: 1.1317
Epoch 334/1000, Train Loss: 0.5068, Validation Loss: 0.9036
Epoch 335/1000, Train Loss: 0.4992, Validation Loss: 0.5002
Epoch 336/1000, Train Loss: 0.5086, Validation Loss: 0.5180
Epoch 337/1000, Train Loss: 0.4986, Validation Loss: 0.7568
Epoch 338/1000, Train Loss: 0.4905, Validation Loss: 1.3851
Epoch 339/1000, Train Loss: 0.4946, Validation Loss: 0.5232
Epoch 340/1000, Train Loss: 0.5702, Validation Loss: 0.5720
Epoch 341/1000, Train Loss: 0.4922, Validation Loss: 0.6579
Epoch 342/1000, Train Loss: 0.4914, Validation Loss: 0.7791
Epoch 343/1000, Train Loss: 0.4997, Validation Loss: 0.9807
Epoch 344/1000, Train Loss: 0.4925, Validation Loss: 0.4888
Epoch 345/1000, Train Loss: 0.4974, Validation Loss: 1.3215
Epoch 346/1000, Train Loss: 0.5043, Validation Loss: 1.6652
Epoch 347/1000, Train Loss: 0.4948, Validation Loss: 0.5707
Epoch 348/1000, Train Loss: 0.4871, Validation Loss: 0.4715
Epoch 349/1000, Train Loss: 0.5044, Validation Loss: 0.7213
Epoch 350/1000, Train Loss: 0.4860, Validation Loss: 0.5731
Epoch 351/1000, Train Loss: 0.4911, Validation Loss: 0.6679
Epoch 352/1000, Train Loss: 0.4971, Validation Loss: 1.0249
Epoch 353/1000, Train Loss: 0.4970, Validation Loss: 0.4705
Epoch 354/1000, Train Loss: 0.4977, Validation Loss: 0.5197
Epoch 355/1000, Train Loss: 0.5028, Validation Loss: 0.5295
Epoch 356/1000, Train Loss: 0.4949, Validation Loss: 1.1324
Epoch 357/1000, Train Loss: 0.4852, Validation Loss: 0.7809
Epoch 358/1000, Train Loss: 0.4949, Validation Loss: 0.7161
Epoch 359/1000, Train Loss: 0.4911, Validation Loss: 0.4896
Epoch 360/1000, Train Loss: 0.5001, Validation Loss: 1.3019
Epoch 361/1000, Train Loss: 0.4878, Validation Loss: 0.7469
Epoch 362/1000, Train Loss: 0.4948, Validation Loss: 0.5695
Epoch 363/1000, Train Loss: 0.4932, Validation Loss: 0.6132
Epoch 364/1000, Train Loss: 0.4952, Validation Loss: 0.6998
Epoch 365/1000, Train Loss: 0.4871, Validation Loss: 0.9756
Epoch 366/1000, Train Loss: 0.4952, Validation Loss: 1.0391
Epoch 367/1000, Train Loss: 0.4895, Validation Loss: 0.8454
Epoch 368/1000, Train Loss: 0.5086, Validation Loss: 0.6608
Epoch 369/1000, Train Loss: 0.4868, Validation Loss: 0.7232
Epoch 370/1000, Train Loss: 0.5036, Validation Loss: 0.5932
Epoch 371/1000, Train Loss: 0.5007, Validation Loss: 0.9105
Epoch 372/1000, Train Loss: 0.4918, Validation Loss: 0.4878
Epoch 373/1000, Train Loss: 0.4908, Validation Loss: 0.9153
Epoch 374/1000, Train Loss: 0.4944, Validation Loss: 0.6104
Epoch 375/1000, Train Loss: 0.4902, Validation Loss: 0.6178
Epoch 376/1000, Train Loss: 0.4869, Validation Loss: 1.4459
Epoch 377/1000, Train Loss: 0.4941, Validation Loss: 0.4790
Epoch 378/1000, Train Loss: 0.4909, Validation Loss: 0.8286
Epoch 379/1000, Train Loss: 0.4983, Validation Loss: 0.4517
Epoch 380/1000, Train Loss: 0.4887, Validation Loss: 0.6623
Epoch 381/1000, Train Loss: 0.4899, Validation Loss: 0.7089
Epoch 382/1000, Train Loss: 0.4958, Validation Loss: 0.8346
Epoch 383/1000, Train Loss: 0.4909, Validation Loss: 0.5213
Epoch 384/1000, Train Loss: 0.5068, Validation Loss: 0.5683
Epoch 385/1000, Train Loss: 0.4883, Validation Loss: 1.0057
Epoch 386/1000, Train Loss: 0.4937, Validation Loss: 0.4733
Epoch 387/1000, Train Loss: 0.4924, Validation Loss: 1.5053
Epoch 388/1000, Train Loss: 0.4957, Validation Loss: 0.8326
Epoch 389/1000, Train Loss: 0.4881, Validation Loss: 0.5299
Epoch 390/1000, Train Loss: 0.5017, Validation Loss: 1.2265
Epoch 391/1000, Train Loss: 0.4908, Validation Loss: 0.7460
Epoch 392/1000, Train Loss: 0.4899, Validation Loss: 0.7392
Epoch 393/1000, Train Loss: 0.4957, Validation Loss: 0.4696
Epoch 394/1000, Train Loss: 0.4927, Validation Loss: 0.9580
Epoch 395/1000, Train Loss: 0.4868, Validation Loss: 0.4873
Epoch 396/1000, Train Loss: 0.4882, Validation Loss: 0.7597
Epoch 397/1000, Train Loss: 0.4976, Validation Loss: 0.5338
Epoch 398/1000, Train Loss: 0.4861, Validation Loss: 0.4862
Epoch 399/1000, Train Loss: 0.4892, Validation Loss: 0.8360
Epoch 400/1000, Train Loss: 0.4870, Validation Loss: 1.0773
Epoch 401/1000, Train Loss: 0.4894, Validation Loss: 1.0073
Epoch 402/1000, Train Loss: 0.4905, Validation Loss: 0.6158
Epoch 403/1000, Train Loss: 0.4830, Validation Loss: 0.5709
Epoch 404/1000, Train Loss: 0.4885, Validation Loss: 1.2086
Epoch 405/1000, Train Loss: 0.4899, Validation Loss: 0.6019
Epoch 406/1000, Train Loss: 0.4944, Validation Loss: 0.5076
Epoch 407/1000, Train Loss: 0.4942, Validation Loss: 0.5220
Epoch 408/1000, Train Loss: 0.4879, Validation Loss: 0.7118
Epoch 409/1000, Train Loss: 0.4817, Validation Loss: 0.6615
Epoch 410/1000, Train Loss: 0.4750, Validation Loss: 0.6077
Epoch 411/1000, Train Loss: 0.4863, Validation Loss: 0.9114
Epoch 412/1000, Train Loss: 0.4859, Validation Loss: 0.5476
Epoch 413/1000, Train Loss: 0.4813, Validation Loss: 0.6438
Epoch 414/1000, Train Loss: 0.4822, Validation Loss: 0.9404
Epoch 415/1000, Train Loss: 0.4835, Validation Loss: 0.4466
Epoch 416/1000, Train Loss: 0.4904, Validation Loss: 1.1444
Epoch 417/1000, Train Loss: 0.4955, Validation Loss: 0.5987
Epoch 418/1000, Train Loss: 0.4866, Validation Loss: 0.4725
Epoch 419/1000, Train Loss: 0.4917, Validation Loss: 0.5002
Epoch 420/1000, Train Loss: 0.4856, Validation Loss: 1.3202
Epoch 421/1000, Train Loss: 0.4867, Validation Loss: 0.5201
Epoch 422/1000, Train Loss: 0.4869, Validation Loss: 0.4567
Epoch 423/1000, Train Loss: 0.4821, Validation Loss: 0.7390
Epoch 424/1000, Train Loss: 0.4913, Validation Loss: 0.7304
Epoch 425/1000, Train Loss: 0.4866, Validation Loss: 0.4852
Epoch 426/1000, Train Loss: 0.4896, Validation Loss: 0.8602
Epoch 427/1000, Train Loss: 0.4862, Validation Loss: 0.8114
Epoch 428/1000, Train Loss: 0.4785, Validation Loss: 0.6119
Epoch 429/1000, Train Loss: 0.4910, Validation Loss: 0.8774
Epoch 430/1000, Train Loss: 0.4886, Validation Loss: 0.8401
Epoch 431/1000, Train Loss: 0.4860, Validation Loss: 0.5312
Epoch 432/1000, Train Loss: 0.4835, Validation Loss: 0.9914
Epoch 433/1000, Train Loss: 0.4838, Validation Loss: 0.8219
Epoch 434/1000, Train Loss: 0.4929, Validation Loss: 0.4761
Epoch 435/1000, Train Loss: 0.4870, Validation Loss: 0.7735
Epoch 436/1000, Train Loss: 0.4947, Validation Loss: 0.7428
Epoch 437/1000, Train Loss: 0.4850, Validation Loss: 0.7388
Epoch 438/1000, Train Loss: 0.4884, Validation Loss: 0.5970
Epoch 439/1000, Train Loss: 0.4806, Validation Loss: 0.4973
Epoch 440/1000, Train Loss: 0.4897, Validation Loss: 0.5659
Epoch 441/1000, Train Loss: 0.4818, Validation Loss: 0.5803
Epoch 442/1000, Train Loss: 0.4897, Validation Loss: 0.4323
Epoch 443/1000, Train Loss: 0.4813, Validation Loss: 0.6751
Epoch 444/1000, Train Loss: 0.4780, Validation Loss: 1.1029
Epoch 445/1000, Train Loss: 0.4849, Validation Loss: 0.8627
Epoch 446/1000, Train Loss: 0.4836, Validation Loss: 0.5449
Epoch 447/1000, Train Loss: 0.4840, Validation Loss: 0.6123
Epoch 448/1000, Train Loss: 0.4927, Validation Loss: 0.8581
Epoch 449/1000, Train Loss: 0.4873, Validation Loss: 0.4987
Epoch 450/1000, Train Loss: 0.4899, Validation Loss: 0.6850
Epoch 451/1000, Train Loss: 0.4930, Validation Loss: 0.6259
Epoch 452/1000, Train Loss: 0.4765, Validation Loss: 0.8188
Epoch 453/1000, Train Loss: 0.4866, Validation Loss: 1.1922
Epoch 454/1000, Train Loss: 0.4815, Validation Loss: 0.4403
Epoch 455/1000, Train Loss: 0.4878, Validation Loss: 0.6240
Epoch 456/1000, Train Loss: 0.4768, Validation Loss: 0.5656
Epoch 457/1000, Train Loss: 0.4803, Validation Loss: 0.5861
Epoch 458/1000, Train Loss: 0.4797, Validation Loss: 0.5770
Epoch 459/1000, Train Loss: 0.4948, Validation Loss: 1.2127
Epoch 460/1000, Train Loss: 0.4781, Validation Loss: 0.6268
Epoch 461/1000, Train Loss: 0.4789, Validation Loss: 1.1471
Epoch 462/1000, Train Loss: 0.4782, Validation Loss: 1.0728
Epoch 463/1000, Train Loss: 0.4843, Validation Loss: 0.8954
Epoch 464/1000, Train Loss: 0.4908, Validation Loss: 0.5581
Epoch 465/1000, Train Loss: 0.4854, Validation Loss: 0.6412
Epoch 466/1000, Train Loss: 0.4907, Validation Loss: 0.5862
Epoch 467/1000, Train Loss: 0.4799, Validation Loss: 1.0074
Epoch 468/1000, Train Loss: 0.4810, Validation Loss: 0.6702
Epoch 469/1000, Train Loss: 0.4969, Validation Loss: 0.6436
Epoch 470/1000, Train Loss: 0.4809, Validation Loss: 0.4897
Epoch 471/1000, Train Loss: 0.4878, Validation Loss: 0.4459
Epoch 472/1000, Train Loss: 0.4772, Validation Loss: 0.4734
Epoch 473/1000, Train Loss: 0.4814, Validation Loss: 0.5930
Epoch 474/1000, Train Loss: 0.4795, Validation Loss: 0.5261
Epoch 475/1000, Train Loss: 0.4866, Validation Loss: 0.7694
Epoch 476/1000, Train Loss: 0.5034, Validation Loss: 0.5051
Epoch 477/1000, Train Loss: 0.4801, Validation Loss: 0.7653
Epoch 478/1000, Train Loss: 0.4832, Validation Loss: 0.8078
Epoch 479/1000, Train Loss: 0.4843, Validation Loss: 0.4524
Epoch 480/1000, Train Loss: 0.4944, Validation Loss: 1.1291
Epoch 481/1000, Train Loss: 0.4973, Validation Loss: 0.9320
Epoch 482/1000, Train Loss: 0.4790, Validation Loss: 0.5925
Epoch 483/1000, Train Loss: 0.4880, Validation Loss: 1.1905
Epoch 484/1000, Train Loss: 0.4822, Validation Loss: 1.5937
Epoch 485/1000, Train Loss: 0.4785, Validation Loss: 0.7110
Epoch 486/1000, Train Loss: 0.4791, Validation Loss: 0.5655
Epoch 487/1000, Train Loss: 0.4841, Validation Loss: 0.5121
Epoch 488/1000, Train Loss: 0.4751, Validation Loss: 1.1043
Epoch 489/1000, Train Loss: 0.4811, Validation Loss: 0.6992
Epoch 490/1000, Train Loss: 0.4852, Validation Loss: 0.6579
Epoch 491/1000, Train Loss: 0.4862, Validation Loss: 0.7461
Epoch 492/1000, Train Loss: 0.4821, Validation Loss: 0.5993
Epoch 493/1000, Train Loss: 0.4780, Validation Loss: 0.5968
Epoch 494/1000, Train Loss: 0.4885, Validation Loss: 0.7934
Epoch 495/1000, Train Loss: 0.4928, Validation Loss: 0.5243
Epoch 496/1000, Train Loss: 0.4798, Validation Loss: 0.8543
Epoch 497/1000, Train Loss: 0.4797, Validation Loss: 0.8534
Epoch 498/1000, Train Loss: 0.4831, Validation Loss: 0.9708
Epoch 499/1000, Train Loss: 0.4880, Validation Loss: 0.4956
Epoch 500/1000, Train Loss: 0.4763, Validation Loss: 0.4802
Epoch 501/1000, Train Loss: 0.4789, Validation Loss: 0.5671
Epoch 502/1000, Train Loss: 0.4837, Validation Loss: 0.7527
Epoch 503/1000, Train Loss: 0.4853, Validation Loss: 0.6262
Epoch 504/1000, Train Loss: 0.4827, Validation Loss: 0.6144
Epoch 505/1000, Train Loss: 0.4767, Validation Loss: 0.8831
Epoch 506/1000, Train Loss: 0.4796, Validation Loss: 1.3266
Epoch 507/1000, Train Loss: 0.4944, Validation Loss: 0.4611
Epoch 508/1000, Train Loss: 0.4888, Validation Loss: 0.5079
Epoch 509/1000, Train Loss: 0.4861, Validation Loss: 0.6219
Epoch 510/1000, Train Loss: 0.4787, Validation Loss: 0.5421
Epoch 511/1000, Train Loss: 0.4794, Validation Loss: 0.4912
Epoch 512/1000, Train Loss: 0.4834, Validation Loss: 0.5989
Epoch 513/1000, Train Loss: 0.4779, Validation Loss: 0.5427
Epoch 514/1000, Train Loss: 0.4783, Validation Loss: 0.6368
Epoch 515/1000, Train Loss: 0.4764, Validation Loss: 0.4746
Epoch 516/1000, Train Loss: 0.4828, Validation Loss: 0.8371
Epoch 517/1000, Train Loss: 0.4857, Validation Loss: 0.5350
Epoch 518/1000, Train Loss: 0.4769, Validation Loss: 0.4776
Epoch 519/1000, Train Loss: 0.4702, Validation Loss: 0.6891
Epoch 520/1000, Train Loss: 0.4800, Validation Loss: 0.5017
Epoch 521/1000, Train Loss: 0.4762, Validation Loss: 0.6542
Epoch 522/1000, Train Loss: 0.4885, Validation Loss: 0.4498
Epoch 523/1000, Train Loss: 0.4793, Validation Loss: 0.6667
Epoch 524/1000, Train Loss: 0.4859, Validation Loss: 0.6272
Epoch 525/1000, Train Loss: 0.4837, Validation Loss: 0.6375
Epoch 526/1000, Train Loss: 0.4896, Validation Loss: 0.6662
Epoch 527/1000, Train Loss: 0.4765, Validation Loss: 0.4794
Epoch 528/1000, Train Loss: 0.4810, Validation Loss: 0.6093
Epoch 529/1000, Train Loss: 0.4836, Validation Loss: 0.4596
Epoch 530/1000, Train Loss: 0.4838, Validation Loss: 0.6243
Epoch 531/1000, Train Loss: 0.4944, Validation Loss: 0.8603
Epoch 532/1000, Train Loss: 0.4833, Validation Loss: 0.7084
Epoch 533/1000, Train Loss: 0.4760, Validation Loss: 0.7251
Epoch 534/1000, Train Loss: 0.4814, Validation Loss: 0.6203
Epoch 535/1000, Train Loss: 0.4831, Validation Loss: 0.7127
Epoch 536/1000, Train Loss: 0.4744, Validation Loss: 0.5999
Epoch 537/1000, Train Loss: 0.4860, Validation Loss: 0.7105
Epoch 538/1000, Train Loss: 0.4791, Validation Loss: 1.2020
Epoch 539/1000, Train Loss: 0.4811, Validation Loss: 1.0779
Epoch 540/1000, Train Loss: 0.4838, Validation Loss: 0.7166
Epoch 541/1000, Train Loss: 0.4957, Validation Loss: 0.9675
Epoch 542/1000, Train Loss: 0.4776, Validation Loss: 0.5087
Epoch 543/1000, Train Loss: 0.4799, Validation Loss: 0.5119
Epoch 544/1000, Train Loss: 0.4776, Validation Loss: 0.4805
Epoch 545/1000, Train Loss: 0.4722, Validation Loss: 0.4849
Epoch 546/1000, Train Loss: 0.4674, Validation Loss: 0.6249
Epoch 547/1000, Train Loss: 0.4877, Validation Loss: 0.8004
Epoch 548/1000, Train Loss: 0.4873, Validation Loss: 0.6327
Epoch 549/1000, Train Loss: 0.4761, Validation Loss: 0.4472
Epoch 550/1000, Train Loss: 0.4820, Validation Loss: 1.3617
Epoch 551/1000, Train Loss: 0.4890, Validation Loss: 1.0125
Epoch 552/1000, Train Loss: 0.4832, Validation Loss: 0.6624
Epoch 553/1000, Train Loss: 0.4797, Validation Loss: 1.1113
Epoch 554/1000, Train Loss: 0.4799, Validation Loss: 0.4294
Epoch 555/1000, Train Loss: 0.4838, Validation Loss: 0.4949
Epoch 556/1000, Train Loss: 0.4752, Validation Loss: 0.6092
Epoch 557/1000, Train Loss: 0.4710, Validation Loss: 0.7301
Epoch 558/1000, Train Loss: 0.4819, Validation Loss: 0.7329
Epoch 559/1000, Train Loss: 0.4754, Validation Loss: 0.5246
Epoch 560/1000, Train Loss: 0.4723, Validation Loss: 0.9709
Epoch 561/1000, Train Loss: 0.4836, Validation Loss: 0.6944
Epoch 562/1000, Train Loss: 0.4776, Validation Loss: 0.8329
Epoch 563/1000, Train Loss: 0.4720, Validation Loss: 0.6344
Epoch 564/1000, Train Loss: 0.4766, Validation Loss: 0.4916
Epoch 565/1000, Train Loss: 0.4850, Validation Loss: 0.6577
Epoch 566/1000, Train Loss: 0.4864, Validation Loss: 0.4877
Epoch 567/1000, Train Loss: 0.4810, Validation Loss: 0.6837
Epoch 568/1000, Train Loss: 0.4758, Validation Loss: 0.4708
Epoch 569/1000, Train Loss: 0.4732, Validation Loss: 0.8004
Epoch 570/1000, Train Loss: 0.4769, Validation Loss: 0.7084
Epoch 571/1000, Train Loss: 0.4842, Validation Loss: 0.5501
Epoch 572/1000, Train Loss: 0.4777, Validation Loss: 0.4768
Epoch 573/1000, Train Loss: 0.4808, Validation Loss: 0.7540
Epoch 574/1000, Train Loss: 0.4809, Validation Loss: 0.7178
Epoch 575/1000, Train Loss: 0.4787, Validation Loss: 0.5998
Epoch 576/1000, Train Loss: 0.4677, Validation Loss: 0.5733
Epoch 577/1000, Train Loss: 0.4830, Validation Loss: 0.9914
Epoch 578/1000, Train Loss: 0.4812, Validation Loss: 0.5502
Epoch 579/1000, Train Loss: 0.4852, Validation Loss: 0.5887
Epoch 580/1000, Train Loss: 0.4899, Validation Loss: 0.7911
Epoch 581/1000, Train Loss: 0.4764, Validation Loss: 0.5205
Epoch 582/1000, Train Loss: 0.4784, Validation Loss: 0.6660
Epoch 583/1000, Train Loss: 0.4759, Validation Loss: 0.5689
Epoch 584/1000, Train Loss: 0.4789, Validation Loss: 0.7487
Epoch 585/1000, Train Loss: 0.4786, Validation Loss: 0.8825
Epoch 586/1000, Train Loss: 0.4891, Validation Loss: 1.1697
Epoch 587/1000, Train Loss: 0.4767, Validation Loss: 0.5464
Epoch 588/1000, Train Loss: 0.4844, Validation Loss: 0.5430
Epoch 589/1000, Train Loss: 0.4669, Validation Loss: 0.5947
Epoch 590/1000, Train Loss: 0.4713, Validation Loss: 0.5228
Epoch 591/1000, Train Loss: 0.4697, Validation Loss: 0.8713
Epoch 592/1000, Train Loss: 0.4792, Validation Loss: 0.6298
Epoch 593/1000, Train Loss: 0.4788, Validation Loss: 0.7077
Epoch 594/1000, Train Loss: 0.4853, Validation Loss: 0.4854
Epoch 595/1000, Train Loss: 0.4810, Validation Loss: 0.5407
Epoch 596/1000, Train Loss: 0.4816, Validation Loss: 0.5356
Epoch 597/1000, Train Loss: 0.4869, Validation Loss: 1.1324
Epoch 598/1000, Train Loss: 0.4804, Validation Loss: 0.6779
Epoch 599/1000, Train Loss: 0.4784, Validation Loss: 0.7727
Epoch 600/1000, Train Loss: 0.4764, Validation Loss: 0.4632
Epoch 601/1000, Train Loss: 0.4755, Validation Loss: 0.6003
Epoch 602/1000, Train Loss: 0.4721, Validation Loss: 0.4744
Epoch 603/1000, Train Loss: 0.4738, Validation Loss: 0.9160
Epoch 604/1000, Train Loss: 0.4785, Validation Loss: 0.9824
Epoch 605/1000, Train Loss: 0.4784, Validation Loss: 0.5435
Epoch 606/1000, Train Loss: 0.4783, Validation Loss: 0.4633
Epoch 607/1000, Train Loss: 0.4720, Validation Loss: 0.5022
Epoch 608/1000, Train Loss: 0.4737, Validation Loss: 0.4800
Epoch 609/1000, Train Loss: 0.4665, Validation Loss: 0.8761
Epoch 610/1000, Train Loss: 0.4717, Validation Loss: 0.6949
Epoch 611/1000, Train Loss: 0.4828, Validation Loss: 0.4867
Epoch 612/1000, Train Loss: 0.4659, Validation Loss: 0.4499
Epoch 613/1000, Train Loss: 0.4768, Validation Loss: 0.5447
Epoch 614/1000, Train Loss: 0.4754, Validation Loss: 0.7305
Epoch 615/1000, Train Loss: 0.4751, Validation Loss: 0.5333
Epoch 616/1000, Train Loss: 0.4984, Validation Loss: 0.8028
Epoch 617/1000, Train Loss: 0.4790, Validation Loss: 0.4842
Epoch 618/1000, Train Loss: 0.4791, Validation Loss: 0.6477
Epoch 619/1000, Train Loss: 0.4862, Validation Loss: 0.5891
Epoch 620/1000, Train Loss: 0.4790, Validation Loss: 0.6791
Epoch 621/1000, Train Loss: 0.4738, Validation Loss: 0.4316
Epoch 622/1000, Train Loss: 0.4749, Validation Loss: 0.5225
Epoch 623/1000, Train Loss: 0.4750, Validation Loss: 0.6088
Epoch 624/1000, Train Loss: 0.4743, Validation Loss: 0.8329
Epoch 625/1000, Train Loss: 0.4765, Validation Loss: 1.0724
Epoch 626/1000, Train Loss: 0.4713, Validation Loss: 0.6696
Epoch 627/1000, Train Loss: 0.4731, Validation Loss: 0.7361
Epoch 628/1000, Train Loss: 0.4744, Validation Loss: 0.5318
Epoch 629/1000, Train Loss: 0.4675, Validation Loss: 0.7125
Epoch 630/1000, Train Loss: 0.4731, Validation Loss: 0.4555
Epoch 631/1000, Train Loss: 0.4726, Validation Loss: 0.6493
Epoch 632/1000, Train Loss: 0.4749, Validation Loss: 0.9614
Epoch 633/1000, Train Loss: 0.4841, Validation Loss: 0.5665
Epoch 634/1000, Train Loss: 0.4665, Validation Loss: 0.5149
Epoch 635/1000, Train Loss: 0.4903, Validation Loss: 0.7128
Epoch 636/1000, Train Loss: 0.4741, Validation Loss: 0.4765
Epoch 637/1000, Train Loss: 0.4783, Validation Loss: 0.7741
Epoch 638/1000, Train Loss: 0.4684, Validation Loss: 0.4852
Epoch 639/1000, Train Loss: 0.4677, Validation Loss: 0.5138
Epoch 640/1000, Train Loss: 0.4828, Validation Loss: 0.6055
Epoch 641/1000, Train Loss: 0.4773, Validation Loss: 0.5440
Epoch 642/1000, Train Loss: 0.4756, Validation Loss: 0.7487
Epoch 643/1000, Train Loss: 0.4819, Validation Loss: 1.6684
Epoch 644/1000, Train Loss: 0.4806, Validation Loss: 0.5608
Epoch 645/1000, Train Loss: 0.4705, Validation Loss: 0.4570
Epoch 646/1000, Train Loss: 0.4756, Validation Loss: 0.6791
Epoch 647/1000, Train Loss: 0.4706, Validation Loss: 0.6288
Epoch 648/1000, Train Loss: 0.4787, Validation Loss: 0.6578
Epoch 649/1000, Train Loss: 0.4889, Validation Loss: 0.6440
Epoch 650/1000, Train Loss: 0.4702, Validation Loss: 0.4785
Epoch 651/1000, Train Loss: 0.4802, Validation Loss: 0.4527
Epoch 652/1000, Train Loss: 0.4766, Validation Loss: 0.7616
Epoch 653/1000, Train Loss: 0.4730, Validation Loss: 0.6097
Epoch 654/1000, Train Loss: 0.4684, Validation Loss: 0.4512
Epoch 655/1000, Train Loss: 0.4768, Validation Loss: 0.5086
Epoch 656/1000, Train Loss: 0.4763, Validation Loss: 1.2458
Epoch 657/1000, Train Loss: 0.4699, Validation Loss: 1.5585
Epoch 658/1000, Train Loss: 0.4734, Validation Loss: 0.8026
Epoch 659/1000, Train Loss: 0.4784, Validation Loss: 0.7966
Epoch 660/1000, Train Loss: 0.4803, Validation Loss: 0.4702
Epoch 661/1000, Train Loss: 0.4775, Validation Loss: 0.4560
Epoch 662/1000, Train Loss: 0.4743, Validation Loss: 0.5353
Epoch 663/1000, Train Loss: 0.4697, Validation Loss: 0.5552
Epoch 664/1000, Train Loss: 0.4727, Validation Loss: 0.5136
Epoch 665/1000, Train Loss: 0.4735, Validation Loss: 0.5031
Epoch 666/1000, Train Loss: 0.4695, Validation Loss: 0.5223
Epoch 667/1000, Train Loss: 0.4844, Validation Loss: 0.4835
Epoch 668/1000, Train Loss: 0.4838, Validation Loss: 0.5527
Epoch 669/1000, Train Loss: 0.4714, Validation Loss: 0.5371
Epoch 670/1000, Train Loss: 0.4654, Validation Loss: 0.4499
Epoch 671/1000, Train Loss: 0.4745, Validation Loss: 0.7451
Epoch 672/1000, Train Loss: 0.4791, Validation Loss: 0.7340
Epoch 673/1000, Train Loss: 0.4748, Validation Loss: 0.6089
Epoch 674/1000, Train Loss: 0.4750, Validation Loss: 0.4529
Epoch 675/1000, Train Loss: 0.4764, Validation Loss: 0.5214
Epoch 676/1000, Train Loss: 0.4719, Validation Loss: 0.4486
Epoch 677/1000, Train Loss: 0.4749, Validation Loss: 0.5653
Epoch 678/1000, Train Loss: 0.4760, Validation Loss: 0.5313
Epoch 679/1000, Train Loss: 0.4700, Validation Loss: 1.2333
Epoch 680/1000, Train Loss: 0.4724, Validation Loss: 0.6404
Epoch 681/1000, Train Loss: 0.4819, Validation Loss: 0.6585
Epoch 682/1000, Train Loss: 0.4754, Validation Loss: 0.7146
Epoch 683/1000, Train Loss: 0.4785, Validation Loss: 0.6212
Epoch 684/1000, Train Loss: 0.4716, Validation Loss: 0.4619
Epoch 685/1000, Train Loss: 0.4816, Validation Loss: 0.4925
Epoch 686/1000, Train Loss: 0.4678, Validation Loss: 0.4972
Epoch 687/1000, Train Loss: 0.4801, Validation Loss: 0.4996
Epoch 688/1000, Train Loss: 0.4791, Validation Loss: 0.6901
Epoch 689/1000, Train Loss: 0.4708, Validation Loss: 0.6083
Epoch 690/1000, Train Loss: 0.4702, Validation Loss: 0.5641
Epoch 691/1000, Train Loss: 0.4708, Validation Loss: 1.0759
Epoch 692/1000, Train Loss: 0.4679, Validation Loss: 0.8291
Epoch 693/1000, Train Loss: 0.4724, Validation Loss: 0.5566
Epoch 694/1000, Train Loss: 0.4678, Validation Loss: 0.7856
Epoch 695/1000, Train Loss: 0.4687, Validation Loss: 0.6042
Epoch 696/1000, Train Loss: 0.4767, Validation Loss: 0.6674
Epoch 697/1000, Train Loss: 0.4789, Validation Loss: 0.5595
Epoch 698/1000, Train Loss: 0.4781, Validation Loss: 0.5525
Epoch 699/1000, Train Loss: 0.4673, Validation Loss: 1.5800
Epoch 700/1000, Train Loss: 0.4824, Validation Loss: 0.4533
Epoch 701/1000, Train Loss: 0.4700, Validation Loss: 0.5284
Epoch 702/1000, Train Loss: 0.4644, Validation Loss: 0.6408
Epoch 703/1000, Train Loss: 0.4771, Validation Loss: 0.8009
Epoch 704/1000, Train Loss: 0.4679, Validation Loss: 0.7338
Epoch 705/1000, Train Loss: 0.4712, Validation Loss: 0.4592
Epoch 706/1000, Train Loss: 0.4758, Validation Loss: 0.5788
Epoch 707/1000, Train Loss: 0.4750, Validation Loss: 0.5623
Epoch 708/1000, Train Loss: 0.4685, Validation Loss: 0.6133
Epoch 709/1000, Train Loss: 0.4609, Validation Loss: 0.6958
Epoch 710/1000, Train Loss: 0.4716, Validation Loss: 0.4313
Epoch 711/1000, Train Loss: 0.4715, Validation Loss: 0.5819
Epoch 712/1000, Train Loss: 0.4777, Validation Loss: 0.4521
Epoch 713/1000, Train Loss: 0.4769, Validation Loss: 0.5018
Epoch 714/1000, Train Loss: 0.4686, Validation Loss: 0.4606
Epoch 715/1000, Train Loss: 0.4793, Validation Loss: 1.3584
Epoch 716/1000, Train Loss: 0.4780, Validation Loss: 0.6910
Epoch 717/1000, Train Loss: 0.4687, Validation Loss: 0.5824
Epoch 718/1000, Train Loss: 0.4722, Validation Loss: 0.4576
Epoch 719/1000, Train Loss: 0.4667, Validation Loss: 0.4321
Epoch 720/1000, Train Loss: 0.4691, Validation Loss: 0.9148
Epoch 721/1000, Train Loss: 0.4761, Validation Loss: 0.6511
Epoch 722/1000, Train Loss: 0.4725, Validation Loss: 0.4998
Epoch 723/1000, Train Loss: 0.4678, Validation Loss: 0.5548
Epoch 724/1000, Train Loss: 0.4734, Validation Loss: 0.6671
Epoch 725/1000, Train Loss: 0.4744, Validation Loss: 0.5525
Epoch 726/1000, Train Loss: 0.4805, Validation Loss: 0.5556
Epoch 727/1000, Train Loss: 0.4733, Validation Loss: 0.6190
Epoch 728/1000, Train Loss: 0.4731, Validation Loss: 0.6959
Epoch 729/1000, Train Loss: 0.4817, Validation Loss: 0.4522
Epoch 730/1000, Train Loss: 0.4773, Validation Loss: 0.4476
Epoch 731/1000, Train Loss: 0.4682, Validation Loss: 0.5716
Epoch 732/1000, Train Loss: 0.4719, Validation Loss: 0.5348
Epoch 733/1000, Train Loss: 0.4831, Validation Loss: 0.9991
Epoch 734/1000, Train Loss: 0.4662, Validation Loss: 0.5632
Epoch 735/1000, Train Loss: 0.4753, Validation Loss: 0.5189
Epoch 736/1000, Train Loss: 0.4754, Validation Loss: 0.5224
Epoch 737/1000, Train Loss: 0.4808, Validation Loss: 0.5089
Epoch 738/1000, Train Loss: 0.4743, Validation Loss: 0.9933
Epoch 739/1000, Train Loss: 0.4724, Validation Loss: 0.5227
Epoch 740/1000, Train Loss: 0.4685, Validation Loss: 0.5588
Epoch 741/1000, Train Loss: 0.4660, Validation Loss: 0.4746
Epoch 742/1000, Train Loss: 0.4699, Validation Loss: 0.9438
Epoch 743/1000, Train Loss: 0.4761, Validation Loss: 0.4698
Epoch 744/1000, Train Loss: 0.4758, Validation Loss: 0.6376
Epoch 745/1000, Train Loss: 0.4701, Validation Loss: 0.5942
Epoch 746/1000, Train Loss: 0.4735, Validation Loss: 0.5212
Epoch 747/1000, Train Loss: 0.4693, Validation Loss: 0.8696
Epoch 748/1000, Train Loss: 0.4696, Validation Loss: 0.4501
Epoch 749/1000, Train Loss: 0.4655, Validation Loss: 0.4318
Epoch 750/1000, Train Loss: 0.4680, Validation Loss: 0.8305
Epoch 751/1000, Train Loss: 0.4625, Validation Loss: 0.5500
Epoch 752/1000, Train Loss: 0.4677, Validation Loss: 0.5097
Epoch 753/1000, Train Loss: 0.4761, Validation Loss: 0.5509
Epoch 754/1000, Train Loss: 0.4649, Validation Loss: 0.7851
Epoch 755/1000, Train Loss: 0.4826, Validation Loss: 0.5445
Epoch 756/1000, Train Loss: 0.4657, Validation Loss: 1.0304
Epoch 757/1000, Train Loss: 0.4554, Validation Loss: 0.6026
Epoch 758/1000, Train Loss: 0.4683, Validation Loss: 0.5771
Epoch 759/1000, Train Loss: 0.4736, Validation Loss: 0.7602
Epoch 760/1000, Train Loss: 0.4716, Validation Loss: 0.6771
Epoch 761/1000, Train Loss: 0.4721, Validation Loss: 0.6955
Epoch 762/1000, Train Loss: 0.4683, Validation Loss: 1.0955
Epoch 763/1000, Train Loss: 0.4736, Validation Loss: 0.4753
Epoch 764/1000, Train Loss: 0.4707, Validation Loss: 0.9770
Epoch 765/1000, Train Loss: 0.4657, Validation Loss: 0.5643
Epoch 766/1000, Train Loss: 0.4666, Validation Loss: 0.6493
Epoch 767/1000, Train Loss: 0.4726, Validation Loss: 0.5806
Epoch 768/1000, Train Loss: 0.4683, Validation Loss: 0.5874
Epoch 769/1000, Train Loss: 0.4697, Validation Loss: 0.6992
Epoch 770/1000, Train Loss: 0.4783, Validation Loss: 0.5213
Epoch 771/1000, Train Loss: 0.4676, Validation Loss: 0.4742
Epoch 772/1000, Train Loss: 0.4675, Validation Loss: 0.6450
Epoch 773/1000, Train Loss: 0.4710, Validation Loss: 0.4826
Epoch 774/1000, Train Loss: 0.4661, Validation Loss: 0.6616
Epoch 775/1000, Train Loss: 0.4686, Validation Loss: 0.4908
Epoch 776/1000, Train Loss: 0.4617, Validation Loss: 0.9425
Epoch 777/1000, Train Loss: 0.4678, Validation Loss: 0.5322
Epoch 778/1000, Train Loss: 0.4797, Validation Loss: 0.4757
Epoch 779/1000, Train Loss: 0.4636, Validation Loss: 0.4350
Epoch 780/1000, Train Loss: 0.4660, Validation Loss: 0.5139
Epoch 781/1000, Train Loss: 0.4692, Validation Loss: 0.4504
Epoch 782/1000, Train Loss: 0.4658, Validation Loss: 0.5211
Epoch 783/1000, Train Loss: 0.4655, Validation Loss: 0.4781
Epoch 784/1000, Train Loss: 0.4655, Validation Loss: 0.7222
Epoch 785/1000, Train Loss: 0.4719, Validation Loss: 0.8573
Epoch 786/1000, Train Loss: 0.4646, Validation Loss: 0.8779
Epoch 787/1000, Train Loss: 0.4709, Validation Loss: 0.7257
Epoch 788/1000, Train Loss: 0.4619, Validation Loss: 0.5796
Epoch 789/1000, Train Loss: 0.4830, Validation Loss: 0.4608
Epoch 790/1000, Train Loss: 0.4672, Validation Loss: 0.5943
Epoch 791/1000, Train Loss: 0.4733, Validation Loss: 0.6008
Epoch 792/1000, Train Loss: 0.4704, Validation Loss: 0.6483
Epoch 793/1000, Train Loss: 0.4714, Validation Loss: 0.4865
Epoch 794/1000, Train Loss: 0.4708, Validation Loss: 1.1423
Epoch 795/1000, Train Loss: 0.4692, Validation Loss: 0.6607
Epoch 796/1000, Train Loss: 0.4660, Validation Loss: 0.6375
Epoch 797/1000, Train Loss: 0.4782, Validation Loss: 0.5922
Epoch 798/1000, Train Loss: 0.4659, Validation Loss: 0.5008
Epoch 799/1000, Train Loss: 0.4734, Validation Loss: 0.5976
Epoch 800/1000, Train Loss: 0.4693, Validation Loss: 0.7660
Epoch 801/1000, Train Loss: 0.4732, Validation Loss: 0.5919
Epoch 802/1000, Train Loss: 0.4647, Validation Loss: 0.8285
Epoch 803/1000, Train Loss: 0.4601, Validation Loss: 1.2579
Epoch 804/1000, Train Loss: 0.4661, Validation Loss: 0.6148
Epoch 805/1000, Train Loss: 0.4684, Validation Loss: 0.6299
Epoch 806/1000, Train Loss: 0.4581, Validation Loss: 0.5663
Epoch 807/1000, Train Loss: 0.4700, Validation Loss: 0.4267
Epoch 808/1000, Train Loss: 0.4732, Validation Loss: 0.9834
Epoch 809/1000, Train Loss: 0.4731, Validation Loss: 0.4741
Epoch 810/1000, Train Loss: 0.4711, Validation Loss: 0.5709
Epoch 811/1000, Train Loss: 0.4656, Validation Loss: 0.4987
Epoch 812/1000, Train Loss: 0.4745, Validation Loss: 0.6160
Epoch 813/1000, Train Loss: 0.4695, Validation Loss: 0.6331
Epoch 814/1000, Train Loss: 0.4950, Validation Loss: 0.4482
Epoch 815/1000, Train Loss: 0.4694, Validation Loss: 0.5855
Epoch 816/1000, Train Loss: 0.4626, Validation Loss: 0.6380
Epoch 817/1000, Train Loss: 0.4684, Validation Loss: 0.6489
Epoch 818/1000, Train Loss: 0.4584, Validation Loss: 0.6849
Epoch 819/1000, Train Loss: 0.4669, Validation Loss: 0.8081
Epoch 820/1000, Train Loss: 0.4725, Validation Loss: 0.4926
Epoch 821/1000, Train Loss: 0.4732, Validation Loss: 0.4400
Epoch 822/1000, Train Loss: 0.4745, Validation Loss: 0.5582
Epoch 823/1000, Train Loss: 0.4662, Validation Loss: 0.8330
Epoch 824/1000, Train Loss: 0.4676, Validation Loss: 0.5647
Epoch 825/1000, Train Loss: 0.4690, Validation Loss: 0.7727
Epoch 826/1000, Train Loss: 0.4640, Validation Loss: 0.4403
Epoch 827/1000, Train Loss: 0.4689, Validation Loss: 0.5354
Epoch 828/1000, Train Loss: 0.4768, Validation Loss: 0.5638
Epoch 829/1000, Train Loss: 0.4704, Validation Loss: 0.6838
Epoch 830/1000, Train Loss: 0.4625, Validation Loss: 0.8237
Epoch 831/1000, Train Loss: 0.4820, Validation Loss: 0.7425
Epoch 832/1000, Train Loss: 0.4705, Validation Loss: 0.4750
Epoch 833/1000, Train Loss: 0.4695, Validation Loss: 0.4599
Epoch 834/1000, Train Loss: 0.4830, Validation Loss: 0.5333
Epoch 835/1000, Train Loss: 0.4726, Validation Loss: 0.6423
Epoch 836/1000, Train Loss: 0.4734, Validation Loss: 0.5419
Epoch 837/1000, Train Loss: 0.4693, Validation Loss: 0.4748
Epoch 838/1000, Train Loss: 0.4720, Validation Loss: 0.5304
Epoch 839/1000, Train Loss: 0.4645, Validation Loss: 0.5364
Epoch 840/1000, Train Loss: 0.4630, Validation Loss: 0.5965
Epoch 841/1000, Train Loss: 0.4680, Validation Loss: 0.5282
Epoch 842/1000, Train Loss: 0.4776, Validation Loss: 0.6876
Epoch 843/1000, Train Loss: 0.4681, Validation Loss: 0.6213
Epoch 844/1000, Train Loss: 0.4690, Validation Loss: 0.7117
Epoch 845/1000, Train Loss: 0.4614, Validation Loss: 0.6430
Epoch 846/1000, Train Loss: 0.4692, Validation Loss: 0.5356
Epoch 847/1000, Train Loss: 0.4622, Validation Loss: 0.5321
Epoch 848/1000, Train Loss: 0.4590, Validation Loss: 0.5967
Epoch 849/1000, Train Loss: 0.4609, Validation Loss: 0.5940
Epoch 850/1000, Train Loss: 0.4603, Validation Loss: 0.7500
Epoch 851/1000, Train Loss: 0.4645, Validation Loss: 0.4671
Epoch 852/1000, Train Loss: 0.4697, Validation Loss: 0.4430
Epoch 853/1000, Train Loss: 0.4715, Validation Loss: 0.6006
Epoch 854/1000, Train Loss: 0.4712, Validation Loss: 0.4418
Epoch 855/1000, Train Loss: 0.4702, Validation Loss: 0.4692
Epoch 856/1000, Train Loss: 0.4629, Validation Loss: 0.4390
Epoch 857/1000, Train Loss: 0.4671, Validation Loss: 0.4578
Epoch 858/1000, Train Loss: 0.4629, Validation Loss: 0.5904
Epoch 859/1000, Train Loss: 0.4603, Validation Loss: 0.5294
Epoch 860/1000, Train Loss: 0.4646, Validation Loss: 0.6350
Epoch 861/1000, Train Loss: 0.4687, Validation Loss: 0.5049
Epoch 862/1000, Train Loss: 0.4730, Validation Loss: 0.5091
Epoch 863/1000, Train Loss: 0.4674, Validation Loss: 0.4997
Epoch 864/1000, Train Loss: 0.4691, Validation Loss: 0.7270
Epoch 865/1000, Train Loss: 0.4589, Validation Loss: 0.4282
Epoch 866/1000, Train Loss: 0.4667, Validation Loss: 0.5033
Epoch 867/1000, Train Loss: 0.4678, Validation Loss: 0.5131
Epoch 868/1000, Train Loss: 0.4608, Validation Loss: 0.6436
Epoch 869/1000, Train Loss: 0.4714, Validation Loss: 1.0062
Epoch 870/1000, Train Loss: 0.4623, Validation Loss: 0.4555
Epoch 871/1000, Train Loss: 0.4776, Validation Loss: 0.5782
Epoch 872/1000, Train Loss: 0.4700, Validation Loss: 0.6468
Epoch 873/1000, Train Loss: 0.4634, Validation Loss: 0.4915
Epoch 874/1000, Train Loss: 0.4619, Validation Loss: 0.7386
Epoch 875/1000, Train Loss: 0.4665, Validation Loss: 0.7776
Epoch 876/1000, Train Loss: 0.4747, Validation Loss: 0.4908
Epoch 877/1000, Train Loss: 0.4709, Validation Loss: 0.9520
Epoch 878/1000, Train Loss: 0.4832, Validation Loss: 0.6388
Epoch 879/1000, Train Loss: 0.4726, Validation Loss: 0.5547
Epoch 880/1000, Train Loss: 0.4770, Validation Loss: 0.6432
Epoch 881/1000, Train Loss: 0.4676, Validation Loss: 0.3819
Epoch 882/1000, Train Loss: 0.4636, Validation Loss: 0.5285
Epoch 883/1000, Train Loss: 0.4814, Validation Loss: 0.5784
Epoch 884/1000, Train Loss: 0.4683, Validation Loss: 0.5667
Epoch 885/1000, Train Loss: 0.4595, Validation Loss: 0.5398
Epoch 886/1000, Train Loss: 0.4614, Validation Loss: 0.4527
Epoch 887/1000, Train Loss: 0.4730, Validation Loss: 0.5883
Epoch 888/1000, Train Loss: 0.4703, Validation Loss: 0.9192
Epoch 889/1000, Train Loss: 0.4691, Validation Loss: 0.7761
Epoch 890/1000, Train Loss: 0.4558, Validation Loss: 0.4572
Epoch 891/1000, Train Loss: 0.4694, Validation Loss: 0.6458
Epoch 892/1000, Train Loss: 0.4591, Validation Loss: 0.6155
Epoch 893/1000, Train Loss: 0.4737, Validation Loss: 0.4758
Epoch 894/1000, Train Loss: 0.4670, Validation Loss: 0.6391
Epoch 895/1000, Train Loss: 0.4589, Validation Loss: 0.9319
Epoch 896/1000, Train Loss: 0.4613, Validation Loss: 0.5670
Epoch 897/1000, Train Loss: 0.4704, Validation Loss: 0.6434
Epoch 898/1000, Train Loss: 0.4670, Validation Loss: 0.6053
Epoch 899/1000, Train Loss: 0.4623, Validation Loss: 0.6130
Epoch 900/1000, Train Loss: 0.4650, Validation Loss: 0.7562
Epoch 901/1000, Train Loss: 0.4691, Validation Loss: 0.5771
Epoch 902/1000, Train Loss: 0.4751, Validation Loss: 0.4622
Epoch 903/1000, Train Loss: 0.4626, Validation Loss: 0.5743
Epoch 904/1000, Train Loss: 0.4630, Validation Loss: 0.4965
Epoch 905/1000, Train Loss: 0.4578, Validation Loss: 1.1054
Epoch 906/1000, Train Loss: 0.4739, Validation Loss: 0.5948
Epoch 907/1000, Train Loss: 0.4771, Validation Loss: 0.8763
Epoch 908/1000, Train Loss: 0.4666, Validation Loss: 0.5853
Epoch 909/1000, Train Loss: 0.4721, Validation Loss: 0.6340
Epoch 910/1000, Train Loss: 0.4697, Validation Loss: 0.5094
Epoch 911/1000, Train Loss: 0.4662, Validation Loss: 0.6224
Epoch 912/1000, Train Loss: 0.4597, Validation Loss: 0.5401
Epoch 913/1000, Train Loss: 0.4604, Validation Loss: 0.8650
Epoch 914/1000, Train Loss: 0.4586, Validation Loss: 0.7118
Epoch 915/1000, Train Loss: 0.4722, Validation Loss: 0.7307
Epoch 916/1000, Train Loss: 0.4653, Validation Loss: 0.6196
Epoch 917/1000, Train Loss: 0.4664, Validation Loss: 0.5742
Epoch 918/1000, Train Loss: 0.4675, Validation Loss: 0.5271
Epoch 919/1000, Train Loss: 0.4658, Validation Loss: 0.7104
Epoch 920/1000, Train Loss: 0.4618, Validation Loss: 1.2383
Epoch 921/1000, Train Loss: 0.4761, Validation Loss: 0.5065
Epoch 922/1000, Train Loss: 0.4624, Validation Loss: 0.4997
Epoch 923/1000, Train Loss: 0.4647, Validation Loss: 0.6314
Epoch 924/1000, Train Loss: 0.4703, Validation Loss: 0.4556
Epoch 925/1000, Train Loss: 0.4641, Validation Loss: 0.4885
Epoch 926/1000, Train Loss: 0.4700, Validation Loss: 0.8035
Epoch 927/1000, Train Loss: 0.4699, Validation Loss: 0.5517
Epoch 928/1000, Train Loss: 0.4628, Validation Loss: 0.6238
Epoch 929/1000, Train Loss: 0.4652, Validation Loss: 0.9916
Epoch 930/1000, Train Loss: 0.4688, Validation Loss: 0.8224
Epoch 931/1000, Train Loss: 0.4637, Validation Loss: 0.7356
Epoch 932/1000, Train Loss: 0.4663, Validation Loss: 0.6308
Epoch 933/1000, Train Loss: 0.4578, Validation Loss: 0.6117
Epoch 934/1000, Train Loss: 0.4640, Validation Loss: 0.5287
Epoch 935/1000, Train Loss: 0.4652, Validation Loss: 0.5785
Epoch 936/1000, Train Loss: 0.4612, Validation Loss: 0.6449
Epoch 937/1000, Train Loss: 0.4631, Validation Loss: 0.5126
Epoch 938/1000, Train Loss: 0.4631, Validation Loss: 0.4287
Epoch 939/1000, Train Loss: 0.4591, Validation Loss: 0.6067
Epoch 940/1000, Train Loss: 0.4655, Validation Loss: 0.6467
Epoch 941/1000, Train Loss: 0.4715, Validation Loss: 0.5058
Epoch 942/1000, Train Loss: 0.4657, Validation Loss: 0.9556
Epoch 943/1000, Train Loss: 0.4674, Validation Loss: 0.6838
Epoch 944/1000, Train Loss: 0.4919, Validation Loss: 0.4861
Epoch 945/1000, Train Loss: 0.4610, Validation Loss: 0.5602
Epoch 946/1000, Train Loss: 0.4655, Validation Loss: 0.4235
Epoch 947/1000, Train Loss: 0.4784, Validation Loss: 0.8217
Epoch 948/1000, Train Loss: 0.4757, Validation Loss: 0.5662
Epoch 949/1000, Train Loss: 0.4676, Validation Loss: 0.4663
Epoch 950/1000, Train Loss: 0.4637, Validation Loss: 0.5304
Epoch 951/1000, Train Loss: 0.4657, Validation Loss: 0.5186
Epoch 952/1000, Train Loss: 0.4614, Validation Loss: 0.5815
Epoch 953/1000, Train Loss: 0.4979, Validation Loss: 0.7538
Epoch 954/1000, Train Loss: 0.4611, Validation Loss: 0.4386
Epoch 955/1000, Train Loss: 0.4589, Validation Loss: 0.5108
Epoch 956/1000, Train Loss: 0.4731, Validation Loss: 0.6177
Epoch 957/1000, Train Loss: 0.4664, Validation Loss: 0.9125
Epoch 958/1000, Train Loss: 0.4665, Validation Loss: 0.5676
Epoch 959/1000, Train Loss: 0.4667, Validation Loss: 0.9379
Epoch 960/1000, Train Loss: 0.4726, Validation Loss: 0.6167
Epoch 961/1000, Train Loss: 0.4560, Validation Loss: 0.6271
Epoch 962/1000, Train Loss: 0.4552, Validation Loss: 0.9508
Epoch 963/1000, Train Loss: 0.4633, Validation Loss: 1.2415
Epoch 964/1000, Train Loss: 0.4735, Validation Loss: 0.8536
Epoch 965/1000, Train Loss: 0.4705, Validation Loss: 0.6393
Epoch 966/1000, Train Loss: 0.4707, Validation Loss: 0.5950
Epoch 967/1000, Train Loss: 0.4685, Validation Loss: 1.3407
Epoch 968/1000, Train Loss: 0.4631, Validation Loss: 0.7612
Epoch 969/1000, Train Loss: 0.4579, Validation Loss: 0.8114
Epoch 970/1000, Train Loss: 0.4634, Validation Loss: 0.5431
Epoch 971/1000, Train Loss: 0.4643, Validation Loss: 0.4935
Epoch 972/1000, Train Loss: 0.4684, Validation Loss: 0.5565
Epoch 973/1000, Train Loss: 0.4611, Validation Loss: 0.6830
Epoch 974/1000, Train Loss: 0.4698, Validation Loss: 0.7711
Epoch 975/1000, Train Loss: 0.4745, Validation Loss: 0.5685
Epoch 976/1000, Train Loss: 0.4608, Validation Loss: 0.6467
Epoch 977/1000, Train Loss: 0.4734, Validation Loss: 0.7734
Epoch 978/1000, Train Loss: 0.4680, Validation Loss: 0.5655
Epoch 979/1000, Train Loss: 0.4638, Validation Loss: 0.4392
Epoch 980/1000, Train Loss: 0.4711, Validation Loss: 0.6217
Epoch 981/1000, Train Loss: 0.4656, Validation Loss: 0.7749
Epoch 982/1000, Train Loss: 0.4693, Validation Loss: 0.6986
Epoch 983/1000, Train Loss: 0.4635, Validation Loss: 0.6285
Epoch 984/1000, Train Loss: 0.4642, Validation Loss: 0.8297
Epoch 985/1000, Train Loss: 0.4637, Validation Loss: 0.9378
Epoch 986/1000, Train Loss: 0.4658, Validation Loss: 0.4372
Epoch 987/1000, Train Loss: 0.4629, Validation Loss: 0.6653
Epoch 988/1000, Train Loss: 0.4560, Validation Loss: 0.4761
Epoch 989/1000, Train Loss: 0.4629, Validation Loss: 0.4450
Epoch 990/1000, Train Loss: 0.4770, Validation Loss: 0.5384
Epoch 991/1000, Train Loss: 0.4674, Validation Loss: 0.6810
Epoch 992/1000, Train Loss: 0.4628, Validation Loss: 0.5052
Epoch 993/1000, Train Loss: 0.4671, Validation Loss: 0.5140
Epoch 994/1000, Train Loss: 0.4582, Validation Loss: 0.5033
Epoch 995/1000, Train Loss: 0.4680, Validation Loss: 0.5665
Epoch 996/1000, Train Loss: 0.4664, Validation Loss: 0.6183
Epoch 997/1000, Train Loss: 0.4637, Validation Loss: 0.4772
Epoch 998/1000, Train Loss: 0.4597, Validation Loss: 0.5332
Epoch 999/1000, Train Loss: 0.4604, Validation Loss: 0.5901
Epoch 1000/1000, Train Loss: 0.4600, Validation Loss: 0.5348
Best Training Loss: 0.4552
Best Training Loss Epoch: 962
Best Validation Loss: 0.3819
Best Validation Loss Epoch: 881
Time taken for training: 0-17:06:01
Test Loss: 0.3998
Test MAPE: 22519.1797%
Error Statistics:
count     41272.000000
mean        377.145721
std        7496.553223
min           0.000034
25%           0.123714
50%           1.388599
75%          20.027229
max      826291.062500
Name: Absolute Error, dtype: float64
Training complete. Final model saved.
Saving model as a wandb Artifact...
Model artifact logged successfully.
[1;34mwandb[0m: 
[1;34mwandb[0m: 🚀 View run [33mdevoted-sweep-23[0m at: [34mhttps://wandb.ai/mk8737-new-york-university/rl_pretrain_hp_sweeps/runs/bo30i4d7[0m
[1;34mwandb[0m: Find logs at: [1;35mwandb/run-20251126_203658-bo30i4d7/logs[0m
Agent finished.
