Waiting for sweep ID...
Found Sweep ID: be12np04
Starting wandb agent for sweep be12np04...
TRAINING DEVICE: cpu
Run Name: GCN_global_hp_sweep_be12np04-9pdfdg17
finidhed preparing data
Loading dataset from pretrain_dataset_12.5k_fixed_duplicates.pkl
Loaded 412712 data objects.
finished preparing data
Epoch 1/1000, Train Loss: 2.6124, Validation Loss: 5.8260
Epoch 2/1000, Train Loss: 1.2337, Validation Loss: 3.2615
Epoch 3/1000, Train Loss: 1.1157, Validation Loss: 3.4961
Epoch 4/1000, Train Loss: 1.0785, Validation Loss: 2.6046
Epoch 5/1000, Train Loss: 1.0335, Validation Loss: 2.0272
Epoch 6/1000, Train Loss: 0.9880, Validation Loss: 2.2039
Epoch 7/1000, Train Loss: 0.9675, Validation Loss: 1.4498
Epoch 8/1000, Train Loss: 17.1435, Validation Loss: 1.3179
Epoch 9/1000, Train Loss: 0.9373, Validation Loss: 27.5323
Epoch 10/1000, Train Loss: 2.0378, Validation Loss: 1.7975
Epoch 11/1000, Train Loss: 0.9095, Validation Loss: 2.5044
Epoch 12/1000, Train Loss: 0.8612, Validation Loss: 82.3765
Epoch 13/1000, Train Loss: 0.8432, Validation Loss: 2.7013
Epoch 14/1000, Train Loss: 1.0717, Validation Loss: 3.2427
Epoch 15/1000, Train Loss: 0.8114, Validation Loss: 3.4231
Epoch 16/1000, Train Loss: 0.8246, Validation Loss: 2.7101
Epoch 17/1000, Train Loss: 0.8063, Validation Loss: 1.6739
Epoch 18/1000, Train Loss: 1.9096, Validation Loss: 1.1149
Epoch 19/1000, Train Loss: 0.7726, Validation Loss: 1.3586
Epoch 20/1000, Train Loss: 0.7856, Validation Loss: 2.4597
Epoch 21/1000, Train Loss: 0.7530, Validation Loss: 1.8961
Epoch 22/1000, Train Loss: 0.7457, Validation Loss: 2.6885
Epoch 23/1000, Train Loss: 0.7392, Validation Loss: 1.0549
Epoch 24/1000, Train Loss: 0.7197, Validation Loss: 1.4644
Epoch 25/1000, Train Loss: 0.7253, Validation Loss: 4.8071
Epoch 26/1000, Train Loss: 0.7092, Validation Loss: 10.2410
Epoch 27/1000, Train Loss: 0.7083, Validation Loss: 1.8379
Epoch 28/1000, Train Loss: 0.7079, Validation Loss: 2.2801
Epoch 29/1000, Train Loss: 0.7050, Validation Loss: 1.6404
Epoch 30/1000, Train Loss: 0.8141, Validation Loss: 3.5927
Epoch 31/1000, Train Loss: 0.6963, Validation Loss: 3.6054
Epoch 32/1000, Train Loss: 0.6959, Validation Loss: 3.1247
Epoch 33/1000, Train Loss: 1.2733, Validation Loss: 2.0332
Epoch 34/1000, Train Loss: 0.7240, Validation Loss: 1.3924
Epoch 35/1000, Train Loss: 0.6868, Validation Loss: 1.8524
Epoch 36/1000, Train Loss: 0.7009, Validation Loss: 1.0766
Epoch 37/1000, Train Loss: 0.6821, Validation Loss: 1.0478
Epoch 38/1000, Train Loss: 0.6754, Validation Loss: 0.7470
Epoch 39/1000, Train Loss: 0.6700, Validation Loss: 0.8506
Epoch 40/1000, Train Loss: 0.6625, Validation Loss: 8.3676
Epoch 41/1000, Train Loss: 0.7828, Validation Loss: 1.6826
Epoch 42/1000, Train Loss: 0.6666, Validation Loss: 1.4055
Epoch 43/1000, Train Loss: 0.6714, Validation Loss: 4.1271
Epoch 44/1000, Train Loss: 0.7356, Validation Loss: 5.6664
Epoch 45/1000, Train Loss: 0.6535, Validation Loss: 6.8757
Epoch 46/1000, Train Loss: 0.6909, Validation Loss: 1.2720
Epoch 47/1000, Train Loss: 0.6668, Validation Loss: 4.0713
Epoch 48/1000, Train Loss: 0.6953, Validation Loss: 4.5924
Epoch 49/1000, Train Loss: 0.6569, Validation Loss: 3.7951
Epoch 50/1000, Train Loss: 0.6582, Validation Loss: 2.1327
Epoch 51/1000, Train Loss: 0.6414, Validation Loss: 1.7713
Epoch 52/1000, Train Loss: 0.6683, Validation Loss: 1.0248
Epoch 53/1000, Train Loss: 0.6465, Validation Loss: 0.9137
Epoch 54/1000, Train Loss: 0.6634, Validation Loss: 5.0480
Epoch 55/1000, Train Loss: 0.6511, Validation Loss: 0.8548
Epoch 56/1000, Train Loss: 0.6449, Validation Loss: 2.7459
Epoch 57/1000, Train Loss: 0.6361, Validation Loss: 0.9571
Epoch 58/1000, Train Loss: 1.2013, Validation Loss: 1.4376
Epoch 59/1000, Train Loss: 0.6338, Validation Loss: 2.5434
Epoch 60/1000, Train Loss: 0.6284, Validation Loss: 1.1332
Epoch 61/1000, Train Loss: 0.6197, Validation Loss: 1.3317
Epoch 62/1000, Train Loss: 0.6323, Validation Loss: 0.9181
Epoch 63/1000, Train Loss: 0.6337, Validation Loss: 1.6884
Epoch 64/1000, Train Loss: 0.6191, Validation Loss: 3.7219
Epoch 65/1000, Train Loss: 0.6260, Validation Loss: 1.3523
Epoch 66/1000, Train Loss: 0.6145, Validation Loss: 0.8378
Epoch 67/1000, Train Loss: 0.6755, Validation Loss: 1.2348
Epoch 68/1000, Train Loss: 0.6186, Validation Loss: 1.6912
Epoch 69/1000, Train Loss: 0.6205, Validation Loss: 4.3987
Epoch 70/1000, Train Loss: 0.6119, Validation Loss: 1.2641
Epoch 71/1000, Train Loss: 0.6244, Validation Loss: 0.6903
Epoch 72/1000, Train Loss: 0.6088, Validation Loss: 2.5390
Epoch 73/1000, Train Loss: 0.6130, Validation Loss: 0.7583
Epoch 74/1000, Train Loss: 0.6248, Validation Loss: 2.4143
Epoch 75/1000, Train Loss: 0.6000, Validation Loss: 1.1422
Epoch 76/1000, Train Loss: 0.6012, Validation Loss: 2.2866
Epoch 77/1000, Train Loss: 0.6092, Validation Loss: 2.0670
Epoch 78/1000, Train Loss: 0.6072, Validation Loss: 0.9465
Epoch 79/1000, Train Loss: 0.6089, Validation Loss: 2.5622
Epoch 80/1000, Train Loss: 0.6168, Validation Loss: 4.2568
Epoch 81/1000, Train Loss: 0.6038, Validation Loss: 1.5820
Epoch 82/1000, Train Loss: 0.6072, Validation Loss: 1.1105
Epoch 83/1000, Train Loss: 0.6049, Validation Loss: 0.8157
Epoch 84/1000, Train Loss: 0.5999, Validation Loss: 2.6924
Epoch 85/1000, Train Loss: 0.5957, Validation Loss: 5.0984
Epoch 86/1000, Train Loss: 0.6077, Validation Loss: 2.0552
Epoch 87/1000, Train Loss: 0.6069, Validation Loss: 2.1572
Epoch 88/1000, Train Loss: 0.5932, Validation Loss: 0.9151
Epoch 89/1000, Train Loss: 0.5977, Validation Loss: 1.4864
Epoch 90/1000, Train Loss: 0.5871, Validation Loss: 0.8899
Epoch 91/1000, Train Loss: 0.5919, Validation Loss: 1.2865
Epoch 92/1000, Train Loss: 0.5893, Validation Loss: 1.8939
Epoch 93/1000, Train Loss: 0.5913, Validation Loss: 10.7426
Epoch 94/1000, Train Loss: 0.5991, Validation Loss: 1.6713
Epoch 95/1000, Train Loss: 0.5887, Validation Loss: 4.7068
Epoch 96/1000, Train Loss: 0.5784, Validation Loss: 3.0957
Epoch 97/1000, Train Loss: 0.5822, Validation Loss: 5.1422
Epoch 98/1000, Train Loss: 0.5893, Validation Loss: 2.2844
Epoch 99/1000, Train Loss: 0.5858, Validation Loss: 1.4456
Epoch 100/1000, Train Loss: 0.5820, Validation Loss: 0.7983
Epoch 101/1000, Train Loss: 0.5717, Validation Loss: 7.6210
Epoch 102/1000, Train Loss: 0.5863, Validation Loss: 4.6696
Epoch 103/1000, Train Loss: 0.5839, Validation Loss: 1.4655
Epoch 104/1000, Train Loss: 0.5804, Validation Loss: 4.6001
Epoch 105/1000, Train Loss: 0.5760, Validation Loss: 0.9040
Epoch 106/1000, Train Loss: 0.5923, Validation Loss: 1.0866
Epoch 107/1000, Train Loss: 0.5718, Validation Loss: 3.2343
Epoch 108/1000, Train Loss: 0.5920, Validation Loss: 0.8461
Epoch 109/1000, Train Loss: 0.5814, Validation Loss: 0.8312
Epoch 110/1000, Train Loss: 0.5807, Validation Loss: 1.5610
Epoch 111/1000, Train Loss: 0.6184, Validation Loss: 6.1931
Epoch 112/1000, Train Loss: 0.5766, Validation Loss: 1.1295
Epoch 113/1000, Train Loss: 0.5767, Validation Loss: 1.6888
Epoch 114/1000, Train Loss: 0.5746, Validation Loss: 4.2049
Epoch 115/1000, Train Loss: 0.5705, Validation Loss: 0.6745
Epoch 116/1000, Train Loss: 0.5715, Validation Loss: 1.4491
Epoch 117/1000, Train Loss: 0.5687, Validation Loss: 2.7167
Epoch 118/1000, Train Loss: 0.5680, Validation Loss: 0.7929
Epoch 119/1000, Train Loss: 0.5790, Validation Loss: 1.6854
Epoch 120/1000, Train Loss: 0.5716, Validation Loss: 1.9095
Epoch 121/1000, Train Loss: 0.5699, Validation Loss: 1.8219
Epoch 122/1000, Train Loss: 0.5708, Validation Loss: 0.6561
Epoch 123/1000, Train Loss: 0.5675, Validation Loss: 1.0909
Epoch 124/1000, Train Loss: 0.5833, Validation Loss: 2.8515
Epoch 125/1000, Train Loss: 0.5636, Validation Loss: 4.1054
Epoch 126/1000, Train Loss: 0.5732, Validation Loss: 0.8895
Epoch 127/1000, Train Loss: 0.5633, Validation Loss: 0.9533
Epoch 128/1000, Train Loss: 0.5694, Validation Loss: 3.4601
Epoch 129/1000, Train Loss: 0.5653, Validation Loss: 1.5904
Epoch 130/1000, Train Loss: 0.5744, Validation Loss: 0.9119
Epoch 131/1000, Train Loss: 0.5708, Validation Loss: 1.7678
Epoch 132/1000, Train Loss: 0.5689, Validation Loss: 2.8798
Epoch 133/1000, Train Loss: 0.5634, Validation Loss: 0.9227
Epoch 134/1000, Train Loss: 0.5611, Validation Loss: 2.2500
Epoch 135/1000, Train Loss: 0.5719, Validation Loss: 0.7007
Epoch 136/1000, Train Loss: 0.5629, Validation Loss: 0.7645
Epoch 137/1000, Train Loss: 0.5578, Validation Loss: 1.1823
Epoch 138/1000, Train Loss: 0.5617, Validation Loss: 2.9220
Epoch 139/1000, Train Loss: 0.5699, Validation Loss: 2.8200
Epoch 140/1000, Train Loss: 0.5559, Validation Loss: 3.9824
Epoch 141/1000, Train Loss: 0.5640, Validation Loss: 3.9070
Epoch 142/1000, Train Loss: 0.5700, Validation Loss: 4.4873
Epoch 143/1000, Train Loss: 0.5690, Validation Loss: 3.7115
Epoch 144/1000, Train Loss: 0.5560, Validation Loss: 0.8371
Epoch 145/1000, Train Loss: 0.5651, Validation Loss: 1.2048
Epoch 146/1000, Train Loss: 0.5628, Validation Loss: 3.6008
Epoch 147/1000, Train Loss: 0.5657, Validation Loss: 2.2268
Epoch 148/1000, Train Loss: 0.5537, Validation Loss: 4.5835
Epoch 149/1000, Train Loss: 0.5547, Validation Loss: 1.1409
Epoch 150/1000, Train Loss: 0.5607, Validation Loss: 3.6276
Epoch 151/1000, Train Loss: 0.5490, Validation Loss: 2.5760
Epoch 152/1000, Train Loss: 0.5891, Validation Loss: 1.2179
Epoch 153/1000, Train Loss: 0.5488, Validation Loss: 1.6550
Epoch 154/1000, Train Loss: 0.5541, Validation Loss: 2.5011
Epoch 155/1000, Train Loss: 0.5524, Validation Loss: 3.1396
Epoch 156/1000, Train Loss: 0.5465, Validation Loss: 2.3639
Epoch 157/1000, Train Loss: 0.5630, Validation Loss: 1.3755
Epoch 158/1000, Train Loss: 0.5572, Validation Loss: 0.8835
Epoch 159/1000, Train Loss: 0.5499, Validation Loss: 0.9846
Epoch 160/1000, Train Loss: 0.5686, Validation Loss: 2.0651
Epoch 161/1000, Train Loss: 0.5618, Validation Loss: 1.3478
Epoch 162/1000, Train Loss: 0.5666, Validation Loss: 0.9305
Epoch 163/1000, Train Loss: 0.5561, Validation Loss: 1.6484
Epoch 164/1000, Train Loss: 1.5188, Validation Loss: 1.8028
Epoch 165/1000, Train Loss: 0.5627, Validation Loss: 1.4320
Epoch 166/1000, Train Loss: 0.5537, Validation Loss: 2.7464
Epoch 167/1000, Train Loss: 0.5529, Validation Loss: 1.1299
Epoch 168/1000, Train Loss: 0.5603, Validation Loss: 3.0803
Epoch 169/1000, Train Loss: 0.5398, Validation Loss: 3.6942
Epoch 170/1000, Train Loss: 0.5557, Validation Loss: 3.3116
Epoch 171/1000, Train Loss: 0.5647, Validation Loss: 0.9293
Epoch 172/1000, Train Loss: 0.5435, Validation Loss: 1.1923
Epoch 173/1000, Train Loss: 0.5506, Validation Loss: 0.8937
Epoch 174/1000, Train Loss: 0.5511, Validation Loss: 0.9195
Epoch 175/1000, Train Loss: 0.5645, Validation Loss: 2.3185
Epoch 176/1000, Train Loss: 0.5506, Validation Loss: 1.0130
Epoch 177/1000, Train Loss: 0.5477, Validation Loss: 2.5136
Epoch 178/1000, Train Loss: 0.5765, Validation Loss: 2.4025
Epoch 179/1000, Train Loss: 0.5512, Validation Loss: 0.7502
Epoch 180/1000, Train Loss: 0.6095, Validation Loss: 1.0367
Epoch 181/1000, Train Loss: 0.5616, Validation Loss: 3.4414
Epoch 182/1000, Train Loss: 0.5508, Validation Loss: 1.0922
Epoch 183/1000, Train Loss: 0.5468, Validation Loss: 0.9836
Epoch 184/1000, Train Loss: 0.5485, Validation Loss: 2.7751
Epoch 185/1000, Train Loss: 0.5472, Validation Loss: 0.9066
Epoch 186/1000, Train Loss: 0.5476, Validation Loss: 1.3213
Epoch 187/1000, Train Loss: 0.5531, Validation Loss: 2.6958
Epoch 188/1000, Train Loss: 0.5504, Validation Loss: 0.8610
Epoch 189/1000, Train Loss: 0.5464, Validation Loss: 1.3372
Epoch 190/1000, Train Loss: 0.5465, Validation Loss: 0.8013
Epoch 191/1000, Train Loss: 0.5539, Validation Loss: 1.3827
Epoch 192/1000, Train Loss: 0.5555, Validation Loss: 0.8951
Epoch 193/1000, Train Loss: 0.5484, Validation Loss: 0.5359
Epoch 194/1000, Train Loss: 0.5501, Validation Loss: 9.0491
Epoch 195/1000, Train Loss: 0.5429, Validation Loss: 1.9947
Epoch 196/1000, Train Loss: 0.5671, Validation Loss: 1.7369
Epoch 197/1000, Train Loss: 0.5437, Validation Loss: 0.7755
Epoch 198/1000, Train Loss: 0.5550, Validation Loss: 1.4783
Epoch 199/1000, Train Loss: 0.5488, Validation Loss: 0.8888
Epoch 200/1000, Train Loss: 0.5462, Validation Loss: 4.0582
Epoch 201/1000, Train Loss: 0.5413, Validation Loss: 4.0110
Epoch 202/1000, Train Loss: 0.5390, Validation Loss: 1.1304
Epoch 203/1000, Train Loss: 0.5476, Validation Loss: 3.7022
Epoch 204/1000, Train Loss: 0.5792, Validation Loss: 2.5748
Epoch 205/1000, Train Loss: 0.5486, Validation Loss: 2.4996
Epoch 206/1000, Train Loss: 0.5407, Validation Loss: 2.4992
Epoch 207/1000, Train Loss: 0.5339, Validation Loss: 0.9401
Epoch 208/1000, Train Loss: 0.5611, Validation Loss: 0.6104
Epoch 209/1000, Train Loss: 0.5437, Validation Loss: 1.5210
Epoch 210/1000, Train Loss: 0.5788, Validation Loss: 1.1729
Epoch 211/1000, Train Loss: 0.6105, Validation Loss: 2.2594
Epoch 212/1000, Train Loss: 0.5437, Validation Loss: 1.2739
Epoch 213/1000, Train Loss: 0.5367, Validation Loss: 2.9498
Epoch 214/1000, Train Loss: 0.5533, Validation Loss: 1.7417
Epoch 215/1000, Train Loss: 0.5392, Validation Loss: 0.8964
Epoch 216/1000, Train Loss: 0.5340, Validation Loss: 3.3236
Epoch 217/1000, Train Loss: 0.5465, Validation Loss: 2.1789
Epoch 218/1000, Train Loss: 0.5405, Validation Loss: 0.5934
Epoch 219/1000, Train Loss: 0.5489, Validation Loss: 1.9548
Epoch 220/1000, Train Loss: 0.5404, Validation Loss: 2.6099
Epoch 221/1000, Train Loss: 0.5462, Validation Loss: 4.7345
Epoch 222/1000, Train Loss: 0.5510, Validation Loss: 2.0154
Epoch 223/1000, Train Loss: 0.5470, Validation Loss: 8.7971
Epoch 224/1000, Train Loss: 0.6703, Validation Loss: 3.1819
Epoch 225/1000, Train Loss: 0.5338, Validation Loss: 1.3610
Epoch 226/1000, Train Loss: 0.5389, Validation Loss: 6.8714
Epoch 227/1000, Train Loss: 0.5517, Validation Loss: 2.4953
Epoch 228/1000, Train Loss: 0.5412, Validation Loss: 1.8296
Epoch 229/1000, Train Loss: 0.5332, Validation Loss: 0.7480
Epoch 230/1000, Train Loss: 0.5495, Validation Loss: 0.9709
Epoch 231/1000, Train Loss: 0.5392, Validation Loss: 1.9134
Epoch 232/1000, Train Loss: 0.5518, Validation Loss: 3.3686
Epoch 233/1000, Train Loss: 0.5400, Validation Loss: 0.7652
Epoch 234/1000, Train Loss: 0.5373, Validation Loss: 3.6795
Epoch 235/1000, Train Loss: 0.5322, Validation Loss: 0.8588
Epoch 236/1000, Train Loss: 0.5531, Validation Loss: 2.3452
Epoch 237/1000, Train Loss: 0.5510, Validation Loss: 1.7963
Epoch 238/1000, Train Loss: 0.5326, Validation Loss: 3.3183
Epoch 239/1000, Train Loss: 0.5344, Validation Loss: 1.4974
Epoch 240/1000, Train Loss: 0.5397, Validation Loss: 1.9923
Epoch 241/1000, Train Loss: 0.5403, Validation Loss: 0.5446
Epoch 242/1000, Train Loss: 0.5571, Validation Loss: 1.1554
Epoch 243/1000, Train Loss: 0.5330, Validation Loss: 1.9786
Epoch 244/1000, Train Loss: 0.5349, Validation Loss: 0.9059
Epoch 245/1000, Train Loss: 0.5331, Validation Loss: 1.8674
Epoch 246/1000, Train Loss: 0.5335, Validation Loss: 2.1382
Epoch 247/1000, Train Loss: 0.5340, Validation Loss: 1.0180
Epoch 248/1000, Train Loss: 0.5306, Validation Loss: 3.4905
Epoch 249/1000, Train Loss: 0.5312, Validation Loss: 0.7585
Epoch 250/1000, Train Loss: 0.5437, Validation Loss: 0.7340
Epoch 251/1000, Train Loss: 0.5301, Validation Loss: 1.5632
Epoch 252/1000, Train Loss: 0.9037, Validation Loss: 1.4902
Epoch 253/1000, Train Loss: 0.5323, Validation Loss: 2.1874
Epoch 254/1000, Train Loss: 0.5293, Validation Loss: 2.5071
Epoch 255/1000, Train Loss: 0.5646, Validation Loss: 2.6230
Epoch 256/1000, Train Loss: 0.5512, Validation Loss: 3.5140
Epoch 257/1000, Train Loss: 0.5380, Validation Loss: 1.2970
Epoch 258/1000, Train Loss: 0.5339, Validation Loss: 2.9423
Epoch 259/1000, Train Loss: 0.5321, Validation Loss: 1.5843
Epoch 260/1000, Train Loss: 0.5420, Validation Loss: 1.3531
Epoch 261/1000, Train Loss: 0.5268, Validation Loss: 1.4109
Epoch 262/1000, Train Loss: 0.5630, Validation Loss: 1.3175
Epoch 263/1000, Train Loss: 0.5432, Validation Loss: 2.5818
Epoch 264/1000, Train Loss: 0.5336, Validation Loss: 3.8207
Epoch 265/1000, Train Loss: 0.5337, Validation Loss: 1.4828
Epoch 266/1000, Train Loss: 0.5333, Validation Loss: 5.1278
Epoch 267/1000, Train Loss: 0.5296, Validation Loss: 0.6771
Epoch 268/1000, Train Loss: 0.5249, Validation Loss: 1.3136
Epoch 269/1000, Train Loss: 0.5304, Validation Loss: 0.9375
Epoch 270/1000, Train Loss: 0.5262, Validation Loss: 0.9676
Epoch 271/1000, Train Loss: 0.5336, Validation Loss: 2.3406
Epoch 272/1000, Train Loss: 0.5352, Validation Loss: 1.2173
Epoch 273/1000, Train Loss: 0.5416, Validation Loss: 1.8966
Epoch 274/1000, Train Loss: 0.5257, Validation Loss: 3.4584
Epoch 275/1000, Train Loss: 0.5254, Validation Loss: 1.0662
Epoch 276/1000, Train Loss: 0.5357, Validation Loss: 4.3342
Epoch 277/1000, Train Loss: 0.5268, Validation Loss: 5.6453
Epoch 278/1000, Train Loss: 0.5279, Validation Loss: 0.7792
Epoch 279/1000, Train Loss: 0.5178, Validation Loss: 1.0294
Epoch 280/1000, Train Loss: 0.5292, Validation Loss: 2.8307
Epoch 281/1000, Train Loss: 0.5377, Validation Loss: 4.8593
Epoch 282/1000, Train Loss: 0.5278, Validation Loss: 1.8799
Epoch 283/1000, Train Loss: 0.5323, Validation Loss: 0.8091
Epoch 284/1000, Train Loss: 0.5344, Validation Loss: 1.5131
Epoch 285/1000, Train Loss: 0.5235, Validation Loss: 1.8711
Epoch 286/1000, Train Loss: 0.5281, Validation Loss: 3.2086
Epoch 287/1000, Train Loss: 0.5262, Validation Loss: 7.9343
Epoch 288/1000, Train Loss: 0.5398, Validation Loss: 2.3810
Epoch 289/1000, Train Loss: 0.5190, Validation Loss: 2.3983
Epoch 290/1000, Train Loss: 0.5238, Validation Loss: 1.6487
Epoch 291/1000, Train Loss: 0.5186, Validation Loss: 1.2113
Epoch 292/1000, Train Loss: 0.5367, Validation Loss: 1.4176
Epoch 293/1000, Train Loss: 0.5200, Validation Loss: 2.2561
Epoch 294/1000, Train Loss: 0.5478, Validation Loss: 2.5421
Epoch 295/1000, Train Loss: 0.5306, Validation Loss: 1.9843
Epoch 296/1000, Train Loss: 0.5255, Validation Loss: 3.5890
Epoch 297/1000, Train Loss: 0.5213, Validation Loss: 1.0705
Epoch 298/1000, Train Loss: 0.5252, Validation Loss: 1.4410
Epoch 299/1000, Train Loss: 0.5225, Validation Loss: 1.1633
Epoch 300/1000, Train Loss: 0.5212, Validation Loss: 1.7901
Epoch 301/1000, Train Loss: 0.5262, Validation Loss: 3.5346
Epoch 302/1000, Train Loss: 0.5230, Validation Loss: 0.6835
Epoch 303/1000, Train Loss: 0.5168, Validation Loss: 4.5358
Epoch 304/1000, Train Loss: 0.5168, Validation Loss: 0.7192
Epoch 305/1000, Train Loss: 0.5207, Validation Loss: 2.6110
Epoch 306/1000, Train Loss: 0.5219, Validation Loss: 1.0526
Epoch 307/1000, Train Loss: 0.5241, Validation Loss: 2.1845
Epoch 308/1000, Train Loss: 0.5234, Validation Loss: 1.1929
Epoch 309/1000, Train Loss: 0.5231, Validation Loss: 1.8520
Epoch 310/1000, Train Loss: 0.5235, Validation Loss: 0.7829
Epoch 311/1000, Train Loss: 0.5210, Validation Loss: 1.9644
Epoch 312/1000, Train Loss: 0.5160, Validation Loss: 2.1169
Epoch 313/1000, Train Loss: 0.5178, Validation Loss: 1.1187
Epoch 314/1000, Train Loss: 0.5186, Validation Loss: 9.5918
Epoch 315/1000, Train Loss: 0.5242, Validation Loss: 1.3694
Epoch 316/1000, Train Loss: 0.5274, Validation Loss: 2.9619
Epoch 317/1000, Train Loss: 0.6103, Validation Loss: 5.5883
Epoch 318/1000, Train Loss: 0.5211, Validation Loss: 1.5592
Epoch 319/1000, Train Loss: 0.5189, Validation Loss: 1.9481
Epoch 320/1000, Train Loss: 0.5127, Validation Loss: 1.1530
Epoch 321/1000, Train Loss: 0.5148, Validation Loss: 3.6205
Epoch 322/1000, Train Loss: 0.5167, Validation Loss: 2.2848
Epoch 323/1000, Train Loss: 0.5313, Validation Loss: 1.1968
Epoch 324/1000, Train Loss: 0.5259, Validation Loss: 1.4914
Epoch 325/1000, Train Loss: 0.5130, Validation Loss: 2.5038
Epoch 326/1000, Train Loss: 0.5179, Validation Loss: 0.6493
Epoch 327/1000, Train Loss: 0.5155, Validation Loss: 2.0943
Epoch 328/1000, Train Loss: 0.5196, Validation Loss: 2.6687
Epoch 329/1000, Train Loss: 0.5151, Validation Loss: 2.8350
Epoch 330/1000, Train Loss: 0.5332, Validation Loss: 3.1759
Epoch 331/1000, Train Loss: 0.5222, Validation Loss: 1.5903
Epoch 332/1000, Train Loss: 0.5217, Validation Loss: 1.5876
Epoch 333/1000, Train Loss: 0.5121, Validation Loss: 1.6583
Epoch 334/1000, Train Loss: 0.5175, Validation Loss: 1.1112
Epoch 335/1000, Train Loss: 0.5362, Validation Loss: 0.8133
Epoch 336/1000, Train Loss: 0.5297, Validation Loss: 1.7238
Epoch 337/1000, Train Loss: 0.5141, Validation Loss: 1.0089
Epoch 338/1000, Train Loss: 0.5129, Validation Loss: 0.8745
Epoch 339/1000, Train Loss: 0.5345, Validation Loss: 0.5044
Epoch 340/1000, Train Loss: 0.5228, Validation Loss: 3.0793
Epoch 341/1000, Train Loss: 0.5202, Validation Loss: 1.0882
Epoch 342/1000, Train Loss: 0.5151, Validation Loss: 1.3507
Epoch 343/1000, Train Loss: 0.5153, Validation Loss: 2.5230
Epoch 344/1000, Train Loss: 0.5248, Validation Loss: 1.8470
Epoch 345/1000, Train Loss: 0.5172, Validation Loss: 4.1796
Epoch 346/1000, Train Loss: 0.5098, Validation Loss: 3.5000
Epoch 347/1000, Train Loss: 0.5134, Validation Loss: 1.2398
Epoch 348/1000, Train Loss: 0.5236, Validation Loss: 0.8389
Epoch 349/1000, Train Loss: 0.5172, Validation Loss: 1.9040
Epoch 350/1000, Train Loss: 0.5219, Validation Loss: 1.3970
Epoch 351/1000, Train Loss: 0.5133, Validation Loss: 1.8706
Epoch 352/1000, Train Loss: 0.5111, Validation Loss: 0.6030
Epoch 353/1000, Train Loss: 0.5152, Validation Loss: 1.7967
Epoch 354/1000, Train Loss: 0.5161, Validation Loss: 1.1024
Epoch 355/1000, Train Loss: 0.5205, Validation Loss: 4.3691
Epoch 356/1000, Train Loss: 0.5103, Validation Loss: 2.0942
Epoch 357/1000, Train Loss: 0.5035, Validation Loss: 2.5629
Epoch 358/1000, Train Loss: 0.5106, Validation Loss: 2.2365
Epoch 359/1000, Train Loss: 0.5139, Validation Loss: 2.6318
Epoch 360/1000, Train Loss: 0.5340, Validation Loss: 1.8506
Epoch 361/1000, Train Loss: 0.5069, Validation Loss: 1.3430
Epoch 362/1000, Train Loss: 0.5176, Validation Loss: 0.6297
Epoch 363/1000, Train Loss: 0.5101, Validation Loss: 1.0428
Epoch 364/1000, Train Loss: 0.5217, Validation Loss: 13.0184
Epoch 365/1000, Train Loss: 0.5123, Validation Loss: 2.5693
Epoch 366/1000, Train Loss: 0.5166, Validation Loss: 1.5952
Epoch 367/1000, Train Loss: 0.5100, Validation Loss: 1.0637
Epoch 368/1000, Train Loss: 0.5118, Validation Loss: 0.6562
Epoch 369/1000, Train Loss: 0.5106, Validation Loss: 2.6374
Epoch 370/1000, Train Loss: 0.5165, Validation Loss: 11.7206
Epoch 371/1000, Train Loss: 0.5116, Validation Loss: 0.6764
Epoch 372/1000, Train Loss: 0.5133, Validation Loss: 3.1422
Epoch 373/1000, Train Loss: 0.5134, Validation Loss: 1.2791
Epoch 374/1000, Train Loss: 0.5168, Validation Loss: 5.4885
Epoch 375/1000, Train Loss: 0.5182, Validation Loss: 0.9033
Epoch 376/1000, Train Loss: 0.5216, Validation Loss: 1.9622
Epoch 377/1000, Train Loss: 0.5102, Validation Loss: 3.0783
Epoch 378/1000, Train Loss: 0.5171, Validation Loss: 5.6218
Epoch 379/1000, Train Loss: 0.5108, Validation Loss: 1.5493
Epoch 380/1000, Train Loss: 0.5248, Validation Loss: 3.6235
Epoch 381/1000, Train Loss: 0.5010, Validation Loss: 0.6560
Epoch 382/1000, Train Loss: 0.5130, Validation Loss: 0.5962
Epoch 383/1000, Train Loss: 0.5004, Validation Loss: 1.3893
Epoch 384/1000, Train Loss: 0.5120, Validation Loss: 5.9518
Epoch 385/1000, Train Loss: 0.5220, Validation Loss: 4.4902
Epoch 386/1000, Train Loss: 0.5099, Validation Loss: 0.7335
Epoch 387/1000, Train Loss: 0.5104, Validation Loss: 2.2589
Epoch 388/1000, Train Loss: 0.5163, Validation Loss: 1.9477
Epoch 389/1000, Train Loss: 0.5160, Validation Loss: 1.4519
Epoch 390/1000, Train Loss: 0.5119, Validation Loss: 2.4224
Epoch 391/1000, Train Loss: 0.5173, Validation Loss: 0.9482
Epoch 392/1000, Train Loss: 0.5195, Validation Loss: 1.3474
Epoch 393/1000, Train Loss: 0.5023, Validation Loss: 0.8750
Epoch 394/1000, Train Loss: 0.5119, Validation Loss: 3.3515
Epoch 395/1000, Train Loss: 0.5010, Validation Loss: 4.8352
Epoch 396/1000, Train Loss: 0.5040, Validation Loss: 6.7966
Epoch 397/1000, Train Loss: 0.5077, Validation Loss: 0.5730
Epoch 398/1000, Train Loss: 0.5114, Validation Loss: 2.7261
Epoch 399/1000, Train Loss: 0.5128, Validation Loss: 1.3719
Epoch 400/1000, Train Loss: 0.5222, Validation Loss: 2.1893
Epoch 401/1000, Train Loss: 0.5080, Validation Loss: 3.7616
Epoch 402/1000, Train Loss: 0.5072, Validation Loss: 1.2644
Epoch 403/1000, Train Loss: 0.5134, Validation Loss: 0.9866
Epoch 404/1000, Train Loss: 0.5097, Validation Loss: 1.1711
Epoch 405/1000, Train Loss: 0.5036, Validation Loss: 4.2823
Epoch 406/1000, Train Loss: 0.5260, Validation Loss: 3.5213
Epoch 407/1000, Train Loss: 0.5050, Validation Loss: 4.4845
Epoch 408/1000, Train Loss: 0.5046, Validation Loss: 0.6064
Epoch 409/1000, Train Loss: 0.5029, Validation Loss: 4.8458
Epoch 410/1000, Train Loss: 0.5148, Validation Loss: 1.4521
Epoch 411/1000, Train Loss: 0.5086, Validation Loss: 1.1648
Epoch 412/1000, Train Loss: 0.5177, Validation Loss: 4.5054
Epoch 413/1000, Train Loss: 0.5076, Validation Loss: 0.8184
Epoch 414/1000, Train Loss: 0.5102, Validation Loss: 2.3012
Epoch 415/1000, Train Loss: 0.5078, Validation Loss: 1.4783
Epoch 416/1000, Train Loss: 0.5042, Validation Loss: 2.0418
Epoch 417/1000, Train Loss: 0.5151, Validation Loss: 4.4437
Epoch 418/1000, Train Loss: 0.5116, Validation Loss: 1.2400
Epoch 419/1000, Train Loss: 0.5108, Validation Loss: 1.9847
Epoch 420/1000, Train Loss: 0.5018, Validation Loss: 1.3987
Epoch 421/1000, Train Loss: 0.5093, Validation Loss: 1.6593
Epoch 422/1000, Train Loss: 0.5125, Validation Loss: 2.6819
Epoch 423/1000, Train Loss: 0.5002, Validation Loss: 0.9880
Epoch 424/1000, Train Loss: 0.5065, Validation Loss: 0.9802
Epoch 425/1000, Train Loss: 0.5097, Validation Loss: 0.6634
Epoch 426/1000, Train Loss: 0.5111, Validation Loss: 1.4197
Epoch 427/1000, Train Loss: 0.5038, Validation Loss: 4.0474
Epoch 428/1000, Train Loss: 0.5161, Validation Loss: 3.5705
Epoch 429/1000, Train Loss: 0.5141, Validation Loss: 0.9110
Epoch 430/1000, Train Loss: 0.5060, Validation Loss: 2.5698
Epoch 431/1000, Train Loss: 0.5216, Validation Loss: 1.0387
Epoch 432/1000, Train Loss: 0.4997, Validation Loss: 1.4422
Epoch 433/1000, Train Loss: 0.5050, Validation Loss: 1.2005
Epoch 434/1000, Train Loss: 0.5151, Validation Loss: 1.3633
Epoch 435/1000, Train Loss: 0.5121, Validation Loss: 0.5665
Epoch 436/1000, Train Loss: 0.5045, Validation Loss: 1.7130
Epoch 437/1000, Train Loss: 0.5029, Validation Loss: 2.4143
Epoch 438/1000, Train Loss: 0.5071, Validation Loss: 1.6054
Epoch 439/1000, Train Loss: 0.5018, Validation Loss: 1.5142
Epoch 440/1000, Train Loss: 0.5026, Validation Loss: 1.3517
Epoch 441/1000, Train Loss: 0.5021, Validation Loss: 9.4056
Epoch 442/1000, Train Loss: 0.5083, Validation Loss: 1.1866
Epoch 443/1000, Train Loss: 0.5067, Validation Loss: 0.7225
Epoch 444/1000, Train Loss: 0.5037, Validation Loss: 1.5415
Epoch 445/1000, Train Loss: 0.5015, Validation Loss: 3.6623
Epoch 446/1000, Train Loss: 0.5169, Validation Loss: 0.9044
Epoch 447/1000, Train Loss: 0.5033, Validation Loss: 2.7320
Epoch 448/1000, Train Loss: 0.4986, Validation Loss: 1.7581
Epoch 449/1000, Train Loss: 0.5124, Validation Loss: 3.9960
Epoch 450/1000, Train Loss: 0.5029, Validation Loss: 2.9125
Epoch 451/1000, Train Loss: 0.5084, Validation Loss: 1.9406
Epoch 452/1000, Train Loss: 0.5037, Validation Loss: 3.1473
Epoch 453/1000, Train Loss: 0.5047, Validation Loss: 3.0840
Epoch 454/1000, Train Loss: 0.5039, Validation Loss: 2.4929
Epoch 455/1000, Train Loss: 0.5004, Validation Loss: 1.0956
Epoch 456/1000, Train Loss: 0.5062, Validation Loss: 5.8973
Epoch 457/1000, Train Loss: 0.5130, Validation Loss: 4.2649
Epoch 458/1000, Train Loss: 0.5023, Validation Loss: 1.8762
Epoch 459/1000, Train Loss: 0.5038, Validation Loss: 1.2955
Epoch 460/1000, Train Loss: 0.5064, Validation Loss: 3.2137
Epoch 461/1000, Train Loss: 0.5159, Validation Loss: 9.7762
Epoch 462/1000, Train Loss: 0.5012, Validation Loss: 4.1434
Epoch 463/1000, Train Loss: 0.4990, Validation Loss: 1.1244
Epoch 464/1000, Train Loss: 0.5091, Validation Loss: 3.8541
Epoch 465/1000, Train Loss: 0.5020, Validation Loss: 0.9504
Epoch 466/1000, Train Loss: 0.5223, Validation Loss: 1.3315
Epoch 467/1000, Train Loss: 0.5043, Validation Loss: 2.9476
Epoch 468/1000, Train Loss: 0.5017, Validation Loss: 0.7839
Epoch 469/1000, Train Loss: 0.5068, Validation Loss: 0.9164
Epoch 470/1000, Train Loss: 0.5031, Validation Loss: 1.7312
Epoch 471/1000, Train Loss: 0.5018, Validation Loss: 2.9680
Epoch 472/1000, Train Loss: 0.4985, Validation Loss: 1.7707
Epoch 473/1000, Train Loss: 0.5116, Validation Loss: 1.2335
Epoch 474/1000, Train Loss: 0.5029, Validation Loss: 2.6660
Epoch 475/1000, Train Loss: 0.5058, Validation Loss: 0.9190
Epoch 476/1000, Train Loss: 0.5075, Validation Loss: 7.3319
Epoch 477/1000, Train Loss: 0.5013, Validation Loss: 4.1668
Epoch 478/1000, Train Loss: 0.5607, Validation Loss: 1.1843
Epoch 479/1000, Train Loss: 0.5035, Validation Loss: 1.6271
Epoch 480/1000, Train Loss: 0.5024, Validation Loss: 2.0944
Epoch 481/1000, Train Loss: 0.5048, Validation Loss: 0.7022
Epoch 482/1000, Train Loss: 0.5125, Validation Loss: 0.6352
Epoch 483/1000, Train Loss: 0.4967, Validation Loss: 1.2925
Epoch 484/1000, Train Loss: 0.4942, Validation Loss: 4.8781
Epoch 485/1000, Train Loss: 0.4985, Validation Loss: 0.5902
Epoch 486/1000, Train Loss: 0.4976, Validation Loss: 1.0934
Epoch 487/1000, Train Loss: 0.5012, Validation Loss: 2.9415
Epoch 488/1000, Train Loss: 0.5006, Validation Loss: 1.4276
Epoch 489/1000, Train Loss: 0.4960, Validation Loss: 1.6103
Epoch 490/1000, Train Loss: 0.4983, Validation Loss: 0.5692
Epoch 491/1000, Train Loss: 0.5071, Validation Loss: 1.3150
Epoch 492/1000, Train Loss: 0.4966, Validation Loss: 2.1863
Epoch 493/1000, Train Loss: 0.5046, Validation Loss: 3.9883
Epoch 494/1000, Train Loss: 0.4952, Validation Loss: 1.8399
Epoch 495/1000, Train Loss: 0.5057, Validation Loss: 1.8627
Epoch 496/1000, Train Loss: 0.5022, Validation Loss: 3.8601
Epoch 497/1000, Train Loss: 0.5070, Validation Loss: 2.9518
Epoch 498/1000, Train Loss: 0.5044, Validation Loss: 6.7570
Epoch 499/1000, Train Loss: 0.5039, Validation Loss: 9.9022
Epoch 500/1000, Train Loss: 0.5065, Validation Loss: 1.4094
Epoch 501/1000, Train Loss: 0.5014, Validation Loss: 1.7200
Epoch 502/1000, Train Loss: 0.5061, Validation Loss: 5.0630
Epoch 503/1000, Train Loss: 0.5031, Validation Loss: 3.5175
Epoch 504/1000, Train Loss: 0.5029, Validation Loss: 5.9800
Epoch 505/1000, Train Loss: 0.5081, Validation Loss: 0.8632
Epoch 506/1000, Train Loss: 0.4965, Validation Loss: 4.7565
Epoch 507/1000, Train Loss: 0.5024, Validation Loss: 3.7784
Epoch 508/1000, Train Loss: 0.4980, Validation Loss: 3.8731
Epoch 509/1000, Train Loss: 0.4989, Validation Loss: 1.2781
Epoch 510/1000, Train Loss: 0.5023, Validation Loss: 1.4106
Epoch 511/1000, Train Loss: 0.4936, Validation Loss: 19.0285
Epoch 512/1000, Train Loss: 0.4972, Validation Loss: 2.8940
Epoch 513/1000, Train Loss: 0.5025, Validation Loss: 3.7262
Epoch 514/1000, Train Loss: 0.5096, Validation Loss: 3.1333
Epoch 515/1000, Train Loss: 0.4956, Validation Loss: 0.8430
Epoch 516/1000, Train Loss: 0.5015, Validation Loss: 2.5445
Epoch 517/1000, Train Loss: 0.4972, Validation Loss: 5.4216
Epoch 518/1000, Train Loss: 0.5155, Validation Loss: 2.9304
Epoch 519/1000, Train Loss: 0.5034, Validation Loss: 1.8973
Epoch 520/1000, Train Loss: 0.5090, Validation Loss: 5.6241
Epoch 521/1000, Train Loss: 0.5109, Validation Loss: 0.9901
Epoch 522/1000, Train Loss: 0.5005, Validation Loss: 5.5379
Epoch 523/1000, Train Loss: 0.5043, Validation Loss: 1.9308
Epoch 524/1000, Train Loss: 0.5005, Validation Loss: 3.3090
Epoch 525/1000, Train Loss: 0.5019, Validation Loss: 0.5692
Epoch 526/1000, Train Loss: 0.4971, Validation Loss: 1.3180
Epoch 527/1000, Train Loss: 0.5525, Validation Loss: 2.3628
Epoch 528/1000, Train Loss: 0.4976, Validation Loss: 0.7790
Epoch 529/1000, Train Loss: 0.4974, Validation Loss: 1.8650
Epoch 530/1000, Train Loss: 0.4952, Validation Loss: 1.3443
Epoch 531/1000, Train Loss: 0.4987, Validation Loss: 1.6058
Epoch 532/1000, Train Loss: 0.4961, Validation Loss: 7.6993
Epoch 533/1000, Train Loss: 0.5022, Validation Loss: 3.0870
Epoch 534/1000, Train Loss: 0.5060, Validation Loss: 1.4249
Epoch 535/1000, Train Loss: 0.5026, Validation Loss: 1.1712
Epoch 536/1000, Train Loss: 0.5009, Validation Loss: 0.7333
Epoch 537/1000, Train Loss: 0.5026, Validation Loss: 1.4608
Epoch 538/1000, Train Loss: 0.4970, Validation Loss: 5.7400
Epoch 539/1000, Train Loss: 0.4976, Validation Loss: 1.9243
Epoch 540/1000, Train Loss: 0.4963, Validation Loss: 0.7856
Epoch 541/1000, Train Loss: 0.5126, Validation Loss: 5.8761
Epoch 542/1000, Train Loss: 1.6827, Validation Loss: 1.4720
Epoch 543/1000, Train Loss: 0.5058, Validation Loss: 6.4123
Epoch 544/1000, Train Loss: 0.5012, Validation Loss: 5.8606
Epoch 545/1000, Train Loss: 0.4946, Validation Loss: 1.3972
Epoch 546/1000, Train Loss: 0.4939, Validation Loss: 2.9347
Epoch 547/1000, Train Loss: 0.5056, Validation Loss: 3.1885
Epoch 548/1000, Train Loss: 0.4966, Validation Loss: 1.9124
Epoch 549/1000, Train Loss: 0.4956, Validation Loss: 1.4168
Epoch 550/1000, Train Loss: 0.4997, Validation Loss: 1.0427
Epoch 551/1000, Train Loss: 0.5063, Validation Loss: 1.6765
Epoch 552/1000, Train Loss: 0.4972, Validation Loss: 5.0395
Epoch 553/1000, Train Loss: 0.4994, Validation Loss: 2.1270
Epoch 554/1000, Train Loss: 0.4888, Validation Loss: 1.8964
Epoch 555/1000, Train Loss: 0.4978, Validation Loss: 0.7314
Epoch 556/1000, Train Loss: 0.5009, Validation Loss: 0.9510
Epoch 557/1000, Train Loss: 0.4988, Validation Loss: 2.4481
Epoch 558/1000, Train Loss: 0.4992, Validation Loss: 1.4234
Epoch 559/1000, Train Loss: 0.5010, Validation Loss: 1.1080
Epoch 560/1000, Train Loss: 0.4933, Validation Loss: 1.1591
Epoch 561/1000, Train Loss: 0.4930, Validation Loss: 2.5321
Epoch 562/1000, Train Loss: 0.4937, Validation Loss: 1.2473
Epoch 563/1000, Train Loss: 0.4967, Validation Loss: 4.0839
Epoch 564/1000, Train Loss: 0.4944, Validation Loss: 0.6075
Epoch 565/1000, Train Loss: 0.4945, Validation Loss: 2.4629
Epoch 566/1000, Train Loss: 0.4921, Validation Loss: 10.0825
Epoch 567/1000, Train Loss: 0.4992, Validation Loss: 2.7579
Epoch 568/1000, Train Loss: 0.5012, Validation Loss: 1.1273
Epoch 569/1000, Train Loss: 0.4926, Validation Loss: 5.1037
Epoch 570/1000, Train Loss: 0.5050, Validation Loss: 4.0186
Epoch 571/1000, Train Loss: 0.5006, Validation Loss: 1.0187
Epoch 572/1000, Train Loss: 0.4948, Validation Loss: 1.6560
Epoch 573/1000, Train Loss: 0.4941, Validation Loss: 3.3972
Epoch 574/1000, Train Loss: 0.5058, Validation Loss: 5.6523
Epoch 575/1000, Train Loss: 0.5031, Validation Loss: 3.2881
Epoch 576/1000, Train Loss: 0.4943, Validation Loss: 1.4886
Epoch 577/1000, Train Loss: 0.5022, Validation Loss: 3.5750
Epoch 578/1000, Train Loss: 0.4941, Validation Loss: 0.7198
Epoch 579/1000, Train Loss: 0.4979, Validation Loss: 0.7353
Epoch 580/1000, Train Loss: 0.4940, Validation Loss: 1.4771
Epoch 581/1000, Train Loss: 0.4938, Validation Loss: 1.1416
Epoch 582/1000, Train Loss: 0.4901, Validation Loss: 2.6218
Epoch 583/1000, Train Loss: 0.4948, Validation Loss: 1.2587
Epoch 584/1000, Train Loss: 0.4905, Validation Loss: 1.4511
Epoch 585/1000, Train Loss: 0.4959, Validation Loss: 0.7320
Epoch 586/1000, Train Loss: 0.4859, Validation Loss: 2.3030
Epoch 587/1000, Train Loss: 0.4869, Validation Loss: 13.8138
Epoch 588/1000, Train Loss: 0.4934, Validation Loss: 1.4551
Epoch 589/1000, Train Loss: 0.4923, Validation Loss: 1.1276
Epoch 590/1000, Train Loss: 0.4925, Validation Loss: 1.5968
Epoch 591/1000, Train Loss: 0.4958, Validation Loss: 3.7530
Epoch 592/1000, Train Loss: 0.4971, Validation Loss: 0.6570
Epoch 593/1000, Train Loss: 0.4940, Validation Loss: 1.1766
Epoch 594/1000, Train Loss: 0.4983, Validation Loss: 1.7366
Epoch 595/1000, Train Loss: 0.4951, Validation Loss: 3.1717
Epoch 596/1000, Train Loss: 0.4903, Validation Loss: 1.0223
Epoch 597/1000, Train Loss: 0.4991, Validation Loss: 1.7291
Epoch 598/1000, Train Loss: 0.4990, Validation Loss: 1.1683
Epoch 599/1000, Train Loss: 0.4974, Validation Loss: 7.5732
Epoch 600/1000, Train Loss: 0.5017, Validation Loss: 3.2324
Epoch 601/1000, Train Loss: 0.4993, Validation Loss: 1.6840
Epoch 602/1000, Train Loss: 0.4907, Validation Loss: 2.3915
Epoch 603/1000, Train Loss: 0.5018, Validation Loss: 2.1672
Epoch 604/1000, Train Loss: 0.4964, Validation Loss: 2.5221
Epoch 605/1000, Train Loss: 0.4868, Validation Loss: 2.2696
Epoch 606/1000, Train Loss: 0.4892, Validation Loss: 0.8522
Epoch 607/1000, Train Loss: 0.4973, Validation Loss: 2.1276
Epoch 608/1000, Train Loss: 0.4921, Validation Loss: 5.7630
Epoch 609/1000, Train Loss: 0.4907, Validation Loss: 1.1962
Epoch 610/1000, Train Loss: 0.4886, Validation Loss: 0.9615
Epoch 611/1000, Train Loss: 0.5011, Validation Loss: 2.8714
Epoch 612/1000, Train Loss: 0.4956, Validation Loss: 5.6711
Epoch 613/1000, Train Loss: 0.5614, Validation Loss: 2.8317
Epoch 614/1000, Train Loss: 0.4918, Validation Loss: 1.9854
Epoch 615/1000, Train Loss: 0.4870, Validation Loss: 2.6636
Epoch 616/1000, Train Loss: 0.4841, Validation Loss: 1.3980
Epoch 617/1000, Train Loss: 0.4839, Validation Loss: 6.8994
Epoch 618/1000, Train Loss: 0.4922, Validation Loss: 2.5896
Epoch 619/1000, Train Loss: 0.5016, Validation Loss: 1.0303
Epoch 620/1000, Train Loss: 0.4914, Validation Loss: 2.7458
Epoch 621/1000, Train Loss: 0.4872, Validation Loss: 0.9689
Epoch 622/1000, Train Loss: 0.5026, Validation Loss: 1.6635
Epoch 623/1000, Train Loss: 0.5000, Validation Loss: 1.0681
Epoch 624/1000, Train Loss: 0.4997, Validation Loss: 7.4930
Epoch 625/1000, Train Loss: 0.5075, Validation Loss: 1.5006
Epoch 626/1000, Train Loss: 0.4967, Validation Loss: 3.7567
Epoch 627/1000, Train Loss: 0.4991, Validation Loss: 1.1183
Epoch 628/1000, Train Loss: 0.4926, Validation Loss: 0.8186
Epoch 629/1000, Train Loss: 0.4927, Validation Loss: 1.4988
Epoch 630/1000, Train Loss: 0.5052, Validation Loss: 5.7406
Epoch 631/1000, Train Loss: 0.4999, Validation Loss: 0.6682
Epoch 632/1000, Train Loss: 0.4960, Validation Loss: 1.1656
Epoch 633/1000, Train Loss: 0.4888, Validation Loss: 0.7685
Epoch 634/1000, Train Loss: 0.4938, Validation Loss: 1.2760
Epoch 635/1000, Train Loss: 0.4795, Validation Loss: 1.8907
Epoch 636/1000, Train Loss: 0.4880, Validation Loss: 1.3275
Epoch 637/1000, Train Loss: 0.4965, Validation Loss: 2.2478
Epoch 638/1000, Train Loss: 0.4982, Validation Loss: 9.9527
Epoch 639/1000, Train Loss: 0.4986, Validation Loss: 0.7860
Epoch 640/1000, Train Loss: 0.4894, Validation Loss: 1.4202
Epoch 641/1000, Train Loss: 0.4943, Validation Loss: 4.4582
Epoch 642/1000, Train Loss: 0.4973, Validation Loss: 1.4605
Epoch 643/1000, Train Loss: 0.4910, Validation Loss: 0.9672
Epoch 644/1000, Train Loss: 0.4926, Validation Loss: 2.3323
Epoch 645/1000, Train Loss: 0.4886, Validation Loss: 4.2567
Epoch 646/1000, Train Loss: 0.5053, Validation Loss: 0.8466
Epoch 647/1000, Train Loss: 0.4915, Validation Loss: 2.0729
Epoch 648/1000, Train Loss: 1.2988, Validation Loss: 2.1153
Epoch 649/1000, Train Loss: 0.4840, Validation Loss: 1.3278
Epoch 650/1000, Train Loss: 0.4887, Validation Loss: 0.7544
Epoch 651/1000, Train Loss: 0.4942, Validation Loss: 1.3923
Epoch 652/1000, Train Loss: 0.4915, Validation Loss: 3.9956
Epoch 653/1000, Train Loss: 0.5012, Validation Loss: 2.2462
Epoch 654/1000, Train Loss: 0.4898, Validation Loss: 0.7492
Epoch 655/1000, Train Loss: 0.4864, Validation Loss: 0.5887
Epoch 656/1000, Train Loss: 0.4892, Validation Loss: 0.8300
Epoch 657/1000, Train Loss: 0.4837, Validation Loss: 4.3413
Epoch 658/1000, Train Loss: 0.4911, Validation Loss: 4.2668
Epoch 659/1000, Train Loss: 0.4915, Validation Loss: 2.4532
Epoch 660/1000, Train Loss: 0.4981, Validation Loss: 1.3072
Epoch 661/1000, Train Loss: 0.4913, Validation Loss: 1.8441
Epoch 662/1000, Train Loss: 0.4890, Validation Loss: 2.8066
Epoch 663/1000, Train Loss: 0.4892, Validation Loss: 1.3268
Epoch 664/1000, Train Loss: 0.4886, Validation Loss: 6.5295
Epoch 665/1000, Train Loss: 0.4822, Validation Loss: 3.0200
Epoch 666/1000, Train Loss: 0.5025, Validation Loss: 1.7479
Epoch 667/1000, Train Loss: 0.4931, Validation Loss: 3.9228
Epoch 668/1000, Train Loss: 0.4894, Validation Loss: 5.2959
Epoch 669/1000, Train Loss: 0.4836, Validation Loss: 1.0816
Epoch 670/1000, Train Loss: 0.4954, Validation Loss: 3.7408
Epoch 671/1000, Train Loss: 0.5479, Validation Loss: 2.0776
Epoch 672/1000, Train Loss: 0.4900, Validation Loss: 1.8432
Epoch 673/1000, Train Loss: 0.4906, Validation Loss: 1.9304
Epoch 674/1000, Train Loss: 0.4891, Validation Loss: 1.2687
Epoch 675/1000, Train Loss: 0.4927, Validation Loss: 8.8587
Epoch 676/1000, Train Loss: 0.4913, Validation Loss: 1.8193
Epoch 677/1000, Train Loss: 0.4881, Validation Loss: 10.9297
Epoch 678/1000, Train Loss: 0.4856, Validation Loss: 5.1553
Epoch 679/1000, Train Loss: 0.4961, Validation Loss: 4.6254
Epoch 680/1000, Train Loss: 0.4925, Validation Loss: 1.6190
Epoch 681/1000, Train Loss: 0.4932, Validation Loss: 0.9277
Epoch 682/1000, Train Loss: 0.4911, Validation Loss: 0.8056
Epoch 683/1000, Train Loss: 0.4911, Validation Loss: 2.3564
Epoch 684/1000, Train Loss: 0.4915, Validation Loss: 1.0800
Epoch 685/1000, Train Loss: 0.4899, Validation Loss: 1.3644
Epoch 686/1000, Train Loss: 0.4875, Validation Loss: 1.0200
Epoch 687/1000, Train Loss: 0.4907, Validation Loss: 2.3785
Epoch 688/1000, Train Loss: 0.4897, Validation Loss: 2.6827
Epoch 689/1000, Train Loss: 0.4987, Validation Loss: 0.9763
Epoch 690/1000, Train Loss: 0.4918, Validation Loss: 1.0565
Epoch 691/1000, Train Loss: 0.4892, Validation Loss: 1.0542
Epoch 692/1000, Train Loss: 0.4914, Validation Loss: 0.9620
Epoch 693/1000, Train Loss: 0.4919, Validation Loss: 2.1727
Epoch 694/1000, Train Loss: 0.4960, Validation Loss: 3.6513
Epoch 695/1000, Train Loss: 0.4925, Validation Loss: 3.3730
Epoch 696/1000, Train Loss: 0.4892, Validation Loss: 3.5502
Epoch 697/1000, Train Loss: 0.4919, Validation Loss: 1.5404
Epoch 698/1000, Train Loss: 0.5005, Validation Loss: 1.1593
Epoch 699/1000, Train Loss: 0.4928, Validation Loss: 1.0232
Epoch 700/1000, Train Loss: 0.4898, Validation Loss: 1.1988
Epoch 701/1000, Train Loss: 0.4972, Validation Loss: 0.5952
Epoch 702/1000, Train Loss: 0.4925, Validation Loss: 1.3944
Epoch 703/1000, Train Loss: 0.4897, Validation Loss: 0.9449
Epoch 704/1000, Train Loss: 0.4908, Validation Loss: 0.6354
Epoch 705/1000, Train Loss: 0.4787, Validation Loss: 7.1540
Epoch 706/1000, Train Loss: 0.4989, Validation Loss: 1.1453
Epoch 707/1000, Train Loss: 0.4919, Validation Loss: 1.2101
Epoch 708/1000, Train Loss: 0.4887, Validation Loss: 2.4189
Epoch 709/1000, Train Loss: 0.4921, Validation Loss: 1.3367
Epoch 710/1000, Train Loss: 0.4887, Validation Loss: 0.5664
Epoch 711/1000, Train Loss: 0.4983, Validation Loss: 3.6843
Epoch 712/1000, Train Loss: 0.4900, Validation Loss: 0.9801
Epoch 713/1000, Train Loss: 0.4914, Validation Loss: 1.3922
Epoch 714/1000, Train Loss: 0.4893, Validation Loss: 3.3623
Epoch 715/1000, Train Loss: 0.4896, Validation Loss: 1.6658
Epoch 716/1000, Train Loss: 0.5009, Validation Loss: 1.3278
Epoch 717/1000, Train Loss: 0.4891, Validation Loss: 2.3621
Epoch 718/1000, Train Loss: 0.4849, Validation Loss: 1.9271
Epoch 719/1000, Train Loss: 0.4845, Validation Loss: 1.4142
Epoch 720/1000, Train Loss: 0.4885, Validation Loss: 14.6791
Epoch 721/1000, Train Loss: 0.4876, Validation Loss: 0.9807
Epoch 722/1000, Train Loss: 0.4887, Validation Loss: 0.8401
Epoch 723/1000, Train Loss: 0.4908, Validation Loss: 2.2937
Epoch 724/1000, Train Loss: 0.4837, Validation Loss: 2.0154
Epoch 725/1000, Train Loss: 0.5223, Validation Loss: 3.2543
Epoch 726/1000, Train Loss: 0.4814, Validation Loss: 4.0119
Epoch 727/1000, Train Loss: 0.4886, Validation Loss: 3.0512
Epoch 728/1000, Train Loss: 0.4904, Validation Loss: 1.8688
Epoch 729/1000, Train Loss: 0.4831, Validation Loss: 2.8796
Epoch 730/1000, Train Loss: 0.4863, Validation Loss: 2.1262
Epoch 731/1000, Train Loss: 0.4935, Validation Loss: 0.8515
Epoch 732/1000, Train Loss: 0.4933, Validation Loss: 2.8430
Epoch 733/1000, Train Loss: 0.5015, Validation Loss: 0.7963
Epoch 734/1000, Train Loss: 0.4831, Validation Loss: 7.0921
Epoch 735/1000, Train Loss: 0.4918, Validation Loss: 1.1261
Epoch 736/1000, Train Loss: 0.4922, Validation Loss: 14.8576
Epoch 737/1000, Train Loss: 0.4938, Validation Loss: 2.2440
Epoch 738/1000, Train Loss: 0.4913, Validation Loss: 2.5418
Epoch 739/1000, Train Loss: 0.4887, Validation Loss: 0.7913
Epoch 740/1000, Train Loss: 0.4890, Validation Loss: 4.7224
Epoch 741/1000, Train Loss: 0.4863, Validation Loss: 1.5512
Epoch 742/1000, Train Loss: 0.4851, Validation Loss: 3.4837
Epoch 743/1000, Train Loss: 0.4871, Validation Loss: 1.6530
Epoch 744/1000, Train Loss: 0.4897, Validation Loss: 1.8308
Epoch 745/1000, Train Loss: 0.4855, Validation Loss: 2.7041
Epoch 746/1000, Train Loss: 0.4936, Validation Loss: 1.1511
Epoch 747/1000, Train Loss: 0.4867, Validation Loss: 0.7519
Epoch 748/1000, Train Loss: 0.4847, Validation Loss: 6.1444
Epoch 749/1000, Train Loss: 0.4958, Validation Loss: 0.9035
Epoch 750/1000, Train Loss: 0.4882, Validation Loss: 2.5126
Epoch 751/1000, Train Loss: 0.4927, Validation Loss: 0.6851
Epoch 752/1000, Train Loss: 0.4975, Validation Loss: 2.6461
Epoch 753/1000, Train Loss: 0.4855, Validation Loss: 1.1476
Epoch 754/1000, Train Loss: 0.4870, Validation Loss: 1.8054
Epoch 755/1000, Train Loss: 0.4822, Validation Loss: 3.6655
Epoch 756/1000, Train Loss: 0.4854, Validation Loss: 2.2684
Epoch 757/1000, Train Loss: 0.5014, Validation Loss: 1.1753
Epoch 758/1000, Train Loss: 0.4878, Validation Loss: 1.1748
Epoch 759/1000, Train Loss: 0.4845, Validation Loss: 1.2689
Epoch 760/1000, Train Loss: 0.4825, Validation Loss: 2.3430
Epoch 761/1000, Train Loss: 0.4878, Validation Loss: 1.1652
Epoch 762/1000, Train Loss: 0.4803, Validation Loss: 2.1580
Epoch 763/1000, Train Loss: 0.4825, Validation Loss: 5.3255
Epoch 764/1000, Train Loss: 0.4844, Validation Loss: 1.0742
Epoch 765/1000, Train Loss: 0.4771, Validation Loss: 1.3272
Epoch 766/1000, Train Loss: 0.4828, Validation Loss: 0.8661
Epoch 767/1000, Train Loss: 0.5085, Validation Loss: 4.1718
Epoch 768/1000, Train Loss: 0.4867, Validation Loss: 6.5381
Epoch 769/1000, Train Loss: 0.4777, Validation Loss: 0.5797
Epoch 770/1000, Train Loss: 0.4761, Validation Loss: 2.9523
Epoch 771/1000, Train Loss: 0.4830, Validation Loss: 1.7696
Epoch 772/1000, Train Loss: 0.5177, Validation Loss: 1.8197
Epoch 773/1000, Train Loss: 0.4848, Validation Loss: 2.5142
Epoch 774/1000, Train Loss: 0.4771, Validation Loss: 0.9376
Epoch 775/1000, Train Loss: 0.4791, Validation Loss: 2.7716
Epoch 776/1000, Train Loss: 0.4810, Validation Loss: 0.6126
Epoch 777/1000, Train Loss: 0.4837, Validation Loss: 2.7529
Epoch 778/1000, Train Loss: 0.4861, Validation Loss: 19.7034
Epoch 779/1000, Train Loss: 0.4783, Validation Loss: 2.5580
Epoch 780/1000, Train Loss: 0.4843, Validation Loss: 1.6472
Epoch 781/1000, Train Loss: 0.4803, Validation Loss: 1.3480
Epoch 782/1000, Train Loss: 0.4750, Validation Loss: 2.9163
Epoch 783/1000, Train Loss: 0.4764, Validation Loss: 2.3080
Epoch 784/1000, Train Loss: 0.4889, Validation Loss: 0.7017
Epoch 785/1000, Train Loss: 0.4792, Validation Loss: 2.6304
Epoch 786/1000, Train Loss: 0.4914, Validation Loss: 2.2001
Epoch 787/1000, Train Loss: 0.4744, Validation Loss: 2.1865
Epoch 788/1000, Train Loss: 0.5539, Validation Loss: 0.9775
Epoch 789/1000, Train Loss: 0.4870, Validation Loss: 10.2150
Epoch 790/1000, Train Loss: 0.4887, Validation Loss: 2.1501
Epoch 791/1000, Train Loss: 0.4768, Validation Loss: 21.9661
Epoch 792/1000, Train Loss: 0.5350, Validation Loss: 2.0930
Epoch 793/1000, Train Loss: 0.4741, Validation Loss: 0.5730
Epoch 794/1000, Train Loss: 0.4794, Validation Loss: 1.3618
Epoch 795/1000, Train Loss: 0.4813, Validation Loss: 3.5445
Epoch 796/1000, Train Loss: 0.4833, Validation Loss: 2.4025
Epoch 797/1000, Train Loss: 0.4849, Validation Loss: 9.7267
Epoch 798/1000, Train Loss: 0.4793, Validation Loss: 1.4900
Epoch 799/1000, Train Loss: 0.4849, Validation Loss: 1.9383
Epoch 800/1000, Train Loss: 0.5048, Validation Loss: 1.0624
Epoch 801/1000, Train Loss: 0.4816, Validation Loss: 1.8507
Epoch 802/1000, Train Loss: 0.4879, Validation Loss: 2.9819
Epoch 803/1000, Train Loss: 0.4812, Validation Loss: 4.7692
Epoch 804/1000, Train Loss: 0.4795, Validation Loss: 2.4889
Epoch 805/1000, Train Loss: 0.4712, Validation Loss: 1.0295
Epoch 806/1000, Train Loss: 0.4804, Validation Loss: 3.4811
Epoch 807/1000, Train Loss: 0.4825, Validation Loss: 0.8967
Epoch 808/1000, Train Loss: 0.4799, Validation Loss: 2.6390
Epoch 809/1000, Train Loss: 0.4835, Validation Loss: 2.0616
Epoch 810/1000, Train Loss: 0.4939, Validation Loss: 20.3912
Epoch 811/1000, Train Loss: 0.4808, Validation Loss: 1.9758
Epoch 812/1000, Train Loss: 0.4751, Validation Loss: 1.4892
Epoch 813/1000, Train Loss: 0.4844, Validation Loss: 4.1733
Epoch 814/1000, Train Loss: 0.4851, Validation Loss: 6.6219
Epoch 815/1000, Train Loss: 0.4852, Validation Loss: 2.8427
Epoch 816/1000, Train Loss: 0.4716, Validation Loss: 1.0218
Epoch 817/1000, Train Loss: 0.4841, Validation Loss: 0.9849
Epoch 818/1000, Train Loss: 0.4806, Validation Loss: 2.0003
Epoch 819/1000, Train Loss: 0.4877, Validation Loss: 2.7228
Epoch 820/1000, Train Loss: 0.4718, Validation Loss: 1.0683
Epoch 821/1000, Train Loss: 0.4783, Validation Loss: 4.4618
Epoch 822/1000, Train Loss: 0.4805, Validation Loss: 1.4752
Epoch 823/1000, Train Loss: 0.4986, Validation Loss: 2.5734
Epoch 824/1000, Train Loss: 0.4832, Validation Loss: 0.8436
Epoch 825/1000, Train Loss: 0.4915, Validation Loss: 4.4613
Epoch 826/1000, Train Loss: 0.4739, Validation Loss: 1.2013
Epoch 827/1000, Train Loss: 0.4966, Validation Loss: 5.2460
Epoch 828/1000, Train Loss: 0.4743, Validation Loss: 11.7186
Epoch 829/1000, Train Loss: 0.4800, Validation Loss: 0.9180
Epoch 830/1000, Train Loss: 0.4748, Validation Loss: 6.9440
Epoch 831/1000, Train Loss: 0.4739, Validation Loss: 1.4577
Epoch 832/1000, Train Loss: 0.4797, Validation Loss: 3.7730
Epoch 833/1000, Train Loss: 0.4777, Validation Loss: 1.7814
Epoch 834/1000, Train Loss: 0.4762, Validation Loss: 1.5738
Epoch 835/1000, Train Loss: 0.4781, Validation Loss: 1.3101
Epoch 836/1000, Train Loss: 0.4812, Validation Loss: 14.7945
Epoch 837/1000, Train Loss: 0.4923, Validation Loss: 1.4329
Epoch 838/1000, Train Loss: 0.4750, Validation Loss: 2.0274
Epoch 839/1000, Train Loss: 0.4967, Validation Loss: 12.7174
Epoch 840/1000, Train Loss: 0.4767, Validation Loss: 0.9147
Epoch 841/1000, Train Loss: 0.4776, Validation Loss: 3.2257
Epoch 842/1000, Train Loss: 0.4731, Validation Loss: 4.0409
Epoch 843/1000, Train Loss: 0.4780, Validation Loss: 0.6470
Epoch 844/1000, Train Loss: 0.4762, Validation Loss: 2.5298
Epoch 845/1000, Train Loss: 0.4817, Validation Loss: 2.2525
Epoch 846/1000, Train Loss: 0.6450, Validation Loss: 2.0950
Epoch 847/1000, Train Loss: 0.4769, Validation Loss: 0.7690
Epoch 848/1000, Train Loss: 0.4727, Validation Loss: 1.0188
Epoch 849/1000, Train Loss: 0.4676, Validation Loss: 2.6005
Epoch 850/1000, Train Loss: 0.5953, Validation Loss: 1.6640
Epoch 851/1000, Train Loss: 0.4733, Validation Loss: 1.3427
Epoch 852/1000, Train Loss: 0.4817, Validation Loss: 3.0519
Epoch 853/1000, Train Loss: 0.4703, Validation Loss: 3.0952
Epoch 854/1000, Train Loss: 0.4768, Validation Loss: 2.5999
Epoch 855/1000, Train Loss: 0.4781, Validation Loss: 1.5408
Epoch 856/1000, Train Loss: 0.4806, Validation Loss: 1.3732
Epoch 857/1000, Train Loss: 0.4873, Validation Loss: 10.8142
Epoch 858/1000, Train Loss: 0.4954, Validation Loss: 0.8142
Epoch 859/1000, Train Loss: 0.4732, Validation Loss: 1.1584
Epoch 860/1000, Train Loss: 0.7921, Validation Loss: 1.2356
Epoch 861/1000, Train Loss: 0.4762, Validation Loss: 1.8221
Epoch 862/1000, Train Loss: 0.4851, Validation Loss: 1.5353
Epoch 863/1000, Train Loss: 0.4824, Validation Loss: 0.6329
Epoch 864/1000, Train Loss: 0.4729, Validation Loss: 4.7303
Epoch 865/1000, Train Loss: 0.4750, Validation Loss: 1.0895
Epoch 866/1000, Train Loss: 0.4833, Validation Loss: 0.8913
Epoch 867/1000, Train Loss: 0.4810, Validation Loss: 2.7409
Epoch 868/1000, Train Loss: 0.5006, Validation Loss: 1.3686
Epoch 869/1000, Train Loss: 0.4750, Validation Loss: 2.8164
Epoch 870/1000, Train Loss: 0.4776, Validation Loss: 0.9277
Epoch 871/1000, Train Loss: 0.4792, Validation Loss: 1.2282
Epoch 872/1000, Train Loss: 0.4776, Validation Loss: 6.2383
Epoch 873/1000, Train Loss: 0.4722, Validation Loss: 3.5209
Epoch 874/1000, Train Loss: 0.4866, Validation Loss: 4.0224
Epoch 875/1000, Train Loss: 0.4915, Validation Loss: 3.6584
Epoch 876/1000, Train Loss: 0.4899, Validation Loss: 0.7483
Epoch 877/1000, Train Loss: 0.4830, Validation Loss: 2.5572
Epoch 878/1000, Train Loss: 0.4765, Validation Loss: 1.5155
Epoch 879/1000, Train Loss: 0.4778, Validation Loss: 1.2374
Epoch 880/1000, Train Loss: 0.4767, Validation Loss: 7.2876
Epoch 881/1000, Train Loss: 0.4788, Validation Loss: 8.1659
Epoch 882/1000, Train Loss: 0.4777, Validation Loss: 6.3561
Epoch 883/1000, Train Loss: 0.4730, Validation Loss: 2.8345
Epoch 884/1000, Train Loss: 0.4867, Validation Loss: 1.8150
Epoch 885/1000, Train Loss: 0.4725, Validation Loss: 1.3103
Epoch 886/1000, Train Loss: 0.4721, Validation Loss: 1.6429
Epoch 887/1000, Train Loss: 0.4765, Validation Loss: 0.9538
Epoch 888/1000, Train Loss: 0.4746, Validation Loss: 6.7347
Epoch 889/1000, Train Loss: 0.4903, Validation Loss: 1.1861
Epoch 890/1000, Train Loss: 0.4731, Validation Loss: 1.3457
Epoch 891/1000, Train Loss: 0.4734, Validation Loss: 2.6995
Epoch 892/1000, Train Loss: 0.4707, Validation Loss: 3.0265
Epoch 893/1000, Train Loss: 0.4723, Validation Loss: 1.2211
Epoch 894/1000, Train Loss: 0.4745, Validation Loss: 1.6903
Epoch 895/1000, Train Loss: 0.4837, Validation Loss: 1.0168
Epoch 896/1000, Train Loss: 0.4813, Validation Loss: 2.4375
Epoch 897/1000, Train Loss: 0.4805, Validation Loss: 2.0099
Epoch 898/1000, Train Loss: 0.4709, Validation Loss: 1.5583
Epoch 899/1000, Train Loss: 0.4766, Validation Loss: 1.3393
Epoch 900/1000, Train Loss: 0.4737, Validation Loss: 1.3744
Epoch 901/1000, Train Loss: 0.4715, Validation Loss: 0.7556
Epoch 902/1000, Train Loss: 0.4966, Validation Loss: 1.5759
Epoch 903/1000, Train Loss: 0.4821, Validation Loss: 4.2453
Epoch 904/1000, Train Loss: 0.5082, Validation Loss: 2.1574
Epoch 905/1000, Train Loss: 0.4719, Validation Loss: 1.8004
Epoch 906/1000, Train Loss: 0.4768, Validation Loss: 0.7666
Epoch 907/1000, Train Loss: 0.4794, Validation Loss: 2.7148
Epoch 908/1000, Train Loss: 0.4857, Validation Loss: 1.4967
Epoch 909/1000, Train Loss: 0.5255, Validation Loss: 0.8208
Epoch 910/1000, Train Loss: 0.4856, Validation Loss: 6.9881
Epoch 911/1000, Train Loss: 0.4804, Validation Loss: 1.3830
Epoch 912/1000, Train Loss: 0.4706, Validation Loss: 2.6286
Epoch 913/1000, Train Loss: 0.4743, Validation Loss: 0.7812
Epoch 914/1000, Train Loss: 0.4776, Validation Loss: 3.1449
Epoch 915/1000, Train Loss: 0.4807, Validation Loss: 2.0695
Epoch 916/1000, Train Loss: 0.4813, Validation Loss: 1.2833
Epoch 917/1000, Train Loss: 0.4841, Validation Loss: 1.6756
Epoch 918/1000, Train Loss: 0.4783, Validation Loss: 10.3293
Epoch 919/1000, Train Loss: 0.4784, Validation Loss: 1.7030
Epoch 920/1000, Train Loss: 0.4724, Validation Loss: 1.7574
Epoch 921/1000, Train Loss: 0.4798, Validation Loss: 1.3227
Epoch 922/1000, Train Loss: 0.4834, Validation Loss: 0.6100
Epoch 923/1000, Train Loss: 0.4807, Validation Loss: 4.0182
Epoch 924/1000, Train Loss: 0.4718, Validation Loss: 0.6620
Epoch 925/1000, Train Loss: 0.4688, Validation Loss: 3.7228
Epoch 926/1000, Train Loss: 0.4748, Validation Loss: 1.5863
Epoch 927/1000, Train Loss: 0.4805, Validation Loss: 1.1703
Epoch 928/1000, Train Loss: 0.4808, Validation Loss: 3.3474
Epoch 929/1000, Train Loss: 0.4717, Validation Loss: 1.3862
Epoch 930/1000, Train Loss: 0.4838, Validation Loss: 19.0817
Epoch 931/1000, Train Loss: 0.4707, Validation Loss: 1.1759
Epoch 932/1000, Train Loss: 0.4659, Validation Loss: 1.3654
Epoch 933/1000, Train Loss: 0.4668, Validation Loss: 1.4592
Epoch 934/1000, Train Loss: 0.4692, Validation Loss: 1.9843
Epoch 935/1000, Train Loss: 0.4698, Validation Loss: 0.8551
Epoch 936/1000, Train Loss: 0.4654, Validation Loss: 3.7677
Epoch 937/1000, Train Loss: 0.4773, Validation Loss: 11.1809
Epoch 938/1000, Train Loss: 0.4793, Validation Loss: 3.2619
Epoch 939/1000, Train Loss: 0.4666, Validation Loss: 0.6947
Epoch 940/1000, Train Loss: 0.5310, Validation Loss: 11.5275
Epoch 941/1000, Train Loss: 0.4773, Validation Loss: 3.1793
Epoch 942/1000, Train Loss: 0.4673, Validation Loss: 3.2666
Epoch 943/1000, Train Loss: 0.4744, Validation Loss: 4.4217
Epoch 944/1000, Train Loss: 0.4762, Validation Loss: 5.3251
Epoch 945/1000, Train Loss: 0.4886, Validation Loss: 0.9536
Epoch 946/1000, Train Loss: 0.4726, Validation Loss: 4.1329
Epoch 947/1000, Train Loss: 0.4768, Validation Loss: 1.9513
Epoch 948/1000, Train Loss: 0.4829, Validation Loss: 0.9678
Epoch 949/1000, Train Loss: 0.4707, Validation Loss: 2.8814
Epoch 950/1000, Train Loss: 0.4717, Validation Loss: 5.0526
Epoch 951/1000, Train Loss: 0.4799, Validation Loss: 6.7573
Epoch 952/1000, Train Loss: 0.4744, Validation Loss: 1.0135
Epoch 953/1000, Train Loss: 0.4679, Validation Loss: 10.2519
Epoch 954/1000, Train Loss: 0.4744, Validation Loss: 3.0627
Epoch 955/1000, Train Loss: 0.5396, Validation Loss: 0.9748
Epoch 956/1000, Train Loss: 0.4686, Validation Loss: 1.5216
Epoch 957/1000, Train Loss: 0.4754, Validation Loss: 1.2793
Epoch 958/1000, Train Loss: 0.4703, Validation Loss: 8.8745
Epoch 959/1000, Train Loss: 0.4800, Validation Loss: 1.0998
Epoch 960/1000, Train Loss: 0.4663, Validation Loss: 1.4892
Epoch 961/1000, Train Loss: 0.4706, Validation Loss: 2.4614
Epoch 962/1000, Train Loss: 0.4688, Validation Loss: 2.4107
Epoch 963/1000, Train Loss: 0.4735, Validation Loss: 0.7721
Epoch 964/1000, Train Loss: 0.4745, Validation Loss: 1.8141
Epoch 965/1000, Train Loss: 0.4777, Validation Loss: 1.9064
Epoch 966/1000, Train Loss: 0.4703, Validation Loss: 1.0133
Epoch 967/1000, Train Loss: 0.4752, Validation Loss: 2.9001
Epoch 968/1000, Train Loss: 0.4752, Validation Loss: 1.2237
Epoch 969/1000, Train Loss: 0.4664, Validation Loss: 0.7383
Epoch 970/1000, Train Loss: 0.4693, Validation Loss: 0.7489
Epoch 971/1000, Train Loss: 0.4699, Validation Loss: 1.7045
Epoch 972/1000, Train Loss: 0.4687, Validation Loss: 3.7019
Epoch 973/1000, Train Loss: 0.5215, Validation Loss: 2.4481
Epoch 974/1000, Train Loss: 0.4747, Validation Loss: 5.7303
Epoch 975/1000, Train Loss: 0.4706, Validation Loss: 1.4369
Epoch 976/1000, Train Loss: 0.4725, Validation Loss: 2.7649
Epoch 977/1000, Train Loss: 0.4684, Validation Loss: 0.5746
Epoch 978/1000, Train Loss: 0.4720, Validation Loss: 3.4739
Epoch 979/1000, Train Loss: 0.4672, Validation Loss: 2.2905
Epoch 980/1000, Train Loss: 0.4784, Validation Loss: 5.6862
Epoch 981/1000, Train Loss: 0.4743, Validation Loss: 1.8720
Epoch 982/1000, Train Loss: 0.4668, Validation Loss: 1.5644
Epoch 983/1000, Train Loss: 0.4739, Validation Loss: 1.1387
Epoch 984/1000, Train Loss: 0.4757, Validation Loss: 1.0354
Epoch 985/1000, Train Loss: 0.4709, Validation Loss: 1.5387
Epoch 986/1000, Train Loss: 0.4695, Validation Loss: 9.5457
Epoch 987/1000, Train Loss: 0.4677, Validation Loss: 0.9838
Epoch 988/1000, Train Loss: 0.4652, Validation Loss: 1.3536
Epoch 989/1000, Train Loss: 0.4793, Validation Loss: 2.7765
Epoch 990/1000, Train Loss: 0.4708, Validation Loss: 3.8760
Epoch 991/1000, Train Loss: 0.4640, Validation Loss: 0.6546
Epoch 992/1000, Train Loss: 0.4611, Validation Loss: 0.6103
Epoch 993/1000, Train Loss: 0.4705, Validation Loss: 1.8525
Epoch 994/1000, Train Loss: 0.4908, Validation Loss: 2.9271
Epoch 995/1000, Train Loss: 0.4695, Validation Loss: 19.9267
Epoch 996/1000, Train Loss: 0.4681, Validation Loss: 2.0171
Epoch 997/1000, Train Loss: 0.5255, Validation Loss: 3.5455
Epoch 998/1000, Train Loss: 0.4723, Validation Loss: 3.4504
Epoch 999/1000, Train Loss: 0.4660, Validation Loss: 2.1050
Epoch 1000/1000, Train Loss: 0.4696, Validation Loss: 2.1819
Best Training Loss: 0.4611
Best Training Loss Epoch: 992
Best Validation Loss: 0.5044
Best Validation Loss Epoch: 339
Time taken for training: 0-21:35:16
Test Loss: 0.5226
Test MAPE: 105526.1719%
Error Statistics:
count    4.127200e+04
mean     6.759720e+04
std      1.293508e+07
min      9.298325e-06
25%      1.608488e-01
50%      1.857640e+00
75%      3.038013e+01
max      2.623876e+09
Name: Absolute Error, dtype: float64
Training complete. Final model saved.
Saving model as a wandb Artifact...
Model artifact logged successfully.
[1;34mwandb[0m: 
[1;34mwandb[0m: 🚀 View run [33mdecent-sweep-48[0m at: [34mhttps://wandb.ai/mk8737-new-york-university/rl_pretrain_hp_sweeps/runs/9pdfdg17[0m
[1;34mwandb[0m: Find logs at: [1;35mwandb/run-20251006_143930-9pdfdg17/logs[0m
Agent finished.
