Waiting for sweep ID...
Found Sweep ID: be12np04
Starting wandb agent for sweep be12np04...
TRAINING DEVICE: cpu
Run Name: GCN_global_hp_sweep_be12np04-p1p3zv1k
finidhed preparing data
Loading dataset from pretrain_dataset_12.5k_fixed_duplicates.pkl
Loaded 412712 data objects.
finished preparing data
Epoch 1/1000, Train Loss: 51.2901, Validation Loss: 2.7551
Epoch 2/1000, Train Loss: 2.7883, Validation Loss: 3.4984
Epoch 3/1000, Train Loss: 2.6619, Validation Loss: 2.7478
Epoch 4/1000, Train Loss: 2.4294, Validation Loss: 3.4647
Epoch 5/1000, Train Loss: 4.8434, Validation Loss: 1.4890
Epoch 6/1000, Train Loss: 30.9020, Validation Loss: 1.9152
Epoch 7/1000, Train Loss: 1.7312, Validation Loss: 1.9842
Epoch 8/1000, Train Loss: 1.5295, Validation Loss: 1.9010
Epoch 9/1000, Train Loss: 1.3666, Validation Loss: 1.4124
Epoch 10/1000, Train Loss: 1.6431, Validation Loss: 1.2058
Epoch 11/1000, Train Loss: 1.3723, Validation Loss: 1.1419
Epoch 12/1000, Train Loss: 303.2888, Validation Loss: 2.8682
Epoch 13/1000, Train Loss: 1.5470, Validation Loss: 1.2175
Epoch 14/1000, Train Loss: 8.1793, Validation Loss: 1.1532
Epoch 15/1000, Train Loss: 1.8422, Validation Loss: 1.2842
Epoch 16/1000, Train Loss: 1.4790, Validation Loss: 1.6530
Epoch 17/1000, Train Loss: 1.2871, Validation Loss: 2.4461
Epoch 18/1000, Train Loss: 1.2224, Validation Loss: 1.8989
Epoch 19/1000, Train Loss: 90.4726, Validation Loss: 1.0570
Epoch 20/1000, Train Loss: 1.1872, Validation Loss: 1.0744
Epoch 21/1000, Train Loss: 1.2247, Validation Loss: 1.1457
Epoch 22/1000, Train Loss: 2.5990, Validation Loss: 2.8547
Epoch 23/1000, Train Loss: 1.4714, Validation Loss: 1.1312
Epoch 24/1000, Train Loss: 15.8189, Validation Loss: 1.3718
Epoch 25/1000, Train Loss: 18.4327, Validation Loss: 1.3633
Epoch 26/1000, Train Loss: 1.1827, Validation Loss: 1.0470
Epoch 27/1000, Train Loss: 186.7159, Validation Loss: 3.6986
Epoch 28/1000, Train Loss: 1.4854, Validation Loss: 1.0411
Epoch 29/1000, Train Loss: 1.4966, Validation Loss: 0.9078
Epoch 30/1000, Train Loss: 2644.0683, Validation Loss: 1.5595
Epoch 31/1000, Train Loss: 1.1941, Validation Loss: 1.0187
Epoch 32/1000, Train Loss: 38.3020, Validation Loss: 7.6193
Epoch 33/1000, Train Loss: 3.1766, Validation Loss: 2.1999
Epoch 34/1000, Train Loss: 1.1626, Validation Loss: 1.1763
Epoch 35/1000, Train Loss: 11.2130, Validation Loss: 4.7569
Epoch 36/1000, Train Loss: 2874.9268, Validation Loss: 6.0858
Epoch 37/1000, Train Loss: 106.5192, Validation Loss: 6.7178
Epoch 38/1000, Train Loss: 8.5060, Validation Loss: 6.0751
Epoch 39/1000, Train Loss: 20.4760, Validation Loss: 6.0866
Epoch 40/1000, Train Loss: 6.4125, Validation Loss: 6.0595
Epoch 41/1000, Train Loss: 27.2433, Validation Loss: 6.5418
Epoch 42/1000, Train Loss: 6.2989, Validation Loss: 6.1094
Epoch 43/1000, Train Loss: 6.3563, Validation Loss: 6.0889
Epoch 44/1000, Train Loss: 6.3006, Validation Loss: 6.0816
Epoch 45/1000, Train Loss: 25.8887, Validation Loss: 6.0613
Epoch 46/1000, Train Loss: 6.3183, Validation Loss: 6.0662
Epoch 47/1000, Train Loss: 14.0322, Validation Loss: 6.6135
Epoch 48/1000, Train Loss: 6.2969, Validation Loss: 6.2850
Epoch 49/1000, Train Loss: 172.8411, Validation Loss: 6.0567
Epoch 50/1000, Train Loss: 6.3316, Validation Loss: 6.0778
Epoch 51/1000, Train Loss: 6.5477, Validation Loss: 6.2556
Epoch 52/1000, Train Loss: 6.3005, Validation Loss: 6.2214
Epoch 53/1000, Train Loss: 6.4621, Validation Loss: 6.1657
Epoch 54/1000, Train Loss: 11.8115, Validation Loss: 6.1299
Epoch 55/1000, Train Loss: 6.3541, Validation Loss: 7.2413
Epoch 56/1000, Train Loss: 228.6893, Validation Loss: 6.1178
Epoch 57/1000, Train Loss: 6.2264, Validation Loss: 6.1743
Epoch 58/1000, Train Loss: 894.1167, Validation Loss: 6.3151
Epoch 59/1000, Train Loss: 6.3768, Validation Loss: 6.0566
Epoch 60/1000, Train Loss: 6.2387, Validation Loss: 6.0863
Epoch 61/1000, Train Loss: 14.5029, Validation Loss: 6.0916
Epoch 62/1000, Train Loss: 13637.3317, Validation Loss: 6.2470
Epoch 63/1000, Train Loss: 6.4065, Validation Loss: 6.4656
Epoch 64/1000, Train Loss: 10.2922, Validation Loss: 6.4525
Epoch 65/1000, Train Loss: 6.8193, Validation Loss: 6.5327
Epoch 66/1000, Train Loss: 6.3149, Validation Loss: 6.0715
Epoch 67/1000, Train Loss: 20.6478, Validation Loss: 6.1006
Epoch 68/1000, Train Loss: 3073.1673, Validation Loss: 6.6148
Epoch 69/1000, Train Loss: 6.2556, Validation Loss: 6.1808
Epoch 70/1000, Train Loss: 6.5335, Validation Loss: 6.3701
Epoch 71/1000, Train Loss: 626.7438, Validation Loss: 6.2433
Epoch 72/1000, Train Loss: 8.4710, Validation Loss: 6.0603
Epoch 73/1000, Train Loss: 7.3608, Validation Loss: 6.0770
Epoch 74/1000, Train Loss: 7.9824, Validation Loss: 28888.9034
Epoch 75/1000, Train Loss: 37.8282, Validation Loss: 6.0895
Epoch 76/1000, Train Loss: 6.3373, Validation Loss: 6.2365
Epoch 77/1000, Train Loss: 10.8516, Validation Loss: 6.0698
Epoch 78/1000, Train Loss: 31.4301, Validation Loss: 6.1928
Epoch 79/1000, Train Loss: 6.2197, Validation Loss: 6.9268
Epoch 80/1000, Train Loss: 6.6087, Validation Loss: 6.2658
Epoch 81/1000, Train Loss: 6.2385, Validation Loss: 6.1218
Epoch 82/1000, Train Loss: 4799.2314, Validation Loss: 6.6480
Epoch 83/1000, Train Loss: 7.2818, Validation Loss: 7.0219
Epoch 84/1000, Train Loss: 6.3506, Validation Loss: 6.6960
Epoch 85/1000, Train Loss: 19.5932, Validation Loss: 6.1886
Epoch 86/1000, Train Loss: 6.2374, Validation Loss: 6.1836
Epoch 87/1000, Train Loss: 36.1232, Validation Loss: 6.0655
Epoch 88/1000, Train Loss: 6.3316, Validation Loss: 6.0820
Epoch 89/1000, Train Loss: 75.2189, Validation Loss: 6.0610
Epoch 90/1000, Train Loss: 6.2784, Validation Loss: 6.1249
Epoch 91/1000, Train Loss: 28.7294, Validation Loss: 6.0570
Epoch 92/1000, Train Loss: 157.0555, Validation Loss: 6.0945
Epoch 93/1000, Train Loss: 6.3777, Validation Loss: 6.0564
Epoch 94/1000, Train Loss: 31.9778, Validation Loss: 6.0697
Epoch 95/1000, Train Loss: 6.3538, Validation Loss: 6.5536
Epoch 96/1000, Train Loss: 40.1909, Validation Loss: 7.8708
Epoch 97/1000, Train Loss: 33.7981, Validation Loss: 6.0646
Epoch 98/1000, Train Loss: 11.7130, Validation Loss: 6.0612
Epoch 99/1000, Train Loss: 463.4846, Validation Loss: 6.1079
Epoch 100/1000, Train Loss: 6.2918, Validation Loss: 6.1690
Epoch 101/1000, Train Loss: 6.2971, Validation Loss: 6.6212
Epoch 102/1000, Train Loss: 6.3899, Validation Loss: 6.0660
Epoch 103/1000, Train Loss: 93.2048, Validation Loss: 6.0589
Epoch 104/1000, Train Loss: 6.3644, Validation Loss: 6.5012
Epoch 105/1000, Train Loss: 706.2758, Validation Loss: 6.0815
Epoch 106/1000, Train Loss: 20.2410, Validation Loss: 6.0700
Epoch 107/1000, Train Loss: 6.2868, Validation Loss: 6.1124
Epoch 108/1000, Train Loss: 4822.0395, Validation Loss: 6.0568
Epoch 109/1000, Train Loss: 6.2940, Validation Loss: 6.4112
Epoch 110/1000, Train Loss: 283587.0005, Validation Loss: 6.0756
Epoch 111/1000, Train Loss: 6.2777, Validation Loss: 6.0721
Epoch 112/1000, Train Loss: 185.1281, Validation Loss: 6.3041
Epoch 113/1000, Train Loss: 9.2429, Validation Loss: 6.1045
Epoch 114/1000, Train Loss: 6.5388, Validation Loss: 6.0735
Epoch 115/1000, Train Loss: 6.2895, Validation Loss: 6.7993
Epoch 116/1000, Train Loss: 309.0334, Validation Loss: 6.0566
Epoch 117/1000, Train Loss: 2966.6507, Validation Loss: 6.0572
Epoch 118/1000, Train Loss: 6.2668, Validation Loss: 7.1179
Epoch 119/1000, Train Loss: 59.5147, Validation Loss: 6.0644
Epoch 120/1000, Train Loss: 6.6025, Validation Loss: 6.6116
Epoch 121/1000, Train Loss: 8.4865, Validation Loss: 6.0586
Epoch 122/1000, Train Loss: 6.3030, Validation Loss: 6.4072
Epoch 123/1000, Train Loss: 6.2991, Validation Loss: 6.1984
Epoch 124/1000, Train Loss: 7.2366, Validation Loss: 6.0754
Epoch 125/1000, Train Loss: 6.5745, Validation Loss: 6.0904
Epoch 126/1000, Train Loss: 9.1705, Validation Loss: 6.0808
Epoch 127/1000, Train Loss: 690.0125, Validation Loss: 6.7787
Epoch 128/1000, Train Loss: 12.2095, Validation Loss: 6.9886
Epoch 129/1000, Train Loss: 6.3073, Validation Loss: 6.6000
Epoch 130/1000, Train Loss: 6.8850, Validation Loss: 6.2770
Epoch 131/1000, Train Loss: 1168.5355, Validation Loss: 6.4531
Epoch 132/1000, Train Loss: 6.3291, Validation Loss: 6.0800
Epoch 133/1000, Train Loss: 1953.1537, Validation Loss: 6.1006
Epoch 134/1000, Train Loss: 6.4096, Validation Loss: 6.1257
Epoch 135/1000, Train Loss: 6.3816, Validation Loss: 6.2580
Epoch 136/1000, Train Loss: 1571.5705, Validation Loss: 6.0637
Epoch 137/1000, Train Loss: 6.2452, Validation Loss: 6.1068
Epoch 138/1000, Train Loss: 7.0306, Validation Loss: 6.0944
Epoch 139/1000, Train Loss: 6.3321, Validation Loss: 6.1468
Epoch 140/1000, Train Loss: 6.2474, Validation Loss: 6.0745
Epoch 141/1000, Train Loss: 6.3972, Validation Loss: 6.0742
Epoch 142/1000, Train Loss: 6.6805, Validation Loss: 6.0798
Epoch 143/1000, Train Loss: 6.8430, Validation Loss: 6.0746
Epoch 144/1000, Train Loss: 6.3046, Validation Loss: 6.0967
Epoch 145/1000, Train Loss: 6.2448, Validation Loss: 6.0612
Epoch 146/1000, Train Loss: 24.7026, Validation Loss: 6.4302
Epoch 147/1000, Train Loss: 6.2580, Validation Loss: 7.0719
Epoch 148/1000, Train Loss: 84.0289, Validation Loss: 6.4834
Epoch 149/1000, Train Loss: 254.4682, Validation Loss: 6.0589
Epoch 150/1000, Train Loss: 6.7129, Validation Loss: 17.2794
Epoch 151/1000, Train Loss: 7.0174, Validation Loss: 6.0942
Epoch 152/1000, Train Loss: 8.0313, Validation Loss: 6.0910
Epoch 153/1000, Train Loss: 6.8128, Validation Loss: 6.0869
Epoch 154/1000, Train Loss: 6.2586, Validation Loss: 6.0625
Epoch 155/1000, Train Loss: 109.8726, Validation Loss: 6.6075
Epoch 156/1000, Train Loss: 7.3501, Validation Loss: 6.2249
Epoch 157/1000, Train Loss: 6.6896, Validation Loss: 6.3580
Epoch 158/1000, Train Loss: 191.1049, Validation Loss: 6.0954
Epoch 159/1000, Train Loss: 6.2829, Validation Loss: 6.0844
Epoch 160/1000, Train Loss: 581.8021, Validation Loss: 6.0889
Epoch 161/1000, Train Loss: 9.6871, Validation Loss: 6.1693
Epoch 162/1000, Train Loss: 6.6831, Validation Loss: 6.0579
Epoch 163/1000, Train Loss: 11.9130, Validation Loss: 6.1614
Epoch 164/1000, Train Loss: 138.8648, Validation Loss: 6.0583
Epoch 165/1000, Train Loss: 4557.7544, Validation Loss: 6.0969
Epoch 166/1000, Train Loss: 6.2212, Validation Loss: 6.0644
Epoch 167/1000, Train Loss: 3492.6095, Validation Loss: 6.0565
Epoch 168/1000, Train Loss: 6.2741, Validation Loss: 6.0968
Epoch 169/1000, Train Loss: 6.8179, Validation Loss: 6.2151
Epoch 170/1000, Train Loss: 6.2616, Validation Loss: 6.1224
Epoch 171/1000, Train Loss: 10.0502, Validation Loss: 6.0682
Epoch 172/1000, Train Loss: 6.6018, Validation Loss: 6.0798
Epoch 173/1000, Train Loss: 22.4707, Validation Loss: 6.1945
Epoch 174/1000, Train Loss: 7.9694, Validation Loss: 6.1434
Epoch 175/1000, Train Loss: 662.8089, Validation Loss: 6.1941
Epoch 176/1000, Train Loss: 6.3154, Validation Loss: 6.0730
Epoch 177/1000, Train Loss: 6.2541, Validation Loss: 6.0676
Epoch 178/1000, Train Loss: 6.2435, Validation Loss: 6.3648
Epoch 179/1000, Train Loss: 72.6936, Validation Loss: 6.5133
Epoch 180/1000, Train Loss: 6.3283, Validation Loss: 6.0918
Epoch 181/1000, Train Loss: 37.3232, Validation Loss: 6.3456
Epoch 182/1000, Train Loss: 6.4529, Validation Loss: 6.2654
Epoch 183/1000, Train Loss: 6.5326, Validation Loss: 6.1042
Epoch 184/1000, Train Loss: 49.6793, Validation Loss: 6.2947
Epoch 185/1000, Train Loss: 6.2668, Validation Loss: 6.4030
Epoch 186/1000, Train Loss: 6.2486, Validation Loss: 6.6142
Epoch 187/1000, Train Loss: 29.8242, Validation Loss: 6.5116
Epoch 188/1000, Train Loss: 6.2971, Validation Loss: 6.2599
Epoch 189/1000, Train Loss: 6.2604, Validation Loss: 6.4715
Epoch 190/1000, Train Loss: 51.8536, Validation Loss: 6.2558
Epoch 191/1000, Train Loss: 245.4396, Validation Loss: 6.1158
Epoch 192/1000, Train Loss: 118.9574, Validation Loss: 6.1810
Epoch 193/1000, Train Loss: 6.3022, Validation Loss: 6.5580
Epoch 194/1000, Train Loss: 43.2004, Validation Loss: 6.0784
Epoch 195/1000, Train Loss: 30.1366, Validation Loss: 6.1161
Epoch 196/1000, Train Loss: 6.2539, Validation Loss: 6.3469
Epoch 197/1000, Train Loss: 6.2891, Validation Loss: 6.0971
Epoch 198/1000, Train Loss: 6.3155, Validation Loss: 6.2539
Epoch 199/1000, Train Loss: 8.2377, Validation Loss: 6.1214
Epoch 200/1000, Train Loss: 6.2217, Validation Loss: 6.4051
Epoch 201/1000, Train Loss: 79.9207, Validation Loss: 7.1337
Epoch 202/1000, Train Loss: 6.3674, Validation Loss: 6.4148
Epoch 203/1000, Train Loss: 6.3927, Validation Loss: 6.3499
Epoch 204/1000, Train Loss: 57.4077, Validation Loss: 6.1086
Epoch 205/1000, Train Loss: 6.3976, Validation Loss: 6.1482
Epoch 206/1000, Train Loss: 43.4570, Validation Loss: 6.5365
Epoch 207/1000, Train Loss: 6.3096, Validation Loss: 6.1084
Epoch 208/1000, Train Loss: 41.1117, Validation Loss: 6.7853
Epoch 209/1000, Train Loss: 6.2793, Validation Loss: 6.2741
Epoch 210/1000, Train Loss: 8.7540, Validation Loss: 6.0621
Epoch 211/1000, Train Loss: 6.9306, Validation Loss: 6.5597
Epoch 212/1000, Train Loss: 207764.4059, Validation Loss: 6.2986
Epoch 213/1000, Train Loss: 6.2730, Validation Loss: 6.0581
Epoch 214/1000, Train Loss: 10.6490, Validation Loss: 6.1137
Epoch 215/1000, Train Loss: 6.3951, Validation Loss: 6.1548
Epoch 216/1000, Train Loss: 6.2784, Validation Loss: 7.7050
Epoch 217/1000, Train Loss: 115.5390, Validation Loss: 6.3409
Epoch 218/1000, Train Loss: 6.2434, Validation Loss: 6.0567
Epoch 219/1000, Train Loss: 7.3572, Validation Loss: 6.0633
Epoch 220/1000, Train Loss: 254.8210, Validation Loss: 6.1216
Epoch 221/1000, Train Loss: 6.2751, Validation Loss: 6.0746
Epoch 222/1000, Train Loss: 13.5175, Validation Loss: 6.1801
Epoch 223/1000, Train Loss: 8.5261, Validation Loss: 6.0885
Epoch 224/1000, Train Loss: 16.3551, Validation Loss: 6.4208
Epoch 225/1000, Train Loss: 12.9001, Validation Loss: 6.2279
Epoch 226/1000, Train Loss: 13.0618, Validation Loss: 6.1053
Epoch 227/1000, Train Loss: 187.9140, Validation Loss: 6.4324
Epoch 228/1000, Train Loss: 6.2834, Validation Loss: 6.0693
Epoch 229/1000, Train Loss: 30.7893, Validation Loss: 6.0834
Epoch 230/1000, Train Loss: 14.3324, Validation Loss: 6.0994
Epoch 231/1000, Train Loss: 6.3155, Validation Loss: 6.0624
Epoch 232/1000, Train Loss: 6.3773, Validation Loss: 6.0588
Epoch 233/1000, Train Loss: 7.1052, Validation Loss: 6.2712
Epoch 234/1000, Train Loss: 1713.8654, Validation Loss: 6.1025
Epoch 235/1000, Train Loss: 1075.6067, Validation Loss: 6.1491
Epoch 236/1000, Train Loss: 6.6358, Validation Loss: 6.0620
Epoch 237/1000, Train Loss: 6.3694, Validation Loss: 6.0971
Epoch 238/1000, Train Loss: 6.9803, Validation Loss: 6.0723
Epoch 239/1000, Train Loss: 6.2892, Validation Loss: 6.6275
Epoch 240/1000, Train Loss: 6.3345, Validation Loss: 6.0785
Epoch 241/1000, Train Loss: 47.2893, Validation Loss: 6.0573
Epoch 242/1000, Train Loss: 6.3353, Validation Loss: 6.0639
Epoch 243/1000, Train Loss: 9.2124, Validation Loss: 6.6948
Epoch 244/1000, Train Loss: 18.1785, Validation Loss: 6.2026
Epoch 245/1000, Train Loss: 53.0235, Validation Loss: 6.0629
Epoch 246/1000, Train Loss: 6.2148, Validation Loss: 6.0722
Epoch 247/1000, Train Loss: 250.1090, Validation Loss: 6.0925
Epoch 248/1000, Train Loss: 399.9119, Validation Loss: 6.1208
Epoch 249/1000, Train Loss: 117.0694, Validation Loss: 6.8763
Epoch 250/1000, Train Loss: 144.5714, Validation Loss: 6.4281
Epoch 251/1000, Train Loss: 6.2800, Validation Loss: 6.0907
Epoch 252/1000, Train Loss: 53.4976, Validation Loss: 6.1406
Epoch 253/1000, Train Loss: 7.0544, Validation Loss: 6.3301
Epoch 254/1000, Train Loss: 6831.6357, Validation Loss: 6.0565
Epoch 255/1000, Train Loss: 16.2335, Validation Loss: 6.0839
Epoch 256/1000, Train Loss: 786.1516, Validation Loss: 6.0923
Epoch 257/1000, Train Loss: 199.7435, Validation Loss: 7.2252
Epoch 258/1000, Train Loss: 6.4268, Validation Loss: 6.3368
Epoch 259/1000, Train Loss: 139.1994, Validation Loss: 6.1626
Epoch 260/1000, Train Loss: 6.2684, Validation Loss: 6.1411
Epoch 261/1000, Train Loss: 10.4041, Validation Loss: 6.0759
Epoch 262/1000, Train Loss: 6.3766, Validation Loss: 6.0911
Epoch 263/1000, Train Loss: 37.1206, Validation Loss: 6.1902
Epoch 264/1000, Train Loss: 94.8618, Validation Loss: 6.0898
Epoch 265/1000, Train Loss: 6.9718, Validation Loss: 40.0467
Epoch 266/1000, Train Loss: 8262.7339, Validation Loss: 6.0604
Epoch 267/1000, Train Loss: 6.2996, Validation Loss: 6.1208
Epoch 268/1000, Train Loss: 1296.6038, Validation Loss: 7.0945
Epoch 269/1000, Train Loss: 6.2993, Validation Loss: 114335231.5062
Epoch 270/1000, Train Loss: 460866.0033, Validation Loss: 6.1125
Epoch 271/1000, Train Loss: 6.2876, Validation Loss: 6.0711
Epoch 272/1000, Train Loss: 21.9693, Validation Loss: 6.0715
Epoch 273/1000, Train Loss: 6.3384, Validation Loss: 6.0563
Epoch 274/1000, Train Loss: 6.5333, Validation Loss: 6.0604
Epoch 275/1000, Train Loss: 6.2703, Validation Loss: 6.1488
Epoch 276/1000, Train Loss: 28.8991, Validation Loss: 6.0703
Epoch 277/1000, Train Loss: 8.9498, Validation Loss: 6.0944
Epoch 278/1000, Train Loss: 7.4264, Validation Loss: 6.1932
Epoch 279/1000, Train Loss: 6.4192, Validation Loss: 6.2561
Epoch 280/1000, Train Loss: 6.2899, Validation Loss: 6.0633
Epoch 281/1000, Train Loss: 6.4971, Validation Loss: 6.0569
Epoch 282/1000, Train Loss: 8.8318, Validation Loss: 5.7822
Epoch 283/1000, Train Loss: 6.3087, Validation Loss: 6.1347
Epoch 284/1000, Train Loss: 6748.6278, Validation Loss: 6.3583
Epoch 285/1000, Train Loss: 6.3578, Validation Loss: 6.0795
Epoch 286/1000, Train Loss: 6.3514, Validation Loss: 6.1846
Epoch 287/1000, Train Loss: 60.1318, Validation Loss: 6.9472
Epoch 288/1000, Train Loss: 10.1355, Validation Loss: 6.1292
Epoch 289/1000, Train Loss: 36.7366, Validation Loss: 6.1824
Epoch 290/1000, Train Loss: 1388.4054, Validation Loss: 6.0714
Epoch 291/1000, Train Loss: 6.3459, Validation Loss: 7.1257
Epoch 292/1000, Train Loss: 22.1441, Validation Loss: 6.3508
Epoch 293/1000, Train Loss: 11.7408, Validation Loss: 6.1840
Epoch 294/1000, Train Loss: 6.3467, Validation Loss: 6.3174
Epoch 295/1000, Train Loss: 6.4016, Validation Loss: 6.0724
Epoch 296/1000, Train Loss: 71.2903, Validation Loss: 6.1195
Epoch 297/1000, Train Loss: 6.3109, Validation Loss: 6.1465
Epoch 298/1000, Train Loss: 8.3255, Validation Loss: 6.0580
Epoch 299/1000, Train Loss: 6.2511, Validation Loss: 6.0792
Epoch 300/1000, Train Loss: 71.3800, Validation Loss: 6.1173
Epoch 301/1000, Train Loss: 6.2548, Validation Loss: 6.1225
Epoch 302/1000, Train Loss: 10.1328, Validation Loss: 6.0646
Epoch 303/1000, Train Loss: 6.3076, Validation Loss: 6.1505
Epoch 304/1000, Train Loss: 59.4661, Validation Loss: 6.7398
Epoch 305/1000, Train Loss: 6.2566, Validation Loss: 6.3010
Epoch 306/1000, Train Loss: 244.6939, Validation Loss: 6.1220
Epoch 307/1000, Train Loss: 6.3245, Validation Loss: 6.0648
Epoch 308/1000, Train Loss: 144.3898, Validation Loss: 6.0649
Epoch 309/1000, Train Loss: 6.3364, Validation Loss: 6.0671
Epoch 310/1000, Train Loss: 6.2347, Validation Loss: 6.0599
Epoch 311/1000, Train Loss: 7.5422, Validation Loss: 6.3769
Epoch 312/1000, Train Loss: 6.2171, Validation Loss: 6.0629
Epoch 313/1000, Train Loss: 392.4462, Validation Loss: 6.4027
Epoch 314/1000, Train Loss: 6.2629, Validation Loss: 6.0577
Epoch 315/1000, Train Loss: 9.4998, Validation Loss: 6.1860
Epoch 316/1000, Train Loss: 6.3155, Validation Loss: 6.0657
Epoch 317/1000, Train Loss: 8.2183, Validation Loss: 6.2290
Epoch 318/1000, Train Loss: 81.8875, Validation Loss: 6.1088
Epoch 319/1000, Train Loss: 6.2937, Validation Loss: 6.2236
Epoch 320/1000, Train Loss: 1513.1481, Validation Loss: 6.0769
Epoch 321/1000, Train Loss: 12.1545, Validation Loss: 6.1373
Epoch 322/1000, Train Loss: 279.3001, Validation Loss: 31.1277
Epoch 323/1000, Train Loss: 86.5454, Validation Loss: 6.4270
Epoch 324/1000, Train Loss: 6.3407, Validation Loss: 6.1402
Epoch 325/1000, Train Loss: 41.5101, Validation Loss: 6.0587
Epoch 326/1000, Train Loss: 6.3637, Validation Loss: 6.1893
Epoch 327/1000, Train Loss: 189.2212, Validation Loss: 6.0785
Epoch 328/1000, Train Loss: 11.5401, Validation Loss: 6.4688
Epoch 329/1000, Train Loss: 8.3253, Validation Loss: 6.0582
Epoch 330/1000, Train Loss: 19.3945, Validation Loss: 6.3172
Epoch 331/1000, Train Loss: 6.4295, Validation Loss: 6.2219
Epoch 332/1000, Train Loss: 6.3225, Validation Loss: 6.1848
Epoch 333/1000, Train Loss: 7.8665, Validation Loss: 6.0807
Epoch 334/1000, Train Loss: 371.4598, Validation Loss: 6.1083
Epoch 335/1000, Train Loss: 25.4015, Validation Loss: 6.0564
Epoch 336/1000, Train Loss: 6.2470, Validation Loss: 6.1969
Epoch 337/1000, Train Loss: 6.2780, Validation Loss: 6.1531
Epoch 338/1000, Train Loss: 6.2675, Validation Loss: 6.3183
Epoch 339/1000, Train Loss: 5832.4709, Validation Loss: 6.4951
Epoch 340/1000, Train Loss: 7.8125, Validation Loss: 6.1634
Epoch 341/1000, Train Loss: 559.2130, Validation Loss: 6.1352
Epoch 342/1000, Train Loss: 6.2570, Validation Loss: 6.1049
Epoch 343/1000, Train Loss: 10.8309, Validation Loss: 6.0900
Epoch 344/1000, Train Loss: 7.1307, Validation Loss: 6.1206
Epoch 345/1000, Train Loss: 591.1873, Validation Loss: 6.9897
Epoch 346/1000, Train Loss: 6.2881, Validation Loss: 6.1807
Epoch 347/1000, Train Loss: 6.2880, Validation Loss: 6.1585
Epoch 348/1000, Train Loss: 6.2996, Validation Loss: 6.1357
Epoch 349/1000, Train Loss: 133397.6287, Validation Loss: 6.0625
Epoch 350/1000, Train Loss: 63.5569, Validation Loss: 6.2735
Epoch 351/1000, Train Loss: 7.5767, Validation Loss: 6.2183
Epoch 352/1000, Train Loss: 6.3548, Validation Loss: 6.1647
Epoch 353/1000, Train Loss: 6.4936, Validation Loss: 6.2087
Epoch 354/1000, Train Loss: 6.2885, Validation Loss: 6.3644
Epoch 355/1000, Train Loss: 9.7018, Validation Loss: 6.0585
Epoch 356/1000, Train Loss: 14.3756, Validation Loss: 6.7541
Epoch 357/1000, Train Loss: 1451.6656, Validation Loss: 6.1555
Epoch 358/1000, Train Loss: 6.2517, Validation Loss: 6.2107
Epoch 359/1000, Train Loss: 323.8629, Validation Loss: 6.2793
Epoch 360/1000, Train Loss: 66.7573, Validation Loss: 6.0216
Epoch 361/1000, Train Loss: 596.2778, Validation Loss: 6.0578
Epoch 362/1000, Train Loss: 1697.8030, Validation Loss: 7.1420
Epoch 363/1000, Train Loss: 129.0680, Validation Loss: 6.0836
Epoch 364/1000, Train Loss: 6.8725, Validation Loss: 6.0917
Epoch 365/1000, Train Loss: 6.7394, Validation Loss: 6.1151
Epoch 366/1000, Train Loss: 19246.9078, Validation Loss: 6.0657
Epoch 367/1000, Train Loss: 87.4898, Validation Loss: 6.2558
Epoch 368/1000, Train Loss: 386.0468, Validation Loss: 6.0681
Epoch 369/1000, Train Loss: 6.2959, Validation Loss: 6.1735
Epoch 370/1000, Train Loss: 6.2650, Validation Loss: 6.0597
Epoch 371/1000, Train Loss: 4063.8212, Validation Loss: 6.0776
Epoch 372/1000, Train Loss: 12.3508, Validation Loss: 6.0654
Epoch 373/1000, Train Loss: 6.2907, Validation Loss: 6.4621
Epoch 374/1000, Train Loss: 446.3555, Validation Loss: 6.1414
Epoch 375/1000, Train Loss: 19.6711, Validation Loss: 6.8001
Epoch 376/1000, Train Loss: 6.2926, Validation Loss: 6.0671
Epoch 377/1000, Train Loss: 6.3028, Validation Loss: 6.1346
Epoch 378/1000, Train Loss: 11.4741, Validation Loss: 6.0722
Epoch 379/1000, Train Loss: 7.0222, Validation Loss: 6.2333
Epoch 380/1000, Train Loss: 6.7999, Validation Loss: 6.1748
Epoch 381/1000, Train Loss: 6.2781, Validation Loss: 6.2494
Epoch 382/1000, Train Loss: 149.3649, Validation Loss: 6.1167
Epoch 383/1000, Train Loss: 6.2536, Validation Loss: 6.0858
Epoch 384/1000, Train Loss: 313.4290, Validation Loss: 6.4492
Epoch 385/1000, Train Loss: 6.2325, Validation Loss: 6.3810
Epoch 386/1000, Train Loss: 6.3745, Validation Loss: 6.1034
Epoch 387/1000, Train Loss: 6.3070, Validation Loss: 6.3732
Epoch 388/1000, Train Loss: 8.0421, Validation Loss: 6.3192
Epoch 389/1000, Train Loss: 8.8607, Validation Loss: 6.3594
Epoch 390/1000, Train Loss: 6.3388, Validation Loss: 6.5934
Epoch 391/1000, Train Loss: 1635.1002, Validation Loss: 6.1024
Epoch 392/1000, Train Loss: 10.2008, Validation Loss: 6.0674
Epoch 393/1000, Train Loss: 6.3949, Validation Loss: 6.9270
Epoch 394/1000, Train Loss: 6.2885, Validation Loss: 6.3082
Epoch 395/1000, Train Loss: 6.7551, Validation Loss: 6.0767
Epoch 396/1000, Train Loss: 6.3822, Validation Loss: 6.2201
Epoch 397/1000, Train Loss: 23.0401, Validation Loss: 6.7167
Epoch 398/1000, Train Loss: 12.2214, Validation Loss: 6.2198
Epoch 399/1000, Train Loss: 6.4508, Validation Loss: 6.1213
Epoch 400/1000, Train Loss: 7.2873, Validation Loss: 6.4437
Epoch 401/1000, Train Loss: 6.4735, Validation Loss: 6.0746
Epoch 402/1000, Train Loss: 33.2349, Validation Loss: 6.3638
Epoch 403/1000, Train Loss: 574.6744, Validation Loss: 6.1696
Epoch 404/1000, Train Loss: 75427.2010, Validation Loss: 6.0929
Epoch 405/1000, Train Loss: 6.2704, Validation Loss: 6.2326
Epoch 406/1000, Train Loss: 6.4435, Validation Loss: 6.0926
Epoch 407/1000, Train Loss: 12.8535, Validation Loss: 6.2889
Epoch 408/1000, Train Loss: 184.6890, Validation Loss: 1995837.1157
Epoch 409/1000, Train Loss: 1861.1481, Validation Loss: 6.7687
Epoch 410/1000, Train Loss: 6.4960, Validation Loss: 6.0831
Epoch 411/1000, Train Loss: 194.6998, Validation Loss: 6.1592
Epoch 412/1000, Train Loss: 6.9146, Validation Loss: 12.5039
Epoch 413/1000, Train Loss: 22.8320, Validation Loss: 6.4542
Epoch 414/1000, Train Loss: 8.5959, Validation Loss: 6.0791
Epoch 415/1000, Train Loss: 6.3250, Validation Loss: 6.4234
Epoch 416/1000, Train Loss: 123.1533, Validation Loss: 6.1973
Epoch 417/1000, Train Loss: 991.3586, Validation Loss: 6.0730
Epoch 418/1000, Train Loss: 6.2921, Validation Loss: 6.0584
Epoch 419/1000, Train Loss: 33954.6608, Validation Loss: 6.1207
Epoch 420/1000, Train Loss: 6.2997, Validation Loss: 6.0579
Epoch 421/1000, Train Loss: 6.7375, Validation Loss: 6.0624
Epoch 422/1000, Train Loss: 30.0955, Validation Loss: 6.2494
Epoch 423/1000, Train Loss: 6.2604, Validation Loss: 6.0567
Epoch 424/1000, Train Loss: 6.4436, Validation Loss: 6.0598
Epoch 425/1000, Train Loss: 7.5925, Validation Loss: 6.0948
Epoch 426/1000, Train Loss: 6.9191, Validation Loss: 6.2485
Epoch 427/1000, Train Loss: 7.9468, Validation Loss: 6.0576
Epoch 428/1000, Train Loss: 16.1499, Validation Loss: 6.0635
Epoch 429/1000, Train Loss: 8.0280, Validation Loss: 6.0801
Epoch 430/1000, Train Loss: 50.4818, Validation Loss: 6.2634
Epoch 431/1000, Train Loss: 3028.7500, Validation Loss: 8.0084
Epoch 432/1000, Train Loss: 6.2423, Validation Loss: 6.0565
Epoch 433/1000, Train Loss: 7.1202, Validation Loss: 6.8412
Epoch 434/1000, Train Loss: 270.4702, Validation Loss: 6.1234
Epoch 435/1000, Train Loss: 6.2305, Validation Loss: 6.4807
Epoch 436/1000, Train Loss: 19.5481, Validation Loss: 6.1455
Epoch 437/1000, Train Loss: 12.9605, Validation Loss: 6.1918
Epoch 438/1000, Train Loss: 6.2842, Validation Loss: 6.2317
Epoch 439/1000, Train Loss: 23.7620, Validation Loss: 6.1566
Epoch 440/1000, Train Loss: 16.4459, Validation Loss: 6.0982
Epoch 441/1000, Train Loss: 81.3564, Validation Loss: 6.0838
Epoch 442/1000, Train Loss: 6.3266, Validation Loss: 6.1049
Epoch 443/1000, Train Loss: 6.2477, Validation Loss: 6.0563
Epoch 444/1000, Train Loss: 9887.8485, Validation Loss: 6.0826
Epoch 445/1000, Train Loss: 10.6257, Validation Loss: 6.3390
Epoch 446/1000, Train Loss: 7.4540, Validation Loss: 6.1457
Epoch 447/1000, Train Loss: 7.9845, Validation Loss: 6.0787
Epoch 448/1000, Train Loss: 6.2624, Validation Loss: 6.0629
Epoch 449/1000, Train Loss: 52.9696, Validation Loss: 6.2098
Epoch 450/1000, Train Loss: 10.6812, Validation Loss: 6.4483
Epoch 451/1000, Train Loss: 6.7870, Validation Loss: 6.0916
Epoch 452/1000, Train Loss: 13.0785, Validation Loss: 6.2979
Epoch 453/1000, Train Loss: 6.2737, Validation Loss: 6.7096
Epoch 454/1000, Train Loss: 6.3116, Validation Loss: 6.0622
Epoch 455/1000, Train Loss: 6.2702, Validation Loss: 6.3003
Epoch 456/1000, Train Loss: 3305.1552, Validation Loss: 6.7838
Epoch 457/1000, Train Loss: 6.3709, Validation Loss: 6.1215
Epoch 458/1000, Train Loss: 11.6624, Validation Loss: 6.0607
Epoch 459/1000, Train Loss: 17.0339, Validation Loss: 6.0694
Epoch 460/1000, Train Loss: 6.2854, Validation Loss: 6.0847
Epoch 461/1000, Train Loss: 7.3400, Validation Loss: 6.0848
Epoch 462/1000, Train Loss: 6.3205, Validation Loss: 6.0815
Epoch 463/1000, Train Loss: 11.0504, Validation Loss: 6.0675
Epoch 464/1000, Train Loss: 831.9715, Validation Loss: 6.2351
Epoch 465/1000, Train Loss: 180.7631, Validation Loss: 6.2572
Epoch 466/1000, Train Loss: 12.1533, Validation Loss: 6.7065
Epoch 467/1000, Train Loss: 6.6802, Validation Loss: 6.1202
Epoch 468/1000, Train Loss: 9.4713, Validation Loss: 6.3986
Epoch 469/1000, Train Loss: 7.1463, Validation Loss: 6.0585
Epoch 470/1000, Train Loss: 6.2535, Validation Loss: 6.6066
Epoch 471/1000, Train Loss: 6.6838, Validation Loss: 6.2473
Epoch 472/1000, Train Loss: 6.2789, Validation Loss: 6.1628
Epoch 473/1000, Train Loss: 6.6491, Validation Loss: 6.0721
Epoch 474/1000, Train Loss: 6.3158, Validation Loss: 6.5329
Epoch 475/1000, Train Loss: 10.8173, Validation Loss: 6.0811
Epoch 476/1000, Train Loss: 6.2677, Validation Loss: 6.0598
Epoch 477/1000, Train Loss: 6.2826, Validation Loss: 6.2236
Epoch 478/1000, Train Loss: 9727.6918, Validation Loss: 6.1908
Epoch 479/1000, Train Loss: 39.2829, Validation Loss: 6.4313
Epoch 480/1000, Train Loss: 6.6160, Validation Loss: 6.0882
Epoch 481/1000, Train Loss: 6.5985, Validation Loss: 5.5030
Epoch 482/1000, Train Loss: 6.9950, Validation Loss: 6.6248
Epoch 483/1000, Train Loss: 6.5398, Validation Loss: 6.3183
Epoch 484/1000, Train Loss: 219.7653, Validation Loss: 6.0570
Epoch 485/1000, Train Loss: 6.2867, Validation Loss: 6.2746
Epoch 486/1000, Train Loss: 133.2906, Validation Loss: 6.1904
Epoch 487/1000, Train Loss: 6.3096, Validation Loss: 6.1600
Epoch 488/1000, Train Loss: 6.4314, Validation Loss: 6.1138
Epoch 489/1000, Train Loss: 6.2672, Validation Loss: 6.1269
Epoch 490/1000, Train Loss: 16.5534, Validation Loss: 6.1041
Epoch 491/1000, Train Loss: 226.4798, Validation Loss: 6.2381
Epoch 492/1000, Train Loss: 12.8707, Validation Loss: 6.0696
Epoch 493/1000, Train Loss: 47.7303, Validation Loss: 6.0712
Epoch 494/1000, Train Loss: 22.4982, Validation Loss: 6.0734
Epoch 495/1000, Train Loss: 6.2864, Validation Loss: 6.0628
Epoch 496/1000, Train Loss: 9.9751, Validation Loss: 6.3291
Epoch 497/1000, Train Loss: 9.3170, Validation Loss: 6.5963
Epoch 498/1000, Train Loss: 6.2949, Validation Loss: 6.1128
Epoch 499/1000, Train Loss: 7.9894, Validation Loss: 6.0612
Epoch 500/1000, Train Loss: 23.9398, Validation Loss: 6.3153
Epoch 501/1000, Train Loss: 11.0899, Validation Loss: 6.2783
Epoch 502/1000, Train Loss: 93.0553, Validation Loss: 6.1426
Epoch 503/1000, Train Loss: 17.0291, Validation Loss: 6.2169
Epoch 504/1000, Train Loss: 7.3960, Validation Loss: 6.5504
Epoch 505/1000, Train Loss: 6.2601, Validation Loss: 6.1191
Epoch 506/1000, Train Loss: 22.0289, Validation Loss: 6.1406
Epoch 507/1000, Train Loss: 11.0569, Validation Loss: 6.2354
Epoch 508/1000, Train Loss: 23.7432, Validation Loss: 6.1642
Epoch 509/1000, Train Loss: 6.2902, Validation Loss: 6.0749
Epoch 510/1000, Train Loss: 5884.1947, Validation Loss: 6.1157
Epoch 511/1000, Train Loss: 6.2586, Validation Loss: 6.0564
Epoch 512/1000, Train Loss: 6.3174, Validation Loss: 6.0701
Epoch 513/1000, Train Loss: 9.6774, Validation Loss: 6.1769
Epoch 514/1000, Train Loss: 6.2445, Validation Loss: 6.1423
Epoch 515/1000, Train Loss: 6.4165, Validation Loss: 6.0589
Epoch 516/1000, Train Loss: 8.3514, Validation Loss: 6.1538
Epoch 517/1000, Train Loss: 13.3263, Validation Loss: 6.1195
Epoch 518/1000, Train Loss: 74.3414, Validation Loss: 6.0769
Epoch 519/1000, Train Loss: 43.8466, Validation Loss: 6.0619
Epoch 520/1000, Train Loss: 6.2824, Validation Loss: 6.1808
Epoch 521/1000, Train Loss: 219.2266, Validation Loss: 6.1714
Epoch 522/1000, Train Loss: 30.5522, Validation Loss: 6.0807
Epoch 523/1000, Train Loss: 6.9852, Validation Loss: 6.1009
Epoch 524/1000, Train Loss: 6.2712, Validation Loss: 6.1013
Epoch 525/1000, Train Loss: 8.1947, Validation Loss: 6.2351
Epoch 526/1000, Train Loss: 6.2963, Validation Loss: 6.0647
Epoch 527/1000, Train Loss: 25.6882, Validation Loss: 6.1958
Epoch 528/1000, Train Loss: 6.3507, Validation Loss: 6.1411
Epoch 529/1000, Train Loss: 85.3184, Validation Loss: 6.0596
Epoch 530/1000, Train Loss: 34.4503, Validation Loss: 6.7784
Epoch 531/1000, Train Loss: 6.2729, Validation Loss: 6.2434
Epoch 532/1000, Train Loss: 2162.1624, Validation Loss: 7.2438
Epoch 533/1000, Train Loss: 6.2466, Validation Loss: 6.0715
Epoch 534/1000, Train Loss: 6.2884, Validation Loss: 6.2069
Epoch 535/1000, Train Loss: 6.9854, Validation Loss: 6.4053
Epoch 536/1000, Train Loss: 10.9442, Validation Loss: 6.0598
Epoch 537/1000, Train Loss: 6.3090, Validation Loss: 6.1483
Epoch 538/1000, Train Loss: 6.2440, Validation Loss: 6.0573
Epoch 539/1000, Train Loss: 130.1205, Validation Loss: 6.0708
Epoch 540/1000, Train Loss: 6.2446, Validation Loss: 6.4896
Epoch 541/1000, Train Loss: 6.6537, Validation Loss: 4.3726
Epoch 542/1000, Train Loss: 3.0521, Validation Loss: 8.2386
Epoch 543/1000, Train Loss: 2.1722, Validation Loss: 3.5475
Epoch 544/1000, Train Loss: 1.8339, Validation Loss: 1.6701
Epoch 545/1000, Train Loss: 1.5353, Validation Loss: 4.4027
Epoch 546/1000, Train Loss: 475.3683, Validation Loss: 6.8960
Epoch 547/1000, Train Loss: 2.0430, Validation Loss: 5.3614
Epoch 548/1000, Train Loss: 1.9773, Validation Loss: 2.1205
Epoch 549/1000, Train Loss: 1.4797, Validation Loss: 1.5591
Epoch 550/1000, Train Loss: 19.2654, Validation Loss: 3.7779
Epoch 551/1000, Train Loss: 1.5327, Validation Loss: 1.4231
Epoch 552/1000, Train Loss: 1.3890, Validation Loss: 2.9217
Epoch 553/1000, Train Loss: 5.1073, Validation Loss: 5.1579
Epoch 554/1000, Train Loss: 1.5669, Validation Loss: 3.0373
Epoch 555/1000, Train Loss: 1.5017, Validation Loss: 5.1164
Epoch 556/1000, Train Loss: 1.3787, Validation Loss: 4.0815
Epoch 557/1000, Train Loss: 69.2912, Validation Loss: 1.1412
Epoch 558/1000, Train Loss: 1.5418, Validation Loss: 4.2721
Epoch 559/1000, Train Loss: 1.6377, Validation Loss: 1.8165
Epoch 560/1000, Train Loss: 1.7762, Validation Loss: 2.8900
Epoch 561/1000, Train Loss: 1.5270, Validation Loss: 2.4293
Epoch 562/1000, Train Loss: 1.3625, Validation Loss: 2.8755
Epoch 563/1000, Train Loss: 30.7658, Validation Loss: 8.5202
Epoch 564/1000, Train Loss: 1.4504, Validation Loss: 3.7476
Epoch 565/1000, Train Loss: 1.9656, Validation Loss: 2.7881
Epoch 566/1000, Train Loss: 1.3770, Validation Loss: 4.1684
Epoch 567/1000, Train Loss: 1.3044, Validation Loss: 1.4164
Epoch 568/1000, Train Loss: 4.4544, Validation Loss: 2.0270
Epoch 569/1000, Train Loss: 1.3799, Validation Loss: 3.9560
Epoch 570/1000, Train Loss: 2.4800, Validation Loss: 7.5296
Epoch 571/1000, Train Loss: 1.4047, Validation Loss: 7.4951
Epoch 572/1000, Train Loss: 1.5491, Validation Loss: 1.9536
Epoch 573/1000, Train Loss: 1.8458, Validation Loss: 3.0792
Epoch 574/1000, Train Loss: 11.4903, Validation Loss: 2.3216
Epoch 575/1000, Train Loss: 1.3793, Validation Loss: 1.3678
Epoch 576/1000, Train Loss: 1.5186, Validation Loss: 1.7126
Epoch 577/1000, Train Loss: 1.2499, Validation Loss: 1.8097
Epoch 578/1000, Train Loss: 1.2534, Validation Loss: 3.0970
Epoch 579/1000, Train Loss: 3.9972, Validation Loss: 3.0680
Epoch 580/1000, Train Loss: 5009.3608, Validation Loss: 3.6108
Epoch 581/1000, Train Loss: 1.3174, Validation Loss: 6.0727
Epoch 582/1000, Train Loss: 1.3202, Validation Loss: 1.1922
Epoch 583/1000, Train Loss: 1.2020, Validation Loss: 2.4148
Epoch 584/1000, Train Loss: 13.5994, Validation Loss: 1.7458
Epoch 585/1000, Train Loss: 10.5361, Validation Loss: 3.2014
Epoch 586/1000, Train Loss: 8.1646, Validation Loss: 7.5892
Epoch 587/1000, Train Loss: 1.2525, Validation Loss: 1.1900
Epoch 588/1000, Train Loss: 1.1825, Validation Loss: 2.7521
Epoch 589/1000, Train Loss: 3.4252, Validation Loss: 3.9284
Epoch 590/1000, Train Loss: 2.1725, Validation Loss: 5.4847
Epoch 591/1000, Train Loss: 8.5293, Validation Loss: 2.5119
Epoch 592/1000, Train Loss: 1.5334, Validation Loss: 4.9593
Epoch 593/1000, Train Loss: 1.1947, Validation Loss: 4.2399
Epoch 594/1000, Train Loss: 1.1763, Validation Loss: 4.4309
Epoch 595/1000, Train Loss: 875839.2279, Validation Loss: 6.1924
Epoch 596/1000, Train Loss: 6.7194, Validation Loss: 6.4765
Epoch 597/1000, Train Loss: 6.4956, Validation Loss: 6.0930
Epoch 598/1000, Train Loss: 3.0160, Validation Loss: 1.0682
Epoch 599/1000, Train Loss: 7.8435, Validation Loss: 6.2862
Epoch 600/1000, Train Loss: 4.3333, Validation Loss: 1.8058
Epoch 601/1000, Train Loss: 1.4217, Validation Loss: 1.2813
Epoch 602/1000, Train Loss: 472.7820, Validation Loss: 6.9723
Epoch 603/1000, Train Loss: 6.5758, Validation Loss: 6.3775
Epoch 604/1000, Train Loss: 6.3486, Validation Loss: 6.0668
Epoch 605/1000, Train Loss: 7.3761, Validation Loss: 6.4607
Epoch 606/1000, Train Loss: 6.2662, Validation Loss: 6.0611
Epoch 607/1000, Train Loss: 131.1511, Validation Loss: 6.2548
Epoch 608/1000, Train Loss: 7.2245, Validation Loss: 6.6520
Epoch 609/1000, Train Loss: 6.4442, Validation Loss: 6.0832
Epoch 610/1000, Train Loss: 14.7883, Validation Loss: 6.1891
Epoch 611/1000, Train Loss: 66.3333, Validation Loss: 6.2781
Epoch 612/1000, Train Loss: 7.3077, Validation Loss: 6.1794
Epoch 613/1000, Train Loss: 40.3323, Validation Loss: 6.0564
Epoch 614/1000, Train Loss: 7.1759, Validation Loss: 6.1341
Epoch 615/1000, Train Loss: 16.2655, Validation Loss: 6.1272
Epoch 616/1000, Train Loss: 380.1257, Validation Loss: 6.0588
Epoch 617/1000, Train Loss: 6.2662, Validation Loss: 6.1081
Epoch 618/1000, Train Loss: 6.2543, Validation Loss: 6.5594
Epoch 619/1000, Train Loss: 64061.6281, Validation Loss: 7.1847
Epoch 620/1000, Train Loss: 6.2601, Validation Loss: 6.0668
Epoch 621/1000, Train Loss: 239.0617, Validation Loss: 6.0985
Epoch 622/1000, Train Loss: 6.2523, Validation Loss: 6.2069
Epoch 623/1000, Train Loss: 7.4406, Validation Loss: 6.2014
Epoch 624/1000, Train Loss: 6.2230, Validation Loss: 7.1450
Epoch 625/1000, Train Loss: 22.6508, Validation Loss: 6.1029
Epoch 626/1000, Train Loss: 6.2599, Validation Loss: 6.5394
Epoch 627/1000, Train Loss: 8.3843, Validation Loss: 6.1082
Epoch 628/1000, Train Loss: 7.5272, Validation Loss: 6.0628
Epoch 629/1000, Train Loss: 6.2723, Validation Loss: 6.8511
Epoch 630/1000, Train Loss: 1390.9256, Validation Loss: 6.0869
Epoch 631/1000, Train Loss: 6.2742, Validation Loss: 6.0894
Epoch 632/1000, Train Loss: 6.2575, Validation Loss: 6.0575
Epoch 633/1000, Train Loss: 9.0460, Validation Loss: 6.0856
Epoch 634/1000, Train Loss: 6.5189, Validation Loss: 6.0637
Epoch 635/1000, Train Loss: 216.3001, Validation Loss: 6.0729
Epoch 636/1000, Train Loss: 2681.6273, Validation Loss: 6.0703
Epoch 637/1000, Train Loss: 6.2808, Validation Loss: 6.6080
Epoch 638/1000, Train Loss: 130.7127, Validation Loss: 6.1115
Epoch 639/1000, Train Loss: 17.1224, Validation Loss: 6.2501
Epoch 640/1000, Train Loss: 6.2789, Validation Loss: 6.0843
Epoch 641/1000, Train Loss: 6.2920, Validation Loss: 6.1368
Epoch 642/1000, Train Loss: 6.7745, Validation Loss: 6.2626
Epoch 643/1000, Train Loss: 6.3668, Validation Loss: 6.1088
Epoch 644/1000, Train Loss: 6.4598, Validation Loss: 6.0980
Epoch 645/1000, Train Loss: 8.7266, Validation Loss: 6.4529
Epoch 646/1000, Train Loss: 6.2704, Validation Loss: 6.5791
Epoch 647/1000, Train Loss: 113384.0997, Validation Loss: 6.0612
Epoch 648/1000, Train Loss: 6.2276, Validation Loss: 6.1071
Epoch 649/1000, Train Loss: 6.3327, Validation Loss: 6.2398
Epoch 650/1000, Train Loss: 6.2487, Validation Loss: 6.1372
Epoch 651/1000, Train Loss: 147.1428, Validation Loss: 6.1931
Epoch 652/1000, Train Loss: 6.3119, Validation Loss: 6.2061
Epoch 653/1000, Train Loss: 6.2527, Validation Loss: 6.1216
Epoch 654/1000, Train Loss: 8.9348, Validation Loss: 6.0783
Epoch 655/1000, Train Loss: 6.3270, Validation Loss: 6.1276
Epoch 656/1000, Train Loss: 6.5187, Validation Loss: 6.2370
Epoch 657/1000, Train Loss: 7.7599, Validation Loss: 6.0604
Epoch 658/1000, Train Loss: 123.8420, Validation Loss: 6.0820
Epoch 659/1000, Train Loss: 6.3307, Validation Loss: 6.1638
Epoch 660/1000, Train Loss: 11.3949, Validation Loss: 6.4023
Epoch 661/1000, Train Loss: 8.6015, Validation Loss: 6.0903
Epoch 662/1000, Train Loss: 6.2377, Validation Loss: 6.2347
Epoch 663/1000, Train Loss: 6.7812, Validation Loss: 6.0747
Epoch 664/1000, Train Loss: 6.2955, Validation Loss: 6.0886
Epoch 665/1000, Train Loss: 7.7998, Validation Loss: 6.2264
Epoch 666/1000, Train Loss: 6.2784, Validation Loss: 6.9351
Epoch 667/1000, Train Loss: 6.3553, Validation Loss: 6.1376
Epoch 668/1000, Train Loss: 8476.2070, Validation Loss: 6.1216
Epoch 669/1000, Train Loss: 6.2830, Validation Loss: 6.0567
Epoch 670/1000, Train Loss: 6.2566, Validation Loss: 6.3326
Epoch 671/1000, Train Loss: 274.3830, Validation Loss: 6.0905
Epoch 672/1000, Train Loss: 6.2526, Validation Loss: 6.3023
Epoch 673/1000, Train Loss: 17.3183, Validation Loss: 6.1839
Epoch 674/1000, Train Loss: 8.2979, Validation Loss: 6.1654
Epoch 675/1000, Train Loss: 6.2411, Validation Loss: 6.1393
Epoch 676/1000, Train Loss: 6.2401, Validation Loss: 6.1252
Epoch 677/1000, Train Loss: 3245.6719, Validation Loss: 6.1474
Epoch 678/1000, Train Loss: 6.4012, Validation Loss: 6.0805
Epoch 679/1000, Train Loss: 6.2597, Validation Loss: 6.1266
Epoch 680/1000, Train Loss: 6.6169, Validation Loss: 7.8087
Epoch 681/1000, Train Loss: 14.2344, Validation Loss: 6.0901
Epoch 682/1000, Train Loss: 7.7340, Validation Loss: 6.4866
Epoch 683/1000, Train Loss: 6.3288, Validation Loss: 6.0663
Epoch 684/1000, Train Loss: 6.7981, Validation Loss: 6.4077
Epoch 685/1000, Train Loss: 12.3313, Validation Loss: 6.3332
Epoch 686/1000, Train Loss: 6.2622, Validation Loss: 6.1337
Epoch 687/1000, Train Loss: 338.8743, Validation Loss: 6.0621
Epoch 688/1000, Train Loss: 251.2455, Validation Loss: 6.0624
Epoch 689/1000, Train Loss: 6.2802, Validation Loss: 6.0975
Epoch 690/1000, Train Loss: 52.5031, Validation Loss: 6.4837
Epoch 691/1000, Train Loss: 6.3105, Validation Loss: 6.0569
Epoch 692/1000, Train Loss: 6.3158, Validation Loss: 6.0604
Epoch 693/1000, Train Loss: 6.8305, Validation Loss: 6.0623
Epoch 694/1000, Train Loss: 6.2654, Validation Loss: 6.2368
Epoch 695/1000, Train Loss: 6.3024, Validation Loss: 6.2403
Epoch 696/1000, Train Loss: 93.7010, Validation Loss: 6.1603
Epoch 697/1000, Train Loss: 6.3045, Validation Loss: 6.0703
Epoch 698/1000, Train Loss: 6.5848, Validation Loss: 193.3738
Epoch 699/1000, Train Loss: 324.0242, Validation Loss: 6.0600
Epoch 700/1000, Train Loss: 6.7519, Validation Loss: 6.0084
Epoch 701/1000, Train Loss: 7.2656, Validation Loss: 6.1545
Epoch 702/1000, Train Loss: 7.0321, Validation Loss: 6.1065
Epoch 703/1000, Train Loss: 6.2688, Validation Loss: 6.1298
Epoch 704/1000, Train Loss: 6.5979, Validation Loss: 6.0577
Epoch 705/1000, Train Loss: 6.8051, Validation Loss: 6.1655
Epoch 706/1000, Train Loss: 6.4185, Validation Loss: 6.3108
Epoch 707/1000, Train Loss: 6.6560, Validation Loss: 6.1465
Epoch 708/1000, Train Loss: 10.3954, Validation Loss: 6.0873
Epoch 709/1000, Train Loss: 11.0116, Validation Loss: 6.1910
Epoch 710/1000, Train Loss: 6.3199, Validation Loss: 6.0752
Epoch 711/1000, Train Loss: 6.4913, Validation Loss: 6.0613
Epoch 712/1000, Train Loss: 6.8631, Validation Loss: 6.1645
Epoch 713/1000, Train Loss: 6.3293, Validation Loss: 6.0944
Epoch 714/1000, Train Loss: 807.5779, Validation Loss: 6.6317
Epoch 715/1000, Train Loss: 8.6315, Validation Loss: 6.1111
Epoch 716/1000, Train Loss: 13.1097, Validation Loss: 6.0568
Epoch 717/1000, Train Loss: 6.5361, Validation Loss: 6.0571
Epoch 718/1000, Train Loss: 25.1608, Validation Loss: 6.2069
Epoch 719/1000, Train Loss: 6.2775, Validation Loss: 6.1237
Epoch 720/1000, Train Loss: 6.9746, Validation Loss: 6.0639
Epoch 721/1000, Train Loss: 6.5534, Validation Loss: 6.1748
Epoch 722/1000, Train Loss: 6.2823, Validation Loss: 6.0566
Epoch 723/1000, Train Loss: 6.2557, Validation Loss: 6.0963
Epoch 724/1000, Train Loss: 30449.2049, Validation Loss: 6.0578
Epoch 725/1000, Train Loss: 39.7068, Validation Loss: 6.1624
Epoch 726/1000, Train Loss: 8.9911, Validation Loss: 6.0728
Epoch 727/1000, Train Loss: 11.7128, Validation Loss: 6.3292
Epoch 728/1000, Train Loss: 6.2768, Validation Loss: 6.0849
Epoch 729/1000, Train Loss: 2524.6660, Validation Loss: 6.5169
Epoch 730/1000, Train Loss: 6.3545, Validation Loss: 6.1696
Epoch 731/1000, Train Loss: 178.6864, Validation Loss: 6.3963
Epoch 732/1000, Train Loss: 116.8176, Validation Loss: 6.2971
Epoch 733/1000, Train Loss: 6.2869, Validation Loss: 6.1647
Epoch 734/1000, Train Loss: 13.6944, Validation Loss: 6.0565
Epoch 735/1000, Train Loss: 6.2874, Validation Loss: 6.1751
Epoch 736/1000, Train Loss: 50.5288, Validation Loss: 6.0607
Epoch 737/1000, Train Loss: 6.2713, Validation Loss: 6.1518
Epoch 738/1000, Train Loss: 6.2847, Validation Loss: 6.1360
Epoch 739/1000, Train Loss: 317.8667, Validation Loss: 6.1997
Epoch 740/1000, Train Loss: 6.3229, Validation Loss: 6.1074
Epoch 741/1000, Train Loss: 8.1321, Validation Loss: 6.0580
Epoch 742/1000, Train Loss: 11.2588, Validation Loss: 6.6000
Epoch 743/1000, Train Loss: 9.5573, Validation Loss: 6.1211
Epoch 744/1000, Train Loss: 7.0126, Validation Loss: 23.4392
Epoch 745/1000, Train Loss: 35.3167, Validation Loss: 6.0574
Epoch 746/1000, Train Loss: 6.3676, Validation Loss: 6.0660
Epoch 747/1000, Train Loss: 7.4620, Validation Loss: 6.0833
Epoch 748/1000, Train Loss: 6.2937, Validation Loss: 6.1777
Epoch 749/1000, Train Loss: 6.2697, Validation Loss: 6.1728
Epoch 750/1000, Train Loss: 6.2732, Validation Loss: 6.0754
Epoch 751/1000, Train Loss: 2346.1291, Validation Loss: 6.4660
Epoch 752/1000, Train Loss: 6.2628, Validation Loss: 7.4246
Epoch 753/1000, Train Loss: 6.3277, Validation Loss: 6.2215
Epoch 754/1000, Train Loss: 6.6000, Validation Loss: 6.0765
Epoch 755/1000, Train Loss: 6.2793, Validation Loss: 6.1528
Epoch 756/1000, Train Loss: 6.2653, Validation Loss: 6.3897
Epoch 757/1000, Train Loss: 6.7684, Validation Loss: 6.7947
Epoch 758/1000, Train Loss: 6.3227, Validation Loss: 6.3285
Epoch 759/1000, Train Loss: 9.2591, Validation Loss: 6.5029
Epoch 760/1000, Train Loss: 5.2983, Validation Loss: 2.4790
Epoch 761/1000, Train Loss: 5.3996, Validation Loss: 13.7192
Epoch 762/1000, Train Loss: 2.1671, Validation Loss: 6.3468
Epoch 763/1000, Train Loss: 2.1154, Validation Loss: 1.8015
Epoch 764/1000, Train Loss: 1.8020, Validation Loss: 1.7704
Epoch 765/1000, Train Loss: 1.5384, Validation Loss: 1.5860
Epoch 766/1000, Train Loss: 1.5615, Validation Loss: 7.6773
Epoch 767/1000, Train Loss: 1.5272, Validation Loss: 4.8056
Epoch 768/1000, Train Loss: 2.0699, Validation Loss: 1.5077
Epoch 769/1000, Train Loss: 1.5362, Validation Loss: 1.8215
Epoch 770/1000, Train Loss: 1.4859, Validation Loss: 1.8164
Epoch 771/1000, Train Loss: 6.4780, Validation Loss: 6.1156
Epoch 772/1000, Train Loss: 3.3001, Validation Loss: 4.0764
Epoch 773/1000, Train Loss: 1.3855, Validation Loss: 1.5959
Epoch 774/1000, Train Loss: 7.2407, Validation Loss: 8.4379
Epoch 775/1000, Train Loss: 4.8522, Validation Loss: 8.5592
Epoch 776/1000, Train Loss: 1.5167, Validation Loss: 1.8644
Epoch 777/1000, Train Loss: 1.5037, Validation Loss: 1.3419
Epoch 778/1000, Train Loss: 7.6528, Validation Loss: 6.0563
Epoch 779/1000, Train Loss: 3.6529, Validation Loss: 2.7314
Epoch 780/1000, Train Loss: 1.4990, Validation Loss: 1.2276
Epoch 781/1000, Train Loss: 2.1929, Validation Loss: 1.7380
Epoch 782/1000, Train Loss: 1.3874, Validation Loss: 2.0313
Epoch 783/1000, Train Loss: 9.3181, Validation Loss: 6.0676
Epoch 784/1000, Train Loss: 6.4678, Validation Loss: 6.2802
Epoch 785/1000, Train Loss: 13.2741, Validation Loss: 6.3386
Epoch 786/1000, Train Loss: 6.4900, Validation Loss: 6.5366
Epoch 787/1000, Train Loss: 6.3165, Validation Loss: 6.0809
Epoch 788/1000, Train Loss: 67.5273, Validation Loss: 6.1467
Epoch 789/1000, Train Loss: 9.1014, Validation Loss: 6.6337
Epoch 790/1000, Train Loss: 211.0970, Validation Loss: 6.0581
Epoch 791/1000, Train Loss: 38.7405, Validation Loss: 6.0831
Epoch 792/1000, Train Loss: 10.4598, Validation Loss: 6.2194
Epoch 793/1000, Train Loss: 6.3794, Validation Loss: 6.0851
Epoch 794/1000, Train Loss: 729.1854, Validation Loss: 6.5139
Epoch 795/1000, Train Loss: 6.2356, Validation Loss: 6.1076
Epoch 796/1000, Train Loss: 3719.0074, Validation Loss: 6.6625
Epoch 797/1000, Train Loss: 342.1739, Validation Loss: 6.0599
Epoch 798/1000, Train Loss: 19.9535, Validation Loss: 6.3678
Epoch 799/1000, Train Loss: 64.3753, Validation Loss: 6.6929
Epoch 800/1000, Train Loss: 8.9820, Validation Loss: 6.1570
Epoch 801/1000, Train Loss: 50.4950, Validation Loss: 6.2451
Epoch 802/1000, Train Loss: 230.5987, Validation Loss: 6.1068
Epoch 803/1000, Train Loss: 6.2662, Validation Loss: 6.1139
Epoch 804/1000, Train Loss: 9.5963, Validation Loss: 6.4567
Epoch 805/1000, Train Loss: 8.4909, Validation Loss: 6.1406
Epoch 806/1000, Train Loss: 7.3333, Validation Loss: 6.0971
Epoch 807/1000, Train Loss: 6.2643, Validation Loss: 6.1031
Epoch 808/1000, Train Loss: 6.8432, Validation Loss: 6.2463
Epoch 809/1000, Train Loss: 90.7643, Validation Loss: 6.0564
Epoch 810/1000, Train Loss: 6.2527, Validation Loss: 6.1574
Epoch 811/1000, Train Loss: 90.0875, Validation Loss: 6.3188
Epoch 812/1000, Train Loss: 6.3296, Validation Loss: 6.8036
Epoch 813/1000, Train Loss: 7.2984, Validation Loss: 6.2001
Epoch 814/1000, Train Loss: 6.3214, Validation Loss: 6.1729
Epoch 815/1000, Train Loss: 6.4594, Validation Loss: 6.3219
Epoch 816/1000, Train Loss: 112.4682, Validation Loss: 6.4338
Epoch 817/1000, Train Loss: 6.3391, Validation Loss: 6.0657
Epoch 818/1000, Train Loss: 6.2682, Validation Loss: 6.0578
Epoch 819/1000, Train Loss: 27.1698, Validation Loss: 6.3125
Epoch 820/1000, Train Loss: 65.3620, Validation Loss: 6.0569
Epoch 821/1000, Train Loss: 6.2538, Validation Loss: 6.4138
Epoch 822/1000, Train Loss: 66.9195, Validation Loss: 6.0677
Epoch 823/1000, Train Loss: 6.6940, Validation Loss: 6.2439
Epoch 824/1000, Train Loss: 65.0396, Validation Loss: 6.1490
Epoch 825/1000, Train Loss: 11.8554, Validation Loss: 6.1353
Epoch 826/1000, Train Loss: 6.2853, Validation Loss: 6.4004
Epoch 827/1000, Train Loss: 6.2698, Validation Loss: 6.1150
Epoch 828/1000, Train Loss: 64.1877, Validation Loss: 6.1122
Epoch 829/1000, Train Loss: 6.2747, Validation Loss: 6.0607
Epoch 830/1000, Train Loss: 6.2744, Validation Loss: 6.3845
Epoch 831/1000, Train Loss: 113.2483, Validation Loss: 6.0688
Epoch 832/1000, Train Loss: 6.2453, Validation Loss: 6.0672
Epoch 833/1000, Train Loss: 6.2463, Validation Loss: 6.1667
Epoch 834/1000, Train Loss: 6531.5802, Validation Loss: 6.3218
Epoch 835/1000, Train Loss: 7.2486, Validation Loss: 6.0568
Epoch 836/1000, Train Loss: 6.4227, Validation Loss: 6.0823
Epoch 837/1000, Train Loss: 6.7697, Validation Loss: 6.4095
Epoch 838/1000, Train Loss: 6.3070, Validation Loss: 6.1039
Epoch 839/1000, Train Loss: 260.0854, Validation Loss: 6.2590
Epoch 840/1000, Train Loss: 10.3194, Validation Loss: 6.0609
Epoch 841/1000, Train Loss: 22.9468, Validation Loss: 6.1982
Epoch 842/1000, Train Loss: 65.7667, Validation Loss: 6.0821
Epoch 843/1000, Train Loss: 62.4280, Validation Loss: 6.3492
Epoch 844/1000, Train Loss: 6.9095, Validation Loss: 6.0764
Epoch 845/1000, Train Loss: 6.2973, Validation Loss: 6.1274
Epoch 846/1000, Train Loss: 12.5202, Validation Loss: 6.4096
Epoch 847/1000, Train Loss: 8.7823, Validation Loss: 6.1073
Epoch 848/1000, Train Loss: 6.3420, Validation Loss: 6.6037
Epoch 849/1000, Train Loss: 11.8917, Validation Loss: 6.6382
Epoch 850/1000, Train Loss: 6.3003, Validation Loss: 6.1537
Epoch 851/1000, Train Loss: 6.3261, Validation Loss: 6.0606
Epoch 852/1000, Train Loss: 6.3102, Validation Loss: 6.3215
Epoch 853/1000, Train Loss: 6.7471, Validation Loss: 6.1069
Epoch 854/1000, Train Loss: 49.9215, Validation Loss: 6.2840
Epoch 855/1000, Train Loss: 6.4337, Validation Loss: 6.0573
Epoch 856/1000, Train Loss: 6.2721, Validation Loss: 6.8102
Epoch 857/1000, Train Loss: 169.9678, Validation Loss: 6.2628
Epoch 858/1000, Train Loss: 9.1803, Validation Loss: 6.0578
Epoch 859/1000, Train Loss: 9.9422, Validation Loss: 6.2751
Epoch 860/1000, Train Loss: 48.5772, Validation Loss: 6.5542
Epoch 861/1000, Train Loss: 6.5200, Validation Loss: 6.0943
Epoch 862/1000, Train Loss: 6.2398, Validation Loss: 6.1119
Epoch 863/1000, Train Loss: 7.6829, Validation Loss: 6.1992
Epoch 864/1000, Train Loss: 6.3865, Validation Loss: 6.5437
Epoch 865/1000, Train Loss: 7.2862, Validation Loss: 6.1291
Epoch 866/1000, Train Loss: 6.2518, Validation Loss: 6.6829
Epoch 867/1000, Train Loss: 89818.7738, Validation Loss: 6.0623
Epoch 868/1000, Train Loss: 6.4946, Validation Loss: 6.0578
Epoch 869/1000, Train Loss: 6.2771, Validation Loss: 6.0724
Epoch 870/1000, Train Loss: 6.5615, Validation Loss: 7.7498
Epoch 871/1000, Train Loss: 45.4376, Validation Loss: 6.1952
Epoch 872/1000, Train Loss: 20.7596, Validation Loss: 6.0581
Epoch 873/1000, Train Loss: 6.2486, Validation Loss: 6.1564
Epoch 874/1000, Train Loss: 8.5967, Validation Loss: 6.0572
Epoch 875/1000, Train Loss: 9.3845, Validation Loss: 6.1241
Epoch 876/1000, Train Loss: 11.7485, Validation Loss: 6.1155
Epoch 877/1000, Train Loss: 8.1668, Validation Loss: 6.0747
Epoch 878/1000, Train Loss: 6.2427, Validation Loss: 6.1264
Epoch 879/1000, Train Loss: 6.3616, Validation Loss: 6.6883
Epoch 880/1000, Train Loss: 6.6525, Validation Loss: 6.7554
Epoch 881/1000, Train Loss: 19.3353, Validation Loss: 6.3331
Epoch 882/1000, Train Loss: 6.2497, Validation Loss: 6.0627
Epoch 883/1000, Train Loss: 8.3899, Validation Loss: 7.2582
Epoch 884/1000, Train Loss: 6.8479, Validation Loss: 6.3072
Epoch 885/1000, Train Loss: 16.5307, Validation Loss: 6.2035
Epoch 886/1000, Train Loss: 7.0585, Validation Loss: 6.2142
Epoch 887/1000, Train Loss: 8.1135, Validation Loss: 6.0944
Epoch 888/1000, Train Loss: 6.3635, Validation Loss: 6.1687
Epoch 889/1000, Train Loss: 6554.4072, Validation Loss: 6.8234
Epoch 890/1000, Train Loss: 6.3289, Validation Loss: 7.3393
Epoch 891/1000, Train Loss: 10.1894, Validation Loss: 6.1424
Epoch 892/1000, Train Loss: 6.8012, Validation Loss: 6.0605
Epoch 893/1000, Train Loss: 115.1522, Validation Loss: 9.1578
Epoch 894/1000, Train Loss: 6.3132, Validation Loss: 6.0681
Epoch 895/1000, Train Loss: 8.0322, Validation Loss: 6.0564
Epoch 896/1000, Train Loss: 8.0290, Validation Loss: 6.0564
Epoch 897/1000, Train Loss: 6.3026, Validation Loss: 6.0564
Epoch 898/1000, Train Loss: 7.0673, Validation Loss: 6.1044
Epoch 899/1000, Train Loss: 8.9231, Validation Loss: 6.3688
Epoch 900/1000, Train Loss: 6.6961, Validation Loss: 6.1825
Epoch 901/1000, Train Loss: 14.7589, Validation Loss: 6.1628
Epoch 902/1000, Train Loss: 256.9996, Validation Loss: 63.4873
Epoch 903/1000, Train Loss: 386.7430, Validation Loss: 6.0579
Epoch 904/1000, Train Loss: 91.2727, Validation Loss: 7.0019
Epoch 905/1000, Train Loss: 26600.4268, Validation Loss: 6.0789
Epoch 906/1000, Train Loss: 6.2511, Validation Loss: 6.0564
Epoch 907/1000, Train Loss: 132.9937, Validation Loss: 6.8108
Epoch 908/1000, Train Loss: 6.3472, Validation Loss: 6.1432
Epoch 909/1000, Train Loss: 9.7017, Validation Loss: 6.1181
Epoch 910/1000, Train Loss: 2328.2752, Validation Loss: 6.1929
Epoch 911/1000, Train Loss: 6.2593, Validation Loss: 6.1814
Epoch 912/1000, Train Loss: 6.3826, Validation Loss: 7.8019
Epoch 913/1000, Train Loss: 6.3372, Validation Loss: 6.0567
Epoch 914/1000, Train Loss: 6.5455, Validation Loss: 6.5316
Epoch 915/1000, Train Loss: 6.2969, Validation Loss: 6.0571
Epoch 916/1000, Train Loss: 46.3454, Validation Loss: 6.0581
Epoch 917/1000, Train Loss: 6.2857, Validation Loss: 6.2360
Epoch 918/1000, Train Loss: 6.4412, Validation Loss: 6.1339
Epoch 919/1000, Train Loss: 9.8485, Validation Loss: 6.2239
Epoch 920/1000, Train Loss: 8.4196, Validation Loss: 6.0613
Epoch 921/1000, Train Loss: 6.4676, Validation Loss: 7.0846
Epoch 922/1000, Train Loss: 6.3767, Validation Loss: 6.1501
Epoch 923/1000, Train Loss: 1581.6265, Validation Loss: 6.4097
Epoch 924/1000, Train Loss: 6.2553, Validation Loss: 6.3655
Epoch 925/1000, Train Loss: 6.2724, Validation Loss: 6.3293
Epoch 926/1000, Train Loss: 24.9286, Validation Loss: 6.0736
Epoch 927/1000, Train Loss: 6.3168, Validation Loss: 6.7255
Epoch 928/1000, Train Loss: 6.2883, Validation Loss: 6.1499
Epoch 929/1000, Train Loss: 6.9348, Validation Loss: 6.0619
Epoch 930/1000, Train Loss: 26.4596, Validation Loss: 6.0594
Epoch 931/1000, Train Loss: 6.2775, Validation Loss: 6.2073
Epoch 932/1000, Train Loss: 8.8550, Validation Loss: 6.4943
Epoch 933/1000, Train Loss: 6.3054, Validation Loss: 6.0611
Epoch 934/1000, Train Loss: 66.2807, Validation Loss: 6.0624
Epoch 935/1000, Train Loss: 7.2778, Validation Loss: 6.2826
Epoch 936/1000, Train Loss: 6.3209, Validation Loss: 6.1649
Epoch 937/1000, Train Loss: 37.6872, Validation Loss: 6.0776
Epoch 938/1000, Train Loss: 8.9095, Validation Loss: 6.1291
Epoch 939/1000, Train Loss: 6.2609, Validation Loss: 6.0997
Epoch 940/1000, Train Loss: 11.8158, Validation Loss: 6.1331
Epoch 941/1000, Train Loss: 6.2912, Validation Loss: 6.0576
Epoch 942/1000, Train Loss: 57.4457, Validation Loss: 6.1011
Epoch 943/1000, Train Loss: 7.1574, Validation Loss: 6.0579
Epoch 944/1000, Train Loss: 8.3810, Validation Loss: 6.0827
Epoch 945/1000, Train Loss: 6.3129, Validation Loss: 6.1374
Epoch 946/1000, Train Loss: 21.5301, Validation Loss: 6.0760
Epoch 947/1000, Train Loss: 3828.1183, Validation Loss: 6.4553
Epoch 948/1000, Train Loss: 6.2691, Validation Loss: 7.3057
Epoch 949/1000, Train Loss: 7.9557, Validation Loss: 6.1018
Epoch 950/1000, Train Loss: 20.6295, Validation Loss: 6.1332
Epoch 951/1000, Train Loss: 6.2565, Validation Loss: 6.7913
Epoch 952/1000, Train Loss: 7.8539, Validation Loss: 6.7307
Epoch 953/1000, Train Loss: 6.5746, Validation Loss: 6.0566
Epoch 954/1000, Train Loss: 8.6867, Validation Loss: 6.0873
Epoch 955/1000, Train Loss: 79.4080, Validation Loss: 6.2736
Epoch 956/1000, Train Loss: 7.4287, Validation Loss: 6.1782
Epoch 957/1000, Train Loss: 6.9535, Validation Loss: 6.1638
Epoch 958/1000, Train Loss: 217.4344, Validation Loss: 6.0692
Epoch 959/1000, Train Loss: 6.2640, Validation Loss: 6.0566
Epoch 960/1000, Train Loss: 7.0692, Validation Loss: 6.3154
Epoch 961/1000, Train Loss: 70.4809, Validation Loss: 6.0606
Epoch 962/1000, Train Loss: 6.2601, Validation Loss: 6.8281
Epoch 963/1000, Train Loss: 495319.7574, Validation Loss: 6.2876
Epoch 964/1000, Train Loss: 6.3137, Validation Loss: 6.4140
Epoch 965/1000, Train Loss: 6.2978, Validation Loss: 6.1769
Epoch 966/1000, Train Loss: 7.5462, Validation Loss: 6.1338
Epoch 967/1000, Train Loss: 7.2830, Validation Loss: 6.5718
Epoch 968/1000, Train Loss: 8.4670, Validation Loss: 6.2674
Epoch 969/1000, Train Loss: 6.2919, Validation Loss: 6.0565
Epoch 970/1000, Train Loss: 6.9539, Validation Loss: 6.1986
Epoch 971/1000, Train Loss: 6.2860, Validation Loss: 6.1015
Epoch 972/1000, Train Loss: 6.3246, Validation Loss: 6.0875
Epoch 973/1000, Train Loss: 31858.4114, Validation Loss: 6.0580
Epoch 974/1000, Train Loss: 159.5315, Validation Loss: 6.4406
Epoch 975/1000, Train Loss: 6.2290, Validation Loss: 6.0721
Epoch 976/1000, Train Loss: 1851.2447, Validation Loss: 6.1927
Epoch 977/1000, Train Loss: 6.2741, Validation Loss: 6.1342
Epoch 978/1000, Train Loss: 6.3365, Validation Loss: 956.4982
Epoch 979/1000, Train Loss: 44.4618, Validation Loss: 6.2176
Epoch 980/1000, Train Loss: 63.3516, Validation Loss: 6.2687
Epoch 981/1000, Train Loss: 8.7148, Validation Loss: 6.0876
Epoch 982/1000, Train Loss: 7.0552, Validation Loss: 6.2046
Epoch 983/1000, Train Loss: 6.7176, Validation Loss: 6.3664
Epoch 984/1000, Train Loss: 9.3881, Validation Loss: 6.6117
Epoch 985/1000, Train Loss: 6.3313, Validation Loss: 6.1307
Epoch 986/1000, Train Loss: 7.1944, Validation Loss: 6.1340
Epoch 987/1000, Train Loss: 1040.9997, Validation Loss: 6.0600
Epoch 988/1000, Train Loss: 6.2726, Validation Loss: 6.8747
Epoch 989/1000, Train Loss: 14.5500, Validation Loss: 6.4044
Epoch 990/1000, Train Loss: 6.3041, Validation Loss: 6.3588
Epoch 991/1000, Train Loss: 6.7961, Validation Loss: 6.1384
Epoch 992/1000, Train Loss: 12.5750, Validation Loss: 6.0989
Epoch 993/1000, Train Loss: 6.2284, Validation Loss: 6.8040
Epoch 994/1000, Train Loss: 7.6458, Validation Loss: 6.0910
Epoch 995/1000, Train Loss: 6.4458, Validation Loss: 6.0778
Epoch 996/1000, Train Loss: 6.5673, Validation Loss: 6.0573
Epoch 997/1000, Train Loss: 30.7653, Validation Loss: 6.0604
Epoch 998/1000, Train Loss: 6.3196, Validation Loss: 6.1819
Epoch 999/1000, Train Loss: 7.9387, Validation Loss: 6.1467
Epoch 1000/1000, Train Loss: 38.1738, Validation Loss: 6.0680
Best Training Loss: 1.1626
Best Training Loss Epoch: 34
Best Validation Loss: 0.9078
Best Validation Loss Epoch: 29
Time taken for training: 1-12:54:55
Test Loss: 0.9474
Test MAPE: 230485.6719%
Error Statistics:
count    4.127200e+04
mean     1.377760e+03
std      1.714765e+05
min      2.086163e-05
25%      2.434363e-01
50%      2.706381e+00
75%      3.978183e+01
max      3.480554e+07
Name: Absolute Error, dtype: float64
Training complete. Final model saved.
Saving model as a wandb Artifact...
Model artifact logged successfully.
[1;34mwandb[0m: 
[1;34mwandb[0m: 🚀 View run [33msleek-sweep-103[0m at: [34mhttps://wandb.ai/mk8737-new-york-university/rl_pretrain_hp_sweeps/runs/p1p3zv1k[0m
[1;34mwandb[0m: Find logs at: [1;35mwandb/run-20251006_144039-p1p3zv1k/logs[0m
Agent finished.
