Waiting for sweep ID...
Found Sweep ID: be12np04
Starting wandb agent for sweep be12np04...
TRAINING DEVICE: cpu
Run Name: GCN_global_hp_sweep_be12np04-9ai44leh
finidhed preparing data
Loading dataset from pretrain_dataset_12.5k_fixed_duplicates.pkl
Loaded 412712 data objects.
finished preparing data
Epoch 1/1000, Train Loss: 19.3254, Validation Loss: 1.3203
Epoch 2/1000, Train Loss: 1.4569, Validation Loss: 1.9276
Epoch 3/1000, Train Loss: 1.2891, Validation Loss: 1.8720
Epoch 4/1000, Train Loss: 1.2072, Validation Loss: 7.1353
Epoch 5/1000, Train Loss: 1.2898, Validation Loss: 3.3474
Epoch 6/1000, Train Loss: 1.1356, Validation Loss: 1.6072
Epoch 7/1000, Train Loss: 1.1911, Validation Loss: 4.2931
Epoch 8/1000, Train Loss: 1.1572, Validation Loss: 2.8545
Epoch 9/1000, Train Loss: 1.1552, Validation Loss: 1.1661
Epoch 10/1000, Train Loss: 1.0799, Validation Loss: 24.8782
Epoch 11/1000, Train Loss: 1.0255, Validation Loss: 1.6057
Epoch 12/1000, Train Loss: 1.0875, Validation Loss: 1.6548
Epoch 13/1000, Train Loss: 1.1145, Validation Loss: 1.4396
Epoch 14/1000, Train Loss: 1.0603, Validation Loss: 5.0409
Epoch 15/1000, Train Loss: 0.9484, Validation Loss: 3.8744
Epoch 16/1000, Train Loss: 1.0347, Validation Loss: 3.2399
Epoch 17/1000, Train Loss: 0.9204, Validation Loss: 2.1335
Epoch 18/1000, Train Loss: 0.9122, Validation Loss: 41.4384
Epoch 19/1000, Train Loss: 0.9850, Validation Loss: 1.3090
Epoch 20/1000, Train Loss: 0.9014, Validation Loss: 2.2657
Epoch 21/1000, Train Loss: 0.9744, Validation Loss: 2.0997
Epoch 22/1000, Train Loss: 1.0193, Validation Loss: 1.0841
Epoch 23/1000, Train Loss: 0.9710, Validation Loss: 2.0647
Epoch 24/1000, Train Loss: 0.8883, Validation Loss: 1.3686
Epoch 25/1000, Train Loss: 27.0635, Validation Loss: 1.0404
Epoch 26/1000, Train Loss: 1.0226, Validation Loss: 2.0035
Epoch 27/1000, Train Loss: 0.9600, Validation Loss: 3.4666
Epoch 28/1000, Train Loss: 0.9601, Validation Loss: 1.0577
Epoch 29/1000, Train Loss: 0.8443, Validation Loss: 2.5380
Epoch 30/1000, Train Loss: 20.8636, Validation Loss: 2.1101
Epoch 31/1000, Train Loss: 0.9489, Validation Loss: 3.0700
Epoch 32/1000, Train Loss: 0.8872, Validation Loss: 0.8029
Epoch 33/1000, Train Loss: 0.9046, Validation Loss: 1.3573
Epoch 34/1000, Train Loss: 0.8403, Validation Loss: 0.8068
Epoch 35/1000, Train Loss: 0.8678, Validation Loss: 2.3901
Epoch 36/1000, Train Loss: 0.8716, Validation Loss: 0.8344
Epoch 37/1000, Train Loss: 0.8802, Validation Loss: 11.2307
Epoch 38/1000, Train Loss: 0.8521, Validation Loss: 1.9164
Epoch 39/1000, Train Loss: 0.9699, Validation Loss: 4.2509
Epoch 40/1000, Train Loss: 0.8985, Validation Loss: 2.4623
Epoch 41/1000, Train Loss: 0.8705, Validation Loss: 2.3433
Epoch 42/1000, Train Loss: 0.8055, Validation Loss: 1.2288
Epoch 43/1000, Train Loss: 0.7926, Validation Loss: 1.3973
Epoch 44/1000, Train Loss: 0.8459, Validation Loss: 1.1694
Epoch 45/1000, Train Loss: 0.8864, Validation Loss: 6.9445
Epoch 46/1000, Train Loss: 1.0019, Validation Loss: 4.5622
Epoch 47/1000, Train Loss: 0.7396, Validation Loss: 5.1489
Epoch 48/1000, Train Loss: 0.7536, Validation Loss: 3.4213
Epoch 49/1000, Train Loss: 0.7911, Validation Loss: 1.5951
Epoch 50/1000, Train Loss: 0.7738, Validation Loss: 1.1322
Epoch 51/1000, Train Loss: 0.7654, Validation Loss: 0.9062
Epoch 52/1000, Train Loss: 0.7407, Validation Loss: 9.3664
Epoch 53/1000, Train Loss: 18.0689, Validation Loss: 1.0679
Epoch 54/1000, Train Loss: 0.8194, Validation Loss: 4.1049
Epoch 55/1000, Train Loss: 0.7328, Validation Loss: 1.0087
Epoch 56/1000, Train Loss: 0.7395, Validation Loss: 2.2650
Epoch 57/1000, Train Loss: 0.7182, Validation Loss: 3.1638
Epoch 58/1000, Train Loss: 0.7467, Validation Loss: 0.8300
Epoch 59/1000, Train Loss: 0.7547, Validation Loss: 1.3339
Epoch 60/1000, Train Loss: 0.7197, Validation Loss: 2.4043
Epoch 61/1000, Train Loss: 0.7221, Validation Loss: 2.0898
Epoch 62/1000, Train Loss: 0.8878, Validation Loss: 3.5297
Epoch 63/1000, Train Loss: 0.7850, Validation Loss: 20.9905
Epoch 64/1000, Train Loss: 0.7427, Validation Loss: 2.3721
Epoch 65/1000, Train Loss: 0.7485, Validation Loss: 0.9330
Epoch 66/1000, Train Loss: 1.1565, Validation Loss: 3.0976
Epoch 67/1000, Train Loss: 0.8343, Validation Loss: 1.8176
Epoch 68/1000, Train Loss: 0.6950, Validation Loss: 0.6774
Epoch 69/1000, Train Loss: 0.6878, Validation Loss: 1.5563
Epoch 70/1000, Train Loss: 1.3641, Validation Loss: 3.9636
Epoch 71/1000, Train Loss: 0.7864, Validation Loss: 1.6170
Epoch 72/1000, Train Loss: 0.7252, Validation Loss: 0.9220
Epoch 73/1000, Train Loss: 0.7095, Validation Loss: 0.7388
Epoch 74/1000, Train Loss: 0.7477, Validation Loss: 1.9262
Epoch 75/1000, Train Loss: 0.6699, Validation Loss: 1.1151
Epoch 76/1000, Train Loss: 0.6879, Validation Loss: 1.0093
Epoch 77/1000, Train Loss: 0.6863, Validation Loss: 1.2585
Epoch 78/1000, Train Loss: 0.7068, Validation Loss: 1.2892
Epoch 79/1000, Train Loss: 0.7186, Validation Loss: 2.8789
Epoch 80/1000, Train Loss: 0.6887, Validation Loss: 1.5741
Epoch 81/1000, Train Loss: 0.7044, Validation Loss: 2.3595
Epoch 82/1000, Train Loss: 0.7073, Validation Loss: 2.1840
Epoch 83/1000, Train Loss: 0.7290, Validation Loss: 1.4600
Epoch 84/1000, Train Loss: 6.2704, Validation Loss: 1.4155
Epoch 85/1000, Train Loss: 0.7269, Validation Loss: 0.7690
Epoch 86/1000, Train Loss: 5.8446, Validation Loss: 1.5026
Epoch 87/1000, Train Loss: 0.7059, Validation Loss: 1.9641
Epoch 88/1000, Train Loss: 0.6622, Validation Loss: 2.9686
Epoch 89/1000, Train Loss: 0.6844, Validation Loss: 2.1198
Epoch 90/1000, Train Loss: 0.6636, Validation Loss: 1.0697
Epoch 91/1000, Train Loss: 0.6553, Validation Loss: 0.8406
Epoch 92/1000, Train Loss: 29.7169, Validation Loss: 1.1566
Epoch 93/1000, Train Loss: 0.6551, Validation Loss: 0.8475
Epoch 94/1000, Train Loss: 0.6618, Validation Loss: 1.0231
Epoch 95/1000, Train Loss: 0.6609, Validation Loss: 1.4390
Epoch 96/1000, Train Loss: 0.7047, Validation Loss: 0.8163
Epoch 97/1000, Train Loss: 0.6469, Validation Loss: 13.3844
Epoch 98/1000, Train Loss: 0.6389, Validation Loss: 0.9062
Epoch 99/1000, Train Loss: 0.6480, Validation Loss: 0.8259
Epoch 100/1000, Train Loss: 45.2506, Validation Loss: 1.3129
Epoch 101/1000, Train Loss: 0.6825, Validation Loss: 3.2099
Epoch 102/1000, Train Loss: 0.6499, Validation Loss: 1.9642
Epoch 103/1000, Train Loss: 0.6479, Validation Loss: 0.8224
Epoch 104/1000, Train Loss: 0.6518, Validation Loss: 1.6776
Epoch 105/1000, Train Loss: 0.6661, Validation Loss: 1.5239
Epoch 106/1000, Train Loss: 0.6479, Validation Loss: 2.3903
Epoch 107/1000, Train Loss: 7.8020, Validation Loss: 2.2957
Epoch 108/1000, Train Loss: 0.6598, Validation Loss: 1.1870
Epoch 109/1000, Train Loss: 0.6502, Validation Loss: 1.6342
Epoch 110/1000, Train Loss: 0.6359, Validation Loss: 4.3356
Epoch 111/1000, Train Loss: 0.6632, Validation Loss: 1.6161
Epoch 112/1000, Train Loss: 0.6447, Validation Loss: 3.0218
Epoch 113/1000, Train Loss: 0.6379, Validation Loss: 3.5057
Epoch 114/1000, Train Loss: 0.6358, Validation Loss: 1.0850
Epoch 115/1000, Train Loss: 0.6501, Validation Loss: 7.0354
Epoch 116/1000, Train Loss: 0.6395, Validation Loss: 1.0094
Epoch 117/1000, Train Loss: 0.6691, Validation Loss: 1.0499
Epoch 118/1000, Train Loss: 0.6407, Validation Loss: 3.8940
Epoch 119/1000, Train Loss: 0.6567, Validation Loss: 1.2108
Epoch 120/1000, Train Loss: 0.6540, Validation Loss: 1.9553
Epoch 121/1000, Train Loss: 0.6322, Validation Loss: 11.0786
Epoch 122/1000, Train Loss: 0.6304, Validation Loss: 0.9860
Epoch 123/1000, Train Loss: 0.6353, Validation Loss: 1.3722
Epoch 124/1000, Train Loss: 0.6381, Validation Loss: 1.7994
Epoch 125/1000, Train Loss: 13.5727, Validation Loss: 1.2023
Epoch 126/1000, Train Loss: 0.6313, Validation Loss: 1.2219
Epoch 127/1000, Train Loss: 0.6282, Validation Loss: 1.0906
Epoch 128/1000, Train Loss: 0.6273, Validation Loss: 1.0760
Epoch 129/1000, Train Loss: 0.6178, Validation Loss: 2.1686
Epoch 130/1000, Train Loss: 0.6166, Validation Loss: 3.4961
Epoch 131/1000, Train Loss: 0.6380, Validation Loss: 1.6517
Epoch 132/1000, Train Loss: 0.6613, Validation Loss: 1.9347
Epoch 133/1000, Train Loss: 0.6208, Validation Loss: 0.9500
Epoch 134/1000, Train Loss: 0.6151, Validation Loss: 0.6915
Epoch 135/1000, Train Loss: 0.6206, Validation Loss: 0.8216
Epoch 136/1000, Train Loss: 0.6213, Validation Loss: 3.1395
Epoch 137/1000, Train Loss: 0.6441, Validation Loss: 1.7090
Epoch 138/1000, Train Loss: 5.6565, Validation Loss: 2.9368
Epoch 139/1000, Train Loss: 0.6269, Validation Loss: 2.7863
Epoch 140/1000, Train Loss: 0.6293, Validation Loss: 1.1439
Epoch 141/1000, Train Loss: 0.6303, Validation Loss: 2.0021
Epoch 142/1000, Train Loss: 0.6517, Validation Loss: 1.1122
Epoch 143/1000, Train Loss: 0.6298, Validation Loss: 2.3986
Epoch 144/1000, Train Loss: 89.2086, Validation Loss: 3.9613
Epoch 145/1000, Train Loss: 1.8825, Validation Loss: 6.4509
Epoch 146/1000, Train Loss: 0.7925, Validation Loss: 1.2337
Epoch 147/1000, Train Loss: 0.7203, Validation Loss: 1.8540
Epoch 148/1000, Train Loss: 0.6526, Validation Loss: 2.5032
Epoch 149/1000, Train Loss: 0.6642, Validation Loss: 0.7643
Epoch 150/1000, Train Loss: 0.6296, Validation Loss: 1.7633
Epoch 151/1000, Train Loss: 0.6534, Validation Loss: 6.6239
Epoch 152/1000, Train Loss: 0.6315, Validation Loss: 5.7686
Epoch 153/1000, Train Loss: 0.6161, Validation Loss: 1.8649
Epoch 154/1000, Train Loss: 0.6271, Validation Loss: 5.7256
Epoch 155/1000, Train Loss: 0.6195, Validation Loss: 5.7380
Epoch 156/1000, Train Loss: 0.6221, Validation Loss: 3.6443
Epoch 157/1000, Train Loss: 0.7412, Validation Loss: 2.3999
Epoch 158/1000, Train Loss: 0.6387, Validation Loss: 11.8068
Epoch 159/1000, Train Loss: 0.6037, Validation Loss: 2.5624
Epoch 160/1000, Train Loss: 0.6222, Validation Loss: 1.3792
Epoch 161/1000, Train Loss: 0.6242, Validation Loss: 2.2655
Epoch 162/1000, Train Loss: 0.6074, Validation Loss: 1.8774
Epoch 163/1000, Train Loss: 0.6125, Validation Loss: 1.4219
Epoch 164/1000, Train Loss: 0.6185, Validation Loss: 2.9029
Epoch 165/1000, Train Loss: 0.5933, Validation Loss: 1.4768
Epoch 166/1000, Train Loss: 0.6102, Validation Loss: 4.1900
Epoch 167/1000, Train Loss: 0.6131, Validation Loss: 1.4865
Epoch 168/1000, Train Loss: 0.6887, Validation Loss: 5.7379
Epoch 169/1000, Train Loss: 0.6662, Validation Loss: 2.9222
Epoch 170/1000, Train Loss: 0.6108, Validation Loss: 1.0246
Epoch 171/1000, Train Loss: 0.6211, Validation Loss: 2.9873
Epoch 172/1000, Train Loss: 0.6193, Validation Loss: 3.7532
Epoch 173/1000, Train Loss: 0.6636, Validation Loss: 3.2455
Epoch 174/1000, Train Loss: 0.5949, Validation Loss: 3.9770
Epoch 175/1000, Train Loss: 0.6159, Validation Loss: 2.3699
Epoch 176/1000, Train Loss: 0.6232, Validation Loss: 1.2669
Epoch 177/1000, Train Loss: 0.6052, Validation Loss: 0.7470
Epoch 178/1000, Train Loss: 1.9724, Validation Loss: 1.9200
Epoch 179/1000, Train Loss: 0.6142, Validation Loss: 7.0618
Epoch 180/1000, Train Loss: 0.6062, Validation Loss: 3.7232
Epoch 181/1000, Train Loss: 0.5992, Validation Loss: 16.9611
Epoch 182/1000, Train Loss: 0.6043, Validation Loss: 0.9354
Epoch 183/1000, Train Loss: 375.8485, Validation Loss: 138.1569
Epoch 184/1000, Train Loss: 1283.9445, Validation Loss: 1.7541
Epoch 185/1000, Train Loss: 0.6078, Validation Loss: 4.4957
Epoch 186/1000, Train Loss: 0.6414, Validation Loss: 1.9241
Epoch 187/1000, Train Loss: 0.5941, Validation Loss: 0.8423
Epoch 188/1000, Train Loss: 0.6107, Validation Loss: 1.2377
Epoch 189/1000, Train Loss: 0.6066, Validation Loss: 7.6276
Epoch 190/1000, Train Loss: 0.5985, Validation Loss: 2.0694
Epoch 191/1000, Train Loss: 0.6252, Validation Loss: 0.7604
Epoch 192/1000, Train Loss: 0.7583, Validation Loss: 2.3938
Epoch 193/1000, Train Loss: 0.6016, Validation Loss: 1.3159
Epoch 194/1000, Train Loss: 0.6160, Validation Loss: 3.3779
Epoch 195/1000, Train Loss: 0.6145, Validation Loss: 2.2576
Epoch 196/1000, Train Loss: 0.5955, Validation Loss: 1.7598
Epoch 197/1000, Train Loss: 0.6058, Validation Loss: 1.6994
Epoch 198/1000, Train Loss: 0.6047, Validation Loss: 3.1102
Epoch 199/1000, Train Loss: 0.6187, Validation Loss: 2.3917
Epoch 200/1000, Train Loss: 0.5976, Validation Loss: 1.0448
Epoch 201/1000, Train Loss: 0.6779, Validation Loss: 2.7607
Epoch 202/1000, Train Loss: 0.6620, Validation Loss: 1.6120
Epoch 203/1000, Train Loss: 0.6009, Validation Loss: 2.0333
Epoch 204/1000, Train Loss: 0.5956, Validation Loss: 0.9964
Epoch 205/1000, Train Loss: 0.6218, Validation Loss: 3.1863
Epoch 206/1000, Train Loss: 0.6043, Validation Loss: 5.5916
Epoch 207/1000, Train Loss: 0.6137, Validation Loss: 1.9936
Epoch 208/1000, Train Loss: 1.8144, Validation Loss: 1.6932
Epoch 209/1000, Train Loss: 0.6401, Validation Loss: 4.7917
Epoch 210/1000, Train Loss: 0.5969, Validation Loss: 1.8471
Epoch 211/1000, Train Loss: 0.6018, Validation Loss: 0.6591
Epoch 212/1000, Train Loss: 0.5894, Validation Loss: 0.7647
Epoch 213/1000, Train Loss: 0.6029, Validation Loss: 0.7785
Epoch 214/1000, Train Loss: 0.5960, Validation Loss: 1.4916
Epoch 215/1000, Train Loss: 1.3893, Validation Loss: 4.3064
Epoch 216/1000, Train Loss: 0.6687, Validation Loss: 4.2824
Epoch 217/1000, Train Loss: 0.6031, Validation Loss: 1.3129
Epoch 218/1000, Train Loss: 0.6156, Validation Loss: 13.1355
Epoch 219/1000, Train Loss: 0.5954, Validation Loss: 1.4202
Epoch 220/1000, Train Loss: 0.6162, Validation Loss: 1.6454
Epoch 221/1000, Train Loss: 0.6016, Validation Loss: 1.2162
Epoch 222/1000, Train Loss: 0.6578, Validation Loss: 1.0350
Epoch 223/1000, Train Loss: 0.5978, Validation Loss: 1.9273
Epoch 224/1000, Train Loss: 0.5965, Validation Loss: 2.4314
Epoch 225/1000, Train Loss: 0.5819, Validation Loss: 5.2078
Epoch 226/1000, Train Loss: 0.6092, Validation Loss: 0.8415
Epoch 227/1000, Train Loss: 0.6022, Validation Loss: 1.3913
Epoch 228/1000, Train Loss: 0.5943, Validation Loss: 1.0373
Epoch 229/1000, Train Loss: 0.5906, Validation Loss: 0.9289
Epoch 230/1000, Train Loss: 0.6051, Validation Loss: 2.5695
Epoch 231/1000, Train Loss: 0.6015, Validation Loss: 4.5771
Epoch 232/1000, Train Loss: 9.7107, Validation Loss: 1.4920
Epoch 233/1000, Train Loss: 0.7433, Validation Loss: 2.6397
Epoch 234/1000, Train Loss: 0.6827, Validation Loss: 1.6141
Epoch 235/1000, Train Loss: 0.6027, Validation Loss: 1.1991
Epoch 236/1000, Train Loss: 0.6202, Validation Loss: 2.0207
Epoch 237/1000, Train Loss: 0.5861, Validation Loss: 4.2899
Epoch 238/1000, Train Loss: 0.6216, Validation Loss: 1.8511
Epoch 239/1000, Train Loss: 0.5980, Validation Loss: 1.5358
Epoch 240/1000, Train Loss: 0.5933, Validation Loss: 3.9950
Epoch 241/1000, Train Loss: 0.6163, Validation Loss: 0.7188
Epoch 242/1000, Train Loss: 0.6360, Validation Loss: 0.9775
Epoch 243/1000, Train Loss: 0.6098, Validation Loss: 5.3129
Epoch 244/1000, Train Loss: 0.6271, Validation Loss: 2.2076
Epoch 245/1000, Train Loss: 0.5880, Validation Loss: 0.9902
Epoch 246/1000, Train Loss: 0.5897, Validation Loss: 2.9131
Epoch 247/1000, Train Loss: 0.6461, Validation Loss: 1.0202
Epoch 248/1000, Train Loss: 0.5911, Validation Loss: 4.0843
Epoch 249/1000, Train Loss: 0.6042, Validation Loss: 0.8003
Epoch 250/1000, Train Loss: 0.9839, Validation Loss: 13.1838
Epoch 251/1000, Train Loss: 0.5935, Validation Loss: 2.3972
Epoch 252/1000, Train Loss: 0.5843, Validation Loss: 1.2430
Epoch 253/1000, Train Loss: 0.5846, Validation Loss: 1.0971
Epoch 254/1000, Train Loss: 0.5831, Validation Loss: 1.6868
Epoch 255/1000, Train Loss: 0.6125, Validation Loss: 1.2124
Epoch 256/1000, Train Loss: 0.6117, Validation Loss: 1.3552
Epoch 257/1000, Train Loss: 0.5868, Validation Loss: 1.1055
Epoch 258/1000, Train Loss: 106.0145, Validation Loss: 1.5319
Epoch 259/1000, Train Loss: 0.6201, Validation Loss: 0.8341
Epoch 260/1000, Train Loss: 0.6046, Validation Loss: 1.6444
Epoch 261/1000, Train Loss: 0.6032, Validation Loss: 3.3212
Epoch 262/1000, Train Loss: 0.6093, Validation Loss: 4.3375
Epoch 263/1000, Train Loss: 0.6174, Validation Loss: 1.0454
Epoch 264/1000, Train Loss: 0.6007, Validation Loss: 1.3024
Epoch 265/1000, Train Loss: 0.5890, Validation Loss: 3.0557
Epoch 266/1000, Train Loss: 0.6043, Validation Loss: 0.6911
Epoch 267/1000, Train Loss: 0.7445, Validation Loss: 2.9368
Epoch 268/1000, Train Loss: 0.6170, Validation Loss: 1.2105
Epoch 269/1000, Train Loss: 0.5959, Validation Loss: 6.5626
Epoch 270/1000, Train Loss: 0.5796, Validation Loss: 4.2942
Epoch 271/1000, Train Loss: 0.6281, Validation Loss: 16.4438
Epoch 272/1000, Train Loss: 0.5737, Validation Loss: 4.7633
Epoch 273/1000, Train Loss: 0.6044, Validation Loss: 1.0322
Epoch 274/1000, Train Loss: 0.6004, Validation Loss: 2.5018
Epoch 275/1000, Train Loss: 0.6047, Validation Loss: 1.2471
Epoch 276/1000, Train Loss: 0.5931, Validation Loss: 0.8532
Epoch 277/1000, Train Loss: 0.5938, Validation Loss: 0.6218
Epoch 278/1000, Train Loss: 0.5845, Validation Loss: 13.4391
Epoch 279/1000, Train Loss: 0.5951, Validation Loss: 1.2869
Epoch 280/1000, Train Loss: 0.5975, Validation Loss: 4.2755
Epoch 281/1000, Train Loss: 0.5979, Validation Loss: 6.5424
Epoch 282/1000, Train Loss: 0.5818, Validation Loss: 1.0369
Epoch 283/1000, Train Loss: 2.1737, Validation Loss: 0.8705
Epoch 284/1000, Train Loss: 0.5844, Validation Loss: 2.4099
Epoch 285/1000, Train Loss: 0.6252, Validation Loss: 1.7555
Epoch 286/1000, Train Loss: 0.6055, Validation Loss: 19.1917
Epoch 287/1000, Train Loss: 0.6003, Validation Loss: 5.1703
Epoch 288/1000, Train Loss: 0.5876, Validation Loss: 0.9745
Epoch 289/1000, Train Loss: 0.5940, Validation Loss: 0.5664
Epoch 290/1000, Train Loss: 0.5644, Validation Loss: 1.1652
Epoch 291/1000, Train Loss: 0.9388, Validation Loss: 213.0643
Epoch 292/1000, Train Loss: 1.0238, Validation Loss: 1.6744
Epoch 293/1000, Train Loss: 0.6261, Validation Loss: 6.0830
Epoch 294/1000, Train Loss: 0.6174, Validation Loss: 11.8040
Epoch 295/1000, Train Loss: 0.5967, Validation Loss: 2.9425
Epoch 296/1000, Train Loss: 0.6061, Validation Loss: 3.1378
Epoch 297/1000, Train Loss: 0.6044, Validation Loss: 4.6171
Epoch 298/1000, Train Loss: 0.5997, Validation Loss: 3.1210
Epoch 299/1000, Train Loss: 0.5963, Validation Loss: 1.5691
Epoch 300/1000, Train Loss: 0.6045, Validation Loss: 1.7058
Epoch 301/1000, Train Loss: 0.5802, Validation Loss: 1.2357
Epoch 302/1000, Train Loss: 0.5798, Validation Loss: 2.4372
Epoch 303/1000, Train Loss: 0.5991, Validation Loss: 4.5246
Epoch 304/1000, Train Loss: 0.6139, Validation Loss: 8.5070
Epoch 305/1000, Train Loss: 0.5722, Validation Loss: 1.8657
Epoch 306/1000, Train Loss: 0.5670, Validation Loss: 0.9226
Epoch 307/1000, Train Loss: 0.6070, Validation Loss: 0.7371
Epoch 308/1000, Train Loss: 0.5783, Validation Loss: 1.2322
Epoch 309/1000, Train Loss: 0.5865, Validation Loss: 1.2154
Epoch 310/1000, Train Loss: 3.7508, Validation Loss: 3.5207
Epoch 311/1000, Train Loss: 0.6816, Validation Loss: 1.9198
Epoch 312/1000, Train Loss: 0.6265, Validation Loss: 4.3195
Epoch 313/1000, Train Loss: 0.5888, Validation Loss: 2.3152
Epoch 314/1000, Train Loss: 0.6186, Validation Loss: 3.2622
Epoch 315/1000, Train Loss: 0.6117, Validation Loss: 0.8753
Epoch 316/1000, Train Loss: 6.5428, Validation Loss: 6.1438
Epoch 317/1000, Train Loss: 6.1872, Validation Loss: 6.0783
Epoch 318/1000, Train Loss: 5.7166, Validation Loss: 3.0368
Epoch 319/1000, Train Loss: 0.6820, Validation Loss: 2.7115
Epoch 320/1000, Train Loss: 0.5965, Validation Loss: 2.8028
Epoch 321/1000, Train Loss: 0.6166, Validation Loss: 4.4884
Epoch 322/1000, Train Loss: 0.5940, Validation Loss: 2.4356
Epoch 323/1000, Train Loss: 0.6044, Validation Loss: 1.1305
Epoch 324/1000, Train Loss: 0.5975, Validation Loss: 2.9322
Epoch 325/1000, Train Loss: 0.5811, Validation Loss: 3.0245
Epoch 326/1000, Train Loss: 0.5891, Validation Loss: 1.5019
Epoch 327/1000, Train Loss: 0.5737, Validation Loss: 1.1256
Epoch 328/1000, Train Loss: 0.5791, Validation Loss: 3.6492
Epoch 329/1000, Train Loss: 0.6022, Validation Loss: 1.8290
Epoch 330/1000, Train Loss: 0.6152, Validation Loss: 2.2813
Epoch 331/1000, Train Loss: 0.5656, Validation Loss: 4.3603
Epoch 332/1000, Train Loss: 0.5840, Validation Loss: 1.3258
Epoch 333/1000, Train Loss: 0.6039, Validation Loss: 2.0126
Epoch 334/1000, Train Loss: 0.5954, Validation Loss: 0.8901
Epoch 335/1000, Train Loss: 0.6065, Validation Loss: 0.9578
Epoch 336/1000, Train Loss: 0.5896, Validation Loss: 1.8712
Epoch 337/1000, Train Loss: 0.6029, Validation Loss: 2.9065
Epoch 338/1000, Train Loss: 0.6091, Validation Loss: 1.2850
Epoch 339/1000, Train Loss: 0.6153, Validation Loss: 4.2770
Epoch 340/1000, Train Loss: 0.5897, Validation Loss: 2.1580
Epoch 341/1000, Train Loss: 0.5888, Validation Loss: 1.5992
Epoch 342/1000, Train Loss: 0.7408, Validation Loss: 2.6390
Epoch 343/1000, Train Loss: 0.6024, Validation Loss: 5.3481
Epoch 344/1000, Train Loss: 0.5752, Validation Loss: 1.3934
Epoch 345/1000, Train Loss: 0.6052, Validation Loss: 2.6573
Epoch 346/1000, Train Loss: 0.5749, Validation Loss: 2.8290
Epoch 347/1000, Train Loss: 0.5927, Validation Loss: 4.0195
Epoch 348/1000, Train Loss: 0.5779, Validation Loss: 2.4314
Epoch 349/1000, Train Loss: 0.5816, Validation Loss: 1.1492
Epoch 350/1000, Train Loss: 0.5820, Validation Loss: 2.1310
Epoch 351/1000, Train Loss: 0.6142, Validation Loss: 3.3316
Epoch 352/1000, Train Loss: 0.8568, Validation Loss: 2.3908
Epoch 353/1000, Train Loss: 0.7357, Validation Loss: 3.0013
Epoch 354/1000, Train Loss: 0.5833, Validation Loss: 1.1230
Epoch 355/1000, Train Loss: 0.6121, Validation Loss: 1.5542
Epoch 356/1000, Train Loss: 0.5819, Validation Loss: 1.8726
Epoch 357/1000, Train Loss: 0.5935, Validation Loss: 1.5841
Epoch 358/1000, Train Loss: 0.5789, Validation Loss: 3.6404
Epoch 359/1000, Train Loss: 0.5886, Validation Loss: 0.9325
Epoch 360/1000, Train Loss: 0.5675, Validation Loss: 0.7528
Epoch 361/1000, Train Loss: 0.5845, Validation Loss: 13.4078
Epoch 362/1000, Train Loss: 0.5744, Validation Loss: 1.4159
Epoch 363/1000, Train Loss: 0.5694, Validation Loss: 1.6503
Epoch 364/1000, Train Loss: 0.5941, Validation Loss: 2.1106
Epoch 365/1000, Train Loss: 0.5766, Validation Loss: 1.4172
Epoch 366/1000, Train Loss: 0.6344, Validation Loss: 2.7731
Epoch 367/1000, Train Loss: 0.5685, Validation Loss: 1.2083
Epoch 368/1000, Train Loss: 0.5957, Validation Loss: 2.2686
Epoch 369/1000, Train Loss: 0.5859, Validation Loss: 1.3704
Epoch 370/1000, Train Loss: 0.5814, Validation Loss: 2.6110
Epoch 371/1000, Train Loss: 0.5965, Validation Loss: 2.5367
Epoch 372/1000, Train Loss: 0.5680, Validation Loss: 1.9246
Epoch 373/1000, Train Loss: 0.5581, Validation Loss: 6.5187
Epoch 374/1000, Train Loss: 0.5710, Validation Loss: 1.1325
Epoch 375/1000, Train Loss: 0.5645, Validation Loss: 1.0125
Epoch 376/1000, Train Loss: 0.5847, Validation Loss: 1.7322
Epoch 377/1000, Train Loss: 0.5557, Validation Loss: 0.7680
Epoch 378/1000, Train Loss: 3.3159, Validation Loss: 3.7224
Epoch 379/1000, Train Loss: 0.5774, Validation Loss: 2.3007
Epoch 380/1000, Train Loss: 0.5741, Validation Loss: 2.3105
Epoch 381/1000, Train Loss: 0.5870, Validation Loss: 2.5926
Epoch 382/1000, Train Loss: 0.5654, Validation Loss: 2.7940
Epoch 383/1000, Train Loss: 0.5653, Validation Loss: 3.5508
Epoch 384/1000, Train Loss: 0.5691, Validation Loss: 2.2004
Epoch 385/1000, Train Loss: 0.5940, Validation Loss: 4.4752
Epoch 386/1000, Train Loss: 0.5499, Validation Loss: 3.5072
Epoch 387/1000, Train Loss: 0.6098, Validation Loss: 2.6738
Epoch 388/1000, Train Loss: 0.5624, Validation Loss: 2.4600
Epoch 389/1000, Train Loss: 0.5807, Validation Loss: 1.5275
Epoch 390/1000, Train Loss: 0.5688, Validation Loss: 2.3895
Epoch 391/1000, Train Loss: 0.5730, Validation Loss: 6.5570
Epoch 392/1000, Train Loss: 0.5569, Validation Loss: 0.9595
Epoch 393/1000, Train Loss: 0.6700, Validation Loss: 3.2158
Epoch 394/1000, Train Loss: 0.5856, Validation Loss: 0.9829
Epoch 395/1000, Train Loss: 0.5602, Validation Loss: 0.8227
Epoch 396/1000, Train Loss: 0.5635, Validation Loss: 0.8965
Epoch 397/1000, Train Loss: 0.5608, Validation Loss: 1.0157
Epoch 398/1000, Train Loss: 0.5674, Validation Loss: 3.1792
Epoch 399/1000, Train Loss: 0.6029, Validation Loss: 0.9363
Epoch 400/1000, Train Loss: 0.5906, Validation Loss: 2.7083
Epoch 401/1000, Train Loss: 0.5631, Validation Loss: 1.4787
Epoch 402/1000, Train Loss: 0.5652, Validation Loss: 3.3338
Epoch 403/1000, Train Loss: 0.5829, Validation Loss: 1.4235
Epoch 404/1000, Train Loss: 0.7153, Validation Loss: 2.2166
Epoch 405/1000, Train Loss: 0.5988, Validation Loss: 1.9819
Epoch 406/1000, Train Loss: 0.5879, Validation Loss: 3.5516
Epoch 407/1000, Train Loss: 0.5713, Validation Loss: 4.1917
Epoch 408/1000, Train Loss: 0.5630, Validation Loss: 3.0353
Epoch 409/1000, Train Loss: 0.5585, Validation Loss: 2.4206
Epoch 410/1000, Train Loss: 0.5654, Validation Loss: 0.5757
Epoch 411/1000, Train Loss: 0.5609, Validation Loss: 2.7520
Epoch 412/1000, Train Loss: 0.5664, Validation Loss: 0.8457
Epoch 413/1000, Train Loss: 0.5549, Validation Loss: 2.4325
Epoch 414/1000, Train Loss: 0.5653, Validation Loss: 1.6226
Epoch 415/1000, Train Loss: 0.7599, Validation Loss: 0.8132
Epoch 416/1000, Train Loss: 0.5830, Validation Loss: 2.3824
Epoch 417/1000, Train Loss: 0.5633, Validation Loss: 2.6327
Epoch 418/1000, Train Loss: 0.5575, Validation Loss: 5.7626
Epoch 419/1000, Train Loss: 0.5935, Validation Loss: 2.1336
Epoch 420/1000, Train Loss: 0.5546, Validation Loss: 1.4133
Epoch 421/1000, Train Loss: 0.5770, Validation Loss: 3.3230
Epoch 422/1000, Train Loss: 0.5715, Validation Loss: 1.8412
Epoch 423/1000, Train Loss: 0.5625, Validation Loss: 3.3657
Epoch 424/1000, Train Loss: 0.5606, Validation Loss: 1.1922
Epoch 425/1000, Train Loss: 0.5563, Validation Loss: 1.2045
Epoch 426/1000, Train Loss: 0.5514, Validation Loss: 1.5505
Epoch 427/1000, Train Loss: 0.5509, Validation Loss: 1.8068
Epoch 428/1000, Train Loss: 0.5703, Validation Loss: 2.2971
Epoch 429/1000, Train Loss: 0.5666, Validation Loss: 2.4451
Epoch 430/1000, Train Loss: 0.5545, Validation Loss: 4.9182
Epoch 431/1000, Train Loss: 0.5400, Validation Loss: 1.1147
Epoch 432/1000, Train Loss: 3.9247, Validation Loss: 6.1849
Epoch 433/1000, Train Loss: 6.2414, Validation Loss: 6.0756
Epoch 434/1000, Train Loss: 6.4266, Validation Loss: 6.2434
Epoch 435/1000, Train Loss: 7.2399, Validation Loss: 6.0631
Epoch 436/1000, Train Loss: 4.4499, Validation Loss: 2.3280
Epoch 437/1000, Train Loss: 1.0264, Validation Loss: 6.8582
Epoch 438/1000, Train Loss: 0.7112, Validation Loss: 1.8729
Epoch 439/1000, Train Loss: 0.6304, Validation Loss: 3.4913
Epoch 440/1000, Train Loss: 0.6506, Validation Loss: 4.2411
Epoch 441/1000, Train Loss: 0.6670, Validation Loss: 1.8676
Epoch 442/1000, Train Loss: 0.6149, Validation Loss: 0.8820
Epoch 443/1000, Train Loss: 0.6486, Validation Loss: 3.8331
Epoch 444/1000, Train Loss: 0.6752, Validation Loss: 1.6576
Epoch 445/1000, Train Loss: 0.6488, Validation Loss: 4.0638
Epoch 446/1000, Train Loss: 0.6459, Validation Loss: 1.8551
Epoch 447/1000, Train Loss: 0.6162, Validation Loss: 0.6680
Epoch 448/1000, Train Loss: 0.6347, Validation Loss: 1.7562
Epoch 449/1000, Train Loss: 0.6272, Validation Loss: 1.9789
Epoch 450/1000, Train Loss: 0.6305, Validation Loss: 1.4687
Epoch 451/1000, Train Loss: 19.9760, Validation Loss: 2.3703
Epoch 452/1000, Train Loss: 1.2656, Validation Loss: 2.3921
Epoch 453/1000, Train Loss: 0.7653, Validation Loss: 1.0451
Epoch 454/1000, Train Loss: 0.7502, Validation Loss: 1.5258
Epoch 455/1000, Train Loss: 0.7242, Validation Loss: 1.5176
Epoch 456/1000, Train Loss: 0.7414, Validation Loss: 3.2956
Epoch 457/1000, Train Loss: 0.7585, Validation Loss: 1.4180
Epoch 458/1000, Train Loss: 0.6972, Validation Loss: 3.5199
Epoch 459/1000, Train Loss: 0.6597, Validation Loss: 3.7335
Epoch 460/1000, Train Loss: 0.7193, Validation Loss: 4.3808
Epoch 461/1000, Train Loss: 0.7368, Validation Loss: 2.9169
Epoch 462/1000, Train Loss: 0.7001, Validation Loss: 3.4215
Epoch 463/1000, Train Loss: 0.6953, Validation Loss: 2.3676
Epoch 464/1000, Train Loss: 0.6314, Validation Loss: 3.4859
Epoch 465/1000, Train Loss: 0.7044, Validation Loss: 1.6846
Epoch 466/1000, Train Loss: 22.6712, Validation Loss: 4.1143
Epoch 467/1000, Train Loss: 144.2681, Validation Loss: 1.6848
Epoch 468/1000, Train Loss: 0.8721, Validation Loss: 4.3120
Epoch 469/1000, Train Loss: 0.7193, Validation Loss: 2.0200
Epoch 470/1000, Train Loss: 0.7172, Validation Loss: 1.6146
Epoch 471/1000, Train Loss: 0.7117, Validation Loss: 1.4861
Epoch 472/1000, Train Loss: 0.7086, Validation Loss: 2.8900
Epoch 473/1000, Train Loss: 0.6463, Validation Loss: 2.5640
Epoch 474/1000, Train Loss: 0.6996, Validation Loss: 3.5029
Epoch 475/1000, Train Loss: 0.6727, Validation Loss: 0.8396
Epoch 476/1000, Train Loss: 0.6701, Validation Loss: 1.0674
Epoch 477/1000, Train Loss: 0.6578, Validation Loss: 0.9180
Epoch 478/1000, Train Loss: 0.7139, Validation Loss: 4.1662
Epoch 479/1000, Train Loss: 0.6572, Validation Loss: 2.0636
Epoch 480/1000, Train Loss: 180.0894, Validation Loss: 2.6419
Epoch 481/1000, Train Loss: 0.6675, Validation Loss: 0.8718
Epoch 482/1000, Train Loss: 0.6403, Validation Loss: 1.3137
Epoch 483/1000, Train Loss: 0.6584, Validation Loss: 1.4093
Epoch 484/1000, Train Loss: 0.6058, Validation Loss: 3.5037
Epoch 485/1000, Train Loss: 0.6278, Validation Loss: 1.2450
Epoch 486/1000, Train Loss: 0.6339, Validation Loss: 2.3070
Epoch 487/1000, Train Loss: 0.6538, Validation Loss: 1.5266
Epoch 488/1000, Train Loss: 0.6468, Validation Loss: 1.0470
Epoch 489/1000, Train Loss: 0.6560, Validation Loss: 2.4946
Epoch 490/1000, Train Loss: 0.6113, Validation Loss: 3.5358
Epoch 491/1000, Train Loss: 6118.7397, Validation Loss: 6.2280
Epoch 492/1000, Train Loss: 6.2198, Validation Loss: 6.1248
Epoch 493/1000, Train Loss: 6.2165, Validation Loss: 6.0634
Epoch 494/1000, Train Loss: 6.8244, Validation Loss: 6.0724
Epoch 495/1000, Train Loss: 6.1982, Validation Loss: 6.1559
Epoch 496/1000, Train Loss: 6.2504, Validation Loss: 6.6026
Epoch 497/1000, Train Loss: 6.4387, Validation Loss: 6.0694
Epoch 498/1000, Train Loss: 6.2297, Validation Loss: 6.0986
Epoch 499/1000, Train Loss: 6.2508, Validation Loss: 6.1887
Epoch 500/1000, Train Loss: 9.1006, Validation Loss: 6.0896
Epoch 501/1000, Train Loss: 75.7200, Validation Loss: 6.1000
Epoch 502/1000, Train Loss: 29.0812, Validation Loss: 6.3542
Epoch 503/1000, Train Loss: 6.1782, Validation Loss: 6.2707
Epoch 504/1000, Train Loss: 6.2156, Validation Loss: 6.1774
Epoch 505/1000, Train Loss: 6.2899, Validation Loss: 6.3293
Epoch 506/1000, Train Loss: 6.1860, Validation Loss: 6.0617
Epoch 507/1000, Train Loss: 6.1694, Validation Loss: 6.0712
Epoch 508/1000, Train Loss: 6.1663, Validation Loss: 6.0708
Epoch 509/1000, Train Loss: 6.9694, Validation Loss: 961046.7866
Epoch 510/1000, Train Loss: 7.9837, Validation Loss: 6.0758
Epoch 511/1000, Train Loss: 6.1838, Validation Loss: 6.1241
Epoch 512/1000, Train Loss: 6.1808, Validation Loss: 6.1048
Epoch 513/1000, Train Loss: 6.1631, Validation Loss: 6.1060
Epoch 514/1000, Train Loss: 6.1552, Validation Loss: 6.0724
Epoch 515/1000, Train Loss: 6.5206, Validation Loss: 6.1718
Epoch 516/1000, Train Loss: 6.1576, Validation Loss: 6.0779
Epoch 517/1000, Train Loss: 12.8268, Validation Loss: 6.0617
Epoch 518/1000, Train Loss: 6.1518, Validation Loss: 6.0648
Epoch 519/1000, Train Loss: 8.7774, Validation Loss: 4.5113
Epoch 520/1000, Train Loss: 3.1284, Validation Loss: 1.7306
Epoch 521/1000, Train Loss: 1.6492, Validation Loss: 1.3608
Epoch 522/1000, Train Loss: 1.3955, Validation Loss: 2.0270
Epoch 523/1000, Train Loss: 1.3149, Validation Loss: 1.5933
Epoch 524/1000, Train Loss: 1.9212, Validation Loss: 1.5506
Epoch 525/1000, Train Loss: 1.2550, Validation Loss: 1.3285
Epoch 526/1000, Train Loss: 1.2255, Validation Loss: 1.5689
Epoch 527/1000, Train Loss: 1.1899, Validation Loss: 1.9700
Epoch 528/1000, Train Loss: 1.1904, Validation Loss: 1.6765
Epoch 529/1000, Train Loss: 1.1489, Validation Loss: 1.9772
Epoch 530/1000, Train Loss: 1.1276, Validation Loss: 3.0148
Epoch 531/1000, Train Loss: 1.0568, Validation Loss: 2.1110
Epoch 532/1000, Train Loss: 1.0166, Validation Loss: 2.8235
Epoch 533/1000, Train Loss: 1.0111, Validation Loss: 1.5579
Epoch 534/1000, Train Loss: 1.0657, Validation Loss: 4.1050
Epoch 535/1000, Train Loss: 1.0303, Validation Loss: 2.2152
Epoch 536/1000, Train Loss: 0.9622, Validation Loss: 1.0073
Epoch 537/1000, Train Loss: 0.9971, Validation Loss: 1.3500
Epoch 538/1000, Train Loss: 1.0236, Validation Loss: 1.2460
Epoch 539/1000, Train Loss: 1.1100, Validation Loss: 2.1851
Epoch 540/1000, Train Loss: 1.1431, Validation Loss: 1.3320
Epoch 541/1000, Train Loss: 1.0092, Validation Loss: 1.1583
Epoch 542/1000, Train Loss: 1.0130, Validation Loss: 1.3076
Epoch 543/1000, Train Loss: 0.9895, Validation Loss: 0.9768
Epoch 544/1000, Train Loss: 0.9935, Validation Loss: 5.2308
Epoch 545/1000, Train Loss: 1.0568, Validation Loss: 1.9469
Epoch 546/1000, Train Loss: 0.9608, Validation Loss: 1.2109
Epoch 547/1000, Train Loss: 0.9654, Validation Loss: 2.8257
Epoch 548/1000, Train Loss: 0.9556, Validation Loss: 1.6617
Epoch 549/1000, Train Loss: 0.9809, Validation Loss: 1.5503
Epoch 550/1000, Train Loss: 0.9004, Validation Loss: 1.1913
Epoch 551/1000, Train Loss: 0.9841, Validation Loss: 1.5610
Epoch 552/1000, Train Loss: 0.9344, Validation Loss: 1.3402
Epoch 553/1000, Train Loss: 0.9292, Validation Loss: 0.9818
Epoch 554/1000, Train Loss: 0.9390, Validation Loss: 1.0067
Epoch 555/1000, Train Loss: 0.9288, Validation Loss: 1.1125
Epoch 556/1000, Train Loss: 0.9240, Validation Loss: 0.8900
Epoch 557/1000, Train Loss: 0.9892, Validation Loss: 1.3558
Epoch 558/1000, Train Loss: 0.8886, Validation Loss: 1.6709
Epoch 559/1000, Train Loss: 0.9451, Validation Loss: 3.0897
Epoch 560/1000, Train Loss: 1.4044, Validation Loss: 0.9712
Epoch 561/1000, Train Loss: 0.9618, Validation Loss: 2.2652
Epoch 562/1000, Train Loss: 0.8760, Validation Loss: 1.0007
Epoch 563/1000, Train Loss: 0.8811, Validation Loss: 6.1333
Epoch 564/1000, Train Loss: 0.8689, Validation Loss: 4.2764
Epoch 565/1000, Train Loss: 0.9331, Validation Loss: 1.0520
Epoch 566/1000, Train Loss: 0.8765, Validation Loss: 3.5914
Epoch 567/1000, Train Loss: 0.8803, Validation Loss: 2.1102
Epoch 568/1000, Train Loss: 0.8826, Validation Loss: 2.7178
Epoch 569/1000, Train Loss: 0.8709, Validation Loss: 1.7549
Epoch 570/1000, Train Loss: 0.8891, Validation Loss: 1.0389
Epoch 571/1000, Train Loss: 0.8437, Validation Loss: 0.8707
Epoch 572/1000, Train Loss: 44.5441, Validation Loss: 17797573.1707
Epoch 573/1000, Train Loss: 1.3079, Validation Loss: 2.1682
Epoch 574/1000, Train Loss: 0.9208, Validation Loss: 3.0366
Epoch 575/1000, Train Loss: 0.8666, Validation Loss: 2.5177
Epoch 576/1000, Train Loss: 0.9057, Validation Loss: 1.4754
Epoch 577/1000, Train Loss: 0.8660, Validation Loss: 1.3252
Epoch 578/1000, Train Loss: 0.8356, Validation Loss: 5.6182
Epoch 579/1000, Train Loss: 0.8855, Validation Loss: 5.7474
Epoch 580/1000, Train Loss: 0.8367, Validation Loss: 1.0472
Epoch 581/1000, Train Loss: 0.8274, Validation Loss: 1.1292
Epoch 582/1000, Train Loss: 3.0140, Validation Loss: 4.0272
Epoch 583/1000, Train Loss: 0.9456, Validation Loss: 2.0631
Epoch 584/1000, Train Loss: 0.8185, Validation Loss: 1.5314
Epoch 585/1000, Train Loss: 0.8253, Validation Loss: 1.7504
Epoch 586/1000, Train Loss: 0.8362, Validation Loss: 2.4242
Epoch 587/1000, Train Loss: 0.7592, Validation Loss: 2.4476
Epoch 588/1000, Train Loss: 0.8206, Validation Loss: 0.9792
Epoch 589/1000, Train Loss: 0.7881, Validation Loss: 1.7461
Epoch 590/1000, Train Loss: 0.7793, Validation Loss: 5.7223
Epoch 591/1000, Train Loss: 0.8003, Validation Loss: 1.1777
Epoch 592/1000, Train Loss: 0.7873, Validation Loss: 6.6600
Epoch 593/1000, Train Loss: 0.8117, Validation Loss: 1.3496
Epoch 594/1000, Train Loss: 1.1881, Validation Loss: 2.3703
Epoch 595/1000, Train Loss: 1.0559, Validation Loss: 1.8331
Epoch 596/1000, Train Loss: 0.8771, Validation Loss: 0.9730
Epoch 597/1000, Train Loss: 0.7859, Validation Loss: 1.2348
Epoch 598/1000, Train Loss: 0.8278, Validation Loss: 1.7209
Epoch 599/1000, Train Loss: 0.7813, Validation Loss: 1.7237
Epoch 600/1000, Train Loss: 0.7661, Validation Loss: 1.3539
Epoch 601/1000, Train Loss: 0.8624, Validation Loss: 4.1400
Epoch 602/1000, Train Loss: 1.2717, Validation Loss: 0.8657
Epoch 603/1000, Train Loss: 0.8059, Validation Loss: 2.5291
Epoch 604/1000, Train Loss: 0.8205, Validation Loss: 3.6648
Epoch 605/1000, Train Loss: 0.7733, Validation Loss: 1.2472
Epoch 606/1000, Train Loss: 0.7578, Validation Loss: 3.0001
Epoch 607/1000, Train Loss: 0.7698, Validation Loss: 1.7007
Epoch 608/1000, Train Loss: 0.8205, Validation Loss: 2.9976
Epoch 609/1000, Train Loss: 1.1488, Validation Loss: 1.4391
Epoch 610/1000, Train Loss: 0.8323, Validation Loss: 2.0578
Epoch 611/1000, Train Loss: 0.7787, Validation Loss: 0.8724
Epoch 612/1000, Train Loss: 0.7867, Validation Loss: 1.7491
Epoch 613/1000, Train Loss: 0.8051, Validation Loss: 0.8943
Epoch 614/1000, Train Loss: 0.7477, Validation Loss: 8.2134
Epoch 615/1000, Train Loss: 0.8094, Validation Loss: 3.4831
Epoch 616/1000, Train Loss: 0.8292, Validation Loss: 3.4465
Epoch 617/1000, Train Loss: 0.7772, Validation Loss: 2.0162
Epoch 618/1000, Train Loss: 0.7582, Validation Loss: 4.8715
Epoch 619/1000, Train Loss: 0.7714, Validation Loss: 0.8536
Epoch 620/1000, Train Loss: 0.7367, Validation Loss: 1.7176
Epoch 621/1000, Train Loss: 0.7395, Validation Loss: 1.6487
Epoch 622/1000, Train Loss: 0.9743, Validation Loss: 3.0328
Epoch 623/1000, Train Loss: 1.6208, Validation Loss: 6.9597
Epoch 624/1000, Train Loss: 0.8203, Validation Loss: 1.2759
Epoch 625/1000, Train Loss: 0.8093, Validation Loss: 2.1142
Epoch 626/1000, Train Loss: 0.7537, Validation Loss: 6.1501
Epoch 627/1000, Train Loss: 0.7566, Validation Loss: 3.6245
Epoch 628/1000, Train Loss: 0.7657, Validation Loss: 2.2285
Epoch 629/1000, Train Loss: 0.7731, Validation Loss: 2.1291
Epoch 630/1000, Train Loss: 0.7375, Validation Loss: 1.1777
Epoch 631/1000, Train Loss: 0.7751, Validation Loss: 5.0119
Epoch 632/1000, Train Loss: 0.7732, Validation Loss: 1.6399
Epoch 633/1000, Train Loss: 0.7847, Validation Loss: 1.8487
Epoch 634/1000, Train Loss: 0.7516, Validation Loss: 0.9195
Epoch 635/1000, Train Loss: 0.7338, Validation Loss: 7.4088
Epoch 636/1000, Train Loss: 0.7593, Validation Loss: 2.3410
Epoch 637/1000, Train Loss: 0.7429, Validation Loss: 4.8100
Epoch 638/1000, Train Loss: 1.2376, Validation Loss: 2.4181
Epoch 639/1000, Train Loss: 0.7656, Validation Loss: 1.7072
Epoch 640/1000, Train Loss: 0.7573, Validation Loss: 0.9324
Epoch 641/1000, Train Loss: 0.7901, Validation Loss: 1.5698
Epoch 642/1000, Train Loss: 0.7538, Validation Loss: 1.6716
Epoch 643/1000, Train Loss: 0.7302, Validation Loss: 0.9208
Epoch 644/1000, Train Loss: 0.7866, Validation Loss: 1.0242
Epoch 645/1000, Train Loss: 0.7197, Validation Loss: 2.2660
Epoch 646/1000, Train Loss: 0.7332, Validation Loss: 1.4473
Epoch 647/1000, Train Loss: 0.7386, Validation Loss: 1.4028
Epoch 648/1000, Train Loss: 0.7437, Validation Loss: 0.8621
Epoch 649/1000, Train Loss: 0.7416, Validation Loss: 2.3489
Epoch 650/1000, Train Loss: 0.7342, Validation Loss: 1.2608
Epoch 651/1000, Train Loss: 0.7571, Validation Loss: 1.3806
Epoch 652/1000, Train Loss: 0.7323, Validation Loss: 1.7245
Epoch 653/1000, Train Loss: 0.7054, Validation Loss: 1.6449
Epoch 654/1000, Train Loss: 0.7148, Validation Loss: 1.0082
Epoch 655/1000, Train Loss: 0.7288, Validation Loss: 2.1509
Epoch 656/1000, Train Loss: 0.7598, Validation Loss: 0.9877
Epoch 657/1000, Train Loss: 0.7889, Validation Loss: 2.3463
Epoch 658/1000, Train Loss: 0.7319, Validation Loss: 3.4316
Epoch 659/1000, Train Loss: 0.7334, Validation Loss: 0.8818
Epoch 660/1000, Train Loss: 1.2652, Validation Loss: 3.8518
Epoch 661/1000, Train Loss: 0.7827, Validation Loss: 0.8922
Epoch 662/1000, Train Loss: 0.7244, Validation Loss: 3.5167
Epoch 663/1000, Train Loss: 0.7528, Validation Loss: 0.9721
Epoch 664/1000, Train Loss: 0.7584, Validation Loss: 1.1064
Epoch 665/1000, Train Loss: 0.7224, Validation Loss: 1.2799
Epoch 666/1000, Train Loss: 0.7472, Validation Loss: 1.0862
Epoch 667/1000, Train Loss: 0.7509, Validation Loss: 2.6670
Epoch 668/1000, Train Loss: 43.5439, Validation Loss: 2.6586
Epoch 669/1000, Train Loss: 0.7919, Validation Loss: 2.2302
Epoch 670/1000, Train Loss: 0.7582, Validation Loss: 4.1657
Epoch 671/1000, Train Loss: 0.7459, Validation Loss: 0.6918
Epoch 672/1000, Train Loss: 0.7560, Validation Loss: 1.1867
Epoch 673/1000, Train Loss: 0.7394, Validation Loss: 1.1505
Epoch 674/1000, Train Loss: 0.7446, Validation Loss: 2.0376
Epoch 675/1000, Train Loss: 0.7407, Validation Loss: 1.9094
Epoch 676/1000, Train Loss: 15.2544, Validation Loss: 0.9216
Epoch 677/1000, Train Loss: 0.7553, Validation Loss: 1.8021
Epoch 678/1000, Train Loss: 0.7347, Validation Loss: 2.2215
Epoch 679/1000, Train Loss: 0.7509, Validation Loss: 2.0440
Epoch 680/1000, Train Loss: 0.7668, Validation Loss: 2.9031
Epoch 681/1000, Train Loss: 0.7355, Validation Loss: 1.6006
Epoch 682/1000, Train Loss: 4.0856, Validation Loss: 4.2125
Epoch 683/1000, Train Loss: 0.7327, Validation Loss: 2.1444
Epoch 684/1000, Train Loss: 0.7424, Validation Loss: 3.7877
Epoch 685/1000, Train Loss: 0.7009, Validation Loss: 1.5065
Epoch 686/1000, Train Loss: 0.7922, Validation Loss: 1.7456
Epoch 687/1000, Train Loss: 0.7395, Validation Loss: 1.6150
Epoch 688/1000, Train Loss: 0.7591, Validation Loss: 2.2776
Epoch 689/1000, Train Loss: 4.1409, Validation Loss: 1.0340
Epoch 690/1000, Train Loss: 0.9631, Validation Loss: 4.8730
Epoch 691/1000, Train Loss: 0.7634, Validation Loss: 3.3699
Epoch 692/1000, Train Loss: 0.7236, Validation Loss: 1.8975
Epoch 693/1000, Train Loss: 0.7308, Validation Loss: 1.4285
Epoch 694/1000, Train Loss: 0.7429, Validation Loss: 2.2291
Epoch 695/1000, Train Loss: 0.7141, Validation Loss: 2.1056
Epoch 696/1000, Train Loss: 0.7129, Validation Loss: 1.0918
Epoch 697/1000, Train Loss: 0.7315, Validation Loss: 3.5902
Epoch 698/1000, Train Loss: 0.7180, Validation Loss: 1.4218
Epoch 699/1000, Train Loss: 0.7232, Validation Loss: 1.2633
Epoch 700/1000, Train Loss: 14.4026, Validation Loss: 1.9983
Epoch 701/1000, Train Loss: 0.7443, Validation Loss: 1.0496
Epoch 702/1000, Train Loss: 0.7275, Validation Loss: 1.8137
Epoch 703/1000, Train Loss: 0.7429, Validation Loss: 1.8175
Epoch 704/1000, Train Loss: 0.7215, Validation Loss: 3.1867
Epoch 705/1000, Train Loss: 0.7800, Validation Loss: 2.1303
Epoch 706/1000, Train Loss: 0.7076, Validation Loss: 2.4041
Epoch 707/1000, Train Loss: 0.7324, Validation Loss: 1.9657
Epoch 708/1000, Train Loss: 1.3536, Validation Loss: 2.0895
Epoch 709/1000, Train Loss: 0.7488, Validation Loss: 2.4547
Epoch 710/1000, Train Loss: 0.7123, Validation Loss: 1.2348
Epoch 711/1000, Train Loss: 0.6964, Validation Loss: 3.2283
Epoch 712/1000, Train Loss: 0.7388, Validation Loss: 1.7346
Epoch 713/1000, Train Loss: 0.7080, Validation Loss: 0.6958
Epoch 714/1000, Train Loss: 0.7542, Validation Loss: 1.5532
Epoch 715/1000, Train Loss: 0.7185, Validation Loss: 1.2232
Epoch 716/1000, Train Loss: 0.7229, Validation Loss: 1.8243
Epoch 717/1000, Train Loss: 0.7258, Validation Loss: 1.9978
Epoch 718/1000, Train Loss: 0.7263, Validation Loss: 1.8684
Epoch 719/1000, Train Loss: 1.0829, Validation Loss: 1.7643
Epoch 720/1000, Train Loss: 0.6989, Validation Loss: 3.6023
Epoch 721/1000, Train Loss: 0.6983, Validation Loss: 3.2365
Epoch 722/1000, Train Loss: 0.7335, Validation Loss: 1.7024
Epoch 723/1000, Train Loss: 0.6994, Validation Loss: 3.8237
Epoch 724/1000, Train Loss: 0.7306, Validation Loss: 0.9621
Epoch 725/1000, Train Loss: 0.7277, Validation Loss: 1.5105
Epoch 726/1000, Train Loss: 0.7396, Validation Loss: 1.4686
Epoch 727/1000, Train Loss: 1.3722, Validation Loss: 1.1174
Epoch 728/1000, Train Loss: 0.7686, Validation Loss: 3.1636
Epoch 729/1000, Train Loss: 0.7115, Validation Loss: 2.4357
Epoch 730/1000, Train Loss: 0.7007, Validation Loss: 1.9679
Epoch 731/1000, Train Loss: 0.7129, Validation Loss: 2.7089
Epoch 732/1000, Train Loss: 0.7398, Validation Loss: 2.0998
Epoch 733/1000, Train Loss: 0.6919, Validation Loss: 0.9520
Epoch 734/1000, Train Loss: 9.2253, Validation Loss: 1.0037
Epoch 735/1000, Train Loss: 0.7257, Validation Loss: 1.0955
Epoch 736/1000, Train Loss: 1.1195, Validation Loss: 5.5717
Epoch 737/1000, Train Loss: 0.6890, Validation Loss: 5.3729
Epoch 738/1000, Train Loss: 0.7506, Validation Loss: 2.0086
Epoch 739/1000, Train Loss: 0.6978, Validation Loss: 8.1124
Epoch 740/1000, Train Loss: 0.6912, Validation Loss: 1.6115
Epoch 741/1000, Train Loss: 0.7202, Validation Loss: 1.9856
Epoch 742/1000, Train Loss: 0.6881, Validation Loss: 0.9042
Epoch 743/1000, Train Loss: 0.6827, Validation Loss: 1.5419
Epoch 744/1000, Train Loss: 0.6645, Validation Loss: 1.1152
Epoch 745/1000, Train Loss: 0.6808, Validation Loss: 0.8493
Epoch 746/1000, Train Loss: 0.8213, Validation Loss: 1.5389
Epoch 747/1000, Train Loss: 0.7007, Validation Loss: 1.2794
Epoch 748/1000, Train Loss: 0.7379, Validation Loss: 3.0690
Epoch 749/1000, Train Loss: 0.7213, Validation Loss: 2.5683
Epoch 750/1000, Train Loss: 0.6752, Validation Loss: 0.7899
Epoch 751/1000, Train Loss: 0.7030, Validation Loss: 1.2897
Epoch 752/1000, Train Loss: 0.6869, Validation Loss: 4.1502
Epoch 753/1000, Train Loss: 0.6976, Validation Loss: 1.5837
Epoch 754/1000, Train Loss: 0.6878, Validation Loss: 3.9360
Epoch 755/1000, Train Loss: 1.2842, Validation Loss: 1.0333
Epoch 756/1000, Train Loss: 0.7559, Validation Loss: 1.5394
Epoch 757/1000, Train Loss: 0.6770, Validation Loss: 0.9138
Epoch 758/1000, Train Loss: 0.6735, Validation Loss: 0.9324
Epoch 759/1000, Train Loss: 0.7051, Validation Loss: 2.4061
Epoch 760/1000, Train Loss: 0.6887, Validation Loss: 1.5489
Epoch 761/1000, Train Loss: 0.6898, Validation Loss: 3.5113
Epoch 762/1000, Train Loss: 0.6848, Validation Loss: 0.9274
Epoch 763/1000, Train Loss: 0.7030, Validation Loss: 0.9756
Epoch 764/1000, Train Loss: 0.6751, Validation Loss: 4.1353
Epoch 765/1000, Train Loss: 0.6470, Validation Loss: 2.2413
Epoch 766/1000, Train Loss: 0.6942, Validation Loss: 2.5634
Epoch 767/1000, Train Loss: 4.4881, Validation Loss: 1.6367
Epoch 768/1000, Train Loss: 0.7798, Validation Loss: 1.1139
Epoch 769/1000, Train Loss: 0.7097, Validation Loss: 1.0109
Epoch 770/1000, Train Loss: 0.7034, Validation Loss: 1.2953
Epoch 771/1000, Train Loss: 0.6690, Validation Loss: 2.2049
Epoch 772/1000, Train Loss: 0.6805, Validation Loss: 1.4945
Epoch 773/1000, Train Loss: 0.6958, Validation Loss: 0.9085
Epoch 774/1000, Train Loss: 0.6585, Validation Loss: 4.0091
Epoch 775/1000, Train Loss: 0.7037, Validation Loss: 3.3813
Epoch 776/1000, Train Loss: 0.6989, Validation Loss: 0.7169
Epoch 777/1000, Train Loss: 0.6664, Validation Loss: 1.6068
Epoch 778/1000, Train Loss: 0.6697, Validation Loss: 2.4721
Epoch 779/1000, Train Loss: 0.7241, Validation Loss: 3.4443
Epoch 780/1000, Train Loss: 0.7270, Validation Loss: 1.4882
Epoch 781/1000, Train Loss: 8.1000, Validation Loss: 1.5770
Epoch 782/1000, Train Loss: 0.7729, Validation Loss: 0.8342
Epoch 783/1000, Train Loss: 0.7132, Validation Loss: 2.0056
Epoch 784/1000, Train Loss: 0.7006, Validation Loss: 3.7265
Epoch 785/1000, Train Loss: 0.6775, Validation Loss: 0.9123
Epoch 786/1000, Train Loss: 0.7574, Validation Loss: 1.5639
Epoch 787/1000, Train Loss: 0.6883, Validation Loss: 0.8072
Epoch 788/1000, Train Loss: 0.6740, Validation Loss: 1.3739
Epoch 789/1000, Train Loss: 0.6677, Validation Loss: 4.1178
Epoch 790/1000, Train Loss: 0.6932, Validation Loss: 1.3643
Epoch 791/1000, Train Loss: 0.7208, Validation Loss: 1.8923
Epoch 792/1000, Train Loss: 0.6771, Validation Loss: 3.7157
Epoch 793/1000, Train Loss: 0.7210, Validation Loss: 4.8236
Epoch 794/1000, Train Loss: 0.6798, Validation Loss: 1.5748
Epoch 795/1000, Train Loss: 1.3655, Validation Loss: 0.9231
Epoch 796/1000, Train Loss: 0.7006, Validation Loss: 2.0884
Epoch 797/1000, Train Loss: 0.6601, Validation Loss: 5.7632
Epoch 798/1000, Train Loss: 0.6861, Validation Loss: 1.4197
Epoch 799/1000, Train Loss: 0.6874, Validation Loss: 1.0086
Epoch 800/1000, Train Loss: 0.6770, Validation Loss: 3.1164
Epoch 801/1000, Train Loss: 0.6674, Validation Loss: 4.8965
Epoch 802/1000, Train Loss: 0.7129, Validation Loss: 1.7121
Epoch 803/1000, Train Loss: 0.6741, Validation Loss: 1.9547
Epoch 804/1000, Train Loss: 0.6665, Validation Loss: 1.2758
Epoch 805/1000, Train Loss: 0.6831, Validation Loss: 1.2073
Epoch 806/1000, Train Loss: 1.0168, Validation Loss: 5.0928
Epoch 807/1000, Train Loss: 0.7066, Validation Loss: 0.7922
Epoch 808/1000, Train Loss: 0.6746, Validation Loss: 1.0086
Epoch 809/1000, Train Loss: 0.6638, Validation Loss: 0.9232
Epoch 810/1000, Train Loss: 0.6616, Validation Loss: 1.4485
Epoch 811/1000, Train Loss: 0.6575, Validation Loss: 3.9213
Epoch 812/1000, Train Loss: 0.7646, Validation Loss: 2.0511
Epoch 813/1000, Train Loss: 1.9513, Validation Loss: 1.4376
Epoch 814/1000, Train Loss: 0.7459, Validation Loss: 4.3538
Epoch 815/1000, Train Loss: 0.6735, Validation Loss: 1.1973
Epoch 816/1000, Train Loss: 0.6772, Validation Loss: 1.0270
Epoch 817/1000, Train Loss: 0.6667, Validation Loss: 2.4409
Epoch 818/1000, Train Loss: 0.6752, Validation Loss: 0.8565
Epoch 819/1000, Train Loss: 0.6739, Validation Loss: 2.9699
Epoch 820/1000, Train Loss: 0.6937, Validation Loss: 3.1628
Epoch 821/1000, Train Loss: 0.6733, Validation Loss: 2.8336
Epoch 822/1000, Train Loss: 0.6357, Validation Loss: 0.9513
Epoch 823/1000, Train Loss: 0.6634, Validation Loss: 1.1132
Epoch 824/1000, Train Loss: 0.6543, Validation Loss: 5.5221
Epoch 825/1000, Train Loss: 1.4162, Validation Loss: 0.9049
Epoch 826/1000, Train Loss: 0.7136, Validation Loss: 2.2451
Epoch 827/1000, Train Loss: 0.6645, Validation Loss: 2.8418
Epoch 828/1000, Train Loss: 0.6800, Validation Loss: 1.0072
Epoch 829/1000, Train Loss: 0.6851, Validation Loss: 2.1153
Epoch 830/1000, Train Loss: 0.6456, Validation Loss: 3.1766
Epoch 831/1000, Train Loss: 0.6717, Validation Loss: 2.3441
Epoch 832/1000, Train Loss: 0.6524, Validation Loss: 0.7983
Epoch 833/1000, Train Loss: 0.6603, Validation Loss: 3.0485
Epoch 834/1000, Train Loss: 0.6847, Validation Loss: 1.0639
Epoch 835/1000, Train Loss: 0.6746, Validation Loss: 2.3881
Epoch 836/1000, Train Loss: 0.6583, Validation Loss: 1.6397
Epoch 837/1000, Train Loss: 0.6851, Validation Loss: 1.0107
Epoch 838/1000, Train Loss: 0.8366, Validation Loss: 1.4704
Epoch 839/1000, Train Loss: 0.6650, Validation Loss: 1.5417
Epoch 840/1000, Train Loss: 0.6708, Validation Loss: 1.4999
Epoch 841/1000, Train Loss: 0.6681, Validation Loss: 1.8149
Epoch 842/1000, Train Loss: 0.6546, Validation Loss: 1.3470
Epoch 843/1000, Train Loss: 0.6715, Validation Loss: 2.5849
Epoch 844/1000, Train Loss: 0.6952, Validation Loss: 3.0271
Epoch 845/1000, Train Loss: 0.6786, Validation Loss: 1.2287
Epoch 846/1000, Train Loss: 1.2589, Validation Loss: 3.4024
Epoch 847/1000, Train Loss: 1.4453, Validation Loss: 1.6232
Epoch 848/1000, Train Loss: 0.6693, Validation Loss: 4.4176
Epoch 849/1000, Train Loss: 0.6973, Validation Loss: 1.7527
Epoch 850/1000, Train Loss: 0.6573, Validation Loss: 2.4030
Epoch 851/1000, Train Loss: 0.6573, Validation Loss: 1.8558
Epoch 852/1000, Train Loss: 0.6788, Validation Loss: 2.7794
Epoch 853/1000, Train Loss: 0.6517, Validation Loss: 1.9980
Epoch 854/1000, Train Loss: 0.6531, Validation Loss: 2.5265
Epoch 855/1000, Train Loss: 0.6774, Validation Loss: 3.7936
Epoch 856/1000, Train Loss: 0.6472, Validation Loss: 0.7122
Epoch 857/1000, Train Loss: 0.6353, Validation Loss: 2.8551
Epoch 858/1000, Train Loss: 0.6720, Validation Loss: 1.4557
Epoch 859/1000, Train Loss: 0.6554, Validation Loss: 1.3881
Epoch 860/1000, Train Loss: 0.6765, Validation Loss: 2.8887
Epoch 861/1000, Train Loss: 8.4514, Validation Loss: 1.2661
Epoch 862/1000, Train Loss: 0.6686, Validation Loss: 2.7492
Epoch 863/1000, Train Loss: 0.6731, Validation Loss: 2.7031
Epoch 864/1000, Train Loss: 0.6472, Validation Loss: 1.4938
Epoch 865/1000, Train Loss: 0.6583, Validation Loss: 0.7780
Epoch 866/1000, Train Loss: 0.6670, Validation Loss: 1.5638
Epoch 867/1000, Train Loss: 0.6534, Validation Loss: 0.7747
Epoch 868/1000, Train Loss: 27.1380, Validation Loss: 7.2984
Epoch 869/1000, Train Loss: 0.6722, Validation Loss: 4.5252
Epoch 870/1000, Train Loss: 0.6964, Validation Loss: 2.1984
Epoch 871/1000, Train Loss: 0.6716, Validation Loss: 1.7607
Epoch 872/1000, Train Loss: 0.6652, Validation Loss: 0.6924
Epoch 873/1000, Train Loss: 0.6682, Validation Loss: 6.5621
Epoch 874/1000, Train Loss: 0.6525, Validation Loss: 1.3640
Epoch 875/1000, Train Loss: 0.6811, Validation Loss: 2.0874
Epoch 876/1000, Train Loss: 0.6521, Validation Loss: 0.6899
Epoch 877/1000, Train Loss: 0.6677, Validation Loss: 2.1936
Epoch 878/1000, Train Loss: 0.6534, Validation Loss: 1.5460
Epoch 879/1000, Train Loss: 0.9520, Validation Loss: 2.6404
Epoch 880/1000, Train Loss: 0.6692, Validation Loss: 2.8098
Epoch 881/1000, Train Loss: 0.6672, Validation Loss: 1.1091
Epoch 882/1000, Train Loss: 0.6750, Validation Loss: 3.8855
Epoch 883/1000, Train Loss: 0.6666, Validation Loss: 1.8475
Epoch 884/1000, Train Loss: 0.7486, Validation Loss: 3.3263
Epoch 885/1000, Train Loss: 0.7021, Validation Loss: 1.6045
Epoch 886/1000, Train Loss: 0.6682, Validation Loss: 2.7940
Epoch 887/1000, Train Loss: 0.6447, Validation Loss: 2.1243
Epoch 888/1000, Train Loss: 0.6889, Validation Loss: 1.6687
Epoch 889/1000, Train Loss: 0.6655, Validation Loss: 1.2933
Epoch 890/1000, Train Loss: 0.6652, Validation Loss: 2.3399
Epoch 891/1000, Train Loss: 0.6563, Validation Loss: 0.7355
Epoch 892/1000, Train Loss: 0.6609, Validation Loss: 1.5431
Epoch 893/1000, Train Loss: 0.6768, Validation Loss: 1.7856
Epoch 894/1000, Train Loss: 6.5447, Validation Loss: 1.2164
Epoch 895/1000, Train Loss: 0.7187, Validation Loss: 2.2413
Epoch 896/1000, Train Loss: 0.7211, Validation Loss: 0.8752
Epoch 897/1000, Train Loss: 0.6721, Validation Loss: 2.3792
Epoch 898/1000, Train Loss: 0.6941, Validation Loss: 1.2178
Epoch 899/1000, Train Loss: 0.6886, Validation Loss: 3.5484
Epoch 900/1000, Train Loss: 0.6882, Validation Loss: 1.2152
Epoch 901/1000, Train Loss: 27.3361, Validation Loss: 1.8103
Epoch 902/1000, Train Loss: 0.6781, Validation Loss: 1.5764
Epoch 903/1000, Train Loss: 0.6974, Validation Loss: 3.6059
Epoch 904/1000, Train Loss: 0.6886, Validation Loss: 1.2149
Epoch 905/1000, Train Loss: 0.7060, Validation Loss: 1.6129
Epoch 906/1000, Train Loss: 0.6530, Validation Loss: 1.9453
Epoch 907/1000, Train Loss: 0.6956, Validation Loss: 3.5261
Epoch 908/1000, Train Loss: 0.6772, Validation Loss: 1.2528
Epoch 909/1000, Train Loss: 0.6551, Validation Loss: 0.7772
Epoch 910/1000, Train Loss: 0.7488, Validation Loss: 2.2185
Epoch 911/1000, Train Loss: 1.5206, Validation Loss: 7.3433
Epoch 912/1000, Train Loss: 0.6777, Validation Loss: 0.8083
Epoch 913/1000, Train Loss: 0.6757, Validation Loss: 1.4328
Epoch 914/1000, Train Loss: 0.6609, Validation Loss: 2.2236
Epoch 915/1000, Train Loss: 0.6712, Validation Loss: 4.3095
Epoch 916/1000, Train Loss: 0.6668, Validation Loss: 0.9434
Epoch 917/1000, Train Loss: 0.6370, Validation Loss: 2.2436
Epoch 918/1000, Train Loss: 0.6755, Validation Loss: 0.8408
Epoch 919/1000, Train Loss: 0.6701, Validation Loss: 2.5145
Epoch 920/1000, Train Loss: 13.6220, Validation Loss: 8.0060
Epoch 921/1000, Train Loss: 3.0544, Validation Loss: 1.0869
Epoch 922/1000, Train Loss: 0.7186, Validation Loss: 1.5248
Epoch 923/1000, Train Loss: 0.6812, Validation Loss: 1.2414
Epoch 924/1000, Train Loss: 0.6848, Validation Loss: 1.3638
Epoch 925/1000, Train Loss: 0.6619, Validation Loss: 1.8505
Epoch 926/1000, Train Loss: 0.6737, Validation Loss: 1.1311
Epoch 927/1000, Train Loss: 1.2188, Validation Loss: 1.2848
Epoch 928/1000, Train Loss: 0.6642, Validation Loss: 3.3742
Epoch 929/1000, Train Loss: 0.6756, Validation Loss: 7.7058
Epoch 930/1000, Train Loss: 0.6446, Validation Loss: 2.9313
Epoch 931/1000, Train Loss: 0.6500, Validation Loss: 2.9331
Epoch 932/1000, Train Loss: 0.6539, Validation Loss: 2.4152
Epoch 933/1000, Train Loss: 0.6651, Validation Loss: 4.3350
Epoch 934/1000, Train Loss: 0.6466, Validation Loss: 2.1879
Epoch 935/1000, Train Loss: 0.6917, Validation Loss: 1.3841
Epoch 936/1000, Train Loss: 0.6484, Validation Loss: 2.0527
Epoch 937/1000, Train Loss: 1.5409, Validation Loss: 2.2998
Epoch 938/1000, Train Loss: 0.6947, Validation Loss: 2.8125
Epoch 939/1000, Train Loss: 0.6568, Validation Loss: 0.8172
Epoch 940/1000, Train Loss: 0.7430, Validation Loss: 1.4553
Epoch 941/1000, Train Loss: 0.6472, Validation Loss: 3.2359
Epoch 942/1000, Train Loss: 0.6650, Validation Loss: 2.9443
Epoch 943/1000, Train Loss: 0.7161, Validation Loss: 1.1463
Epoch 944/1000, Train Loss: 0.6521, Validation Loss: 2.3256
Epoch 945/1000, Train Loss: 0.6688, Validation Loss: 1.0662
Epoch 946/1000, Train Loss: 0.6538, Validation Loss: 1.5285
Epoch 947/1000, Train Loss: 12.6851, Validation Loss: 1.7306
Epoch 948/1000, Train Loss: 0.6870, Validation Loss: 1.2561
Epoch 949/1000, Train Loss: 0.6652, Validation Loss: 1.5659
Epoch 950/1000, Train Loss: 0.6466, Validation Loss: 1.7524
Epoch 951/1000, Train Loss: 0.6740, Validation Loss: 0.9743
Epoch 952/1000, Train Loss: 0.6804, Validation Loss: 1.2068
Epoch 953/1000, Train Loss: 0.6496, Validation Loss: 1.8789
Epoch 954/1000, Train Loss: 0.6572, Validation Loss: 1.4580
Epoch 955/1000, Train Loss: 0.6541, Validation Loss: 2.1938
Epoch 956/1000, Train Loss: 0.6762, Validation Loss: 1.5138
Epoch 957/1000, Train Loss: 0.6565, Validation Loss: 1.5476
Epoch 958/1000, Train Loss: 114.7997, Validation Loss: 6.4165
Epoch 959/1000, Train Loss: 0.7699, Validation Loss: 3.0578
Epoch 960/1000, Train Loss: 0.6680, Validation Loss: 0.9659
Epoch 961/1000, Train Loss: 0.6367, Validation Loss: 5.5600
Epoch 962/1000, Train Loss: 0.6540, Validation Loss: 4.3923
Epoch 963/1000, Train Loss: 0.6774, Validation Loss: 1.8521
Epoch 964/1000, Train Loss: 0.6639, Validation Loss: 1.4230
Epoch 965/1000, Train Loss: 0.6518, Validation Loss: 2.3793
Epoch 966/1000, Train Loss: 0.6383, Validation Loss: 0.7290
Epoch 967/1000, Train Loss: 0.7724, Validation Loss: 0.9349
Epoch 968/1000, Train Loss: 0.6640, Validation Loss: 1.4946
Epoch 969/1000, Train Loss: 0.6341, Validation Loss: 1.9755
Epoch 970/1000, Train Loss: 0.6434, Validation Loss: 3.9377
Epoch 971/1000, Train Loss: 0.6288, Validation Loss: 1.1451
Epoch 972/1000, Train Loss: 0.6683, Validation Loss: 3.0314
Epoch 973/1000, Train Loss: 0.6510, Validation Loss: 3.7412
Epoch 974/1000, Train Loss: 0.7473, Validation Loss: 1.7641
Epoch 975/1000, Train Loss: 0.6664, Validation Loss: 1.9429
Epoch 976/1000, Train Loss: 0.6667, Validation Loss: 1.9549
Epoch 977/1000, Train Loss: 0.6428, Validation Loss: 0.8226
Epoch 978/1000, Train Loss: 0.7125, Validation Loss: 1.1056
Epoch 979/1000, Train Loss: 0.6335, Validation Loss: 2.1313
Epoch 980/1000, Train Loss: 0.6412, Validation Loss: 1.9670
Epoch 981/1000, Train Loss: 1.3461, Validation Loss: 2.1635
Epoch 982/1000, Train Loss: 0.6912, Validation Loss: 1.5606
Epoch 983/1000, Train Loss: 0.6695, Validation Loss: 6.7463
Epoch 984/1000, Train Loss: 0.7628, Validation Loss: 7.0979
Epoch 985/1000, Train Loss: 0.6397, Validation Loss: 3.0363
Epoch 986/1000, Train Loss: 0.6905, Validation Loss: 2.3708
Epoch 987/1000, Train Loss: 0.8197, Validation Loss: 2.7048
Epoch 988/1000, Train Loss: 0.6600, Validation Loss: 2.0267
Epoch 989/1000, Train Loss: 0.6909, Validation Loss: 4.7098
Epoch 990/1000, Train Loss: 0.6760, Validation Loss: 4.2022
Epoch 991/1000, Train Loss: 0.6512, Validation Loss: 1.5410
Epoch 992/1000, Train Loss: 0.6624, Validation Loss: 3.3629
Epoch 993/1000, Train Loss: 0.6360, Validation Loss: 1.3416
Epoch 994/1000, Train Loss: 0.6446, Validation Loss: 2.6474
Epoch 995/1000, Train Loss: 0.6598, Validation Loss: 1.6196
Epoch 996/1000, Train Loss: 0.6583, Validation Loss: 4.7899
Epoch 997/1000, Train Loss: 0.8995, Validation Loss: 1.2828
Epoch 998/1000, Train Loss: 0.6700, Validation Loss: 1.8855
Epoch 999/1000, Train Loss: 0.6664, Validation Loss: 2.2585
Epoch 1000/1000, Train Loss: 0.6675, Validation Loss: 0.9706
Best Training Loss: 0.5400
Best Training Loss Epoch: 431
Best Validation Loss: 0.5664
Best Validation Loss Epoch: 289
Time taken for training: 2-02:42:52
Test Loss: 0.5898
Test MAPE: 83388.8203%
Error Statistics:
count     41272.000000
mean        454.279846
std        7749.383789
min           0.000023
25%           0.163189
50%           1.663942
75%          26.670885
max      836561.750000
Name: Absolute Error, dtype: float64
Training complete. Final model saved.
Saving model as a wandb Artifact...
Model artifact logged successfully.
[1;34mwandb[0m: 
[1;34mwandb[0m: 🚀 View run [33mclear-sweep-73[0m at: [34mhttps://wandb.ai/mk8737-new-york-university/rl_pretrain_hp_sweeps/runs/9ai44leh[0m
[1;34mwandb[0m: Find logs at: [1;35mwandb/run-20251006_144008-9ai44leh/logs[0m
Agent finished.
