Waiting for sweep ID...
Found Sweep ID: be12np04
Starting wandb agent for sweep be12np04...
TRAINING DEVICE: cpu
Run Name: GCN_global_hp_sweep_be12np04-pu3ofzut
finidhed preparing data
Loading dataset from pretrain_dataset_12.5k_fixed_duplicates.pkl
Loaded 412712 data objects.
finished preparing data
Epoch 1/1000, Train Loss: 12.0265, Validation Loss: 1.2910
Epoch 2/1000, Train Loss: 1.3953, Validation Loss: 1.8209
Epoch 3/1000, Train Loss: 1.2462, Validation Loss: 2.1254
Epoch 4/1000, Train Loss: 1.1899, Validation Loss: 2.3645
Epoch 5/1000, Train Loss: 1.1186, Validation Loss: 1.5632
Epoch 6/1000, Train Loss: 1.0868, Validation Loss: 3.2886
Epoch 7/1000, Train Loss: 1.1211, Validation Loss: 1.4739
Epoch 8/1000, Train Loss: 1.0974, Validation Loss: 1.3814
Epoch 9/1000, Train Loss: 1.1227, Validation Loss: 2.4137
Epoch 10/1000, Train Loss: 1.1293, Validation Loss: 4.2884
Epoch 11/1000, Train Loss: 1.0788, Validation Loss: 2.8321
Epoch 12/1000, Train Loss: 1.1369, Validation Loss: 1.1620
Epoch 13/1000, Train Loss: 1.0727, Validation Loss: 2.6331
Epoch 14/1000, Train Loss: 1.1068, Validation Loss: 1.1946
Epoch 15/1000, Train Loss: 1.2463, Validation Loss: 3.0078
Epoch 16/1000, Train Loss: 1.0677, Validation Loss: 6.4160
Epoch 17/1000, Train Loss: 1.1288, Validation Loss: 3.3991
Epoch 18/1000, Train Loss: 1.0656, Validation Loss: 2.0737
Epoch 19/1000, Train Loss: 1.0548, Validation Loss: 4.1937
Epoch 20/1000, Train Loss: 1.0313, Validation Loss: 1.5431
Epoch 21/1000, Train Loss: 1.0581, Validation Loss: 2.5213
Epoch 22/1000, Train Loss: 1.0472, Validation Loss: 2.3082
Epoch 23/1000, Train Loss: 1.0239, Validation Loss: 6.7693
Epoch 24/1000, Train Loss: 1.0936, Validation Loss: 3.9830
Epoch 25/1000, Train Loss: 0.9921, Validation Loss: 3.3562
Epoch 26/1000, Train Loss: 117.2865, Validation Loss: 4.6932
Epoch 27/1000, Train Loss: 1.2739, Validation Loss: 3.6426
Epoch 28/1000, Train Loss: 1.0153, Validation Loss: 1.9338
Epoch 29/1000, Train Loss: 0.9985, Validation Loss: 2.8426
Epoch 30/1000, Train Loss: 0.9321, Validation Loss: 2.6567
Epoch 31/1000, Train Loss: 0.9401, Validation Loss: 0.8701
Epoch 32/1000, Train Loss: 1.0181, Validation Loss: 0.9402
Epoch 33/1000, Train Loss: 4.2621, Validation Loss: 2.6995
Epoch 34/1000, Train Loss: 0.9753, Validation Loss: 1.0656
Epoch 35/1000, Train Loss: 1.0264, Validation Loss: 1.3345
Epoch 36/1000, Train Loss: 0.9579, Validation Loss: 0.8550
Epoch 37/1000, Train Loss: 0.9776, Validation Loss: 2.0631
Epoch 38/1000, Train Loss: 0.9579, Validation Loss: 1.7308
Epoch 39/1000, Train Loss: 0.9863, Validation Loss: 1.2874
Epoch 40/1000, Train Loss: 0.8970, Validation Loss: 2.3114
Epoch 41/1000, Train Loss: 0.8858, Validation Loss: 1.6526
Epoch 42/1000, Train Loss: 0.9841, Validation Loss: 1.7114
Epoch 43/1000, Train Loss: 0.8913, Validation Loss: 1.2677
Epoch 44/1000, Train Loss: 0.9414, Validation Loss: 4.9644
Epoch 45/1000, Train Loss: 1.1347, Validation Loss: 2.3728
Epoch 46/1000, Train Loss: 0.8913, Validation Loss: 4.8401
Epoch 47/1000, Train Loss: 0.8923, Validation Loss: 1.2129
Epoch 48/1000, Train Loss: 14.3169, Validation Loss: 1.4206
Epoch 49/1000, Train Loss: 0.8595, Validation Loss: 1.2148
Epoch 50/1000, Train Loss: 0.9513, Validation Loss: 3.7217
Epoch 51/1000, Train Loss: 0.9250, Validation Loss: 3.3730
Epoch 52/1000, Train Loss: 0.8780, Validation Loss: 1.8363
Epoch 53/1000, Train Loss: 0.8923, Validation Loss: 0.9384
Epoch 54/1000, Train Loss: 0.8785, Validation Loss: 0.7661
Epoch 55/1000, Train Loss: 0.9226, Validation Loss: 2.2371
Epoch 56/1000, Train Loss: 0.8892, Validation Loss: 0.9045
Epoch 57/1000, Train Loss: 0.9798, Validation Loss: 1.1981
Epoch 58/1000, Train Loss: 0.8835, Validation Loss: 1.3901
Epoch 59/1000, Train Loss: 0.9745, Validation Loss: 2.4571
Epoch 60/1000, Train Loss: 0.9219, Validation Loss: 1.8676
Epoch 61/1000, Train Loss: 0.8976, Validation Loss: 2.5099
Epoch 62/1000, Train Loss: 0.8923, Validation Loss: 1.2350
Epoch 63/1000, Train Loss: 2.4730, Validation Loss: 1.6673
Epoch 64/1000, Train Loss: 0.8960, Validation Loss: 0.8034
Epoch 65/1000, Train Loss: 0.8073, Validation Loss: 1.5074
Epoch 66/1000, Train Loss: 0.8239, Validation Loss: 1.0151
Epoch 67/1000, Train Loss: 0.8482, Validation Loss: 2.3098
Epoch 68/1000, Train Loss: 0.8856, Validation Loss: 1.1134
Epoch 69/1000, Train Loss: 0.8456, Validation Loss: 2.2383
Epoch 70/1000, Train Loss: 0.8588, Validation Loss: 1.4234
Epoch 71/1000, Train Loss: 0.8448, Validation Loss: 0.9582
Epoch 72/1000, Train Loss: 0.8515, Validation Loss: 1.9538
Epoch 73/1000, Train Loss: 0.8366, Validation Loss: 1.1088
Epoch 74/1000, Train Loss: 0.9187, Validation Loss: 1.1650
Epoch 75/1000, Train Loss: 5.6233, Validation Loss: 1.6659
Epoch 76/1000, Train Loss: 0.8740, Validation Loss: 1.1109
Epoch 77/1000, Train Loss: 0.8182, Validation Loss: 1.2947
Epoch 78/1000, Train Loss: 1.0089, Validation Loss: 1.4564
Epoch 79/1000, Train Loss: 0.8532, Validation Loss: 1.2301
Epoch 80/1000, Train Loss: 0.8618, Validation Loss: 1.1088
Epoch 81/1000, Train Loss: 127.0973, Validation Loss: 5.8884
Epoch 82/1000, Train Loss: 0.9583, Validation Loss: 1.8770
Epoch 83/1000, Train Loss: 0.8601, Validation Loss: 1.6737
Epoch 84/1000, Train Loss: 0.8350, Validation Loss: 1.6614
Epoch 85/1000, Train Loss: 0.8770, Validation Loss: 3.7535
Epoch 86/1000, Train Loss: 0.8222, Validation Loss: 2.8612
Epoch 87/1000, Train Loss: 0.8736, Validation Loss: 2.2561
Epoch 88/1000, Train Loss: 0.8751, Validation Loss: 3.3238
Epoch 89/1000, Train Loss: 0.8142, Validation Loss: 1.2478
Epoch 90/1000, Train Loss: 0.8558, Validation Loss: 1.5888
Epoch 91/1000, Train Loss: 0.8163, Validation Loss: 1.3499
Epoch 92/1000, Train Loss: 1.1629, Validation Loss: 1.4668
Epoch 93/1000, Train Loss: 0.8251, Validation Loss: 2.4110
Epoch 94/1000, Train Loss: 0.8821, Validation Loss: 6.9393
Epoch 95/1000, Train Loss: 0.9019, Validation Loss: 0.8948
Epoch 96/1000, Train Loss: 0.8186, Validation Loss: 1.1507
Epoch 97/1000, Train Loss: 0.8315, Validation Loss: 0.9327
Epoch 98/1000, Train Loss: 0.9693, Validation Loss: 1.8443
Epoch 99/1000, Train Loss: 0.8722, Validation Loss: 1.4514
Epoch 100/1000, Train Loss: 0.8516, Validation Loss: 1.1581
Epoch 101/1000, Train Loss: 0.8944, Validation Loss: 4.0540
Epoch 102/1000, Train Loss: 0.9035, Validation Loss: 2.8658
Epoch 103/1000, Train Loss: 0.7843, Validation Loss: 2.5746
Epoch 104/1000, Train Loss: 0.8163, Validation Loss: 2.0071
Epoch 105/1000, Train Loss: 0.8261, Validation Loss: 1.8425
Epoch 106/1000, Train Loss: 0.7818, Validation Loss: 0.9281
Epoch 107/1000, Train Loss: 110.9548, Validation Loss: 1.0943
Epoch 108/1000, Train Loss: 0.9969, Validation Loss: 3.5199
Epoch 109/1000, Train Loss: 0.9010, Validation Loss: 1.5801
Epoch 110/1000, Train Loss: 0.8200, Validation Loss: 2.5335
Epoch 111/1000, Train Loss: 0.8509, Validation Loss: 0.7728
Epoch 112/1000, Train Loss: 0.8525, Validation Loss: 1.4350
Epoch 113/1000, Train Loss: 0.8124, Validation Loss: 2.3251
Epoch 114/1000, Train Loss: 0.7573, Validation Loss: 1.9006
Epoch 115/1000, Train Loss: 0.8060, Validation Loss: 1.9367
Epoch 116/1000, Train Loss: 0.8449, Validation Loss: 1.3172
Epoch 117/1000, Train Loss: 0.7689, Validation Loss: 1.5290
Epoch 118/1000, Train Loss: 0.8247, Validation Loss: 7.4210
Epoch 119/1000, Train Loss: 13.4977, Validation Loss: 6.6556
Epoch 120/1000, Train Loss: 6.2541, Validation Loss: 6.0906
Epoch 121/1000, Train Loss: 5.1976, Validation Loss: 3.5051
Epoch 122/1000, Train Loss: 0.9399, Validation Loss: 1.1207
Epoch 123/1000, Train Loss: 0.8759, Validation Loss: 1.5692
Epoch 124/1000, Train Loss: 0.8400, Validation Loss: 1.9094
Epoch 125/1000, Train Loss: 0.8270, Validation Loss: 1.3125
Epoch 126/1000, Train Loss: 0.7935, Validation Loss: 1.4985
Epoch 127/1000, Train Loss: 0.8278, Validation Loss: 8.4463
Epoch 128/1000, Train Loss: 0.8614, Validation Loss: 0.7431
Epoch 129/1000, Train Loss: 1.0449, Validation Loss: 4.5327
Epoch 130/1000, Train Loss: 0.8163, Validation Loss: 1.0583
Epoch 131/1000, Train Loss: 0.8378, Validation Loss: 1.4396
Epoch 132/1000, Train Loss: 0.8353, Validation Loss: 1.9447
Epoch 133/1000, Train Loss: 0.8000, Validation Loss: 1.0153
Epoch 134/1000, Train Loss: 0.8295, Validation Loss: 1.2753
Epoch 135/1000, Train Loss: 0.8619, Validation Loss: 2.6289
Epoch 136/1000, Train Loss: 1.1288, Validation Loss: 1.7351
Epoch 137/1000, Train Loss: 0.8418, Validation Loss: 2.4153
Epoch 138/1000, Train Loss: 0.8724, Validation Loss: 1.5093
Epoch 139/1000, Train Loss: 1.5993, Validation Loss: 3.1669
Epoch 140/1000, Train Loss: 1.1379, Validation Loss: 1.2893
Epoch 141/1000, Train Loss: 0.8156, Validation Loss: 7.3488
Epoch 142/1000, Train Loss: 0.8068, Validation Loss: 6.7062
Epoch 143/1000, Train Loss: 0.8131, Validation Loss: 1.6374
Epoch 144/1000, Train Loss: 0.8363, Validation Loss: 1.0578
Epoch 145/1000, Train Loss: 0.8525, Validation Loss: 1.8951
Epoch 146/1000, Train Loss: 0.7861, Validation Loss: 2.1262
Epoch 147/1000, Train Loss: 0.8063, Validation Loss: 1.1920
Epoch 148/1000, Train Loss: 0.8275, Validation Loss: 1.5397
Epoch 149/1000, Train Loss: 0.8642, Validation Loss: 2.6778
Epoch 150/1000, Train Loss: 0.8258, Validation Loss: 1.3151
Epoch 151/1000, Train Loss: 0.7841, Validation Loss: 0.9106
Epoch 152/1000, Train Loss: 0.7725, Validation Loss: 2.1816
Epoch 153/1000, Train Loss: 0.8779, Validation Loss: 0.7060
Epoch 154/1000, Train Loss: 0.8254, Validation Loss: 1.2515
Epoch 155/1000, Train Loss: 0.8263, Validation Loss: 2.5649
Epoch 156/1000, Train Loss: 11.0325, Validation Loss: 1.0320
Epoch 157/1000, Train Loss: 0.8638, Validation Loss: 1.2990
Epoch 158/1000, Train Loss: 0.8004, Validation Loss: 0.9553
Epoch 159/1000, Train Loss: 0.7878, Validation Loss: 0.8827
Epoch 160/1000, Train Loss: 0.7593, Validation Loss: 1.2143
Epoch 161/1000, Train Loss: 0.8556, Validation Loss: 1.2245
Epoch 162/1000, Train Loss: 0.8116, Validation Loss: 0.8420
Epoch 163/1000, Train Loss: 0.9071, Validation Loss: 3.1799
Epoch 164/1000, Train Loss: 0.8412, Validation Loss: 1.5020
Epoch 165/1000, Train Loss: 0.8574, Validation Loss: 0.9074
Epoch 166/1000, Train Loss: 0.8215, Validation Loss: 0.9974
Epoch 167/1000, Train Loss: 0.8704, Validation Loss: 1.2942
Epoch 168/1000, Train Loss: 0.9929, Validation Loss: 1.2053
Epoch 169/1000, Train Loss: 0.8263, Validation Loss: 1.2489
Epoch 170/1000, Train Loss: 0.7681, Validation Loss: 1.0383
Epoch 171/1000, Train Loss: 0.8121, Validation Loss: 1.6698
Epoch 172/1000, Train Loss: 0.8195, Validation Loss: 4.4014
Epoch 173/1000, Train Loss: 0.7996, Validation Loss: 1.6718
Epoch 174/1000, Train Loss: 0.8347, Validation Loss: 4.5519
Epoch 175/1000, Train Loss: 10.9320, Validation Loss: 13.6380
Epoch 176/1000, Train Loss: 0.9077, Validation Loss: 1.6625
Epoch 177/1000, Train Loss: 0.8103, Validation Loss: 2.6607
Epoch 178/1000, Train Loss: 0.8179, Validation Loss: 1.7248
Epoch 179/1000, Train Loss: 0.7833, Validation Loss: 1.1293
Epoch 180/1000, Train Loss: 0.8306, Validation Loss: 1.6379
Epoch 181/1000, Train Loss: 0.7631, Validation Loss: 1.2626
Epoch 182/1000, Train Loss: 1.8519, Validation Loss: 6.8846
Epoch 183/1000, Train Loss: 13.4243, Validation Loss: 2.2260
Epoch 184/1000, Train Loss: 0.9344, Validation Loss: 0.7721
Epoch 185/1000, Train Loss: 0.8861, Validation Loss: 1.0358
Epoch 186/1000, Train Loss: 0.8199, Validation Loss: 1.0957
Epoch 187/1000, Train Loss: 0.8200, Validation Loss: 1.5329
Epoch 188/1000, Train Loss: 0.7983, Validation Loss: 1.3099
Epoch 189/1000, Train Loss: 0.8362, Validation Loss: 1.5274
Epoch 190/1000, Train Loss: 8.2189, Validation Loss: 1.0602
Epoch 191/1000, Train Loss: 0.8269, Validation Loss: 0.9671
Epoch 192/1000, Train Loss: 0.8430, Validation Loss: 2.4473
Epoch 193/1000, Train Loss: 0.8278, Validation Loss: 0.8109
Epoch 194/1000, Train Loss: 0.8267, Validation Loss: 5.4593
Epoch 195/1000, Train Loss: 3.5377, Validation Loss: 0.7178
Epoch 196/1000, Train Loss: 0.8118, Validation Loss: 0.9819
Epoch 197/1000, Train Loss: 0.8018, Validation Loss: 1.5573
Epoch 198/1000, Train Loss: 0.8434, Validation Loss: 1.8317
Epoch 199/1000, Train Loss: 0.8253, Validation Loss: 2.5863
Epoch 200/1000, Train Loss: 0.8689, Validation Loss: 1.0026
Epoch 201/1000, Train Loss: 0.7704, Validation Loss: 1.2932
Epoch 202/1000, Train Loss: 0.9823, Validation Loss: 596.3476
Epoch 203/1000, Train Loss: 4.4708, Validation Loss: 1.3741
Epoch 204/1000, Train Loss: 0.8502, Validation Loss: 1.1142
Epoch 205/1000, Train Loss: 0.8163, Validation Loss: 1.4681
Epoch 206/1000, Train Loss: 0.8109, Validation Loss: 1.4248
Epoch 207/1000, Train Loss: 0.8016, Validation Loss: 1.6244
Epoch 208/1000, Train Loss: 0.8228, Validation Loss: 6.4824
Epoch 209/1000, Train Loss: 1.4883, Validation Loss: 1.6001
Epoch 210/1000, Train Loss: 0.7948, Validation Loss: 2.0744
Epoch 211/1000, Train Loss: 0.7818, Validation Loss: 4.3383
Epoch 212/1000, Train Loss: 0.8536, Validation Loss: 1.4788
Epoch 213/1000, Train Loss: 0.7513, Validation Loss: 3.6819
Epoch 214/1000, Train Loss: 0.8013, Validation Loss: 2.9220
Epoch 215/1000, Train Loss: 0.7939, Validation Loss: 1.6184
Epoch 216/1000, Train Loss: 0.8258, Validation Loss: 1.3093
Epoch 217/1000, Train Loss: 162.9506, Validation Loss: 2.6184
Epoch 218/1000, Train Loss: 0.8221, Validation Loss: 1.5871
Epoch 219/1000, Train Loss: 0.8188, Validation Loss: 1.4192
Epoch 220/1000, Train Loss: 0.8700, Validation Loss: 1.8528
Epoch 221/1000, Train Loss: 0.9099, Validation Loss: 1.1326
Epoch 222/1000, Train Loss: 0.8519, Validation Loss: 0.8940
Epoch 223/1000, Train Loss: 0.8672, Validation Loss: 1.4436
Epoch 224/1000, Train Loss: 0.7700, Validation Loss: 1.2425
Epoch 225/1000, Train Loss: 2.1584, Validation Loss: 1.2988
Epoch 226/1000, Train Loss: 0.7868, Validation Loss: 2.6929
Epoch 227/1000, Train Loss: 0.7703, Validation Loss: 2.0302
Epoch 228/1000, Train Loss: 0.8118, Validation Loss: 5.6998
Epoch 229/1000, Train Loss: 0.8135, Validation Loss: 2.9009
Epoch 230/1000, Train Loss: 0.9142, Validation Loss: 2.0034
Epoch 231/1000, Train Loss: 0.8391, Validation Loss: 0.9615
Epoch 232/1000, Train Loss: 0.7723, Validation Loss: 1.3393
Epoch 233/1000, Train Loss: 1.4253, Validation Loss: 1.5410
Epoch 234/1000, Train Loss: 0.8300, Validation Loss: 2.3695
Epoch 235/1000, Train Loss: 0.7387, Validation Loss: 1.3923
Epoch 236/1000, Train Loss: 0.8568, Validation Loss: 1.2381
Epoch 237/1000, Train Loss: 0.8186, Validation Loss: 3.5556
Epoch 238/1000, Train Loss: 0.8553, Validation Loss: 1.2418
Epoch 239/1000, Train Loss: 0.7644, Validation Loss: 0.7311
Epoch 240/1000, Train Loss: 0.8842, Validation Loss: 3.0657
Epoch 241/1000, Train Loss: 0.7780, Validation Loss: 3.5472
Epoch 242/1000, Train Loss: 1.0031, Validation Loss: 0.8736
Epoch 243/1000, Train Loss: 0.7849, Validation Loss: 1.2574
Epoch 244/1000, Train Loss: 0.7719, Validation Loss: 2.9690
Epoch 245/1000, Train Loss: 0.8688, Validation Loss: 3.8186
Epoch 246/1000, Train Loss: 0.7726, Validation Loss: 1.8472
Epoch 247/1000, Train Loss: 0.8323, Validation Loss: 2.2899
Epoch 248/1000, Train Loss: 5.1655, Validation Loss: 1.2489
Epoch 249/1000, Train Loss: 0.7771, Validation Loss: 2.6588
Epoch 250/1000, Train Loss: 0.7341, Validation Loss: 1.7666
Epoch 251/1000, Train Loss: 0.8065, Validation Loss: 2.2545
Epoch 252/1000, Train Loss: 0.7913, Validation Loss: 1.0371
Epoch 253/1000, Train Loss: 1.7638, Validation Loss: 27578.8910
Epoch 254/1000, Train Loss: 1.2742, Validation Loss: 0.9511
Epoch 255/1000, Train Loss: 0.7762, Validation Loss: 0.8252
Epoch 256/1000, Train Loss: 0.7931, Validation Loss: 1.1153
Epoch 257/1000, Train Loss: 0.8137, Validation Loss: 2.3217
Epoch 258/1000, Train Loss: 0.8075, Validation Loss: 3.2603
Epoch 259/1000, Train Loss: 0.7857, Validation Loss: 1.3743
Epoch 260/1000, Train Loss: 0.8250, Validation Loss: 6.1498
Epoch 261/1000, Train Loss: 1.1673, Validation Loss: 1.7601
Epoch 262/1000, Train Loss: 0.7704, Validation Loss: 1.1359
Epoch 263/1000, Train Loss: 0.7998, Validation Loss: 1.5609
Epoch 264/1000, Train Loss: 1.2651, Validation Loss: 4.9637
Epoch 265/1000, Train Loss: 1090.5580, Validation Loss: 2.1254
Epoch 266/1000, Train Loss: 0.7952, Validation Loss: 3.4263
Epoch 267/1000, Train Loss: 0.8039, Validation Loss: 1.1119
Epoch 268/1000, Train Loss: 0.7676, Validation Loss: 0.9990
Epoch 269/1000, Train Loss: 0.7895, Validation Loss: 1.0333
Epoch 270/1000, Train Loss: 0.7984, Validation Loss: 1.3342
Epoch 271/1000, Train Loss: 0.7819, Validation Loss: 1.6145
Epoch 272/1000, Train Loss: 0.8304, Validation Loss: 1.9100
Epoch 273/1000, Train Loss: 0.8333, Validation Loss: 2.1395
Epoch 274/1000, Train Loss: 0.7835, Validation Loss: 1.6533
Epoch 275/1000, Train Loss: 0.7620, Validation Loss: 1.3357
Epoch 276/1000, Train Loss: 0.7667, Validation Loss: 1.7993
Epoch 277/1000, Train Loss: 1.9969, Validation Loss: 0.8073
Epoch 278/1000, Train Loss: 0.7382, Validation Loss: 1.9155
Epoch 279/1000, Train Loss: 0.7820, Validation Loss: 1.3506
Epoch 280/1000, Train Loss: 0.7920, Validation Loss: 1.7860
Epoch 281/1000, Train Loss: 0.8102, Validation Loss: 2.9695
Epoch 282/1000, Train Loss: 0.9416, Validation Loss: 3.2359
Epoch 283/1000, Train Loss: 0.7907, Validation Loss: 1.3333
Epoch 284/1000, Train Loss: 0.7777, Validation Loss: 1.7796
Epoch 285/1000, Train Loss: 0.7952, Validation Loss: 2.3435
Epoch 286/1000, Train Loss: 0.7717, Validation Loss: 1.8758
Epoch 287/1000, Train Loss: 0.7607, Validation Loss: 2.8103
Epoch 288/1000, Train Loss: 0.8250, Validation Loss: 1.7524
Epoch 289/1000, Train Loss: 0.8367, Validation Loss: 1.4138
Epoch 290/1000, Train Loss: 0.8056, Validation Loss: 1.7827
Epoch 291/1000, Train Loss: 0.7989, Validation Loss: 1.2294
Epoch 292/1000, Train Loss: 2.9172, Validation Loss: 1.1003
Epoch 293/1000, Train Loss: 0.7808, Validation Loss: 0.8004
Epoch 294/1000, Train Loss: 0.7761, Validation Loss: 1.6648
Epoch 295/1000, Train Loss: 0.7933, Validation Loss: 0.9929
Epoch 296/1000, Train Loss: 0.7557, Validation Loss: 1.6554
Epoch 297/1000, Train Loss: 0.7744, Validation Loss: 1.6583
Epoch 298/1000, Train Loss: 0.8295, Validation Loss: 3.1162
Epoch 299/1000, Train Loss: 0.8512, Validation Loss: 3.7945
Epoch 300/1000, Train Loss: 0.7660, Validation Loss: 1.2975
Epoch 301/1000, Train Loss: 0.7421, Validation Loss: 1.3945
Epoch 302/1000, Train Loss: 0.8346, Validation Loss: 2.1786
Epoch 303/1000, Train Loss: 0.7913, Validation Loss: 1.2902
Epoch 304/1000, Train Loss: 0.7296, Validation Loss: 0.7620
Epoch 305/1000, Train Loss: 0.7596, Validation Loss: 7.3243
Epoch 306/1000, Train Loss: 0.8726, Validation Loss: 2.3328
Epoch 307/1000, Train Loss: 0.7507, Validation Loss: 1.2848
Epoch 308/1000, Train Loss: 0.8507, Validation Loss: 1.7890
Epoch 309/1000, Train Loss: 0.7785, Validation Loss: 2.5682
Epoch 310/1000, Train Loss: 1.0427, Validation Loss: 2.4567
Epoch 311/1000, Train Loss: 0.8673, Validation Loss: 1.4914
Epoch 312/1000, Train Loss: 0.7603, Validation Loss: 5.9620
Epoch 313/1000, Train Loss: 1.0007, Validation Loss: 2.3521
Epoch 314/1000, Train Loss: 0.7828, Validation Loss: 1.6195
Epoch 315/1000, Train Loss: 0.7429, Validation Loss: 3.7707
Epoch 316/1000, Train Loss: 0.7604, Validation Loss: 2.4896
Epoch 317/1000, Train Loss: 0.7591, Validation Loss: 5.3141
Epoch 318/1000, Train Loss: 0.8044, Validation Loss: 2.9006
Epoch 319/1000, Train Loss: 1.5531, Validation Loss: 2.2952
Epoch 320/1000, Train Loss: 0.8466, Validation Loss: 2.1899
Epoch 321/1000, Train Loss: 0.7466, Validation Loss: 0.9904
Epoch 322/1000, Train Loss: 0.7088, Validation Loss: 1.8936
Epoch 323/1000, Train Loss: 0.7698, Validation Loss: 2.2759
Epoch 324/1000, Train Loss: 0.7536, Validation Loss: 0.7900
Epoch 325/1000, Train Loss: 0.7444, Validation Loss: 1.9218
Epoch 326/1000, Train Loss: 9.9873, Validation Loss: 1.6937
Epoch 327/1000, Train Loss: 0.7707, Validation Loss: 4.9561
Epoch 328/1000, Train Loss: 0.7541, Validation Loss: 1.7009
Epoch 329/1000, Train Loss: 0.7545, Validation Loss: 0.8604
Epoch 330/1000, Train Loss: 0.7530, Validation Loss: 2.5563
Epoch 331/1000, Train Loss: 0.7730, Validation Loss: 0.9806
Epoch 332/1000, Train Loss: 0.7547, Validation Loss: 1.9524
Epoch 333/1000, Train Loss: 0.7640, Validation Loss: 1.1037
Epoch 334/1000, Train Loss: 0.7616, Validation Loss: 1.2654
Epoch 335/1000, Train Loss: 0.7595, Validation Loss: 1.4713
Epoch 336/1000, Train Loss: 0.7475, Validation Loss: 1.3245
Epoch 337/1000, Train Loss: 0.9931, Validation Loss: 1.5625
Epoch 338/1000, Train Loss: 0.7291, Validation Loss: 1.2814
Epoch 339/1000, Train Loss: 0.7381, Validation Loss: 1.2703
Epoch 340/1000, Train Loss: 0.7119, Validation Loss: 0.7345
Epoch 341/1000, Train Loss: 0.7065, Validation Loss: 1.4077
Epoch 342/1000, Train Loss: 0.7546, Validation Loss: 1.2566
Epoch 343/1000, Train Loss: 0.7474, Validation Loss: 1.5899
Epoch 344/1000, Train Loss: 0.7581, Validation Loss: 1.9254
Epoch 345/1000, Train Loss: 0.7635, Validation Loss: 5.5227
Epoch 346/1000, Train Loss: 0.7844, Validation Loss: 1.3969
Epoch 347/1000, Train Loss: 0.7406, Validation Loss: 2.6362
Epoch 348/1000, Train Loss: 0.8183, Validation Loss: 1.7426
Epoch 349/1000, Train Loss: 0.7307, Validation Loss: 1.3139
Epoch 350/1000, Train Loss: 0.7723, Validation Loss: 1.2708
Epoch 351/1000, Train Loss: 0.7895, Validation Loss: 2.6367
Epoch 352/1000, Train Loss: 0.7799, Validation Loss: 7.0796
Epoch 353/1000, Train Loss: 0.7442, Validation Loss: 1.4952
Epoch 354/1000, Train Loss: 0.7791, Validation Loss: 1.3395
Epoch 355/1000, Train Loss: 0.7202, Validation Loss: 1.2820
Epoch 356/1000, Train Loss: 0.7362, Validation Loss: 1.8833
Epoch 357/1000, Train Loss: 0.7086, Validation Loss: 1.8805
Epoch 358/1000, Train Loss: 0.7220, Validation Loss: 1.0413
Epoch 359/1000, Train Loss: 0.7083, Validation Loss: 1.9758
Epoch 360/1000, Train Loss: 0.7375, Validation Loss: 2.0641
Epoch 361/1000, Train Loss: 0.7241, Validation Loss: 0.8835
Epoch 362/1000, Train Loss: 1.9525, Validation Loss: 6.0661
Epoch 363/1000, Train Loss: 6.2402, Validation Loss: 6.5331
Epoch 364/1000, Train Loss: 6.1813, Validation Loss: 6.2176
Epoch 365/1000, Train Loss: 3.3443, Validation Loss: 3.0921
Epoch 366/1000, Train Loss: 0.7708, Validation Loss: 3.0459
Epoch 367/1000, Train Loss: 0.7357, Validation Loss: 0.8672
Epoch 368/1000, Train Loss: 0.6767, Validation Loss: 1.0497
Epoch 369/1000, Train Loss: 0.6753, Validation Loss: 5.9809
Epoch 370/1000, Train Loss: 0.7269, Validation Loss: 5.5317
Epoch 371/1000, Train Loss: 0.7184, Validation Loss: 3.0464
Epoch 372/1000, Train Loss: 0.6994, Validation Loss: 2.7390
Epoch 373/1000, Train Loss: 0.7371, Validation Loss: 3.0174
Epoch 374/1000, Train Loss: 0.6957, Validation Loss: 2.2568
Epoch 375/1000, Train Loss: 0.7092, Validation Loss: 1.7522
Epoch 376/1000, Train Loss: 0.7334, Validation Loss: 0.7974
Epoch 377/1000, Train Loss: 0.7201, Validation Loss: 1.3834
Epoch 378/1000, Train Loss: 0.6913, Validation Loss: 2.8219
Epoch 379/1000, Train Loss: 0.6828, Validation Loss: 1.0522
Epoch 380/1000, Train Loss: 0.7018, Validation Loss: 6.4127
Epoch 381/1000, Train Loss: 0.7394, Validation Loss: 0.9092
Epoch 382/1000, Train Loss: 0.7033, Validation Loss: 0.8727
Epoch 383/1000, Train Loss: 0.6585, Validation Loss: 6.7162
Epoch 384/1000, Train Loss: 1.3868, Validation Loss: 1.5359
Epoch 385/1000, Train Loss: 0.7036, Validation Loss: 2.5150
Epoch 386/1000, Train Loss: 0.7137, Validation Loss: 1.1672
Epoch 387/1000, Train Loss: 0.6805, Validation Loss: 1.9507
Epoch 388/1000, Train Loss: 0.6819, Validation Loss: 1.5512
Epoch 389/1000, Train Loss: 0.6675, Validation Loss: 1.5658
Epoch 390/1000, Train Loss: 0.6789, Validation Loss: 2.3465
Epoch 391/1000, Train Loss: 0.9561, Validation Loss: 2.5402
Epoch 392/1000, Train Loss: 0.6739, Validation Loss: 2.7358
Epoch 393/1000, Train Loss: 0.6668, Validation Loss: 0.8665
Epoch 394/1000, Train Loss: 0.6499, Validation Loss: 4.3246
Epoch 395/1000, Train Loss: 0.6644, Validation Loss: 1.4290
Epoch 396/1000, Train Loss: 0.6824, Validation Loss: 1.5847
Epoch 397/1000, Train Loss: 0.6571, Validation Loss: 1.7306
Epoch 398/1000, Train Loss: 0.6663, Validation Loss: 1.3886
Epoch 399/1000, Train Loss: 6.0326, Validation Loss: 9.3027
Epoch 400/1000, Train Loss: 1.1944, Validation Loss: 4.4257
Epoch 401/1000, Train Loss: 0.7233, Validation Loss: 1.0876
Epoch 402/1000, Train Loss: 0.6831, Validation Loss: 2.2281
Epoch 403/1000, Train Loss: 0.7022, Validation Loss: 1.4803
Epoch 404/1000, Train Loss: 0.6669, Validation Loss: 1.4054
Epoch 405/1000, Train Loss: 0.6649, Validation Loss: 2.8054
Epoch 406/1000, Train Loss: 0.6756, Validation Loss: 1.5242
Epoch 407/1000, Train Loss: 0.6469, Validation Loss: 2.1479
Epoch 408/1000, Train Loss: 0.6663, Validation Loss: 1.3643
Epoch 409/1000, Train Loss: 0.9303, Validation Loss: 1.4019
Epoch 410/1000, Train Loss: 0.6960, Validation Loss: 1.6152
Epoch 411/1000, Train Loss: 0.6781, Validation Loss: 1.5407
Epoch 412/1000, Train Loss: 0.6447, Validation Loss: 2.5204
Epoch 413/1000, Train Loss: 0.6475, Validation Loss: 2.4284
Epoch 414/1000, Train Loss: 0.6779, Validation Loss: 1.7238
Epoch 415/1000, Train Loss: 0.6435, Validation Loss: 1.8632
Epoch 416/1000, Train Loss: 0.6581, Validation Loss: 3.8709
Epoch 417/1000, Train Loss: 0.6383, Validation Loss: 2.6681
Epoch 418/1000, Train Loss: 0.6687, Validation Loss: 2.8279
Epoch 419/1000, Train Loss: 0.6573, Validation Loss: 2.5284
Epoch 420/1000, Train Loss: 0.7782, Validation Loss: 2.1911
Epoch 421/1000, Train Loss: 0.6960, Validation Loss: 1.2285
Epoch 422/1000, Train Loss: 0.6637, Validation Loss: 3.5997
Epoch 423/1000, Train Loss: 0.6482, Validation Loss: 0.6566
Epoch 424/1000, Train Loss: 0.6636, Validation Loss: 0.8548
Epoch 425/1000, Train Loss: 0.6311, Validation Loss: 1.9159
Epoch 426/1000, Train Loss: 0.6484, Validation Loss: 3.3702
Epoch 427/1000, Train Loss: 0.6492, Validation Loss: 2.3859
Epoch 428/1000, Train Loss: 0.6535, Validation Loss: 3.5827
Epoch 429/1000, Train Loss: 0.6985, Validation Loss: 3.2678
Epoch 430/1000, Train Loss: 0.7486, Validation Loss: 2.4446
Epoch 431/1000, Train Loss: 0.6510, Validation Loss: 1.2094
Epoch 432/1000, Train Loss: 0.6476, Validation Loss: 1.2797
Epoch 433/1000, Train Loss: 0.6371, Validation Loss: 2.1738
Epoch 434/1000, Train Loss: 0.6298, Validation Loss: 1.1895
Epoch 435/1000, Train Loss: 0.6565, Validation Loss: 2.0812
Epoch 436/1000, Train Loss: 0.6338, Validation Loss: 1.0976
Epoch 437/1000, Train Loss: 0.6549, Validation Loss: 2.4114
Epoch 438/1000, Train Loss: 6.2461, Validation Loss: 7.2666
Epoch 439/1000, Train Loss: 2.6121, Validation Loss: 1.5887
Epoch 440/1000, Train Loss: 0.7053, Validation Loss: 2.9463
Epoch 441/1000, Train Loss: 0.6535, Validation Loss: 0.6997
Epoch 442/1000, Train Loss: 0.6262, Validation Loss: 2.0865
Epoch 443/1000, Train Loss: 0.6341, Validation Loss: 2.6495
Epoch 444/1000, Train Loss: 0.6216, Validation Loss: 1.2662
Epoch 445/1000, Train Loss: 0.6292, Validation Loss: 1.8900
Epoch 446/1000, Train Loss: 0.6224, Validation Loss: 1.3861
Epoch 447/1000, Train Loss: 0.6314, Validation Loss: 2.6789
Epoch 448/1000, Train Loss: 0.6507, Validation Loss: 1.8228
Epoch 449/1000, Train Loss: 0.7698, Validation Loss: 13397.7263
Epoch 450/1000, Train Loss: 0.7293, Validation Loss: 4.2256
Epoch 451/1000, Train Loss: 0.6255, Validation Loss: 2.8039
Epoch 452/1000, Train Loss: 0.6407, Validation Loss: 3.8301
Epoch 453/1000, Train Loss: 0.6574, Validation Loss: 3.5775
Epoch 454/1000, Train Loss: 0.6335, Validation Loss: 2.6623
Epoch 455/1000, Train Loss: 0.6406, Validation Loss: 3.2862
Epoch 456/1000, Train Loss: 0.7698, Validation Loss: 1.5676
Epoch 457/1000, Train Loss: 0.6621, Validation Loss: 1.6128
Epoch 458/1000, Train Loss: 0.6545, Validation Loss: 1.7883
Epoch 459/1000, Train Loss: 0.6578, Validation Loss: 1.6215
Epoch 460/1000, Train Loss: 0.6296, Validation Loss: 1.5135
Epoch 461/1000, Train Loss: 0.6310, Validation Loss: 4.3762
Epoch 462/1000, Train Loss: 0.6253, Validation Loss: 2.7144
Epoch 463/1000, Train Loss: 0.8109, Validation Loss: 2.5804
Epoch 464/1000, Train Loss: 0.6247, Validation Loss: 2.3424
Epoch 465/1000, Train Loss: 0.6413, Validation Loss: 0.8900
Epoch 466/1000, Train Loss: 0.6277, Validation Loss: 0.7329
Epoch 467/1000, Train Loss: 0.6223, Validation Loss: 3.0733
Epoch 468/1000, Train Loss: 0.6614, Validation Loss: 1.6414
Epoch 469/1000, Train Loss: 0.6282, Validation Loss: 2.4742
Epoch 470/1000, Train Loss: 0.6119, Validation Loss: 0.8891
Epoch 471/1000, Train Loss: 6.0883, Validation Loss: 0.8682
Epoch 472/1000, Train Loss: 0.7029, Validation Loss: 1.5099
Epoch 473/1000, Train Loss: 0.6494, Validation Loss: 2.5673
Epoch 474/1000, Train Loss: 0.6385, Validation Loss: 1.2852
Epoch 475/1000, Train Loss: 0.6460, Validation Loss: 1.7697
Epoch 476/1000, Train Loss: 0.6686, Validation Loss: 1.8804
Epoch 477/1000, Train Loss: 0.6984, Validation Loss: 3.0193
Epoch 478/1000, Train Loss: 0.6384, Validation Loss: 1.5197
Epoch 479/1000, Train Loss: 0.6361, Validation Loss: 1.9031
Epoch 480/1000, Train Loss: 0.6414, Validation Loss: 1.0915
Epoch 481/1000, Train Loss: 0.6389, Validation Loss: 1.3192
Epoch 482/1000, Train Loss: 0.6295, Validation Loss: 3.4912
Epoch 483/1000, Train Loss: 0.6447, Validation Loss: 1.1751
Epoch 484/1000, Train Loss: 0.6407, Validation Loss: 2.4146
Epoch 485/1000, Train Loss: 0.6613, Validation Loss: 0.9425
Epoch 486/1000, Train Loss: 0.7135, Validation Loss: 0.9227
Epoch 487/1000, Train Loss: 0.6339, Validation Loss: 3.2318
Epoch 488/1000, Train Loss: 0.6379, Validation Loss: 0.8107
Epoch 489/1000, Train Loss: 0.6270, Validation Loss: 1.1565
Epoch 490/1000, Train Loss: 0.6537, Validation Loss: 0.8294
Epoch 491/1000, Train Loss: 0.6106, Validation Loss: 0.8827
Epoch 492/1000, Train Loss: 0.6025, Validation Loss: 3.9120
Epoch 493/1000, Train Loss: 0.6252, Validation Loss: 3.3120
Epoch 494/1000, Train Loss: 0.6473, Validation Loss: 1.2483
Epoch 495/1000, Train Loss: 0.6147, Validation Loss: 0.7439
Epoch 496/1000, Train Loss: 22.7995, Validation Loss: 1181.2757
Epoch 497/1000, Train Loss: 1.1281, Validation Loss: 4.1180
Epoch 498/1000, Train Loss: 0.6362, Validation Loss: 1.6015
Epoch 499/1000, Train Loss: 0.6337, Validation Loss: 1.9351
Epoch 500/1000, Train Loss: 0.6320, Validation Loss: 1.9138
Epoch 501/1000, Train Loss: 0.6353, Validation Loss: 1.3476
Epoch 502/1000, Train Loss: 0.6190, Validation Loss: 1.5821
Epoch 503/1000, Train Loss: 0.6268, Validation Loss: 8.3052
Epoch 504/1000, Train Loss: 0.6288, Validation Loss: 4.4235
Epoch 505/1000, Train Loss: 0.6364, Validation Loss: 4.3256
Epoch 506/1000, Train Loss: 0.6131, Validation Loss: 2.3715
Epoch 507/1000, Train Loss: 0.6155, Validation Loss: 1.1401
Epoch 508/1000, Train Loss: 0.6289, Validation Loss: 2.1341
Epoch 509/1000, Train Loss: 0.6133, Validation Loss: 3.6821
Epoch 510/1000, Train Loss: 5.1262, Validation Loss: 2.1840
Epoch 511/1000, Train Loss: 0.6440, Validation Loss: 4.2105
Epoch 512/1000, Train Loss: 0.6257, Validation Loss: 1.2845
Epoch 513/1000, Train Loss: 0.6136, Validation Loss: 1.3917
Epoch 514/1000, Train Loss: 0.6210, Validation Loss: 1.3151
Epoch 515/1000, Train Loss: 0.6693, Validation Loss: 1.6033
Epoch 516/1000, Train Loss: 0.6500, Validation Loss: 2.9187
Epoch 517/1000, Train Loss: 0.6210, Validation Loss: 2.8104
Epoch 518/1000, Train Loss: 0.6335, Validation Loss: 1.1947
Epoch 519/1000, Train Loss: 0.6385, Validation Loss: 1.5053
Epoch 520/1000, Train Loss: 1.3489, Validation Loss: 1.1813
Epoch 521/1000, Train Loss: 0.6635, Validation Loss: 0.5842
Epoch 522/1000, Train Loss: 0.6139, Validation Loss: 4.5896
Epoch 523/1000, Train Loss: 0.6322, Validation Loss: 2.3249
Epoch 524/1000, Train Loss: 0.6207, Validation Loss: 0.6808
Epoch 525/1000, Train Loss: 0.6271, Validation Loss: 2.4623
Epoch 526/1000, Train Loss: 0.6172, Validation Loss: 2.2906
Epoch 527/1000, Train Loss: 0.6280, Validation Loss: 4.6379
Epoch 528/1000, Train Loss: 0.8726, Validation Loss: 1.0957
Epoch 529/1000, Train Loss: 0.6582, Validation Loss: 3.7231
Epoch 530/1000, Train Loss: 0.6271, Validation Loss: 0.8479
Epoch 531/1000, Train Loss: 0.6281, Validation Loss: 1.3894
Epoch 532/1000, Train Loss: 0.6143, Validation Loss: 1.9645
Epoch 533/1000, Train Loss: 0.6253, Validation Loss: 2.1930
Epoch 534/1000, Train Loss: 0.6202, Validation Loss: 2.9623
Epoch 535/1000, Train Loss: 0.6292, Validation Loss: 3.8249
Epoch 536/1000, Train Loss: 0.6178, Validation Loss: 1.4096
Epoch 537/1000, Train Loss: 0.6233, Validation Loss: 2.0985
Epoch 538/1000, Train Loss: 0.6179, Validation Loss: 1.3471
Epoch 539/1000, Train Loss: 0.6153, Validation Loss: 1.6481
Epoch 540/1000, Train Loss: 0.6151, Validation Loss: 0.8466
Epoch 541/1000, Train Loss: 0.6268, Validation Loss: 2.2418
Epoch 542/1000, Train Loss: 0.9247, Validation Loss: 1.2960
Epoch 543/1000, Train Loss: 0.6552, Validation Loss: 3.2838
Epoch 544/1000, Train Loss: 0.6371, Validation Loss: 1.4009
Epoch 545/1000, Train Loss: 0.6219, Validation Loss: 1.2400
Epoch 546/1000, Train Loss: 0.6309, Validation Loss: 2.8941
Epoch 547/1000, Train Loss: 0.6206, Validation Loss: 2.0202
Epoch 548/1000, Train Loss: 0.6084, Validation Loss: 1.0925
Epoch 549/1000, Train Loss: 1.0793, Validation Loss: 2.0916
Epoch 550/1000, Train Loss: 0.6516, Validation Loss: 1.1949
Epoch 551/1000, Train Loss: 0.6179, Validation Loss: 1.1044
Epoch 552/1000, Train Loss: 0.6327, Validation Loss: 0.9899
Epoch 553/1000, Train Loss: 0.6140, Validation Loss: 0.7415
Epoch 554/1000, Train Loss: 0.6012, Validation Loss: 0.8501
Epoch 555/1000, Train Loss: 0.6046, Validation Loss: 0.8527
Epoch 556/1000, Train Loss: 0.6432, Validation Loss: 0.7537
Epoch 557/1000, Train Loss: 4.2141, Validation Loss: 3.1801
Epoch 558/1000, Train Loss: 0.6283, Validation Loss: 1.9963
Epoch 559/1000, Train Loss: 0.6240, Validation Loss: 2.3661
Epoch 560/1000, Train Loss: 0.6197, Validation Loss: 1.1993
Epoch 561/1000, Train Loss: 0.6113, Validation Loss: 1.0240
Epoch 562/1000, Train Loss: 0.6597, Validation Loss: 2.6012
Epoch 563/1000, Train Loss: 0.6108, Validation Loss: 3.2388
Epoch 564/1000, Train Loss: 0.6282, Validation Loss: 0.9261
Epoch 565/1000, Train Loss: 0.7073, Validation Loss: 4.9466
Epoch 566/1000, Train Loss: 0.6184, Validation Loss: 3.7303
Epoch 567/1000, Train Loss: 0.6191, Validation Loss: 1.0291
Epoch 568/1000, Train Loss: 0.6042, Validation Loss: 2.2181
Epoch 569/1000, Train Loss: 0.6097, Validation Loss: 0.9933
Epoch 570/1000, Train Loss: 0.6084, Validation Loss: 1.6559
Epoch 571/1000, Train Loss: 0.6174, Validation Loss: 1.0134
Epoch 572/1000, Train Loss: 0.6017, Validation Loss: 0.5482
Epoch 573/1000, Train Loss: 0.5947, Validation Loss: 2.4795
Epoch 574/1000, Train Loss: 0.6216, Validation Loss: 0.9085
Epoch 575/1000, Train Loss: 0.6234, Validation Loss: 1.4294
Epoch 576/1000, Train Loss: 0.6129, Validation Loss: 2.4889
Epoch 577/1000, Train Loss: 99.0918, Validation Loss: 1.0760
Epoch 578/1000, Train Loss: 0.6693, Validation Loss: 1.1307
Epoch 579/1000, Train Loss: 0.6197, Validation Loss: 3.0281
Epoch 580/1000, Train Loss: 0.6443, Validation Loss: 1.4107
Epoch 581/1000, Train Loss: 0.6241, Validation Loss: 2.8383
Epoch 582/1000, Train Loss: 0.6206, Validation Loss: 1.0224
Epoch 583/1000, Train Loss: 0.5927, Validation Loss: 2.1356
Epoch 584/1000, Train Loss: 0.6070, Validation Loss: 2.2075
Epoch 585/1000, Train Loss: 0.7961, Validation Loss: 2.1028
Epoch 586/1000, Train Loss: 0.6113, Validation Loss: 1.0387
Epoch 587/1000, Train Loss: 0.6404, Validation Loss: 1.3066
Epoch 588/1000, Train Loss: 0.6039, Validation Loss: 1.4290
Epoch 589/1000, Train Loss: 0.5913, Validation Loss: 2.1018
Epoch 590/1000, Train Loss: 0.5850, Validation Loss: 1.6308
Epoch 591/1000, Train Loss: 0.5991, Validation Loss: 1.3957
Epoch 592/1000, Train Loss: 0.6176, Validation Loss: 1.6085
Epoch 593/1000, Train Loss: 0.6283, Validation Loss: 1.0656
Epoch 594/1000, Train Loss: 0.9125, Validation Loss: 61057.1960
Epoch 595/1000, Train Loss: 0.9410, Validation Loss: 3.1719
Epoch 596/1000, Train Loss: 0.6487, Validation Loss: 0.9790
Epoch 597/1000, Train Loss: 0.6237, Validation Loss: 1.2336
Epoch 598/1000, Train Loss: 0.6227, Validation Loss: 4.1739
Epoch 599/1000, Train Loss: 0.6219, Validation Loss: 4.2780
Epoch 600/1000, Train Loss: 0.6148, Validation Loss: 1.0530
Epoch 601/1000, Train Loss: 0.6081, Validation Loss: 3.4706
Epoch 602/1000, Train Loss: 0.6534, Validation Loss: 1.2136
Epoch 603/1000, Train Loss: 0.6045, Validation Loss: 2.2988
Epoch 604/1000, Train Loss: 0.6639, Validation Loss: 4.3892
Epoch 605/1000, Train Loss: 0.6224, Validation Loss: 4.4272
Epoch 606/1000, Train Loss: 0.6067, Validation Loss: 2.4287
Epoch 607/1000, Train Loss: 0.6173, Validation Loss: 4.5448
Epoch 608/1000, Train Loss: 0.5959, Validation Loss: 1.5903
Epoch 609/1000, Train Loss: 0.6086, Validation Loss: 4.9134
Epoch 610/1000, Train Loss: 0.6060, Validation Loss: 1.5085
Epoch 611/1000, Train Loss: 0.5992, Validation Loss: 1.4917
Epoch 612/1000, Train Loss: 0.6115, Validation Loss: 1.2595
Epoch 613/1000, Train Loss: 0.5965, Validation Loss: 2.2231
Epoch 614/1000, Train Loss: 0.5899, Validation Loss: 2.0302
Epoch 615/1000, Train Loss: 0.5825, Validation Loss: 3.7507
Epoch 616/1000, Train Loss: 0.5889, Validation Loss: 4.4189
Epoch 617/1000, Train Loss: 3.6663, Validation Loss: 3.8095
Epoch 618/1000, Train Loss: 0.6329, Validation Loss: 1.4537
Epoch 619/1000, Train Loss: 0.6142, Validation Loss: 1.6498
Epoch 620/1000, Train Loss: 0.6405, Validation Loss: 1.5707
Epoch 621/1000, Train Loss: 0.6163, Validation Loss: 2.6297
Epoch 622/1000, Train Loss: 0.6143, Validation Loss: 1.6172
Epoch 623/1000, Train Loss: 0.5977, Validation Loss: 1.0933
Epoch 624/1000, Train Loss: 0.6002, Validation Loss: 0.9800
Epoch 625/1000, Train Loss: 0.5943, Validation Loss: 1.1875
Epoch 626/1000, Train Loss: 0.6109, Validation Loss: 1.9610
Epoch 627/1000, Train Loss: 0.5927, Validation Loss: 1.2229
Epoch 628/1000, Train Loss: 1.3581, Validation Loss: 1.7656
Epoch 629/1000, Train Loss: 5.8223, Validation Loss: 3.1402
Epoch 630/1000, Train Loss: 0.6146, Validation Loss: 1.5832
Epoch 631/1000, Train Loss: 0.5990, Validation Loss: 0.8431
Epoch 632/1000, Train Loss: 0.6061, Validation Loss: 3.2304
Epoch 633/1000, Train Loss: 0.5934, Validation Loss: 2.4796
Epoch 634/1000, Train Loss: 0.5886, Validation Loss: 1.7137
Epoch 635/1000, Train Loss: 0.6005, Validation Loss: 1.4507
Epoch 636/1000, Train Loss: 0.5850, Validation Loss: 0.8535
Epoch 637/1000, Train Loss: 0.5896, Validation Loss: 1.0835
Epoch 638/1000, Train Loss: 28.4226, Validation Loss: 1.4287
Epoch 639/1000, Train Loss: 0.6457, Validation Loss: 1.1661
Epoch 640/1000, Train Loss: 0.6285, Validation Loss: 2.4442
Epoch 641/1000, Train Loss: 0.6100, Validation Loss: 1.2162
Epoch 642/1000, Train Loss: 0.6188, Validation Loss: 1.3322
Epoch 643/1000, Train Loss: 0.5939, Validation Loss: 1.1376
Epoch 644/1000, Train Loss: 0.5971, Validation Loss: 1.3764
Epoch 645/1000, Train Loss: 0.8294, Validation Loss: 3.8638
Epoch 646/1000, Train Loss: 0.6454, Validation Loss: 4.1560
Epoch 647/1000, Train Loss: 0.5877, Validation Loss: 2.3172
Epoch 648/1000, Train Loss: 0.6133, Validation Loss: 1.3419
Epoch 649/1000, Train Loss: 0.5907, Validation Loss: 1.3850
Epoch 650/1000, Train Loss: 0.6163, Validation Loss: 1.4392
Epoch 651/1000, Train Loss: 0.5964, Validation Loss: 1.0128
Epoch 652/1000, Train Loss: 0.5884, Validation Loss: 1.5162
Epoch 653/1000, Train Loss: 0.6151, Validation Loss: 1.0152
Epoch 654/1000, Train Loss: 0.6008, Validation Loss: 1.9673
Epoch 655/1000, Train Loss: 61.7241, Validation Loss: 1.7985
Epoch 656/1000, Train Loss: 0.6154, Validation Loss: 2.4222
Epoch 657/1000, Train Loss: 0.5936, Validation Loss: 2.1159
Epoch 658/1000, Train Loss: 0.6174, Validation Loss: 2.6167
Epoch 659/1000, Train Loss: 0.5835, Validation Loss: 1.9908
Epoch 660/1000, Train Loss: 0.6002, Validation Loss: 0.9939
Epoch 661/1000, Train Loss: 0.6072, Validation Loss: 1.3251
Epoch 662/1000, Train Loss: 0.6169, Validation Loss: 1.2403
Epoch 663/1000, Train Loss: 0.7431, Validation Loss: 0.9183
Epoch 664/1000, Train Loss: 0.6203, Validation Loss: 1.6192
Epoch 665/1000, Train Loss: 0.5834, Validation Loss: 1.4467
Epoch 666/1000, Train Loss: 0.5842, Validation Loss: 1.3853
Epoch 667/1000, Train Loss: 0.5926, Validation Loss: 1.3771
Epoch 668/1000, Train Loss: 0.5682, Validation Loss: 0.7473
Epoch 669/1000, Train Loss: 29.1503, Validation Loss: 0.9812
Epoch 670/1000, Train Loss: 0.6163, Validation Loss: 3.0724
Epoch 671/1000, Train Loss: 0.6104, Validation Loss: 1.7110
Epoch 672/1000, Train Loss: 0.5859, Validation Loss: 1.3146
Epoch 673/1000, Train Loss: 0.6045, Validation Loss: 1.3375
Epoch 674/1000, Train Loss: 0.5889, Validation Loss: 2.4636
Epoch 675/1000, Train Loss: 0.5774, Validation Loss: 0.8602
Epoch 676/1000, Train Loss: 0.6168, Validation Loss: 2.4031
Epoch 677/1000, Train Loss: 0.5968, Validation Loss: 1.5883
Epoch 678/1000, Train Loss: 0.6031, Validation Loss: 2.9063
Epoch 679/1000, Train Loss: 0.5900, Validation Loss: 2.9751
Epoch 680/1000, Train Loss: 0.6014, Validation Loss: 4.5318
Epoch 681/1000, Train Loss: 0.6010, Validation Loss: 1.3793
Epoch 682/1000, Train Loss: 0.6082, Validation Loss: 0.8923
Epoch 683/1000, Train Loss: 0.6051, Validation Loss: 1.7295
Epoch 684/1000, Train Loss: 0.9413, Validation Loss: 0.9063
Epoch 685/1000, Train Loss: 0.5802, Validation Loss: 3.0696
Epoch 686/1000, Train Loss: 0.6325, Validation Loss: 1.2550
Epoch 687/1000, Train Loss: 0.6047, Validation Loss: 0.7723
Epoch 688/1000, Train Loss: 0.6020, Validation Loss: 2.0926
Epoch 689/1000, Train Loss: 0.5980, Validation Loss: 0.9548
Epoch 690/1000, Train Loss: 0.5799, Validation Loss: 2.5102
Epoch 691/1000, Train Loss: 0.5988, Validation Loss: 1.0593
Epoch 692/1000, Train Loss: 3.0953, Validation Loss: 3.0693
Epoch 693/1000, Train Loss: 0.6102, Validation Loss: 2.1374
Epoch 694/1000, Train Loss: 0.6158, Validation Loss: 0.9059
Epoch 695/1000, Train Loss: 0.6289, Validation Loss: 1.7815
Epoch 696/1000, Train Loss: 0.5868, Validation Loss: 1.6133
Epoch 697/1000, Train Loss: 0.5941, Validation Loss: 3.8250
Epoch 698/1000, Train Loss: 0.5762, Validation Loss: 0.7002
Epoch 699/1000, Train Loss: 0.5981, Validation Loss: 3.3769
Epoch 700/1000, Train Loss: 0.7701, Validation Loss: 2.1477
Epoch 701/1000, Train Loss: 0.6087, Validation Loss: 2.3862
Epoch 702/1000, Train Loss: 0.6019, Validation Loss: 2.4646
Epoch 703/1000, Train Loss: 0.5843, Validation Loss: 1.1049
Epoch 704/1000, Train Loss: 0.5950, Validation Loss: 2.6241
Epoch 705/1000, Train Loss: 0.5826, Validation Loss: 2.9615
Epoch 706/1000, Train Loss: 0.5700, Validation Loss: 1.6357
Epoch 707/1000, Train Loss: 0.5771, Validation Loss: 4.3112
Epoch 708/1000, Train Loss: 1.3718, Validation Loss: 1.9721
Epoch 709/1000, Train Loss: 0.6166, Validation Loss: 1.4289
Epoch 710/1000, Train Loss: 0.5798, Validation Loss: 3.7042
Epoch 711/1000, Train Loss: 0.5815, Validation Loss: 1.4334
Epoch 712/1000, Train Loss: 0.5879, Validation Loss: 4.4552
Epoch 713/1000, Train Loss: 0.5982, Validation Loss: 6.3933
Epoch 714/1000, Train Loss: 0.5831, Validation Loss: 5.1695
Epoch 715/1000, Train Loss: 0.5834, Validation Loss: 3.3765
Epoch 716/1000, Train Loss: 0.5930, Validation Loss: 1.6920
Epoch 717/1000, Train Loss: 0.5672, Validation Loss: 2.1867
Epoch 718/1000, Train Loss: 0.5857, Validation Loss: 2.5803
Epoch 719/1000, Train Loss: 0.6504, Validation Loss: 0.7055
Epoch 720/1000, Train Loss: 0.5813, Validation Loss: 3.9663
Epoch 721/1000, Train Loss: 0.5852, Validation Loss: 0.8859
Epoch 722/1000, Train Loss: 0.5683, Validation Loss: 0.9003
Epoch 723/1000, Train Loss: 0.5872, Validation Loss: 1.6136
Epoch 724/1000, Train Loss: 2.0588, Validation Loss: 1.3959
Epoch 725/1000, Train Loss: 0.6322, Validation Loss: 3.3174
Epoch 726/1000, Train Loss: 0.5946, Validation Loss: 2.1080
Epoch 727/1000, Train Loss: 0.5941, Validation Loss: 1.0529
Epoch 728/1000, Train Loss: 0.5736, Validation Loss: 1.0722
Epoch 729/1000, Train Loss: 0.5829, Validation Loss: 0.7331
Epoch 730/1000, Train Loss: 0.5818, Validation Loss: 0.8808
Epoch 731/1000, Train Loss: 0.5835, Validation Loss: 1.6924
Epoch 732/1000, Train Loss: 0.8016, Validation Loss: 152.3657
Epoch 733/1000, Train Loss: 1.7210, Validation Loss: 0.8113
Epoch 734/1000, Train Loss: 0.5954, Validation Loss: 1.0241
Epoch 735/1000, Train Loss: 0.5731, Validation Loss: 0.8786
Epoch 736/1000, Train Loss: 0.5646, Validation Loss: 1.6539
Epoch 737/1000, Train Loss: 0.5963, Validation Loss: 0.8208
Epoch 738/1000, Train Loss: 0.7645, Validation Loss: 3.5762
Epoch 739/1000, Train Loss: 0.6191, Validation Loss: 5.7165
Epoch 740/1000, Train Loss: 0.5833, Validation Loss: 4.8114
Epoch 741/1000, Train Loss: 0.5948, Validation Loss: 3.2012
Epoch 742/1000, Train Loss: 0.5754, Validation Loss: 5.3814
Epoch 743/1000, Train Loss: 0.5891, Validation Loss: 0.7922
Epoch 744/1000, Train Loss: 0.5747, Validation Loss: 1.4383
Epoch 745/1000, Train Loss: 0.5835, Validation Loss: 0.9085
Epoch 746/1000, Train Loss: 0.5798, Validation Loss: 3.4844
Epoch 747/1000, Train Loss: 1.1498, Validation Loss: 2.1880
Epoch 748/1000, Train Loss: 0.5995, Validation Loss: 3.0205
Epoch 749/1000, Train Loss: 0.5820, Validation Loss: 1.5546
Epoch 750/1000, Train Loss: 0.5696, Validation Loss: 0.8984
Epoch 751/1000, Train Loss: 0.5793, Validation Loss: 1.2366
Epoch 752/1000, Train Loss: 0.5894, Validation Loss: 2.0208
Epoch 753/1000, Train Loss: 0.5597, Validation Loss: 2.8127
Epoch 754/1000, Train Loss: 0.5749, Validation Loss: 6.4465
Epoch 755/1000, Train Loss: 0.5999, Validation Loss: 2.4981
Epoch 756/1000, Train Loss: 0.5735, Validation Loss: 1.8385
Epoch 757/1000, Train Loss: 0.5675, Validation Loss: 1.8281
Epoch 758/1000, Train Loss: 0.6009, Validation Loss: 0.7220
Epoch 759/1000, Train Loss: 0.6957, Validation Loss: 1.7572
Epoch 760/1000, Train Loss: 0.5916, Validation Loss: 1.5070
Epoch 761/1000, Train Loss: 0.5757, Validation Loss: 6.0271
Epoch 762/1000, Train Loss: 0.5836, Validation Loss: 1.7894
Epoch 763/1000, Train Loss: 0.5969, Validation Loss: 1.0316
Epoch 764/1000, Train Loss: 0.5751, Validation Loss: 1.2107
Epoch 765/1000, Train Loss: 0.5832, Validation Loss: 1.1114
Epoch 766/1000, Train Loss: 2.1069, Validation Loss: 3.2963
Epoch 767/1000, Train Loss: 0.6212, Validation Loss: 2.1552
Epoch 768/1000, Train Loss: 0.5907, Validation Loss: 4.4323
Epoch 769/1000, Train Loss: 0.5678, Validation Loss: 0.7201
Epoch 770/1000, Train Loss: 0.6263, Validation Loss: 4.9370
Epoch 771/1000, Train Loss: 0.5851, Validation Loss: 1.2144
Epoch 772/1000, Train Loss: 0.5920, Validation Loss: 1.3458
Epoch 773/1000, Train Loss: 0.5850, Validation Loss: 1.5216
Epoch 774/1000, Train Loss: 0.5655, Validation Loss: 1.0422
Epoch 775/1000, Train Loss: 0.5896, Validation Loss: 1.8078
Epoch 776/1000, Train Loss: 7.2880, Validation Loss: 0.9955
Epoch 777/1000, Train Loss: 0.7753, Validation Loss: 3.1162
Epoch 778/1000, Train Loss: 0.6059, Validation Loss: 3.8620
Epoch 779/1000, Train Loss: 0.5881, Validation Loss: 3.0294
Epoch 780/1000, Train Loss: 0.5971, Validation Loss: 1.2573
Epoch 781/1000, Train Loss: 0.5802, Validation Loss: 0.6883
Epoch 782/1000, Train Loss: 0.5919, Validation Loss: 1.2438
Epoch 783/1000, Train Loss: 0.5946, Validation Loss: 1.6991
Epoch 784/1000, Train Loss: 0.5844, Validation Loss: 2.6281
Epoch 785/1000, Train Loss: 0.5976, Validation Loss: 0.9389
Epoch 786/1000, Train Loss: 0.5873, Validation Loss: 2.3959
Epoch 787/1000, Train Loss: 0.5643, Validation Loss: 2.6766
Epoch 788/1000, Train Loss: 0.6135, Validation Loss: 0.9745
Epoch 789/1000, Train Loss: 0.6355, Validation Loss: 1.0245
Epoch 790/1000, Train Loss: 0.6021, Validation Loss: 2.2534
Epoch 791/1000, Train Loss: 0.5906, Validation Loss: 4.2036
Epoch 792/1000, Train Loss: 0.5619, Validation Loss: 1.1557
Epoch 793/1000, Train Loss: 0.5629, Validation Loss: 1.2296
Epoch 794/1000, Train Loss: 0.5718, Validation Loss: 1.4163
Epoch 795/1000, Train Loss: 0.5658, Validation Loss: 2.3386
Epoch 796/1000, Train Loss: 0.5779, Validation Loss: 1.4823
Epoch 797/1000, Train Loss: 0.5926, Validation Loss: 2.7840
Epoch 798/1000, Train Loss: 0.5701, Validation Loss: 3.5187
Epoch 799/1000, Train Loss: 0.5812, Validation Loss: 2.5922
Epoch 800/1000, Train Loss: 0.5707, Validation Loss: 2.5212
Epoch 801/1000, Train Loss: 0.5749, Validation Loss: 1.4107
Epoch 802/1000, Train Loss: 1.8243, Validation Loss: 2.3309
Epoch 803/1000, Train Loss: 0.6376, Validation Loss: 1.0098
Epoch 804/1000, Train Loss: 0.5715, Validation Loss: 1.0576
Epoch 805/1000, Train Loss: 0.5725, Validation Loss: 0.9640
Epoch 806/1000, Train Loss: 0.5806, Validation Loss: 1.1117
Epoch 807/1000, Train Loss: 0.5668, Validation Loss: 0.8765
Epoch 808/1000, Train Loss: 0.6116, Validation Loss: 0.9449
Epoch 809/1000, Train Loss: 0.5941, Validation Loss: 3.1643
Epoch 810/1000, Train Loss: 0.5795, Validation Loss: 1.3658
Epoch 811/1000, Train Loss: 0.5774, Validation Loss: 1.7017
Epoch 812/1000, Train Loss: 0.6012, Validation Loss: 2.1081
Epoch 813/1000, Train Loss: 0.6268, Validation Loss: 1.1893
Epoch 814/1000, Train Loss: 0.5771, Validation Loss: 3.2871
Epoch 815/1000, Train Loss: 0.5447, Validation Loss: 2.4736
Epoch 816/1000, Train Loss: 0.5539, Validation Loss: 0.9658
Epoch 817/1000, Train Loss: 3.7016, Validation Loss: 2.4903
Epoch 818/1000, Train Loss: 0.6566, Validation Loss: 3.0904
Epoch 819/1000, Train Loss: 0.5896, Validation Loss: 1.0518
Epoch 820/1000, Train Loss: 0.5764, Validation Loss: 2.6242
Epoch 821/1000, Train Loss: 0.5730, Validation Loss: 1.8636
Epoch 822/1000, Train Loss: 2.3513, Validation Loss: 4.2322
Epoch 823/1000, Train Loss: 0.6356, Validation Loss: 4.1083
Epoch 824/1000, Train Loss: 0.5923, Validation Loss: 1.2107
Epoch 825/1000, Train Loss: 0.5785, Validation Loss: 1.1512
Epoch 826/1000, Train Loss: 0.5729, Validation Loss: 1.6402
Epoch 827/1000, Train Loss: 0.5733, Validation Loss: 2.6942
Epoch 828/1000, Train Loss: 0.5780, Validation Loss: 3.4230
Epoch 829/1000, Train Loss: 0.5668, Validation Loss: 2.2884
Epoch 830/1000, Train Loss: 0.5940, Validation Loss: 1.4523
Epoch 831/1000, Train Loss: 0.5718, Validation Loss: 2.5132
Epoch 832/1000, Train Loss: 0.5802, Validation Loss: 0.7021
Epoch 833/1000, Train Loss: 43.6563, Validation Loss: 1.5762
Epoch 834/1000, Train Loss: 0.6281, Validation Loss: 1.2934
Epoch 835/1000, Train Loss: 0.5848, Validation Loss: 1.4176
Epoch 836/1000, Train Loss: 0.5780, Validation Loss: 2.7807
Epoch 837/1000, Train Loss: 0.5971, Validation Loss: 2.4456
Epoch 838/1000, Train Loss: 0.6125, Validation Loss: 1.3931
Epoch 839/1000, Train Loss: 0.5649, Validation Loss: 2.8690
Epoch 840/1000, Train Loss: 0.5828, Validation Loss: 1.7181
Epoch 841/1000, Train Loss: 0.6008, Validation Loss: 0.7608
Epoch 842/1000, Train Loss: 0.5702, Validation Loss: 4.5491
Epoch 843/1000, Train Loss: 0.5880, Validation Loss: 2.6457
Epoch 844/1000, Train Loss: 0.5663, Validation Loss: 2.4866
Epoch 845/1000, Train Loss: 0.5584, Validation Loss: 2.3146
Epoch 846/1000, Train Loss: 0.5722, Validation Loss: 0.9471
Epoch 847/1000, Train Loss: 0.5817, Validation Loss: 1.1879
Epoch 848/1000, Train Loss: 0.5670, Validation Loss: 1.0838
Epoch 849/1000, Train Loss: 0.5833, Validation Loss: 1.6679
Epoch 850/1000, Train Loss: 0.5695, Validation Loss: 1.1938
Epoch 851/1000, Train Loss: 4.2409, Validation Loss: 1.3274
Epoch 852/1000, Train Loss: 0.5835, Validation Loss: 0.9999
Epoch 853/1000, Train Loss: 0.5839, Validation Loss: 2.8397
Epoch 854/1000, Train Loss: 0.5833, Validation Loss: 1.7721
Epoch 855/1000, Train Loss: 0.5614, Validation Loss: 1.6937
Epoch 856/1000, Train Loss: 0.5588, Validation Loss: 1.1186
Epoch 857/1000, Train Loss: 0.5603, Validation Loss: 4.2711
Epoch 858/1000, Train Loss: 0.5886, Validation Loss: 0.9415
Epoch 859/1000, Train Loss: 0.5637, Validation Loss: 2.3215
Epoch 860/1000, Train Loss: 0.5790, Validation Loss: 1.1583
Epoch 861/1000, Train Loss: 0.5576, Validation Loss: 1.0515
Epoch 862/1000, Train Loss: 0.5595, Validation Loss: 1.5763
Epoch 863/1000, Train Loss: 0.7906, Validation Loss: 1.5338
Epoch 864/1000, Train Loss: 0.6945, Validation Loss: 1.2721
Epoch 865/1000, Train Loss: 0.5685, Validation Loss: 0.9208
Epoch 866/1000, Train Loss: 0.5646, Validation Loss: 1.3716
Epoch 867/1000, Train Loss: 0.5869, Validation Loss: 0.8222
Epoch 868/1000, Train Loss: 0.5696, Validation Loss: 2.0939
Epoch 869/1000, Train Loss: 0.5571, Validation Loss: 1.5999
Epoch 870/1000, Train Loss: 0.5687, Validation Loss: 1.0190
Epoch 871/1000, Train Loss: 0.5708, Validation Loss: 3.8352
Epoch 872/1000, Train Loss: 0.5780, Validation Loss: 1.6068
Epoch 873/1000, Train Loss: 575.1579, Validation Loss: 1.1123
Epoch 874/1000, Train Loss: 0.6755, Validation Loss: 5.2278
Epoch 875/1000, Train Loss: 1.2661, Validation Loss: 1.3478
Epoch 876/1000, Train Loss: 0.6197, Validation Loss: 1.1037
Epoch 877/1000, Train Loss: 0.5899, Validation Loss: 1.2298
Epoch 878/1000, Train Loss: 0.5918, Validation Loss: 3.5185
Epoch 879/1000, Train Loss: 0.5603, Validation Loss: 2.0858
Epoch 880/1000, Train Loss: 0.5789, Validation Loss: 3.9916
Epoch 881/1000, Train Loss: 0.5683, Validation Loss: 1.4908
Epoch 882/1000, Train Loss: 0.5833, Validation Loss: 0.6398
Epoch 883/1000, Train Loss: 0.5668, Validation Loss: 2.6088
Epoch 884/1000, Train Loss: 0.5728, Validation Loss: 1.4696
Epoch 885/1000, Train Loss: 0.5639, Validation Loss: 0.7793
Epoch 886/1000, Train Loss: 2.5536, Validation Loss: 3.9024
Epoch 887/1000, Train Loss: 0.5873, Validation Loss: 2.1168
Epoch 888/1000, Train Loss: 0.5771, Validation Loss: 2.0716
Epoch 889/1000, Train Loss: 0.5683, Validation Loss: 1.3762
Epoch 890/1000, Train Loss: 0.5770, Validation Loss: 0.8540
Epoch 891/1000, Train Loss: 0.5654, Validation Loss: 0.6372
Epoch 892/1000, Train Loss: 0.5763, Validation Loss: 0.9709
Epoch 893/1000, Train Loss: 0.6218, Validation Loss: 0.9744
Epoch 894/1000, Train Loss: 0.5859, Validation Loss: 2.2416
Epoch 895/1000, Train Loss: 0.5964, Validation Loss: 6.4762
Epoch 896/1000, Train Loss: 0.6307, Validation Loss: 3.0657
Epoch 897/1000, Train Loss: 0.5588, Validation Loss: 0.6264
Epoch 898/1000, Train Loss: 0.5658, Validation Loss: 0.9413
Epoch 899/1000, Train Loss: 0.5754, Validation Loss: 6.2699
Epoch 900/1000, Train Loss: 0.5776, Validation Loss: 1.5240
Epoch 901/1000, Train Loss: 0.5995, Validation Loss: 1.7520
Epoch 902/1000, Train Loss: 0.5510, Validation Loss: 2.1941
Epoch 903/1000, Train Loss: 0.5593, Validation Loss: 0.8618
Epoch 904/1000, Train Loss: 0.7283, Validation Loss: 8.1157
Epoch 905/1000, Train Loss: 1.1403, Validation Loss: 2.3030
Epoch 906/1000, Train Loss: 0.5931, Validation Loss: 4.1200
Epoch 907/1000, Train Loss: 0.5606, Validation Loss: 3.3029
Epoch 908/1000, Train Loss: 0.5729, Validation Loss: 1.3305
Epoch 909/1000, Train Loss: 0.5609, Validation Loss: 1.0295
Epoch 910/1000, Train Loss: 0.5753, Validation Loss: 0.8161
Epoch 911/1000, Train Loss: 0.6115, Validation Loss: 2.2851
Epoch 912/1000, Train Loss: 0.5674, Validation Loss: 0.8751
Epoch 913/1000, Train Loss: 0.5802, Validation Loss: 2.9798
Epoch 914/1000, Train Loss: 0.5773, Validation Loss: 2.7239
Epoch 915/1000, Train Loss: 0.5693, Validation Loss: 0.9330
Epoch 916/1000, Train Loss: 0.5696, Validation Loss: 4.2105
Epoch 917/1000, Train Loss: 0.5926, Validation Loss: 0.8150
Epoch 918/1000, Train Loss: 2.3034, Validation Loss: 5.1827
Epoch 919/1000, Train Loss: 0.5738, Validation Loss: 1.0856
Epoch 920/1000, Train Loss: 0.5801, Validation Loss: 3.2944
Epoch 921/1000, Train Loss: 0.5660, Validation Loss: 1.2394
Epoch 922/1000, Train Loss: 0.5610, Validation Loss: 2.4869
Epoch 923/1000, Train Loss: 0.5783, Validation Loss: 2.8534
Epoch 924/1000, Train Loss: 0.5699, Validation Loss: 4.2174
Epoch 925/1000, Train Loss: 0.5600, Validation Loss: 1.6875
Epoch 926/1000, Train Loss: 0.5491, Validation Loss: 5.2806
Epoch 927/1000, Train Loss: 0.5671, Validation Loss: 5.2964
Epoch 928/1000, Train Loss: 7.1385, Validation Loss: 1.5920
Epoch 929/1000, Train Loss: 0.5885, Validation Loss: 1.6074
Epoch 930/1000, Train Loss: 0.5885, Validation Loss: 2.3062
Epoch 931/1000, Train Loss: 0.5702, Validation Loss: 0.9475
Epoch 932/1000, Train Loss: 0.5544, Validation Loss: 4.6136
Epoch 933/1000, Train Loss: 0.5745, Validation Loss: 2.2441
Epoch 934/1000, Train Loss: 0.5932, Validation Loss: 1.7421
Epoch 935/1000, Train Loss: 0.5727, Validation Loss: 4.0607
Epoch 936/1000, Train Loss: 0.5640, Validation Loss: 3.4722
Epoch 937/1000, Train Loss: 0.5747, Validation Loss: 1.5198
Epoch 938/1000, Train Loss: 0.5525, Validation Loss: 2.5216
Epoch 939/1000, Train Loss: 0.6647, Validation Loss: 4.2527
Epoch 940/1000, Train Loss: 0.5736, Validation Loss: 1.1933
Epoch 941/1000, Train Loss: 0.5952, Validation Loss: 1.2316
Epoch 942/1000, Train Loss: 0.5534, Validation Loss: 1.4762
Epoch 943/1000, Train Loss: 0.6631, Validation Loss: 1.1602
Epoch 944/1000, Train Loss: 0.5737, Validation Loss: 0.8537
Epoch 945/1000, Train Loss: 0.5840, Validation Loss: 1.6629
Epoch 946/1000, Train Loss: 0.5620, Validation Loss: 4.4752
Epoch 947/1000, Train Loss: 0.5669, Validation Loss: 1.3484
Epoch 948/1000, Train Loss: 0.6983, Validation Loss: 1.8722
Epoch 949/1000, Train Loss: 0.5857, Validation Loss: 1.1933
Epoch 950/1000, Train Loss: 0.5623, Validation Loss: 1.1702
Epoch 951/1000, Train Loss: 0.5628, Validation Loss: 0.7993
Epoch 952/1000, Train Loss: 0.5526, Validation Loss: 1.4368
Epoch 953/1000, Train Loss: 0.5487, Validation Loss: 1.3165
Epoch 954/1000, Train Loss: 0.5875, Validation Loss: 4.9314
Epoch 955/1000, Train Loss: 0.5581, Validation Loss: 3.2335
Epoch 956/1000, Train Loss: 0.5769, Validation Loss: 2.8116
Epoch 957/1000, Train Loss: 0.5552, Validation Loss: 1.3098
Epoch 958/1000, Train Loss: 0.8107, Validation Loss: 3.0108
Epoch 959/1000, Train Loss: 0.5823, Validation Loss: 1.4084
Epoch 960/1000, Train Loss: 0.5668, Validation Loss: 1.2013
Epoch 961/1000, Train Loss: 0.5948, Validation Loss: 2.7160
Epoch 962/1000, Train Loss: 0.5677, Validation Loss: 2.3546
Epoch 963/1000, Train Loss: 0.5480, Validation Loss: 3.0682
Epoch 964/1000, Train Loss: 0.5557, Validation Loss: 1.6202
Epoch 965/1000, Train Loss: 0.5611, Validation Loss: 1.4048
Epoch 966/1000, Train Loss: 0.5592, Validation Loss: 1.4517
Epoch 967/1000, Train Loss: 0.5932, Validation Loss: 0.6924
Epoch 968/1000, Train Loss: 0.5689, Validation Loss: 1.6570
Epoch 969/1000, Train Loss: 0.5727, Validation Loss: 5.1092
Epoch 970/1000, Train Loss: 0.5571, Validation Loss: 7.9043
Epoch 971/1000, Train Loss: 13.0717, Validation Loss: 1.4242
Epoch 972/1000, Train Loss: 0.5817, Validation Loss: 2.3071
Epoch 973/1000, Train Loss: 0.5665, Validation Loss: 0.6863
Epoch 974/1000, Train Loss: 0.5579, Validation Loss: 2.1644
Epoch 975/1000, Train Loss: 0.5704, Validation Loss: 1.1262
Epoch 976/1000, Train Loss: 0.5634, Validation Loss: 0.7965
Epoch 977/1000, Train Loss: 0.5573, Validation Loss: 1.3094
Epoch 978/1000, Train Loss: 0.6374, Validation Loss: 1.4767
Epoch 979/1000, Train Loss: 0.7019, Validation Loss: 1.2631
Epoch 980/1000, Train Loss: 1.0554, Validation Loss: 2.3740
Epoch 981/1000, Train Loss: 0.6016, Validation Loss: 4.2038
Epoch 982/1000, Train Loss: 0.5647, Validation Loss: 2.0178
Epoch 983/1000, Train Loss: 0.6091, Validation Loss: 1.1982
Epoch 984/1000, Train Loss: 0.5582, Validation Loss: 1.2026
Epoch 985/1000, Train Loss: 0.5739, Validation Loss: 1.5755
Epoch 986/1000, Train Loss: 0.5904, Validation Loss: 2.1121
Epoch 987/1000, Train Loss: 0.5906, Validation Loss: 2.1284
Epoch 988/1000, Train Loss: 0.5831, Validation Loss: 1.0423
Epoch 989/1000, Train Loss: 0.5548, Validation Loss: 2.6128
Epoch 990/1000, Train Loss: 0.5527, Validation Loss: 1.2329
Epoch 991/1000, Train Loss: 2.2853, Validation Loss: 2.9163
Epoch 992/1000, Train Loss: 0.5603, Validation Loss: 1.9930
Epoch 993/1000, Train Loss: 0.5719, Validation Loss: 3.5237
Epoch 994/1000, Train Loss: 0.5625, Validation Loss: 1.2005
Epoch 995/1000, Train Loss: 0.6653, Validation Loss: 1.2090
Epoch 996/1000, Train Loss: 0.5705, Validation Loss: 2.2381
Epoch 997/1000, Train Loss: 0.5519, Validation Loss: 1.1376
Epoch 998/1000, Train Loss: 0.5654, Validation Loss: 3.5979
Epoch 999/1000, Train Loss: 0.5635, Validation Loss: 5.9482
Epoch 1000/1000, Train Loss: 0.5732, Validation Loss: 1.9390
Best Training Loss: 0.5447
Best Training Loss Epoch: 815
Best Validation Loss: 0.5482
Best Validation Loss Epoch: 572
Time taken for training: 0-14:59:37
Test Loss: 0.5612
Test MAPE: 83370.5391%
Error Statistics:
count    4.127200e+04
mean     5.395182e+02
std      1.029967e+04
min      2.384186e-06
25%      1.261511e-01
50%      1.695431e+00
75%      2.630966e+01
max      1.133445e+06
Name: Absolute Error, dtype: float64
Training complete. Final model saved.
Saving model as a wandb Artifact...
Model artifact logged successfully.
[1;34mwandb[0m: 
[1;34mwandb[0m: 🚀 View run [33meternal-sweep-33[0m at: [34mhttps://wandb.ai/mk8737-new-york-university/rl_pretrain_hp_sweeps/runs/pu3ofzut[0m
[1;34mwandb[0m: Find logs at: [1;35mwandb/run-20251006_143928-pu3ofzut/logs[0m
Agent finished.
