Waiting for sweep ID...
Found Sweep ID: be12np04
Starting wandb agent for sweep be12np04...
TRAINING DEVICE: cpu
Run Name: GCN_global_hp_sweep_be12np04-wbahw5lj
finidhed preparing data
Loading dataset from pretrain_dataset_12.5k_fixed_duplicates.pkl
Loaded 412712 data objects.
finished preparing data
Epoch 1/1000, Train Loss: 2.3699, Validation Loss: 3.8119
Epoch 2/1000, Train Loss: 1.5805, Validation Loss: 3.7967
Epoch 3/1000, Train Loss: 1.6456, Validation Loss: 1.1382
Epoch 4/1000, Train Loss: 1.4525, Validation Loss: 10.5867
Epoch 5/1000, Train Loss: 1.2584, Validation Loss: 2.1395
Epoch 6/1000, Train Loss: 1.3218, Validation Loss: 1.0735
Epoch 7/1000, Train Loss: 1.2826, Validation Loss: 3.2750
Epoch 8/1000, Train Loss: 1.1672, Validation Loss: 1.1442
Epoch 9/1000, Train Loss: 1.1309, Validation Loss: 1.0602
Epoch 10/1000, Train Loss: 1.1162, Validation Loss: 1.9351
Epoch 11/1000, Train Loss: 1.0907, Validation Loss: 1.0191
Epoch 12/1000, Train Loss: 1.0455, Validation Loss: 1.2950
Epoch 13/1000, Train Loss: 0.9839, Validation Loss: 1.8481
Epoch 14/1000, Train Loss: 1.0100, Validation Loss: 7.7624
Epoch 15/1000, Train Loss: 1.0321, Validation Loss: 1.3277
Epoch 16/1000, Train Loss: 0.9920, Validation Loss: 3.0726
Epoch 17/1000, Train Loss: 0.9819, Validation Loss: 1.7687
Epoch 18/1000, Train Loss: 0.9313, Validation Loss: 1.1523
Epoch 19/1000, Train Loss: 0.9831, Validation Loss: 2.2132
Epoch 20/1000, Train Loss: 0.9619, Validation Loss: 1.9080
Epoch 21/1000, Train Loss: 0.9169, Validation Loss: 0.9655
Epoch 22/1000, Train Loss: 0.9191, Validation Loss: 1.1071
Epoch 23/1000, Train Loss: 0.9127, Validation Loss: 1.1154
Epoch 24/1000, Train Loss: 0.9104, Validation Loss: 2.0385
Epoch 25/1000, Train Loss: 0.8791, Validation Loss: 1.1021
Epoch 26/1000, Train Loss: 0.8742, Validation Loss: 0.8926
Epoch 27/1000, Train Loss: 0.8828, Validation Loss: 0.9628
Epoch 28/1000, Train Loss: 0.8457, Validation Loss: 2.2595
Epoch 29/1000, Train Loss: 0.8412, Validation Loss: 1.5825
Epoch 30/1000, Train Loss: 0.8335, Validation Loss: 0.9090
Epoch 31/1000, Train Loss: 0.8248, Validation Loss: 0.7302
Epoch 32/1000, Train Loss: 0.8235, Validation Loss: 0.9414
Epoch 33/1000, Train Loss: 0.8532, Validation Loss: 1.8037
Epoch 34/1000, Train Loss: 0.7919, Validation Loss: 2.5937
Epoch 35/1000, Train Loss: 0.7781, Validation Loss: 0.9696
Epoch 36/1000, Train Loss: 0.8205, Validation Loss: 0.8413
Epoch 37/1000, Train Loss: 0.7831, Validation Loss: 0.7344
Epoch 38/1000, Train Loss: 0.7510, Validation Loss: 2.4563
Epoch 39/1000, Train Loss: 0.7439, Validation Loss: 0.9192
Epoch 40/1000, Train Loss: 0.7192, Validation Loss: 0.9400
Epoch 41/1000, Train Loss: 0.7247, Validation Loss: 2.8177
Epoch 42/1000, Train Loss: 0.7328, Validation Loss: 1.8837
Epoch 43/1000, Train Loss: 0.7257, Validation Loss: 2.6056
Epoch 44/1000, Train Loss: 0.7181, Validation Loss: 0.6398
Epoch 45/1000, Train Loss: 0.6860, Validation Loss: 4.3399
Epoch 46/1000, Train Loss: 0.6893, Validation Loss: 1.1461
Epoch 47/1000, Train Loss: 0.6912, Validation Loss: 0.7367
Epoch 48/1000, Train Loss: 0.6940, Validation Loss: 3.5606
Epoch 49/1000, Train Loss: 0.6623, Validation Loss: 1.1520
Epoch 50/1000, Train Loss: 0.6608, Validation Loss: 0.5995
Epoch 51/1000, Train Loss: 0.6681, Validation Loss: 1.5571
Epoch 52/1000, Train Loss: 0.6641, Validation Loss: 0.7391
Epoch 53/1000, Train Loss: 0.6541, Validation Loss: 2.7774
Epoch 54/1000, Train Loss: 0.6320, Validation Loss: 1.5255
Epoch 55/1000, Train Loss: 0.6380, Validation Loss: 0.8813
Epoch 56/1000, Train Loss: 0.6317, Validation Loss: 0.5687
Epoch 57/1000, Train Loss: 0.6248, Validation Loss: 0.7640
Epoch 58/1000, Train Loss: 0.6311, Validation Loss: 2.5118
Epoch 59/1000, Train Loss: 0.6309, Validation Loss: 1.3726
Epoch 60/1000, Train Loss: 0.6321, Validation Loss: 0.9466
Epoch 61/1000, Train Loss: 0.6270, Validation Loss: 2.4437
Epoch 62/1000, Train Loss: 0.6112, Validation Loss: 0.9882
Epoch 63/1000, Train Loss: 0.6241, Validation Loss: 1.0475
Epoch 64/1000, Train Loss: 0.6093, Validation Loss: 2.0116
Epoch 65/1000, Train Loss: 0.6120, Validation Loss: 0.9149
Epoch 66/1000, Train Loss: 0.6089, Validation Loss: 1.0840
Epoch 67/1000, Train Loss: 0.5959, Validation Loss: 3.1718
Epoch 68/1000, Train Loss: 0.5929, Validation Loss: 1.4157
Epoch 69/1000, Train Loss: 0.5820, Validation Loss: 0.7850
Epoch 70/1000, Train Loss: 0.5906, Validation Loss: 1.2650
Epoch 71/1000, Train Loss: 0.5898, Validation Loss: 1.0354
Epoch 72/1000, Train Loss: 0.5703, Validation Loss: 1.0330
Epoch 73/1000, Train Loss: 0.5965, Validation Loss: 0.7491
Epoch 74/1000, Train Loss: 0.5787, Validation Loss: 0.9066
Epoch 75/1000, Train Loss: 0.5728, Validation Loss: 1.4824
Epoch 76/1000, Train Loss: 0.5841, Validation Loss: 0.5895
Epoch 77/1000, Train Loss: 0.5725, Validation Loss: 0.9654
Epoch 78/1000, Train Loss: 0.5763, Validation Loss: 1.5151
Epoch 79/1000, Train Loss: 0.5735, Validation Loss: 1.2368
Epoch 80/1000, Train Loss: 0.5660, Validation Loss: 0.8342
Epoch 81/1000, Train Loss: 0.5632, Validation Loss: 0.8466
Epoch 82/1000, Train Loss: 0.5649, Validation Loss: 0.6768
Epoch 83/1000, Train Loss: 0.5617, Validation Loss: 0.5676
Epoch 84/1000, Train Loss: 0.5588, Validation Loss: 0.8161
Epoch 85/1000, Train Loss: 0.5475, Validation Loss: 2.6946
Epoch 86/1000, Train Loss: 0.5819, Validation Loss: 0.8855
Epoch 87/1000, Train Loss: 0.5588, Validation Loss: 1.9679
Epoch 88/1000, Train Loss: 0.5484, Validation Loss: 1.4953
Epoch 89/1000, Train Loss: 0.5505, Validation Loss: 0.6523
Epoch 90/1000, Train Loss: 0.5448, Validation Loss: 0.7807
Epoch 91/1000, Train Loss: 0.5465, Validation Loss: 0.9537
Epoch 92/1000, Train Loss: 0.5444, Validation Loss: 1.1578
Epoch 93/1000, Train Loss: 0.5478, Validation Loss: 3.6985
Epoch 94/1000, Train Loss: 0.5300, Validation Loss: 0.4937
Epoch 95/1000, Train Loss: 0.5289, Validation Loss: 3.2405
Epoch 96/1000, Train Loss: 0.5269, Validation Loss: 0.8115
Epoch 97/1000, Train Loss: 0.5279, Validation Loss: 2.4085
Epoch 98/1000, Train Loss: 0.5223, Validation Loss: 2.3715
Epoch 99/1000, Train Loss: 0.5368, Validation Loss: 0.9497
Epoch 100/1000, Train Loss: 0.5232, Validation Loss: 0.7355
Epoch 101/1000, Train Loss: 0.5322, Validation Loss: 1.2368
Epoch 102/1000, Train Loss: 0.5174, Validation Loss: 0.8809
Epoch 103/1000, Train Loss: 0.5072, Validation Loss: 0.9125
Epoch 104/1000, Train Loss: 0.5177, Validation Loss: 0.9428
Epoch 105/1000, Train Loss: 0.5097, Validation Loss: 2.0161
Epoch 106/1000, Train Loss: 0.5202, Validation Loss: 1.0668
Epoch 107/1000, Train Loss: 0.5195, Validation Loss: 0.7756
Epoch 108/1000, Train Loss: 0.5266, Validation Loss: 2.4258
Epoch 109/1000, Train Loss: 0.5023, Validation Loss: 0.7046
Epoch 110/1000, Train Loss: 0.5009, Validation Loss: 0.7623
Epoch 111/1000, Train Loss: 0.5104, Validation Loss: 0.5972
Epoch 112/1000, Train Loss: 0.4961, Validation Loss: 2.5577
Epoch 113/1000, Train Loss: 0.4983, Validation Loss: 1.6793
Epoch 114/1000, Train Loss: 0.4983, Validation Loss: 0.9919
Epoch 115/1000, Train Loss: 0.5093, Validation Loss: 1.9187
Epoch 116/1000, Train Loss: 0.4967, Validation Loss: 0.8492
Epoch 117/1000, Train Loss: 0.4935, Validation Loss: 0.6213
Epoch 118/1000, Train Loss: 0.4955, Validation Loss: 0.9086
Epoch 119/1000, Train Loss: 0.4884, Validation Loss: 1.2507
Epoch 120/1000, Train Loss: 0.4995, Validation Loss: 0.8826
Epoch 121/1000, Train Loss: 0.4902, Validation Loss: 1.1231
Epoch 122/1000, Train Loss: 0.4945, Validation Loss: 0.8822
Epoch 123/1000, Train Loss: 0.4880, Validation Loss: 0.7623
Epoch 124/1000, Train Loss: 0.4891, Validation Loss: 0.6675
Epoch 125/1000, Train Loss: 0.4914, Validation Loss: 1.0484
Epoch 126/1000, Train Loss: 0.4812, Validation Loss: 0.7912
Epoch 127/1000, Train Loss: 0.4833, Validation Loss: 0.8073
Epoch 128/1000, Train Loss: 0.4776, Validation Loss: 0.7853
Epoch 129/1000, Train Loss: 0.4872, Validation Loss: 0.7993
Epoch 130/1000, Train Loss: 0.4761, Validation Loss: 0.7875
Epoch 131/1000, Train Loss: 0.4755, Validation Loss: 0.8469
Epoch 132/1000, Train Loss: 0.4854, Validation Loss: 0.9017
Epoch 133/1000, Train Loss: 0.4785, Validation Loss: 2.7349
Epoch 134/1000, Train Loss: 0.4850, Validation Loss: 0.6425
Epoch 135/1000, Train Loss: 0.4777, Validation Loss: 0.7550
Epoch 136/1000, Train Loss: 0.4717, Validation Loss: 0.5921
Epoch 137/1000, Train Loss: 0.4687, Validation Loss: 0.6017
Epoch 138/1000, Train Loss: 0.4700, Validation Loss: 0.8647
Epoch 139/1000, Train Loss: 0.4722, Validation Loss: 0.6228
Epoch 140/1000, Train Loss: 0.4709, Validation Loss: 3.1437
Epoch 141/1000, Train Loss: 0.4874, Validation Loss: 1.5101
Epoch 142/1000, Train Loss: 0.4708, Validation Loss: 0.9037
Epoch 143/1000, Train Loss: 0.4645, Validation Loss: 0.9489
Epoch 144/1000, Train Loss: 0.4689, Validation Loss: 0.8404
Epoch 145/1000, Train Loss: 0.4730, Validation Loss: 0.5547
Epoch 146/1000, Train Loss: 0.4659, Validation Loss: 0.5579
Epoch 147/1000, Train Loss: 0.4648, Validation Loss: 0.7297
Epoch 148/1000, Train Loss: 0.4585, Validation Loss: 1.3862
Epoch 149/1000, Train Loss: 0.4584, Validation Loss: 0.8443
Epoch 150/1000, Train Loss: 0.4656, Validation Loss: 1.8516
Epoch 151/1000, Train Loss: 0.4592, Validation Loss: 1.5379
Epoch 152/1000, Train Loss: 0.4609, Validation Loss: 0.5683
Epoch 153/1000, Train Loss: 0.4481, Validation Loss: 0.5126
Epoch 154/1000, Train Loss: 0.4526, Validation Loss: 0.5374
Epoch 155/1000, Train Loss: 0.4558, Validation Loss: 0.5607
Epoch 156/1000, Train Loss: 0.4467, Validation Loss: 0.6497
Epoch 157/1000, Train Loss: 0.4505, Validation Loss: 0.5689
Epoch 158/1000, Train Loss: 0.4498, Validation Loss: 0.5750
Epoch 159/1000, Train Loss: 0.4641, Validation Loss: 0.4341
Epoch 160/1000, Train Loss: 0.4463, Validation Loss: 1.8549
Epoch 161/1000, Train Loss: 0.4515, Validation Loss: 0.9286
Epoch 162/1000, Train Loss: 0.4466, Validation Loss: 1.4109
Epoch 163/1000, Train Loss: 0.4521, Validation Loss: 0.8179
Epoch 164/1000, Train Loss: 0.4473, Validation Loss: 0.7953
Epoch 165/1000, Train Loss: 0.4712, Validation Loss: 0.4657
Epoch 166/1000, Train Loss: 0.4417, Validation Loss: 1.3932
Epoch 167/1000, Train Loss: 0.4425, Validation Loss: 2.7009
Epoch 168/1000, Train Loss: 0.4388, Validation Loss: 0.4878
Epoch 169/1000, Train Loss: 0.4488, Validation Loss: 1.1316
Epoch 170/1000, Train Loss: 0.4389, Validation Loss: 1.0623
Epoch 171/1000, Train Loss: 0.4363, Validation Loss: 0.8559
Epoch 172/1000, Train Loss: 0.4377, Validation Loss: 0.6401
Epoch 173/1000, Train Loss: 0.4354, Validation Loss: 1.1595
Epoch 174/1000, Train Loss: 0.4403, Validation Loss: 2.1330
Epoch 175/1000, Train Loss: 0.4403, Validation Loss: 1.1822
Epoch 176/1000, Train Loss: 0.4383, Validation Loss: 0.8754
Epoch 177/1000, Train Loss: 0.4355, Validation Loss: 0.5087
Epoch 178/1000, Train Loss: 0.4398, Validation Loss: 1.0583
Epoch 179/1000, Train Loss: 0.4373, Validation Loss: 0.7108
Epoch 180/1000, Train Loss: 0.4390, Validation Loss: 2.8889
Epoch 181/1000, Train Loss: 0.4390, Validation Loss: 0.4911
Epoch 182/1000, Train Loss: 0.4381, Validation Loss: 2.9726
Epoch 183/1000, Train Loss: 0.4471, Validation Loss: 1.3857
Epoch 184/1000, Train Loss: 0.4338, Validation Loss: 0.8522
Epoch 185/1000, Train Loss: 0.4364, Validation Loss: 0.5033
Epoch 186/1000, Train Loss: 0.4265, Validation Loss: 0.6388
Epoch 187/1000, Train Loss: 0.4273, Validation Loss: 0.4912
Epoch 188/1000, Train Loss: 0.4254, Validation Loss: 0.3831
Epoch 189/1000, Train Loss: 0.4337, Validation Loss: 0.5289
Epoch 190/1000, Train Loss: 0.4335, Validation Loss: 2.9041
Epoch 191/1000, Train Loss: 0.4241, Validation Loss: 1.2151
Epoch 192/1000, Train Loss: 0.4306, Validation Loss: 0.8184
Epoch 193/1000, Train Loss: 0.4242, Validation Loss: 0.5692
Epoch 194/1000, Train Loss: 0.4316, Validation Loss: 2.9136
Epoch 195/1000, Train Loss: 0.4278, Validation Loss: 0.4630
Epoch 196/1000, Train Loss: 0.4238, Validation Loss: 0.7815
Epoch 197/1000, Train Loss: 0.4220, Validation Loss: 3.6278
Epoch 198/1000, Train Loss: 0.4220, Validation Loss: 0.6867
Epoch 199/1000, Train Loss: 0.4217, Validation Loss: 0.8645
Epoch 200/1000, Train Loss: 0.4317, Validation Loss: 2.0324
Epoch 201/1000, Train Loss: 0.4223, Validation Loss: 0.8493
Epoch 202/1000, Train Loss: 0.4196, Validation Loss: 0.8548
Epoch 203/1000, Train Loss: 0.4192, Validation Loss: 2.8933
Epoch 204/1000, Train Loss: 0.4173, Validation Loss: 0.4184
Epoch 205/1000, Train Loss: 0.4168, Validation Loss: 0.7301
Epoch 206/1000, Train Loss: 0.4154, Validation Loss: 1.2104
Epoch 207/1000, Train Loss: 0.4169, Validation Loss: 3.1069
Epoch 208/1000, Train Loss: 0.4141, Validation Loss: 0.4115
Epoch 209/1000, Train Loss: 0.4151, Validation Loss: 3.4578
Epoch 210/1000, Train Loss: 0.4084, Validation Loss: 0.4314
Epoch 211/1000, Train Loss: 0.4120, Validation Loss: 0.5471
Epoch 212/1000, Train Loss: 0.4157, Validation Loss: 1.9892
Epoch 213/1000, Train Loss: 0.4141, Validation Loss: 0.7138
Epoch 214/1000, Train Loss: 0.4124, Validation Loss: 0.6477
Epoch 215/1000, Train Loss: 0.4113, Validation Loss: 0.4786
Epoch 216/1000, Train Loss: 0.4058, Validation Loss: 1.2344
Epoch 217/1000, Train Loss: 0.4073, Validation Loss: 0.8089
Epoch 218/1000, Train Loss: 0.4078, Validation Loss: 0.7780
Epoch 219/1000, Train Loss: 0.4061, Validation Loss: 0.6037
Epoch 220/1000, Train Loss: 0.4056, Validation Loss: 2.8631
Epoch 221/1000, Train Loss: 0.4106, Validation Loss: 0.8989
Epoch 222/1000, Train Loss: 0.4087, Validation Loss: 0.6527
Epoch 223/1000, Train Loss: 0.4084, Validation Loss: 0.8118
Epoch 224/1000, Train Loss: 0.4052, Validation Loss: 0.4463
Epoch 225/1000, Train Loss: 0.4061, Validation Loss: 0.5164
Epoch 226/1000, Train Loss: 0.4039, Validation Loss: 0.9628
Epoch 227/1000, Train Loss: 0.4007, Validation Loss: 0.8901
Epoch 228/1000, Train Loss: 0.4078, Validation Loss: 1.0642
Epoch 229/1000, Train Loss: 0.4035, Validation Loss: 1.4066
Epoch 230/1000, Train Loss: 0.4015, Validation Loss: 0.7269
Epoch 231/1000, Train Loss: 0.4037, Validation Loss: 1.4469
Epoch 232/1000, Train Loss: 0.4001, Validation Loss: 0.8505
Epoch 233/1000, Train Loss: 0.4046, Validation Loss: 0.9633
Epoch 234/1000, Train Loss: 0.3992, Validation Loss: 1.2928
Epoch 235/1000, Train Loss: 0.3950, Validation Loss: 0.5750
Epoch 236/1000, Train Loss: 0.3928, Validation Loss: 0.4622
Epoch 237/1000, Train Loss: 0.4002, Validation Loss: 1.2661
Epoch 238/1000, Train Loss: 0.3973, Validation Loss: 1.5937
Epoch 239/1000, Train Loss: 0.3990, Validation Loss: 0.5093
Epoch 240/1000, Train Loss: 0.3931, Validation Loss: 1.0348
Epoch 241/1000, Train Loss: 0.3946, Validation Loss: 0.9857
Epoch 242/1000, Train Loss: 0.3873, Validation Loss: 0.5778
Epoch 243/1000, Train Loss: 0.3909, Validation Loss: 1.1722
Epoch 244/1000, Train Loss: 0.3919, Validation Loss: 0.6935
Epoch 245/1000, Train Loss: 0.3972, Validation Loss: 0.5550
Epoch 246/1000, Train Loss: 0.3944, Validation Loss: 2.3319
Epoch 247/1000, Train Loss: 0.3926, Validation Loss: 0.9865
Epoch 248/1000, Train Loss: 0.3879, Validation Loss: 0.7964
Epoch 249/1000, Train Loss: 0.3884, Validation Loss: 0.8006
Epoch 250/1000, Train Loss: 0.3925, Validation Loss: 1.6493
Epoch 251/1000, Train Loss: 0.3891, Validation Loss: 0.5050
Epoch 252/1000, Train Loss: 0.3930, Validation Loss: 0.4061
Epoch 253/1000, Train Loss: 0.3946, Validation Loss: 0.6387
Epoch 254/1000, Train Loss: 0.3885, Validation Loss: 2.0538
Epoch 255/1000, Train Loss: 0.3883, Validation Loss: 0.3911
Epoch 256/1000, Train Loss: 0.3886, Validation Loss: 0.9947
Epoch 257/1000, Train Loss: 0.3930, Validation Loss: 0.6904
Epoch 258/1000, Train Loss: 0.3835, Validation Loss: 0.4798
Epoch 259/1000, Train Loss: 0.3843, Validation Loss: 0.3936
Epoch 260/1000, Train Loss: 0.3817, Validation Loss: 0.9349
Epoch 261/1000, Train Loss: 0.3882, Validation Loss: 0.8698
Epoch 262/1000, Train Loss: 0.3837, Validation Loss: 0.7195
Epoch 263/1000, Train Loss: 0.3863, Validation Loss: 0.7114
Epoch 264/1000, Train Loss: 0.3860, Validation Loss: 0.9986
Epoch 265/1000, Train Loss: 0.3819, Validation Loss: 0.8386
Epoch 266/1000, Train Loss: 0.3819, Validation Loss: 0.7016
Epoch 267/1000, Train Loss: 0.3795, Validation Loss: 0.8979
Epoch 268/1000, Train Loss: 0.3838, Validation Loss: 0.8884
Epoch 269/1000, Train Loss: 0.3795, Validation Loss: 0.5889
Epoch 270/1000, Train Loss: 0.3827, Validation Loss: 1.2769
Epoch 271/1000, Train Loss: 0.3807, Validation Loss: 2.8195
Epoch 272/1000, Train Loss: 0.3841, Validation Loss: 1.8884
Epoch 273/1000, Train Loss: 0.3810, Validation Loss: 1.7587
Epoch 274/1000, Train Loss: 0.3800, Validation Loss: 1.5374
Epoch 275/1000, Train Loss: 0.3813, Validation Loss: 1.5757
Epoch 276/1000, Train Loss: 0.3835, Validation Loss: 2.5565
Epoch 277/1000, Train Loss: 0.3767, Validation Loss: 0.5037
Epoch 278/1000, Train Loss: 0.3787, Validation Loss: 0.7956
Epoch 279/1000, Train Loss: 0.3881, Validation Loss: 0.6326
Epoch 280/1000, Train Loss: 0.3756, Validation Loss: 2.9583
Epoch 281/1000, Train Loss: 0.3786, Validation Loss: 1.0801
Epoch 282/1000, Train Loss: 0.3774, Validation Loss: 0.3493
Epoch 283/1000, Train Loss: 0.3748, Validation Loss: 0.5984
Epoch 284/1000, Train Loss: 0.3735, Validation Loss: 0.5479
Epoch 285/1000, Train Loss: 0.3814, Validation Loss: 0.4246
Epoch 286/1000, Train Loss: 0.3748, Validation Loss: 1.5604
Epoch 287/1000, Train Loss: 0.3789, Validation Loss: 0.7913
Epoch 288/1000, Train Loss: 0.3811, Validation Loss: 0.7586
Epoch 289/1000, Train Loss: 0.3788, Validation Loss: 0.6423
Epoch 290/1000, Train Loss: 0.3718, Validation Loss: 1.0915
Epoch 291/1000, Train Loss: 0.3733, Validation Loss: 2.3877
Epoch 292/1000, Train Loss: 0.3781, Validation Loss: 0.5465
Epoch 293/1000, Train Loss: 0.3728, Validation Loss: 0.5556
Epoch 294/1000, Train Loss: 0.3725, Validation Loss: 0.5914
Epoch 295/1000, Train Loss: 0.3709, Validation Loss: 0.5975
Epoch 296/1000, Train Loss: 0.3744, Validation Loss: 0.7797
Epoch 297/1000, Train Loss: 0.3736, Validation Loss: 0.9185
Epoch 298/1000, Train Loss: 0.3696, Validation Loss: 0.5140
Epoch 299/1000, Train Loss: 0.3706, Validation Loss: 0.8342
Epoch 300/1000, Train Loss: 0.3724, Validation Loss: 3.6027
Epoch 301/1000, Train Loss: 0.3724, Validation Loss: 1.6496
Epoch 302/1000, Train Loss: 0.3719, Validation Loss: 0.7643
Epoch 303/1000, Train Loss: 0.3703, Validation Loss: 0.7530
Epoch 304/1000, Train Loss: 0.3658, Validation Loss: 0.3888
Epoch 305/1000, Train Loss: 0.3749, Validation Loss: 1.3609
Epoch 306/1000, Train Loss: 0.3726, Validation Loss: 0.6383
Epoch 307/1000, Train Loss: 0.3638, Validation Loss: 0.4127
Epoch 308/1000, Train Loss: 0.3712, Validation Loss: 1.3881
Epoch 309/1000, Train Loss: 0.3725, Validation Loss: 0.4294
Epoch 310/1000, Train Loss: 0.3673, Validation Loss: 0.4598
Epoch 311/1000, Train Loss: 0.3692, Validation Loss: 1.1266
Epoch 312/1000, Train Loss: 0.3707, Validation Loss: 2.7377
Epoch 313/1000, Train Loss: 0.3712, Validation Loss: 0.9724
Epoch 314/1000, Train Loss: 0.3651, Validation Loss: 1.0176
Epoch 315/1000, Train Loss: 0.3663, Validation Loss: 0.5372
Epoch 316/1000, Train Loss: 0.3651, Validation Loss: 1.5927
Epoch 317/1000, Train Loss: 0.3631, Validation Loss: 1.0446
Epoch 318/1000, Train Loss: 0.3608, Validation Loss: 1.2072
Epoch 319/1000, Train Loss: 0.3661, Validation Loss: 0.7572
Epoch 320/1000, Train Loss: 0.3630, Validation Loss: 0.4481
Epoch 321/1000, Train Loss: 0.3619, Validation Loss: 1.0229
Epoch 322/1000, Train Loss: 0.3638, Validation Loss: 1.0111
Epoch 323/1000, Train Loss: 0.3607, Validation Loss: 1.3582
Epoch 324/1000, Train Loss: 0.3652, Validation Loss: 0.5026
Epoch 325/1000, Train Loss: 0.3648, Validation Loss: 0.4080
Epoch 326/1000, Train Loss: 0.3629, Validation Loss: 1.0805
Epoch 327/1000, Train Loss: 0.3591, Validation Loss: 0.4151
Epoch 328/1000, Train Loss: 0.3588, Validation Loss: 2.0755
Epoch 329/1000, Train Loss: 0.3613, Validation Loss: 0.5584
Epoch 330/1000, Train Loss: 0.3641, Validation Loss: 2.1881
Epoch 331/1000, Train Loss: 0.3610, Validation Loss: 0.7156
Epoch 332/1000, Train Loss: 0.3600, Validation Loss: 1.2532
Epoch 333/1000, Train Loss: 0.3626, Validation Loss: 1.3383
Epoch 334/1000, Train Loss: 0.3641, Validation Loss: 1.3444
Epoch 335/1000, Train Loss: 0.3624, Validation Loss: 0.4225
Epoch 336/1000, Train Loss: 0.3564, Validation Loss: 0.4777
Epoch 337/1000, Train Loss: 0.3565, Validation Loss: 0.6331
Epoch 338/1000, Train Loss: 0.3585, Validation Loss: 0.6408
Epoch 339/1000, Train Loss: 0.3592, Validation Loss: 0.6285
Epoch 340/1000, Train Loss: 0.3582, Validation Loss: 1.2520
Epoch 341/1000, Train Loss: 0.3552, Validation Loss: 0.8484
Epoch 342/1000, Train Loss: 0.3586, Validation Loss: 0.4236
Epoch 343/1000, Train Loss: 0.3626, Validation Loss: 1.0557
Epoch 344/1000, Train Loss: 0.3572, Validation Loss: 0.5840
Epoch 345/1000, Train Loss: 0.3606, Validation Loss: 0.4744
Epoch 346/1000, Train Loss: 0.3551, Validation Loss: 0.5212
Epoch 347/1000, Train Loss: 0.3562, Validation Loss: 1.5291
Epoch 348/1000, Train Loss: 0.3541, Validation Loss: 0.4017
Epoch 349/1000, Train Loss: 0.3570, Validation Loss: 0.5369
Epoch 350/1000, Train Loss: 0.3508, Validation Loss: 0.6352
Epoch 351/1000, Train Loss: 0.3515, Validation Loss: 1.1483
Epoch 352/1000, Train Loss: 0.3510, Validation Loss: 0.5723
Epoch 353/1000, Train Loss: 0.3587, Validation Loss: 0.4935
Epoch 354/1000, Train Loss: 0.3522, Validation Loss: 0.8868
Epoch 355/1000, Train Loss: 0.3571, Validation Loss: 0.5327
Epoch 356/1000, Train Loss: 0.3535, Validation Loss: 0.7470
Epoch 357/1000, Train Loss: 0.3548, Validation Loss: 0.6972
Epoch 358/1000, Train Loss: 0.3527, Validation Loss: 0.7616
Epoch 359/1000, Train Loss: 0.3561, Validation Loss: 0.7045
Epoch 360/1000, Train Loss: 0.3592, Validation Loss: 0.6638
Epoch 361/1000, Train Loss: 0.3549, Validation Loss: 0.7916
Epoch 362/1000, Train Loss: 0.3536, Validation Loss: 1.0050
Epoch 363/1000, Train Loss: 0.3505, Validation Loss: 1.9646
Epoch 364/1000, Train Loss: 0.3510, Validation Loss: 0.6750
Epoch 365/1000, Train Loss: 0.3515, Validation Loss: 0.9172
Epoch 366/1000, Train Loss: 0.3534, Validation Loss: 0.6522
Epoch 367/1000, Train Loss: 0.3537, Validation Loss: 0.9163
Epoch 368/1000, Train Loss: 0.3511, Validation Loss: 0.7305
Epoch 369/1000, Train Loss: 0.3564, Validation Loss: 1.4855
Epoch 370/1000, Train Loss: 0.3489, Validation Loss: 0.5496
Epoch 371/1000, Train Loss: 0.3526, Validation Loss: 1.8358
Epoch 372/1000, Train Loss: 0.3497, Validation Loss: 1.6721
Epoch 373/1000, Train Loss: 0.3487, Validation Loss: 1.0406
Epoch 374/1000, Train Loss: 0.3470, Validation Loss: 2.2617
Epoch 375/1000, Train Loss: 0.3510, Validation Loss: 0.5868
Epoch 376/1000, Train Loss: 0.3465, Validation Loss: 0.5389
Epoch 377/1000, Train Loss: 0.3463, Validation Loss: 1.6097
Epoch 378/1000, Train Loss: 0.3508, Validation Loss: 0.6622
Epoch 379/1000, Train Loss: 0.3500, Validation Loss: 0.6817
Epoch 380/1000, Train Loss: 0.3461, Validation Loss: 0.6559
Epoch 381/1000, Train Loss: 0.3436, Validation Loss: 1.2407
Epoch 382/1000, Train Loss: 0.3505, Validation Loss: 0.8453
Epoch 383/1000, Train Loss: 0.3476, Validation Loss: 2.3482
Epoch 384/1000, Train Loss: 0.3468, Validation Loss: 0.5859
Epoch 385/1000, Train Loss: 0.3449, Validation Loss: 0.3457
Epoch 386/1000, Train Loss: 0.3485, Validation Loss: 1.5845
Epoch 387/1000, Train Loss: 0.3508, Validation Loss: 0.8797
Epoch 388/1000, Train Loss: 0.3482, Validation Loss: 0.4227
Epoch 389/1000, Train Loss: 0.3433, Validation Loss: 1.1242
Epoch 390/1000, Train Loss: 0.3439, Validation Loss: 2.0300
Epoch 391/1000, Train Loss: 0.3470, Validation Loss: 0.3715
Epoch 392/1000, Train Loss: 0.3433, Validation Loss: 0.4914
Epoch 393/1000, Train Loss: 0.3426, Validation Loss: 1.8939
Epoch 394/1000, Train Loss: 0.3450, Validation Loss: 2.1697
Epoch 395/1000, Train Loss: 0.3454, Validation Loss: 1.2887
Epoch 396/1000, Train Loss: 0.3446, Validation Loss: 0.4246
Epoch 397/1000, Train Loss: 0.3453, Validation Loss: 0.9707
Epoch 398/1000, Train Loss: 0.3424, Validation Loss: 1.9865
Epoch 399/1000, Train Loss: 0.3447, Validation Loss: 0.5026
Epoch 400/1000, Train Loss: 0.3431, Validation Loss: 1.1569
Epoch 401/1000, Train Loss: 0.3446, Validation Loss: 0.3651
Epoch 402/1000, Train Loss: 0.3454, Validation Loss: 0.4318
Epoch 403/1000, Train Loss: 0.3405, Validation Loss: 0.3607
Epoch 404/1000, Train Loss: 0.3410, Validation Loss: 0.8600
Epoch 405/1000, Train Loss: 0.3430, Validation Loss: 0.7978
Epoch 406/1000, Train Loss: 0.3399, Validation Loss: 1.3815
Epoch 407/1000, Train Loss: 0.3448, Validation Loss: 1.1079
Epoch 408/1000, Train Loss: 0.3409, Validation Loss: 0.8596
Epoch 409/1000, Train Loss: 0.3393, Validation Loss: 0.8110
Epoch 410/1000, Train Loss: 0.3386, Validation Loss: 0.3268
Epoch 411/1000, Train Loss: 0.3406, Validation Loss: 1.1135
Epoch 412/1000, Train Loss: 0.3415, Validation Loss: 0.3430
Epoch 413/1000, Train Loss: 0.3380, Validation Loss: 0.3896
Epoch 414/1000, Train Loss: 0.3381, Validation Loss: 0.4982
Epoch 415/1000, Train Loss: 0.3385, Validation Loss: 0.4823
Epoch 416/1000, Train Loss: 0.3429, Validation Loss: 0.6703
Epoch 417/1000, Train Loss: 0.3398, Validation Loss: 0.5875
Epoch 418/1000, Train Loss: 0.3405, Validation Loss: 0.3838
Epoch 419/1000, Train Loss: 0.3367, Validation Loss: 0.6069
Epoch 420/1000, Train Loss: 0.3400, Validation Loss: 1.6521
Epoch 421/1000, Train Loss: 0.3383, Validation Loss: 1.3034
Epoch 422/1000, Train Loss: 0.3352, Validation Loss: 1.2240
Epoch 423/1000, Train Loss: 0.3376, Validation Loss: 2.3110
Epoch 424/1000, Train Loss: 0.3359, Validation Loss: 0.5549
Epoch 425/1000, Train Loss: 0.3364, Validation Loss: 0.6016
Epoch 426/1000, Train Loss: 0.3394, Validation Loss: 0.5208
Epoch 427/1000, Train Loss: 0.3362, Validation Loss: 0.9686
Epoch 428/1000, Train Loss: 0.3365, Validation Loss: 0.6869
Epoch 429/1000, Train Loss: 0.3383, Validation Loss: 0.3568
Epoch 430/1000, Train Loss: 0.3385, Validation Loss: 0.4730
Epoch 431/1000, Train Loss: 0.3356, Validation Loss: 0.7284
Epoch 432/1000, Train Loss: 0.3363, Validation Loss: 2.8130
Epoch 433/1000, Train Loss: 0.3363, Validation Loss: 0.4706
Epoch 434/1000, Train Loss: 0.3355, Validation Loss: 0.9206
Epoch 435/1000, Train Loss: 0.3323, Validation Loss: 0.3562
Epoch 436/1000, Train Loss: 0.3389, Validation Loss: 1.8416
Epoch 437/1000, Train Loss: 0.3354, Validation Loss: 0.7429
Epoch 438/1000, Train Loss: 0.3349, Validation Loss: 0.4158
Epoch 439/1000, Train Loss: 0.3333, Validation Loss: 1.5120
Epoch 440/1000, Train Loss: 0.3349, Validation Loss: 2.3360
Epoch 441/1000, Train Loss: 0.3393, Validation Loss: 0.9135
Epoch 442/1000, Train Loss: 0.3341, Validation Loss: 0.8024
Epoch 443/1000, Train Loss: 0.3365, Validation Loss: 0.5101
Epoch 444/1000, Train Loss: 0.3348, Validation Loss: 0.3743
Epoch 445/1000, Train Loss: 0.3353, Validation Loss: 1.8165
Epoch 446/1000, Train Loss: 0.3327, Validation Loss: 1.2200
Epoch 447/1000, Train Loss: 0.3327, Validation Loss: 0.6553
Epoch 448/1000, Train Loss: 0.3299, Validation Loss: 0.6897
Epoch 449/1000, Train Loss: 0.3346, Validation Loss: 0.7870
Epoch 450/1000, Train Loss: 0.3380, Validation Loss: 0.3447
Epoch 451/1000, Train Loss: 0.3316, Validation Loss: 0.4135
Epoch 452/1000, Train Loss: 0.3359, Validation Loss: 2.1460
Epoch 453/1000, Train Loss: 0.3333, Validation Loss: 0.7144
Epoch 454/1000, Train Loss: 0.3319, Validation Loss: 0.5409
Epoch 455/1000, Train Loss: 0.3300, Validation Loss: 0.6729
Epoch 456/1000, Train Loss: 0.3321, Validation Loss: 1.2255
Epoch 457/1000, Train Loss: 0.3348, Validation Loss: 0.8749
Epoch 458/1000, Train Loss: 0.3336, Validation Loss: 1.2901
Epoch 459/1000, Train Loss: 0.3347, Validation Loss: 0.7077
Epoch 460/1000, Train Loss: 0.3355, Validation Loss: 0.4465
Epoch 461/1000, Train Loss: 0.3329, Validation Loss: 0.4262
Epoch 462/1000, Train Loss: 0.3353, Validation Loss: 0.7793
Epoch 463/1000, Train Loss: 0.3307, Validation Loss: 0.9170
Epoch 464/1000, Train Loss: 0.3346, Validation Loss: 0.4317
Epoch 465/1000, Train Loss: 0.3291, Validation Loss: 0.6334
Epoch 466/1000, Train Loss: 0.3268, Validation Loss: 0.4031
Epoch 467/1000, Train Loss: 0.3288, Validation Loss: 0.6723
Epoch 468/1000, Train Loss: 0.3244, Validation Loss: 0.7874
Epoch 469/1000, Train Loss: 0.3354, Validation Loss: 0.6189
Epoch 470/1000, Train Loss: 0.3316, Validation Loss: 0.5141
Epoch 471/1000, Train Loss: 0.3282, Validation Loss: 0.6989
Epoch 472/1000, Train Loss: 0.3278, Validation Loss: 0.3482
Epoch 473/1000, Train Loss: 0.3346, Validation Loss: 0.6184
Epoch 474/1000, Train Loss: 0.3287, Validation Loss: 1.6105
Epoch 475/1000, Train Loss: 0.3247, Validation Loss: 0.8888
Epoch 476/1000, Train Loss: 0.3341, Validation Loss: 0.9514
Epoch 477/1000, Train Loss: 0.3319, Validation Loss: 2.3239
Epoch 478/1000, Train Loss: 0.3356, Validation Loss: 1.4403
Epoch 479/1000, Train Loss: 0.3319, Validation Loss: 0.9932
Epoch 480/1000, Train Loss: 0.3316, Validation Loss: 0.5925
Epoch 481/1000, Train Loss: 0.3304, Validation Loss: 0.4818
Epoch 482/1000, Train Loss: 0.3260, Validation Loss: 0.6384
Epoch 483/1000, Train Loss: 0.3283, Validation Loss: 0.5529
Epoch 484/1000, Train Loss: 0.3321, Validation Loss: 0.4808
Epoch 485/1000, Train Loss: 0.3280, Validation Loss: 1.4225
Epoch 486/1000, Train Loss: 0.3268, Validation Loss: 0.3646
Epoch 487/1000, Train Loss: 0.3248, Validation Loss: 0.5823
Epoch 488/1000, Train Loss: 0.3300, Validation Loss: 1.6628
Epoch 489/1000, Train Loss: 0.3339, Validation Loss: 0.4545
Epoch 490/1000, Train Loss: 0.3293, Validation Loss: 0.6661
Epoch 491/1000, Train Loss: 0.3285, Validation Loss: 0.9936
Epoch 492/1000, Train Loss: 0.3280, Validation Loss: 0.3549
Epoch 493/1000, Train Loss: 0.3247, Validation Loss: 0.5735
Epoch 494/1000, Train Loss: 0.3250, Validation Loss: 0.5586
Epoch 495/1000, Train Loss: 0.3244, Validation Loss: 0.5736
Epoch 496/1000, Train Loss: 0.3260, Validation Loss: 0.7639
Epoch 497/1000, Train Loss: 0.3297, Validation Loss: 0.3850
Epoch 498/1000, Train Loss: 0.3298, Validation Loss: 0.3544
Epoch 499/1000, Train Loss: 0.3261, Validation Loss: 0.5351
Epoch 500/1000, Train Loss: 0.3273, Validation Loss: 0.7997
Epoch 501/1000, Train Loss: 0.3269, Validation Loss: 0.5520
Epoch 502/1000, Train Loss: 0.3275, Validation Loss: 1.0568
Epoch 503/1000, Train Loss: 0.3276, Validation Loss: 1.1188
Epoch 504/1000, Train Loss: 0.3226, Validation Loss: 0.9442
Epoch 505/1000, Train Loss: 0.3241, Validation Loss: 0.4605
Epoch 506/1000, Train Loss: 0.3297, Validation Loss: 0.3199
Epoch 507/1000, Train Loss: 0.3251, Validation Loss: 0.4926
Epoch 508/1000, Train Loss: 0.3248, Validation Loss: 0.9610
Epoch 509/1000, Train Loss: 0.3257, Validation Loss: 0.7227
Epoch 510/1000, Train Loss: 0.3214, Validation Loss: 3.2223
Epoch 511/1000, Train Loss: 0.3257, Validation Loss: 2.0316
Epoch 512/1000, Train Loss: 0.3283, Validation Loss: 0.5267
Epoch 513/1000, Train Loss: 0.3250, Validation Loss: 0.5083
Epoch 514/1000, Train Loss: 0.3228, Validation Loss: 0.5255
Epoch 515/1000, Train Loss: 0.3208, Validation Loss: 0.6402
Epoch 516/1000, Train Loss: 0.3235, Validation Loss: 0.8152
Epoch 517/1000, Train Loss: 0.3251, Validation Loss: 0.5793
Epoch 518/1000, Train Loss: 0.3239, Validation Loss: 0.6551
Epoch 519/1000, Train Loss: 0.3247, Validation Loss: 2.7421
Epoch 520/1000, Train Loss: 0.3245, Validation Loss: 0.7039
Epoch 521/1000, Train Loss: 0.3270, Validation Loss: 0.7386
Epoch 522/1000, Train Loss: 0.3221, Validation Loss: 0.4794
Epoch 523/1000, Train Loss: 0.3221, Validation Loss: 1.4116
Epoch 524/1000, Train Loss: 0.3266, Validation Loss: 0.5419
Epoch 525/1000, Train Loss: 0.3231, Validation Loss: 0.4297
Epoch 526/1000, Train Loss: 0.3201, Validation Loss: 0.6260
Epoch 527/1000, Train Loss: 0.3216, Validation Loss: 1.1715
Epoch 528/1000, Train Loss: 0.3259, Validation Loss: 0.5299
Epoch 529/1000, Train Loss: 0.3219, Validation Loss: 1.1343
Epoch 530/1000, Train Loss: 0.3231, Validation Loss: 0.6740
Epoch 531/1000, Train Loss: 0.3241, Validation Loss: 0.9691
Epoch 532/1000, Train Loss: 0.3233, Validation Loss: 0.5146
Epoch 533/1000, Train Loss: 0.3197, Validation Loss: 0.3101
Epoch 534/1000, Train Loss: 0.3227, Validation Loss: 0.3625
Epoch 535/1000, Train Loss: 0.3207, Validation Loss: 0.5670
Epoch 536/1000, Train Loss: 0.3237, Validation Loss: 0.7013
Epoch 537/1000, Train Loss: 0.3178, Validation Loss: 1.3302
Epoch 538/1000, Train Loss: 0.3225, Validation Loss: 0.5981
Epoch 539/1000, Train Loss: 0.3203, Validation Loss: 2.4623
Epoch 540/1000, Train Loss: 0.3231, Validation Loss: 0.7027
Epoch 541/1000, Train Loss: 0.3207, Validation Loss: 0.6353
Epoch 542/1000, Train Loss: 0.3207, Validation Loss: 0.5826
Epoch 543/1000, Train Loss: 0.3225, Validation Loss: 0.9279
Epoch 544/1000, Train Loss: 0.3193, Validation Loss: 1.2232
Epoch 545/1000, Train Loss: 0.3204, Validation Loss: 0.4015
Epoch 546/1000, Train Loss: 0.3219, Validation Loss: 0.5154
Epoch 547/1000, Train Loss: 0.3210, Validation Loss: 0.3869
Epoch 548/1000, Train Loss: 0.3222, Validation Loss: 0.4866
Epoch 549/1000, Train Loss: 0.3198, Validation Loss: 0.5983
Epoch 550/1000, Train Loss: 0.3228, Validation Loss: 0.6931
Epoch 551/1000, Train Loss: 0.3217, Validation Loss: 0.3688
Epoch 552/1000, Train Loss: 0.3207, Validation Loss: 1.9819
Epoch 553/1000, Train Loss: 0.3181, Validation Loss: 0.3534
Epoch 554/1000, Train Loss: 0.3171, Validation Loss: 0.8590
Epoch 555/1000, Train Loss: 0.3252, Validation Loss: 0.6401
Epoch 556/1000, Train Loss: 0.3179, Validation Loss: 0.7742
Epoch 557/1000, Train Loss: 0.3217, Validation Loss: 0.8809
Epoch 558/1000, Train Loss: 0.3198, Validation Loss: 0.9726
Epoch 559/1000, Train Loss: 0.3201, Validation Loss: 0.7652
Epoch 560/1000, Train Loss: 0.3201, Validation Loss: 0.6788
Epoch 561/1000, Train Loss: 0.3224, Validation Loss: 0.5172
Epoch 562/1000, Train Loss: 0.3148, Validation Loss: 0.8744
Epoch 563/1000, Train Loss: 0.3172, Validation Loss: 0.3376
Epoch 564/1000, Train Loss: 0.3265, Validation Loss: 1.0121
Epoch 565/1000, Train Loss: 0.3214, Validation Loss: 0.4283
Epoch 566/1000, Train Loss: 0.3159, Validation Loss: 0.6114
Epoch 567/1000, Train Loss: 0.3195, Validation Loss: 1.5378
Epoch 568/1000, Train Loss: 0.3196, Validation Loss: 0.4280
Epoch 569/1000, Train Loss: 0.3220, Validation Loss: 0.6260
Epoch 570/1000, Train Loss: 0.3165, Validation Loss: 0.5179
Epoch 571/1000, Train Loss: 0.3184, Validation Loss: 1.3740
Epoch 572/1000, Train Loss: 0.3179, Validation Loss: 0.2995
Epoch 573/1000, Train Loss: 0.3215, Validation Loss: 0.9360
Epoch 574/1000, Train Loss: 0.3212, Validation Loss: 0.7956
Epoch 575/1000, Train Loss: 0.3213, Validation Loss: 0.2981
Epoch 576/1000, Train Loss: 0.3201, Validation Loss: 0.9352
Epoch 577/1000, Train Loss: 0.3179, Validation Loss: 1.5126
Epoch 578/1000, Train Loss: 0.3163, Validation Loss: 0.3790
Epoch 579/1000, Train Loss: 0.3182, Validation Loss: 0.7920
Epoch 580/1000, Train Loss: 0.3184, Validation Loss: 1.1334
Epoch 581/1000, Train Loss: 0.3164, Validation Loss: 0.5133
Epoch 582/1000, Train Loss: 0.3181, Validation Loss: 1.9177
Epoch 583/1000, Train Loss: 0.3172, Validation Loss: 0.4707
Epoch 584/1000, Train Loss: 0.3161, Validation Loss: 0.4601
Epoch 585/1000, Train Loss: 0.3152, Validation Loss: 1.0498
Epoch 586/1000, Train Loss: 0.3187, Validation Loss: 1.1834
Epoch 587/1000, Train Loss: 0.3185, Validation Loss: 0.3856
Epoch 588/1000, Train Loss: 0.3173, Validation Loss: 0.5072
Epoch 589/1000, Train Loss: 0.3153, Validation Loss: 1.5970
Epoch 590/1000, Train Loss: 0.3196, Validation Loss: 0.6682
Epoch 591/1000, Train Loss: 0.3124, Validation Loss: 1.0822
Epoch 592/1000, Train Loss: 0.3196, Validation Loss: 2.4557
Epoch 593/1000, Train Loss: 0.3170, Validation Loss: 0.8563
Epoch 594/1000, Train Loss: 0.3140, Validation Loss: 0.8784
Epoch 595/1000, Train Loss: 0.3179, Validation Loss: 0.3720
Epoch 596/1000, Train Loss: 0.3190, Validation Loss: 0.5762
Epoch 597/1000, Train Loss: 0.3152, Validation Loss: 0.4230
Epoch 598/1000, Train Loss: 0.3159, Validation Loss: 0.6536
Epoch 599/1000, Train Loss: 0.3160, Validation Loss: 0.3026
Epoch 600/1000, Train Loss: 0.3173, Validation Loss: 0.6613
Epoch 601/1000, Train Loss: 0.3200, Validation Loss: 1.5955
Epoch 602/1000, Train Loss: 0.3172, Validation Loss: 0.3987
Epoch 603/1000, Train Loss: 0.3173, Validation Loss: 0.3433
Epoch 604/1000, Train Loss: 0.3153, Validation Loss: 0.6324
Epoch 605/1000, Train Loss: 0.3164, Validation Loss: 0.8906
Epoch 606/1000, Train Loss: 0.3118, Validation Loss: 0.4016
Epoch 607/1000, Train Loss: 0.3166, Validation Loss: 0.8598
Epoch 608/1000, Train Loss: 0.3139, Validation Loss: 1.3437
Epoch 609/1000, Train Loss: 0.3147, Validation Loss: 0.3234
Epoch 610/1000, Train Loss: 0.3140, Validation Loss: 0.4918
Epoch 611/1000, Train Loss: 0.3130, Validation Loss: 0.4462
Epoch 612/1000, Train Loss: 0.3141, Validation Loss: 1.6649
Epoch 613/1000, Train Loss: 0.3149, Validation Loss: 0.4436
Epoch 614/1000, Train Loss: 0.3145, Validation Loss: 1.0043
Epoch 615/1000, Train Loss: 0.3110, Validation Loss: 0.3546
Epoch 616/1000, Train Loss: 0.3168, Validation Loss: 0.6055
Epoch 617/1000, Train Loss: 0.3130, Validation Loss: 0.7393
Epoch 618/1000, Train Loss: 0.3135, Validation Loss: 0.5310
Epoch 619/1000, Train Loss: 0.3129, Validation Loss: 0.7228
Epoch 620/1000, Train Loss: 0.3134, Validation Loss: 0.9348
Epoch 621/1000, Train Loss: 0.3119, Validation Loss: 0.4792
Epoch 622/1000, Train Loss: 0.3163, Validation Loss: 2.6305
Epoch 623/1000, Train Loss: 0.3134, Validation Loss: 0.9535
Epoch 624/1000, Train Loss: 0.3081, Validation Loss: 0.7367
Epoch 625/1000, Train Loss: 0.3155, Validation Loss: 2.2270
Epoch 626/1000, Train Loss: 0.3117, Validation Loss: 0.8580
Epoch 627/1000, Train Loss: 0.3125, Validation Loss: 0.7216
Epoch 628/1000, Train Loss: 0.3130, Validation Loss: 0.7192
Epoch 629/1000, Train Loss: 0.3125, Validation Loss: 0.7937
Epoch 630/1000, Train Loss: 0.3124, Validation Loss: 0.3793
Epoch 631/1000, Train Loss: 0.3152, Validation Loss: 0.6322
Epoch 632/1000, Train Loss: 0.3144, Validation Loss: 1.8099
Epoch 633/1000, Train Loss: 0.3093, Validation Loss: 1.2000
Epoch 634/1000, Train Loss: 0.3110, Validation Loss: 0.3666
Epoch 635/1000, Train Loss: 0.3197, Validation Loss: 0.7006
Epoch 636/1000, Train Loss: 0.3134, Validation Loss: 1.1972
Epoch 637/1000, Train Loss: 0.3144, Validation Loss: 0.6457
Epoch 638/1000, Train Loss: 0.3142, Validation Loss: 0.6996
Epoch 639/1000, Train Loss: 0.3089, Validation Loss: 0.8542
Epoch 640/1000, Train Loss: 0.3121, Validation Loss: 0.5033
Epoch 641/1000, Train Loss: 0.3118, Validation Loss: 0.5415
Epoch 642/1000, Train Loss: 0.3114, Validation Loss: 0.3916
Epoch 643/1000, Train Loss: 0.3114, Validation Loss: 0.7506
Epoch 644/1000, Train Loss: 0.3134, Validation Loss: 0.5368
Epoch 645/1000, Train Loss: 0.3117, Validation Loss: 2.5690
Epoch 646/1000, Train Loss: 0.3145, Validation Loss: 1.2774
Epoch 647/1000, Train Loss: 0.3098, Validation Loss: 0.3114
Epoch 648/1000, Train Loss: 0.3142, Validation Loss: 0.7031
Epoch 649/1000, Train Loss: 0.3117, Validation Loss: 1.3782
Epoch 650/1000, Train Loss: 0.3147, Validation Loss: 0.5747
Epoch 651/1000, Train Loss: 0.3170, Validation Loss: 1.1031
Epoch 652/1000, Train Loss: 0.3096, Validation Loss: 0.4369
Epoch 653/1000, Train Loss: 0.3107, Validation Loss: 0.4991
Epoch 654/1000, Train Loss: 0.3131, Validation Loss: 0.4937
Epoch 655/1000, Train Loss: 0.3112, Validation Loss: 0.5710
Epoch 656/1000, Train Loss: 0.3132, Validation Loss: 0.4280
Epoch 657/1000, Train Loss: 0.3145, Validation Loss: 1.2621
Epoch 658/1000, Train Loss: 0.3116, Validation Loss: 2.6863
Epoch 659/1000, Train Loss: 0.3131, Validation Loss: 0.9742
Epoch 660/1000, Train Loss: 0.3099, Validation Loss: 1.0471
Epoch 661/1000, Train Loss: 0.3119, Validation Loss: 1.4778
Epoch 662/1000, Train Loss: 0.3138, Validation Loss: 0.3376
Epoch 663/1000, Train Loss: 0.3097, Validation Loss: 1.0339
Epoch 664/1000, Train Loss: 0.3108, Validation Loss: 1.0708
Epoch 665/1000, Train Loss: 0.3102, Validation Loss: 0.5776
Epoch 666/1000, Train Loss: 0.3057, Validation Loss: 0.8814
Epoch 667/1000, Train Loss: 0.3084, Validation Loss: 0.4543
Epoch 668/1000, Train Loss: 0.3093, Validation Loss: 0.3657
Epoch 669/1000, Train Loss: 0.3110, Validation Loss: 0.5458
Epoch 670/1000, Train Loss: 0.3086, Validation Loss: 0.9528
Epoch 671/1000, Train Loss: 0.3087, Validation Loss: 1.0472
Epoch 672/1000, Train Loss: 0.3123, Validation Loss: 0.3489
Epoch 673/1000, Train Loss: 0.3084, Validation Loss: 0.4630
Epoch 674/1000, Train Loss: 0.3089, Validation Loss: 0.4047
Epoch 675/1000, Train Loss: 0.3114, Validation Loss: 0.3137
Epoch 676/1000, Train Loss: 0.3074, Validation Loss: 0.6065
Epoch 677/1000, Train Loss: 0.3097, Validation Loss: 1.0020
Epoch 678/1000, Train Loss: 0.3108, Validation Loss: 0.8444
Epoch 679/1000, Train Loss: 0.3089, Validation Loss: 0.3105
Epoch 680/1000, Train Loss: 0.3102, Validation Loss: 0.9000
Epoch 681/1000, Train Loss: 0.3106, Validation Loss: 0.8539
Epoch 682/1000, Train Loss: 0.3070, Validation Loss: 0.5239
Epoch 683/1000, Train Loss: 0.3094, Validation Loss: 1.6376
Epoch 684/1000, Train Loss: 0.3086, Validation Loss: 2.2438
Epoch 685/1000, Train Loss: 0.3087, Validation Loss: 0.3017
Epoch 686/1000, Train Loss: 0.3133, Validation Loss: 1.0550
Epoch 687/1000, Train Loss: 0.3090, Validation Loss: 1.4316
Epoch 688/1000, Train Loss: 0.3082, Validation Loss: 0.4767
Epoch 689/1000, Train Loss: 0.3094, Validation Loss: 0.5008
Epoch 690/1000, Train Loss: 0.3053, Validation Loss: 0.5380
Epoch 691/1000, Train Loss: 0.3104, Validation Loss: 0.5335
Epoch 692/1000, Train Loss: 0.3090, Validation Loss: 0.9930
Epoch 693/1000, Train Loss: 0.3103, Validation Loss: 0.6412
Epoch 694/1000, Train Loss: 0.3067, Validation Loss: 0.4308
Epoch 695/1000, Train Loss: 0.3075, Validation Loss: 0.6859
Epoch 696/1000, Train Loss: 0.3081, Validation Loss: 0.6158
Epoch 697/1000, Train Loss: 0.3089, Validation Loss: 0.5366
Epoch 698/1000, Train Loss: 0.3083, Validation Loss: 0.5217
Epoch 699/1000, Train Loss: 0.3052, Validation Loss: 0.5553
Epoch 700/1000, Train Loss: 0.3065, Validation Loss: 1.1167
Epoch 701/1000, Train Loss: 0.3082, Validation Loss: 0.4852
Epoch 702/1000, Train Loss: 0.3075, Validation Loss: 1.8880
Epoch 703/1000, Train Loss: 0.3090, Validation Loss: 0.7229
Epoch 704/1000, Train Loss: 0.3065, Validation Loss: 0.6208
Epoch 705/1000, Train Loss: 0.3048, Validation Loss: 0.6502
Epoch 706/1000, Train Loss: 0.3065, Validation Loss: 0.8361
Epoch 707/1000, Train Loss: 0.3089, Validation Loss: 2.1234
Epoch 708/1000, Train Loss: 0.3059, Validation Loss: 0.9506
Epoch 709/1000, Train Loss: 0.3082, Validation Loss: 0.4013
Epoch 710/1000, Train Loss: 0.3120, Validation Loss: 0.5544
Epoch 711/1000, Train Loss: 0.3062, Validation Loss: 0.5422
Epoch 712/1000, Train Loss: 0.3038, Validation Loss: 0.3866
Epoch 713/1000, Train Loss: 0.3070, Validation Loss: 0.7022
Epoch 714/1000, Train Loss: 0.3056, Validation Loss: 0.5704
Epoch 715/1000, Train Loss: 0.3058, Validation Loss: 0.8700
Epoch 716/1000, Train Loss: 0.3065, Validation Loss: 0.6876
Epoch 717/1000, Train Loss: 0.3059, Validation Loss: 0.3725
Epoch 718/1000, Train Loss: 0.3080, Validation Loss: 0.6235
Epoch 719/1000, Train Loss: 0.3057, Validation Loss: 0.5207
Epoch 720/1000, Train Loss: 0.3060, Validation Loss: 1.5272
Epoch 721/1000, Train Loss: 0.3051, Validation Loss: 0.9111
Epoch 722/1000, Train Loss: 0.3054, Validation Loss: 0.5382
Epoch 723/1000, Train Loss: 0.3056, Validation Loss: 0.3555
Epoch 724/1000, Train Loss: 0.3030, Validation Loss: 0.4500
Epoch 725/1000, Train Loss: 0.3067, Validation Loss: 0.3466
Epoch 726/1000, Train Loss: 0.3068, Validation Loss: 0.3152
Epoch 727/1000, Train Loss: 0.3031, Validation Loss: 0.9523
Epoch 728/1000, Train Loss: 0.3126, Validation Loss: 1.6650
Epoch 729/1000, Train Loss: 0.3075, Validation Loss: 0.3025
Epoch 730/1000, Train Loss: 0.3059, Validation Loss: 2.7997
Epoch 731/1000, Train Loss: 0.3037, Validation Loss: 0.4305
Epoch 732/1000, Train Loss: 0.3047, Validation Loss: 0.4149
Epoch 733/1000, Train Loss: 0.3026, Validation Loss: 0.9851
Epoch 734/1000, Train Loss: 0.3007, Validation Loss: 0.5192
Epoch 735/1000, Train Loss: 0.3020, Validation Loss: 1.4004
Epoch 736/1000, Train Loss: 0.3054, Validation Loss: 0.7441
Epoch 737/1000, Train Loss: 0.3041, Validation Loss: 0.9497
Epoch 738/1000, Train Loss: 0.3049, Validation Loss: 0.7347
Epoch 739/1000, Train Loss: 0.3042, Validation Loss: 0.3772
Epoch 740/1000, Train Loss: 0.3007, Validation Loss: 0.4722
Epoch 741/1000, Train Loss: 0.3032, Validation Loss: 0.6345
Epoch 742/1000, Train Loss: 0.3017, Validation Loss: 0.3892
Epoch 743/1000, Train Loss: 0.3027, Validation Loss: 0.4806
Epoch 744/1000, Train Loss: 0.3015, Validation Loss: 0.9153
Epoch 745/1000, Train Loss: 0.3037, Validation Loss: 0.3250
Epoch 746/1000, Train Loss: 0.3047, Validation Loss: 1.2335
Epoch 747/1000, Train Loss: 0.3036, Validation Loss: 0.8189
Epoch 748/1000, Train Loss: 0.3023, Validation Loss: 1.8990
Epoch 749/1000, Train Loss: 0.3062, Validation Loss: 1.8430
Epoch 750/1000, Train Loss: 0.3060, Validation Loss: 0.4799
Epoch 751/1000, Train Loss: 0.3040, Validation Loss: 0.8201
Epoch 752/1000, Train Loss: 0.3054, Validation Loss: 0.4777
Epoch 753/1000, Train Loss: 0.3061, Validation Loss: 2.0720
Epoch 754/1000, Train Loss: 0.3041, Validation Loss: 0.4028
Epoch 755/1000, Train Loss: 0.3026, Validation Loss: 0.7867
Epoch 756/1000, Train Loss: 0.2996, Validation Loss: 1.6201
Epoch 757/1000, Train Loss: 0.3011, Validation Loss: 0.6743
Epoch 758/1000, Train Loss: 0.2990, Validation Loss: 0.4017
Epoch 759/1000, Train Loss: 0.3013, Validation Loss: 0.4788
Epoch 760/1000, Train Loss: 0.3043, Validation Loss: 0.7188
Epoch 761/1000, Train Loss: 0.2986, Validation Loss: 0.2892
Epoch 762/1000, Train Loss: 0.3043, Validation Loss: 0.6104
Epoch 763/1000, Train Loss: 0.2991, Validation Loss: 1.1252
Epoch 764/1000, Train Loss: 0.3046, Validation Loss: 1.0030
Epoch 765/1000, Train Loss: 0.2990, Validation Loss: 0.7242
Epoch 766/1000, Train Loss: 0.2983, Validation Loss: 1.3778
Epoch 767/1000, Train Loss: 0.3018, Validation Loss: 0.7280
Epoch 768/1000, Train Loss: 0.3005, Validation Loss: 0.4334
Epoch 769/1000, Train Loss: 0.3011, Validation Loss: 0.9265
Epoch 770/1000, Train Loss: 0.3020, Validation Loss: 1.0124
Epoch 771/1000, Train Loss: 0.3031, Validation Loss: 0.3156
Epoch 772/1000, Train Loss: 0.2989, Validation Loss: 0.7472
Epoch 773/1000, Train Loss: 0.3002, Validation Loss: 1.4056
Epoch 774/1000, Train Loss: 0.3040, Validation Loss: 0.3265
Epoch 775/1000, Train Loss: 0.2986, Validation Loss: 0.7816
Epoch 776/1000, Train Loss: 0.3026, Validation Loss: 0.3724
Epoch 777/1000, Train Loss: 0.3009, Validation Loss: 0.4886
Epoch 778/1000, Train Loss: 0.3046, Validation Loss: 1.3153
Epoch 779/1000, Train Loss: 0.3014, Validation Loss: 1.1426
Epoch 780/1000, Train Loss: 0.3007, Validation Loss: 0.3946
Epoch 781/1000, Train Loss: 0.3016, Validation Loss: 1.0273
Epoch 782/1000, Train Loss: 0.3000, Validation Loss: 0.7038
Epoch 783/1000, Train Loss: 0.3038, Validation Loss: 0.5259
Epoch 784/1000, Train Loss: 0.2954, Validation Loss: 0.9249
Epoch 785/1000, Train Loss: 0.3007, Validation Loss: 0.5134
Epoch 786/1000, Train Loss: 0.3008, Validation Loss: 0.8612
Epoch 787/1000, Train Loss: 0.3030, Validation Loss: 0.7180
Epoch 788/1000, Train Loss: 0.2977, Validation Loss: 0.3833
Epoch 789/1000, Train Loss: 0.2993, Validation Loss: 1.0161
Epoch 790/1000, Train Loss: 0.2998, Validation Loss: 0.8757
Epoch 791/1000, Train Loss: 0.2992, Validation Loss: 0.4664
Epoch 792/1000, Train Loss: 0.2982, Validation Loss: 1.7150
Epoch 793/1000, Train Loss: 0.3002, Validation Loss: 0.6438
Epoch 794/1000, Train Loss: 0.3004, Validation Loss: 1.0534
Epoch 795/1000, Train Loss: 0.3054, Validation Loss: 0.8394
Epoch 796/1000, Train Loss: 0.3058, Validation Loss: 2.2420
Epoch 797/1000, Train Loss: 0.3000, Validation Loss: 0.6256
Epoch 798/1000, Train Loss: 0.2985, Validation Loss: 0.5462
Epoch 799/1000, Train Loss: 0.2978, Validation Loss: 0.3902
Epoch 800/1000, Train Loss: 0.2998, Validation Loss: 0.3706
Epoch 801/1000, Train Loss: 0.3055, Validation Loss: 0.5319
Epoch 802/1000, Train Loss: 0.2989, Validation Loss: 1.5765
Epoch 803/1000, Train Loss: 0.3002, Validation Loss: 0.2856
Epoch 804/1000, Train Loss: 0.2974, Validation Loss: 1.2118
Epoch 805/1000, Train Loss: 0.2991, Validation Loss: 1.1900
Epoch 806/1000, Train Loss: 0.2997, Validation Loss: 0.8280
Epoch 807/1000, Train Loss: 0.3019, Validation Loss: 0.8908
Epoch 808/1000, Train Loss: 0.3000, Validation Loss: 1.1033
Epoch 809/1000, Train Loss: 0.2956, Validation Loss: 0.4519
Epoch 810/1000, Train Loss: 0.3009, Validation Loss: 0.3846
Epoch 811/1000, Train Loss: 0.2979, Validation Loss: 2.9540
Epoch 812/1000, Train Loss: 0.2980, Validation Loss: 0.8116
Epoch 813/1000, Train Loss: 0.2967, Validation Loss: 0.4444
Epoch 814/1000, Train Loss: 0.2969, Validation Loss: 0.6176
Epoch 815/1000, Train Loss: 0.2955, Validation Loss: 0.7224
Epoch 816/1000, Train Loss: 0.2965, Validation Loss: 0.8946
Epoch 817/1000, Train Loss: 0.2997, Validation Loss: 1.0202
Epoch 818/1000, Train Loss: 0.3038, Validation Loss: 0.6758
Epoch 819/1000, Train Loss: 0.2973, Validation Loss: 0.5225
Epoch 820/1000, Train Loss: 0.2986, Validation Loss: 0.3567
Epoch 821/1000, Train Loss: 0.2977, Validation Loss: 2.0630
Epoch 822/1000, Train Loss: 0.2952, Validation Loss: 0.6144
Epoch 823/1000, Train Loss: 0.2972, Validation Loss: 0.7141
Epoch 824/1000, Train Loss: 0.2997, Validation Loss: 0.6303
Epoch 825/1000, Train Loss: 0.3007, Validation Loss: 0.4297
Epoch 826/1000, Train Loss: 0.2982, Validation Loss: 0.5383
Epoch 827/1000, Train Loss: 0.2982, Validation Loss: 0.5552
Epoch 828/1000, Train Loss: 0.2962, Validation Loss: 0.4245
Epoch 829/1000, Train Loss: 0.2993, Validation Loss: 2.5775
Epoch 830/1000, Train Loss: 0.2981, Validation Loss: 0.6793
Epoch 831/1000, Train Loss: 0.2984, Validation Loss: 2.6499
Epoch 832/1000, Train Loss: 0.2966, Validation Loss: 1.1497
Epoch 833/1000, Train Loss: 0.3001, Validation Loss: 0.5196
Epoch 834/1000, Train Loss: 0.3005, Validation Loss: 0.6519
Epoch 835/1000, Train Loss: 0.2939, Validation Loss: 0.6838
Epoch 836/1000, Train Loss: 0.2987, Validation Loss: 0.6774
Epoch 837/1000, Train Loss: 0.2971, Validation Loss: 0.6496
Epoch 838/1000, Train Loss: 0.2994, Validation Loss: 0.8247
Epoch 839/1000, Train Loss: 0.2931, Validation Loss: 0.6848
Epoch 840/1000, Train Loss: 0.2980, Validation Loss: 0.7149
Epoch 841/1000, Train Loss: 0.3012, Validation Loss: 1.1543
Epoch 842/1000, Train Loss: 0.2978, Validation Loss: 0.8371
Epoch 843/1000, Train Loss: 0.2997, Validation Loss: 0.4583
Epoch 844/1000, Train Loss: 0.2994, Validation Loss: 0.6430
Epoch 845/1000, Train Loss: 0.3001, Validation Loss: 1.3716
Epoch 846/1000, Train Loss: 0.2970, Validation Loss: 0.6179
Epoch 847/1000, Train Loss: 0.2952, Validation Loss: 1.7500
Epoch 848/1000, Train Loss: 0.2969, Validation Loss: 1.5203
Epoch 849/1000, Train Loss: 0.2971, Validation Loss: 1.0898
Epoch 850/1000, Train Loss: 0.2963, Validation Loss: 0.4445
Epoch 851/1000, Train Loss: 0.2944, Validation Loss: 0.2938
Epoch 852/1000, Train Loss: 0.2970, Validation Loss: 0.7022
Epoch 853/1000, Train Loss: 0.2972, Validation Loss: 0.4631
Epoch 854/1000, Train Loss: 0.2968, Validation Loss: 1.2036
Epoch 855/1000, Train Loss: 0.2988, Validation Loss: 1.1725
Epoch 856/1000, Train Loss: 0.2934, Validation Loss: 1.5746
Epoch 857/1000, Train Loss: 0.2954, Validation Loss: 0.3059
Epoch 858/1000, Train Loss: 0.2954, Validation Loss: 0.5163
Epoch 859/1000, Train Loss: 0.2949, Validation Loss: 0.9231
Epoch 860/1000, Train Loss: 0.2977, Validation Loss: 1.3593
Epoch 861/1000, Train Loss: 0.2959, Validation Loss: 0.3234
Epoch 862/1000, Train Loss: 0.2965, Validation Loss: 0.5515
Epoch 863/1000, Train Loss: 0.2961, Validation Loss: 0.7972
Epoch 864/1000, Train Loss: 0.2994, Validation Loss: 0.7126
Epoch 865/1000, Train Loss: 0.2938, Validation Loss: 2.5736
Epoch 866/1000, Train Loss: 0.2988, Validation Loss: 0.5806
Epoch 867/1000, Train Loss: 0.2974, Validation Loss: 0.8802
Epoch 868/1000, Train Loss: 0.2958, Validation Loss: 0.4037
Epoch 869/1000, Train Loss: 0.2983, Validation Loss: 0.7732
Epoch 870/1000, Train Loss: 0.2972, Validation Loss: 0.7531
Epoch 871/1000, Train Loss: 0.2937, Validation Loss: 3.4637
Epoch 872/1000, Train Loss: 0.2982, Validation Loss: 0.3331
Epoch 873/1000, Train Loss: 0.2962, Validation Loss: 0.6516
Epoch 874/1000, Train Loss: 0.2942, Validation Loss: 0.9649
Epoch 875/1000, Train Loss: 0.2954, Validation Loss: 1.0668
Epoch 876/1000, Train Loss: 0.2974, Validation Loss: 0.5433
Epoch 877/1000, Train Loss: 0.2972, Validation Loss: 0.7022
Epoch 878/1000, Train Loss: 0.2987, Validation Loss: 1.5219
Epoch 879/1000, Train Loss: 0.2961, Validation Loss: 0.5329
Epoch 880/1000, Train Loss: 0.2969, Validation Loss: 1.4297
Epoch 881/1000, Train Loss: 0.2938, Validation Loss: 0.4402
Epoch 882/1000, Train Loss: 0.2952, Validation Loss: 0.7862
Epoch 883/1000, Train Loss: 0.2985, Validation Loss: 1.1923
Epoch 884/1000, Train Loss: 0.2915, Validation Loss: 0.5600
Epoch 885/1000, Train Loss: 0.2942, Validation Loss: 1.0574
Epoch 886/1000, Train Loss: 0.2938, Validation Loss: 0.6081
Epoch 887/1000, Train Loss: 0.2960, Validation Loss: 0.9939
Epoch 888/1000, Train Loss: 0.2932, Validation Loss: 0.3741
Epoch 889/1000, Train Loss: 0.2930, Validation Loss: 0.5328
Epoch 890/1000, Train Loss: 0.2972, Validation Loss: 0.8480
Epoch 891/1000, Train Loss: 0.2958, Validation Loss: 0.3591
Epoch 892/1000, Train Loss: 0.2948, Validation Loss: 0.7980
Epoch 893/1000, Train Loss: 0.2962, Validation Loss: 1.0323
Epoch 894/1000, Train Loss: 0.2937, Validation Loss: 0.5051
Epoch 895/1000, Train Loss: 0.2972, Validation Loss: 0.9981
Epoch 896/1000, Train Loss: 0.2962, Validation Loss: 0.6180
Epoch 897/1000, Train Loss: 0.2943, Validation Loss: 1.9835
Epoch 898/1000, Train Loss: 0.2945, Validation Loss: 0.3087
Epoch 899/1000, Train Loss: 0.2919, Validation Loss: 0.8183
Epoch 900/1000, Train Loss: 0.2947, Validation Loss: 0.4150
Epoch 901/1000, Train Loss: 0.2940, Validation Loss: 2.3792
Epoch 902/1000, Train Loss: 0.2983, Validation Loss: 1.2419
Epoch 903/1000, Train Loss: 0.2990, Validation Loss: 0.7349
Epoch 904/1000, Train Loss: 0.2983, Validation Loss: 0.6606
Epoch 905/1000, Train Loss: 0.2915, Validation Loss: 1.9070
Epoch 906/1000, Train Loss: 0.2938, Validation Loss: 0.6449
Epoch 907/1000, Train Loss: 0.2945, Validation Loss: 0.2991
Epoch 908/1000, Train Loss: 0.2952, Validation Loss: 0.8311
Epoch 909/1000, Train Loss: 0.2932, Validation Loss: 0.7440
Epoch 910/1000, Train Loss: 0.2961, Validation Loss: 0.4429
Epoch 911/1000, Train Loss: 0.2941, Validation Loss: 1.1512
Epoch 912/1000, Train Loss: 0.2921, Validation Loss: 2.2879
Epoch 913/1000, Train Loss: 0.2941, Validation Loss: 0.7043
Epoch 914/1000, Train Loss: 0.2950, Validation Loss: 0.4341
Epoch 915/1000, Train Loss: 0.2936, Validation Loss: 0.4226
Epoch 916/1000, Train Loss: 0.2943, Validation Loss: 0.5520
Epoch 917/1000, Train Loss: 0.2947, Validation Loss: 2.5110
Epoch 918/1000, Train Loss: 0.2969, Validation Loss: 0.7206
Epoch 919/1000, Train Loss: 0.2926, Validation Loss: 0.4126
Epoch 920/1000, Train Loss: 0.2946, Validation Loss: 0.2996
Epoch 921/1000, Train Loss: 0.2939, Validation Loss: 0.7463
Epoch 922/1000, Train Loss: 0.2939, Validation Loss: 0.7352
Epoch 923/1000, Train Loss: 0.2927, Validation Loss: 0.6285
Epoch 924/1000, Train Loss: 0.2931, Validation Loss: 0.3395
Epoch 925/1000, Train Loss: 0.2952, Validation Loss: 1.5780
Epoch 926/1000, Train Loss: 0.2907, Validation Loss: 0.6434
Epoch 927/1000, Train Loss: 0.2935, Validation Loss: 0.8737
Epoch 928/1000, Train Loss: 0.2986, Validation Loss: 0.3616
Epoch 929/1000, Train Loss: 0.2886, Validation Loss: 0.4317
Epoch 930/1000, Train Loss: 0.2942, Validation Loss: 1.5750
Epoch 931/1000, Train Loss: 0.2926, Validation Loss: 2.1605
Epoch 932/1000, Train Loss: 0.2933, Validation Loss: 0.7459
Epoch 933/1000, Train Loss: 0.2933, Validation Loss: 1.0389
Epoch 934/1000, Train Loss: 0.2945, Validation Loss: 1.2859
Epoch 935/1000, Train Loss: 0.2909, Validation Loss: 0.4884
Epoch 936/1000, Train Loss: 0.2912, Validation Loss: 0.8919
Epoch 937/1000, Train Loss: 0.2930, Validation Loss: 0.3515
Epoch 938/1000, Train Loss: 0.2908, Validation Loss: 0.4251
Epoch 939/1000, Train Loss: 0.2882, Validation Loss: 2.1940
Epoch 940/1000, Train Loss: 0.2913, Validation Loss: 1.4053
Epoch 941/1000, Train Loss: 0.2919, Validation Loss: 0.3339
Epoch 942/1000, Train Loss: 0.2938, Validation Loss: 0.5616
Epoch 943/1000, Train Loss: 0.2938, Validation Loss: 0.5807
Epoch 944/1000, Train Loss: 0.2995, Validation Loss: 1.3684
Epoch 945/1000, Train Loss: 0.2957, Validation Loss: 1.3052
Epoch 946/1000, Train Loss: 0.2921, Validation Loss: 0.6214
Epoch 947/1000, Train Loss: 0.2901, Validation Loss: 0.6869
Epoch 948/1000, Train Loss: 0.2926, Validation Loss: 0.9722
Epoch 949/1000, Train Loss: 0.2906, Validation Loss: 0.5266
Epoch 950/1000, Train Loss: 0.2942, Validation Loss: 0.9337
Epoch 951/1000, Train Loss: 0.2914, Validation Loss: 1.9356
Epoch 952/1000, Train Loss: 0.2898, Validation Loss: 0.9544
Epoch 953/1000, Train Loss: 0.2931, Validation Loss: 0.4063
Epoch 954/1000, Train Loss: 0.2896, Validation Loss: 0.4553
Epoch 955/1000, Train Loss: 0.2900, Validation Loss: 0.4873
Epoch 956/1000, Train Loss: 0.2900, Validation Loss: 0.4102
Epoch 957/1000, Train Loss: 0.2935, Validation Loss: 0.8787
Epoch 958/1000, Train Loss: 0.2903, Validation Loss: 0.5792
Epoch 959/1000, Train Loss: 0.2901, Validation Loss: 0.5318
Epoch 960/1000, Train Loss: 0.2941, Validation Loss: 0.3761
Epoch 961/1000, Train Loss: 0.2937, Validation Loss: 0.4031
Epoch 962/1000, Train Loss: 0.2902, Validation Loss: 1.2823
Epoch 963/1000, Train Loss: 0.2906, Validation Loss: 0.7398
Epoch 964/1000, Train Loss: 0.2947, Validation Loss: 0.5584
Epoch 965/1000, Train Loss: 0.2904, Validation Loss: 0.3973
Epoch 966/1000, Train Loss: 0.2888, Validation Loss: 1.0535
Epoch 967/1000, Train Loss: 0.2933, Validation Loss: 0.5416
Epoch 968/1000, Train Loss: 0.2918, Validation Loss: 1.7213
Epoch 969/1000, Train Loss: 0.2892, Validation Loss: 0.8768
Epoch 970/1000, Train Loss: 0.2910, Validation Loss: 2.6193
Epoch 971/1000, Train Loss: 0.2907, Validation Loss: 0.5596
Epoch 972/1000, Train Loss: 0.2870, Validation Loss: 1.5159
Epoch 973/1000, Train Loss: 0.2898, Validation Loss: 0.4445
Epoch 974/1000, Train Loss: 0.2926, Validation Loss: 0.8540
Epoch 975/1000, Train Loss: 0.2867, Validation Loss: 1.1926
Epoch 976/1000, Train Loss: 0.2888, Validation Loss: 0.3773
Epoch 977/1000, Train Loss: 0.2871, Validation Loss: 0.9670
Epoch 978/1000, Train Loss: 0.2881, Validation Loss: 0.3946
Epoch 979/1000, Train Loss: 0.2924, Validation Loss: 0.4870
Epoch 980/1000, Train Loss: 0.2882, Validation Loss: 1.9631
Epoch 981/1000, Train Loss: 0.2901, Validation Loss: 0.5929
Epoch 982/1000, Train Loss: 0.2898, Validation Loss: 0.8132
Epoch 983/1000, Train Loss: 0.2939, Validation Loss: 0.5853
Epoch 984/1000, Train Loss: 0.2878, Validation Loss: 0.8228
Epoch 985/1000, Train Loss: 0.2886, Validation Loss: 0.3790
Epoch 986/1000, Train Loss: 0.2913, Validation Loss: 0.9065
Epoch 987/1000, Train Loss: 0.2918, Validation Loss: 0.3309
Epoch 988/1000, Train Loss: 0.2900, Validation Loss: 1.0088
Epoch 989/1000, Train Loss: 0.2912, Validation Loss: 0.4192
Epoch 990/1000, Train Loss: 0.2906, Validation Loss: 1.3227
Epoch 991/1000, Train Loss: 0.2845, Validation Loss: 0.6651
Epoch 992/1000, Train Loss: 0.2880, Validation Loss: 1.2176
Epoch 993/1000, Train Loss: 0.2903, Validation Loss: 0.7905
Epoch 994/1000, Train Loss: 0.2886, Validation Loss: 1.0214
Epoch 995/1000, Train Loss: 0.2912, Validation Loss: 0.4941
Epoch 996/1000, Train Loss: 0.2901, Validation Loss: 1.3322
Epoch 997/1000, Train Loss: 0.2886, Validation Loss: 0.4629
Epoch 998/1000, Train Loss: 0.2898, Validation Loss: 1.5929
Epoch 999/1000, Train Loss: 0.2892, Validation Loss: 1.6550
Epoch 1000/1000, Train Loss: 0.2911, Validation Loss: 2.2164
Best Training Loss: 0.2845
Best Training Loss Epoch: 991
Best Validation Loss: 0.2856
Best Validation Loss Epoch: 803
Time taken for training: 0-14:50:18
Test Loss: 0.2993
Test MAPE: 2850.1003%
Error Statistics:
count    4.127200e+04
mean     3.987129e+02
std      1.920771e+04
min      2.026558e-06
25%      1.183199e-01
50%      1.224232e+00
75%      1.652519e+01
max      3.744818e+06
Name: Absolute Error, dtype: float64
Training complete. Final model saved.
Saving model as a wandb Artifact...
Model artifact logged successfully.
[1;34mwandb[0m: 
[1;34mwandb[0m: 🚀 View run [33mrestful-sweep-159[0m at: [34mhttps://wandb.ai/mk8737-new-york-university/rl_pretrain_hp_sweeps/runs/wbahw5lj[0m
[1;34mwandb[0m: Find logs at: [1;35mwandb/run-20251006_144149-wbahw5lj/logs[0m
Agent finished.
