Waiting for sweep ID...
Found Sweep ID: be12np04
Starting wandb agent for sweep be12np04...
TRAINING DEVICE: cpu
Run Name: GCN_global_hp_sweep_be12np04-8d1c9rii
finidhed preparing data
Loading dataset from pretrain_dataset_12.5k_fixed_duplicates.pkl
Loaded 412712 data objects.
finished preparing data
Epoch 1/1000, Train Loss: 13.4628, Validation Loss: 2.3392
Epoch 2/1000, Train Loss: 1.4022, Validation Loss: 1.2210
Epoch 3/1000, Train Loss: 1.3165, Validation Loss: 2.4425
Epoch 4/1000, Train Loss: 1.3084, Validation Loss: 1.8019
Epoch 5/1000, Train Loss: 1.2578, Validation Loss: 3.9984
Epoch 6/1000, Train Loss: 1.1576, Validation Loss: 7.1985
Epoch 7/1000, Train Loss: 2.4381, Validation Loss: 1.9832
Epoch 8/1000, Train Loss: 6.1070, Validation Loss: 5.9120
Epoch 9/1000, Train Loss: 1.1996, Validation Loss: 1.2503
Epoch 10/1000, Train Loss: 1.0982, Validation Loss: 1.1053
Epoch 11/1000, Train Loss: 275.2089, Validation Loss: 6.1432
Epoch 12/1000, Train Loss: 6.7151, Validation Loss: 6.5888
Epoch 13/1000, Train Loss: 4.4725, Validation Loss: 1.0961
Epoch 14/1000, Train Loss: 1.2627, Validation Loss: 1.8158
Epoch 15/1000, Train Loss: 1.3619, Validation Loss: 1.0770
Epoch 16/1000, Train Loss: 1.1636, Validation Loss: 1.3529
Epoch 17/1000, Train Loss: 1.1066, Validation Loss: 1.3540
Epoch 18/1000, Train Loss: 8.3194, Validation Loss: 4.0482
Epoch 19/1000, Train Loss: 1.0616, Validation Loss: 2.0222
Epoch 20/1000, Train Loss: 1.0432, Validation Loss: 1.0316
Epoch 21/1000, Train Loss: 1567.2980, Validation Loss: 8.4180
Epoch 22/1000, Train Loss: 1.0849, Validation Loss: 3.8824
Epoch 23/1000, Train Loss: 1.0756, Validation Loss: 2.2948
Epoch 24/1000, Train Loss: 0.9708, Validation Loss: 1.8773
Epoch 25/1000, Train Loss: 1.0297, Validation Loss: 1.6893
Epoch 26/1000, Train Loss: 1.0039, Validation Loss: 1.3551
Epoch 27/1000, Train Loss: 0.9625, Validation Loss: 0.9609
Epoch 28/1000, Train Loss: 0.9587, Validation Loss: 1.9920
Epoch 29/1000, Train Loss: 6.5400, Validation Loss: 150.7022
Epoch 30/1000, Train Loss: 1.0303, Validation Loss: 1.5021
Epoch 31/1000, Train Loss: 0.9036, Validation Loss: 0.9385
Epoch 32/1000, Train Loss: 39.9575, Validation Loss: 3.5580
Epoch 33/1000, Train Loss: 0.8932, Validation Loss: 1.7387
Epoch 34/1000, Train Loss: 0.8911, Validation Loss: 3.1014
Epoch 35/1000, Train Loss: 1.2431, Validation Loss: 1.7072
Epoch 36/1000, Train Loss: 0.8720, Validation Loss: 0.8481
Epoch 37/1000, Train Loss: 0.9228, Validation Loss: 2.2699
Epoch 38/1000, Train Loss: 0.8851, Validation Loss: 2.0280
Epoch 39/1000, Train Loss: 1.0229, Validation Loss: 1.5148
Epoch 40/1000, Train Loss: 0.8294, Validation Loss: 2.0069
Epoch 41/1000, Train Loss: 0.8028, Validation Loss: 1.1096
Epoch 42/1000, Train Loss: 0.8114, Validation Loss: 0.8090
Epoch 43/1000, Train Loss: 11.7749, Validation Loss: 6.0785
Epoch 44/1000, Train Loss: 7.2954, Validation Loss: 3.3335
Epoch 45/1000, Train Loss: 0.7799, Validation Loss: 2.8223
Epoch 46/1000, Train Loss: 0.8098, Validation Loss: 4.9736
Epoch 47/1000, Train Loss: 0.7874, Validation Loss: 1.7436
Epoch 48/1000, Train Loss: 0.9530, Validation Loss: 2.4991
Epoch 49/1000, Train Loss: 0.7869, Validation Loss: 1.7209
Epoch 50/1000, Train Loss: 0.7899, Validation Loss: 1.8220
Epoch 51/1000, Train Loss: 0.8092, Validation Loss: 0.9254
Epoch 52/1000, Train Loss: 0.7705, Validation Loss: 0.7674
Epoch 53/1000, Train Loss: 3.7849, Validation Loss: 1.5798
Epoch 54/1000, Train Loss: 0.8183, Validation Loss: 2.5148
Epoch 55/1000, Train Loss: 0.8016, Validation Loss: 3.5546
Epoch 56/1000, Train Loss: 0.8357, Validation Loss: 1.9311
Epoch 57/1000, Train Loss: 0.7705, Validation Loss: 1.8437
Epoch 58/1000, Train Loss: 0.9108, Validation Loss: 1.9256
Epoch 59/1000, Train Loss: 0.7802, Validation Loss: 2.3134
Epoch 60/1000, Train Loss: 715.3606, Validation Loss: 2.0397
Epoch 61/1000, Train Loss: 0.8162, Validation Loss: 1.2527
Epoch 62/1000, Train Loss: 0.8060, Validation Loss: 3.4308
Epoch 63/1000, Train Loss: 0.9230, Validation Loss: 1.0287
Epoch 64/1000, Train Loss: 0.8046, Validation Loss: 1.4442
Epoch 65/1000, Train Loss: 0.7904, Validation Loss: 3.0934
Epoch 66/1000, Train Loss: 0.7802, Validation Loss: 1.1433
Epoch 67/1000, Train Loss: 4.4242, Validation Loss: 5.4552
Epoch 68/1000, Train Loss: 0.8979, Validation Loss: 0.9488
Epoch 69/1000, Train Loss: 0.7709, Validation Loss: 1.5654
Epoch 70/1000, Train Loss: 1.2923, Validation Loss: 1.3267
Epoch 71/1000, Train Loss: 0.7580, Validation Loss: 2.9477
Epoch 72/1000, Train Loss: 0.7817, Validation Loss: 3.6651
Epoch 73/1000, Train Loss: 3.4261, Validation Loss: 1.3000
Epoch 74/1000, Train Loss: 0.7668, Validation Loss: 3.8202
Epoch 75/1000, Train Loss: 0.7621, Validation Loss: 2.9588
Epoch 76/1000, Train Loss: 0.7611, Validation Loss: 1.5615
Epoch 77/1000, Train Loss: 0.8260, Validation Loss: 0.7625
Epoch 78/1000, Train Loss: 0.7236, Validation Loss: 1.6377
Epoch 79/1000, Train Loss: 0.7642, Validation Loss: 2.6429
Epoch 80/1000, Train Loss: 0.7868, Validation Loss: 1.2972
Epoch 81/1000, Train Loss: 0.7465, Validation Loss: 1.4369
Epoch 82/1000, Train Loss: 10.1807, Validation Loss: 2.0059
Epoch 83/1000, Train Loss: 0.7880, Validation Loss: 1.8376
Epoch 84/1000, Train Loss: 0.7680, Validation Loss: 2.3858
Epoch 85/1000, Train Loss: 20.9281, Validation Loss: 2.0011
Epoch 86/1000, Train Loss: 0.7305, Validation Loss: 1.1505
Epoch 87/1000, Train Loss: 0.7930, Validation Loss: 1.7861
Epoch 88/1000, Train Loss: 0.7666, Validation Loss: 2.3991
Epoch 89/1000, Train Loss: 0.7252, Validation Loss: 1.2721
Epoch 90/1000, Train Loss: 6.6500, Validation Loss: 2.7326
Epoch 91/1000, Train Loss: 0.8292, Validation Loss: 1.2846
Epoch 92/1000, Train Loss: 0.7701, Validation Loss: 1.7240
Epoch 93/1000, Train Loss: 0.7730, Validation Loss: 2.1438
Epoch 94/1000, Train Loss: 0.7544, Validation Loss: 2.3685
Epoch 95/1000, Train Loss: 0.7370, Validation Loss: 2.8828
Epoch 96/1000, Train Loss: 0.7228, Validation Loss: 2.1599
Epoch 97/1000, Train Loss: 4.8630, Validation Loss: 3.1108
Epoch 98/1000, Train Loss: 0.7320, Validation Loss: 2.2952
Epoch 99/1000, Train Loss: 0.8354, Validation Loss: 0.7912
Epoch 100/1000, Train Loss: 0.8834, Validation Loss: 1.9165
Epoch 101/1000, Train Loss: 0.7362, Validation Loss: 1.5840
Epoch 102/1000, Train Loss: 3.3998, Validation Loss: 4.1691
Epoch 103/1000, Train Loss: 0.7519, Validation Loss: 1.9849
Epoch 104/1000, Train Loss: 0.7265, Validation Loss: 1.9676
Epoch 105/1000, Train Loss: 0.8587, Validation Loss: 141.0557
Epoch 106/1000, Train Loss: 99.1947, Validation Loss: 2.5129
Epoch 107/1000, Train Loss: 0.7570, Validation Loss: 2.6344
Epoch 108/1000, Train Loss: 0.7250, Validation Loss: 3.5173
Epoch 109/1000, Train Loss: 0.7141, Validation Loss: 2.2486
Epoch 110/1000, Train Loss: 0.7843, Validation Loss: 2.1969
Epoch 111/1000, Train Loss: 0.7437, Validation Loss: 1.8058
Epoch 112/1000, Train Loss: 0.7486, Validation Loss: 1.6069
Epoch 113/1000, Train Loss: 550.8092, Validation Loss: 6.3267
Epoch 114/1000, Train Loss: 4.6672, Validation Loss: 2.4285
Epoch 115/1000, Train Loss: 1.6124, Validation Loss: 1.3431
Epoch 116/1000, Train Loss: 1.1597, Validation Loss: 2.0093
Epoch 117/1000, Train Loss: 0.9601, Validation Loss: 3.3392
Epoch 118/1000, Train Loss: 0.8726, Validation Loss: 3.5427
Epoch 119/1000, Train Loss: 0.8407, Validation Loss: 1.1515
Epoch 120/1000, Train Loss: 69.7049, Validation Loss: 1.5236
Epoch 121/1000, Train Loss: 0.8902, Validation Loss: 2.0824
Epoch 122/1000, Train Loss: 0.8656, Validation Loss: 2.7179
Epoch 123/1000, Train Loss: 0.8861, Validation Loss: 1.3563
Epoch 124/1000, Train Loss: 0.8297, Validation Loss: 3.1978
Epoch 125/1000, Train Loss: 0.8335, Validation Loss: 1.1484
Epoch 126/1000, Train Loss: 3.3549, Validation Loss: 6.2613
Epoch 127/1000, Train Loss: 14.6643, Validation Loss: 4.5436
Epoch 128/1000, Train Loss: 24.4868, Validation Loss: 2.9638
Epoch 129/1000, Train Loss: 1.0020, Validation Loss: 1.3441
Epoch 130/1000, Train Loss: 0.8172, Validation Loss: 1.7907
Epoch 131/1000, Train Loss: 0.8797, Validation Loss: 1.2520
Epoch 132/1000, Train Loss: 0.8444, Validation Loss: 0.9865
Epoch 133/1000, Train Loss: 0.9307, Validation Loss: 0.7991
Epoch 134/1000, Train Loss: 129.7268, Validation Loss: 0.8871
Epoch 135/1000, Train Loss: 0.8279, Validation Loss: 1.9460
Epoch 136/1000, Train Loss: 0.7917, Validation Loss: 0.8563
Epoch 137/1000, Train Loss: 0.7634, Validation Loss: 2.5350
Epoch 138/1000, Train Loss: 0.8120, Validation Loss: 1.5985
Epoch 139/1000, Train Loss: 1.2504, Validation Loss: 2.0977
Epoch 140/1000, Train Loss: 1.9736, Validation Loss: 2.2577
Epoch 141/1000, Train Loss: 0.7851, Validation Loss: 2.5866
Epoch 142/1000, Train Loss: 21.3246, Validation Loss: 1.7306
Epoch 143/1000, Train Loss: 40.7553, Validation Loss: 0.7854
Epoch 144/1000, Train Loss: 0.8218, Validation Loss: 2.0389
Epoch 145/1000, Train Loss: 0.8148, Validation Loss: 1.7361
Epoch 146/1000, Train Loss: 0.7881, Validation Loss: 0.7823
Epoch 147/1000, Train Loss: 145.9661, Validation Loss: 0.9429
Epoch 148/1000, Train Loss: 5.9711, Validation Loss: 0.6531
Epoch 149/1000, Train Loss: 0.7603, Validation Loss: 2.6496
Epoch 150/1000, Train Loss: 0.7847, Validation Loss: 1.1997
Epoch 151/1000, Train Loss: 246.4063, Validation Loss: 3.0094
Epoch 152/1000, Train Loss: 2.5277, Validation Loss: 3.0220
Epoch 153/1000, Train Loss: 1.7555, Validation Loss: 2.6801
Epoch 154/1000, Train Loss: 6.5510, Validation Loss: 1.0440
Epoch 155/1000, Train Loss: 0.7649, Validation Loss: 0.9177
Epoch 156/1000, Train Loss: 1.0847, Validation Loss: 1.9171
Epoch 157/1000, Train Loss: 3.4765, Validation Loss: 1.2730
Epoch 158/1000, Train Loss: 0.7906, Validation Loss: 1.5892
Epoch 159/1000, Train Loss: 0.7643, Validation Loss: 1.1693
Epoch 160/1000, Train Loss: 0.8092, Validation Loss: 1.6743
Epoch 161/1000, Train Loss: 0.7417, Validation Loss: 2.8056
Epoch 162/1000, Train Loss: 1.1960, Validation Loss: 1.7696
Epoch 163/1000, Train Loss: 0.7861, Validation Loss: 2.2602
Epoch 164/1000, Train Loss: 0.8278, Validation Loss: 0.7503
Epoch 165/1000, Train Loss: 32.0063, Validation Loss: 2.3444
Epoch 166/1000, Train Loss: 0.7868, Validation Loss: 2.7878
Epoch 167/1000, Train Loss: 0.8112, Validation Loss: 1.4107
Epoch 168/1000, Train Loss: 0.8141, Validation Loss: 2.6603
Epoch 169/1000, Train Loss: 3665319.4486, Validation Loss: 6.2321
Epoch 170/1000, Train Loss: 8.4265, Validation Loss: 6.1589
Epoch 171/1000, Train Loss: 6.4544, Validation Loss: 6.3242
Epoch 172/1000, Train Loss: 9.6081, Validation Loss: 6.3666
Epoch 173/1000, Train Loss: 6.6773, Validation Loss: 6.1521
Epoch 174/1000, Train Loss: 244.6620, Validation Loss: 6.1527
Epoch 175/1000, Train Loss: 976.5820, Validation Loss: 6.1283
Epoch 176/1000, Train Loss: 552.5091, Validation Loss: 6.2298
Epoch 177/1000, Train Loss: 13.0822, Validation Loss: 6.0596
Epoch 178/1000, Train Loss: 6.2466, Validation Loss: 6.1291
Epoch 179/1000, Train Loss: 173.6479, Validation Loss: 6.1159
Epoch 180/1000, Train Loss: 7.0073, Validation Loss: 6.2507
Epoch 181/1000, Train Loss: 6.6778, Validation Loss: 6.2840
Epoch 182/1000, Train Loss: 9.2539, Validation Loss: 6.1494
Epoch 183/1000, Train Loss: 8.4342, Validation Loss: 6.1377
Epoch 184/1000, Train Loss: 6.8298, Validation Loss: 6.0618
Epoch 185/1000, Train Loss: 63.5655, Validation Loss: 6.0602
Epoch 186/1000, Train Loss: 6.2028, Validation Loss: 6.1890
Epoch 187/1000, Train Loss: 6.2101, Validation Loss: 6.0971
Epoch 188/1000, Train Loss: 9.0948, Validation Loss: 6.2920
Epoch 189/1000, Train Loss: 6.1874, Validation Loss: 6.0568
Epoch 190/1000, Train Loss: 1127.9472, Validation Loss: 6.0713
Epoch 191/1000, Train Loss: 6.2071, Validation Loss: 6.0608
Epoch 192/1000, Train Loss: 6.2153, Validation Loss: 6.0745
Epoch 193/1000, Train Loss: 279.1722, Validation Loss: 6.6810
Epoch 194/1000, Train Loss: 6.2938, Validation Loss: 6.0688
Epoch 195/1000, Train Loss: 593.8429, Validation Loss: 6.0723
Epoch 196/1000, Train Loss: 6.7183, Validation Loss: 6.0583
Epoch 197/1000, Train Loss: 6.7671, Validation Loss: 6.0845
Epoch 198/1000, Train Loss: 229.0544, Validation Loss: 6.0638
Epoch 199/1000, Train Loss: 6.1891, Validation Loss: 6.2337
Epoch 200/1000, Train Loss: 6.1957, Validation Loss: 6.1952
Epoch 201/1000, Train Loss: 13.3255, Validation Loss: 6.0835
Epoch 202/1000, Train Loss: 6.2908, Validation Loss: 6.0810
Epoch 203/1000, Train Loss: 80.1887, Validation Loss: 6.0567
Epoch 204/1000, Train Loss: 6.2492, Validation Loss: 6.2223
Epoch 205/1000, Train Loss: 7.9325, Validation Loss: 6.1096
Epoch 206/1000, Train Loss: 6.2134, Validation Loss: 6.0578
Epoch 207/1000, Train Loss: 6.6447, Validation Loss: 6.0601
Epoch 208/1000, Train Loss: 9.2449, Validation Loss: 6.0565
Epoch 209/1000, Train Loss: 6.2156, Validation Loss: 6.1167
Epoch 210/1000, Train Loss: 10.5932, Validation Loss: 6.0905
Epoch 211/1000, Train Loss: 6.2553, Validation Loss: 6.0601
Epoch 212/1000, Train Loss: 6.9561, Validation Loss: 6.0966
Epoch 213/1000, Train Loss: 6.7007, Validation Loss: 6.2574
Epoch 214/1000, Train Loss: 8.3108, Validation Loss: 6.0563
Epoch 215/1000, Train Loss: 6.9851, Validation Loss: 6.1016
Epoch 216/1000, Train Loss: 6.1826, Validation Loss: 6.0591
Epoch 217/1000, Train Loss: 6.2138, Validation Loss: 6.0588
Epoch 218/1000, Train Loss: 1354.3871, Validation Loss: 6.0665
Epoch 219/1000, Train Loss: 6.1852, Validation Loss: 6.6423
Epoch 220/1000, Train Loss: 6.1950, Validation Loss: 6.0945
Epoch 221/1000, Train Loss: 17.1909, Validation Loss: 6.3578
Epoch 222/1000, Train Loss: 6.1577, Validation Loss: 6.0565
Epoch 223/1000, Train Loss: 6.2030, Validation Loss: 6.1999
Epoch 224/1000, Train Loss: 14.2432, Validation Loss: 6.0957
Epoch 225/1000, Train Loss: 6.1966, Validation Loss: 6.0714
Epoch 226/1000, Train Loss: 7.5483, Validation Loss: 6.0794
Epoch 227/1000, Train Loss: 6.2008, Validation Loss: 6.0630
Epoch 228/1000, Train Loss: 6.5419, Validation Loss: 6.0975
Epoch 229/1000, Train Loss: 754.0088, Validation Loss: 6.2738
Epoch 230/1000, Train Loss: 8.7860, Validation Loss: 6.5379
Epoch 231/1000, Train Loss: 9.7874, Validation Loss: 6.0585
Epoch 232/1000, Train Loss: 6.2066, Validation Loss: 6.1170
Epoch 233/1000, Train Loss: 6.3228, Validation Loss: 6.2216
Epoch 234/1000, Train Loss: 20.9668, Validation Loss: 6.1812
Epoch 235/1000, Train Loss: 29.9256, Validation Loss: 6.0568
Epoch 236/1000, Train Loss: 6.2082, Validation Loss: 6.1313
Epoch 237/1000, Train Loss: 4729.4271, Validation Loss: 6.1792
Epoch 238/1000, Train Loss: 6.1657, Validation Loss: 6.0563
Epoch 239/1000, Train Loss: 58.8879, Validation Loss: 6.0571
Epoch 240/1000, Train Loss: 8.6181, Validation Loss: 910.7243
Epoch 241/1000, Train Loss: 2.3801, Validation Loss: 1.6344
Epoch 242/1000, Train Loss: 2.1691, Validation Loss: 1.2646
Epoch 243/1000, Train Loss: 1.6248, Validation Loss: 1.4425
Epoch 244/1000, Train Loss: 1.4082, Validation Loss: 1.5818
Epoch 245/1000, Train Loss: 1.3664, Validation Loss: 1.6365
Epoch 246/1000, Train Loss: 1.3509, Validation Loss: 1.7431
Epoch 247/1000, Train Loss: 1.5522, Validation Loss: 2.3914
Epoch 248/1000, Train Loss: 1.2464, Validation Loss: 1.7716
Epoch 249/1000, Train Loss: 1.2679, Validation Loss: 1.4728
Epoch 250/1000, Train Loss: 1.7923, Validation Loss: 1.6667
Epoch 251/1000, Train Loss: 1.2628, Validation Loss: 1.4832
Epoch 252/1000, Train Loss: 1.2700, Validation Loss: 2.6558
Epoch 253/1000, Train Loss: 1.2003, Validation Loss: 1.5848
Epoch 254/1000, Train Loss: 1.2071, Validation Loss: 1.1990
Epoch 255/1000, Train Loss: 1.1566, Validation Loss: 1.0846
Epoch 256/1000, Train Loss: 8.1919, Validation Loss: 1.7495
Epoch 257/1000, Train Loss: 1.1471, Validation Loss: 1.2063
Epoch 258/1000, Train Loss: 1.1128, Validation Loss: 3.0268
Epoch 259/1000, Train Loss: 1.3141, Validation Loss: 1.4380
Epoch 260/1000, Train Loss: 1.0631, Validation Loss: 1.8662
Epoch 261/1000, Train Loss: 1.0513, Validation Loss: 2.7070
Epoch 262/1000, Train Loss: 1.0379, Validation Loss: 0.9661
Epoch 263/1000, Train Loss: 0.9784, Validation Loss: 1.8625
Epoch 264/1000, Train Loss: 1.9110, Validation Loss: 7.0272
Epoch 265/1000, Train Loss: 1.0797, Validation Loss: 1.9269
Epoch 266/1000, Train Loss: 1.0230, Validation Loss: 1.0276
Epoch 267/1000, Train Loss: 0.9788, Validation Loss: 1.7058
Epoch 268/1000, Train Loss: 0.9039, Validation Loss: 4.1021
Epoch 269/1000, Train Loss: 0.9259, Validation Loss: 1.2821
Epoch 270/1000, Train Loss: 1.0065, Validation Loss: 2.0071
Epoch 271/1000, Train Loss: 0.8790, Validation Loss: 1.4809
Epoch 272/1000, Train Loss: 0.8735, Validation Loss: 0.8148
Epoch 273/1000, Train Loss: 0.8398, Validation Loss: 2.0785
Epoch 274/1000, Train Loss: 0.9562, Validation Loss: 3.7818
Epoch 275/1000, Train Loss: 0.8562, Validation Loss: 2.0332
Epoch 276/1000, Train Loss: 0.8607, Validation Loss: 1.6424
Epoch 277/1000, Train Loss: 1.1123, Validation Loss: 0.8122
Epoch 278/1000, Train Loss: 0.8520, Validation Loss: 1.8834
Epoch 279/1000, Train Loss: 0.8316, Validation Loss: 2.8826
Epoch 280/1000, Train Loss: 0.8709, Validation Loss: 0.9328
Epoch 281/1000, Train Loss: 0.8440, Validation Loss: 1.4664
Epoch 282/1000, Train Loss: 0.8676, Validation Loss: 1.0402
Epoch 283/1000, Train Loss: 0.8477, Validation Loss: 1.5792
Epoch 284/1000, Train Loss: 15.0946, Validation Loss: 8.5214
Epoch 285/1000, Train Loss: 0.9555, Validation Loss: 2.1550
Epoch 286/1000, Train Loss: 0.8559, Validation Loss: 1.9305
Epoch 287/1000, Train Loss: 0.8437, Validation Loss: 0.8047
Epoch 288/1000, Train Loss: 0.8309, Validation Loss: 0.7081
Epoch 289/1000, Train Loss: 3.8875, Validation Loss: 0.9841
Epoch 290/1000, Train Loss: 0.8390, Validation Loss: 0.8728
Epoch 291/1000, Train Loss: 0.8234, Validation Loss: 1.4247
Epoch 292/1000, Train Loss: 0.8036, Validation Loss: 1.0962
Epoch 293/1000, Train Loss: 58.9404, Validation Loss: 0.9795
Epoch 294/1000, Train Loss: 0.8064, Validation Loss: 3.7813
Epoch 295/1000, Train Loss: 0.8339, Validation Loss: 1.8220
Epoch 296/1000, Train Loss: 11.0684, Validation Loss: 1.9057
Epoch 297/1000, Train Loss: 5.7946, Validation Loss: 2.5581
Epoch 298/1000, Train Loss: 0.7905, Validation Loss: 0.8342
Epoch 299/1000, Train Loss: 1.0622, Validation Loss: 0.7770
Epoch 300/1000, Train Loss: 0.8077, Validation Loss: 1.3202
Epoch 301/1000, Train Loss: 0.8173, Validation Loss: 1.6683
Epoch 302/1000, Train Loss: 0.8062, Validation Loss: 0.9713
Epoch 303/1000, Train Loss: 2.1531, Validation Loss: 2.2188
Epoch 304/1000, Train Loss: 0.8921, Validation Loss: 4.6644
Epoch 305/1000, Train Loss: 0.8196, Validation Loss: 2.5384
Epoch 306/1000, Train Loss: 0.8139, Validation Loss: 0.7568
Epoch 307/1000, Train Loss: 1.2901, Validation Loss: 1.0659
Epoch 308/1000, Train Loss: 0.8200, Validation Loss: 1.3054
Epoch 309/1000, Train Loss: 0.7981, Validation Loss: 1.8032
Epoch 310/1000, Train Loss: 0.8129, Validation Loss: 1.7030
Epoch 311/1000, Train Loss: 0.8141, Validation Loss: 1.8079
Epoch 312/1000, Train Loss: 1.1404, Validation Loss: 2.1150
Epoch 313/1000, Train Loss: 0.8029, Validation Loss: 3.9352
Epoch 314/1000, Train Loss: 0.7808, Validation Loss: 1.7620
Epoch 315/1000, Train Loss: 29.1653, Validation Loss: 1.9028
Epoch 316/1000, Train Loss: 1.0488, Validation Loss: 1.5653
Epoch 317/1000, Train Loss: 0.8071, Validation Loss: 1.2172
Epoch 318/1000, Train Loss: 0.8492, Validation Loss: 0.8958
Epoch 319/1000, Train Loss: 0.8354, Validation Loss: 3.8222
Epoch 320/1000, Train Loss: 9.6332, Validation Loss: 0.8796
Epoch 321/1000, Train Loss: 0.8415, Validation Loss: 1.6225
Epoch 322/1000, Train Loss: 0.7989, Validation Loss: 1.2755
Epoch 323/1000, Train Loss: 0.7772, Validation Loss: 0.9283
Epoch 324/1000, Train Loss: 1.4782, Validation Loss: 1.2362
Epoch 325/1000, Train Loss: 0.7882, Validation Loss: 1.9633
Epoch 326/1000, Train Loss: 0.8174, Validation Loss: 1.9591
Epoch 327/1000, Train Loss: 0.7557, Validation Loss: 1.2648
Epoch 328/1000, Train Loss: 0.7836, Validation Loss: 3.0770
Epoch 329/1000, Train Loss: 0.8893, Validation Loss: 0.8676
Epoch 330/1000, Train Loss: 0.7697, Validation Loss: 1.3709
Epoch 331/1000, Train Loss: 0.7725, Validation Loss: 2.5863
Epoch 332/1000, Train Loss: 49.9600, Validation Loss: 2.4266
Epoch 333/1000, Train Loss: 2.5577, Validation Loss: 3.4945
Epoch 334/1000, Train Loss: 0.7550, Validation Loss: 2.5069
Epoch 335/1000, Train Loss: 0.7823, Validation Loss: 0.6786
Epoch 336/1000, Train Loss: 1.0827, Validation Loss: 2.2384
Epoch 337/1000, Train Loss: 0.7700, Validation Loss: 1.1580
Epoch 338/1000, Train Loss: 0.7620, Validation Loss: 2.0791
Epoch 339/1000, Train Loss: 1.1302, Validation Loss: 3.4528
Epoch 340/1000, Train Loss: 0.7961, Validation Loss: 0.7538
Epoch 341/1000, Train Loss: 1.0783, Validation Loss: 0.8071
Epoch 342/1000, Train Loss: 0.9694, Validation Loss: 1.6207
Epoch 343/1000, Train Loss: 0.7688, Validation Loss: 0.7099
Epoch 344/1000, Train Loss: 0.7582, Validation Loss: 3.1909
Epoch 345/1000, Train Loss: 0.8135, Validation Loss: 1.3887
Epoch 346/1000, Train Loss: 0.7834, Validation Loss: 0.7854
Epoch 347/1000, Train Loss: 0.7630, Validation Loss: 0.7332
Epoch 348/1000, Train Loss: 0.7852, Validation Loss: 1.7012
Epoch 349/1000, Train Loss: 2.1673, Validation Loss: 2.7306
Epoch 350/1000, Train Loss: 0.7911, Validation Loss: 2.9379
Epoch 351/1000, Train Loss: 0.7903, Validation Loss: 2.8029
Epoch 352/1000, Train Loss: 0.7611, Validation Loss: 2.0224
Epoch 353/1000, Train Loss: 0.8778, Validation Loss: 0.9704
Epoch 354/1000, Train Loss: 0.7700, Validation Loss: 4.1504
Epoch 355/1000, Train Loss: 3.0224, Validation Loss: 4.4645
Epoch 356/1000, Train Loss: 0.7732, Validation Loss: 1.3775
Epoch 357/1000, Train Loss: 2.2518, Validation Loss: 1.5667
Epoch 358/1000, Train Loss: 0.9851, Validation Loss: 1.7385
Epoch 359/1000, Train Loss: 0.7581, Validation Loss: 2.5367
Epoch 360/1000, Train Loss: 0.7804, Validation Loss: 0.8619
Epoch 361/1000, Train Loss: 0.7859, Validation Loss: 1.3512
Epoch 362/1000, Train Loss: 0.7578, Validation Loss: 1.5535
Epoch 363/1000, Train Loss: 1.1128, Validation Loss: 4.1362
Epoch 364/1000, Train Loss: 0.7949, Validation Loss: 2.1354
Epoch 365/1000, Train Loss: 0.7716, Validation Loss: 0.8622
Epoch 366/1000, Train Loss: 1.1806, Validation Loss: 1.4084
Epoch 367/1000, Train Loss: 0.7970, Validation Loss: 0.6866
Epoch 368/1000, Train Loss: 0.7432, Validation Loss: 2.2918
Epoch 369/1000, Train Loss: 0.7684, Validation Loss: 1.7274
Epoch 370/1000, Train Loss: 23.9206, Validation Loss: 1.4664
Epoch 371/1000, Train Loss: 0.7764, Validation Loss: 3.2965
Epoch 372/1000, Train Loss: 0.7760, Validation Loss: 2.7093
Epoch 373/1000, Train Loss: 0.7318, Validation Loss: 0.6429
Epoch 374/1000, Train Loss: 465.5070, Validation Loss: 1.7859
Epoch 375/1000, Train Loss: 0.8001, Validation Loss: 1.2534
Epoch 376/1000, Train Loss: 0.7675, Validation Loss: 2.6176
Epoch 377/1000, Train Loss: 2.1431, Validation Loss: 3.2885
Epoch 378/1000, Train Loss: 1.0221, Validation Loss: 2.4225
Epoch 379/1000, Train Loss: 0.7454, Validation Loss: 3.7351
Epoch 380/1000, Train Loss: 0.7589, Validation Loss: 2.8845
Epoch 381/1000, Train Loss: 0.7526, Validation Loss: 2.2218
Epoch 382/1000, Train Loss: 4.0861, Validation Loss: 0.9331
Epoch 383/1000, Train Loss: 0.7962, Validation Loss: 4.2651
Epoch 384/1000, Train Loss: 0.8423, Validation Loss: 1.3940
Epoch 385/1000, Train Loss: 0.7515, Validation Loss: 3.1807
Epoch 386/1000, Train Loss: 0.7484, Validation Loss: 2.5237
Epoch 387/1000, Train Loss: 2.2351, Validation Loss: 0.8586
Epoch 388/1000, Train Loss: 0.7700, Validation Loss: 1.6884
Epoch 389/1000, Train Loss: 0.7751, Validation Loss: 1.6742
Epoch 390/1000, Train Loss: 0.7817, Validation Loss: 0.7062
Epoch 391/1000, Train Loss: 60.8097, Validation Loss: 6.8023
Epoch 392/1000, Train Loss: 8.8071, Validation Loss: 6.0676
Epoch 393/1000, Train Loss: 6.3728, Validation Loss: 4.0010
Epoch 394/1000, Train Loss: 1.2963, Validation Loss: 4.4608
Epoch 395/1000, Train Loss: 0.9463, Validation Loss: 2.3817
Epoch 396/1000, Train Loss: 0.8184, Validation Loss: 0.8944
Epoch 397/1000, Train Loss: 0.8078, Validation Loss: 1.6834
Epoch 398/1000, Train Loss: 0.7801, Validation Loss: 1.4022
Epoch 399/1000, Train Loss: 0.7972, Validation Loss: 1.6854
Epoch 400/1000, Train Loss: 1.2979, Validation Loss: 2.9899
Epoch 401/1000, Train Loss: 0.8479, Validation Loss: 1.2379
Epoch 402/1000, Train Loss: 0.7680, Validation Loss: 3.5618
Epoch 403/1000, Train Loss: 0.9965, Validation Loss: 1.9897
Epoch 404/1000, Train Loss: 0.8195, Validation Loss: 2.4466
Epoch 405/1000, Train Loss: 0.7588, Validation Loss: 2.9496
Epoch 406/1000, Train Loss: 0.7783, Validation Loss: 2.6117
Epoch 407/1000, Train Loss: 1.3039, Validation Loss: 3.7155
Epoch 408/1000, Train Loss: 0.9365, Validation Loss: 0.8216
Epoch 409/1000, Train Loss: 0.7581, Validation Loss: 2.1861
Epoch 410/1000, Train Loss: 0.7427, Validation Loss: 1.4765
Epoch 411/1000, Train Loss: 0.7586, Validation Loss: 0.8273
Epoch 412/1000, Train Loss: 1.0813, Validation Loss: 0.9385
Epoch 413/1000, Train Loss: 0.7422, Validation Loss: 0.7462
Epoch 414/1000, Train Loss: 0.7769, Validation Loss: 0.8632
Epoch 415/1000, Train Loss: 0.8260, Validation Loss: 2.9054
Epoch 416/1000, Train Loss: 0.7392, Validation Loss: 0.6700
Epoch 417/1000, Train Loss: 0.7279, Validation Loss: 1.5597
Epoch 418/1000, Train Loss: 55.5890, Validation Loss: 1.9887
Epoch 419/1000, Train Loss: 0.7652, Validation Loss: 1.9600
Epoch 420/1000, Train Loss: 0.7759, Validation Loss: 1.8343
Epoch 421/1000, Train Loss: 1.2081, Validation Loss: 3.6404
Epoch 422/1000, Train Loss: 0.8475, Validation Loss: 2.9622
Epoch 423/1000, Train Loss: 0.7508, Validation Loss: 3.3712
Epoch 424/1000, Train Loss: 0.7725, Validation Loss: 0.9788
Epoch 425/1000, Train Loss: 1548.8987, Validation Loss: 3.9577
Epoch 426/1000, Train Loss: 1.8396, Validation Loss: 1.4443
Epoch 427/1000, Train Loss: 0.7554, Validation Loss: 1.4168
Epoch 428/1000, Train Loss: 0.7775, Validation Loss: 1.0729
Epoch 429/1000, Train Loss: 0.7954, Validation Loss: 4.5796
Epoch 430/1000, Train Loss: 0.7804, Validation Loss: 1.4381
Epoch 431/1000, Train Loss: 0.7824, Validation Loss: 3.9424
Epoch 432/1000, Train Loss: 0.7694, Validation Loss: 2.6380
Epoch 433/1000, Train Loss: 3.6882, Validation Loss: 1.8651
Epoch 434/1000, Train Loss: 0.7732, Validation Loss: 1.5949
Epoch 435/1000, Train Loss: 0.8991, Validation Loss: 1.0971
Epoch 436/1000, Train Loss: 0.7783, Validation Loss: 1.5710
Epoch 437/1000, Train Loss: 0.8687, Validation Loss: 2.2128
Epoch 438/1000, Train Loss: 0.7928, Validation Loss: 1.0736
Epoch 439/1000, Train Loss: 0.7822, Validation Loss: 1.1369
Epoch 440/1000, Train Loss: 14.0612, Validation Loss: 2.0362
Epoch 441/1000, Train Loss: 0.8059, Validation Loss: 1.8899
Epoch 442/1000, Train Loss: 0.8403, Validation Loss: 1.0664
Epoch 443/1000, Train Loss: 0.8350, Validation Loss: 3.4643
Epoch 444/1000, Train Loss: 0.7572, Validation Loss: 1.0656
Epoch 445/1000, Train Loss: 0.7645, Validation Loss: 1.9802
Epoch 446/1000, Train Loss: 0.7361, Validation Loss: 2.8485
Epoch 447/1000, Train Loss: 0.7849, Validation Loss: 2.2039
Epoch 448/1000, Train Loss: 0.7760, Validation Loss: 1.8938
Epoch 449/1000, Train Loss: 0.7490, Validation Loss: 2.2896
Epoch 450/1000, Train Loss: 0.8835, Validation Loss: 1.7997
Epoch 451/1000, Train Loss: 1.2521, Validation Loss: 27.4978
Epoch 452/1000, Train Loss: 4.8383, Validation Loss: 2.4992
Epoch 453/1000, Train Loss: 1.6054, Validation Loss: 1.4779
Epoch 454/1000, Train Loss: 1.3879, Validation Loss: 1.3456
Epoch 455/1000, Train Loss: 1.2842, Validation Loss: 2.1175
Epoch 456/1000, Train Loss: 1.2386, Validation Loss: 1.0427
Epoch 457/1000, Train Loss: 1.1443, Validation Loss: 1.1819
Epoch 458/1000, Train Loss: 1.2962, Validation Loss: 1.1293
Epoch 459/1000, Train Loss: 1.1186, Validation Loss: 1.0919
Epoch 460/1000, Train Loss: 1.2083, Validation Loss: 1.1420
Epoch 461/1000, Train Loss: 1.0279, Validation Loss: 1.1472
Epoch 462/1000, Train Loss: 1.0789, Validation Loss: 1.6434
Epoch 463/1000, Train Loss: 1.1382, Validation Loss: 1.0003
Epoch 464/1000, Train Loss: 1.0614, Validation Loss: 1.1544
Epoch 465/1000, Train Loss: 2.2536, Validation Loss: 1.1491
Epoch 466/1000, Train Loss: 1.0390, Validation Loss: 0.8635
Epoch 467/1000, Train Loss: 1.1144, Validation Loss: 1.0723
Epoch 468/1000, Train Loss: 2.0038, Validation Loss: 2.7597
Epoch 469/1000, Train Loss: 1.1199, Validation Loss: 2.2739
Epoch 470/1000, Train Loss: 1.0809, Validation Loss: 0.8893
Epoch 471/1000, Train Loss: 1.1664, Validation Loss: 3.8238
Epoch 472/1000, Train Loss: 1.0369, Validation Loss: 1.0423
Epoch 473/1000, Train Loss: 1.0427, Validation Loss: 2.0547
Epoch 474/1000, Train Loss: 1.0058, Validation Loss: 0.8183
Epoch 475/1000, Train Loss: 27.1586, Validation Loss: 1.5112
Epoch 476/1000, Train Loss: 1.0121, Validation Loss: 1.0432
Epoch 477/1000, Train Loss: 1.0551, Validation Loss: 2.6754
Epoch 478/1000, Train Loss: 21.2433, Validation Loss: 6.0604
Epoch 479/1000, Train Loss: 4.6517, Validation Loss: 2.4177
Epoch 480/1000, Train Loss: 1.0698, Validation Loss: 1.7160
Epoch 481/1000, Train Loss: 0.9925, Validation Loss: 1.6909
Epoch 482/1000, Train Loss: 1.1273, Validation Loss: 1.0985
Epoch 483/1000, Train Loss: 0.9675, Validation Loss: 2.2710
Epoch 484/1000, Train Loss: 0.9496, Validation Loss: 1.6562
Epoch 485/1000, Train Loss: 0.9608, Validation Loss: 1.4433
Epoch 486/1000, Train Loss: 0.9553, Validation Loss: 0.8572
Epoch 487/1000, Train Loss: 6.5463, Validation Loss: 6.4259
Epoch 488/1000, Train Loss: 72.7470, Validation Loss: 6.0638
Epoch 489/1000, Train Loss: 4.3462, Validation Loss: 2.4021
Epoch 490/1000, Train Loss: 1.6875, Validation Loss: 2.4409
Epoch 491/1000, Train Loss: 1.5508, Validation Loss: 1.6025
Epoch 492/1000, Train Loss: 1.3463, Validation Loss: 1.2600
Epoch 493/1000, Train Loss: 1.3087, Validation Loss: 1.3446
Epoch 494/1000, Train Loss: 1.2389, Validation Loss: 1.2787
Epoch 495/1000, Train Loss: 1.2899, Validation Loss: 2.0848
Epoch 496/1000, Train Loss: 1.2353, Validation Loss: 2.8221
Epoch 497/1000, Train Loss: 1901.0476, Validation Loss: 2.3518
Epoch 498/1000, Train Loss: 1.2214, Validation Loss: 1.7422
Epoch 499/1000, Train Loss: 1.1987, Validation Loss: 1.0622
Epoch 500/1000, Train Loss: 1337.8805, Validation Loss: 1.3758
Epoch 501/1000, Train Loss: 1.2527, Validation Loss: 1.0703
Epoch 502/1000, Train Loss: 1.1858, Validation Loss: 1.3113
Epoch 503/1000, Train Loss: 1.1642, Validation Loss: 1.0445
Epoch 504/1000, Train Loss: 1.1049, Validation Loss: 1.3653
Epoch 505/1000, Train Loss: 1.4240, Validation Loss: 1.0420
Epoch 506/1000, Train Loss: 1.1133, Validation Loss: 0.9951
Epoch 507/1000, Train Loss: 5237.3139, Validation Loss: 1.3204
Epoch 508/1000, Train Loss: 1.2476, Validation Loss: 1.2692
Epoch 509/1000, Train Loss: 1.1364, Validation Loss: 2.2324
Epoch 510/1000, Train Loss: 1.1293, Validation Loss: 1.3973
Epoch 511/1000, Train Loss: 1.1030, Validation Loss: 0.8826
Epoch 512/1000, Train Loss: 2.9569, Validation Loss: 1.1664
Epoch 513/1000, Train Loss: 1.7873, Validation Loss: 1.5040
Epoch 514/1000, Train Loss: 1.1268, Validation Loss: 1.2454
Epoch 515/1000, Train Loss: 1.0552, Validation Loss: 0.9144
Epoch 516/1000, Train Loss: 1.1256, Validation Loss: 1.1624
Epoch 517/1000, Train Loss: 1.1201, Validation Loss: 1.3837
Epoch 518/1000, Train Loss: 4.8435, Validation Loss: 1.9393
Epoch 519/1000, Train Loss: 1.4121, Validation Loss: 0.9204
Epoch 520/1000, Train Loss: 1.0719, Validation Loss: 1.4026
Epoch 521/1000, Train Loss: 1.0631, Validation Loss: 1.0771
Epoch 522/1000, Train Loss: 4390.2921, Validation Loss: 1.0704
Epoch 523/1000, Train Loss: 1.1306, Validation Loss: 2.1727
Epoch 524/1000, Train Loss: 1.1021, Validation Loss: 1.6838
Epoch 525/1000, Train Loss: 1.1104, Validation Loss: 1.2358
Epoch 526/1000, Train Loss: 1.0817, Validation Loss: 0.8607
Epoch 527/1000, Train Loss: 1.0971, Validation Loss: 0.8996
Epoch 528/1000, Train Loss: 1.3951, Validation Loss: 1.5254
Epoch 529/1000, Train Loss: 1.0970, Validation Loss: 0.9136
Epoch 530/1000, Train Loss: 1.0650, Validation Loss: 1.5399
Epoch 531/1000, Train Loss: 1.7677, Validation Loss: 2.8727
Epoch 532/1000, Train Loss: 1.2359, Validation Loss: 2.6834
Epoch 533/1000, Train Loss: 1.0922, Validation Loss: 1.2581
Epoch 534/1000, Train Loss: 2.2056, Validation Loss: 2.0373
Epoch 535/1000, Train Loss: 1.0625, Validation Loss: 1.0646
Epoch 536/1000, Train Loss: 1.0134, Validation Loss: 1.8204
Epoch 537/1000, Train Loss: 1.4629, Validation Loss: 2.1889
Epoch 538/1000, Train Loss: 1.0437, Validation Loss: 1.2469
Epoch 539/1000, Train Loss: 7.4815, Validation Loss: 1.9570
Epoch 540/1000, Train Loss: 1.2483, Validation Loss: 1.1167
Epoch 541/1000, Train Loss: 1.0804, Validation Loss: 1.4323
Epoch 542/1000, Train Loss: 1.0364, Validation Loss: 2.1276
Epoch 543/1000, Train Loss: 1.0373, Validation Loss: 1.0470
Epoch 544/1000, Train Loss: 3.9961, Validation Loss: 2.7755
Epoch 545/1000, Train Loss: 1.1766, Validation Loss: 1.0890
Epoch 546/1000, Train Loss: 1.6155, Validation Loss: 2.0565
Epoch 547/1000, Train Loss: 1.0275, Validation Loss: 1.4171
Epoch 548/1000, Train Loss: 1.0698, Validation Loss: 0.8484
Epoch 549/1000, Train Loss: 1.0427, Validation Loss: 1.1554
Epoch 550/1000, Train Loss: 153870.1177, Validation Loss: 6389412.1790
Epoch 551/1000, Train Loss: 76.2471, Validation Loss: 6.0884
Epoch 552/1000, Train Loss: 6.2582, Validation Loss: 6.0920
Epoch 553/1000, Train Loss: 5.9870, Validation Loss: 15.5563
Epoch 554/1000, Train Loss: 1.6119, Validation Loss: 1.7999
Epoch 555/1000, Train Loss: 1.3070, Validation Loss: 1.9930
Epoch 556/1000, Train Loss: 1.1609, Validation Loss: 1.3506
Epoch 557/1000, Train Loss: 1.1134, Validation Loss: 4.7500
Epoch 558/1000, Train Loss: 1.0961, Validation Loss: 1.1913
Epoch 559/1000, Train Loss: 1.0797, Validation Loss: 1.0861
Epoch 560/1000, Train Loss: 1.1018, Validation Loss: 1.6219
Epoch 561/1000, Train Loss: 1.0520, Validation Loss: 1.4386
Epoch 562/1000, Train Loss: 1.0654, Validation Loss: 2.0612
Epoch 563/1000, Train Loss: 1.0195, Validation Loss: 2.5867
Epoch 564/1000, Train Loss: 42.5215, Validation Loss: 1.2534
Epoch 565/1000, Train Loss: 1.0153, Validation Loss: 1.0305
Epoch 566/1000, Train Loss: 1.0291, Validation Loss: 0.8984
Epoch 567/1000, Train Loss: 0.9672, Validation Loss: 2.7073
Epoch 568/1000, Train Loss: 17.9363, Validation Loss: 2.3217
Epoch 569/1000, Train Loss: 1.1950, Validation Loss: 0.9024
Epoch 570/1000, Train Loss: 0.9217, Validation Loss: 2.5109
Epoch 571/1000, Train Loss: 0.9169, Validation Loss: 1.9230
Epoch 572/1000, Train Loss: 1.0072, Validation Loss: 0.7780
Epoch 573/1000, Train Loss: 0.8804, Validation Loss: 5.4657
Epoch 574/1000, Train Loss: 0.9012, Validation Loss: 1.0610
Epoch 575/1000, Train Loss: 0.8900, Validation Loss: 1.3578
Epoch 576/1000, Train Loss: 0.8287, Validation Loss: 2.6584
Epoch 577/1000, Train Loss: 0.8176, Validation Loss: 1.8052
Epoch 578/1000, Train Loss: 419.2182, Validation Loss: 1.4264
Epoch 579/1000, Train Loss: 1.0092, Validation Loss: 2.2766
Epoch 580/1000, Train Loss: 0.8461, Validation Loss: 1.1653
Epoch 581/1000, Train Loss: 0.8405, Validation Loss: 0.8808
Epoch 582/1000, Train Loss: 0.8336, Validation Loss: 0.8906
Epoch 583/1000, Train Loss: 1.2105, Validation Loss: 2.5293
Epoch 584/1000, Train Loss: 0.8251, Validation Loss: 0.9486
Epoch 585/1000, Train Loss: 6.0122, Validation Loss: 1.9085
Epoch 586/1000, Train Loss: 0.8424, Validation Loss: 1.7354
Epoch 587/1000, Train Loss: 0.8534, Validation Loss: 1.7286
Epoch 588/1000, Train Loss: 0.8238, Validation Loss: 1.7157
Epoch 589/1000, Train Loss: 58.4497, Validation Loss: 5.3039
Epoch 590/1000, Train Loss: 0.8618, Validation Loss: 1.7965
Epoch 591/1000, Train Loss: 0.8154, Validation Loss: 2.9822
Epoch 592/1000, Train Loss: 0.7994, Validation Loss: 2.1187
Epoch 593/1000, Train Loss: 0.7721, Validation Loss: 0.8169
Epoch 594/1000, Train Loss: 0.7988, Validation Loss: 0.8443
Epoch 595/1000, Train Loss: 2.9247, Validation Loss: 2.0600
Epoch 596/1000, Train Loss: 0.7777, Validation Loss: 1.3471
Epoch 597/1000, Train Loss: 0.7795, Validation Loss: 1.3958
Epoch 598/1000, Train Loss: 0.7917, Validation Loss: 1.0047
Epoch 599/1000, Train Loss: 2.2920, Validation Loss: 1.6087
Epoch 600/1000, Train Loss: 0.8412, Validation Loss: 1.2169
Epoch 601/1000, Train Loss: 0.7942, Validation Loss: 3.9390
Epoch 602/1000, Train Loss: 2.2660, Validation Loss: 3.0103
Epoch 603/1000, Train Loss: 0.7703, Validation Loss: 1.4966
Epoch 604/1000, Train Loss: 0.7656, Validation Loss: 1.8802
Epoch 605/1000, Train Loss: 0.7961, Validation Loss: 0.8401
Epoch 606/1000, Train Loss: 0.7975, Validation Loss: 4.5245
Epoch 607/1000, Train Loss: 0.7792, Validation Loss: 4.1183
Epoch 608/1000, Train Loss: 0.8115, Validation Loss: 2.9860
Epoch 609/1000, Train Loss: 54.3640, Validation Loss: 2.6557
Epoch 610/1000, Train Loss: 0.7644, Validation Loss: 1.2940
Epoch 611/1000, Train Loss: 0.9482, Validation Loss: 0.9414
Epoch 612/1000, Train Loss: 0.7571, Validation Loss: 1.4151
Epoch 613/1000, Train Loss: 0.7575, Validation Loss: 2.4643
Epoch 614/1000, Train Loss: 0.7693, Validation Loss: 0.7350
Epoch 615/1000, Train Loss: 1.5293, Validation Loss: 1.7782
Epoch 616/1000, Train Loss: 0.7431, Validation Loss: 1.1211
Epoch 617/1000, Train Loss: 0.7832, Validation Loss: 1.1283
Epoch 618/1000, Train Loss: 10.5371, Validation Loss: 1.1742
Epoch 619/1000, Train Loss: 0.7576, Validation Loss: 1.1543
Epoch 620/1000, Train Loss: 1.0116, Validation Loss: 2.1687
Epoch 621/1000, Train Loss: 0.7654, Validation Loss: 1.9896
Epoch 622/1000, Train Loss: 0.7530, Validation Loss: 12.7917
Epoch 623/1000, Train Loss: 0.9600, Validation Loss: 0.8818
Epoch 624/1000, Train Loss: 0.7655, Validation Loss: 1.1463
Epoch 625/1000, Train Loss: 0.7929, Validation Loss: 1.1655
Epoch 626/1000, Train Loss: 0.7576, Validation Loss: 1.3035
Epoch 627/1000, Train Loss: 715.0409, Validation Loss: 1.7820
Epoch 628/1000, Train Loss: 0.7587, Validation Loss: 3.2956
Epoch 629/1000, Train Loss: 0.8645, Validation Loss: 0.7850
Epoch 630/1000, Train Loss: 0.7652, Validation Loss: 1.0062
Epoch 631/1000, Train Loss: 0.7587, Validation Loss: 1.0367
Epoch 632/1000, Train Loss: 0.7581, Validation Loss: 2.0095
Epoch 633/1000, Train Loss: 0.7695, Validation Loss: 1.3715
Epoch 634/1000, Train Loss: 0.7519, Validation Loss: 1.0912
Epoch 635/1000, Train Loss: 16.1223, Validation Loss: 2.7338
Epoch 636/1000, Train Loss: 0.7671, Validation Loss: 1.3164
Epoch 637/1000, Train Loss: 0.8029, Validation Loss: 5.0988
Epoch 638/1000, Train Loss: 0.7636, Validation Loss: 1.2844
Epoch 639/1000, Train Loss: 0.7645, Validation Loss: 2.8995
Epoch 640/1000, Train Loss: 6.5497, Validation Loss: 1.5783
Epoch 641/1000, Train Loss: 0.8135, Validation Loss: 1.4753
Epoch 642/1000, Train Loss: 0.7734, Validation Loss: 3.1532
Epoch 643/1000, Train Loss: 0.7503, Validation Loss: 0.9246
Epoch 644/1000, Train Loss: 0.7646, Validation Loss: 3.9699
Epoch 645/1000, Train Loss: 1.2209, Validation Loss: 6.1443
Epoch 646/1000, Train Loss: 0.7830, Validation Loss: 1.4921
Epoch 647/1000, Train Loss: 0.7478, Validation Loss: 2.3260
Epoch 648/1000, Train Loss: 0.7422, Validation Loss: 2.0091
Epoch 649/1000, Train Loss: 0.7488, Validation Loss: 1.2835
Epoch 650/1000, Train Loss: 22.3069, Validation Loss: 2.8129
Epoch 651/1000, Train Loss: 0.7663, Validation Loss: 3.4741
Epoch 652/1000, Train Loss: 0.7598, Validation Loss: 0.9570
Epoch 653/1000, Train Loss: 0.7460, Validation Loss: 1.8397
Epoch 654/1000, Train Loss: 4.1492, Validation Loss: 1.1444
Epoch 655/1000, Train Loss: 0.7411, Validation Loss: 1.3931
Epoch 656/1000, Train Loss: 0.7318, Validation Loss: 1.3135
Epoch 657/1000, Train Loss: 0.7829, Validation Loss: 1.8753
Epoch 658/1000, Train Loss: 0.7447, Validation Loss: 2.0842
Epoch 659/1000, Train Loss: 2.2502, Validation Loss: 2.5370
Epoch 660/1000, Train Loss: 0.7560, Validation Loss: 2.6132
Epoch 661/1000, Train Loss: 1.2034, Validation Loss: 2.4667
Epoch 662/1000, Train Loss: 0.7604, Validation Loss: 1.5862
Epoch 663/1000, Train Loss: 0.7428, Validation Loss: 2.7930
Epoch 664/1000, Train Loss: 0.7726, Validation Loss: 1.5311
Epoch 665/1000, Train Loss: 0.7576, Validation Loss: 1.4485
Epoch 666/1000, Train Loss: 0.9458, Validation Loss: 2.1461
Epoch 667/1000, Train Loss: 0.7793, Validation Loss: 0.8983
Epoch 668/1000, Train Loss: 0.7515, Validation Loss: 3.2163
Epoch 669/1000, Train Loss: 2.9143, Validation Loss: 1.9901
Epoch 670/1000, Train Loss: 0.7485, Validation Loss: 2.1403
Epoch 671/1000, Train Loss: 0.7795, Validation Loss: 3.2907
Epoch 672/1000, Train Loss: 0.7324, Validation Loss: 1.0415
Epoch 673/1000, Train Loss: 0.7389, Validation Loss: 1.0238
Epoch 674/1000, Train Loss: 6.6331, Validation Loss: 3.9133
Epoch 675/1000, Train Loss: 0.7839, Validation Loss: 1.6864
Epoch 676/1000, Train Loss: 0.7567, Validation Loss: 1.7779
Epoch 677/1000, Train Loss: 0.7717, Validation Loss: 1.4150
Epoch 678/1000, Train Loss: 0.7538, Validation Loss: 1.7417
Epoch 679/1000, Train Loss: 3.4769, Validation Loss: 2.2919
Epoch 680/1000, Train Loss: 0.7562, Validation Loss: 1.1462
Epoch 681/1000, Train Loss: 0.7679, Validation Loss: 2.6953
Epoch 682/1000, Train Loss: 0.7561, Validation Loss: 1.0105
Epoch 683/1000, Train Loss: 5.0633, Validation Loss: 2.9267
Epoch 684/1000, Train Loss: 0.7799, Validation Loss: 1.8969
Epoch 685/1000, Train Loss: 1.1118, Validation Loss: 1.5861
Epoch 686/1000, Train Loss: 0.9350, Validation Loss: 1.8353
Epoch 687/1000, Train Loss: 0.7298, Validation Loss: 1.1127
Epoch 688/1000, Train Loss: 0.7479, Validation Loss: 2.6839
Epoch 689/1000, Train Loss: 1.4135, Validation Loss: 187.4112
Epoch 690/1000, Train Loss: 6.0136, Validation Loss: 2.4836
Epoch 691/1000, Train Loss: 0.8744, Validation Loss: 2.1068
Epoch 692/1000, Train Loss: 0.7299, Validation Loss: 1.0893
Epoch 693/1000, Train Loss: 0.7412, Validation Loss: 1.1673
Epoch 694/1000, Train Loss: 0.7191, Validation Loss: 4.0483
Epoch 695/1000, Train Loss: 0.7405, Validation Loss: 3.4177
Epoch 696/1000, Train Loss: 0.7788, Validation Loss: 1.5672
Epoch 697/1000, Train Loss: 0.8046, Validation Loss: 1.3102
Epoch 698/1000, Train Loss: 0.7816, Validation Loss: 0.6658
Epoch 699/1000, Train Loss: 0.7430, Validation Loss: 1.4684
Epoch 700/1000, Train Loss: 0.9243, Validation Loss: 1.5517
Epoch 701/1000, Train Loss: 0.8374, Validation Loss: 1.1351
Epoch 702/1000, Train Loss: 0.7602, Validation Loss: 0.9753
Epoch 703/1000, Train Loss: 0.7710, Validation Loss: 3.8983
Epoch 704/1000, Train Loss: 0.7529, Validation Loss: 1.3424
Epoch 705/1000, Train Loss: 7.0356, Validation Loss: 2.0403
Epoch 706/1000, Train Loss: 0.7629, Validation Loss: 2.7430
Epoch 707/1000, Train Loss: 0.7465, Validation Loss: 3.4735
Epoch 708/1000, Train Loss: 0.7696, Validation Loss: 0.7990
Epoch 709/1000, Train Loss: 1.0914, Validation Loss: 1.8568
Epoch 710/1000, Train Loss: 0.8889, Validation Loss: 3.1283
Epoch 711/1000, Train Loss: 0.7690, Validation Loss: 1.6360
Epoch 712/1000, Train Loss: 0.7904, Validation Loss: 1.7355
Epoch 713/1000, Train Loss: 6.0909, Validation Loss: 2.8027
Epoch 714/1000, Train Loss: 0.7456, Validation Loss: 2.1209
Epoch 715/1000, Train Loss: 0.7823, Validation Loss: 1.3557
Epoch 716/1000, Train Loss: 0.7343, Validation Loss: 2.9934
Epoch 717/1000, Train Loss: 0.7498, Validation Loss: 4.2653
Epoch 718/1000, Train Loss: 4.2524, Validation Loss: 1.0642
Epoch 719/1000, Train Loss: 0.7952, Validation Loss: 2.4338
Epoch 720/1000, Train Loss: 0.7618, Validation Loss: 1.9104
Epoch 721/1000, Train Loss: 0.7291, Validation Loss: 1.7678
Epoch 722/1000, Train Loss: 0.7375, Validation Loss: 1.1634
Epoch 723/1000, Train Loss: 0.9085, Validation Loss: 0.9316
Epoch 724/1000, Train Loss: 0.7407, Validation Loss: 3.3687
Epoch 725/1000, Train Loss: 0.7424, Validation Loss: 0.7027
Epoch 726/1000, Train Loss: 1.4773, Validation Loss: 0.9817
Epoch 727/1000, Train Loss: 0.7245, Validation Loss: 8.8911
Epoch 728/1000, Train Loss: 0.7611, Validation Loss: 1.8720
Epoch 729/1000, Train Loss: 61.4342, Validation Loss: 1.8951
Epoch 730/1000, Train Loss: 0.8444, Validation Loss: 4.4759
Epoch 731/1000, Train Loss: 0.7628, Validation Loss: 0.8082
Epoch 732/1000, Train Loss: 0.7329, Validation Loss: 1.4909
Epoch 733/1000, Train Loss: 0.7480, Validation Loss: 2.2277
Epoch 734/1000, Train Loss: 0.7555, Validation Loss: 1.3928
Epoch 735/1000, Train Loss: 2.4463, Validation Loss: 1.2435
Epoch 736/1000, Train Loss: 0.7891, Validation Loss: 1.1088
Epoch 737/1000, Train Loss: 0.7304, Validation Loss: 1.8269
Epoch 738/1000, Train Loss: 10.7497, Validation Loss: 118948.7974
Epoch 739/1000, Train Loss: 1.4616, Validation Loss: 1.9966
Epoch 740/1000, Train Loss: 0.7297, Validation Loss: 1.5233
Epoch 741/1000, Train Loss: 0.7392, Validation Loss: 2.0118
Epoch 742/1000, Train Loss: 352.1628, Validation Loss: 0.8431
Epoch 743/1000, Train Loss: 0.7708, Validation Loss: 0.7835
Epoch 744/1000, Train Loss: 0.9722, Validation Loss: 1.8601
Epoch 745/1000, Train Loss: 0.7716, Validation Loss: 2.0890
Epoch 746/1000, Train Loss: 0.7515, Validation Loss: 2.5835
Epoch 747/1000, Train Loss: 0.7250, Validation Loss: 2.1310
Epoch 748/1000, Train Loss: 0.7488, Validation Loss: 1.3797
Epoch 749/1000, Train Loss: 86.7831, Validation Loss: 5.6842
Epoch 750/1000, Train Loss: 0.7618, Validation Loss: 2.3259
Epoch 751/1000, Train Loss: 0.7494, Validation Loss: 0.9568
Epoch 752/1000, Train Loss: 0.7667, Validation Loss: 4.2893
Epoch 753/1000, Train Loss: 0.7447, Validation Loss: 1.3643
Epoch 754/1000, Train Loss: 141.1856, Validation Loss: 2.4218
Epoch 755/1000, Train Loss: 0.7389, Validation Loss: 2.6687
Epoch 756/1000, Train Loss: 22.8524, Validation Loss: 8.7573
Epoch 757/1000, Train Loss: 0.7197, Validation Loss: 1.1577
Epoch 758/1000, Train Loss: 0.7286, Validation Loss: 2.4677
Epoch 759/1000, Train Loss: 0.7478, Validation Loss: 1.6934
Epoch 760/1000, Train Loss: 10.2199, Validation Loss: 3.2785
Epoch 761/1000, Train Loss: 0.7720, Validation Loss: 4.4776
Epoch 762/1000, Train Loss: 0.7436, Validation Loss: 1.1996
Epoch 763/1000, Train Loss: 0.8354, Validation Loss: 1.6432
Epoch 764/1000, Train Loss: 0.7357, Validation Loss: 1.0474
Epoch 765/1000, Train Loss: 0.7405, Validation Loss: 3.4932
Epoch 766/1000, Train Loss: 0.7322, Validation Loss: 2.5586
Epoch 767/1000, Train Loss: 0.8050, Validation Loss: 2.2736
Epoch 768/1000, Train Loss: 13.3850, Validation Loss: 1.7154
Epoch 769/1000, Train Loss: 0.7254, Validation Loss: 1.7620
Epoch 770/1000, Train Loss: 0.7529, Validation Loss: 2.5613
Epoch 771/1000, Train Loss: 0.7065, Validation Loss: 1.0185
Epoch 772/1000, Train Loss: 0.7303, Validation Loss: 1.6886
Epoch 773/1000, Train Loss: 0.7803, Validation Loss: 1.7213
Epoch 774/1000, Train Loss: 493.9898, Validation Loss: 4.0400
Epoch 775/1000, Train Loss: 0.7439, Validation Loss: 0.8569
Epoch 776/1000, Train Loss: 0.7587, Validation Loss: 3.1527
Epoch 777/1000, Train Loss: 0.7203, Validation Loss: 3.2792
Epoch 778/1000, Train Loss: 13.9211, Validation Loss: 1.5525
Epoch 779/1000, Train Loss: 0.7915, Validation Loss: 0.9470
Epoch 780/1000, Train Loss: 0.7287, Validation Loss: 1.1206
Epoch 781/1000, Train Loss: 0.8889, Validation Loss: 1.0895
Epoch 782/1000, Train Loss: 0.7265, Validation Loss: 1.1811
Epoch 783/1000, Train Loss: 1.9038, Validation Loss: 2.9163
Epoch 784/1000, Train Loss: 0.7664, Validation Loss: 1.4920
Epoch 785/1000, Train Loss: 0.7525, Validation Loss: 2.9922
Epoch 786/1000, Train Loss: 0.7446, Validation Loss: 1.8488
Epoch 787/1000, Train Loss: 1477.6650, Validation Loss: 1.4691
Epoch 788/1000, Train Loss: 0.7399, Validation Loss: 2.8221
Epoch 789/1000, Train Loss: 0.7164, Validation Loss: 1.2316
Epoch 790/1000, Train Loss: 0.8021, Validation Loss: 0.9529
Epoch 791/1000, Train Loss: 0.8040, Validation Loss: 2.4836
Epoch 792/1000, Train Loss: 0.7360, Validation Loss: 1.4253
Epoch 793/1000, Train Loss: 900.6744, Validation Loss: 8060.2989
Epoch 794/1000, Train Loss: 0.7762, Validation Loss: 1.3901
Epoch 795/1000, Train Loss: 0.7233, Validation Loss: 1.2557
Epoch 796/1000, Train Loss: 0.7262, Validation Loss: 1.3874
Epoch 797/1000, Train Loss: 9.0913, Validation Loss: 1.2366
Epoch 798/1000, Train Loss: 0.7541, Validation Loss: 1.5412
Epoch 799/1000, Train Loss: 0.8140, Validation Loss: 1.4624
Epoch 800/1000, Train Loss: 0.7872, Validation Loss: 1.4746
Epoch 801/1000, Train Loss: 0.7420, Validation Loss: 3.0395
Epoch 802/1000, Train Loss: 0.7539, Validation Loss: 2.0576
Epoch 803/1000, Train Loss: 0.7243, Validation Loss: 2.0247
Epoch 804/1000, Train Loss: 0.7508, Validation Loss: 1.4368
Epoch 805/1000, Train Loss: 2.0612, Validation Loss: 2.2192
Epoch 806/1000, Train Loss: 0.7464, Validation Loss: 2.6731
Epoch 807/1000, Train Loss: 0.7337, Validation Loss: 1.8626
Epoch 808/1000, Train Loss: 19.5909, Validation Loss: 1.4615
Epoch 809/1000, Train Loss: 0.7793, Validation Loss: 0.9992
Epoch 810/1000, Train Loss: 0.7371, Validation Loss: 0.8453
Epoch 811/1000, Train Loss: 0.7458, Validation Loss: 1.7671
Epoch 812/1000, Train Loss: 0.7315, Validation Loss: 1.3423
Epoch 813/1000, Train Loss: 0.7108, Validation Loss: 1.5753
Epoch 814/1000, Train Loss: 2.3702, Validation Loss: 6.1406
Epoch 815/1000, Train Loss: 4.7609, Validation Loss: 1.5516
Epoch 816/1000, Train Loss: 0.7399, Validation Loss: 1.3570
Epoch 817/1000, Train Loss: 0.7358, Validation Loss: 0.9659
Epoch 818/1000, Train Loss: 0.6988, Validation Loss: 0.7928
Epoch 819/1000, Train Loss: 0.9079, Validation Loss: 1.4206
Epoch 820/1000, Train Loss: 0.7419, Validation Loss: 2.6727
Epoch 821/1000, Train Loss: 0.7539, Validation Loss: 1.9488
Epoch 822/1000, Train Loss: 0.7456, Validation Loss: 1.4371
Epoch 823/1000, Train Loss: 0.7231, Validation Loss: 3.0934
Epoch 824/1000, Train Loss: 2.1166, Validation Loss: 3.8182
Epoch 825/1000, Train Loss: 0.7593, Validation Loss: 5.6446
Epoch 826/1000, Train Loss: 0.7380, Validation Loss: 3.6243
Epoch 827/1000, Train Loss: 172.3458, Validation Loss: 0.8096
Epoch 828/1000, Train Loss: 0.7199, Validation Loss: 2.4373
Epoch 829/1000, Train Loss: 0.7148, Validation Loss: 3.0670
Epoch 830/1000, Train Loss: 0.7702, Validation Loss: 2.0739
Epoch 831/1000, Train Loss: 0.7351, Validation Loss: 2.4239
Epoch 832/1000, Train Loss: 0.7644, Validation Loss: 3.2243
Epoch 833/1000, Train Loss: 0.7087, Validation Loss: 0.7722
Epoch 834/1000, Train Loss: 7.3001, Validation Loss: 2.9899
Epoch 835/1000, Train Loss: 0.7623, Validation Loss: 1.4634
Epoch 836/1000, Train Loss: 0.7169, Validation Loss: 1.5200
Epoch 837/1000, Train Loss: 0.7588, Validation Loss: 1.4422
Epoch 838/1000, Train Loss: 0.7132, Validation Loss: 3.9561
Epoch 839/1000, Train Loss: 0.7054, Validation Loss: 1010.0486
Epoch 840/1000, Train Loss: 0.7538, Validation Loss: 0.7626
Epoch 841/1000, Train Loss: 0.8219, Validation Loss: 1.6021
Epoch 842/1000, Train Loss: 0.7371, Validation Loss: 1.4516
Epoch 843/1000, Train Loss: 0.8463, Validation Loss: 1.7808
Epoch 844/1000, Train Loss: 0.7549, Validation Loss: 3.8698
Epoch 845/1000, Train Loss: 0.7244, Validation Loss: 2.7293
Epoch 846/1000, Train Loss: 0.7397, Validation Loss: 3.5213
Epoch 847/1000, Train Loss: 1.3915, Validation Loss: 0.8702
Epoch 848/1000, Train Loss: 0.7595, Validation Loss: 3.5235
Epoch 849/1000, Train Loss: 0.7722, Validation Loss: 4.0408
Epoch 850/1000, Train Loss: 0.7595, Validation Loss: 1.1631
Epoch 851/1000, Train Loss: 0.7506, Validation Loss: 1.9633
Epoch 852/1000, Train Loss: 0.7216, Validation Loss: 2.8702
Epoch 853/1000, Train Loss: 0.8513, Validation Loss: 4.2534
Epoch 854/1000, Train Loss: 0.7309, Validation Loss: 3.1701
Epoch 855/1000, Train Loss: 0.7344, Validation Loss: 1.2203
Epoch 856/1000, Train Loss: 0.7177, Validation Loss: 2.2307
Epoch 857/1000, Train Loss: 0.7091, Validation Loss: 0.6315
Epoch 858/1000, Train Loss: 0.6993, Validation Loss: 1.1158
Epoch 859/1000, Train Loss: 0.8279, Validation Loss: 1.9203
Epoch 860/1000, Train Loss: 0.9072, Validation Loss: 1.4169
Epoch 861/1000, Train Loss: 0.7376, Validation Loss: 1.7293
Epoch 862/1000, Train Loss: 5.2761, Validation Loss: 3.4020
Epoch 863/1000, Train Loss: 0.7542, Validation Loss: 0.6525
Epoch 864/1000, Train Loss: 0.8209, Validation Loss: 1.3876
Epoch 865/1000, Train Loss: 0.7411, Validation Loss: 3.2527
Epoch 866/1000, Train Loss: 0.7301, Validation Loss: 1.4097
Epoch 867/1000, Train Loss: 2.4705, Validation Loss: 1.3064
Epoch 868/1000, Train Loss: 0.8113, Validation Loss: 1.9576
Epoch 869/1000, Train Loss: 0.7402, Validation Loss: 0.9558
Epoch 870/1000, Train Loss: 3279.6808, Validation Loss: 2.0169
Epoch 871/1000, Train Loss: 0.7369, Validation Loss: 1.3055
Epoch 872/1000, Train Loss: 0.7464, Validation Loss: 0.9697
Epoch 873/1000, Train Loss: 32.4615, Validation Loss: 3.9971
Epoch 874/1000, Train Loss: 0.7952, Validation Loss: 0.9063
Epoch 875/1000, Train Loss: 0.7339, Validation Loss: 2.9310
Epoch 876/1000, Train Loss: 0.7003, Validation Loss: 0.7688
Epoch 877/1000, Train Loss: 2.9054, Validation Loss: 2.0744
Epoch 878/1000, Train Loss: 0.7331, Validation Loss: 5.2602
Epoch 879/1000, Train Loss: 0.7399, Validation Loss: 1.8241
Epoch 880/1000, Train Loss: 2.1005, Validation Loss: 2.4185
Epoch 881/1000, Train Loss: 0.7182, Validation Loss: 1.3415
Epoch 882/1000, Train Loss: 0.7016, Validation Loss: 1.6814
Epoch 883/1000, Train Loss: 0.7215, Validation Loss: 2.4419
Epoch 884/1000, Train Loss: 7.6435, Validation Loss: 1.4560
Epoch 885/1000, Train Loss: 0.7374, Validation Loss: 1.0290
Epoch 886/1000, Train Loss: 940.9559, Validation Loss: 1.1397
Epoch 887/1000, Train Loss: 0.7317, Validation Loss: 1.4097
Epoch 888/1000, Train Loss: 0.7084, Validation Loss: 2.6520
Epoch 889/1000, Train Loss: 0.7151, Validation Loss: 1.1711
Epoch 890/1000, Train Loss: 1.2655, Validation Loss: 1.7624
Epoch 891/1000, Train Loss: 0.7813, Validation Loss: 2.4490
Epoch 892/1000, Train Loss: 0.7292, Validation Loss: 0.9053
Epoch 893/1000, Train Loss: 0.7903, Validation Loss: 1.9451
Epoch 894/1000, Train Loss: 0.7092, Validation Loss: 1.5421
Epoch 895/1000, Train Loss: 0.6959, Validation Loss: 2.9025
Epoch 896/1000, Train Loss: 1.1894, Validation Loss: 1.5785
Epoch 897/1000, Train Loss: 0.7613, Validation Loss: 2.4482
Epoch 898/1000, Train Loss: 0.7469, Validation Loss: 5.1078
Epoch 899/1000, Train Loss: 0.7142, Validation Loss: 1.0797
Epoch 900/1000, Train Loss: 0.7275, Validation Loss: 1.0166
Epoch 901/1000, Train Loss: 11.3257, Validation Loss: 1.0587
Epoch 902/1000, Train Loss: 0.7926, Validation Loss: 1.5594
Epoch 903/1000, Train Loss: 0.7311, Validation Loss: 1.4713
Epoch 904/1000, Train Loss: 0.9831, Validation Loss: 0.6891
Epoch 905/1000, Train Loss: 0.7153, Validation Loss: 0.9493
Epoch 906/1000, Train Loss: 0.7136, Validation Loss: 1.9367
Epoch 907/1000, Train Loss: 0.7064, Validation Loss: 0.9211
Epoch 908/1000, Train Loss: 19.5400, Validation Loss: 1.7350
Epoch 909/1000, Train Loss: 0.7052, Validation Loss: 3.3492
Epoch 910/1000, Train Loss: 0.7267, Validation Loss: 3.0875
Epoch 911/1000, Train Loss: 1.9247, Validation Loss: 0.7586
Epoch 912/1000, Train Loss: 0.8369, Validation Loss: 4.1802
Epoch 913/1000, Train Loss: 0.7273, Validation Loss: 1.6737
Epoch 914/1000, Train Loss: 0.7361, Validation Loss: 1.4922
Epoch 915/1000, Train Loss: 373.3768, Validation Loss: 1.0920
Epoch 916/1000, Train Loss: 0.7138, Validation Loss: 1.1035
Epoch 917/1000, Train Loss: 0.7289, Validation Loss: 4.1258
Epoch 918/1000, Train Loss: 43.8530, Validation Loss: 4.4013
Epoch 919/1000, Train Loss: 0.7044, Validation Loss: 1.6344
Epoch 920/1000, Train Loss: 1.0397, Validation Loss: 1.4110
Epoch 921/1000, Train Loss: 0.7453, Validation Loss: 1.6835
Epoch 922/1000, Train Loss: 0.7755, Validation Loss: 2.3184
Epoch 923/1000, Train Loss: 0.7075, Validation Loss: 1.3220
Epoch 924/1000, Train Loss: 0.7291, Validation Loss: 1.2971
Epoch 925/1000, Train Loss: 2.2474, Validation Loss: 2.0350
Epoch 926/1000, Train Loss: 0.7227, Validation Loss: 1.3662
Epoch 927/1000, Train Loss: 1.0820, Validation Loss: 1.6885
Epoch 928/1000, Train Loss: 0.7492, Validation Loss: 3.4048
Epoch 929/1000, Train Loss: 0.7449, Validation Loss: 2.1154
Epoch 930/1000, Train Loss: 0.7192, Validation Loss: 1.0117
Epoch 931/1000, Train Loss: 177.6118, Validation Loss: 0.7916
Epoch 932/1000, Train Loss: 0.7102, Validation Loss: 2.9351
Epoch 933/1000, Train Loss: 0.7215, Validation Loss: 2.1060
Epoch 934/1000, Train Loss: 0.7522, Validation Loss: 1.1587
Epoch 935/1000, Train Loss: 0.7625, Validation Loss: 1.2426
Epoch 936/1000, Train Loss: 0.7229, Validation Loss: 0.6593
Epoch 937/1000, Train Loss: 4.0981, Validation Loss: 1.1059
Epoch 938/1000, Train Loss: 0.8129, Validation Loss: 1182.2499
Epoch 939/1000, Train Loss: 649.7525, Validation Loss: 1.1065
Epoch 940/1000, Train Loss: 0.7079, Validation Loss: 3.0384
Epoch 941/1000, Train Loss: 1.5485, Validation Loss: 5.3477
Epoch 942/1000, Train Loss: 0.8286, Validation Loss: 0.7598
Epoch 943/1000, Train Loss: 0.7415, Validation Loss: 4.5371
Epoch 944/1000, Train Loss: 0.7026, Validation Loss: 1.5233
Epoch 945/1000, Train Loss: 0.7266, Validation Loss: 3.2739
Epoch 946/1000, Train Loss: 1.1799, Validation Loss: 2.1258
Epoch 947/1000, Train Loss: 0.6968, Validation Loss: 2.1325
Epoch 948/1000, Train Loss: 0.7459, Validation Loss: 1.4262
Epoch 949/1000, Train Loss: 0.6968, Validation Loss: 0.8996
Epoch 950/1000, Train Loss: 1.1671, Validation Loss: 2.1365
Epoch 951/1000, Train Loss: 7.1829, Validation Loss: 3.9281
Epoch 952/1000, Train Loss: 0.7357, Validation Loss: 1.6404
Epoch 953/1000, Train Loss: 0.7476, Validation Loss: 0.9883
Epoch 954/1000, Train Loss: 0.7192, Validation Loss: 2.1506
Epoch 955/1000, Train Loss: 1.1425, Validation Loss: 2.9472
Epoch 956/1000, Train Loss: 0.7499, Validation Loss: 1.4489
Epoch 957/1000, Train Loss: 0.7266, Validation Loss: 2.7396
Epoch 958/1000, Train Loss: 0.7193, Validation Loss: 4.9156
Epoch 959/1000, Train Loss: 0.7115, Validation Loss: 0.6229
Epoch 960/1000, Train Loss: 1.0688, Validation Loss: 2.9478
Epoch 961/1000, Train Loss: 0.7568, Validation Loss: 3.8684
Epoch 962/1000, Train Loss: 0.7205, Validation Loss: 3.2154
Epoch 963/1000, Train Loss: 0.7172, Validation Loss: 3.3065
Epoch 964/1000, Train Loss: 0.7063, Validation Loss: 2.4444
Epoch 965/1000, Train Loss: 3.1799, Validation Loss: 4.0782
Epoch 966/1000, Train Loss: 0.7276, Validation Loss: 1.0415
Epoch 967/1000, Train Loss: 0.7105, Validation Loss: 4.1854
Epoch 968/1000, Train Loss: 0.7204, Validation Loss: 1.0225
Epoch 969/1000, Train Loss: 2344.5007, Validation Loss: 1.7423
Epoch 970/1000, Train Loss: 0.6996, Validation Loss: 2.6674
Epoch 971/1000, Train Loss: 0.7635, Validation Loss: 2.1542
Epoch 972/1000, Train Loss: 0.7173, Validation Loss: 3.8681
Epoch 973/1000, Train Loss: 0.7106, Validation Loss: 10.6109
Epoch 974/1000, Train Loss: 0.7199, Validation Loss: 1.2239
Epoch 975/1000, Train Loss: 0.7216, Validation Loss: 0.8697
Epoch 976/1000, Train Loss: 361.4655, Validation Loss: 1.7142
Epoch 977/1000, Train Loss: 0.7235, Validation Loss: 4.3376
Epoch 978/1000, Train Loss: 0.7221, Validation Loss: 2.0980
Epoch 979/1000, Train Loss: 0.7619, Validation Loss: 0.8922
Epoch 980/1000, Train Loss: 0.7287, Validation Loss: 1.7466
Epoch 981/1000, Train Loss: 0.7153, Validation Loss: 1.3458
Epoch 982/1000, Train Loss: 0.7458, Validation Loss: 0.7285
Epoch 983/1000, Train Loss: 7.3623, Validation Loss: 0.7690
Epoch 984/1000, Train Loss: 2.7484, Validation Loss: 3.4173
Epoch 985/1000, Train Loss: 0.7615, Validation Loss: 0.7900
Epoch 986/1000, Train Loss: 0.7390, Validation Loss: 1.1137
Epoch 987/1000, Train Loss: 0.7436, Validation Loss: 1.8209
Epoch 988/1000, Train Loss: 0.7233, Validation Loss: 4.1430
Epoch 989/1000, Train Loss: 132.0373, Validation Loss: 9.1916
Epoch 990/1000, Train Loss: 0.8275, Validation Loss: 1.0160
Epoch 991/1000, Train Loss: 0.7164, Validation Loss: 3.3135
Epoch 992/1000, Train Loss: 0.7488, Validation Loss: 1.1745
Epoch 993/1000, Train Loss: 0.7248, Validation Loss: 1.4452
Epoch 994/1000, Train Loss: 1.4099, Validation Loss: 2.7799
Epoch 995/1000, Train Loss: 0.7501, Validation Loss: 1.2465
Epoch 996/1000, Train Loss: 0.7037, Validation Loss: 1.3267
Epoch 997/1000, Train Loss: 0.7436, Validation Loss: 1.3554
Epoch 998/1000, Train Loss: 1.0380, Validation Loss: 1.6197
Epoch 999/1000, Train Loss: 0.7218, Validation Loss: 3.6228
Epoch 1000/1000, Train Loss: 0.7334, Validation Loss: 1.2065
Best Training Loss: 0.6959
Best Training Loss Epoch: 895
Best Validation Loss: 0.6229
Best Validation Loss Epoch: 959
Time taken for training: 1-08:15:36
Test Loss: 0.6413
Test MAPE: 147827.0312%
Error Statistics:
count    4.127200e+04
mean     8.900002e+02
std      4.339749e+04
min      2.050400e-05
25%      2.691842e-01
50%      1.936450e+00
75%      3.103826e+01
max      8.268616e+06
Name: Absolute Error, dtype: float64
Training complete. Final model saved.
Saving model as a wandb Artifact...
Model artifact logged successfully.
[1;34mwandb[0m: 
[1;34mwandb[0m: 🚀 View run [33micy-sweep-120[0m at: [34mhttps://wandb.ai/mk8737-new-york-university/rl_pretrain_hp_sweeps/runs/8d1c9rii[0m
[1;34mwandb[0m: Find logs at: [1;35mwandb/run-20251006_144041-8d1c9rii/logs[0m
Agent finished.
