Waiting for sweep ID...
Found Sweep ID: be12np04
Starting wandb agent for sweep be12np04...
TRAINING DEVICE: cpu
Run Name: GCN_global_hp_sweep_be12np04-zowk1ifp
finidhed preparing data
Loading dataset from pretrain_dataset_12.5k_fixed_duplicates.pkl
Loaded 412712 data objects.
finished preparing data
Epoch 1/1000, Train Loss: 2.3567, Validation Loss: 3.6001
Epoch 2/1000, Train Loss: 1.4639, Validation Loss: 4.5202
Epoch 3/1000, Train Loss: 1.4228, Validation Loss: 5.2008
Epoch 4/1000, Train Loss: 1.2671, Validation Loss: 3.1072
Epoch 5/1000, Train Loss: 1.2144, Validation Loss: 2.7802
Epoch 6/1000, Train Loss: 1.1260, Validation Loss: 4.2928
Epoch 7/1000, Train Loss: 1.1167, Validation Loss: 1.3653
Epoch 8/1000, Train Loss: 1.0518, Validation Loss: 1.5022
Epoch 9/1000, Train Loss: 0.9888, Validation Loss: 0.8598
Epoch 10/1000, Train Loss: 0.9863, Validation Loss: 0.9824
Epoch 11/1000, Train Loss: 0.9547, Validation Loss: 1.4545
Epoch 12/1000, Train Loss: 0.9103, Validation Loss: 0.9303
Epoch 13/1000, Train Loss: 0.9052, Validation Loss: 2.5326
Epoch 14/1000, Train Loss: 0.8734, Validation Loss: 3.4275
Epoch 15/1000, Train Loss: 0.8775, Validation Loss: 1.4425
Epoch 16/1000, Train Loss: 0.8758, Validation Loss: 2.4193
Epoch 17/1000, Train Loss: 0.8452, Validation Loss: 1.6200
Epoch 18/1000, Train Loss: 0.8649, Validation Loss: 0.7794
Epoch 19/1000, Train Loss: 0.8335, Validation Loss: 1.4918
Epoch 20/1000, Train Loss: 0.8104, Validation Loss: 1.3655
Epoch 21/1000, Train Loss: 0.8272, Validation Loss: 0.8454
Epoch 22/1000, Train Loss: 0.8006, Validation Loss: 0.7972
Epoch 23/1000, Train Loss: 0.7802, Validation Loss: 3.9071
Epoch 24/1000, Train Loss: 0.7676, Validation Loss: 1.7968
Epoch 25/1000, Train Loss: 0.7727, Validation Loss: 1.9665
Epoch 26/1000, Train Loss: 0.7532, Validation Loss: 3.2818
Epoch 27/1000, Train Loss: 0.7568, Validation Loss: 0.7343
Epoch 28/1000, Train Loss: 0.7542, Validation Loss: 2.3318
Epoch 29/1000, Train Loss: 0.7399, Validation Loss: 1.0628
Epoch 30/1000, Train Loss: 0.7510, Validation Loss: 0.6837
Epoch 31/1000, Train Loss: 0.7181, Validation Loss: 1.0025
Epoch 32/1000, Train Loss: 0.7236, Validation Loss: 1.4358
Epoch 33/1000, Train Loss: 0.7597, Validation Loss: 0.8635
Epoch 34/1000, Train Loss: 0.7039, Validation Loss: 2.4293
Epoch 35/1000, Train Loss: 0.7231, Validation Loss: 0.7359
Epoch 36/1000, Train Loss: 0.7150, Validation Loss: 1.0645
Epoch 37/1000, Train Loss: 0.7281, Validation Loss: 1.1370
Epoch 38/1000, Train Loss: 0.7444, Validation Loss: 1.0607
Epoch 39/1000, Train Loss: 0.6967, Validation Loss: 1.2616
Epoch 40/1000, Train Loss: 0.7023, Validation Loss: 1.4326
Epoch 41/1000, Train Loss: 0.7160, Validation Loss: 0.8023
Epoch 42/1000, Train Loss: 0.6976, Validation Loss: 0.6577
Epoch 43/1000, Train Loss: 0.6968, Validation Loss: 0.8962
Epoch 44/1000, Train Loss: 0.6784, Validation Loss: 0.6868
Epoch 45/1000, Train Loss: 0.6828, Validation Loss: 0.7206
Epoch 46/1000, Train Loss: 0.6794, Validation Loss: 0.7476
Epoch 47/1000, Train Loss: 0.6703, Validation Loss: 1.5328
Epoch 48/1000, Train Loss: 0.6838, Validation Loss: 1.0583
Epoch 49/1000, Train Loss: 0.6714, Validation Loss: 0.7229
Epoch 50/1000, Train Loss: 0.6824, Validation Loss: 1.2587
Epoch 51/1000, Train Loss: 0.6437, Validation Loss: 1.5221
Epoch 52/1000, Train Loss: 0.6556, Validation Loss: 0.8495
Epoch 53/1000, Train Loss: 0.6609, Validation Loss: 0.7570
Epoch 54/1000, Train Loss: 0.6403, Validation Loss: 1.2362
Epoch 55/1000, Train Loss: 0.6338, Validation Loss: 2.2305
Epoch 56/1000, Train Loss: 0.6433, Validation Loss: 0.6589
Epoch 57/1000, Train Loss: 0.6422, Validation Loss: 0.8525
Epoch 58/1000, Train Loss: 0.6170, Validation Loss: 0.7817
Epoch 59/1000, Train Loss: 0.6462, Validation Loss: 0.8195
Epoch 60/1000, Train Loss: 0.6446, Validation Loss: 0.6203
Epoch 61/1000, Train Loss: 0.6594, Validation Loss: 0.7525
Epoch 62/1000, Train Loss: 0.6283, Validation Loss: 0.6040
Epoch 63/1000, Train Loss: 0.6093, Validation Loss: 1.4478
Epoch 64/1000, Train Loss: 0.6140, Validation Loss: 0.9093
Epoch 65/1000, Train Loss: 0.6151, Validation Loss: 0.6202
Epoch 66/1000, Train Loss: 0.6100, Validation Loss: 1.0962
Epoch 67/1000, Train Loss: 0.6108, Validation Loss: 0.6604
Epoch 68/1000, Train Loss: 0.6006, Validation Loss: 2.2863
Epoch 69/1000, Train Loss: 0.5993, Validation Loss: 0.7183
Epoch 70/1000, Train Loss: 0.5988, Validation Loss: 1.3368
Epoch 71/1000, Train Loss: 0.6145, Validation Loss: 1.0614
Epoch 72/1000, Train Loss: 0.5953, Validation Loss: 1.2859
Epoch 73/1000, Train Loss: 0.6046, Validation Loss: 0.8804
Epoch 74/1000, Train Loss: 0.5921, Validation Loss: 0.6683
Epoch 75/1000, Train Loss: 0.5844, Validation Loss: 0.7069
Epoch 76/1000, Train Loss: 0.5859, Validation Loss: 0.5667
Epoch 77/1000, Train Loss: 0.5884, Validation Loss: 0.8363
Epoch 78/1000, Train Loss: 0.6033, Validation Loss: 1.2883
Epoch 79/1000, Train Loss: 0.6103, Validation Loss: 0.6418
Epoch 80/1000, Train Loss: 0.5935, Validation Loss: 0.6416
Epoch 81/1000, Train Loss: 0.5843, Validation Loss: 0.7554
Epoch 82/1000, Train Loss: 0.5835, Validation Loss: 0.5929
Epoch 83/1000, Train Loss: 0.5810, Validation Loss: 0.9333
Epoch 84/1000, Train Loss: 0.5793, Validation Loss: 0.7436
Epoch 85/1000, Train Loss: 0.5856, Validation Loss: 0.9360
Epoch 86/1000, Train Loss: 0.5733, Validation Loss: 1.3387
Epoch 87/1000, Train Loss: 0.6056, Validation Loss: 0.9577
Epoch 88/1000, Train Loss: 0.6020, Validation Loss: 0.7398
Epoch 89/1000, Train Loss: 0.5687, Validation Loss: 1.0263
Epoch 90/1000, Train Loss: 0.5693, Validation Loss: 0.8727
Epoch 91/1000, Train Loss: 0.5625, Validation Loss: 0.6156
Epoch 92/1000, Train Loss: 0.5696, Validation Loss: 1.3918
Epoch 93/1000, Train Loss: 0.5597, Validation Loss: 0.9230
Epoch 94/1000, Train Loss: 0.5625, Validation Loss: 1.7438
Epoch 95/1000, Train Loss: 0.5706, Validation Loss: 0.6306
Epoch 96/1000, Train Loss: 0.5740, Validation Loss: 1.4478
Epoch 97/1000, Train Loss: 0.5606, Validation Loss: 0.9055
Epoch 98/1000, Train Loss: 0.5596, Validation Loss: 0.8367
Epoch 99/1000, Train Loss: 0.5570, Validation Loss: 0.7732
Epoch 100/1000, Train Loss: 0.5614, Validation Loss: 0.9697
Epoch 101/1000, Train Loss: 0.5621, Validation Loss: 0.7362
Epoch 102/1000, Train Loss: 0.5543, Validation Loss: 0.6646
Epoch 103/1000, Train Loss: 0.5593, Validation Loss: 2.0771
Epoch 104/1000, Train Loss: 0.5510, Validation Loss: 0.5152
Epoch 105/1000, Train Loss: 0.5557, Validation Loss: 0.6434
Epoch 106/1000, Train Loss: 0.5578, Validation Loss: 0.7844
Epoch 107/1000, Train Loss: 0.5456, Validation Loss: 0.8401
Epoch 108/1000, Train Loss: 0.5533, Validation Loss: 0.7863
Epoch 109/1000, Train Loss: 0.5390, Validation Loss: 0.7879
Epoch 110/1000, Train Loss: 0.5508, Validation Loss: 1.3038
Epoch 111/1000, Train Loss: 0.5504, Validation Loss: 0.8301
Epoch 112/1000, Train Loss: 0.5463, Validation Loss: 0.6264
Epoch 113/1000, Train Loss: 0.5395, Validation Loss: 0.7114
Epoch 114/1000, Train Loss: 0.5425, Validation Loss: 0.7360
Epoch 115/1000, Train Loss: 0.5707, Validation Loss: 1.3245
Epoch 116/1000, Train Loss: 0.5402, Validation Loss: 0.6494
Epoch 117/1000, Train Loss: 0.5480, Validation Loss: 0.9062
Epoch 118/1000, Train Loss: 0.5386, Validation Loss: 1.3055
Epoch 119/1000, Train Loss: 0.5371, Validation Loss: 0.5367
Epoch 120/1000, Train Loss: 0.5527, Validation Loss: 0.9909
Epoch 121/1000, Train Loss: 0.5339, Validation Loss: 0.7813
Epoch 122/1000, Train Loss: 0.5358, Validation Loss: 1.3927
Epoch 123/1000, Train Loss: 0.5338, Validation Loss: 1.7837
Epoch 124/1000, Train Loss: 0.5428, Validation Loss: 0.6263
Epoch 125/1000, Train Loss: 0.5308, Validation Loss: 1.5408
Epoch 126/1000, Train Loss: 0.5289, Validation Loss: 0.9199
Epoch 127/1000, Train Loss: 0.5341, Validation Loss: 0.4998
Epoch 128/1000, Train Loss: 0.5389, Validation Loss: 0.5298
Epoch 129/1000, Train Loss: 0.5267, Validation Loss: 0.7122
Epoch 130/1000, Train Loss: 0.5305, Validation Loss: 0.8841
Epoch 131/1000, Train Loss: 0.5294, Validation Loss: 0.8569
Epoch 132/1000, Train Loss: 0.5396, Validation Loss: 0.7603
Epoch 133/1000, Train Loss: 0.5231, Validation Loss: 0.7300
Epoch 134/1000, Train Loss: 0.5232, Validation Loss: 0.7491
Epoch 135/1000, Train Loss: 0.5235, Validation Loss: 0.6730
Epoch 136/1000, Train Loss: 0.5204, Validation Loss: 0.5202
Epoch 137/1000, Train Loss: 0.5265, Validation Loss: 0.9908
Epoch 138/1000, Train Loss: 0.5286, Validation Loss: 0.7650
Epoch 139/1000, Train Loss: 0.5450, Validation Loss: 0.8889
Epoch 140/1000, Train Loss: 0.5165, Validation Loss: 0.9989
Epoch 141/1000, Train Loss: 0.5261, Validation Loss: 0.8590
Epoch 142/1000, Train Loss: 0.5334, Validation Loss: 0.4982
Epoch 143/1000, Train Loss: 0.5332, Validation Loss: 0.8657
Epoch 144/1000, Train Loss: 0.5239, Validation Loss: 0.9635
Epoch 145/1000, Train Loss: 0.5289, Validation Loss: 0.6091
Epoch 146/1000, Train Loss: 0.5201, Validation Loss: 1.5784
Epoch 147/1000, Train Loss: 0.5253, Validation Loss: 0.5176
Epoch 148/1000, Train Loss: 0.5185, Validation Loss: 0.5125
Epoch 149/1000, Train Loss: 0.5326, Validation Loss: 1.4130
Epoch 150/1000, Train Loss: 0.5246, Validation Loss: 0.7214
Epoch 151/1000, Train Loss: 0.5440, Validation Loss: 0.9381
Epoch 152/1000, Train Loss: 0.5284, Validation Loss: 0.5900
Epoch 153/1000, Train Loss: 0.5050, Validation Loss: 0.6916
Epoch 154/1000, Train Loss: 0.5208, Validation Loss: 0.9896
Epoch 155/1000, Train Loss: 0.5172, Validation Loss: 0.6807
Epoch 156/1000, Train Loss: 0.5334, Validation Loss: 1.1289
Epoch 157/1000, Train Loss: 0.5147, Validation Loss: 1.1070
Epoch 158/1000, Train Loss: 0.5145, Validation Loss: 0.7644
Epoch 159/1000, Train Loss: 0.5089, Validation Loss: 1.0206
Epoch 160/1000, Train Loss: 0.5242, Validation Loss: 1.0087
Epoch 161/1000, Train Loss: 0.5167, Validation Loss: 0.6268
Epoch 162/1000, Train Loss: 0.5307, Validation Loss: 0.8761
Epoch 163/1000, Train Loss: 0.5134, Validation Loss: 1.1392
Epoch 164/1000, Train Loss: 0.5044, Validation Loss: 0.6152
Epoch 165/1000, Train Loss: 0.5088, Validation Loss: 0.6067
Epoch 166/1000, Train Loss: 0.5220, Validation Loss: 0.6792
Epoch 167/1000, Train Loss: 0.5246, Validation Loss: 0.8969
Epoch 168/1000, Train Loss: 0.5304, Validation Loss: 0.6784
Epoch 169/1000, Train Loss: 0.5165, Validation Loss: 0.7037
Epoch 170/1000, Train Loss: 0.5194, Validation Loss: 0.6862
Epoch 171/1000, Train Loss: 0.5104, Validation Loss: 0.4760
Epoch 172/1000, Train Loss: 0.5125, Validation Loss: 1.0837
Epoch 173/1000, Train Loss: 0.5122, Validation Loss: 1.3462
Epoch 174/1000, Train Loss: 0.5138, Validation Loss: 1.6030
Epoch 175/1000, Train Loss: 0.5062, Validation Loss: 0.5550
Epoch 176/1000, Train Loss: 0.5169, Validation Loss: 0.5584
Epoch 177/1000, Train Loss: 0.4995, Validation Loss: 0.6979
Epoch 178/1000, Train Loss: 0.5045, Validation Loss: 0.9537
Epoch 179/1000, Train Loss: 0.5137, Validation Loss: 0.7258
Epoch 180/1000, Train Loss: 0.5276, Validation Loss: 0.5540
Epoch 181/1000, Train Loss: 0.5100, Validation Loss: 0.6715
Epoch 182/1000, Train Loss: 0.5058, Validation Loss: 0.6850
Epoch 183/1000, Train Loss: 0.5054, Validation Loss: 0.7399
Epoch 184/1000, Train Loss: 0.5086, Validation Loss: 1.1035
Epoch 185/1000, Train Loss: 0.4962, Validation Loss: 0.5668
Epoch 186/1000, Train Loss: 0.4933, Validation Loss: 0.9240
Epoch 187/1000, Train Loss: 0.4920, Validation Loss: 0.4626
Epoch 188/1000, Train Loss: 0.4891, Validation Loss: 0.6372
Epoch 189/1000, Train Loss: 0.4961, Validation Loss: 1.0799
Epoch 190/1000, Train Loss: 0.4915, Validation Loss: 0.6601
Epoch 191/1000, Train Loss: 0.5043, Validation Loss: 0.4754
Epoch 192/1000, Train Loss: 0.4918, Validation Loss: 0.6314
Epoch 193/1000, Train Loss: 0.5061, Validation Loss: 0.8088
Epoch 194/1000, Train Loss: 0.4947, Validation Loss: 1.0678
Epoch 195/1000, Train Loss: 0.4859, Validation Loss: 0.6434
Epoch 196/1000, Train Loss: 0.5102, Validation Loss: 0.8475
Epoch 197/1000, Train Loss: 0.4986, Validation Loss: 1.1269
Epoch 198/1000, Train Loss: 0.5002, Validation Loss: 0.9129
Epoch 199/1000, Train Loss: 0.4935, Validation Loss: 2.0058
Epoch 200/1000, Train Loss: 0.4947, Validation Loss: 0.6593
Epoch 201/1000, Train Loss: 0.5036, Validation Loss: 0.7612
Epoch 202/1000, Train Loss: 0.5055, Validation Loss: 0.8753
Epoch 203/1000, Train Loss: 0.5011, Validation Loss: 0.6706
Epoch 204/1000, Train Loss: 0.4974, Validation Loss: 1.4174
Epoch 205/1000, Train Loss: 0.4944, Validation Loss: 0.7820
Epoch 206/1000, Train Loss: 0.4944, Validation Loss: 0.5602
Epoch 207/1000, Train Loss: 0.4897, Validation Loss: 0.6010
Epoch 208/1000, Train Loss: 0.4960, Validation Loss: 1.2987
Epoch 209/1000, Train Loss: 0.5082, Validation Loss: 1.3268
Epoch 210/1000, Train Loss: 0.5125, Validation Loss: 0.7715
Epoch 211/1000, Train Loss: 0.4999, Validation Loss: 0.6281
Epoch 212/1000, Train Loss: 0.4950, Validation Loss: 0.5273
Epoch 213/1000, Train Loss: 0.4905, Validation Loss: 1.1821
Epoch 214/1000, Train Loss: 0.4938, Validation Loss: 0.5753
Epoch 215/1000, Train Loss: 0.4874, Validation Loss: 0.6161
Epoch 216/1000, Train Loss: 0.4914, Validation Loss: 0.5399
Epoch 217/1000, Train Loss: 0.4945, Validation Loss: 0.6417
Epoch 218/1000, Train Loss: 0.4929, Validation Loss: 2.2281
Epoch 219/1000, Train Loss: 0.4939, Validation Loss: 0.5577
Epoch 220/1000, Train Loss: 0.4904, Validation Loss: 0.7434
Epoch 221/1000, Train Loss: 0.5057, Validation Loss: 1.0858
Epoch 222/1000, Train Loss: 0.4856, Validation Loss: 0.8795
Epoch 223/1000, Train Loss: 0.4951, Validation Loss: 0.7852
Epoch 224/1000, Train Loss: 0.4886, Validation Loss: 0.6059
Epoch 225/1000, Train Loss: 0.4908, Validation Loss: 0.6483
Epoch 226/1000, Train Loss: 0.4929, Validation Loss: 0.5732
Epoch 227/1000, Train Loss: 0.4841, Validation Loss: 0.6715
Epoch 228/1000, Train Loss: 0.4922, Validation Loss: 0.5802
Epoch 229/1000, Train Loss: 0.4832, Validation Loss: 0.4658
Epoch 230/1000, Train Loss: 0.5051, Validation Loss: 0.5045
Epoch 231/1000, Train Loss: 0.5027, Validation Loss: 0.4952
Epoch 232/1000, Train Loss: 0.5007, Validation Loss: 0.5104
Epoch 233/1000, Train Loss: 0.4935, Validation Loss: 0.7544
Epoch 234/1000, Train Loss: 0.5102, Validation Loss: 0.5625
Epoch 235/1000, Train Loss: 0.4877, Validation Loss: 0.6164
Epoch 236/1000, Train Loss: 0.4867, Validation Loss: 1.0050
Epoch 237/1000, Train Loss: 0.4943, Validation Loss: 1.6383
Epoch 238/1000, Train Loss: 0.4867, Validation Loss: 0.5859
Epoch 239/1000, Train Loss: 0.4870, Validation Loss: 0.5298
Epoch 240/1000, Train Loss: 0.4898, Validation Loss: 0.5579
Epoch 241/1000, Train Loss: 0.4907, Validation Loss: 0.7653
Epoch 242/1000, Train Loss: 0.4755, Validation Loss: 1.2015
Epoch 243/1000, Train Loss: 0.4766, Validation Loss: 0.5433
Epoch 244/1000, Train Loss: 0.4912, Validation Loss: 0.6385
Epoch 245/1000, Train Loss: 0.4875, Validation Loss: 0.5947
Epoch 246/1000, Train Loss: 0.4870, Validation Loss: 0.6370
Epoch 247/1000, Train Loss: 0.4738, Validation Loss: 0.8461
Epoch 248/1000, Train Loss: 0.4767, Validation Loss: 0.5640
Epoch 249/1000, Train Loss: 0.4856, Validation Loss: 0.9541
Epoch 250/1000, Train Loss: 0.4969, Validation Loss: 0.7583
Epoch 251/1000, Train Loss: 0.4793, Validation Loss: 0.7981
Epoch 252/1000, Train Loss: 0.4790, Validation Loss: 0.6256
Epoch 253/1000, Train Loss: 0.4809, Validation Loss: 0.5450
Epoch 254/1000, Train Loss: 0.4936, Validation Loss: 1.2281
Epoch 255/1000, Train Loss: 0.4851, Validation Loss: 0.7452
Epoch 256/1000, Train Loss: 0.4916, Validation Loss: 1.5075
Epoch 257/1000, Train Loss: 0.4763, Validation Loss: 0.9750
Epoch 258/1000, Train Loss: 0.4771, Validation Loss: 0.4612
Epoch 259/1000, Train Loss: 0.4827, Validation Loss: 0.9079
Epoch 260/1000, Train Loss: 0.4856, Validation Loss: 0.6652
Epoch 261/1000, Train Loss: 0.4827, Validation Loss: 0.9079
Epoch 262/1000, Train Loss: 0.4830, Validation Loss: 0.9174
Epoch 263/1000, Train Loss: 0.4784, Validation Loss: 0.9620
Epoch 264/1000, Train Loss: 0.4765, Validation Loss: 0.7521
Epoch 265/1000, Train Loss: 0.4986, Validation Loss: 0.5218
Epoch 266/1000, Train Loss: 0.4729, Validation Loss: 1.2066
Epoch 267/1000, Train Loss: 0.4740, Validation Loss: 0.6974
Epoch 268/1000, Train Loss: 0.4794, Validation Loss: 0.5349
Epoch 269/1000, Train Loss: 0.4790, Validation Loss: 1.5835
Epoch 270/1000, Train Loss: 0.4763, Validation Loss: 0.8326
Epoch 271/1000, Train Loss: 0.4690, Validation Loss: 0.6007
Epoch 272/1000, Train Loss: 0.4745, Validation Loss: 0.5259
Epoch 273/1000, Train Loss: 0.4729, Validation Loss: 0.4403
Epoch 274/1000, Train Loss: 0.4761, Validation Loss: 0.5131
Epoch 275/1000, Train Loss: 0.4861, Validation Loss: 0.7309
Epoch 276/1000, Train Loss: 0.4699, Validation Loss: 0.5245
Epoch 277/1000, Train Loss: 0.4901, Validation Loss: 1.6264
Epoch 278/1000, Train Loss: 0.4751, Validation Loss: 0.6803
Epoch 279/1000, Train Loss: 0.4737, Validation Loss: 0.8319
Epoch 280/1000, Train Loss: 0.4720, Validation Loss: 0.8057
Epoch 281/1000, Train Loss: 0.4714, Validation Loss: 0.4622
Epoch 282/1000, Train Loss: 0.4867, Validation Loss: 0.5990
Epoch 283/1000, Train Loss: 0.4812, Validation Loss: 0.6655
Epoch 284/1000, Train Loss: 0.4654, Validation Loss: 0.4985
Epoch 285/1000, Train Loss: 0.4583, Validation Loss: 0.5768
Epoch 286/1000, Train Loss: 0.4717, Validation Loss: 1.0080
Epoch 287/1000, Train Loss: 0.4743, Validation Loss: 0.8744
Epoch 288/1000, Train Loss: 0.4769, Validation Loss: 0.8375
Epoch 289/1000, Train Loss: 0.4604, Validation Loss: 0.5812
Epoch 290/1000, Train Loss: 0.4704, Validation Loss: 0.4697
Epoch 291/1000, Train Loss: 0.4714, Validation Loss: 1.6029
Epoch 292/1000, Train Loss: 0.4751, Validation Loss: 1.6961
Epoch 293/1000, Train Loss: 0.4707, Validation Loss: 1.4122
Epoch 294/1000, Train Loss: 0.4684, Validation Loss: 0.8399
Epoch 295/1000, Train Loss: 0.4683, Validation Loss: 0.8122
Epoch 296/1000, Train Loss: 0.4681, Validation Loss: 0.7720
Epoch 297/1000, Train Loss: 0.4626, Validation Loss: 0.8258
Epoch 298/1000, Train Loss: 0.4771, Validation Loss: 0.6039
Epoch 299/1000, Train Loss: 0.4730, Validation Loss: 0.6661
Epoch 300/1000, Train Loss: 0.4864, Validation Loss: 1.1157
Epoch 301/1000, Train Loss: 0.4758, Validation Loss: 0.8014
Epoch 302/1000, Train Loss: 0.4840, Validation Loss: 0.6954
Epoch 303/1000, Train Loss: 0.4735, Validation Loss: 1.1023
Epoch 304/1000, Train Loss: 0.4685, Validation Loss: 0.7183
Epoch 305/1000, Train Loss: 0.4641, Validation Loss: 0.5851
Epoch 306/1000, Train Loss: 0.4854, Validation Loss: 1.1948
Epoch 307/1000, Train Loss: 0.4696, Validation Loss: 0.5354
Epoch 308/1000, Train Loss: 0.4709, Validation Loss: 0.8719
Epoch 309/1000, Train Loss: 0.4684, Validation Loss: 0.7768
Epoch 310/1000, Train Loss: 0.4640, Validation Loss: 0.8080
Epoch 311/1000, Train Loss: 0.4673, Validation Loss: 0.7204
Epoch 312/1000, Train Loss: 0.4693, Validation Loss: 0.9634
Epoch 313/1000, Train Loss: 0.4657, Validation Loss: 0.4713
Epoch 314/1000, Train Loss: 0.4742, Validation Loss: 0.6478
Epoch 315/1000, Train Loss: 0.4758, Validation Loss: 1.2784
Epoch 316/1000, Train Loss: 0.4631, Validation Loss: 0.8585
Epoch 317/1000, Train Loss: 0.4642, Validation Loss: 0.5289
Epoch 318/1000, Train Loss: 0.4756, Validation Loss: 0.5621
Epoch 319/1000, Train Loss: 0.4589, Validation Loss: 1.3622
Epoch 320/1000, Train Loss: 0.4819, Validation Loss: 0.6226
Epoch 321/1000, Train Loss: 0.4647, Validation Loss: 0.7207
Epoch 322/1000, Train Loss: 0.4573, Validation Loss: 1.0719
Epoch 323/1000, Train Loss: 0.4788, Validation Loss: 0.6343
Epoch 324/1000, Train Loss: 0.4779, Validation Loss: 0.9830
Epoch 325/1000, Train Loss: 0.4615, Validation Loss: 0.7077
Epoch 326/1000, Train Loss: 0.4659, Validation Loss: 0.5085
Epoch 327/1000, Train Loss: 0.4773, Validation Loss: 0.7627
Epoch 328/1000, Train Loss: 0.4858, Validation Loss: 0.5412
Epoch 329/1000, Train Loss: 0.4605, Validation Loss: 0.7547
Epoch 330/1000, Train Loss: 0.4650, Validation Loss: 0.4763
Epoch 331/1000, Train Loss: 0.4757, Validation Loss: 0.5506
Epoch 332/1000, Train Loss: 0.4629, Validation Loss: 0.4489
Epoch 333/1000, Train Loss: 0.4655, Validation Loss: 0.7631
Epoch 334/1000, Train Loss: 0.4720, Validation Loss: 0.5427
Epoch 335/1000, Train Loss: 0.4625, Validation Loss: 0.9904
Epoch 336/1000, Train Loss: 0.4576, Validation Loss: 0.6566
Epoch 337/1000, Train Loss: 0.4639, Validation Loss: 0.8818
Epoch 338/1000, Train Loss: 0.4580, Validation Loss: 0.4439
Epoch 339/1000, Train Loss: 0.4556, Validation Loss: 0.5069
Epoch 340/1000, Train Loss: 0.4654, Validation Loss: 0.4908
Epoch 341/1000, Train Loss: 0.4730, Validation Loss: 0.5521
Epoch 342/1000, Train Loss: 0.4624, Validation Loss: 1.0532
Epoch 343/1000, Train Loss: 0.4508, Validation Loss: 0.8072
Epoch 344/1000, Train Loss: 0.4605, Validation Loss: 1.0065
Epoch 345/1000, Train Loss: 0.4748, Validation Loss: 0.7146
Epoch 346/1000, Train Loss: 0.4596, Validation Loss: 0.9875
Epoch 347/1000, Train Loss: 0.4663, Validation Loss: 0.6192
Epoch 348/1000, Train Loss: 0.4511, Validation Loss: 0.5814
Epoch 349/1000, Train Loss: 0.4632, Validation Loss: 0.4942
Epoch 350/1000, Train Loss: 0.4598, Validation Loss: 0.6772
Epoch 351/1000, Train Loss: 0.4529, Validation Loss: 0.9628
Epoch 352/1000, Train Loss: 0.4650, Validation Loss: 0.6432
Epoch 353/1000, Train Loss: 0.4602, Validation Loss: 0.6794
Epoch 354/1000, Train Loss: 0.4714, Validation Loss: 0.4588
Epoch 355/1000, Train Loss: 0.4611, Validation Loss: 0.6716
Epoch 356/1000, Train Loss: 0.4505, Validation Loss: 0.4380
Epoch 357/1000, Train Loss: 0.4790, Validation Loss: 0.5129
Epoch 358/1000, Train Loss: 0.4597, Validation Loss: 0.5972
Epoch 359/1000, Train Loss: 0.4575, Validation Loss: 0.6282
Epoch 360/1000, Train Loss: 0.4631, Validation Loss: 0.6281
Epoch 361/1000, Train Loss: 0.4649, Validation Loss: 2.8001
Epoch 362/1000, Train Loss: 0.4611, Validation Loss: 0.7503
Epoch 363/1000, Train Loss: 0.4630, Validation Loss: 1.1665
Epoch 364/1000, Train Loss: 0.4593, Validation Loss: 1.0437
Epoch 365/1000, Train Loss: 0.4514, Validation Loss: 0.9310
Epoch 366/1000, Train Loss: 0.4642, Validation Loss: 0.6557
Epoch 367/1000, Train Loss: 0.4616, Validation Loss: 0.6219
Epoch 368/1000, Train Loss: 0.4501, Validation Loss: 0.5092
Epoch 369/1000, Train Loss: 0.4533, Validation Loss: 0.7471
Epoch 370/1000, Train Loss: 0.4611, Validation Loss: 2.3585
Epoch 371/1000, Train Loss: 0.4668, Validation Loss: 0.5094
Epoch 372/1000, Train Loss: 0.4670, Validation Loss: 0.8403
Epoch 373/1000, Train Loss: 0.4740, Validation Loss: 0.5626
Epoch 374/1000, Train Loss: 0.4717, Validation Loss: 0.7953
Epoch 375/1000, Train Loss: 0.4558, Validation Loss: 1.2050
Epoch 376/1000, Train Loss: 0.4617, Validation Loss: 0.6769
Epoch 377/1000, Train Loss: 0.4620, Validation Loss: 0.8628
Epoch 378/1000, Train Loss: 0.4489, Validation Loss: 0.8765
Epoch 379/1000, Train Loss: 0.4669, Validation Loss: 0.5149
Epoch 380/1000, Train Loss: 0.4531, Validation Loss: 0.8778
Epoch 381/1000, Train Loss: 0.4686, Validation Loss: 1.3078
Epoch 382/1000, Train Loss: 0.4494, Validation Loss: 0.6910
Epoch 383/1000, Train Loss: 0.4506, Validation Loss: 0.6108
Epoch 384/1000, Train Loss: 0.4451, Validation Loss: 1.0271
Epoch 385/1000, Train Loss: 0.4508, Validation Loss: 0.5951
Epoch 386/1000, Train Loss: 0.4691, Validation Loss: 0.7294
Epoch 387/1000, Train Loss: 0.4534, Validation Loss: 0.5127
Epoch 388/1000, Train Loss: 0.4631, Validation Loss: 0.5383
Epoch 389/1000, Train Loss: 0.4545, Validation Loss: 0.7819
Epoch 390/1000, Train Loss: 0.4501, Validation Loss: 0.5513
Epoch 391/1000, Train Loss: 0.4554, Validation Loss: 0.7596
Epoch 392/1000, Train Loss: 0.4420, Validation Loss: 0.6265
Epoch 393/1000, Train Loss: 0.4479, Validation Loss: 0.5298
Epoch 394/1000, Train Loss: 0.4523, Validation Loss: 0.8723
Epoch 395/1000, Train Loss: 0.4546, Validation Loss: 0.6648
Epoch 396/1000, Train Loss: 0.4457, Validation Loss: 0.4982
Epoch 397/1000, Train Loss: 0.4472, Validation Loss: 0.5207
Epoch 398/1000, Train Loss: 0.4693, Validation Loss: 0.5526
Epoch 399/1000, Train Loss: 0.4449, Validation Loss: 0.4379
Epoch 400/1000, Train Loss: 0.4427, Validation Loss: 0.9869
Epoch 401/1000, Train Loss: 0.4510, Validation Loss: 0.7215
Epoch 402/1000, Train Loss: 0.4464, Validation Loss: 0.8737
Epoch 403/1000, Train Loss: 0.4550, Validation Loss: 1.1489
Epoch 404/1000, Train Loss: 0.4548, Validation Loss: 0.7477
Epoch 405/1000, Train Loss: 0.4588, Validation Loss: 0.7659
Epoch 406/1000, Train Loss: 0.4472, Validation Loss: 1.3801
Epoch 407/1000, Train Loss: 0.4435, Validation Loss: 0.5540
Epoch 408/1000, Train Loss: 0.4566, Validation Loss: 0.6637
Epoch 409/1000, Train Loss: 0.4571, Validation Loss: 0.4491
Epoch 410/1000, Train Loss: 0.4468, Validation Loss: 1.2369
Epoch 411/1000, Train Loss: 0.4468, Validation Loss: 0.4936
Epoch 412/1000, Train Loss: 0.4597, Validation Loss: 1.4289
Epoch 413/1000, Train Loss: 0.4551, Validation Loss: 0.7436
Epoch 414/1000, Train Loss: 0.4494, Validation Loss: 0.4789
Epoch 415/1000, Train Loss: 0.4647, Validation Loss: 0.9282
Epoch 416/1000, Train Loss: 0.4630, Validation Loss: 0.8779
Epoch 417/1000, Train Loss: 0.4530, Validation Loss: 0.5358
Epoch 418/1000, Train Loss: 0.4487, Validation Loss: 0.6131
Epoch 419/1000, Train Loss: 0.4556, Validation Loss: 0.9635
Epoch 420/1000, Train Loss: 0.4539, Validation Loss: 0.6310
Epoch 421/1000, Train Loss: 0.4391, Validation Loss: 0.6008
Epoch 422/1000, Train Loss: 0.4499, Validation Loss: 0.5286
Epoch 423/1000, Train Loss: 0.4467, Validation Loss: 0.6441
Epoch 424/1000, Train Loss: 0.4416, Validation Loss: 1.1514
Epoch 425/1000, Train Loss: 0.4466, Validation Loss: 0.5090
Epoch 426/1000, Train Loss: 0.4481, Validation Loss: 0.7826
Epoch 427/1000, Train Loss: 0.4577, Validation Loss: 0.6471
Epoch 428/1000, Train Loss: 0.4457, Validation Loss: 0.4986
Epoch 429/1000, Train Loss: 0.4568, Validation Loss: 0.5300
Epoch 430/1000, Train Loss: 0.4443, Validation Loss: 0.5953
Epoch 431/1000, Train Loss: 0.4493, Validation Loss: 0.6597
Epoch 432/1000, Train Loss: 0.4418, Validation Loss: 0.4950
Epoch 433/1000, Train Loss: 0.4499, Validation Loss: 0.5010
Epoch 434/1000, Train Loss: 0.4398, Validation Loss: 0.6731
Epoch 435/1000, Train Loss: 0.4448, Validation Loss: 0.7361
Epoch 436/1000, Train Loss: 0.4541, Validation Loss: 1.3094
Epoch 437/1000, Train Loss: 0.4538, Validation Loss: 1.3604
Epoch 438/1000, Train Loss: 0.4406, Validation Loss: 0.5358
Epoch 439/1000, Train Loss: 0.4440, Validation Loss: 0.5800
Epoch 440/1000, Train Loss: 0.4428, Validation Loss: 0.5245
Epoch 441/1000, Train Loss: 0.4551, Validation Loss: 0.5761
Epoch 442/1000, Train Loss: 0.4477, Validation Loss: 0.5861
Epoch 443/1000, Train Loss: 0.4451, Validation Loss: 0.4450
Epoch 444/1000, Train Loss: 0.4454, Validation Loss: 1.6415
Epoch 445/1000, Train Loss: 0.4382, Validation Loss: 0.6353
Epoch 446/1000, Train Loss: 0.4434, Validation Loss: 1.4045
Epoch 447/1000, Train Loss: 0.4437, Validation Loss: 1.8444
Epoch 448/1000, Train Loss: 0.4539, Validation Loss: 0.7507
Epoch 449/1000, Train Loss: 0.4431, Validation Loss: 0.6275
Epoch 450/1000, Train Loss: 0.4448, Validation Loss: 0.7440
Epoch 451/1000, Train Loss: 0.4497, Validation Loss: 0.5520
Epoch 452/1000, Train Loss: 0.4364, Validation Loss: 0.4435
Epoch 453/1000, Train Loss: 0.4498, Validation Loss: 0.5249
Epoch 454/1000, Train Loss: 0.4441, Validation Loss: 1.3667
Epoch 455/1000, Train Loss: 0.4503, Validation Loss: 0.8067
Epoch 456/1000, Train Loss: 0.4606, Validation Loss: 0.5725
Epoch 457/1000, Train Loss: 0.4560, Validation Loss: 1.3275
Epoch 458/1000, Train Loss: 0.4370, Validation Loss: 1.2273
Epoch 459/1000, Train Loss: 0.4404, Validation Loss: 0.7219
Epoch 460/1000, Train Loss: 0.4422, Validation Loss: 0.4322
Epoch 461/1000, Train Loss: 0.4422, Validation Loss: 0.6718
Epoch 462/1000, Train Loss: 0.4596, Validation Loss: 0.6504
Epoch 463/1000, Train Loss: 0.4507, Validation Loss: 0.7845
Epoch 464/1000, Train Loss: 0.4451, Validation Loss: 0.8462
Epoch 465/1000, Train Loss: 0.4401, Validation Loss: 1.5142
Epoch 466/1000, Train Loss: 0.4331, Validation Loss: 0.7177
Epoch 467/1000, Train Loss: 0.4541, Validation Loss: 0.4437
Epoch 468/1000, Train Loss: 0.4397, Validation Loss: 0.5595
Epoch 469/1000, Train Loss: 0.4553, Validation Loss: 0.5134
Epoch 470/1000, Train Loss: 0.4400, Validation Loss: 0.6040
Epoch 471/1000, Train Loss: 0.4530, Validation Loss: 0.5486
Epoch 472/1000, Train Loss: 0.4524, Validation Loss: 0.9506
Epoch 473/1000, Train Loss: 0.4377, Validation Loss: 0.8861
Epoch 474/1000, Train Loss: 0.4491, Validation Loss: 0.6558
Epoch 475/1000, Train Loss: 0.4377, Validation Loss: 0.7685
Epoch 476/1000, Train Loss: 0.4352, Validation Loss: 0.6967
Epoch 477/1000, Train Loss: 0.4315, Validation Loss: 0.5602
Epoch 478/1000, Train Loss: 0.4428, Validation Loss: 0.4832
Epoch 479/1000, Train Loss: 0.4445, Validation Loss: 0.5641
Epoch 480/1000, Train Loss: 0.4373, Validation Loss: 0.5851
Epoch 481/1000, Train Loss: 0.4437, Validation Loss: 0.5243
Epoch 482/1000, Train Loss: 0.4399, Validation Loss: 0.4302
Epoch 483/1000, Train Loss: 0.4401, Validation Loss: 0.5718
Epoch 484/1000, Train Loss: 0.4429, Validation Loss: 0.9676
Epoch 485/1000, Train Loss: 0.4377, Validation Loss: 0.4469
Epoch 486/1000, Train Loss: 0.4394, Validation Loss: 0.7700
Epoch 487/1000, Train Loss: 0.4314, Validation Loss: 0.5113
Epoch 488/1000, Train Loss: 0.4357, Validation Loss: 0.9297
Epoch 489/1000, Train Loss: 0.4320, Validation Loss: 0.4316
Epoch 490/1000, Train Loss: 0.4413, Validation Loss: 0.7101
Epoch 491/1000, Train Loss: 0.4382, Validation Loss: 0.8043
Epoch 492/1000, Train Loss: 0.4404, Validation Loss: 1.2692
Epoch 493/1000, Train Loss: 0.4512, Validation Loss: 0.5756
Epoch 494/1000, Train Loss: 0.4470, Validation Loss: 0.7376
Epoch 495/1000, Train Loss: 0.4374, Validation Loss: 0.5806
Epoch 496/1000, Train Loss: 0.4314, Validation Loss: 0.6989
Epoch 497/1000, Train Loss: 0.4459, Validation Loss: 1.1797
Epoch 498/1000, Train Loss: 0.4424, Validation Loss: 0.5068
Epoch 499/1000, Train Loss: 0.4374, Validation Loss: 1.5034
Epoch 500/1000, Train Loss: 0.4458, Validation Loss: 0.7529
Epoch 501/1000, Train Loss: 0.4346, Validation Loss: 0.8315
Epoch 502/1000, Train Loss: 0.4445, Validation Loss: 1.4451
Epoch 503/1000, Train Loss: 0.4501, Validation Loss: 0.9241
Epoch 504/1000, Train Loss: 0.4474, Validation Loss: 0.5454
Epoch 505/1000, Train Loss: 0.4342, Validation Loss: 0.7865
Epoch 506/1000, Train Loss: 0.4440, Validation Loss: 0.5509
Epoch 507/1000, Train Loss: 0.4518, Validation Loss: 0.4906
Epoch 508/1000, Train Loss: 0.4259, Validation Loss: 0.9774
Epoch 509/1000, Train Loss: 0.4375, Validation Loss: 0.5894
Epoch 510/1000, Train Loss: 0.4290, Validation Loss: 0.5798
Epoch 511/1000, Train Loss: 0.4241, Validation Loss: 1.0860
Epoch 512/1000, Train Loss: 0.4509, Validation Loss: 0.8850
Epoch 513/1000, Train Loss: 0.4515, Validation Loss: 0.5601
Epoch 514/1000, Train Loss: 0.4397, Validation Loss: 1.1149
Epoch 515/1000, Train Loss: 0.4419, Validation Loss: 0.9494
Epoch 516/1000, Train Loss: 0.4348, Validation Loss: 0.6706
Epoch 517/1000, Train Loss: 0.4259, Validation Loss: 0.4360
Epoch 518/1000, Train Loss: 0.4428, Validation Loss: 0.7376
Epoch 519/1000, Train Loss: 0.4324, Validation Loss: 0.5769
Epoch 520/1000, Train Loss: 0.4407, Validation Loss: 1.2234
Epoch 521/1000, Train Loss: 0.4408, Validation Loss: 0.8546
Epoch 522/1000, Train Loss: 0.4429, Validation Loss: 1.6677
Epoch 523/1000, Train Loss: 0.4511, Validation Loss: 0.6194
Epoch 524/1000, Train Loss: 0.4321, Validation Loss: 0.7710
Epoch 525/1000, Train Loss: 0.4434, Validation Loss: 1.0037
Epoch 526/1000, Train Loss: 0.4312, Validation Loss: 1.4319
Epoch 527/1000, Train Loss: 0.4394, Validation Loss: 0.7163
Epoch 528/1000, Train Loss: 0.4462, Validation Loss: 0.9068
Epoch 529/1000, Train Loss: 0.4606, Validation Loss: 0.5679
Epoch 530/1000, Train Loss: 0.4304, Validation Loss: 0.6277
Epoch 531/1000, Train Loss: 0.4320, Validation Loss: 0.5585
Epoch 532/1000, Train Loss: 0.4313, Validation Loss: 0.6408
Epoch 533/1000, Train Loss: 0.4415, Validation Loss: 0.8556
Epoch 534/1000, Train Loss: 0.4230, Validation Loss: 1.3253
Epoch 535/1000, Train Loss: 0.4296, Validation Loss: 0.8940
Epoch 536/1000, Train Loss: 0.4344, Validation Loss: 0.8407
Epoch 537/1000, Train Loss: 0.4379, Validation Loss: 1.0988
Epoch 538/1000, Train Loss: 0.4257, Validation Loss: 0.6162
Epoch 539/1000, Train Loss: 0.4325, Validation Loss: 0.5433
Epoch 540/1000, Train Loss: 0.4367, Validation Loss: 1.1807
Epoch 541/1000, Train Loss: 0.4408, Validation Loss: 1.9138
Epoch 542/1000, Train Loss: 0.4497, Validation Loss: 0.6615
Epoch 543/1000, Train Loss: 0.4403, Validation Loss: 0.9814
Epoch 544/1000, Train Loss: 0.4278, Validation Loss: 1.2890
Epoch 545/1000, Train Loss: 0.4575, Validation Loss: 0.9649
Epoch 546/1000, Train Loss: 0.4432, Validation Loss: 1.0841
Epoch 547/1000, Train Loss: 0.4424, Validation Loss: 0.4807
Epoch 548/1000, Train Loss: 0.4314, Validation Loss: 0.5275
Epoch 549/1000, Train Loss: 0.4387, Validation Loss: 0.6372
Epoch 550/1000, Train Loss: 0.4344, Validation Loss: 1.2805
Epoch 551/1000, Train Loss: 0.4392, Validation Loss: 0.7940
Epoch 552/1000, Train Loss: 0.4439, Validation Loss: 0.8502
Epoch 553/1000, Train Loss: 0.4327, Validation Loss: 0.5591
Epoch 554/1000, Train Loss: 0.4282, Validation Loss: 0.5301
Epoch 555/1000, Train Loss: 0.4265, Validation Loss: 0.5247
Epoch 556/1000, Train Loss: 0.4289, Validation Loss: 0.6203
Epoch 557/1000, Train Loss: 0.4407, Validation Loss: 1.2472
Epoch 558/1000, Train Loss: 0.4299, Validation Loss: 0.5740
Epoch 559/1000, Train Loss: 0.4335, Validation Loss: 0.8376
Epoch 560/1000, Train Loss: 0.4452, Validation Loss: 1.0934
Epoch 561/1000, Train Loss: 0.4314, Validation Loss: 1.1720
Epoch 562/1000, Train Loss: 0.4411, Validation Loss: 0.4628
Epoch 563/1000, Train Loss: 0.4256, Validation Loss: 2.0778
Epoch 564/1000, Train Loss: 0.4368, Validation Loss: 0.4634
Epoch 565/1000, Train Loss: 0.4342, Validation Loss: 1.6455
Epoch 566/1000, Train Loss: 0.4422, Validation Loss: 0.9827
Epoch 567/1000, Train Loss: 0.4305, Validation Loss: 2.2763
Epoch 568/1000, Train Loss: 0.4372, Validation Loss: 0.5784
Epoch 569/1000, Train Loss: 0.4282, Validation Loss: 0.6392
Epoch 570/1000, Train Loss: 0.4511, Validation Loss: 1.5407
Epoch 571/1000, Train Loss: 0.4329, Validation Loss: 0.7762
Epoch 572/1000, Train Loss: 0.4298, Validation Loss: 0.6396
Epoch 573/1000, Train Loss: 0.4283, Validation Loss: 0.6206
Epoch 574/1000, Train Loss: 0.4327, Validation Loss: 0.8862
Epoch 575/1000, Train Loss: 0.4490, Validation Loss: 2.1542
Epoch 576/1000, Train Loss: 0.4395, Validation Loss: 0.6535
Epoch 577/1000, Train Loss: 0.4287, Validation Loss: 1.2940
Epoch 578/1000, Train Loss: 0.4312, Validation Loss: 0.5786
Epoch 579/1000, Train Loss: 0.4243, Validation Loss: 0.9142
Epoch 580/1000, Train Loss: 0.4429, Validation Loss: 1.1542
Epoch 581/1000, Train Loss: 0.4292, Validation Loss: 1.0693
Epoch 582/1000, Train Loss: 0.4324, Validation Loss: 0.7559
Epoch 583/1000, Train Loss: 0.4407, Validation Loss: 0.6508
Epoch 584/1000, Train Loss: 0.4334, Validation Loss: 0.7672
Epoch 585/1000, Train Loss: 0.4313, Validation Loss: 1.3762
Epoch 586/1000, Train Loss: 0.4377, Validation Loss: 1.1759
Epoch 587/1000, Train Loss: 0.4358, Validation Loss: 0.9876
Epoch 588/1000, Train Loss: 0.4239, Validation Loss: 1.4458
Epoch 589/1000, Train Loss: 0.4212, Validation Loss: 0.6531
Epoch 590/1000, Train Loss: 0.4273, Validation Loss: 0.7441
Epoch 591/1000, Train Loss: 0.4405, Validation Loss: 0.5190
Epoch 592/1000, Train Loss: 0.4313, Validation Loss: 0.4861
Epoch 593/1000, Train Loss: 0.4356, Validation Loss: 0.8729
Epoch 594/1000, Train Loss: 0.4261, Validation Loss: 1.2421
Epoch 595/1000, Train Loss: 0.4242, Validation Loss: 0.6893
Epoch 596/1000, Train Loss: 0.4373, Validation Loss: 0.5172
Epoch 597/1000, Train Loss: 0.4341, Validation Loss: 0.4507
Epoch 598/1000, Train Loss: 0.4427, Validation Loss: 0.7984
Epoch 599/1000, Train Loss: 0.4368, Validation Loss: 0.4257
Epoch 600/1000, Train Loss: 0.4236, Validation Loss: 1.0192
Epoch 601/1000, Train Loss: 0.4337, Validation Loss: 0.6842
Epoch 602/1000, Train Loss: 0.4236, Validation Loss: 1.3834
Epoch 603/1000, Train Loss: 0.4293, Validation Loss: 0.5138
Epoch 604/1000, Train Loss: 0.4286, Validation Loss: 1.2970
Epoch 605/1000, Train Loss: 0.4492, Validation Loss: 0.4692
Epoch 606/1000, Train Loss: 0.4310, Validation Loss: 0.6450
Epoch 607/1000, Train Loss: 0.4370, Validation Loss: 1.0097
Epoch 608/1000, Train Loss: 0.4414, Validation Loss: 0.4370
Epoch 609/1000, Train Loss: 0.4228, Validation Loss: 0.6860
Epoch 610/1000, Train Loss: 0.4282, Validation Loss: 1.8731
Epoch 611/1000, Train Loss: 0.4343, Validation Loss: 1.4099
Epoch 612/1000, Train Loss: 0.4275, Validation Loss: 1.9976
Epoch 613/1000, Train Loss: 0.4297, Validation Loss: 0.7271
Epoch 614/1000, Train Loss: 0.4136, Validation Loss: 0.6076
Epoch 615/1000, Train Loss: 0.4344, Validation Loss: 0.5994
Epoch 616/1000, Train Loss: 0.4217, Validation Loss: 0.6759
Epoch 617/1000, Train Loss: 0.4339, Validation Loss: 0.5339
Epoch 618/1000, Train Loss: 0.4341, Validation Loss: 0.9462
Epoch 619/1000, Train Loss: 0.4409, Validation Loss: 0.5097
Epoch 620/1000, Train Loss: 0.4315, Validation Loss: 0.7184
Epoch 621/1000, Train Loss: 0.4322, Validation Loss: 2.2803
Epoch 622/1000, Train Loss: 0.4355, Validation Loss: 0.9186
Epoch 623/1000, Train Loss: 0.4355, Validation Loss: 0.7234
Epoch 624/1000, Train Loss: 0.4296, Validation Loss: 0.6173
Epoch 625/1000, Train Loss: 0.4274, Validation Loss: 0.4604
Epoch 626/1000, Train Loss: 0.4291, Validation Loss: 1.0736
Epoch 627/1000, Train Loss: 0.4408, Validation Loss: 0.5618
Epoch 628/1000, Train Loss: 0.4316, Validation Loss: 0.5956
Epoch 629/1000, Train Loss: 0.4406, Validation Loss: 1.0372
Epoch 630/1000, Train Loss: 0.4302, Validation Loss: 0.6624
Epoch 631/1000, Train Loss: 0.4284, Validation Loss: 0.8768
Epoch 632/1000, Train Loss: 0.4225, Validation Loss: 1.1681
Epoch 633/1000, Train Loss: 0.4161, Validation Loss: 0.7446
Epoch 634/1000, Train Loss: 0.4159, Validation Loss: 0.6812
Epoch 635/1000, Train Loss: 0.4576, Validation Loss: 0.4791
Epoch 636/1000, Train Loss: 0.4244, Validation Loss: 0.4833
Epoch 637/1000, Train Loss: 0.4362, Validation Loss: 0.8139
Epoch 638/1000, Train Loss: 0.4206, Validation Loss: 0.4925
Epoch 639/1000, Train Loss: 0.4280, Validation Loss: 0.4464
Epoch 640/1000, Train Loss: 0.4262, Validation Loss: 0.8331
Epoch 641/1000, Train Loss: 0.4272, Validation Loss: 0.7194
Epoch 642/1000, Train Loss: 0.4329, Validation Loss: 0.4434
Epoch 643/1000, Train Loss: 0.4261, Validation Loss: 1.9399
Epoch 644/1000, Train Loss: 0.4278, Validation Loss: 0.4472
Epoch 645/1000, Train Loss: 0.4254, Validation Loss: 0.8682
Epoch 646/1000, Train Loss: 0.4250, Validation Loss: 1.0403
Epoch 647/1000, Train Loss: 0.4239, Validation Loss: 0.4768
Epoch 648/1000, Train Loss: 0.4324, Validation Loss: 0.7515
Epoch 649/1000, Train Loss: 0.4270, Validation Loss: 0.4775
Epoch 650/1000, Train Loss: 0.4158, Validation Loss: 0.4325
Epoch 651/1000, Train Loss: 0.4273, Validation Loss: 0.4929
Epoch 652/1000, Train Loss: 0.4351, Validation Loss: 0.9951
Epoch 653/1000, Train Loss: 0.4378, Validation Loss: 0.7778
Epoch 654/1000, Train Loss: 0.4310, Validation Loss: 0.7512
Epoch 655/1000, Train Loss: 0.4454, Validation Loss: 0.7239
Epoch 656/1000, Train Loss: 0.4302, Validation Loss: 0.7065
Epoch 657/1000, Train Loss: 0.4247, Validation Loss: 0.5047
Epoch 658/1000, Train Loss: 0.4390, Validation Loss: 0.4319
Epoch 659/1000, Train Loss: 0.4411, Validation Loss: 0.8718
Epoch 660/1000, Train Loss: 0.4250, Validation Loss: 1.2260
Epoch 661/1000, Train Loss: 0.4176, Validation Loss: 0.7822
Epoch 662/1000, Train Loss: 0.4188, Validation Loss: 0.7340
Epoch 663/1000, Train Loss: 0.4312, Validation Loss: 1.6363
Epoch 664/1000, Train Loss: 0.4170, Validation Loss: 0.8653
Epoch 665/1000, Train Loss: 0.4339, Validation Loss: 0.9249
Epoch 666/1000, Train Loss: 0.4176, Validation Loss: 0.4655
Epoch 667/1000, Train Loss: 0.4280, Validation Loss: 0.7004
Epoch 668/1000, Train Loss: 0.4365, Validation Loss: 0.6926
Epoch 669/1000, Train Loss: 0.4264, Validation Loss: 0.6231
Epoch 670/1000, Train Loss: 0.4354, Validation Loss: 0.4552
Epoch 671/1000, Train Loss: 0.4328, Validation Loss: 0.5254
Epoch 672/1000, Train Loss: 0.4253, Validation Loss: 0.8177
Epoch 673/1000, Train Loss: 0.4295, Validation Loss: 1.5514
Epoch 674/1000, Train Loss: 0.4214, Validation Loss: 0.4544
Epoch 675/1000, Train Loss: 0.4255, Validation Loss: 0.6371
Epoch 676/1000, Train Loss: 0.4207, Validation Loss: 0.5139
Epoch 677/1000, Train Loss: 0.4131, Validation Loss: 0.6765
Epoch 678/1000, Train Loss: 0.4202, Validation Loss: 0.8608
Epoch 679/1000, Train Loss: 0.4266, Validation Loss: 0.5416
Epoch 680/1000, Train Loss: 0.4289, Validation Loss: 0.6657
Epoch 681/1000, Train Loss: 0.4290, Validation Loss: 0.4744
Epoch 682/1000, Train Loss: 0.4243, Validation Loss: 0.4850
Epoch 683/1000, Train Loss: 0.4303, Validation Loss: 0.4134
Epoch 684/1000, Train Loss: 0.4290, Validation Loss: 0.5407
Epoch 685/1000, Train Loss: 0.4346, Validation Loss: 1.2749
Epoch 686/1000, Train Loss: 0.4352, Validation Loss: 1.2932
Epoch 687/1000, Train Loss: 0.4159, Validation Loss: 0.5079
Epoch 688/1000, Train Loss: 0.4187, Validation Loss: 1.3604
Epoch 689/1000, Train Loss: 0.4273, Validation Loss: 0.4569
Epoch 690/1000, Train Loss: 0.4189, Validation Loss: 0.6092
Epoch 691/1000, Train Loss: 0.4200, Validation Loss: 0.5439
Epoch 692/1000, Train Loss: 0.4244, Validation Loss: 0.5309
Epoch 693/1000, Train Loss: 0.4175, Validation Loss: 0.7486
Epoch 694/1000, Train Loss: 0.4370, Validation Loss: 0.8586
Epoch 695/1000, Train Loss: 0.4247, Validation Loss: 0.4432
Epoch 696/1000, Train Loss: 0.4191, Validation Loss: 0.7811
Epoch 697/1000, Train Loss: 0.4141, Validation Loss: 1.3315
Epoch 698/1000, Train Loss: 0.4198, Validation Loss: 0.4611
Epoch 699/1000, Train Loss: 0.4366, Validation Loss: 0.5724
Epoch 700/1000, Train Loss: 0.4193, Validation Loss: 0.5145
Epoch 701/1000, Train Loss: 0.4291, Validation Loss: 0.6097
Epoch 702/1000, Train Loss: 0.4256, Validation Loss: 0.7033
Epoch 703/1000, Train Loss: 0.4113, Validation Loss: 0.5482
Epoch 704/1000, Train Loss: 0.4234, Validation Loss: 0.9338
Epoch 705/1000, Train Loss: 0.4223, Validation Loss: 0.5698
Epoch 706/1000, Train Loss: 0.4278, Validation Loss: 1.5497
Epoch 707/1000, Train Loss: 0.4254, Validation Loss: 1.6592
Epoch 708/1000, Train Loss: 0.4169, Validation Loss: 0.4638
Epoch 709/1000, Train Loss: 0.4202, Validation Loss: 1.1261
Epoch 710/1000, Train Loss: 0.4289, Validation Loss: 1.1159
Epoch 711/1000, Train Loss: 0.4113, Validation Loss: 0.7721
Epoch 712/1000, Train Loss: 0.4227, Validation Loss: 0.5271
Epoch 713/1000, Train Loss: 0.4123, Validation Loss: 0.4290
Epoch 714/1000, Train Loss: 0.4169, Validation Loss: 0.7796
Epoch 715/1000, Train Loss: 0.4229, Validation Loss: 0.7149
Epoch 716/1000, Train Loss: 0.4207, Validation Loss: 0.6033
Epoch 717/1000, Train Loss: 0.4169, Validation Loss: 0.5746
Epoch 718/1000, Train Loss: 0.4199, Validation Loss: 0.5684
Epoch 719/1000, Train Loss: 0.4188, Validation Loss: 0.4929
Epoch 720/1000, Train Loss: 0.4222, Validation Loss: 0.7257
Epoch 721/1000, Train Loss: 0.4177, Validation Loss: 0.5670
Epoch 722/1000, Train Loss: 0.4212, Validation Loss: 0.6187
Epoch 723/1000, Train Loss: 0.4237, Validation Loss: 0.5440
Epoch 724/1000, Train Loss: 0.4316, Validation Loss: 0.9434
Epoch 725/1000, Train Loss: 0.4155, Validation Loss: 0.5586
Epoch 726/1000, Train Loss: 0.4326, Validation Loss: 0.7615
Epoch 727/1000, Train Loss: 0.4189, Validation Loss: 0.8540
Epoch 728/1000, Train Loss: 0.4174, Validation Loss: 0.8514
Epoch 729/1000, Train Loss: 0.4218, Validation Loss: 0.5368
Epoch 730/1000, Train Loss: 0.4181, Validation Loss: 0.4150
Epoch 731/1000, Train Loss: 0.4138, Validation Loss: 0.7319
Epoch 732/1000, Train Loss: 0.4237, Validation Loss: 1.4307
Epoch 733/1000, Train Loss: 0.4164, Validation Loss: 0.5118
Epoch 734/1000, Train Loss: 0.4229, Validation Loss: 1.3823
Epoch 735/1000, Train Loss: 0.4093, Validation Loss: 0.5282
Epoch 736/1000, Train Loss: 0.4181, Validation Loss: 1.3558
Epoch 737/1000, Train Loss: 0.4307, Validation Loss: 1.1334
Epoch 738/1000, Train Loss: 0.4279, Validation Loss: 0.5935
Epoch 739/1000, Train Loss: 0.4212, Validation Loss: 0.5096
Epoch 740/1000, Train Loss: 0.4263, Validation Loss: 0.5679
Epoch 741/1000, Train Loss: 0.4250, Validation Loss: 1.6375
Epoch 742/1000, Train Loss: 0.4068, Validation Loss: 0.5542
Epoch 743/1000, Train Loss: 0.4216, Validation Loss: 0.7967
Epoch 744/1000, Train Loss: 0.4163, Validation Loss: 0.6781
Epoch 745/1000, Train Loss: 0.4384, Validation Loss: 0.4943
Epoch 746/1000, Train Loss: 0.4220, Validation Loss: 0.9035
Epoch 747/1000, Train Loss: 0.4192, Validation Loss: 0.4971
Epoch 748/1000, Train Loss: 0.4141, Validation Loss: 0.7882
Epoch 749/1000, Train Loss: 0.4164, Validation Loss: 0.4396
Epoch 750/1000, Train Loss: 0.4170, Validation Loss: 0.8822
Epoch 751/1000, Train Loss: 0.4134, Validation Loss: 0.9749
Epoch 752/1000, Train Loss: 0.4269, Validation Loss: 1.0986
Epoch 753/1000, Train Loss: 0.4179, Validation Loss: 0.5890
Epoch 754/1000, Train Loss: 0.4138, Validation Loss: 0.4570
Epoch 755/1000, Train Loss: 0.4118, Validation Loss: 0.8292
Epoch 756/1000, Train Loss: 0.4292, Validation Loss: 0.8540
Epoch 757/1000, Train Loss: 0.4215, Validation Loss: 0.7735
Epoch 758/1000, Train Loss: 0.4139, Validation Loss: 0.5854
Epoch 759/1000, Train Loss: 0.4117, Validation Loss: 0.6084
Epoch 760/1000, Train Loss: 0.4164, Validation Loss: 0.5438
Epoch 761/1000, Train Loss: 0.4096, Validation Loss: 0.6973
Epoch 762/1000, Train Loss: 0.4200, Validation Loss: 0.5306
Epoch 763/1000, Train Loss: 0.4096, Validation Loss: 0.6992
Epoch 764/1000, Train Loss: 0.4268, Validation Loss: 0.8804
Epoch 765/1000, Train Loss: 0.4262, Validation Loss: 0.5361
Epoch 766/1000, Train Loss: 0.4143, Validation Loss: 0.8327
Epoch 767/1000, Train Loss: 0.4176, Validation Loss: 0.8547
Epoch 768/1000, Train Loss: 0.4193, Validation Loss: 0.6361
Epoch 769/1000, Train Loss: 0.4193, Validation Loss: 0.4525
Epoch 770/1000, Train Loss: 0.4155, Validation Loss: 0.6230
Epoch 771/1000, Train Loss: 0.4129, Validation Loss: 1.4561
Epoch 772/1000, Train Loss: 0.4236, Validation Loss: 0.8388
Epoch 773/1000, Train Loss: 0.4181, Validation Loss: 0.8442
Epoch 774/1000, Train Loss: 0.4305, Validation Loss: 0.4956
Epoch 775/1000, Train Loss: 0.4258, Validation Loss: 1.5888
Epoch 776/1000, Train Loss: 0.4301, Validation Loss: 0.7662
Epoch 777/1000, Train Loss: 0.4102, Validation Loss: 0.8409
Epoch 778/1000, Train Loss: 0.4180, Validation Loss: 0.4016
Epoch 779/1000, Train Loss: 0.4106, Validation Loss: 0.5236
Epoch 780/1000, Train Loss: 0.4186, Validation Loss: 0.7555
Epoch 781/1000, Train Loss: 0.4096, Validation Loss: 0.5448
Epoch 782/1000, Train Loss: 0.4220, Validation Loss: 0.4864
Epoch 783/1000, Train Loss: 0.4369, Validation Loss: 0.7731
Epoch 784/1000, Train Loss: 0.4239, Validation Loss: 0.5101
Epoch 785/1000, Train Loss: 0.4235, Validation Loss: 0.5347
Epoch 786/1000, Train Loss: 0.4343, Validation Loss: 0.4240
Epoch 787/1000, Train Loss: 0.4156, Validation Loss: 0.5022
Epoch 788/1000, Train Loss: 0.4160, Validation Loss: 0.6013
Epoch 789/1000, Train Loss: 0.4062, Validation Loss: 0.4917
Epoch 790/1000, Train Loss: 0.4127, Validation Loss: 0.6727
Epoch 791/1000, Train Loss: 0.4159, Validation Loss: 1.6175
Epoch 792/1000, Train Loss: 0.4244, Validation Loss: 0.5306
Epoch 793/1000, Train Loss: 0.4232, Validation Loss: 1.6124
Epoch 794/1000, Train Loss: 0.4274, Validation Loss: 0.5068
Epoch 795/1000, Train Loss: 0.4094, Validation Loss: 0.5228
Epoch 796/1000, Train Loss: 0.4108, Validation Loss: 1.0159
Epoch 797/1000, Train Loss: 0.4151, Validation Loss: 0.6821
Epoch 798/1000, Train Loss: 0.4289, Validation Loss: 0.5550
Epoch 799/1000, Train Loss: 0.4131, Validation Loss: 0.5939
Epoch 800/1000, Train Loss: 0.4205, Validation Loss: 2.2068
Epoch 801/1000, Train Loss: 0.4206, Validation Loss: 0.4354
Epoch 802/1000, Train Loss: 0.4158, Validation Loss: 0.7967
Epoch 803/1000, Train Loss: 0.4219, Validation Loss: 1.3538
Epoch 804/1000, Train Loss: 0.4245, Validation Loss: 1.6068
Epoch 805/1000, Train Loss: 0.4130, Validation Loss: 0.5502
Epoch 806/1000, Train Loss: 0.4249, Validation Loss: 0.9539
Epoch 807/1000, Train Loss: 0.4145, Validation Loss: 0.4551
Epoch 808/1000, Train Loss: 0.4263, Validation Loss: 0.5413
Epoch 809/1000, Train Loss: 0.4209, Validation Loss: 2.5622
Epoch 810/1000, Train Loss: 0.4180, Validation Loss: 0.6293
Epoch 811/1000, Train Loss: 0.4172, Validation Loss: 0.5555
Epoch 812/1000, Train Loss: 0.4283, Validation Loss: 1.1039
Epoch 813/1000, Train Loss: 0.4229, Validation Loss: 0.5624
Epoch 814/1000, Train Loss: 0.4141, Validation Loss: 1.2464
Epoch 815/1000, Train Loss: 0.4153, Validation Loss: 0.5669
Epoch 816/1000, Train Loss: 0.4084, Validation Loss: 0.9958
Epoch 817/1000, Train Loss: 0.4078, Validation Loss: 0.5589
Epoch 818/1000, Train Loss: 0.4198, Validation Loss: 1.1791
Epoch 819/1000, Train Loss: 0.4110, Validation Loss: 0.7892
Epoch 820/1000, Train Loss: 0.4263, Validation Loss: 1.3815
Epoch 821/1000, Train Loss: 0.4146, Validation Loss: 1.6457
Epoch 822/1000, Train Loss: 0.4218, Validation Loss: 0.6812
Epoch 823/1000, Train Loss: 0.4166, Validation Loss: 0.5826
Epoch 824/1000, Train Loss: 0.4178, Validation Loss: 0.6007
Epoch 825/1000, Train Loss: 0.4225, Validation Loss: 0.7013
Epoch 826/1000, Train Loss: 0.4137, Validation Loss: 0.7619
Epoch 827/1000, Train Loss: 0.4132, Validation Loss: 1.0373
Epoch 828/1000, Train Loss: 0.4241, Validation Loss: 0.6292
Epoch 829/1000, Train Loss: 0.4090, Validation Loss: 0.5946
Epoch 830/1000, Train Loss: 0.4236, Validation Loss: 1.1517
Epoch 831/1000, Train Loss: 0.4210, Validation Loss: 0.4451
Epoch 832/1000, Train Loss: 0.4072, Validation Loss: 0.7863
Epoch 833/1000, Train Loss: 0.4116, Validation Loss: 0.7921
Epoch 834/1000, Train Loss: 0.4117, Validation Loss: 0.7115
Epoch 835/1000, Train Loss: 0.4134, Validation Loss: 0.7635
Epoch 836/1000, Train Loss: 0.4341, Validation Loss: 0.5421
Epoch 837/1000, Train Loss: 0.4229, Validation Loss: 1.4331
Epoch 838/1000, Train Loss: 0.4233, Validation Loss: 1.1086
Epoch 839/1000, Train Loss: 0.4215, Validation Loss: 0.9040
Epoch 840/1000, Train Loss: 0.4222, Validation Loss: 1.1915
Epoch 841/1000, Train Loss: 0.4302, Validation Loss: 0.7249
Epoch 842/1000, Train Loss: 0.4130, Validation Loss: 0.6383
Epoch 843/1000, Train Loss: 0.4331, Validation Loss: 0.6164
Epoch 844/1000, Train Loss: 0.4166, Validation Loss: 0.6778
Epoch 845/1000, Train Loss: 0.4212, Validation Loss: 0.8280
Epoch 846/1000, Train Loss: 0.4088, Validation Loss: 0.6542
Epoch 847/1000, Train Loss: 0.4170, Validation Loss: 0.4566
Epoch 848/1000, Train Loss: 0.4225, Validation Loss: 0.7567
Epoch 849/1000, Train Loss: 0.4253, Validation Loss: 0.7465
Epoch 850/1000, Train Loss: 0.4185, Validation Loss: 0.7520
Epoch 851/1000, Train Loss: 0.4095, Validation Loss: 1.0768
Epoch 852/1000, Train Loss: 0.4148, Validation Loss: 1.4817
Epoch 853/1000, Train Loss: 0.4125, Validation Loss: 0.3775
Epoch 854/1000, Train Loss: 0.4257, Validation Loss: 0.5210
Epoch 855/1000, Train Loss: 0.4118, Validation Loss: 0.4308
Epoch 856/1000, Train Loss: 0.4058, Validation Loss: 0.4298
Epoch 857/1000, Train Loss: 0.4127, Validation Loss: 1.2953
Epoch 858/1000, Train Loss: 0.4120, Validation Loss: 0.5436
Epoch 859/1000, Train Loss: 0.4155, Validation Loss: 1.3367
Epoch 860/1000, Train Loss: 0.4104, Validation Loss: 0.6945
Epoch 861/1000, Train Loss: 0.4173, Validation Loss: 0.6046
Epoch 862/1000, Train Loss: 0.4188, Validation Loss: 1.0227
Epoch 863/1000, Train Loss: 0.4212, Validation Loss: 0.6626
Epoch 864/1000, Train Loss: 0.4272, Validation Loss: 1.3746
Epoch 865/1000, Train Loss: 0.4221, Validation Loss: 0.5001
Epoch 866/1000, Train Loss: 0.4191, Validation Loss: 0.9580
Epoch 867/1000, Train Loss: 0.4099, Validation Loss: 0.5147
Epoch 868/1000, Train Loss: 0.4088, Validation Loss: 0.7558
Epoch 869/1000, Train Loss: 0.4043, Validation Loss: 0.9591
Epoch 870/1000, Train Loss: 0.4071, Validation Loss: 0.8587
Epoch 871/1000, Train Loss: 0.4185, Validation Loss: 0.5332
Epoch 872/1000, Train Loss: 0.4123, Validation Loss: 0.5005
Epoch 873/1000, Train Loss: 0.4197, Validation Loss: 0.6479
Epoch 874/1000, Train Loss: 0.4127, Validation Loss: 0.5068
Epoch 875/1000, Train Loss: 0.4072, Validation Loss: 0.4726
Epoch 876/1000, Train Loss: 0.4256, Validation Loss: 1.4392
Epoch 877/1000, Train Loss: 0.4097, Validation Loss: 0.6147
Epoch 878/1000, Train Loss: 0.4182, Validation Loss: 0.5565
Epoch 879/1000, Train Loss: 0.4220, Validation Loss: 0.5315
Epoch 880/1000, Train Loss: 0.4122, Validation Loss: 0.6775
Epoch 881/1000, Train Loss: 0.4317, Validation Loss: 0.6584
Epoch 882/1000, Train Loss: 0.4123, Validation Loss: 0.5818
Epoch 883/1000, Train Loss: 0.4145, Validation Loss: 0.8261
Epoch 884/1000, Train Loss: 0.4148, Validation Loss: 0.4784
Epoch 885/1000, Train Loss: 0.4073, Validation Loss: 0.5771
Epoch 886/1000, Train Loss: 0.4123, Validation Loss: 0.4910
Epoch 887/1000, Train Loss: 0.4102, Validation Loss: 0.8065
Epoch 888/1000, Train Loss: 0.4029, Validation Loss: 0.6418
Epoch 889/1000, Train Loss: 0.4077, Validation Loss: 0.5281
Epoch 890/1000, Train Loss: 0.4259, Validation Loss: 0.7986
Epoch 891/1000, Train Loss: 0.4167, Validation Loss: 0.8242
Epoch 892/1000, Train Loss: 0.4164, Validation Loss: 0.5609
Epoch 893/1000, Train Loss: 0.4197, Validation Loss: 0.7916
Epoch 894/1000, Train Loss: 0.4028, Validation Loss: 0.8797
Epoch 895/1000, Train Loss: 0.4125, Validation Loss: 0.5973
Epoch 896/1000, Train Loss: 0.4167, Validation Loss: 0.6474
Epoch 897/1000, Train Loss: 0.4080, Validation Loss: 0.4779
Epoch 898/1000, Train Loss: 0.4067, Validation Loss: 0.5340
Epoch 899/1000, Train Loss: 0.4054, Validation Loss: 0.7763
Epoch 900/1000, Train Loss: 0.4083, Validation Loss: 0.5525
Epoch 901/1000, Train Loss: 0.4046, Validation Loss: 0.7466
Epoch 902/1000, Train Loss: 0.4235, Validation Loss: 0.7316
Epoch 903/1000, Train Loss: 0.4147, Validation Loss: 0.9033
Epoch 904/1000, Train Loss: 0.4157, Validation Loss: 0.5330
Epoch 905/1000, Train Loss: 0.4138, Validation Loss: 0.9797
Epoch 906/1000, Train Loss: 0.4095, Validation Loss: 0.5253
Epoch 907/1000, Train Loss: 0.4317, Validation Loss: 1.1195
Epoch 908/1000, Train Loss: 0.4275, Validation Loss: 1.0916
Epoch 909/1000, Train Loss: 0.4140, Validation Loss: 1.0190
Epoch 910/1000, Train Loss: 0.4133, Validation Loss: 0.6895
Epoch 911/1000, Train Loss: 0.4122, Validation Loss: 0.4861
Epoch 912/1000, Train Loss: 0.4067, Validation Loss: 1.0656
Epoch 913/1000, Train Loss: 0.4128, Validation Loss: 0.6339
Epoch 914/1000, Train Loss: 0.4109, Validation Loss: 0.5898
Epoch 915/1000, Train Loss: 0.4162, Validation Loss: 0.5865
Epoch 916/1000, Train Loss: 0.4164, Validation Loss: 0.6258
Epoch 917/1000, Train Loss: 0.4436, Validation Loss: 0.6269
Epoch 918/1000, Train Loss: 0.4227, Validation Loss: 0.8989
Epoch 919/1000, Train Loss: 0.4156, Validation Loss: 0.5631
Epoch 920/1000, Train Loss: 0.4146, Validation Loss: 0.6458
Epoch 921/1000, Train Loss: 0.4157, Validation Loss: 0.4619
Epoch 922/1000, Train Loss: 0.4087, Validation Loss: 0.8046
Epoch 923/1000, Train Loss: 0.4133, Validation Loss: 0.4438
Epoch 924/1000, Train Loss: 0.4161, Validation Loss: 0.5364
Epoch 925/1000, Train Loss: 0.4112, Validation Loss: 0.5812
Epoch 926/1000, Train Loss: 0.4090, Validation Loss: 0.6839
Epoch 927/1000, Train Loss: 0.4268, Validation Loss: 0.6821
Epoch 928/1000, Train Loss: 0.4213, Validation Loss: 0.6894
Epoch 929/1000, Train Loss: 0.4059, Validation Loss: 0.4269
Epoch 930/1000, Train Loss: 0.4218, Validation Loss: 0.7870
Epoch 931/1000, Train Loss: 0.4205, Validation Loss: 0.8119
Epoch 932/1000, Train Loss: 0.4043, Validation Loss: 0.6513
Epoch 933/1000, Train Loss: 0.4135, Validation Loss: 1.4048
Epoch 934/1000, Train Loss: 0.4156, Validation Loss: 0.6553
Epoch 935/1000, Train Loss: 0.4089, Validation Loss: 0.5045
Epoch 936/1000, Train Loss: 0.4195, Validation Loss: 0.5028
Epoch 937/1000, Train Loss: 0.4083, Validation Loss: 0.6137
Epoch 938/1000, Train Loss: 0.4058, Validation Loss: 0.5355
Epoch 939/1000, Train Loss: 0.4064, Validation Loss: 0.5837
Epoch 940/1000, Train Loss: 0.4162, Validation Loss: 0.4971
Epoch 941/1000, Train Loss: 0.4100, Validation Loss: 0.7682
Epoch 942/1000, Train Loss: 0.4130, Validation Loss: 0.7908
Epoch 943/1000, Train Loss: 0.4049, Validation Loss: 0.6753
Epoch 944/1000, Train Loss: 0.4121, Validation Loss: 1.0193
Epoch 945/1000, Train Loss: 0.4119, Validation Loss: 0.4502
Epoch 946/1000, Train Loss: 0.4300, Validation Loss: 0.4806
Epoch 947/1000, Train Loss: 0.4033, Validation Loss: 0.5450
Epoch 948/1000, Train Loss: 0.4173, Validation Loss: 0.7416
Epoch 949/1000, Train Loss: 0.4139, Validation Loss: 0.5123
Epoch 950/1000, Train Loss: 0.4057, Validation Loss: 0.4883
Epoch 951/1000, Train Loss: 0.4059, Validation Loss: 1.2099
Epoch 952/1000, Train Loss: 0.4119, Validation Loss: 0.4166
Epoch 953/1000, Train Loss: 0.4173, Validation Loss: 0.6665
Epoch 954/1000, Train Loss: 0.4134, Validation Loss: 0.5229
Epoch 955/1000, Train Loss: 0.4078, Validation Loss: 0.4462
Epoch 956/1000, Train Loss: 0.4268, Validation Loss: 0.4609
Epoch 957/1000, Train Loss: 0.4122, Validation Loss: 1.4108
Epoch 958/1000, Train Loss: 0.4027, Validation Loss: 1.9849
Epoch 959/1000, Train Loss: 0.4060, Validation Loss: 1.2338
Epoch 960/1000, Train Loss: 0.4080, Validation Loss: 0.6958
Epoch 961/1000, Train Loss: 0.4283, Validation Loss: 0.6314
Epoch 962/1000, Train Loss: 0.4055, Validation Loss: 0.4363
Epoch 963/1000, Train Loss: 0.4049, Validation Loss: 0.7444
Epoch 964/1000, Train Loss: 0.4273, Validation Loss: 0.4070
Epoch 965/1000, Train Loss: 0.4182, Validation Loss: 0.9960
Epoch 966/1000, Train Loss: 0.4014, Validation Loss: 0.4113
Epoch 967/1000, Train Loss: 0.4020, Validation Loss: 0.7662
Epoch 968/1000, Train Loss: 0.4108, Validation Loss: 0.5939
Epoch 969/1000, Train Loss: 0.4066, Validation Loss: 1.6948
Epoch 970/1000, Train Loss: 0.4130, Validation Loss: 0.4415
Epoch 971/1000, Train Loss: 0.4117, Validation Loss: 0.6554
Epoch 972/1000, Train Loss: 0.4054, Validation Loss: 1.0425
Epoch 973/1000, Train Loss: 0.4047, Validation Loss: 0.4557
Epoch 974/1000, Train Loss: 0.4056, Validation Loss: 0.8323
Epoch 975/1000, Train Loss: 0.4102, Validation Loss: 1.0994
Epoch 976/1000, Train Loss: 0.4071, Validation Loss: 0.9258
Epoch 977/1000, Train Loss: 0.4078, Validation Loss: 0.4995
Epoch 978/1000, Train Loss: 0.4107, Validation Loss: 0.5233
Epoch 979/1000, Train Loss: 0.4016, Validation Loss: 1.6330
Epoch 980/1000, Train Loss: 0.3989, Validation Loss: 0.6880
Epoch 981/1000, Train Loss: 0.4089, Validation Loss: 0.3991
Epoch 982/1000, Train Loss: 0.4009, Validation Loss: 0.5625
Epoch 983/1000, Train Loss: 0.4089, Validation Loss: 1.0472
Epoch 984/1000, Train Loss: 0.4216, Validation Loss: 0.7433
Epoch 985/1000, Train Loss: 0.4099, Validation Loss: 0.8583
Epoch 986/1000, Train Loss: 0.4106, Validation Loss: 0.7522
Epoch 987/1000, Train Loss: 0.4128, Validation Loss: 0.6393
Epoch 988/1000, Train Loss: 0.4093, Validation Loss: 0.5350
Epoch 989/1000, Train Loss: 0.4085, Validation Loss: 0.9108
Epoch 990/1000, Train Loss: 0.3991, Validation Loss: 0.8575
Epoch 991/1000, Train Loss: 0.4138, Validation Loss: 0.7156
Epoch 992/1000, Train Loss: 0.4099, Validation Loss: 0.6895
Epoch 993/1000, Train Loss: 0.4052, Validation Loss: 0.8849
Epoch 994/1000, Train Loss: 0.4204, Validation Loss: 0.9228
Epoch 995/1000, Train Loss: 0.4119, Validation Loss: 0.8672
Epoch 996/1000, Train Loss: 0.4096, Validation Loss: 0.4684
Epoch 997/1000, Train Loss: 0.4063, Validation Loss: 0.8571
Epoch 998/1000, Train Loss: 0.3991, Validation Loss: 0.5467
Epoch 999/1000, Train Loss: 0.4184, Validation Loss: 1.2440
Epoch 1000/1000, Train Loss: 0.4147, Validation Loss: 0.6675
Best Training Loss: 0.3989
Best Training Loss Epoch: 980
Best Validation Loss: 0.3775
Best Validation Loss Epoch: 853
Time taken for training: 0-13:00:56
Test Loss: 0.3897
Test MAPE: 20386.4531%
Error Statistics:
count    4.127200e+04
mean     4.276617e+02
std      1.529520e+04
min      2.729893e-05
25%      1.447941e-01
50%      1.403338e+00
75%      1.944821e+01
max      2.671227e+06
Name: Absolute Error, dtype: float64
Training complete. Final model saved.
Saving model as a wandb Artifact...
Model artifact logged successfully.
[1;34mwandb[0m: 
[1;34mwandb[0m: 🚀 View run [33mearnest-sweep-31[0m at: [34mhttps://wandb.ai/mk8737-new-york-university/rl_pretrain_hp_sweeps/runs/zowk1ifp[0m
[1;34mwandb[0m: Find logs at: [1;35mwandb/run-20251006_143928-zowk1ifp/logs[0m
Agent finished.
