Waiting for sweep ID...
Found Sweep ID: be12np04
Starting wandb agent for sweep be12np04...
TRAINING DEVICE: cpu
Run Name: GCN_global_hp_sweep_be12np04-13rs8d2o
finidhed preparing data
Loading dataset from pretrain_dataset_12.5k_fixed_duplicates.pkl
Loaded 412712 data objects.
finished preparing data
Epoch 1/1000, Train Loss: 2.5703, Validation Loss: 8.1626
Epoch 2/1000, Train Loss: 1.7920, Validation Loss: 2.6059
Epoch 3/1000, Train Loss: 1.4479, Validation Loss: 1.7462
Epoch 4/1000, Train Loss: 1.3961, Validation Loss: 2.3415
Epoch 5/1000, Train Loss: 1.2617, Validation Loss: 1.9655
Epoch 6/1000, Train Loss: 1.1278, Validation Loss: 6.1923
Epoch 7/1000, Train Loss: 1.1474, Validation Loss: 2.4002
Epoch 8/1000, Train Loss: 1.0875, Validation Loss: 3.9602
Epoch 9/1000, Train Loss: 1.0434, Validation Loss: 3.3280
Epoch 10/1000, Train Loss: 0.9941, Validation Loss: 5.8551
Epoch 11/1000, Train Loss: 0.9852, Validation Loss: 1.0529
Epoch 12/1000, Train Loss: 0.9637, Validation Loss: 1.9577
Epoch 13/1000, Train Loss: 0.9469, Validation Loss: 1.5420
Epoch 14/1000, Train Loss: 0.9096, Validation Loss: 1.9690
Epoch 15/1000, Train Loss: 0.9132, Validation Loss: 1.6448
Epoch 16/1000, Train Loss: 0.8892, Validation Loss: 2.6528
Epoch 17/1000, Train Loss: 0.8839, Validation Loss: 0.8017
Epoch 18/1000, Train Loss: 0.8683, Validation Loss: 0.9945
Epoch 19/1000, Train Loss: 0.8803, Validation Loss: 1.4057
Epoch 20/1000, Train Loss: 0.8410, Validation Loss: 3.3495
Epoch 21/1000, Train Loss: 0.8647, Validation Loss: 1.5355
Epoch 22/1000, Train Loss: 0.8444, Validation Loss: 1.3088
Epoch 23/1000, Train Loss: 0.8251, Validation Loss: 0.8130
Epoch 24/1000, Train Loss: 0.8082, Validation Loss: 1.7141
Epoch 25/1000, Train Loss: 0.8193, Validation Loss: 1.2253
Epoch 26/1000, Train Loss: 0.8377, Validation Loss: 2.4829
Epoch 27/1000, Train Loss: 0.8182, Validation Loss: 2.4901
Epoch 28/1000, Train Loss: 0.7905, Validation Loss: 1.5032
Epoch 29/1000, Train Loss: 0.7872, Validation Loss: 2.0528
Epoch 30/1000, Train Loss: 0.8411, Validation Loss: 1.8437
Epoch 31/1000, Train Loss: 0.7855, Validation Loss: 2.1348
Epoch 32/1000, Train Loss: 0.7650, Validation Loss: 0.9992
Epoch 33/1000, Train Loss: 0.7589, Validation Loss: 1.2611
Epoch 34/1000, Train Loss: 0.8108, Validation Loss: 1.1120
Epoch 35/1000, Train Loss: 0.7745, Validation Loss: 1.2049
Epoch 36/1000, Train Loss: 0.7568, Validation Loss: 1.9584
Epoch 37/1000, Train Loss: 0.7711, Validation Loss: 0.8294
Epoch 38/1000, Train Loss: 0.7411, Validation Loss: 0.7977
Epoch 39/1000, Train Loss: 0.7365, Validation Loss: 2.0876
Epoch 40/1000, Train Loss: 0.7400, Validation Loss: 0.8984
Epoch 41/1000, Train Loss: 0.7182, Validation Loss: 1.4944
Epoch 42/1000, Train Loss: 0.6975, Validation Loss: 1.2643
Epoch 43/1000, Train Loss: 0.7025, Validation Loss: 0.6503
Epoch 44/1000, Train Loss: 0.6845, Validation Loss: 0.8557
Epoch 45/1000, Train Loss: 0.7128, Validation Loss: 2.1241
Epoch 46/1000, Train Loss: 0.6917, Validation Loss: 2.8356
Epoch 47/1000, Train Loss: 0.6819, Validation Loss: 2.0606
Epoch 48/1000, Train Loss: 0.6915, Validation Loss: 1.4130
Epoch 49/1000, Train Loss: 0.6755, Validation Loss: 1.7526
Epoch 50/1000, Train Loss: 0.6586, Validation Loss: 2.8315
Epoch 51/1000, Train Loss: 0.6615, Validation Loss: 1.3896
Epoch 52/1000, Train Loss: 0.6464, Validation Loss: 1.5314
Epoch 53/1000, Train Loss: 0.6418, Validation Loss: 1.5996
Epoch 54/1000, Train Loss: 0.6414, Validation Loss: 1.5150
Epoch 55/1000, Train Loss: 0.6408, Validation Loss: 1.8862
Epoch 56/1000, Train Loss: 0.6428, Validation Loss: 0.9071
Epoch 57/1000, Train Loss: 0.6438, Validation Loss: 1.2354
Epoch 58/1000, Train Loss: 0.6184, Validation Loss: 0.5971
Epoch 59/1000, Train Loss: 0.6283, Validation Loss: 0.8896
Epoch 60/1000, Train Loss: 0.6189, Validation Loss: 2.5637
Epoch 61/1000, Train Loss: 0.6208, Validation Loss: 1.4425
Epoch 62/1000, Train Loss: 0.6161, Validation Loss: 2.2422
Epoch 63/1000, Train Loss: 0.6042, Validation Loss: 1.0910
Epoch 64/1000, Train Loss: 0.6147, Validation Loss: 0.6688
Epoch 65/1000, Train Loss: 0.6180, Validation Loss: 1.0903
Epoch 66/1000, Train Loss: 0.5978, Validation Loss: 0.7083
Epoch 67/1000, Train Loss: 0.5980, Validation Loss: 1.7537
Epoch 68/1000, Train Loss: 0.5941, Validation Loss: 0.8045
Epoch 69/1000, Train Loss: 0.5974, Validation Loss: 2.6637
Epoch 70/1000, Train Loss: 0.5908, Validation Loss: 1.3602
Epoch 71/1000, Train Loss: 0.5818, Validation Loss: 2.7245
Epoch 72/1000, Train Loss: 0.5777, Validation Loss: 0.6401
Epoch 73/1000, Train Loss: 0.5816, Validation Loss: 3.0367
Epoch 74/1000, Train Loss: 0.5685, Validation Loss: 2.4183
Epoch 75/1000, Train Loss: 0.5670, Validation Loss: 1.3560
Epoch 76/1000, Train Loss: 0.5600, Validation Loss: 0.8317
Epoch 77/1000, Train Loss: 0.5591, Validation Loss: 1.2081
Epoch 78/1000, Train Loss: 0.5676, Validation Loss: 0.7968
Epoch 79/1000, Train Loss: 0.5657, Validation Loss: 0.5357
Epoch 80/1000, Train Loss: 0.5465, Validation Loss: 0.7920
Epoch 81/1000, Train Loss: 0.5453, Validation Loss: 2.7227
Epoch 82/1000, Train Loss: 0.5681, Validation Loss: 1.5759
Epoch 83/1000, Train Loss: 0.5534, Validation Loss: 1.2071
Epoch 84/1000, Train Loss: 0.5495, Validation Loss: 0.7594
Epoch 85/1000, Train Loss: 0.5382, Validation Loss: 0.9555
Epoch 86/1000, Train Loss: 0.5419, Validation Loss: 0.5336
Epoch 87/1000, Train Loss: 0.5388, Validation Loss: 1.9719
Epoch 88/1000, Train Loss: 0.5294, Validation Loss: 0.8580
Epoch 89/1000, Train Loss: 0.5417, Validation Loss: 0.7941
Epoch 90/1000, Train Loss: 0.5299, Validation Loss: 1.1060
Epoch 91/1000, Train Loss: 0.5321, Validation Loss: 3.3103
Epoch 92/1000, Train Loss: 0.5291, Validation Loss: 1.5212
Epoch 93/1000, Train Loss: 0.5255, Validation Loss: 3.3332
Epoch 94/1000, Train Loss: 0.5196, Validation Loss: 0.8013
Epoch 95/1000, Train Loss: 0.5234, Validation Loss: 2.9086
Epoch 96/1000, Train Loss: 0.5161, Validation Loss: 2.6260
Epoch 97/1000, Train Loss: 0.5142, Validation Loss: 2.3260
Epoch 98/1000, Train Loss: 0.5164, Validation Loss: 0.7581
Epoch 99/1000, Train Loss: 0.5147, Validation Loss: 1.2912
Epoch 100/1000, Train Loss: 0.5134, Validation Loss: 0.6200
Epoch 101/1000, Train Loss: 0.5120, Validation Loss: 0.5872
Epoch 102/1000, Train Loss: 0.5046, Validation Loss: 0.8137
Epoch 103/1000, Train Loss: 0.5080, Validation Loss: 3.4293
Epoch 104/1000, Train Loss: 0.5057, Validation Loss: 1.1029
Epoch 105/1000, Train Loss: 0.4990, Validation Loss: 1.6783
Epoch 106/1000, Train Loss: 0.5003, Validation Loss: 2.8671
Epoch 107/1000, Train Loss: 0.5010, Validation Loss: 0.6153
Epoch 108/1000, Train Loss: 0.4951, Validation Loss: 0.7888
Epoch 109/1000, Train Loss: 0.4989, Validation Loss: 0.5417
Epoch 110/1000, Train Loss: 0.4963, Validation Loss: 0.6797
Epoch 111/1000, Train Loss: 0.4959, Validation Loss: 0.6211
Epoch 112/1000, Train Loss: 0.5015, Validation Loss: 2.4690
Epoch 113/1000, Train Loss: 0.4884, Validation Loss: 2.1510
Epoch 114/1000, Train Loss: 0.4938, Validation Loss: 1.9493
Epoch 115/1000, Train Loss: 0.4883, Validation Loss: 0.6514
Epoch 116/1000, Train Loss: 0.4848, Validation Loss: 0.7199
Epoch 117/1000, Train Loss: 0.4843, Validation Loss: 0.6157
Epoch 118/1000, Train Loss: 0.4868, Validation Loss: 2.1995
Epoch 119/1000, Train Loss: 0.4851, Validation Loss: 1.0598
Epoch 120/1000, Train Loss: 0.4811, Validation Loss: 0.8558
Epoch 121/1000, Train Loss: 0.4792, Validation Loss: 3.4538
Epoch 122/1000, Train Loss: 0.4803, Validation Loss: 0.5912
Epoch 123/1000, Train Loss: 0.4772, Validation Loss: 0.5376
Epoch 124/1000, Train Loss: 0.4757, Validation Loss: 3.1634
Epoch 125/1000, Train Loss: 0.4709, Validation Loss: 2.7236
Epoch 126/1000, Train Loss: 0.4696, Validation Loss: 0.6426
Epoch 127/1000, Train Loss: 0.4741, Validation Loss: 0.7113
Epoch 128/1000, Train Loss: 0.4749, Validation Loss: 0.8998
Epoch 129/1000, Train Loss: 0.4736, Validation Loss: 2.9895
Epoch 130/1000, Train Loss: 0.4718, Validation Loss: 2.5975
Epoch 131/1000, Train Loss: 0.4683, Validation Loss: 0.5252
Epoch 132/1000, Train Loss: 0.4698, Validation Loss: 3.6527
Epoch 133/1000, Train Loss: 0.4708, Validation Loss: 0.9127
Epoch 134/1000, Train Loss: 0.4662, Validation Loss: 1.1329
Epoch 135/1000, Train Loss: 0.4684, Validation Loss: 0.8714
Epoch 136/1000, Train Loss: 0.4662, Validation Loss: 3.9186
Epoch 137/1000, Train Loss: 0.4642, Validation Loss: 1.9402
Epoch 138/1000, Train Loss: 0.4610, Validation Loss: 2.6181
Epoch 139/1000, Train Loss: 0.4602, Validation Loss: 2.6419
Epoch 140/1000, Train Loss: 0.4614, Validation Loss: 1.9452
Epoch 141/1000, Train Loss: 0.4616, Validation Loss: 0.5897
Epoch 142/1000, Train Loss: 0.4586, Validation Loss: 3.2591
Epoch 143/1000, Train Loss: 0.4644, Validation Loss: 1.3904
Epoch 144/1000, Train Loss: 0.4567, Validation Loss: 4.5576
Epoch 145/1000, Train Loss: 0.4552, Validation Loss: 0.7541
Epoch 146/1000, Train Loss: 0.4563, Validation Loss: 4.9198
Epoch 147/1000, Train Loss: 0.4535, Validation Loss: 0.6690
Epoch 148/1000, Train Loss: 0.4529, Validation Loss: 2.0383
Epoch 149/1000, Train Loss: 0.4559, Validation Loss: 3.0736
Epoch 150/1000, Train Loss: 0.4529, Validation Loss: 4.1753
Epoch 151/1000, Train Loss: 0.4562, Validation Loss: 0.7125
Epoch 152/1000, Train Loss: 0.4493, Validation Loss: 2.8212
Epoch 153/1000, Train Loss: 0.4488, Validation Loss: 1.2747
Epoch 154/1000, Train Loss: 0.4469, Validation Loss: 3.7648
Epoch 155/1000, Train Loss: 0.4485, Validation Loss: 0.7722
Epoch 156/1000, Train Loss: 0.4475, Validation Loss: 0.9438
Epoch 157/1000, Train Loss: 0.4466, Validation Loss: 3.8887
Epoch 158/1000, Train Loss: 0.4435, Validation Loss: 1.0109
Epoch 159/1000, Train Loss: 0.4452, Validation Loss: 2.7159
Epoch 160/1000, Train Loss: 0.4388, Validation Loss: 1.4773
Epoch 161/1000, Train Loss: 0.4419, Validation Loss: 0.5192
Epoch 162/1000, Train Loss: 0.4389, Validation Loss: 5.7018
Epoch 163/1000, Train Loss: 0.4420, Validation Loss: 0.7790
Epoch 164/1000, Train Loss: 0.4403, Validation Loss: 1.8245
Epoch 165/1000, Train Loss: 0.4394, Validation Loss: 2.3299
Epoch 166/1000, Train Loss: 0.4361, Validation Loss: 1.6844
Epoch 167/1000, Train Loss: 0.4384, Validation Loss: 1.2789
Epoch 168/1000, Train Loss: 0.4346, Validation Loss: 0.8660
Epoch 169/1000, Train Loss: 0.4339, Validation Loss: 2.7376
Epoch 170/1000, Train Loss: 0.4336, Validation Loss: 0.7547
Epoch 171/1000, Train Loss: 0.4345, Validation Loss: 2.0559
Epoch 172/1000, Train Loss: 0.4349, Validation Loss: 0.9963
Epoch 173/1000, Train Loss: 0.4353, Validation Loss: 0.5289
Epoch 174/1000, Train Loss: 0.4359, Validation Loss: 0.7170
Epoch 175/1000, Train Loss: 0.4320, Validation Loss: 0.8583
Epoch 176/1000, Train Loss: 0.4332, Validation Loss: 0.9342
Epoch 177/1000, Train Loss: 0.4306, Validation Loss: 1.8870
Epoch 178/1000, Train Loss: 0.4284, Validation Loss: 3.8146
Epoch 179/1000, Train Loss: 0.4272, Validation Loss: 0.7486
Epoch 180/1000, Train Loss: 0.4275, Validation Loss: 1.0193
Epoch 181/1000, Train Loss: 0.4257, Validation Loss: 0.4550
Epoch 182/1000, Train Loss: 0.4274, Validation Loss: 0.4674
Epoch 183/1000, Train Loss: 0.4279, Validation Loss: 1.5826
Epoch 184/1000, Train Loss: 0.4264, Validation Loss: 0.6697
Epoch 185/1000, Train Loss: 0.4263, Validation Loss: 1.0173
Epoch 186/1000, Train Loss: 0.4254, Validation Loss: 2.7080
Epoch 187/1000, Train Loss: 0.4241, Validation Loss: 2.0629
Epoch 188/1000, Train Loss: 0.4275, Validation Loss: 0.5318
Epoch 189/1000, Train Loss: 0.4215, Validation Loss: 5.6850
Epoch 190/1000, Train Loss: 0.4201, Validation Loss: 6.8242
Epoch 191/1000, Train Loss: 0.4224, Validation Loss: 2.9009
Epoch 192/1000, Train Loss: 0.4210, Validation Loss: 1.0586
Epoch 193/1000, Train Loss: 0.4208, Validation Loss: 1.8167
Epoch 194/1000, Train Loss: 0.4186, Validation Loss: 2.4135
Epoch 195/1000, Train Loss: 0.4241, Validation Loss: 2.5365
Epoch 196/1000, Train Loss: 0.4218, Validation Loss: 0.9869
Epoch 197/1000, Train Loss: 0.4204, Validation Loss: 1.5642
Epoch 198/1000, Train Loss: 0.4182, Validation Loss: 0.6204
Epoch 199/1000, Train Loss: 0.4200, Validation Loss: 1.0477
Epoch 200/1000, Train Loss: 0.4134, Validation Loss: 1.3825
Epoch 201/1000, Train Loss: 0.4190, Validation Loss: 2.8797
Epoch 202/1000, Train Loss: 0.4170, Validation Loss: 0.5828
Epoch 203/1000, Train Loss: 0.4164, Validation Loss: 0.6788
Epoch 204/1000, Train Loss: 0.4163, Validation Loss: 0.5960
Epoch 205/1000, Train Loss: 0.4145, Validation Loss: 0.9420
Epoch 206/1000, Train Loss: 0.4180, Validation Loss: 1.0420
Epoch 207/1000, Train Loss: 0.4143, Validation Loss: 0.6713
Epoch 208/1000, Train Loss: 0.4139, Validation Loss: 1.0753
Epoch 209/1000, Train Loss: 0.4155, Validation Loss: 1.2533
Epoch 210/1000, Train Loss: 0.4149, Validation Loss: 0.5534
Epoch 211/1000, Train Loss: 0.4095, Validation Loss: 5.0862
Epoch 212/1000, Train Loss: 0.4153, Validation Loss: 0.4391
Epoch 213/1000, Train Loss: 0.4179, Validation Loss: 2.6096
Epoch 214/1000, Train Loss: 0.4103, Validation Loss: 1.4991
Epoch 215/1000, Train Loss: 0.4090, Validation Loss: 1.4199
Epoch 216/1000, Train Loss: 0.4123, Validation Loss: 1.3849
Epoch 217/1000, Train Loss: 0.4096, Validation Loss: 1.0353
Epoch 218/1000, Train Loss: 0.4080, Validation Loss: 2.5824
Epoch 219/1000, Train Loss: 0.4097, Validation Loss: 6.0107
Epoch 220/1000, Train Loss: 0.4062, Validation Loss: 1.7025
Epoch 221/1000, Train Loss: 0.4047, Validation Loss: 1.5440
Epoch 222/1000, Train Loss: 0.4038, Validation Loss: 1.7989
Epoch 223/1000, Train Loss: 0.4021, Validation Loss: 0.9679
Epoch 224/1000, Train Loss: 0.4080, Validation Loss: 0.7714
Epoch 225/1000, Train Loss: 0.4021, Validation Loss: 3.4660
Epoch 226/1000, Train Loss: 0.3990, Validation Loss: 1.2056
Epoch 227/1000, Train Loss: 0.4013, Validation Loss: 4.1820
Epoch 228/1000, Train Loss: 0.4074, Validation Loss: 5.6267
Epoch 229/1000, Train Loss: 0.4047, Validation Loss: 0.5568
Epoch 230/1000, Train Loss: 0.4035, Validation Loss: 0.7636
Epoch 231/1000, Train Loss: 0.4020, Validation Loss: 3.6591
Epoch 232/1000, Train Loss: 0.4020, Validation Loss: 2.7131
Epoch 233/1000, Train Loss: 0.4013, Validation Loss: 0.5019
Epoch 234/1000, Train Loss: 0.3969, Validation Loss: 1.8502
Epoch 235/1000, Train Loss: 0.4017, Validation Loss: 0.7984
Epoch 236/1000, Train Loss: 0.4005, Validation Loss: 4.6178
Epoch 237/1000, Train Loss: 0.4004, Validation Loss: 0.4741
Epoch 238/1000, Train Loss: 0.4007, Validation Loss: 1.2552
Epoch 239/1000, Train Loss: 0.3995, Validation Loss: 0.5009
Epoch 240/1000, Train Loss: 0.3977, Validation Loss: 1.8684
Epoch 241/1000, Train Loss: 0.3986, Validation Loss: 0.7567
Epoch 242/1000, Train Loss: 0.4008, Validation Loss: 2.0018
Epoch 243/1000, Train Loss: 0.3989, Validation Loss: 0.9872
Epoch 244/1000, Train Loss: 0.3947, Validation Loss: 0.5389
Epoch 245/1000, Train Loss: 0.3951, Validation Loss: 0.6885
Epoch 246/1000, Train Loss: 0.4012, Validation Loss: 0.6950
Epoch 247/1000, Train Loss: 0.3980, Validation Loss: 1.3640
Epoch 248/1000, Train Loss: 0.4013, Validation Loss: 1.1619
Epoch 249/1000, Train Loss: 0.3948, Validation Loss: 1.2497
Epoch 250/1000, Train Loss: 0.3949, Validation Loss: 1.3897
Epoch 251/1000, Train Loss: 0.3928, Validation Loss: 1.8580
Epoch 252/1000, Train Loss: 0.3980, Validation Loss: 2.2904
Epoch 253/1000, Train Loss: 0.3952, Validation Loss: 1.0555
Epoch 254/1000, Train Loss: 0.3951, Validation Loss: 1.5161
Epoch 255/1000, Train Loss: 0.3962, Validation Loss: 2.9129
Epoch 256/1000, Train Loss: 0.3922, Validation Loss: 0.9048
Epoch 257/1000, Train Loss: 0.3925, Validation Loss: 1.3684
Epoch 258/1000, Train Loss: 0.3939, Validation Loss: 0.4855
Epoch 259/1000, Train Loss: 0.3946, Validation Loss: 3.3190
Epoch 260/1000, Train Loss: 0.3913, Validation Loss: 0.5617
Epoch 261/1000, Train Loss: 0.3931, Validation Loss: 0.6999
Epoch 262/1000, Train Loss: 0.3910, Validation Loss: 1.3082
Epoch 263/1000, Train Loss: 0.3938, Validation Loss: 5.9658
Epoch 264/1000, Train Loss: 0.3888, Validation Loss: 1.2914
Epoch 265/1000, Train Loss: 0.3913, Validation Loss: 0.6561
Epoch 266/1000, Train Loss: 0.3917, Validation Loss: 5.8314
Epoch 267/1000, Train Loss: 0.3889, Validation Loss: 2.4637
Epoch 268/1000, Train Loss: 0.3958, Validation Loss: 0.5765
Epoch 269/1000, Train Loss: 0.3914, Validation Loss: 1.6847
Epoch 270/1000, Train Loss: 0.3897, Validation Loss: 0.8193
Epoch 271/1000, Train Loss: 0.3899, Validation Loss: 3.3038
Epoch 272/1000, Train Loss: 0.3845, Validation Loss: 1.7138
Epoch 273/1000, Train Loss: 0.3885, Validation Loss: 1.1613
Epoch 274/1000, Train Loss: 0.3918, Validation Loss: 1.1813
Epoch 275/1000, Train Loss: 0.3850, Validation Loss: 2.6931
Epoch 276/1000, Train Loss: 0.3890, Validation Loss: 1.4438
Epoch 277/1000, Train Loss: 0.3868, Validation Loss: 0.6875
Epoch 278/1000, Train Loss: 0.3875, Validation Loss: 0.8810
Epoch 279/1000, Train Loss: 0.3841, Validation Loss: 1.8349
Epoch 280/1000, Train Loss: 0.3877, Validation Loss: 2.0762
Epoch 281/1000, Train Loss: 0.3850, Validation Loss: 0.8479
Epoch 282/1000, Train Loss: 0.3847, Validation Loss: 3.0049
Epoch 283/1000, Train Loss: 0.3871, Validation Loss: 5.4251
Epoch 284/1000, Train Loss: 0.3838, Validation Loss: 0.8534
Epoch 285/1000, Train Loss: 0.3898, Validation Loss: 1.6337
Epoch 286/1000, Train Loss: 0.3854, Validation Loss: 1.5766
Epoch 287/1000, Train Loss: 0.3818, Validation Loss: 1.8633
Epoch 288/1000, Train Loss: 0.3824, Validation Loss: 0.5296
Epoch 289/1000, Train Loss: 0.3865, Validation Loss: 2.9096
Epoch 290/1000, Train Loss: 0.3864, Validation Loss: 6.4574
Epoch 291/1000, Train Loss: 0.3856, Validation Loss: 3.7501
Epoch 292/1000, Train Loss: 0.3785, Validation Loss: 3.0291
Epoch 293/1000, Train Loss: 0.3854, Validation Loss: 0.7959
Epoch 294/1000, Train Loss: 0.3859, Validation Loss: 2.4105
Epoch 295/1000, Train Loss: 0.3816, Validation Loss: 2.6320
Epoch 296/1000, Train Loss: 0.3828, Validation Loss: 1.0855
Epoch 297/1000, Train Loss: 0.3838, Validation Loss: 5.2783
Epoch 298/1000, Train Loss: 0.3847, Validation Loss: 4.3713
Epoch 299/1000, Train Loss: 0.3840, Validation Loss: 5.3987
Epoch 300/1000, Train Loss: 0.3824, Validation Loss: 0.7139
Epoch 301/1000, Train Loss: 0.3791, Validation Loss: 0.5478
Epoch 302/1000, Train Loss: 0.3777, Validation Loss: 3.1756
Epoch 303/1000, Train Loss: 0.3829, Validation Loss: 0.8620
Epoch 304/1000, Train Loss: 0.3791, Validation Loss: 0.4940
Epoch 305/1000, Train Loss: 0.3820, Validation Loss: 2.0285
Epoch 306/1000, Train Loss: 0.3795, Validation Loss: 1.7838
Epoch 307/1000, Train Loss: 0.3775, Validation Loss: 0.4155
Epoch 308/1000, Train Loss: 0.3784, Validation Loss: 0.9897
Epoch 309/1000, Train Loss: 0.3769, Validation Loss: 0.8033
Epoch 310/1000, Train Loss: 0.3788, Validation Loss: 1.3131
Epoch 311/1000, Train Loss: 0.3790, Validation Loss: 0.7643
Epoch 312/1000, Train Loss: 0.3794, Validation Loss: 2.6661
Epoch 313/1000, Train Loss: 0.3763, Validation Loss: 0.9196
Epoch 314/1000, Train Loss: 0.3760, Validation Loss: 0.7285
Epoch 315/1000, Train Loss: 0.3775, Validation Loss: 1.4271
Epoch 316/1000, Train Loss: 0.3797, Validation Loss: 1.0335
Epoch 317/1000, Train Loss: 0.3768, Validation Loss: 0.7081
Epoch 318/1000, Train Loss: 0.3762, Validation Loss: 0.7990
Epoch 319/1000, Train Loss: 0.3760, Validation Loss: 3.0851
Epoch 320/1000, Train Loss: 0.3747, Validation Loss: 0.4770
Epoch 321/1000, Train Loss: 0.3776, Validation Loss: 0.8759
Epoch 322/1000, Train Loss: 0.3765, Validation Loss: 0.9439
Epoch 323/1000, Train Loss: 0.3777, Validation Loss: 2.6693
Epoch 324/1000, Train Loss: 0.3782, Validation Loss: 5.6066
Epoch 325/1000, Train Loss: 0.3731, Validation Loss: 0.9389
Epoch 326/1000, Train Loss: 0.3790, Validation Loss: 1.4995
Epoch 327/1000, Train Loss: 0.3766, Validation Loss: 1.4327
Epoch 328/1000, Train Loss: 0.3787, Validation Loss: 3.2780
Epoch 329/1000, Train Loss: 0.3744, Validation Loss: 2.0505
Epoch 330/1000, Train Loss: 0.3723, Validation Loss: 2.6945
Epoch 331/1000, Train Loss: 0.3759, Validation Loss: 0.5827
Epoch 332/1000, Train Loss: 0.3777, Validation Loss: 0.4681
Epoch 333/1000, Train Loss: 0.3746, Validation Loss: 0.6363
Epoch 334/1000, Train Loss: 0.3736, Validation Loss: 0.3612
Epoch 335/1000, Train Loss: 0.3728, Validation Loss: 0.5598
Epoch 336/1000, Train Loss: 0.3715, Validation Loss: 2.0308
Epoch 337/1000, Train Loss: 0.3703, Validation Loss: 0.8522
Epoch 338/1000, Train Loss: 0.3731, Validation Loss: 3.8258
Epoch 339/1000, Train Loss: 0.3748, Validation Loss: 1.8756
Epoch 340/1000, Train Loss: 0.3733, Validation Loss: 5.1796
Epoch 341/1000, Train Loss: 0.3764, Validation Loss: 1.7928
Epoch 342/1000, Train Loss: 0.3740, Validation Loss: 1.7402
Epoch 343/1000, Train Loss: 0.3727, Validation Loss: 5.6522
Epoch 344/1000, Train Loss: 0.3720, Validation Loss: 7.9057
Epoch 345/1000, Train Loss: 0.3741, Validation Loss: 1.4808
Epoch 346/1000, Train Loss: 0.3744, Validation Loss: 0.8972
Epoch 347/1000, Train Loss: 0.3681, Validation Loss: 0.4778
Epoch 348/1000, Train Loss: 0.3665, Validation Loss: 0.6679
Epoch 349/1000, Train Loss: 0.3701, Validation Loss: 1.9104
Epoch 350/1000, Train Loss: 0.3690, Validation Loss: 1.7665
Epoch 351/1000, Train Loss: 0.3697, Validation Loss: 1.3934
Epoch 352/1000, Train Loss: 0.3699, Validation Loss: 1.5034
Epoch 353/1000, Train Loss: 0.3683, Validation Loss: 0.3771
Epoch 354/1000, Train Loss: 0.3727, Validation Loss: 4.7606
Epoch 355/1000, Train Loss: 0.3711, Validation Loss: 1.5577
Epoch 356/1000, Train Loss: 0.3646, Validation Loss: 0.5239
Epoch 357/1000, Train Loss: 0.3695, Validation Loss: 4.7926
Epoch 358/1000, Train Loss: 0.3719, Validation Loss: 1.2192
Epoch 359/1000, Train Loss: 0.3677, Validation Loss: 0.7176
Epoch 360/1000, Train Loss: 0.3688, Validation Loss: 0.6727
Epoch 361/1000, Train Loss: 0.3716, Validation Loss: 1.5945
Epoch 362/1000, Train Loss: 0.3731, Validation Loss: 2.4420
Epoch 363/1000, Train Loss: 0.3683, Validation Loss: 2.3109
Epoch 364/1000, Train Loss: 0.3685, Validation Loss: 4.5571
Epoch 365/1000, Train Loss: 0.3669, Validation Loss: 2.4162
Epoch 366/1000, Train Loss: 0.3710, Validation Loss: 0.8620
Epoch 367/1000, Train Loss: 0.3658, Validation Loss: 0.7415
Epoch 368/1000, Train Loss: 0.3672, Validation Loss: 0.5393
Epoch 369/1000, Train Loss: 0.3680, Validation Loss: 1.2763
Epoch 370/1000, Train Loss: 0.3695, Validation Loss: 0.6633
Epoch 371/1000, Train Loss: 0.3681, Validation Loss: 0.7880
Epoch 372/1000, Train Loss: 0.3648, Validation Loss: 3.5152
Epoch 373/1000, Train Loss: 0.3654, Validation Loss: 2.2635
Epoch 374/1000, Train Loss: 0.3671, Validation Loss: 0.5098
Epoch 375/1000, Train Loss: 0.3641, Validation Loss: 2.5542
Epoch 376/1000, Train Loss: 0.3667, Validation Loss: 3.1205
Epoch 377/1000, Train Loss: 0.3676, Validation Loss: 2.4350
Epoch 378/1000, Train Loss: 0.3649, Validation Loss: 6.2494
Epoch 379/1000, Train Loss: 0.3649, Validation Loss: 6.6169
Epoch 380/1000, Train Loss: 0.3636, Validation Loss: 0.7932
Epoch 381/1000, Train Loss: 0.3661, Validation Loss: 0.5681
Epoch 382/1000, Train Loss: 0.3658, Validation Loss: 2.2029
Epoch 383/1000, Train Loss: 0.3630, Validation Loss: 1.3497
Epoch 384/1000, Train Loss: 0.3660, Validation Loss: 2.8060
Epoch 385/1000, Train Loss: 0.3625, Validation Loss: 1.6423
Epoch 386/1000, Train Loss: 0.3661, Validation Loss: 0.8794
Epoch 387/1000, Train Loss: 0.3621, Validation Loss: 1.1108
Epoch 388/1000, Train Loss: 0.3657, Validation Loss: 0.4599
Epoch 389/1000, Train Loss: 0.3650, Validation Loss: 0.6380
Epoch 390/1000, Train Loss: 0.3647, Validation Loss: 3.2719
Epoch 391/1000, Train Loss: 0.3670, Validation Loss: 0.9166
Epoch 392/1000, Train Loss: 0.3667, Validation Loss: 1.0485
Epoch 393/1000, Train Loss: 0.3622, Validation Loss: 0.9293
Epoch 394/1000, Train Loss: 0.3621, Validation Loss: 5.0329
Epoch 395/1000, Train Loss: 0.3672, Validation Loss: 0.7330
Epoch 396/1000, Train Loss: 0.3651, Validation Loss: 0.4797
Epoch 397/1000, Train Loss: 0.3648, Validation Loss: 0.9656
Epoch 398/1000, Train Loss: 0.3594, Validation Loss: 1.3150
Epoch 399/1000, Train Loss: 0.3671, Validation Loss: 1.4957
Epoch 400/1000, Train Loss: 0.3609, Validation Loss: 1.1289
Epoch 401/1000, Train Loss: 0.3585, Validation Loss: 0.9820
Epoch 402/1000, Train Loss: 0.3633, Validation Loss: 0.5420
Epoch 403/1000, Train Loss: 0.3638, Validation Loss: 0.6405
Epoch 404/1000, Train Loss: 0.3632, Validation Loss: 0.6626
Epoch 405/1000, Train Loss: 0.3623, Validation Loss: 0.5262
Epoch 406/1000, Train Loss: 0.3610, Validation Loss: 0.8414
Epoch 407/1000, Train Loss: 0.3609, Validation Loss: 0.6388
Epoch 408/1000, Train Loss: 0.3595, Validation Loss: 0.6273
Epoch 409/1000, Train Loss: 0.3610, Validation Loss: 0.8251
Epoch 410/1000, Train Loss: 0.3632, Validation Loss: 0.9737
Epoch 411/1000, Train Loss: 0.3652, Validation Loss: 2.6131
Epoch 412/1000, Train Loss: 0.3605, Validation Loss: 1.0665
Epoch 413/1000, Train Loss: 0.3656, Validation Loss: 2.0330
Epoch 414/1000, Train Loss: 0.3594, Validation Loss: 0.7064
Epoch 415/1000, Train Loss: 0.3583, Validation Loss: 1.0173
Epoch 416/1000, Train Loss: 0.3574, Validation Loss: 8.6982
Epoch 417/1000, Train Loss: 0.3608, Validation Loss: 0.3643
Epoch 418/1000, Train Loss: 0.3599, Validation Loss: 2.3642
Epoch 419/1000, Train Loss: 0.3629, Validation Loss: 0.9053
Epoch 420/1000, Train Loss: 0.3601, Validation Loss: 1.6207
Epoch 421/1000, Train Loss: 0.3617, Validation Loss: 2.2439
Epoch 422/1000, Train Loss: 0.3580, Validation Loss: 5.6451
Epoch 423/1000, Train Loss: 0.3585, Validation Loss: 2.7172
Epoch 424/1000, Train Loss: 0.3587, Validation Loss: 0.4456
Epoch 425/1000, Train Loss: 0.3555, Validation Loss: 0.4804
Epoch 426/1000, Train Loss: 0.3589, Validation Loss: 0.9022
Epoch 427/1000, Train Loss: 0.3612, Validation Loss: 0.5990
Epoch 428/1000, Train Loss: 0.3609, Validation Loss: 2.5692
Epoch 429/1000, Train Loss: 0.3570, Validation Loss: 1.1942
Epoch 430/1000, Train Loss: 0.3581, Validation Loss: 1.1590
Epoch 431/1000, Train Loss: 0.3573, Validation Loss: 0.4677
Epoch 432/1000, Train Loss: 0.3568, Validation Loss: 1.5781
Epoch 433/1000, Train Loss: 0.3669, Validation Loss: 0.4806
Epoch 434/1000, Train Loss: 0.3555, Validation Loss: 0.6159
Epoch 435/1000, Train Loss: 0.3554, Validation Loss: 1.7321
Epoch 436/1000, Train Loss: 0.3566, Validation Loss: 0.5386
Epoch 437/1000, Train Loss: 0.3570, Validation Loss: 6.3943
Epoch 438/1000, Train Loss: 0.3565, Validation Loss: 1.1135
Epoch 439/1000, Train Loss: 0.3533, Validation Loss: 4.0671
Epoch 440/1000, Train Loss: 0.3582, Validation Loss: 1.8996
Epoch 441/1000, Train Loss: 0.3553, Validation Loss: 1.9426
Epoch 442/1000, Train Loss: 0.3582, Validation Loss: 1.1273
Epoch 443/1000, Train Loss: 0.3556, Validation Loss: 4.9533
Epoch 444/1000, Train Loss: 0.3561, Validation Loss: 1.0177
Epoch 445/1000, Train Loss: 0.3554, Validation Loss: 0.6883
Epoch 446/1000, Train Loss: 0.3538, Validation Loss: 0.6832
Epoch 447/1000, Train Loss: 0.3555, Validation Loss: 3.1834
Epoch 448/1000, Train Loss: 0.3598, Validation Loss: 0.5808
Epoch 449/1000, Train Loss: 0.3539, Validation Loss: 2.9445
Epoch 450/1000, Train Loss: 0.3609, Validation Loss: 0.7695
Epoch 451/1000, Train Loss: 0.3537, Validation Loss: 2.4615
Epoch 452/1000, Train Loss: 0.3600, Validation Loss: 1.2796
Epoch 453/1000, Train Loss: 0.3535, Validation Loss: 0.7173
Epoch 454/1000, Train Loss: 0.3541, Validation Loss: 3.4035
Epoch 455/1000, Train Loss: 0.3542, Validation Loss: 3.1047
Epoch 456/1000, Train Loss: 0.3540, Validation Loss: 0.7113
Epoch 457/1000, Train Loss: 0.3529, Validation Loss: 0.8106
Epoch 458/1000, Train Loss: 0.3523, Validation Loss: 0.6394
Epoch 459/1000, Train Loss: 0.3515, Validation Loss: 2.4501
Epoch 460/1000, Train Loss: 0.3536, Validation Loss: 0.3995
Epoch 461/1000, Train Loss: 0.3537, Validation Loss: 1.5152
Epoch 462/1000, Train Loss: 0.3536, Validation Loss: 4.5431
Epoch 463/1000, Train Loss: 0.3560, Validation Loss: 0.8855
Epoch 464/1000, Train Loss: 0.3524, Validation Loss: 6.1170
Epoch 465/1000, Train Loss: 0.3566, Validation Loss: 2.2808
Epoch 466/1000, Train Loss: 0.3538, Validation Loss: 0.6512
Epoch 467/1000, Train Loss: 0.3516, Validation Loss: 4.3344
Epoch 468/1000, Train Loss: 0.3569, Validation Loss: 1.4214
Epoch 469/1000, Train Loss: 0.3523, Validation Loss: 1.6300
Epoch 470/1000, Train Loss: 0.3532, Validation Loss: 0.8159
Epoch 471/1000, Train Loss: 0.3540, Validation Loss: 1.2859
Epoch 472/1000, Train Loss: 0.3513, Validation Loss: 0.7118
Epoch 473/1000, Train Loss: 0.3495, Validation Loss: 1.6942
Epoch 474/1000, Train Loss: 0.3558, Validation Loss: 0.6656
Epoch 475/1000, Train Loss: 0.3498, Validation Loss: 2.7048
Epoch 476/1000, Train Loss: 0.3531, Validation Loss: 1.4297
Epoch 477/1000, Train Loss: 0.3515, Validation Loss: 2.4820
Epoch 478/1000, Train Loss: 0.3505, Validation Loss: 0.5950
Epoch 479/1000, Train Loss: 0.3521, Validation Loss: 0.6914
Epoch 480/1000, Train Loss: 0.3531, Validation Loss: 0.5874
Epoch 481/1000, Train Loss: 0.3527, Validation Loss: 1.0478
Epoch 482/1000, Train Loss: 0.3541, Validation Loss: 3.7497
Epoch 483/1000, Train Loss: 0.3529, Validation Loss: 0.3234
Epoch 484/1000, Train Loss: 0.3494, Validation Loss: 0.4399
Epoch 485/1000, Train Loss: 0.3483, Validation Loss: 2.2672
Epoch 486/1000, Train Loss: 0.3506, Validation Loss: 4.3973
Epoch 487/1000, Train Loss: 0.3532, Validation Loss: 0.6400
Epoch 488/1000, Train Loss: 0.3526, Validation Loss: 0.9540
Epoch 489/1000, Train Loss: 0.3509, Validation Loss: 0.6750
Epoch 490/1000, Train Loss: 0.3521, Validation Loss: 0.9348
Epoch 491/1000, Train Loss: 0.3497, Validation Loss: 1.7492
Epoch 492/1000, Train Loss: 0.3496, Validation Loss: 1.7611
Epoch 493/1000, Train Loss: 0.3492, Validation Loss: 0.6123
Epoch 494/1000, Train Loss: 0.3492, Validation Loss: 1.5780
Epoch 495/1000, Train Loss: 0.3512, Validation Loss: 2.1507
Epoch 496/1000, Train Loss: 0.3512, Validation Loss: 1.6662
Epoch 497/1000, Train Loss: 0.3500, Validation Loss: 0.8225
Epoch 498/1000, Train Loss: 0.3445, Validation Loss: 1.1419
Epoch 499/1000, Train Loss: 0.3502, Validation Loss: 0.7885
Epoch 500/1000, Train Loss: 0.3462, Validation Loss: 1.1750
Epoch 501/1000, Train Loss: 0.3473, Validation Loss: 0.9690
Epoch 502/1000, Train Loss: 0.3540, Validation Loss: 1.0494
Epoch 503/1000, Train Loss: 0.3487, Validation Loss: 2.6407
Epoch 504/1000, Train Loss: 0.3532, Validation Loss: 2.0280
Epoch 505/1000, Train Loss: 0.3464, Validation Loss: 1.7196
Epoch 506/1000, Train Loss: 0.3482, Validation Loss: 0.4718
Epoch 507/1000, Train Loss: 0.3479, Validation Loss: 3.1735
Epoch 508/1000, Train Loss: 0.3479, Validation Loss: 0.5123
Epoch 509/1000, Train Loss: 0.3501, Validation Loss: 0.9925
Epoch 510/1000, Train Loss: 0.3491, Validation Loss: 1.3905
Epoch 511/1000, Train Loss: 0.3472, Validation Loss: 1.0679
Epoch 512/1000, Train Loss: 0.3474, Validation Loss: 0.6006
Epoch 513/1000, Train Loss: 0.3496, Validation Loss: 0.7029
Epoch 514/1000, Train Loss: 0.3481, Validation Loss: 0.4871
Epoch 515/1000, Train Loss: 0.3478, Validation Loss: 0.9124
Epoch 516/1000, Train Loss: 0.3444, Validation Loss: 2.0265
Epoch 517/1000, Train Loss: 0.3448, Validation Loss: 0.5094
Epoch 518/1000, Train Loss: 0.3443, Validation Loss: 2.4860
Epoch 519/1000, Train Loss: 0.3504, Validation Loss: 0.8713
Epoch 520/1000, Train Loss: 0.3447, Validation Loss: 2.2525
Epoch 521/1000, Train Loss: 0.3484, Validation Loss: 4.3640
Epoch 522/1000, Train Loss: 0.3479, Validation Loss: 0.5988
Epoch 523/1000, Train Loss: 0.3466, Validation Loss: 2.2570
Epoch 524/1000, Train Loss: 0.3465, Validation Loss: 1.1206
Epoch 525/1000, Train Loss: 0.3503, Validation Loss: 2.0996
Epoch 526/1000, Train Loss: 0.3452, Validation Loss: 1.5341
Epoch 527/1000, Train Loss: 0.3460, Validation Loss: 3.9759
Epoch 528/1000, Train Loss: 0.3487, Validation Loss: 0.6521
Epoch 529/1000, Train Loss: 0.3439, Validation Loss: 0.5867
Epoch 530/1000, Train Loss: 0.3437, Validation Loss: 0.4895
Epoch 531/1000, Train Loss: 0.3469, Validation Loss: 2.8364
Epoch 532/1000, Train Loss: 0.3462, Validation Loss: 0.3942
Epoch 533/1000, Train Loss: 0.3449, Validation Loss: 2.3292
Epoch 534/1000, Train Loss: 0.3435, Validation Loss: 0.4254
Epoch 535/1000, Train Loss: 0.3438, Validation Loss: 1.6349
Epoch 536/1000, Train Loss: 0.3482, Validation Loss: 0.3806
Epoch 537/1000, Train Loss: 0.3480, Validation Loss: 2.1530
Epoch 538/1000, Train Loss: 0.3435, Validation Loss: 2.2594
Epoch 539/1000, Train Loss: 0.3475, Validation Loss: 0.5611
Epoch 540/1000, Train Loss: 0.3475, Validation Loss: 0.6273
Epoch 541/1000, Train Loss: 0.3434, Validation Loss: 3.9425
Epoch 542/1000, Train Loss: 0.3439, Validation Loss: 4.1263
Epoch 543/1000, Train Loss: 0.3458, Validation Loss: 3.8987
Epoch 544/1000, Train Loss: 0.3468, Validation Loss: 0.5769
Epoch 545/1000, Train Loss: 0.3458, Validation Loss: 0.3542
Epoch 546/1000, Train Loss: 0.3412, Validation Loss: 0.5574
Epoch 547/1000, Train Loss: 0.3465, Validation Loss: 1.1434
Epoch 548/1000, Train Loss: 0.3449, Validation Loss: 1.1324
Epoch 549/1000, Train Loss: 0.3428, Validation Loss: 2.6328
Epoch 550/1000, Train Loss: 0.3428, Validation Loss: 1.2427
Epoch 551/1000, Train Loss: 0.3427, Validation Loss: 4.0111
Epoch 552/1000, Train Loss: 0.3425, Validation Loss: 4.5112
Epoch 553/1000, Train Loss: 0.3425, Validation Loss: 1.5374
Epoch 554/1000, Train Loss: 0.3427, Validation Loss: 4.3204
Epoch 555/1000, Train Loss: 0.3433, Validation Loss: 1.6728
Epoch 556/1000, Train Loss: 0.3459, Validation Loss: 0.8915
Epoch 557/1000, Train Loss: 0.3453, Validation Loss: 1.1407
Epoch 558/1000, Train Loss: 0.3416, Validation Loss: 2.0854
Epoch 559/1000, Train Loss: 0.3450, Validation Loss: 2.1674
Epoch 560/1000, Train Loss: 0.3433, Validation Loss: 1.9495
Epoch 561/1000, Train Loss: 0.3430, Validation Loss: 1.4158
Epoch 562/1000, Train Loss: 0.3450, Validation Loss: 3.0123
Epoch 563/1000, Train Loss: 0.3450, Validation Loss: 0.5717
Epoch 564/1000, Train Loss: 0.3417, Validation Loss: 1.5504
Epoch 565/1000, Train Loss: 0.3424, Validation Loss: 6.7446
Epoch 566/1000, Train Loss: 0.3430, Validation Loss: 0.4556
Epoch 567/1000, Train Loss: 0.3434, Validation Loss: 0.4905
Epoch 568/1000, Train Loss: 0.3444, Validation Loss: 0.4077
Epoch 569/1000, Train Loss: 0.3414, Validation Loss: 0.5730
Epoch 570/1000, Train Loss: 0.3437, Validation Loss: 1.6514
Epoch 571/1000, Train Loss: 0.3467, Validation Loss: 1.1950
Epoch 572/1000, Train Loss: 0.3421, Validation Loss: 1.8082
Epoch 573/1000, Train Loss: 0.3440, Validation Loss: 0.7854
Epoch 574/1000, Train Loss: 0.3438, Validation Loss: 0.4977
Epoch 575/1000, Train Loss: 0.3438, Validation Loss: 1.0567
Epoch 576/1000, Train Loss: 0.3415, Validation Loss: 1.5144
Epoch 577/1000, Train Loss: 0.3407, Validation Loss: 2.8026
Epoch 578/1000, Train Loss: 0.3402, Validation Loss: 1.4773
Epoch 579/1000, Train Loss: 0.3442, Validation Loss: 1.6301
Epoch 580/1000, Train Loss: 0.3445, Validation Loss: 0.4651
Epoch 581/1000, Train Loss: 0.3424, Validation Loss: 0.8829
Epoch 582/1000, Train Loss: 0.3418, Validation Loss: 3.8989
Epoch 583/1000, Train Loss: 0.3406, Validation Loss: 3.9899
Epoch 584/1000, Train Loss: 0.3407, Validation Loss: 1.7280
Epoch 585/1000, Train Loss: 0.3408, Validation Loss: 2.3626
Epoch 586/1000, Train Loss: 0.3431, Validation Loss: 3.3943
Epoch 587/1000, Train Loss: 0.3421, Validation Loss: 1.8891
Epoch 588/1000, Train Loss: 0.3405, Validation Loss: 8.2477
Epoch 589/1000, Train Loss: 0.3429, Validation Loss: 0.4891
Epoch 590/1000, Train Loss: 0.3415, Validation Loss: 0.6688
Epoch 591/1000, Train Loss: 0.3411, Validation Loss: 0.7770
Epoch 592/1000, Train Loss: 0.3409, Validation Loss: 0.9460
Epoch 593/1000, Train Loss: 0.3433, Validation Loss: 0.9643
Epoch 594/1000, Train Loss: 0.3410, Validation Loss: 1.5490
Epoch 595/1000, Train Loss: 0.3399, Validation Loss: 0.3859
Epoch 596/1000, Train Loss: 0.3411, Validation Loss: 1.0634
Epoch 597/1000, Train Loss: 0.3395, Validation Loss: 0.5897
Epoch 598/1000, Train Loss: 0.3392, Validation Loss: 1.2917
Epoch 599/1000, Train Loss: 0.3422, Validation Loss: 5.6277
Epoch 600/1000, Train Loss: 0.3429, Validation Loss: 2.6455
Epoch 601/1000, Train Loss: 0.3409, Validation Loss: 0.6771
Epoch 602/1000, Train Loss: 0.3390, Validation Loss: 2.3842
Epoch 603/1000, Train Loss: 0.3384, Validation Loss: 0.8302
Epoch 604/1000, Train Loss: 0.3392, Validation Loss: 0.4466
Epoch 605/1000, Train Loss: 0.3432, Validation Loss: 0.8595
Epoch 606/1000, Train Loss: 0.3385, Validation Loss: 4.5855
Epoch 607/1000, Train Loss: 0.3382, Validation Loss: 3.0549
Epoch 608/1000, Train Loss: 0.3382, Validation Loss: 0.7214
Epoch 609/1000, Train Loss: 0.3415, Validation Loss: 0.6040
Epoch 610/1000, Train Loss: 0.3381, Validation Loss: 1.6994
Epoch 611/1000, Train Loss: 0.3391, Validation Loss: 1.2449
Epoch 612/1000, Train Loss: 0.3378, Validation Loss: 1.0033
Epoch 613/1000, Train Loss: 0.3391, Validation Loss: 2.3663
Epoch 614/1000, Train Loss: 0.3400, Validation Loss: 3.4759
Epoch 615/1000, Train Loss: 0.3395, Validation Loss: 1.6769
Epoch 616/1000, Train Loss: 0.3411, Validation Loss: 1.2962
Epoch 617/1000, Train Loss: 0.3393, Validation Loss: 1.2248
Epoch 618/1000, Train Loss: 0.3417, Validation Loss: 1.1730
Epoch 619/1000, Train Loss: 0.3377, Validation Loss: 0.5101
Epoch 620/1000, Train Loss: 0.3407, Validation Loss: 0.5137
Epoch 621/1000, Train Loss: 0.3407, Validation Loss: 1.0293
Epoch 622/1000, Train Loss: 0.3388, Validation Loss: 0.5237
Epoch 623/1000, Train Loss: 0.3377, Validation Loss: 0.7125
Epoch 624/1000, Train Loss: 0.3377, Validation Loss: 2.5539
Epoch 625/1000, Train Loss: 0.3404, Validation Loss: 1.0047
Epoch 626/1000, Train Loss: 0.3387, Validation Loss: 1.3284
Epoch 627/1000, Train Loss: 0.3373, Validation Loss: 2.3940
Epoch 628/1000, Train Loss: 0.3353, Validation Loss: 2.8023
Epoch 629/1000, Train Loss: 0.3438, Validation Loss: 0.8241
Epoch 630/1000, Train Loss: 0.3379, Validation Loss: 1.4734
Epoch 631/1000, Train Loss: 0.3358, Validation Loss: 1.3937
Epoch 632/1000, Train Loss: 0.3405, Validation Loss: 0.6140
Epoch 633/1000, Train Loss: 0.3377, Validation Loss: 1.5768
Epoch 634/1000, Train Loss: 0.3372, Validation Loss: 1.1045
Epoch 635/1000, Train Loss: 0.3356, Validation Loss: 1.6539
Epoch 636/1000, Train Loss: 0.3391, Validation Loss: 1.3172
Epoch 637/1000, Train Loss: 0.3367, Validation Loss: 1.0240
Epoch 638/1000, Train Loss: 0.3385, Validation Loss: 0.5790
Epoch 639/1000, Train Loss: 0.3391, Validation Loss: 1.0901
Epoch 640/1000, Train Loss: 0.3409, Validation Loss: 1.0396
Epoch 641/1000, Train Loss: 0.3384, Validation Loss: 0.3890
Epoch 642/1000, Train Loss: 0.3340, Validation Loss: 0.8962
Epoch 643/1000, Train Loss: 0.3351, Validation Loss: 1.1752
Epoch 644/1000, Train Loss: 0.3363, Validation Loss: 0.5919
Epoch 645/1000, Train Loss: 0.3365, Validation Loss: 1.0105
Epoch 646/1000, Train Loss: 0.3374, Validation Loss: 0.8792
Epoch 647/1000, Train Loss: 0.3378, Validation Loss: 1.8771
Epoch 648/1000, Train Loss: 0.3378, Validation Loss: 1.6910
Epoch 649/1000, Train Loss: 0.3315, Validation Loss: 0.9755
Epoch 650/1000, Train Loss: 0.3366, Validation Loss: 0.6187
Epoch 651/1000, Train Loss: 0.3395, Validation Loss: 0.5713
Epoch 652/1000, Train Loss: 0.3367, Validation Loss: 0.5520
Epoch 653/1000, Train Loss: 0.3357, Validation Loss: 1.4470
Epoch 654/1000, Train Loss: 0.3363, Validation Loss: 1.9452
Epoch 655/1000, Train Loss: 0.3370, Validation Loss: 0.9910
Epoch 656/1000, Train Loss: 0.3357, Validation Loss: 3.0730
Epoch 657/1000, Train Loss: 0.3362, Validation Loss: 0.8744
Epoch 658/1000, Train Loss: 0.3387, Validation Loss: 0.5383
Epoch 659/1000, Train Loss: 0.3352, Validation Loss: 2.0138
Epoch 660/1000, Train Loss: 0.3356, Validation Loss: 0.5022
Epoch 661/1000, Train Loss: 0.3345, Validation Loss: 0.9936
Epoch 662/1000, Train Loss: 0.3354, Validation Loss: 1.6043
Epoch 663/1000, Train Loss: 0.3383, Validation Loss: 1.8103
Epoch 664/1000, Train Loss: 0.3372, Validation Loss: 0.6267
Epoch 665/1000, Train Loss: 0.3363, Validation Loss: 2.1057
Epoch 666/1000, Train Loss: 0.3362, Validation Loss: 2.1355
Epoch 667/1000, Train Loss: 0.3377, Validation Loss: 0.4701
Epoch 668/1000, Train Loss: 0.3353, Validation Loss: 0.6557
Epoch 669/1000, Train Loss: 0.3349, Validation Loss: 2.6718
Epoch 670/1000, Train Loss: 0.3372, Validation Loss: 1.0125
Epoch 671/1000, Train Loss: 0.3345, Validation Loss: 0.4560
Epoch 672/1000, Train Loss: 0.3338, Validation Loss: 0.5652
Epoch 673/1000, Train Loss: 0.3330, Validation Loss: 5.3982
Epoch 674/1000, Train Loss: 0.3350, Validation Loss: 1.6314
Epoch 675/1000, Train Loss: 0.3325, Validation Loss: 0.9941
Epoch 676/1000, Train Loss: 0.3360, Validation Loss: 0.6776
Epoch 677/1000, Train Loss: 0.3360, Validation Loss: 0.3767
Epoch 678/1000, Train Loss: 0.3345, Validation Loss: 1.5671
Epoch 679/1000, Train Loss: 0.3364, Validation Loss: 0.4746
Epoch 680/1000, Train Loss: 0.3343, Validation Loss: 0.6150
Epoch 681/1000, Train Loss: 0.3326, Validation Loss: 2.9339
Epoch 682/1000, Train Loss: 0.3317, Validation Loss: 0.6396
Epoch 683/1000, Train Loss: 0.3376, Validation Loss: 0.9309
Epoch 684/1000, Train Loss: 0.3370, Validation Loss: 0.9014
Epoch 685/1000, Train Loss: 0.3364, Validation Loss: 1.6658
Epoch 686/1000, Train Loss: 0.3321, Validation Loss: 2.5779
Epoch 687/1000, Train Loss: 0.3332, Validation Loss: 1.1813
Epoch 688/1000, Train Loss: 0.3372, Validation Loss: 0.8433
Epoch 689/1000, Train Loss: 0.3353, Validation Loss: 0.9011
Epoch 690/1000, Train Loss: 0.3337, Validation Loss: 4.4376
Epoch 691/1000, Train Loss: 0.3338, Validation Loss: 0.5587
Epoch 692/1000, Train Loss: 0.3344, Validation Loss: 1.6942
Epoch 693/1000, Train Loss: 0.3324, Validation Loss: 3.1062
Epoch 694/1000, Train Loss: 0.3370, Validation Loss: 3.4415
Epoch 695/1000, Train Loss: 0.3312, Validation Loss: 1.5601
Epoch 696/1000, Train Loss: 0.3340, Validation Loss: 0.9987
Epoch 697/1000, Train Loss: 0.3354, Validation Loss: 0.9417
Epoch 698/1000, Train Loss: 0.3315, Validation Loss: 3.1314
Epoch 699/1000, Train Loss: 0.3350, Validation Loss: 3.3874
Epoch 700/1000, Train Loss: 0.3365, Validation Loss: 1.1138
Epoch 701/1000, Train Loss: 0.3349, Validation Loss: 2.3470
Epoch 702/1000, Train Loss: 0.3349, Validation Loss: 1.0881
Epoch 703/1000, Train Loss: 0.3337, Validation Loss: 0.5634
Epoch 704/1000, Train Loss: 0.3333, Validation Loss: 1.5187
Epoch 705/1000, Train Loss: 0.3340, Validation Loss: 2.4540
Epoch 706/1000, Train Loss: 0.3332, Validation Loss: 1.6664
Epoch 707/1000, Train Loss: 0.3336, Validation Loss: 1.4662
Epoch 708/1000, Train Loss: 0.3319, Validation Loss: 0.4307
Epoch 709/1000, Train Loss: 0.3334, Validation Loss: 1.8975
Epoch 710/1000, Train Loss: 0.3304, Validation Loss: 0.8429
Epoch 711/1000, Train Loss: 0.3329, Validation Loss: 2.3841
Epoch 712/1000, Train Loss: 0.3334, Validation Loss: 0.4650
Epoch 713/1000, Train Loss: 0.3356, Validation Loss: 0.9553
Epoch 714/1000, Train Loss: 0.3315, Validation Loss: 1.5781
Epoch 715/1000, Train Loss: 0.3344, Validation Loss: 0.6817
Epoch 716/1000, Train Loss: 0.3306, Validation Loss: 0.9322
Epoch 717/1000, Train Loss: 0.3317, Validation Loss: 0.7541
Epoch 718/1000, Train Loss: 0.3307, Validation Loss: 0.5544
Epoch 719/1000, Train Loss: 0.3344, Validation Loss: 3.4131
Epoch 720/1000, Train Loss: 0.3302, Validation Loss: 0.6839
Epoch 721/1000, Train Loss: 0.3326, Validation Loss: 1.3704
Epoch 722/1000, Train Loss: 0.3322, Validation Loss: 0.3689
Epoch 723/1000, Train Loss: 0.3311, Validation Loss: 2.5095
Epoch 724/1000, Train Loss: 0.3335, Validation Loss: 1.5894
Epoch 725/1000, Train Loss: 0.3319, Validation Loss: 0.7465
Epoch 726/1000, Train Loss: 0.3314, Validation Loss: 1.2913
Epoch 727/1000, Train Loss: 0.3308, Validation Loss: 0.8421
Epoch 728/1000, Train Loss: 0.3346, Validation Loss: 1.3963
Epoch 729/1000, Train Loss: 0.3301, Validation Loss: 0.6747
Epoch 730/1000, Train Loss: 0.3305, Validation Loss: 2.1937
Epoch 731/1000, Train Loss: 0.3325, Validation Loss: 2.6158
Epoch 732/1000, Train Loss: 0.3274, Validation Loss: 0.4016
Epoch 733/1000, Train Loss: 0.3300, Validation Loss: 1.0084
Epoch 734/1000, Train Loss: 0.3309, Validation Loss: 0.4357
Epoch 735/1000, Train Loss: 0.3347, Validation Loss: 1.1972
Epoch 736/1000, Train Loss: 0.3323, Validation Loss: 0.9724
Epoch 737/1000, Train Loss: 0.3294, Validation Loss: 5.7660
Epoch 738/1000, Train Loss: 0.3301, Validation Loss: 4.9100
Epoch 739/1000, Train Loss: 0.3304, Validation Loss: 1.0987
Epoch 740/1000, Train Loss: 0.3330, Validation Loss: 0.9372
Epoch 741/1000, Train Loss: 0.3289, Validation Loss: 0.4905
Epoch 742/1000, Train Loss: 0.3263, Validation Loss: 1.6136
Epoch 743/1000, Train Loss: 0.3322, Validation Loss: 0.6971
Epoch 744/1000, Train Loss: 0.3306, Validation Loss: 1.1719
Epoch 745/1000, Train Loss: 0.3281, Validation Loss: 0.6872
Epoch 746/1000, Train Loss: 0.3298, Validation Loss: 0.8844
Epoch 747/1000, Train Loss: 0.3289, Validation Loss: 0.6933
Epoch 748/1000, Train Loss: 0.3283, Validation Loss: 1.1152
Epoch 749/1000, Train Loss: 0.3310, Validation Loss: 1.5739
Epoch 750/1000, Train Loss: 0.3317, Validation Loss: 2.7473
Epoch 751/1000, Train Loss: 0.3324, Validation Loss: 1.2884
Epoch 752/1000, Train Loss: 0.3305, Validation Loss: 0.5944
Epoch 753/1000, Train Loss: 0.3290, Validation Loss: 2.3923
Epoch 754/1000, Train Loss: 0.3269, Validation Loss: 0.7503
Epoch 755/1000, Train Loss: 0.3278, Validation Loss: 0.4659
Epoch 756/1000, Train Loss: 0.3295, Validation Loss: 4.5751
Epoch 757/1000, Train Loss: 0.3323, Validation Loss: 0.3313
Epoch 758/1000, Train Loss: 0.3259, Validation Loss: 4.4550
Epoch 759/1000, Train Loss: 0.3298, Validation Loss: 0.7679
Epoch 760/1000, Train Loss: 0.3295, Validation Loss: 0.7678
Epoch 761/1000, Train Loss: 0.3310, Validation Loss: 1.1074
Epoch 762/1000, Train Loss: 0.3253, Validation Loss: 1.0543
Epoch 763/1000, Train Loss: 0.3317, Validation Loss: 1.3399
Epoch 764/1000, Train Loss: 0.3287, Validation Loss: 1.9357
Epoch 765/1000, Train Loss: 0.3323, Validation Loss: 0.4286
Epoch 766/1000, Train Loss: 0.3305, Validation Loss: 2.4515
Epoch 767/1000, Train Loss: 0.3282, Validation Loss: 1.2611
Epoch 768/1000, Train Loss: 0.3265, Validation Loss: 0.6259
Epoch 769/1000, Train Loss: 0.3273, Validation Loss: 0.5438
Epoch 770/1000, Train Loss: 0.3297, Validation Loss: 3.1695
Epoch 771/1000, Train Loss: 0.3291, Validation Loss: 2.2178
Epoch 772/1000, Train Loss: 0.3320, Validation Loss: 2.3627
Epoch 773/1000, Train Loss: 0.3266, Validation Loss: 0.9197
Epoch 774/1000, Train Loss: 0.3279, Validation Loss: 1.6386
Epoch 775/1000, Train Loss: 0.3272, Validation Loss: 0.4217
Epoch 776/1000, Train Loss: 0.3286, Validation Loss: 3.3046
Epoch 777/1000, Train Loss: 0.3261, Validation Loss: 0.9274
Epoch 778/1000, Train Loss: 0.3293, Validation Loss: 0.7007
Epoch 779/1000, Train Loss: 0.3275, Validation Loss: 0.8982
Epoch 780/1000, Train Loss: 0.3247, Validation Loss: 2.6397
Epoch 781/1000, Train Loss: 0.3302, Validation Loss: 2.8184
Epoch 782/1000, Train Loss: 0.3273, Validation Loss: 0.6222
Epoch 783/1000, Train Loss: 0.3286, Validation Loss: 1.7571
Epoch 784/1000, Train Loss: 0.3270, Validation Loss: 1.8366
Epoch 785/1000, Train Loss: 0.3279, Validation Loss: 0.6823
Epoch 786/1000, Train Loss: 0.3271, Validation Loss: 4.0416
Epoch 787/1000, Train Loss: 0.3281, Validation Loss: 1.3319
Epoch 788/1000, Train Loss: 0.3287, Validation Loss: 1.4890
Epoch 789/1000, Train Loss: 0.3286, Validation Loss: 0.7129
Epoch 790/1000, Train Loss: 0.3271, Validation Loss: 0.9903
Epoch 791/1000, Train Loss: 0.3272, Validation Loss: 1.1005
Epoch 792/1000, Train Loss: 0.3284, Validation Loss: 0.7489
Epoch 793/1000, Train Loss: 0.3264, Validation Loss: 2.7930
Epoch 794/1000, Train Loss: 0.3263, Validation Loss: 3.9738
Epoch 795/1000, Train Loss: 0.3319, Validation Loss: 1.9950
Epoch 796/1000, Train Loss: 0.3270, Validation Loss: 1.2672
Epoch 797/1000, Train Loss: 0.3268, Validation Loss: 2.8711
Epoch 798/1000, Train Loss: 0.3269, Validation Loss: 0.9860
Epoch 799/1000, Train Loss: 0.3257, Validation Loss: 3.4260
Epoch 800/1000, Train Loss: 0.3249, Validation Loss: 2.4594
Epoch 801/1000, Train Loss: 0.3287, Validation Loss: 1.8183
Epoch 802/1000, Train Loss: 0.3263, Validation Loss: 0.6553
Epoch 803/1000, Train Loss: 0.3272, Validation Loss: 0.7586
Epoch 804/1000, Train Loss: 0.3253, Validation Loss: 3.0713
Epoch 805/1000, Train Loss: 0.3279, Validation Loss: 1.9830
Epoch 806/1000, Train Loss: 0.3264, Validation Loss: 3.3600
Epoch 807/1000, Train Loss: 0.3256, Validation Loss: 2.4942
Epoch 808/1000, Train Loss: 0.3234, Validation Loss: 0.6608
Epoch 809/1000, Train Loss: 0.3278, Validation Loss: 0.8658
Epoch 810/1000, Train Loss: 0.3263, Validation Loss: 1.8051
Epoch 811/1000, Train Loss: 0.3303, Validation Loss: 1.1607
Epoch 812/1000, Train Loss: 0.3275, Validation Loss: 2.0634
Epoch 813/1000, Train Loss: 0.3294, Validation Loss: 0.7683
Epoch 814/1000, Train Loss: 0.3243, Validation Loss: 0.4737
Epoch 815/1000, Train Loss: 0.3284, Validation Loss: 1.6943
Epoch 816/1000, Train Loss: 0.3268, Validation Loss: 0.5126
Epoch 817/1000, Train Loss: 0.3249, Validation Loss: 0.7026
Epoch 818/1000, Train Loss: 0.3276, Validation Loss: 0.4160
Epoch 819/1000, Train Loss: 0.3257, Validation Loss: 1.3401
Epoch 820/1000, Train Loss: 0.3252, Validation Loss: 1.2475
Epoch 821/1000, Train Loss: 0.3221, Validation Loss: 1.4865
Epoch 822/1000, Train Loss: 0.3271, Validation Loss: 0.4135
Epoch 823/1000, Train Loss: 0.3312, Validation Loss: 2.4002
Epoch 824/1000, Train Loss: 0.3248, Validation Loss: 0.7447
Epoch 825/1000, Train Loss: 0.3240, Validation Loss: 1.6676
Epoch 826/1000, Train Loss: 0.3256, Validation Loss: 0.6871
Epoch 827/1000, Train Loss: 0.3257, Validation Loss: 0.6386
Epoch 828/1000, Train Loss: 0.3260, Validation Loss: 0.5359
Epoch 829/1000, Train Loss: 0.3268, Validation Loss: 1.1221
Epoch 830/1000, Train Loss: 0.3257, Validation Loss: 1.0500
Epoch 831/1000, Train Loss: 0.3269, Validation Loss: 1.6444
Epoch 832/1000, Train Loss: 0.3244, Validation Loss: 0.5589
Epoch 833/1000, Train Loss: 0.3217, Validation Loss: 0.7730
Epoch 834/1000, Train Loss: 0.3238, Validation Loss: 2.8465
Epoch 835/1000, Train Loss: 0.3247, Validation Loss: 1.5089
Epoch 836/1000, Train Loss: 0.3232, Validation Loss: 3.6430
Epoch 837/1000, Train Loss: 0.3226, Validation Loss: 0.5058
Epoch 838/1000, Train Loss: 0.3253, Validation Loss: 1.8402
Epoch 839/1000, Train Loss: 0.3253, Validation Loss: 0.5979
Epoch 840/1000, Train Loss: 0.3261, Validation Loss: 0.6842
Epoch 841/1000, Train Loss: 0.3266, Validation Loss: 2.6579
Epoch 842/1000, Train Loss: 0.3229, Validation Loss: 1.1001
Epoch 843/1000, Train Loss: 0.3274, Validation Loss: 3.1688
Epoch 844/1000, Train Loss: 0.3241, Validation Loss: 0.5796
Epoch 845/1000, Train Loss: 0.3232, Validation Loss: 0.3809
Epoch 846/1000, Train Loss: 0.3216, Validation Loss: 1.4771
Epoch 847/1000, Train Loss: 0.3244, Validation Loss: 2.1306
Epoch 848/1000, Train Loss: 0.3230, Validation Loss: 0.7464
Epoch 849/1000, Train Loss: 0.3286, Validation Loss: 2.0412
Epoch 850/1000, Train Loss: 0.3255, Validation Loss: 0.9312
Epoch 851/1000, Train Loss: 0.3224, Validation Loss: 0.4403
Epoch 852/1000, Train Loss: 0.3228, Validation Loss: 0.6539
Epoch 853/1000, Train Loss: 0.3241, Validation Loss: 1.2715
Epoch 854/1000, Train Loss: 0.3195, Validation Loss: 0.7267
Epoch 855/1000, Train Loss: 0.3259, Validation Loss: 0.5457
Epoch 856/1000, Train Loss: 0.3281, Validation Loss: 0.4914
Epoch 857/1000, Train Loss: 0.3257, Validation Loss: 1.0553
Epoch 858/1000, Train Loss: 0.3208, Validation Loss: 3.9159
Epoch 859/1000, Train Loss: 0.3252, Validation Loss: 1.0335
Epoch 860/1000, Train Loss: 0.3247, Validation Loss: 0.8991
Epoch 861/1000, Train Loss: 0.3234, Validation Loss: 0.8521
Epoch 862/1000, Train Loss: 0.3226, Validation Loss: 2.9572
Epoch 863/1000, Train Loss: 0.3230, Validation Loss: 2.1056
Epoch 864/1000, Train Loss: 0.3224, Validation Loss: 1.0320
Epoch 865/1000, Train Loss: 0.3234, Validation Loss: 2.4063
Epoch 866/1000, Train Loss: 0.3242, Validation Loss: 1.0983
Epoch 867/1000, Train Loss: 0.3256, Validation Loss: 2.1415
Epoch 868/1000, Train Loss: 0.3244, Validation Loss: 0.4691
Epoch 869/1000, Train Loss: 0.3218, Validation Loss: 1.2871
Epoch 870/1000, Train Loss: 0.3217, Validation Loss: 0.4562
Epoch 871/1000, Train Loss: 0.3226, Validation Loss: 0.4476
Epoch 872/1000, Train Loss: 0.3258, Validation Loss: 0.7711
Epoch 873/1000, Train Loss: 0.3235, Validation Loss: 1.5692
Epoch 874/1000, Train Loss: 0.3226, Validation Loss: 1.4676
Epoch 875/1000, Train Loss: 0.3209, Validation Loss: 0.6911
Epoch 876/1000, Train Loss: 0.3219, Validation Loss: 2.2387
Epoch 877/1000, Train Loss: 0.3227, Validation Loss: 0.5868
Epoch 878/1000, Train Loss: 0.3224, Validation Loss: 0.8953
Epoch 879/1000, Train Loss: 0.3245, Validation Loss: 0.7021
Epoch 880/1000, Train Loss: 0.3200, Validation Loss: 0.7353
Epoch 881/1000, Train Loss: 0.3204, Validation Loss: 0.9465
Epoch 882/1000, Train Loss: 0.3195, Validation Loss: 0.8445
Epoch 883/1000, Train Loss: 0.3208, Validation Loss: 0.4317
Epoch 884/1000, Train Loss: 0.3249, Validation Loss: 0.5486
Epoch 885/1000, Train Loss: 0.3205, Validation Loss: 0.7980
Epoch 886/1000, Train Loss: 0.3241, Validation Loss: 0.9388
Epoch 887/1000, Train Loss: 0.3233, Validation Loss: 1.4346
Epoch 888/1000, Train Loss: 0.3242, Validation Loss: 1.3158
Epoch 889/1000, Train Loss: 0.3221, Validation Loss: 0.4728
Epoch 890/1000, Train Loss: 0.3211, Validation Loss: 1.5946
Epoch 891/1000, Train Loss: 0.3205, Validation Loss: 1.9693
Epoch 892/1000, Train Loss: 0.3214, Validation Loss: 0.8500
Epoch 893/1000, Train Loss: 0.3185, Validation Loss: 0.8733
Epoch 894/1000, Train Loss: 0.3229, Validation Loss: 0.3672
Epoch 895/1000, Train Loss: 0.3227, Validation Loss: 0.5185
Epoch 896/1000, Train Loss: 0.3212, Validation Loss: 0.4633
Epoch 897/1000, Train Loss: 0.3210, Validation Loss: 0.3864
Epoch 898/1000, Train Loss: 0.3210, Validation Loss: 1.1779
Epoch 899/1000, Train Loss: 0.3213, Validation Loss: 1.3457
Epoch 900/1000, Train Loss: 0.3194, Validation Loss: 5.4101
Epoch 901/1000, Train Loss: 0.3218, Validation Loss: 1.6534
Epoch 902/1000, Train Loss: 0.3203, Validation Loss: 1.0267
Epoch 903/1000, Train Loss: 0.3242, Validation Loss: 1.3880
Epoch 904/1000, Train Loss: 0.3240, Validation Loss: 1.2347
Epoch 905/1000, Train Loss: 0.3202, Validation Loss: 0.7456
Epoch 906/1000, Train Loss: 0.3214, Validation Loss: 0.4627
Epoch 907/1000, Train Loss: 0.3215, Validation Loss: 1.0450
Epoch 908/1000, Train Loss: 0.3225, Validation Loss: 0.5944
Epoch 909/1000, Train Loss: 0.3265, Validation Loss: 1.1503
Epoch 910/1000, Train Loss: 0.3215, Validation Loss: 0.8812
Epoch 911/1000, Train Loss: 0.3206, Validation Loss: 0.6318
Epoch 912/1000, Train Loss: 0.3186, Validation Loss: 0.5703
Epoch 913/1000, Train Loss: 0.3221, Validation Loss: 1.3174
Epoch 914/1000, Train Loss: 0.3221, Validation Loss: 0.7415
Epoch 915/1000, Train Loss: 0.3187, Validation Loss: 0.6288
Epoch 916/1000, Train Loss: 0.3211, Validation Loss: 0.5608
Epoch 917/1000, Train Loss: 0.3206, Validation Loss: 0.4440
Epoch 918/1000, Train Loss: 0.3232, Validation Loss: 1.2609
Epoch 919/1000, Train Loss: 0.3168, Validation Loss: 0.5630
Epoch 920/1000, Train Loss: 0.3242, Validation Loss: 0.4899
Epoch 921/1000, Train Loss: 0.3220, Validation Loss: 0.7374
Epoch 922/1000, Train Loss: 0.3207, Validation Loss: 0.6165
Epoch 923/1000, Train Loss: 0.3190, Validation Loss: 2.6697
Epoch 924/1000, Train Loss: 0.3205, Validation Loss: 2.5254
Epoch 925/1000, Train Loss: 0.3227, Validation Loss: 0.7313
Epoch 926/1000, Train Loss: 0.3202, Validation Loss: 3.3968
Epoch 927/1000, Train Loss: 0.3224, Validation Loss: 1.0784
Epoch 928/1000, Train Loss: 0.3236, Validation Loss: 1.8174
Epoch 929/1000, Train Loss: 0.3226, Validation Loss: 3.6108
Epoch 930/1000, Train Loss: 0.3205, Validation Loss: 0.7546
Epoch 931/1000, Train Loss: 0.3244, Validation Loss: 1.0395
Epoch 932/1000, Train Loss: 0.3226, Validation Loss: 6.7232
Epoch 933/1000, Train Loss: 0.3213, Validation Loss: 1.0636
Epoch 934/1000, Train Loss: 0.3200, Validation Loss: 0.6547
Epoch 935/1000, Train Loss: 0.3218, Validation Loss: 0.9271
Epoch 936/1000, Train Loss: 0.3199, Validation Loss: 0.9930
Epoch 937/1000, Train Loss: 0.3184, Validation Loss: 0.4272
Epoch 938/1000, Train Loss: 0.3197, Validation Loss: 0.5679
Epoch 939/1000, Train Loss: 0.3204, Validation Loss: 0.8720
Epoch 940/1000, Train Loss: 0.3211, Validation Loss: 0.4353
Epoch 941/1000, Train Loss: 0.3193, Validation Loss: 1.3303
Epoch 942/1000, Train Loss: 0.3211, Validation Loss: 3.4274
Epoch 943/1000, Train Loss: 0.3212, Validation Loss: 1.5416
Epoch 944/1000, Train Loss: 0.3231, Validation Loss: 1.0605
Epoch 945/1000, Train Loss: 0.3199, Validation Loss: 0.5726
Epoch 946/1000, Train Loss: 0.3175, Validation Loss: 0.6202
Epoch 947/1000, Train Loss: 0.3175, Validation Loss: 1.6934
Epoch 948/1000, Train Loss: 0.3180, Validation Loss: 0.6089
Epoch 949/1000, Train Loss: 0.3160, Validation Loss: 1.1465
Epoch 950/1000, Train Loss: 0.3185, Validation Loss: 0.4235
Epoch 951/1000, Train Loss: 0.3195, Validation Loss: 0.4885
Epoch 952/1000, Train Loss: 0.3188, Validation Loss: 0.7067
Epoch 953/1000, Train Loss: 0.3175, Validation Loss: 0.7155
Epoch 954/1000, Train Loss: 0.3186, Validation Loss: 2.2314
Epoch 955/1000, Train Loss: 0.3189, Validation Loss: 0.6194
Epoch 956/1000, Train Loss: 0.3208, Validation Loss: 1.0376
Epoch 957/1000, Train Loss: 0.3231, Validation Loss: 0.6555
Epoch 958/1000, Train Loss: 0.3214, Validation Loss: 2.6362
Epoch 959/1000, Train Loss: 0.3173, Validation Loss: 0.4996
Epoch 960/1000, Train Loss: 0.3164, Validation Loss: 0.4490
Epoch 961/1000, Train Loss: 0.3198, Validation Loss: 0.9583
Epoch 962/1000, Train Loss: 0.3193, Validation Loss: 1.5523
Epoch 963/1000, Train Loss: 0.3170, Validation Loss: 0.5506
Epoch 964/1000, Train Loss: 0.3179, Validation Loss: 4.8515
Epoch 965/1000, Train Loss: 0.3190, Validation Loss: 0.9252
Epoch 966/1000, Train Loss: 0.3172, Validation Loss: 0.5700
Epoch 967/1000, Train Loss: 0.3180, Validation Loss: 0.7460
Epoch 968/1000, Train Loss: 0.3208, Validation Loss: 0.4612
Epoch 969/1000, Train Loss: 0.3180, Validation Loss: 1.4939
Epoch 970/1000, Train Loss: 0.3170, Validation Loss: 0.8997
Epoch 971/1000, Train Loss: 0.3173, Validation Loss: 0.3698
Epoch 972/1000, Train Loss: 0.3181, Validation Loss: 1.8746
Epoch 973/1000, Train Loss: 0.3191, Validation Loss: 0.8827
Epoch 974/1000, Train Loss: 0.3160, Validation Loss: 2.2802
Epoch 975/1000, Train Loss: 0.3172, Validation Loss: 0.7244
Epoch 976/1000, Train Loss: 0.3185, Validation Loss: 0.5197
Epoch 977/1000, Train Loss: 0.3190, Validation Loss: 1.1252
Epoch 978/1000, Train Loss: 0.3168, Validation Loss: 0.4806
Epoch 979/1000, Train Loss: 0.3141, Validation Loss: 1.6322
Epoch 980/1000, Train Loss: 0.3194, Validation Loss: 1.4744
Epoch 981/1000, Train Loss: 0.3175, Validation Loss: 0.8122
Epoch 982/1000, Train Loss: 0.3174, Validation Loss: 0.8702
Epoch 983/1000, Train Loss: 0.3159, Validation Loss: 0.5029
Epoch 984/1000, Train Loss: 0.3186, Validation Loss: 0.4641
Epoch 985/1000, Train Loss: 0.3205, Validation Loss: 1.0425
Epoch 986/1000, Train Loss: 0.3182, Validation Loss: 0.5615
Epoch 987/1000, Train Loss: 0.3164, Validation Loss: 0.8841
Epoch 988/1000, Train Loss: 0.3184, Validation Loss: 1.3154
Epoch 989/1000, Train Loss: 0.3170, Validation Loss: 0.8266
Epoch 990/1000, Train Loss: 0.3184, Validation Loss: 1.4317
Epoch 991/1000, Train Loss: 0.3165, Validation Loss: 0.7638
Epoch 992/1000, Train Loss: 0.3154, Validation Loss: 1.2595
Epoch 993/1000, Train Loss: 0.3176, Validation Loss: 0.9167
Epoch 994/1000, Train Loss: 0.3191, Validation Loss: 0.8537
Epoch 995/1000, Train Loss: 0.3173, Validation Loss: 0.8331
Epoch 996/1000, Train Loss: 0.3177, Validation Loss: 1.3566
Epoch 997/1000, Train Loss: 0.3182, Validation Loss: 1.2190
Epoch 998/1000, Train Loss: 0.3218, Validation Loss: 0.7944
Epoch 999/1000, Train Loss: 0.3197, Validation Loss: 2.1124
Epoch 1000/1000, Train Loss: 0.3148, Validation Loss: 0.9598
Best Training Loss: 0.3141
Best Training Loss Epoch: 979
Best Validation Loss: 0.3234
Best Validation Loss Epoch: 483
Time taken for training: 0-20:13:45
Test Loss: 0.3417
Test MAPE: 8991.9902%
Error Statistics:
count    4.127200e+04
mean     4.294034e+02
std      9.883851e+03
min      6.437302e-06
25%      1.365032e-01
50%      1.410188e+00
75%      1.948253e+01
max      1.347144e+06
Name: Absolute Error, dtype: float64
Training complete. Final model saved.
Saving model as a wandb Artifact...
Model artifact logged successfully.
[1;34mwandb[0m: 
[1;34mwandb[0m: 🚀 View run [33mcrimson-sweep-150[0m at: [34mhttps://wandb.ai/mk8737-new-york-university/rl_pretrain_hp_sweeps/runs/13rs8d2o[0m
[1;34mwandb[0m: Find logs at: [1;35mwandb/run-20251006_144146-13rs8d2o/logs[0m
Agent finished.
