Waiting for sweep ID...
Found Sweep ID: be12np04
Starting wandb agent for sweep be12np04...
TRAINING DEVICE: cpu
Run Name: GCN_global_hp_sweep_be12np04-di7rg0kc
finidhed preparing data
Loading dataset from pretrain_dataset_12.5k_fixed_duplicates.pkl
Loaded 412712 data objects.
finished preparing data
Epoch 1/1000, Train Loss: 3.3125, Validation Loss: 2.3641
Epoch 2/1000, Train Loss: 1.3322, Validation Loss: 5.5032
Epoch 3/1000, Train Loss: 1.2812, Validation Loss: 7.6881
Epoch 4/1000, Train Loss: 1.1775, Validation Loss: 2.4202
Epoch 5/1000, Train Loss: 2.5682, Validation Loss: 1.7243
Epoch 6/1000, Train Loss: 1.0876, Validation Loss: 1.3871
Epoch 7/1000, Train Loss: 1.0706, Validation Loss: 1.0965
Epoch 8/1000, Train Loss: 0.9941, Validation Loss: 1.4268
Epoch 9/1000, Train Loss: 0.9453, Validation Loss: 1.0604
Epoch 10/1000, Train Loss: 1.1331, Validation Loss: 3.8197
Epoch 11/1000, Train Loss: 0.9100, Validation Loss: 0.9675
Epoch 12/1000, Train Loss: 0.8863, Validation Loss: 1.1492
Epoch 13/1000, Train Loss: 0.8736, Validation Loss: 2.9746
Epoch 14/1000, Train Loss: 0.9645, Validation Loss: 5.5649
Epoch 15/1000, Train Loss: 0.8474, Validation Loss: 0.8192
Epoch 16/1000, Train Loss: 0.8806, Validation Loss: 1.6465
Epoch 17/1000, Train Loss: 0.8517, Validation Loss: 0.8519
Epoch 18/1000, Train Loss: 0.8087, Validation Loss: 3.4215
Epoch 19/1000, Train Loss: 0.8204, Validation Loss: 2.0242
Epoch 20/1000, Train Loss: 0.9688, Validation Loss: 2.1459
Epoch 21/1000, Train Loss: 0.8322, Validation Loss: 0.8924
Epoch 22/1000, Train Loss: 0.7993, Validation Loss: 3.7765
Epoch 23/1000, Train Loss: 0.7998, Validation Loss: 2.3011
Epoch 24/1000, Train Loss: 0.8726, Validation Loss: 1.4874
Epoch 25/1000, Train Loss: 1.0348, Validation Loss: 1.3169
Epoch 26/1000, Train Loss: 0.8078, Validation Loss: 3.4711
Epoch 27/1000, Train Loss: 0.7837, Validation Loss: 1.3585
Epoch 28/1000, Train Loss: 0.8576, Validation Loss: 2.5769
Epoch 29/1000, Train Loss: 1.0428, Validation Loss: 1.2873
Epoch 30/1000, Train Loss: 0.7761, Validation Loss: 1.7713
Epoch 31/1000, Train Loss: 0.9210, Validation Loss: 1.5854
Epoch 32/1000, Train Loss: 0.7993, Validation Loss: 2.4392
Epoch 33/1000, Train Loss: 0.7823, Validation Loss: 0.9556
Epoch 34/1000, Train Loss: 0.7627, Validation Loss: 1.1421
Epoch 35/1000, Train Loss: 0.8166, Validation Loss: 1.0050
Epoch 36/1000, Train Loss: 0.7689, Validation Loss: 2.6561
Epoch 37/1000, Train Loss: 0.7501, Validation Loss: 1.8421
Epoch 38/1000, Train Loss: 0.7946, Validation Loss: 3.5907
Epoch 39/1000, Train Loss: 0.7517, Validation Loss: 4.5176
Epoch 40/1000, Train Loss: 0.7556, Validation Loss: 2.6006
Epoch 41/1000, Train Loss: 0.8582, Validation Loss: 0.7486
Epoch 42/1000, Train Loss: 0.7622, Validation Loss: 1.8129
Epoch 43/1000, Train Loss: 0.7674, Validation Loss: 1.9624
Epoch 44/1000, Train Loss: 0.7734, Validation Loss: 3.8296
Epoch 45/1000, Train Loss: 1.6490, Validation Loss: 4.2689
Epoch 46/1000, Train Loss: 0.8062, Validation Loss: 5.5487
Epoch 47/1000, Train Loss: 0.7670, Validation Loss: 4.0335
Epoch 48/1000, Train Loss: 0.8013, Validation Loss: 2.3804
Epoch 49/1000, Train Loss: 0.7651, Validation Loss: 1.9181
Epoch 50/1000, Train Loss: 0.7414, Validation Loss: 1.5555
Epoch 51/1000, Train Loss: 0.9343, Validation Loss: 1.1741
Epoch 52/1000, Train Loss: 0.7664, Validation Loss: 1.3525
Epoch 53/1000, Train Loss: 0.7414, Validation Loss: 2.2010
Epoch 54/1000, Train Loss: 2.0394, Validation Loss: 2.8916
Epoch 55/1000, Train Loss: 0.7646, Validation Loss: 1.7584
Epoch 56/1000, Train Loss: 0.7426, Validation Loss: 0.7283
Epoch 57/1000, Train Loss: 0.7493, Validation Loss: 1.8371
Epoch 58/1000, Train Loss: 0.7192, Validation Loss: 2.2581
Epoch 59/1000, Train Loss: 0.9402, Validation Loss: 2.5004
Epoch 60/1000, Train Loss: 0.7728, Validation Loss: 1.6714
Epoch 61/1000, Train Loss: 0.7388, Validation Loss: 2.4005
Epoch 62/1000, Train Loss: 0.7812, Validation Loss: 1.0396
Epoch 63/1000, Train Loss: 0.7323, Validation Loss: 1.5968
Epoch 64/1000, Train Loss: 4.6042, Validation Loss: 1.9622
Epoch 65/1000, Train Loss: 0.8403, Validation Loss: 2.3387
Epoch 66/1000, Train Loss: 0.7364, Validation Loss: 1.2950
Epoch 67/1000, Train Loss: 0.7878, Validation Loss: 1.8463
Epoch 68/1000, Train Loss: 0.7332, Validation Loss: 3.8901
Epoch 69/1000, Train Loss: 0.7363, Validation Loss: 2.2981
Epoch 70/1000, Train Loss: 0.7732, Validation Loss: 1.7421
Epoch 71/1000, Train Loss: 0.7554, Validation Loss: 1.9300
Epoch 72/1000, Train Loss: 0.7292, Validation Loss: 2.1785
Epoch 73/1000, Train Loss: 0.7408, Validation Loss: 0.7977
Epoch 74/1000, Train Loss: 0.7499, Validation Loss: 2.3351
Epoch 75/1000, Train Loss: 0.7368, Validation Loss: 1.1905
Epoch 76/1000, Train Loss: 0.9629, Validation Loss: 3.1675
Epoch 77/1000, Train Loss: 0.7271, Validation Loss: 1.4176
Epoch 78/1000, Train Loss: 0.7254, Validation Loss: 1.3947
Epoch 79/1000, Train Loss: 0.8947, Validation Loss: 2.5138
Epoch 80/1000, Train Loss: 0.7730, Validation Loss: 0.8370
Epoch 81/1000, Train Loss: 7.7885, Validation Loss: 1.0374
Epoch 82/1000, Train Loss: 0.7256, Validation Loss: 2.2371
Epoch 83/1000, Train Loss: 0.7335, Validation Loss: 4.2225
Epoch 84/1000, Train Loss: 0.7836, Validation Loss: 241.4976
Epoch 85/1000, Train Loss: 0.7873, Validation Loss: 1.3509
Epoch 86/1000, Train Loss: 0.7070, Validation Loss: 4.1022
Epoch 87/1000, Train Loss: 0.7575, Validation Loss: 2.5117
Epoch 88/1000, Train Loss: 4.1250, Validation Loss: 1.1487
Epoch 89/1000, Train Loss: 0.7462, Validation Loss: 0.7744
Epoch 90/1000, Train Loss: 0.7010, Validation Loss: 0.9101
Epoch 91/1000, Train Loss: 0.9528, Validation Loss: 0.9544
Epoch 92/1000, Train Loss: 0.7162, Validation Loss: 1.7478
Epoch 93/1000, Train Loss: 1.1176, Validation Loss: 1.7116
Epoch 94/1000, Train Loss: 0.7188, Validation Loss: 1.5794
Epoch 95/1000, Train Loss: 0.7097, Validation Loss: 4.9999
Epoch 96/1000, Train Loss: 0.7343, Validation Loss: 5.3759
Epoch 97/1000, Train Loss: 0.7416, Validation Loss: 0.7671
Epoch 98/1000, Train Loss: 0.8396, Validation Loss: 3.9348
Epoch 99/1000, Train Loss: 0.7227, Validation Loss: 3.7775
Epoch 100/1000, Train Loss: 0.7313, Validation Loss: 2.3296
Epoch 101/1000, Train Loss: 0.7157, Validation Loss: 0.9363
Epoch 102/1000, Train Loss: 0.7358, Validation Loss: 5.1174
Epoch 103/1000, Train Loss: 0.7145, Validation Loss: 2.3727
Epoch 104/1000, Train Loss: 0.7054, Validation Loss: 1.2431
Epoch 105/1000, Train Loss: 0.7078, Validation Loss: 3.3708
Epoch 106/1000, Train Loss: 0.7676, Validation Loss: 1.0333
Epoch 107/1000, Train Loss: 0.7264, Validation Loss: 1.3663
Epoch 108/1000, Train Loss: 1.0067, Validation Loss: 1.2961
Epoch 109/1000, Train Loss: 0.7258, Validation Loss: 2.4208
Epoch 110/1000, Train Loss: 0.7032, Validation Loss: 2.8215
Epoch 111/1000, Train Loss: 0.8885, Validation Loss: 3.1301
Epoch 112/1000, Train Loss: 0.7136, Validation Loss: 4.3864
Epoch 113/1000, Train Loss: 0.7009, Validation Loss: 3.6278
Epoch 114/1000, Train Loss: 0.7089, Validation Loss: 3.3628
Epoch 115/1000, Train Loss: 0.7392, Validation Loss: 6.7625
Epoch 116/1000, Train Loss: 0.7262, Validation Loss: 2.1278
Epoch 117/1000, Train Loss: 0.7123, Validation Loss: 1.5058
Epoch 118/1000, Train Loss: 0.9296, Validation Loss: 2.1855
Epoch 119/1000, Train Loss: 0.6937, Validation Loss: 2.2611
Epoch 120/1000, Train Loss: 0.7310, Validation Loss: 0.9733
Epoch 121/1000, Train Loss: 0.7014, Validation Loss: 2.3707
Epoch 122/1000, Train Loss: 2.2007, Validation Loss: 3.1809
Epoch 123/1000, Train Loss: 0.7153, Validation Loss: 2.2252
Epoch 124/1000, Train Loss: 0.7331, Validation Loss: 2.6078
Epoch 125/1000, Train Loss: 0.7321, Validation Loss: 3.0191
Epoch 126/1000, Train Loss: 0.7073, Validation Loss: 2.5849
Epoch 127/1000, Train Loss: 0.7244, Validation Loss: 3.0359
Epoch 128/1000, Train Loss: 0.7634, Validation Loss: 4.6113
Epoch 129/1000, Train Loss: 0.7135, Validation Loss: 2.9821
Epoch 130/1000, Train Loss: 0.7163, Validation Loss: 2.3014
Epoch 131/1000, Train Loss: 7.2205, Validation Loss: 1.6915
Epoch 132/1000, Train Loss: 0.7158, Validation Loss: 1.0865
Epoch 133/1000, Train Loss: 0.7097, Validation Loss: 4.8641
Epoch 134/1000, Train Loss: 0.7593, Validation Loss: 0.9913
Epoch 135/1000, Train Loss: 0.7031, Validation Loss: 3.1511
Epoch 136/1000, Train Loss: 0.6983, Validation Loss: 2.0397
Epoch 137/1000, Train Loss: 0.7319, Validation Loss: 1.5724
Epoch 138/1000, Train Loss: 5.2974, Validation Loss: 1.3739
Epoch 139/1000, Train Loss: 0.7645, Validation Loss: 1.0286
Epoch 140/1000, Train Loss: 0.7161, Validation Loss: 0.9471
Epoch 141/1000, Train Loss: 0.7300, Validation Loss: 2.0783
Epoch 142/1000, Train Loss: 0.7208, Validation Loss: 1.1737
Epoch 143/1000, Train Loss: 0.7589, Validation Loss: 3.2411
Epoch 144/1000, Train Loss: 1.1562, Validation Loss: 6.0093
Epoch 145/1000, Train Loss: 0.6902, Validation Loss: 10.7533
Epoch 146/1000, Train Loss: 0.7086, Validation Loss: 1.5151
Epoch 147/1000, Train Loss: 0.7180, Validation Loss: 1.5697
Epoch 148/1000, Train Loss: 0.7112, Validation Loss: 2.8388
Epoch 149/1000, Train Loss: 0.7506, Validation Loss: 3.4512
Epoch 150/1000, Train Loss: 0.7362, Validation Loss: 2.3068
Epoch 151/1000, Train Loss: 0.7154, Validation Loss: 2.6569
Epoch 152/1000, Train Loss: 0.7009, Validation Loss: 2.4960
Epoch 153/1000, Train Loss: 0.6890, Validation Loss: 1.7708
Epoch 154/1000, Train Loss: 0.8167, Validation Loss: 2.4976
Epoch 155/1000, Train Loss: 0.7289, Validation Loss: 2.8630
Epoch 156/1000, Train Loss: 0.8688, Validation Loss: 4.6060
Epoch 157/1000, Train Loss: 0.6976, Validation Loss: 1.9617
Epoch 158/1000, Train Loss: 0.6856, Validation Loss: 2.5519
Epoch 159/1000, Train Loss: 0.7420, Validation Loss: 3.5232
Epoch 160/1000, Train Loss: 0.6969, Validation Loss: 2.0369
Epoch 161/1000, Train Loss: 0.9230, Validation Loss: 2.1753
Epoch 162/1000, Train Loss: 0.8826, Validation Loss: 2.2759
Epoch 163/1000, Train Loss: 0.7099, Validation Loss: 1.0366
Epoch 164/1000, Train Loss: 0.7167, Validation Loss: 2.0547
Epoch 165/1000, Train Loss: 0.7478, Validation Loss: 1.7946
Epoch 166/1000, Train Loss: 0.7145, Validation Loss: 2.7314
Epoch 167/1000, Train Loss: 0.6804, Validation Loss: 2.3151
Epoch 168/1000, Train Loss: 0.7292, Validation Loss: 1.6595
Epoch 169/1000, Train Loss: 0.7169, Validation Loss: 0.9301
Epoch 170/1000, Train Loss: 0.7032, Validation Loss: 2.4361
Epoch 171/1000, Train Loss: 0.7117, Validation Loss: 4.3281
Epoch 172/1000, Train Loss: 0.7117, Validation Loss: 4.1240
Epoch 173/1000, Train Loss: 0.7205, Validation Loss: 6.0368
Epoch 174/1000, Train Loss: 0.7694, Validation Loss: 1.8879
Epoch 175/1000, Train Loss: 0.7113, Validation Loss: 1.9661
Epoch 176/1000, Train Loss: 0.7104, Validation Loss: 1.6236
Epoch 177/1000, Train Loss: 0.7275, Validation Loss: 304.5792
Epoch 178/1000, Train Loss: 0.7028, Validation Loss: 0.7281
Epoch 179/1000, Train Loss: 0.7114, Validation Loss: 2.8637
Epoch 180/1000, Train Loss: 0.7355, Validation Loss: 1.7020
Epoch 181/1000, Train Loss: 0.6998, Validation Loss: 3.2717
Epoch 182/1000, Train Loss: 12.1606, Validation Loss: 1.9442
Epoch 183/1000, Train Loss: 0.7358, Validation Loss: 0.9339
Epoch 184/1000, Train Loss: 0.7507, Validation Loss: 2.5106
Epoch 185/1000, Train Loss: 0.7603, Validation Loss: 4.4660
Epoch 186/1000, Train Loss: 0.7045, Validation Loss: 3.0694
Epoch 187/1000, Train Loss: 0.7326, Validation Loss: 1.3911
Epoch 188/1000, Train Loss: 0.7211, Validation Loss: 1.6500
Epoch 189/1000, Train Loss: 0.7257, Validation Loss: 0.7049
Epoch 190/1000, Train Loss: 0.8740, Validation Loss: 4.4719
Epoch 191/1000, Train Loss: 0.7190, Validation Loss: 2.3879
Epoch 192/1000, Train Loss: 0.7749, Validation Loss: 0.7720
Epoch 193/1000, Train Loss: 0.7051, Validation Loss: 1.0115
Epoch 194/1000, Train Loss: 0.8475, Validation Loss: 3.2117
Epoch 195/1000, Train Loss: 0.7065, Validation Loss: 1.6311
Epoch 196/1000, Train Loss: 0.7143, Validation Loss: 1.6805
Epoch 197/1000, Train Loss: 0.7251, Validation Loss: 7.8504
Epoch 198/1000, Train Loss: 0.6999, Validation Loss: 4.3021
Epoch 199/1000, Train Loss: 0.7101, Validation Loss: 1.8639
Epoch 200/1000, Train Loss: 0.7047, Validation Loss: 1.7153
Epoch 201/1000, Train Loss: 0.7096, Validation Loss: 0.8445
Epoch 202/1000, Train Loss: 0.7020, Validation Loss: 3.5248
Epoch 203/1000, Train Loss: 10.3440, Validation Loss: 2.5651
Epoch 204/1000, Train Loss: 0.6881, Validation Loss: 2.3563
Epoch 205/1000, Train Loss: 0.7100, Validation Loss: 3.0972
Epoch 206/1000, Train Loss: 0.7508, Validation Loss: 5.1244
Epoch 207/1000, Train Loss: 0.7368, Validation Loss: 9.9088
Epoch 208/1000, Train Loss: 0.7015, Validation Loss: 2.1622
Epoch 209/1000, Train Loss: 0.6961, Validation Loss: 3.3006
Epoch 210/1000, Train Loss: 0.9413, Validation Loss: 1.8821
Epoch 211/1000, Train Loss: 0.7052, Validation Loss: 5.6155
Epoch 212/1000, Train Loss: 0.7036, Validation Loss: 2.0119
Epoch 213/1000, Train Loss: 0.7239, Validation Loss: 1.5848
Epoch 214/1000, Train Loss: 6149.9525, Validation Loss: 3.5012
Epoch 215/1000, Train Loss: 0.7149, Validation Loss: 0.7482
Epoch 216/1000, Train Loss: 0.7260, Validation Loss: 4.0107
Epoch 217/1000, Train Loss: 0.7424, Validation Loss: 1.1236
Epoch 218/1000, Train Loss: 0.7023, Validation Loss: 4.4461
Epoch 219/1000, Train Loss: 0.7135, Validation Loss: 1.7421
Epoch 220/1000, Train Loss: 0.6841, Validation Loss: 2.9873
Epoch 221/1000, Train Loss: 0.7113, Validation Loss: 1.9039
Epoch 222/1000, Train Loss: 0.7098, Validation Loss: 2.1039
Epoch 223/1000, Train Loss: 0.6946, Validation Loss: 2.0014
Epoch 224/1000, Train Loss: 1.9581, Validation Loss: 2.9906
Epoch 225/1000, Train Loss: 0.6918, Validation Loss: 1.2838
Epoch 226/1000, Train Loss: 0.6922, Validation Loss: 12.8692
Epoch 227/1000, Train Loss: 8.8415, Validation Loss: 1.2834
Epoch 228/1000, Train Loss: 0.6981, Validation Loss: 1.1185
Epoch 229/1000, Train Loss: 0.7586, Validation Loss: 1.5330
Epoch 230/1000, Train Loss: 0.7040, Validation Loss: 2.0286
Epoch 231/1000, Train Loss: 0.7319, Validation Loss: 1.7464
Epoch 232/1000, Train Loss: 0.7174, Validation Loss: 2.2882
Epoch 233/1000, Train Loss: 0.7753, Validation Loss: 1.5682
Epoch 234/1000, Train Loss: 0.6949, Validation Loss: 1.9826
Epoch 235/1000, Train Loss: 0.7199, Validation Loss: 2.1740
Epoch 236/1000, Train Loss: 0.7114, Validation Loss: 5.8485
Epoch 237/1000, Train Loss: 0.7567, Validation Loss: 1.9805
Epoch 238/1000, Train Loss: 0.7017, Validation Loss: 3.7087
Epoch 239/1000, Train Loss: 0.7203, Validation Loss: 5.9147
Epoch 240/1000, Train Loss: 0.7040, Validation Loss: 3.7330
Epoch 241/1000, Train Loss: 0.7381, Validation Loss: 3.0849
Epoch 242/1000, Train Loss: 0.7010, Validation Loss: 3.7437
Epoch 243/1000, Train Loss: 0.7397, Validation Loss: 2.4698
Epoch 244/1000, Train Loss: 0.7727, Validation Loss: 3.8899
Epoch 245/1000, Train Loss: 0.7215, Validation Loss: 3.8349
Epoch 246/1000, Train Loss: 0.7089, Validation Loss: 1.9280
Epoch 247/1000, Train Loss: 0.7312, Validation Loss: 2.6202
Epoch 248/1000, Train Loss: 0.7373, Validation Loss: 3.7526
Epoch 249/1000, Train Loss: 0.7467, Validation Loss: 41.2067
Epoch 250/1000, Train Loss: 0.7063, Validation Loss: 2.8848
Epoch 251/1000, Train Loss: 0.7113, Validation Loss: 2.4110
Epoch 252/1000, Train Loss: 0.7043, Validation Loss: 5.3776
Epoch 253/1000, Train Loss: 0.8393, Validation Loss: 2.2614
Epoch 254/1000, Train Loss: 0.6947, Validation Loss: 1.2002
Epoch 255/1000, Train Loss: 0.6998, Validation Loss: 1.4789
Epoch 256/1000, Train Loss: 0.7747, Validation Loss: 2.4071
Epoch 257/1000, Train Loss: 0.7051, Validation Loss: 2.8027
Epoch 258/1000, Train Loss: 0.7455, Validation Loss: 1.6261
Epoch 259/1000, Train Loss: 0.7193, Validation Loss: 3.1597
Epoch 260/1000, Train Loss: 0.7566, Validation Loss: 3.8800
Epoch 261/1000, Train Loss: 0.7152, Validation Loss: 3.1942
Epoch 262/1000, Train Loss: 0.7197, Validation Loss: 2.8556
Epoch 263/1000, Train Loss: 0.7652, Validation Loss: 1.3289
Epoch 264/1000, Train Loss: 0.6916, Validation Loss: 1.0774
Epoch 265/1000, Train Loss: 0.7027, Validation Loss: 1.8409
Epoch 266/1000, Train Loss: 0.8000, Validation Loss: 1.3535
Epoch 267/1000, Train Loss: 0.7128, Validation Loss: 10.4254
Epoch 268/1000, Train Loss: 0.7237, Validation Loss: 4.1703
Epoch 269/1000, Train Loss: 0.6882, Validation Loss: 1.0884
Epoch 270/1000, Train Loss: 0.6811, Validation Loss: 2.7259
Epoch 271/1000, Train Loss: 0.8240, Validation Loss: 6.1533
Epoch 272/1000, Train Loss: 0.7249, Validation Loss: 1.4980
Epoch 273/1000, Train Loss: 0.6976, Validation Loss: 1.8253
Epoch 274/1000, Train Loss: 0.7196, Validation Loss: 4.4780
Epoch 275/1000, Train Loss: 0.6954, Validation Loss: 1.4916
Epoch 276/1000, Train Loss: 0.6977, Validation Loss: 2.5024
Epoch 277/1000, Train Loss: 0.7239, Validation Loss: 6.5511
Epoch 278/1000, Train Loss: 0.6996, Validation Loss: 2.9223
Epoch 279/1000, Train Loss: 0.6948, Validation Loss: 1.6337
Epoch 280/1000, Train Loss: 0.7011, Validation Loss: 4.2748
Epoch 281/1000, Train Loss: 0.7175, Validation Loss: 1.1520
Epoch 282/1000, Train Loss: 0.6978, Validation Loss: 4.6211
Epoch 283/1000, Train Loss: 0.7111, Validation Loss: 2.3661
Epoch 284/1000, Train Loss: 0.7087, Validation Loss: 2.4477
Epoch 285/1000, Train Loss: 0.6955, Validation Loss: 1.1654
Epoch 286/1000, Train Loss: 22.9538, Validation Loss: 3.2138
Epoch 287/1000, Train Loss: 0.6872, Validation Loss: 1.9567
Epoch 288/1000, Train Loss: 0.7130, Validation Loss: 21.4320
Epoch 289/1000, Train Loss: 0.6888, Validation Loss: 0.9253
Epoch 290/1000, Train Loss: 0.7664, Validation Loss: 1.5390
Epoch 291/1000, Train Loss: 0.6911, Validation Loss: 1.8370
Epoch 292/1000, Train Loss: 0.6925, Validation Loss: 3.0129
Epoch 293/1000, Train Loss: 0.7083, Validation Loss: 1.0993
Epoch 294/1000, Train Loss: 0.9203, Validation Loss: 2.2303
Epoch 295/1000, Train Loss: 0.7005, Validation Loss: 2.6418
Epoch 296/1000, Train Loss: 1.6638, Validation Loss: 5.4131
Epoch 297/1000, Train Loss: 0.6933, Validation Loss: 0.9610
Epoch 298/1000, Train Loss: 0.7165, Validation Loss: 3.2801
Epoch 299/1000, Train Loss: 0.9546, Validation Loss: 2.2358
Epoch 300/1000, Train Loss: 0.7027, Validation Loss: 1.6221
Epoch 301/1000, Train Loss: 0.6860, Validation Loss: 4.4375
Epoch 302/1000, Train Loss: 0.7037, Validation Loss: 2.5236
Epoch 303/1000, Train Loss: 6.9228, Validation Loss: 3.6696
Epoch 304/1000, Train Loss: 0.6962, Validation Loss: 2.0807
Epoch 305/1000, Train Loss: 0.6985, Validation Loss: 2.5910
Epoch 306/1000, Train Loss: 0.7129, Validation Loss: 2.9952
Epoch 307/1000, Train Loss: 0.7291, Validation Loss: 2.2898
Epoch 308/1000, Train Loss: 0.6887, Validation Loss: 3.1370
Epoch 309/1000, Train Loss: 0.6909, Validation Loss: 1.7970
Epoch 310/1000, Train Loss: 0.7247, Validation Loss: 3.1323
Epoch 311/1000, Train Loss: 0.7012, Validation Loss: 0.8788
Epoch 312/1000, Train Loss: 0.6922, Validation Loss: 3.3627
Epoch 313/1000, Train Loss: 1.3792, Validation Loss: 0.9956
Epoch 314/1000, Train Loss: 1.0781, Validation Loss: 0.8403
Epoch 315/1000, Train Loss: 0.7930, Validation Loss: 1.9936
Epoch 316/1000, Train Loss: 0.7038, Validation Loss: 3.1814
Epoch 317/1000, Train Loss: 0.7087, Validation Loss: 2.5591
Epoch 318/1000, Train Loss: 0.9362, Validation Loss: 1.7205
Epoch 319/1000, Train Loss: 0.7103, Validation Loss: 6.7398
Epoch 320/1000, Train Loss: 0.6985, Validation Loss: 1.1387
Epoch 321/1000, Train Loss: 0.6957, Validation Loss: 6.0167
Epoch 322/1000, Train Loss: 0.7540, Validation Loss: 3.5199
Epoch 323/1000, Train Loss: 0.6893, Validation Loss: 3.1103
Epoch 324/1000, Train Loss: 0.7069, Validation Loss: 1.0554
Epoch 325/1000, Train Loss: 0.7041, Validation Loss: 3.4922
Epoch 326/1000, Train Loss: 0.7200, Validation Loss: 1.8748
Epoch 327/1000, Train Loss: 0.6869, Validation Loss: 3.8274
Epoch 328/1000, Train Loss: 0.7293, Validation Loss: 1.1607
Epoch 329/1000, Train Loss: 0.7008, Validation Loss: 0.9362
Epoch 330/1000, Train Loss: 0.7083, Validation Loss: 4.0925
Epoch 331/1000, Train Loss: 0.6863, Validation Loss: 2.0679
Epoch 332/1000, Train Loss: 0.7114, Validation Loss: 4.3057
Epoch 333/1000, Train Loss: 0.9688, Validation Loss: 0.8196
Epoch 334/1000, Train Loss: 0.7094, Validation Loss: 5.9537
Epoch 335/1000, Train Loss: 0.7393, Validation Loss: 2.2272
Epoch 336/1000, Train Loss: 0.7023, Validation Loss: 2.8726
Epoch 337/1000, Train Loss: 0.8445, Validation Loss: 1.4299
Epoch 338/1000, Train Loss: 0.6973, Validation Loss: 3.3554
Epoch 339/1000, Train Loss: 0.7222, Validation Loss: 3.9016
Epoch 340/1000, Train Loss: 0.7383, Validation Loss: 4.7357
Epoch 341/1000, Train Loss: 0.7165, Validation Loss: 3.8894
Epoch 342/1000, Train Loss: 0.6944, Validation Loss: 5.8247
Epoch 343/1000, Train Loss: 0.7240, Validation Loss: 4.1867
Epoch 344/1000, Train Loss: 0.7006, Validation Loss: 1.5222
Epoch 345/1000, Train Loss: 0.6864, Validation Loss: 5.0318
Epoch 346/1000, Train Loss: 0.7236, Validation Loss: 10.2783
Epoch 347/1000, Train Loss: 0.7296, Validation Loss: 2.7501
Epoch 348/1000, Train Loss: 0.7204, Validation Loss: 1.2026
Epoch 349/1000, Train Loss: 0.7231, Validation Loss: 1.8794
Epoch 350/1000, Train Loss: 0.6919, Validation Loss: 3.2901
Epoch 351/1000, Train Loss: 0.7691, Validation Loss: 1.4356
Epoch 352/1000, Train Loss: 0.7136, Validation Loss: 1.9684
Epoch 353/1000, Train Loss: 0.6998, Validation Loss: 2.7563
Epoch 354/1000, Train Loss: 0.6977, Validation Loss: 3.3418
Epoch 355/1000, Train Loss: 0.6818, Validation Loss: 1.6668
Epoch 356/1000, Train Loss: 1.0077, Validation Loss: 1.8067
Epoch 357/1000, Train Loss: 0.6918, Validation Loss: 10.8682
Epoch 358/1000, Train Loss: 0.7024, Validation Loss: 0.9457
Epoch 359/1000, Train Loss: 0.7193, Validation Loss: 2.9948
Epoch 360/1000, Train Loss: 0.7313, Validation Loss: 3.6449
Epoch 361/1000, Train Loss: 0.8530, Validation Loss: 1.0567
Epoch 362/1000, Train Loss: 0.7229, Validation Loss: 2.9311
Epoch 363/1000, Train Loss: 0.7270, Validation Loss: 5.6676
Epoch 364/1000, Train Loss: 0.6804, Validation Loss: 3.5820
Epoch 365/1000, Train Loss: 1.4401, Validation Loss: 2.8314
Epoch 366/1000, Train Loss: 0.6904, Validation Loss: 1.1714
Epoch 367/1000, Train Loss: 0.7113, Validation Loss: 1.4984
Epoch 368/1000, Train Loss: 0.7283, Validation Loss: 2.7516
Epoch 369/1000, Train Loss: 0.6875, Validation Loss: 1.1769
Epoch 370/1000, Train Loss: 0.8915, Validation Loss: 0.9379
Epoch 371/1000, Train Loss: 0.7184, Validation Loss: 2.1681
Epoch 372/1000, Train Loss: 30.0000, Validation Loss: 8.5127
Epoch 373/1000, Train Loss: 0.7016, Validation Loss: 1.8049
Epoch 374/1000, Train Loss: 0.6939, Validation Loss: 0.8200
Epoch 375/1000, Train Loss: 0.7097, Validation Loss: 2.0642
Epoch 376/1000, Train Loss: 0.7296, Validation Loss: 2.3174
Epoch 377/1000, Train Loss: 0.6943, Validation Loss: 3.5218
Epoch 378/1000, Train Loss: 0.7131, Validation Loss: 7.6427
Epoch 379/1000, Train Loss: 0.6931, Validation Loss: 3.6026
Epoch 380/1000, Train Loss: 0.7467, Validation Loss: 1.8759
Epoch 381/1000, Train Loss: 0.7050, Validation Loss: 1.2362
Epoch 382/1000, Train Loss: 0.6921, Validation Loss: 2.6019
Epoch 383/1000, Train Loss: 0.7078, Validation Loss: 2.8854
Epoch 384/1000, Train Loss: 0.7104, Validation Loss: 1.3597
Epoch 385/1000, Train Loss: 0.7078, Validation Loss: 1.9507
Epoch 386/1000, Train Loss: 0.7035, Validation Loss: 3.6201
Epoch 387/1000, Train Loss: 0.7219, Validation Loss: 2.0105
Epoch 388/1000, Train Loss: 0.7370, Validation Loss: 2.8378
Epoch 389/1000, Train Loss: 0.7002, Validation Loss: 2.6159
Epoch 390/1000, Train Loss: 0.7157, Validation Loss: 1.4117
Epoch 391/1000, Train Loss: 0.8177, Validation Loss: 2.5970
Epoch 392/1000, Train Loss: 0.6928, Validation Loss: 1.9232
Epoch 393/1000, Train Loss: 0.7057, Validation Loss: 0.9383
Epoch 394/1000, Train Loss: 0.6971, Validation Loss: 2.2472
Epoch 395/1000, Train Loss: 0.7961, Validation Loss: 4.9189
Epoch 396/1000, Train Loss: 1.6128, Validation Loss: 3.1779
Epoch 397/1000, Train Loss: 0.7143, Validation Loss: 0.9610
Epoch 398/1000, Train Loss: 0.7158, Validation Loss: 1.4175
Epoch 399/1000, Train Loss: 0.7711, Validation Loss: 0.8219
Epoch 400/1000, Train Loss: 0.6876, Validation Loss: 1.2244
Epoch 401/1000, Train Loss: 0.7284, Validation Loss: 1.4324
Epoch 402/1000, Train Loss: 0.6939, Validation Loss: 4.7766
Epoch 403/1000, Train Loss: 0.7032, Validation Loss: 3.9686
Epoch 404/1000, Train Loss: 0.6886, Validation Loss: 2.1701
Epoch 405/1000, Train Loss: 0.7423, Validation Loss: 1.5360
Epoch 406/1000, Train Loss: 0.7156, Validation Loss: 1.4914
Epoch 407/1000, Train Loss: 0.7186, Validation Loss: 1.1186
Epoch 408/1000, Train Loss: 0.7020, Validation Loss: 2.4026
Epoch 409/1000, Train Loss: 0.7057, Validation Loss: 2.0046
Epoch 410/1000, Train Loss: 0.6893, Validation Loss: 2.8817
Epoch 411/1000, Train Loss: 1.0947, Validation Loss: 2.3571
Epoch 412/1000, Train Loss: 0.6872, Validation Loss: 1.4655
Epoch 413/1000, Train Loss: 0.7065, Validation Loss: 4.4633
Epoch 414/1000, Train Loss: 0.7518, Validation Loss: 1.1495
Epoch 415/1000, Train Loss: 0.6973, Validation Loss: 2.7587
Epoch 416/1000, Train Loss: 0.7138, Validation Loss: 1.2510
Epoch 417/1000, Train Loss: 0.7070, Validation Loss: 1.6243
Epoch 418/1000, Train Loss: 0.7207, Validation Loss: 4.1221
Epoch 419/1000, Train Loss: 0.7453, Validation Loss: 1.7848
Epoch 420/1000, Train Loss: 0.6987, Validation Loss: 1.2561
Epoch 421/1000, Train Loss: 0.7290, Validation Loss: 0.9364
Epoch 422/1000, Train Loss: 0.6986, Validation Loss: 4.5033
Epoch 423/1000, Train Loss: 0.7639, Validation Loss: 2.5491
Epoch 424/1000, Train Loss: 0.6805, Validation Loss: 2.3181
Epoch 425/1000, Train Loss: 0.6995, Validation Loss: 0.7402
Epoch 426/1000, Train Loss: 0.7002, Validation Loss: 1.1326
Epoch 427/1000, Train Loss: 0.6952, Validation Loss: 3.9923
Epoch 428/1000, Train Loss: 0.7366, Validation Loss: 3.5328
Epoch 429/1000, Train Loss: 0.7083, Validation Loss: 1.3815
Epoch 430/1000, Train Loss: 0.6891, Validation Loss: 1.2042
Epoch 431/1000, Train Loss: 0.7197, Validation Loss: 6.6164
Epoch 432/1000, Train Loss: 0.6850, Validation Loss: 2.3018
Epoch 433/1000, Train Loss: 0.7254, Validation Loss: 4.1776
Epoch 434/1000, Train Loss: 0.7368, Validation Loss: 3.2744
Epoch 435/1000, Train Loss: 0.7597, Validation Loss: 2.5347
Epoch 436/1000, Train Loss: 0.7034, Validation Loss: 1.0712
Epoch 437/1000, Train Loss: 1.6474, Validation Loss: 1.9279
Epoch 438/1000, Train Loss: 0.7126, Validation Loss: 1.6932
Epoch 439/1000, Train Loss: 0.6881, Validation Loss: 1.5036
Epoch 440/1000, Train Loss: 0.7477, Validation Loss: 1.4949
Epoch 441/1000, Train Loss: 0.7143, Validation Loss: 3.1202
Epoch 442/1000, Train Loss: 0.6802, Validation Loss: 5.3315
Epoch 443/1000, Train Loss: 0.7199, Validation Loss: 2.1741
Epoch 444/1000, Train Loss: 3.0811, Validation Loss: 3.1331
Epoch 445/1000, Train Loss: 0.7015, Validation Loss: 2.6154
Epoch 446/1000, Train Loss: 0.7389, Validation Loss: 2.1682
Epoch 447/1000, Train Loss: 0.7399, Validation Loss: 9.0827
Epoch 448/1000, Train Loss: 0.7457, Validation Loss: 1.5136
Epoch 449/1000, Train Loss: 0.6941, Validation Loss: 1.5265
Epoch 450/1000, Train Loss: 2.8086, Validation Loss: 1.7803
Epoch 451/1000, Train Loss: 0.6974, Validation Loss: 1.5232
Epoch 452/1000, Train Loss: 1.1976, Validation Loss: 4.0384
Epoch 453/1000, Train Loss: 0.7099, Validation Loss: 1.3668
Epoch 454/1000, Train Loss: 0.7036, Validation Loss: 2.9408
Epoch 455/1000, Train Loss: 0.7063, Validation Loss: 7.5977
Epoch 456/1000, Train Loss: 1.0445, Validation Loss: 3.0405
Epoch 457/1000, Train Loss: 0.6843, Validation Loss: 3.0500
Epoch 458/1000, Train Loss: 0.7031, Validation Loss: 2.9627
Epoch 459/1000, Train Loss: 0.9685, Validation Loss: 3.8450
Epoch 460/1000, Train Loss: 0.7063, Validation Loss: 2.3925
Epoch 461/1000, Train Loss: 0.7672, Validation Loss: 1.6993
Epoch 462/1000, Train Loss: 0.6818, Validation Loss: 2.0924
Epoch 463/1000, Train Loss: 0.6991, Validation Loss: 2.0308
Epoch 464/1000, Train Loss: 0.7098, Validation Loss: 3.2976
Epoch 465/1000, Train Loss: 0.7100, Validation Loss: 1.1909
Epoch 466/1000, Train Loss: 0.7138, Validation Loss: 1.0460
Epoch 467/1000, Train Loss: 0.7013, Validation Loss: 1.6029
Epoch 468/1000, Train Loss: 0.7332, Validation Loss: 1.2991
Epoch 469/1000, Train Loss: 0.7022, Validation Loss: 2.4628
Epoch 470/1000, Train Loss: 0.7237, Validation Loss: 0.7388
Epoch 471/1000, Train Loss: 0.8592, Validation Loss: 2.4657
Epoch 472/1000, Train Loss: 0.7119, Validation Loss: 4.7421
Epoch 473/1000, Train Loss: 0.6866, Validation Loss: 2.5042
Epoch 474/1000, Train Loss: 0.7093, Validation Loss: 1.0428
Epoch 475/1000, Train Loss: 0.7301, Validation Loss: 6.5157
Epoch 476/1000, Train Loss: 0.6879, Validation Loss: 4.2562
Epoch 477/1000, Train Loss: 0.6994, Validation Loss: 3.7184
Epoch 478/1000, Train Loss: 0.8552, Validation Loss: 3.1064
Epoch 479/1000, Train Loss: 0.6962, Validation Loss: 4.6164
Epoch 480/1000, Train Loss: 0.6953, Validation Loss: 2.1990
Epoch 481/1000, Train Loss: 0.7373, Validation Loss: 1.2477
Epoch 482/1000, Train Loss: 0.7432, Validation Loss: 2.2875
Epoch 483/1000, Train Loss: 0.6765, Validation Loss: 2.0829
Epoch 484/1000, Train Loss: 0.7047, Validation Loss: 2.5660
Epoch 485/1000, Train Loss: 0.7076, Validation Loss: 2.0282
Epoch 486/1000, Train Loss: 0.7046, Validation Loss: 1.7560
Epoch 487/1000, Train Loss: 0.7363, Validation Loss: 3.9303
Epoch 488/1000, Train Loss: 0.6909, Validation Loss: 2.2462
Epoch 489/1000, Train Loss: 0.7318, Validation Loss: 0.7158
Epoch 490/1000, Train Loss: 0.7044, Validation Loss: 1.1365
Epoch 491/1000, Train Loss: 0.6791, Validation Loss: 1.6161
Epoch 492/1000, Train Loss: 0.7567, Validation Loss: 1.2123
Epoch 493/1000, Train Loss: 0.7178, Validation Loss: 2.9720
Epoch 494/1000, Train Loss: 0.7083, Validation Loss: 4.6264
Epoch 495/1000, Train Loss: 0.7053, Validation Loss: 1.2238
Epoch 496/1000, Train Loss: 0.7133, Validation Loss: 3.4136
Epoch 497/1000, Train Loss: 0.7496, Validation Loss: 4.3409
Epoch 498/1000, Train Loss: 0.7169, Validation Loss: 2.4049
Epoch 499/1000, Train Loss: 0.6909, Validation Loss: 3.0002
Epoch 500/1000, Train Loss: 4.5479, Validation Loss: 4.4395
Epoch 501/1000, Train Loss: 0.7208, Validation Loss: 2.0817
Epoch 502/1000, Train Loss: 0.7061, Validation Loss: 1.9653
Epoch 503/1000, Train Loss: 0.7025, Validation Loss: 0.6231
Epoch 504/1000, Train Loss: 0.7791, Validation Loss: 2.9440
Epoch 505/1000, Train Loss: 0.7511, Validation Loss: 1.4225
Epoch 506/1000, Train Loss: 0.6945, Validation Loss: 8.9261
Epoch 507/1000, Train Loss: 0.7127, Validation Loss: 1.3262
Epoch 508/1000, Train Loss: 0.7100, Validation Loss: 3.6325
Epoch 509/1000, Train Loss: 0.6923, Validation Loss: 2.5190
Epoch 510/1000, Train Loss: 0.7076, Validation Loss: 0.8519
Epoch 511/1000, Train Loss: 0.7060, Validation Loss: 0.7945
Epoch 512/1000, Train Loss: 0.6962, Validation Loss: 1.4055
Epoch 513/1000, Train Loss: 0.7071, Validation Loss: 2.6847
Epoch 514/1000, Train Loss: 0.7069, Validation Loss: 5.2343
Epoch 515/1000, Train Loss: 1.0822, Validation Loss: 1329.9943
Epoch 516/1000, Train Loss: 0.7003, Validation Loss: 2.0101
Epoch 517/1000, Train Loss: 0.7210, Validation Loss: 2.2432
Epoch 518/1000, Train Loss: 0.6991, Validation Loss: 3.7958
Epoch 519/1000, Train Loss: 0.7361, Validation Loss: 0.9890
Epoch 520/1000, Train Loss: 0.6976, Validation Loss: 1.7888
Epoch 521/1000, Train Loss: 1.1881, Validation Loss: 1.2884
Epoch 522/1000, Train Loss: 0.6862, Validation Loss: 2.8950
Epoch 523/1000, Train Loss: 0.6956, Validation Loss: 1.4168
Epoch 524/1000, Train Loss: 0.7036, Validation Loss: 3.5411
Epoch 525/1000, Train Loss: 0.7104, Validation Loss: 1.3771
Epoch 526/1000, Train Loss: 0.6938, Validation Loss: 1.6201
Epoch 527/1000, Train Loss: 0.7065, Validation Loss: 7.9103
Epoch 528/1000, Train Loss: 0.6975, Validation Loss: 4.1919
Epoch 529/1000, Train Loss: 0.7940, Validation Loss: 2.0015
Epoch 530/1000, Train Loss: 0.7014, Validation Loss: 2.7850
Epoch 531/1000, Train Loss: 0.7312, Validation Loss: 1.1871
Epoch 532/1000, Train Loss: 0.7014, Validation Loss: 2.5411
Epoch 533/1000, Train Loss: 0.6911, Validation Loss: 2.2613
Epoch 534/1000, Train Loss: 0.6997, Validation Loss: 3.7639
Epoch 535/1000, Train Loss: 0.6704, Validation Loss: 1.8684
Epoch 536/1000, Train Loss: 0.7261, Validation Loss: 1.0258
Epoch 537/1000, Train Loss: 0.6977, Validation Loss: 2.5943
Epoch 538/1000, Train Loss: 0.6941, Validation Loss: 5.4576
Epoch 539/1000, Train Loss: 0.7564, Validation Loss: 3.3321
Epoch 540/1000, Train Loss: 0.7156, Validation Loss: 2.3999
Epoch 541/1000, Train Loss: 0.7501, Validation Loss: 1.1657
Epoch 542/1000, Train Loss: 0.6861, Validation Loss: 2.8572
Epoch 543/1000, Train Loss: 0.7101, Validation Loss: 3.1191
Epoch 544/1000, Train Loss: 0.6901, Validation Loss: 7.2038
Epoch 545/1000, Train Loss: 0.7333, Validation Loss: 2.0167
Epoch 546/1000, Train Loss: 0.7060, Validation Loss: 3.1341
Epoch 547/1000, Train Loss: 0.7056, Validation Loss: 4.4982
Epoch 548/1000, Train Loss: 0.7354, Validation Loss: 1.5133
Epoch 549/1000, Train Loss: 2.7730, Validation Loss: 1.8886
Epoch 550/1000, Train Loss: 0.6934, Validation Loss: 1.8113
Epoch 551/1000, Train Loss: 0.7072, Validation Loss: 3.1361
Epoch 552/1000, Train Loss: 0.6936, Validation Loss: 3.1929
Epoch 553/1000, Train Loss: 0.7084, Validation Loss: 1.7904
Epoch 554/1000, Train Loss: 0.7091, Validation Loss: 1.5184
Epoch 555/1000, Train Loss: 0.7514, Validation Loss: 3.1470
Epoch 556/1000, Train Loss: 0.6933, Validation Loss: 12.9582
Epoch 557/1000, Train Loss: 1.9085, Validation Loss: 1.8065
Epoch 558/1000, Train Loss: 0.6947, Validation Loss: 4.6701
Epoch 559/1000, Train Loss: 0.6872, Validation Loss: 1.4472
Epoch 560/1000, Train Loss: 0.7253, Validation Loss: 3.0839
Epoch 561/1000, Train Loss: 0.6914, Validation Loss: 2.6474
Epoch 562/1000, Train Loss: 0.7509, Validation Loss: 1.0573
Epoch 563/1000, Train Loss: 0.6862, Validation Loss: 1.1144
Epoch 564/1000, Train Loss: 0.6837, Validation Loss: 2.2863
Epoch 565/1000, Train Loss: 0.7258, Validation Loss: 3.2431
Epoch 566/1000, Train Loss: 0.7156, Validation Loss: 1.1562
Epoch 567/1000, Train Loss: 0.6875, Validation Loss: 2.2933
Epoch 568/1000, Train Loss: 0.6984, Validation Loss: 1.3219
Epoch 569/1000, Train Loss: 0.7147, Validation Loss: 1.6903
Epoch 570/1000, Train Loss: 0.7125, Validation Loss: 4.6795
Epoch 571/1000, Train Loss: 0.7028, Validation Loss: 3.1193
Epoch 572/1000, Train Loss: 0.6917, Validation Loss: 1.0346
Epoch 573/1000, Train Loss: 0.7270, Validation Loss: 4.9929
Epoch 574/1000, Train Loss: 0.7039, Validation Loss: 1.3582
Epoch 575/1000, Train Loss: 1.0687, Validation Loss: 2.3503
Epoch 576/1000, Train Loss: 0.6864, Validation Loss: 4.1773
Epoch 577/1000, Train Loss: 0.7229, Validation Loss: 2.7186
Epoch 578/1000, Train Loss: 0.7010, Validation Loss: 11.7084
Epoch 579/1000, Train Loss: 0.7176, Validation Loss: 2.5847
Epoch 580/1000, Train Loss: 0.6935, Validation Loss: 1.0407
Epoch 581/1000, Train Loss: 0.7205, Validation Loss: 2.6645
Epoch 582/1000, Train Loss: 0.7107, Validation Loss: 2.1406
Epoch 583/1000, Train Loss: 0.7124, Validation Loss: 1.7053
Epoch 584/1000, Train Loss: 0.6947, Validation Loss: 3.2193
Epoch 585/1000, Train Loss: 0.6942, Validation Loss: 2.3570
Epoch 586/1000, Train Loss: 0.7122, Validation Loss: 2.1351
Epoch 587/1000, Train Loss: 0.6843, Validation Loss: 2.8735
Epoch 588/1000, Train Loss: 0.8250, Validation Loss: 0.7875
Epoch 589/1000, Train Loss: 0.7134, Validation Loss: 3.8823
Epoch 590/1000, Train Loss: 0.7142, Validation Loss: 5.0042
Epoch 591/1000, Train Loss: 0.7698, Validation Loss: 3.1074
Epoch 592/1000, Train Loss: 0.6962, Validation Loss: 3.2993
Epoch 593/1000, Train Loss: 1.7818, Validation Loss: 3.2350
Epoch 594/1000, Train Loss: 0.6911, Validation Loss: 1.0290
Epoch 595/1000, Train Loss: 0.6981, Validation Loss: 3.0141
Epoch 596/1000, Train Loss: 0.6850, Validation Loss: 2.7576
Epoch 597/1000, Train Loss: 0.7035, Validation Loss: 1.1742
Epoch 598/1000, Train Loss: 0.7179, Validation Loss: 2.3770
Epoch 599/1000, Train Loss: 0.6965, Validation Loss: 6.0479
Epoch 600/1000, Train Loss: 0.6909, Validation Loss: 1.6126
Epoch 601/1000, Train Loss: 0.7060, Validation Loss: 3.1979
Epoch 602/1000, Train Loss: 0.7761, Validation Loss: 3.8504
Epoch 603/1000, Train Loss: 0.6943, Validation Loss: 2.5629
Epoch 604/1000, Train Loss: 0.6811, Validation Loss: 1.6931
Epoch 605/1000, Train Loss: 0.7458, Validation Loss: 5.1868
Epoch 606/1000, Train Loss: 0.7031, Validation Loss: 1.6539
Epoch 607/1000, Train Loss: 0.7192, Validation Loss: 3.1439
Epoch 608/1000, Train Loss: 2.6296, Validation Loss: 1.9433
Epoch 609/1000, Train Loss: 0.6970, Validation Loss: 0.9828
Epoch 610/1000, Train Loss: 0.7403, Validation Loss: 2.2031
Epoch 611/1000, Train Loss: 0.7165, Validation Loss: 2.4389
Epoch 612/1000, Train Loss: 72.8625, Validation Loss: 1.8817
Epoch 613/1000, Train Loss: 0.6873, Validation Loss: 5.7495
Epoch 614/1000, Train Loss: 0.6945, Validation Loss: 3.4746
Epoch 615/1000, Train Loss: 0.7117, Validation Loss: 0.7425
Epoch 616/1000, Train Loss: 0.7595, Validation Loss: 0.7371
Epoch 617/1000, Train Loss: 0.7212, Validation Loss: 3.2275
Epoch 618/1000, Train Loss: 0.6925, Validation Loss: 4.2583
Epoch 619/1000, Train Loss: 0.7023, Validation Loss: 4.7879
Epoch 620/1000, Train Loss: 0.9446, Validation Loss: 5.5532
Epoch 621/1000, Train Loss: 0.7154, Validation Loss: 7.1700
Epoch 622/1000, Train Loss: 0.6984, Validation Loss: 2.9180
Epoch 623/1000, Train Loss: 0.7080, Validation Loss: 2.1441
Epoch 624/1000, Train Loss: 0.7114, Validation Loss: 2.4072
Epoch 625/1000, Train Loss: 0.7044, Validation Loss: 4.0205
Epoch 626/1000, Train Loss: 1.1513, Validation Loss: 2.8105
Epoch 627/1000, Train Loss: 0.7195, Validation Loss: 4.9413
Epoch 628/1000, Train Loss: 0.6856, Validation Loss: 6.5120
Epoch 629/1000, Train Loss: 0.6915, Validation Loss: 5.0525
Epoch 630/1000, Train Loss: 0.6965, Validation Loss: 2.4664
Epoch 631/1000, Train Loss: 0.7655, Validation Loss: 1.6454
Epoch 632/1000, Train Loss: 0.8667, Validation Loss: 0.9199
Epoch 633/1000, Train Loss: 0.6857, Validation Loss: 1.8252
Epoch 634/1000, Train Loss: 0.6857, Validation Loss: 3.5671
Epoch 635/1000, Train Loss: 3.5660, Validation Loss: 3.0992
Epoch 636/1000, Train Loss: 0.6986, Validation Loss: 3.1752
Epoch 637/1000, Train Loss: 0.7559, Validation Loss: 0.6252
Epoch 638/1000, Train Loss: 0.6904, Validation Loss: 2.0318
Epoch 639/1000, Train Loss: 0.7146, Validation Loss: 4.3697
Epoch 640/1000, Train Loss: 0.7295, Validation Loss: 2.9197
Epoch 641/1000, Train Loss: 0.6772, Validation Loss: 1.8987
Epoch 642/1000, Train Loss: 0.7008, Validation Loss: 1.2920
Epoch 643/1000, Train Loss: 0.9671, Validation Loss: 4.1068
Epoch 644/1000, Train Loss: 0.7083, Validation Loss: 2.9023
Epoch 645/1000, Train Loss: 0.6781, Validation Loss: 4.4313
Epoch 646/1000, Train Loss: 0.7644, Validation Loss: 1.8220
Epoch 647/1000, Train Loss: 0.6906, Validation Loss: 1.2814
Epoch 648/1000, Train Loss: 0.7127, Validation Loss: 2.6996
Epoch 649/1000, Train Loss: 0.6837, Validation Loss: 1.0959
Epoch 650/1000, Train Loss: 0.7101, Validation Loss: 9.5037
Epoch 651/1000, Train Loss: 0.6920, Validation Loss: 9.5307
Epoch 652/1000, Train Loss: 0.6843, Validation Loss: 3.4640
Epoch 653/1000, Train Loss: 0.6898, Validation Loss: 1.8817
Epoch 654/1000, Train Loss: 0.7643, Validation Loss: 1.6023
Epoch 655/1000, Train Loss: 0.7122, Validation Loss: 3.0227
Epoch 656/1000, Train Loss: 0.7215, Validation Loss: 4.8888
Epoch 657/1000, Train Loss: 0.7043, Validation Loss: 1.4069
Epoch 658/1000, Train Loss: 0.6993, Validation Loss: 3.4551
Epoch 659/1000, Train Loss: 0.7290, Validation Loss: 1.9020
Epoch 660/1000, Train Loss: 0.6990, Validation Loss: 1.0975
Epoch 661/1000, Train Loss: 0.7074, Validation Loss: 4.1072
Epoch 662/1000, Train Loss: 0.6873, Validation Loss: 4.4215
Epoch 663/1000, Train Loss: 0.7053, Validation Loss: 2.0681
Epoch 664/1000, Train Loss: 0.6821, Validation Loss: 3.3870
Epoch 665/1000, Train Loss: 0.6991, Validation Loss: 3.3387
Epoch 666/1000, Train Loss: 0.7227, Validation Loss: 2255.4980
Epoch 667/1000, Train Loss: 0.7079, Validation Loss: 2.8834
Epoch 668/1000, Train Loss: 0.7067, Validation Loss: 5.3562
Epoch 669/1000, Train Loss: 0.6913, Validation Loss: 1.8736
Epoch 670/1000, Train Loss: 0.6968, Validation Loss: 1.0472
Epoch 671/1000, Train Loss: 0.6830, Validation Loss: 1.5653
Epoch 672/1000, Train Loss: 0.7433, Validation Loss: 8.7747
Epoch 673/1000, Train Loss: 0.6783, Validation Loss: 1.4415
Epoch 674/1000, Train Loss: 0.7051, Validation Loss: 1.3290
Epoch 675/1000, Train Loss: 0.6970, Validation Loss: 1.1420
Epoch 676/1000, Train Loss: 0.6949, Validation Loss: 3.2624
Epoch 677/1000, Train Loss: 0.7159, Validation Loss: 3.0268
Epoch 678/1000, Train Loss: 0.7132, Validation Loss: 2.6794
Epoch 679/1000, Train Loss: 0.7027, Validation Loss: 6.0718
Epoch 680/1000, Train Loss: 0.7381, Validation Loss: 7.5918
Epoch 681/1000, Train Loss: 0.7507, Validation Loss: 1.6884
Epoch 682/1000, Train Loss: 0.8968, Validation Loss: 9.8929
Epoch 683/1000, Train Loss: 0.6877, Validation Loss: 3.5474
Epoch 684/1000, Train Loss: 0.7122, Validation Loss: 2.9506
Epoch 685/1000, Train Loss: 0.6760, Validation Loss: 1.7499
Epoch 686/1000, Train Loss: 0.6855, Validation Loss: 3.0803
Epoch 687/1000, Train Loss: 0.7283, Validation Loss: 1.7891
Epoch 688/1000, Train Loss: 0.7968, Validation Loss: 1.3579
Epoch 689/1000, Train Loss: 0.6760, Validation Loss: 0.7696
Epoch 690/1000, Train Loss: 1.1365, Validation Loss: 12.1137
Epoch 691/1000, Train Loss: 0.6922, Validation Loss: 9.4110
Epoch 692/1000, Train Loss: 0.7155, Validation Loss: 1.6178
Epoch 693/1000, Train Loss: 0.6780, Validation Loss: 2.4640
Epoch 694/1000, Train Loss: 0.8358, Validation Loss: 2.9425
Epoch 695/1000, Train Loss: 0.6942, Validation Loss: 13.9518
Epoch 696/1000, Train Loss: 0.7091, Validation Loss: 1.2914
Epoch 697/1000, Train Loss: 0.7013, Validation Loss: 1.7386
Epoch 698/1000, Train Loss: 0.8135, Validation Loss: 0.8429
Epoch 699/1000, Train Loss: 0.6893, Validation Loss: 5.3818
Epoch 700/1000, Train Loss: 0.6835, Validation Loss: 2.1821
Epoch 701/1000, Train Loss: 0.9283, Validation Loss: 0.8069
Epoch 702/1000, Train Loss: 0.6912, Validation Loss: 1.5945
Epoch 703/1000, Train Loss: 0.7391, Validation Loss: 1.7225
Epoch 704/1000, Train Loss: 0.6846, Validation Loss: 1.1863
Epoch 705/1000, Train Loss: 0.6845, Validation Loss: 2.0209
Epoch 706/1000, Train Loss: 2.7282, Validation Loss: 1.1196
Epoch 707/1000, Train Loss: 0.6969, Validation Loss: 2.6323
Epoch 708/1000, Train Loss: 0.7070, Validation Loss: 2.0173
Epoch 709/1000, Train Loss: 0.6842, Validation Loss: 1.3327
Epoch 710/1000, Train Loss: 0.6909, Validation Loss: 1.5201
Epoch 711/1000, Train Loss: 0.7181, Validation Loss: 3.7487
Epoch 712/1000, Train Loss: 0.6650, Validation Loss: 2.7031
Epoch 713/1000, Train Loss: 0.7541, Validation Loss: 2.2001
Epoch 714/1000, Train Loss: 0.6932, Validation Loss: 1.1315
Epoch 715/1000, Train Loss: 0.7246, Validation Loss: 3.2775
Epoch 716/1000, Train Loss: 0.6804, Validation Loss: 5.3521
Epoch 717/1000, Train Loss: 2.9804, Validation Loss: 4.9022
Epoch 718/1000, Train Loss: 0.6788, Validation Loss: 2.6538
Epoch 719/1000, Train Loss: 1.0989, Validation Loss: 1.3457
Epoch 720/1000, Train Loss: 0.7086, Validation Loss: 4.0255
Epoch 721/1000, Train Loss: 0.6946, Validation Loss: 1.0221
Epoch 722/1000, Train Loss: 0.6975, Validation Loss: 2.7009
Epoch 723/1000, Train Loss: 0.6732, Validation Loss: 1.8774
Epoch 724/1000, Train Loss: 0.7981, Validation Loss: 0.9109
Epoch 725/1000, Train Loss: 0.6957, Validation Loss: 1.9128
Epoch 726/1000, Train Loss: 0.7054, Validation Loss: 1.0658
Epoch 727/1000, Train Loss: 0.6914, Validation Loss: 1.0219
Epoch 728/1000, Train Loss: 0.6868, Validation Loss: 2.1969
Epoch 729/1000, Train Loss: 0.6989, Validation Loss: 0.7771
Epoch 730/1000, Train Loss: 0.6989, Validation Loss: 6.7486
Epoch 731/1000, Train Loss: 0.7330, Validation Loss: 1.5747
Epoch 732/1000, Train Loss: 0.6859, Validation Loss: 2.2815
Epoch 733/1000, Train Loss: 0.7251, Validation Loss: 2.8498
Epoch 734/1000, Train Loss: 0.6840, Validation Loss: 0.8122
Epoch 735/1000, Train Loss: 0.6984, Validation Loss: 5.1312
Epoch 736/1000, Train Loss: 0.9028, Validation Loss: 3.8316
Epoch 737/1000, Train Loss: 0.6933, Validation Loss: 4.3243
Epoch 738/1000, Train Loss: 0.6781, Validation Loss: 2.9230
Epoch 739/1000, Train Loss: 0.8399, Validation Loss: 2.4204
Epoch 740/1000, Train Loss: 0.6845, Validation Loss: 2.3260
Epoch 741/1000, Train Loss: 0.6939, Validation Loss: 4.5337
Epoch 742/1000, Train Loss: 0.7177, Validation Loss: 1.8353
Epoch 743/1000, Train Loss: 0.6926, Validation Loss: 5.2538
Epoch 744/1000, Train Loss: 0.7102, Validation Loss: 22.7237
Epoch 745/1000, Train Loss: 0.6968, Validation Loss: 1.6933
Epoch 746/1000, Train Loss: 0.6905, Validation Loss: 1.9391
Epoch 747/1000, Train Loss: 0.6882, Validation Loss: 3.4969
Epoch 748/1000, Train Loss: 0.7202, Validation Loss: 2.6811
Epoch 749/1000, Train Loss: 0.6947, Validation Loss: 1.8062
Epoch 750/1000, Train Loss: 0.7293, Validation Loss: 1.5408
Epoch 751/1000, Train Loss: 0.6976, Validation Loss: 2.2602
Epoch 752/1000, Train Loss: 0.6893, Validation Loss: 3.8121
Epoch 753/1000, Train Loss: 0.7513, Validation Loss: 2.6721
Epoch 754/1000, Train Loss: 0.6958, Validation Loss: 2.9784
Epoch 755/1000, Train Loss: 0.7259, Validation Loss: 0.7966
Epoch 756/1000, Train Loss: 0.6775, Validation Loss: 3.3850
Epoch 757/1000, Train Loss: 1.2476, Validation Loss: 0.9126
Epoch 758/1000, Train Loss: 0.6764, Validation Loss: 2.9131
Epoch 759/1000, Train Loss: 0.6919, Validation Loss: 1.9842
Epoch 760/1000, Train Loss: 0.7997, Validation Loss: 1.2497
Epoch 761/1000, Train Loss: 0.7477, Validation Loss: 2.3105
Epoch 762/1000, Train Loss: 0.6914, Validation Loss: 0.8794
Epoch 763/1000, Train Loss: 0.6940, Validation Loss: 1.4094
Epoch 764/1000, Train Loss: 0.7031, Validation Loss: 2.2523
Epoch 765/1000, Train Loss: 0.6818, Validation Loss: 3.4730
Epoch 766/1000, Train Loss: 1.9635, Validation Loss: 5.1775
Epoch 767/1000, Train Loss: 0.6917, Validation Loss: 3.1207
Epoch 768/1000, Train Loss: 0.7185, Validation Loss: 16.4203
Epoch 769/1000, Train Loss: 0.6988, Validation Loss: 3.5730
Epoch 770/1000, Train Loss: 29.1263, Validation Loss: 6.4845
Epoch 771/1000, Train Loss: 0.6952, Validation Loss: 2.9018
Epoch 772/1000, Train Loss: 0.6787, Validation Loss: 2.9499
Epoch 773/1000, Train Loss: 0.6724, Validation Loss: 1.7036
Epoch 774/1000, Train Loss: 0.6876, Validation Loss: 1.9854
Epoch 775/1000, Train Loss: 0.7388, Validation Loss: 1.8118
Epoch 776/1000, Train Loss: 0.6862, Validation Loss: 1.1763
Epoch 777/1000, Train Loss: 0.7267, Validation Loss: 3.5730
Epoch 778/1000, Train Loss: 0.6855, Validation Loss: 1.0221
Epoch 779/1000, Train Loss: 0.6971, Validation Loss: 2.1968
Epoch 780/1000, Train Loss: 0.6951, Validation Loss: 1.3080
Epoch 781/1000, Train Loss: 0.7252, Validation Loss: 1.7362
Epoch 782/1000, Train Loss: 0.7217, Validation Loss: 16.9965
Epoch 783/1000, Train Loss: 0.6944, Validation Loss: 1.3335
Epoch 784/1000, Train Loss: 0.7429, Validation Loss: 0.9862
Epoch 785/1000, Train Loss: 0.7354, Validation Loss: 2.2857
Epoch 786/1000, Train Loss: 1616.1138, Validation Loss: 1.6817
Epoch 787/1000, Train Loss: 0.6973, Validation Loss: 2.4817
Epoch 788/1000, Train Loss: 0.7438, Validation Loss: 6.1231
Epoch 789/1000, Train Loss: 0.6838, Validation Loss: 3.1075
Epoch 790/1000, Train Loss: 0.8341, Validation Loss: 2.7420
Epoch 791/1000, Train Loss: 0.6942, Validation Loss: 4.7525
Epoch 792/1000, Train Loss: 0.6959, Validation Loss: 9.8549
Epoch 793/1000, Train Loss: 0.6994, Validation Loss: 2.3337
Epoch 794/1000, Train Loss: 0.6862, Validation Loss: 5.8336
Epoch 795/1000, Train Loss: 0.6936, Validation Loss: 2.1091
Epoch 796/1000, Train Loss: 0.7012, Validation Loss: 5.1737
Epoch 797/1000, Train Loss: 0.7171, Validation Loss: 0.8629
Epoch 798/1000, Train Loss: 0.8182, Validation Loss: 2.0883
Epoch 799/1000, Train Loss: 0.7016, Validation Loss: 2.9748
Epoch 800/1000, Train Loss: 0.6890, Validation Loss: 5.7203
Epoch 801/1000, Train Loss: 10.4536, Validation Loss: 2.2901
Epoch 802/1000, Train Loss: 0.6768, Validation Loss: 5.2188
Epoch 803/1000, Train Loss: 0.6989, Validation Loss: 3.4092
Epoch 804/1000, Train Loss: 0.6808, Validation Loss: 3.9017
Epoch 805/1000, Train Loss: 0.7199, Validation Loss: 8.3876
Epoch 806/1000, Train Loss: 0.6807, Validation Loss: 2.2789
Epoch 807/1000, Train Loss: 0.6682, Validation Loss: 5.0191
Epoch 808/1000, Train Loss: 199.1259, Validation Loss: 2.3091
Epoch 809/1000, Train Loss: 0.7181, Validation Loss: 1.1235
Epoch 810/1000, Train Loss: 0.7166, Validation Loss: 5.5373
Epoch 811/1000, Train Loss: 0.6875, Validation Loss: 1.7205
Epoch 812/1000, Train Loss: 0.6998, Validation Loss: 1.4297
Epoch 813/1000, Train Loss: 0.7332, Validation Loss: 2.3255
Epoch 814/1000, Train Loss: 0.7112, Validation Loss: 1.9723
Epoch 815/1000, Train Loss: 0.7093, Validation Loss: 1.6557
Epoch 816/1000, Train Loss: 0.6980, Validation Loss: 7.0455
Epoch 817/1000, Train Loss: 0.6942, Validation Loss: 3.3430
Epoch 818/1000, Train Loss: 0.6727, Validation Loss: 6.3865
Epoch 819/1000, Train Loss: 0.7084, Validation Loss: 2.8377
Epoch 820/1000, Train Loss: 0.7432, Validation Loss: 1.5049
Epoch 821/1000, Train Loss: 0.6793, Validation Loss: 1.2528
Epoch 822/1000, Train Loss: 0.7093, Validation Loss: 4.4240
Epoch 823/1000, Train Loss: 0.6780, Validation Loss: 1.7910
Epoch 824/1000, Train Loss: 0.8983, Validation Loss: 2.6479
Epoch 825/1000, Train Loss: 0.8326, Validation Loss: 1.9658
Epoch 826/1000, Train Loss: 0.7336, Validation Loss: 3.6236
Epoch 827/1000, Train Loss: 0.7003, Validation Loss: 1.3830
Epoch 828/1000, Train Loss: 0.6832, Validation Loss: 3.7891
Epoch 829/1000, Train Loss: 0.7477, Validation Loss: 4.4388
Epoch 830/1000, Train Loss: 1.2454, Validation Loss: 1.9755
Epoch 831/1000, Train Loss: 0.6895, Validation Loss: 1.3097
Epoch 832/1000, Train Loss: 0.6824, Validation Loss: 1.3616
Epoch 833/1000, Train Loss: 0.6864, Validation Loss: 1.8462
Epoch 834/1000, Train Loss: 1.2272, Validation Loss: 2.8675
Epoch 835/1000, Train Loss: 12.7521, Validation Loss: 1.3412
Epoch 836/1000, Train Loss: 0.6961, Validation Loss: 3.3796
Epoch 837/1000, Train Loss: 0.7175, Validation Loss: 2.2571
Epoch 838/1000, Train Loss: 0.6836, Validation Loss: 4.2173
Epoch 839/1000, Train Loss: 0.6880, Validation Loss: 1.7812
Epoch 840/1000, Train Loss: 0.6881, Validation Loss: 1.6953
Epoch 841/1000, Train Loss: 1.0278, Validation Loss: 2.7368
Epoch 842/1000, Train Loss: 0.6811, Validation Loss: 1.1368
Epoch 843/1000, Train Loss: 0.6907, Validation Loss: 5.1244
Epoch 844/1000, Train Loss: 0.8385, Validation Loss: 4.3192
Epoch 845/1000, Train Loss: 0.8685, Validation Loss: 5.8993
Epoch 846/1000, Train Loss: 0.6918, Validation Loss: 2.2730
Epoch 847/1000, Train Loss: 0.7259, Validation Loss: 1.1650
Epoch 848/1000, Train Loss: 0.6959, Validation Loss: 2.5705
Epoch 849/1000, Train Loss: 0.6975, Validation Loss: 4.5622
Epoch 850/1000, Train Loss: 0.7194, Validation Loss: 2.8528
Epoch 851/1000, Train Loss: 0.7079, Validation Loss: 2.5804
Epoch 852/1000, Train Loss: 0.8742, Validation Loss: 1.6675
Epoch 853/1000, Train Loss: 3.2352, Validation Loss: 2.7057
Epoch 854/1000, Train Loss: 0.7375, Validation Loss: 6.5098
Epoch 855/1000, Train Loss: 1.4527, Validation Loss: 2.3602
Epoch 856/1000, Train Loss: 0.6922, Validation Loss: 2.3755
Epoch 857/1000, Train Loss: 0.7151, Validation Loss: 1.8889
Epoch 858/1000, Train Loss: 0.7466, Validation Loss: 5.1971
Epoch 859/1000, Train Loss: 1.1133, Validation Loss: 1.0997
Epoch 860/1000, Train Loss: 0.6945, Validation Loss: 1.2656
Epoch 861/1000, Train Loss: 0.6953, Validation Loss: 2.9972
Epoch 862/1000, Train Loss: 0.8097, Validation Loss: 4.4490
Epoch 863/1000, Train Loss: 0.6962, Validation Loss: 2.3764
Epoch 864/1000, Train Loss: 0.7078, Validation Loss: 1.5930
Epoch 865/1000, Train Loss: 1.2478, Validation Loss: 2.4233
Epoch 866/1000, Train Loss: 0.7066, Validation Loss: 1.9384
Epoch 867/1000, Train Loss: 0.7331, Validation Loss: 1.5525
Epoch 868/1000, Train Loss: 0.6796, Validation Loss: 3.1695
Epoch 869/1000, Train Loss: 0.7075, Validation Loss: 1.2809
Epoch 870/1000, Train Loss: 0.7064, Validation Loss: 76.0293
Epoch 871/1000, Train Loss: 0.6896, Validation Loss: 3.4668
Epoch 872/1000, Train Loss: 0.7132, Validation Loss: 16.1186
Epoch 873/1000, Train Loss: 0.7415, Validation Loss: 4.4380
Epoch 874/1000, Train Loss: 0.6829, Validation Loss: 6.3362
Epoch 875/1000, Train Loss: 1.1864, Validation Loss: 3.6049
Epoch 876/1000, Train Loss: 0.6716, Validation Loss: 1.9356
Epoch 877/1000, Train Loss: 0.6994, Validation Loss: 5.8996
Epoch 878/1000, Train Loss: 0.7280, Validation Loss: 1.5186
Epoch 879/1000, Train Loss: 0.6847, Validation Loss: 2.0824
Epoch 880/1000, Train Loss: 0.6892, Validation Loss: 10.4904
Epoch 881/1000, Train Loss: 0.7707, Validation Loss: 1.4566
Epoch 882/1000, Train Loss: 0.6847, Validation Loss: 3.7324
Epoch 883/1000, Train Loss: 0.6822, Validation Loss: 4.3685
Epoch 884/1000, Train Loss: 0.6965, Validation Loss: 4.1268
Epoch 885/1000, Train Loss: 0.7074, Validation Loss: 2.4708
Epoch 886/1000, Train Loss: 0.7706, Validation Loss: 8.1774
Epoch 887/1000, Train Loss: 0.6837, Validation Loss: 1.5861
Epoch 888/1000, Train Loss: 0.6791, Validation Loss: 1.9590
Epoch 889/1000, Train Loss: 0.6970, Validation Loss: 3.5779
Epoch 890/1000, Train Loss: 0.6989, Validation Loss: 3.4489
Epoch 891/1000, Train Loss: 0.6912, Validation Loss: 1.2690
Epoch 892/1000, Train Loss: 0.7063, Validation Loss: 3.1065
Epoch 893/1000, Train Loss: 0.6852, Validation Loss: 2.5105
Epoch 894/1000, Train Loss: 0.6768, Validation Loss: 1.2000
Epoch 895/1000, Train Loss: 0.6941, Validation Loss: 2.0619
Epoch 896/1000, Train Loss: 0.6833, Validation Loss: 2.9986
Epoch 897/1000, Train Loss: 0.7228, Validation Loss: 1.7318
Epoch 898/1000, Train Loss: 0.7941, Validation Loss: 2.2567
Epoch 899/1000, Train Loss: 0.6830, Validation Loss: 5.9346
Epoch 900/1000, Train Loss: 0.7219, Validation Loss: 5.9175
Epoch 901/1000, Train Loss: 0.8144, Validation Loss: 3.4379
Epoch 902/1000, Train Loss: 0.7905, Validation Loss: 5.8624
Epoch 903/1000, Train Loss: 0.6990, Validation Loss: 1.0335
Epoch 904/1000, Train Loss: 0.6905, Validation Loss: 2.3712
Epoch 905/1000, Train Loss: 0.7044, Validation Loss: 3.7019
Epoch 906/1000, Train Loss: 0.6880, Validation Loss: 3.1667
Epoch 907/1000, Train Loss: 0.7191, Validation Loss: 2.0647
Epoch 908/1000, Train Loss: 0.6982, Validation Loss: 3.8571
Epoch 909/1000, Train Loss: 0.7012, Validation Loss: 1.8425
Epoch 910/1000, Train Loss: 0.7902, Validation Loss: 5.0253
Epoch 911/1000, Train Loss: 0.6911, Validation Loss: 3.4883
Epoch 912/1000, Train Loss: 0.7936, Validation Loss: 2.0348
Epoch 913/1000, Train Loss: 0.6989, Validation Loss: 1.5743
Epoch 914/1000, Train Loss: 0.7069, Validation Loss: 1.1812
Epoch 915/1000, Train Loss: 0.6861, Validation Loss: 2.5567
Epoch 916/1000, Train Loss: 0.6994, Validation Loss: 2.1296
Epoch 917/1000, Train Loss: 0.7073, Validation Loss: 5.1589
Epoch 918/1000, Train Loss: 0.7005, Validation Loss: 1.7918
Epoch 919/1000, Train Loss: 0.6966, Validation Loss: 2.2931
Epoch 920/1000, Train Loss: 0.7151, Validation Loss: 1.0810
Epoch 921/1000, Train Loss: 0.6876, Validation Loss: 3.8008
Epoch 922/1000, Train Loss: 0.7090, Validation Loss: 1.1950
Epoch 923/1000, Train Loss: 0.6783, Validation Loss: 2.7080
Epoch 924/1000, Train Loss: 0.6861, Validation Loss: 1.2711
Epoch 925/1000, Train Loss: 0.6735, Validation Loss: 1.0530
Epoch 926/1000, Train Loss: 0.7256, Validation Loss: 1.1014
Epoch 927/1000, Train Loss: 0.7009, Validation Loss: 2.0517
Epoch 928/1000, Train Loss: 0.6937, Validation Loss: 1.8284
Epoch 929/1000, Train Loss: 0.7518, Validation Loss: 2.4207
Epoch 930/1000, Train Loss: 0.7007, Validation Loss: 1.7007
Epoch 931/1000, Train Loss: 0.7490, Validation Loss: 6.4615
Epoch 932/1000, Train Loss: 0.6835, Validation Loss: 1.5506
Epoch 933/1000, Train Loss: 0.6752, Validation Loss: 2.1040
Epoch 934/1000, Train Loss: 0.7111, Validation Loss: 2.3732
Epoch 935/1000, Train Loss: 0.6931, Validation Loss: 2.1590
Epoch 936/1000, Train Loss: 0.6869, Validation Loss: 4.6646
Epoch 937/1000, Train Loss: 0.6822, Validation Loss: 3.9733
Epoch 938/1000, Train Loss: 1.0147, Validation Loss: 1.7589
Epoch 939/1000, Train Loss: 0.6828, Validation Loss: 1.1617
Epoch 940/1000, Train Loss: 0.7258, Validation Loss: 2.7014
Epoch 941/1000, Train Loss: 0.7106, Validation Loss: 5.4170
Epoch 942/1000, Train Loss: 0.7591, Validation Loss: 3.9100
Epoch 943/1000, Train Loss: 0.6674, Validation Loss: 4.9590
Epoch 944/1000, Train Loss: 6.2249, Validation Loss: 0.7227
Epoch 945/1000, Train Loss: 0.6959, Validation Loss: 3.1960
Epoch 946/1000, Train Loss: 0.7287, Validation Loss: 4.5252
Epoch 947/1000, Train Loss: 0.6730, Validation Loss: 1.2770
Epoch 948/1000, Train Loss: 49.6594, Validation Loss: 2.6566
Epoch 949/1000, Train Loss: 0.6959, Validation Loss: 1.7221
Epoch 950/1000, Train Loss: 0.6932, Validation Loss: 1.3926
Epoch 951/1000, Train Loss: 0.6909, Validation Loss: 2.1533
Epoch 952/1000, Train Loss: 0.6939, Validation Loss: 1.1072
Epoch 953/1000, Train Loss: 0.6760, Validation Loss: 3.3855
Epoch 954/1000, Train Loss: 0.7129, Validation Loss: 3.3950
Epoch 955/1000, Train Loss: 0.7174, Validation Loss: 2.7125
Epoch 956/1000, Train Loss: 0.6867, Validation Loss: 0.7551
Epoch 957/1000, Train Loss: 0.7143, Validation Loss: 1.5109
Epoch 958/1000, Train Loss: 0.7001, Validation Loss: 1.5512
Epoch 959/1000, Train Loss: 0.7130, Validation Loss: 1.7282
Epoch 960/1000, Train Loss: 0.6717, Validation Loss: 14.6604
Epoch 961/1000, Train Loss: 0.6953, Validation Loss: 1.9157
Epoch 962/1000, Train Loss: 0.6847, Validation Loss: 2.1162
Epoch 963/1000, Train Loss: 0.6771, Validation Loss: 1.7709
Epoch 964/1000, Train Loss: 0.8659, Validation Loss: 31.3759
Epoch 965/1000, Train Loss: 0.6849, Validation Loss: 1.8111
Epoch 966/1000, Train Loss: 0.6801, Validation Loss: 1.3444
Epoch 967/1000, Train Loss: 0.7053, Validation Loss: 1.1109
Epoch 968/1000, Train Loss: 0.6780, Validation Loss: 2.9530
Epoch 969/1000, Train Loss: 0.7576, Validation Loss: 2.0388
Epoch 970/1000, Train Loss: 0.6962, Validation Loss: 3.0367
Epoch 971/1000, Train Loss: 0.6894, Validation Loss: 8.1146
Epoch 972/1000, Train Loss: 0.6969, Validation Loss: 1.6404
Epoch 973/1000, Train Loss: 0.8451, Validation Loss: 2.8356
Epoch 974/1000, Train Loss: 0.6897, Validation Loss: 0.7066
Epoch 975/1000, Train Loss: 0.8889, Validation Loss: 1.0140
Epoch 976/1000, Train Loss: 0.7044, Validation Loss: 6.0725
Epoch 977/1000, Train Loss: 0.7084, Validation Loss: 2.4318
Epoch 978/1000, Train Loss: 0.7968, Validation Loss: 2.0514
Epoch 979/1000, Train Loss: 0.6752, Validation Loss: 5.7730
Epoch 980/1000, Train Loss: 0.6881, Validation Loss: 80.1167
Epoch 981/1000, Train Loss: 7.2431, Validation Loss: 0.7540
Epoch 982/1000, Train Loss: 0.6690, Validation Loss: 1.3664
Epoch 983/1000, Train Loss: 0.7147, Validation Loss: 5.4757
Epoch 984/1000, Train Loss: 0.6858, Validation Loss: 2.0057
Epoch 985/1000, Train Loss: 0.6845, Validation Loss: 3.2028
Epoch 986/1000, Train Loss: 0.6920, Validation Loss: 1.6032
Epoch 987/1000, Train Loss: 0.6670, Validation Loss: 1.0634
Epoch 988/1000, Train Loss: 0.6823, Validation Loss: 1.7620
Epoch 989/1000, Train Loss: 0.7208, Validation Loss: 3.4774
Epoch 990/1000, Train Loss: 0.6784, Validation Loss: 6.0106
Epoch 991/1000, Train Loss: 0.7723, Validation Loss: 2.7077
Epoch 992/1000, Train Loss: 0.7078, Validation Loss: 2.0976
Epoch 993/1000, Train Loss: 0.6987, Validation Loss: 6.1952
Epoch 994/1000, Train Loss: 0.6849, Validation Loss: 2.9321
Epoch 995/1000, Train Loss: 0.6936, Validation Loss: 3.4830
Epoch 996/1000, Train Loss: 0.6976, Validation Loss: 1.4763
Epoch 997/1000, Train Loss: 0.7697, Validation Loss: 1.1419
Epoch 998/1000, Train Loss: 0.6922, Validation Loss: 2.4231
Epoch 999/1000, Train Loss: 0.6878, Validation Loss: 1.9224
Epoch 1000/1000, Train Loss: 0.7026, Validation Loss: 1.0354
Best Training Loss: 0.6650
Best Training Loss Epoch: 712
Best Validation Loss: 0.6231
Best Validation Loss Epoch: 503
Time taken for training: 0-19:30:24
Test Loss: 0.6392
Test MAPE: 178607.7188%
Error Statistics:
count     41272.000000
mean        486.226898
std        7393.444824
min           0.000002
25%           0.171441
50%           2.011091
75%          31.321247
max      923990.125000
Name: Absolute Error, dtype: float64
Training complete. Final model saved.
Saving model as a wandb Artifact...
Model artifact logged successfully.
[1;34mwandb[0m: 
[1;34mwandb[0m: 🚀 View run [33mdandy-sweep-174[0m at: [34mhttps://wandb.ai/mk8737-new-york-university/rl_pretrain_hp_sweeps/runs/di7rg0kc[0m
[1;34mwandb[0m: Find logs at: [1;35mwandb/run-20251006_144219-di7rg0kc/logs[0m
Agent finished.
