Waiting for sweep ID...
Found Sweep ID: be12np04
Starting wandb agent for sweep be12np04...
TRAINING DEVICE: cpu
Run Name: GCN_global_hp_sweep_be12np04-jerzjhv6
finidhed preparing data
Loading dataset from pretrain_dataset_12.5k_fixed_duplicates.pkl
Loaded 412712 data objects.
finished preparing data
Epoch 1/1000, Train Loss: 3.5191, Validation Loss: 2.3573
Epoch 2/1000, Train Loss: 1.4158, Validation Loss: 1.3848
Epoch 3/1000, Train Loss: 1.3096, Validation Loss: 4.0912
Epoch 4/1000, Train Loss: 1.2349, Validation Loss: 1.1918
Epoch 5/1000, Train Loss: 1.2438, Validation Loss: 1.9272
Epoch 6/1000, Train Loss: 1.1871, Validation Loss: 2.2449
Epoch 7/1000, Train Loss: 1.1466, Validation Loss: 2.3236
Epoch 8/1000, Train Loss: 1.1399, Validation Loss: 1.5686
Epoch 9/1000, Train Loss: 1.1945, Validation Loss: 1.6891
Epoch 10/1000, Train Loss: 1.2197, Validation Loss: 2.0234
Epoch 11/1000, Train Loss: 1.0820, Validation Loss: 1.2228
Epoch 12/1000, Train Loss: 1.2587, Validation Loss: 1.0422
Epoch 13/1000, Train Loss: 1.0488, Validation Loss: 5.7553
Epoch 14/1000, Train Loss: 1.0961, Validation Loss: 0.8915
Epoch 15/1000, Train Loss: 1.0567, Validation Loss: 1.1015
Epoch 16/1000, Train Loss: 1.0477, Validation Loss: 2.6880
Epoch 17/1000, Train Loss: 1.5320, Validation Loss: 4.9643
Epoch 18/1000, Train Loss: 1.0523, Validation Loss: 2.5002
Epoch 19/1000, Train Loss: 1.0340, Validation Loss: 1.8893
Epoch 20/1000, Train Loss: 1.0224, Validation Loss: 1.0458
Epoch 21/1000, Train Loss: 1.0099, Validation Loss: 1.2398
Epoch 22/1000, Train Loss: 1.0187, Validation Loss: 1.3234
Epoch 23/1000, Train Loss: 1.0657, Validation Loss: 1.1051
Epoch 24/1000, Train Loss: 2.1379, Validation Loss: 1.1368
Epoch 25/1000, Train Loss: 0.9737, Validation Loss: 3.2275
Epoch 26/1000, Train Loss: 1.0170, Validation Loss: 1.0270
Epoch 27/1000, Train Loss: 0.9998, Validation Loss: 1.3856
Epoch 28/1000, Train Loss: 1.4789, Validation Loss: 1.2431
Epoch 29/1000, Train Loss: 1.0846, Validation Loss: 1.5903
Epoch 30/1000, Train Loss: 1.0100, Validation Loss: 8.6326
Epoch 31/1000, Train Loss: 1.0766, Validation Loss: 2.4443
Epoch 32/1000, Train Loss: 1.1990, Validation Loss: 3.4359
Epoch 33/1000, Train Loss: 0.9712, Validation Loss: 1.5963
Epoch 34/1000, Train Loss: 0.9988, Validation Loss: 2.4496
Epoch 35/1000, Train Loss: 0.9944, Validation Loss: 0.8553
Epoch 36/1000, Train Loss: 0.9394, Validation Loss: 0.8796
Epoch 37/1000, Train Loss: 0.9602, Validation Loss: 1.4585
Epoch 38/1000, Train Loss: 1.5823, Validation Loss: 1.1779
Epoch 39/1000, Train Loss: 1.0512, Validation Loss: 2.5719
Epoch 40/1000, Train Loss: 0.9892, Validation Loss: 1.0717
Epoch 41/1000, Train Loss: 18.7649, Validation Loss: 1.1575
Epoch 42/1000, Train Loss: 0.9609, Validation Loss: 1.8943
Epoch 43/1000, Train Loss: 0.9603, Validation Loss: 2.9853
Epoch 44/1000, Train Loss: 1.0040, Validation Loss: 1.0607
Epoch 45/1000, Train Loss: 1.0612, Validation Loss: 1.9461
Epoch 46/1000, Train Loss: 0.9478, Validation Loss: 2.7479
Epoch 47/1000, Train Loss: 5.0490, Validation Loss: 1.6232
Epoch 48/1000, Train Loss: 0.9670, Validation Loss: 0.8448
Epoch 49/1000, Train Loss: 0.9720, Validation Loss: 1.6123
Epoch 50/1000, Train Loss: 0.9731, Validation Loss: 3.1806
Epoch 51/1000, Train Loss: 0.9215, Validation Loss: 2.9462
Epoch 52/1000, Train Loss: 0.9666, Validation Loss: 2.4464
Epoch 53/1000, Train Loss: 0.9381, Validation Loss: 1.3368
Epoch 54/1000, Train Loss: 1.2771, Validation Loss: 2.0446
Epoch 55/1000, Train Loss: 2.4306, Validation Loss: 0.9846
Epoch 56/1000, Train Loss: 0.8986, Validation Loss: 2.7414
Epoch 57/1000, Train Loss: 1.2656, Validation Loss: 3.7517
Epoch 58/1000, Train Loss: 0.8924, Validation Loss: 5.0459
Epoch 59/1000, Train Loss: 0.9508, Validation Loss: 2.3861
Epoch 60/1000, Train Loss: 0.8643, Validation Loss: 2.3302
Epoch 61/1000, Train Loss: 0.8588, Validation Loss: 6.3296
Epoch 62/1000, Train Loss: 48.1937, Validation Loss: 2.3644
Epoch 63/1000, Train Loss: 0.8739, Validation Loss: 4.2084
Epoch 64/1000, Train Loss: 0.9082, Validation Loss: 0.9627
Epoch 65/1000, Train Loss: 0.8699, Validation Loss: 4.3374
Epoch 66/1000, Train Loss: 0.8649, Validation Loss: 1.3448
Epoch 67/1000, Train Loss: 1.0667, Validation Loss: 1.7376
Epoch 68/1000, Train Loss: 0.8534, Validation Loss: 1.6410
Epoch 69/1000, Train Loss: 0.9585, Validation Loss: 1.0646
Epoch 70/1000, Train Loss: 0.9260, Validation Loss: 1.4065
Epoch 71/1000, Train Loss: 0.8666, Validation Loss: 1.1324
Epoch 72/1000, Train Loss: 0.8550, Validation Loss: 1.0670
Epoch 73/1000, Train Loss: 0.8697, Validation Loss: 5.2556
Epoch 74/1000, Train Loss: 0.9227, Validation Loss: 2.6118
Epoch 75/1000, Train Loss: 0.8931, Validation Loss: 3.2530
Epoch 76/1000, Train Loss: 0.8506, Validation Loss: 1.0603
Epoch 77/1000, Train Loss: 0.8541, Validation Loss: 1.0764
Epoch 78/1000, Train Loss: 0.8811, Validation Loss: 1.3307
Epoch 79/1000, Train Loss: 0.8482, Validation Loss: 1.6890
Epoch 80/1000, Train Loss: 0.8658, Validation Loss: 0.8940
Epoch 81/1000, Train Loss: 0.8815, Validation Loss: 2.9212
Epoch 82/1000, Train Loss: 0.8666, Validation Loss: 2.7777
Epoch 83/1000, Train Loss: 0.8838, Validation Loss: 2.9441
Epoch 84/1000, Train Loss: 0.8591, Validation Loss: 2.0748
Epoch 85/1000, Train Loss: 0.8451, Validation Loss: 0.8695
Epoch 86/1000, Train Loss: 4.4215, Validation Loss: 1.0487
Epoch 87/1000, Train Loss: 0.8543, Validation Loss: 3.5280
Epoch 88/1000, Train Loss: 0.8732, Validation Loss: 1.8315
Epoch 89/1000, Train Loss: 0.8679, Validation Loss: 1.1565
Epoch 90/1000, Train Loss: 0.8514, Validation Loss: 2.0874
Epoch 91/1000, Train Loss: 0.8681, Validation Loss: 4.8011
Epoch 92/1000, Train Loss: 0.8577, Validation Loss: 1.1386
Epoch 93/1000, Train Loss: 0.8424, Validation Loss: 1.8527
Epoch 94/1000, Train Loss: 0.9773, Validation Loss: 1.4442
Epoch 95/1000, Train Loss: 0.8355, Validation Loss: 1.3325
Epoch 96/1000, Train Loss: 0.9044, Validation Loss: 2.5098
Epoch 97/1000, Train Loss: 0.8678, Validation Loss: 1.8178
Epoch 98/1000, Train Loss: 0.8514, Validation Loss: 1.7977
Epoch 99/1000, Train Loss: 0.8512, Validation Loss: 2.9812
Epoch 100/1000, Train Loss: 1.3114, Validation Loss: 1.1986
Epoch 101/1000, Train Loss: 0.8606, Validation Loss: 4.5085
Epoch 102/1000, Train Loss: 0.8197, Validation Loss: 1.0584
Epoch 103/1000, Train Loss: 0.9377, Validation Loss: 2.4299
Epoch 104/1000, Train Loss: 1.0100, Validation Loss: 1.1905
Epoch 105/1000, Train Loss: 0.8462, Validation Loss: 1.4796
Epoch 106/1000, Train Loss: 0.8742, Validation Loss: 1.6582
Epoch 107/1000, Train Loss: 0.8752, Validation Loss: 2.9923
Epoch 108/1000, Train Loss: 0.8799, Validation Loss: 0.8559
Epoch 109/1000, Train Loss: 0.8537, Validation Loss: 1.4686
Epoch 110/1000, Train Loss: 0.8548, Validation Loss: 1.1547
Epoch 111/1000, Train Loss: 1.4121, Validation Loss: 1.8380
Epoch 112/1000, Train Loss: 0.8488, Validation Loss: 1.3694
Epoch 113/1000, Train Loss: 0.8545, Validation Loss: 3.9022
Epoch 114/1000, Train Loss: 0.8477, Validation Loss: 16.4602
Epoch 115/1000, Train Loss: 0.8297, Validation Loss: 1.7832
Epoch 116/1000, Train Loss: 1.0830, Validation Loss: 1.4880
Epoch 117/1000, Train Loss: 0.8634, Validation Loss: 3.1420
Epoch 118/1000, Train Loss: 0.8494, Validation Loss: 0.8849
Epoch 119/1000, Train Loss: 0.8539, Validation Loss: 3.9694
Epoch 120/1000, Train Loss: 0.8302, Validation Loss: 1.5245
Epoch 121/1000, Train Loss: 0.8745, Validation Loss: 1.8978
Epoch 122/1000, Train Loss: 0.8611, Validation Loss: 1.4424
Epoch 123/1000, Train Loss: 0.8336, Validation Loss: 4.1430
Epoch 124/1000, Train Loss: 0.8530, Validation Loss: 1.0318
Epoch 125/1000, Train Loss: 1.1198, Validation Loss: 1.4957
Epoch 126/1000, Train Loss: 0.8104, Validation Loss: 2.3852
Epoch 127/1000, Train Loss: 0.8641, Validation Loss: 1.4065
Epoch 128/1000, Train Loss: 1.3812, Validation Loss: 1.4450
Epoch 129/1000, Train Loss: 0.8591, Validation Loss: 1.5335
Epoch 130/1000, Train Loss: 0.8508, Validation Loss: 1.0466
Epoch 131/1000, Train Loss: 0.8632, Validation Loss: 0.9737
Epoch 132/1000, Train Loss: 0.9026, Validation Loss: 2.1430
Epoch 133/1000, Train Loss: 0.8505, Validation Loss: 1.6392
Epoch 134/1000, Train Loss: 0.8578, Validation Loss: 2.1882
Epoch 135/1000, Train Loss: 0.8280, Validation Loss: 1.1797
Epoch 136/1000, Train Loss: 0.8585, Validation Loss: 2.2561
Epoch 137/1000, Train Loss: 0.8312, Validation Loss: 1.2308
Epoch 138/1000, Train Loss: 1.2037, Validation Loss: 2.0966
Epoch 139/1000, Train Loss: 0.8369, Validation Loss: 1.3390
Epoch 140/1000, Train Loss: 0.8745, Validation Loss: 0.7287
Epoch 141/1000, Train Loss: 0.8541, Validation Loss: 4.6554
Epoch 142/1000, Train Loss: 0.8737, Validation Loss: 1.4601
Epoch 143/1000, Train Loss: 0.8354, Validation Loss: 0.8194
Epoch 144/1000, Train Loss: 0.8644, Validation Loss: 1.5754
Epoch 145/1000, Train Loss: 1.4138, Validation Loss: 1.4412
Epoch 146/1000, Train Loss: 0.8428, Validation Loss: 1.2459
Epoch 147/1000, Train Loss: 0.8552, Validation Loss: 1.2240
Epoch 148/1000, Train Loss: 0.8508, Validation Loss: 12.6087
Epoch 149/1000, Train Loss: 1.2544, Validation Loss: 2.6082
Epoch 150/1000, Train Loss: 0.8732, Validation Loss: 1.5431
Epoch 151/1000, Train Loss: 0.8400, Validation Loss: 1.4876
Epoch 152/1000, Train Loss: 1.1993, Validation Loss: 1.9380
Epoch 153/1000, Train Loss: 0.8797, Validation Loss: 2.2401
Epoch 154/1000, Train Loss: 0.8418, Validation Loss: 0.9407
Epoch 155/1000, Train Loss: 0.8582, Validation Loss: 0.9619
Epoch 156/1000, Train Loss: 0.8276, Validation Loss: 1.1723
Epoch 157/1000, Train Loss: 0.8326, Validation Loss: 1.1114
Epoch 158/1000, Train Loss: 0.8378, Validation Loss: 3.0546
Epoch 159/1000, Train Loss: 0.8255, Validation Loss: 2.0556
Epoch 160/1000, Train Loss: 0.9170, Validation Loss: 6.4172
Epoch 161/1000, Train Loss: 1.1662, Validation Loss: 2.6793
Epoch 162/1000, Train Loss: 0.8394, Validation Loss: 2.7216
Epoch 163/1000, Train Loss: 0.9733, Validation Loss: 3.2101
Epoch 164/1000, Train Loss: 0.8225, Validation Loss: 1.3374
Epoch 165/1000, Train Loss: 1.0477, Validation Loss: 0.7327
Epoch 166/1000, Train Loss: 0.8318, Validation Loss: 2.0134
Epoch 167/1000, Train Loss: 0.8436, Validation Loss: 2.2626
Epoch 168/1000, Train Loss: 0.9289, Validation Loss: 3.1770
Epoch 169/1000, Train Loss: 1.6556, Validation Loss: 1.0692
Epoch 170/1000, Train Loss: 0.9568, Validation Loss: 4.8233
Epoch 171/1000, Train Loss: 0.8428, Validation Loss: 1.9521
Epoch 172/1000, Train Loss: 0.8541, Validation Loss: 3.3127
Epoch 173/1000, Train Loss: 0.8857, Validation Loss: 1.1566
Epoch 174/1000, Train Loss: 0.8581, Validation Loss: 1.5430
Epoch 175/1000, Train Loss: 0.8473, Validation Loss: 0.8747
Epoch 176/1000, Train Loss: 0.8745, Validation Loss: 2.1261
Epoch 177/1000, Train Loss: 0.8676, Validation Loss: 1.3804
Epoch 178/1000, Train Loss: 0.8452, Validation Loss: 1.5716
Epoch 179/1000, Train Loss: 0.8265, Validation Loss: 2.2226
Epoch 180/1000, Train Loss: 0.9093, Validation Loss: 2.5690
Epoch 181/1000, Train Loss: 0.8276, Validation Loss: 1.2167
Epoch 182/1000, Train Loss: 1.0873, Validation Loss: 1.5027
Epoch 183/1000, Train Loss: 0.9020, Validation Loss: 4.4047
Epoch 184/1000, Train Loss: 0.8382, Validation Loss: 1.6254
Epoch 185/1000, Train Loss: 0.8297, Validation Loss: 1.7135
Epoch 186/1000, Train Loss: 1.1621, Validation Loss: 1.7569
Epoch 187/1000, Train Loss: 0.8508, Validation Loss: 1.0826
Epoch 188/1000, Train Loss: 0.9207, Validation Loss: 1.7332
Epoch 189/1000, Train Loss: 0.8458, Validation Loss: 3.0146
Epoch 190/1000, Train Loss: 0.8542, Validation Loss: 1.1208
Epoch 191/1000, Train Loss: 0.8484, Validation Loss: 1.5117
Epoch 192/1000, Train Loss: 1.4825, Validation Loss: 1.3857
Epoch 193/1000, Train Loss: 0.8692, Validation Loss: 1.2256
Epoch 194/1000, Train Loss: 0.8211, Validation Loss: 5.9884
Epoch 195/1000, Train Loss: 0.8524, Validation Loss: 1.9159
Epoch 196/1000, Train Loss: 0.8719, Validation Loss: 1.8532
Epoch 197/1000, Train Loss: 0.8433, Validation Loss: 2.6623
Epoch 198/1000, Train Loss: 0.8732, Validation Loss: 2.8796
Epoch 199/1000, Train Loss: 0.8665, Validation Loss: 1.4869
Epoch 200/1000, Train Loss: 0.8750, Validation Loss: 1.0097
Epoch 201/1000, Train Loss: 0.8573, Validation Loss: 1.3782
Epoch 202/1000, Train Loss: 0.8964, Validation Loss: 3.7013
Epoch 203/1000, Train Loss: 0.8453, Validation Loss: 1.6627
Epoch 204/1000, Train Loss: 0.8574, Validation Loss: 0.8249
Epoch 205/1000, Train Loss: 0.8791, Validation Loss: 5.2397
Epoch 206/1000, Train Loss: 0.8444, Validation Loss: 1.3974
Epoch 207/1000, Train Loss: 1.0161, Validation Loss: 0.9256
Epoch 208/1000, Train Loss: 0.8871, Validation Loss: 1.8263
Epoch 209/1000, Train Loss: 0.8548, Validation Loss: 1.2293
Epoch 210/1000, Train Loss: 0.8658, Validation Loss: 1.3449
Epoch 211/1000, Train Loss: 0.8801, Validation Loss: 1.1323
Epoch 212/1000, Train Loss: 0.8379, Validation Loss: 1.4529
Epoch 213/1000, Train Loss: 0.9000, Validation Loss: 1.2100
Epoch 214/1000, Train Loss: 0.8392, Validation Loss: 1.8906
Epoch 215/1000, Train Loss: 0.8556, Validation Loss: 1.7159
Epoch 216/1000, Train Loss: 0.9068, Validation Loss: 2.0087
Epoch 217/1000, Train Loss: 0.8783, Validation Loss: 1.1998
Epoch 218/1000, Train Loss: 0.8295, Validation Loss: 1.2458
Epoch 219/1000, Train Loss: 0.8518, Validation Loss: 1.3628
Epoch 220/1000, Train Loss: 0.8307, Validation Loss: 1.2806
Epoch 221/1000, Train Loss: 0.8638, Validation Loss: 1.1875
Epoch 222/1000, Train Loss: 41.2356, Validation Loss: 1.7842
Epoch 223/1000, Train Loss: 0.9004, Validation Loss: 2.0173
Epoch 224/1000, Train Loss: 0.8462, Validation Loss: 2.2083
Epoch 225/1000, Train Loss: 0.8280, Validation Loss: 4.8287
Epoch 226/1000, Train Loss: 0.8372, Validation Loss: 1.1342
Epoch 227/1000, Train Loss: 0.8862, Validation Loss: 1.6562
Epoch 228/1000, Train Loss: 1.1340, Validation Loss: 3.2701
Epoch 229/1000, Train Loss: 0.8550, Validation Loss: 1.0499
Epoch 230/1000, Train Loss: 0.8380, Validation Loss: 1.2978
Epoch 231/1000, Train Loss: 0.8357, Validation Loss: 1.0610
Epoch 232/1000, Train Loss: 0.9269, Validation Loss: 3.0555
Epoch 233/1000, Train Loss: 0.8556, Validation Loss: 1.4229
Epoch 234/1000, Train Loss: 0.8473, Validation Loss: 1.4518
Epoch 235/1000, Train Loss: 7.8866, Validation Loss: 1.2662
Epoch 236/1000, Train Loss: 0.8407, Validation Loss: 2.9458
Epoch 237/1000, Train Loss: 0.8480, Validation Loss: 1.2259
Epoch 238/1000, Train Loss: 0.8595, Validation Loss: 0.9614
Epoch 239/1000, Train Loss: 0.8361, Validation Loss: 2.2042
Epoch 240/1000, Train Loss: 0.8860, Validation Loss: 2.4209
Epoch 241/1000, Train Loss: 0.8532, Validation Loss: 1.3423
Epoch 242/1000, Train Loss: 1.2365, Validation Loss: 2.8581
Epoch 243/1000, Train Loss: 0.8740, Validation Loss: 0.8266
Epoch 244/1000, Train Loss: 1.0222, Validation Loss: 3.7831
Epoch 245/1000, Train Loss: 0.8545, Validation Loss: 2.7701
Epoch 246/1000, Train Loss: 0.8087, Validation Loss: 3.6448
Epoch 247/1000, Train Loss: 1.2476, Validation Loss: 1.1111
Epoch 248/1000, Train Loss: 0.8414, Validation Loss: 1.4782
Epoch 249/1000, Train Loss: 0.8826, Validation Loss: 5.1383
Epoch 250/1000, Train Loss: 0.8336, Validation Loss: 1.3082
Epoch 251/1000, Train Loss: 0.9064, Validation Loss: 2.3412
Epoch 252/1000, Train Loss: 0.8484, Validation Loss: 1.1509
Epoch 253/1000, Train Loss: 0.8376, Validation Loss: 3.5072
Epoch 254/1000, Train Loss: 6.9370, Validation Loss: 1.1219
Epoch 255/1000, Train Loss: 3.4573, Validation Loss: 1.9279
Epoch 256/1000, Train Loss: 0.8443, Validation Loss: 2.5967
Epoch 257/1000, Train Loss: 0.8738, Validation Loss: 4.4029
Epoch 258/1000, Train Loss: 0.8659, Validation Loss: 3.3685
Epoch 259/1000, Train Loss: 0.8450, Validation Loss: 1.4381
Epoch 260/1000, Train Loss: 0.8207, Validation Loss: 1.3284
Epoch 261/1000, Train Loss: 0.8113, Validation Loss: 0.9548
Epoch 262/1000, Train Loss: 0.8593, Validation Loss: 1.7577
Epoch 263/1000, Train Loss: 9.7248, Validation Loss: 2.3430
Epoch 264/1000, Train Loss: 0.8434, Validation Loss: 0.7994
Epoch 265/1000, Train Loss: 0.8233, Validation Loss: 2.0061
Epoch 266/1000, Train Loss: 0.8800, Validation Loss: 4.1318
Epoch 267/1000, Train Loss: 1.2532, Validation Loss: 1.6986
Epoch 268/1000, Train Loss: 3.1135, Validation Loss: 2.0407
Epoch 269/1000, Train Loss: 0.8335, Validation Loss: 1.6492
Epoch 270/1000, Train Loss: 1.5378, Validation Loss: 1.2707
Epoch 271/1000, Train Loss: 0.8590, Validation Loss: 3.7910
Epoch 272/1000, Train Loss: 0.9216, Validation Loss: 1.3509
Epoch 273/1000, Train Loss: 0.8572, Validation Loss: 0.8464
Epoch 274/1000, Train Loss: 0.8820, Validation Loss: 3.6240
Epoch 275/1000, Train Loss: 0.8979, Validation Loss: 2.2721
Epoch 276/1000, Train Loss: 0.8264, Validation Loss: 5.0455
Epoch 277/1000, Train Loss: 0.8461, Validation Loss: 2.3563
Epoch 278/1000, Train Loss: 0.8266, Validation Loss: 5.5618
Epoch 279/1000, Train Loss: 0.8503, Validation Loss: 1.2813
Epoch 280/1000, Train Loss: 0.8555, Validation Loss: 1.7389
Epoch 281/1000, Train Loss: 0.8309, Validation Loss: 2.7791
Epoch 282/1000, Train Loss: 0.8728, Validation Loss: 1.3682
Epoch 283/1000, Train Loss: 0.8460, Validation Loss: 2.8687
Epoch 284/1000, Train Loss: 0.8677, Validation Loss: 3.3851
Epoch 285/1000, Train Loss: 0.8515, Validation Loss: 1.2448
Epoch 286/1000, Train Loss: 0.9672, Validation Loss: 1.0240
Epoch 287/1000, Train Loss: 0.9012, Validation Loss: 1.0288
Epoch 288/1000, Train Loss: 0.8358, Validation Loss: 2.9466
Epoch 289/1000, Train Loss: 0.8433, Validation Loss: 2.3184
Epoch 290/1000, Train Loss: 0.8475, Validation Loss: 3.4308
Epoch 291/1000, Train Loss: 0.8254, Validation Loss: 1.7554
Epoch 292/1000, Train Loss: 0.8300, Validation Loss: 66.8829
Epoch 293/1000, Train Loss: 0.8318, Validation Loss: 3.8603
Epoch 294/1000, Train Loss: 0.8477, Validation Loss: 2.4397
Epoch 295/1000, Train Loss: 0.8483, Validation Loss: 3.4795
Epoch 296/1000, Train Loss: 0.8354, Validation Loss: 1.1487
Epoch 297/1000, Train Loss: 0.9548, Validation Loss: 1.0222
Epoch 298/1000, Train Loss: 0.8354, Validation Loss: 1.8508
Epoch 299/1000, Train Loss: 3.5733, Validation Loss: 6.2569
Epoch 300/1000, Train Loss: 0.8691, Validation Loss: 5.0419
Epoch 301/1000, Train Loss: 0.8401, Validation Loss: 3.8559
Epoch 302/1000, Train Loss: 0.8619, Validation Loss: 1.5648
Epoch 303/1000, Train Loss: 0.8714, Validation Loss: 2.3936
Epoch 304/1000, Train Loss: 0.8235, Validation Loss: 3.1860
Epoch 305/1000, Train Loss: 0.9036, Validation Loss: 1.0575
Epoch 306/1000, Train Loss: 0.8554, Validation Loss: 2.8184
Epoch 307/1000, Train Loss: 0.8561, Validation Loss: 0.8602
Epoch 308/1000, Train Loss: 0.8357, Validation Loss: 2.6653
Epoch 309/1000, Train Loss: 0.8608, Validation Loss: 1.4105
Epoch 310/1000, Train Loss: 0.8488, Validation Loss: 2.0737
Epoch 311/1000, Train Loss: 0.8204, Validation Loss: 1.2617
Epoch 312/1000, Train Loss: 19.9519, Validation Loss: 1.7892
Epoch 313/1000, Train Loss: 0.8203, Validation Loss: 2.0241
Epoch 314/1000, Train Loss: 0.8598, Validation Loss: 5.0381
Epoch 315/1000, Train Loss: 1.1872, Validation Loss: 2.9518
Epoch 316/1000, Train Loss: 0.8585, Validation Loss: 1.6892
Epoch 317/1000, Train Loss: 0.8197, Validation Loss: 3.2644
Epoch 318/1000, Train Loss: 0.8266, Validation Loss: 0.9810
Epoch 319/1000, Train Loss: 3.0353, Validation Loss: 0.8949
Epoch 320/1000, Train Loss: 0.8178, Validation Loss: 1.1012
Epoch 321/1000, Train Loss: 0.8364, Validation Loss: 1.3942
Epoch 322/1000, Train Loss: 0.8238, Validation Loss: 1.3301
Epoch 323/1000, Train Loss: 0.8534, Validation Loss: 2.4844
Epoch 324/1000, Train Loss: 0.8183, Validation Loss: 5.9336
Epoch 325/1000, Train Loss: 0.8515, Validation Loss: 2.8432
Epoch 326/1000, Train Loss: 0.8795, Validation Loss: 0.7271
Epoch 327/1000, Train Loss: 1.1471, Validation Loss: 1.6851
Epoch 328/1000, Train Loss: 0.8277, Validation Loss: 4.0879
Epoch 329/1000, Train Loss: 0.8910, Validation Loss: 1.2650
Epoch 330/1000, Train Loss: 0.8347, Validation Loss: 1.1880
Epoch 331/1000, Train Loss: 1.1133, Validation Loss: 2.3338
Epoch 332/1000, Train Loss: 0.8646, Validation Loss: 1.5171
Epoch 333/1000, Train Loss: 0.8104, Validation Loss: 3.4321
Epoch 334/1000, Train Loss: 1.0317, Validation Loss: 1.1044
Epoch 335/1000, Train Loss: 0.8136, Validation Loss: 1.0592
Epoch 336/1000, Train Loss: 0.8413, Validation Loss: 1.5357
Epoch 337/1000, Train Loss: 20.6444, Validation Loss: 0.9414
Epoch 338/1000, Train Loss: 0.9479, Validation Loss: 2.2896
Epoch 339/1000, Train Loss: 2.9304, Validation Loss: 4.3643
Epoch 340/1000, Train Loss: 0.8222, Validation Loss: 3.3940
Epoch 341/1000, Train Loss: 0.8935, Validation Loss: 0.9447
Epoch 342/1000, Train Loss: 0.8513, Validation Loss: 2.5224
Epoch 343/1000, Train Loss: 0.8894, Validation Loss: 24.9526
Epoch 344/1000, Train Loss: 0.8352, Validation Loss: 2.0133
Epoch 345/1000, Train Loss: 0.8438, Validation Loss: 1.4251
Epoch 346/1000, Train Loss: 1.0643, Validation Loss: 2.3466
Epoch 347/1000, Train Loss: 0.8314, Validation Loss: 1.1382
Epoch 348/1000, Train Loss: 0.8225, Validation Loss: 4.6218
Epoch 349/1000, Train Loss: 0.8376, Validation Loss: 2.0888
Epoch 350/1000, Train Loss: 3.2865, Validation Loss: 1.6328
Epoch 351/1000, Train Loss: 0.9532, Validation Loss: 1.7137
Epoch 352/1000, Train Loss: 0.8096, Validation Loss: 0.7845
Epoch 353/1000, Train Loss: 0.8839, Validation Loss: 0.8220
Epoch 354/1000, Train Loss: 492.8433, Validation Loss: 0.7939
Epoch 355/1000, Train Loss: 0.8649, Validation Loss: 1.8500
Epoch 356/1000, Train Loss: 0.8442, Validation Loss: 1.4331
Epoch 357/1000, Train Loss: 0.8717, Validation Loss: 3.4106
Epoch 358/1000, Train Loss: 0.8314, Validation Loss: 1.1094
Epoch 359/1000, Train Loss: 0.8267, Validation Loss: 0.8744
Epoch 360/1000, Train Loss: 0.9458, Validation Loss: 2.2580
Epoch 361/1000, Train Loss: 0.8297, Validation Loss: 1.9166
Epoch 362/1000, Train Loss: 0.8459, Validation Loss: 2.8526
Epoch 363/1000, Train Loss: 1.3494, Validation Loss: 1.0260
Epoch 364/1000, Train Loss: 0.9821, Validation Loss: 1.0406
Epoch 365/1000, Train Loss: 0.9035, Validation Loss: 2.0545
Epoch 366/1000, Train Loss: 0.8546, Validation Loss: 1.2048
Epoch 367/1000, Train Loss: 0.9254, Validation Loss: 1.1919
Epoch 368/1000, Train Loss: 0.8319, Validation Loss: 6.5903
Epoch 369/1000, Train Loss: 0.8336, Validation Loss: 3.0120
Epoch 370/1000, Train Loss: 0.8371, Validation Loss: 1.4672
Epoch 371/1000, Train Loss: 0.8330, Validation Loss: 1.1499
Epoch 372/1000, Train Loss: 1.3231, Validation Loss: 0.7775
Epoch 373/1000, Train Loss: 4.2551, Validation Loss: 4557.7405
Epoch 374/1000, Train Loss: 9.5085, Validation Loss: 1.9228
Epoch 375/1000, Train Loss: 0.8241, Validation Loss: 1.4059
Epoch 376/1000, Train Loss: 1.2856, Validation Loss: 3.5351
Epoch 377/1000, Train Loss: 0.8250, Validation Loss: 1.9708
Epoch 378/1000, Train Loss: 0.8271, Validation Loss: 1.4590
Epoch 379/1000, Train Loss: 6.4050, Validation Loss: 3.8794
Epoch 380/1000, Train Loss: 0.8592, Validation Loss: 2.1578
Epoch 381/1000, Train Loss: 0.8614, Validation Loss: 3.1615
Epoch 382/1000, Train Loss: 0.8287, Validation Loss: 2.0552
Epoch 383/1000, Train Loss: 0.8390, Validation Loss: 4.1907
Epoch 384/1000, Train Loss: 0.8295, Validation Loss: 3.4442
Epoch 385/1000, Train Loss: 0.9622, Validation Loss: 1.2779
Epoch 386/1000, Train Loss: 0.8239, Validation Loss: 3.4155
Epoch 387/1000, Train Loss: 0.8114, Validation Loss: 1.2193
Epoch 388/1000, Train Loss: 1.0380, Validation Loss: 1.2226
Epoch 389/1000, Train Loss: 1.3470, Validation Loss: 0.9732
Epoch 390/1000, Train Loss: 1.0052, Validation Loss: 1.4544
Epoch 391/1000, Train Loss: 0.8625, Validation Loss: 1.8779
Epoch 392/1000, Train Loss: 0.8341, Validation Loss: 2.5190
Epoch 393/1000, Train Loss: 0.8665, Validation Loss: 2.0003
Epoch 394/1000, Train Loss: 0.8511, Validation Loss: 2.9599
Epoch 395/1000, Train Loss: 0.8523, Validation Loss: 1.5947
Epoch 396/1000, Train Loss: 0.8369, Validation Loss: 1.5982
Epoch 397/1000, Train Loss: 0.8475, Validation Loss: 1.6643
Epoch 398/1000, Train Loss: 1.0786, Validation Loss: 4.4167
Epoch 399/1000, Train Loss: 0.8209, Validation Loss: 0.9370
Epoch 400/1000, Train Loss: 0.8053, Validation Loss: 0.9893
Epoch 401/1000, Train Loss: 0.8101, Validation Loss: 2.1692
Epoch 402/1000, Train Loss: 121.0923, Validation Loss: 1.5710
Epoch 403/1000, Train Loss: 0.8494, Validation Loss: 1.9730
Epoch 404/1000, Train Loss: 0.8210, Validation Loss: 1.2582
Epoch 405/1000, Train Loss: 0.8942, Validation Loss: 1.3038
Epoch 406/1000, Train Loss: 0.8355, Validation Loss: 2.9745
Epoch 407/1000, Train Loss: 0.8203, Validation Loss: 0.8438
Epoch 408/1000, Train Loss: 0.8279, Validation Loss: 5.7747
Epoch 409/1000, Train Loss: 0.8486, Validation Loss: 3.6610
Epoch 410/1000, Train Loss: 0.8384, Validation Loss: 1.2953
Epoch 411/1000, Train Loss: 1.1149, Validation Loss: 3.2865
Epoch 412/1000, Train Loss: 0.8765, Validation Loss: 1.1412
Epoch 413/1000, Train Loss: 0.8187, Validation Loss: 0.8696
Epoch 414/1000, Train Loss: 0.8083, Validation Loss: 2.1195
Epoch 415/1000, Train Loss: 0.8787, Validation Loss: 1.8624
Epoch 416/1000, Train Loss: 0.8401, Validation Loss: 1.3002
Epoch 417/1000, Train Loss: 0.8755, Validation Loss: 2.7152
Epoch 418/1000, Train Loss: 0.8314, Validation Loss: 2.0804
Epoch 419/1000, Train Loss: 0.8454, Validation Loss: 2.0982
Epoch 420/1000, Train Loss: 0.8609, Validation Loss: 2.0134
Epoch 421/1000, Train Loss: 0.8465, Validation Loss: 1.1857
Epoch 422/1000, Train Loss: 0.8201, Validation Loss: 1.3539
Epoch 423/1000, Train Loss: 0.8330, Validation Loss: 1.8584
Epoch 424/1000, Train Loss: 0.8287, Validation Loss: 1.4141
Epoch 425/1000, Train Loss: 0.9052, Validation Loss: 1.9847
Epoch 426/1000, Train Loss: 0.9241, Validation Loss: 2.4209
Epoch 427/1000, Train Loss: 0.8332, Validation Loss: 1.4970
Epoch 428/1000, Train Loss: 1.2597, Validation Loss: 3.0216
Epoch 429/1000, Train Loss: 0.9163, Validation Loss: 1.4408
Epoch 430/1000, Train Loss: 0.9358, Validation Loss: 3.8980
Epoch 431/1000, Train Loss: 0.8448, Validation Loss: 4.1627
Epoch 432/1000, Train Loss: 0.8046, Validation Loss: 2.5912
Epoch 433/1000, Train Loss: 1.0356, Validation Loss: 1.3543
Epoch 434/1000, Train Loss: 1.3442, Validation Loss: 2.4194
Epoch 435/1000, Train Loss: 1.0098, Validation Loss: 79.2881
Epoch 436/1000, Train Loss: 0.8026, Validation Loss: 1.2031
Epoch 437/1000, Train Loss: 0.8388, Validation Loss: 2.7668
Epoch 438/1000, Train Loss: 0.8419, Validation Loss: 0.9554
Epoch 439/1000, Train Loss: 1.1203, Validation Loss: 1.6222
Epoch 440/1000, Train Loss: 0.8315, Validation Loss: 1.1638
Epoch 441/1000, Train Loss: 0.8218, Validation Loss: 0.9449
Epoch 442/1000, Train Loss: 0.7941, Validation Loss: 174.6450
Epoch 443/1000, Train Loss: 0.8610, Validation Loss: 3.0210
Epoch 444/1000, Train Loss: 0.9692, Validation Loss: 1.6466
Epoch 445/1000, Train Loss: 0.8183, Validation Loss: 2.9444
Epoch 446/1000, Train Loss: 0.8088, Validation Loss: 3.2047
Epoch 447/1000, Train Loss: 1.5772, Validation Loss: 1.8271
Epoch 448/1000, Train Loss: 0.8299, Validation Loss: 0.9619
Epoch 449/1000, Train Loss: 0.8934, Validation Loss: 1.8760
Epoch 450/1000, Train Loss: 0.8785, Validation Loss: 4.1992
Epoch 451/1000, Train Loss: 0.8290, Validation Loss: 1.3324
Epoch 452/1000, Train Loss: 0.8575, Validation Loss: 2.0224
Epoch 453/1000, Train Loss: 0.8081, Validation Loss: 2.3832
Epoch 454/1000, Train Loss: 0.8722, Validation Loss: 2.4684
Epoch 455/1000, Train Loss: 0.8583, Validation Loss: 0.9328
Epoch 456/1000, Train Loss: 0.8694, Validation Loss: 1.9460
Epoch 457/1000, Train Loss: 0.8558, Validation Loss: 4.9016
Epoch 458/1000, Train Loss: 0.8338, Validation Loss: 1.5497
Epoch 459/1000, Train Loss: 0.8664, Validation Loss: 4.3111
Epoch 460/1000, Train Loss: 0.8288, Validation Loss: 13.4222
Epoch 461/1000, Train Loss: 0.9755, Validation Loss: 3.7965
Epoch 462/1000, Train Loss: 0.8815, Validation Loss: 1.8738
Epoch 463/1000, Train Loss: 0.8138, Validation Loss: 1.5130
Epoch 464/1000, Train Loss: 2.1862, Validation Loss: 1.2437
Epoch 465/1000, Train Loss: 0.8219, Validation Loss: 0.9761
Epoch 466/1000, Train Loss: 1.3696, Validation Loss: 2.2298
Epoch 467/1000, Train Loss: 0.8115, Validation Loss: 2.1840
Epoch 468/1000, Train Loss: 0.8323, Validation Loss: 1.5068
Epoch 469/1000, Train Loss: 0.8166, Validation Loss: 1.5694
Epoch 470/1000, Train Loss: 1.6274, Validation Loss: 3.5919
Epoch 471/1000, Train Loss: 0.8396, Validation Loss: 3.2177
Epoch 472/1000, Train Loss: 0.8603, Validation Loss: 5.7945
Epoch 473/1000, Train Loss: 0.8094, Validation Loss: 1.6255
Epoch 474/1000, Train Loss: 1.0066, Validation Loss: 1.3151
Epoch 475/1000, Train Loss: 0.8348, Validation Loss: 2.4334
Epoch 476/1000, Train Loss: 0.8127, Validation Loss: 2.7739
Epoch 477/1000, Train Loss: 0.8316, Validation Loss: 1.4982
Epoch 478/1000, Train Loss: 1.7339, Validation Loss: 2.3662
Epoch 479/1000, Train Loss: 0.8622, Validation Loss: 1.0137
Epoch 480/1000, Train Loss: 0.8223, Validation Loss: 1.3423
Epoch 481/1000, Train Loss: 0.8202, Validation Loss: 1.4780
Epoch 482/1000, Train Loss: 0.8239, Validation Loss: 3.8049
Epoch 483/1000, Train Loss: 0.8137, Validation Loss: 1.6719
Epoch 484/1000, Train Loss: 0.8961, Validation Loss: 1.2174
Epoch 485/1000, Train Loss: 0.8266, Validation Loss: 2.7651
Epoch 486/1000, Train Loss: 0.8205, Validation Loss: 1.5026
Epoch 487/1000, Train Loss: 0.8570, Validation Loss: 2.6156
Epoch 488/1000, Train Loss: 0.8377, Validation Loss: 1.1109
Epoch 489/1000, Train Loss: 0.8205, Validation Loss: 1.7500
Epoch 490/1000, Train Loss: 0.9386, Validation Loss: 0.9492
Epoch 491/1000, Train Loss: 0.8115, Validation Loss: 2.2616
Epoch 492/1000, Train Loss: 0.8794, Validation Loss: 2.4691
Epoch 493/1000, Train Loss: 0.8297, Validation Loss: 2.8517
Epoch 494/1000, Train Loss: 0.8353, Validation Loss: 4.3889
Epoch 495/1000, Train Loss: 0.9786, Validation Loss: 1.8593
Epoch 496/1000, Train Loss: 0.8122, Validation Loss: 1.6131
Epoch 497/1000, Train Loss: 0.9214, Validation Loss: 2.0147
Epoch 498/1000, Train Loss: 0.8330, Validation Loss: 1.2932
Epoch 499/1000, Train Loss: 0.8690, Validation Loss: 1.7104
Epoch 500/1000, Train Loss: 0.9730, Validation Loss: 2.0138
Epoch 501/1000, Train Loss: 0.8128, Validation Loss: 2.6779
Epoch 502/1000, Train Loss: 0.8118, Validation Loss: 3.1162
Epoch 503/1000, Train Loss: 0.8364, Validation Loss: 1.3086
Epoch 504/1000, Train Loss: 0.8278, Validation Loss: 2.1402
Epoch 505/1000, Train Loss: 0.8494, Validation Loss: 0.9529
Epoch 506/1000, Train Loss: 0.8488, Validation Loss: 1.7004
Epoch 507/1000, Train Loss: 0.8567, Validation Loss: 0.9573
Epoch 508/1000, Train Loss: 0.8066, Validation Loss: 5.3731
Epoch 509/1000, Train Loss: 0.8283, Validation Loss: 7.3960
Epoch 510/1000, Train Loss: 1.2774, Validation Loss: 3.6338
Epoch 511/1000, Train Loss: 0.8356, Validation Loss: 3.0993
Epoch 512/1000, Train Loss: 0.8135, Validation Loss: 2.1467
Epoch 513/1000, Train Loss: 0.8590, Validation Loss: 2.1778
Epoch 514/1000, Train Loss: 0.8304, Validation Loss: 0.9674
Epoch 515/1000, Train Loss: 0.8771, Validation Loss: 1.6095
Epoch 516/1000, Train Loss: 0.8460, Validation Loss: 2.0016
Epoch 517/1000, Train Loss: 11.7637, Validation Loss: 1.0228
Epoch 518/1000, Train Loss: 0.8065, Validation Loss: 2.0074
Epoch 519/1000, Train Loss: 0.8413, Validation Loss: 1.9785
Epoch 520/1000, Train Loss: 0.9614, Validation Loss: 1.2251
Epoch 521/1000, Train Loss: 7.9717, Validation Loss: 1.2960
Epoch 522/1000, Train Loss: 2.8264, Validation Loss: 1.0842
Epoch 523/1000, Train Loss: 0.8278, Validation Loss: 3.0615
Epoch 524/1000, Train Loss: 0.8365, Validation Loss: 0.9091
Epoch 525/1000, Train Loss: 0.8296, Validation Loss: 3.4273
Epoch 526/1000, Train Loss: 0.8421, Validation Loss: 2.6576
Epoch 527/1000, Train Loss: 0.8187, Validation Loss: 1.7104
Epoch 528/1000, Train Loss: 0.8455, Validation Loss: 2.5533
Epoch 529/1000, Train Loss: 0.8466, Validation Loss: 2.7133
Epoch 530/1000, Train Loss: 0.8340, Validation Loss: 3.7157
Epoch 531/1000, Train Loss: 0.8265, Validation Loss: 1.0706
Epoch 532/1000, Train Loss: 0.8743, Validation Loss: 2.4148
Epoch 533/1000, Train Loss: 0.8079, Validation Loss: 2.3781
Epoch 534/1000, Train Loss: 0.8451, Validation Loss: 1.2598
Epoch 535/1000, Train Loss: 0.8098, Validation Loss: 1.9228
Epoch 536/1000, Train Loss: 0.7952, Validation Loss: 4.0032
Epoch 537/1000, Train Loss: 0.8731, Validation Loss: 1.2199
Epoch 538/1000, Train Loss: 0.8993, Validation Loss: 1.3615
Epoch 539/1000, Train Loss: 0.8233, Validation Loss: 3.2656
Epoch 540/1000, Train Loss: 0.8825, Validation Loss: 3.7721
Epoch 541/1000, Train Loss: 0.8411, Validation Loss: 1.4500
Epoch 542/1000, Train Loss: 1.0895, Validation Loss: 4.3617
Epoch 543/1000, Train Loss: 0.8305, Validation Loss: 1.1950
Epoch 544/1000, Train Loss: 0.8139, Validation Loss: 1.4449
Epoch 545/1000, Train Loss: 0.8987, Validation Loss: 1.7077
Epoch 546/1000, Train Loss: 0.8306, Validation Loss: 2.5844
Epoch 547/1000, Train Loss: 0.8101, Validation Loss: 1.0209
Epoch 548/1000, Train Loss: 4.5200, Validation Loss: 1.4137
Epoch 549/1000, Train Loss: 0.8361, Validation Loss: 5.8350
Epoch 550/1000, Train Loss: 0.8344, Validation Loss: 1.4311
Epoch 551/1000, Train Loss: 1.2151, Validation Loss: 2.6599
Epoch 552/1000, Train Loss: 1.1146, Validation Loss: 1.6129
Epoch 553/1000, Train Loss: 0.8363, Validation Loss: 1.8191
Epoch 554/1000, Train Loss: 0.8417, Validation Loss: 1.1769
Epoch 555/1000, Train Loss: 1.8973, Validation Loss: 3.9004
Epoch 556/1000, Train Loss: 0.8188, Validation Loss: 2.6510
Epoch 557/1000, Train Loss: 0.8841, Validation Loss: 1.4501
Epoch 558/1000, Train Loss: 0.8135, Validation Loss: 1.6803
Epoch 559/1000, Train Loss: 0.8198, Validation Loss: 5.6486
Epoch 560/1000, Train Loss: 0.8844, Validation Loss: 1.0509
Epoch 561/1000, Train Loss: 0.8447, Validation Loss: 1.2294
Epoch 562/1000, Train Loss: 0.8064, Validation Loss: 3.1149
Epoch 563/1000, Train Loss: 0.8287, Validation Loss: 2.0188
Epoch 564/1000, Train Loss: 0.8297, Validation Loss: 3.3100
Epoch 565/1000, Train Loss: 0.8210, Validation Loss: 3.0972
Epoch 566/1000, Train Loss: 0.8300, Validation Loss: 2.8866
Epoch 567/1000, Train Loss: 0.9322, Validation Loss: 3.5600
Epoch 568/1000, Train Loss: 1.0736, Validation Loss: 1.8305
Epoch 569/1000, Train Loss: 0.8322, Validation Loss: 1.0627
Epoch 570/1000, Train Loss: 0.8100, Validation Loss: 2.5544
Epoch 571/1000, Train Loss: 0.8430, Validation Loss: 0.8115
Epoch 572/1000, Train Loss: 24.2178, Validation Loss: 1.3365
Epoch 573/1000, Train Loss: 0.8270, Validation Loss: 2.8717
Epoch 574/1000, Train Loss: 0.8178, Validation Loss: 1.3658
Epoch 575/1000, Train Loss: 0.8329, Validation Loss: 0.9295
Epoch 576/1000, Train Loss: 1.8965, Validation Loss: 1.1327
Epoch 577/1000, Train Loss: 1.1363, Validation Loss: 1.8591
Epoch 578/1000, Train Loss: 0.8047, Validation Loss: 1.3445
Epoch 579/1000, Train Loss: 0.8916, Validation Loss: 4.1593
Epoch 580/1000, Train Loss: 0.8052, Validation Loss: 0.8833
Epoch 581/1000, Train Loss: 0.7988, Validation Loss: 1.0478
Epoch 582/1000, Train Loss: 0.8525, Validation Loss: 2.7649
Epoch 583/1000, Train Loss: 0.8064, Validation Loss: 3.9798
Epoch 584/1000, Train Loss: 0.8353, Validation Loss: 6.1164
Epoch 585/1000, Train Loss: 0.8792, Validation Loss: 1.2041
Epoch 586/1000, Train Loss: 0.8056, Validation Loss: 1.9782
Epoch 587/1000, Train Loss: 0.9412, Validation Loss: 1.7122
Epoch 588/1000, Train Loss: 0.8437, Validation Loss: 0.9438
Epoch 589/1000, Train Loss: 0.8214, Validation Loss: 0.8849
Epoch 590/1000, Train Loss: 0.8291, Validation Loss: 3.0978
Epoch 591/1000, Train Loss: 100.6626, Validation Loss: 3.0525
Epoch 592/1000, Train Loss: 0.8467, Validation Loss: 1.5309
Epoch 593/1000, Train Loss: 0.8362, Validation Loss: 1.3382
Epoch 594/1000, Train Loss: 0.8188, Validation Loss: 2.1216
Epoch 595/1000, Train Loss: 0.8974, Validation Loss: 2.2843
Epoch 596/1000, Train Loss: 0.8549, Validation Loss: 1.3428
Epoch 597/1000, Train Loss: 1.0519, Validation Loss: 1.7009
Epoch 598/1000, Train Loss: 0.8764, Validation Loss: 1.5415
Epoch 599/1000, Train Loss: 0.8262, Validation Loss: 2.8153
Epoch 600/1000, Train Loss: 0.8017, Validation Loss: 1.4852
Epoch 601/1000, Train Loss: 0.7965, Validation Loss: 2.2234
Epoch 602/1000, Train Loss: 1.0885, Validation Loss: 1.6657
Epoch 603/1000, Train Loss: 0.8458, Validation Loss: 0.9510
Epoch 604/1000, Train Loss: 2.3317, Validation Loss: 2.3163
Epoch 605/1000, Train Loss: 0.7985, Validation Loss: 2.4641
Epoch 606/1000, Train Loss: 0.8383, Validation Loss: 1.0576
Epoch 607/1000, Train Loss: 0.8194, Validation Loss: 4.2907
Epoch 608/1000, Train Loss: 0.8624, Validation Loss: 1.5599
Epoch 609/1000, Train Loss: 0.9253, Validation Loss: 1.4613
Epoch 610/1000, Train Loss: 0.8091, Validation Loss: 1.0073
Epoch 611/1000, Train Loss: 1.5613, Validation Loss: 1.1565
Epoch 612/1000, Train Loss: 11.8441, Validation Loss: 2.2231
Epoch 613/1000, Train Loss: 0.8147, Validation Loss: 1.4339
Epoch 614/1000, Train Loss: 0.8462, Validation Loss: 5.1144
Epoch 615/1000, Train Loss: 0.8793, Validation Loss: 4.4885
Epoch 616/1000, Train Loss: 0.8303, Validation Loss: 1.6596
Epoch 617/1000, Train Loss: 0.8767, Validation Loss: 1.7794
Epoch 618/1000, Train Loss: 0.9917, Validation Loss: 3.2154
Epoch 619/1000, Train Loss: 0.8485, Validation Loss: 0.7414
Epoch 620/1000, Train Loss: 0.8561, Validation Loss: 2.3250
Epoch 621/1000, Train Loss: 0.8469, Validation Loss: 1.1168
Epoch 622/1000, Train Loss: 0.8000, Validation Loss: 1.0662
Epoch 623/1000, Train Loss: 0.8868, Validation Loss: 1.8504
Epoch 624/1000, Train Loss: 0.8191, Validation Loss: 6.3299
Epoch 625/1000, Train Loss: 0.8430, Validation Loss: 0.7342
Epoch 626/1000, Train Loss: 0.8266, Validation Loss: 1.1200
Epoch 627/1000, Train Loss: 0.8468, Validation Loss: 5.2813
Epoch 628/1000, Train Loss: 0.8478, Validation Loss: 1.0854
Epoch 629/1000, Train Loss: 0.8172, Validation Loss: 1.2338
Epoch 630/1000, Train Loss: 0.9498, Validation Loss: 4.1508
Epoch 631/1000, Train Loss: 0.8139, Validation Loss: 1.1137
Epoch 632/1000, Train Loss: 1.0414, Validation Loss: 1.4181
Epoch 633/1000, Train Loss: 0.8378, Validation Loss: 2.5628
Epoch 634/1000, Train Loss: 2.5392, Validation Loss: 2.0044
Epoch 635/1000, Train Loss: 0.7975, Validation Loss: 6.0351
Epoch 636/1000, Train Loss: 1.0171, Validation Loss: 0.9713
Epoch 637/1000, Train Loss: 0.8720, Validation Loss: 3.5827
Epoch 638/1000, Train Loss: 0.8269, Validation Loss: 1.8141
Epoch 639/1000, Train Loss: 0.8289, Validation Loss: 2.2479
Epoch 640/1000, Train Loss: 0.8061, Validation Loss: 1.2846
Epoch 641/1000, Train Loss: 0.8507, Validation Loss: 1.3961
Epoch 642/1000, Train Loss: 0.8020, Validation Loss: 5.1468
Epoch 643/1000, Train Loss: 0.8370, Validation Loss: 1.5285
Epoch 644/1000, Train Loss: 0.7940, Validation Loss: 2.6033
Epoch 645/1000, Train Loss: 1.1384, Validation Loss: 1.0376
Epoch 646/1000, Train Loss: 0.8294, Validation Loss: 3.7318
Epoch 647/1000, Train Loss: 0.8200, Validation Loss: 4.5762
Epoch 648/1000, Train Loss: 0.8368, Validation Loss: 2.4198
Epoch 649/1000, Train Loss: 2.0077, Validation Loss: 4.0449
Epoch 650/1000, Train Loss: 0.8159, Validation Loss: 2.7536
Epoch 651/1000, Train Loss: 1.5179, Validation Loss: 1.3746
Epoch 652/1000, Train Loss: 0.9269, Validation Loss: 2.5426
Epoch 653/1000, Train Loss: 0.8276, Validation Loss: 0.9695
Epoch 654/1000, Train Loss: 0.7931, Validation Loss: 2.0316
Epoch 655/1000, Train Loss: 0.9835, Validation Loss: 1.2583
Epoch 656/1000, Train Loss: 0.7993, Validation Loss: 2.1367
Epoch 657/1000, Train Loss: 0.8574, Validation Loss: 4.0842
Epoch 658/1000, Train Loss: 0.8509, Validation Loss: 1.9237
Epoch 659/1000, Train Loss: 0.8052, Validation Loss: 2.0587
Epoch 660/1000, Train Loss: 0.8951, Validation Loss: 0.9187
Epoch 661/1000, Train Loss: 0.8185, Validation Loss: 0.8710
Epoch 662/1000, Train Loss: 0.8120, Validation Loss: 0.8370
Epoch 663/1000, Train Loss: 0.9450, Validation Loss: 2.1352
Epoch 664/1000, Train Loss: 0.8354, Validation Loss: 2.2859
Epoch 665/1000, Train Loss: 0.8148, Validation Loss: 1.0122
Epoch 666/1000, Train Loss: 0.8681, Validation Loss: 0.8160
Epoch 667/1000, Train Loss: 0.8190, Validation Loss: 2.8334
Epoch 668/1000, Train Loss: 3.3635, Validation Loss: 6.4389
Epoch 669/1000, Train Loss: 1.1566, Validation Loss: 1.8050
Epoch 670/1000, Train Loss: 0.8551, Validation Loss: 1.4564
Epoch 671/1000, Train Loss: 0.8654, Validation Loss: 1.3306
Epoch 672/1000, Train Loss: 0.8067, Validation Loss: 1.4592
Epoch 673/1000, Train Loss: 1.2003, Validation Loss: 3.2582
Epoch 674/1000, Train Loss: 0.8997, Validation Loss: 3.2930
Epoch 675/1000, Train Loss: 0.8451, Validation Loss: 12.3601
Epoch 676/1000, Train Loss: 0.8598, Validation Loss: 1.1409
Epoch 677/1000, Train Loss: 0.8680, Validation Loss: 1.3020
Epoch 678/1000, Train Loss: 0.8025, Validation Loss: 4.5663
Epoch 679/1000, Train Loss: 1.8697, Validation Loss: 0.8647
Epoch 680/1000, Train Loss: 0.8268, Validation Loss: 4.2293
Epoch 681/1000, Train Loss: 5.2246, Validation Loss: 0.8622
Epoch 682/1000, Train Loss: 0.8468, Validation Loss: 2.8976
Epoch 683/1000, Train Loss: 0.8180, Validation Loss: 1.7473
Epoch 684/1000, Train Loss: 0.8194, Validation Loss: 1.2541
Epoch 685/1000, Train Loss: 0.8541, Validation Loss: 2.8094
Epoch 686/1000, Train Loss: 1.0082, Validation Loss: 5.9092
Epoch 687/1000, Train Loss: 0.8616, Validation Loss: 1.1918
Epoch 688/1000, Train Loss: 0.8050, Validation Loss: 1.2982
Epoch 689/1000, Train Loss: 0.8517, Validation Loss: 1.4388
Epoch 690/1000, Train Loss: 0.8284, Validation Loss: 2.2169
Epoch 691/1000, Train Loss: 0.8301, Validation Loss: 3.2024
Epoch 692/1000, Train Loss: 0.8118, Validation Loss: 2.1597
Epoch 693/1000, Train Loss: 0.8164, Validation Loss: 1.2229
Epoch 694/1000, Train Loss: 0.8100, Validation Loss: 1.9504
Epoch 695/1000, Train Loss: 0.8438, Validation Loss: 1.8961
Epoch 696/1000, Train Loss: 0.8165, Validation Loss: 3.6993
Epoch 697/1000, Train Loss: 0.8057, Validation Loss: 2.6672
Epoch 698/1000, Train Loss: 0.7908, Validation Loss: 1.6869
Epoch 699/1000, Train Loss: 0.9320, Validation Loss: 2.2782
Epoch 700/1000, Train Loss: 0.8993, Validation Loss: 1.4168
Epoch 701/1000, Train Loss: 0.9027, Validation Loss: 1.2732
Epoch 702/1000, Train Loss: 0.8345, Validation Loss: 2.4427
Epoch 703/1000, Train Loss: 0.8371, Validation Loss: 1.3466
Epoch 704/1000, Train Loss: 0.8224, Validation Loss: 1.1114
Epoch 705/1000, Train Loss: 0.8200, Validation Loss: 3.6292
Epoch 706/1000, Train Loss: 0.8342, Validation Loss: 1.6337
Epoch 707/1000, Train Loss: 2.1199, Validation Loss: 3.1852
Epoch 708/1000, Train Loss: 0.8397, Validation Loss: 4.4279
Epoch 709/1000, Train Loss: 0.9120, Validation Loss: 2.1642
Epoch 710/1000, Train Loss: 0.8348, Validation Loss: 1.2901
Epoch 711/1000, Train Loss: 0.9318, Validation Loss: 1.3071
Epoch 712/1000, Train Loss: 0.8111, Validation Loss: 2.1806
Epoch 713/1000, Train Loss: 1.8750, Validation Loss: 1.5220
Epoch 714/1000, Train Loss: 0.8227, Validation Loss: 1.2665
Epoch 715/1000, Train Loss: 0.8565, Validation Loss: 1.1492
Epoch 716/1000, Train Loss: 0.8508, Validation Loss: 3.1128
Epoch 717/1000, Train Loss: 0.8413, Validation Loss: 18.8739
Epoch 718/1000, Train Loss: 0.8519, Validation Loss: 1.1916
Epoch 719/1000, Train Loss: 0.8403, Validation Loss: 1.3623
Epoch 720/1000, Train Loss: 0.8921, Validation Loss: 1.7720
Epoch 721/1000, Train Loss: 0.8460, Validation Loss: 1.5075
Epoch 722/1000, Train Loss: 0.8895, Validation Loss: 3.0266
Epoch 723/1000, Train Loss: 0.8446, Validation Loss: 2.7540
Epoch 724/1000, Train Loss: 0.8785, Validation Loss: 1.2536
Epoch 725/1000, Train Loss: 0.8636, Validation Loss: 2.2388
Epoch 726/1000, Train Loss: 0.8337, Validation Loss: 1.5666
Epoch 727/1000, Train Loss: 0.8407, Validation Loss: 6.0887
Epoch 728/1000, Train Loss: 0.8297, Validation Loss: 3.9319
Epoch 729/1000, Train Loss: 0.8293, Validation Loss: 1.7343
Epoch 730/1000, Train Loss: 3.6609, Validation Loss: 0.9989
Epoch 731/1000, Train Loss: 0.8018, Validation Loss: 0.8142
Epoch 732/1000, Train Loss: 0.8094, Validation Loss: 2.9205
Epoch 733/1000, Train Loss: 0.8756, Validation Loss: 1.0840
Epoch 734/1000, Train Loss: 0.8194, Validation Loss: 5.8129
Epoch 735/1000, Train Loss: 0.8415, Validation Loss: 2.4168
Epoch 736/1000, Train Loss: 0.9996, Validation Loss: 1.5679
Epoch 737/1000, Train Loss: 0.8067, Validation Loss: 1.5600
Epoch 738/1000, Train Loss: 1.0662, Validation Loss: 1.4965
Epoch 739/1000, Train Loss: 0.8170, Validation Loss: 1.5068
Epoch 740/1000, Train Loss: 0.8183, Validation Loss: 2.7264
Epoch 741/1000, Train Loss: 0.8414, Validation Loss: 1.6635
Epoch 742/1000, Train Loss: 0.8151, Validation Loss: 2.9136
Epoch 743/1000, Train Loss: 0.8255, Validation Loss: 1.4925
Epoch 744/1000, Train Loss: 0.8826, Validation Loss: 0.7300
Epoch 745/1000, Train Loss: 0.7996, Validation Loss: 3.6166
Epoch 746/1000, Train Loss: 0.8929, Validation Loss: 3.3592
Epoch 747/1000, Train Loss: 0.8222, Validation Loss: 3.5617
Epoch 748/1000, Train Loss: 0.8181, Validation Loss: 1.3270
Epoch 749/1000, Train Loss: 0.8484, Validation Loss: 1.2866
Epoch 750/1000, Train Loss: 0.8093, Validation Loss: 1.8577
Epoch 751/1000, Train Loss: 0.8206, Validation Loss: 3.6490
Epoch 752/1000, Train Loss: 283.2888, Validation Loss: 2.5467
Epoch 753/1000, Train Loss: 0.8398, Validation Loss: 1.0911
Epoch 754/1000, Train Loss: 0.9424, Validation Loss: 2.2203
Epoch 755/1000, Train Loss: 0.8190, Validation Loss: 3.4095
Epoch 756/1000, Train Loss: 0.8596, Validation Loss: 3.1778
Epoch 757/1000, Train Loss: 2.2397, Validation Loss: 2.2981
Epoch 758/1000, Train Loss: 0.8769, Validation Loss: 2.0520
Epoch 759/1000, Train Loss: 0.8024, Validation Loss: 4.1190
Epoch 760/1000, Train Loss: 0.8511, Validation Loss: 5.7329
Epoch 761/1000, Train Loss: 0.8357, Validation Loss: 8.4633
Epoch 762/1000, Train Loss: 0.9719, Validation Loss: 2.0795
Epoch 763/1000, Train Loss: 0.8395, Validation Loss: 4.6865
Epoch 764/1000, Train Loss: 0.8094, Validation Loss: 1.2930
Epoch 765/1000, Train Loss: 0.8919, Validation Loss: 5.4201
Epoch 766/1000, Train Loss: 0.8323, Validation Loss: 2.0797
Epoch 767/1000, Train Loss: 0.8467, Validation Loss: 0.8879
Epoch 768/1000, Train Loss: 1.3469, Validation Loss: 6.7451
Epoch 769/1000, Train Loss: 0.8214, Validation Loss: 1.3428
Epoch 770/1000, Train Loss: 1.1381, Validation Loss: 1.6691
Epoch 771/1000, Train Loss: 0.8291, Validation Loss: 1.2356
Epoch 772/1000, Train Loss: 0.8330, Validation Loss: 1.1747
Epoch 773/1000, Train Loss: 0.8385, Validation Loss: 4.0685
Epoch 774/1000, Train Loss: 0.8230, Validation Loss: 3.7493
Epoch 775/1000, Train Loss: 0.8183, Validation Loss: 1.2532
Epoch 776/1000, Train Loss: 0.8417, Validation Loss: 1.2877
Epoch 777/1000, Train Loss: 1.0757, Validation Loss: 2.0779
Epoch 778/1000, Train Loss: 1.3108, Validation Loss: 0.8681
Epoch 779/1000, Train Loss: 0.8147, Validation Loss: 1.1410
Epoch 780/1000, Train Loss: 1.4006, Validation Loss: 1.2816
Epoch 781/1000, Train Loss: 0.8415, Validation Loss: 1.6976
Epoch 782/1000, Train Loss: 0.8743, Validation Loss: 0.8129
Epoch 783/1000, Train Loss: 19.8767, Validation Loss: 43.8400
Epoch 784/1000, Train Loss: 0.8194, Validation Loss: 0.9161
Epoch 785/1000, Train Loss: 0.8391, Validation Loss: 5.9679
Epoch 786/1000, Train Loss: 0.8277, Validation Loss: 0.9171
Epoch 787/1000, Train Loss: 0.8243, Validation Loss: 1.7722
Epoch 788/1000, Train Loss: 0.8648, Validation Loss: 5.9947
Epoch 789/1000, Train Loss: 0.8526, Validation Loss: 1.8165
Epoch 790/1000, Train Loss: 0.8423, Validation Loss: 2.0526
Epoch 791/1000, Train Loss: 1.0499, Validation Loss: 1.3254
Epoch 792/1000, Train Loss: 0.8201, Validation Loss: 2.0936
Epoch 793/1000, Train Loss: 0.8736, Validation Loss: 2.0973
Epoch 794/1000, Train Loss: 0.8607, Validation Loss: 1.6247
Epoch 795/1000, Train Loss: 0.8528, Validation Loss: 1.4293
Epoch 796/1000, Train Loss: 1.1462, Validation Loss: 1.6306
Epoch 797/1000, Train Loss: 0.9173, Validation Loss: 2.4858
Epoch 798/1000, Train Loss: 0.8112, Validation Loss: 2.4953
Epoch 799/1000, Train Loss: 0.9130, Validation Loss: 1.9040
Epoch 800/1000, Train Loss: 0.8944, Validation Loss: 2.7433
Epoch 801/1000, Train Loss: 0.8178, Validation Loss: 1.3259
Epoch 802/1000, Train Loss: 0.8537, Validation Loss: 6.4139
Epoch 803/1000, Train Loss: 0.8265, Validation Loss: 3.3408
Epoch 804/1000, Train Loss: 0.8974, Validation Loss: 3.6479
Epoch 805/1000, Train Loss: 0.8644, Validation Loss: 2.2392
Epoch 806/1000, Train Loss: 0.8277, Validation Loss: 1.0781
Epoch 807/1000, Train Loss: 1.1179, Validation Loss: 7.5654
Epoch 808/1000, Train Loss: 0.8415, Validation Loss: 1.6737
Epoch 809/1000, Train Loss: 0.8065, Validation Loss: 1.2195
Epoch 810/1000, Train Loss: 0.8221, Validation Loss: 1.1787
Epoch 811/1000, Train Loss: 10.5931, Validation Loss: 0.8686
Epoch 812/1000, Train Loss: 0.8140, Validation Loss: 1.5315
Epoch 813/1000, Train Loss: 0.8396, Validation Loss: 4.1685
Epoch 814/1000, Train Loss: 0.8215, Validation Loss: 1.4025
Epoch 815/1000, Train Loss: 0.8373, Validation Loss: 2.0464
Epoch 816/1000, Train Loss: 0.8154, Validation Loss: 2.1031
Epoch 817/1000, Train Loss: 0.8063, Validation Loss: 1.7361
Epoch 818/1000, Train Loss: 2.1302, Validation Loss: 2.5243
Epoch 819/1000, Train Loss: 0.9396, Validation Loss: 1.5607
Epoch 820/1000, Train Loss: 0.8244, Validation Loss: 1.9557
Epoch 821/1000, Train Loss: 0.8410, Validation Loss: 1.2771
Epoch 822/1000, Train Loss: 0.8034, Validation Loss: 1.1420
Epoch 823/1000, Train Loss: 0.9284, Validation Loss: 1.4915
Epoch 824/1000, Train Loss: 0.8639, Validation Loss: 6.2809
Epoch 825/1000, Train Loss: 0.8624, Validation Loss: 1.5166
Epoch 826/1000, Train Loss: 0.7950, Validation Loss: 2.0166
Epoch 827/1000, Train Loss: 0.8389, Validation Loss: 6.3128
Epoch 828/1000, Train Loss: 0.8267, Validation Loss: 0.8666
Epoch 829/1000, Train Loss: 1.5681, Validation Loss: 2.4095
Epoch 830/1000, Train Loss: 0.8214, Validation Loss: 3.9805
Epoch 831/1000, Train Loss: 0.8238, Validation Loss: 2.2231
Epoch 832/1000, Train Loss: 0.8264, Validation Loss: 1.3348
Epoch 833/1000, Train Loss: 0.8150, Validation Loss: 1.1195
Epoch 834/1000, Train Loss: 0.8440, Validation Loss: 4.6794
Epoch 835/1000, Train Loss: 0.8127, Validation Loss: 0.8005
Epoch 836/1000, Train Loss: 0.8678, Validation Loss: 4.1111
Epoch 837/1000, Train Loss: 0.8128, Validation Loss: 1.3645
Epoch 838/1000, Train Loss: 0.8137, Validation Loss: 1.0107
Epoch 839/1000, Train Loss: 0.9356, Validation Loss: 0.7297
Epoch 840/1000, Train Loss: 0.8177, Validation Loss: 1.1031
Epoch 841/1000, Train Loss: 0.8692, Validation Loss: 1.2867
Epoch 842/1000, Train Loss: 0.8358, Validation Loss: 1.7535
Epoch 843/1000, Train Loss: 0.8161, Validation Loss: 6.6712
Epoch 844/1000, Train Loss: 0.9203, Validation Loss: 1.4690
Epoch 845/1000, Train Loss: 0.8512, Validation Loss: 1.5161
Epoch 846/1000, Train Loss: 0.8214, Validation Loss: 1.1343
Epoch 847/1000, Train Loss: 0.9113, Validation Loss: 1.1609
Epoch 848/1000, Train Loss: 0.8083, Validation Loss: 0.9719
Epoch 849/1000, Train Loss: 0.8935, Validation Loss: 1.1856
Epoch 850/1000, Train Loss: 0.8702, Validation Loss: 5.0730
Epoch 851/1000, Train Loss: 0.8154, Validation Loss: 1.2543
Epoch 852/1000, Train Loss: 0.8329, Validation Loss: 1.6153
Epoch 853/1000, Train Loss: 0.8304, Validation Loss: 5.0765
Epoch 854/1000, Train Loss: 0.8352, Validation Loss: 1.6615
Epoch 855/1000, Train Loss: 0.8088, Validation Loss: 3.1946
Epoch 856/1000, Train Loss: 0.8382, Validation Loss: 1.8526
Epoch 857/1000, Train Loss: 0.7980, Validation Loss: 2.5764
Epoch 858/1000, Train Loss: 0.8265, Validation Loss: 4.0329
Epoch 859/1000, Train Loss: 0.8920, Validation Loss: 1.5590
Epoch 860/1000, Train Loss: 0.8388, Validation Loss: 1.8390
Epoch 861/1000, Train Loss: 0.8623, Validation Loss: 2.4989
Epoch 862/1000, Train Loss: 1.5411, Validation Loss: 6.6855
Epoch 863/1000, Train Loss: 0.8088, Validation Loss: 1.8750
Epoch 864/1000, Train Loss: 0.8120, Validation Loss: 6.7663
Epoch 865/1000, Train Loss: 2.2695, Validation Loss: 1.0176
Epoch 866/1000, Train Loss: 0.8261, Validation Loss: 2.2126
Epoch 867/1000, Train Loss: 0.9091, Validation Loss: 1.5251
Epoch 868/1000, Train Loss: 0.8488, Validation Loss: 1.6587
Epoch 869/1000, Train Loss: 0.8182, Validation Loss: 2.7103
Epoch 870/1000, Train Loss: 1.0149, Validation Loss: 0.9518
Epoch 871/1000, Train Loss: 0.8202, Validation Loss: 1.9996
Epoch 872/1000, Train Loss: 0.8620, Validation Loss: 5.2434
Epoch 873/1000, Train Loss: 0.8170, Validation Loss: 2.0104
Epoch 874/1000, Train Loss: 1.8200, Validation Loss: 1.1546
Epoch 875/1000, Train Loss: 0.8217, Validation Loss: 0.7537
Epoch 876/1000, Train Loss: 0.8162, Validation Loss: 2.3121
Epoch 877/1000, Train Loss: 0.8693, Validation Loss: 1.5595
Epoch 878/1000, Train Loss: 0.8962, Validation Loss: 1.3341
Epoch 879/1000, Train Loss: 0.8303, Validation Loss: 2.5916
Epoch 880/1000, Train Loss: 0.8619, Validation Loss: 2.3036
Epoch 881/1000, Train Loss: 0.9284, Validation Loss: 2.7056
Epoch 882/1000, Train Loss: 0.8341, Validation Loss: 4.3325
Epoch 883/1000, Train Loss: 1.0552, Validation Loss: 3.0820
Epoch 884/1000, Train Loss: 0.9464, Validation Loss: 3.1858
Epoch 885/1000, Train Loss: 0.8094, Validation Loss: 1.6454
Epoch 886/1000, Train Loss: 0.8460, Validation Loss: 1.6925
Epoch 887/1000, Train Loss: 0.8430, Validation Loss: 1.3359
Epoch 888/1000, Train Loss: 0.9683, Validation Loss: 1.1721
Epoch 889/1000, Train Loss: 0.8286, Validation Loss: 4.9716
Epoch 890/1000, Train Loss: 0.8117, Validation Loss: 1.4040
Epoch 891/1000, Train Loss: 0.8583, Validation Loss: 1.2453
Epoch 892/1000, Train Loss: 1.1910, Validation Loss: 1.1205
Epoch 893/1000, Train Loss: 0.8321, Validation Loss: 2.8205
Epoch 894/1000, Train Loss: 0.8347, Validation Loss: 4.5929
Epoch 895/1000, Train Loss: 0.8542, Validation Loss: 1.5836
Epoch 896/1000, Train Loss: 0.8063, Validation Loss: 1.0604
Epoch 897/1000, Train Loss: 1.0308, Validation Loss: 1.9667
Epoch 898/1000, Train Loss: 0.8223, Validation Loss: 0.9354
Epoch 899/1000, Train Loss: 0.8559, Validation Loss: 2.4666
Epoch 900/1000, Train Loss: 0.8235, Validation Loss: 0.8696
Epoch 901/1000, Train Loss: 0.8205, Validation Loss: 4.4107
Epoch 902/1000, Train Loss: 0.9202, Validation Loss: 3.4559
Epoch 903/1000, Train Loss: 1.4103, Validation Loss: 1.6378
Epoch 904/1000, Train Loss: 0.8234, Validation Loss: 1.5512
Epoch 905/1000, Train Loss: 1.9406, Validation Loss: 2.2970
Epoch 906/1000, Train Loss: 0.8144, Validation Loss: 1.7466
Epoch 907/1000, Train Loss: 1.0317, Validation Loss: 1.4091
Epoch 908/1000, Train Loss: 0.8347, Validation Loss: 1.1319
Epoch 909/1000, Train Loss: 0.8472, Validation Loss: 0.8698
Epoch 910/1000, Train Loss: 0.8808, Validation Loss: 1.9683
Epoch 911/1000, Train Loss: 0.8076, Validation Loss: 1.6688
Epoch 912/1000, Train Loss: 1.1823, Validation Loss: 1.6189
Epoch 913/1000, Train Loss: 0.7936, Validation Loss: 4.5749
Epoch 914/1000, Train Loss: 2.2742, Validation Loss: 5.0782
Epoch 915/1000, Train Loss: 0.7976, Validation Loss: 1.4881
Epoch 916/1000, Train Loss: 0.8293, Validation Loss: 1.2001
Epoch 917/1000, Train Loss: 0.8228, Validation Loss: 2.7970
Epoch 918/1000, Train Loss: 24.4407, Validation Loss: 1.6128
Epoch 919/1000, Train Loss: 0.8349, Validation Loss: 2.2293
Epoch 920/1000, Train Loss: 0.8747, Validation Loss: 2.3932
Epoch 921/1000, Train Loss: 0.8243, Validation Loss: 2.7878
Epoch 922/1000, Train Loss: 0.7923, Validation Loss: 2.0861
Epoch 923/1000, Train Loss: 0.8614, Validation Loss: 1.4589
Epoch 924/1000, Train Loss: 0.8096, Validation Loss: 1.9973
Epoch 925/1000, Train Loss: 0.8555, Validation Loss: 2.9231
Epoch 926/1000, Train Loss: 0.8065, Validation Loss: 4.4427
Epoch 927/1000, Train Loss: 0.9352, Validation Loss: 1.0038
Epoch 928/1000, Train Loss: 1.0594, Validation Loss: 2.2659
Epoch 929/1000, Train Loss: 0.8467, Validation Loss: 1.1968
Epoch 930/1000, Train Loss: 0.8409, Validation Loss: 1.3837
Epoch 931/1000, Train Loss: 0.8323, Validation Loss: 1.6007
Epoch 932/1000, Train Loss: 0.8107, Validation Loss: 2.5110
Epoch 933/1000, Train Loss: 0.8161, Validation Loss: 1.9700
Epoch 934/1000, Train Loss: 0.8111, Validation Loss: 1.1617
Epoch 935/1000, Train Loss: 0.8317, Validation Loss: 1.5995
Epoch 936/1000, Train Loss: 0.8742, Validation Loss: 1.8617
Epoch 937/1000, Train Loss: 0.8130, Validation Loss: 2.8748
Epoch 938/1000, Train Loss: 0.8324, Validation Loss: 0.8304
Epoch 939/1000, Train Loss: 0.8252, Validation Loss: 3.0312
Epoch 940/1000, Train Loss: 0.8826, Validation Loss: 1.2738
Epoch 941/1000, Train Loss: 0.8442, Validation Loss: 0.7829
Epoch 942/1000, Train Loss: 0.8062, Validation Loss: 3.0139
Epoch 943/1000, Train Loss: 0.8746, Validation Loss: 3.3403
Epoch 944/1000, Train Loss: 12.6983, Validation Loss: 2.1874
Epoch 945/1000, Train Loss: 0.8234, Validation Loss: 5.5549
Epoch 946/1000, Train Loss: 0.8487, Validation Loss: 5.1986
Epoch 947/1000, Train Loss: 1.3503, Validation Loss: 5.3551
Epoch 948/1000, Train Loss: 0.8488, Validation Loss: 1.2226
Epoch 949/1000, Train Loss: 0.8538, Validation Loss: 1.6910
Epoch 950/1000, Train Loss: 0.8397, Validation Loss: 1.2581
Epoch 951/1000, Train Loss: 0.8504, Validation Loss: 1.3491
Epoch 952/1000, Train Loss: 1.5438, Validation Loss: 1.2370
Epoch 953/1000, Train Loss: 1.1739, Validation Loss: 3.2204
Epoch 954/1000, Train Loss: 0.8366, Validation Loss: 3.8979
Epoch 955/1000, Train Loss: 0.8242, Validation Loss: 1.1173
Epoch 956/1000, Train Loss: 3.3441, Validation Loss: 2.4605
Epoch 957/1000, Train Loss: 0.8087, Validation Loss: 3.1883
Epoch 958/1000, Train Loss: 0.8252, Validation Loss: 1.1668
Epoch 959/1000, Train Loss: 0.8088, Validation Loss: 1.7650
Epoch 960/1000, Train Loss: 0.7990, Validation Loss: 5.0001
Epoch 961/1000, Train Loss: 1.0924, Validation Loss: 1.7076
Epoch 962/1000, Train Loss: 0.8157, Validation Loss: 1.5596
Epoch 963/1000, Train Loss: 2.4034, Validation Loss: 3.5343
Epoch 964/1000, Train Loss: 0.8353, Validation Loss: 4.6467
Epoch 965/1000, Train Loss: 0.8051, Validation Loss: 1.3199
Epoch 966/1000, Train Loss: 0.8541, Validation Loss: 1.1532
Epoch 967/1000, Train Loss: 0.9814, Validation Loss: 1.6331
Epoch 968/1000, Train Loss: 0.8103, Validation Loss: 1.1111
Epoch 969/1000, Train Loss: 0.8517, Validation Loss: 2.8834
Epoch 970/1000, Train Loss: 0.8108, Validation Loss: 5.0245
Epoch 971/1000, Train Loss: 0.8415, Validation Loss: 2.5517
Epoch 972/1000, Train Loss: 0.9484, Validation Loss: 0.7681
Epoch 973/1000, Train Loss: 1.2123, Validation Loss: 2.7899
Epoch 974/1000, Train Loss: 0.7937, Validation Loss: 4.8420
Epoch 975/1000, Train Loss: 3.9422, Validation Loss: 1.0919
Epoch 976/1000, Train Loss: 0.8642, Validation Loss: 1.6928
Epoch 977/1000, Train Loss: 1.2425, Validation Loss: 2.3126
Epoch 978/1000, Train Loss: 0.9053, Validation Loss: 3.3178
Epoch 979/1000, Train Loss: 0.8478, Validation Loss: 1.7140
Epoch 980/1000, Train Loss: 0.8616, Validation Loss: 1.4429
Epoch 981/1000, Train Loss: 0.8217, Validation Loss: 2.2383
Epoch 982/1000, Train Loss: 0.8267, Validation Loss: 1.3425
Epoch 983/1000, Train Loss: 0.8531, Validation Loss: 4.5152
Epoch 984/1000, Train Loss: 0.8125, Validation Loss: 1.0510
Epoch 985/1000, Train Loss: 0.8425, Validation Loss: 1.1293
Epoch 986/1000, Train Loss: 0.8199, Validation Loss: 1.6019
Epoch 987/1000, Train Loss: 0.8194, Validation Loss: 1.2608
Epoch 988/1000, Train Loss: 0.9613, Validation Loss: 1.5816
Epoch 989/1000, Train Loss: 0.8704, Validation Loss: 3.0581
Epoch 990/1000, Train Loss: 0.8356, Validation Loss: 2.8678
Epoch 991/1000, Train Loss: 0.8360, Validation Loss: 2.0895
Epoch 992/1000, Train Loss: 1.8313, Validation Loss: 2.8185
Epoch 993/1000, Train Loss: 0.8316, Validation Loss: 1.2751
Epoch 994/1000, Train Loss: 0.8242, Validation Loss: 1.9935
Epoch 995/1000, Train Loss: 0.8027, Validation Loss: 1.1038
Epoch 996/1000, Train Loss: 1.2751, Validation Loss: 2.3544
Epoch 997/1000, Train Loss: 0.8377, Validation Loss: 1.4954
Epoch 998/1000, Train Loss: 0.8429, Validation Loss: 1.2012
Epoch 999/1000, Train Loss: 0.8203, Validation Loss: 3.4496
Epoch 1000/1000, Train Loss: 0.8038, Validation Loss: 1.9418
Best Training Loss: 0.7908
Best Training Loss Epoch: 698
Best Validation Loss: 0.7271
Best Validation Loss Epoch: 326
Time taken for training: 0-16:02:23
Test Loss: 0.7637
Test MAPE: 152263.6562%
Error Statistics:
count    4.127200e+04
mean     2.924844e+03
std      4.254963e+05
min      8.821487e-06
25%      3.292252e-01
50%      2.468013e+00
75%      3.408951e+01
max      8.538685e+07
Name: Absolute Error, dtype: float64
Training complete. Final model saved.
Saving model as a wandb Artifact...
Model artifact logged successfully.
[1;34mwandb[0m: 
[1;34mwandb[0m: 🚀 View run [33mamber-sweep-60[0m at: [34mhttps://wandb.ai/mk8737-new-york-university/rl_pretrain_hp_sweeps/runs/jerzjhv6[0m
[1;34mwandb[0m: Find logs at: [1;35mwandb/run-20251006_143958-jerzjhv6/logs[0m
Agent finished.
