Waiting for sweep ID...
Found Sweep ID: be12np04
Starting wandb agent for sweep be12np04...
TRAINING DEVICE: cpu
Run Name: GCN_global_hp_sweep_be12np04-j24v53xi
finidhed preparing data
Loading dataset from pretrain_dataset_12.5k_fixed_duplicates.pkl
Loaded 412712 data objects.
finished preparing data
Epoch 1/1000, Train Loss: 6.7941, Validation Loss: 2.4128
Epoch 2/1000, Train Loss: 1.9183, Validation Loss: 2.2582
Epoch 3/1000, Train Loss: 1.6871, Validation Loss: 2.0264
Epoch 4/1000, Train Loss: 1.4690, Validation Loss: 2.5683
Epoch 5/1000, Train Loss: 1.3415, Validation Loss: 5.9336
Epoch 6/1000, Train Loss: 39.5075, Validation Loss: 6.3075
Epoch 7/1000, Train Loss: 7.2223, Validation Loss: 1.7597
Epoch 8/1000, Train Loss: 107.5021, Validation Loss: 2.6177
Epoch 9/1000, Train Loss: 1.2425, Validation Loss: 3.5368
Epoch 10/1000, Train Loss: 6.0923, Validation Loss: 1593.7010
Epoch 11/1000, Train Loss: 1.2036, Validation Loss: 1.2215
Epoch 12/1000, Train Loss: 1.1591, Validation Loss: 1.1652
Epoch 13/1000, Train Loss: 1.4472, Validation Loss: 1.0409
Epoch 14/1000, Train Loss: 1.1347, Validation Loss: 1.0014
Epoch 15/1000, Train Loss: 1.1331, Validation Loss: 1.4201
Epoch 16/1000, Train Loss: 1.5487, Validation Loss: 3.8074
Epoch 17/1000, Train Loss: 1.2100, Validation Loss: 1.2639
Epoch 18/1000, Train Loss: 5.0706, Validation Loss: 3.3973
Epoch 19/1000, Train Loss: 1.1150, Validation Loss: 2.6637
Epoch 20/1000, Train Loss: 1.3159, Validation Loss: 1.1174
Epoch 21/1000, Train Loss: 3.4603, Validation Loss: 1.5545
Epoch 22/1000, Train Loss: 2.9179, Validation Loss: 137.4596
Epoch 23/1000, Train Loss: 7.7840, Validation Loss: 5.6696
Epoch 24/1000, Train Loss: 1.0792, Validation Loss: 1.4946
Epoch 25/1000, Train Loss: 1.0705, Validation Loss: 1.9900
Epoch 26/1000, Train Loss: 4.5501, Validation Loss: 1.0698
Epoch 27/1000, Train Loss: 57.0359, Validation Loss: 3.5716
Epoch 28/1000, Train Loss: 2.2574, Validation Loss: 3.0500
Epoch 29/1000, Train Loss: 1.0257, Validation Loss: 1.2945
Epoch 30/1000, Train Loss: 1.3467, Validation Loss: 2.2188
Epoch 31/1000, Train Loss: 1.7758, Validation Loss: 1.0563
Epoch 32/1000, Train Loss: 1.1555, Validation Loss: 2.2760
Epoch 33/1000, Train Loss: 1.1182, Validation Loss: 1.1943
Epoch 34/1000, Train Loss: 1.1127, Validation Loss: 3.4279
Epoch 35/1000, Train Loss: 2.5775, Validation Loss: 1.9752
Epoch 36/1000, Train Loss: 1.1899, Validation Loss: 1.4121
Epoch 37/1000, Train Loss: 1.0299, Validation Loss: 2.4218
Epoch 38/1000, Train Loss: 1.0103, Validation Loss: 1.5472
Epoch 39/1000, Train Loss: 1.0527, Validation Loss: 1.8075
Epoch 40/1000, Train Loss: 7543.0392, Validation Loss: 3.2701
Epoch 41/1000, Train Loss: 0.9726, Validation Loss: 1.1714
Epoch 42/1000, Train Loss: 1.1817, Validation Loss: 1.9714
Epoch 43/1000, Train Loss: 1.0078, Validation Loss: 1.5778
Epoch 44/1000, Train Loss: 4.9219, Validation Loss: 0.9246
Epoch 45/1000, Train Loss: 1.3321, Validation Loss: 0.9880
Epoch 46/1000, Train Loss: 1.2811, Validation Loss: 4.0371
Epoch 47/1000, Train Loss: 0.9840, Validation Loss: 3.4043
Epoch 48/1000, Train Loss: 1.0113, Validation Loss: 1.8441
Epoch 49/1000, Train Loss: 1.0505, Validation Loss: 3.4016
Epoch 50/1000, Train Loss: 1.4502, Validation Loss: 3.6861
Epoch 51/1000, Train Loss: 0.9615, Validation Loss: 1.4374
Epoch 52/1000, Train Loss: 4.2473, Validation Loss: 3.1389
Epoch 53/1000, Train Loss: 21.8985, Validation Loss: 1.8702
Epoch 54/1000, Train Loss: 0.9929, Validation Loss: 3.4497
Epoch 55/1000, Train Loss: 1.1168, Validation Loss: 1.8285
Epoch 56/1000, Train Loss: 1.3624, Validation Loss: 1.3937
Epoch 57/1000, Train Loss: 0.9843, Validation Loss: 4.2111
Epoch 58/1000, Train Loss: 2.1244, Validation Loss: 1.0537
Epoch 59/1000, Train Loss: 2.4535, Validation Loss: 1.3868
Epoch 60/1000, Train Loss: 0.9978, Validation Loss: 0.9697
Epoch 61/1000, Train Loss: 11.0209, Validation Loss: 1.4667
Epoch 62/1000, Train Loss: 1.0202, Validation Loss: 1.1814
Epoch 63/1000, Train Loss: 1.4353, Validation Loss: 2.9898
Epoch 64/1000, Train Loss: 727.9618, Validation Loss: 1.2770
Epoch 65/1000, Train Loss: 1.0086, Validation Loss: 1.6106
Epoch 66/1000, Train Loss: 0.9443, Validation Loss: 4.3930
Epoch 67/1000, Train Loss: 2.1162, Validation Loss: 1.6556
Epoch 68/1000, Train Loss: 0.9652, Validation Loss: 2.3269
Epoch 69/1000, Train Loss: 337.1184, Validation Loss: 1.5253
Epoch 70/1000, Train Loss: 0.9423, Validation Loss: 1.7839
Epoch 71/1000, Train Loss: 586.1162, Validation Loss: 1.8886
Epoch 72/1000, Train Loss: 55.8403, Validation Loss: 1.5000
Epoch 73/1000, Train Loss: 0.9485, Validation Loss: 1.3888
Epoch 74/1000, Train Loss: 0.9605, Validation Loss: 0.8521
Epoch 75/1000, Train Loss: 3.7205, Validation Loss: 3.5867
Epoch 76/1000, Train Loss: 1.5912, Validation Loss: 2.0393
Epoch 77/1000, Train Loss: 0.9425, Validation Loss: 0.9544
Epoch 78/1000, Train Loss: 44.7994, Validation Loss: 2.7568
Epoch 79/1000, Train Loss: 1.0986, Validation Loss: 1.2831
Epoch 80/1000, Train Loss: 12.2233, Validation Loss: 1.8160
Epoch 81/1000, Train Loss: 0.9874, Validation Loss: 3.2501
Epoch 82/1000, Train Loss: 1.3501, Validation Loss: 3.8383
Epoch 83/1000, Train Loss: 0.8849, Validation Loss: 1.1354
Epoch 84/1000, Train Loss: 1.1246, Validation Loss: 2.8828
Epoch 85/1000, Train Loss: 1.3590, Validation Loss: 3.0846
Epoch 86/1000, Train Loss: 0.8832, Validation Loss: 1.8451
Epoch 87/1000, Train Loss: 8.3784, Validation Loss: 2.3832
Epoch 88/1000, Train Loss: 0.9680, Validation Loss: 1.5646
Epoch 89/1000, Train Loss: 0.8705, Validation Loss: 1.4272
Epoch 90/1000, Train Loss: 1.9784, Validation Loss: 0.9240
Epoch 91/1000, Train Loss: 0.9565, Validation Loss: 2.6010
Epoch 92/1000, Train Loss: 0.9535, Validation Loss: 2.8284
Epoch 93/1000, Train Loss: 404.5684, Validation Loss: 1.6125
Epoch 94/1000, Train Loss: 1.2101, Validation Loss: 6.0932
Epoch 95/1000, Train Loss: 1.0601, Validation Loss: 3.1938
Epoch 96/1000, Train Loss: 0.9561, Validation Loss: 2.6187
Epoch 97/1000, Train Loss: 2.2761, Validation Loss: 3.3949
Epoch 98/1000, Train Loss: 0.8902, Validation Loss: 1.1139
Epoch 99/1000, Train Loss: 116.8098, Validation Loss: 1.1783
Epoch 100/1000, Train Loss: 29.4061, Validation Loss: 2.9017
Epoch 101/1000, Train Loss: 33.0221, Validation Loss: 0.8888
Epoch 102/1000, Train Loss: 0.9078, Validation Loss: 2.0216
Epoch 103/1000, Train Loss: 1.4794, Validation Loss: 1.3497
Epoch 104/1000, Train Loss: 0.9312, Validation Loss: 1.4202
Epoch 105/1000, Train Loss: 7.9680, Validation Loss: 1.6661
Epoch 106/1000, Train Loss: 0.8717, Validation Loss: 1.4433
Epoch 107/1000, Train Loss: 1.1173, Validation Loss: 3.4869
Epoch 108/1000, Train Loss: 0.9084, Validation Loss: 0.9617
Epoch 109/1000, Train Loss: 6.1282, Validation Loss: 1.7514
Epoch 110/1000, Train Loss: 0.9627, Validation Loss: 1.0436
Epoch 111/1000, Train Loss: 0.9583, Validation Loss: 4.3992
Epoch 112/1000, Train Loss: 0.9016, Validation Loss: 2.2320
Epoch 113/1000, Train Loss: 1.1700, Validation Loss: 2.1198
Epoch 114/1000, Train Loss: 2.2784, Validation Loss: 3.6727
Epoch 115/1000, Train Loss: 0.9039, Validation Loss: 2.6523
Epoch 116/1000, Train Loss: 0.8956, Validation Loss: 2.1133
Epoch 117/1000, Train Loss: 52.2809, Validation Loss: 3.8310
Epoch 118/1000, Train Loss: 240.5201, Validation Loss: 2.8034
Epoch 119/1000, Train Loss: 0.9091, Validation Loss: 5.0110
Epoch 120/1000, Train Loss: 1843.0561, Validation Loss: 2.3800
Epoch 121/1000, Train Loss: 0.9825, Validation Loss: 1.1427
Epoch 122/1000, Train Loss: 0.8884, Validation Loss: 1.5650
Epoch 123/1000, Train Loss: 1.6311, Validation Loss: 2.0942
Epoch 124/1000, Train Loss: 0.8830, Validation Loss: 0.9003
Epoch 125/1000, Train Loss: 4.4242, Validation Loss: 1.3420
Epoch 126/1000, Train Loss: 1.0449, Validation Loss: 1.5120
Epoch 127/1000, Train Loss: 0.8852, Validation Loss: 1.3966
Epoch 128/1000, Train Loss: 2.2000, Validation Loss: 1.8293
Epoch 129/1000, Train Loss: 1.3483, Validation Loss: 1.0318
Epoch 130/1000, Train Loss: 7.3893, Validation Loss: 1.2071
Epoch 131/1000, Train Loss: 1.2904, Validation Loss: 0.8442
Epoch 132/1000, Train Loss: 1.6552, Validation Loss: 1.4455
Epoch 133/1000, Train Loss: 0.9115, Validation Loss: 1.5152
Epoch 134/1000, Train Loss: 5.1898, Validation Loss: 1.5502
Epoch 135/1000, Train Loss: 1.0645, Validation Loss: 1.2839
Epoch 136/1000, Train Loss: 0.9081, Validation Loss: 1.8301
Epoch 137/1000, Train Loss: 1.2084, Validation Loss: 1.6490
Epoch 138/1000, Train Loss: 66.6023, Validation Loss: 0.9882
Epoch 139/1000, Train Loss: 0.9121, Validation Loss: 3.1693
Epoch 140/1000, Train Loss: 3.1480, Validation Loss: 2.2847
Epoch 141/1000, Train Loss: 0.8610, Validation Loss: 1.5339
Epoch 142/1000, Train Loss: 0.9718, Validation Loss: 0.8820
Epoch 143/1000, Train Loss: 1.7035, Validation Loss: 1.9247
Epoch 144/1000, Train Loss: 27.1824, Validation Loss: 1.7090
Epoch 145/1000, Train Loss: 0.9701, Validation Loss: 1.0538
Epoch 146/1000, Train Loss: 0.9883, Validation Loss: 1.3518
Epoch 147/1000, Train Loss: 0.8447, Validation Loss: 1.0978
Epoch 148/1000, Train Loss: 4.6369, Validation Loss: 2.8055
Epoch 149/1000, Train Loss: 0.8760, Validation Loss: 4.8933
Epoch 150/1000, Train Loss: 84.7155, Validation Loss: 1.3207
Epoch 151/1000, Train Loss: 0.9254, Validation Loss: 1.1864
Epoch 152/1000, Train Loss: 4.1077, Validation Loss: 1.1945
Epoch 153/1000, Train Loss: 0.9517, Validation Loss: 1.9486
Epoch 154/1000, Train Loss: 0.8965, Validation Loss: 3.0265
Epoch 155/1000, Train Loss: 1.9795, Validation Loss: 1.7742
Epoch 156/1000, Train Loss: 0.9072, Validation Loss: 2.1919
Epoch 157/1000, Train Loss: 1.0258, Validation Loss: 1.2707
Epoch 158/1000, Train Loss: 0.9028, Validation Loss: 1.5313
Epoch 159/1000, Train Loss: 0.8698, Validation Loss: 1.4899
Epoch 160/1000, Train Loss: 1.1004, Validation Loss: 0.8025
Epoch 161/1000, Train Loss: 11.4632, Validation Loss: 2.0208
Epoch 162/1000, Train Loss: 16.9052, Validation Loss: 1.6987
Epoch 163/1000, Train Loss: 0.9148, Validation Loss: 2.1403
Epoch 164/1000, Train Loss: 0.9316, Validation Loss: 0.7882
Epoch 165/1000, Train Loss: 0.9713, Validation Loss: 0.9137
Epoch 166/1000, Train Loss: 18.3837, Validation Loss: 5.6792
Epoch 167/1000, Train Loss: 0.8782, Validation Loss: 1.1664
Epoch 168/1000, Train Loss: 508.5588, Validation Loss: 1.2327
Epoch 169/1000, Train Loss: 17.5168, Validation Loss: 2.2923
Epoch 170/1000, Train Loss: 106.6677, Validation Loss: 3.1383
Epoch 171/1000, Train Loss: 1.7487, Validation Loss: 1.9884
Epoch 172/1000, Train Loss: 0.9529, Validation Loss: 1.2372
Epoch 173/1000, Train Loss: 8.1207, Validation Loss: 3.2792
Epoch 174/1000, Train Loss: 2.5330, Validation Loss: 2.9097
Epoch 175/1000, Train Loss: 1.3359, Validation Loss: 27.7209
Epoch 176/1000, Train Loss: 5.6242, Validation Loss: 5.4886
Epoch 177/1000, Train Loss: 0.9001, Validation Loss: 1.3850
Epoch 178/1000, Train Loss: 0.9327, Validation Loss: 3.0495
Epoch 179/1000, Train Loss: 1.0647, Validation Loss: 2.9107
Epoch 180/1000, Train Loss: 713.5815, Validation Loss: 1.4479
Epoch 181/1000, Train Loss: 1.3485, Validation Loss: 3.0597
Epoch 182/1000, Train Loss: 1.0439, Validation Loss: 1.5382
Epoch 183/1000, Train Loss: 3.7712, Validation Loss: 1.4615
Epoch 184/1000, Train Loss: 10.1155, Validation Loss: 2.6991
Epoch 185/1000, Train Loss: 0.9151, Validation Loss: 2.6814
Epoch 186/1000, Train Loss: 32.4568, Validation Loss: 1.6404
Epoch 187/1000, Train Loss: 801.8897, Validation Loss: 1.5241
Epoch 188/1000, Train Loss: 0.8996, Validation Loss: 0.9815
Epoch 189/1000, Train Loss: 67.1476, Validation Loss: 3.2382
Epoch 190/1000, Train Loss: 0.8693, Validation Loss: 1086.6924
Epoch 191/1000, Train Loss: 9.9868, Validation Loss: 1.8212
Epoch 192/1000, Train Loss: 0.8983, Validation Loss: 1.6675
Epoch 193/1000, Train Loss: 1.0143, Validation Loss: 2.0216
Epoch 194/1000, Train Loss: 70.2943, Validation Loss: 3.8937
Epoch 195/1000, Train Loss: 1.7207, Validation Loss: 1.8707
Epoch 196/1000, Train Loss: 0.9237, Validation Loss: 3.8457
Epoch 197/1000, Train Loss: 6.5440, Validation Loss: 2.9610
Epoch 198/1000, Train Loss: 0.8905, Validation Loss: 1.0162
Epoch 199/1000, Train Loss: 9.4647, Validation Loss: 2.1513
Epoch 200/1000, Train Loss: 0.9489, Validation Loss: 1.4157
Epoch 201/1000, Train Loss: 1.5806, Validation Loss: 1.0931
Epoch 202/1000, Train Loss: 785.1224, Validation Loss: 3.1876
Epoch 203/1000, Train Loss: 0.9840, Validation Loss: 1.4774
Epoch 204/1000, Train Loss: 28.8883, Validation Loss: 2.4937
Epoch 205/1000, Train Loss: 0.9214, Validation Loss: 1.1911
Epoch 206/1000, Train Loss: 513.5237, Validation Loss: 1.3971
Epoch 207/1000, Train Loss: 0.9678, Validation Loss: 1.7883
Epoch 208/1000, Train Loss: 1.5381, Validation Loss: 2.8406
Epoch 209/1000, Train Loss: 1.2943, Validation Loss: 1.0769
Epoch 210/1000, Train Loss: 0.9471, Validation Loss: 1.5760
Epoch 211/1000, Train Loss: 3.8004, Validation Loss: 1.2014
Epoch 212/1000, Train Loss: 0.9008, Validation Loss: 2.7535
Epoch 213/1000, Train Loss: 2.5919, Validation Loss: 0.7497
Epoch 214/1000, Train Loss: 0.9013, Validation Loss: 1.2568
Epoch 215/1000, Train Loss: 28.6194, Validation Loss: 1.0766
Epoch 216/1000, Train Loss: 0.9928, Validation Loss: 2.0359
Epoch 217/1000, Train Loss: 0.8721, Validation Loss: 2.1975
Epoch 218/1000, Train Loss: 1.7637, Validation Loss: 2.2507
Epoch 219/1000, Train Loss: 0.8838, Validation Loss: 1.2399
Epoch 220/1000, Train Loss: 1.9820, Validation Loss: 1.5827
Epoch 221/1000, Train Loss: 0.9361, Validation Loss: 1.1356
Epoch 222/1000, Train Loss: 0.8460, Validation Loss: 1.2196
Epoch 223/1000, Train Loss: 1.9369, Validation Loss: 2.3267
Epoch 224/1000, Train Loss: 0.8765, Validation Loss: 2.6947
Epoch 225/1000, Train Loss: 126.8541, Validation Loss: 1.7198
Epoch 226/1000, Train Loss: 1.4221, Validation Loss: 1.9594
Epoch 227/1000, Train Loss: 0.8963, Validation Loss: 1.7583
Epoch 228/1000, Train Loss: 127.8818, Validation Loss: 1.3580
Epoch 229/1000, Train Loss: 0.8929, Validation Loss: 1.7853
Epoch 230/1000, Train Loss: 30.0128, Validation Loss: 1.2918
Epoch 231/1000, Train Loss: 0.9573, Validation Loss: 1.5347
Epoch 232/1000, Train Loss: 0.9112, Validation Loss: 3.0029
Epoch 233/1000, Train Loss: 0.9472, Validation Loss: 1.8388
Epoch 234/1000, Train Loss: 2.7479, Validation Loss: 0.7863
Epoch 235/1000, Train Loss: 0.9073, Validation Loss: 0.9967
Epoch 236/1000, Train Loss: 1.6629, Validation Loss: 1.9375
Epoch 237/1000, Train Loss: 0.8594, Validation Loss: 1.5731
Epoch 238/1000, Train Loss: 1.9218, Validation Loss: 0.7805
Epoch 239/1000, Train Loss: 0.9738, Validation Loss: 1.2847
Epoch 240/1000, Train Loss: 0.8638, Validation Loss: 2.7284
Epoch 241/1000, Train Loss: 6.0976, Validation Loss: 3.3996
Epoch 242/1000, Train Loss: 0.9001, Validation Loss: 1.6278
Epoch 243/1000, Train Loss: 0.8510, Validation Loss: 3.5055
Epoch 244/1000, Train Loss: 0.9575, Validation Loss: 0.9325
Epoch 245/1000, Train Loss: 44.8628, Validation Loss: 0.7871
Epoch 246/1000, Train Loss: 0.8979, Validation Loss: 1.1380
Epoch 247/1000, Train Loss: 1.0481, Validation Loss: 1.4424
Epoch 248/1000, Train Loss: 9.4974, Validation Loss: 1.2651
Epoch 249/1000, Train Loss: 0.8701, Validation Loss: 1.7538
Epoch 250/1000, Train Loss: 1.8384, Validation Loss: 5.9223
Epoch 251/1000, Train Loss: 0.9015, Validation Loss: 0.8516
Epoch 252/1000, Train Loss: 0.8739, Validation Loss: 1.5206
Epoch 253/1000, Train Loss: 0.8809, Validation Loss: 1.1021
Epoch 254/1000, Train Loss: 1.7979, Validation Loss: 2.5001
Epoch 255/1000, Train Loss: 0.9584, Validation Loss: 0.8492
Epoch 256/1000, Train Loss: 102.4092, Validation Loss: 3.6382
Epoch 257/1000, Train Loss: 84.3055, Validation Loss: 1.1124
Epoch 258/1000, Train Loss: 1.0250, Validation Loss: 2.0718
Epoch 259/1000, Train Loss: 2.4726, Validation Loss: 6.1348
Epoch 260/1000, Train Loss: 3.2568, Validation Loss: 2.8027
Epoch 261/1000, Train Loss: 2.0636, Validation Loss: 3.3061
Epoch 262/1000, Train Loss: 4750.1793, Validation Loss: 2.7141
Epoch 263/1000, Train Loss: 1.0151, Validation Loss: 2.9960
Epoch 264/1000, Train Loss: 0.9624, Validation Loss: 2.9715
Epoch 265/1000, Train Loss: 1.0299, Validation Loss: 2.2915
Epoch 266/1000, Train Loss: 153.6008, Validation Loss: 1.6555
Epoch 267/1000, Train Loss: 9.4403, Validation Loss: 2.1141
Epoch 268/1000, Train Loss: 0.9658, Validation Loss: 4.0378
Epoch 269/1000, Train Loss: 1.6253, Validation Loss: 2.4287
Epoch 270/1000, Train Loss: 2422.8823, Validation Loss: 6.1564
Epoch 271/1000, Train Loss: 3.8657, Validation Loss: 7.4025
Epoch 272/1000, Train Loss: 1.0745, Validation Loss: 1.6096
Epoch 273/1000, Train Loss: 17.1377, Validation Loss: 0.8836
Epoch 274/1000, Train Loss: 1.2358, Validation Loss: 1.3764
Epoch 275/1000, Train Loss: 0.9613, Validation Loss: 1.3076
Epoch 276/1000, Train Loss: 1.6897, Validation Loss: 3.2168
Epoch 277/1000, Train Loss: 6.1150, Validation Loss: 0.9906
Epoch 278/1000, Train Loss: 5.1178, Validation Loss: 3.2494
Epoch 279/1000, Train Loss: 1.1952, Validation Loss: 1.5575
Epoch 280/1000, Train Loss: 8189.2396, Validation Loss: 2.7112
Epoch 281/1000, Train Loss: 2.0878, Validation Loss: 1.1588
Epoch 282/1000, Train Loss: 1.1166, Validation Loss: 2.2334
Epoch 283/1000, Train Loss: 20.7658, Validation Loss: 2.1658
Epoch 284/1000, Train Loss: 155.4009, Validation Loss: 3.4872
Epoch 285/1000, Train Loss: 2733.3443, Validation Loss: 1.6345
Epoch 286/1000, Train Loss: 1.5463, Validation Loss: 4.6801
Epoch 287/1000, Train Loss: 0.9669, Validation Loss: 1.5138
Epoch 288/1000, Train Loss: 8.3432, Validation Loss: 3.1309
Epoch 289/1000, Train Loss: 221.2793, Validation Loss: 6.3923
Epoch 290/1000, Train Loss: 9.3475, Validation Loss: 6.1170
Epoch 291/1000, Train Loss: 95.4608, Validation Loss: 6.0775
Epoch 292/1000, Train Loss: 6.6878, Validation Loss: 6.1576
Epoch 293/1000, Train Loss: 7.7554, Validation Loss: 6.3212
Epoch 294/1000, Train Loss: 7.7771, Validation Loss: 6.0711
Epoch 295/1000, Train Loss: 6.2375, Validation Loss: 6.5137
Epoch 296/1000, Train Loss: 11.1800, Validation Loss: 6.1402
Epoch 297/1000, Train Loss: 136.1030, Validation Loss: 6.0723
Epoch 298/1000, Train Loss: 8.5754, Validation Loss: 6.2076
Epoch 299/1000, Train Loss: 6.9537, Validation Loss: 6.0818
Epoch 300/1000, Train Loss: 6.4853, Validation Loss: 6.0897
Epoch 301/1000, Train Loss: 185.0502, Validation Loss: 6.0904
Epoch 302/1000, Train Loss: 69.4207, Validation Loss: 6.1237
Epoch 303/1000, Train Loss: 6.6272, Validation Loss: 6.2908
Epoch 304/1000, Train Loss: 6.8191, Validation Loss: 6.1025
Epoch 305/1000, Train Loss: 6.5109, Validation Loss: 6.1758
Epoch 306/1000, Train Loss: 57.8163, Validation Loss: 6.2871
Epoch 307/1000, Train Loss: 115.2039, Validation Loss: 6.2157
Epoch 308/1000, Train Loss: 6.2751, Validation Loss: 6.0703
Epoch 309/1000, Train Loss: 67.6388, Validation Loss: 6.1540
Epoch 310/1000, Train Loss: 33.7901, Validation Loss: 6.1304
Epoch 311/1000, Train Loss: 72.1207, Validation Loss: 6.2279
Epoch 312/1000, Train Loss: 6.7228, Validation Loss: 1785386498.3704
Epoch 313/1000, Train Loss: 15.9866, Validation Loss: 6.2180
Epoch 314/1000, Train Loss: 141.8097, Validation Loss: 6.0762
Epoch 315/1000, Train Loss: 88.6050, Validation Loss: 6.6568
Epoch 316/1000, Train Loss: 7.4073, Validation Loss: 6.0690
Epoch 317/1000, Train Loss: 6.4796, Validation Loss: 6.1635
Epoch 318/1000, Train Loss: 257.0934, Validation Loss: 6.0855
Epoch 319/1000, Train Loss: 18421.9981, Validation Loss: 6.2905
Epoch 320/1000, Train Loss: 6.2164, Validation Loss: 6.0688
Epoch 321/1000, Train Loss: 13.5823, Validation Loss: 6.0695
Epoch 322/1000, Train Loss: 7.4444, Validation Loss: 6.1072
Epoch 323/1000, Train Loss: 10.3577, Validation Loss: 6.4964
Epoch 324/1000, Train Loss: 16.4234, Validation Loss: 4.0607
Epoch 325/1000, Train Loss: 4.0575, Validation Loss: 1.7056
Epoch 326/1000, Train Loss: 2.1943, Validation Loss: 3.3719
Epoch 327/1000, Train Loss: 1.5239, Validation Loss: 3.5361
Epoch 328/1000, Train Loss: 1.4623, Validation Loss: 7.0349
Epoch 329/1000, Train Loss: 1.4444, Validation Loss: 3.1223
Epoch 330/1000, Train Loss: 1.4561, Validation Loss: 6.6440
Epoch 331/1000, Train Loss: 1.4911, Validation Loss: 1.3226
Epoch 332/1000, Train Loss: 1.4676, Validation Loss: 1.6107
Epoch 333/1000, Train Loss: 2.6654, Validation Loss: 1.1732
Epoch 334/1000, Train Loss: 1.4092, Validation Loss: 2.6827
Epoch 335/1000, Train Loss: 2.0012, Validation Loss: 2.4487
Epoch 336/1000, Train Loss: 1.6008, Validation Loss: 3.2966
Epoch 337/1000, Train Loss: 1.5862, Validation Loss: 3.2381
Epoch 338/1000, Train Loss: 1.3316, Validation Loss: 1.5829
Epoch 339/1000, Train Loss: 1.5507, Validation Loss: 6.1132
Epoch 340/1000, Train Loss: 2.6479, Validation Loss: 2.3811
Epoch 341/1000, Train Loss: 1.2651, Validation Loss: 4.1127
Epoch 342/1000, Train Loss: 336.0489, Validation Loss: 2.4736
Epoch 343/1000, Train Loss: 1.7920, Validation Loss: 1.6397
Epoch 344/1000, Train Loss: 1.2140, Validation Loss: 2.9113
Epoch 345/1000, Train Loss: 29.4275, Validation Loss: 3.2260
Epoch 346/1000, Train Loss: 1.2550, Validation Loss: 5.0149
Epoch 347/1000, Train Loss: 1.2299, Validation Loss: 1.9185
Epoch 348/1000, Train Loss: 137.5066, Validation Loss: 2.8607
Epoch 349/1000, Train Loss: 1.2492, Validation Loss: 3.3058
Epoch 350/1000, Train Loss: 1.1966, Validation Loss: 3.3218
Epoch 351/1000, Train Loss: 2.1449, Validation Loss: 6.1362
Epoch 352/1000, Train Loss: 6.2907, Validation Loss: 6.3044
Epoch 353/1000, Train Loss: 2316.3769, Validation Loss: 6.2970
Epoch 354/1000, Train Loss: 14.4867, Validation Loss: 6.0697
Epoch 355/1000, Train Loss: 6.5278, Validation Loss: 6.1679
Epoch 356/1000, Train Loss: 10.5378, Validation Loss: 6.4722
Epoch 357/1000, Train Loss: 11.6631, Validation Loss: 6.0699
Epoch 358/1000, Train Loss: 922.7945, Validation Loss: 6.1138
Epoch 359/1000, Train Loss: 6.4873, Validation Loss: 6.2401
Epoch 360/1000, Train Loss: 153874.9688, Validation Loss: 6.1341
Epoch 361/1000, Train Loss: 6.2167, Validation Loss: 6.1994
Epoch 362/1000, Train Loss: 6.3522, Validation Loss: 6.0833
Epoch 363/1000, Train Loss: 22.0828, Validation Loss: 6.0721
Epoch 364/1000, Train Loss: 6.4714, Validation Loss: 6.6080
Epoch 365/1000, Train Loss: 22.7490, Validation Loss: 5.7305
Epoch 366/1000, Train Loss: 2.1021, Validation Loss: 4.1648
Epoch 367/1000, Train Loss: 1.9236, Validation Loss: 3.4364
Epoch 368/1000, Train Loss: 1.7135, Validation Loss: 1.2041
Epoch 369/1000, Train Loss: 1.8790, Validation Loss: 1.3355
Epoch 370/1000, Train Loss: 1.7348, Validation Loss: 2.6276
Epoch 371/1000, Train Loss: 1.8120, Validation Loss: 1.3503
Epoch 372/1000, Train Loss: 1.5609, Validation Loss: 1.9955
Epoch 373/1000, Train Loss: 1.5398, Validation Loss: 1.8969
Epoch 374/1000, Train Loss: 1.4804, Validation Loss: 2.2019
Epoch 375/1000, Train Loss: 1.5593, Validation Loss: 1.4541
Epoch 376/1000, Train Loss: 1.4934, Validation Loss: 2.6079
Epoch 377/1000, Train Loss: 25.5895, Validation Loss: 2.7883
Epoch 378/1000, Train Loss: 1.4106, Validation Loss: 4.2428
Epoch 379/1000, Train Loss: 1.5178, Validation Loss: 2.8429
Epoch 380/1000, Train Loss: 1.4456, Validation Loss: 1.9057
Epoch 381/1000, Train Loss: 1.3622, Validation Loss: 1.1241
Epoch 382/1000, Train Loss: 1.7602, Validation Loss: 2.7436
Epoch 383/1000, Train Loss: 1.3190, Validation Loss: 1.1852
Epoch 384/1000, Train Loss: 1.7417, Validation Loss: 1.6702
Epoch 385/1000, Train Loss: 1.3292, Validation Loss: 2.1577
Epoch 386/1000, Train Loss: 4.5893, Validation Loss: 1.6152
Epoch 387/1000, Train Loss: 7.1874, Validation Loss: 1.4790
Epoch 388/1000, Train Loss: 1.3332, Validation Loss: 3.5812
Epoch 389/1000, Train Loss: 20.9138, Validation Loss: 3.9253
Epoch 390/1000, Train Loss: 3.3731, Validation Loss: 3.1635
Epoch 391/1000, Train Loss: 1.2692, Validation Loss: 1.0534
Epoch 392/1000, Train Loss: 3.0566, Validation Loss: 1.4221
Epoch 393/1000, Train Loss: 1.8947, Validation Loss: 3.0404
Epoch 394/1000, Train Loss: 1.3716, Validation Loss: 1.2418
Epoch 395/1000, Train Loss: 1.2500, Validation Loss: 5.4209
Epoch 396/1000, Train Loss: 1.3024, Validation Loss: 2.6631
Epoch 397/1000, Train Loss: 1.1907, Validation Loss: 1.2279
Epoch 398/1000, Train Loss: 1.8371, Validation Loss: 2.6493
Epoch 399/1000, Train Loss: 1.2348, Validation Loss: 1.0483
Epoch 400/1000, Train Loss: 1.2621, Validation Loss: 2.0964
Epoch 401/1000, Train Loss: 5.9754, Validation Loss: 2.6510
Epoch 402/1000, Train Loss: 1.2451, Validation Loss: 5.4025
Epoch 403/1000, Train Loss: 1.5620, Validation Loss: 5.9763
Epoch 404/1000, Train Loss: 1.2646, Validation Loss: 4.8187
Epoch 405/1000, Train Loss: 1.2446, Validation Loss: 1.7158
Epoch 406/1000, Train Loss: 1.8384, Validation Loss: 3.0674
Epoch 407/1000, Train Loss: 1.5564, Validation Loss: 1.5538
Epoch 408/1000, Train Loss: 1.4521, Validation Loss: 1.6634
Epoch 409/1000, Train Loss: 1.3180, Validation Loss: 2.2945
Epoch 410/1000, Train Loss: 1.2017, Validation Loss: 2.2366
Epoch 411/1000, Train Loss: 1.3188, Validation Loss: 1.4743
Epoch 412/1000, Train Loss: 16.5097, Validation Loss: 1.8933
Epoch 413/1000, Train Loss: 1.2875, Validation Loss: 2.2095
Epoch 414/1000, Train Loss: 1.2481, Validation Loss: 1.1502
Epoch 415/1000, Train Loss: 6.9595, Validation Loss: 6.3934
Epoch 416/1000, Train Loss: 6.2729, Validation Loss: 6.7564
Epoch 417/1000, Train Loss: 20.0827, Validation Loss: 6.0829
Epoch 418/1000, Train Loss: 6.4325, Validation Loss: 6.0728
Epoch 419/1000, Train Loss: 7.2931, Validation Loss: 6.0964
Epoch 420/1000, Train Loss: 53.1735, Validation Loss: 6.0899
Epoch 421/1000, Train Loss: 17.8231, Validation Loss: 6.1212
Epoch 422/1000, Train Loss: 6.4371, Validation Loss: 6.1235
Epoch 423/1000, Train Loss: 9.0103, Validation Loss: 6.0783
Epoch 424/1000, Train Loss: 176.3071, Validation Loss: 6.0710
Epoch 425/1000, Train Loss: 6.2564, Validation Loss: 6.0839
Epoch 426/1000, Train Loss: 12.5619, Validation Loss: 6.1164
Epoch 427/1000, Train Loss: 6.3053, Validation Loss: 6.0700
Epoch 428/1000, Train Loss: 8.0361, Validation Loss: 6.1060
Epoch 429/1000, Train Loss: 6.6806, Validation Loss: 6.1306
Epoch 430/1000, Train Loss: 218.0494, Validation Loss: 6.1254
Epoch 431/1000, Train Loss: 6.4295, Validation Loss: 6.2913
Epoch 432/1000, Train Loss: 22.8707, Validation Loss: 6.1902
Epoch 433/1000, Train Loss: 7.5429, Validation Loss: 6.0706
Epoch 434/1000, Train Loss: 749.3254, Validation Loss: 6.8920
Epoch 435/1000, Train Loss: 11.5323, Validation Loss: 6.3037
Epoch 436/1000, Train Loss: 6.2724, Validation Loss: 6.1687
Epoch 437/1000, Train Loss: 6.8335, Validation Loss: 6.0805
Epoch 438/1000, Train Loss: 6.2348, Validation Loss: 6.1709
Epoch 439/1000, Train Loss: 6.2676, Validation Loss: 6.1009
Epoch 440/1000, Train Loss: 7.5178, Validation Loss: 6.0819
Epoch 441/1000, Train Loss: 13.0043, Validation Loss: 6.4710
Epoch 442/1000, Train Loss: 7.1658, Validation Loss: 6.0931
Epoch 443/1000, Train Loss: 307.5252, Validation Loss: 6.1098
Epoch 444/1000, Train Loss: 32.3277, Validation Loss: 6.0688
Epoch 445/1000, Train Loss: 6.2223, Validation Loss: 6.2228
Epoch 446/1000, Train Loss: 207.6006, Validation Loss: 6.0806
Epoch 447/1000, Train Loss: 10.2885, Validation Loss: 6.0972
Epoch 448/1000, Train Loss: 6.5435, Validation Loss: 6.1764
Epoch 449/1000, Train Loss: 6.5243, Validation Loss: 6.0697
Epoch 450/1000, Train Loss: 6.6762, Validation Loss: 6.1801
Epoch 451/1000, Train Loss: 6.2672, Validation Loss: 6.0699
Epoch 452/1000, Train Loss: 8.7026, Validation Loss: 6.2300
Epoch 453/1000, Train Loss: 6.3384, Validation Loss: 6.0708
Epoch 454/1000, Train Loss: 6.3610, Validation Loss: 6.0701
Epoch 455/1000, Train Loss: 17.7960, Validation Loss: 6.0704
Epoch 456/1000, Train Loss: 12.0835, Validation Loss: 6.2575
Epoch 457/1000, Train Loss: 6.5483, Validation Loss: 6.0689
Epoch 458/1000, Train Loss: 6.2999, Validation Loss: 6.0696
Epoch 459/1000, Train Loss: 73.5515, Validation Loss: 6.0969
Epoch 460/1000, Train Loss: 6.5847, Validation Loss: 6.0827
Epoch 461/1000, Train Loss: 6.9179, Validation Loss: 6.1320
Epoch 462/1000, Train Loss: 14.5752, Validation Loss: 6.4613
Epoch 463/1000, Train Loss: 90.1182, Validation Loss: 6.1818
Epoch 464/1000, Train Loss: 6.6360, Validation Loss: 6.1023
Epoch 465/1000, Train Loss: 116.5447, Validation Loss: 6.0779
Epoch 466/1000, Train Loss: 6.3098, Validation Loss: 6.3908
Epoch 467/1000, Train Loss: 5909.9318, Validation Loss: 6.2142
Epoch 468/1000, Train Loss: 13.2470, Validation Loss: 6.0991
Epoch 469/1000, Train Loss: 6.8855, Validation Loss: 6.1827
Epoch 470/1000, Train Loss: 6.2415, Validation Loss: 6.1595
Epoch 471/1000, Train Loss: 6.2590, Validation Loss: 6.5234
Epoch 472/1000, Train Loss: 6.2647, Validation Loss: 6.1140
Epoch 473/1000, Train Loss: 13.5953, Validation Loss: 6.2081
Epoch 474/1000, Train Loss: 6.4661, Validation Loss: 6.1724
Epoch 475/1000, Train Loss: 6.2146, Validation Loss: 6.0749
Epoch 476/1000, Train Loss: 69.3571, Validation Loss: 6.2905
Epoch 477/1000, Train Loss: 116.1486, Validation Loss: 6.0691
Epoch 478/1000, Train Loss: 6.7872, Validation Loss: 6.2634
Epoch 479/1000, Train Loss: 6.4128, Validation Loss: 6.0730
Epoch 480/1000, Train Loss: 6.3635, Validation Loss: 6.2423
Epoch 481/1000, Train Loss: 7.1498, Validation Loss: 6.0731
Epoch 482/1000, Train Loss: 10.9469, Validation Loss: 6.2093
Epoch 483/1000, Train Loss: 11.9146, Validation Loss: 6.1724
Epoch 484/1000, Train Loss: 8.2735, Validation Loss: 6.2452
Epoch 485/1000, Train Loss: 34.3902, Validation Loss: 6.0765
Epoch 486/1000, Train Loss: 6.5783, Validation Loss: 6.0843
Epoch 487/1000, Train Loss: 15.5284, Validation Loss: 6.0781
Epoch 488/1000, Train Loss: 6.7456, Validation Loss: 6.1970
Epoch 489/1000, Train Loss: 6.2316, Validation Loss: 6.0893
Epoch 490/1000, Train Loss: 8.2295, Validation Loss: 6.1938
Epoch 491/1000, Train Loss: 38.3440, Validation Loss: 6.2185
Epoch 492/1000, Train Loss: 6.9141, Validation Loss: 6.3113
Epoch 493/1000, Train Loss: 6.7043, Validation Loss: 6.0923
Epoch 494/1000, Train Loss: 54.1372, Validation Loss: 6.1170
Epoch 495/1000, Train Loss: 6.7290, Validation Loss: 6.1488
Epoch 496/1000, Train Loss: 15.3786, Validation Loss: 6.0904
Epoch 497/1000, Train Loss: 6.3511, Validation Loss: 6.0687
Epoch 498/1000, Train Loss: 7.6707, Validation Loss: 6.0962
Epoch 499/1000, Train Loss: 1541.9430, Validation Loss: 12.0877
Epoch 500/1000, Train Loss: 6.2477, Validation Loss: 6.0876
Epoch 501/1000, Train Loss: 8.3080, Validation Loss: 6.2229
Epoch 502/1000, Train Loss: 6.5411, Validation Loss: 6.0799
Epoch 503/1000, Train Loss: 3.5109, Validation Loss: 1.6119
Epoch 504/1000, Train Loss: 1.6572, Validation Loss: 2.2317
Epoch 505/1000, Train Loss: 1.5059, Validation Loss: 2.4724
Epoch 506/1000, Train Loss: 1.5626, Validation Loss: 1.9501
Epoch 507/1000, Train Loss: 1.5494, Validation Loss: 2.9320
Epoch 508/1000, Train Loss: 1.3843, Validation Loss: 7.9097
Epoch 509/1000, Train Loss: 3.2830, Validation Loss: 1.3654
Epoch 510/1000, Train Loss: 1.6016, Validation Loss: 2.1787
Epoch 511/1000, Train Loss: 1.4573, Validation Loss: 3.7732
Epoch 512/1000, Train Loss: 1.4272, Validation Loss: 2.9153
Epoch 513/1000, Train Loss: 1.4253, Validation Loss: 3.4075
Epoch 514/1000, Train Loss: 1.4332, Validation Loss: 1.3678
Epoch 515/1000, Train Loss: 1.3838, Validation Loss: 5.1979
Epoch 516/1000, Train Loss: 1.3673, Validation Loss: 5.4013
Epoch 517/1000, Train Loss: 1.4441, Validation Loss: 1.2194
Epoch 518/1000, Train Loss: 1.2581, Validation Loss: 8.4047
Epoch 519/1000, Train Loss: 1.2243, Validation Loss: 3.2833
Epoch 520/1000, Train Loss: 2320.5355, Validation Loss: 1.3733
Epoch 521/1000, Train Loss: 1.3817, Validation Loss: 6.4214
Epoch 522/1000, Train Loss: 1.2121, Validation Loss: 3.1453
Epoch 523/1000, Train Loss: 3.2569, Validation Loss: 9.4472
Epoch 524/1000, Train Loss: 3.9665, Validation Loss: 5.3792
Epoch 525/1000, Train Loss: 1.2688, Validation Loss: 1.1612
Epoch 526/1000, Train Loss: 1.2386, Validation Loss: 1.6420
Epoch 527/1000, Train Loss: 1.1995, Validation Loss: 2.7008
Epoch 528/1000, Train Loss: 1.2321, Validation Loss: 1.1275
Epoch 529/1000, Train Loss: 1.1695, Validation Loss: 5.9094
Epoch 530/1000, Train Loss: 1.7216, Validation Loss: 1.7538
Epoch 531/1000, Train Loss: 9.6829, Validation Loss: 6.9867
Epoch 532/1000, Train Loss: 1.2941, Validation Loss: 2.8989
Epoch 533/1000, Train Loss: 1.2596, Validation Loss: 1.8307
Epoch 534/1000, Train Loss: 1.1942, Validation Loss: 2.7001
Epoch 535/1000, Train Loss: 1.2309, Validation Loss: 4.2543
Epoch 536/1000, Train Loss: 1.1901, Validation Loss: 3.3658
Epoch 537/1000, Train Loss: 1.7795, Validation Loss: 2.2577
Epoch 538/1000, Train Loss: 1.1793, Validation Loss: 1.3297
Epoch 539/1000, Train Loss: 1.2067, Validation Loss: 3.6996
Epoch 540/1000, Train Loss: 1.1438, Validation Loss: 2.9964
Epoch 541/1000, Train Loss: 1.2458, Validation Loss: 2.1114
Epoch 542/1000, Train Loss: 1.1741, Validation Loss: 7.3469
Epoch 543/1000, Train Loss: 1.1372, Validation Loss: 1.5706
Epoch 544/1000, Train Loss: 115.3783, Validation Loss: 2.1673
Epoch 545/1000, Train Loss: 1.1474, Validation Loss: 1.3239
Epoch 546/1000, Train Loss: 19.3503, Validation Loss: 1.3143
Epoch 547/1000, Train Loss: 1.1471, Validation Loss: 3.5463
Epoch 548/1000, Train Loss: 1.2910, Validation Loss: 11.2944
Epoch 549/1000, Train Loss: 1.4212, Validation Loss: 1.2960
Epoch 550/1000, Train Loss: 1.4055, Validation Loss: 3.4591
Epoch 551/1000, Train Loss: 1.1047, Validation Loss: 1.0829
Epoch 552/1000, Train Loss: 1.1422, Validation Loss: 2.0633
Epoch 553/1000, Train Loss: 1.2572, Validation Loss: 1.6929
Epoch 554/1000, Train Loss: 1.1608, Validation Loss: 3.1313
Epoch 555/1000, Train Loss: 2.5215, Validation Loss: 1.6330
Epoch 556/1000, Train Loss: 1.1493, Validation Loss: 2.1948
Epoch 557/1000, Train Loss: 1.1540, Validation Loss: 4.2104
Epoch 558/1000, Train Loss: 14.4499, Validation Loss: 2.2328
Epoch 559/1000, Train Loss: 1.1860, Validation Loss: 3.8396
Epoch 560/1000, Train Loss: 4.8621, Validation Loss: 13.6295
Epoch 561/1000, Train Loss: 1.4932, Validation Loss: 2.7690
Epoch 562/1000, Train Loss: 1.0974, Validation Loss: 3.9601
Epoch 563/1000, Train Loss: 1.1249, Validation Loss: 1.8160
Epoch 564/1000, Train Loss: 22.2236, Validation Loss: 1.3892
Epoch 565/1000, Train Loss: 1.1055, Validation Loss: 2.2611
Epoch 566/1000, Train Loss: 13.0301, Validation Loss: 4.3475
Epoch 567/1000, Train Loss: 1.3853, Validation Loss: 1.8086
Epoch 568/1000, Train Loss: 1.0739, Validation Loss: 2.1537
Epoch 569/1000, Train Loss: 1.0314, Validation Loss: 3.4852
Epoch 570/1000, Train Loss: 1.0628, Validation Loss: 1.3648
Epoch 571/1000, Train Loss: 21.0813, Validation Loss: 3.2641
Epoch 572/1000, Train Loss: 1.0392, Validation Loss: 2.7607
Epoch 573/1000, Train Loss: 1.4734, Validation Loss: 5.5839
Epoch 574/1000, Train Loss: 1.0306, Validation Loss: 1.0575
Epoch 575/1000, Train Loss: 1.1017, Validation Loss: 1.6501
Epoch 576/1000, Train Loss: 6.9390, Validation Loss: 1.7650
Epoch 577/1000, Train Loss: 1.0504, Validation Loss: 2.6112
Epoch 578/1000, Train Loss: 1.5349, Validation Loss: 5.2472
Epoch 579/1000, Train Loss: 1.1756, Validation Loss: 11.5325
Epoch 580/1000, Train Loss: 1.0824, Validation Loss: 1.4559
Epoch 581/1000, Train Loss: 1.0611, Validation Loss: 3.8178
Epoch 582/1000, Train Loss: 1.6542, Validation Loss: 1.0024
Epoch 583/1000, Train Loss: 1.7556, Validation Loss: 2.9046
Epoch 584/1000, Train Loss: 1.0659, Validation Loss: 2.1847
Epoch 585/1000, Train Loss: 1.0024, Validation Loss: 1.5543
Epoch 586/1000, Train Loss: 1.2184, Validation Loss: 1.6965
Epoch 587/1000, Train Loss: 1.1153, Validation Loss: 2.0658
Epoch 588/1000, Train Loss: 1.0337, Validation Loss: 6.0889
Epoch 589/1000, Train Loss: 1.5478, Validation Loss: 4.0589
Epoch 590/1000, Train Loss: 1.0076, Validation Loss: 5.2198
Epoch 591/1000, Train Loss: 3.9557, Validation Loss: 2.5827
Epoch 592/1000, Train Loss: 1.0862, Validation Loss: 2.7196
Epoch 593/1000, Train Loss: 7.0020, Validation Loss: 1.8332
Epoch 594/1000, Train Loss: 3.6639, Validation Loss: 2.6817
Epoch 595/1000, Train Loss: 0.9915, Validation Loss: 1.2816
Epoch 596/1000, Train Loss: 1.3159, Validation Loss: 5.2693
Epoch 597/1000, Train Loss: 1.0007, Validation Loss: 1.3877
Epoch 598/1000, Train Loss: 1.5102, Validation Loss: 1.6175
Epoch 599/1000, Train Loss: 0.9761, Validation Loss: 1.5003
Epoch 600/1000, Train Loss: 43.1389, Validation Loss: 3.4720
Epoch 601/1000, Train Loss: 0.9648, Validation Loss: 14.2769
Epoch 602/1000, Train Loss: 1.1786, Validation Loss: 5.9061
Epoch 603/1000, Train Loss: 1.2354, Validation Loss: 3.3609
Epoch 604/1000, Train Loss: 2.2637, Validation Loss: 4.0575
Epoch 605/1000, Train Loss: 1.0405, Validation Loss: 1.5362
Epoch 606/1000, Train Loss: 0.9800, Validation Loss: 2.1328
Epoch 607/1000, Train Loss: 0.9965, Validation Loss: 1.7323
Epoch 608/1000, Train Loss: 2.1042, Validation Loss: 1.7950
Epoch 609/1000, Train Loss: 1.0495, Validation Loss: 3.8842
Epoch 610/1000, Train Loss: 1.0424, Validation Loss: 1.8230
Epoch 611/1000, Train Loss: 1.1615, Validation Loss: 2.4099
Epoch 612/1000, Train Loss: 1.0366, Validation Loss: 7.9010
Epoch 613/1000, Train Loss: 11669.5281, Validation Loss: 1.1834
Epoch 614/1000, Train Loss: 1.0106, Validation Loss: 1.4018
Epoch 615/1000, Train Loss: 0.9785, Validation Loss: 1.4547
Epoch 616/1000, Train Loss: 0.9706, Validation Loss: 1.6486
Epoch 617/1000, Train Loss: 1.0632, Validation Loss: 1.4305
Epoch 618/1000, Train Loss: 1.0095, Validation Loss: 1.5258
Epoch 619/1000, Train Loss: 3.7071, Validation Loss: 0.8634
Epoch 620/1000, Train Loss: 0.9851, Validation Loss: 4.4136
Epoch 621/1000, Train Loss: 3.3058, Validation Loss: 2.3445
Epoch 622/1000, Train Loss: 1.0045, Validation Loss: 3.2796
Epoch 623/1000, Train Loss: 0.9670, Validation Loss: 1.7631
Epoch 624/1000, Train Loss: 1.4197, Validation Loss: 4.5632
Epoch 625/1000, Train Loss: 1.2733, Validation Loss: 1.7990
Epoch 626/1000, Train Loss: 1.0107, Validation Loss: 4.5985
Epoch 627/1000, Train Loss: 1.0084, Validation Loss: 1.2382
Epoch 628/1000, Train Loss: 0.9268, Validation Loss: 2.7707
Epoch 629/1000, Train Loss: 1.0076, Validation Loss: 5.0753
Epoch 630/1000, Train Loss: 817.8258, Validation Loss: 6.5159
Epoch 631/1000, Train Loss: 0.9681, Validation Loss: 2.2583
Epoch 632/1000, Train Loss: 1.3666, Validation Loss: 4.7377
Epoch 633/1000, Train Loss: 0.9312, Validation Loss: 5.0186
Epoch 634/1000, Train Loss: 1.0167, Validation Loss: 4.7403
Epoch 635/1000, Train Loss: 0.9109, Validation Loss: 5.8501
Epoch 636/1000, Train Loss: 1.0107, Validation Loss: 1.5149
Epoch 637/1000, Train Loss: 1.9305, Validation Loss: 1.3062
Epoch 638/1000, Train Loss: 0.9278, Validation Loss: 4.6104
Epoch 639/1000, Train Loss: 0.9055, Validation Loss: 1.3908
Epoch 640/1000, Train Loss: 1.0252, Validation Loss: 10.4042
Epoch 641/1000, Train Loss: 24.5255, Validation Loss: 1.2620
Epoch 642/1000, Train Loss: 0.9647, Validation Loss: 1.8922
Epoch 643/1000, Train Loss: 1.2089, Validation Loss: 2.8296
Epoch 644/1000, Train Loss: 0.9418, Validation Loss: 1.4286
Epoch 645/1000, Train Loss: 0.8982, Validation Loss: 1.4597
Epoch 646/1000, Train Loss: 0.9099, Validation Loss: 1.1589
Epoch 647/1000, Train Loss: 0.8934, Validation Loss: 4.4217
Epoch 648/1000, Train Loss: 5.1206, Validation Loss: 1.8870
Epoch 649/1000, Train Loss: 0.9199, Validation Loss: 1.4902
Epoch 650/1000, Train Loss: 0.9151, Validation Loss: 3.6041
Epoch 651/1000, Train Loss: 1.0046, Validation Loss: 2.3682
Epoch 652/1000, Train Loss: 5.4112, Validation Loss: 3.7940
Epoch 653/1000, Train Loss: 1.2655, Validation Loss: 1.4771
Epoch 654/1000, Train Loss: 1.1499, Validation Loss: 1.3475
Epoch 655/1000, Train Loss: 0.8748, Validation Loss: 1.2950
Epoch 656/1000, Train Loss: 7.1910, Validation Loss: 3.2156
Epoch 657/1000, Train Loss: 0.9028, Validation Loss: 2.4723
Epoch 658/1000, Train Loss: 0.9256, Validation Loss: 2.6468
Epoch 659/1000, Train Loss: 2.9414, Validation Loss: 1.3396
Epoch 660/1000, Train Loss: 0.9108, Validation Loss: 1.9381
Epoch 661/1000, Train Loss: 1.0541, Validation Loss: 2.6363
Epoch 662/1000, Train Loss: 0.9541, Validation Loss: 1.7728
Epoch 663/1000, Train Loss: 0.8911, Validation Loss: 1.7223
Epoch 664/1000, Train Loss: 1.8065, Validation Loss: 1.0437
Epoch 665/1000, Train Loss: 1.4213, Validation Loss: 3.8671
Epoch 666/1000, Train Loss: 0.8833, Validation Loss: 6.7304
Epoch 667/1000, Train Loss: 0.9584, Validation Loss: 2.4010
Epoch 668/1000, Train Loss: 0.8783, Validation Loss: 2.1081
Epoch 669/1000, Train Loss: 4.8925, Validation Loss: 3.3786
Epoch 670/1000, Train Loss: 1.3127, Validation Loss: 1.7174
Epoch 671/1000, Train Loss: 0.8816, Validation Loss: 2.9175
Epoch 672/1000, Train Loss: 4.3498, Validation Loss: 1.6111
Epoch 673/1000, Train Loss: 1.0053, Validation Loss: 1.1407
Epoch 674/1000, Train Loss: 0.9033, Validation Loss: 1.8246
Epoch 675/1000, Train Loss: 1.3222, Validation Loss: 1.0539
Epoch 676/1000, Train Loss: 0.8949, Validation Loss: 4.4551
Epoch 677/1000, Train Loss: 5.0835, Validation Loss: 1.1859
Epoch 678/1000, Train Loss: 12.0686, Validation Loss: 1.7911
Epoch 679/1000, Train Loss: 0.9446, Validation Loss: 2.4904
Epoch 680/1000, Train Loss: 0.8915, Validation Loss: 1.5379
Epoch 681/1000, Train Loss: 3.1855, Validation Loss: 8.3405
Epoch 682/1000, Train Loss: 0.9397, Validation Loss: 2.4607
Epoch 683/1000, Train Loss: 0.8768, Validation Loss: 3.7507
Epoch 684/1000, Train Loss: 1.2527, Validation Loss: 2.1055
Epoch 685/1000, Train Loss: 0.8825, Validation Loss: 1.6541
Epoch 686/1000, Train Loss: 0.8733, Validation Loss: 1.9104
Epoch 687/1000, Train Loss: 0.8741, Validation Loss: 4.1697
Epoch 688/1000, Train Loss: 1.0336, Validation Loss: 4.0872
Epoch 689/1000, Train Loss: 0.9432, Validation Loss: 3.8195
Epoch 690/1000, Train Loss: 0.9005, Validation Loss: 3.4983
Epoch 691/1000, Train Loss: 1.7553, Validation Loss: 2.3740
Epoch 692/1000, Train Loss: 0.9793, Validation Loss: 1.0042
Epoch 693/1000, Train Loss: 1.0825, Validation Loss: 0.9946
Epoch 694/1000, Train Loss: 0.8992, Validation Loss: 7.3333
Epoch 695/1000, Train Loss: 0.9641, Validation Loss: 0.8314
Epoch 696/1000, Train Loss: 0.9231, Validation Loss: 1.2665
Epoch 697/1000, Train Loss: 0.9952, Validation Loss: 1.7054
Epoch 698/1000, Train Loss: 0.8762, Validation Loss: 9.2237
Epoch 699/1000, Train Loss: 222.7352, Validation Loss: 6.0502
Epoch 700/1000, Train Loss: 0.8730, Validation Loss: 2.5760
Epoch 701/1000, Train Loss: 0.9269, Validation Loss: 5.1965
Epoch 702/1000, Train Loss: 0.8888, Validation Loss: 6.2170
Epoch 703/1000, Train Loss: 3.2828, Validation Loss: 1.8535
Epoch 704/1000, Train Loss: 0.8661, Validation Loss: 1.5198
Epoch 705/1000, Train Loss: 0.9675, Validation Loss: 1.2838
Epoch 706/1000, Train Loss: 0.9315, Validation Loss: 1.8803
Epoch 707/1000, Train Loss: 0.9056, Validation Loss: 5.3893
Epoch 708/1000, Train Loss: 0.8631, Validation Loss: 5.0427
Epoch 709/1000, Train Loss: 2.2452, Validation Loss: 10.0620
Epoch 710/1000, Train Loss: 1.4180, Validation Loss: 2.2234
Epoch 711/1000, Train Loss: 1.8621, Validation Loss: 1.8097
Epoch 712/1000, Train Loss: 0.9362, Validation Loss: 1.3103
Epoch 713/1000, Train Loss: 6.5324, Validation Loss: 1.5197
Epoch 714/1000, Train Loss: 0.9179, Validation Loss: 1.6940
Epoch 715/1000, Train Loss: 10.6179, Validation Loss: 178140171.7531
Epoch 716/1000, Train Loss: 19.9114, Validation Loss: 6.8708
Epoch 717/1000, Train Loss: 7.9113, Validation Loss: 6.3400
Epoch 718/1000, Train Loss: 6.4441, Validation Loss: 6.5919
Epoch 719/1000, Train Loss: 8.5453, Validation Loss: 6.2710
Epoch 720/1000, Train Loss: 8.9430, Validation Loss: 6.1740
Epoch 721/1000, Train Loss: 8.5872, Validation Loss: 6.0689
Epoch 722/1000, Train Loss: 6.2699, Validation Loss: 6.2496
Epoch 723/1000, Train Loss: 6.5099, Validation Loss: 6.0872
Epoch 724/1000, Train Loss: 8.0381, Validation Loss: 6.1211
Epoch 725/1000, Train Loss: 6.2461, Validation Loss: 6.0706
Epoch 726/1000, Train Loss: 7.1468, Validation Loss: 6.2878
Epoch 727/1000, Train Loss: 70.4441, Validation Loss: 6.1538
Epoch 728/1000, Train Loss: 6.2841, Validation Loss: 6.0697
Epoch 729/1000, Train Loss: 6.3738, Validation Loss: 6.1842
Epoch 730/1000, Train Loss: 591.4146, Validation Loss: 6.1304
Epoch 731/1000, Train Loss: 8.9313, Validation Loss: 6.0689
Epoch 732/1000, Train Loss: 8.1257, Validation Loss: 6.1424
Epoch 733/1000, Train Loss: 7.6862, Validation Loss: 6.1788
Epoch 734/1000, Train Loss: 7.3430, Validation Loss: 6.0694
Epoch 735/1000, Train Loss: 6.4074, Validation Loss: 6.2288
Epoch 736/1000, Train Loss: 9.2294, Validation Loss: 6.0711
Epoch 737/1000, Train Loss: 6.2295, Validation Loss: 6.1728
Epoch 738/1000, Train Loss: 6.4268, Validation Loss: 6.0691
Epoch 739/1000, Train Loss: 6.2581, Validation Loss: 6.6750
Epoch 740/1000, Train Loss: 7.8997, Validation Loss: 6.2876
Epoch 741/1000, Train Loss: 6.4156, Validation Loss: 6.1517
Epoch 742/1000, Train Loss: 6.3326, Validation Loss: 6.0766
Epoch 743/1000, Train Loss: 6.7760, Validation Loss: 6.1014
Epoch 744/1000, Train Loss: 21.3668, Validation Loss: 6.5035
Epoch 745/1000, Train Loss: 6.4906, Validation Loss: 6.0699
Epoch 746/1000, Train Loss: 8.6449, Validation Loss: 6.0773
Epoch 747/1000, Train Loss: 8648.6815, Validation Loss: 6.1119
Epoch 748/1000, Train Loss: 6.2636, Validation Loss: 6.0726
Epoch 749/1000, Train Loss: 14.7577, Validation Loss: 6.3589
Epoch 750/1000, Train Loss: 6.2228, Validation Loss: 6.0688
Epoch 751/1000, Train Loss: 6.3281, Validation Loss: 6.1497
Epoch 752/1000, Train Loss: 6.3912, Validation Loss: 6.1528
Epoch 753/1000, Train Loss: 6.3226, Validation Loss: 6.1159
Epoch 754/1000, Train Loss: 6.2669, Validation Loss: 6.0816
Epoch 755/1000, Train Loss: 8.1149, Validation Loss: 6.1321
Epoch 756/1000, Train Loss: 7.0439, Validation Loss: 6.3088
Epoch 757/1000, Train Loss: 7.6741, Validation Loss: 6.1489
Epoch 758/1000, Train Loss: 6.2497, Validation Loss: 6.1954
Epoch 759/1000, Train Loss: 63.5716, Validation Loss: 6.1522
Epoch 760/1000, Train Loss: 6.2151, Validation Loss: 6.0990
Epoch 761/1000, Train Loss: 7.1707, Validation Loss: 6.0688
Epoch 762/1000, Train Loss: 6.3606, Validation Loss: 6.8518
Epoch 763/1000, Train Loss: 844.3409, Validation Loss: 6.0718
Epoch 764/1000, Train Loss: 6.4106, Validation Loss: 6.1695
Epoch 765/1000, Train Loss: 30919.1844, Validation Loss: 6.1253
Epoch 766/1000, Train Loss: 8.7998, Validation Loss: 6.1124
Epoch 767/1000, Train Loss: 11.2958, Validation Loss: 6.0707
Epoch 768/1000, Train Loss: 6.2955, Validation Loss: 6.1619
Epoch 769/1000, Train Loss: 8.2345, Validation Loss: 6.1360
Epoch 770/1000, Train Loss: 6.3166, Validation Loss: 6.1140
Epoch 771/1000, Train Loss: 12.4966, Validation Loss: 6.1350
Epoch 772/1000, Train Loss: 6.9774, Validation Loss: 6.1435
Epoch 773/1000, Train Loss: 32.1089, Validation Loss: 6.0707
Epoch 774/1000, Train Loss: 6.2144, Validation Loss: 6.1190
Epoch 775/1000, Train Loss: 7.9303, Validation Loss: 6.1002
Epoch 776/1000, Train Loss: 6.3764, Validation Loss: 6.0695
Epoch 777/1000, Train Loss: 8.9886, Validation Loss: 6.6557
Epoch 778/1000, Train Loss: 6.2399, Validation Loss: 6.1396
Epoch 779/1000, Train Loss: 13.0016, Validation Loss: 6.0958
Epoch 780/1000, Train Loss: 6.6697, Validation Loss: 6.0886
Epoch 781/1000, Train Loss: 6.2726, Validation Loss: 6.2223
Epoch 782/1000, Train Loss: 6.2621, Validation Loss: 6.0687
Epoch 783/1000, Train Loss: 150.7473, Validation Loss: 106.8956
Epoch 784/1000, Train Loss: 77.1819, Validation Loss: 6.0690
Epoch 785/1000, Train Loss: 7.6635, Validation Loss: 6.0850
Epoch 786/1000, Train Loss: 659.0269, Validation Loss: 6.2029
Epoch 787/1000, Train Loss: 6.3797, Validation Loss: 6.8028
Epoch 788/1000, Train Loss: 48.1227, Validation Loss: 6.4729
Epoch 789/1000, Train Loss: 6.7706, Validation Loss: 6.1152
Epoch 790/1000, Train Loss: 6.2622, Validation Loss: 6.0691
Epoch 791/1000, Train Loss: 6.3686, Validation Loss: 6.1532
Epoch 792/1000, Train Loss: 6.2183, Validation Loss: 6.1195
Epoch 793/1000, Train Loss: 20.6508, Validation Loss: 6.1124
Epoch 794/1000, Train Loss: 6.2234, Validation Loss: 6.0965
Epoch 795/1000, Train Loss: 6.3450, Validation Loss: 6.1696
Epoch 796/1000, Train Loss: 8.1801, Validation Loss: 6.3573
Epoch 797/1000, Train Loss: 7.2671, Validation Loss: 6.0950
Epoch 798/1000, Train Loss: 7.4759, Validation Loss: 6.1027
Epoch 799/1000, Train Loss: 6.2551, Validation Loss: 6.0688
Epoch 800/1000, Train Loss: 8.2943, Validation Loss: 6.1225
Epoch 801/1000, Train Loss: 108.0176, Validation Loss: 6.0712
Epoch 802/1000, Train Loss: 11.7332, Validation Loss: 6.1007
Epoch 803/1000, Train Loss: 7.0084, Validation Loss: 6.1086
Epoch 804/1000, Train Loss: 6.3244, Validation Loss: 6.0897
Epoch 805/1000, Train Loss: 8.2536, Validation Loss: 6.8814
Epoch 806/1000, Train Loss: 15.6886, Validation Loss: 6.3030
Epoch 807/1000, Train Loss: 6.6494, Validation Loss: 6.2592
Epoch 808/1000, Train Loss: 6.4983, Validation Loss: 6.1321
Epoch 809/1000, Train Loss: 6.4663, Validation Loss: 6.9174
Epoch 810/1000, Train Loss: 3.1398, Validation Loss: 2.7517
Epoch 811/1000, Train Loss: 3.6129, Validation Loss: 7.0953
Epoch 812/1000, Train Loss: 1.8069, Validation Loss: 1.1842
Epoch 813/1000, Train Loss: 2.3070, Validation Loss: 2.9529
Epoch 814/1000, Train Loss: 1.5291, Validation Loss: 1.3261
Epoch 815/1000, Train Loss: 1.4452, Validation Loss: 1.9111
Epoch 816/1000, Train Loss: 1.7481, Validation Loss: 1.4625
Epoch 817/1000, Train Loss: 1.3634, Validation Loss: 4.3331
Epoch 818/1000, Train Loss: 1.4904, Validation Loss: 1.8525
Epoch 819/1000, Train Loss: 1.3666, Validation Loss: 1.6252
Epoch 820/1000, Train Loss: 6.8478, Validation Loss: 6.1106
Epoch 821/1000, Train Loss: 2.0122, Validation Loss: 3.0084
Epoch 822/1000, Train Loss: 1.2840, Validation Loss: 1.2497
Epoch 823/1000, Train Loss: 1.9591, Validation Loss: 1.2765
Epoch 824/1000, Train Loss: 24.7236, Validation Loss: 2.6301
Epoch 825/1000, Train Loss: 1.2692, Validation Loss: 4.0347
Epoch 826/1000, Train Loss: 4453.5796, Validation Loss: 6.2170
Epoch 827/1000, Train Loss: 4.2769, Validation Loss: 2.4324
Epoch 828/1000, Train Loss: 1.2549, Validation Loss: 8.6498
Epoch 829/1000, Train Loss: 53.0613, Validation Loss: 1.9409
Epoch 830/1000, Train Loss: 1.6534, Validation Loss: 2.7504
Epoch 831/1000, Train Loss: 1.2202, Validation Loss: 4.0579
Epoch 832/1000, Train Loss: 1103.7254, Validation Loss: 6.0787
Epoch 833/1000, Train Loss: 2.8617, Validation Loss: 5.0812
Epoch 834/1000, Train Loss: 1.1713, Validation Loss: 2.9608
Epoch 835/1000, Train Loss: 1.4874, Validation Loss: 3.4461
Epoch 836/1000, Train Loss: 3.2130, Validation Loss: 1.5537
Epoch 837/1000, Train Loss: 76.9025, Validation Loss: 2.5707
Epoch 838/1000, Train Loss: 1645.7269, Validation Loss: 1.2093
Epoch 839/1000, Train Loss: 1.1284, Validation Loss: 5.8325
Epoch 840/1000, Train Loss: 1.1766, Validation Loss: 5.1210
Epoch 841/1000, Train Loss: 1.1381, Validation Loss: 1.1770
Epoch 842/1000, Train Loss: 2.5231, Validation Loss: 1.0350
Epoch 843/1000, Train Loss: 1.1359, Validation Loss: 2.2363
Epoch 844/1000, Train Loss: 5.3480, Validation Loss: 5.6667
Epoch 845/1000, Train Loss: 1.1904, Validation Loss: 1.7978
Epoch 846/1000, Train Loss: 1.1710, Validation Loss: 3.0528
Epoch 847/1000, Train Loss: 1.0638, Validation Loss: 5.2631
Epoch 848/1000, Train Loss: 1.8087, Validation Loss: 1.0139
Epoch 849/1000, Train Loss: 61.8279, Validation Loss: 5.9935
Epoch 850/1000, Train Loss: 1.2898, Validation Loss: 4.6513
Epoch 851/1000, Train Loss: 10.9107, Validation Loss: 9.5977
Epoch 852/1000, Train Loss: 1.0632, Validation Loss: 1.3493
Epoch 853/1000, Train Loss: 1.3602, Validation Loss: 4.8910
Epoch 854/1000, Train Loss: 1.1142, Validation Loss: 2.9678
Epoch 855/1000, Train Loss: 1.2476, Validation Loss: 5.6658
Epoch 856/1000, Train Loss: 1.1861, Validation Loss: 7.3187
Epoch 857/1000, Train Loss: 1.2135, Validation Loss: 7.1862
Epoch 858/1000, Train Loss: 1.0425, Validation Loss: 2.7574
Epoch 859/1000, Train Loss: 1.3821, Validation Loss: 4.1901
Epoch 860/1000, Train Loss: 1.4398, Validation Loss: 9.7471
Epoch 861/1000, Train Loss: 1.0399, Validation Loss: 2.4575
Epoch 862/1000, Train Loss: 587.6024, Validation Loss: 5.4322
Epoch 863/1000, Train Loss: 1.0025, Validation Loss: 1.7842
Epoch 864/1000, Train Loss: 46.5119, Validation Loss: 2.3136
Epoch 865/1000, Train Loss: 1.0856, Validation Loss: 9.6586
Epoch 866/1000, Train Loss: 1.0186, Validation Loss: 3.1669
Epoch 867/1000, Train Loss: 2485.0779, Validation Loss: 6.4733
Epoch 868/1000, Train Loss: 6.4680, Validation Loss: 6.0793
Epoch 869/1000, Train Loss: 4.2342, Validation Loss: 9.1322
Epoch 870/1000, Train Loss: 1.3266, Validation Loss: 1.2622
Epoch 871/1000, Train Loss: 20.8598, Validation Loss: 1.5284
Epoch 872/1000, Train Loss: 1.4028, Validation Loss: 3.0375
Epoch 873/1000, Train Loss: 1.0899, Validation Loss: 3.4832
Epoch 874/1000, Train Loss: 1.3532, Validation Loss: 1.1966
Epoch 875/1000, Train Loss: 1.2753, Validation Loss: 2.6764
Epoch 876/1000, Train Loss: 1.0652, Validation Loss: 1.8576
Epoch 877/1000, Train Loss: 2.4695, Validation Loss: 3.6043
Epoch 878/1000, Train Loss: 1.0626, Validation Loss: 2.9150
Epoch 879/1000, Train Loss: 2.3629, Validation Loss: 181760.3965
Epoch 880/1000, Train Loss: 3588.1457, Validation Loss: 6.8527
Epoch 881/1000, Train Loss: 1.1802, Validation Loss: 3.1407
Epoch 882/1000, Train Loss: 1.0332, Validation Loss: 3.1613
Epoch 883/1000, Train Loss: 1.2383, Validation Loss: 2.7761
Epoch 884/1000, Train Loss: 52.1203, Validation Loss: 4.4994
Epoch 885/1000, Train Loss: 1.0781, Validation Loss: 4.8039
Epoch 886/1000, Train Loss: 14.0205, Validation Loss: 5.2687
Epoch 887/1000, Train Loss: 1.1312, Validation Loss: 6.2278
Epoch 888/1000, Train Loss: 1.0520, Validation Loss: 3.3603
Epoch 889/1000, Train Loss: 1.0042, Validation Loss: 1.4163
Epoch 890/1000, Train Loss: 0.9990, Validation Loss: 1.3777
Epoch 891/1000, Train Loss: 7.6798, Validation Loss: 1.2638
Epoch 892/1000, Train Loss: 1.1024, Validation Loss: 4.0860
Epoch 893/1000, Train Loss: 0.9592, Validation Loss: 1.8731
Epoch 894/1000, Train Loss: 1.1778, Validation Loss: 1.8801
Epoch 895/1000, Train Loss: 0.9644, Validation Loss: 1.7105
Epoch 896/1000, Train Loss: 662503.6931, Validation Loss: 1.2437
Epoch 897/1000, Train Loss: 0.9318, Validation Loss: 2.4606
Epoch 898/1000, Train Loss: 1.7089, Validation Loss: 4.6977
Epoch 899/1000, Train Loss: 0.9546, Validation Loss: 2.2480
Epoch 900/1000, Train Loss: 1.4850, Validation Loss: 7.2048
Epoch 901/1000, Train Loss: 0.9125, Validation Loss: 9.7372
Epoch 902/1000, Train Loss: 66.6579, Validation Loss: 1.0107
Epoch 903/1000, Train Loss: 2.1897, Validation Loss: 2.9049
Epoch 904/1000, Train Loss: 0.9472, Validation Loss: 2.4962
Epoch 905/1000, Train Loss: 0.9308, Validation Loss: 14.1715
Epoch 906/1000, Train Loss: 1.4820, Validation Loss: 293.1814
Epoch 907/1000, Train Loss: 0.9457, Validation Loss: 6.8473
Epoch 908/1000, Train Loss: 3.1023, Validation Loss: 2.4263
Epoch 909/1000, Train Loss: 0.9510, Validation Loss: 3.0757
Epoch 910/1000, Train Loss: 0.9105, Validation Loss: 3.4483
Epoch 911/1000, Train Loss: 0.9787, Validation Loss: 1.0718
Epoch 912/1000, Train Loss: 1.1388, Validation Loss: 3.1505
Epoch 913/1000, Train Loss: 0.9150, Validation Loss: 1.1743
Epoch 914/1000, Train Loss: 3.4188, Validation Loss: 2.6161
Epoch 915/1000, Train Loss: 1.0938, Validation Loss: 2.2376
Epoch 916/1000, Train Loss: 0.9270, Validation Loss: 1.9608
Epoch 917/1000, Train Loss: 0.9540, Validation Loss: 2.1944
Epoch 918/1000, Train Loss: 0.8874, Validation Loss: 11.0785
Epoch 919/1000, Train Loss: 2.3948, Validation Loss: 3.7252
Epoch 920/1000, Train Loss: 0.9068, Validation Loss: 2.3024
Epoch 921/1000, Train Loss: 4.8620, Validation Loss: 1.2237
Epoch 922/1000, Train Loss: 0.9066, Validation Loss: 0.9079
Epoch 923/1000, Train Loss: 1.4702, Validation Loss: 0.7897
Epoch 924/1000, Train Loss: 0.8680, Validation Loss: 4.5728
Epoch 925/1000, Train Loss: 0.9369, Validation Loss: 4.0797
Epoch 926/1000, Train Loss: 3.5011, Validation Loss: 125.3488
Epoch 927/1000, Train Loss: 5.9621, Validation Loss: 6.9180
Epoch 928/1000, Train Loss: 0.9059, Validation Loss: 2.6311
Epoch 929/1000, Train Loss: 18.0044, Validation Loss: 1.3380
Epoch 930/1000, Train Loss: 7.3383, Validation Loss: 1.9185
Epoch 931/1000, Train Loss: 66.7686, Validation Loss: 0.8733
Epoch 932/1000, Train Loss: 2.6656, Validation Loss: 1.3128
Epoch 933/1000, Train Loss: 44.3988, Validation Loss: 0.8882
Epoch 934/1000, Train Loss: 1.0104, Validation Loss: 1.5256
Epoch 935/1000, Train Loss: 0.9440, Validation Loss: 1.2655
Epoch 936/1000, Train Loss: 0.9270, Validation Loss: 1.4111
Epoch 937/1000, Train Loss: 12.8713, Validation Loss: 1.9848
Epoch 938/1000, Train Loss: 1.3220, Validation Loss: 2.5169
Epoch 939/1000, Train Loss: 0.9213, Validation Loss: 2.7699
Epoch 940/1000, Train Loss: 982.2952, Validation Loss: 3.3500
Epoch 941/1000, Train Loss: 0.9883, Validation Loss: 3.7267
Epoch 942/1000, Train Loss: 1.7400, Validation Loss: 3.2353
Epoch 943/1000, Train Loss: 0.9682, Validation Loss: 3.0007
Epoch 944/1000, Train Loss: 1.3397, Validation Loss: 2.5311
Epoch 945/1000, Train Loss: 0.9269, Validation Loss: 4.6862
Epoch 946/1000, Train Loss: 4.4472, Validation Loss: 85.6965
Epoch 947/1000, Train Loss: 46.9563, Validation Loss: 6.0688
Epoch 948/1000, Train Loss: 43.6396, Validation Loss: 6.0779
Epoch 949/1000, Train Loss: 6.4280, Validation Loss: 6.0692
Epoch 950/1000, Train Loss: 72252.0174, Validation Loss: 6.0693
Epoch 951/1000, Train Loss: 45.7610, Validation Loss: 6.0856
Epoch 952/1000, Train Loss: 9.8410, Validation Loss: 6.0717
Epoch 953/1000, Train Loss: 8.6661, Validation Loss: 6.2229
Epoch 954/1000, Train Loss: 2197.6579, Validation Loss: 6.2013
Epoch 955/1000, Train Loss: 6.2270, Validation Loss: 6.0872
Epoch 956/1000, Train Loss: 8.9300, Validation Loss: 6.2433
Epoch 957/1000, Train Loss: 10.8885, Validation Loss: 6.2370
Epoch 958/1000, Train Loss: 38.0384, Validation Loss: 6.1325
Epoch 959/1000, Train Loss: 8.2423, Validation Loss: 6.0746
Epoch 960/1000, Train Loss: 22.5806, Validation Loss: 6.0949
Epoch 961/1000, Train Loss: 809.1024, Validation Loss: 6.0737
Epoch 962/1000, Train Loss: 1270.7687, Validation Loss: 6.0794
Epoch 963/1000, Train Loss: 12.1447, Validation Loss: 6.2762
Epoch 964/1000, Train Loss: 2040.9007, Validation Loss: 6.2187
Epoch 965/1000, Train Loss: 14.8602, Validation Loss: 6.1356
Epoch 966/1000, Train Loss: 6.3756, Validation Loss: 6.2387
Epoch 967/1000, Train Loss: 430.2265, Validation Loss: 6.0731
Epoch 968/1000, Train Loss: 4219.1692, Validation Loss: 6.2030
Epoch 969/1000, Train Loss: 6.2379, Validation Loss: 6.0737
Epoch 970/1000, Train Loss: 17.3238, Validation Loss: 6.0739
Epoch 971/1000, Train Loss: 6.2137, Validation Loss: 6.0841
Epoch 972/1000, Train Loss: 1050.0040, Validation Loss: 6.0791
Epoch 973/1000, Train Loss: 8.0831, Validation Loss: 6.3833
Epoch 974/1000, Train Loss: 7.3268, Validation Loss: 6.1168
Epoch 975/1000, Train Loss: 6.4935, Validation Loss: 6.4232
Epoch 976/1000, Train Loss: 8.0302, Validation Loss: 6.1947
Epoch 977/1000, Train Loss: 55.0013, Validation Loss: 6.1364
Epoch 978/1000, Train Loss: 3872.7880, Validation Loss: 1211.4211
Epoch 979/1000, Train Loss: 176.1440, Validation Loss: 6.2176
Epoch 980/1000, Train Loss: 317.3564, Validation Loss: 6.1720
Epoch 981/1000, Train Loss: 6.1963, Validation Loss: 6.1149
Epoch 982/1000, Train Loss: 226312.4251, Validation Loss: 4.6656
Epoch 983/1000, Train Loss: 2.9943, Validation Loss: 7.9833
Epoch 984/1000, Train Loss: 2.1534, Validation Loss: 3.4236
Epoch 985/1000, Train Loss: 3.0427, Validation Loss: 1.5914
Epoch 986/1000, Train Loss: 2.5038, Validation Loss: 1.8454
Epoch 987/1000, Train Loss: 1.6017, Validation Loss: 2.1602
Epoch 988/1000, Train Loss: 1.4745, Validation Loss: 2.2004
Epoch 989/1000, Train Loss: 1.5585, Validation Loss: 4.6904
Epoch 990/1000, Train Loss: 1.4028, Validation Loss: 1.1577
Epoch 991/1000, Train Loss: 2.6452, Validation Loss: 1.7499
Epoch 992/1000, Train Loss: 1.4171, Validation Loss: 3.6237
Epoch 993/1000, Train Loss: 2.0601, Validation Loss: 6.6976
Epoch 994/1000, Train Loss: 1.4154, Validation Loss: 4.3219
Epoch 995/1000, Train Loss: 1.4143, Validation Loss: 3.7197
Epoch 996/1000, Train Loss: 1.3947, Validation Loss: 1.1290
Epoch 997/1000, Train Loss: 10.0691, Validation Loss: 2.8276
Epoch 998/1000, Train Loss: 1.3782, Validation Loss: 6.0537
Epoch 999/1000, Train Loss: 1.4094, Validation Loss: 4.2299
Epoch 1000/1000, Train Loss: 1.4757, Validation Loss: 1.3350
Best Training Loss: 0.8447
Best Training Loss Epoch: 147
Best Validation Loss: 0.7497
Best Validation Loss Epoch: 213
Time taken for training: 1-14:18:57
Test Loss: 0.7834
Test MAPE: 166430.3594%
Error Statistics:
count     41272.000000
mean        507.142517
std        7457.555664
min           0.000013
25%           0.232152
50%           2.166069
75%          32.640804
max      815744.625000
Name: Absolute Error, dtype: float64
Training complete. Final model saved.
Saving model as a wandb Artifact...
Model artifact logged successfully.
[1;34mwandb[0m: 
[1;34mwandb[0m: 🚀 View run [33mdry-sweep-146[0m at: [34mhttps://wandb.ai/mk8737-new-york-university/rl_pretrain_hp_sweeps/runs/j24v53xi[0m
[1;34mwandb[0m: Find logs at: [1;35mwandb/run-20251006_144145-j24v53xi/logs[0m
Agent finished.
