Waiting for sweep ID...
Found Sweep ID: be12np04
Starting wandb agent for sweep be12np04...
TRAINING DEVICE: cpu
Run Name: GCN_global_hp_sweep_be12np04-sxuqyxqf
finidhed preparing data
Loading dataset from pretrain_dataset_12.5k_fixed_duplicates.pkl
Loaded 412712 data objects.
finished preparing data
Epoch 1/1000, Train Loss: 3.9018, Validation Loss: 2.3324
Epoch 2/1000, Train Loss: 1.3904, Validation Loss: 1.3653
Epoch 3/1000, Train Loss: 1.2879, Validation Loss: 1.1002
Epoch 4/1000, Train Loss: 1.1931, Validation Loss: 10.5628
Epoch 5/1000, Train Loss: 1.2662, Validation Loss: 2.2949
Epoch 6/1000, Train Loss: 1.2038, Validation Loss: 1.4740
Epoch 7/1000, Train Loss: 1.1310, Validation Loss: 1.8872
Epoch 8/1000, Train Loss: 1.1080, Validation Loss: 3.4793
Epoch 9/1000, Train Loss: 1.0638, Validation Loss: 4.2195
Epoch 10/1000, Train Loss: 1.0383, Validation Loss: 4.6151
Epoch 11/1000, Train Loss: 1.1928, Validation Loss: 2.0204
Epoch 12/1000, Train Loss: 2.4262, Validation Loss: 1.1753
Epoch 13/1000, Train Loss: 0.9886, Validation Loss: 3.0882
Epoch 14/1000, Train Loss: 0.9766, Validation Loss: 4.8868
Epoch 15/1000, Train Loss: 1.3173, Validation Loss: 2.1056
Epoch 16/1000, Train Loss: 0.9307, Validation Loss: 2.1280
Epoch 17/1000, Train Loss: 0.9345, Validation Loss: 2.9963
Epoch 18/1000, Train Loss: 1.0115, Validation Loss: 2.1444
Epoch 19/1000, Train Loss: 0.9051, Validation Loss: 1.1181
Epoch 20/1000, Train Loss: 0.8933, Validation Loss: 1.5258
Epoch 21/1000, Train Loss: 0.9326, Validation Loss: 1.1298
Epoch 22/1000, Train Loss: 0.8377, Validation Loss: 1.6134
Epoch 23/1000, Train Loss: 0.8920, Validation Loss: 4.8754
Epoch 24/1000, Train Loss: 0.8188, Validation Loss: 2.1991
Epoch 25/1000, Train Loss: 19.3682, Validation Loss: 1.5984
Epoch 26/1000, Train Loss: 0.8239, Validation Loss: 1.9620
Epoch 27/1000, Train Loss: 0.7840, Validation Loss: 3.5411
Epoch 28/1000, Train Loss: 0.7862, Validation Loss: 0.9981
Epoch 29/1000, Train Loss: 0.7916, Validation Loss: 2.8184
Epoch 30/1000, Train Loss: 1.4622, Validation Loss: 3.7605
Epoch 31/1000, Train Loss: 0.7897, Validation Loss: 1.5205
Epoch 32/1000, Train Loss: 0.7710, Validation Loss: 3.6615
Epoch 33/1000, Train Loss: 0.7946, Validation Loss: 1.5862
Epoch 34/1000, Train Loss: 1.2679, Validation Loss: 1.0669
Epoch 35/1000, Train Loss: 0.7826, Validation Loss: 2.8700
Epoch 36/1000, Train Loss: 0.7596, Validation Loss: 2.6657
Epoch 37/1000, Train Loss: 0.7472, Validation Loss: 1.1739
Epoch 38/1000, Train Loss: 0.8364, Validation Loss: 4.4708
Epoch 39/1000, Train Loss: 0.7750, Validation Loss: 1.9020
Epoch 40/1000, Train Loss: 0.7471, Validation Loss: 0.8919
Epoch 41/1000, Train Loss: 0.7388, Validation Loss: 1.1994
Epoch 42/1000, Train Loss: 0.7267, Validation Loss: 0.7532
Epoch 43/1000, Train Loss: 5.2836, Validation Loss: 2.9254
Epoch 44/1000, Train Loss: 0.7391, Validation Loss: 0.6771
Epoch 45/1000, Train Loss: 0.7411, Validation Loss: 2.1546
Epoch 46/1000, Train Loss: 0.7359, Validation Loss: 2.3210
Epoch 47/1000, Train Loss: 0.7136, Validation Loss: 3.6779
Epoch 48/1000, Train Loss: 2.3146, Validation Loss: 1.9743
Epoch 49/1000, Train Loss: 0.7373, Validation Loss: 2.0531
Epoch 50/1000, Train Loss: 0.7033, Validation Loss: 1.2885
Epoch 51/1000, Train Loss: 0.7397, Validation Loss: 0.7704
Epoch 52/1000, Train Loss: 0.7349, Validation Loss: 1.0197
Epoch 53/1000, Train Loss: 0.8652, Validation Loss: 2.1626
Epoch 54/1000, Train Loss: 0.7592, Validation Loss: 3.1524
Epoch 55/1000, Train Loss: 0.7289, Validation Loss: 2.2687
Epoch 56/1000, Train Loss: 0.7375, Validation Loss: 1.5074
Epoch 57/1000, Train Loss: 0.7030, Validation Loss: 1.9975
Epoch 58/1000, Train Loss: 27.6289, Validation Loss: 4.2210
Epoch 59/1000, Train Loss: 0.7133, Validation Loss: 2.8480
Epoch 60/1000, Train Loss: 0.6858, Validation Loss: 4.5326
Epoch 61/1000, Train Loss: 0.7275, Validation Loss: 0.8251
Epoch 62/1000, Train Loss: 0.7574, Validation Loss: 4.2574
Epoch 63/1000, Train Loss: 0.7466, Validation Loss: 2.2390
Epoch 64/1000, Train Loss: 0.7156, Validation Loss: 1.6922
Epoch 65/1000, Train Loss: 0.7074, Validation Loss: 1.2846
Epoch 66/1000, Train Loss: 0.7119, Validation Loss: 1.7603
Epoch 67/1000, Train Loss: 0.8262, Validation Loss: 2.0032
Epoch 68/1000, Train Loss: 0.6936, Validation Loss: 3.8866
Epoch 69/1000, Train Loss: 0.7046, Validation Loss: 1.1598
Epoch 70/1000, Train Loss: 1.0650, Validation Loss: 1.0053
Epoch 71/1000, Train Loss: 0.7104, Validation Loss: 3.1050
Epoch 72/1000, Train Loss: 0.7385, Validation Loss: 3.7971
Epoch 73/1000, Train Loss: 0.7445, Validation Loss: 2.9005
Epoch 74/1000, Train Loss: 0.7378, Validation Loss: 3.9909
Epoch 75/1000, Train Loss: 0.7179, Validation Loss: 3.1611
Epoch 76/1000, Train Loss: 0.6967, Validation Loss: 1.3923
Epoch 77/1000, Train Loss: 0.7074, Validation Loss: 1.2480
Epoch 78/1000, Train Loss: 0.6922, Validation Loss: 1.0196
Epoch 79/1000, Train Loss: 3.2541, Validation Loss: 1.5022
Epoch 80/1000, Train Loss: 0.7391, Validation Loss: 1.8330
Epoch 81/1000, Train Loss: 0.7470, Validation Loss: 1.2170
Epoch 82/1000, Train Loss: 0.7178, Validation Loss: 1.3650
Epoch 83/1000, Train Loss: 1.0823, Validation Loss: 3.0098
Epoch 84/1000, Train Loss: 0.7202, Validation Loss: 4.1063
Epoch 85/1000, Train Loss: 0.7230, Validation Loss: 1.1196
Epoch 86/1000, Train Loss: 0.6852, Validation Loss: 4.8941
Epoch 87/1000, Train Loss: 0.7705, Validation Loss: 1.8720
Epoch 88/1000, Train Loss: 0.7000, Validation Loss: 1.3871
Epoch 89/1000, Train Loss: 0.6992, Validation Loss: 2.2149
Epoch 90/1000, Train Loss: 0.7065, Validation Loss: 3.7198
Epoch 91/1000, Train Loss: 0.7847, Validation Loss: 3.5110
Epoch 92/1000, Train Loss: 0.7059, Validation Loss: 2.7947
Epoch 93/1000, Train Loss: 0.6863, Validation Loss: 5.4339
Epoch 94/1000, Train Loss: 0.7020, Validation Loss: 3.2710
Epoch 95/1000, Train Loss: 1.1970, Validation Loss: 2.3512
Epoch 96/1000, Train Loss: 0.7042, Validation Loss: 1.0107
Epoch 97/1000, Train Loss: 0.7139, Validation Loss: 1.0078
Epoch 98/1000, Train Loss: 0.6946, Validation Loss: 0.8806
Epoch 99/1000, Train Loss: 0.6822, Validation Loss: 1.9558
Epoch 100/1000, Train Loss: 14.6578, Validation Loss: 1.2294
Epoch 101/1000, Train Loss: 0.7157, Validation Loss: 1.2610
Epoch 102/1000, Train Loss: 0.6945, Validation Loss: 3.5840
Epoch 103/1000, Train Loss: 0.6773, Validation Loss: 1.2120
Epoch 104/1000, Train Loss: 24.7178, Validation Loss: 2.2813
Epoch 105/1000, Train Loss: 0.7045, Validation Loss: 3.1711
Epoch 106/1000, Train Loss: 0.6873, Validation Loss: 2.0445
Epoch 107/1000, Train Loss: 0.6788, Validation Loss: 2.6159
Epoch 108/1000, Train Loss: 0.7006, Validation Loss: 1.6258
Epoch 109/1000, Train Loss: 0.6744, Validation Loss: 1.5249
Epoch 110/1000, Train Loss: 0.6644, Validation Loss: 2.1116
Epoch 111/1000, Train Loss: 27.5006, Validation Loss: 0.9118
Epoch 112/1000, Train Loss: 0.7029, Validation Loss: 1.6818
Epoch 113/1000, Train Loss: 0.6784, Validation Loss: 0.6710
Epoch 114/1000, Train Loss: 0.6670, Validation Loss: 1.4428
Epoch 115/1000, Train Loss: 0.7361, Validation Loss: 4.5264
Epoch 116/1000, Train Loss: 0.6722, Validation Loss: 5.8131
Epoch 117/1000, Train Loss: 0.6625, Validation Loss: 1.0593
Epoch 118/1000, Train Loss: 0.6810, Validation Loss: 4.6463
Epoch 119/1000, Train Loss: 0.6819, Validation Loss: 1.3487
Epoch 120/1000, Train Loss: 0.8020, Validation Loss: 1.4897
Epoch 121/1000, Train Loss: 0.7269, Validation Loss: 4.9545
Epoch 122/1000, Train Loss: 0.6849, Validation Loss: 1.1842
Epoch 123/1000, Train Loss: 0.6625, Validation Loss: 2.8334
Epoch 124/1000, Train Loss: 0.7040, Validation Loss: 1.4194
Epoch 125/1000, Train Loss: 0.6531, Validation Loss: 2.3148
Epoch 126/1000, Train Loss: 0.7399, Validation Loss: 2.7487
Epoch 127/1000, Train Loss: 0.6631, Validation Loss: 4.9735
Epoch 128/1000, Train Loss: 0.6533, Validation Loss: 3.4301
Epoch 129/1000, Train Loss: 0.6665, Validation Loss: 3.3924
Epoch 130/1000, Train Loss: 0.6839, Validation Loss: 3.9678
Epoch 131/1000, Train Loss: 0.6763, Validation Loss: 1.9783
Epoch 132/1000, Train Loss: 0.7190, Validation Loss: 1.5405
Epoch 133/1000, Train Loss: 0.7721, Validation Loss: 0.9623
Epoch 134/1000, Train Loss: 0.6714, Validation Loss: 0.9202
Epoch 135/1000, Train Loss: 0.6746, Validation Loss: 1.4763
Epoch 136/1000, Train Loss: 0.6740, Validation Loss: 1.1539
Epoch 137/1000, Train Loss: 0.6650, Validation Loss: 2.3254
Epoch 138/1000, Train Loss: 0.7033, Validation Loss: 1.1540
Epoch 139/1000, Train Loss: 0.6562, Validation Loss: 3.3853
Epoch 140/1000, Train Loss: 0.6509, Validation Loss: 4.3241
Epoch 141/1000, Train Loss: 0.6767, Validation Loss: 2.5656
Epoch 142/1000, Train Loss: 0.6568, Validation Loss: 4.4169
Epoch 143/1000, Train Loss: 0.6596, Validation Loss: 4.7512
Epoch 144/1000, Train Loss: 0.7786, Validation Loss: 3.2269
Epoch 145/1000, Train Loss: 0.6883, Validation Loss: 2.2587
Epoch 146/1000, Train Loss: 0.6927, Validation Loss: 1.6925
Epoch 147/1000, Train Loss: 0.6737, Validation Loss: 0.8804
Epoch 148/1000, Train Loss: 0.6740, Validation Loss: 1.4325
Epoch 149/1000, Train Loss: 0.6800, Validation Loss: 7.3683
Epoch 150/1000, Train Loss: 0.7003, Validation Loss: 1.4877
Epoch 151/1000, Train Loss: 0.6751, Validation Loss: 2.3348
Epoch 152/1000, Train Loss: 0.9213, Validation Loss: 2.8977
Epoch 153/1000, Train Loss: 0.6601, Validation Loss: 1.1502
Epoch 154/1000, Train Loss: 0.6536, Validation Loss: 4.0504
Epoch 155/1000, Train Loss: 0.6640, Validation Loss: 2.7084
Epoch 156/1000, Train Loss: 1.2407, Validation Loss: 1.8544
Epoch 157/1000, Train Loss: 0.7564, Validation Loss: 2.0436
Epoch 158/1000, Train Loss: 0.6956, Validation Loss: 1.4514
Epoch 159/1000, Train Loss: 0.6609, Validation Loss: 1.8815
Epoch 160/1000, Train Loss: 0.6687, Validation Loss: 3.6807
Epoch 161/1000, Train Loss: 0.6519, Validation Loss: 1.6969
Epoch 162/1000, Train Loss: 1.1594, Validation Loss: 0.7913
Epoch 163/1000, Train Loss: 0.7672, Validation Loss: 0.9436
Epoch 164/1000, Train Loss: 0.8611, Validation Loss: 1.0335
Epoch 165/1000, Train Loss: 0.6571, Validation Loss: 1.4509
Epoch 166/1000, Train Loss: 0.6839, Validation Loss: 0.7092
Epoch 167/1000, Train Loss: 0.6776, Validation Loss: 3.0053
Epoch 168/1000, Train Loss: 0.6740, Validation Loss: 1.4393
Epoch 169/1000, Train Loss: 0.6636, Validation Loss: 3.0932
Epoch 170/1000, Train Loss: 0.7268, Validation Loss: 2.7262
Epoch 171/1000, Train Loss: 0.6634, Validation Loss: 0.7458
Epoch 172/1000, Train Loss: 0.6814, Validation Loss: 2.7407
Epoch 173/1000, Train Loss: 0.6714, Validation Loss: 1.1456
Epoch 174/1000, Train Loss: 0.6612, Validation Loss: 2.2450
Epoch 175/1000, Train Loss: 0.6882, Validation Loss: 5.1107
Epoch 176/1000, Train Loss: 0.6769, Validation Loss: 1.5249
Epoch 177/1000, Train Loss: 0.6470, Validation Loss: 1.3601
Epoch 178/1000, Train Loss: 0.6709, Validation Loss: 1.0667
Epoch 179/1000, Train Loss: 0.6665, Validation Loss: 1.8803
Epoch 180/1000, Train Loss: 0.6582, Validation Loss: 0.7781
Epoch 181/1000, Train Loss: 1.6129, Validation Loss: 1.5485
Epoch 182/1000, Train Loss: 0.6915, Validation Loss: 2.7165
Epoch 183/1000, Train Loss: 0.6490, Validation Loss: 1.3173
Epoch 184/1000, Train Loss: 0.6582, Validation Loss: 4.0477
Epoch 185/1000, Train Loss: 0.6857, Validation Loss: 1.3575
Epoch 186/1000, Train Loss: 0.7915, Validation Loss: 5.0590
Epoch 187/1000, Train Loss: 0.6621, Validation Loss: 2.1139
Epoch 188/1000, Train Loss: 0.6680, Validation Loss: 2.1819
Epoch 189/1000, Train Loss: 0.7096, Validation Loss: 2.8948
Epoch 190/1000, Train Loss: 0.6595, Validation Loss: 1.7082
Epoch 191/1000, Train Loss: 0.7582, Validation Loss: 5.0832
Epoch 192/1000, Train Loss: 0.6672, Validation Loss: 0.7847
Epoch 193/1000, Train Loss: 0.6675, Validation Loss: 2.8146
Epoch 194/1000, Train Loss: 0.6483, Validation Loss: 0.7246
Epoch 195/1000, Train Loss: 0.6509, Validation Loss: 2.6657
Epoch 196/1000, Train Loss: 0.6502, Validation Loss: 1.8334
Epoch 197/1000, Train Loss: 0.8242, Validation Loss: 1.0882
Epoch 198/1000, Train Loss: 0.6632, Validation Loss: 4.6692
Epoch 199/1000, Train Loss: 0.6762, Validation Loss: 1.2639
Epoch 200/1000, Train Loss: 0.6512, Validation Loss: 2.3939
Epoch 201/1000, Train Loss: 0.6651, Validation Loss: 1.3407
Epoch 202/1000, Train Loss: 0.7422, Validation Loss: 1.5734
Epoch 203/1000, Train Loss: 0.6662, Validation Loss: 2.2231
Epoch 204/1000, Train Loss: 0.6459, Validation Loss: 0.9951
Epoch 205/1000, Train Loss: 0.7867, Validation Loss: 1.0913
Epoch 206/1000, Train Loss: 0.6596, Validation Loss: 1.6744
Epoch 207/1000, Train Loss: 0.6580, Validation Loss: 1.2276
Epoch 208/1000, Train Loss: 0.6477, Validation Loss: 0.7387
Epoch 209/1000, Train Loss: 0.6685, Validation Loss: 2.3048
Epoch 210/1000, Train Loss: 0.6668, Validation Loss: 3.2622
Epoch 211/1000, Train Loss: 0.6593, Validation Loss: 0.8155
Epoch 212/1000, Train Loss: 0.6741, Validation Loss: 3.9585
Epoch 213/1000, Train Loss: 0.6554, Validation Loss: 1.5820
Epoch 214/1000, Train Loss: 0.6666, Validation Loss: 1.9000
Epoch 215/1000, Train Loss: 0.6932, Validation Loss: 0.9780
Epoch 216/1000, Train Loss: 0.7067, Validation Loss: 2.0499
Epoch 217/1000, Train Loss: 0.7207, Validation Loss: 1.4448
Epoch 218/1000, Train Loss: 0.6513, Validation Loss: 2.1331
Epoch 219/1000, Train Loss: 0.6399, Validation Loss: 3.5539
Epoch 220/1000, Train Loss: 0.6651, Validation Loss: 4.1383
Epoch 221/1000, Train Loss: 0.6701, Validation Loss: 3.4186
Epoch 222/1000, Train Loss: 0.6964, Validation Loss: 1.2633
Epoch 223/1000, Train Loss: 0.6504, Validation Loss: 1.3359
Epoch 224/1000, Train Loss: 0.6457, Validation Loss: 1.0909
Epoch 225/1000, Train Loss: 0.6693, Validation Loss: 2.1841
Epoch 226/1000, Train Loss: 0.6864, Validation Loss: 1.8884
Epoch 227/1000, Train Loss: 0.7074, Validation Loss: 1.1836
Epoch 228/1000, Train Loss: 0.6457, Validation Loss: 0.9880
Epoch 229/1000, Train Loss: 0.6509, Validation Loss: 4.0437
Epoch 230/1000, Train Loss: 0.6446, Validation Loss: 2.3638
Epoch 231/1000, Train Loss: 0.6774, Validation Loss: 1.9988
Epoch 232/1000, Train Loss: 0.6636, Validation Loss: 1.4517
Epoch 233/1000, Train Loss: 0.6886, Validation Loss: 0.8250
Epoch 234/1000, Train Loss: 0.6429, Validation Loss: 1.3482
Epoch 235/1000, Train Loss: 1.0554, Validation Loss: 2.6224
Epoch 236/1000, Train Loss: 0.6400, Validation Loss: 1.2529
Epoch 237/1000, Train Loss: 0.6415, Validation Loss: 2.6041
Epoch 238/1000, Train Loss: 0.7150, Validation Loss: 1.9442
Epoch 239/1000, Train Loss: 0.6565, Validation Loss: 1.9625
Epoch 240/1000, Train Loss: 0.6611, Validation Loss: 2.7649
Epoch 241/1000, Train Loss: 0.6529, Validation Loss: 1.8428
Epoch 242/1000, Train Loss: 0.6327, Validation Loss: 0.9879
Epoch 243/1000, Train Loss: 0.6467, Validation Loss: 1.7778
Epoch 244/1000, Train Loss: 0.6642, Validation Loss: 1.7676
Epoch 245/1000, Train Loss: 0.6844, Validation Loss: 1.8039
Epoch 246/1000, Train Loss: 0.6864, Validation Loss: 2.6945
Epoch 247/1000, Train Loss: 0.6378, Validation Loss: 2.2940
Epoch 248/1000, Train Loss: 0.6446, Validation Loss: 4.6863
Epoch 249/1000, Train Loss: 0.6879, Validation Loss: 2.4446
Epoch 250/1000, Train Loss: 0.7162, Validation Loss: 0.7268
Epoch 251/1000, Train Loss: 0.6528, Validation Loss: 3.2996
Epoch 252/1000, Train Loss: 0.6358, Validation Loss: 3.7585
Epoch 253/1000, Train Loss: 0.6610, Validation Loss: 3.2167
Epoch 254/1000, Train Loss: 0.6784, Validation Loss: 2.3489
Epoch 255/1000, Train Loss: 0.6499, Validation Loss: 2.3405
Epoch 256/1000, Train Loss: 0.6729, Validation Loss: 0.7464
Epoch 257/1000, Train Loss: 29.0140, Validation Loss: 2.6386
Epoch 258/1000, Train Loss: 0.7320, Validation Loss: 1.1736
Epoch 259/1000, Train Loss: 0.6868, Validation Loss: 2.8615
Epoch 260/1000, Train Loss: 0.8041, Validation Loss: 6.2843
Epoch 261/1000, Train Loss: 0.6904, Validation Loss: 4.2787
Epoch 262/1000, Train Loss: 0.6841, Validation Loss: 0.8036
Epoch 263/1000, Train Loss: 0.6544, Validation Loss: 3.2188
Epoch 264/1000, Train Loss: 0.6692, Validation Loss: 1.5776
Epoch 265/1000, Train Loss: 0.6785, Validation Loss: 2.2679
Epoch 266/1000, Train Loss: 0.6412, Validation Loss: 3.2260
Epoch 267/1000, Train Loss: 0.6362, Validation Loss: 1.5919
Epoch 268/1000, Train Loss: 0.6560, Validation Loss: 2.0501
Epoch 269/1000, Train Loss: 0.6450, Validation Loss: 3.1789
Epoch 270/1000, Train Loss: 0.6423, Validation Loss: 2.0558
Epoch 271/1000, Train Loss: 0.6183, Validation Loss: 2.0022
Epoch 272/1000, Train Loss: 0.7548, Validation Loss: 1.0708
Epoch 273/1000, Train Loss: 0.6253, Validation Loss: 1.0735
Epoch 274/1000, Train Loss: 0.8342, Validation Loss: 2.0348
Epoch 275/1000, Train Loss: 0.6791, Validation Loss: 5.7123
Epoch 276/1000, Train Loss: 0.6348, Validation Loss: 3.6460
Epoch 277/1000, Train Loss: 0.6489, Validation Loss: 2.4361
Epoch 278/1000, Train Loss: 0.6461, Validation Loss: 0.9839
Epoch 279/1000, Train Loss: 0.6609, Validation Loss: 1.6159
Epoch 280/1000, Train Loss: 0.6616, Validation Loss: 5.4467
Epoch 281/1000, Train Loss: 0.6472, Validation Loss: 1.4686
Epoch 282/1000, Train Loss: 0.7152, Validation Loss: 1.6616
Epoch 283/1000, Train Loss: 0.6490, Validation Loss: 3.4062
Epoch 284/1000, Train Loss: 0.6765, Validation Loss: 1.3282
Epoch 285/1000, Train Loss: 0.6279, Validation Loss: 1.3163
Epoch 286/1000, Train Loss: 0.6587, Validation Loss: 4.0638
Epoch 287/1000, Train Loss: 0.6501, Validation Loss: 1.6434
Epoch 288/1000, Train Loss: 5.5331, Validation Loss: 1.0103
Epoch 289/1000, Train Loss: 0.6538, Validation Loss: 1.7718
Epoch 290/1000, Train Loss: 2.7885, Validation Loss: 4.8041
Epoch 291/1000, Train Loss: 0.6352, Validation Loss: 2.0512
Epoch 292/1000, Train Loss: 0.6366, Validation Loss: 1.2217
Epoch 293/1000, Train Loss: 0.6457, Validation Loss: 3.6707
Epoch 294/1000, Train Loss: 0.6389, Validation Loss: 1.4843
Epoch 295/1000, Train Loss: 0.6181, Validation Loss: 1.3388
Epoch 296/1000, Train Loss: 11.2688, Validation Loss: 0.9698
Epoch 297/1000, Train Loss: 0.6939, Validation Loss: 3.6167
Epoch 298/1000, Train Loss: 0.6584, Validation Loss: 4.0956
Epoch 299/1000, Train Loss: 1.4779, Validation Loss: 4.1161
Epoch 300/1000, Train Loss: 0.6441, Validation Loss: 2.4680
Epoch 301/1000, Train Loss: 0.6542, Validation Loss: 1.5490
Epoch 302/1000, Train Loss: 0.6644, Validation Loss: 4.2082
Epoch 303/1000, Train Loss: 0.6373, Validation Loss: 0.6935
Epoch 304/1000, Train Loss: 6.5320, Validation Loss: 2.1675
Epoch 305/1000, Train Loss: 0.6475, Validation Loss: 2.1193
Epoch 306/1000, Train Loss: 0.6431, Validation Loss: 1.1810
Epoch 307/1000, Train Loss: 0.6352, Validation Loss: 3.3292
Epoch 308/1000, Train Loss: 0.6397, Validation Loss: 1.0299
Epoch 309/1000, Train Loss: 0.6975, Validation Loss: 2.1184
Epoch 310/1000, Train Loss: 0.6611, Validation Loss: 2.4111
Epoch 311/1000, Train Loss: 0.6372, Validation Loss: 1.0282
Epoch 312/1000, Train Loss: 0.6225, Validation Loss: 1.9544
Epoch 313/1000, Train Loss: 1.0422, Validation Loss: 1.8004
Epoch 314/1000, Train Loss: 0.6417, Validation Loss: 0.9187
Epoch 315/1000, Train Loss: 0.6214, Validation Loss: 6.0025
Epoch 316/1000, Train Loss: 0.6429, Validation Loss: 1.1506
Epoch 317/1000, Train Loss: 0.6279, Validation Loss: 1.7291
Epoch 318/1000, Train Loss: 0.6606, Validation Loss: 0.9410
Epoch 319/1000, Train Loss: 0.6941, Validation Loss: 1.2984
Epoch 320/1000, Train Loss: 0.6600, Validation Loss: 2.3359
Epoch 321/1000, Train Loss: 0.6600, Validation Loss: 2.1966
Epoch 322/1000, Train Loss: 1.3531, Validation Loss: 1.6902
Epoch 323/1000, Train Loss: 0.6400, Validation Loss: 4.0584
Epoch 324/1000, Train Loss: 0.6406, Validation Loss: 1.4746
Epoch 325/1000, Train Loss: 0.6266, Validation Loss: 1.7388
Epoch 326/1000, Train Loss: 39.2641, Validation Loss: 1.1255
Epoch 327/1000, Train Loss: 0.6456, Validation Loss: 1.3740
Epoch 328/1000, Train Loss: 0.6429, Validation Loss: 1.5581
Epoch 329/1000, Train Loss: 0.6363, Validation Loss: 1.2542
Epoch 330/1000, Train Loss: 0.6417, Validation Loss: 3.6006
Epoch 331/1000, Train Loss: 0.6276, Validation Loss: 5.0435
Epoch 332/1000, Train Loss: 0.6831, Validation Loss: 1.7295
Epoch 333/1000, Train Loss: 0.6484, Validation Loss: 1.2254
Epoch 334/1000, Train Loss: 0.6213, Validation Loss: 1.1119
Epoch 335/1000, Train Loss: 0.6503, Validation Loss: 1.0879
Epoch 336/1000, Train Loss: 0.6297, Validation Loss: 1.9315
Epoch 337/1000, Train Loss: 6.4656, Validation Loss: 1.2072
Epoch 338/1000, Train Loss: 0.6492, Validation Loss: 1.2007
Epoch 339/1000, Train Loss: 0.6665, Validation Loss: 2.5281
Epoch 340/1000, Train Loss: 0.6363, Validation Loss: 2.0844
Epoch 341/1000, Train Loss: 0.6513, Validation Loss: 1.4123
Epoch 342/1000, Train Loss: 0.6321, Validation Loss: 1.5797
Epoch 343/1000, Train Loss: 0.6426, Validation Loss: 0.9070
Epoch 344/1000, Train Loss: 0.6272, Validation Loss: 2.0386
Epoch 345/1000, Train Loss: 0.6601, Validation Loss: 0.9783
Epoch 346/1000, Train Loss: 0.6416, Validation Loss: 2.4817
Epoch 347/1000, Train Loss: 0.6567, Validation Loss: 1.5349
Epoch 348/1000, Train Loss: 0.8988, Validation Loss: 1.1165
Epoch 349/1000, Train Loss: 0.6160, Validation Loss: 5.1208
Epoch 350/1000, Train Loss: 0.6263, Validation Loss: 2.4233
Epoch 351/1000, Train Loss: 1.1365, Validation Loss: 1.2470
Epoch 352/1000, Train Loss: 0.7900, Validation Loss: 34059.3878
Epoch 353/1000, Train Loss: 0.7349, Validation Loss: 1.9735
Epoch 354/1000, Train Loss: 0.6420, Validation Loss: 0.9991
Epoch 355/1000, Train Loss: 0.6404, Validation Loss: 2.4832
Epoch 356/1000, Train Loss: 0.6474, Validation Loss: 4.5088
Epoch 357/1000, Train Loss: 0.7328, Validation Loss: 528.2108
Epoch 358/1000, Train Loss: 0.8367, Validation Loss: 1.3740
Epoch 359/1000, Train Loss: 0.6396, Validation Loss: 2.1179
Epoch 360/1000, Train Loss: 0.6487, Validation Loss: 1.6419
Epoch 361/1000, Train Loss: 0.6372, Validation Loss: 2.8328
Epoch 362/1000, Train Loss: 0.6409, Validation Loss: 2.9660
Epoch 363/1000, Train Loss: 0.6890, Validation Loss: 4.9186
Epoch 364/1000, Train Loss: 0.6714, Validation Loss: 1.3065
Epoch 365/1000, Train Loss: 0.6456, Validation Loss: 1.6127
Epoch 366/1000, Train Loss: 0.6295, Validation Loss: 1.6617
Epoch 367/1000, Train Loss: 0.9224, Validation Loss: 6.4971
Epoch 368/1000, Train Loss: 0.6437, Validation Loss: 1.1265
Epoch 369/1000, Train Loss: 0.6317, Validation Loss: 1.3222
Epoch 370/1000, Train Loss: 0.6360, Validation Loss: 1.1446
Epoch 371/1000, Train Loss: 1.0093, Validation Loss: 2.4174
Epoch 372/1000, Train Loss: 0.6438, Validation Loss: 1.6599
Epoch 373/1000, Train Loss: 0.6298, Validation Loss: 3.9656
Epoch 374/1000, Train Loss: 0.6287, Validation Loss: 5.8310
Epoch 375/1000, Train Loss: 0.6552, Validation Loss: 4.0757
Epoch 376/1000, Train Loss: 0.9430, Validation Loss: 2.6648
Epoch 377/1000, Train Loss: 0.6306, Validation Loss: 3.8175
Epoch 378/1000, Train Loss: 0.6490, Validation Loss: 1.8249
Epoch 379/1000, Train Loss: 0.6578, Validation Loss: 4.8635
Epoch 380/1000, Train Loss: 0.6358, Validation Loss: 4.7463
Epoch 381/1000, Train Loss: 0.6438, Validation Loss: 1.3916
Epoch 382/1000, Train Loss: 2.7862, Validation Loss: 1.7057
Epoch 383/1000, Train Loss: 0.6556, Validation Loss: 1.5785
Epoch 384/1000, Train Loss: 0.8425, Validation Loss: 222.0794
Epoch 385/1000, Train Loss: 0.6864, Validation Loss: 1.2471
Epoch 386/1000, Train Loss: 0.6255, Validation Loss: 5.7338
Epoch 387/1000, Train Loss: 0.6294, Validation Loss: 1.0676
Epoch 388/1000, Train Loss: 0.6452, Validation Loss: 1.3296
Epoch 389/1000, Train Loss: 0.6363, Validation Loss: 6.7639
Epoch 390/1000, Train Loss: 0.6366, Validation Loss: 1.4725
Epoch 391/1000, Train Loss: 0.6504, Validation Loss: 5.0063
Epoch 392/1000, Train Loss: 0.6954, Validation Loss: 1.1358
Epoch 393/1000, Train Loss: 0.6293, Validation Loss: 2.1569
Epoch 394/1000, Train Loss: 0.6344, Validation Loss: 6.2539
Epoch 395/1000, Train Loss: 0.6154, Validation Loss: 3.7273
Epoch 396/1000, Train Loss: 1.9752, Validation Loss: 1.2791
Epoch 397/1000, Train Loss: 0.6462, Validation Loss: 2.2858
Epoch 398/1000, Train Loss: 0.6499, Validation Loss: 3.0890
Epoch 399/1000, Train Loss: 0.6633, Validation Loss: 1.5727
Epoch 400/1000, Train Loss: 0.6410, Validation Loss: 1.5135
Epoch 401/1000, Train Loss: 0.6237, Validation Loss: 2.0925
Epoch 402/1000, Train Loss: 0.8835, Validation Loss: 1.5515
Epoch 403/1000, Train Loss: 0.6649, Validation Loss: 0.7495
Epoch 404/1000, Train Loss: 0.6152, Validation Loss: 1.0843
Epoch 405/1000, Train Loss: 0.6345, Validation Loss: 2.6961
Epoch 406/1000, Train Loss: 0.6455, Validation Loss: 4.5414
Epoch 407/1000, Train Loss: 0.6308, Validation Loss: 1.0787
Epoch 408/1000, Train Loss: 0.6150, Validation Loss: 2.0287
Epoch 409/1000, Train Loss: 0.6296, Validation Loss: 2.2953
Epoch 410/1000, Train Loss: 0.6165, Validation Loss: 2.2046
Epoch 411/1000, Train Loss: 0.6762, Validation Loss: 1.3463
Epoch 412/1000, Train Loss: 0.6323, Validation Loss: 3.9395
Epoch 413/1000, Train Loss: 0.6248, Validation Loss: 4.5170
Epoch 414/1000, Train Loss: 0.6329, Validation Loss: 3.7789
Epoch 415/1000, Train Loss: 0.6727, Validation Loss: 3.8783
Epoch 416/1000, Train Loss: 0.6350, Validation Loss: 2.0766
Epoch 417/1000, Train Loss: 0.6376, Validation Loss: 1.4474
Epoch 418/1000, Train Loss: 1.7839, Validation Loss: 1.2216
Epoch 419/1000, Train Loss: 0.6449, Validation Loss: 4.0097
Epoch 420/1000, Train Loss: 0.6361, Validation Loss: 1.3245
Epoch 421/1000, Train Loss: 0.6303, Validation Loss: 2.7415
Epoch 422/1000, Train Loss: 0.6299, Validation Loss: 0.9530
Epoch 423/1000, Train Loss: 0.6507, Validation Loss: 1.4862
Epoch 424/1000, Train Loss: 0.6272, Validation Loss: 1.6442
Epoch 425/1000, Train Loss: 0.6508, Validation Loss: 1.6768
Epoch 426/1000, Train Loss: 0.9743, Validation Loss: 3.8477
Epoch 427/1000, Train Loss: 0.6700, Validation Loss: 1.1911
Epoch 428/1000, Train Loss: 0.6506, Validation Loss: 1.2712
Epoch 429/1000, Train Loss: 0.6472, Validation Loss: 0.6647
Epoch 430/1000, Train Loss: 0.6509, Validation Loss: 1.5333
Epoch 431/1000, Train Loss: 0.6267, Validation Loss: 2.6509
Epoch 432/1000, Train Loss: 0.7461, Validation Loss: 1.0757
Epoch 433/1000, Train Loss: 0.6328, Validation Loss: 1.3410
Epoch 434/1000, Train Loss: 0.6353, Validation Loss: 1.9822
Epoch 435/1000, Train Loss: 0.7937, Validation Loss: 5.0228
Epoch 436/1000, Train Loss: 0.6366, Validation Loss: 1.3650
Epoch 437/1000, Train Loss: 0.6210, Validation Loss: 3.2906
Epoch 438/1000, Train Loss: 2.0041, Validation Loss: 2.9757
Epoch 439/1000, Train Loss: 0.6588, Validation Loss: 0.9690
Epoch 440/1000, Train Loss: 0.6323, Validation Loss: 1.6969
Epoch 441/1000, Train Loss: 0.6447, Validation Loss: 0.8268
Epoch 442/1000, Train Loss: 0.6291, Validation Loss: 1.1269
Epoch 443/1000, Train Loss: 2.0281, Validation Loss: 0.9476
Epoch 444/1000, Train Loss: 0.6379, Validation Loss: 1.4282
Epoch 445/1000, Train Loss: 0.6293, Validation Loss: 3.1891
Epoch 446/1000, Train Loss: 0.6355, Validation Loss: 4.6300
Epoch 447/1000, Train Loss: 0.6801, Validation Loss: 0.7921
Epoch 448/1000, Train Loss: 0.6748, Validation Loss: 4.7449
Epoch 449/1000, Train Loss: 0.8031, Validation Loss: 1.2483
Epoch 450/1000, Train Loss: 0.6668, Validation Loss: 1.6177
Epoch 451/1000, Train Loss: 0.7402, Validation Loss: 1.6521
Epoch 452/1000, Train Loss: 0.6566, Validation Loss: 1.1102
Epoch 453/1000, Train Loss: 0.6404, Validation Loss: 2.0425
Epoch 454/1000, Train Loss: 0.6160, Validation Loss: 0.9160
Epoch 455/1000, Train Loss: 24.5835, Validation Loss: 1.3073
Epoch 456/1000, Train Loss: 0.6675, Validation Loss: 4.9158
Epoch 457/1000, Train Loss: 0.6521, Validation Loss: 1.6390
Epoch 458/1000, Train Loss: 0.6595, Validation Loss: 5.5640
Epoch 459/1000, Train Loss: 0.6358, Validation Loss: 4.5966
Epoch 460/1000, Train Loss: 0.6875, Validation Loss: 0.8444
Epoch 461/1000, Train Loss: 0.6266, Validation Loss: 1.3544
Epoch 462/1000, Train Loss: 0.6313, Validation Loss: 2.4984
Epoch 463/1000, Train Loss: 0.6335, Validation Loss: 0.7207
Epoch 464/1000, Train Loss: 0.6928, Validation Loss: 3.3887
Epoch 465/1000, Train Loss: 0.6711, Validation Loss: 0.7523
Epoch 466/1000, Train Loss: 0.6768, Validation Loss: 1.3807
Epoch 467/1000, Train Loss: 0.6479, Validation Loss: 3.8239
Epoch 468/1000, Train Loss: 0.6492, Validation Loss: 1.4193
Epoch 469/1000, Train Loss: 0.6370, Validation Loss: 1.7719
Epoch 470/1000, Train Loss: 0.6654, Validation Loss: 1.0075
Epoch 471/1000, Train Loss: 0.6484, Validation Loss: 5.2477
Epoch 472/1000, Train Loss: 0.6569, Validation Loss: 4.9749
Epoch 473/1000, Train Loss: 0.6853, Validation Loss: 1.6764
Epoch 474/1000, Train Loss: 0.6341, Validation Loss: 1.9475
Epoch 475/1000, Train Loss: 0.6564, Validation Loss: 1.9569
Epoch 476/1000, Train Loss: 0.6754, Validation Loss: 1.8122
Epoch 477/1000, Train Loss: 0.6635, Validation Loss: 2.1666
Epoch 478/1000, Train Loss: 8.8936, Validation Loss: 1.7308
Epoch 479/1000, Train Loss: 0.6206, Validation Loss: 0.8253
Epoch 480/1000, Train Loss: 5.0132, Validation Loss: 0.7743
Epoch 481/1000, Train Loss: 0.6451, Validation Loss: 1.1817
Epoch 482/1000, Train Loss: 0.7448, Validation Loss: 1.3371
Epoch 483/1000, Train Loss: 0.6529, Validation Loss: 1.9487
Epoch 484/1000, Train Loss: 0.6371, Validation Loss: 1.3760
Epoch 485/1000, Train Loss: 0.6267, Validation Loss: 0.8842
Epoch 486/1000, Train Loss: 0.6400, Validation Loss: 2.0687
Epoch 487/1000, Train Loss: 0.6606, Validation Loss: 2.3418
Epoch 488/1000, Train Loss: 0.6388, Validation Loss: 3.2882
Epoch 489/1000, Train Loss: 0.7231, Validation Loss: 1.0638
Epoch 490/1000, Train Loss: 0.6328, Validation Loss: 3.6562
Epoch 491/1000, Train Loss: 0.6507, Validation Loss: 2.5243
Epoch 492/1000, Train Loss: 0.6534, Validation Loss: 1.2862
Epoch 493/1000, Train Loss: 0.6459, Validation Loss: 2.7201
Epoch 494/1000, Train Loss: 0.6294, Validation Loss: 1.5410
Epoch 495/1000, Train Loss: 0.6420, Validation Loss: 0.8797
Epoch 496/1000, Train Loss: 0.7006, Validation Loss: 1.4197
Epoch 497/1000, Train Loss: 0.6474, Validation Loss: 1.5266
Epoch 498/1000, Train Loss: 0.6761, Validation Loss: 1.6361
Epoch 499/1000, Train Loss: 0.6244, Validation Loss: 3.7740
Epoch 500/1000, Train Loss: 0.6243, Validation Loss: 1.0644
Epoch 501/1000, Train Loss: 1.0078, Validation Loss: 1.1256
Epoch 502/1000, Train Loss: 0.6780, Validation Loss: 2.8243
Epoch 503/1000, Train Loss: 0.6219, Validation Loss: 1.9424
Epoch 504/1000, Train Loss: 0.6237, Validation Loss: 1.9351
Epoch 505/1000, Train Loss: 38.0186, Validation Loss: 1.8469
Epoch 506/1000, Train Loss: 0.6512, Validation Loss: 1.3877
Epoch 507/1000, Train Loss: 0.8924, Validation Loss: 1.4448
Epoch 508/1000, Train Loss: 0.6581, Validation Loss: 1.2103
Epoch 509/1000, Train Loss: 0.6183, Validation Loss: 0.7943
Epoch 510/1000, Train Loss: 0.6537, Validation Loss: 1.2216
Epoch 511/1000, Train Loss: 0.6357, Validation Loss: 4.2621
Epoch 512/1000, Train Loss: 0.6695, Validation Loss: 1.3295
Epoch 513/1000, Train Loss: 1.7151, Validation Loss: 2.6141
Epoch 514/1000, Train Loss: 250.5686, Validation Loss: 1.7492
Epoch 515/1000, Train Loss: 0.6256, Validation Loss: 2.7470
Epoch 516/1000, Train Loss: 0.6256, Validation Loss: 2.0135
Epoch 517/1000, Train Loss: 0.9919, Validation Loss: 1.1307
Epoch 518/1000, Train Loss: 0.6501, Validation Loss: 1.1731
Epoch 519/1000, Train Loss: 0.6502, Validation Loss: 1.1796
Epoch 520/1000, Train Loss: 0.6419, Validation Loss: 1.4180
Epoch 521/1000, Train Loss: 1.0921, Validation Loss: 0.7676
Epoch 522/1000, Train Loss: 0.6528, Validation Loss: 1.7744
Epoch 523/1000, Train Loss: 0.6522, Validation Loss: 0.8205
Epoch 524/1000, Train Loss: 0.6501, Validation Loss: 1.1760
Epoch 525/1000, Train Loss: 0.6544, Validation Loss: 2.8842
Epoch 526/1000, Train Loss: 2.4946, Validation Loss: 2.1085
Epoch 527/1000, Train Loss: 0.6390, Validation Loss: 1.9791
Epoch 528/1000, Train Loss: 0.6651, Validation Loss: 2.7920
Epoch 529/1000, Train Loss: 0.6578, Validation Loss: 2.0619
Epoch 530/1000, Train Loss: 0.7309, Validation Loss: 0.8252
Epoch 531/1000, Train Loss: 0.6290, Validation Loss: 0.7857
Epoch 532/1000, Train Loss: 0.6443, Validation Loss: 3.0967
Epoch 533/1000, Train Loss: 0.6359, Validation Loss: 2.1616
Epoch 534/1000, Train Loss: 1.4416, Validation Loss: 1.1548
Epoch 535/1000, Train Loss: 0.6312, Validation Loss: 1.3323
Epoch 536/1000, Train Loss: 0.6556, Validation Loss: 2.2813
Epoch 537/1000, Train Loss: 0.6396, Validation Loss: 1.3234
Epoch 538/1000, Train Loss: 0.6619, Validation Loss: 3.6652
Epoch 539/1000, Train Loss: 0.6429, Validation Loss: 1.0376
Epoch 540/1000, Train Loss: 3.3545, Validation Loss: 2.6713
Epoch 541/1000, Train Loss: 0.6284, Validation Loss: 2.7507
Epoch 542/1000, Train Loss: 0.6400, Validation Loss: 0.9513
Epoch 543/1000, Train Loss: 0.6388, Validation Loss: 1.8017
Epoch 544/1000, Train Loss: 3.5125, Validation Loss: 0.7836
Epoch 545/1000, Train Loss: 0.6260, Validation Loss: 2.0478
Epoch 546/1000, Train Loss: 0.6484, Validation Loss: 1.5998
Epoch 547/1000, Train Loss: 0.6281, Validation Loss: 2.7330
Epoch 548/1000, Train Loss: 0.6505, Validation Loss: 0.8209
Epoch 549/1000, Train Loss: 0.7190, Validation Loss: 1.5587
Epoch 550/1000, Train Loss: 0.6345, Validation Loss: 1.2786
Epoch 551/1000, Train Loss: 0.6432, Validation Loss: 1.6187
Epoch 552/1000, Train Loss: 14.7852, Validation Loss: 2.2210
Epoch 553/1000, Train Loss: 0.6413, Validation Loss: 2.0316
Epoch 554/1000, Train Loss: 0.6442, Validation Loss: 0.8417
Epoch 555/1000, Train Loss: 0.6478, Validation Loss: 3.9270
Epoch 556/1000, Train Loss: 0.6209, Validation Loss: 1.6258
Epoch 557/1000, Train Loss: 214.2492, Validation Loss: 1.0829
Epoch 558/1000, Train Loss: 0.6596, Validation Loss: 3.3483
Epoch 559/1000, Train Loss: 0.6822, Validation Loss: 1.9239
Epoch 560/1000, Train Loss: 0.6476, Validation Loss: 2.8910
Epoch 561/1000, Train Loss: 0.6403, Validation Loss: 2.7190
Epoch 562/1000, Train Loss: 0.6363, Validation Loss: 3.2253
Epoch 563/1000, Train Loss: 0.6396, Validation Loss: 2.2757
Epoch 564/1000, Train Loss: 1.7490, Validation Loss: 2.8145
Epoch 565/1000, Train Loss: 0.6225, Validation Loss: 1.3319
Epoch 566/1000, Train Loss: 0.7091, Validation Loss: 3.8510
Epoch 567/1000, Train Loss: 0.6382, Validation Loss: 5.0946
Epoch 568/1000, Train Loss: 0.6433, Validation Loss: 1.2080
Epoch 569/1000, Train Loss: 2.3855, Validation Loss: 0.8049
Epoch 570/1000, Train Loss: 0.6373, Validation Loss: 1.7344
Epoch 571/1000, Train Loss: 0.6433, Validation Loss: 1.5776
Epoch 572/1000, Train Loss: 0.6248, Validation Loss: 2.2035
Epoch 573/1000, Train Loss: 0.7114, Validation Loss: 1.5326
Epoch 574/1000, Train Loss: 0.6195, Validation Loss: 1.0336
Epoch 575/1000, Train Loss: 1.1171, Validation Loss: 1.3558
Epoch 576/1000, Train Loss: 0.6531, Validation Loss: 1.4365
Epoch 577/1000, Train Loss: 0.6320, Validation Loss: 3.9249
Epoch 578/1000, Train Loss: 0.6369, Validation Loss: 5.4638
Epoch 579/1000, Train Loss: 0.6595, Validation Loss: 0.9903
Epoch 580/1000, Train Loss: 0.6635, Validation Loss: 1.5873
Epoch 581/1000, Train Loss: 0.6534, Validation Loss: 11064.8410
Epoch 582/1000, Train Loss: 1.1143, Validation Loss: 1.3738
Epoch 583/1000, Train Loss: 0.6184, Validation Loss: 2.7589
Epoch 584/1000, Train Loss: 0.6934, Validation Loss: 1.1389
Epoch 585/1000, Train Loss: 0.6281, Validation Loss: 2.9344
Epoch 586/1000, Train Loss: 0.6505, Validation Loss: 1.5430
Epoch 587/1000, Train Loss: 0.6448, Validation Loss: 1.3633
Epoch 588/1000, Train Loss: 0.6281, Validation Loss: 3.5084
Epoch 589/1000, Train Loss: 0.6130, Validation Loss: 2.1481
Epoch 590/1000, Train Loss: 0.6939, Validation Loss: 4.2208
Epoch 591/1000, Train Loss: 0.7551, Validation Loss: 270.6400
Epoch 592/1000, Train Loss: 0.6424, Validation Loss: 3.6858
Epoch 593/1000, Train Loss: 0.6272, Validation Loss: 2.2911
Epoch 594/1000, Train Loss: 0.6427, Validation Loss: 2.2947
Epoch 595/1000, Train Loss: 0.6736, Validation Loss: 1.0855
Epoch 596/1000, Train Loss: 0.6278, Validation Loss: 3.8896
Epoch 597/1000, Train Loss: 0.6604, Validation Loss: 1.3582
Epoch 598/1000, Train Loss: 0.6554, Validation Loss: 1.1763
Epoch 599/1000, Train Loss: 1.6776, Validation Loss: 1.5868
Epoch 600/1000, Train Loss: 0.6448, Validation Loss: 5.3376
Epoch 601/1000, Train Loss: 0.6914, Validation Loss: 63.7145
Epoch 602/1000, Train Loss: 0.7091, Validation Loss: 0.8658
Epoch 603/1000, Train Loss: 0.6326, Validation Loss: 3.1204
Epoch 604/1000, Train Loss: 0.6418, Validation Loss: 3.3122
Epoch 605/1000, Train Loss: 1.0138, Validation Loss: 1.6026
Epoch 606/1000, Train Loss: 0.6274, Validation Loss: 1.5467
Epoch 607/1000, Train Loss: 0.6328, Validation Loss: 0.9689
Epoch 608/1000, Train Loss: 0.6542, Validation Loss: 3.3789
Epoch 609/1000, Train Loss: 0.6349, Validation Loss: 7.6995
Epoch 610/1000, Train Loss: 0.6235, Validation Loss: 0.8294
Epoch 611/1000, Train Loss: 0.7285, Validation Loss: 2.6540
Epoch 612/1000, Train Loss: 0.6526, Validation Loss: 2.4345
Epoch 613/1000, Train Loss: 0.6361, Validation Loss: 3.4873
Epoch 614/1000, Train Loss: 0.6384, Validation Loss: 1.9398
Epoch 615/1000, Train Loss: 0.6353, Validation Loss: 3.1291
Epoch 616/1000, Train Loss: 1.2845, Validation Loss: 4.0318
Epoch 617/1000, Train Loss: 0.6432, Validation Loss: 4.1952
Epoch 618/1000, Train Loss: 0.6262, Validation Loss: 2.7208
Epoch 619/1000, Train Loss: 0.6435, Validation Loss: 2.1966
Epoch 620/1000, Train Loss: 0.6418, Validation Loss: 1.2488
Epoch 621/1000, Train Loss: 0.6440, Validation Loss: 1.0405
Epoch 622/1000, Train Loss: 0.6576, Validation Loss: 6.7124
Epoch 623/1000, Train Loss: 0.7617, Validation Loss: 2.5330
Epoch 624/1000, Train Loss: 0.6479, Validation Loss: 1.8096
Epoch 625/1000, Train Loss: 0.6586, Validation Loss: 1.2458
Epoch 626/1000, Train Loss: 0.6732, Validation Loss: 1.5246
Epoch 627/1000, Train Loss: 0.8356, Validation Loss: 1.8891
Epoch 628/1000, Train Loss: 0.6393, Validation Loss: 1.5065
Epoch 629/1000, Train Loss: 0.6268, Validation Loss: 0.8329
Epoch 630/1000, Train Loss: 0.6343, Validation Loss: 3.6700
Epoch 631/1000, Train Loss: 0.6334, Validation Loss: 1.3234
Epoch 632/1000, Train Loss: 0.6391, Validation Loss: 0.7878
Epoch 633/1000, Train Loss: 0.7115, Validation Loss: 2.8701
Epoch 634/1000, Train Loss: 0.6580, Validation Loss: 0.9753
Epoch 635/1000, Train Loss: 0.6259, Validation Loss: 1.2214
Epoch 636/1000, Train Loss: 0.6511, Validation Loss: 3.6513
Epoch 637/1000, Train Loss: 0.6674, Validation Loss: 1.6081
Epoch 638/1000, Train Loss: 0.6433, Validation Loss: 4.5445
Epoch 639/1000, Train Loss: 0.6573, Validation Loss: 1.3134
Epoch 640/1000, Train Loss: 0.6911, Validation Loss: 2.1597
Epoch 641/1000, Train Loss: 0.6311, Validation Loss: 3.6814
Epoch 642/1000, Train Loss: 0.6915, Validation Loss: 1.6629
Epoch 643/1000, Train Loss: 0.6404, Validation Loss: 1.3316
Epoch 644/1000, Train Loss: 0.7195, Validation Loss: 1.8423
Epoch 645/1000, Train Loss: 0.6341, Validation Loss: 2.1308
Epoch 646/1000, Train Loss: 0.6320, Validation Loss: 0.8532
Epoch 647/1000, Train Loss: 0.6238, Validation Loss: 1.2527
Epoch 648/1000, Train Loss: 0.6843, Validation Loss: 3.9216
Epoch 649/1000, Train Loss: 0.6574, Validation Loss: 3.0256
Epoch 650/1000, Train Loss: 0.6259, Validation Loss: 1.1590
Epoch 651/1000, Train Loss: 0.6234, Validation Loss: 1.2306
Epoch 652/1000, Train Loss: 0.8022, Validation Loss: 0.9895
Epoch 653/1000, Train Loss: 0.6179, Validation Loss: 0.8131
Epoch 654/1000, Train Loss: 0.6233, Validation Loss: 0.9644
Epoch 655/1000, Train Loss: 0.6269, Validation Loss: 0.7214
Epoch 656/1000, Train Loss: 0.6524, Validation Loss: 2.0311
Epoch 657/1000, Train Loss: 0.6371, Validation Loss: 5.0165
Epoch 658/1000, Train Loss: 0.6731, Validation Loss: 4.0833
Epoch 659/1000, Train Loss: 0.6346, Validation Loss: 1.0170
Epoch 660/1000, Train Loss: 0.6628, Validation Loss: 4.8383
Epoch 661/1000, Train Loss: 0.6503, Validation Loss: 2.2683
Epoch 662/1000, Train Loss: 0.6661, Validation Loss: 1.5134
Epoch 663/1000, Train Loss: 0.6422, Validation Loss: 3.3412
Epoch 664/1000, Train Loss: 0.8226, Validation Loss: 1.2002
Epoch 665/1000, Train Loss: 0.6434, Validation Loss: 1.4196
Epoch 666/1000, Train Loss: 0.8767, Validation Loss: 2.9543
Epoch 667/1000, Train Loss: 0.6872, Validation Loss: 1.9458
Epoch 668/1000, Train Loss: 0.6280, Validation Loss: 1.2419
Epoch 669/1000, Train Loss: 0.6686, Validation Loss: 3.3960
Epoch 670/1000, Train Loss: 0.6604, Validation Loss: 3.1766
Epoch 671/1000, Train Loss: 0.7189, Validation Loss: 2.0980
Epoch 672/1000, Train Loss: 0.6321, Validation Loss: 1.8192
Epoch 673/1000, Train Loss: 1.5884, Validation Loss: 1.8511
Epoch 674/1000, Train Loss: 0.6385, Validation Loss: 1.6603
Epoch 675/1000, Train Loss: 0.6477, Validation Loss: 3.0802
Epoch 676/1000, Train Loss: 2.5515, Validation Loss: 2.1509
Epoch 677/1000, Train Loss: 0.6382, Validation Loss: 0.8908
Epoch 678/1000, Train Loss: 0.6412, Validation Loss: 2.3758
Epoch 679/1000, Train Loss: 0.6232, Validation Loss: 0.8495
Epoch 680/1000, Train Loss: 0.6284, Validation Loss: 2.4976
Epoch 681/1000, Train Loss: 0.6543, Validation Loss: 1.7495
Epoch 682/1000, Train Loss: 0.6313, Validation Loss: 4.7351
Epoch 683/1000, Train Loss: 0.6502, Validation Loss: 2.1140
Epoch 684/1000, Train Loss: 0.6184, Validation Loss: 0.8223
Epoch 685/1000, Train Loss: 0.7434, Validation Loss: 2.3298
Epoch 686/1000, Train Loss: 0.6930, Validation Loss: 0.6847
Epoch 687/1000, Train Loss: 0.6403, Validation Loss: 2.1194
Epoch 688/1000, Train Loss: 0.6359, Validation Loss: 3.1888
Epoch 689/1000, Train Loss: 0.6283, Validation Loss: 1.5567
Epoch 690/1000, Train Loss: 0.6557, Validation Loss: 1.3862
Epoch 691/1000, Train Loss: 0.6658, Validation Loss: 0.9464
Epoch 692/1000, Train Loss: 0.6308, Validation Loss: 2.3903
Epoch 693/1000, Train Loss: 0.6313, Validation Loss: 0.7785
Epoch 694/1000, Train Loss: 0.6339, Validation Loss: 3.5260
Epoch 695/1000, Train Loss: 0.6750, Validation Loss: 1.9405
Epoch 696/1000, Train Loss: 171.1150, Validation Loss: 2.1400
Epoch 697/1000, Train Loss: 0.7689, Validation Loss: 0.7983
Epoch 698/1000, Train Loss: 0.6282, Validation Loss: 5.9293
Epoch 699/1000, Train Loss: 0.6243, Validation Loss: 0.8293
Epoch 700/1000, Train Loss: 0.6277, Validation Loss: 4.8417
Epoch 701/1000, Train Loss: 0.6483, Validation Loss: 1.0289
Epoch 702/1000, Train Loss: 12.0167, Validation Loss: 0.9491
Epoch 703/1000, Train Loss: 1.0486, Validation Loss: 1.3746
Epoch 704/1000, Train Loss: 0.6290, Validation Loss: 2.2870
Epoch 705/1000, Train Loss: 0.6338, Validation Loss: 1.3663
Epoch 706/1000, Train Loss: 0.6937, Validation Loss: 1.5955
Epoch 707/1000, Train Loss: 0.6773, Validation Loss: 3.7733
Epoch 708/1000, Train Loss: 0.6353, Validation Loss: 1.0834
Epoch 709/1000, Train Loss: 0.6249, Validation Loss: 1.5730
Epoch 710/1000, Train Loss: 0.6204, Validation Loss: 1.1639
Epoch 711/1000, Train Loss: 0.6230, Validation Loss: 1.5391
Epoch 712/1000, Train Loss: 2.3120, Validation Loss: 2.6275
Epoch 713/1000, Train Loss: 0.6359, Validation Loss: 1.2162
Epoch 714/1000, Train Loss: 0.6335, Validation Loss: 0.9065
Epoch 715/1000, Train Loss: 3.1024, Validation Loss: 4.3839
Epoch 716/1000, Train Loss: 0.6727, Validation Loss: 1.4951
Epoch 717/1000, Train Loss: 1.7687, Validation Loss: 1.9538
Epoch 718/1000, Train Loss: 0.6502, Validation Loss: 1.8145
Epoch 719/1000, Train Loss: 0.6277, Validation Loss: 3.4482
Epoch 720/1000, Train Loss: 0.6294, Validation Loss: 1.0407
Epoch 721/1000, Train Loss: 0.6380, Validation Loss: 1.0975
Epoch 722/1000, Train Loss: 0.6370, Validation Loss: 2.6432
Epoch 723/1000, Train Loss: 0.6464, Validation Loss: 1.3618
Epoch 724/1000, Train Loss: 0.6664, Validation Loss: 1.2047
Epoch 725/1000, Train Loss: 0.6267, Validation Loss: 0.5884
Epoch 726/1000, Train Loss: 0.6186, Validation Loss: 1.2645
Epoch 727/1000, Train Loss: 0.6338, Validation Loss: 2.6302
Epoch 728/1000, Train Loss: 0.6475, Validation Loss: 176.4145
Epoch 729/1000, Train Loss: 0.6873, Validation Loss: 1.1686
Epoch 730/1000, Train Loss: 6.6956, Validation Loss: 2.6794
Epoch 731/1000, Train Loss: 0.6825, Validation Loss: 1.9929
Epoch 732/1000, Train Loss: 0.6370, Validation Loss: 0.9333
Epoch 733/1000, Train Loss: 0.6434, Validation Loss: 3.0925
Epoch 734/1000, Train Loss: 0.6447, Validation Loss: 1.9110
Epoch 735/1000, Train Loss: 0.6433, Validation Loss: 4.1005
Epoch 736/1000, Train Loss: 0.6332, Validation Loss: 1.6204
Epoch 737/1000, Train Loss: 0.6415, Validation Loss: 1.4532
Epoch 738/1000, Train Loss: 27.0767, Validation Loss: 1.1121
Epoch 739/1000, Train Loss: 0.6291, Validation Loss: 0.8411
Epoch 740/1000, Train Loss: 0.7158, Validation Loss: 1.2909
Epoch 741/1000, Train Loss: 0.6486, Validation Loss: 3.3027
Epoch 742/1000, Train Loss: 0.6688, Validation Loss: 8.2003
Epoch 743/1000, Train Loss: 0.6919, Validation Loss: 1.0746
Epoch 744/1000, Train Loss: 0.6337, Validation Loss: 2.0487
Epoch 745/1000, Train Loss: 0.6564, Validation Loss: 6.0341
Epoch 746/1000, Train Loss: 0.6506, Validation Loss: 3.0249
Epoch 747/1000, Train Loss: 0.6908, Validation Loss: 1.1072
Epoch 748/1000, Train Loss: 0.6710, Validation Loss: 1.0325
Epoch 749/1000, Train Loss: 0.6305, Validation Loss: 0.6823
Epoch 750/1000, Train Loss: 0.6381, Validation Loss: 4.9474
Epoch 751/1000, Train Loss: 0.6287, Validation Loss: 3.7620
Epoch 752/1000, Train Loss: 0.6412, Validation Loss: 2.6957
Epoch 753/1000, Train Loss: 0.6271, Validation Loss: 2.9361
Epoch 754/1000, Train Loss: 0.6589, Validation Loss: 7.7651
Epoch 755/1000, Train Loss: 5.2090, Validation Loss: 4.5493
Epoch 756/1000, Train Loss: 0.6623, Validation Loss: 2.1825
Epoch 757/1000, Train Loss: 0.6606, Validation Loss: 2.3474
Epoch 758/1000, Train Loss: 0.6202, Validation Loss: 1.3449
Epoch 759/1000, Train Loss: 36.1603, Validation Loss: 3.3596
Epoch 760/1000, Train Loss: 0.6217, Validation Loss: 0.7827
Epoch 761/1000, Train Loss: 1.1095, Validation Loss: 2.0123
Epoch 762/1000, Train Loss: 0.6433, Validation Loss: 0.9989
Epoch 763/1000, Train Loss: 0.6476, Validation Loss: 1.0309
Epoch 764/1000, Train Loss: 82.7566, Validation Loss: 1.9736
Epoch 765/1000, Train Loss: 0.6657, Validation Loss: 4.3952
Epoch 766/1000, Train Loss: 0.6369, Validation Loss: 2.2874
Epoch 767/1000, Train Loss: 0.6440, Validation Loss: 1.4321
Epoch 768/1000, Train Loss: 0.7223, Validation Loss: 4.2601
Epoch 769/1000, Train Loss: 0.6955, Validation Loss: 4.9915
Epoch 770/1000, Train Loss: 0.6365, Validation Loss: 4.3429
Epoch 771/1000, Train Loss: 0.6258, Validation Loss: 0.7852
Epoch 772/1000, Train Loss: 0.7405, Validation Loss: 2.8804
Epoch 773/1000, Train Loss: 0.6521, Validation Loss: 4.7382
Epoch 774/1000, Train Loss: 0.6358, Validation Loss: 1.1693
Epoch 775/1000, Train Loss: 1.8159, Validation Loss: 3.4522
Epoch 776/1000, Train Loss: 0.6873, Validation Loss: 1.0648
Epoch 777/1000, Train Loss: 0.6440, Validation Loss: 0.9315
Epoch 778/1000, Train Loss: 0.6516, Validation Loss: 3.1079
Epoch 779/1000, Train Loss: 0.6621, Validation Loss: 3.9560
Epoch 780/1000, Train Loss: 0.6444, Validation Loss: 1.8879
Epoch 781/1000, Train Loss: 12.2747, Validation Loss: 1.2495
Epoch 782/1000, Train Loss: 0.6639, Validation Loss: 1.7274
Epoch 783/1000, Train Loss: 0.6307, Validation Loss: 1.5722
Epoch 784/1000, Train Loss: 0.6283, Validation Loss: 1.3994
Epoch 785/1000, Train Loss: 0.6282, Validation Loss: 2.0539
Epoch 786/1000, Train Loss: 0.9279, Validation Loss: 2.4764
Epoch 787/1000, Train Loss: 0.6293, Validation Loss: 2.4917
Epoch 788/1000, Train Loss: 0.6531, Validation Loss: 0.7520
Epoch 789/1000, Train Loss: 0.6485, Validation Loss: 1.6948
Epoch 790/1000, Train Loss: 0.8274, Validation Loss: 1.4710
Epoch 791/1000, Train Loss: 0.6446, Validation Loss: 5.2768
Epoch 792/1000, Train Loss: 0.6902, Validation Loss: 1.1415
Epoch 793/1000, Train Loss: 0.6368, Validation Loss: 3.1363
Epoch 794/1000, Train Loss: 0.6535, Validation Loss: 1.1674
Epoch 795/1000, Train Loss: 0.6345, Validation Loss: 1.3161
Epoch 796/1000, Train Loss: 0.6393, Validation Loss: 3.9044
Epoch 797/1000, Train Loss: 0.7169, Validation Loss: 1.8563
Epoch 798/1000, Train Loss: 0.6531, Validation Loss: 1.2566
Epoch 799/1000, Train Loss: 0.8982, Validation Loss: 2.0214
Epoch 800/1000, Train Loss: 0.6285, Validation Loss: 3.2944
Epoch 801/1000, Train Loss: 0.6046, Validation Loss: 1.9578
Epoch 802/1000, Train Loss: 0.6278, Validation Loss: 1.5160
Epoch 803/1000, Train Loss: 0.6848, Validation Loss: 1.6585
Epoch 804/1000, Train Loss: 0.6346, Validation Loss: 1.7957
Epoch 805/1000, Train Loss: 0.6421, Validation Loss: 0.6402
Epoch 806/1000, Train Loss: 0.6296, Validation Loss: 10.4115
Epoch 807/1000, Train Loss: 0.6251, Validation Loss: 1.1808
Epoch 808/1000, Train Loss: 0.6273, Validation Loss: 2.0998
Epoch 809/1000, Train Loss: 0.6197, Validation Loss: 6.5337
Epoch 810/1000, Train Loss: 0.6199, Validation Loss: 2.2757
Epoch 811/1000, Train Loss: 0.6281, Validation Loss: 0.6554
Epoch 812/1000, Train Loss: 0.6524, Validation Loss: 1.8680
Epoch 813/1000, Train Loss: 0.6281, Validation Loss: 0.7963
Epoch 814/1000, Train Loss: 0.6398, Validation Loss: 5.3876
Epoch 815/1000, Train Loss: 6.8849, Validation Loss: 2.6333
Epoch 816/1000, Train Loss: 0.6529, Validation Loss: 0.9213
Epoch 817/1000, Train Loss: 0.6498, Validation Loss: 4.6330
Epoch 818/1000, Train Loss: 0.6459, Validation Loss: 3.9958
Epoch 819/1000, Train Loss: 0.6406, Validation Loss: 4.7947
Epoch 820/1000, Train Loss: 0.6417, Validation Loss: 1.3789
Epoch 821/1000, Train Loss: 0.6417, Validation Loss: 3.2537
Epoch 822/1000, Train Loss: 2.2979, Validation Loss: 1.2075
Epoch 823/1000, Train Loss: 0.6293, Validation Loss: 4.9593
Epoch 824/1000, Train Loss: 0.6331, Validation Loss: 2.7502
Epoch 825/1000, Train Loss: 0.9191, Validation Loss: 1.7848
Epoch 826/1000, Train Loss: 0.6282, Validation Loss: 5.2680
Epoch 827/1000, Train Loss: 0.6253, Validation Loss: 1.4481
Epoch 828/1000, Train Loss: 0.7468, Validation Loss: 0.7721
Epoch 829/1000, Train Loss: 0.6541, Validation Loss: 1.3345
Epoch 830/1000, Train Loss: 0.6366, Validation Loss: 2.0167
Epoch 831/1000, Train Loss: 0.6490, Validation Loss: 1.1675
Epoch 832/1000, Train Loss: 0.6201, Validation Loss: 3.4281
Epoch 833/1000, Train Loss: 3.2932, Validation Loss: 1.3497
Epoch 834/1000, Train Loss: 0.7416, Validation Loss: 1.9281
Epoch 835/1000, Train Loss: 0.6222, Validation Loss: 1.2800
Epoch 836/1000, Train Loss: 0.6196, Validation Loss: 1.7495
Epoch 837/1000, Train Loss: 0.6165, Validation Loss: 1.3747
Epoch 838/1000, Train Loss: 0.6552, Validation Loss: 3.0845
Epoch 839/1000, Train Loss: 0.6380, Validation Loss: 1.4835
Epoch 840/1000, Train Loss: 0.6397, Validation Loss: 0.8209
Epoch 841/1000, Train Loss: 0.6305, Validation Loss: 2.7598
Epoch 842/1000, Train Loss: 0.6468, Validation Loss: 1.3267
Epoch 843/1000, Train Loss: 0.6611, Validation Loss: 3.9765
Epoch 844/1000, Train Loss: 0.6770, Validation Loss: 3.0591
Epoch 845/1000, Train Loss: 0.6344, Validation Loss: 0.7829
Epoch 846/1000, Train Loss: 0.6382, Validation Loss: 1.1979
Epoch 847/1000, Train Loss: 4.1015, Validation Loss: 3.1839
Epoch 848/1000, Train Loss: 0.6833, Validation Loss: 3.5711
Epoch 849/1000, Train Loss: 0.6165, Validation Loss: 3.2126
Epoch 850/1000, Train Loss: 0.6114, Validation Loss: 3.0754
Epoch 851/1000, Train Loss: 0.7391, Validation Loss: 0.7613
Epoch 852/1000, Train Loss: 0.6232, Validation Loss: 1.4275
Epoch 853/1000, Train Loss: 0.6117, Validation Loss: 2.6355
Epoch 854/1000, Train Loss: 3.0972, Validation Loss: 1.7135
Epoch 855/1000, Train Loss: 8.4100, Validation Loss: 1.6505
Epoch 856/1000, Train Loss: 0.6474, Validation Loss: 3.9784
Epoch 857/1000, Train Loss: 0.6256, Validation Loss: 1.2345
Epoch 858/1000, Train Loss: 0.6557, Validation Loss: 0.7027
Epoch 859/1000, Train Loss: 0.6248, Validation Loss: 2.7514
Epoch 860/1000, Train Loss: 0.6174, Validation Loss: 0.7184
Epoch 861/1000, Train Loss: 0.7330, Validation Loss: 2.2113
Epoch 862/1000, Train Loss: 0.6385, Validation Loss: 0.6858
Epoch 863/1000, Train Loss: 0.6419, Validation Loss: 2.6074
Epoch 864/1000, Train Loss: 0.6480, Validation Loss: 0.8400
Epoch 865/1000, Train Loss: 0.6267, Validation Loss: 2.7319
Epoch 866/1000, Train Loss: 0.6505, Validation Loss: 1.1075
Epoch 867/1000, Train Loss: 0.6821, Validation Loss: 1.7519
Epoch 868/1000, Train Loss: 0.6293, Validation Loss: 1.7521
Epoch 869/1000, Train Loss: 0.7480, Validation Loss: 1.0593
Epoch 870/1000, Train Loss: 0.6772, Validation Loss: 1.9736
Epoch 871/1000, Train Loss: 0.6181, Validation Loss: 4.2629
Epoch 872/1000, Train Loss: 0.6531, Validation Loss: 1.4292
Epoch 873/1000, Train Loss: 0.6755, Validation Loss: 4.6745
Epoch 874/1000, Train Loss: 2.1110, Validation Loss: 3.7924
Epoch 875/1000, Train Loss: 36.0943, Validation Loss: 2.2740
Epoch 876/1000, Train Loss: 0.6711, Validation Loss: 1.6441
Epoch 877/1000, Train Loss: 0.6265, Validation Loss: 1.2251
Epoch 878/1000, Train Loss: 0.6440, Validation Loss: 3.2309
Epoch 879/1000, Train Loss: 0.6293, Validation Loss: 4.6279
Epoch 880/1000, Train Loss: 0.6442, Validation Loss: 1.2367
Epoch 881/1000, Train Loss: 0.7218, Validation Loss: 1.0540
Epoch 882/1000, Train Loss: 0.6487, Validation Loss: 3.4377
Epoch 883/1000, Train Loss: 0.6348, Validation Loss: 1.2686
Epoch 884/1000, Train Loss: 0.6300, Validation Loss: 1.1268
Epoch 885/1000, Train Loss: 0.6678, Validation Loss: 4.6439
Epoch 886/1000, Train Loss: 0.6248, Validation Loss: 1.4894
Epoch 887/1000, Train Loss: 0.8247, Validation Loss: 2.7752
Epoch 888/1000, Train Loss: 0.6442, Validation Loss: 1.5558
Epoch 889/1000, Train Loss: 0.6466, Validation Loss: 3.0039
Epoch 890/1000, Train Loss: 0.6421, Validation Loss: 1.7819
Epoch 891/1000, Train Loss: 0.6330, Validation Loss: 3.4666
Epoch 892/1000, Train Loss: 0.6487, Validation Loss: 3.4741
Epoch 893/1000, Train Loss: 0.6272, Validation Loss: 0.6249
Epoch 894/1000, Train Loss: 0.6266, Validation Loss: 3.6323
Epoch 895/1000, Train Loss: 0.6314, Validation Loss: 4.3896
Epoch 896/1000, Train Loss: 0.6219, Validation Loss: 4.6193
Epoch 897/1000, Train Loss: 0.7060, Validation Loss: 47.5367
Epoch 898/1000, Train Loss: 0.6508, Validation Loss: 0.7771
Epoch 899/1000, Train Loss: 0.6566, Validation Loss: 1.1525
Epoch 900/1000, Train Loss: 0.6383, Validation Loss: 4.0624
Epoch 901/1000, Train Loss: 0.6324, Validation Loss: 1.5903
Epoch 902/1000, Train Loss: 8.8925, Validation Loss: 1.7767
Epoch 903/1000, Train Loss: 0.9675, Validation Loss: 1.6558
Epoch 904/1000, Train Loss: 0.6556, Validation Loss: 3.4724
Epoch 905/1000, Train Loss: 0.6306, Validation Loss: 2.1344
Epoch 906/1000, Train Loss: 0.6567, Validation Loss: 2.6522
Epoch 907/1000, Train Loss: 0.6276, Validation Loss: 1.5625
Epoch 908/1000, Train Loss: 0.8084, Validation Loss: 1.2477
Epoch 909/1000, Train Loss: 0.6304, Validation Loss: 1.1057
Epoch 910/1000, Train Loss: 0.6549, Validation Loss: 3.4996
Epoch 911/1000, Train Loss: 2.5906, Validation Loss: 8.3232
Epoch 912/1000, Train Loss: 0.6390, Validation Loss: 0.9778
Epoch 913/1000, Train Loss: 0.6564, Validation Loss: 6.4947
Epoch 914/1000, Train Loss: 0.6594, Validation Loss: 2.4987
Epoch 915/1000, Train Loss: 0.6240, Validation Loss: 3.0107
Epoch 916/1000, Train Loss: 1.2591, Validation Loss: 0.7682
Epoch 917/1000, Train Loss: 0.6466, Validation Loss: 2.8220
Epoch 918/1000, Train Loss: 0.6368, Validation Loss: 1.4487
Epoch 919/1000, Train Loss: 0.6526, Validation Loss: 3.0811
Epoch 920/1000, Train Loss: 0.6234, Validation Loss: 4.5814
Epoch 921/1000, Train Loss: 0.7426, Validation Loss: 1.4219
Epoch 922/1000, Train Loss: 0.6687, Validation Loss: 2.9496
Epoch 923/1000, Train Loss: 0.6524, Validation Loss: 2.2298
Epoch 924/1000, Train Loss: 0.6239, Validation Loss: 1.9420
Epoch 925/1000, Train Loss: 0.6125, Validation Loss: 0.7783
Epoch 926/1000, Train Loss: 0.6393, Validation Loss: 2.6859
Epoch 927/1000, Train Loss: 0.6552, Validation Loss: 1.2220
Epoch 928/1000, Train Loss: 0.8428, Validation Loss: 0.7664
Epoch 929/1000, Train Loss: 0.7002, Validation Loss: 1.6595
Epoch 930/1000, Train Loss: 0.6361, Validation Loss: 3.1698
Epoch 931/1000, Train Loss: 0.6764, Validation Loss: 0.5437
Epoch 932/1000, Train Loss: 0.6252, Validation Loss: 5.1406
Epoch 933/1000, Train Loss: 0.6448, Validation Loss: 4.2235
Epoch 934/1000, Train Loss: 0.6280, Validation Loss: 2.2029
Epoch 935/1000, Train Loss: 0.8688, Validation Loss: 2.5615
Epoch 936/1000, Train Loss: 1.3838, Validation Loss: 1.3899
Epoch 937/1000, Train Loss: 0.6621, Validation Loss: 0.7196
Epoch 938/1000, Train Loss: 0.6303, Validation Loss: 1.2839
Epoch 939/1000, Train Loss: 0.9772, Validation Loss: 3.7261
Epoch 940/1000, Train Loss: 0.6768, Validation Loss: 1.0716
Epoch 941/1000, Train Loss: 0.6350, Validation Loss: 1.4527
Epoch 942/1000, Train Loss: 0.6208, Validation Loss: 3.2479
Epoch 943/1000, Train Loss: 0.6361, Validation Loss: 4.2584
Epoch 944/1000, Train Loss: 0.8026, Validation Loss: 0.9250
Epoch 945/1000, Train Loss: 0.6555, Validation Loss: 5.7256
Epoch 946/1000, Train Loss: 0.6368, Validation Loss: 1.9389
Epoch 947/1000, Train Loss: 0.6311, Validation Loss: 0.8340
Epoch 948/1000, Train Loss: 0.6273, Validation Loss: 2.2495
Epoch 949/1000, Train Loss: 0.6339, Validation Loss: 2.7211
Epoch 950/1000, Train Loss: 0.6189, Validation Loss: 3.0647
Epoch 951/1000, Train Loss: 57.7046, Validation Loss: 2.2427
Epoch 952/1000, Train Loss: 267.0700, Validation Loss: 0.8284
Epoch 953/1000, Train Loss: 0.6429, Validation Loss: 1.6612
Epoch 954/1000, Train Loss: 0.6406, Validation Loss: 3.9275
Epoch 955/1000, Train Loss: 1.0113, Validation Loss: 0.8299
Epoch 956/1000, Train Loss: 0.6729, Validation Loss: 5.4848
Epoch 957/1000, Train Loss: 0.8734, Validation Loss: 5.1234
Epoch 958/1000, Train Loss: 0.6530, Validation Loss: 2.4346
Epoch 959/1000, Train Loss: 0.6318, Validation Loss: 1.7944
Epoch 960/1000, Train Loss: 0.6393, Validation Loss: 1.2688
Epoch 961/1000, Train Loss: 0.6174, Validation Loss: 2.1224
Epoch 962/1000, Train Loss: 0.7773, Validation Loss: 2.2616
Epoch 963/1000, Train Loss: 0.6688, Validation Loss: 2.1356
Epoch 964/1000, Train Loss: 0.6586, Validation Loss: 1.5888
Epoch 965/1000, Train Loss: 0.6202, Validation Loss: 1.7061
Epoch 966/1000, Train Loss: 0.6484, Validation Loss: 1.9243
Epoch 967/1000, Train Loss: 0.6886, Validation Loss: 2.7448
Epoch 968/1000, Train Loss: 0.6437, Validation Loss: 3.5048
Epoch 969/1000, Train Loss: 0.6692, Validation Loss: 1203.2381
Epoch 970/1000, Train Loss: 0.6523, Validation Loss: 4.0541
Epoch 971/1000, Train Loss: 0.6334, Validation Loss: 2.2696
Epoch 972/1000, Train Loss: 0.6475, Validation Loss: 3.7675
Epoch 973/1000, Train Loss: 0.6316, Validation Loss: 1.5073
Epoch 974/1000, Train Loss: 0.8806, Validation Loss: 1.7414
Epoch 975/1000, Train Loss: 0.6708, Validation Loss: 1.9987
Epoch 976/1000, Train Loss: 0.6291, Validation Loss: 5.9617
Epoch 977/1000, Train Loss: 0.6367, Validation Loss: 3.8559
Epoch 978/1000, Train Loss: 0.6312, Validation Loss: 0.8939
Epoch 979/1000, Train Loss: 0.6262, Validation Loss: 3.2200
Epoch 980/1000, Train Loss: 0.6606, Validation Loss: 1.1891
Epoch 981/1000, Train Loss: 0.6371, Validation Loss: 1.5593
Epoch 982/1000, Train Loss: 0.6303, Validation Loss: 0.7492
Epoch 983/1000, Train Loss: 0.7670, Validation Loss: 1.2591
Epoch 984/1000, Train Loss: 0.6543, Validation Loss: 3.5865
Epoch 985/1000, Train Loss: 0.6561, Validation Loss: 3.1099
Epoch 986/1000, Train Loss: 0.6308, Validation Loss: 1.9583
Epoch 987/1000, Train Loss: 1.3274, Validation Loss: 3.2449
Epoch 988/1000, Train Loss: 0.6276, Validation Loss: 1.1535
Epoch 989/1000, Train Loss: 0.6573, Validation Loss: 4.2778
Epoch 990/1000, Train Loss: 9.1867, Validation Loss: 1.2784
Epoch 991/1000, Train Loss: 0.6320, Validation Loss: 4.0982
Epoch 992/1000, Train Loss: 0.6436, Validation Loss: 1.6257
Epoch 993/1000, Train Loss: 0.6352, Validation Loss: 3.8342
Epoch 994/1000, Train Loss: 0.6396, Validation Loss: 5.3914
Epoch 995/1000, Train Loss: 0.6233, Validation Loss: 2.9930
Epoch 996/1000, Train Loss: 0.6555, Validation Loss: 2.1933
Epoch 997/1000, Train Loss: 0.6262, Validation Loss: 3.6185
Epoch 998/1000, Train Loss: 0.6385, Validation Loss: 89.2546
Epoch 999/1000, Train Loss: 0.6947, Validation Loss: 2.7289
Epoch 1000/1000, Train Loss: 0.6554, Validation Loss: 1.1957
Best Training Loss: 0.6046
Best Training Loss Epoch: 801
Best Validation Loss: 0.5437
Best Validation Loss Epoch: 931
Time taken for training: 0-13:38:57
Test Loss: 0.5646
Test MAPE: 143283.7969%
Error Statistics:
count    4.127200e+04
mean     7.887737e+02
std      3.579988e+04
min      1.072884e-06
25%      1.556356e-01
50%      1.760292e+00
75%      2.635585e+01
max      5.654998e+06
Name: Absolute Error, dtype: float64
Training complete. Final model saved.
Saving model as a wandb Artifact...
Model artifact logged successfully.
[1;34mwandb[0m: 
[1;34mwandb[0m: 🚀 View run [33mworldly-sweep-2[0m at: [34mhttps://wandb.ai/mk8737-new-york-university/rl_pretrain_hp_sweeps/runs/sxuqyxqf[0m
[1;34mwandb[0m: Find logs at: [1;35mwandb/run-20251006_143854-sxuqyxqf/logs[0m
Agent finished.
