Waiting for sweep ID...
Found Sweep ID: be12np04
Starting wandb agent for sweep be12np04...
TRAINING DEVICE: cpu
Run Name: GCN_global_hp_sweep_be12np04-buu54t8i
finidhed preparing data
Loading dataset from pretrain_dataset_12.5k_fixed_duplicates.pkl
Loaded 412712 data objects.
finished preparing data
Epoch 1/1000, Train Loss: 40.4133, Validation Loss: 2.4546
Epoch 2/1000, Train Loss: 2.0756, Validation Loss: 1.7062
Epoch 3/1000, Train Loss: 1.7552, Validation Loss: 2.0492
Epoch 4/1000, Train Loss: 1.6521, Validation Loss: 3.4894
Epoch 5/1000, Train Loss: 1.7849, Validation Loss: 4.0423
Epoch 6/1000, Train Loss: 1.4376, Validation Loss: 3.1830
Epoch 7/1000, Train Loss: 1.5006, Validation Loss: 1.0931
Epoch 8/1000, Train Loss: 1.3938, Validation Loss: 1.5727
Epoch 9/1000, Train Loss: 1.2846, Validation Loss: 1.1787
Epoch 10/1000, Train Loss: 1.1629, Validation Loss: 1.9196
Epoch 11/1000, Train Loss: 1.2650, Validation Loss: 1.0911
Epoch 12/1000, Train Loss: 1.2960, Validation Loss: 4.1486
Epoch 13/1000, Train Loss: 1.2321, Validation Loss: 2.4380
Epoch 14/1000, Train Loss: 1.2155, Validation Loss: 1.1914
Epoch 15/1000, Train Loss: 1.1453, Validation Loss: 1.8471
Epoch 16/1000, Train Loss: 1.0784, Validation Loss: 1.6003
Epoch 17/1000, Train Loss: 1.1260, Validation Loss: 1.8369
Epoch 18/1000, Train Loss: 0.9958, Validation Loss: 1.4242
Epoch 19/1000, Train Loss: 1.1865, Validation Loss: 7.4889
Epoch 20/1000, Train Loss: 1.0331, Validation Loss: 1.5951
Epoch 21/1000, Train Loss: 0.9716, Validation Loss: 1.1438
Epoch 22/1000, Train Loss: 1.0262, Validation Loss: 1.4393
Epoch 23/1000, Train Loss: 0.9879, Validation Loss: 2.2473
Epoch 24/1000, Train Loss: 0.9986, Validation Loss: 1.1607
Epoch 25/1000, Train Loss: 1.4833, Validation Loss: 8.6158
Epoch 26/1000, Train Loss: 2.5509, Validation Loss: 2.0218
Epoch 27/1000, Train Loss: 1.0931, Validation Loss: 13.9134
Epoch 28/1000, Train Loss: 1.0225, Validation Loss: 0.9935
Epoch 29/1000, Train Loss: 0.9260, Validation Loss: 1.4810
Epoch 30/1000, Train Loss: 0.9414, Validation Loss: 0.9210
Epoch 31/1000, Train Loss: 0.9224, Validation Loss: 1.1864
Epoch 32/1000, Train Loss: 1.0837, Validation Loss: 0.9772
Epoch 33/1000, Train Loss: 0.8992, Validation Loss: 11.7022
Epoch 34/1000, Train Loss: 0.9024, Validation Loss: 1.3918
Epoch 35/1000, Train Loss: 0.8935, Validation Loss: 1.5968
Epoch 36/1000, Train Loss: 0.8340, Validation Loss: 0.8463
Epoch 37/1000, Train Loss: 4.2629, Validation Loss: 1.7097
Epoch 38/1000, Train Loss: 0.9180, Validation Loss: 1.2730
Epoch 39/1000, Train Loss: 0.8463, Validation Loss: 2.2199
Epoch 40/1000, Train Loss: 0.8397, Validation Loss: 1.6975
Epoch 41/1000, Train Loss: 0.8163, Validation Loss: 1.2044
Epoch 42/1000, Train Loss: 0.8204, Validation Loss: 2.6037
Epoch 43/1000, Train Loss: 0.8524, Validation Loss: 1.3762
Epoch 44/1000, Train Loss: 0.7651, Validation Loss: 1.6552
Epoch 45/1000, Train Loss: 0.8204, Validation Loss: 2.3879
Epoch 46/1000, Train Loss: 2.6435, Validation Loss: 3.2914
Epoch 47/1000, Train Loss: 0.7965, Validation Loss: 8.0947
Epoch 48/1000, Train Loss: 0.8170, Validation Loss: 1.3507
Epoch 49/1000, Train Loss: 0.8361, Validation Loss: 1.4035
Epoch 50/1000, Train Loss: 0.7703, Validation Loss: 2.8711
Epoch 51/1000, Train Loss: 1.2003, Validation Loss: 1.7718
Epoch 52/1000, Train Loss: 1.0013, Validation Loss: 2.0575
Epoch 53/1000, Train Loss: 0.8485, Validation Loss: 1.2238
Epoch 54/1000, Train Loss: 0.9302, Validation Loss: 1.3991
Epoch 55/1000, Train Loss: 0.7867, Validation Loss: 1.9868
Epoch 56/1000, Train Loss: 0.8201, Validation Loss: 1.2564
Epoch 57/1000, Train Loss: 0.7867, Validation Loss: 1.9174
Epoch 58/1000, Train Loss: 21.0148, Validation Loss: 6.6503
Epoch 59/1000, Train Loss: 6.2881, Validation Loss: 6.2331
Epoch 60/1000, Train Loss: 6.7082, Validation Loss: 6.0849
Epoch 61/1000, Train Loss: 6.2314, Validation Loss: 6.0831
Epoch 62/1000, Train Loss: 3.9666, Validation Loss: 2.0992
Epoch 63/1000, Train Loss: 1.1239, Validation Loss: 1.2601
Epoch 64/1000, Train Loss: 0.9450, Validation Loss: 2.0267
Epoch 65/1000, Train Loss: 0.8938, Validation Loss: 1.3164
Epoch 66/1000, Train Loss: 0.8737, Validation Loss: 1.3268
Epoch 67/1000, Train Loss: 4.6119, Validation Loss: 6.1078
Epoch 68/1000, Train Loss: 6.7237, Validation Loss: 6.5832
Epoch 69/1000, Train Loss: 2.5674, Validation Loss: 6.2761
Epoch 70/1000, Train Loss: 337105.3738, Validation Loss: 1.6408
Epoch 71/1000, Train Loss: 54688.6403, Validation Loss: 2.5180
Epoch 72/1000, Train Loss: 1.0802, Validation Loss: 2.7239
Epoch 73/1000, Train Loss: 0.9272, Validation Loss: 0.9143
Epoch 74/1000, Train Loss: 0.9382, Validation Loss: 2.1979
Epoch 75/1000, Train Loss: 0.8714, Validation Loss: 1.1517
Epoch 76/1000, Train Loss: 0.8964, Validation Loss: 1.9918
Epoch 77/1000, Train Loss: 0.9156, Validation Loss: 1.3767
Epoch 78/1000, Train Loss: 0.8590, Validation Loss: 4.4308
Epoch 79/1000, Train Loss: 0.8736, Validation Loss: 2.2548
Epoch 80/1000, Train Loss: 0.9698, Validation Loss: 1.3861
Epoch 81/1000, Train Loss: 0.8948, Validation Loss: 4.9709
Epoch 82/1000, Train Loss: 0.8156, Validation Loss: 2.1121
Epoch 83/1000, Train Loss: 5681.9997, Validation Loss: 6.4981
Epoch 84/1000, Train Loss: 6.2096, Validation Loss: 6.0661
Epoch 85/1000, Train Loss: 6.2021, Validation Loss: 6.0796
Epoch 86/1000, Train Loss: 7.0543, Validation Loss: 6.0735
Epoch 87/1000, Train Loss: 6.2626, Validation Loss: 6.0617
Epoch 88/1000, Train Loss: 30.9293, Validation Loss: 6.1803
Epoch 89/1000, Train Loss: 6.2764, Validation Loss: 6.1232
Epoch 90/1000, Train Loss: 6.1951, Validation Loss: 6.1845
Epoch 91/1000, Train Loss: 6.2044, Validation Loss: 6.1083
Epoch 92/1000, Train Loss: 6.1869, Validation Loss: 6.4711
Epoch 93/1000, Train Loss: 16725.5819, Validation Loss: 6.0884
Epoch 94/1000, Train Loss: 80.4812, Validation Loss: 6.0694
Epoch 95/1000, Train Loss: 169.3796, Validation Loss: 6.4541
Epoch 96/1000, Train Loss: 245104.6111, Validation Loss: 6.6707
Epoch 97/1000, Train Loss: 2279.6399, Validation Loss: 6.0692
Epoch 98/1000, Train Loss: 6.1937, Validation Loss: 6.0799
Epoch 99/1000, Train Loss: 1174.3150, Validation Loss: 6.3255
Epoch 100/1000, Train Loss: 10.1984, Validation Loss: 6.2986
Epoch 101/1000, Train Loss: 55.2524, Validation Loss: 6.2278
Epoch 102/1000, Train Loss: 6.1744, Validation Loss: 6.0644
Epoch 103/1000, Train Loss: 6.1719, Validation Loss: 6.0915
Epoch 104/1000, Train Loss: 11.8513, Validation Loss: 6.5746
Epoch 105/1000, Train Loss: 7.2337, Validation Loss: 6.1282
Epoch 106/1000, Train Loss: 6.1997, Validation Loss: 6.0637
Epoch 107/1000, Train Loss: 8.0431, Validation Loss: 6.0633
Epoch 108/1000, Train Loss: 6.1564, Validation Loss: 6.1519
Epoch 109/1000, Train Loss: 6.1914, Validation Loss: 6.0687
Epoch 110/1000, Train Loss: 1527.8474, Validation Loss: 6.1792
Epoch 111/1000, Train Loss: 6.1690, Validation Loss: 6.0720
Epoch 112/1000, Train Loss: 6.1675, Validation Loss: 6.6691
Epoch 113/1000, Train Loss: 6.1771, Validation Loss: 6.0949
Epoch 114/1000, Train Loss: 6.2014, Validation Loss: 6.0783
Epoch 115/1000, Train Loss: 6.1639, Validation Loss: 6.1249
Epoch 116/1000, Train Loss: 6.1646, Validation Loss: 6.0624
Epoch 117/1000, Train Loss: 17.7299, Validation Loss: 6.0722
Epoch 118/1000, Train Loss: 6.1590, Validation Loss: 6.0772
Epoch 119/1000, Train Loss: 6.1741, Validation Loss: 6.0629
Epoch 120/1000, Train Loss: 6.1807, Validation Loss: 6.0637
Epoch 121/1000, Train Loss: 6.1773, Validation Loss: 6.1721
Epoch 122/1000, Train Loss: 163.2618, Validation Loss: 6.0735
Epoch 123/1000, Train Loss: 6.1745, Validation Loss: 6.0789
Epoch 124/1000, Train Loss: 6.1643, Validation Loss: 6.0618
Epoch 125/1000, Train Loss: 6.1409, Validation Loss: 6.2411
Epoch 126/1000, Train Loss: 13.3494, Validation Loss: 6.0765
Epoch 127/1000, Train Loss: 7.5608, Validation Loss: 6.0621
Epoch 128/1000, Train Loss: 7.7538, Validation Loss: 6.0746
Epoch 129/1000, Train Loss: 15.0617, Validation Loss: 6.1473
Epoch 130/1000, Train Loss: 6.1690, Validation Loss: 6.0873
Epoch 131/1000, Train Loss: 10.5920, Validation Loss: 6.0779
Epoch 132/1000, Train Loss: 6.1409, Validation Loss: 6.1012
Epoch 133/1000, Train Loss: 6.1880, Validation Loss: 6.0719
Epoch 134/1000, Train Loss: 6.3101, Validation Loss: 6.1066
Epoch 135/1000, Train Loss: 6.1838, Validation Loss: 6.2145
Epoch 136/1000, Train Loss: 62.2887, Validation Loss: 6.3992
Epoch 137/1000, Train Loss: 6.1839, Validation Loss: 6.1841
Epoch 138/1000, Train Loss: 13.1193, Validation Loss: 6.0794
Epoch 139/1000, Train Loss: 6.1910, Validation Loss: 6.0794
Epoch 140/1000, Train Loss: 6.1939, Validation Loss: 6.1286
Epoch 141/1000, Train Loss: 6.1820, Validation Loss: 6.4467
Epoch 142/1000, Train Loss: 6.1911, Validation Loss: 6.2312
Epoch 143/1000, Train Loss: 6.2128, Validation Loss: 6.0633
Epoch 144/1000, Train Loss: 8.0052, Validation Loss: 6.0809
Epoch 145/1000, Train Loss: 6.1551, Validation Loss: 6.0915
Epoch 146/1000, Train Loss: 10.8973, Validation Loss: 6.1836
Epoch 147/1000, Train Loss: 6.1704, Validation Loss: 6.2541
Epoch 148/1000, Train Loss: 51149.0054, Validation Loss: 6.0654
Epoch 149/1000, Train Loss: 6.1654, Validation Loss: 6.0674
Epoch 150/1000, Train Loss: 6.3358, Validation Loss: 6.2309
Epoch 151/1000, Train Loss: 6.1669, Validation Loss: 6.0983
Epoch 152/1000, Train Loss: 6.1549, Validation Loss: 6.1920
Epoch 153/1000, Train Loss: 7.9574, Validation Loss: 12074.1094
Epoch 154/1000, Train Loss: 83.9393, Validation Loss: 6.2668
Epoch 155/1000, Train Loss: 6.6165, Validation Loss: 6.0649
Epoch 156/1000, Train Loss: 6.1821, Validation Loss: 6.0650
Epoch 157/1000, Train Loss: 6.1815, Validation Loss: 6.0993
Epoch 158/1000, Train Loss: 6.1750, Validation Loss: 6.0754
Epoch 159/1000, Train Loss: 6.5500, Validation Loss: 6.3046
Epoch 160/1000, Train Loss: 6.1623, Validation Loss: 6.3009
Epoch 161/1000, Train Loss: 6.2652, Validation Loss: 6.0834
Epoch 162/1000, Train Loss: 6.1699, Validation Loss: 6.0783
Epoch 163/1000, Train Loss: 6.1896, Validation Loss: 6.1589
Epoch 164/1000, Train Loss: 6.1648, Validation Loss: 6.0679
Epoch 165/1000, Train Loss: 6.1739, Validation Loss: 6.0664
Epoch 166/1000, Train Loss: 6.1881, Validation Loss: 6.2177
Epoch 167/1000, Train Loss: 6.3304, Validation Loss: 6.0686
Epoch 168/1000, Train Loss: 871.4809, Validation Loss: 6.1666
Epoch 169/1000, Train Loss: 6.6064, Validation Loss: 6.0815
Epoch 170/1000, Train Loss: 38.5277, Validation Loss: 7.1757
Epoch 171/1000, Train Loss: 178.9476, Validation Loss: 6.0888
Epoch 172/1000, Train Loss: 10.5491, Validation Loss: 6.1340
Epoch 173/1000, Train Loss: 6.2149, Validation Loss: 6.0688
Epoch 174/1000, Train Loss: 6.1764, Validation Loss: 6.1897
Epoch 175/1000, Train Loss: 6.3079, Validation Loss: 6.0617
Epoch 176/1000, Train Loss: 90.2321, Validation Loss: 6.0743
Epoch 177/1000, Train Loss: 6.1526, Validation Loss: 6.2173
Epoch 178/1000, Train Loss: 6.2157, Validation Loss: 6.0623
Epoch 179/1000, Train Loss: 6.1486, Validation Loss: 6.1503
Epoch 180/1000, Train Loss: 6.1831, Validation Loss: 6.0817
Epoch 181/1000, Train Loss: 13.6686, Validation Loss: 6.0625
Epoch 182/1000, Train Loss: 6.2901, Validation Loss: 6.0870
Epoch 183/1000, Train Loss: 6.1894, Validation Loss: 6.0615
Epoch 184/1000, Train Loss: 6.1705, Validation Loss: 6.1214
Epoch 185/1000, Train Loss: 6.1848, Validation Loss: 6.3283
Epoch 186/1000, Train Loss: 6.1706, Validation Loss: 6.1582
Epoch 187/1000, Train Loss: 7.7636, Validation Loss: 6.0616
Epoch 188/1000, Train Loss: 8.3678, Validation Loss: 6.0785
Epoch 189/1000, Train Loss: 6.2047, Validation Loss: 6.0659
Epoch 190/1000, Train Loss: 6.1647, Validation Loss: 6.1240
Epoch 191/1000, Train Loss: 6.1960, Validation Loss: 6.0617
Epoch 192/1000, Train Loss: 8633.4291, Validation Loss: 6.0622
Epoch 193/1000, Train Loss: 6.3124, Validation Loss: 6.3537
Epoch 194/1000, Train Loss: 6.2063, Validation Loss: 6.0617
Epoch 195/1000, Train Loss: 3617.2975, Validation Loss: 6.1552
Epoch 196/1000, Train Loss: 6.1688, Validation Loss: 6.1194
Epoch 197/1000, Train Loss: 6.1698, Validation Loss: 6.1708
Epoch 198/1000, Train Loss: 6.1916, Validation Loss: 6.0959
Epoch 199/1000, Train Loss: 6.1483, Validation Loss: 6.0732
Epoch 200/1000, Train Loss: 6.2873, Validation Loss: 6.0903
Epoch 201/1000, Train Loss: 9.8292, Validation Loss: 6.0902
Epoch 202/1000, Train Loss: 6.1680, Validation Loss: 6.1119
Epoch 203/1000, Train Loss: 10.3924, Validation Loss: 6.0620
Epoch 204/1000, Train Loss: 6.2097, Validation Loss: 6.1340
Epoch 205/1000, Train Loss: 6.1711, Validation Loss: 6.1342
Epoch 206/1000, Train Loss: 6.1532, Validation Loss: 6.0732
Epoch 207/1000, Train Loss: 6.1736, Validation Loss: 6.1385
Epoch 208/1000, Train Loss: 7.2492, Validation Loss: 6.0637
Epoch 209/1000, Train Loss: 6.1989, Validation Loss: 6.1273
Epoch 210/1000, Train Loss: 6.1934, Validation Loss: 6.1201
Epoch 211/1000, Train Loss: 6.1726, Validation Loss: 6.1106
Epoch 212/1000, Train Loss: 6.1551, Validation Loss: 6.0855
Epoch 213/1000, Train Loss: 6.1802, Validation Loss: 6.1791
Epoch 214/1000, Train Loss: 6.1540, Validation Loss: 6.0943
Epoch 215/1000, Train Loss: 6.1942, Validation Loss: 6.0705
Epoch 216/1000, Train Loss: 6.1858, Validation Loss: 6.0903
Epoch 217/1000, Train Loss: 6.1741, Validation Loss: 6.1601
Epoch 218/1000, Train Loss: 8.4235, Validation Loss: 6.5921
Epoch 219/1000, Train Loss: 6.1698, Validation Loss: 6.1112
Epoch 220/1000, Train Loss: 6.1745, Validation Loss: 6.1340
Epoch 221/1000, Train Loss: 6.7768, Validation Loss: 6.1593
Epoch 222/1000, Train Loss: 17.5153, Validation Loss: 6.1092
Epoch 223/1000, Train Loss: 6.2020, Validation Loss: 6.0685
Epoch 224/1000, Train Loss: 6.9929, Validation Loss: 6.1005
Epoch 225/1000, Train Loss: 9.7738, Validation Loss: 6.0957
Epoch 226/1000, Train Loss: 6.4446, Validation Loss: 6.0651
Epoch 227/1000, Train Loss: 41.9836, Validation Loss: 6.0616
Epoch 228/1000, Train Loss: 6.1848, Validation Loss: 6.1560
Epoch 229/1000, Train Loss: 6.2246, Validation Loss: 6.0712
Epoch 230/1000, Train Loss: 6.1774, Validation Loss: 6.2287
Epoch 231/1000, Train Loss: 6.1661, Validation Loss: 6.0939
Epoch 232/1000, Train Loss: 6.1730, Validation Loss: 6.1296
Epoch 233/1000, Train Loss: 23.3204, Validation Loss: 6.1153
Epoch 234/1000, Train Loss: 6.1937, Validation Loss: 6.1319
Epoch 235/1000, Train Loss: 487.3184, Validation Loss: 6.0653
Epoch 236/1000, Train Loss: 6.1508, Validation Loss: 6.0689
Epoch 237/1000, Train Loss: 6.1590, Validation Loss: 6.0666
Epoch 238/1000, Train Loss: 6.1625, Validation Loss: 6.1109
Epoch 239/1000, Train Loss: 6.5566, Validation Loss: 52.3740
Epoch 240/1000, Train Loss: 6.2263, Validation Loss: 6.1114
Epoch 241/1000, Train Loss: 6.1527, Validation Loss: 6.1545
Epoch 242/1000, Train Loss: 6.1881, Validation Loss: 6.0628
Epoch 243/1000, Train Loss: 6.1702, Validation Loss: 6.0638
Epoch 244/1000, Train Loss: 6.1627, Validation Loss: 6.0622
Epoch 245/1000, Train Loss: 6.2982, Validation Loss: 6.0616
Epoch 246/1000, Train Loss: 6.2118, Validation Loss: 6.0616
Epoch 247/1000, Train Loss: 2181.8464, Validation Loss: 6.1482
Epoch 248/1000, Train Loss: 6.1794, Validation Loss: 6.1170
Epoch 249/1000, Train Loss: 6.1622, Validation Loss: 6.0660
Epoch 250/1000, Train Loss: 6.1746, Validation Loss: 6.0852
Epoch 251/1000, Train Loss: 6.1971, Validation Loss: 6.0626
Epoch 252/1000, Train Loss: 7.1045, Validation Loss: 182451.5749
Epoch 253/1000, Train Loss: 6.6887, Validation Loss: 6.0851
Epoch 254/1000, Train Loss: 6.1468, Validation Loss: 6.0762
Epoch 255/1000, Train Loss: 9.8899, Validation Loss: 6.1786
Epoch 256/1000, Train Loss: 6.1513, Validation Loss: 6.0703
Epoch 257/1000, Train Loss: 6.1588, Validation Loss: 6.2164
Epoch 258/1000, Train Loss: 6.2853, Validation Loss: 6.1004
Epoch 259/1000, Train Loss: 6.1778, Validation Loss: 6.0629
Epoch 260/1000, Train Loss: 10.1722, Validation Loss: 19.3038
Epoch 261/1000, Train Loss: 23.4669, Validation Loss: 3.0989
Epoch 262/1000, Train Loss: 4.1996, Validation Loss: 88.4369
Epoch 263/1000, Train Loss: 11.5288, Validation Loss: 9.6535
Epoch 264/1000, Train Loss: 1.6585, Validation Loss: 1.2384
Epoch 265/1000, Train Loss: 1.5009, Validation Loss: 1.2964
Epoch 266/1000, Train Loss: 1.5390, Validation Loss: 5.7185
Epoch 267/1000, Train Loss: 1.3763, Validation Loss: 1.9026
Epoch 268/1000, Train Loss: 1.3547, Validation Loss: 5.3593
Epoch 269/1000, Train Loss: 1.3335, Validation Loss: 2.7174
Epoch 270/1000, Train Loss: 1.3611, Validation Loss: 1.4216
Epoch 271/1000, Train Loss: 1.3488, Validation Loss: 1.8687
Epoch 272/1000, Train Loss: 310.7631, Validation Loss: 5.1420
Epoch 273/1000, Train Loss: 1.3098, Validation Loss: 5.7713
Epoch 274/1000, Train Loss: 1.2507, Validation Loss: 5.0150
Epoch 275/1000, Train Loss: 1.2526, Validation Loss: 1.6290
Epoch 276/1000, Train Loss: 1.1894, Validation Loss: 3.8183
Epoch 277/1000, Train Loss: 1.2398, Validation Loss: 4.4235
Epoch 278/1000, Train Loss: 1.2326, Validation Loss: 4.2198
Epoch 279/1000, Train Loss: 1.2199, Validation Loss: 2.2154
Epoch 280/1000, Train Loss: 4.8030, Validation Loss: 1.6452
Epoch 281/1000, Train Loss: 1.1804, Validation Loss: 1.5870
Epoch 282/1000, Train Loss: 1.1417, Validation Loss: 1.4155
Epoch 283/1000, Train Loss: 1.1184, Validation Loss: 1.0245
Epoch 284/1000, Train Loss: 1.1108, Validation Loss: 2.5592
Epoch 285/1000, Train Loss: 1.1015, Validation Loss: 2.9872
Epoch 286/1000, Train Loss: 1.2957, Validation Loss: 5.9146
Epoch 287/1000, Train Loss: 1.3754, Validation Loss: 2.8529
Epoch 288/1000, Train Loss: 1.1332, Validation Loss: 2.1193
Epoch 289/1000, Train Loss: 1.1017, Validation Loss: 1.2137
Epoch 290/1000, Train Loss: 1.0531, Validation Loss: 1.1822
Epoch 291/1000, Train Loss: 1.0508, Validation Loss: 3.5437
Epoch 292/1000, Train Loss: 1.0970, Validation Loss: 4.0916
Epoch 293/1000, Train Loss: 1.0177, Validation Loss: 2.0158
Epoch 294/1000, Train Loss: 0.9904, Validation Loss: 1.5912
Epoch 295/1000, Train Loss: 1.0271, Validation Loss: 2.2123
Epoch 296/1000, Train Loss: 1.2458, Validation Loss: 4.1849
Epoch 297/1000, Train Loss: 1.0181, Validation Loss: 3.5086
Epoch 298/1000, Train Loss: 1.0735, Validation Loss: 2.4050
Epoch 299/1000, Train Loss: 0.9684, Validation Loss: 2.2238
Epoch 300/1000, Train Loss: 2.0595, Validation Loss: 4936.3049
Epoch 301/1000, Train Loss: 13.0631, Validation Loss: 0.9369
Epoch 302/1000, Train Loss: 0.9892, Validation Loss: 2.8596
Epoch 303/1000, Train Loss: 1.0128, Validation Loss: 2.5982
Epoch 304/1000, Train Loss: 0.9568, Validation Loss: 3.2088
Epoch 305/1000, Train Loss: 1.4750, Validation Loss: 4.3470
Epoch 306/1000, Train Loss: 1.0167, Validation Loss: 2.0967
Epoch 307/1000, Train Loss: 0.9906, Validation Loss: 4.1684
Epoch 308/1000, Train Loss: 0.9771, Validation Loss: 1.1455
Epoch 309/1000, Train Loss: 6.5614, Validation Loss: 1.8686
Epoch 310/1000, Train Loss: 1.0137, Validation Loss: 5.3098
Epoch 311/1000, Train Loss: 0.9565, Validation Loss: 2.3505
Epoch 312/1000, Train Loss: 1.0051, Validation Loss: 3.3892
Epoch 313/1000, Train Loss: 0.9432, Validation Loss: 3.5621
Epoch 314/1000, Train Loss: 0.8644, Validation Loss: 0.9130
Epoch 315/1000, Train Loss: 0.8908, Validation Loss: 1.8337
Epoch 316/1000, Train Loss: 0.9085, Validation Loss: 3.8675
Epoch 317/1000, Train Loss: 0.9303, Validation Loss: 3.6113
Epoch 318/1000, Train Loss: 2.6251, Validation Loss: 1.5012
Epoch 319/1000, Train Loss: 0.9143, Validation Loss: 3.1593
Epoch 320/1000, Train Loss: 0.8840, Validation Loss: 1.7659
Epoch 321/1000, Train Loss: 0.8426, Validation Loss: 3.4974
Epoch 322/1000, Train Loss: 0.9208, Validation Loss: 1.4140
Epoch 323/1000, Train Loss: 0.8213, Validation Loss: 0.9667
Epoch 324/1000, Train Loss: 0.8151, Validation Loss: 1.0122
Epoch 325/1000, Train Loss: 0.8211, Validation Loss: 1.9880
Epoch 326/1000, Train Loss: 0.8199, Validation Loss: 1.0631
Epoch 327/1000, Train Loss: 0.8513, Validation Loss: 1.5429
Epoch 328/1000, Train Loss: 0.8475, Validation Loss: 0.7749
Epoch 329/1000, Train Loss: 228.9088, Validation Loss: 1.1729
Epoch 330/1000, Train Loss: 0.8713, Validation Loss: 1.4938
Epoch 331/1000, Train Loss: 0.8161, Validation Loss: 6.0794
Epoch 332/1000, Train Loss: 0.8524, Validation Loss: 0.7386
Epoch 333/1000, Train Loss: 0.8422, Validation Loss: 2.1162
Epoch 334/1000, Train Loss: 0.8184, Validation Loss: 0.6744
Epoch 335/1000, Train Loss: 0.7991, Validation Loss: 3.4826
Epoch 336/1000, Train Loss: 290.4834, Validation Loss: 1.1346
Epoch 337/1000, Train Loss: 0.9449, Validation Loss: 2.8649
Epoch 338/1000, Train Loss: 0.8976, Validation Loss: 4.9344
Epoch 339/1000, Train Loss: 0.8304, Validation Loss: 0.7604
Epoch 340/1000, Train Loss: 0.8803, Validation Loss: 0.9373
Epoch 341/1000, Train Loss: 0.8019, Validation Loss: 3.0674
Epoch 342/1000, Train Loss: 0.8237, Validation Loss: 4.8609
Epoch 343/1000, Train Loss: 0.8015, Validation Loss: 1.0411
Epoch 344/1000, Train Loss: 1.6317, Validation Loss: 3.7257
Epoch 345/1000, Train Loss: 0.7818, Validation Loss: 2.2038
Epoch 346/1000, Train Loss: 1.2217, Validation Loss: 4.3723
Epoch 347/1000, Train Loss: 0.8897, Validation Loss: 2.0790
Epoch 348/1000, Train Loss: 0.8028, Validation Loss: 2.1474
Epoch 349/1000, Train Loss: 0.8045, Validation Loss: 2.8708
Epoch 350/1000, Train Loss: 0.9433, Validation Loss: 3.3703
Epoch 351/1000, Train Loss: 0.8835, Validation Loss: 3.2101
Epoch 352/1000, Train Loss: 0.7896, Validation Loss: 1.8997
Epoch 353/1000, Train Loss: 0.8508, Validation Loss: 2.0203
Epoch 354/1000, Train Loss: 0.8174, Validation Loss: 3.6553
Epoch 355/1000, Train Loss: 0.8364, Validation Loss: 1.2909
Epoch 356/1000, Train Loss: 3.1566, Validation Loss: 2.9260
Epoch 357/1000, Train Loss: 0.8180, Validation Loss: 5.1183
Epoch 358/1000, Train Loss: 0.8876, Validation Loss: 1.9389
Epoch 359/1000, Train Loss: 0.8461, Validation Loss: 1.4546
Epoch 360/1000, Train Loss: 0.8119, Validation Loss: 2.1830
Epoch 361/1000, Train Loss: 0.7794, Validation Loss: 3.3323
Epoch 362/1000, Train Loss: 1.3898, Validation Loss: 4.1832
Epoch 363/1000, Train Loss: 0.8164, Validation Loss: 4.9837
Epoch 364/1000, Train Loss: 0.8688, Validation Loss: 4.9636
Epoch 365/1000, Train Loss: 0.8506, Validation Loss: 4.4972
Epoch 366/1000, Train Loss: 0.7786, Validation Loss: 1.7054
Epoch 367/1000, Train Loss: 0.7673, Validation Loss: 2.6538
Epoch 368/1000, Train Loss: 0.8968, Validation Loss: 3.1959
Epoch 369/1000, Train Loss: 1.1441, Validation Loss: 1.9369
Epoch 370/1000, Train Loss: 0.8418, Validation Loss: 3.9419
Epoch 371/1000, Train Loss: 0.8069, Validation Loss: 4.5903
Epoch 372/1000, Train Loss: 0.7404, Validation Loss: 1.1562
Epoch 373/1000, Train Loss: 0.8493, Validation Loss: 2.3111
Epoch 374/1000, Train Loss: 0.7896, Validation Loss: 1.0377
Epoch 375/1000, Train Loss: 0.7559, Validation Loss: 2.6431
Epoch 376/1000, Train Loss: 1.0570, Validation Loss: 1.0492
Epoch 377/1000, Train Loss: 0.8532, Validation Loss: 0.7581
Epoch 378/1000, Train Loss: 0.8049, Validation Loss: 2.3495
Epoch 379/1000, Train Loss: 0.7947, Validation Loss: 3.3344
Epoch 380/1000, Train Loss: 0.8917, Validation Loss: 0.7581
Epoch 381/1000, Train Loss: 0.8729, Validation Loss: 1.1709
Epoch 382/1000, Train Loss: 0.8191, Validation Loss: 4.0401
Epoch 383/1000, Train Loss: 0.7669, Validation Loss: 0.9273
Epoch 384/1000, Train Loss: 0.7888, Validation Loss: 0.9466
Epoch 385/1000, Train Loss: 0.7568, Validation Loss: 0.9674
Epoch 386/1000, Train Loss: 1.2532, Validation Loss: 1.9094
Epoch 387/1000, Train Loss: 0.8313, Validation Loss: 0.7539
Epoch 388/1000, Train Loss: 0.7924, Validation Loss: 1.2225
Epoch 389/1000, Train Loss: 0.8353, Validation Loss: 4.1219
Epoch 390/1000, Train Loss: 0.8392, Validation Loss: 4.2119
Epoch 391/1000, Train Loss: 0.7841, Validation Loss: 2.5023
Epoch 392/1000, Train Loss: 0.8165, Validation Loss: 1.0174
Epoch 393/1000, Train Loss: 0.8365, Validation Loss: 0.8597
Epoch 394/1000, Train Loss: 0.7789, Validation Loss: 3.5336
Epoch 395/1000, Train Loss: 0.7593, Validation Loss: 1.7772
Epoch 396/1000, Train Loss: 0.9400, Validation Loss: 0.8603
Epoch 397/1000, Train Loss: 0.8008, Validation Loss: 2.2566
Epoch 398/1000, Train Loss: 0.7645, Validation Loss: 7.7929
Epoch 399/1000, Train Loss: 0.8186, Validation Loss: 0.7357
Epoch 400/1000, Train Loss: 0.7698, Validation Loss: 2.7029
Epoch 401/1000, Train Loss: 0.7716, Validation Loss: 2.3319
Epoch 402/1000, Train Loss: 0.8215, Validation Loss: 2.6331
Epoch 403/1000, Train Loss: 0.8053, Validation Loss: 2.1384
Epoch 404/1000, Train Loss: 0.8366, Validation Loss: 2.2996
Epoch 405/1000, Train Loss: 0.8053, Validation Loss: 3.8338
Epoch 406/1000, Train Loss: 0.7660, Validation Loss: 5.2227
Epoch 407/1000, Train Loss: 0.7762, Validation Loss: 1.9902
Epoch 408/1000, Train Loss: 0.9325, Validation Loss: 1.5194
Epoch 409/1000, Train Loss: 0.9537, Validation Loss: 2.3864
Epoch 410/1000, Train Loss: 0.7904, Validation Loss: 3.0093
Epoch 411/1000, Train Loss: 2.6989, Validation Loss: 4.6395
Epoch 412/1000, Train Loss: 0.8608, Validation Loss: 1.0845
Epoch 413/1000, Train Loss: 0.8037, Validation Loss: 1.0485
Epoch 414/1000, Train Loss: 0.8274, Validation Loss: 3.0063
Epoch 415/1000, Train Loss: 0.8196, Validation Loss: 12.5049
Epoch 416/1000, Train Loss: 1.1853, Validation Loss: 1.2250
Epoch 417/1000, Train Loss: 0.8322, Validation Loss: 1.1842
Epoch 418/1000, Train Loss: 0.7558, Validation Loss: 1.6704
Epoch 419/1000, Train Loss: 0.7456, Validation Loss: 0.9840
Epoch 420/1000, Train Loss: 0.7897, Validation Loss: 2.0881
Epoch 421/1000, Train Loss: 0.8074, Validation Loss: 2.4170
Epoch 422/1000, Train Loss: 0.7411, Validation Loss: 1.5227
Epoch 423/1000, Train Loss: 1.1683, Validation Loss: 0.8607
Epoch 424/1000, Train Loss: 0.8004, Validation Loss: 1.5110
Epoch 425/1000, Train Loss: 0.7789, Validation Loss: 1.5089
Epoch 426/1000, Train Loss: 0.7760, Validation Loss: 3.6377
Epoch 427/1000, Train Loss: 0.7778, Validation Loss: 2.0825
Epoch 428/1000, Train Loss: 0.7714, Validation Loss: 1.4847
Epoch 429/1000, Train Loss: 0.7814, Validation Loss: 1.4558
Epoch 430/1000, Train Loss: 1.2087, Validation Loss: 3.8867
Epoch 431/1000, Train Loss: 0.9933, Validation Loss: 2.4495
Epoch 432/1000, Train Loss: 0.7963, Validation Loss: 0.7222
Epoch 433/1000, Train Loss: 0.7772, Validation Loss: 3.9162
Epoch 434/1000, Train Loss: 0.7537, Validation Loss: 3.3930
Epoch 435/1000, Train Loss: 1.3812, Validation Loss: 5.3153
Epoch 436/1000, Train Loss: 0.7772, Validation Loss: 1.5512
Epoch 437/1000, Train Loss: 0.7772, Validation Loss: 1.4156
Epoch 438/1000, Train Loss: 0.7473, Validation Loss: 1.1686
Epoch 439/1000, Train Loss: 1.7753, Validation Loss: 5.6720
Epoch 440/1000, Train Loss: 0.8125, Validation Loss: 3.4907
Epoch 441/1000, Train Loss: 0.7496, Validation Loss: 9.4029
Epoch 442/1000, Train Loss: 0.9200, Validation Loss: 2.3003
Epoch 443/1000, Train Loss: 0.8065, Validation Loss: 1.0293
Epoch 444/1000, Train Loss: 0.7419, Validation Loss: 0.8223
Epoch 445/1000, Train Loss: 0.7299, Validation Loss: 1.1288
Epoch 446/1000, Train Loss: 0.7868, Validation Loss: 0.7829
Epoch 447/1000, Train Loss: 0.7846, Validation Loss: 2.9211
Epoch 448/1000, Train Loss: 0.7786, Validation Loss: 4.0001
Epoch 449/1000, Train Loss: 0.7776, Validation Loss: 0.7075
Epoch 450/1000, Train Loss: 0.7683, Validation Loss: 1.3621
Epoch 451/1000, Train Loss: 1.0101, Validation Loss: 2.2023
Epoch 452/1000, Train Loss: 0.7417, Validation Loss: 1.9418
Epoch 453/1000, Train Loss: 0.7869, Validation Loss: 0.6711
Epoch 454/1000, Train Loss: 0.7534, Validation Loss: 7.7254
Epoch 455/1000, Train Loss: 0.8044, Validation Loss: 3.1660
Epoch 456/1000, Train Loss: 1.2348, Validation Loss: 5.0016
Epoch 457/1000, Train Loss: 0.7890, Validation Loss: 2.2505
Epoch 458/1000, Train Loss: 0.7648, Validation Loss: 0.9643
Epoch 459/1000, Train Loss: 0.7812, Validation Loss: 1.2421
Epoch 460/1000, Train Loss: 0.7471, Validation Loss: 2.3066
Epoch 461/1000, Train Loss: 0.8317, Validation Loss: 3.1071
Epoch 462/1000, Train Loss: 1.0041, Validation Loss: 1.4591
Epoch 463/1000, Train Loss: 0.7903, Validation Loss: 0.6396
Epoch 464/1000, Train Loss: 0.7814, Validation Loss: 2.1898
Epoch 465/1000, Train Loss: 0.7352, Validation Loss: 2.5904
Epoch 466/1000, Train Loss: 0.7143, Validation Loss: 2.3567
Epoch 467/1000, Train Loss: 0.7728, Validation Loss: 3.5900
Epoch 468/1000, Train Loss: 5.5769, Validation Loss: 2.9092
Epoch 469/1000, Train Loss: 5.8013, Validation Loss: 0.6255
Epoch 470/1000, Train Loss: 0.7764, Validation Loss: 4.8714
Epoch 471/1000, Train Loss: 0.7341, Validation Loss: 2.8516
Epoch 472/1000, Train Loss: 0.8378, Validation Loss: 0.9243
Epoch 473/1000, Train Loss: 0.7533, Validation Loss: 0.8076
Epoch 474/1000, Train Loss: 1.0439, Validation Loss: 1.7451
Epoch 475/1000, Train Loss: 0.8006, Validation Loss: 5.2246
Epoch 476/1000, Train Loss: 0.7329, Validation Loss: 2.1808
Epoch 477/1000, Train Loss: 0.7542, Validation Loss: 0.9588
Epoch 478/1000, Train Loss: 0.8561, Validation Loss: 3.8296
Epoch 479/1000, Train Loss: 0.7589, Validation Loss: 5.3797
Epoch 480/1000, Train Loss: 0.7775, Validation Loss: 0.7727
Epoch 481/1000, Train Loss: 0.7985, Validation Loss: 1.0914
Epoch 482/1000, Train Loss: 0.7639, Validation Loss: 1.3480
Epoch 483/1000, Train Loss: 0.7683, Validation Loss: 2.6674
Epoch 484/1000, Train Loss: 0.7436, Validation Loss: 2.0328
Epoch 485/1000, Train Loss: 0.7684, Validation Loss: 3.0982
Epoch 486/1000, Train Loss: 0.7856, Validation Loss: 1.5702
Epoch 487/1000, Train Loss: 84.0885, Validation Loss: 6.0667
Epoch 488/1000, Train Loss: 6.2507, Validation Loss: 6.2042
Epoch 489/1000, Train Loss: 6.6599, Validation Loss: 33.8212
Epoch 490/1000, Train Loss: 1.3318, Validation Loss: 3.5482
Epoch 491/1000, Train Loss: 1.1091, Validation Loss: 3.2893
Epoch 492/1000, Train Loss: 0.9583, Validation Loss: 3.5246
Epoch 493/1000, Train Loss: 0.9068, Validation Loss: 1.7157
Epoch 494/1000, Train Loss: 0.8388, Validation Loss: 1.5696
Epoch 495/1000, Train Loss: 0.8660, Validation Loss: 3.8715
Epoch 496/1000, Train Loss: 0.8055, Validation Loss: 2.6535
Epoch 497/1000, Train Loss: 0.7921, Validation Loss: 4.5366
Epoch 498/1000, Train Loss: 0.8677, Validation Loss: 3.4983
Epoch 499/1000, Train Loss: 3.2846, Validation Loss: 2.9696
Epoch 500/1000, Train Loss: 0.8386, Validation Loss: 7.8528
Epoch 501/1000, Train Loss: 28.8882, Validation Loss: 1.8299
Epoch 502/1000, Train Loss: 0.7970, Validation Loss: 0.9126
Epoch 503/1000, Train Loss: 0.7906, Validation Loss: 3.7053
Epoch 504/1000, Train Loss: 0.7833, Validation Loss: 0.7360
Epoch 505/1000, Train Loss: 0.8012, Validation Loss: 3.4933
Epoch 506/1000, Train Loss: 0.8411, Validation Loss: 1.4072
Epoch 507/1000, Train Loss: 2.4463, Validation Loss: 3.6655
Epoch 508/1000, Train Loss: 0.8169, Validation Loss: 1.0675
Epoch 509/1000, Train Loss: 0.7743, Validation Loss: 3.5923
Epoch 510/1000, Train Loss: 0.7467, Validation Loss: 1.3093
Epoch 511/1000, Train Loss: 0.8233, Validation Loss: 3.3644
Epoch 512/1000, Train Loss: 0.7989, Validation Loss: 2.7250
Epoch 513/1000, Train Loss: 0.8406, Validation Loss: 1.6953
Epoch 514/1000, Train Loss: 0.7740, Validation Loss: 4.2552
Epoch 515/1000, Train Loss: 0.8768, Validation Loss: 1.7648
Epoch 516/1000, Train Loss: 1.8986, Validation Loss: 2.1586
Epoch 517/1000, Train Loss: 0.7884, Validation Loss: 1.3127
Epoch 518/1000, Train Loss: 0.7649, Validation Loss: 1.1038
Epoch 519/1000, Train Loss: 0.7758, Validation Loss: 2.1657
Epoch 520/1000, Train Loss: 0.8506, Validation Loss: 1.1749
Epoch 521/1000, Train Loss: 0.7276, Validation Loss: 3.6589
Epoch 522/1000, Train Loss: 0.7413, Validation Loss: 13.5218
Epoch 523/1000, Train Loss: 0.7963, Validation Loss: 4.9471
Epoch 524/1000, Train Loss: 0.8797, Validation Loss: 3.7165
Epoch 525/1000, Train Loss: 0.8040, Validation Loss: 2.8660
Epoch 526/1000, Train Loss: 0.7501, Validation Loss: 3.1727
Epoch 527/1000, Train Loss: 0.7571, Validation Loss: 0.8308
Epoch 528/1000, Train Loss: 0.9655, Validation Loss: 1.6142
Epoch 529/1000, Train Loss: 0.7777, Validation Loss: 0.8916
Epoch 530/1000, Train Loss: 0.7447, Validation Loss: 10.4337
Epoch 531/1000, Train Loss: 0.7571, Validation Loss: 1.0824
Epoch 532/1000, Train Loss: 2.9481, Validation Loss: 6.5174
Epoch 533/1000, Train Loss: 0.7610, Validation Loss: 1.1748
Epoch 534/1000, Train Loss: 0.7881, Validation Loss: 1.5009
Epoch 535/1000, Train Loss: 0.7740, Validation Loss: 4.1381
Epoch 536/1000, Train Loss: 0.7694, Validation Loss: 4.4882
Epoch 537/1000, Train Loss: 0.8255, Validation Loss: 2.9307
Epoch 538/1000, Train Loss: 0.7312, Validation Loss: 0.8923
Epoch 539/1000, Train Loss: 58.4323, Validation Loss: 2.9786
Epoch 540/1000, Train Loss: 0.7976, Validation Loss: 0.8743
Epoch 541/1000, Train Loss: 0.7491, Validation Loss: 2.4212
Epoch 542/1000, Train Loss: 0.8020, Validation Loss: 1.0133
Epoch 543/1000, Train Loss: 0.7797, Validation Loss: 2.4440
Epoch 544/1000, Train Loss: 1.0369, Validation Loss: 4.2354
Epoch 545/1000, Train Loss: 0.7675, Validation Loss: 2.9329
Epoch 546/1000, Train Loss: 0.7418, Validation Loss: 1.1573
Epoch 547/1000, Train Loss: 0.7466, Validation Loss: 2.2061
Epoch 548/1000, Train Loss: 0.7425, Validation Loss: 2.7101
Epoch 549/1000, Train Loss: 0.7324, Validation Loss: 1.3767
Epoch 550/1000, Train Loss: 0.9164, Validation Loss: 1.5650
Epoch 551/1000, Train Loss: 0.7354, Validation Loss: 4.0256
Epoch 552/1000, Train Loss: 0.8039, Validation Loss: 0.8063
Epoch 553/1000, Train Loss: 0.7496, Validation Loss: 2.3950
Epoch 554/1000, Train Loss: 0.7947, Validation Loss: 2.0617
Epoch 555/1000, Train Loss: 0.7883, Validation Loss: 2.1503
Epoch 556/1000, Train Loss: 0.7586, Validation Loss: 0.6764
Epoch 557/1000, Train Loss: 0.7324, Validation Loss: 0.6162
Epoch 558/1000, Train Loss: 0.7712, Validation Loss: 0.6530
Epoch 559/1000, Train Loss: 0.7545, Validation Loss: 3.1891
Epoch 560/1000, Train Loss: 0.8352, Validation Loss: 0.8675
Epoch 561/1000, Train Loss: 6.2375, Validation Loss: 5.3342
Epoch 562/1000, Train Loss: 0.9462, Validation Loss: 1.3293
Epoch 563/1000, Train Loss: 0.7926, Validation Loss: 1.6886
Epoch 564/1000, Train Loss: 0.7637, Validation Loss: 2.6412
Epoch 565/1000, Train Loss: 0.8331, Validation Loss: 3.9962
Epoch 566/1000, Train Loss: 0.7916, Validation Loss: 1.2190
Epoch 567/1000, Train Loss: 0.9644, Validation Loss: 3.8545
Epoch 568/1000, Train Loss: 0.7437, Validation Loss: 2.7531
Epoch 569/1000, Train Loss: 0.7886, Validation Loss: 0.6213
Epoch 570/1000, Train Loss: 0.7180, Validation Loss: 4.7194
Epoch 571/1000, Train Loss: 0.8275, Validation Loss: 0.8098
Epoch 572/1000, Train Loss: 0.9124, Validation Loss: 1.3314
Epoch 573/1000, Train Loss: 0.7630, Validation Loss: 0.8714
Epoch 574/1000, Train Loss: 0.7644, Validation Loss: 1.3230
Epoch 575/1000, Train Loss: 0.7345, Validation Loss: 0.9629
Epoch 576/1000, Train Loss: 0.7486, Validation Loss: 0.9879
Epoch 577/1000, Train Loss: 3.5302, Validation Loss: 17.1676
Epoch 578/1000, Train Loss: 0.7722, Validation Loss: 1.5547
Epoch 579/1000, Train Loss: 0.7839, Validation Loss: 3.9998
Epoch 580/1000, Train Loss: 0.7317, Validation Loss: 0.9377
Epoch 581/1000, Train Loss: 0.7691, Validation Loss: 1.2845
Epoch 582/1000, Train Loss: 0.7563, Validation Loss: 2.7876
Epoch 583/1000, Train Loss: 3.7307, Validation Loss: 7.1307
Epoch 584/1000, Train Loss: 0.8319, Validation Loss: 4.2764
Epoch 585/1000, Train Loss: 0.7534, Validation Loss: 4.5233
Epoch 586/1000, Train Loss: 0.7386, Validation Loss: 0.9607
Epoch 587/1000, Train Loss: 0.7753, Validation Loss: 3.6232
Epoch 588/1000, Train Loss: 0.7579, Validation Loss: 1.0552
Epoch 589/1000, Train Loss: 0.7762, Validation Loss: 1.6036
Epoch 590/1000, Train Loss: 0.7755, Validation Loss: 0.6800
Epoch 591/1000, Train Loss: 0.7638, Validation Loss: 1.8235
Epoch 592/1000, Train Loss: 1.4036, Validation Loss: 4.2936
Epoch 593/1000, Train Loss: 0.7585, Validation Loss: 7.3787
Epoch 594/1000, Train Loss: 0.7617, Validation Loss: 1.7080
Epoch 595/1000, Train Loss: 0.7470, Validation Loss: 1.6357
Epoch 596/1000, Train Loss: 0.7702, Validation Loss: 6.5039
Epoch 597/1000, Train Loss: 0.7754, Validation Loss: 1.3978
Epoch 598/1000, Train Loss: 0.8355, Validation Loss: 4.6523
Epoch 599/1000, Train Loss: 1.9888, Validation Loss: 1.4534
Epoch 600/1000, Train Loss: 0.8273, Validation Loss: 1.7689
Epoch 601/1000, Train Loss: 0.7567, Validation Loss: 2.5342
Epoch 602/1000, Train Loss: 0.7661, Validation Loss: 3.0907
Epoch 603/1000, Train Loss: 0.7668, Validation Loss: 1.4728
Epoch 604/1000, Train Loss: 0.7579, Validation Loss: 1.3859
Epoch 605/1000, Train Loss: 0.7700, Validation Loss: 1.7673
Epoch 606/1000, Train Loss: 0.7516, Validation Loss: 5.5592
Epoch 607/1000, Train Loss: 1.0267, Validation Loss: 2.4443
Epoch 608/1000, Train Loss: 0.7778, Validation Loss: 1.2445
Epoch 609/1000, Train Loss: 0.7533, Validation Loss: 9.2808
Epoch 610/1000, Train Loss: 0.7212, Validation Loss: 1.2673
Epoch 611/1000, Train Loss: 0.7674, Validation Loss: 2.0435
Epoch 612/1000, Train Loss: 0.7872, Validation Loss: 1.2132
Epoch 613/1000, Train Loss: 0.7116, Validation Loss: 2.1863
Epoch 614/1000, Train Loss: 0.7643, Validation Loss: 2.0243
Epoch 615/1000, Train Loss: 0.7403, Validation Loss: 3.0679
Epoch 616/1000, Train Loss: 0.7170, Validation Loss: 0.7841
Epoch 617/1000, Train Loss: 0.7450, Validation Loss: 2.1173
Epoch 618/1000, Train Loss: 5135.0803, Validation Loss: 1.5603
Epoch 619/1000, Train Loss: 0.8514, Validation Loss: 2.9859
Epoch 620/1000, Train Loss: 0.7964, Validation Loss: 12.5367
Epoch 621/1000, Train Loss: 0.7272, Validation Loss: 0.6903
Epoch 622/1000, Train Loss: 0.7209, Validation Loss: 1.0561
Epoch 623/1000, Train Loss: 0.7181, Validation Loss: 1.1643
Epoch 624/1000, Train Loss: 0.7451, Validation Loss: 1.5328
Epoch 625/1000, Train Loss: 0.7537, Validation Loss: 1.6889
Epoch 626/1000, Train Loss: 0.7729, Validation Loss: 2.6795
Epoch 627/1000, Train Loss: 0.7527, Validation Loss: 1.9968
Epoch 628/1000, Train Loss: 0.7423, Validation Loss: 3.2169
Epoch 629/1000, Train Loss: 0.7660, Validation Loss: 4.0722
Epoch 630/1000, Train Loss: 0.7185, Validation Loss: 3.7991
Epoch 631/1000, Train Loss: 1.0860, Validation Loss: 3.5673
Epoch 632/1000, Train Loss: 0.8292, Validation Loss: 2.6164
Epoch 633/1000, Train Loss: 0.7495, Validation Loss: 1.7978
Epoch 634/1000, Train Loss: 0.7420, Validation Loss: 0.8937
Epoch 635/1000, Train Loss: 0.7816, Validation Loss: 1.2215
Epoch 636/1000, Train Loss: 2.5017, Validation Loss: 0.6702
Epoch 637/1000, Train Loss: 0.7448, Validation Loss: 1.4380
Epoch 638/1000, Train Loss: 0.7694, Validation Loss: 5.4898
Epoch 639/1000, Train Loss: 0.7224, Validation Loss: 2.4134
Epoch 640/1000, Train Loss: 0.7374, Validation Loss: 2.5456
Epoch 641/1000, Train Loss: 2.2464, Validation Loss: 566.4615
Epoch 642/1000, Train Loss: 1.0823, Validation Loss: 3.6134
Epoch 643/1000, Train Loss: 0.8415, Validation Loss: 2.5701
Epoch 644/1000, Train Loss: 0.7546, Validation Loss: 1.2050
Epoch 645/1000, Train Loss: 0.8017, Validation Loss: 1.9258
Epoch 646/1000, Train Loss: 0.7642, Validation Loss: 1.0146
Epoch 647/1000, Train Loss: 0.7818, Validation Loss: 13.4463
Epoch 648/1000, Train Loss: 0.7756, Validation Loss: 4.1057
Epoch 649/1000, Train Loss: 0.7682, Validation Loss: 2.2786
Epoch 650/1000, Train Loss: 1.0280, Validation Loss: 3.0702
Epoch 651/1000, Train Loss: 1.4764, Validation Loss: 1.5147
Epoch 652/1000, Train Loss: 0.7823, Validation Loss: 2.8994
Epoch 653/1000, Train Loss: 0.7434, Validation Loss: 1.2439
Epoch 654/1000, Train Loss: 0.7575, Validation Loss: 2.1555
Epoch 655/1000, Train Loss: 0.7223, Validation Loss: 1.2817
Epoch 656/1000, Train Loss: 2.2682, Validation Loss: 3.9542
Epoch 657/1000, Train Loss: 0.9661, Validation Loss: 3.3466
Epoch 658/1000, Train Loss: 0.7642, Validation Loss: 1.7019
Epoch 659/1000, Train Loss: 0.7980, Validation Loss: 0.8240
Epoch 660/1000, Train Loss: 0.8566, Validation Loss: 1.3300
Epoch 661/1000, Train Loss: 0.8279, Validation Loss: 3.8726
Epoch 662/1000, Train Loss: 0.7453, Validation Loss: 4.3651
Epoch 663/1000, Train Loss: 0.7250, Validation Loss: 0.7560
Epoch 664/1000, Train Loss: 0.7626, Validation Loss: 1.3382
Epoch 665/1000, Train Loss: 0.7559, Validation Loss: 0.9042
Epoch 666/1000, Train Loss: 17.0747, Validation Loss: 2.3948
Epoch 667/1000, Train Loss: 0.7024, Validation Loss: 0.8879
Epoch 668/1000, Train Loss: 0.7091, Validation Loss: 0.9125
Epoch 669/1000, Train Loss: 0.7583, Validation Loss: 1.3425
Epoch 670/1000, Train Loss: 0.7376, Validation Loss: 4.0080
Epoch 671/1000, Train Loss: 0.8145, Validation Loss: 0.8048
Epoch 672/1000, Train Loss: 0.7933, Validation Loss: 1.7944
Epoch 673/1000, Train Loss: 0.7064, Validation Loss: 0.8049
Epoch 674/1000, Train Loss: 3.6613, Validation Loss: 4.7058
Epoch 675/1000, Train Loss: 1.0443, Validation Loss: 1.6034
Epoch 676/1000, Train Loss: 0.7798, Validation Loss: 1.8522
Epoch 677/1000, Train Loss: 0.7585, Validation Loss: 3.9234
Epoch 678/1000, Train Loss: 0.7756, Validation Loss: 0.7057
Epoch 679/1000, Train Loss: 0.7230, Validation Loss: 2.7834
Epoch 680/1000, Train Loss: 0.7624, Validation Loss: 2.1359
Epoch 681/1000, Train Loss: 0.7848, Validation Loss: 0.9445
Epoch 682/1000, Train Loss: 0.7607, Validation Loss: 1.9596
Epoch 683/1000, Train Loss: 0.7293, Validation Loss: 0.6928
Epoch 684/1000, Train Loss: 4.2056, Validation Loss: 2.7955
Epoch 685/1000, Train Loss: 0.8832, Validation Loss: 3.1283
Epoch 686/1000, Train Loss: 0.7919, Validation Loss: 0.8537
Epoch 687/1000, Train Loss: 0.7288, Validation Loss: 3.3375
Epoch 688/1000, Train Loss: 0.7349, Validation Loss: 2.1188
Epoch 689/1000, Train Loss: 0.7861, Validation Loss: 2.0283
Epoch 690/1000, Train Loss: 0.7204, Validation Loss: 2.3439
Epoch 691/1000, Train Loss: 0.7323, Validation Loss: 2.7107
Epoch 692/1000, Train Loss: 0.8589, Validation Loss: 4.6485
Epoch 693/1000, Train Loss: 1.1503, Validation Loss: 3.4684
Epoch 694/1000, Train Loss: 0.7398, Validation Loss: 1.2074
Epoch 695/1000, Train Loss: 1.3317, Validation Loss: 75.2610
Epoch 696/1000, Train Loss: 14.1275, Validation Loss: 2.3144
Epoch 697/1000, Train Loss: 0.7259, Validation Loss: 2.9038
Epoch 698/1000, Train Loss: 0.7351, Validation Loss: 5.3214
Epoch 699/1000, Train Loss: 0.7815, Validation Loss: 4.5040
Epoch 700/1000, Train Loss: 0.7280, Validation Loss: 0.8249
Epoch 701/1000, Train Loss: 0.7236, Validation Loss: 0.6906
Epoch 702/1000, Train Loss: 1.9065, Validation Loss: 2.2535
Epoch 703/1000, Train Loss: 0.7400, Validation Loss: 5.1543
Epoch 704/1000, Train Loss: 0.8017, Validation Loss: 3.5302
Epoch 705/1000, Train Loss: 0.7410, Validation Loss: 1.4386
Epoch 706/1000, Train Loss: 0.7551, Validation Loss: 1.4526
Epoch 707/1000, Train Loss: 0.7201, Validation Loss: 5.0985
Epoch 708/1000, Train Loss: 0.7400, Validation Loss: 1.1964
Epoch 709/1000, Train Loss: 1.2256, Validation Loss: 1.9354
Epoch 710/1000, Train Loss: 0.7450, Validation Loss: 3.0799
Epoch 711/1000, Train Loss: 0.7197, Validation Loss: 6.3753
Epoch 712/1000, Train Loss: 0.7407, Validation Loss: 4.4697
Epoch 713/1000, Train Loss: 0.7013, Validation Loss: 0.8382
Epoch 714/1000, Train Loss: 0.7145, Validation Loss: 0.9280
Epoch 715/1000, Train Loss: 0.9476, Validation Loss: 0.8001
Epoch 716/1000, Train Loss: 0.7578, Validation Loss: 1.3012
Epoch 717/1000, Train Loss: 0.7357, Validation Loss: 0.7911
Epoch 718/1000, Train Loss: 0.7388, Validation Loss: 0.8612
Epoch 719/1000, Train Loss: 0.8562, Validation Loss: 3.1378
Epoch 720/1000, Train Loss: 0.7280, Validation Loss: 4.5600
Epoch 721/1000, Train Loss: 0.7208, Validation Loss: 1.2595
Epoch 722/1000, Train Loss: 0.8344, Validation Loss: 885.5566
Epoch 723/1000, Train Loss: 0.8412, Validation Loss: 4.0162
Epoch 724/1000, Train Loss: 0.7593, Validation Loss: 2.0892
Epoch 725/1000, Train Loss: 0.7424, Validation Loss: 2.3416
Epoch 726/1000, Train Loss: 0.7522, Validation Loss: 3.9712
Epoch 727/1000, Train Loss: 0.7947, Validation Loss: 4.1698
Epoch 728/1000, Train Loss: 0.7604, Validation Loss: 6.1727
Epoch 729/1000, Train Loss: 0.9732, Validation Loss: 6.2916
Epoch 730/1000, Train Loss: 0.9795, Validation Loss: 3.2367
Epoch 731/1000, Train Loss: 0.7400, Validation Loss: 2.6583
Epoch 732/1000, Train Loss: 0.7337, Validation Loss: 3.3310
Epoch 733/1000, Train Loss: 0.8770, Validation Loss: 3.5585
Epoch 734/1000, Train Loss: 0.7266, Validation Loss: 2.0875
Epoch 735/1000, Train Loss: 0.7654, Validation Loss: 1.5492
Epoch 736/1000, Train Loss: 0.7248, Validation Loss: 2.0501
Epoch 737/1000, Train Loss: 0.7117, Validation Loss: 2.0966
Epoch 738/1000, Train Loss: 0.7671, Validation Loss: 6.3881
Epoch 739/1000, Train Loss: 0.7594, Validation Loss: 0.6312
Epoch 740/1000, Train Loss: 0.7391, Validation Loss: 0.9096
Epoch 741/1000, Train Loss: 0.7236, Validation Loss: 0.7418
Epoch 742/1000, Train Loss: 1.1349, Validation Loss: 0.9493
Epoch 743/1000, Train Loss: 0.7912, Validation Loss: 6.4942
Epoch 744/1000, Train Loss: 0.7200, Validation Loss: 0.6868
Epoch 745/1000, Train Loss: 0.7009, Validation Loss: 3.9072
Epoch 746/1000, Train Loss: 0.7695, Validation Loss: 1.5501
Epoch 747/1000, Train Loss: 70.5062, Validation Loss: 3.2767
Epoch 748/1000, Train Loss: 0.8706, Validation Loss: 1.0904
Epoch 749/1000, Train Loss: 0.7997, Validation Loss: 1.2356
Epoch 750/1000, Train Loss: 0.7244, Validation Loss: 0.7204
Epoch 751/1000, Train Loss: 0.7921, Validation Loss: 1.6988
Epoch 752/1000, Train Loss: 0.7886, Validation Loss: 2.4701
Epoch 753/1000, Train Loss: 0.7479, Validation Loss: 0.9748
Epoch 754/1000, Train Loss: 0.7831, Validation Loss: 6.7516
Epoch 755/1000, Train Loss: 0.7838, Validation Loss: 4.0341
Epoch 756/1000, Train Loss: 0.7435, Validation Loss: 4.4900
Epoch 757/1000, Train Loss: 0.7243, Validation Loss: 1.6175
Epoch 758/1000, Train Loss: 0.7266, Validation Loss: 2.0945
Epoch 759/1000, Train Loss: 0.7492, Validation Loss: 2.4577
Epoch 760/1000, Train Loss: 0.7198, Validation Loss: 1.5269
Epoch 761/1000, Train Loss: 0.7323, Validation Loss: 0.6437
Epoch 762/1000, Train Loss: 0.7384, Validation Loss: 3.9574
Epoch 763/1000, Train Loss: 0.7714, Validation Loss: 3.1210
Epoch 764/1000, Train Loss: 5.6145, Validation Loss: 2.0518
Epoch 765/1000, Train Loss: 0.7330, Validation Loss: 1.8051
Epoch 766/1000, Train Loss: 8.8224, Validation Loss: 3.0870
Epoch 767/1000, Train Loss: 0.7797, Validation Loss: 0.7153
Epoch 768/1000, Train Loss: 0.7502, Validation Loss: 7.7631
Epoch 769/1000, Train Loss: 0.7717, Validation Loss: 0.6179
Epoch 770/1000, Train Loss: 0.7272, Validation Loss: 0.9930
Epoch 771/1000, Train Loss: 0.7398, Validation Loss: 2.0588
Epoch 772/1000, Train Loss: 0.7381, Validation Loss: 1.4793
Epoch 773/1000, Train Loss: 1.2315, Validation Loss: 2.4153
Epoch 774/1000, Train Loss: 0.7123, Validation Loss: 3.0794
Epoch 775/1000, Train Loss: 0.8970, Validation Loss: 3.4473
Epoch 776/1000, Train Loss: 0.7485, Validation Loss: 1.4524
Epoch 777/1000, Train Loss: 0.7304, Validation Loss: 3.1354
Epoch 778/1000, Train Loss: 4.8628, Validation Loss: 9.5507
Epoch 779/1000, Train Loss: 0.9838, Validation Loss: 2.8084
Epoch 780/1000, Train Loss: 0.7689, Validation Loss: 2.6004
Epoch 781/1000, Train Loss: 0.7727, Validation Loss: 0.8105
Epoch 782/1000, Train Loss: 0.7637, Validation Loss: 0.7865
Epoch 783/1000, Train Loss: 0.7502, Validation Loss: 0.6526
Epoch 784/1000, Train Loss: 0.7730, Validation Loss: 1.4703
Epoch 785/1000, Train Loss: 1.0457, Validation Loss: 0.9571
Epoch 786/1000, Train Loss: 0.7416, Validation Loss: 3.5636
Epoch 787/1000, Train Loss: 0.7452, Validation Loss: 1.0780
Epoch 788/1000, Train Loss: 0.7830, Validation Loss: 1.6387
Epoch 789/1000, Train Loss: 0.8035, Validation Loss: 0.8777
Epoch 790/1000, Train Loss: 0.8196, Validation Loss: 0.7677
Epoch 791/1000, Train Loss: 0.7278, Validation Loss: 0.6991
Epoch 792/1000, Train Loss: 0.7441, Validation Loss: 5.6445
Epoch 793/1000, Train Loss: 1.1991, Validation Loss: 1.9717
Epoch 794/1000, Train Loss: 0.7170, Validation Loss: 5.7993
Epoch 795/1000, Train Loss: 0.7263, Validation Loss: 1.0606
Epoch 796/1000, Train Loss: 0.7526, Validation Loss: 5.8728
Epoch 797/1000, Train Loss: 0.7242, Validation Loss: 2.2904
Epoch 798/1000, Train Loss: 0.7240, Validation Loss: 3.9595
Epoch 799/1000, Train Loss: 0.7130, Validation Loss: 1.4710
Epoch 800/1000, Train Loss: 0.7228, Validation Loss: 3.3217
Epoch 801/1000, Train Loss: 0.7252, Validation Loss: 3.5862
Epoch 802/1000, Train Loss: 0.8695, Validation Loss: 1.4467
Epoch 803/1000, Train Loss: 0.7212, Validation Loss: 0.7879
Epoch 804/1000, Train Loss: 0.7671, Validation Loss: 1.0771
Epoch 805/1000, Train Loss: 0.7325, Validation Loss: 3.9811
Epoch 806/1000, Train Loss: 1.0477, Validation Loss: 1.6626
Epoch 807/1000, Train Loss: 0.8131, Validation Loss: 1.1094
Epoch 808/1000, Train Loss: 0.7427, Validation Loss: 0.9294
Epoch 809/1000, Train Loss: 0.8481, Validation Loss: 1.7787
Epoch 810/1000, Train Loss: 0.7700, Validation Loss: 1.5962
Epoch 811/1000, Train Loss: 0.7737, Validation Loss: 1.9178
Epoch 812/1000, Train Loss: 53.3362, Validation Loss: 3.2166
Epoch 813/1000, Train Loss: 0.8432, Validation Loss: 0.8266
Epoch 814/1000, Train Loss: 0.8244, Validation Loss: 2.3062
Epoch 815/1000, Train Loss: 3.6253, Validation Loss: 2.3556
Epoch 816/1000, Train Loss: 0.7233, Validation Loss: 0.6713
Epoch 817/1000, Train Loss: 0.7312, Validation Loss: 1.9613
Epoch 818/1000, Train Loss: 0.7300, Validation Loss: 1.9635
Epoch 819/1000, Train Loss: 0.8375, Validation Loss: 0.7330
Epoch 820/1000, Train Loss: 0.7473, Validation Loss: 0.8080
Epoch 821/1000, Train Loss: 49.1271, Validation Loss: 1.9718
Epoch 822/1000, Train Loss: 1.0487, Validation Loss: 5.9464
Epoch 823/1000, Train Loss: 0.8176, Validation Loss: 2.6439
Epoch 824/1000, Train Loss: 0.7650, Validation Loss: 3.3194
Epoch 825/1000, Train Loss: 0.7844, Validation Loss: 3.9299
Epoch 826/1000, Train Loss: 0.7995, Validation Loss: 3.3815
Epoch 827/1000, Train Loss: 0.7527, Validation Loss: 99.4227
Epoch 828/1000, Train Loss: 0.9133, Validation Loss: 0.7275
Epoch 829/1000, Train Loss: 0.7383, Validation Loss: 5.1520
Epoch 830/1000, Train Loss: 0.7091, Validation Loss: 1.4474
Epoch 831/1000, Train Loss: 0.7615, Validation Loss: 2.8899
Epoch 832/1000, Train Loss: 0.7225, Validation Loss: 1.2079
Epoch 833/1000, Train Loss: 0.7645, Validation Loss: 1.0203
Epoch 834/1000, Train Loss: 0.8191, Validation Loss: 0.7164
Epoch 835/1000, Train Loss: 0.7903, Validation Loss: 6.8676
Epoch 836/1000, Train Loss: 321.3687, Validation Loss: 1.1983
Epoch 837/1000, Train Loss: 4.1573, Validation Loss: 2.9536
Epoch 838/1000, Train Loss: 23.5048, Validation Loss: 3.0492
Epoch 839/1000, Train Loss: 0.7303, Validation Loss: 3.6862
Epoch 840/1000, Train Loss: 0.7410, Validation Loss: 0.6479
Epoch 841/1000, Train Loss: 0.7539, Validation Loss: 2.7673
Epoch 842/1000, Train Loss: 0.7503, Validation Loss: 1.9012
Epoch 843/1000, Train Loss: 0.7180, Validation Loss: 1.0009
Epoch 844/1000, Train Loss: 0.7538, Validation Loss: 0.6508
Epoch 845/1000, Train Loss: 0.9662, Validation Loss: 2.9211
Epoch 846/1000, Train Loss: 0.7226, Validation Loss: 3.2469
Epoch 847/1000, Train Loss: 0.8071, Validation Loss: 4.2374
Epoch 848/1000, Train Loss: 0.7915, Validation Loss: 0.7061
Epoch 849/1000, Train Loss: 0.7672, Validation Loss: 2.8519
Epoch 850/1000, Train Loss: 40.5770, Validation Loss: 1.2971
Epoch 851/1000, Train Loss: 0.7185, Validation Loss: 1.1667
Epoch 852/1000, Train Loss: 0.7309, Validation Loss: 2.0188
Epoch 853/1000, Train Loss: 0.8502, Validation Loss: 2.4756
Epoch 854/1000, Train Loss: 0.7491, Validation Loss: 1.1338
Epoch 855/1000, Train Loss: 0.7217, Validation Loss: 1.9824
Epoch 856/1000, Train Loss: 0.7658, Validation Loss: 2.4873
Epoch 857/1000, Train Loss: 0.7724, Validation Loss: 1.7269
Epoch 858/1000, Train Loss: 0.7332, Validation Loss: 2.8302
Epoch 859/1000, Train Loss: 0.7433, Validation Loss: 2.8064
Epoch 860/1000, Train Loss: 3.3244, Validation Loss: 0.9203
Epoch 861/1000, Train Loss: 0.7587, Validation Loss: 0.6228
Epoch 862/1000, Train Loss: 0.7463, Validation Loss: 1.4654
Epoch 863/1000, Train Loss: 0.7483, Validation Loss: 3.2431
Epoch 864/1000, Train Loss: 0.7239, Validation Loss: 1.9701
Epoch 865/1000, Train Loss: 0.7979, Validation Loss: 2.7750
Epoch 866/1000, Train Loss: 1.3018, Validation Loss: 2.4780
Epoch 867/1000, Train Loss: 0.7613, Validation Loss: 3.5859
Epoch 868/1000, Train Loss: 0.7164, Validation Loss: 1.6778
Epoch 869/1000, Train Loss: 0.7475, Validation Loss: 2.3087
Epoch 870/1000, Train Loss: 0.7949, Validation Loss: 1.2161
Epoch 871/1000, Train Loss: 0.7364, Validation Loss: 0.7557
Epoch 872/1000, Train Loss: 0.8040, Validation Loss: 0.9172
Epoch 873/1000, Train Loss: 0.7187, Validation Loss: 0.6302
Epoch 874/1000, Train Loss: 0.7339, Validation Loss: 2.1703
Epoch 875/1000, Train Loss: 0.7722, Validation Loss: 4.5864
Epoch 876/1000, Train Loss: 0.7114, Validation Loss: 2.0478
Epoch 877/1000, Train Loss: 3.5329, Validation Loss: 0.8039
Epoch 878/1000, Train Loss: 0.7941, Validation Loss: 4.0563
Epoch 879/1000, Train Loss: 0.7876, Validation Loss: 2.0416
Epoch 880/1000, Train Loss: 0.7673, Validation Loss: 2.5766
Epoch 881/1000, Train Loss: 0.7382, Validation Loss: 0.9220
Epoch 882/1000, Train Loss: 2.7216, Validation Loss: 1.5086
Epoch 883/1000, Train Loss: 0.7665, Validation Loss: 2.1986
Epoch 884/1000, Train Loss: 0.7582, Validation Loss: 1.7667
Epoch 885/1000, Train Loss: 0.8345, Validation Loss: 1.8599
Epoch 886/1000, Train Loss: 0.7472, Validation Loss: 1.2322
Epoch 887/1000, Train Loss: 0.7691, Validation Loss: 2.1095
Epoch 888/1000, Train Loss: 0.7171, Validation Loss: 1.6495
Epoch 889/1000, Train Loss: 0.7821, Validation Loss: 2.2800
Epoch 890/1000, Train Loss: 0.7706, Validation Loss: 2.5668
Epoch 891/1000, Train Loss: 0.7485, Validation Loss: 1.8210
Epoch 892/1000, Train Loss: 37.1256, Validation Loss: 1.6654
Epoch 893/1000, Train Loss: 0.7826, Validation Loss: 1.2246
Epoch 894/1000, Train Loss: 1.0737, Validation Loss: 0.7146
Epoch 895/1000, Train Loss: 0.7533, Validation Loss: 0.7608
Epoch 896/1000, Train Loss: 0.7357, Validation Loss: 1.9090
Epoch 897/1000, Train Loss: 0.8261, Validation Loss: 2.1715
Epoch 898/1000, Train Loss: 0.7841, Validation Loss: 0.8120
Epoch 899/1000, Train Loss: 0.7901, Validation Loss: 2.8574
Epoch 900/1000, Train Loss: 0.7631, Validation Loss: 1.0778
Epoch 901/1000, Train Loss: 0.7795, Validation Loss: 1.4780
Epoch 902/1000, Train Loss: 0.7650, Validation Loss: 1.6509
Epoch 903/1000, Train Loss: 3.6346, Validation Loss: 1.5404
Epoch 904/1000, Train Loss: 0.9310, Validation Loss: 3.2725
Epoch 905/1000, Train Loss: 0.7762, Validation Loss: 0.6722
Epoch 906/1000, Train Loss: 0.8775, Validation Loss: 0.8378
Epoch 907/1000, Train Loss: 0.8783, Validation Loss: 3.5121
Epoch 908/1000, Train Loss: 0.7877, Validation Loss: 3.9203
Epoch 909/1000, Train Loss: 0.7708, Validation Loss: 2.2115
Epoch 910/1000, Train Loss: 0.8059, Validation Loss: 1.0677
Epoch 911/1000, Train Loss: 0.7762, Validation Loss: 2.4294
Epoch 912/1000, Train Loss: 0.7172, Validation Loss: 1.8233
Epoch 913/1000, Train Loss: 1.6791, Validation Loss: 2.5561
Epoch 914/1000, Train Loss: 0.7508, Validation Loss: 4.0577
Epoch 915/1000, Train Loss: 0.7785, Validation Loss: 1.4537
Epoch 916/1000, Train Loss: 0.7383, Validation Loss: 3.5492
Epoch 917/1000, Train Loss: 0.7418, Validation Loss: 0.9063
Epoch 918/1000, Train Loss: 0.7465, Validation Loss: 4.7018
Epoch 919/1000, Train Loss: 3.1703, Validation Loss: 4.4589
Epoch 920/1000, Train Loss: 0.7607, Validation Loss: 5.7110
Epoch 921/1000, Train Loss: 0.7280, Validation Loss: 1.8005
Epoch 922/1000, Train Loss: 0.7549, Validation Loss: 1.5126
Epoch 923/1000, Train Loss: 0.7274, Validation Loss: 1.9982
Epoch 924/1000, Train Loss: 0.9123, Validation Loss: 2.1578
Epoch 925/1000, Train Loss: 5.8982, Validation Loss: 5.8398
Epoch 926/1000, Train Loss: 0.7230, Validation Loss: 0.7121
Epoch 927/1000, Train Loss: 0.7176, Validation Loss: 2.8624
Epoch 928/1000, Train Loss: 0.7188, Validation Loss: 2.6635
Epoch 929/1000, Train Loss: 0.7678, Validation Loss: 0.8629
Epoch 930/1000, Train Loss: 0.7440, Validation Loss: 6.0647
Epoch 931/1000, Train Loss: 0.7338, Validation Loss: 2.1463
Epoch 932/1000, Train Loss: 0.7501, Validation Loss: 1.7799
Epoch 933/1000, Train Loss: 43.2604, Validation Loss: 1.9075
Epoch 934/1000, Train Loss: 0.8139, Validation Loss: 3.3491
Epoch 935/1000, Train Loss: 0.7844, Validation Loss: 1.3483
Epoch 936/1000, Train Loss: 0.7528, Validation Loss: 0.7847
Epoch 937/1000, Train Loss: 0.7920, Validation Loss: 1.6325
Epoch 938/1000, Train Loss: 0.7488, Validation Loss: 1.1062
Epoch 939/1000, Train Loss: 0.7578, Validation Loss: 0.9467
Epoch 940/1000, Train Loss: 3.7418, Validation Loss: 1.1775
Epoch 941/1000, Train Loss: 0.7750, Validation Loss: 6.6953
Epoch 942/1000, Train Loss: 0.7494, Validation Loss: 1.5936
Epoch 943/1000, Train Loss: 0.7190, Validation Loss: 0.8382
Epoch 944/1000, Train Loss: 0.7275, Validation Loss: 1.7091
Epoch 945/1000, Train Loss: 2261.0978, Validation Loss: 1.3609
Epoch 946/1000, Train Loss: 0.7997, Validation Loss: 4.4674
Epoch 947/1000, Train Loss: 0.7697, Validation Loss: 2.6439
Epoch 948/1000, Train Loss: 0.7214, Validation Loss: 3.9420
Epoch 949/1000, Train Loss: 0.7013, Validation Loss: 1.1140
Epoch 950/1000, Train Loss: 0.7365, Validation Loss: 2.0311
Epoch 951/1000, Train Loss: 0.7581, Validation Loss: 0.7550
Epoch 952/1000, Train Loss: 0.7405, Validation Loss: 1.7206
Epoch 953/1000, Train Loss: 880.4731, Validation Loss: 1.9346
Epoch 954/1000, Train Loss: 8.9779, Validation Loss: 1.2673
Epoch 955/1000, Train Loss: 0.8265, Validation Loss: 5.3313
Epoch 956/1000, Train Loss: 0.9029, Validation Loss: 2.7017
Epoch 957/1000, Train Loss: 0.8374, Validation Loss: 1.8354
Epoch 958/1000, Train Loss: 0.8154, Validation Loss: 4.2119
Epoch 959/1000, Train Loss: 0.7056, Validation Loss: 2.0927
Epoch 960/1000, Train Loss: 20.1063, Validation Loss: 6.6901
Epoch 961/1000, Train Loss: 0.8151, Validation Loss: 2.1344
Epoch 962/1000, Train Loss: 0.8399, Validation Loss: 1.4499
Epoch 963/1000, Train Loss: 0.7297, Validation Loss: 1.3164
Epoch 964/1000, Train Loss: 0.7609, Validation Loss: 1.3814
Epoch 965/1000, Train Loss: 0.7622, Validation Loss: 3.9366
Epoch 966/1000, Train Loss: 0.7205, Validation Loss: 1.0353
Epoch 967/1000, Train Loss: 0.7878, Validation Loss: 3.0914
Epoch 968/1000, Train Loss: 0.7542, Validation Loss: 1.1964
Epoch 969/1000, Train Loss: 0.7542, Validation Loss: 2.8597
Epoch 970/1000, Train Loss: 0.7120, Validation Loss: 1.6992
Epoch 971/1000, Train Loss: 0.8056, Validation Loss: 2.2392
Epoch 972/1000, Train Loss: 0.7786, Validation Loss: 1.2408
Epoch 973/1000, Train Loss: 0.7607, Validation Loss: 5.6779
Epoch 974/1000, Train Loss: 3.3258, Validation Loss: 2.3405
Epoch 975/1000, Train Loss: 0.6990, Validation Loss: 0.9054
Epoch 976/1000, Train Loss: 0.7074, Validation Loss: 2.3716
Epoch 977/1000, Train Loss: 0.9081, Validation Loss: 2.3237
Epoch 978/1000, Train Loss: 0.7244, Validation Loss: 1.0587
Epoch 979/1000, Train Loss: 0.7295, Validation Loss: 1.5237
Epoch 980/1000, Train Loss: 2.6545, Validation Loss: 2.2637
Epoch 981/1000, Train Loss: 0.7499, Validation Loss: 2.0036
Epoch 982/1000, Train Loss: 0.7397, Validation Loss: 2.2274
Epoch 983/1000, Train Loss: 0.7353, Validation Loss: 3.9783
Epoch 984/1000, Train Loss: 0.7194, Validation Loss: 1.7587
Epoch 985/1000, Train Loss: 0.7558, Validation Loss: 3.0680
Epoch 986/1000, Train Loss: 0.7161, Validation Loss: 2.3184
Epoch 987/1000, Train Loss: 0.8176, Validation Loss: 5.7671
Epoch 988/1000, Train Loss: 0.7288, Validation Loss: 2.1029
Epoch 989/1000, Train Loss: 0.7417, Validation Loss: 5.7683
Epoch 990/1000, Train Loss: 0.7538, Validation Loss: 3.9351
Epoch 991/1000, Train Loss: 0.7168, Validation Loss: 3.2986
Epoch 992/1000, Train Loss: 0.7694, Validation Loss: 2.6682
Epoch 993/1000, Train Loss: 0.7109, Validation Loss: 3.9085
Epoch 994/1000, Train Loss: 0.7144, Validation Loss: 0.7960
Epoch 995/1000, Train Loss: 9.9978, Validation Loss: 1.2349
Epoch 996/1000, Train Loss: 0.7707, Validation Loss: 0.9996
Epoch 997/1000, Train Loss: 0.7380, Validation Loss: 5.0794
Epoch 998/1000, Train Loss: 0.7174, Validation Loss: 1.7852
Epoch 999/1000, Train Loss: 0.8214, Validation Loss: 2.8036
Epoch 1000/1000, Train Loss: 0.8780, Validation Loss: 1.7575
Best Training Loss: 0.6990
Best Training Loss Epoch: 975
Best Validation Loss: 0.6162
Best Validation Loss Epoch: 557
Time taken for training: 1-13:36:09
Test Loss: 0.6359
Test MAPE: 166417.7188%
Error Statistics:
count    4.127200e+04
mean     5.577830e+02
std      9.840743e+03
min      9.536743e-07
25%      1.438859e-01
50%      2.165750e+00
75%      3.138851e+01
max      1.269684e+06
Name: Absolute Error, dtype: float64
Training complete. Final model saved.
Saving model as a wandb Artifact...
Model artifact logged successfully.
[1;34mwandb[0m: 
[1;34mwandb[0m: 🚀 View run [33mwarm-sweep-106[0m at: [34mhttps://wandb.ai/mk8737-new-york-university/rl_pretrain_hp_sweeps/runs/buu54t8i[0m
[1;34mwandb[0m: Find logs at: [1;35mwandb/run-20251006_144039-buu54t8i/logs[0m
Agent finished.
