Waiting for sweep ID...
Found Sweep ID: be12np04
Starting wandb agent for sweep be12np04...
TRAINING DEVICE: cpu
Run Name: GCN_global_hp_sweep_be12np04-5k9k735b
finidhed preparing data
Loading dataset from pretrain_dataset_12.5k_fixed_duplicates.pkl
Loaded 412712 data objects.
finished preparing data
Epoch 1/1000, Train Loss: 2.4855, Validation Loss: 20.4788
Epoch 2/1000, Train Loss: 1.6807, Validation Loss: 1.7920
Epoch 3/1000, Train Loss: 1.8099, Validation Loss: 1.5846
Epoch 4/1000, Train Loss: 1.4571, Validation Loss: 2.3546
Epoch 5/1000, Train Loss: 1.4074, Validation Loss: 2.5790
Epoch 6/1000, Train Loss: 1.3558, Validation Loss: 6.0597
Epoch 7/1000, Train Loss: 1.2746, Validation Loss: 1.8478
Epoch 8/1000, Train Loss: 1.1838, Validation Loss: 2.8813
Epoch 9/1000, Train Loss: 1.1248, Validation Loss: 2.0465
Epoch 10/1000, Train Loss: 1.0718, Validation Loss: 3.9386
Epoch 11/1000, Train Loss: 1.0307, Validation Loss: 9.0806
Epoch 12/1000, Train Loss: 1.0441, Validation Loss: 1.8408
Epoch 13/1000, Train Loss: 1.0125, Validation Loss: 0.9497
Epoch 14/1000, Train Loss: 0.9765, Validation Loss: 0.9811
Epoch 15/1000, Train Loss: 0.9574, Validation Loss: 4.1261
Epoch 16/1000, Train Loss: 0.9756, Validation Loss: 1.9956
Epoch 17/1000, Train Loss: 0.9393, Validation Loss: 2.1547
Epoch 18/1000, Train Loss: 0.9238, Validation Loss: 2.1282
Epoch 19/1000, Train Loss: 0.8956, Validation Loss: 2.8444
Epoch 20/1000, Train Loss: 0.8869, Validation Loss: 5.7541
Epoch 21/1000, Train Loss: 0.8588, Validation Loss: 0.9616
Epoch 22/1000, Train Loss: 0.8674, Validation Loss: 3.0176
Epoch 23/1000, Train Loss: 0.8471, Validation Loss: 0.9089
Epoch 24/1000, Train Loss: 0.8295, Validation Loss: 2.4488
Epoch 25/1000, Train Loss: 0.8103, Validation Loss: 3.0834
Epoch 26/1000, Train Loss: 0.7936, Validation Loss: 1.1606
Epoch 27/1000, Train Loss: 0.7837, Validation Loss: 0.9181
Epoch 28/1000, Train Loss: 0.7690, Validation Loss: 1.9338
Epoch 29/1000, Train Loss: 0.7634, Validation Loss: 2.6340
Epoch 30/1000, Train Loss: 0.7658, Validation Loss: 0.7170
Epoch 31/1000, Train Loss: 0.7666, Validation Loss: 2.6779
Epoch 32/1000, Train Loss: 0.7436, Validation Loss: 2.5696
Epoch 33/1000, Train Loss: 0.7447, Validation Loss: 1.2808
Epoch 34/1000, Train Loss: 0.7322, Validation Loss: 4.2445
Epoch 35/1000, Train Loss: 0.7259, Validation Loss: 1.0252
Epoch 36/1000, Train Loss: 0.7139, Validation Loss: 1.0737
Epoch 37/1000, Train Loss: 0.7167, Validation Loss: 1.3878
Epoch 38/1000, Train Loss: 0.7146, Validation Loss: 2.5676
Epoch 39/1000, Train Loss: 0.7153, Validation Loss: 2.1812
Epoch 40/1000, Train Loss: 0.6844, Validation Loss: 5.2899
Epoch 41/1000, Train Loss: 0.6809, Validation Loss: 1.3049
Epoch 42/1000, Train Loss: 0.6922, Validation Loss: 3.1592
Epoch 43/1000, Train Loss: 0.6819, Validation Loss: 3.3195
Epoch 44/1000, Train Loss: 0.6754, Validation Loss: 2.3261
Epoch 45/1000, Train Loss: 0.6796, Validation Loss: 0.7125
Epoch 46/1000, Train Loss: 0.6657, Validation Loss: 0.6997
Epoch 47/1000, Train Loss: 0.6601, Validation Loss: 3.6121
Epoch 48/1000, Train Loss: 0.6615, Validation Loss: 3.8608
Epoch 49/1000, Train Loss: 0.6546, Validation Loss: 2.0054
Epoch 50/1000, Train Loss: 0.6505, Validation Loss: 1.4379
Epoch 51/1000, Train Loss: 0.6416, Validation Loss: 0.8551
Epoch 52/1000, Train Loss: 0.6428, Validation Loss: 1.1413
Epoch 53/1000, Train Loss: 0.6261, Validation Loss: 0.7576
Epoch 54/1000, Train Loss: 0.6357, Validation Loss: 0.6669
Epoch 55/1000, Train Loss: 0.6251, Validation Loss: 2.9278
Epoch 56/1000, Train Loss: 0.6165, Validation Loss: 2.7397
Epoch 57/1000, Train Loss: 0.6252, Validation Loss: 3.7182
Epoch 58/1000, Train Loss: 0.6214, Validation Loss: 5.5833
Epoch 59/1000, Train Loss: 0.6134, Validation Loss: 0.6993
Epoch 60/1000, Train Loss: 0.6102, Validation Loss: 3.2421
Epoch 61/1000, Train Loss: 0.6152, Validation Loss: 1.0248
Epoch 62/1000, Train Loss: 0.6035, Validation Loss: 3.8427
Epoch 63/1000, Train Loss: 0.6062, Validation Loss: 0.7837
Epoch 64/1000, Train Loss: 0.6042, Validation Loss: 0.8006
Epoch 65/1000, Train Loss: 0.5965, Validation Loss: 2.2268
Epoch 66/1000, Train Loss: 0.5903, Validation Loss: 2.8395
Epoch 67/1000, Train Loss: 0.5926, Validation Loss: 0.6371
Epoch 68/1000, Train Loss: 0.5946, Validation Loss: 1.3315
Epoch 69/1000, Train Loss: 0.5959, Validation Loss: 0.8632
Epoch 70/1000, Train Loss: 0.5786, Validation Loss: 3.1770
Epoch 71/1000, Train Loss: 0.5807, Validation Loss: 2.7064
Epoch 72/1000, Train Loss: 0.5928, Validation Loss: 2.8964
Epoch 73/1000, Train Loss: 0.5715, Validation Loss: 0.7207
Epoch 74/1000, Train Loss: 0.5777, Validation Loss: 1.5807
Epoch 75/1000, Train Loss: 0.5761, Validation Loss: 2.5058
Epoch 76/1000, Train Loss: 0.5797, Validation Loss: 0.7281
Epoch 77/1000, Train Loss: 0.5822, Validation Loss: 0.7647
Epoch 78/1000, Train Loss: 0.5683, Validation Loss: 1.3765
Epoch 79/1000, Train Loss: 0.5667, Validation Loss: 0.9443
Epoch 80/1000, Train Loss: 0.5694, Validation Loss: 0.6169
Epoch 81/1000, Train Loss: 0.5692, Validation Loss: 2.2475
Epoch 82/1000, Train Loss: 0.5709, Validation Loss: 1.2185
Epoch 83/1000, Train Loss: 0.5677, Validation Loss: 3.3297
Epoch 84/1000, Train Loss: 0.5660, Validation Loss: 3.7317
Epoch 85/1000, Train Loss: 0.5721, Validation Loss: 0.6872
Epoch 86/1000, Train Loss: 0.5580, Validation Loss: 5.6129
Epoch 87/1000, Train Loss: 0.5592, Validation Loss: 1.2549
Epoch 88/1000, Train Loss: 0.5656, Validation Loss: 1.2617
Epoch 89/1000, Train Loss: 0.5595, Validation Loss: 3.5319
Epoch 90/1000, Train Loss: 0.5535, Validation Loss: 3.5548
Epoch 91/1000, Train Loss: 0.5555, Validation Loss: 1.0512
Epoch 92/1000, Train Loss: 0.5612, Validation Loss: 0.9136
Epoch 93/1000, Train Loss: 0.5542, Validation Loss: 3.2562
Epoch 94/1000, Train Loss: 0.5646, Validation Loss: 1.8185
Epoch 95/1000, Train Loss: 0.5450, Validation Loss: 1.8750
Epoch 96/1000, Train Loss: 0.5525, Validation Loss: 0.5471
Epoch 97/1000, Train Loss: 0.5536, Validation Loss: 0.8979
Epoch 98/1000, Train Loss: 0.5428, Validation Loss: 0.6717
Epoch 99/1000, Train Loss: 0.5521, Validation Loss: 2.6396
Epoch 100/1000, Train Loss: 0.5519, Validation Loss: 3.2793
Epoch 101/1000, Train Loss: 0.5402, Validation Loss: 1.3467
Epoch 102/1000, Train Loss: 0.5383, Validation Loss: 1.1405
Epoch 103/1000, Train Loss: 0.5553, Validation Loss: 0.9784
Epoch 104/1000, Train Loss: 0.5462, Validation Loss: 0.8462
Epoch 105/1000, Train Loss: 0.5491, Validation Loss: 0.9636
Epoch 106/1000, Train Loss: 0.5414, Validation Loss: 0.6248
Epoch 107/1000, Train Loss: 0.5473, Validation Loss: 0.6115
Epoch 108/1000, Train Loss: 0.5423, Validation Loss: 0.9492
Epoch 109/1000, Train Loss: 0.5478, Validation Loss: 0.6423
Epoch 110/1000, Train Loss: 0.5370, Validation Loss: 1.1615
Epoch 111/1000, Train Loss: 0.5449, Validation Loss: 0.7923
Epoch 112/1000, Train Loss: 0.5447, Validation Loss: 3.4571
Epoch 113/1000, Train Loss: 0.5363, Validation Loss: 0.6236
Epoch 114/1000, Train Loss: 0.5352, Validation Loss: 0.9038
Epoch 115/1000, Train Loss: 0.5388, Validation Loss: 1.0223
Epoch 116/1000, Train Loss: 0.5381, Validation Loss: 0.9826
Epoch 117/1000, Train Loss: 0.5424, Validation Loss: 1.0601
Epoch 118/1000, Train Loss: 0.5437, Validation Loss: 0.7617
Epoch 119/1000, Train Loss: 0.5424, Validation Loss: 0.8131
Epoch 120/1000, Train Loss: 0.5445, Validation Loss: 3.1919
Epoch 121/1000, Train Loss: 0.5430, Validation Loss: 0.9448
Epoch 122/1000, Train Loss: 0.5390, Validation Loss: 1.9796
Epoch 123/1000, Train Loss: 0.5309, Validation Loss: 0.6124
Epoch 124/1000, Train Loss: 0.5338, Validation Loss: 1.1400
Epoch 125/1000, Train Loss: 0.5414, Validation Loss: 1.4557
Epoch 126/1000, Train Loss: 0.5376, Validation Loss: 0.8178
Epoch 127/1000, Train Loss: 0.5357, Validation Loss: 2.4481
Epoch 128/1000, Train Loss: 0.5373, Validation Loss: 1.1889
Epoch 129/1000, Train Loss: 0.5300, Validation Loss: 1.2327
Epoch 130/1000, Train Loss: 0.5354, Validation Loss: 0.7707
Epoch 131/1000, Train Loss: 0.5269, Validation Loss: 0.7989
Epoch 132/1000, Train Loss: 0.5300, Validation Loss: 2.3121
Epoch 133/1000, Train Loss: 0.5330, Validation Loss: 0.9511
Epoch 134/1000, Train Loss: 0.5403, Validation Loss: 1.3269
Epoch 135/1000, Train Loss: 0.5323, Validation Loss: 1.6441
Epoch 136/1000, Train Loss: 0.5303, Validation Loss: 0.8820
Epoch 137/1000, Train Loss: 0.5332, Validation Loss: 6.8824
Epoch 138/1000, Train Loss: 0.5290, Validation Loss: 0.9443
Epoch 139/1000, Train Loss: 0.5327, Validation Loss: 2.5717
Epoch 140/1000, Train Loss: 0.5285, Validation Loss: 2.4762
Epoch 141/1000, Train Loss: 0.5301, Validation Loss: 2.3563
Epoch 142/1000, Train Loss: 0.5328, Validation Loss: 0.6058
Epoch 143/1000, Train Loss: 0.5216, Validation Loss: 0.4902
Epoch 144/1000, Train Loss: 0.5222, Validation Loss: 2.1060
Epoch 145/1000, Train Loss: 0.5126, Validation Loss: 1.7471
Epoch 146/1000, Train Loss: 0.5232, Validation Loss: 1.0627
Epoch 147/1000, Train Loss: 0.5231, Validation Loss: 1.7774
Epoch 148/1000, Train Loss: 0.5295, Validation Loss: 1.8017
Epoch 149/1000, Train Loss: 0.5333, Validation Loss: 0.9754
Epoch 150/1000, Train Loss: 0.5262, Validation Loss: 0.7420
Epoch 151/1000, Train Loss: 0.5188, Validation Loss: 2.5123
Epoch 152/1000, Train Loss: 0.5166, Validation Loss: 3.8575
Epoch 153/1000, Train Loss: 0.5246, Validation Loss: 1.2586
Epoch 154/1000, Train Loss: 0.5247, Validation Loss: 2.0171
Epoch 155/1000, Train Loss: 0.5215, Validation Loss: 0.6367
Epoch 156/1000, Train Loss: 0.5239, Validation Loss: 3.5445
Epoch 157/1000, Train Loss: 0.5329, Validation Loss: 1.8126
Epoch 158/1000, Train Loss: 0.5191, Validation Loss: 1.0330
Epoch 159/1000, Train Loss: 0.5162, Validation Loss: 1.0421
Epoch 160/1000, Train Loss: 0.5254, Validation Loss: 0.6067
Epoch 161/1000, Train Loss: 0.5266, Validation Loss: 0.6179
Epoch 162/1000, Train Loss: 0.5128, Validation Loss: 0.7853
Epoch 163/1000, Train Loss: 0.5263, Validation Loss: 0.9879
Epoch 164/1000, Train Loss: 0.5167, Validation Loss: 1.2534
Epoch 165/1000, Train Loss: 0.5191, Validation Loss: 2.7561
Epoch 166/1000, Train Loss: 0.5227, Validation Loss: 0.6703
Epoch 167/1000, Train Loss: 0.5205, Validation Loss: 1.8823
Epoch 168/1000, Train Loss: 0.5161, Validation Loss: 1.8973
Epoch 169/1000, Train Loss: 0.5172, Validation Loss: 2.4993
Epoch 170/1000, Train Loss: 0.5258, Validation Loss: 0.5462
Epoch 171/1000, Train Loss: 0.5269, Validation Loss: 0.7457
Epoch 172/1000, Train Loss: 0.5093, Validation Loss: 1.7449
Epoch 173/1000, Train Loss: 0.5201, Validation Loss: 0.5766
Epoch 174/1000, Train Loss: 0.5219, Validation Loss: 1.0129
Epoch 175/1000, Train Loss: 0.5143, Validation Loss: 0.7324
Epoch 176/1000, Train Loss: 0.5169, Validation Loss: 0.6967
Epoch 177/1000, Train Loss: 0.5070, Validation Loss: 0.9581
Epoch 178/1000, Train Loss: 0.5148, Validation Loss: 1.7732
Epoch 179/1000, Train Loss: 0.5099, Validation Loss: 2.3184
Epoch 180/1000, Train Loss: 0.5317, Validation Loss: 2.6720
Epoch 181/1000, Train Loss: 0.5172, Validation Loss: 3.3222
Epoch 182/1000, Train Loss: 0.5010, Validation Loss: 4.0205
Epoch 183/1000, Train Loss: 0.5161, Validation Loss: 1.9454
Epoch 184/1000, Train Loss: 0.5091, Validation Loss: 0.7892
Epoch 185/1000, Train Loss: 0.5032, Validation Loss: 0.7996
Epoch 186/1000, Train Loss: 0.5047, Validation Loss: 1.2492
Epoch 187/1000, Train Loss: 0.5088, Validation Loss: 3.5896
Epoch 188/1000, Train Loss: 0.5222, Validation Loss: 1.1601
Epoch 189/1000, Train Loss: 0.5184, Validation Loss: 3.1081
Epoch 190/1000, Train Loss: 0.5093, Validation Loss: 4.7732
Epoch 191/1000, Train Loss: 0.5135, Validation Loss: 0.7871
Epoch 192/1000, Train Loss: 0.5108, Validation Loss: 0.6548
Epoch 193/1000, Train Loss: 0.5307, Validation Loss: 1.6303
Epoch 194/1000, Train Loss: 0.5080, Validation Loss: 1.0339
Epoch 195/1000, Train Loss: 0.5178, Validation Loss: 4.2603
Epoch 196/1000, Train Loss: 0.5115, Validation Loss: 1.3137
Epoch 197/1000, Train Loss: 0.5166, Validation Loss: 0.7274
Epoch 198/1000, Train Loss: 0.5113, Validation Loss: 0.4721
Epoch 199/1000, Train Loss: 0.5086, Validation Loss: 0.6403
Epoch 200/1000, Train Loss: 0.5035, Validation Loss: 2.1103
Epoch 201/1000, Train Loss: 0.5073, Validation Loss: 1.0983
Epoch 202/1000, Train Loss: 0.5079, Validation Loss: 1.0951
Epoch 203/1000, Train Loss: 0.5101, Validation Loss: 2.0641
Epoch 204/1000, Train Loss: 0.5059, Validation Loss: 0.7484
Epoch 205/1000, Train Loss: 0.5075, Validation Loss: 1.4122
Epoch 206/1000, Train Loss: 0.5100, Validation Loss: 2.0663
Epoch 207/1000, Train Loss: 0.5082, Validation Loss: 0.8022
Epoch 208/1000, Train Loss: 0.5074, Validation Loss: 1.0162
Epoch 209/1000, Train Loss: 0.5067, Validation Loss: 2.1635
Epoch 210/1000, Train Loss: 0.5096, Validation Loss: 1.2495
Epoch 211/1000, Train Loss: 0.5058, Validation Loss: 0.5206
Epoch 212/1000, Train Loss: 0.5068, Validation Loss: 0.8094
Epoch 213/1000, Train Loss: 0.5225, Validation Loss: 0.7310
Epoch 214/1000, Train Loss: 0.5155, Validation Loss: 1.2500
Epoch 215/1000, Train Loss: 0.5085, Validation Loss: 2.4382
Epoch 216/1000, Train Loss: 0.5038, Validation Loss: 2.7827
Epoch 217/1000, Train Loss: 0.5166, Validation Loss: 0.8529
Epoch 218/1000, Train Loss: 0.5011, Validation Loss: 1.3754
Epoch 219/1000, Train Loss: 0.4968, Validation Loss: 1.9653
Epoch 220/1000, Train Loss: 0.5080, Validation Loss: 1.3513
Epoch 221/1000, Train Loss: 0.5041, Validation Loss: 1.6263
Epoch 222/1000, Train Loss: 0.5058, Validation Loss: 1.5946
Epoch 223/1000, Train Loss: 0.4987, Validation Loss: 1.0306
Epoch 224/1000, Train Loss: 0.4984, Validation Loss: 1.2154
Epoch 225/1000, Train Loss: 0.4999, Validation Loss: 1.4607
Epoch 226/1000, Train Loss: 0.5040, Validation Loss: 1.7480
Epoch 227/1000, Train Loss: 0.5015, Validation Loss: 0.7977
Epoch 228/1000, Train Loss: 0.4962, Validation Loss: 6.0271
Epoch 229/1000, Train Loss: 0.5125, Validation Loss: 1.6315
Epoch 230/1000, Train Loss: 0.5001, Validation Loss: 0.6581
Epoch 231/1000, Train Loss: 0.5051, Validation Loss: 0.7577
Epoch 232/1000, Train Loss: 0.4993, Validation Loss: 0.7469
Epoch 233/1000, Train Loss: 0.5085, Validation Loss: 1.4573
Epoch 234/1000, Train Loss: 0.4988, Validation Loss: 0.5427
Epoch 235/1000, Train Loss: 0.5085, Validation Loss: 0.7237
Epoch 236/1000, Train Loss: 0.4964, Validation Loss: 4.3078
Epoch 237/1000, Train Loss: 0.5081, Validation Loss: 8.3430
Epoch 238/1000, Train Loss: 0.5146, Validation Loss: 0.6329
Epoch 239/1000, Train Loss: 0.4980, Validation Loss: 0.8707
Epoch 240/1000, Train Loss: 0.5160, Validation Loss: 1.6295
Epoch 241/1000, Train Loss: 0.5057, Validation Loss: 0.7012
Epoch 242/1000, Train Loss: 0.5000, Validation Loss: 2.5753
Epoch 243/1000, Train Loss: 0.5255, Validation Loss: 1.6931
Epoch 244/1000, Train Loss: 0.5081, Validation Loss: 0.8133
Epoch 245/1000, Train Loss: 0.4955, Validation Loss: 2.3646
Epoch 246/1000, Train Loss: 0.5019, Validation Loss: 0.6647
Epoch 247/1000, Train Loss: 0.5018, Validation Loss: 0.6143
Epoch 248/1000, Train Loss: 0.5063, Validation Loss: 0.6948
Epoch 249/1000, Train Loss: 0.4933, Validation Loss: 2.5401
Epoch 250/1000, Train Loss: 0.5031, Validation Loss: 1.0135
Epoch 251/1000, Train Loss: 0.4996, Validation Loss: 0.4951
Epoch 252/1000, Train Loss: 0.4948, Validation Loss: 0.9228
Epoch 253/1000, Train Loss: 0.4934, Validation Loss: 0.5692
Epoch 254/1000, Train Loss: 0.5207, Validation Loss: 0.8906
Epoch 255/1000, Train Loss: 0.4926, Validation Loss: 1.9331
Epoch 256/1000, Train Loss: 0.4984, Validation Loss: 0.8342
Epoch 257/1000, Train Loss: 0.4947, Validation Loss: 0.9209
Epoch 258/1000, Train Loss: 0.4980, Validation Loss: 1.4517
Epoch 259/1000, Train Loss: 0.4971, Validation Loss: 2.4245
Epoch 260/1000, Train Loss: 0.4950, Validation Loss: 0.5078
Epoch 261/1000, Train Loss: 0.4958, Validation Loss: 0.8385
Epoch 262/1000, Train Loss: 0.4938, Validation Loss: 1.2787
Epoch 263/1000, Train Loss: 0.5024, Validation Loss: 2.7798
Epoch 264/1000, Train Loss: 0.4940, Validation Loss: 0.5966
Epoch 265/1000, Train Loss: 0.4975, Validation Loss: 0.5484
Epoch 266/1000, Train Loss: 0.5076, Validation Loss: 2.5725
Epoch 267/1000, Train Loss: 0.4911, Validation Loss: 0.6074
Epoch 268/1000, Train Loss: 0.5048, Validation Loss: 2.8234
Epoch 269/1000, Train Loss: 0.4961, Validation Loss: 1.9155
Epoch 270/1000, Train Loss: 0.4980, Validation Loss: 2.0222
Epoch 271/1000, Train Loss: 0.4980, Validation Loss: 2.1047
Epoch 272/1000, Train Loss: 0.4910, Validation Loss: 2.0761
Epoch 273/1000, Train Loss: 0.4996, Validation Loss: 0.6721
Epoch 274/1000, Train Loss: 0.4987, Validation Loss: 0.8003
Epoch 275/1000, Train Loss: 0.4934, Validation Loss: 1.2944
Epoch 276/1000, Train Loss: 0.4925, Validation Loss: 0.4640
Epoch 277/1000, Train Loss: 0.4883, Validation Loss: 2.3364
Epoch 278/1000, Train Loss: 0.4973, Validation Loss: 2.5946
Epoch 279/1000, Train Loss: 0.5015, Validation Loss: 3.0317
Epoch 280/1000, Train Loss: 0.4936, Validation Loss: 1.0686
Epoch 281/1000, Train Loss: 0.4888, Validation Loss: 0.5667
Epoch 282/1000, Train Loss: 0.4853, Validation Loss: 3.1356
Epoch 283/1000, Train Loss: 0.5012, Validation Loss: 2.3765
Epoch 284/1000, Train Loss: 0.4881, Validation Loss: 0.6857
Epoch 285/1000, Train Loss: 0.4907, Validation Loss: 1.4289
Epoch 286/1000, Train Loss: 0.4896, Validation Loss: 2.2619
Epoch 287/1000, Train Loss: 0.4970, Validation Loss: 1.4508
Epoch 288/1000, Train Loss: 0.5009, Validation Loss: 2.2579
Epoch 289/1000, Train Loss: 0.4919, Validation Loss: 1.6231
Epoch 290/1000, Train Loss: 0.4894, Validation Loss: 0.6318
Epoch 291/1000, Train Loss: 0.4955, Validation Loss: 0.5726
Epoch 292/1000, Train Loss: 0.4923, Validation Loss: 0.8276
Epoch 293/1000, Train Loss: 0.4933, Validation Loss: 0.4414
Epoch 294/1000, Train Loss: 0.4987, Validation Loss: 1.1987
Epoch 295/1000, Train Loss: 0.4905, Validation Loss: 0.7369
Epoch 296/1000, Train Loss: 0.4942, Validation Loss: 3.0613
Epoch 297/1000, Train Loss: 0.4861, Validation Loss: 0.8327
Epoch 298/1000, Train Loss: 0.5038, Validation Loss: 1.3982
Epoch 299/1000, Train Loss: 0.4870, Validation Loss: 0.8091
Epoch 300/1000, Train Loss: 0.4863, Validation Loss: 0.7833
Epoch 301/1000, Train Loss: 0.4850, Validation Loss: 0.4849
Epoch 302/1000, Train Loss: 0.4974, Validation Loss: 4.2655
Epoch 303/1000, Train Loss: 0.4903, Validation Loss: 1.4178
Epoch 304/1000, Train Loss: 0.4907, Validation Loss: 0.6880
Epoch 305/1000, Train Loss: 0.4968, Validation Loss: 2.6011
Epoch 306/1000, Train Loss: 0.4908, Validation Loss: 0.8133
Epoch 307/1000, Train Loss: 0.4875, Validation Loss: 7.2411
Epoch 308/1000, Train Loss: 0.4810, Validation Loss: 1.2759
Epoch 309/1000, Train Loss: 0.5027, Validation Loss: 2.6681
Epoch 310/1000, Train Loss: 0.5035, Validation Loss: 1.3987
Epoch 311/1000, Train Loss: 0.4883, Validation Loss: 0.9429
Epoch 312/1000, Train Loss: 0.4883, Validation Loss: 1.5046
Epoch 313/1000, Train Loss: 0.4886, Validation Loss: 7.2794
Epoch 314/1000, Train Loss: 0.4832, Validation Loss: 0.9998
Epoch 315/1000, Train Loss: 0.4876, Validation Loss: 0.9318
Epoch 316/1000, Train Loss: 0.4928, Validation Loss: 0.8747
Epoch 317/1000, Train Loss: 0.4925, Validation Loss: 1.3240
Epoch 318/1000, Train Loss: 0.4894, Validation Loss: 4.7910
Epoch 319/1000, Train Loss: 0.4865, Validation Loss: 1.3557
Epoch 320/1000, Train Loss: 0.4855, Validation Loss: 0.7917
Epoch 321/1000, Train Loss: 0.4930, Validation Loss: 1.5162
Epoch 322/1000, Train Loss: 0.4909, Validation Loss: 0.5299
Epoch 323/1000, Train Loss: 0.4933, Validation Loss: 0.5047
Epoch 324/1000, Train Loss: 0.4890, Validation Loss: 1.3368
Epoch 325/1000, Train Loss: 0.4873, Validation Loss: 0.6127
Epoch 326/1000, Train Loss: 0.4878, Validation Loss: 0.4772
Epoch 327/1000, Train Loss: 0.4806, Validation Loss: 0.9549
Epoch 328/1000, Train Loss: 0.4945, Validation Loss: 0.6050
Epoch 329/1000, Train Loss: 0.4853, Validation Loss: 3.2313
Epoch 330/1000, Train Loss: 0.4921, Validation Loss: 1.5056
Epoch 331/1000, Train Loss: 0.4883, Validation Loss: 3.2410
Epoch 332/1000, Train Loss: 0.4995, Validation Loss: 1.7021
Epoch 333/1000, Train Loss: 0.4900, Validation Loss: 0.4347
Epoch 334/1000, Train Loss: 0.4833, Validation Loss: 1.3276
Epoch 335/1000, Train Loss: 0.4904, Validation Loss: 2.0219
Epoch 336/1000, Train Loss: 0.4999, Validation Loss: 4.0639
Epoch 337/1000, Train Loss: 0.4937, Validation Loss: 2.6753
Epoch 338/1000, Train Loss: 0.5004, Validation Loss: 3.7256
Epoch 339/1000, Train Loss: 0.4918, Validation Loss: 2.2864
Epoch 340/1000, Train Loss: 0.4869, Validation Loss: 1.4207
Epoch 341/1000, Train Loss: 0.4870, Validation Loss: 0.6811
Epoch 342/1000, Train Loss: 0.4811, Validation Loss: 0.7729
Epoch 343/1000, Train Loss: 0.4851, Validation Loss: 0.9853
Epoch 344/1000, Train Loss: 0.4786, Validation Loss: 0.9560
Epoch 345/1000, Train Loss: 0.4886, Validation Loss: 2.2750
Epoch 346/1000, Train Loss: 0.4899, Validation Loss: 1.0196
Epoch 347/1000, Train Loss: 0.4919, Validation Loss: 0.9937
Epoch 348/1000, Train Loss: 0.4911, Validation Loss: 0.6656
Epoch 349/1000, Train Loss: 0.4899, Validation Loss: 3.7083
Epoch 350/1000, Train Loss: 0.4924, Validation Loss: 1.1188
Epoch 351/1000, Train Loss: 0.4863, Validation Loss: 1.4295
Epoch 352/1000, Train Loss: 0.4839, Validation Loss: 0.6259
Epoch 353/1000, Train Loss: 0.4934, Validation Loss: 0.6674
Epoch 354/1000, Train Loss: 0.4923, Validation Loss: 0.4715
Epoch 355/1000, Train Loss: 0.4841, Validation Loss: 1.0181
Epoch 356/1000, Train Loss: 0.4848, Validation Loss: 1.8216
Epoch 357/1000, Train Loss: 0.5001, Validation Loss: 0.8309
Epoch 358/1000, Train Loss: 0.4872, Validation Loss: 0.6797
Epoch 359/1000, Train Loss: 0.4781, Validation Loss: 4.3589
Epoch 360/1000, Train Loss: 0.4872, Validation Loss: 1.7947
Epoch 361/1000, Train Loss: 0.4947, Validation Loss: 3.1709
Epoch 362/1000, Train Loss: 0.4816, Validation Loss: 1.0154
Epoch 363/1000, Train Loss: 0.4811, Validation Loss: 0.8403
Epoch 364/1000, Train Loss: 0.4805, Validation Loss: 0.9840
Epoch 365/1000, Train Loss: 0.4766, Validation Loss: 0.4808
Epoch 366/1000, Train Loss: 0.4792, Validation Loss: 0.6902
Epoch 367/1000, Train Loss: 0.4898, Validation Loss: 0.8736
Epoch 368/1000, Train Loss: 0.4820, Validation Loss: 1.1242
Epoch 369/1000, Train Loss: 0.4809, Validation Loss: 1.2195
Epoch 370/1000, Train Loss: 0.4869, Validation Loss: 2.7355
Epoch 371/1000, Train Loss: 0.4910, Validation Loss: 1.9210
Epoch 372/1000, Train Loss: 0.4856, Validation Loss: 2.9558
Epoch 373/1000, Train Loss: 0.4775, Validation Loss: 1.2727
Epoch 374/1000, Train Loss: 0.4807, Validation Loss: 0.7545
Epoch 375/1000, Train Loss: 0.4814, Validation Loss: 3.8411
Epoch 376/1000, Train Loss: 0.4885, Validation Loss: 1.1985
Epoch 377/1000, Train Loss: 0.4876, Validation Loss: 0.5343
Epoch 378/1000, Train Loss: 0.4806, Validation Loss: 5.7591
Epoch 379/1000, Train Loss: 0.4871, Validation Loss: 0.6535
Epoch 380/1000, Train Loss: 0.4801, Validation Loss: 2.7645
Epoch 381/1000, Train Loss: 0.4859, Validation Loss: 0.6457
Epoch 382/1000, Train Loss: 0.4849, Validation Loss: 1.4448
Epoch 383/1000, Train Loss: 0.4882, Validation Loss: 2.1632
Epoch 384/1000, Train Loss: 0.4858, Validation Loss: 0.9929
Epoch 385/1000, Train Loss: 0.4808, Validation Loss: 1.2963
Epoch 386/1000, Train Loss: 0.4829, Validation Loss: 1.5824
Epoch 387/1000, Train Loss: 0.4796, Validation Loss: 0.8799
Epoch 388/1000, Train Loss: 0.4938, Validation Loss: 0.5649
Epoch 389/1000, Train Loss: 0.4900, Validation Loss: 0.5162
Epoch 390/1000, Train Loss: 0.4778, Validation Loss: 0.9143
Epoch 391/1000, Train Loss: 0.4786, Validation Loss: 0.8389
Epoch 392/1000, Train Loss: 0.4857, Validation Loss: 0.4364
Epoch 393/1000, Train Loss: 0.4827, Validation Loss: 1.9677
Epoch 394/1000, Train Loss: 0.4834, Validation Loss: 0.7720
Epoch 395/1000, Train Loss: 0.4840, Validation Loss: 1.1292
Epoch 396/1000, Train Loss: 0.4894, Validation Loss: 0.7497
Epoch 397/1000, Train Loss: 0.4804, Validation Loss: 3.1980
Epoch 398/1000, Train Loss: 0.4828, Validation Loss: 0.6113
Epoch 399/1000, Train Loss: 0.4781, Validation Loss: 5.0697
Epoch 400/1000, Train Loss: 0.4845, Validation Loss: 0.6344
Epoch 401/1000, Train Loss: 0.4849, Validation Loss: 1.3415
Epoch 402/1000, Train Loss: 0.4864, Validation Loss: 4.5774
Epoch 403/1000, Train Loss: 0.4805, Validation Loss: 1.6982
Epoch 404/1000, Train Loss: 0.4890, Validation Loss: 0.7378
Epoch 405/1000, Train Loss: 0.4899, Validation Loss: 6.9078
Epoch 406/1000, Train Loss: 0.4776, Validation Loss: 0.8715
Epoch 407/1000, Train Loss: 0.4862, Validation Loss: 0.8211
Epoch 408/1000, Train Loss: 0.4842, Validation Loss: 3.1319
Epoch 409/1000, Train Loss: 0.4772, Validation Loss: 2.6230
Epoch 410/1000, Train Loss: 0.4755, Validation Loss: 0.5867
Epoch 411/1000, Train Loss: 0.4776, Validation Loss: 1.7450
Epoch 412/1000, Train Loss: 0.4779, Validation Loss: 2.4851
Epoch 413/1000, Train Loss: 0.4697, Validation Loss: 1.1105
Epoch 414/1000, Train Loss: 0.4829, Validation Loss: 8.1753
Epoch 415/1000, Train Loss: 0.4781, Validation Loss: 0.7838
Epoch 416/1000, Train Loss: 0.4906, Validation Loss: 1.0172
Epoch 417/1000, Train Loss: 0.4866, Validation Loss: 1.7708
Epoch 418/1000, Train Loss: 0.4778, Validation Loss: 0.5130
Epoch 419/1000, Train Loss: 0.4839, Validation Loss: 1.3670
Epoch 420/1000, Train Loss: 0.4818, Validation Loss: 0.5535
Epoch 421/1000, Train Loss: 0.4759, Validation Loss: 0.7886
Epoch 422/1000, Train Loss: 0.4858, Validation Loss: 1.6168
Epoch 423/1000, Train Loss: 0.4839, Validation Loss: 0.6260
Epoch 424/1000, Train Loss: 0.4853, Validation Loss: 2.4478
Epoch 425/1000, Train Loss: 0.4874, Validation Loss: 0.6829
Epoch 426/1000, Train Loss: 0.4822, Validation Loss: 0.4434
Epoch 427/1000, Train Loss: 0.4830, Validation Loss: 0.4730
Epoch 428/1000, Train Loss: 0.4838, Validation Loss: 0.8730
Epoch 429/1000, Train Loss: 0.4782, Validation Loss: 0.8266
Epoch 430/1000, Train Loss: 0.4782, Validation Loss: 6.0871
Epoch 431/1000, Train Loss: 0.4738, Validation Loss: 1.7784
Epoch 432/1000, Train Loss: 0.4787, Validation Loss: 0.8051
Epoch 433/1000, Train Loss: 0.4764, Validation Loss: 0.6084
Epoch 434/1000, Train Loss: 0.4872, Validation Loss: 3.6716
Epoch 435/1000, Train Loss: 0.4745, Validation Loss: 0.7021
Epoch 436/1000, Train Loss: 0.4820, Validation Loss: 0.5560
Epoch 437/1000, Train Loss: 0.4852, Validation Loss: 0.5333
Epoch 438/1000, Train Loss: 0.4780, Validation Loss: 0.9428
Epoch 439/1000, Train Loss: 0.4854, Validation Loss: 2.7292
Epoch 440/1000, Train Loss: 0.4847, Validation Loss: 1.9509
Epoch 441/1000, Train Loss: 0.4883, Validation Loss: 1.1344
Epoch 442/1000, Train Loss: 0.4760, Validation Loss: 0.6283
Epoch 443/1000, Train Loss: 0.4800, Validation Loss: 0.9740
Epoch 444/1000, Train Loss: 0.4750, Validation Loss: 1.2065
Epoch 445/1000, Train Loss: 0.4829, Validation Loss: 4.1981
Epoch 446/1000, Train Loss: 0.4843, Validation Loss: 0.9944
Epoch 447/1000, Train Loss: 0.4837, Validation Loss: 0.8751
Epoch 448/1000, Train Loss: 0.4828, Validation Loss: 0.9559
Epoch 449/1000, Train Loss: 0.4774, Validation Loss: 1.2420
Epoch 450/1000, Train Loss: 0.4749, Validation Loss: 0.5999
Epoch 451/1000, Train Loss: 0.4651, Validation Loss: 1.5426
Epoch 452/1000, Train Loss: 0.4835, Validation Loss: 0.5212
Epoch 453/1000, Train Loss: 0.4843, Validation Loss: 0.5696
Epoch 454/1000, Train Loss: 0.4740, Validation Loss: 0.6925
Epoch 455/1000, Train Loss: 0.4884, Validation Loss: 0.8040
Epoch 456/1000, Train Loss: 0.4742, Validation Loss: 3.3549
Epoch 457/1000, Train Loss: 0.4797, Validation Loss: 0.5580
Epoch 458/1000, Train Loss: 0.4866, Validation Loss: 0.7751
Epoch 459/1000, Train Loss: 0.4769, Validation Loss: 1.2025
Epoch 460/1000, Train Loss: 0.4780, Validation Loss: 0.7685
Epoch 461/1000, Train Loss: 0.4825, Validation Loss: 0.4446
Epoch 462/1000, Train Loss: 0.4783, Validation Loss: 0.9524
Epoch 463/1000, Train Loss: 0.4774, Validation Loss: 2.9330
Epoch 464/1000, Train Loss: 0.4731, Validation Loss: 3.1260
Epoch 465/1000, Train Loss: 0.4755, Validation Loss: 0.9796
Epoch 466/1000, Train Loss: 0.4766, Validation Loss: 0.9087
Epoch 467/1000, Train Loss: 0.4783, Validation Loss: 1.3610
Epoch 468/1000, Train Loss: 0.4790, Validation Loss: 0.7430
Epoch 469/1000, Train Loss: 0.4717, Validation Loss: 1.3543
Epoch 470/1000, Train Loss: 0.4742, Validation Loss: 1.4401
Epoch 471/1000, Train Loss: 0.4773, Validation Loss: 0.9897
Epoch 472/1000, Train Loss: 0.4744, Validation Loss: 0.8280
Epoch 473/1000, Train Loss: 0.4753, Validation Loss: 2.1698
Epoch 474/1000, Train Loss: 0.4789, Validation Loss: 0.9874
Epoch 475/1000, Train Loss: 0.4731, Validation Loss: 3.4698
Epoch 476/1000, Train Loss: 0.4768, Validation Loss: 2.2672
Epoch 477/1000, Train Loss: 0.4751, Validation Loss: 1.4725
Epoch 478/1000, Train Loss: 0.4791, Validation Loss: 3.5862
Epoch 479/1000, Train Loss: 0.4764, Validation Loss: 0.6271
Epoch 480/1000, Train Loss: 0.4875, Validation Loss: 2.0739
Epoch 481/1000, Train Loss: 0.4760, Validation Loss: 1.1635
Epoch 482/1000, Train Loss: 0.4717, Validation Loss: 2.2053
Epoch 483/1000, Train Loss: 0.4710, Validation Loss: 2.5676
Epoch 484/1000, Train Loss: 0.4796, Validation Loss: 0.7111
Epoch 485/1000, Train Loss: 0.4748, Validation Loss: 3.1051
Epoch 486/1000, Train Loss: 0.4766, Validation Loss: 0.6971
Epoch 487/1000, Train Loss: 0.4723, Validation Loss: 6.0264
Epoch 488/1000, Train Loss: 0.4802, Validation Loss: 3.1993
Epoch 489/1000, Train Loss: 0.4715, Validation Loss: 2.9540
Epoch 490/1000, Train Loss: 0.4769, Validation Loss: 3.7915
Epoch 491/1000, Train Loss: 0.4742, Validation Loss: 5.1108
Epoch 492/1000, Train Loss: 0.4750, Validation Loss: 1.0201
Epoch 493/1000, Train Loss: 0.4729, Validation Loss: 1.9386
Epoch 494/1000, Train Loss: 0.4802, Validation Loss: 0.9453
Epoch 495/1000, Train Loss: 0.4706, Validation Loss: 0.8360
Epoch 496/1000, Train Loss: 0.4767, Validation Loss: 2.7687
Epoch 497/1000, Train Loss: 0.4729, Validation Loss: 1.0748
Epoch 498/1000, Train Loss: 0.4923, Validation Loss: 0.9311
Epoch 499/1000, Train Loss: 0.4779, Validation Loss: 0.8857
Epoch 500/1000, Train Loss: 0.4784, Validation Loss: 0.4901
Epoch 501/1000, Train Loss: 0.4751, Validation Loss: 0.5298
Epoch 502/1000, Train Loss: 0.4778, Validation Loss: 2.7794
Epoch 503/1000, Train Loss: 0.4825, Validation Loss: 1.3973
Epoch 504/1000, Train Loss: 0.4749, Validation Loss: 0.6399
Epoch 505/1000, Train Loss: 0.4830, Validation Loss: 1.8368
Epoch 506/1000, Train Loss: 0.4748, Validation Loss: 0.6207
Epoch 507/1000, Train Loss: 0.4724, Validation Loss: 2.7933
Epoch 508/1000, Train Loss: 0.4802, Validation Loss: 0.9236
Epoch 509/1000, Train Loss: 0.4659, Validation Loss: 0.9444
Epoch 510/1000, Train Loss: 0.4738, Validation Loss: 0.6301
Epoch 511/1000, Train Loss: 0.4782, Validation Loss: 1.3614
Epoch 512/1000, Train Loss: 0.4776, Validation Loss: 0.6202
Epoch 513/1000, Train Loss: 0.4676, Validation Loss: 2.8765
Epoch 514/1000, Train Loss: 0.4838, Validation Loss: 0.4263
Epoch 515/1000, Train Loss: 0.4662, Validation Loss: 2.1915
Epoch 516/1000, Train Loss: 0.4792, Validation Loss: 0.7113
Epoch 517/1000, Train Loss: 0.4790, Validation Loss: 1.6266
Epoch 518/1000, Train Loss: 0.4716, Validation Loss: 0.7957
Epoch 519/1000, Train Loss: 0.4697, Validation Loss: 0.5495
Epoch 520/1000, Train Loss: 0.4653, Validation Loss: 0.4682
Epoch 521/1000, Train Loss: 0.4725, Validation Loss: 0.9292
Epoch 522/1000, Train Loss: 0.4715, Validation Loss: 0.9426
Epoch 523/1000, Train Loss: 0.4761, Validation Loss: 1.4259
Epoch 524/1000, Train Loss: 0.4760, Validation Loss: 3.5691
Epoch 525/1000, Train Loss: 0.4833, Validation Loss: 0.5848
Epoch 526/1000, Train Loss: 0.4729, Validation Loss: 2.5232
Epoch 527/1000, Train Loss: 0.4630, Validation Loss: 1.0039
Epoch 528/1000, Train Loss: 0.4722, Validation Loss: 1.5715
Epoch 529/1000, Train Loss: 0.4782, Validation Loss: 0.8977
Epoch 530/1000, Train Loss: 0.4806, Validation Loss: 0.9999
Epoch 531/1000, Train Loss: 0.4837, Validation Loss: 2.3583
Epoch 532/1000, Train Loss: 0.4712, Validation Loss: 0.6970
Epoch 533/1000, Train Loss: 0.4754, Validation Loss: 3.4122
Epoch 534/1000, Train Loss: 0.4799, Validation Loss: 0.7460
Epoch 535/1000, Train Loss: 0.4742, Validation Loss: 1.1584
Epoch 536/1000, Train Loss: 0.4765, Validation Loss: 2.0480
Epoch 537/1000, Train Loss: 0.4769, Validation Loss: 0.7997
Epoch 538/1000, Train Loss: 0.4675, Validation Loss: 4.5197
Epoch 539/1000, Train Loss: 0.4775, Validation Loss: 0.5864
Epoch 540/1000, Train Loss: 0.4764, Validation Loss: 2.7915
Epoch 541/1000, Train Loss: 0.4743, Validation Loss: 0.6695
Epoch 542/1000, Train Loss: 0.4712, Validation Loss: 0.9557
Epoch 543/1000, Train Loss: 0.4821, Validation Loss: 0.5672
Epoch 544/1000, Train Loss: 0.4667, Validation Loss: 1.0464
Epoch 545/1000, Train Loss: 0.4705, Validation Loss: 0.7068
Epoch 546/1000, Train Loss: 0.4738, Validation Loss: 2.5651
Epoch 547/1000, Train Loss: 0.4731, Validation Loss: 0.8778
Epoch 548/1000, Train Loss: 0.4750, Validation Loss: 2.5917
Epoch 549/1000, Train Loss: 0.4733, Validation Loss: 1.1011
Epoch 550/1000, Train Loss: 0.4741, Validation Loss: 0.8987
Epoch 551/1000, Train Loss: 0.4754, Validation Loss: 2.3788
Epoch 552/1000, Train Loss: 0.4815, Validation Loss: 0.5566
Epoch 553/1000, Train Loss: 0.4739, Validation Loss: 0.9923
Epoch 554/1000, Train Loss: 0.4767, Validation Loss: 0.6024
Epoch 555/1000, Train Loss: 0.4853, Validation Loss: 1.8460
Epoch 556/1000, Train Loss: 0.4692, Validation Loss: 3.9073
Epoch 557/1000, Train Loss: 0.4814, Validation Loss: 3.7383
Epoch 558/1000, Train Loss: 0.4722, Validation Loss: 1.7530
Epoch 559/1000, Train Loss: 0.4716, Validation Loss: 0.8855
Epoch 560/1000, Train Loss: 0.4755, Validation Loss: 0.8565
Epoch 561/1000, Train Loss: 0.4690, Validation Loss: 0.4399
Epoch 562/1000, Train Loss: 0.4719, Validation Loss: 0.5429
Epoch 563/1000, Train Loss: 0.4604, Validation Loss: 2.5128
Epoch 564/1000, Train Loss: 0.4759, Validation Loss: 1.1616
Epoch 565/1000, Train Loss: 0.4673, Validation Loss: 0.5329
Epoch 566/1000, Train Loss: 0.4737, Validation Loss: 2.4846
Epoch 567/1000, Train Loss: 0.4735, Validation Loss: 1.2335
Epoch 568/1000, Train Loss: 0.4672, Validation Loss: 3.2293
Epoch 569/1000, Train Loss: 0.4725, Validation Loss: 1.6915
Epoch 570/1000, Train Loss: 0.4723, Validation Loss: 0.6280
Epoch 571/1000, Train Loss: 0.4766, Validation Loss: 2.4982
Epoch 572/1000, Train Loss: 0.4645, Validation Loss: 0.9091
Epoch 573/1000, Train Loss: 0.4730, Validation Loss: 0.5949
Epoch 574/1000, Train Loss: 0.4710, Validation Loss: 1.0071
Epoch 575/1000, Train Loss: 0.4837, Validation Loss: 3.9952
Epoch 576/1000, Train Loss: 0.4715, Validation Loss: 5.0478
Epoch 577/1000, Train Loss: 0.4737, Validation Loss: 0.5162
Epoch 578/1000, Train Loss: 0.4804, Validation Loss: 0.6831
Epoch 579/1000, Train Loss: 0.4648, Validation Loss: 2.1076
Epoch 580/1000, Train Loss: 0.4775, Validation Loss: 0.4569
Epoch 581/1000, Train Loss: 0.4701, Validation Loss: 0.8472
Epoch 582/1000, Train Loss: 0.4660, Validation Loss: 0.6981
Epoch 583/1000, Train Loss: 0.4647, Validation Loss: 0.6616
Epoch 584/1000, Train Loss: 0.4733, Validation Loss: 1.0162
Epoch 585/1000, Train Loss: 0.4686, Validation Loss: 1.8548
Epoch 586/1000, Train Loss: 0.4681, Validation Loss: 2.6825
Epoch 587/1000, Train Loss: 0.4673, Validation Loss: 1.7291
Epoch 588/1000, Train Loss: 0.4687, Validation Loss: 0.7991
Epoch 589/1000, Train Loss: 0.4628, Validation Loss: 0.8334
Epoch 590/1000, Train Loss: 0.4702, Validation Loss: 0.6197
Epoch 591/1000, Train Loss: 0.4621, Validation Loss: 1.8493
Epoch 592/1000, Train Loss: 0.4700, Validation Loss: 0.9502
Epoch 593/1000, Train Loss: 0.4799, Validation Loss: 0.8875
Epoch 594/1000, Train Loss: 0.4668, Validation Loss: 0.5851
Epoch 595/1000, Train Loss: 0.4669, Validation Loss: 1.6332
Epoch 596/1000, Train Loss: 0.4754, Validation Loss: 0.9351
Epoch 597/1000, Train Loss: 0.4650, Validation Loss: 1.0146
Epoch 598/1000, Train Loss: 0.4594, Validation Loss: 0.7587
Epoch 599/1000, Train Loss: 0.4686, Validation Loss: 1.3567
Epoch 600/1000, Train Loss: 0.4701, Validation Loss: 1.5191
Epoch 601/1000, Train Loss: 0.4738, Validation Loss: 1.7761
Epoch 602/1000, Train Loss: 0.4689, Validation Loss: 1.3102
Epoch 603/1000, Train Loss: 0.4644, Validation Loss: 0.5017
Epoch 604/1000, Train Loss: 0.4752, Validation Loss: 3.1761
Epoch 605/1000, Train Loss: 0.4656, Validation Loss: 0.9800
Epoch 606/1000, Train Loss: 0.4744, Validation Loss: 1.0611
Epoch 607/1000, Train Loss: 0.4672, Validation Loss: 0.7626
Epoch 608/1000, Train Loss: 0.4686, Validation Loss: 0.5078
Epoch 609/1000, Train Loss: 0.4704, Validation Loss: 0.7048
Epoch 610/1000, Train Loss: 0.4725, Validation Loss: 0.6764
Epoch 611/1000, Train Loss: 0.4642, Validation Loss: 0.5748
Epoch 612/1000, Train Loss: 0.4729, Validation Loss: 2.2414
Epoch 613/1000, Train Loss: 0.4677, Validation Loss: 0.7002
Epoch 614/1000, Train Loss: 0.4783, Validation Loss: 1.8539
Epoch 615/1000, Train Loss: 0.4713, Validation Loss: 0.7106
Epoch 616/1000, Train Loss: 0.4695, Validation Loss: 0.7136
Epoch 617/1000, Train Loss: 0.4638, Validation Loss: 2.2155
Epoch 618/1000, Train Loss: 0.4735, Validation Loss: 2.3047
Epoch 619/1000, Train Loss: 0.4656, Validation Loss: 0.8663
Epoch 620/1000, Train Loss: 0.4713, Validation Loss: 1.1698
Epoch 621/1000, Train Loss: 0.4634, Validation Loss: 0.6484
Epoch 622/1000, Train Loss: 0.4700, Validation Loss: 0.4530
Epoch 623/1000, Train Loss: 0.4648, Validation Loss: 1.1348
Epoch 624/1000, Train Loss: 0.4688, Validation Loss: 2.1813
Epoch 625/1000, Train Loss: 0.4775, Validation Loss: 0.9862
Epoch 626/1000, Train Loss: 0.4688, Validation Loss: 3.1817
Epoch 627/1000, Train Loss: 0.4593, Validation Loss: 0.4558
Epoch 628/1000, Train Loss: 0.4715, Validation Loss: 6.1555
Epoch 629/1000, Train Loss: 0.4589, Validation Loss: 1.2700
Epoch 630/1000, Train Loss: 0.4786, Validation Loss: 1.4535
Epoch 631/1000, Train Loss: 0.4675, Validation Loss: 0.6956
Epoch 632/1000, Train Loss: 0.4689, Validation Loss: 0.4191
Epoch 633/1000, Train Loss: 0.4663, Validation Loss: 4.0320
Epoch 634/1000, Train Loss: 0.4626, Validation Loss: 0.4999
Epoch 635/1000, Train Loss: 0.4702, Validation Loss: 0.4790
Epoch 636/1000, Train Loss: 0.4677, Validation Loss: 0.5188
Epoch 637/1000, Train Loss: 0.4726, Validation Loss: 2.2740
Epoch 638/1000, Train Loss: 0.4668, Validation Loss: 0.6220
Epoch 639/1000, Train Loss: 0.4661, Validation Loss: 0.9077
Epoch 640/1000, Train Loss: 0.4695, Validation Loss: 3.4608
Epoch 641/1000, Train Loss: 0.4743, Validation Loss: 0.6224
Epoch 642/1000, Train Loss: 0.4642, Validation Loss: 1.7300
Epoch 643/1000, Train Loss: 0.4723, Validation Loss: 1.5919
Epoch 644/1000, Train Loss: 0.4687, Validation Loss: 0.5181
Epoch 645/1000, Train Loss: 0.4623, Validation Loss: 1.4228
Epoch 646/1000, Train Loss: 0.4689, Validation Loss: 0.4773
Epoch 647/1000, Train Loss: 0.4752, Validation Loss: 0.9149
Epoch 648/1000, Train Loss: 0.4625, Validation Loss: 0.5619
Epoch 649/1000, Train Loss: 0.4658, Validation Loss: 1.0271
Epoch 650/1000, Train Loss: 0.4671, Validation Loss: 1.2171
Epoch 651/1000, Train Loss: 0.4608, Validation Loss: 1.0101
Epoch 652/1000, Train Loss: 0.4682, Validation Loss: 1.4254
Epoch 653/1000, Train Loss: 0.4678, Validation Loss: 1.6997
Epoch 654/1000, Train Loss: 0.4680, Validation Loss: 1.2343
Epoch 655/1000, Train Loss: 0.4741, Validation Loss: 1.1687
Epoch 656/1000, Train Loss: 0.4651, Validation Loss: 0.7131
Epoch 657/1000, Train Loss: 0.4684, Validation Loss: 1.0049
Epoch 658/1000, Train Loss: 0.4689, Validation Loss: 0.4482
Epoch 659/1000, Train Loss: 0.4719, Validation Loss: 0.8701
Epoch 660/1000, Train Loss: 0.4634, Validation Loss: 0.6308
Epoch 661/1000, Train Loss: 0.4653, Validation Loss: 3.1567
Epoch 662/1000, Train Loss: 0.4638, Validation Loss: 0.7259
Epoch 663/1000, Train Loss: 0.4671, Validation Loss: 1.2690
Epoch 664/1000, Train Loss: 0.4717, Validation Loss: 0.7365
Epoch 665/1000, Train Loss: 0.4785, Validation Loss: 1.2397
Epoch 666/1000, Train Loss: 0.4700, Validation Loss: 1.1540
Epoch 667/1000, Train Loss: 0.4617, Validation Loss: 1.9129
Epoch 668/1000, Train Loss: 0.4668, Validation Loss: 3.0590
Epoch 669/1000, Train Loss: 0.4591, Validation Loss: 0.5024
Epoch 670/1000, Train Loss: 0.4651, Validation Loss: 1.8902
Epoch 671/1000, Train Loss: 0.4692, Validation Loss: 0.5563
Epoch 672/1000, Train Loss: 0.4772, Validation Loss: 0.9439
Epoch 673/1000, Train Loss: 0.4647, Validation Loss: 0.9003
Epoch 674/1000, Train Loss: 0.4700, Validation Loss: 2.2221
Epoch 675/1000, Train Loss: 0.4595, Validation Loss: 0.5653
Epoch 676/1000, Train Loss: 0.4859, Validation Loss: 1.0874
Epoch 677/1000, Train Loss: 0.4687, Validation Loss: 0.5307
Epoch 678/1000, Train Loss: 0.4744, Validation Loss: 2.8407
Epoch 679/1000, Train Loss: 0.4648, Validation Loss: 1.3710
Epoch 680/1000, Train Loss: 0.4703, Validation Loss: 0.4547
Epoch 681/1000, Train Loss: 0.4652, Validation Loss: 0.5561
Epoch 682/1000, Train Loss: 0.4672, Validation Loss: 1.6172
Epoch 683/1000, Train Loss: 0.4731, Validation Loss: 0.5259
Epoch 684/1000, Train Loss: 0.4681, Validation Loss: 1.3435
Epoch 685/1000, Train Loss: 0.4675, Validation Loss: 0.5469
Epoch 686/1000, Train Loss: 0.4691, Validation Loss: 1.6574
Epoch 687/1000, Train Loss: 0.4727, Validation Loss: 0.6750
Epoch 688/1000, Train Loss: 0.4607, Validation Loss: 1.0378
Epoch 689/1000, Train Loss: 0.4576, Validation Loss: 4.0351
Epoch 690/1000, Train Loss: 0.4576, Validation Loss: 0.8049
Epoch 691/1000, Train Loss: 0.4742, Validation Loss: 0.6658
Epoch 692/1000, Train Loss: 0.4653, Validation Loss: 1.2754
Epoch 693/1000, Train Loss: 0.4624, Validation Loss: 1.4133
Epoch 694/1000, Train Loss: 0.4710, Validation Loss: 1.0826
Epoch 695/1000, Train Loss: 0.4713, Validation Loss: 2.5315
Epoch 696/1000, Train Loss: 0.4736, Validation Loss: 2.4139
Epoch 697/1000, Train Loss: 0.4604, Validation Loss: 1.5354
Epoch 698/1000, Train Loss: 0.4621, Validation Loss: 0.7746
Epoch 699/1000, Train Loss: 0.4612, Validation Loss: 2.6449
Epoch 700/1000, Train Loss: 0.4689, Validation Loss: 0.5349
Epoch 701/1000, Train Loss: 0.4591, Validation Loss: 0.6343
Epoch 702/1000, Train Loss: 0.4627, Validation Loss: 1.6468
Epoch 703/1000, Train Loss: 0.4607, Validation Loss: 1.0752
Epoch 704/1000, Train Loss: 0.4588, Validation Loss: 0.7909
Epoch 705/1000, Train Loss: 0.4627, Validation Loss: 0.6970
Epoch 706/1000, Train Loss: 0.4622, Validation Loss: 0.5049
Epoch 707/1000, Train Loss: 0.4574, Validation Loss: 1.6202
Epoch 708/1000, Train Loss: 0.4640, Validation Loss: 0.7886
Epoch 709/1000, Train Loss: 0.4661, Validation Loss: 0.7226
Epoch 710/1000, Train Loss: 0.4761, Validation Loss: 2.2870
Epoch 711/1000, Train Loss: 0.4717, Validation Loss: 0.8590
Epoch 712/1000, Train Loss: 0.4641, Validation Loss: 0.6313
Epoch 713/1000, Train Loss: 0.4774, Validation Loss: 1.0807
Epoch 714/1000, Train Loss: 0.4705, Validation Loss: 1.9086
Epoch 715/1000, Train Loss: 0.4678, Validation Loss: 0.7182
Epoch 716/1000, Train Loss: 0.4714, Validation Loss: 1.7881
Epoch 717/1000, Train Loss: 0.4689, Validation Loss: 0.4793
Epoch 718/1000, Train Loss: 0.4748, Validation Loss: 0.4864
Epoch 719/1000, Train Loss: 0.4694, Validation Loss: 0.7418
Epoch 720/1000, Train Loss: 0.4619, Validation Loss: 2.8362
Epoch 721/1000, Train Loss: 0.4680, Validation Loss: 0.5088
Epoch 722/1000, Train Loss: 0.4625, Validation Loss: 0.5868
Epoch 723/1000, Train Loss: 0.4573, Validation Loss: 1.3618
Epoch 724/1000, Train Loss: 0.4619, Validation Loss: 0.5705
Epoch 725/1000, Train Loss: 0.4564, Validation Loss: 1.3862
Epoch 726/1000, Train Loss: 0.4565, Validation Loss: 1.3160
Epoch 727/1000, Train Loss: 0.4637, Validation Loss: 1.1212
Epoch 728/1000, Train Loss: 0.4578, Validation Loss: 2.2746
Epoch 729/1000, Train Loss: 0.4566, Validation Loss: 0.9304
Epoch 730/1000, Train Loss: 0.4522, Validation Loss: 1.1899
Epoch 731/1000, Train Loss: 0.4567, Validation Loss: 1.4891
Epoch 732/1000, Train Loss: 0.4662, Validation Loss: 0.7886
Epoch 733/1000, Train Loss: 0.4630, Validation Loss: 0.7311
Epoch 734/1000, Train Loss: 0.4645, Validation Loss: 2.7228
Epoch 735/1000, Train Loss: 0.4571, Validation Loss: 3.3332
Epoch 736/1000, Train Loss: 0.4614, Validation Loss: 2.8061
Epoch 737/1000, Train Loss: 0.4685, Validation Loss: 1.1806
Epoch 738/1000, Train Loss: 0.4655, Validation Loss: 0.8044
Epoch 739/1000, Train Loss: 0.4626, Validation Loss: 0.8483
Epoch 740/1000, Train Loss: 0.4668, Validation Loss: 0.8861
Epoch 741/1000, Train Loss: 0.4773, Validation Loss: 2.3013
Epoch 742/1000, Train Loss: 0.4666, Validation Loss: 1.7953
Epoch 743/1000, Train Loss: 0.4676, Validation Loss: 2.8525
Epoch 744/1000, Train Loss: 0.4616, Validation Loss: 0.7349
Epoch 745/1000, Train Loss: 0.4689, Validation Loss: 3.4075
Epoch 746/1000, Train Loss: 0.4616, Validation Loss: 1.2672
Epoch 747/1000, Train Loss: 0.4604, Validation Loss: 0.9392
Epoch 748/1000, Train Loss: 0.4639, Validation Loss: 0.4603
Epoch 749/1000, Train Loss: 0.4697, Validation Loss: 1.3171
Epoch 750/1000, Train Loss: 0.4612, Validation Loss: 1.1562
Epoch 751/1000, Train Loss: 0.4552, Validation Loss: 0.8969
Epoch 752/1000, Train Loss: 0.4692, Validation Loss: 0.8744
Epoch 753/1000, Train Loss: 0.4637, Validation Loss: 1.7300
Epoch 754/1000, Train Loss: 0.4641, Validation Loss: 0.7721
Epoch 755/1000, Train Loss: 0.4616, Validation Loss: 1.2873
Epoch 756/1000, Train Loss: 0.4719, Validation Loss: 0.8253
Epoch 757/1000, Train Loss: 0.4579, Validation Loss: 3.3386
Epoch 758/1000, Train Loss: 0.4584, Validation Loss: 0.9998
Epoch 759/1000, Train Loss: 0.4665, Validation Loss: 2.7805
Epoch 760/1000, Train Loss: 0.4602, Validation Loss: 0.6276
Epoch 761/1000, Train Loss: 0.4734, Validation Loss: 2.0763
Epoch 762/1000, Train Loss: 0.4629, Validation Loss: 4.8978
Epoch 763/1000, Train Loss: 0.4632, Validation Loss: 2.0222
Epoch 764/1000, Train Loss: 0.4711, Validation Loss: 1.4454
Epoch 765/1000, Train Loss: 0.4621, Validation Loss: 3.1794
Epoch 766/1000, Train Loss: 0.4568, Validation Loss: 2.8356
Epoch 767/1000, Train Loss: 0.4618, Validation Loss: 0.5711
Epoch 768/1000, Train Loss: 0.4605, Validation Loss: 2.6846
Epoch 769/1000, Train Loss: 0.4620, Validation Loss: 2.1481
Epoch 770/1000, Train Loss: 0.4646, Validation Loss: 0.6925
Epoch 771/1000, Train Loss: 0.4626, Validation Loss: 1.7320
Epoch 772/1000, Train Loss: 0.4562, Validation Loss: 4.6883
Epoch 773/1000, Train Loss: 0.4585, Validation Loss: 0.5606
Epoch 774/1000, Train Loss: 0.4549, Validation Loss: 1.1510
Epoch 775/1000, Train Loss: 0.4589, Validation Loss: 1.0533
Epoch 776/1000, Train Loss: 0.4747, Validation Loss: 0.7868
Epoch 777/1000, Train Loss: 0.4617, Validation Loss: 3.2829
Epoch 778/1000, Train Loss: 0.4621, Validation Loss: 1.8987
Epoch 779/1000, Train Loss: 0.4627, Validation Loss: 1.4889
Epoch 780/1000, Train Loss: 0.4609, Validation Loss: 1.1537
Epoch 781/1000, Train Loss: 0.4569, Validation Loss: 0.9390
Epoch 782/1000, Train Loss: 0.4651, Validation Loss: 0.8996
Epoch 783/1000, Train Loss: 0.4646, Validation Loss: 2.8833
Epoch 784/1000, Train Loss: 0.4578, Validation Loss: 3.5567
Epoch 785/1000, Train Loss: 0.4599, Validation Loss: 5.4370
Epoch 786/1000, Train Loss: 0.4665, Validation Loss: 5.5661
Epoch 787/1000, Train Loss: 0.4659, Validation Loss: 6.3442
Epoch 788/1000, Train Loss: 0.4653, Validation Loss: 1.1091
Epoch 789/1000, Train Loss: 0.4711, Validation Loss: 1.4692
Epoch 790/1000, Train Loss: 0.4555, Validation Loss: 2.2642
Epoch 791/1000, Train Loss: 0.4694, Validation Loss: 1.0767
Epoch 792/1000, Train Loss: 0.4680, Validation Loss: 3.4116
Epoch 793/1000, Train Loss: 0.4588, Validation Loss: 1.8157
Epoch 794/1000, Train Loss: 0.4621, Validation Loss: 0.6950
Epoch 795/1000, Train Loss: 0.4650, Validation Loss: 2.5539
Epoch 796/1000, Train Loss: 0.4643, Validation Loss: 0.7422
Epoch 797/1000, Train Loss: 0.4576, Validation Loss: 1.3635
Epoch 798/1000, Train Loss: 0.4757, Validation Loss: 0.7527
Epoch 799/1000, Train Loss: 0.4560, Validation Loss: 0.6359
Epoch 800/1000, Train Loss: 0.4682, Validation Loss: 1.9943
Epoch 801/1000, Train Loss: 0.4702, Validation Loss: 1.3305
Epoch 802/1000, Train Loss: 0.4751, Validation Loss: 1.9848
Epoch 803/1000, Train Loss: 0.4672, Validation Loss: 0.8844
Epoch 804/1000, Train Loss: 0.4638, Validation Loss: 0.5230
Epoch 805/1000, Train Loss: 0.4573, Validation Loss: 0.8552
Epoch 806/1000, Train Loss: 0.4668, Validation Loss: 2.0361
Epoch 807/1000, Train Loss: 0.4603, Validation Loss: 0.7131
Epoch 808/1000, Train Loss: 0.4659, Validation Loss: 3.5740
Epoch 809/1000, Train Loss: 0.4601, Validation Loss: 0.7228
Epoch 810/1000, Train Loss: 0.4594, Validation Loss: 1.0491
Epoch 811/1000, Train Loss: 0.4598, Validation Loss: 1.6191
Epoch 812/1000, Train Loss: 0.4613, Validation Loss: 2.5886
Epoch 813/1000, Train Loss: 0.4550, Validation Loss: 0.5512
Epoch 814/1000, Train Loss: 0.4595, Validation Loss: 1.5971
Epoch 815/1000, Train Loss: 0.4684, Validation Loss: 0.8125
Epoch 816/1000, Train Loss: 0.4575, Validation Loss: 2.2539
Epoch 817/1000, Train Loss: 0.4573, Validation Loss: 6.1915
Epoch 818/1000, Train Loss: 0.4629, Validation Loss: 1.7288
Epoch 819/1000, Train Loss: 0.4623, Validation Loss: 0.7594
Epoch 820/1000, Train Loss: 0.4613, Validation Loss: 0.8487
Epoch 821/1000, Train Loss: 0.4620, Validation Loss: 1.3499
Epoch 822/1000, Train Loss: 0.4568, Validation Loss: 0.6528
Epoch 823/1000, Train Loss: 0.4631, Validation Loss: 2.0107
Epoch 824/1000, Train Loss: 0.4689, Validation Loss: 1.9256
Epoch 825/1000, Train Loss: 0.4601, Validation Loss: 0.9288
Epoch 826/1000, Train Loss: 0.4623, Validation Loss: 3.1716
Epoch 827/1000, Train Loss: 0.4649, Validation Loss: 0.7194
Epoch 828/1000, Train Loss: 0.4557, Validation Loss: 2.5437
Epoch 829/1000, Train Loss: 0.4617, Validation Loss: 0.5192
Epoch 830/1000, Train Loss: 0.4589, Validation Loss: 1.2773
Epoch 831/1000, Train Loss: 0.4550, Validation Loss: 0.7936
Epoch 832/1000, Train Loss: 0.4625, Validation Loss: 1.1842
Epoch 833/1000, Train Loss: 0.4603, Validation Loss: 0.7100
Epoch 834/1000, Train Loss: 0.4680, Validation Loss: 0.9385
Epoch 835/1000, Train Loss: 0.4529, Validation Loss: 0.4456
Epoch 836/1000, Train Loss: 0.4616, Validation Loss: 0.9713
Epoch 837/1000, Train Loss: 0.4638, Validation Loss: 3.0773
Epoch 838/1000, Train Loss: 0.4583, Validation Loss: 4.1191
Epoch 839/1000, Train Loss: 0.4557, Validation Loss: 2.7278
Epoch 840/1000, Train Loss: 0.4696, Validation Loss: 0.9962
Epoch 841/1000, Train Loss: 0.4753, Validation Loss: 1.2100
Epoch 842/1000, Train Loss: 0.4628, Validation Loss: 0.8755
Epoch 843/1000, Train Loss: 0.4649, Validation Loss: 0.5692
Epoch 844/1000, Train Loss: 0.4534, Validation Loss: 2.3964
Epoch 845/1000, Train Loss: 0.4665, Validation Loss: 0.5244
Epoch 846/1000, Train Loss: 0.4602, Validation Loss: 1.3368
Epoch 847/1000, Train Loss: 0.4667, Validation Loss: 0.7032
Epoch 848/1000, Train Loss: 0.4576, Validation Loss: 2.7587
Epoch 849/1000, Train Loss: 0.4631, Validation Loss: 0.9414
Epoch 850/1000, Train Loss: 0.4692, Validation Loss: 0.5588
Epoch 851/1000, Train Loss: 0.4552, Validation Loss: 1.6323
Epoch 852/1000, Train Loss: 0.4531, Validation Loss: 0.8726
Epoch 853/1000, Train Loss: 0.4587, Validation Loss: 3.0203
Epoch 854/1000, Train Loss: 0.4691, Validation Loss: 0.9695
Epoch 855/1000, Train Loss: 0.4542, Validation Loss: 0.4705
Epoch 856/1000, Train Loss: 0.4623, Validation Loss: 1.1462
Epoch 857/1000, Train Loss: 0.4605, Validation Loss: 3.6730
Epoch 858/1000, Train Loss: 0.4621, Validation Loss: 1.3811
Epoch 859/1000, Train Loss: 0.4581, Validation Loss: 0.4666
Epoch 860/1000, Train Loss: 0.4532, Validation Loss: 0.5795
Epoch 861/1000, Train Loss: 0.4640, Validation Loss: 0.5225
Epoch 862/1000, Train Loss: 0.4532, Validation Loss: 0.9112
Epoch 863/1000, Train Loss: 0.4578, Validation Loss: 1.7921
Epoch 864/1000, Train Loss: 0.4528, Validation Loss: 1.2089
Epoch 865/1000, Train Loss: 0.4597, Validation Loss: 0.6074
Epoch 866/1000, Train Loss: 0.4589, Validation Loss: 1.0331
Epoch 867/1000, Train Loss: 0.4566, Validation Loss: 1.7120
Epoch 868/1000, Train Loss: 0.4688, Validation Loss: 1.4435
Epoch 869/1000, Train Loss: 0.4703, Validation Loss: 2.4410
Epoch 870/1000, Train Loss: 0.4597, Validation Loss: 2.7115
Epoch 871/1000, Train Loss: 0.4634, Validation Loss: 1.9400
Epoch 872/1000, Train Loss: 0.4596, Validation Loss: 2.3849
Epoch 873/1000, Train Loss: 0.4581, Validation Loss: 0.9881
Epoch 874/1000, Train Loss: 0.4578, Validation Loss: 3.5380
Epoch 875/1000, Train Loss: 0.4630, Validation Loss: 1.1225
Epoch 876/1000, Train Loss: 0.4606, Validation Loss: 0.4766
Epoch 877/1000, Train Loss: 0.4600, Validation Loss: 1.4152
Epoch 878/1000, Train Loss: 0.4548, Validation Loss: 1.4398
Epoch 879/1000, Train Loss: 0.4539, Validation Loss: 1.3379
Epoch 880/1000, Train Loss: 0.4644, Validation Loss: 2.5293
Epoch 881/1000, Train Loss: 0.4608, Validation Loss: 1.2005
Epoch 882/1000, Train Loss: 0.4579, Validation Loss: 0.4641
Epoch 883/1000, Train Loss: 0.4680, Validation Loss: 0.5909
Epoch 884/1000, Train Loss: 0.4528, Validation Loss: 4.2291
Epoch 885/1000, Train Loss: 0.4600, Validation Loss: 2.1261
Epoch 886/1000, Train Loss: 0.4627, Validation Loss: 1.6146
Epoch 887/1000, Train Loss: 0.4645, Validation Loss: 3.9260
Epoch 888/1000, Train Loss: 0.4521, Validation Loss: 1.1000
Epoch 889/1000, Train Loss: 0.4657, Validation Loss: 0.9329
Epoch 890/1000, Train Loss: 0.4629, Validation Loss: 1.2950
Epoch 891/1000, Train Loss: 0.4646, Validation Loss: 2.4378
Epoch 892/1000, Train Loss: 0.4639, Validation Loss: 1.1297
Epoch 893/1000, Train Loss: 0.4658, Validation Loss: 1.3648
Epoch 894/1000, Train Loss: 0.4595, Validation Loss: 1.5975
Epoch 895/1000, Train Loss: 0.4607, Validation Loss: 1.6571
Epoch 896/1000, Train Loss: 0.4582, Validation Loss: 2.1965
Epoch 897/1000, Train Loss: 0.4525, Validation Loss: 0.7875
Epoch 898/1000, Train Loss: 0.4586, Validation Loss: 0.6274
Epoch 899/1000, Train Loss: 0.4581, Validation Loss: 0.6433
Epoch 900/1000, Train Loss: 0.4593, Validation Loss: 0.8141
Epoch 901/1000, Train Loss: 0.4644, Validation Loss: 1.9324
Epoch 902/1000, Train Loss: 0.4623, Validation Loss: 1.9112
Epoch 903/1000, Train Loss: 0.4532, Validation Loss: 1.1245
Epoch 904/1000, Train Loss: 0.4584, Validation Loss: 1.9562
Epoch 905/1000, Train Loss: 0.4598, Validation Loss: 2.2258
Epoch 906/1000, Train Loss: 0.4561, Validation Loss: 0.4394
Epoch 907/1000, Train Loss: 0.4531, Validation Loss: 4.0832
Epoch 908/1000, Train Loss: 0.4589, Validation Loss: 1.3000
Epoch 909/1000, Train Loss: 0.4606, Validation Loss: 0.8919
Epoch 910/1000, Train Loss: 0.4536, Validation Loss: 0.8560
Epoch 911/1000, Train Loss: 0.4527, Validation Loss: 3.6166
Epoch 912/1000, Train Loss: 0.4650, Validation Loss: 2.6586
Epoch 913/1000, Train Loss: 0.4550, Validation Loss: 1.2945
Epoch 914/1000, Train Loss: 0.4595, Validation Loss: 3.9583
Epoch 915/1000, Train Loss: 0.4622, Validation Loss: 0.6991
Epoch 916/1000, Train Loss: 0.4522, Validation Loss: 1.3793
Epoch 917/1000, Train Loss: 0.4653, Validation Loss: 3.1575
Epoch 918/1000, Train Loss: 0.4654, Validation Loss: 0.5982
Epoch 919/1000, Train Loss: 0.4650, Validation Loss: 1.2697
Epoch 920/1000, Train Loss: 0.4597, Validation Loss: 1.2125
Epoch 921/1000, Train Loss: 0.4540, Validation Loss: 0.7624
Epoch 922/1000, Train Loss: 0.4677, Validation Loss: 1.0110
Epoch 923/1000, Train Loss: 0.4588, Validation Loss: 1.6044
Epoch 924/1000, Train Loss: 0.4576, Validation Loss: 0.8598
Epoch 925/1000, Train Loss: 0.4601, Validation Loss: 1.7635
Epoch 926/1000, Train Loss: 0.4548, Validation Loss: 0.8071
Epoch 927/1000, Train Loss: 0.4641, Validation Loss: 0.8119
Epoch 928/1000, Train Loss: 0.4610, Validation Loss: 2.1572
Epoch 929/1000, Train Loss: 0.4693, Validation Loss: 0.4551
Epoch 930/1000, Train Loss: 0.4697, Validation Loss: 1.4898
Epoch 931/1000, Train Loss: 0.4587, Validation Loss: 2.1710
Epoch 932/1000, Train Loss: 0.4621, Validation Loss: 1.0205
Epoch 933/1000, Train Loss: 0.4665, Validation Loss: 3.6718
Epoch 934/1000, Train Loss: 0.4588, Validation Loss: 2.4652
Epoch 935/1000, Train Loss: 0.4521, Validation Loss: 3.0662
Epoch 936/1000, Train Loss: 0.4503, Validation Loss: 3.9836
Epoch 937/1000, Train Loss: 0.4555, Validation Loss: 1.1352
Epoch 938/1000, Train Loss: 0.4604, Validation Loss: 0.6406
Epoch 939/1000, Train Loss: 0.4624, Validation Loss: 1.4416
Epoch 940/1000, Train Loss: 0.4612, Validation Loss: 0.5800
Epoch 941/1000, Train Loss: 0.4600, Validation Loss: 0.9564
Epoch 942/1000, Train Loss: 0.4582, Validation Loss: 0.8961
Epoch 943/1000, Train Loss: 0.4531, Validation Loss: 5.3161
Epoch 944/1000, Train Loss: 0.4607, Validation Loss: 0.7334
Epoch 945/1000, Train Loss: 0.4506, Validation Loss: 0.6618
Epoch 946/1000, Train Loss: 0.4610, Validation Loss: 0.5370
Epoch 947/1000, Train Loss: 0.4604, Validation Loss: 0.8443
Epoch 948/1000, Train Loss: 0.4558, Validation Loss: 1.3693
Epoch 949/1000, Train Loss: 0.4659, Validation Loss: 0.6279
Epoch 950/1000, Train Loss: 0.4525, Validation Loss: 2.0146
Epoch 951/1000, Train Loss: 0.4560, Validation Loss: 1.4872
Epoch 952/1000, Train Loss: 0.4586, Validation Loss: 1.3875
Epoch 953/1000, Train Loss: 0.4531, Validation Loss: 0.7888
Epoch 954/1000, Train Loss: 0.4563, Validation Loss: 0.6220
Epoch 955/1000, Train Loss: 0.4584, Validation Loss: 0.6595
Epoch 956/1000, Train Loss: 0.4592, Validation Loss: 3.2031
Epoch 957/1000, Train Loss: 0.4638, Validation Loss: 2.2980
Epoch 958/1000, Train Loss: 0.4586, Validation Loss: 4.0210
Epoch 959/1000, Train Loss: 0.4562, Validation Loss: 1.2087
Epoch 960/1000, Train Loss: 0.4578, Validation Loss: 2.4476
Epoch 961/1000, Train Loss: 0.4589, Validation Loss: 0.5616
Epoch 962/1000, Train Loss: 0.4589, Validation Loss: 0.6310
Epoch 963/1000, Train Loss: 0.4648, Validation Loss: 1.4644
Epoch 964/1000, Train Loss: 0.4596, Validation Loss: 0.7234
Epoch 965/1000, Train Loss: 0.4639, Validation Loss: 0.9377
Epoch 966/1000, Train Loss: 0.4626, Validation Loss: 0.6910
Epoch 967/1000, Train Loss: 0.4714, Validation Loss: 1.4798
Epoch 968/1000, Train Loss: 0.4477, Validation Loss: 0.8119
Epoch 969/1000, Train Loss: 0.4537, Validation Loss: 0.7346
Epoch 970/1000, Train Loss: 0.4606, Validation Loss: 2.4020
Epoch 971/1000, Train Loss: 0.4661, Validation Loss: 0.7149
Epoch 972/1000, Train Loss: 0.4638, Validation Loss: 0.7157
Epoch 973/1000, Train Loss: 0.4642, Validation Loss: 0.8767
Epoch 974/1000, Train Loss: 0.4658, Validation Loss: 3.9639
Epoch 975/1000, Train Loss: 0.4633, Validation Loss: 0.7142
Epoch 976/1000, Train Loss: 0.4564, Validation Loss: 0.8613
Epoch 977/1000, Train Loss: 0.4601, Validation Loss: 0.5140
Epoch 978/1000, Train Loss: 0.4604, Validation Loss: 0.4996
Epoch 979/1000, Train Loss: 0.4564, Validation Loss: 1.1515
Epoch 980/1000, Train Loss: 0.4641, Validation Loss: 2.8324
Epoch 981/1000, Train Loss: 0.4576, Validation Loss: 3.1826
Epoch 982/1000, Train Loss: 0.4540, Validation Loss: 0.7034
Epoch 983/1000, Train Loss: 0.4668, Validation Loss: 1.1920
Epoch 984/1000, Train Loss: 0.4629, Validation Loss: 3.8164
Epoch 985/1000, Train Loss: 0.4522, Validation Loss: 2.4543
Epoch 986/1000, Train Loss: 0.4603, Validation Loss: 0.5078
Epoch 987/1000, Train Loss: 0.4491, Validation Loss: 0.6604
Epoch 988/1000, Train Loss: 0.4650, Validation Loss: 1.6749
Epoch 989/1000, Train Loss: 0.4591, Validation Loss: 0.7378
Epoch 990/1000, Train Loss: 0.4601, Validation Loss: 0.5620
Epoch 991/1000, Train Loss: 0.4593, Validation Loss: 1.3301
Epoch 992/1000, Train Loss: 0.4565, Validation Loss: 0.8633
Epoch 993/1000, Train Loss: 0.4598, Validation Loss: 2.1537
Epoch 994/1000, Train Loss: 0.4527, Validation Loss: 0.9257
Epoch 995/1000, Train Loss: 0.4599, Validation Loss: 0.8821
Epoch 996/1000, Train Loss: 0.4573, Validation Loss: 1.9685
Epoch 997/1000, Train Loss: 0.4557, Validation Loss: 0.8499
Epoch 998/1000, Train Loss: 0.4585, Validation Loss: 1.5273
Epoch 999/1000, Train Loss: 0.4583, Validation Loss: 0.5312
Epoch 1000/1000, Train Loss: 0.4583, Validation Loss: 0.5896
Best Training Loss: 0.4477
Best Training Loss Epoch: 968
Best Validation Loss: 0.4191
Best Validation Loss Epoch: 632
Time taken for training: 0-16:57:00
Test Loss: 0.4339
Test MAPE: 24090.4922%
Error Statistics:
count    4.127200e+04
mean     7.504799e+02
std      2.936732e+04
min      4.649162e-06
25%      1.421593e-01
50%      1.476261e+00
75%      2.011913e+01
max      5.519188e+06
Name: Absolute Error, dtype: float64
Training complete. Final model saved.
Saving model as a wandb Artifact...
Model artifact logged successfully.
[1;34mwandb[0m: 
[1;34mwandb[0m: 🚀 View run [33mclear-sweep-59[0m at: [34mhttps://wandb.ai/mk8737-new-york-university/rl_pretrain_hp_sweeps/runs/5k9k735b[0m
[1;34mwandb[0m: Find logs at: [1;35mwandb/run-20251006_144000-5k9k735b/logs[0m
Agent finished.
