Waiting for sweep ID...
Found Sweep ID: be12np04
Starting wandb agent for sweep be12np04...
TRAINING DEVICE: cpu
Run Name: GCN_global_hp_sweep_be12np04-xd47z7jz
finidhed preparing data
Loading dataset from pretrain_dataset_12.5k_fixed_duplicates.pkl
Loaded 412712 data objects.
finished preparing data
Epoch 1/1000, Train Loss: 70.8065, Validation Loss: 2.3134
Epoch 2/1000, Train Loss: 2.9060, Validation Loss: 2.8797
Epoch 3/1000, Train Loss: 2.3701, Validation Loss: 1.8337
Epoch 4/1000, Train Loss: 1.9794, Validation Loss: 3.5697
Epoch 5/1000, Train Loss: 1.6432, Validation Loss: 1.6167
Epoch 6/1000, Train Loss: 1.5812, Validation Loss: 1.7752
Epoch 7/1000, Train Loss: 1.4949, Validation Loss: 1.3856
Epoch 8/1000, Train Loss: 1.8150, Validation Loss: 1.8848
Epoch 9/1000, Train Loss: 1.4403, Validation Loss: 2.0057
Epoch 10/1000, Train Loss: 2.4626, Validation Loss: 1.3858
Epoch 11/1000, Train Loss: 1.3340, Validation Loss: 2.3080
Epoch 12/1000, Train Loss: 13.7047, Validation Loss: 2.7591
Epoch 13/1000, Train Loss: 1.4238, Validation Loss: 2.7161
Epoch 14/1000, Train Loss: 1.3257, Validation Loss: 2.9465
Epoch 15/1000, Train Loss: 1.4856, Validation Loss: 1.6096
Epoch 16/1000, Train Loss: 1.3121, Validation Loss: 2.6375
Epoch 17/1000, Train Loss: 3.2191, Validation Loss: 2.1494
Epoch 18/1000, Train Loss: 94.9402, Validation Loss: 1.5487
Epoch 19/1000, Train Loss: 2758.5511, Validation Loss: 1.2263
Epoch 20/1000, Train Loss: 1.3042, Validation Loss: 1.5150
Epoch 21/1000, Train Loss: 12.9003, Validation Loss: 1.5399
Epoch 22/1000, Train Loss: 1.2852, Validation Loss: 1.6849
Epoch 23/1000, Train Loss: 113.5378, Validation Loss: 0.9500
Epoch 24/1000, Train Loss: 1.2498, Validation Loss: 1.6557
Epoch 25/1000, Train Loss: 1.1872, Validation Loss: 1.1812
Epoch 26/1000, Train Loss: 5.4960, Validation Loss: 1.5508
Epoch 27/1000, Train Loss: 1.1311, Validation Loss: 1.9730
Epoch 28/1000, Train Loss: 2.1811, Validation Loss: 1.1630
Epoch 29/1000, Train Loss: 1.3095, Validation Loss: 1.3436
Epoch 30/1000, Train Loss: 382.2001, Validation Loss: 1.0634
Epoch 31/1000, Train Loss: 1.3058, Validation Loss: 1.3308
Epoch 32/1000, Train Loss: 1.3453, Validation Loss: 1.6505
Epoch 33/1000, Train Loss: 1.1904, Validation Loss: 1.1152
Epoch 34/1000, Train Loss: 4.2878, Validation Loss: 1.3542
Epoch 35/1000, Train Loss: 11.6981, Validation Loss: 981.4559
Epoch 36/1000, Train Loss: 389.6278, Validation Loss: 2.4527
Epoch 37/1000, Train Loss: 1.2403, Validation Loss: 2.1054
Epoch 38/1000, Train Loss: 1.1692, Validation Loss: 1.2277
Epoch 39/1000, Train Loss: 218.7071, Validation Loss: 8.7529
Epoch 40/1000, Train Loss: 1.3458, Validation Loss: 1.7483
Epoch 41/1000, Train Loss: 1.1357, Validation Loss: 1.4507
Epoch 42/1000, Train Loss: 1.3843, Validation Loss: 1.5361
Epoch 43/1000, Train Loss: 1.3682, Validation Loss: 1.1240
Epoch 44/1000, Train Loss: 1.2521, Validation Loss: 0.9156
Epoch 45/1000, Train Loss: 5074.3432, Validation Loss: 1.9319
Epoch 46/1000, Train Loss: 1.3956, Validation Loss: 1.0869
Epoch 47/1000, Train Loss: 1.1740, Validation Loss: 1.0614
Epoch 48/1000, Train Loss: 1.1908, Validation Loss: 1.2038
Epoch 49/1000, Train Loss: 1.0615, Validation Loss: 1.5653
Epoch 50/1000, Train Loss: 4.9501, Validation Loss: 6.2246
Epoch 51/1000, Train Loss: 7.2861, Validation Loss: 6.5554
Epoch 52/1000, Train Loss: 7.6104, Validation Loss: 6.0736
Epoch 53/1000, Train Loss: 6.2827, Validation Loss: 6.4130
Epoch 54/1000, Train Loss: 55.3542, Validation Loss: 6.1422
Epoch 55/1000, Train Loss: 6.7747, Validation Loss: 6.4408
Epoch 56/1000, Train Loss: 2250.4493, Validation Loss: 6.4614
Epoch 57/1000, Train Loss: 6.2536, Validation Loss: 6.0809
Epoch 58/1000, Train Loss: 203.9259, Validation Loss: 6.0770
Epoch 59/1000, Train Loss: 6.2647, Validation Loss: 6.0566
Epoch 60/1000, Train Loss: 6.2884, Validation Loss: 6.1108
Epoch 61/1000, Train Loss: 19.6935, Validation Loss: 6.1927
Epoch 62/1000, Train Loss: 6.2478, Validation Loss: 6.0815
Epoch 63/1000, Train Loss: 6.4818, Validation Loss: 6.0593
Epoch 64/1000, Train Loss: 6.4073, Validation Loss: 6.0595
Epoch 65/1000, Train Loss: 199.3517, Validation Loss: 6.1677
Epoch 66/1000, Train Loss: 7.1815, Validation Loss: 6.0623
Epoch 67/1000, Train Loss: 46.3488, Validation Loss: 6.3157
Epoch 68/1000, Train Loss: 697.9960, Validation Loss: 6.2829
Epoch 69/1000, Train Loss: 8.7406, Validation Loss: 6.0589
Epoch 70/1000, Train Loss: 141.0786, Validation Loss: 6.2011
Epoch 71/1000, Train Loss: 7.1317, Validation Loss: 6.0710
Epoch 72/1000, Train Loss: 7.6904, Validation Loss: 6.0862
Epoch 73/1000, Train Loss: 39.9610, Validation Loss: 6.0750
Epoch 74/1000, Train Loss: 6.2832, Validation Loss: 6.0926
Epoch 75/1000, Train Loss: 6.8777, Validation Loss: 6.0700
Epoch 76/1000, Train Loss: 9.8071, Validation Loss: 6.2028
Epoch 77/1000, Train Loss: 7.3265, Validation Loss: 6.1951
Epoch 78/1000, Train Loss: 69099.5901, Validation Loss: 6.2959
Epoch 79/1000, Train Loss: 6.2927, Validation Loss: 6.3816
Epoch 80/1000, Train Loss: 27.7776, Validation Loss: 6.0618
Epoch 81/1000, Train Loss: 9.3468, Validation Loss: 6.5397
Epoch 82/1000, Train Loss: 6.3137, Validation Loss: 6.0724
Epoch 83/1000, Train Loss: 601.9406, Validation Loss: 6.2024
Epoch 84/1000, Train Loss: 9.9659, Validation Loss: 7.6388
Epoch 85/1000, Train Loss: 39.2991, Validation Loss: 6.7736
Epoch 86/1000, Train Loss: 6.9979, Validation Loss: 6.0582
Epoch 87/1000, Train Loss: 23.3761, Validation Loss: 6.0599
Epoch 88/1000, Train Loss: 6.2512, Validation Loss: 6.0816
Epoch 89/1000, Train Loss: 9.9691, Validation Loss: 6.1354
Epoch 90/1000, Train Loss: 7.1177, Validation Loss: 6.7955
Epoch 91/1000, Train Loss: 121.6916, Validation Loss: 6.1171
Epoch 92/1000, Train Loss: 26.2649, Validation Loss: 6.1586
Epoch 93/1000, Train Loss: 6.2777, Validation Loss: 6.1956
Epoch 94/1000, Train Loss: 11.7805, Validation Loss: 6.5838
Epoch 95/1000, Train Loss: 40.3107, Validation Loss: 6.1432
Epoch 96/1000, Train Loss: 2339.2481, Validation Loss: 6.0981
Epoch 97/1000, Train Loss: 6.5567, Validation Loss: 6.3233
Epoch 98/1000, Train Loss: 11.7727, Validation Loss: 6.0564
Epoch 99/1000, Train Loss: 30.6450, Validation Loss: 6.6039
Epoch 100/1000, Train Loss: 44.2770, Validation Loss: 6.1136
Epoch 101/1000, Train Loss: 6.2732, Validation Loss: 6.0702
Epoch 102/1000, Train Loss: 1016.9933, Validation Loss: 6.0701
Epoch 103/1000, Train Loss: 6.2261, Validation Loss: 6.0581
Epoch 104/1000, Train Loss: 7600.3793, Validation Loss: 6.4264
Epoch 105/1000, Train Loss: 17.3284, Validation Loss: 6.1839
Epoch 106/1000, Train Loss: 8.9012, Validation Loss: 6.4109
Epoch 107/1000, Train Loss: 42056.6600, Validation Loss: 6.1621
Epoch 108/1000, Train Loss: 6.2674, Validation Loss: 6.1943
Epoch 109/1000, Train Loss: 12014.9328, Validation Loss: 6417.2319
Epoch 110/1000, Train Loss: 16.9646, Validation Loss: 6.1137
Epoch 111/1000, Train Loss: 20.8089, Validation Loss: 6.0646
Epoch 112/1000, Train Loss: 6.3010, Validation Loss: 6.0921
Epoch 113/1000, Train Loss: 7.2188, Validation Loss: 6.0779
Epoch 114/1000, Train Loss: 3266.2980, Validation Loss: 6.0950
Epoch 115/1000, Train Loss: 6.6078, Validation Loss: 6.4377
Epoch 116/1000, Train Loss: 9.1900, Validation Loss: 6.1590
Epoch 117/1000, Train Loss: 6.2689, Validation Loss: 6.4809
Epoch 118/1000, Train Loss: 10589.6616, Validation Loss: 6.0899
Epoch 119/1000, Train Loss: 6.3070, Validation Loss: 6.1959
Epoch 120/1000, Train Loss: 10.8785, Validation Loss: 6.1551
Epoch 121/1000, Train Loss: 6.2631, Validation Loss: 6.6578
Epoch 122/1000, Train Loss: 38.3128, Validation Loss: 6.1173
Epoch 123/1000, Train Loss: 6.2370, Validation Loss: 6.1671
Epoch 124/1000, Train Loss: 8.2496, Validation Loss: 6.0565
Epoch 125/1000, Train Loss: 475133.1729, Validation Loss: 6.0675
Epoch 126/1000, Train Loss: 6.3222, Validation Loss: 6.0908
Epoch 127/1000, Train Loss: 6.2220, Validation Loss: 6.7267
Epoch 128/1000, Train Loss: 7.8563, Validation Loss: 6.1530
Epoch 129/1000, Train Loss: 6.2711, Validation Loss: 6.1207
Epoch 130/1000, Train Loss: 1472.8323, Validation Loss: 6.1241
Epoch 131/1000, Train Loss: 6.3492, Validation Loss: 6.1190
Epoch 132/1000, Train Loss: 3083.7516, Validation Loss: 6.4346
Epoch 133/1000, Train Loss: 6.3015, Validation Loss: 6.0608
Epoch 134/1000, Train Loss: 6.2518, Validation Loss: 6.2642
Epoch 135/1000, Train Loss: 6.2568, Validation Loss: 6.3001
Epoch 136/1000, Train Loss: 9.0658, Validation Loss: 6.0790
Epoch 137/1000, Train Loss: 6.2422, Validation Loss: 6.2957
Epoch 138/1000, Train Loss: 6.4299, Validation Loss: 6.1404
Epoch 139/1000, Train Loss: 12876.8110, Validation Loss: 6.6569
Epoch 140/1000, Train Loss: 8.6834, Validation Loss: 6.0890
Epoch 141/1000, Train Loss: 6.2596, Validation Loss: 6.3571
Epoch 142/1000, Train Loss: 8.3617, Validation Loss: 6.3406
Epoch 143/1000, Train Loss: 6.2720, Validation Loss: 6.0629
Epoch 144/1000, Train Loss: 1404.2662, Validation Loss: 6.0564
Epoch 145/1000, Train Loss: 16.4113, Validation Loss: 6.1852
Epoch 146/1000, Train Loss: 6.3764, Validation Loss: 6.2122
Epoch 147/1000, Train Loss: 68.1668, Validation Loss: 6.2955
Epoch 148/1000, Train Loss: 6.2402, Validation Loss: 6.2696
Epoch 149/1000, Train Loss: 529.5433, Validation Loss: 6.3016
Epoch 150/1000, Train Loss: 8.8500, Validation Loss: 6.3478
Epoch 151/1000, Train Loss: 6.3638, Validation Loss: 6.0745
Epoch 152/1000, Train Loss: 7.0037, Validation Loss: 6.1712
Epoch 153/1000, Train Loss: 6.3056, Validation Loss: 6.0566
Epoch 154/1000, Train Loss: 1506203.5070, Validation Loss: 6.5465
Epoch 155/1000, Train Loss: 6.3424, Validation Loss: 6.4532
Epoch 156/1000, Train Loss: 35.1245, Validation Loss: 6.1084
Epoch 157/1000, Train Loss: 38.6114, Validation Loss: 6.2642
Epoch 158/1000, Train Loss: 6.3256, Validation Loss: 6.0925
Epoch 159/1000, Train Loss: 659.5637, Validation Loss: 6.4003
Epoch 160/1000, Train Loss: 6.3313, Validation Loss: 6.2153
Epoch 161/1000, Train Loss: 6.2616, Validation Loss: 6.2282
Epoch 162/1000, Train Loss: 6.3663, Validation Loss: 6.0682
Epoch 163/1000, Train Loss: 375.7157, Validation Loss: 6.0601
Epoch 164/1000, Train Loss: 1840.7650, Validation Loss: 6.0751
Epoch 165/1000, Train Loss: 6.2689, Validation Loss: 6.0570
Epoch 166/1000, Train Loss: 7.4810, Validation Loss: 6.0665
Epoch 167/1000, Train Loss: 7.2714, Validation Loss: 6.0573
Epoch 168/1000, Train Loss: 4553.3534, Validation Loss: 6.0564
Epoch 169/1000, Train Loss: 6.2371, Validation Loss: 6.1799
Epoch 170/1000, Train Loss: 29549.9873, Validation Loss: 603512.6335
Epoch 171/1000, Train Loss: 803.1594, Validation Loss: 6.5137
Epoch 172/1000, Train Loss: 6.8320, Validation Loss: 6.3470
Epoch 173/1000, Train Loss: 6.2388, Validation Loss: 6.1973
Epoch 174/1000, Train Loss: 7.7335, Validation Loss: 6.3316
Epoch 175/1000, Train Loss: 834.6689, Validation Loss: 6.0981
Epoch 176/1000, Train Loss: 16.9048, Validation Loss: 6.0841
Epoch 177/1000, Train Loss: 6.5720, Validation Loss: 6.7362
Epoch 178/1000, Train Loss: 98.5201, Validation Loss: 6.0632
Epoch 179/1000, Train Loss: 24.0838, Validation Loss: 6.2701
Epoch 180/1000, Train Loss: 6.3800, Validation Loss: 6.1296
Epoch 181/1000, Train Loss: 12.0846, Validation Loss: 6.0564
Epoch 182/1000, Train Loss: 6.2945, Validation Loss: 6.4351
Epoch 183/1000, Train Loss: 6.9872, Validation Loss: 6.0736
Epoch 184/1000, Train Loss: 6.9514, Validation Loss: 6.0595
Epoch 185/1000, Train Loss: 844.0071, Validation Loss: 6.0916
Epoch 186/1000, Train Loss: 6.2541, Validation Loss: 6.7663
Epoch 187/1000, Train Loss: 6.2793, Validation Loss: 6.4540
Epoch 188/1000, Train Loss: 9.4480, Validation Loss: 6.0572
Epoch 189/1000, Train Loss: 6.3044, Validation Loss: 6.6995
Epoch 190/1000, Train Loss: 6.2638, Validation Loss: 6.2260
Epoch 191/1000, Train Loss: 6.9042, Validation Loss: 6.8685
Epoch 192/1000, Train Loss: 220.1573, Validation Loss: 6.0612
Epoch 193/1000, Train Loss: 37.1205, Validation Loss: 6.4139
Epoch 194/1000, Train Loss: 25.1885, Validation Loss: 6.2520
Epoch 195/1000, Train Loss: 140.4791, Validation Loss: 6.0688
Epoch 196/1000, Train Loss: 33.3561, Validation Loss: 6.1698
Epoch 197/1000, Train Loss: 10.0587, Validation Loss: 6.0640
Epoch 198/1000, Train Loss: 6.2571, Validation Loss: 6.1306
Epoch 199/1000, Train Loss: 18350.7216, Validation Loss: 6.0567
Epoch 200/1000, Train Loss: 818.3527, Validation Loss: 6.7193
Epoch 201/1000, Train Loss: 6.2649, Validation Loss: 6.0809
Epoch 202/1000, Train Loss: 6.2329, Validation Loss: 6.1195
Epoch 203/1000, Train Loss: 787.2831, Validation Loss: 6.1804
Epoch 204/1000, Train Loss: 7.0855, Validation Loss: 6.1183
Epoch 205/1000, Train Loss: 7.6188, Validation Loss: 6.1091
Epoch 206/1000, Train Loss: 6.2657, Validation Loss: 6.7028
Epoch 207/1000, Train Loss: 9.5402, Validation Loss: 6.0602
Epoch 208/1000, Train Loss: 6.5372, Validation Loss: 6.1425
Epoch 209/1000, Train Loss: 6.2688, Validation Loss: 6.0577
Epoch 210/1000, Train Loss: 1577959.0452, Validation Loss: 6.7179
Epoch 211/1000, Train Loss: 6.2644, Validation Loss: 6.0757
Epoch 212/1000, Train Loss: 10.7787, Validation Loss: 6.0990
Epoch 213/1000, Train Loss: 6.2999, Validation Loss: 6.0567
Epoch 214/1000, Train Loss: 6.2818, Validation Loss: 6.1288
Epoch 215/1000, Train Loss: 22.4455, Validation Loss: 6.3253
Epoch 216/1000, Train Loss: 6.5696, Validation Loss: 6.0761
Epoch 217/1000, Train Loss: 11.7510, Validation Loss: 6.1258
Epoch 218/1000, Train Loss: 6.2936, Validation Loss: 6.1188
Epoch 219/1000, Train Loss: 6.2697, Validation Loss: 6.2545
Epoch 220/1000, Train Loss: 2842.1711, Validation Loss: 6.2763
Epoch 221/1000, Train Loss: 6.2770, Validation Loss: 6.3317
Epoch 222/1000, Train Loss: 17.6401, Validation Loss: 6.1517
Epoch 223/1000, Train Loss: 6.4217, Validation Loss: 6.1141
Epoch 224/1000, Train Loss: 6.3352, Validation Loss: 6.2198
Epoch 225/1000, Train Loss: 60.3417, Validation Loss: 6.1249
Epoch 226/1000, Train Loss: 27.9323, Validation Loss: 6.0764
Epoch 227/1000, Train Loss: 430.1262, Validation Loss: 6.1959
Epoch 228/1000, Train Loss: 6.2587, Validation Loss: 6.1697
Epoch 229/1000, Train Loss: 6.2463, Validation Loss: 6.0767
Epoch 230/1000, Train Loss: 6.2873, Validation Loss: 6.0872
Epoch 231/1000, Train Loss: 6.5578, Validation Loss: 6.0660
Epoch 232/1000, Train Loss: 6.2687, Validation Loss: 6.1581
Epoch 233/1000, Train Loss: 26.1271, Validation Loss: 6.0798
Epoch 234/1000, Train Loss: 129.8004, Validation Loss: 6.2357
Epoch 235/1000, Train Loss: 6.3638, Validation Loss: 6.0781
Epoch 236/1000, Train Loss: 325.4850, Validation Loss: 6.1401
Epoch 237/1000, Train Loss: 6.3760, Validation Loss: 6.1007
Epoch 238/1000, Train Loss: 11.6016, Validation Loss: 6.0567
Epoch 239/1000, Train Loss: 6.3363, Validation Loss: 6.2292
Epoch 240/1000, Train Loss: 6.3113, Validation Loss: 6.1044
Epoch 241/1000, Train Loss: 132.2623, Validation Loss: 6.0993
Epoch 242/1000, Train Loss: 6.3160, Validation Loss: 6.2562
Epoch 243/1000, Train Loss: 6.5723, Validation Loss: 6.2505
Epoch 244/1000, Train Loss: 20223.7217, Validation Loss: 6.8509
Epoch 245/1000, Train Loss: 7.1998, Validation Loss: 6.0681
Epoch 246/1000, Train Loss: 36.8133, Validation Loss: 6.2260
Epoch 247/1000, Train Loss: 8.8952, Validation Loss: 6.4879
Epoch 248/1000, Train Loss: 6.3173, Validation Loss: 6.0563
Epoch 249/1000, Train Loss: 17.6921, Validation Loss: 6.0563
Epoch 250/1000, Train Loss: 6.4490, Validation Loss: 6.1274
Epoch 251/1000, Train Loss: 19580.2433, Validation Loss: 6.0737
Epoch 252/1000, Train Loss: 6.3228, Validation Loss: 6.4799
Epoch 253/1000, Train Loss: 8.3437, Validation Loss: 6.3040
Epoch 254/1000, Train Loss: 6.2401, Validation Loss: 6.0633
Epoch 255/1000, Train Loss: 6.7210, Validation Loss: 7.2323
Epoch 256/1000, Train Loss: 59.0478, Validation Loss: 6.2063
Epoch 257/1000, Train Loss: 6.7278, Validation Loss: 6.1040
Epoch 258/1000, Train Loss: 6.3258, Validation Loss: 6.6261
Epoch 259/1000, Train Loss: 6882.2478, Validation Loss: 6.1165
Epoch 260/1000, Train Loss: 6.3513, Validation Loss: 6.1298
Epoch 261/1000, Train Loss: 78.7858, Validation Loss: 6.6542
Epoch 262/1000, Train Loss: 6.2825, Validation Loss: 6.2048
Epoch 263/1000, Train Loss: 33.2547, Validation Loss: 6.1051
Epoch 264/1000, Train Loss: 10.8049, Validation Loss: 6.1767
Epoch 265/1000, Train Loss: 76.4142, Validation Loss: 6.0665
Epoch 266/1000, Train Loss: 6.3406, Validation Loss: 6.0572
Epoch 267/1000, Train Loss: 6.3104, Validation Loss: 6.0699
Epoch 268/1000, Train Loss: 15.7900, Validation Loss: 6.1707
Epoch 269/1000, Train Loss: 6.3037, Validation Loss: 6.2822
Epoch 270/1000, Train Loss: 6.3006, Validation Loss: 6.0946
Epoch 271/1000, Train Loss: 8.3010, Validation Loss: 6.0863
Epoch 272/1000, Train Loss: 546.5834, Validation Loss: 6.5364
Epoch 273/1000, Train Loss: 6.9601, Validation Loss: 6.0579
Epoch 274/1000, Train Loss: 7.7344, Validation Loss: 6.0872
Epoch 275/1000, Train Loss: 9.1444, Validation Loss: 6.0638
Epoch 276/1000, Train Loss: 6.5437, Validation Loss: 6.7604
Epoch 277/1000, Train Loss: 6.3535, Validation Loss: 6.2571
Epoch 278/1000, Train Loss: 6.2493, Validation Loss: 6.1418
Epoch 279/1000, Train Loss: 8.3485, Validation Loss: 6.2370
Epoch 280/1000, Train Loss: 463.2293, Validation Loss: 6.5978
Epoch 281/1000, Train Loss: 11.2245, Validation Loss: 6.0601
Epoch 282/1000, Train Loss: 7.3452, Validation Loss: 6.1816
Epoch 283/1000, Train Loss: 6.8074, Validation Loss: 6.2543
Epoch 284/1000, Train Loss: 6.8258, Validation Loss: 6.0582
Epoch 285/1000, Train Loss: 7.4502, Validation Loss: 6.1388
Epoch 286/1000, Train Loss: 6.2810, Validation Loss: 6.0867
Epoch 287/1000, Train Loss: 302.1208, Validation Loss: 6.2085
Epoch 288/1000, Train Loss: 6.7441, Validation Loss: 6.1228
Epoch 289/1000, Train Loss: 11.1448, Validation Loss: 6.1004
Epoch 290/1000, Train Loss: 6.6482, Validation Loss: 6.0983
Epoch 291/1000, Train Loss: 6.2741, Validation Loss: 6.0738
Epoch 292/1000, Train Loss: 176.1647, Validation Loss: 6.0907
Epoch 293/1000, Train Loss: 6.7503, Validation Loss: 6.1901
Epoch 294/1000, Train Loss: 6.3136, Validation Loss: 6.1894
Epoch 295/1000, Train Loss: 19.2252, Validation Loss: 6.3528
Epoch 296/1000, Train Loss: 31.4564, Validation Loss: 6.1103
Epoch 297/1000, Train Loss: 30.7418, Validation Loss: 6.0564
Epoch 298/1000, Train Loss: 113.8240, Validation Loss: 6.5851
Epoch 299/1000, Train Loss: 6.2898, Validation Loss: 6.0579
Epoch 300/1000, Train Loss: 6.3126, Validation Loss: 7.5746
Epoch 301/1000, Train Loss: 10.5565, Validation Loss: 6.2535
Epoch 302/1000, Train Loss: 6.9733, Validation Loss: 6.9550
Epoch 303/1000, Train Loss: 11.7311, Validation Loss: 6.0570
Epoch 304/1000, Train Loss: 6.3112, Validation Loss: 6.1737
Epoch 305/1000, Train Loss: 24879.8984, Validation Loss: 6.2895
Epoch 306/1000, Train Loss: 6.8507, Validation Loss: 6.1750
Epoch 307/1000, Train Loss: 9.0530, Validation Loss: 6.0891
Epoch 308/1000, Train Loss: 38.8826, Validation Loss: 6.1029
Epoch 309/1000, Train Loss: 19.8328, Validation Loss: 6.2559
Epoch 310/1000, Train Loss: 92.1553, Validation Loss: 6.2872
Epoch 311/1000, Train Loss: 6.2851, Validation Loss: 6.0907
Epoch 312/1000, Train Loss: 6.3153, Validation Loss: 6.0569
Epoch 313/1000, Train Loss: 67.1786, Validation Loss: 6.2919
Epoch 314/1000, Train Loss: 6.2893, Validation Loss: 6.7800
Epoch 315/1000, Train Loss: 10.0111, Validation Loss: 6.0642
Epoch 316/1000, Train Loss: 22.4795, Validation Loss: 15.4219
Epoch 317/1000, Train Loss: 6.3405, Validation Loss: 6.2342
Epoch 318/1000, Train Loss: 6.3291, Validation Loss: 6.4400
Epoch 319/1000, Train Loss: 1081.8824, Validation Loss: 6.0567
Epoch 320/1000, Train Loss: 6.4278, Validation Loss: 6.0590
Epoch 321/1000, Train Loss: 9.4580, Validation Loss: 6.1389
Epoch 322/1000, Train Loss: 6.2937, Validation Loss: 6.0913
Epoch 323/1000, Train Loss: 6.3004, Validation Loss: 6.0654
Epoch 324/1000, Train Loss: 6.3316, Validation Loss: 6.3695
Epoch 325/1000, Train Loss: 6.2362, Validation Loss: 6.3503
Epoch 326/1000, Train Loss: 6.2583, Validation Loss: 6.1344
Epoch 327/1000, Train Loss: 227.7109, Validation Loss: 6.1068
Epoch 328/1000, Train Loss: 6.2638, Validation Loss: 6.1502
Epoch 329/1000, Train Loss: 10.2501, Validation Loss: 6.1401
Epoch 330/1000, Train Loss: 6.2884, Validation Loss: 6.1268
Epoch 331/1000, Train Loss: 6.2994, Validation Loss: 6.5805
Epoch 332/1000, Train Loss: 6.2622, Validation Loss: 6.0594
Epoch 333/1000, Train Loss: 6.2667, Validation Loss: 6.0578
Epoch 334/1000, Train Loss: 16377.6330, Validation Loss: 6.1897
Epoch 335/1000, Train Loss: 6.3397, Validation Loss: 6.1795
Epoch 336/1000, Train Loss: 239.9029, Validation Loss: 6.1100
Epoch 337/1000, Train Loss: 6.2623, Validation Loss: 6.6765
Epoch 338/1000, Train Loss: 157.9360, Validation Loss: 6.0574
Epoch 339/1000, Train Loss: 13.8135, Validation Loss: 6.0587
Epoch 340/1000, Train Loss: 6.8524, Validation Loss: 6.3695
Epoch 341/1000, Train Loss: 6.3085, Validation Loss: 6.3502
Epoch 342/1000, Train Loss: 133.8312, Validation Loss: 6.1923
Epoch 343/1000, Train Loss: 38.7515, Validation Loss: 6.1332
Epoch 344/1000, Train Loss: 6.3145, Validation Loss: 6.1981
Epoch 345/1000, Train Loss: 6.3292, Validation Loss: 6.0613
Epoch 346/1000, Train Loss: 6.3196, Validation Loss: 6.3966
Epoch 347/1000, Train Loss: 10.5339, Validation Loss: 6.1482
Epoch 348/1000, Train Loss: 97.8284, Validation Loss: 6.0969
Epoch 349/1000, Train Loss: 6.2366, Validation Loss: 6.0871
Epoch 350/1000, Train Loss: 6.2749, Validation Loss: 6.1557
Epoch 351/1000, Train Loss: 6.2673, Validation Loss: 6.2161
Epoch 352/1000, Train Loss: 59.2426, Validation Loss: 6.6817
Epoch 353/1000, Train Loss: 6.2791, Validation Loss: 6.3129
Epoch 354/1000, Train Loss: 227.6276, Validation Loss: 6.0868
Epoch 355/1000, Train Loss: 6.2419, Validation Loss: 6.4493
Epoch 356/1000, Train Loss: 8.5409, Validation Loss: 6.0582
Epoch 357/1000, Train Loss: 38891.8102, Validation Loss: 6.1109
Epoch 358/1000, Train Loss: 6.2610, Validation Loss: 6.0843
Epoch 359/1000, Train Loss: 1898.5343, Validation Loss: 6.1232
Epoch 360/1000, Train Loss: 6.2349, Validation Loss: 7.4896
Epoch 361/1000, Train Loss: 21.9726, Validation Loss: 6.1890
Epoch 362/1000, Train Loss: 24449.5231, Validation Loss: 6.0650
Epoch 363/1000, Train Loss: 188.8926, Validation Loss: 6.0609
Epoch 364/1000, Train Loss: 6.5588, Validation Loss: 6.0775
Epoch 365/1000, Train Loss: 6.5397, Validation Loss: 6.2349
Epoch 366/1000, Train Loss: 6.2497, Validation Loss: 6.1301
Epoch 367/1000, Train Loss: 267.9625, Validation Loss: 7.5691
Epoch 368/1000, Train Loss: 196.2483, Validation Loss: 6.2216
Epoch 369/1000, Train Loss: 6.3100, Validation Loss: 6.0752
Epoch 370/1000, Train Loss: 10.8971, Validation Loss: 6.0628
Epoch 371/1000, Train Loss: 6.3192, Validation Loss: 6.2225
Epoch 372/1000, Train Loss: 218.4565, Validation Loss: 6.4601
Epoch 373/1000, Train Loss: 14.7221, Validation Loss: 6.2691
Epoch 374/1000, Train Loss: 8.5386, Validation Loss: 6.6028
Epoch 375/1000, Train Loss: 7.5002, Validation Loss: 6.0653
Epoch 376/1000, Train Loss: 44.1226, Validation Loss: 6.2716
Epoch 377/1000, Train Loss: 6.2476, Validation Loss: 6.0652
Epoch 378/1000, Train Loss: 6.3130, Validation Loss: 6.7449
Epoch 379/1000, Train Loss: 86.5757, Validation Loss: 6.2376
Epoch 380/1000, Train Loss: 6.3010, Validation Loss: 6.1669
Epoch 381/1000, Train Loss: 6.2867, Validation Loss: 6.1241
Epoch 382/1000, Train Loss: 56.6666, Validation Loss: 6.3430
Epoch 383/1000, Train Loss: 6.2466, Validation Loss: 6.0877
Epoch 384/1000, Train Loss: 6.2819, Validation Loss: 6.1824
Epoch 385/1000, Train Loss: 22.2781, Validation Loss: 6.0992
Epoch 386/1000, Train Loss: 6.2702, Validation Loss: 6.0569
Epoch 387/1000, Train Loss: 6.4742, Validation Loss: 542.0586
Epoch 388/1000, Train Loss: 8.4860, Validation Loss: 6.1112
Epoch 389/1000, Train Loss: 40.6967, Validation Loss: 6.0572
Epoch 390/1000, Train Loss: 7.3615, Validation Loss: 6.0596
Epoch 391/1000, Train Loss: 6.2986, Validation Loss: 6.0775
Epoch 392/1000, Train Loss: 1716.1485, Validation Loss: 6.1433
Epoch 393/1000, Train Loss: 6.2154, Validation Loss: 6.0926
Epoch 394/1000, Train Loss: 1891.2054, Validation Loss: 6.2726
Epoch 395/1000, Train Loss: 6.2566, Validation Loss: 6.6335
Epoch 396/1000, Train Loss: 11.8967, Validation Loss: 6.0569
Epoch 397/1000, Train Loss: 6.2478, Validation Loss: 6.1756
Epoch 398/1000, Train Loss: 8.1690, Validation Loss: 6.0793
Epoch 399/1000, Train Loss: 6.2902, Validation Loss: 6.0991
Epoch 400/1000, Train Loss: 6.8231, Validation Loss: 6.0832
Epoch 401/1000, Train Loss: 8.0370, Validation Loss: 6.2292
Epoch 402/1000, Train Loss: 10.7284, Validation Loss: 43.2534
Epoch 403/1000, Train Loss: 6.3886, Validation Loss: 6.0698
Epoch 404/1000, Train Loss: 1600.9463, Validation Loss: 6.1809
Epoch 405/1000, Train Loss: 6.2862, Validation Loss: 6.0626
Epoch 406/1000, Train Loss: 15.6479, Validation Loss: 6.3221
Epoch 407/1000, Train Loss: 6.2875, Validation Loss: 6.2335
Epoch 408/1000, Train Loss: 43.4084, Validation Loss: 6.0729
Epoch 409/1000, Train Loss: 6.2451, Validation Loss: 6.3032
Epoch 410/1000, Train Loss: 253.1929, Validation Loss: 6.4619
Epoch 411/1000, Train Loss: 6.3651, Validation Loss: 6.3300
Epoch 412/1000, Train Loss: 815.0448, Validation Loss: 659.0025
Epoch 413/1000, Train Loss: 771.5861, Validation Loss: 6.3876
Epoch 414/1000, Train Loss: 6.2769, Validation Loss: 6.0568
Epoch 415/1000, Train Loss: 30.5191, Validation Loss: 1073.1426
Epoch 416/1000, Train Loss: 7.6605, Validation Loss: 6.0589
Epoch 417/1000, Train Loss: 6.6994, Validation Loss: 6.3025
Epoch 418/1000, Train Loss: 6.5973, Validation Loss: 6.2511
Epoch 419/1000, Train Loss: 526.3167, Validation Loss: 6.0573
Epoch 420/1000, Train Loss: 6.2881, Validation Loss: 6.3227
Epoch 421/1000, Train Loss: 73.7650, Validation Loss: 6.1690
Epoch 422/1000, Train Loss: 6.2297, Validation Loss: 6.0566
Epoch 423/1000, Train Loss: 6.4116, Validation Loss: 6.1876
Epoch 424/1000, Train Loss: 2049.8488, Validation Loss: 6.0612
Epoch 425/1000, Train Loss: 6.2641, Validation Loss: 6.0598
Epoch 426/1000, Train Loss: 6.2392, Validation Loss: 6.1017
Epoch 427/1000, Train Loss: 25.2129, Validation Loss: 6.2665
Epoch 428/1000, Train Loss: 451.0374, Validation Loss: 6.0767
Epoch 429/1000, Train Loss: 6.3075, Validation Loss: 6.2304
Epoch 430/1000, Train Loss: 9.6049, Validation Loss: 6.5089
Epoch 431/1000, Train Loss: 6.6907, Validation Loss: 6.3288
Epoch 432/1000, Train Loss: 6.3818, Validation Loss: 6.0591
Epoch 433/1000, Train Loss: 11.1278, Validation Loss: 6.2306
Epoch 434/1000, Train Loss: 6.2320, Validation Loss: 6.1866
Epoch 435/1000, Train Loss: 6.2692, Validation Loss: 6.0572
Epoch 436/1000, Train Loss: 6.3884, Validation Loss: 6.3471
Epoch 437/1000, Train Loss: 6.4076, Validation Loss: 6.2979
Epoch 438/1000, Train Loss: 62.8090, Validation Loss: 6.1096
Epoch 439/1000, Train Loss: 6.2744, Validation Loss: 6.1653
Epoch 440/1000, Train Loss: 7.2493, Validation Loss: 6.1320
Epoch 441/1000, Train Loss: 73.3522, Validation Loss: 6.1309
Epoch 442/1000, Train Loss: 6.3083, Validation Loss: 6.0726
Epoch 443/1000, Train Loss: 6.6201, Validation Loss: 6.3451
Epoch 444/1000, Train Loss: 34.0297, Validation Loss: 7.0819
Epoch 445/1000, Train Loss: 102.1348, Validation Loss: 6.1626
Epoch 446/1000, Train Loss: 6.2821, Validation Loss: 6.3940
Epoch 447/1000, Train Loss: 15.6162, Validation Loss: 6.4462
Epoch 448/1000, Train Loss: 6.5124, Validation Loss: 6.1692
Epoch 449/1000, Train Loss: 6.2578, Validation Loss: 6.0675
Epoch 450/1000, Train Loss: 6.7511, Validation Loss: 6.2040
Epoch 451/1000, Train Loss: 6.3433, Validation Loss: 6.0767
Epoch 452/1000, Train Loss: 59.2745, Validation Loss: 6.1148
Epoch 453/1000, Train Loss: 6.2532, Validation Loss: 6.0789
Epoch 454/1000, Train Loss: 7.8325, Validation Loss: 6.0890
Epoch 455/1000, Train Loss: 6.9704, Validation Loss: 6.1677
Epoch 456/1000, Train Loss: 6.6051, Validation Loss: 6.1600
Epoch 457/1000, Train Loss: 6.2326, Validation Loss: 6.1884
Epoch 458/1000, Train Loss: 61.4026, Validation Loss: 6.1395
Epoch 459/1000, Train Loss: 6.2210, Validation Loss: 6.0886
Epoch 460/1000, Train Loss: 468.2457, Validation Loss: 6.0668
Epoch 461/1000, Train Loss: 6.2758, Validation Loss: 6.0995
Epoch 462/1000, Train Loss: 7.4677, Validation Loss: 6.0746
Epoch 463/1000, Train Loss: 7.2416, Validation Loss: 6.1032
Epoch 464/1000, Train Loss: 6.2709, Validation Loss: 6.4565
Epoch 465/1000, Train Loss: 6.6969, Validation Loss: 6.0578
Epoch 466/1000, Train Loss: 9.8046, Validation Loss: 6.1202
Epoch 467/1000, Train Loss: 4493.7721, Validation Loss: 7.5880
Epoch 468/1000, Train Loss: 12.5091, Validation Loss: 6.0962
Epoch 469/1000, Train Loss: 6.7613, Validation Loss: 6.0611
Epoch 470/1000, Train Loss: 6.4194, Validation Loss: 6.1554
Epoch 471/1000, Train Loss: 6.2363, Validation Loss: 6.0565
Epoch 472/1000, Train Loss: 663.1304, Validation Loss: 6.0838
Epoch 473/1000, Train Loss: 6.2396, Validation Loss: 6.1137
Epoch 474/1000, Train Loss: 6.2565, Validation Loss: 6.1827
Epoch 475/1000, Train Loss: 127.4901, Validation Loss: 6.4147
Epoch 476/1000, Train Loss: 6.2713, Validation Loss: 7.3281
Epoch 477/1000, Train Loss: 102.5714, Validation Loss: 6.6526
Epoch 478/1000, Train Loss: 6.4048, Validation Loss: 6.0567
Epoch 479/1000, Train Loss: 1014.9769, Validation Loss: 6.2400
Epoch 480/1000, Train Loss: 6.2445, Validation Loss: 6.0738
Epoch 481/1000, Train Loss: 6.3030, Validation Loss: 6.6943
Epoch 482/1000, Train Loss: 15.7506, Validation Loss: 6.1612
Epoch 483/1000, Train Loss: 147.4206, Validation Loss: 6.1616
Epoch 484/1000, Train Loss: 6.2510, Validation Loss: 6.0613
Epoch 485/1000, Train Loss: 101790.5452, Validation Loss: 6.1605
Epoch 486/1000, Train Loss: 6.2477, Validation Loss: 6.0853
Epoch 487/1000, Train Loss: 6.2454, Validation Loss: 6.2560
Epoch 488/1000, Train Loss: 352.9463, Validation Loss: 7.0436
Epoch 489/1000, Train Loss: 6.2927, Validation Loss: 6.1443
Epoch 490/1000, Train Loss: 2895.5812, Validation Loss: 6.2246
Epoch 491/1000, Train Loss: 6.2850, Validation Loss: 63.4636
Epoch 492/1000, Train Loss: 7.4315, Validation Loss: 6.1001
Epoch 493/1000, Train Loss: 7.2472, Validation Loss: 6.2834
Epoch 494/1000, Train Loss: 769.8859, Validation Loss: 6.7677
Epoch 495/1000, Train Loss: 6.2596, Validation Loss: 6.0717
Epoch 496/1000, Train Loss: 6.2712, Validation Loss: 6.3028
Epoch 497/1000, Train Loss: 28.3776, Validation Loss: 6.2861
Epoch 498/1000, Train Loss: 8.9549, Validation Loss: 6.0860
Epoch 499/1000, Train Loss: 6.7522, Validation Loss: 6.4189
Epoch 500/1000, Train Loss: 6.2892, Validation Loss: 6.1459
Epoch 501/1000, Train Loss: 6.3219, Validation Loss: 6.3086
Epoch 502/1000, Train Loss: 7.1280, Validation Loss: 6.0705
Epoch 503/1000, Train Loss: 10.1135, Validation Loss: 6.0681
Epoch 504/1000, Train Loss: 6.3046, Validation Loss: 64.0019
Epoch 505/1000, Train Loss: 9.8164, Validation Loss: 6.1093
Epoch 506/1000, Train Loss: 42.6341, Validation Loss: 6.6531
Epoch 507/1000, Train Loss: 6.5304, Validation Loss: 6.2940
Epoch 508/1000, Train Loss: 6.2668, Validation Loss: 6.1682
Epoch 509/1000, Train Loss: 6.2947, Validation Loss: 6.2043
Epoch 510/1000, Train Loss: 6.3351, Validation Loss: 6.1677
Epoch 511/1000, Train Loss: 20.7287, Validation Loss: 6.0988
Epoch 512/1000, Train Loss: 21.8073, Validation Loss: 6.0914
Epoch 513/1000, Train Loss: 6.2511, Validation Loss: 6.1218
Epoch 514/1000, Train Loss: 9.2792, Validation Loss: 6.0815
Epoch 515/1000, Train Loss: 299.0392, Validation Loss: 6.0660
Epoch 516/1000, Train Loss: 6.2543, Validation Loss: 6.0618
Epoch 517/1000, Train Loss: 6.2852, Validation Loss: 6.3253
Epoch 518/1000, Train Loss: 6.2948, Validation Loss: 6.1011
Epoch 519/1000, Train Loss: 6.2733, Validation Loss: 6.2620
Epoch 520/1000, Train Loss: 1311.9942, Validation Loss: 6.4178
Epoch 521/1000, Train Loss: 6.2774, Validation Loss: 6.0735
Epoch 522/1000, Train Loss: 24.6179, Validation Loss: 6.1606
Epoch 523/1000, Train Loss: 12.7218, Validation Loss: 6.1546
Epoch 524/1000, Train Loss: 3777.5057, Validation Loss: 6.1242
Epoch 525/1000, Train Loss: 6.2412, Validation Loss: 6.0666
Epoch 526/1000, Train Loss: 17.0498, Validation Loss: 6.1175
Epoch 527/1000, Train Loss: 7.1403, Validation Loss: 6.3855
Epoch 528/1000, Train Loss: 6.2377, Validation Loss: 6.0664
Epoch 529/1000, Train Loss: 12625.4289, Validation Loss: 6.5461
Epoch 530/1000, Train Loss: 6.2505, Validation Loss: 6.0572
Epoch 531/1000, Train Loss: 6.5052, Validation Loss: 6.6844
Epoch 532/1000, Train Loss: 6.4330, Validation Loss: 6.1982
Epoch 533/1000, Train Loss: 6.2117, Validation Loss: 6.1102
Epoch 534/1000, Train Loss: 6.2289, Validation Loss: 6.1134
Epoch 535/1000, Train Loss: 426.1067, Validation Loss: 6.1783
Epoch 536/1000, Train Loss: 7.8019, Validation Loss: 6.1476
Epoch 537/1000, Train Loss: 9.0940, Validation Loss: 6.2355
Epoch 538/1000, Train Loss: 6.3110, Validation Loss: 6.0573
Epoch 539/1000, Train Loss: 1937.7787, Validation Loss: 6.7120
Epoch 540/1000, Train Loss: 6.2405, Validation Loss: 6.4549
Epoch 541/1000, Train Loss: 835.6993, Validation Loss: 6.2688
Epoch 542/1000, Train Loss: 124.9215, Validation Loss: 6.2058
Epoch 543/1000, Train Loss: 6.2494, Validation Loss: 6.0586
Epoch 544/1000, Train Loss: 7780.3515, Validation Loss: 6.1871
Epoch 545/1000, Train Loss: 6.2719, Validation Loss: 6.3389
Epoch 546/1000, Train Loss: 8.6335, Validation Loss: 6.0590
Epoch 547/1000, Train Loss: 6.3663, Validation Loss: 6.1532
Epoch 548/1000, Train Loss: 7.7489, Validation Loss: 6.1747
Epoch 549/1000, Train Loss: 6.3185, Validation Loss: 6.5481
Epoch 550/1000, Train Loss: 1538.2472, Validation Loss: 6.0608
Epoch 551/1000, Train Loss: 178.1222, Validation Loss: 6.0616
Epoch 552/1000, Train Loss: 99.6720, Validation Loss: 6.5664
Epoch 553/1000, Train Loss: 6.2546, Validation Loss: 6.2764
Epoch 554/1000, Train Loss: 6.5489, Validation Loss: 6.1323
Epoch 555/1000, Train Loss: 11.2236, Validation Loss: 6.0604
Epoch 556/1000, Train Loss: 7.7935, Validation Loss: 6.2606
Epoch 557/1000, Train Loss: 8.4460, Validation Loss: 6.2272
Epoch 558/1000, Train Loss: 7.3871, Validation Loss: 6.1326
Epoch 559/1000, Train Loss: 25770.0623, Validation Loss: 6.7983
Epoch 560/1000, Train Loss: 6.3134, Validation Loss: 6.1233
Epoch 561/1000, Train Loss: 1293.5317, Validation Loss: 6.0609
Epoch 562/1000, Train Loss: 13622.5297, Validation Loss: 6.1975
Epoch 563/1000, Train Loss: 6.3439, Validation Loss: 6.2088
Epoch 564/1000, Train Loss: 7.1425, Validation Loss: 6.1838
Epoch 565/1000, Train Loss: 7.2648, Validation Loss: 6.2295
Epoch 566/1000, Train Loss: 6.3160, Validation Loss: 6.3038
Epoch 567/1000, Train Loss: 7.2580, Validation Loss: 6.2664
Epoch 568/1000, Train Loss: 44676.0467, Validation Loss: 6.9999
Epoch 569/1000, Train Loss: 6.3480, Validation Loss: 6.0669
Epoch 570/1000, Train Loss: 24.0467, Validation Loss: 6.0598
Epoch 571/1000, Train Loss: 6.2911, Validation Loss: 6.0568
Epoch 572/1000, Train Loss: 1054.9867, Validation Loss: 6.1378
Epoch 573/1000, Train Loss: 6.2931, Validation Loss: 6.0574
Epoch 574/1000, Train Loss: 6.2889, Validation Loss: 6.0687
Epoch 575/1000, Train Loss: 6.7059, Validation Loss: 6.0952
Epoch 576/1000, Train Loss: 7.4540, Validation Loss: 6.1912
Epoch 577/1000, Train Loss: 9.9894, Validation Loss: 6.0794
Epoch 578/1000, Train Loss: 6.3107, Validation Loss: 6.3878
Epoch 579/1000, Train Loss: 47.2507, Validation Loss: 6.1175
Epoch 580/1000, Train Loss: 6.3163, Validation Loss: 6.1464
Epoch 581/1000, Train Loss: 86.7770, Validation Loss: 6.5742
Epoch 582/1000, Train Loss: 6.2509, Validation Loss: 6.1135
Epoch 583/1000, Train Loss: 356.5800, Validation Loss: 6.0854
Epoch 584/1000, Train Loss: 8.1369, Validation Loss: 6.0606
Epoch 585/1000, Train Loss: 98.0122, Validation Loss: 6.1853
Epoch 586/1000, Train Loss: 8.3212, Validation Loss: 6.5521
Epoch 587/1000, Train Loss: 6.2359, Validation Loss: 6.0636
Epoch 588/1000, Train Loss: 7.0591, Validation Loss: 6.1529
Epoch 589/1000, Train Loss: 6.2804, Validation Loss: 6.0637
Epoch 590/1000, Train Loss: 6.2617, Validation Loss: 6.1656
Epoch 591/1000, Train Loss: 4767.6999, Validation Loss: 6.3972
Epoch 592/1000, Train Loss: 6.3245, Validation Loss: 6.1263
Epoch 593/1000, Train Loss: 6.2425, Validation Loss: 6.0563
Epoch 594/1000, Train Loss: 295.1659, Validation Loss: 6.0724
Epoch 595/1000, Train Loss: 10.9314, Validation Loss: 6.0721
Epoch 596/1000, Train Loss: 6.2671, Validation Loss: 6.6633
Epoch 597/1000, Train Loss: 1481.5205, Validation Loss: 6.1338
Epoch 598/1000, Train Loss: 6.3074, Validation Loss: 6.0953
Epoch 599/1000, Train Loss: 6.2817, Validation Loss: 6.1764
Epoch 600/1000, Train Loss: 38.8172, Validation Loss: 6.1984
Epoch 601/1000, Train Loss: 653.6362, Validation Loss: 7.1685
Epoch 602/1000, Train Loss: 6.2572, Validation Loss: 6.8170
Epoch 603/1000, Train Loss: 6.5420, Validation Loss: 6.2587
Epoch 604/1000, Train Loss: 10179.7417, Validation Loss: 6.0787
Epoch 605/1000, Train Loss: 6.3045, Validation Loss: 6.1474
Epoch 606/1000, Train Loss: 23537115.2867, Validation Loss: 6.0853
Epoch 607/1000, Train Loss: 6.2819, Validation Loss: 6.0570
Epoch 608/1000, Train Loss: 6.2561, Validation Loss: 7.8204
Epoch 609/1000, Train Loss: 51.8230, Validation Loss: 6.1100
Epoch 610/1000, Train Loss: 6.3484, Validation Loss: 6.0584
Epoch 611/1000, Train Loss: 8.1157, Validation Loss: 6.8595
Epoch 612/1000, Train Loss: 6.2715, Validation Loss: 7.1920
Epoch 613/1000, Train Loss: 6.6792, Validation Loss: 6.2500
Epoch 614/1000, Train Loss: 27.3627, Validation Loss: 6.1505
Epoch 615/1000, Train Loss: 9143.6366, Validation Loss: 6.2791
Epoch 616/1000, Train Loss: 17.3404, Validation Loss: 6.5726
Epoch 617/1000, Train Loss: 17.2980, Validation Loss: 6.0758
Epoch 618/1000, Train Loss: 6.2709, Validation Loss: 53.4220
Epoch 619/1000, Train Loss: 12.6204, Validation Loss: 6.4092
Epoch 620/1000, Train Loss: 488.6522, Validation Loss: 7.2592
Epoch 621/1000, Train Loss: 6.2892, Validation Loss: 6.0582
Epoch 622/1000, Train Loss: 6.3573, Validation Loss: 6.0758
Epoch 623/1000, Train Loss: 6.2856, Validation Loss: 6.4886
Epoch 624/1000, Train Loss: 6.2989, Validation Loss: 6.0616
Epoch 625/1000, Train Loss: 6.2609, Validation Loss: 6.0783
Epoch 626/1000, Train Loss: 8.5743, Validation Loss: 6.0931
Epoch 627/1000, Train Loss: 6.2676, Validation Loss: 6.0607
Epoch 628/1000, Train Loss: 979.8004, Validation Loss: 6.1103
Epoch 629/1000, Train Loss: 280.6186, Validation Loss: 6.3183
Epoch 630/1000, Train Loss: 23701.3710, Validation Loss: 6.1696
Epoch 631/1000, Train Loss: 6.2782, Validation Loss: 6.0654
Epoch 632/1000, Train Loss: 6.4079, Validation Loss: 6.0678
Epoch 633/1000, Train Loss: 135.6310, Validation Loss: 6.0586
Epoch 634/1000, Train Loss: 11.5238, Validation Loss: 6.4261
Epoch 635/1000, Train Loss: 6.2343, Validation Loss: 6.4205
Epoch 636/1000, Train Loss: 6.3985, Validation Loss: 6.3508
Epoch 637/1000, Train Loss: 7.7289, Validation Loss: 6.1081
Epoch 638/1000, Train Loss: 6.2970, Validation Loss: 6.0993
Epoch 639/1000, Train Loss: 248.7373, Validation Loss: 6.1300
Epoch 640/1000, Train Loss: 6.2799, Validation Loss: 6.4526
Epoch 641/1000, Train Loss: 6.2426, Validation Loss: 6.1781
Epoch 642/1000, Train Loss: 6.3252, Validation Loss: 6.0657
Epoch 643/1000, Train Loss: 6.3507, Validation Loss: 6.1027
Epoch 644/1000, Train Loss: 6.8758, Validation Loss: 6.6890
Epoch 645/1000, Train Loss: 6.2975, Validation Loss: 6.2184
Epoch 646/1000, Train Loss: 19.4952, Validation Loss: 6.0597
Epoch 647/1000, Train Loss: 6.2620, Validation Loss: 6.2037
Epoch 648/1000, Train Loss: 141.1021, Validation Loss: 6.1550
Epoch 649/1000, Train Loss: 6.3384, Validation Loss: 6.0603
Epoch 650/1000, Train Loss: 6.2661, Validation Loss: 6.4603
Epoch 651/1000, Train Loss: 27.2527, Validation Loss: 6.3704
Epoch 652/1000, Train Loss: 3947.6417, Validation Loss: 6.3374
Epoch 653/1000, Train Loss: 8.7218, Validation Loss: 6.0571
Epoch 654/1000, Train Loss: 9.6697, Validation Loss: 6.3359
Epoch 655/1000, Train Loss: 6.2389, Validation Loss: 6.1629
Epoch 656/1000, Train Loss: 799.6269, Validation Loss: 6.0565
Epoch 657/1000, Train Loss: 6.2778, Validation Loss: 6.0876
Epoch 658/1000, Train Loss: 337.5506, Validation Loss: 6.2072
Epoch 659/1000, Train Loss: 6.3464, Validation Loss: 6.8164
Epoch 660/1000, Train Loss: 6.8428, Validation Loss: 6.0589
Epoch 661/1000, Train Loss: 3269.7063, Validation Loss: 6.2448
Epoch 662/1000, Train Loss: 23.0253, Validation Loss: 6.2472
Epoch 663/1000, Train Loss: 6.6391, Validation Loss: 6.4912
Epoch 664/1000, Train Loss: 7.0796, Validation Loss: 6.6061
Epoch 665/1000, Train Loss: 1453.6586, Validation Loss: 6.1566
Epoch 666/1000, Train Loss: 7.0292, Validation Loss: 6.0792
Epoch 667/1000, Train Loss: 25.4671, Validation Loss: 6.0786
Epoch 668/1000, Train Loss: 6.2787, Validation Loss: 6.0596
Epoch 669/1000, Train Loss: 8.8966, Validation Loss: 6.0606
Epoch 670/1000, Train Loss: 6.2865, Validation Loss: 6.1287
Epoch 671/1000, Train Loss: 101.4639, Validation Loss: 6.0931
Epoch 672/1000, Train Loss: 6.2951, Validation Loss: 6.0604
Epoch 673/1000, Train Loss: 809.1886, Validation Loss: 6.0755
Epoch 674/1000, Train Loss: 6.2800, Validation Loss: 6.4067
Epoch 675/1000, Train Loss: 6.2934, Validation Loss: 6.1130
Epoch 676/1000, Train Loss: 6.2735, Validation Loss: 6.1157
Epoch 677/1000, Train Loss: 154.1826, Validation Loss: 6.0580
Epoch 678/1000, Train Loss: 6.2400, Validation Loss: 6.0868
Epoch 679/1000, Train Loss: 96.9202, Validation Loss: 6.1877
Epoch 680/1000, Train Loss: 6.2515, Validation Loss: 6.0575
Epoch 681/1000, Train Loss: 6.3382, Validation Loss: 6.1519
Epoch 682/1000, Train Loss: 8.5943, Validation Loss: 6.4573
Epoch 683/1000, Train Loss: 51.8718, Validation Loss: 6.4868
Epoch 684/1000, Train Loss: 7.0516, Validation Loss: 6.2538
Epoch 685/1000, Train Loss: 6.4685, Validation Loss: 6.6909
Epoch 686/1000, Train Loss: 143.0037, Validation Loss: 6.2580
Epoch 687/1000, Train Loss: 6.2628, Validation Loss: 6.1430
Epoch 688/1000, Train Loss: 6.8654, Validation Loss: 6.2750
Epoch 689/1000, Train Loss: 6.5136, Validation Loss: 6.0642
Epoch 690/1000, Train Loss: 9.6963, Validation Loss: 6.1027
Epoch 691/1000, Train Loss: 6.2730, Validation Loss: 6.2348
Epoch 692/1000, Train Loss: 7.1591, Validation Loss: 6.3752
Epoch 693/1000, Train Loss: 6.4373, Validation Loss: 6.0958
Epoch 694/1000, Train Loss: 11.7125, Validation Loss: 6.2016
Epoch 695/1000, Train Loss: 6.5338, Validation Loss: 6.0565
Epoch 696/1000, Train Loss: 6.2944, Validation Loss: 6.0573
Epoch 697/1000, Train Loss: 1520.3963, Validation Loss: 6.1492
Epoch 698/1000, Train Loss: 6.2725, Validation Loss: 6.9422
Epoch 699/1000, Train Loss: 14.3829, Validation Loss: 6.1258
Epoch 700/1000, Train Loss: 6.2571, Validation Loss: 6.0821
Epoch 701/1000, Train Loss: 12.7025, Validation Loss: 6.5191
Epoch 702/1000, Train Loss: 10.8381, Validation Loss: 6.2892
Epoch 703/1000, Train Loss: 1449.5093, Validation Loss: 6.0834
Epoch 704/1000, Train Loss: 6.6418, Validation Loss: 6.3024
Epoch 705/1000, Train Loss: 7.6110, Validation Loss: 6.2319
Epoch 706/1000, Train Loss: 336.0820, Validation Loss: 6.0962
Epoch 707/1000, Train Loss: 7.5178, Validation Loss: 6.0656
Epoch 708/1000, Train Loss: 8.1483, Validation Loss: 6.0686
Epoch 709/1000, Train Loss: 2548.4677, Validation Loss: 6.0768
Epoch 710/1000, Train Loss: 6.3005, Validation Loss: 6.1089
Epoch 711/1000, Train Loss: 6.2752, Validation Loss: 6.3446
Epoch 712/1000, Train Loss: 1251.4571, Validation Loss: 6.0722
Epoch 713/1000, Train Loss: 54.0959, Validation Loss: 6.0570
Epoch 714/1000, Train Loss: 6.2705, Validation Loss: 6.1383
Epoch 715/1000, Train Loss: 11.3448, Validation Loss: 6.0608
Epoch 716/1000, Train Loss: 6.5234, Validation Loss: 6.0714
Epoch 717/1000, Train Loss: 7.1860, Validation Loss: 6.1639
Epoch 718/1000, Train Loss: 6.5212, Validation Loss: 6.1210
Epoch 719/1000, Train Loss: 6.5543, Validation Loss: 6.0609
Epoch 720/1000, Train Loss: 31.5781, Validation Loss: 6.0679
Epoch 721/1000, Train Loss: 119.5285, Validation Loss: 6.1084
Epoch 722/1000, Train Loss: 6.2642, Validation Loss: 6.1530
Epoch 723/1000, Train Loss: 38.9869, Validation Loss: 6.2302
Epoch 724/1000, Train Loss: 6.4543, Validation Loss: 6.0580
Epoch 725/1000, Train Loss: 6.2619, Validation Loss: 6.0574
Epoch 726/1000, Train Loss: 16.1902, Validation Loss: 6.1596
Epoch 727/1000, Train Loss: 6.2756, Validation Loss: 6.2134
Epoch 728/1000, Train Loss: 439.9652, Validation Loss: 6.1879
Epoch 729/1000, Train Loss: 983.6056, Validation Loss: 6.2032
Epoch 730/1000, Train Loss: 6.3236, Validation Loss: 6.2819
Epoch 731/1000, Train Loss: 84.3386, Validation Loss: 6.1238
Epoch 732/1000, Train Loss: 6.7076, Validation Loss: 6.1614
Epoch 733/1000, Train Loss: 27536.2754, Validation Loss: 6.2435
Epoch 734/1000, Train Loss: 6.3072, Validation Loss: 6.0729
Epoch 735/1000, Train Loss: 6.3593, Validation Loss: 6.0600
Epoch 736/1000, Train Loss: 6.2536, Validation Loss: 6.1050
Epoch 737/1000, Train Loss: 6.3135, Validation Loss: 6.5924
Epoch 738/1000, Train Loss: 6.6890, Validation Loss: 6.1449
Epoch 739/1000, Train Loss: 6.2961, Validation Loss: 6.0669
Epoch 740/1000, Train Loss: 6.3366, Validation Loss: 7.0612
Epoch 741/1000, Train Loss: 6.4949, Validation Loss: 6.9404
Epoch 742/1000, Train Loss: 697.9362, Validation Loss: 6.9241
Epoch 743/1000, Train Loss: 6.5936, Validation Loss: 6.2412
Epoch 744/1000, Train Loss: 6.2564, Validation Loss: 6.0799
Epoch 745/1000, Train Loss: 26.7573, Validation Loss: 6.9778
Epoch 746/1000, Train Loss: 106.5495, Validation Loss: 6.4331
Epoch 747/1000, Train Loss: 9.6466, Validation Loss: 6.1227
Epoch 748/1000, Train Loss: 7.3106, Validation Loss: 6.2165
Epoch 749/1000, Train Loss: 7.3999, Validation Loss: 6.0743
Epoch 750/1000, Train Loss: 34750.0604, Validation Loss: 6.0594
Epoch 751/1000, Train Loss: 215.6903, Validation Loss: 6.2613
Epoch 752/1000, Train Loss: 6.2918, Validation Loss: 6.0938
Epoch 753/1000, Train Loss: 7.6240, Validation Loss: 6.7987
Epoch 754/1000, Train Loss: 17.2021, Validation Loss: 6.0576
Epoch 755/1000, Train Loss: 7.1575, Validation Loss: 6.7598
Epoch 756/1000, Train Loss: 242.8497, Validation Loss: 6.0628
Epoch 757/1000, Train Loss: 6.3123, Validation Loss: 7.1947
Epoch 758/1000, Train Loss: 6.4452, Validation Loss: 6.0966
Epoch 759/1000, Train Loss: 691.3978, Validation Loss: 6.0564
Epoch 760/1000, Train Loss: 146.2161, Validation Loss: 6.3481
Epoch 761/1000, Train Loss: 6.2599, Validation Loss: 6.1267
Epoch 762/1000, Train Loss: 109.7676, Validation Loss: 6.5166
Epoch 763/1000, Train Loss: 7.3078, Validation Loss: 6.1005
Epoch 764/1000, Train Loss: 7.2296, Validation Loss: 6.1382
Epoch 765/1000, Train Loss: 8.7657, Validation Loss: 6.0565
Epoch 766/1000, Train Loss: 7.0222, Validation Loss: 6.0647
Epoch 767/1000, Train Loss: 97.0453, Validation Loss: 6.8215
Epoch 768/1000, Train Loss: 95.2502, Validation Loss: 6.0715
Epoch 769/1000, Train Loss: 7.6723, Validation Loss: 6.3458
Epoch 770/1000, Train Loss: 6.2964, Validation Loss: 6.3578
Epoch 771/1000, Train Loss: 6.3092, Validation Loss: 6.0870
Epoch 772/1000, Train Loss: 17.4446, Validation Loss: 6.0589
Epoch 773/1000, Train Loss: 6.8372, Validation Loss: 6.0588
Epoch 774/1000, Train Loss: 60.0795, Validation Loss: 6.1205
Epoch 775/1000, Train Loss: 14.9599, Validation Loss: 6.3343
Epoch 776/1000, Train Loss: 6.2967, Validation Loss: 6.1241
Epoch 777/1000, Train Loss: 6.3046, Validation Loss: 6.0883
Epoch 778/1000, Train Loss: 32.2847, Validation Loss: 6.1466
Epoch 779/1000, Train Loss: 6.2926, Validation Loss: 6.3139
Epoch 780/1000, Train Loss: 9.6254, Validation Loss: 6.4000
Epoch 781/1000, Train Loss: 6.2783, Validation Loss: 6.7929
Epoch 782/1000, Train Loss: 10.6796, Validation Loss: 6.4911
Epoch 783/1000, Train Loss: 1888.3140, Validation Loss: 6.0592
Epoch 784/1000, Train Loss: 78.5544, Validation Loss: 6.0692
Epoch 785/1000, Train Loss: 23.9767, Validation Loss: 5.7576
Epoch 786/1000, Train Loss: 6.9662, Validation Loss: 6.0955
Epoch 787/1000, Train Loss: 6.7539, Validation Loss: 6.0565
Epoch 788/1000, Train Loss: 6.2613, Validation Loss: 6.1974
Epoch 789/1000, Train Loss: 6.2538, Validation Loss: 6.1023
Epoch 790/1000, Train Loss: 748.7932, Validation Loss: 6.1209
Epoch 791/1000, Train Loss: 6.2955, Validation Loss: 6.5889
Epoch 792/1000, Train Loss: 6.3135, Validation Loss: 6.1448
Epoch 793/1000, Train Loss: 252.0185, Validation Loss: 6.1801
Epoch 794/1000, Train Loss: 6.2866, Validation Loss: 6.0981
Epoch 795/1000, Train Loss: 460.0517, Validation Loss: 6.0636
Epoch 796/1000, Train Loss: 6.2875, Validation Loss: 6.0752
Epoch 797/1000, Train Loss: 111.3186, Validation Loss: 6.1230
Epoch 798/1000, Train Loss: 6.2814, Validation Loss: 6.3433
Epoch 799/1000, Train Loss: 11.7341, Validation Loss: 6.0593
Epoch 800/1000, Train Loss: 6.2459, Validation Loss: 6.3448
Epoch 801/1000, Train Loss: 1267.2945, Validation Loss: 6.0877
Epoch 802/1000, Train Loss: 6.3360, Validation Loss: 6.2974
Epoch 803/1000, Train Loss: 6.2543, Validation Loss: 6.0853
Epoch 804/1000, Train Loss: 7.2018, Validation Loss: 6.0608
Epoch 805/1000, Train Loss: 6.6093, Validation Loss: 6.1770
Epoch 806/1000, Train Loss: 6.8197, Validation Loss: 6.1834
Epoch 807/1000, Train Loss: 6.2776, Validation Loss: 6.2424
Epoch 808/1000, Train Loss: 6.4313, Validation Loss: 6.1572
Epoch 809/1000, Train Loss: 14.0468, Validation Loss: 6.0564
Epoch 810/1000, Train Loss: 6.2714, Validation Loss: 6.9079
Epoch 811/1000, Train Loss: 6.4397, Validation Loss: 6.1092
Epoch 812/1000, Train Loss: 6.2530, Validation Loss: 6.4010
Epoch 813/1000, Train Loss: 6.2914, Validation Loss: 6.1263
Epoch 814/1000, Train Loss: 356248.3532, Validation Loss: 6.1706
Epoch 815/1000, Train Loss: 6.2593, Validation Loss: 6.2566
Epoch 816/1000, Train Loss: 6.4677, Validation Loss: 6.0564
Epoch 817/1000, Train Loss: 6.2610, Validation Loss: 6.0583
Epoch 818/1000, Train Loss: 7.2792, Validation Loss: 7.1141
Epoch 819/1000, Train Loss: 6.4545, Validation Loss: 6.5814
Epoch 820/1000, Train Loss: 6.3251, Validation Loss: 6.2923
Epoch 821/1000, Train Loss: 159.4215, Validation Loss: 6.0882
Epoch 822/1000, Train Loss: 8.6724, Validation Loss: 6.1112
Epoch 823/1000, Train Loss: 6.7567, Validation Loss: 6.0760
Epoch 824/1000, Train Loss: 1170.7625, Validation Loss: 6.1069
Epoch 825/1000, Train Loss: 6.3869, Validation Loss: 6.1907
Epoch 826/1000, Train Loss: 54.9613, Validation Loss: 6.2675
Epoch 827/1000, Train Loss: 6.3985, Validation Loss: 6.2317
Epoch 828/1000, Train Loss: 219.9141, Validation Loss: 6.0980
Epoch 829/1000, Train Loss: 65.2977, Validation Loss: 6.0828
Epoch 830/1000, Train Loss: 6.2690, Validation Loss: 6.0814
Epoch 831/1000, Train Loss: 2460.4745, Validation Loss: 6.7731
Epoch 832/1000, Train Loss: 7.1365, Validation Loss: 6.3767
Epoch 833/1000, Train Loss: 18.9042, Validation Loss: 6.0656
Epoch 834/1000, Train Loss: 6.3085, Validation Loss: 6.1508
Epoch 835/1000, Train Loss: 10.6694, Validation Loss: 6.2210
Epoch 836/1000, Train Loss: 6.3160, Validation Loss: 6.5415
Epoch 837/1000, Train Loss: 6.2885, Validation Loss: 6.4712
Epoch 838/1000, Train Loss: 7.8566, Validation Loss: 6.1059
Epoch 839/1000, Train Loss: 6.2793, Validation Loss: 6.4045
Epoch 840/1000, Train Loss: 15.8716, Validation Loss: 6.2496
Epoch 841/1000, Train Loss: 6.3181, Validation Loss: 6.5138
Epoch 842/1000, Train Loss: 171.4278, Validation Loss: 6.1865
Epoch 843/1000, Train Loss: 6.5445, Validation Loss: 6.3126
Epoch 844/1000, Train Loss: 6383.7520, Validation Loss: 6.1193
Epoch 845/1000, Train Loss: 8.7782, Validation Loss: 6.3465
Epoch 846/1000, Train Loss: 6.3011, Validation Loss: 6.1009
Epoch 847/1000, Train Loss: 22.1641, Validation Loss: 6.0565
Epoch 848/1000, Train Loss: 6.3103, Validation Loss: 6.1333
Epoch 849/1000, Train Loss: 414.8795, Validation Loss: 6.5800
Epoch 850/1000, Train Loss: 6.3426, Validation Loss: 6.4168
Epoch 851/1000, Train Loss: 8.5361, Validation Loss: 6.2002
Epoch 852/1000, Train Loss: 6.4721, Validation Loss: 6.0789
Epoch 853/1000, Train Loss: 6.3056, Validation Loss: 6.2974
Epoch 854/1000, Train Loss: 4158.3777, Validation Loss: 6.0911
Epoch 855/1000, Train Loss: 6.2819, Validation Loss: 6.0594
Epoch 856/1000, Train Loss: 17.1764, Validation Loss: 6.1525
Epoch 857/1000, Train Loss: 6.2575, Validation Loss: 6.1955
Epoch 858/1000, Train Loss: 40.7008, Validation Loss: 6.0633
Epoch 859/1000, Train Loss: 6.2509, Validation Loss: 6.0579
Epoch 860/1000, Train Loss: 19.2263, Validation Loss: 6.0723
Epoch 861/1000, Train Loss: 1663.2602, Validation Loss: 6.3526
Epoch 862/1000, Train Loss: 6.3093, Validation Loss: 6.3930
Epoch 863/1000, Train Loss: 6.3684, Validation Loss: 6.5780
Epoch 864/1000, Train Loss: 6.2484, Validation Loss: 6.3947
Epoch 865/1000, Train Loss: 43.9588, Validation Loss: 6.0752
Epoch 866/1000, Train Loss: 77.6289, Validation Loss: 6.1009
Epoch 867/1000, Train Loss: 32.1294, Validation Loss: 6.0609
Epoch 868/1000, Train Loss: 6.2411, Validation Loss: 6.1120
Epoch 869/1000, Train Loss: 4825.2644, Validation Loss: 6.0571
Epoch 870/1000, Train Loss: 6.3038, Validation Loss: 6.6398
Epoch 871/1000, Train Loss: 10.6604, Validation Loss: 6.1907
Epoch 872/1000, Train Loss: 14.8189, Validation Loss: 6.0739
Epoch 873/1000, Train Loss: 18.8260, Validation Loss: 6.0690
Epoch 874/1000, Train Loss: 7.7190, Validation Loss: 6.3414
Epoch 875/1000, Train Loss: 14.4734, Validation Loss: 6.9459
Epoch 876/1000, Train Loss: 140.4044, Validation Loss: 6.1179
Epoch 877/1000, Train Loss: 6.2885, Validation Loss: 6.0591
Epoch 878/1000, Train Loss: 6.7990, Validation Loss: 6.1302
Epoch 879/1000, Train Loss: 6.2496, Validation Loss: 6.1990
Epoch 880/1000, Train Loss: 6.6365, Validation Loss: 6.0807
Epoch 881/1000, Train Loss: 6.2647, Validation Loss: 6.1052
Epoch 882/1000, Train Loss: 11.1629, Validation Loss: 6.0568
Epoch 883/1000, Train Loss: 6.2490, Validation Loss: 6.0770
Epoch 884/1000, Train Loss: 12.3393, Validation Loss: 6.0564
Epoch 885/1000, Train Loss: 120242.4246, Validation Loss: 6.0891
Epoch 886/1000, Train Loss: 6.2788, Validation Loss: 6.2412
Epoch 887/1000, Train Loss: 6.2866, Validation Loss: 6.4194
Epoch 888/1000, Train Loss: 30.8774, Validation Loss: 6.1058
Epoch 889/1000, Train Loss: 6.3548, Validation Loss: 6.0816
Epoch 890/1000, Train Loss: 205.0838, Validation Loss: 6.1027
Epoch 891/1000, Train Loss: 89.0593, Validation Loss: 6.0837
Epoch 892/1000, Train Loss: 6.5439, Validation Loss: 6.0857
Epoch 893/1000, Train Loss: 344.3130, Validation Loss: 6.0738
Epoch 894/1000, Train Loss: 6.3022, Validation Loss: 6.1156
Epoch 895/1000, Train Loss: 6.2581, Validation Loss: 6.0566
Epoch 896/1000, Train Loss: 6.3788, Validation Loss: 6.4330
Epoch 897/1000, Train Loss: 6.3282, Validation Loss: 6.0731
Epoch 898/1000, Train Loss: 8.6511, Validation Loss: 6.0758
Epoch 899/1000, Train Loss: 6.3261, Validation Loss: 6.2894
Epoch 900/1000, Train Loss: 429.3274, Validation Loss: 6.0881
Epoch 901/1000, Train Loss: 6.2483, Validation Loss: 6.0567
Epoch 902/1000, Train Loss: 25.7009, Validation Loss: 7.5178
Epoch 903/1000, Train Loss: 7.4820, Validation Loss: 6.2268
Epoch 904/1000, Train Loss: 6.3106, Validation Loss: 6.1630
Epoch 905/1000, Train Loss: 72.1965, Validation Loss: 6.0595
Epoch 906/1000, Train Loss: 6.6427, Validation Loss: 6.0909
Epoch 907/1000, Train Loss: 45.1119, Validation Loss: 6.1752
Epoch 908/1000, Train Loss: 6.3021, Validation Loss: 6.1974
Epoch 909/1000, Train Loss: 7.8121, Validation Loss: 6.2262
Epoch 910/1000, Train Loss: 24.3894, Validation Loss: 6.0563
Epoch 911/1000, Train Loss: 6.2461, Validation Loss: 6.0957
Epoch 912/1000, Train Loss: 41.9923, Validation Loss: 6.4804
Epoch 913/1000, Train Loss: 6.3135, Validation Loss: 6.6730
Epoch 914/1000, Train Loss: 6.8389, Validation Loss: 6.1954
Epoch 915/1000, Train Loss: 32.6895, Validation Loss: 6.1357
Epoch 916/1000, Train Loss: 6.2930, Validation Loss: 6.0574
Epoch 917/1000, Train Loss: 6.9553, Validation Loss: 6.1525
Epoch 918/1000, Train Loss: 6.2659, Validation Loss: 6.4113
Epoch 919/1000, Train Loss: 1211.5360, Validation Loss: 6.9089
Epoch 920/1000, Train Loss: 6.2497, Validation Loss: 6.0682
Epoch 921/1000, Train Loss: 9.5112, Validation Loss: 6.2957
Epoch 922/1000, Train Loss: 6.3250, Validation Loss: 6.1662
Epoch 923/1000, Train Loss: 6.2546, Validation Loss: 245.0269
Epoch 924/1000, Train Loss: 9.3620, Validation Loss: 6.4272
Epoch 925/1000, Train Loss: 9.4821, Validation Loss: 6.0581
Epoch 926/1000, Train Loss: 68.9761, Validation Loss: 6.1652
Epoch 927/1000, Train Loss: 6.3492, Validation Loss: 6.0563
Epoch 928/1000, Train Loss: 9.8694, Validation Loss: 6.0564
Epoch 929/1000, Train Loss: 533.5113, Validation Loss: 6.1188
Epoch 930/1000, Train Loss: 21.9150, Validation Loss: 6.3526
Epoch 931/1000, Train Loss: 6.3026, Validation Loss: 6.1832
Epoch 932/1000, Train Loss: 6.2865, Validation Loss: 6.1554
Epoch 933/1000, Train Loss: 8.3541, Validation Loss: 6.0751
Epoch 934/1000, Train Loss: 328.7047, Validation Loss: 20.3350
Epoch 935/1000, Train Loss: 6.7466, Validation Loss: 6.1466
Epoch 936/1000, Train Loss: 6.2192, Validation Loss: 6.4175
Epoch 937/1000, Train Loss: 26.0328, Validation Loss: 6.3060
Epoch 938/1000, Train Loss: 6.2985, Validation Loss: 6.2177
Epoch 939/1000, Train Loss: 7.1208, Validation Loss: 6.4364
Epoch 940/1000, Train Loss: 228.1108, Validation Loss: 6.1085
Epoch 941/1000, Train Loss: 6.5355, Validation Loss: 6.0716
Epoch 942/1000, Train Loss: 14.7906, Validation Loss: 6.1194
Epoch 943/1000, Train Loss: 117.3627, Validation Loss: 6.2644
Epoch 944/1000, Train Loss: 6.4552, Validation Loss: 6.1901
Epoch 945/1000, Train Loss: 8.4641, Validation Loss: 6.7179
Epoch 946/1000, Train Loss: 6.4991, Validation Loss: 6.0746
Epoch 947/1000, Train Loss: 6.2969, Validation Loss: 6.0796
Epoch 948/1000, Train Loss: 6.9176, Validation Loss: 6.1541
Epoch 949/1000, Train Loss: 12.0489, Validation Loss: 6.3188
Epoch 950/1000, Train Loss: 6.8494, Validation Loss: 6.1757
Epoch 951/1000, Train Loss: 7.1669, Validation Loss: 6.0718
Epoch 952/1000, Train Loss: 6.2799, Validation Loss: 6.0570
Epoch 953/1000, Train Loss: 40.3604, Validation Loss: 6.0861
Epoch 954/1000, Train Loss: 6.2992, Validation Loss: 6.2435
Epoch 955/1000, Train Loss: 6.3002, Validation Loss: 6.6025
Epoch 956/1000, Train Loss: 6.3031, Validation Loss: 6.0942
Epoch 957/1000, Train Loss: 8.4285, Validation Loss: 6.2220
Epoch 958/1000, Train Loss: 6.3094, Validation Loss: 6.1388
Epoch 959/1000, Train Loss: 56.7841, Validation Loss: 6.1130
Epoch 960/1000, Train Loss: 6.3160, Validation Loss: 6.1161
Epoch 961/1000, Train Loss: 7.1049, Validation Loss: 6.0676
Epoch 962/1000, Train Loss: 46.9562, Validation Loss: 6.7126
Epoch 963/1000, Train Loss: 50.6600, Validation Loss: 6.3272
Epoch 964/1000, Train Loss: 6.2291, Validation Loss: 6.0734
Epoch 965/1000, Train Loss: 6.3137, Validation Loss: 6.1826
Epoch 966/1000, Train Loss: 6.2645, Validation Loss: 6.0629
Epoch 967/1000, Train Loss: 20.4137, Validation Loss: 6.0596
Epoch 968/1000, Train Loss: 6.2627, Validation Loss: 6.1519
Epoch 969/1000, Train Loss: 27.8980, Validation Loss: 6.0950
Epoch 970/1000, Train Loss: 6.3732, Validation Loss: 6.4806
Epoch 971/1000, Train Loss: 6.2665, Validation Loss: 6.1927
Epoch 972/1000, Train Loss: 26.4426, Validation Loss: 6.0820
Epoch 973/1000, Train Loss: 16.0975, Validation Loss: 6.0719
Epoch 974/1000, Train Loss: 6.2440, Validation Loss: 6.1872
Epoch 975/1000, Train Loss: 11.4774, Validation Loss: 6.1501
Epoch 976/1000, Train Loss: 846.1231, Validation Loss: 6.0709
Epoch 977/1000, Train Loss: 10.1851, Validation Loss: 6.0630
Epoch 978/1000, Train Loss: 6.3357, Validation Loss: 6.0568
Epoch 979/1000, Train Loss: 6.3029, Validation Loss: 6.1075
Epoch 980/1000, Train Loss: 9.0589, Validation Loss: 6.0888
Epoch 981/1000, Train Loss: 16.1040, Validation Loss: 6.3237
Epoch 982/1000, Train Loss: 157964.5088, Validation Loss: 6.4747
Epoch 983/1000, Train Loss: 6.2652, Validation Loss: 6.0565
Epoch 984/1000, Train Loss: 7.4313, Validation Loss: 6.1108
Epoch 985/1000, Train Loss: 32.0801, Validation Loss: 6.0604
Epoch 986/1000, Train Loss: 60.6887, Validation Loss: 6.1351
Epoch 987/1000, Train Loss: 6.2377, Validation Loss: 6.4317
Epoch 988/1000, Train Loss: 6.3176, Validation Loss: 6.1403
Epoch 989/1000, Train Loss: 7.2275, Validation Loss: 6.3918
Epoch 990/1000, Train Loss: 6.3412, Validation Loss: 6.0578
Epoch 991/1000, Train Loss: 14.5485, Validation Loss: 6.3064
Epoch 992/1000, Train Loss: 6.3676, Validation Loss: 6.4058
Epoch 993/1000, Train Loss: 9.0169, Validation Loss: 6.0746
Epoch 994/1000, Train Loss: 6.4687, Validation Loss: 6.2611
Epoch 995/1000, Train Loss: 6.6401, Validation Loss: 17.9474
Epoch 996/1000, Train Loss: 26687.9371, Validation Loss: 6.0573
Epoch 997/1000, Train Loss: 6.2845, Validation Loss: 6.3808
Epoch 998/1000, Train Loss: 6.2567, Validation Loss: 6.2004
Epoch 999/1000, Train Loss: 40071.1083, Validation Loss: 6.0957
Epoch 1000/1000, Train Loss: 6.9141, Validation Loss: 6.1496
Best Training Loss: 1.0615
Best Training Loss Epoch: 49
Best Validation Loss: 0.9156
Best Validation Loss Epoch: 44
Time taken for training: 1-15:58:54
Test Loss: 0.9450
Test MAPE: 136535.2031%
Error Statistics:
count     41272.000000
mean        538.906250
std        8215.360352
min           0.000017
25%           0.161026
50%           2.275742
75%          31.938445
max      926279.687500
Name: Absolute Error, dtype: float64
Training complete. Final model saved.
Saving model as a wandb Artifact...
Model artifact logged successfully.
[1;34mwandb[0m: 
[1;34mwandb[0m: 🚀 View run [33mhelpful-sweep-194[0m at: [34mhttps://wandb.ai/mk8737-new-york-university/rl_pretrain_hp_sweeps/runs/xd47z7jz[0m
[1;34mwandb[0m: Find logs at: [1;35mwandb/run-20251006_144223-xd47z7jz/logs[0m
Agent finished.
