Waiting for sweep ID...
Found Sweep ID: be12np04
Starting wandb agent for sweep be12np04...
TRAINING DEVICE: cpu
Run Name: GCN_global_hp_sweep_be12np04-14fulhvf
finidhed preparing data
Loading dataset from pretrain_dataset_12.5k_fixed_duplicates.pkl
Loaded 412712 data objects.
finished preparing data
Epoch 1/1000, Train Loss: 2.2892, Validation Loss: 1.9900
Epoch 2/1000, Train Loss: 1.3938, Validation Loss: 3.1499
Epoch 3/1000, Train Loss: 1.2453, Validation Loss: 1.0643
Epoch 4/1000, Train Loss: 1.1414, Validation Loss: 1.1380
Epoch 5/1000, Train Loss: 1.1511, Validation Loss: 1.2150
Epoch 6/1000, Train Loss: 1.1183, Validation Loss: 1.9439
Epoch 7/1000, Train Loss: 1.0652, Validation Loss: 1.0718
Epoch 8/1000, Train Loss: 1.0492, Validation Loss: 3.5881
Epoch 9/1000, Train Loss: 1.0253, Validation Loss: 0.9820
Epoch 10/1000, Train Loss: 0.9898, Validation Loss: 2.3854
Epoch 11/1000, Train Loss: 1.0031, Validation Loss: 1.4880
Epoch 12/1000, Train Loss: 0.9870, Validation Loss: 1.4858
Epoch 13/1000, Train Loss: 0.9642, Validation Loss: 2.0203
Epoch 14/1000, Train Loss: 0.9350, Validation Loss: 1.2020
Epoch 15/1000, Train Loss: 0.9192, Validation Loss: 3.5124
Epoch 16/1000, Train Loss: 0.9072, Validation Loss: 1.3504
Epoch 17/1000, Train Loss: 0.9024, Validation Loss: 2.6053
Epoch 18/1000, Train Loss: 0.8805, Validation Loss: 2.6695
Epoch 19/1000, Train Loss: 0.8737, Validation Loss: 7.6795
Epoch 20/1000, Train Loss: 0.8665, Validation Loss: 0.9813
Epoch 21/1000, Train Loss: 0.8378, Validation Loss: 1.4662
Epoch 22/1000, Train Loss: 0.8650, Validation Loss: 1.5681
Epoch 23/1000, Train Loss: 0.8537, Validation Loss: 1.3779
Epoch 24/1000, Train Loss: 0.8320, Validation Loss: 1.4447
Epoch 25/1000, Train Loss: 0.7962, Validation Loss: 1.8416
Epoch 26/1000, Train Loss: 0.8043, Validation Loss: 1.2915
Epoch 27/1000, Train Loss: 0.7722, Validation Loss: 2.1821
Epoch 28/1000, Train Loss: 0.7785, Validation Loss: 1.1499
Epoch 29/1000, Train Loss: 0.7786, Validation Loss: 3.1399
Epoch 30/1000, Train Loss: 0.7722, Validation Loss: 2.5957
Epoch 31/1000, Train Loss: 0.7535, Validation Loss: 1.0913
Epoch 32/1000, Train Loss: 0.7375, Validation Loss: 1.0363
Epoch 33/1000, Train Loss: 0.7178, Validation Loss: 1.3650
Epoch 34/1000, Train Loss: 0.7326, Validation Loss: 0.6976
Epoch 35/1000, Train Loss: 0.7140, Validation Loss: 1.7015
Epoch 36/1000, Train Loss: 0.7011, Validation Loss: 3.8133
Epoch 37/1000, Train Loss: 0.7015, Validation Loss: 1.8491
Epoch 38/1000, Train Loss: 0.6902, Validation Loss: 1.1004
Epoch 39/1000, Train Loss: 0.7022, Validation Loss: 1.2942
Epoch 40/1000, Train Loss: 0.6862, Validation Loss: 0.6959
Epoch 41/1000, Train Loss: 0.6844, Validation Loss: 1.1762
Epoch 42/1000, Train Loss: 0.6833, Validation Loss: 1.4419
Epoch 43/1000, Train Loss: 0.6775, Validation Loss: 1.4458
Epoch 44/1000, Train Loss: 0.6639, Validation Loss: 1.3769
Epoch 45/1000, Train Loss: 0.6648, Validation Loss: 1.5027
Epoch 46/1000, Train Loss: 0.6656, Validation Loss: 1.4899
Epoch 47/1000, Train Loss: 0.6621, Validation Loss: 2.1931
Epoch 48/1000, Train Loss: 0.6511, Validation Loss: 1.3949
Epoch 49/1000, Train Loss: 0.6524, Validation Loss: 1.4466
Epoch 50/1000, Train Loss: 0.6509, Validation Loss: 0.9369
Epoch 51/1000, Train Loss: 0.6797, Validation Loss: 0.6440
Epoch 52/1000, Train Loss: 0.6378, Validation Loss: 1.8145
Epoch 53/1000, Train Loss: 0.6445, Validation Loss: 2.1394
Epoch 54/1000, Train Loss: 0.6432, Validation Loss: 0.8367
Epoch 55/1000, Train Loss: 0.6431, Validation Loss: 0.7855
Epoch 56/1000, Train Loss: 0.6371, Validation Loss: 1.5479
Epoch 57/1000, Train Loss: 0.6372, Validation Loss: 1.2161
Epoch 58/1000, Train Loss: 0.6295, Validation Loss: 0.9924
Epoch 59/1000, Train Loss: 0.6355, Validation Loss: 2.4132
Epoch 60/1000, Train Loss: 0.6304, Validation Loss: 1.7582
Epoch 61/1000, Train Loss: 0.6381, Validation Loss: 0.7695
Epoch 62/1000, Train Loss: 0.6226, Validation Loss: 1.1863
Epoch 63/1000, Train Loss: 0.6253, Validation Loss: 1.1884
Epoch 64/1000, Train Loss: 0.6215, Validation Loss: 1.4195
Epoch 65/1000, Train Loss: 0.6311, Validation Loss: 0.6093
Epoch 66/1000, Train Loss: 0.6138, Validation Loss: 0.9551
Epoch 67/1000, Train Loss: 0.6175, Validation Loss: 0.8912
Epoch 68/1000, Train Loss: 0.6179, Validation Loss: 0.8576
Epoch 69/1000, Train Loss: 0.6231, Validation Loss: 3.0459
Epoch 70/1000, Train Loss: 0.6152, Validation Loss: 1.0426
Epoch 71/1000, Train Loss: 0.6470, Validation Loss: 0.7964
Epoch 72/1000, Train Loss: 0.6225, Validation Loss: 2.1958
Epoch 73/1000, Train Loss: 0.6076, Validation Loss: 2.0672
Epoch 74/1000, Train Loss: 0.6058, Validation Loss: 2.2367
Epoch 75/1000, Train Loss: 0.6094, Validation Loss: 3.9082
Epoch 76/1000, Train Loss: 0.6075, Validation Loss: 3.0735
Epoch 77/1000, Train Loss: 0.5984, Validation Loss: 1.2143
Epoch 78/1000, Train Loss: 0.6491, Validation Loss: 0.8883
Epoch 79/1000, Train Loss: 0.6048, Validation Loss: 1.2175
Epoch 80/1000, Train Loss: 0.6005, Validation Loss: 0.8915
Epoch 81/1000, Train Loss: 0.6007, Validation Loss: 1.4908
Epoch 82/1000, Train Loss: 0.5988, Validation Loss: 0.8924
Epoch 83/1000, Train Loss: 0.5965, Validation Loss: 1.6077
Epoch 84/1000, Train Loss: 0.5915, Validation Loss: 1.2328
Epoch 85/1000, Train Loss: 0.5949, Validation Loss: 1.2072
Epoch 86/1000, Train Loss: 0.5953, Validation Loss: 2.0488
Epoch 87/1000, Train Loss: 0.5858, Validation Loss: 1.0632
Epoch 88/1000, Train Loss: 0.5908, Validation Loss: 0.9268
Epoch 89/1000, Train Loss: 0.5888, Validation Loss: 1.8918
Epoch 90/1000, Train Loss: 0.5923, Validation Loss: 1.0305
Epoch 91/1000, Train Loss: 0.5936, Validation Loss: 1.3555
Epoch 92/1000, Train Loss: 0.5885, Validation Loss: 1.7631
Epoch 93/1000, Train Loss: 0.5902, Validation Loss: 0.7870
Epoch 94/1000, Train Loss: 0.5835, Validation Loss: 1.6044
Epoch 95/1000, Train Loss: 0.6069, Validation Loss: 2.2217
Epoch 96/1000, Train Loss: 0.5848, Validation Loss: 0.7662
Epoch 97/1000, Train Loss: 0.5888, Validation Loss: 0.7936
Epoch 98/1000, Train Loss: 0.5979, Validation Loss: 0.6867
Epoch 99/1000, Train Loss: 0.5847, Validation Loss: 1.0613
Epoch 100/1000, Train Loss: 0.5844, Validation Loss: 0.7351
Epoch 101/1000, Train Loss: 0.5801, Validation Loss: 0.6453
Epoch 102/1000, Train Loss: 0.5816, Validation Loss: 0.9307
Epoch 103/1000, Train Loss: 0.5759, Validation Loss: 1.1185
Epoch 104/1000, Train Loss: 0.5762, Validation Loss: 2.3180
Epoch 105/1000, Train Loss: 0.5811, Validation Loss: 2.3744
Epoch 106/1000, Train Loss: 0.5824, Validation Loss: 4.0609
Epoch 107/1000, Train Loss: 0.5799, Validation Loss: 7.1451
Epoch 108/1000, Train Loss: 0.5799, Validation Loss: 0.9080
Epoch 109/1000, Train Loss: 0.5794, Validation Loss: 0.9170
Epoch 110/1000, Train Loss: 0.5742, Validation Loss: 2.6287
Epoch 111/1000, Train Loss: 0.5675, Validation Loss: 0.7061
Epoch 112/1000, Train Loss: 0.5715, Validation Loss: 1.3072
Epoch 113/1000, Train Loss: 0.5759, Validation Loss: 0.7257
Epoch 114/1000, Train Loss: 0.5783, Validation Loss: 1.0628
Epoch 115/1000, Train Loss: 0.5742, Validation Loss: 1.1798
Epoch 116/1000, Train Loss: 0.5676, Validation Loss: 0.6774
Epoch 117/1000, Train Loss: 0.5742, Validation Loss: 0.6896
Epoch 118/1000, Train Loss: 0.5743, Validation Loss: 2.5328
Epoch 119/1000, Train Loss: 0.5741, Validation Loss: 0.8707
Epoch 120/1000, Train Loss: 0.5626, Validation Loss: 1.2600
Epoch 121/1000, Train Loss: 0.5737, Validation Loss: 2.3842
Epoch 122/1000, Train Loss: 0.5661, Validation Loss: 1.0312
Epoch 123/1000, Train Loss: 0.5719, Validation Loss: 0.8393
Epoch 124/1000, Train Loss: 0.5738, Validation Loss: 2.5332
Epoch 125/1000, Train Loss: 0.5694, Validation Loss: 0.9040
Epoch 126/1000, Train Loss: 0.5672, Validation Loss: 0.6321
Epoch 127/1000, Train Loss: 0.5735, Validation Loss: 1.7068
Epoch 128/1000, Train Loss: 0.5729, Validation Loss: 0.7875
Epoch 129/1000, Train Loss: 0.5655, Validation Loss: 0.7904
Epoch 130/1000, Train Loss: 0.5578, Validation Loss: 1.9648
Epoch 131/1000, Train Loss: 0.5662, Validation Loss: 0.6270
Epoch 132/1000, Train Loss: 0.5699, Validation Loss: 0.6572
Epoch 133/1000, Train Loss: 0.5678, Validation Loss: 2.0151
Epoch 134/1000, Train Loss: 0.5598, Validation Loss: 1.6587
Epoch 135/1000, Train Loss: 0.5802, Validation Loss: 1.0482
Epoch 136/1000, Train Loss: 0.5759, Validation Loss: 2.2818
Epoch 137/1000, Train Loss: 0.5642, Validation Loss: 2.6240
Epoch 138/1000, Train Loss: 0.5863, Validation Loss: 1.1944
Epoch 139/1000, Train Loss: 0.5731, Validation Loss: 0.7122
Epoch 140/1000, Train Loss: 0.5590, Validation Loss: 0.9877
Epoch 141/1000, Train Loss: 0.5672, Validation Loss: 1.4296
Epoch 142/1000, Train Loss: 0.5622, Validation Loss: 2.5613
Epoch 143/1000, Train Loss: 0.5641, Validation Loss: 1.0877
Epoch 144/1000, Train Loss: 0.5585, Validation Loss: 1.5644
Epoch 145/1000, Train Loss: 0.5561, Validation Loss: 3.2426
Epoch 146/1000, Train Loss: 0.5713, Validation Loss: 0.7493
Epoch 147/1000, Train Loss: 0.5565, Validation Loss: 1.0963
Epoch 148/1000, Train Loss: 0.5571, Validation Loss: 2.1547
Epoch 149/1000, Train Loss: 0.5702, Validation Loss: 3.1501
Epoch 150/1000, Train Loss: 0.5568, Validation Loss: 3.3740
Epoch 151/1000, Train Loss: 0.5626, Validation Loss: 0.7988
Epoch 152/1000, Train Loss: 0.5577, Validation Loss: 1.1861
Epoch 153/1000, Train Loss: 0.5632, Validation Loss: 0.9839
Epoch 154/1000, Train Loss: 0.5590, Validation Loss: 1.5832
Epoch 155/1000, Train Loss: 0.5621, Validation Loss: 1.2800
Epoch 156/1000, Train Loss: 0.5648, Validation Loss: 1.0038
Epoch 157/1000, Train Loss: 0.5569, Validation Loss: 0.6789
Epoch 158/1000, Train Loss: 0.5550, Validation Loss: 0.7531
Epoch 159/1000, Train Loss: 0.5623, Validation Loss: 1.8731
Epoch 160/1000, Train Loss: 0.5610, Validation Loss: 0.8403
Epoch 161/1000, Train Loss: 0.5738, Validation Loss: 3.7961
Epoch 162/1000, Train Loss: 0.5547, Validation Loss: 0.8401
Epoch 163/1000, Train Loss: 0.5596, Validation Loss: 2.0618
Epoch 164/1000, Train Loss: 0.5562, Validation Loss: 0.7885
Epoch 165/1000, Train Loss: 0.5557, Validation Loss: 1.5060
Epoch 166/1000, Train Loss: 0.5739, Validation Loss: 1.7243
Epoch 167/1000, Train Loss: 0.5516, Validation Loss: 1.6077
Epoch 168/1000, Train Loss: 0.5560, Validation Loss: 0.9637
Epoch 169/1000, Train Loss: 0.5589, Validation Loss: 2.2040
Epoch 170/1000, Train Loss: 0.5533, Validation Loss: 0.9756
Epoch 171/1000, Train Loss: 0.5602, Validation Loss: 2.4131
Epoch 172/1000, Train Loss: 0.5575, Validation Loss: 0.7222
Epoch 173/1000, Train Loss: 0.5530, Validation Loss: 1.5635
Epoch 174/1000, Train Loss: 0.5524, Validation Loss: 0.8966
Epoch 175/1000, Train Loss: 0.5572, Validation Loss: 0.6642
Epoch 176/1000, Train Loss: 0.5541, Validation Loss: 1.4794
Epoch 177/1000, Train Loss: 0.5632, Validation Loss: 1.5612
Epoch 178/1000, Train Loss: 0.5618, Validation Loss: 0.8171
Epoch 179/1000, Train Loss: 0.5574, Validation Loss: 2.4929
Epoch 180/1000, Train Loss: 0.5616, Validation Loss: 2.8953
Epoch 181/1000, Train Loss: 0.5523, Validation Loss: 1.3416
Epoch 182/1000, Train Loss: 0.5510, Validation Loss: 0.8661
Epoch 183/1000, Train Loss: 0.5592, Validation Loss: 0.6523
Epoch 184/1000, Train Loss: 0.5487, Validation Loss: 0.6021
Epoch 185/1000, Train Loss: 0.5633, Validation Loss: 0.7450
Epoch 186/1000, Train Loss: 0.5489, Validation Loss: 0.8426
Epoch 187/1000, Train Loss: 0.5531, Validation Loss: 0.7047
Epoch 188/1000, Train Loss: 0.5454, Validation Loss: 2.8756
Epoch 189/1000, Train Loss: 0.5456, Validation Loss: 2.2830
Epoch 190/1000, Train Loss: 0.5506, Validation Loss: 0.6496
Epoch 191/1000, Train Loss: 0.5538, Validation Loss: 0.9226
Epoch 192/1000, Train Loss: 0.5481, Validation Loss: 1.1034
Epoch 193/1000, Train Loss: 0.5560, Validation Loss: 0.7504
Epoch 194/1000, Train Loss: 0.5578, Validation Loss: 2.4033
Epoch 195/1000, Train Loss: 0.5462, Validation Loss: 0.9432
Epoch 196/1000, Train Loss: 0.5512, Validation Loss: 2.5334
Epoch 197/1000, Train Loss: 0.5506, Validation Loss: 1.8968
Epoch 198/1000, Train Loss: 0.5514, Validation Loss: 1.3851
Epoch 199/1000, Train Loss: 0.5474, Validation Loss: 2.1098
Epoch 200/1000, Train Loss: 0.5518, Validation Loss: 2.4666
Epoch 201/1000, Train Loss: 0.5468, Validation Loss: 0.7236
Epoch 202/1000, Train Loss: 0.5412, Validation Loss: 1.2617
Epoch 203/1000, Train Loss: 0.5571, Validation Loss: 1.6957
Epoch 204/1000, Train Loss: 0.5534, Validation Loss: 2.1511
Epoch 205/1000, Train Loss: 0.5591, Validation Loss: 1.9298
Epoch 206/1000, Train Loss: 0.5563, Validation Loss: 2.2491
Epoch 207/1000, Train Loss: 0.5534, Validation Loss: 3.1487
Epoch 208/1000, Train Loss: 0.5573, Validation Loss: 0.5575
Epoch 209/1000, Train Loss: 0.5485, Validation Loss: 1.0135
Epoch 210/1000, Train Loss: 0.5550, Validation Loss: 3.4196
Epoch 211/1000, Train Loss: 0.5616, Validation Loss: 1.6249
Epoch 212/1000, Train Loss: 0.5466, Validation Loss: 2.0695
Epoch 213/1000, Train Loss: 0.5507, Validation Loss: 1.1049
Epoch 214/1000, Train Loss: 0.5451, Validation Loss: 1.8280
Epoch 215/1000, Train Loss: 0.5526, Validation Loss: 2.9367
Epoch 216/1000, Train Loss: 0.5481, Validation Loss: 2.0747
Epoch 217/1000, Train Loss: 0.5571, Validation Loss: 1.1244
Epoch 218/1000, Train Loss: 0.5555, Validation Loss: 1.0850
Epoch 219/1000, Train Loss: 0.5670, Validation Loss: 0.8823
Epoch 220/1000, Train Loss: 0.5403, Validation Loss: 3.5061
Epoch 221/1000, Train Loss: 0.5456, Validation Loss: 0.8792
Epoch 222/1000, Train Loss: 0.5518, Validation Loss: 2.9925
Epoch 223/1000, Train Loss: 0.5432, Validation Loss: 0.9323
Epoch 224/1000, Train Loss: 0.5437, Validation Loss: 1.4553
Epoch 225/1000, Train Loss: 0.5424, Validation Loss: 1.3069
Epoch 226/1000, Train Loss: 0.5402, Validation Loss: 1.5263
Epoch 227/1000, Train Loss: 0.5424, Validation Loss: 2.1834
Epoch 228/1000, Train Loss: 0.5460, Validation Loss: 1.4959
Epoch 229/1000, Train Loss: 0.5433, Validation Loss: 2.2686
Epoch 230/1000, Train Loss: 0.5377, Validation Loss: 0.9034
Epoch 231/1000, Train Loss: 0.5375, Validation Loss: 2.0317
Epoch 232/1000, Train Loss: 0.5484, Validation Loss: 2.7611
Epoch 233/1000, Train Loss: 0.5417, Validation Loss: 3.0006
Epoch 234/1000, Train Loss: 0.5423, Validation Loss: 0.7021
Epoch 235/1000, Train Loss: 0.5396, Validation Loss: 1.9431
Epoch 236/1000, Train Loss: 0.5439, Validation Loss: 1.5554
Epoch 237/1000, Train Loss: 0.5410, Validation Loss: 1.3963
Epoch 238/1000, Train Loss: 0.5402, Validation Loss: 0.9717
Epoch 239/1000, Train Loss: 0.5434, Validation Loss: 1.0786
Epoch 240/1000, Train Loss: 0.5396, Validation Loss: 2.4897
Epoch 241/1000, Train Loss: 0.5439, Validation Loss: 2.1718
Epoch 242/1000, Train Loss: 0.5419, Validation Loss: 3.2387
Epoch 243/1000, Train Loss: 0.5409, Validation Loss: 1.8997
Epoch 244/1000, Train Loss: 0.5362, Validation Loss: 2.3511
Epoch 245/1000, Train Loss: 0.5342, Validation Loss: 0.9092
Epoch 246/1000, Train Loss: 0.5401, Validation Loss: 1.0663
Epoch 247/1000, Train Loss: 0.5359, Validation Loss: 1.5648
Epoch 248/1000, Train Loss: 0.5493, Validation Loss: 1.8908
Epoch 249/1000, Train Loss: 0.5390, Validation Loss: 1.3916
Epoch 250/1000, Train Loss: 0.5401, Validation Loss: 1.0409
Epoch 251/1000, Train Loss: 0.5411, Validation Loss: 0.7607
Epoch 252/1000, Train Loss: 0.5380, Validation Loss: 1.7720
Epoch 253/1000, Train Loss: 0.5373, Validation Loss: 0.5123
Epoch 254/1000, Train Loss: 0.5347, Validation Loss: 2.2728
Epoch 255/1000, Train Loss: 0.5297, Validation Loss: 1.5555
Epoch 256/1000, Train Loss: 0.5368, Validation Loss: 1.2382
Epoch 257/1000, Train Loss: 0.5477, Validation Loss: 1.4638
Epoch 258/1000, Train Loss: 0.5431, Validation Loss: 2.1557
Epoch 259/1000, Train Loss: 0.5388, Validation Loss: 1.2576
Epoch 260/1000, Train Loss: 0.5393, Validation Loss: 1.7264
Epoch 261/1000, Train Loss: 0.5423, Validation Loss: 1.2440
Epoch 262/1000, Train Loss: 0.5378, Validation Loss: 2.0328
Epoch 263/1000, Train Loss: 0.5433, Validation Loss: 3.8057
Epoch 264/1000, Train Loss: 0.5448, Validation Loss: 2.3398
Epoch 265/1000, Train Loss: 0.5427, Validation Loss: 2.4695
Epoch 266/1000, Train Loss: 0.5371, Validation Loss: 1.0237
Epoch 267/1000, Train Loss: 0.5325, Validation Loss: 0.7268
Epoch 268/1000, Train Loss: 0.5340, Validation Loss: 2.9795
Epoch 269/1000, Train Loss: 0.5381, Validation Loss: 2.6669
Epoch 270/1000, Train Loss: 0.5307, Validation Loss: 1.2993
Epoch 271/1000, Train Loss: 0.5429, Validation Loss: 1.9595
Epoch 272/1000, Train Loss: 0.5432, Validation Loss: 1.9446
Epoch 273/1000, Train Loss: 0.5330, Validation Loss: 1.5469
Epoch 274/1000, Train Loss: 0.5270, Validation Loss: 2.7121
Epoch 275/1000, Train Loss: 0.5315, Validation Loss: 2.6355
Epoch 276/1000, Train Loss: 0.5281, Validation Loss: 1.7524
Epoch 277/1000, Train Loss: 0.5324, Validation Loss: 1.0299
Epoch 278/1000, Train Loss: 0.5343, Validation Loss: 1.2075
Epoch 279/1000, Train Loss: 0.5342, Validation Loss: 1.4070
Epoch 280/1000, Train Loss: 0.5323, Validation Loss: 1.4500
Epoch 281/1000, Train Loss: 0.5357, Validation Loss: 1.9456
Epoch 282/1000, Train Loss: 0.5448, Validation Loss: 0.9425
Epoch 283/1000, Train Loss: 0.5350, Validation Loss: 1.2037
Epoch 284/1000, Train Loss: 0.5498, Validation Loss: 2.0160
Epoch 285/1000, Train Loss: 0.5352, Validation Loss: 1.2875
Epoch 286/1000, Train Loss: 0.5323, Validation Loss: 0.7143
Epoch 287/1000, Train Loss: 0.5292, Validation Loss: 1.2420
Epoch 288/1000, Train Loss: 0.5361, Validation Loss: 0.6291
Epoch 289/1000, Train Loss: 0.5401, Validation Loss: 0.7883
Epoch 290/1000, Train Loss: 0.5377, Validation Loss: 2.5257
Epoch 291/1000, Train Loss: 0.5380, Validation Loss: 0.8365
Epoch 292/1000, Train Loss: 0.5356, Validation Loss: 2.0499
Epoch 293/1000, Train Loss: 0.5324, Validation Loss: 0.7447
Epoch 294/1000, Train Loss: 0.5303, Validation Loss: 1.6007
Epoch 295/1000, Train Loss: 0.5269, Validation Loss: 0.7208
Epoch 296/1000, Train Loss: 0.5318, Validation Loss: 2.6818
Epoch 297/1000, Train Loss: 0.5258, Validation Loss: 1.5145
Epoch 298/1000, Train Loss: 0.5309, Validation Loss: 2.0246
Epoch 299/1000, Train Loss: 0.5310, Validation Loss: 0.8569
Epoch 300/1000, Train Loss: 0.5316, Validation Loss: 2.7619
Epoch 301/1000, Train Loss: 0.5369, Validation Loss: 2.4038
Epoch 302/1000, Train Loss: 0.5265, Validation Loss: 3.8118
Epoch 303/1000, Train Loss: 0.5392, Validation Loss: 1.4999
Epoch 304/1000, Train Loss: 0.5269, Validation Loss: 2.2184
Epoch 305/1000, Train Loss: 0.5367, Validation Loss: 1.1021
Epoch 306/1000, Train Loss: 0.5441, Validation Loss: 1.2650
Epoch 307/1000, Train Loss: 0.5354, Validation Loss: 0.9517
Epoch 308/1000, Train Loss: 0.5273, Validation Loss: 0.8834
Epoch 309/1000, Train Loss: 0.5312, Validation Loss: 2.4519
Epoch 310/1000, Train Loss: 0.5343, Validation Loss: 1.0803
Epoch 311/1000, Train Loss: 0.5330, Validation Loss: 0.8983
Epoch 312/1000, Train Loss: 0.5388, Validation Loss: 1.7564
Epoch 313/1000, Train Loss: 0.5451, Validation Loss: 2.3698
Epoch 314/1000, Train Loss: 0.5329, Validation Loss: 0.7235
Epoch 315/1000, Train Loss: 0.5284, Validation Loss: 0.6869
Epoch 316/1000, Train Loss: 0.5382, Validation Loss: 0.9908
Epoch 317/1000, Train Loss: 0.5258, Validation Loss: 1.0840
Epoch 318/1000, Train Loss: 0.5281, Validation Loss: 1.6793
Epoch 319/1000, Train Loss: 0.5302, Validation Loss: 2.2457
Epoch 320/1000, Train Loss: 0.5266, Validation Loss: 0.9331
Epoch 321/1000, Train Loss: 0.5306, Validation Loss: 1.1168
Epoch 322/1000, Train Loss: 0.5308, Validation Loss: 1.5779
Epoch 323/1000, Train Loss: 0.5356, Validation Loss: 1.1353
Epoch 324/1000, Train Loss: 0.5328, Validation Loss: 2.2964
Epoch 325/1000, Train Loss: 0.5337, Validation Loss: 3.3379
Epoch 326/1000, Train Loss: 0.5346, Validation Loss: 2.3574
Epoch 327/1000, Train Loss: 0.5294, Validation Loss: 1.2220
Epoch 328/1000, Train Loss: 0.5283, Validation Loss: 0.9334
Epoch 329/1000, Train Loss: 0.5261, Validation Loss: 1.1754
Epoch 330/1000, Train Loss: 0.5288, Validation Loss: 1.3293
Epoch 331/1000, Train Loss: 0.5364, Validation Loss: 1.1074
Epoch 332/1000, Train Loss: 0.5324, Validation Loss: 1.3305
Epoch 333/1000, Train Loss: 0.5262, Validation Loss: 0.8419
Epoch 334/1000, Train Loss: 0.5337, Validation Loss: 2.9949
Epoch 335/1000, Train Loss: 0.5295, Validation Loss: 0.7880
Epoch 336/1000, Train Loss: 0.5273, Validation Loss: 1.6227
Epoch 337/1000, Train Loss: 0.5299, Validation Loss: 2.3086
Epoch 338/1000, Train Loss: 0.5299, Validation Loss: 1.6982
Epoch 339/1000, Train Loss: 0.5408, Validation Loss: 1.0177
Epoch 340/1000, Train Loss: 0.5253, Validation Loss: 1.9821
Epoch 341/1000, Train Loss: 0.5290, Validation Loss: 0.8887
Epoch 342/1000, Train Loss: 0.5298, Validation Loss: 1.4499
Epoch 343/1000, Train Loss: 0.5313, Validation Loss: 1.3215
Epoch 344/1000, Train Loss: 0.5292, Validation Loss: 2.1868
Epoch 345/1000, Train Loss: 0.5265, Validation Loss: 1.2882
Epoch 346/1000, Train Loss: 0.5253, Validation Loss: 1.0228
Epoch 347/1000, Train Loss: 0.5264, Validation Loss: 1.5490
Epoch 348/1000, Train Loss: 0.5261, Validation Loss: 1.7537
Epoch 349/1000, Train Loss: 0.5299, Validation Loss: 1.9606
Epoch 350/1000, Train Loss: 0.5270, Validation Loss: 1.3102
Epoch 351/1000, Train Loss: 0.5364, Validation Loss: 1.9148
Epoch 352/1000, Train Loss: 0.5264, Validation Loss: 0.8809
Epoch 353/1000, Train Loss: 0.5280, Validation Loss: 1.6276
Epoch 354/1000, Train Loss: 0.5299, Validation Loss: 2.7011
Epoch 355/1000, Train Loss: 0.5329, Validation Loss: 2.0232
Epoch 356/1000, Train Loss: 0.5267, Validation Loss: 1.7770
Epoch 357/1000, Train Loss: 0.5297, Validation Loss: 1.2336
Epoch 358/1000, Train Loss: 0.5287, Validation Loss: 2.5892
Epoch 359/1000, Train Loss: 0.5305, Validation Loss: 1.6465
Epoch 360/1000, Train Loss: 0.5275, Validation Loss: 0.9637
Epoch 361/1000, Train Loss: 0.5281, Validation Loss: 3.4802
Epoch 362/1000, Train Loss: 0.5248, Validation Loss: 2.2400
Epoch 363/1000, Train Loss: 0.5294, Validation Loss: 0.9290
Epoch 364/1000, Train Loss: 0.5266, Validation Loss: 1.1728
Epoch 365/1000, Train Loss: 0.5320, Validation Loss: 1.9782
Epoch 366/1000, Train Loss: 0.5279, Validation Loss: 1.0345
Epoch 367/1000, Train Loss: 0.5360, Validation Loss: 1.1341
Epoch 368/1000, Train Loss: 0.5277, Validation Loss: 2.5288
Epoch 369/1000, Train Loss: 0.5241, Validation Loss: 0.7853
Epoch 370/1000, Train Loss: 0.5340, Validation Loss: 2.2819
Epoch 371/1000, Train Loss: 0.5239, Validation Loss: 0.7061
Epoch 372/1000, Train Loss: 0.5279, Validation Loss: 2.5347
Epoch 373/1000, Train Loss: 0.5270, Validation Loss: 1.6719
Epoch 374/1000, Train Loss: 0.5241, Validation Loss: 2.0480
Epoch 375/1000, Train Loss: 0.5353, Validation Loss: 1.2108
Epoch 376/1000, Train Loss: 0.5336, Validation Loss: 1.6725
Epoch 377/1000, Train Loss: 0.5257, Validation Loss: 0.5756
Epoch 378/1000, Train Loss: 0.5258, Validation Loss: 1.6378
Epoch 379/1000, Train Loss: 0.5321, Validation Loss: 0.9812
Epoch 380/1000, Train Loss: 0.5243, Validation Loss: 3.0544
Epoch 381/1000, Train Loss: 0.5271, Validation Loss: 2.9925
Epoch 382/1000, Train Loss: 0.5298, Validation Loss: 0.9938
Epoch 383/1000, Train Loss: 0.5306, Validation Loss: 0.6183
Epoch 384/1000, Train Loss: 0.5291, Validation Loss: 0.5628
Epoch 385/1000, Train Loss: 0.5285, Validation Loss: 1.0055
Epoch 386/1000, Train Loss: 0.5244, Validation Loss: 0.6284
Epoch 387/1000, Train Loss: 0.5281, Validation Loss: 1.1489
Epoch 388/1000, Train Loss: 0.5246, Validation Loss: 0.9233
Epoch 389/1000, Train Loss: 0.5314, Validation Loss: 1.7731
Epoch 390/1000, Train Loss: 0.5282, Validation Loss: 3.2628
Epoch 391/1000, Train Loss: 0.5290, Validation Loss: 0.9465
Epoch 392/1000, Train Loss: 0.5251, Validation Loss: 0.7089
Epoch 393/1000, Train Loss: 0.5235, Validation Loss: 1.1611
Epoch 394/1000, Train Loss: 0.5223, Validation Loss: 0.7781
Epoch 395/1000, Train Loss: 0.5344, Validation Loss: 2.6624
Epoch 396/1000, Train Loss: 0.5198, Validation Loss: 1.1721
Epoch 397/1000, Train Loss: 0.5286, Validation Loss: 2.5018
Epoch 398/1000, Train Loss: 0.5360, Validation Loss: 1.6584
Epoch 399/1000, Train Loss: 0.5286, Validation Loss: 0.6232
Epoch 400/1000, Train Loss: 0.5191, Validation Loss: 1.6812
Epoch 401/1000, Train Loss: 0.5285, Validation Loss: 2.6148
Epoch 402/1000, Train Loss: 0.5210, Validation Loss: 1.9882
Epoch 403/1000, Train Loss: 0.5216, Validation Loss: 0.7010
Epoch 404/1000, Train Loss: 0.5295, Validation Loss: 1.0122
Epoch 405/1000, Train Loss: 0.5311, Validation Loss: 0.7475
Epoch 406/1000, Train Loss: 0.5232, Validation Loss: 0.9537
Epoch 407/1000, Train Loss: 0.5242, Validation Loss: 2.5837
Epoch 408/1000, Train Loss: 0.5208, Validation Loss: 1.2171
Epoch 409/1000, Train Loss: 0.5262, Validation Loss: 0.8805
Epoch 410/1000, Train Loss: 0.5298, Validation Loss: 1.8293
Epoch 411/1000, Train Loss: 0.5244, Validation Loss: 1.4753
Epoch 412/1000, Train Loss: 0.5250, Validation Loss: 1.8474
Epoch 413/1000, Train Loss: 0.5259, Validation Loss: 1.8621
Epoch 414/1000, Train Loss: 0.5287, Validation Loss: 0.8054
Epoch 415/1000, Train Loss: 0.5352, Validation Loss: 0.8036
Epoch 416/1000, Train Loss: 0.5292, Validation Loss: 1.0346
Epoch 417/1000, Train Loss: 0.5288, Validation Loss: 0.7870
Epoch 418/1000, Train Loss: 0.5290, Validation Loss: 2.2623
Epoch 419/1000, Train Loss: 0.5221, Validation Loss: 1.6088
Epoch 420/1000, Train Loss: 0.5199, Validation Loss: 1.8716
Epoch 421/1000, Train Loss: 0.5270, Validation Loss: 0.8821
Epoch 422/1000, Train Loss: 0.5297, Validation Loss: 0.8675
Epoch 423/1000, Train Loss: 0.5342, Validation Loss: 0.5850
Epoch 424/1000, Train Loss: 0.5225, Validation Loss: 2.1288
Epoch 425/1000, Train Loss: 0.5269, Validation Loss: 2.9408
Epoch 426/1000, Train Loss: 0.5217, Validation Loss: 0.8667
Epoch 427/1000, Train Loss: 0.5261, Validation Loss: 3.2575
Epoch 428/1000, Train Loss: 0.5288, Validation Loss: 1.5399
Epoch 429/1000, Train Loss: 0.5179, Validation Loss: 0.6408
Epoch 430/1000, Train Loss: 0.5217, Validation Loss: 0.6050
Epoch 431/1000, Train Loss: 0.5201, Validation Loss: 1.4354
Epoch 432/1000, Train Loss: 0.5200, Validation Loss: 0.7004
Epoch 433/1000, Train Loss: 0.5250, Validation Loss: 0.9740
Epoch 434/1000, Train Loss: 0.5208, Validation Loss: 0.7540
Epoch 435/1000, Train Loss: 0.5231, Validation Loss: 1.0822
Epoch 436/1000, Train Loss: 0.5247, Validation Loss: 2.1819
Epoch 437/1000, Train Loss: 0.5199, Validation Loss: 0.9133
Epoch 438/1000, Train Loss: 0.5166, Validation Loss: 3.8119
Epoch 439/1000, Train Loss: 0.5235, Validation Loss: 0.7378
Epoch 440/1000, Train Loss: 0.5239, Validation Loss: 2.2664
Epoch 441/1000, Train Loss: 0.5217, Validation Loss: 1.7836
Epoch 442/1000, Train Loss: 0.5222, Validation Loss: 1.1831
Epoch 443/1000, Train Loss: 0.5194, Validation Loss: 2.8198
Epoch 444/1000, Train Loss: 0.5291, Validation Loss: 1.3262
Epoch 445/1000, Train Loss: 0.5485, Validation Loss: 2.8743
Epoch 446/1000, Train Loss: 0.5240, Validation Loss: 3.3178
Epoch 447/1000, Train Loss: 0.5308, Validation Loss: 2.3224
Epoch 448/1000, Train Loss: 0.5830, Validation Loss: 1.5575
Epoch 449/1000, Train Loss: 0.5318, Validation Loss: 1.9081
Epoch 450/1000, Train Loss: 0.5241, Validation Loss: 0.8908
Epoch 451/1000, Train Loss: 0.5298, Validation Loss: 1.5186
Epoch 452/1000, Train Loss: 0.5296, Validation Loss: 1.0555
Epoch 453/1000, Train Loss: 0.5225, Validation Loss: 1.6499
Epoch 454/1000, Train Loss: 0.5261, Validation Loss: 1.0308
Epoch 455/1000, Train Loss: 0.5221, Validation Loss: 2.1518
Epoch 456/1000, Train Loss: 0.5328, Validation Loss: 1.9242
Epoch 457/1000, Train Loss: 0.5214, Validation Loss: 1.9343
Epoch 458/1000, Train Loss: 0.5273, Validation Loss: 1.8660
Epoch 459/1000, Train Loss: 0.5329, Validation Loss: 2.5320
Epoch 460/1000, Train Loss: 0.5303, Validation Loss: 5.3735
Epoch 461/1000, Train Loss: 0.5325, Validation Loss: 2.3068
Epoch 462/1000, Train Loss: 0.5305, Validation Loss: 1.6851
Epoch 463/1000, Train Loss: 0.5164, Validation Loss: 1.2091
Epoch 464/1000, Train Loss: 0.5313, Validation Loss: 0.9076
Epoch 465/1000, Train Loss: 0.5241, Validation Loss: 1.9253
Epoch 466/1000, Train Loss: 0.5164, Validation Loss: 0.9105
Epoch 467/1000, Train Loss: 0.5275, Validation Loss: 1.1220
Epoch 468/1000, Train Loss: 0.5200, Validation Loss: 1.1518
Epoch 469/1000, Train Loss: 0.5187, Validation Loss: 0.8690
Epoch 470/1000, Train Loss: 0.5212, Validation Loss: 3.4039
Epoch 471/1000, Train Loss: 0.5197, Validation Loss: 2.2131
Epoch 472/1000, Train Loss: 0.5246, Validation Loss: 3.0614
Epoch 473/1000, Train Loss: 0.5199, Validation Loss: 0.8195
Epoch 474/1000, Train Loss: 0.5171, Validation Loss: 2.6352
Epoch 475/1000, Train Loss: 0.5172, Validation Loss: 0.6722
Epoch 476/1000, Train Loss: 0.5307, Validation Loss: 0.8578
Epoch 477/1000, Train Loss: 0.5203, Validation Loss: 1.0124
Epoch 478/1000, Train Loss: 0.5259, Validation Loss: 0.9707
Epoch 479/1000, Train Loss: 0.5327, Validation Loss: 0.7420
Epoch 480/1000, Train Loss: 0.5191, Validation Loss: 1.2345
Epoch 481/1000, Train Loss: 0.5312, Validation Loss: 1.0343
Epoch 482/1000, Train Loss: 0.5318, Validation Loss: 0.9792
Epoch 483/1000, Train Loss: 0.5266, Validation Loss: 1.3401
Epoch 484/1000, Train Loss: 0.5410, Validation Loss: 1.4913
Epoch 485/1000, Train Loss: 0.5223, Validation Loss: 0.7573
Epoch 486/1000, Train Loss: 0.5197, Validation Loss: 1.0147
Epoch 487/1000, Train Loss: 0.5245, Validation Loss: 1.0806
Epoch 488/1000, Train Loss: 0.5236, Validation Loss: 0.6496
Epoch 489/1000, Train Loss: 0.5167, Validation Loss: 2.4720
Epoch 490/1000, Train Loss: 0.5324, Validation Loss: 1.9071
Epoch 491/1000, Train Loss: 0.5364, Validation Loss: 2.1490
Epoch 492/1000, Train Loss: 0.5251, Validation Loss: 2.1399
Epoch 493/1000, Train Loss: 0.5273, Validation Loss: 1.1344
Epoch 494/1000, Train Loss: 0.5226, Validation Loss: 1.2276
Epoch 495/1000, Train Loss: 0.5305, Validation Loss: 2.2466
Epoch 496/1000, Train Loss: 0.5178, Validation Loss: 1.3175
Epoch 497/1000, Train Loss: 0.5228, Validation Loss: 2.5845
Epoch 498/1000, Train Loss: 0.5156, Validation Loss: 1.3749
Epoch 499/1000, Train Loss: 0.5377, Validation Loss: 0.6377
Epoch 500/1000, Train Loss: 0.5244, Validation Loss: 1.6166
Epoch 501/1000, Train Loss: 0.5288, Validation Loss: 1.3191
Epoch 502/1000, Train Loss: 0.5278, Validation Loss: 1.9219
Epoch 503/1000, Train Loss: 0.5250, Validation Loss: 1.1869
Epoch 504/1000, Train Loss: 0.5194, Validation Loss: 1.3814
Epoch 505/1000, Train Loss: 0.5227, Validation Loss: 3.0257
Epoch 506/1000, Train Loss: 0.5209, Validation Loss: 2.3955
Epoch 507/1000, Train Loss: 0.5227, Validation Loss: 0.6285
Epoch 508/1000, Train Loss: 0.5204, Validation Loss: 1.1492
Epoch 509/1000, Train Loss: 0.5218, Validation Loss: 3.3070
Epoch 510/1000, Train Loss: 0.5147, Validation Loss: 2.0498
Epoch 511/1000, Train Loss: 0.5227, Validation Loss: 0.6601
Epoch 512/1000, Train Loss: 0.5173, Validation Loss: 0.8341
Epoch 513/1000, Train Loss: 0.5206, Validation Loss: 1.3570
Epoch 514/1000, Train Loss: 0.5198, Validation Loss: 0.7162
Epoch 515/1000, Train Loss: 0.5132, Validation Loss: 2.2415
Epoch 516/1000, Train Loss: 0.5449, Validation Loss: 2.5978
Epoch 517/1000, Train Loss: 0.5167, Validation Loss: 1.3952
Epoch 518/1000, Train Loss: 0.5144, Validation Loss: 3.2884
Epoch 519/1000, Train Loss: 0.5194, Validation Loss: 3.8143
Epoch 520/1000, Train Loss: 0.5166, Validation Loss: 1.5325
Epoch 521/1000, Train Loss: 0.5155, Validation Loss: 1.3377
Epoch 522/1000, Train Loss: 0.5186, Validation Loss: 1.9439
Epoch 523/1000, Train Loss: 0.5189, Validation Loss: 1.8773
Epoch 524/1000, Train Loss: 0.5169, Validation Loss: 2.2470
Epoch 525/1000, Train Loss: 0.5199, Validation Loss: 0.7273
Epoch 526/1000, Train Loss: 0.5160, Validation Loss: 0.8114
Epoch 527/1000, Train Loss: 0.5186, Validation Loss: 0.5904
Epoch 528/1000, Train Loss: 0.5170, Validation Loss: 2.3856
Epoch 529/1000, Train Loss: 0.5195, Validation Loss: 1.8204
Epoch 530/1000, Train Loss: 0.5199, Validation Loss: 1.7457
Epoch 531/1000, Train Loss: 0.5130, Validation Loss: 1.0894
Epoch 532/1000, Train Loss: 0.5148, Validation Loss: 1.9474
Epoch 533/1000, Train Loss: 0.5206, Validation Loss: 2.1912
Epoch 534/1000, Train Loss: 0.5148, Validation Loss: 2.8153
Epoch 535/1000, Train Loss: 0.5154, Validation Loss: 2.5959
Epoch 536/1000, Train Loss: 0.5206, Validation Loss: 1.5361
Epoch 537/1000, Train Loss: 0.5244, Validation Loss: 2.5762
Epoch 538/1000, Train Loss: 0.5175, Validation Loss: 0.8980
Epoch 539/1000, Train Loss: 0.5232, Validation Loss: 1.5559
Epoch 540/1000, Train Loss: 0.5173, Validation Loss: 0.6382
Epoch 541/1000, Train Loss: 0.5103, Validation Loss: 1.4754
Epoch 542/1000, Train Loss: 0.5285, Validation Loss: 1.1585
Epoch 543/1000, Train Loss: 0.5204, Validation Loss: 0.7421
Epoch 544/1000, Train Loss: 0.5130, Validation Loss: 2.3691
Epoch 545/1000, Train Loss: 0.5136, Validation Loss: 1.0420
Epoch 546/1000, Train Loss: 0.5153, Validation Loss: 0.5433
Epoch 547/1000, Train Loss: 0.5107, Validation Loss: 1.1124
Epoch 548/1000, Train Loss: 0.5194, Validation Loss: 1.0609
Epoch 549/1000, Train Loss: 0.5241, Validation Loss: 1.6015
Epoch 550/1000, Train Loss: 0.5144, Validation Loss: 2.8615
Epoch 551/1000, Train Loss: 0.5205, Validation Loss: 0.7209
Epoch 552/1000, Train Loss: 0.5097, Validation Loss: 1.5848
Epoch 553/1000, Train Loss: 0.5142, Validation Loss: 1.0180
Epoch 554/1000, Train Loss: 0.5087, Validation Loss: 1.0985
Epoch 555/1000, Train Loss: 0.5206, Validation Loss: 1.6414
Epoch 556/1000, Train Loss: 0.5155, Validation Loss: 1.6813
Epoch 557/1000, Train Loss: 0.5256, Validation Loss: 2.4031
Epoch 558/1000, Train Loss: 0.5220, Validation Loss: 4.6175
Epoch 559/1000, Train Loss: 0.5107, Validation Loss: 1.5205
Epoch 560/1000, Train Loss: 0.5143, Validation Loss: 2.7321
Epoch 561/1000, Train Loss: 0.5104, Validation Loss: 2.2569
Epoch 562/1000, Train Loss: 0.5150, Validation Loss: 2.3731
Epoch 563/1000, Train Loss: 0.5086, Validation Loss: 2.0908
Epoch 564/1000, Train Loss: 0.5155, Validation Loss: 1.7914
Epoch 565/1000, Train Loss: 0.5137, Validation Loss: 1.4803
Epoch 566/1000, Train Loss: 0.5126, Validation Loss: 3.0125
Epoch 567/1000, Train Loss: 0.5048, Validation Loss: 0.5985
Epoch 568/1000, Train Loss: 0.5111, Validation Loss: 0.5749
Epoch 569/1000, Train Loss: 0.5121, Validation Loss: 0.7514
Epoch 570/1000, Train Loss: 0.5104, Validation Loss: 1.1580
Epoch 571/1000, Train Loss: 0.5145, Validation Loss: 1.8016
Epoch 572/1000, Train Loss: 0.5073, Validation Loss: 2.6852
Epoch 573/1000, Train Loss: 0.5110, Validation Loss: 0.8527
Epoch 574/1000, Train Loss: 0.5139, Validation Loss: 1.0301
Epoch 575/1000, Train Loss: 0.5121, Validation Loss: 0.9083
Epoch 576/1000, Train Loss: 0.5075, Validation Loss: 3.1826
Epoch 577/1000, Train Loss: 0.5158, Validation Loss: 2.6361
Epoch 578/1000, Train Loss: 0.5188, Validation Loss: 1.8249
Epoch 579/1000, Train Loss: 0.5251, Validation Loss: 0.5505
Epoch 580/1000, Train Loss: 0.5105, Validation Loss: 2.7295
Epoch 581/1000, Train Loss: 0.5093, Validation Loss: 2.2672
Epoch 582/1000, Train Loss: 0.5214, Validation Loss: 1.6033
Epoch 583/1000, Train Loss: 0.5096, Validation Loss: 1.9721
Epoch 584/1000, Train Loss: 0.5189, Validation Loss: 0.7357
Epoch 585/1000, Train Loss: 0.5101, Validation Loss: 1.7117
Epoch 586/1000, Train Loss: 0.5137, Validation Loss: 1.0138
Epoch 587/1000, Train Loss: 0.5105, Validation Loss: 2.9930
Epoch 588/1000, Train Loss: 0.5170, Validation Loss: 0.7404
Epoch 589/1000, Train Loss: 0.5122, Validation Loss: 1.4189
Epoch 590/1000, Train Loss: 0.5094, Validation Loss: 1.7029
Epoch 591/1000, Train Loss: 0.5163, Validation Loss: 0.6503
Epoch 592/1000, Train Loss: 0.5146, Validation Loss: 0.9456
Epoch 593/1000, Train Loss: 0.5190, Validation Loss: 1.0980
Epoch 594/1000, Train Loss: 0.5303, Validation Loss: 1.6866
Epoch 595/1000, Train Loss: 0.5156, Validation Loss: 2.6335
Epoch 596/1000, Train Loss: 0.5200, Validation Loss: 1.8496
Epoch 597/1000, Train Loss: 0.5115, Validation Loss: 1.6075
Epoch 598/1000, Train Loss: 0.5197, Validation Loss: 2.1039
Epoch 599/1000, Train Loss: 0.5107, Validation Loss: 0.8474
Epoch 600/1000, Train Loss: 0.5157, Validation Loss: 0.6826
Epoch 601/1000, Train Loss: 0.5198, Validation Loss: 0.7358
Epoch 602/1000, Train Loss: 0.5093, Validation Loss: 1.3576
Epoch 603/1000, Train Loss: 0.5114, Validation Loss: 1.1318
Epoch 604/1000, Train Loss: 0.5181, Validation Loss: 0.6803
Epoch 605/1000, Train Loss: 0.5117, Validation Loss: 2.1591
Epoch 606/1000, Train Loss: 0.5099, Validation Loss: 1.4369
Epoch 607/1000, Train Loss: 0.5125, Validation Loss: 2.7808
Epoch 608/1000, Train Loss: 0.5085, Validation Loss: 1.1234
Epoch 609/1000, Train Loss: 0.5159, Validation Loss: 0.9012
Epoch 610/1000, Train Loss: 0.5112, Validation Loss: 1.1040
Epoch 611/1000, Train Loss: 0.5157, Validation Loss: 2.5013
Epoch 612/1000, Train Loss: 0.5093, Validation Loss: 1.9165
Epoch 613/1000, Train Loss: 0.5247, Validation Loss: 1.7934
Epoch 614/1000, Train Loss: 0.5096, Validation Loss: 1.0613
Epoch 615/1000, Train Loss: 0.5141, Validation Loss: 1.3799
Epoch 616/1000, Train Loss: 0.5065, Validation Loss: 1.8510
Epoch 617/1000, Train Loss: 0.5123, Validation Loss: 1.4669
Epoch 618/1000, Train Loss: 0.5107, Validation Loss: 0.5494
Epoch 619/1000, Train Loss: 0.5090, Validation Loss: 1.1968
Epoch 620/1000, Train Loss: 0.5093, Validation Loss: 2.3307
Epoch 621/1000, Train Loss: 0.5131, Validation Loss: 0.7058
Epoch 622/1000, Train Loss: 0.5124, Validation Loss: 3.1210
Epoch 623/1000, Train Loss: 0.5038, Validation Loss: 3.0345
Epoch 624/1000, Train Loss: 0.5113, Validation Loss: 0.8630
Epoch 625/1000, Train Loss: 0.5138, Validation Loss: 2.0124
Epoch 626/1000, Train Loss: 0.5176, Validation Loss: 2.4524
Epoch 627/1000, Train Loss: 0.5096, Validation Loss: 1.8076
Epoch 628/1000, Train Loss: 0.5103, Validation Loss: 2.3261
Epoch 629/1000, Train Loss: 0.5110, Validation Loss: 3.8922
Epoch 630/1000, Train Loss: 0.5098, Validation Loss: 0.8110
Epoch 631/1000, Train Loss: 0.5071, Validation Loss: 0.9967
Epoch 632/1000, Train Loss: 0.5143, Validation Loss: 3.1772
Epoch 633/1000, Train Loss: 0.5145, Validation Loss: 3.5564
Epoch 634/1000, Train Loss: 0.5112, Validation Loss: 0.6469
Epoch 635/1000, Train Loss: 0.5078, Validation Loss: 1.1604
Epoch 636/1000, Train Loss: 0.5111, Validation Loss: 1.5818
Epoch 637/1000, Train Loss: 0.5073, Validation Loss: 1.2387
Epoch 638/1000, Train Loss: 0.5120, Validation Loss: 0.6079
Epoch 639/1000, Train Loss: 0.5098, Validation Loss: 1.3787
Epoch 640/1000, Train Loss: 0.5192, Validation Loss: 3.4324
Epoch 641/1000, Train Loss: 0.5098, Validation Loss: 0.6251
Epoch 642/1000, Train Loss: 0.5091, Validation Loss: 0.6944
Epoch 643/1000, Train Loss: 0.5096, Validation Loss: 0.8387
Epoch 644/1000, Train Loss: 0.5091, Validation Loss: 1.4624
Epoch 645/1000, Train Loss: 0.5067, Validation Loss: 3.4082
Epoch 646/1000, Train Loss: 0.5086, Validation Loss: 1.0579
Epoch 647/1000, Train Loss: 0.5067, Validation Loss: 0.8862
Epoch 648/1000, Train Loss: 0.5158, Validation Loss: 1.9705
Epoch 649/1000, Train Loss: 0.5188, Validation Loss: 1.9175
Epoch 650/1000, Train Loss: 0.5062, Validation Loss: 0.7693
Epoch 651/1000, Train Loss: 0.5090, Validation Loss: 2.9727
Epoch 652/1000, Train Loss: 0.5063, Validation Loss: 1.0699
Epoch 653/1000, Train Loss: 0.5098, Validation Loss: 1.2621
Epoch 654/1000, Train Loss: 0.5058, Validation Loss: 2.9084
Epoch 655/1000, Train Loss: 0.5112, Validation Loss: 3.4658
Epoch 656/1000, Train Loss: 0.5129, Validation Loss: 2.3516
Epoch 657/1000, Train Loss: 0.5131, Validation Loss: 1.2454
Epoch 658/1000, Train Loss: 0.5117, Validation Loss: 0.9907
Epoch 659/1000, Train Loss: 0.5057, Validation Loss: 2.6398
Epoch 660/1000, Train Loss: 0.5103, Validation Loss: 1.0025
Epoch 661/1000, Train Loss: 0.5114, Validation Loss: 1.1984
Epoch 662/1000, Train Loss: 0.5113, Validation Loss: 0.6618
Epoch 663/1000, Train Loss: 0.5081, Validation Loss: 1.1735
Epoch 664/1000, Train Loss: 0.5058, Validation Loss: 0.9715
Epoch 665/1000, Train Loss: 0.5147, Validation Loss: 1.6413
Epoch 666/1000, Train Loss: 0.5115, Validation Loss: 1.4851
Epoch 667/1000, Train Loss: 0.5103, Validation Loss: 2.7882
Epoch 668/1000, Train Loss: 0.5051, Validation Loss: 0.8569
Epoch 669/1000, Train Loss: 0.5086, Validation Loss: 2.4360
Epoch 670/1000, Train Loss: 0.5068, Validation Loss: 1.1780
Epoch 671/1000, Train Loss: 0.5119, Validation Loss: 1.3198
Epoch 672/1000, Train Loss: 0.5092, Validation Loss: 1.5668
Epoch 673/1000, Train Loss: 0.5133, Validation Loss: 1.4184
Epoch 674/1000, Train Loss: 0.5076, Validation Loss: 3.8673
Epoch 675/1000, Train Loss: 0.5150, Validation Loss: 2.5269
Epoch 676/1000, Train Loss: 0.5178, Validation Loss: 1.1211
Epoch 677/1000, Train Loss: 0.5119, Validation Loss: 0.8634
Epoch 678/1000, Train Loss: 0.5049, Validation Loss: 2.4819
Epoch 679/1000, Train Loss: 0.5047, Validation Loss: 0.7218
Epoch 680/1000, Train Loss: 0.5050, Validation Loss: 2.5015
Epoch 681/1000, Train Loss: 0.5136, Validation Loss: 0.9907
Epoch 682/1000, Train Loss: 0.5150, Validation Loss: 0.9640
Epoch 683/1000, Train Loss: 0.5081, Validation Loss: 1.4227
Epoch 684/1000, Train Loss: 0.5060, Validation Loss: 0.9223
Epoch 685/1000, Train Loss: 0.5041, Validation Loss: 2.0449
Epoch 686/1000, Train Loss: 0.5054, Validation Loss: 1.7457
Epoch 687/1000, Train Loss: 0.5009, Validation Loss: 2.3600
Epoch 688/1000, Train Loss: 0.5105, Validation Loss: 1.0628
Epoch 689/1000, Train Loss: 0.5049, Validation Loss: 3.6390
Epoch 690/1000, Train Loss: 0.5046, Validation Loss: 4.2061
Epoch 691/1000, Train Loss: 0.5076, Validation Loss: 0.7382
Epoch 692/1000, Train Loss: 0.5085, Validation Loss: 1.6510
Epoch 693/1000, Train Loss: 0.5059, Validation Loss: 3.4041
Epoch 694/1000, Train Loss: 0.5039, Validation Loss: 2.5257
Epoch 695/1000, Train Loss: 0.5110, Validation Loss: 2.1160
Epoch 696/1000, Train Loss: 0.5107, Validation Loss: 2.1993
Epoch 697/1000, Train Loss: 0.5072, Validation Loss: 1.1586
Epoch 698/1000, Train Loss: 0.5033, Validation Loss: 2.2389
Epoch 699/1000, Train Loss: 0.5064, Validation Loss: 1.3652
Epoch 700/1000, Train Loss: 0.5059, Validation Loss: 1.1348
Epoch 701/1000, Train Loss: 0.5176, Validation Loss: 2.7563
Epoch 702/1000, Train Loss: 0.5150, Validation Loss: 0.6224
Epoch 703/1000, Train Loss: 0.5039, Validation Loss: 1.6721
Epoch 704/1000, Train Loss: 0.5064, Validation Loss: 0.9323
Epoch 705/1000, Train Loss: 0.5051, Validation Loss: 1.5559
Epoch 706/1000, Train Loss: 0.5067, Validation Loss: 2.2823
Epoch 707/1000, Train Loss: 0.5033, Validation Loss: 2.5399
Epoch 708/1000, Train Loss: 0.5069, Validation Loss: 1.1746
Epoch 709/1000, Train Loss: 0.5082, Validation Loss: 1.4572
Epoch 710/1000, Train Loss: 0.5249, Validation Loss: 1.0542
Epoch 711/1000, Train Loss: 0.5049, Validation Loss: 0.7791
Epoch 712/1000, Train Loss: 0.5050, Validation Loss: 1.4829
Epoch 713/1000, Train Loss: 0.5035, Validation Loss: 0.8147
Epoch 714/1000, Train Loss: 0.5022, Validation Loss: 0.5259
Epoch 715/1000, Train Loss: 0.5468, Validation Loss: 0.6538
Epoch 716/1000, Train Loss: 0.5031, Validation Loss: 0.5657
Epoch 717/1000, Train Loss: 0.5028, Validation Loss: 2.6791
Epoch 718/1000, Train Loss: 0.5029, Validation Loss: 1.2174
Epoch 719/1000, Train Loss: 0.5080, Validation Loss: 0.9956
Epoch 720/1000, Train Loss: 0.4997, Validation Loss: 3.5571
Epoch 721/1000, Train Loss: 0.5041, Validation Loss: 1.1599
Epoch 722/1000, Train Loss: 0.5016, Validation Loss: 1.0842
Epoch 723/1000, Train Loss: 0.5109, Validation Loss: 1.3581
Epoch 724/1000, Train Loss: 0.5111, Validation Loss: 0.8645
Epoch 725/1000, Train Loss: 0.5046, Validation Loss: 2.3014
Epoch 726/1000, Train Loss: 0.5154, Validation Loss: 1.7357
Epoch 727/1000, Train Loss: 0.4983, Validation Loss: 1.3680
Epoch 728/1000, Train Loss: 0.5087, Validation Loss: 1.9974
Epoch 729/1000, Train Loss: 0.5090, Validation Loss: 1.3218
Epoch 730/1000, Train Loss: 0.5075, Validation Loss: 1.2586
Epoch 731/1000, Train Loss: 0.5079, Validation Loss: 1.0258
Epoch 732/1000, Train Loss: 0.4959, Validation Loss: 1.1131
Epoch 733/1000, Train Loss: 0.5100, Validation Loss: 0.9978
Epoch 734/1000, Train Loss: 0.5079, Validation Loss: 1.5101
Epoch 735/1000, Train Loss: 0.5064, Validation Loss: 1.4708
Epoch 736/1000, Train Loss: 0.5023, Validation Loss: 0.8684
Epoch 737/1000, Train Loss: 0.5123, Validation Loss: 1.2387
Epoch 738/1000, Train Loss: 0.5034, Validation Loss: 1.2241
Epoch 739/1000, Train Loss: 0.5112, Validation Loss: 1.2912
Epoch 740/1000, Train Loss: 0.5019, Validation Loss: 2.1078
Epoch 741/1000, Train Loss: 0.4986, Validation Loss: 1.5758
Epoch 742/1000, Train Loss: 0.5097, Validation Loss: 2.1714
Epoch 743/1000, Train Loss: 0.5114, Validation Loss: 1.5643
Epoch 744/1000, Train Loss: 0.5127, Validation Loss: 0.7085
Epoch 745/1000, Train Loss: 0.5023, Validation Loss: 2.2149
Epoch 746/1000, Train Loss: 0.5109, Validation Loss: 2.4390
Epoch 747/1000, Train Loss: 0.4965, Validation Loss: 1.0576
Epoch 748/1000, Train Loss: 0.5088, Validation Loss: 1.0983
Epoch 749/1000, Train Loss: 0.5080, Validation Loss: 1.1700
Epoch 750/1000, Train Loss: 0.5079, Validation Loss: 3.6080
Epoch 751/1000, Train Loss: 0.5063, Validation Loss: 2.7675
Epoch 752/1000, Train Loss: 0.5022, Validation Loss: 0.9513
Epoch 753/1000, Train Loss: 0.5054, Validation Loss: 1.5454
Epoch 754/1000, Train Loss: 0.5000, Validation Loss: 3.3164
Epoch 755/1000, Train Loss: 0.5065, Validation Loss: 1.3533
Epoch 756/1000, Train Loss: 0.5015, Validation Loss: 0.7780
Epoch 757/1000, Train Loss: 0.5040, Validation Loss: 0.6828
Epoch 758/1000, Train Loss: 0.5068, Validation Loss: 1.4524
Epoch 759/1000, Train Loss: 0.5003, Validation Loss: 1.1414
Epoch 760/1000, Train Loss: 0.5015, Validation Loss: 1.3200
Epoch 761/1000, Train Loss: 0.5055, Validation Loss: 1.5947
Epoch 762/1000, Train Loss: 0.5104, Validation Loss: 0.7858
Epoch 763/1000, Train Loss: 0.5031, Validation Loss: 1.7518
Epoch 764/1000, Train Loss: 0.5083, Validation Loss: 0.9457
Epoch 765/1000, Train Loss: 0.4957, Validation Loss: 1.5009
Epoch 766/1000, Train Loss: 0.5011, Validation Loss: 1.5135
Epoch 767/1000, Train Loss: 0.4986, Validation Loss: 2.3664
Epoch 768/1000, Train Loss: 0.5116, Validation Loss: 0.5764
Epoch 769/1000, Train Loss: 0.4966, Validation Loss: 4.2221
Epoch 770/1000, Train Loss: 0.5051, Validation Loss: 0.5139
Epoch 771/1000, Train Loss: 0.5021, Validation Loss: 3.2962
Epoch 772/1000, Train Loss: 0.5087, Validation Loss: 2.2337
Epoch 773/1000, Train Loss: 0.5070, Validation Loss: 0.7949
Epoch 774/1000, Train Loss: 0.5012, Validation Loss: 1.9067
Epoch 775/1000, Train Loss: 0.5107, Validation Loss: 1.3722
Epoch 776/1000, Train Loss: 0.5016, Validation Loss: 1.6851
Epoch 777/1000, Train Loss: 0.5051, Validation Loss: 1.1548
Epoch 778/1000, Train Loss: 0.5019, Validation Loss: 1.8955
Epoch 779/1000, Train Loss: 0.5030, Validation Loss: 1.2350
Epoch 780/1000, Train Loss: 0.5002, Validation Loss: 2.3660
Epoch 781/1000, Train Loss: 0.4980, Validation Loss: 2.0761
Epoch 782/1000, Train Loss: 0.5083, Validation Loss: 2.2106
Epoch 783/1000, Train Loss: 0.5011, Validation Loss: 2.4074
Epoch 784/1000, Train Loss: 0.5065, Validation Loss: 3.0957
Epoch 785/1000, Train Loss: 0.5096, Validation Loss: 2.4528
Epoch 786/1000, Train Loss: 0.5007, Validation Loss: 3.1824
Epoch 787/1000, Train Loss: 0.5026, Validation Loss: 2.9926
Epoch 788/1000, Train Loss: 0.4969, Validation Loss: 0.6416
Epoch 789/1000, Train Loss: 0.4985, Validation Loss: 0.8950
Epoch 790/1000, Train Loss: 0.4996, Validation Loss: 1.7921
Epoch 791/1000, Train Loss: 0.5062, Validation Loss: 1.7006
Epoch 792/1000, Train Loss: 0.4998, Validation Loss: 0.8125
Epoch 793/1000, Train Loss: 0.5045, Validation Loss: 3.2058
Epoch 794/1000, Train Loss: 0.5068, Validation Loss: 2.7914
Epoch 795/1000, Train Loss: 0.5065, Validation Loss: 0.7085
Epoch 796/1000, Train Loss: 0.4978, Validation Loss: 2.1034
Epoch 797/1000, Train Loss: 0.5101, Validation Loss: 1.0381
Epoch 798/1000, Train Loss: 0.5052, Validation Loss: 1.5839
Epoch 799/1000, Train Loss: 0.5032, Validation Loss: 1.1439
Epoch 800/1000, Train Loss: 0.5046, Validation Loss: 1.2553
Epoch 801/1000, Train Loss: 0.5036, Validation Loss: 1.4081
Epoch 802/1000, Train Loss: 0.4949, Validation Loss: 0.8933
Epoch 803/1000, Train Loss: 0.4991, Validation Loss: 1.5028
Epoch 804/1000, Train Loss: 0.5116, Validation Loss: 4.1832
Epoch 805/1000, Train Loss: 0.5047, Validation Loss: 1.4110
Epoch 806/1000, Train Loss: 0.4997, Validation Loss: 1.7304
Epoch 807/1000, Train Loss: 0.4981, Validation Loss: 1.4242
Epoch 808/1000, Train Loss: 0.5020, Validation Loss: 1.2195
Epoch 809/1000, Train Loss: 0.4966, Validation Loss: 0.7868
Epoch 810/1000, Train Loss: 0.5045, Validation Loss: 0.9946
Epoch 811/1000, Train Loss: 0.5041, Validation Loss: 3.5587
Epoch 812/1000, Train Loss: 0.4962, Validation Loss: 0.8667
Epoch 813/1000, Train Loss: 0.5044, Validation Loss: 2.4111
Epoch 814/1000, Train Loss: 0.5034, Validation Loss: 0.5064
Epoch 815/1000, Train Loss: 0.5163, Validation Loss: 2.6111
Epoch 816/1000, Train Loss: 0.4967, Validation Loss: 1.1933
Epoch 817/1000, Train Loss: 0.4981, Validation Loss: 2.3170
Epoch 818/1000, Train Loss: 0.5081, Validation Loss: 0.5428
Epoch 819/1000, Train Loss: 0.5024, Validation Loss: 2.4639
Epoch 820/1000, Train Loss: 0.4981, Validation Loss: 3.3450
Epoch 821/1000, Train Loss: 0.5018, Validation Loss: 2.1001
Epoch 822/1000, Train Loss: 0.4973, Validation Loss: 2.0422
Epoch 823/1000, Train Loss: 0.5080, Validation Loss: 2.1725
Epoch 824/1000, Train Loss: 0.5024, Validation Loss: 1.2622
Epoch 825/1000, Train Loss: 0.4999, Validation Loss: 0.9614
Epoch 826/1000, Train Loss: 0.4974, Validation Loss: 2.1113
Epoch 827/1000, Train Loss: 0.5064, Validation Loss: 2.6117
Epoch 828/1000, Train Loss: 0.4975, Validation Loss: 1.2826
Epoch 829/1000, Train Loss: 0.4984, Validation Loss: 0.9794
Epoch 830/1000, Train Loss: 0.5008, Validation Loss: 1.2037
Epoch 831/1000, Train Loss: 0.5074, Validation Loss: 1.1164
Epoch 832/1000, Train Loss: 0.5024, Validation Loss: 0.6183
Epoch 833/1000, Train Loss: 0.4917, Validation Loss: 2.0188
Epoch 834/1000, Train Loss: 0.5030, Validation Loss: 1.2142
Epoch 835/1000, Train Loss: 0.4947, Validation Loss: 0.7809
Epoch 836/1000, Train Loss: 0.5207, Validation Loss: 1.1841
Epoch 837/1000, Train Loss: 0.5012, Validation Loss: 2.5218
Epoch 838/1000, Train Loss: 0.5048, Validation Loss: 0.9734
Epoch 839/1000, Train Loss: 0.5011, Validation Loss: 3.1639
Epoch 840/1000, Train Loss: 0.5039, Validation Loss: 1.3253
Epoch 841/1000, Train Loss: 0.4953, Validation Loss: 1.0160
Epoch 842/1000, Train Loss: 0.4946, Validation Loss: 0.6812
Epoch 843/1000, Train Loss: 0.4989, Validation Loss: 1.7804
Epoch 844/1000, Train Loss: 0.4981, Validation Loss: 0.6950
Epoch 845/1000, Train Loss: 0.5109, Validation Loss: 1.6259
Epoch 846/1000, Train Loss: 0.4986, Validation Loss: 2.8841
Epoch 847/1000, Train Loss: 0.5035, Validation Loss: 1.1105
Epoch 848/1000, Train Loss: 0.4966, Validation Loss: 0.8256
Epoch 849/1000, Train Loss: 0.5012, Validation Loss: 0.7262
Epoch 850/1000, Train Loss: 0.5025, Validation Loss: 0.7337
Epoch 851/1000, Train Loss: 0.4905, Validation Loss: 1.0145
Epoch 852/1000, Train Loss: 0.5031, Validation Loss: 3.0480
Epoch 853/1000, Train Loss: 0.4989, Validation Loss: 1.1683
Epoch 854/1000, Train Loss: 0.4999, Validation Loss: 1.2617
Epoch 855/1000, Train Loss: 0.4978, Validation Loss: 0.6711
Epoch 856/1000, Train Loss: 0.4931, Validation Loss: 2.8114
Epoch 857/1000, Train Loss: 0.5003, Validation Loss: 0.5751
Epoch 858/1000, Train Loss: 0.5033, Validation Loss: 1.4564
Epoch 859/1000, Train Loss: 0.4949, Validation Loss: 0.8693
Epoch 860/1000, Train Loss: 0.5029, Validation Loss: 0.9517
Epoch 861/1000, Train Loss: 0.5026, Validation Loss: 0.8393
Epoch 862/1000, Train Loss: 0.5048, Validation Loss: 2.8927
Epoch 863/1000, Train Loss: 0.5094, Validation Loss: 0.8878
Epoch 864/1000, Train Loss: 0.4957, Validation Loss: 2.2410
Epoch 865/1000, Train Loss: 0.5051, Validation Loss: 2.0571
Epoch 866/1000, Train Loss: 0.5134, Validation Loss: 2.3242
Epoch 867/1000, Train Loss: 0.5143, Validation Loss: 3.2343
Epoch 868/1000, Train Loss: 0.5013, Validation Loss: 2.4711
Epoch 869/1000, Train Loss: 0.5029, Validation Loss: 1.5121
Epoch 870/1000, Train Loss: 0.4965, Validation Loss: 0.7686
Epoch 871/1000, Train Loss: 0.4996, Validation Loss: 2.2344
Epoch 872/1000, Train Loss: 0.4930, Validation Loss: 2.4998
Epoch 873/1000, Train Loss: 0.4882, Validation Loss: 1.1930
Epoch 874/1000, Train Loss: 0.4944, Validation Loss: 2.3697
Epoch 875/1000, Train Loss: 0.4997, Validation Loss: 3.5497
Epoch 876/1000, Train Loss: 0.5008, Validation Loss: 1.8892
Epoch 877/1000, Train Loss: 0.4966, Validation Loss: 0.7141
Epoch 878/1000, Train Loss: 0.5005, Validation Loss: 1.4054
Epoch 879/1000, Train Loss: 0.5079, Validation Loss: 1.9601
Epoch 880/1000, Train Loss: 0.4957, Validation Loss: 2.2823
Epoch 881/1000, Train Loss: 0.5081, Validation Loss: 1.5901
Epoch 882/1000, Train Loss: 0.4927, Validation Loss: 1.3479
Epoch 883/1000, Train Loss: 0.4979, Validation Loss: 2.1756
Epoch 884/1000, Train Loss: 0.5019, Validation Loss: 1.2624
Epoch 885/1000, Train Loss: 0.4998, Validation Loss: 0.5519
Epoch 886/1000, Train Loss: 0.4976, Validation Loss: 3.7271
Epoch 887/1000, Train Loss: 0.4940, Validation Loss: 0.8226
Epoch 888/1000, Train Loss: 0.4935, Validation Loss: 1.7547
Epoch 889/1000, Train Loss: 0.4914, Validation Loss: 1.6224
Epoch 890/1000, Train Loss: 0.5174, Validation Loss: 0.8788
Epoch 891/1000, Train Loss: 0.4938, Validation Loss: 2.5931
Epoch 892/1000, Train Loss: 0.4965, Validation Loss: 4.4657
Epoch 893/1000, Train Loss: 0.5059, Validation Loss: 2.1894
Epoch 894/1000, Train Loss: 0.4943, Validation Loss: 1.2574
Epoch 895/1000, Train Loss: 0.4980, Validation Loss: 0.5215
Epoch 896/1000, Train Loss: 0.4969, Validation Loss: 0.6905
Epoch 897/1000, Train Loss: 0.4976, Validation Loss: 2.5616
Epoch 898/1000, Train Loss: 0.5015, Validation Loss: 1.2582
Epoch 899/1000, Train Loss: 0.5034, Validation Loss: 1.5928
Epoch 900/1000, Train Loss: 0.4963, Validation Loss: 0.9371
Epoch 901/1000, Train Loss: 0.5021, Validation Loss: 2.0431
Epoch 902/1000, Train Loss: 0.5011, Validation Loss: 1.5790
Epoch 903/1000, Train Loss: 0.4989, Validation Loss: 0.9352
Epoch 904/1000, Train Loss: 0.4979, Validation Loss: 1.8263
Epoch 905/1000, Train Loss: 0.4985, Validation Loss: 0.6006
Epoch 906/1000, Train Loss: 0.5024, Validation Loss: 1.4023
Epoch 907/1000, Train Loss: 0.4947, Validation Loss: 0.5344
Epoch 908/1000, Train Loss: 0.4988, Validation Loss: 0.4943
Epoch 909/1000, Train Loss: 0.5045, Validation Loss: 1.3290
Epoch 910/1000, Train Loss: 0.4926, Validation Loss: 1.6174
Epoch 911/1000, Train Loss: 0.4992, Validation Loss: 0.7063
Epoch 912/1000, Train Loss: 0.4977, Validation Loss: 1.7773
Epoch 913/1000, Train Loss: 0.4999, Validation Loss: 2.0043
Epoch 914/1000, Train Loss: 0.4995, Validation Loss: 2.8033
Epoch 915/1000, Train Loss: 0.5002, Validation Loss: 0.9858
Epoch 916/1000, Train Loss: 0.4964, Validation Loss: 1.3084
Epoch 917/1000, Train Loss: 0.4991, Validation Loss: 2.3770
Epoch 918/1000, Train Loss: 0.5099, Validation Loss: 0.9842
Epoch 919/1000, Train Loss: 0.5008, Validation Loss: 0.9576
Epoch 920/1000, Train Loss: 0.4970, Validation Loss: 1.2001
Epoch 921/1000, Train Loss: 0.4988, Validation Loss: 0.7182
Epoch 922/1000, Train Loss: 0.4980, Validation Loss: 0.6315
Epoch 923/1000, Train Loss: 0.5160, Validation Loss: 2.3768
Epoch 924/1000, Train Loss: 0.4953, Validation Loss: 1.7953
Epoch 925/1000, Train Loss: 0.4986, Validation Loss: 1.4650
Epoch 926/1000, Train Loss: 0.4910, Validation Loss: 0.9012
Epoch 927/1000, Train Loss: 0.4982, Validation Loss: 1.3225
Epoch 928/1000, Train Loss: 0.5098, Validation Loss: 0.8393
Epoch 929/1000, Train Loss: 0.4987, Validation Loss: 2.7403
Epoch 930/1000, Train Loss: 0.5035, Validation Loss: 0.6924
Epoch 931/1000, Train Loss: 0.4998, Validation Loss: 0.7686
Epoch 932/1000, Train Loss: 0.4906, Validation Loss: 3.5809
Epoch 933/1000, Train Loss: 0.5054, Validation Loss: 1.4547
Epoch 934/1000, Train Loss: 0.4977, Validation Loss: 1.1381
Epoch 935/1000, Train Loss: 0.5094, Validation Loss: 0.8060
Epoch 936/1000, Train Loss: 0.4981, Validation Loss: 0.8611
Epoch 937/1000, Train Loss: 0.4927, Validation Loss: 0.8880
Epoch 938/1000, Train Loss: 0.5030, Validation Loss: 2.6806
Epoch 939/1000, Train Loss: 0.4911, Validation Loss: 0.9670
Epoch 940/1000, Train Loss: 0.4968, Validation Loss: 4.3167
Epoch 941/1000, Train Loss: 0.4973, Validation Loss: 1.6556
Epoch 942/1000, Train Loss: 0.4934, Validation Loss: 2.8100
Epoch 943/1000, Train Loss: 0.4953, Validation Loss: 0.7197
Epoch 944/1000, Train Loss: 0.5138, Validation Loss: 0.7459
Epoch 945/1000, Train Loss: 0.5083, Validation Loss: 3.3966
Epoch 946/1000, Train Loss: 0.4945, Validation Loss: 1.5441
Epoch 947/1000, Train Loss: 0.4964, Validation Loss: 2.1367
Epoch 948/1000, Train Loss: 0.4961, Validation Loss: 1.1818
Epoch 949/1000, Train Loss: 0.5006, Validation Loss: 2.8958
Epoch 950/1000, Train Loss: 0.4954, Validation Loss: 2.3573
Epoch 951/1000, Train Loss: 0.4940, Validation Loss: 1.0328
Epoch 952/1000, Train Loss: 0.4939, Validation Loss: 1.5816
Epoch 953/1000, Train Loss: 0.4960, Validation Loss: 1.5485
Epoch 954/1000, Train Loss: 0.4966, Validation Loss: 1.2465
Epoch 955/1000, Train Loss: 0.4993, Validation Loss: 1.1154
Epoch 956/1000, Train Loss: 0.5028, Validation Loss: 1.0189
Epoch 957/1000, Train Loss: 0.5065, Validation Loss: 0.7623
Epoch 958/1000, Train Loss: 0.4983, Validation Loss: 2.9067
Epoch 959/1000, Train Loss: 0.4943, Validation Loss: 2.6636
Epoch 960/1000, Train Loss: 0.5070, Validation Loss: 2.6843
Epoch 961/1000, Train Loss: 0.5130, Validation Loss: 1.6628
Epoch 962/1000, Train Loss: 0.5111, Validation Loss: 2.2105
Epoch 963/1000, Train Loss: 0.5054, Validation Loss: 2.0390
Epoch 964/1000, Train Loss: 0.5071, Validation Loss: 2.4157
Epoch 965/1000, Train Loss: 0.4954, Validation Loss: 2.0342
Epoch 966/1000, Train Loss: 0.5008, Validation Loss: 0.9094
Epoch 967/1000, Train Loss: 0.4945, Validation Loss: 2.5634
Epoch 968/1000, Train Loss: 0.4960, Validation Loss: 2.3274
Epoch 969/1000, Train Loss: 0.4971, Validation Loss: 1.3907
Epoch 970/1000, Train Loss: 0.5015, Validation Loss: 3.5200
Epoch 971/1000, Train Loss: 0.4951, Validation Loss: 0.8782
Epoch 972/1000, Train Loss: 0.4898, Validation Loss: 1.4213
Epoch 973/1000, Train Loss: 0.5108, Validation Loss: 2.5156
Epoch 974/1000, Train Loss: 0.4980, Validation Loss: 2.1732
Epoch 975/1000, Train Loss: 0.5068, Validation Loss: 1.8928
Epoch 976/1000, Train Loss: 0.5011, Validation Loss: 0.8377
Epoch 977/1000, Train Loss: 0.5098, Validation Loss: 1.2226
Epoch 978/1000, Train Loss: 0.4977, Validation Loss: 1.8420
Epoch 979/1000, Train Loss: 0.4995, Validation Loss: 2.4920
Epoch 980/1000, Train Loss: 0.5521, Validation Loss: 1.1798
Epoch 981/1000, Train Loss: 0.4924, Validation Loss: 3.4947
Epoch 982/1000, Train Loss: 0.4970, Validation Loss: 1.0223
Epoch 983/1000, Train Loss: 0.5036, Validation Loss: 1.0685
Epoch 984/1000, Train Loss: 0.4978, Validation Loss: 0.8295
Epoch 985/1000, Train Loss: 0.5011, Validation Loss: 0.9808
Epoch 986/1000, Train Loss: 0.4990, Validation Loss: 1.0849
Epoch 987/1000, Train Loss: 0.4993, Validation Loss: 1.0951
Epoch 988/1000, Train Loss: 0.4967, Validation Loss: 2.5064
Epoch 989/1000, Train Loss: 0.4978, Validation Loss: 1.8966
Epoch 990/1000, Train Loss: 0.4981, Validation Loss: 3.1464
Epoch 991/1000, Train Loss: 0.4948, Validation Loss: 1.3966
Epoch 992/1000, Train Loss: 0.4944, Validation Loss: 2.4785
Epoch 993/1000, Train Loss: 0.4895, Validation Loss: 1.2871
Epoch 994/1000, Train Loss: 0.4931, Validation Loss: 1.5389
Epoch 995/1000, Train Loss: 0.4959, Validation Loss: 0.9774
Epoch 996/1000, Train Loss: 0.5018, Validation Loss: 0.5694
Epoch 997/1000, Train Loss: 0.4975, Validation Loss: 4.7021
Epoch 998/1000, Train Loss: 0.4956, Validation Loss: 0.7489
Epoch 999/1000, Train Loss: 0.5005, Validation Loss: 0.8468
Epoch 1000/1000, Train Loss: 0.5026, Validation Loss: 1.7848
Best Training Loss: 0.4882
Best Training Loss Epoch: 873
Best Validation Loss: 0.4943
Best Validation Loss Epoch: 908
Time taken for training: 0-17:18:04
Test Loss: 0.5128
Test MAPE: 27125.8027%
Error Statistics:
count     41272.000000
mean        442.065369
std        7820.282227
min           0.000013
25%           0.183327
50%           1.658711
75%          22.779906
max      923429.000000
Name: Absolute Error, dtype: float64
Training complete. Final model saved.
Saving model as a wandb Artifact...
Model artifact logged successfully.
[1;34mwandb[0m: 
[1;34mwandb[0m: 🚀 View run [33mdutiful-sweep-21[0m at: [34mhttps://wandb.ai/mk8737-new-york-university/rl_pretrain_hp_sweeps/runs/14fulhvf[0m
[1;34mwandb[0m: Find logs at: [1;35mwandb/run-20251006_143926-14fulhvf/logs[0m
Agent finished.
