Waiting for sweep ID...
Found Sweep ID: be12np04
Starting wandb agent for sweep be12np04...
TRAINING DEVICE: cpu
Run Name: GCN_global_hp_sweep_be12np04-0ea48n1k
finidhed preparing data
Loading dataset from pretrain_dataset_12.5k_fixed_duplicates.pkl
Loaded 412712 data objects.
finished preparing data
Epoch 1/1000, Train Loss: 10.5759, Validation Loss: 2.5336
Epoch 2/1000, Train Loss: 1.4441, Validation Loss: 1.6024
Epoch 3/1000, Train Loss: 1.2738, Validation Loss: 1.3693
Epoch 4/1000, Train Loss: 1.2977, Validation Loss: 1.6661
Epoch 5/1000, Train Loss: 1.1998, Validation Loss: 1.2848
Epoch 6/1000, Train Loss: 1.1216, Validation Loss: 2.2484
Epoch 7/1000, Train Loss: 1.1362, Validation Loss: 1.4043
Epoch 8/1000, Train Loss: 1.0641, Validation Loss: 1.7838
Epoch 9/1000, Train Loss: 0.9833, Validation Loss: 2.5376
Epoch 10/1000, Train Loss: 234.3431, Validation Loss: 1.0706
Epoch 11/1000, Train Loss: 1.0297, Validation Loss: 2.5206
Epoch 12/1000, Train Loss: 1.0156, Validation Loss: 2.2772
Epoch 13/1000, Train Loss: 20.0166, Validation Loss: 1.5997
Epoch 14/1000, Train Loss: 1.7013, Validation Loss: 1.6976
Epoch 15/1000, Train Loss: 0.9694, Validation Loss: 11.9207
Epoch 16/1000, Train Loss: 0.9714, Validation Loss: 0.9816
Epoch 17/1000, Train Loss: 14.7049, Validation Loss: 0.8728
Epoch 18/1000, Train Loss: 0.9118, Validation Loss: 0.9759
Epoch 19/1000, Train Loss: 13.2033, Validation Loss: 2.4740
Epoch 20/1000, Train Loss: 0.9100, Validation Loss: 2.6355
Epoch 21/1000, Train Loss: 1.7557, Validation Loss: 5548.6603
Epoch 22/1000, Train Loss: 1.9906, Validation Loss: 30.2097
Epoch 23/1000, Train Loss: 0.8466, Validation Loss: 42.8158
Epoch 24/1000, Train Loss: 0.8205, Validation Loss: 2.6863
Epoch 25/1000, Train Loss: 0.8595, Validation Loss: 1.6699
Epoch 26/1000, Train Loss: 345.0045, Validation Loss: 3.5937
Epoch 27/1000, Train Loss: 1.4021, Validation Loss: 1.2103
Epoch 28/1000, Train Loss: 0.8478, Validation Loss: 1.6074
Epoch 29/1000, Train Loss: 0.8225, Validation Loss: 2.7975
Epoch 30/1000, Train Loss: 0.7835, Validation Loss: 3.3903
Epoch 31/1000, Train Loss: 11.4935, Validation Loss: 2.9591
Epoch 32/1000, Train Loss: 0.7965, Validation Loss: 1.4612
Epoch 33/1000, Train Loss: 1.2453, Validation Loss: 2.0138
Epoch 34/1000, Train Loss: 11.2400, Validation Loss: 0.8186
Epoch 35/1000, Train Loss: 0.7897, Validation Loss: 1.5253
Epoch 36/1000, Train Loss: 659.9586, Validation Loss: 6.4658
Epoch 37/1000, Train Loss: 0.7676, Validation Loss: 2.6234
Epoch 38/1000, Train Loss: 0.7514, Validation Loss: 2.7660
Epoch 39/1000, Train Loss: 0.7501, Validation Loss: 1.2664
Epoch 40/1000, Train Loss: 6.2004, Validation Loss: 1.0735
Epoch 41/1000, Train Loss: 0.7397, Validation Loss: 3.8035
Epoch 42/1000, Train Loss: 0.7867, Validation Loss: 3.5668
Epoch 43/1000, Train Loss: 0.7321, Validation Loss: 1.4850
Epoch 44/1000, Train Loss: 0.8494, Validation Loss: 1.0538
Epoch 45/1000, Train Loss: 0.7748, Validation Loss: 2.6968
Epoch 46/1000, Train Loss: 0.7150, Validation Loss: 1.1812
Epoch 47/1000, Train Loss: 0.8433, Validation Loss: 5.1418
Epoch 48/1000, Train Loss: 0.7790, Validation Loss: 3.6113
Epoch 49/1000, Train Loss: 2.8621, Validation Loss: 1.4222
Epoch 50/1000, Train Loss: 0.7478, Validation Loss: 1.5010
Epoch 51/1000, Train Loss: 0.7481, Validation Loss: 1.9205
Epoch 52/1000, Train Loss: 0.7234, Validation Loss: 2.6302
Epoch 53/1000, Train Loss: 0.7336, Validation Loss: 4.4154
Epoch 54/1000, Train Loss: 0.7131, Validation Loss: 2.9619
Epoch 55/1000, Train Loss: 0.7099, Validation Loss: 1.3552
Epoch 56/1000, Train Loss: 236.5493, Validation Loss: 3.0708
Epoch 57/1000, Train Loss: 0.9724, Validation Loss: 1.2654
Epoch 58/1000, Train Loss: 0.7283, Validation Loss: 3.0317
Epoch 59/1000, Train Loss: 0.7364, Validation Loss: 0.9754
Epoch 60/1000, Train Loss: 0.7270, Validation Loss: 2.4048
Epoch 61/1000, Train Loss: 0.7643, Validation Loss: 0.7743
Epoch 62/1000, Train Loss: 0.7036, Validation Loss: 1.4599
Epoch 63/1000, Train Loss: 2593.9847, Validation Loss: 6.2923
Epoch 64/1000, Train Loss: 1.5642, Validation Loss: 2.4475
Epoch 65/1000, Train Loss: 0.7210, Validation Loss: 7.7667
Epoch 66/1000, Train Loss: 0.7080, Validation Loss: 5.0056
Epoch 67/1000, Train Loss: 0.7054, Validation Loss: 5.8621
Epoch 68/1000, Train Loss: 0.6905, Validation Loss: 0.7708
Epoch 69/1000, Train Loss: 0.6911, Validation Loss: 2.9115
Epoch 70/1000, Train Loss: 0.6912, Validation Loss: 4.0839
Epoch 71/1000, Train Loss: 0.6780, Validation Loss: 1.2757
Epoch 72/1000, Train Loss: 65.9908, Validation Loss: 1.1668
Epoch 73/1000, Train Loss: 0.6902, Validation Loss: 1.1700
Epoch 74/1000, Train Loss: 0.6760, Validation Loss: 1.3423
Epoch 75/1000, Train Loss: 1.1425, Validation Loss: 2.6727
Epoch 76/1000, Train Loss: 0.6991, Validation Loss: 2.8036
Epoch 77/1000, Train Loss: 0.6866, Validation Loss: 2.6774
Epoch 78/1000, Train Loss: 0.6890, Validation Loss: 1.4377
Epoch 79/1000, Train Loss: 0.7222, Validation Loss: 3.7499
Epoch 80/1000, Train Loss: 0.6751, Validation Loss: 1.2562
Epoch 81/1000, Train Loss: 0.6921, Validation Loss: 13.3334
Epoch 82/1000, Train Loss: 0.6709, Validation Loss: 2.0341
Epoch 83/1000, Train Loss: 0.6928, Validation Loss: 1.7459
Epoch 84/1000, Train Loss: 2.1878, Validation Loss: 2.2220
Epoch 85/1000, Train Loss: 0.7031, Validation Loss: 0.8421
Epoch 86/1000, Train Loss: 0.7074, Validation Loss: 2.6341
Epoch 87/1000, Train Loss: 9.9952, Validation Loss: 3.8550
Epoch 88/1000, Train Loss: 0.6827, Validation Loss: 2.0532
Epoch 89/1000, Train Loss: 0.6846, Validation Loss: 6.0471
Epoch 90/1000, Train Loss: 0.6667, Validation Loss: 6.2333
Epoch 91/1000, Train Loss: 6.9077, Validation Loss: 8.1591
Epoch 92/1000, Train Loss: 0.7021, Validation Loss: 2.6702
Epoch 93/1000, Train Loss: 0.6740, Validation Loss: 2.0556
Epoch 94/1000, Train Loss: 0.7008, Validation Loss: 2.3379
Epoch 95/1000, Train Loss: 0.6674, Validation Loss: 1.4866
Epoch 96/1000, Train Loss: 0.6726, Validation Loss: 3.2275
Epoch 97/1000, Train Loss: 0.6628, Validation Loss: 2.9182
Epoch 98/1000, Train Loss: 15.2852, Validation Loss: 6.4124
Epoch 99/1000, Train Loss: 0.6926, Validation Loss: 1.4647
Epoch 100/1000, Train Loss: 0.6764, Validation Loss: 19.5514
Epoch 101/1000, Train Loss: 0.6816, Validation Loss: 3.4684
Epoch 102/1000, Train Loss: 0.6843, Validation Loss: 1.7524
Epoch 103/1000, Train Loss: 0.6618, Validation Loss: 1.5431
Epoch 104/1000, Train Loss: 1.2332, Validation Loss: 1.8592
Epoch 105/1000, Train Loss: 0.6837, Validation Loss: 5.9693
Epoch 106/1000, Train Loss: 0.6783, Validation Loss: 6.0819
Epoch 107/1000, Train Loss: 0.6781, Validation Loss: 3.5635
Epoch 108/1000, Train Loss: 0.6608, Validation Loss: 1.3252
Epoch 109/1000, Train Loss: 0.7204, Validation Loss: 17.0419
Epoch 110/1000, Train Loss: 0.6756, Validation Loss: 2.4165
Epoch 111/1000, Train Loss: 0.6705, Validation Loss: 1.1790
Epoch 112/1000, Train Loss: 0.6918, Validation Loss: 0.9251
Epoch 113/1000, Train Loss: 3.4300, Validation Loss: 2.3330
Epoch 114/1000, Train Loss: 0.7423, Validation Loss: 4.1180
Epoch 115/1000, Train Loss: 0.7554, Validation Loss: 20.2312
Epoch 116/1000, Train Loss: 0.6795, Validation Loss: 22.4426
Epoch 117/1000, Train Loss: 0.6720, Validation Loss: 2.9672
Epoch 118/1000, Train Loss: 0.6953, Validation Loss: 1.1895
Epoch 119/1000, Train Loss: 0.6712, Validation Loss: 12.3779
Epoch 120/1000, Train Loss: 0.6794, Validation Loss: 2.1728
Epoch 121/1000, Train Loss: 29.7742, Validation Loss: 2.0255
Epoch 122/1000, Train Loss: 0.6835, Validation Loss: 1.7592
Epoch 123/1000, Train Loss: 0.6621, Validation Loss: 1.7814
Epoch 124/1000, Train Loss: 0.6898, Validation Loss: 1.9066
Epoch 125/1000, Train Loss: 0.6676, Validation Loss: 1.5039
Epoch 126/1000, Train Loss: 0.6795, Validation Loss: 3.7547
Epoch 127/1000, Train Loss: 1.2956, Validation Loss: 0.8268
Epoch 128/1000, Train Loss: 0.6588, Validation Loss: 2.0222
Epoch 129/1000, Train Loss: 0.8240, Validation Loss: 2.9049
Epoch 130/1000, Train Loss: 0.6791, Validation Loss: 0.9581
Epoch 131/1000, Train Loss: 0.6484, Validation Loss: 17.1961
Epoch 132/1000, Train Loss: 0.6513, Validation Loss: 1.7818
Epoch 133/1000, Train Loss: 0.6768, Validation Loss: 3.2678
Epoch 134/1000, Train Loss: 0.6596, Validation Loss: 1.1741
Epoch 135/1000, Train Loss: 4.7489, Validation Loss: 2.7146
Epoch 136/1000, Train Loss: 0.6883, Validation Loss: 0.7865
Epoch 137/1000, Train Loss: 0.6557, Validation Loss: 0.8827
Epoch 138/1000, Train Loss: 0.6734, Validation Loss: 0.9446
Epoch 139/1000, Train Loss: 0.7790, Validation Loss: 18.7709
Epoch 140/1000, Train Loss: 0.7916, Validation Loss: 1.5915
Epoch 141/1000, Train Loss: 0.6762, Validation Loss: 2.3481
Epoch 142/1000, Train Loss: 0.6643, Validation Loss: 93.3128
Epoch 143/1000, Train Loss: 0.6702, Validation Loss: 1.5008
Epoch 144/1000, Train Loss: 0.6614, Validation Loss: 10.8705
Epoch 145/1000, Train Loss: 0.6611, Validation Loss: 3.6311
Epoch 146/1000, Train Loss: 0.6488, Validation Loss: 1.5605
Epoch 147/1000, Train Loss: 0.6562, Validation Loss: 2.0133
Epoch 148/1000, Train Loss: 0.6630, Validation Loss: 3.6793
Epoch 149/1000, Train Loss: 1.6640, Validation Loss: 2.3148
Epoch 150/1000, Train Loss: 0.6776, Validation Loss: 43.1808
Epoch 151/1000, Train Loss: 0.6648, Validation Loss: 1.4489
Epoch 152/1000, Train Loss: 0.6503, Validation Loss: 1.8813
Epoch 153/1000, Train Loss: 0.6578, Validation Loss: 1.1245
Epoch 154/1000, Train Loss: 0.6506, Validation Loss: 1.3865
Epoch 155/1000, Train Loss: 6.4081, Validation Loss: 2.7755
Epoch 156/1000, Train Loss: 0.6597, Validation Loss: 7.0297
Epoch 157/1000, Train Loss: 0.6555, Validation Loss: 1.6890
Epoch 158/1000, Train Loss: 0.6533, Validation Loss: 1.1357
Epoch 159/1000, Train Loss: 0.6526, Validation Loss: 3.4072
Epoch 160/1000, Train Loss: 0.7291, Validation Loss: 1.7902
Epoch 161/1000, Train Loss: 0.6669, Validation Loss: 4.3302
Epoch 162/1000, Train Loss: 0.6655, Validation Loss: 2.4277
Epoch 163/1000, Train Loss: 0.6393, Validation Loss: 1.5919
Epoch 164/1000, Train Loss: 0.7123, Validation Loss: 3.2031
Epoch 165/1000, Train Loss: 0.6528, Validation Loss: 3.2386
Epoch 166/1000, Train Loss: 0.6739, Validation Loss: 1.8721
Epoch 167/1000, Train Loss: 2.8616, Validation Loss: 3.9319
Epoch 168/1000, Train Loss: 0.7070, Validation Loss: 1.2631
Epoch 169/1000, Train Loss: 0.6652, Validation Loss: 0.7490
Epoch 170/1000, Train Loss: 0.6733, Validation Loss: 4.7968
Epoch 171/1000, Train Loss: 0.6727, Validation Loss: 1.1916
Epoch 172/1000, Train Loss: 0.6454, Validation Loss: 3.4437
Epoch 173/1000, Train Loss: 0.6490, Validation Loss: 2.6012
Epoch 174/1000, Train Loss: 3.5480, Validation Loss: 0.9940
Epoch 175/1000, Train Loss: 0.6832, Validation Loss: 1.1818
Epoch 176/1000, Train Loss: 0.6672, Validation Loss: 3.4992
Epoch 177/1000, Train Loss: 0.6713, Validation Loss: 1.4671
Epoch 178/1000, Train Loss: 0.6620, Validation Loss: 8.3058
Epoch 179/1000, Train Loss: 1.8582, Validation Loss: 16.1313
Epoch 180/1000, Train Loss: 0.6938, Validation Loss: 1.0292
Epoch 181/1000, Train Loss: 0.6597, Validation Loss: 15.7405
Epoch 182/1000, Train Loss: 0.6495, Validation Loss: 3.0374
Epoch 183/1000, Train Loss: 0.6701, Validation Loss: 1.2287
Epoch 184/1000, Train Loss: 0.6682, Validation Loss: 1.7103
Epoch 185/1000, Train Loss: 0.6575, Validation Loss: 1.2215
Epoch 186/1000, Train Loss: 0.6583, Validation Loss: 1.1972
Epoch 187/1000, Train Loss: 0.6553, Validation Loss: 3.4734
Epoch 188/1000, Train Loss: 11.6593, Validation Loss: 6.0669
Epoch 189/1000, Train Loss: 6.2488, Validation Loss: 6.6520
Epoch 190/1000, Train Loss: 1.6642, Validation Loss: 2.3790
Epoch 191/1000, Train Loss: 0.7721, Validation Loss: 1.4178
Epoch 192/1000, Train Loss: 0.7341, Validation Loss: 6.4955
Epoch 193/1000, Train Loss: 0.7067, Validation Loss: 1.7640
Epoch 194/1000, Train Loss: 0.7410, Validation Loss: 2.3927
Epoch 195/1000, Train Loss: 0.7280, Validation Loss: 1.3870
Epoch 196/1000, Train Loss: 1.3938, Validation Loss: 1.5005
Epoch 197/1000, Train Loss: 0.8688, Validation Loss: 3.9167
Epoch 198/1000, Train Loss: 0.7421, Validation Loss: 1.3624
Epoch 199/1000, Train Loss: 0.7262, Validation Loss: 2.3396
Epoch 200/1000, Train Loss: 0.7413, Validation Loss: 1.4314
Epoch 201/1000, Train Loss: 81.2583, Validation Loss: 1.7017
Epoch 202/1000, Train Loss: 0.8328, Validation Loss: 1.3569
Epoch 203/1000, Train Loss: 0.7198, Validation Loss: 2.3021
Epoch 204/1000, Train Loss: 0.7538, Validation Loss: 1.7867
Epoch 205/1000, Train Loss: 0.6987, Validation Loss: 1.2567
Epoch 206/1000, Train Loss: 0.7233, Validation Loss: 3.5768
Epoch 207/1000, Train Loss: 25.6327, Validation Loss: 1.2904
Epoch 208/1000, Train Loss: 6.9243, Validation Loss: 1.2840
Epoch 209/1000, Train Loss: 0.7093, Validation Loss: 4.1889
Epoch 210/1000, Train Loss: 0.7520, Validation Loss: 2.0935
Epoch 211/1000, Train Loss: 0.7017, Validation Loss: 2.9159
Epoch 212/1000, Train Loss: 224.0224, Validation Loss: 3.1222
Epoch 213/1000, Train Loss: 0.7431, Validation Loss: 1.2781
Epoch 214/1000, Train Loss: 0.6859, Validation Loss: 3.2660
Epoch 215/1000, Train Loss: 0.7267, Validation Loss: 1.3705
Epoch 216/1000, Train Loss: 1.9921, Validation Loss: 1.7111
Epoch 217/1000, Train Loss: 0.7224, Validation Loss: 15.6093
Epoch 218/1000, Train Loss: 0.7231, Validation Loss: 1.4630
Epoch 219/1000, Train Loss: 0.6807, Validation Loss: 0.8459
Epoch 220/1000, Train Loss: 1.2027, Validation Loss: 2.5356
Epoch 221/1000, Train Loss: 0.7784, Validation Loss: 0.9304
Epoch 222/1000, Train Loss: 0.7007, Validation Loss: 1.1256
Epoch 223/1000, Train Loss: 0.7006, Validation Loss: 41.4373
Epoch 224/1000, Train Loss: 0.9720, Validation Loss: 1.6443
Epoch 225/1000, Train Loss: 0.7218, Validation Loss: 2.2498
Epoch 226/1000, Train Loss: 17103.6187, Validation Loss: 2.7861
Epoch 227/1000, Train Loss: 0.7054, Validation Loss: 1.2633
Epoch 228/1000, Train Loss: 0.7122, Validation Loss: 1.2718
Epoch 229/1000, Train Loss: 0.7320, Validation Loss: 2.8681
Epoch 230/1000, Train Loss: 2.7933, Validation Loss: 0.8865
Epoch 231/1000, Train Loss: 0.7267, Validation Loss: 10.9130
Epoch 232/1000, Train Loss: 0.7023, Validation Loss: 1.0329
Epoch 233/1000, Train Loss: 0.7189, Validation Loss: 1.9172
Epoch 234/1000, Train Loss: 0.6817, Validation Loss: 1.8957
Epoch 235/1000, Train Loss: 0.6953, Validation Loss: 0.9380
Epoch 236/1000, Train Loss: 4.3397, Validation Loss: 3.0731
Epoch 237/1000, Train Loss: 0.7234, Validation Loss: 20.3982
Epoch 238/1000, Train Loss: 0.9844, Validation Loss: 3.0007
Epoch 239/1000, Train Loss: 0.6804, Validation Loss: 1.3642
Epoch 240/1000, Train Loss: 0.6884, Validation Loss: 22.6224
Epoch 241/1000, Train Loss: 0.7252, Validation Loss: 2.5152
Epoch 242/1000, Train Loss: 4.8269, Validation Loss: 1.7915
Epoch 243/1000, Train Loss: 0.7471, Validation Loss: 2.0190
Epoch 244/1000, Train Loss: 0.7052, Validation Loss: 1.3870
Epoch 245/1000, Train Loss: 0.7113, Validation Loss: 1.8747
Epoch 246/1000, Train Loss: 0.6731, Validation Loss: 1.0611
Epoch 247/1000, Train Loss: 957521.3839, Validation Loss: 5.1111
Epoch 248/1000, Train Loss: 0.7866, Validation Loss: 1.6112
Epoch 249/1000, Train Loss: 0.7395, Validation Loss: 3.4947
Epoch 250/1000, Train Loss: 0.6963, Validation Loss: 12.3654
Epoch 251/1000, Train Loss: 0.8987, Validation Loss: 1.5086
Epoch 252/1000, Train Loss: 0.7070, Validation Loss: 1.8547
Epoch 253/1000, Train Loss: 0.8682, Validation Loss: 6.2890
Epoch 254/1000, Train Loss: 0.7207, Validation Loss: 59.9941
Epoch 255/1000, Train Loss: 0.9250, Validation Loss: 1.9946
Epoch 256/1000, Train Loss: 0.7317, Validation Loss: 1.9631
Epoch 257/1000, Train Loss: 0.6882, Validation Loss: 3.4850
Epoch 258/1000, Train Loss: 0.7696, Validation Loss: 0.9108
Epoch 259/1000, Train Loss: 3.8283, Validation Loss: 5.3271
Epoch 260/1000, Train Loss: 0.7868, Validation Loss: 0.9206
Epoch 261/1000, Train Loss: 0.6717, Validation Loss: 1.3657
Epoch 262/1000, Train Loss: 1624.1140, Validation Loss: 715.2404
Epoch 263/1000, Train Loss: 0.7601, Validation Loss: 2.3719
Epoch 264/1000, Train Loss: 0.6989, Validation Loss: 2.5823
Epoch 265/1000, Train Loss: 0.6835, Validation Loss: 1.0927
Epoch 266/1000, Train Loss: 197.7834, Validation Loss: 1.3720
Epoch 267/1000, Train Loss: 0.8802, Validation Loss: 1.1776
Epoch 268/1000, Train Loss: 0.6877, Validation Loss: 1.9321
Epoch 269/1000, Train Loss: 0.7699, Validation Loss: 0.6935
Epoch 270/1000, Train Loss: 0.6804, Validation Loss: 1.3479
Epoch 271/1000, Train Loss: 0.7163, Validation Loss: 2.9930
Epoch 272/1000, Train Loss: 0.6446, Validation Loss: 1.4923
Epoch 273/1000, Train Loss: 0.6645, Validation Loss: 1.7150
Epoch 274/1000, Train Loss: 1.8147, Validation Loss: 0.8186
Epoch 275/1000, Train Loss: 0.6543, Validation Loss: 3.2777
Epoch 276/1000, Train Loss: 0.6515, Validation Loss: 3.4835
Epoch 277/1000, Train Loss: 0.6269, Validation Loss: 4.2267
Epoch 278/1000, Train Loss: 0.7128, Validation Loss: 2.0785
Epoch 279/1000, Train Loss: 0.6229, Validation Loss: 3.0519
Epoch 280/1000, Train Loss: 0.6320, Validation Loss: 3.3304
Epoch 281/1000, Train Loss: 0.9150, Validation Loss: 2.7344
Epoch 282/1000, Train Loss: 0.6163, Validation Loss: 1.3119
Epoch 283/1000, Train Loss: 1.7734, Validation Loss: 1.6015
Epoch 284/1000, Train Loss: 0.6150, Validation Loss: 1.3976
Epoch 285/1000, Train Loss: 0.6278, Validation Loss: 11.9841
Epoch 286/1000, Train Loss: 0.6352, Validation Loss: 2.0658
Epoch 287/1000, Train Loss: 13.4089, Validation Loss: 2.4973
Epoch 288/1000, Train Loss: 0.6298, Validation Loss: 1.6669
Epoch 289/1000, Train Loss: 0.6338, Validation Loss: 0.9762
Epoch 290/1000, Train Loss: 0.6447, Validation Loss: 1.0474
Epoch 291/1000, Train Loss: 0.6437, Validation Loss: 1.2085
Epoch 292/1000, Train Loss: 2.9733, Validation Loss: 1.3950
Epoch 293/1000, Train Loss: 0.6772, Validation Loss: 1.2333
Epoch 294/1000, Train Loss: 0.6293, Validation Loss: 1.8534
Epoch 295/1000, Train Loss: 0.6267, Validation Loss: 3.8443
Epoch 296/1000, Train Loss: 0.7321, Validation Loss: 3.5600
Epoch 297/1000, Train Loss: 0.6086, Validation Loss: 1.6501
Epoch 298/1000, Train Loss: 0.7872, Validation Loss: 5.4522
Epoch 299/1000, Train Loss: 0.6231, Validation Loss: 2.0818
Epoch 300/1000, Train Loss: 6.4012, Validation Loss: 4039.5274
Epoch 301/1000, Train Loss: 0.6336, Validation Loss: 1.5191
Epoch 302/1000, Train Loss: 0.6199, Validation Loss: 0.7325
Epoch 303/1000, Train Loss: 0.6967, Validation Loss: 0.9402
Epoch 304/1000, Train Loss: 0.6157, Validation Loss: 1.8320
Epoch 305/1000, Train Loss: 0.6297, Validation Loss: 1.6014
Epoch 306/1000, Train Loss: 0.6271, Validation Loss: 1.8346
Epoch 307/1000, Train Loss: 0.6722, Validation Loss: 1.1017
Epoch 308/1000, Train Loss: 0.6196, Validation Loss: 3.2750
Epoch 309/1000, Train Loss: 0.6097, Validation Loss: 3.7660
Epoch 310/1000, Train Loss: 0.6080, Validation Loss: 2.8200
Epoch 311/1000, Train Loss: 9.2251, Validation Loss: 3.4300
Epoch 312/1000, Train Loss: 0.6251, Validation Loss: 1.0316
Epoch 313/1000, Train Loss: 0.6050, Validation Loss: 1.3196
Epoch 314/1000, Train Loss: 0.6123, Validation Loss: 6.2185
Epoch 315/1000, Train Loss: 0.6138, Validation Loss: 1.1747
Epoch 316/1000, Train Loss: 0.6196, Validation Loss: 2.3068
Epoch 317/1000, Train Loss: 0.6302, Validation Loss: 1.8540
Epoch 318/1000, Train Loss: 3.3500, Validation Loss: 2.2335
Epoch 319/1000, Train Loss: 0.6289, Validation Loss: 3.2385
Epoch 320/1000, Train Loss: 0.6278, Validation Loss: 2.0868
Epoch 321/1000, Train Loss: 0.6202, Validation Loss: 1.4650
Epoch 322/1000, Train Loss: 0.6244, Validation Loss: 1.1570
Epoch 323/1000, Train Loss: 0.7738, Validation Loss: 3.4223
Epoch 324/1000, Train Loss: 0.6257, Validation Loss: 3.1004
Epoch 325/1000, Train Loss: 0.6231, Validation Loss: 2.4986
Epoch 326/1000, Train Loss: 0.6088, Validation Loss: 29.1858
Epoch 327/1000, Train Loss: 1.0178, Validation Loss: 1.7575
Epoch 328/1000, Train Loss: 0.6115, Validation Loss: 3.2371
Epoch 329/1000, Train Loss: 0.7511, Validation Loss: 1.2832
Epoch 330/1000, Train Loss: 0.6112, Validation Loss: 3.0459
Epoch 331/1000, Train Loss: 0.6077, Validation Loss: 3.5856
Epoch 332/1000, Train Loss: 0.6161, Validation Loss: 1.8000
Epoch 333/1000, Train Loss: 0.6350, Validation Loss: 3.8147
Epoch 334/1000, Train Loss: 2.0344, Validation Loss: 1.9232
Epoch 335/1000, Train Loss: 0.6972, Validation Loss: 5.0258
Epoch 336/1000, Train Loss: 0.6568, Validation Loss: 0.6991
Epoch 337/1000, Train Loss: 0.6075, Validation Loss: 2.2720
Epoch 338/1000, Train Loss: 0.6115, Validation Loss: 2.3927
Epoch 339/1000, Train Loss: 0.5889, Validation Loss: 0.9739
Epoch 340/1000, Train Loss: 0.6860, Validation Loss: 1.9586
Epoch 341/1000, Train Loss: 0.6192, Validation Loss: 2.1148
Epoch 342/1000, Train Loss: 0.6110, Validation Loss: 0.9333
Epoch 343/1000, Train Loss: 0.6233, Validation Loss: 2.8277
Epoch 344/1000, Train Loss: 16.5273, Validation Loss: 1.1045
Epoch 345/1000, Train Loss: 0.6513, Validation Loss: 8.9423
Epoch 346/1000, Train Loss: 0.6056, Validation Loss: 2.1743
Epoch 347/1000, Train Loss: 0.7299, Validation Loss: 1.7573
Epoch 348/1000, Train Loss: 0.6453, Validation Loss: 3.2274
Epoch 349/1000, Train Loss: 0.6241, Validation Loss: 21.5197
Epoch 350/1000, Train Loss: 0.6294, Validation Loss: 1.3912
Epoch 351/1000, Train Loss: 0.5993, Validation Loss: 3.0591
Epoch 352/1000, Train Loss: 455.4305, Validation Loss: 1.4055
Epoch 353/1000, Train Loss: 0.6138, Validation Loss: 1.1351
Epoch 354/1000, Train Loss: 0.6052, Validation Loss: 0.9467
Epoch 355/1000, Train Loss: 0.5990, Validation Loss: 2.4986
Epoch 356/1000, Train Loss: 1.2038, Validation Loss: 2.3498
Epoch 357/1000, Train Loss: 0.7241, Validation Loss: 3.2606
Epoch 358/1000, Train Loss: 0.8620, Validation Loss: 0.7916
Epoch 359/1000, Train Loss: 0.6046, Validation Loss: 1.2758
Epoch 360/1000, Train Loss: 0.6141, Validation Loss: 1.6836
Epoch 361/1000, Train Loss: 4.3667, Validation Loss: 1.2000
Epoch 362/1000, Train Loss: 0.5995, Validation Loss: 1.5451
Epoch 363/1000, Train Loss: 0.6192, Validation Loss: 2.7357
Epoch 364/1000, Train Loss: 0.6145, Validation Loss: 1.4767
Epoch 365/1000, Train Loss: 0.5957, Validation Loss: 1.7326
Epoch 366/1000, Train Loss: 0.6118, Validation Loss: 1.6173
Epoch 367/1000, Train Loss: 0.8169, Validation Loss: 5.1918
Epoch 368/1000, Train Loss: 0.6279, Validation Loss: 8.0404
Epoch 369/1000, Train Loss: 0.6158, Validation Loss: 1.0832
Epoch 370/1000, Train Loss: 0.6334, Validation Loss: 1.9016
Epoch 371/1000, Train Loss: 0.6175, Validation Loss: 1.0618
Epoch 372/1000, Train Loss: 0.6000, Validation Loss: 0.8871
Epoch 373/1000, Train Loss: 0.6135, Validation Loss: 2.6392
Epoch 374/1000, Train Loss: 0.6172, Validation Loss: 5.8201
Epoch 375/1000, Train Loss: 0.6307, Validation Loss: 3.5509
Epoch 376/1000, Train Loss: 0.6186, Validation Loss: 1.4238
Epoch 377/1000, Train Loss: 1.1040, Validation Loss: 2.4544
Epoch 378/1000, Train Loss: 0.6284, Validation Loss: 1.4291
Epoch 379/1000, Train Loss: 1.2546, Validation Loss: 3.4263
Epoch 380/1000, Train Loss: 0.6171, Validation Loss: 4.7163
Epoch 381/1000, Train Loss: 0.6308, Validation Loss: 0.8945
Epoch 382/1000, Train Loss: 0.6279, Validation Loss: 5.9344
Epoch 383/1000, Train Loss: 2.5792, Validation Loss: 4.5002
Epoch 384/1000, Train Loss: 0.7268, Validation Loss: 4.3593
Epoch 385/1000, Train Loss: 0.6347, Validation Loss: 0.9138
Epoch 386/1000, Train Loss: 0.6302, Validation Loss: 3.7028
Epoch 387/1000, Train Loss: 0.7988, Validation Loss: 1.8750
Epoch 388/1000, Train Loss: 0.6369, Validation Loss: 4.7832
Epoch 389/1000, Train Loss: 0.6149, Validation Loss: 1.1533
Epoch 390/1000, Train Loss: 0.6219, Validation Loss: 1.1673
Epoch 391/1000, Train Loss: 0.6156, Validation Loss: 8.2768
Epoch 392/1000, Train Loss: 0.6252, Validation Loss: 3.0514
Epoch 393/1000, Train Loss: 0.6256, Validation Loss: 3.5152
Epoch 394/1000, Train Loss: 4.1721, Validation Loss: 0.7368
Epoch 395/1000, Train Loss: 0.6385, Validation Loss: 4.5080
Epoch 396/1000, Train Loss: 0.6215, Validation Loss: 3.0421
Epoch 397/1000, Train Loss: 0.6428, Validation Loss: 1.4357
Epoch 398/1000, Train Loss: 0.6238, Validation Loss: 2.3301
Epoch 399/1000, Train Loss: 0.7071, Validation Loss: 2.1786
Epoch 400/1000, Train Loss: 0.6128, Validation Loss: 1.7138
Epoch 401/1000, Train Loss: 0.6368, Validation Loss: 1.5426
Epoch 402/1000, Train Loss: 0.6154, Validation Loss: 1.0415
Epoch 403/1000, Train Loss: 0.6102, Validation Loss: 1.2403
Epoch 404/1000, Train Loss: 1.7777, Validation Loss: 1.4489
Epoch 405/1000, Train Loss: 0.6252, Validation Loss: 8.4980
Epoch 406/1000, Train Loss: 0.6170, Validation Loss: 1.5276
Epoch 407/1000, Train Loss: 0.6251, Validation Loss: 2.3020
Epoch 408/1000, Train Loss: 1.2587, Validation Loss: 3.3853
Epoch 409/1000, Train Loss: 0.6280, Validation Loss: 0.9732
Epoch 410/1000, Train Loss: 0.6331, Validation Loss: 0.7930
Epoch 411/1000, Train Loss: 273.5791, Validation Loss: 1.5593
Epoch 412/1000, Train Loss: 0.6452, Validation Loss: 3.4344
Epoch 413/1000, Train Loss: 0.6283, Validation Loss: 1.3912
Epoch 414/1000, Train Loss: 0.6433, Validation Loss: 3.2510
Epoch 415/1000, Train Loss: 0.6409, Validation Loss: 1.5032
Epoch 416/1000, Train Loss: 0.6310, Validation Loss: 1.0714
Epoch 417/1000, Train Loss: 4.0376, Validation Loss: 6.0606
Epoch 418/1000, Train Loss: 5.8694, Validation Loss: 2.3405
Epoch 419/1000, Train Loss: 0.9667, Validation Loss: 2.4465
Epoch 420/1000, Train Loss: 0.6896, Validation Loss: 1.4814
Epoch 421/1000, Train Loss: 0.6961, Validation Loss: 1.0321
Epoch 422/1000, Train Loss: 0.6724, Validation Loss: 3.2386
Epoch 423/1000, Train Loss: 0.6767, Validation Loss: 2.3889
Epoch 424/1000, Train Loss: 0.6622, Validation Loss: 4.3436
Epoch 425/1000, Train Loss: 0.6450, Validation Loss: 2.4673
Epoch 426/1000, Train Loss: 0.6629, Validation Loss: 1.1148
Epoch 427/1000, Train Loss: 0.6933, Validation Loss: 3.7065
Epoch 428/1000, Train Loss: 0.7028, Validation Loss: 1.2721
Epoch 429/1000, Train Loss: 0.6623, Validation Loss: 2.3296
Epoch 430/1000, Train Loss: 0.9835, Validation Loss: 1225.9169
Epoch 431/1000, Train Loss: 0.7528, Validation Loss: 2.8451
Epoch 432/1000, Train Loss: 0.6324, Validation Loss: 6.2723
Epoch 433/1000, Train Loss: 0.6335, Validation Loss: 1.0132
Epoch 434/1000, Train Loss: 0.6262, Validation Loss: 3.0195
Epoch 435/1000, Train Loss: 0.7172, Validation Loss: 1.2416
Epoch 436/1000, Train Loss: 0.6174, Validation Loss: 1.1250
Epoch 437/1000, Train Loss: 0.6499, Validation Loss: 1.7065
Epoch 438/1000, Train Loss: 0.6445, Validation Loss: 10.2984
Epoch 439/1000, Train Loss: 0.6267, Validation Loss: 2.5530
Epoch 440/1000, Train Loss: 1.8981, Validation Loss: 2.4555
Epoch 441/1000, Train Loss: 0.6305, Validation Loss: 1.5638
Epoch 442/1000, Train Loss: 0.6297, Validation Loss: 1.5803
Epoch 443/1000, Train Loss: 0.9962, Validation Loss: 1.0201
Epoch 444/1000, Train Loss: 0.6541, Validation Loss: 2.0473
Epoch 445/1000, Train Loss: 0.6434, Validation Loss: 0.7086
Epoch 446/1000, Train Loss: 0.6419, Validation Loss: 0.8484
Epoch 447/1000, Train Loss: 0.6253, Validation Loss: 0.8701
Epoch 448/1000, Train Loss: 0.6274, Validation Loss: 2.0856
Epoch 449/1000, Train Loss: 0.7896, Validation Loss: 12.7603
Epoch 450/1000, Train Loss: 0.6604, Validation Loss: 2.4841
Epoch 451/1000, Train Loss: 0.6197, Validation Loss: 5.6988
Epoch 452/1000, Train Loss: 0.6380, Validation Loss: 1.5655
Epoch 453/1000, Train Loss: 0.7731, Validation Loss: 0.6776
Epoch 454/1000, Train Loss: 0.6345, Validation Loss: 1.3154
Epoch 455/1000, Train Loss: 0.6947, Validation Loss: 1.6871
Epoch 456/1000, Train Loss: 0.6456, Validation Loss: 1.3600
Epoch 457/1000, Train Loss: 0.6309, Validation Loss: 1.9801
Epoch 458/1000, Train Loss: 0.6456, Validation Loss: 1.7463
Epoch 459/1000, Train Loss: 15.7423, Validation Loss: 2.3907
Epoch 460/1000, Train Loss: 0.6560, Validation Loss: 3.1747
Epoch 461/1000, Train Loss: 0.6301, Validation Loss: 7.4255
Epoch 462/1000, Train Loss: 0.6325, Validation Loss: 1.9736
Epoch 463/1000, Train Loss: 0.9409, Validation Loss: 4.2428
Epoch 464/1000, Train Loss: 0.6416, Validation Loss: 4.2079
Epoch 465/1000, Train Loss: 0.6298, Validation Loss: 1.7822
Epoch 466/1000, Train Loss: 0.6229, Validation Loss: 2.3537
Epoch 467/1000, Train Loss: 0.6387, Validation Loss: 1.9535
Epoch 468/1000, Train Loss: 0.6102, Validation Loss: 2.1855
Epoch 469/1000, Train Loss: 3.6978, Validation Loss: 0.9478
Epoch 470/1000, Train Loss: 0.6305, Validation Loss: 2.5186
Epoch 471/1000, Train Loss: 0.6244, Validation Loss: 1.1002
Epoch 472/1000, Train Loss: 0.6105, Validation Loss: 2.1642
Epoch 473/1000, Train Loss: 0.6389, Validation Loss: 0.9597
Epoch 474/1000, Train Loss: 0.6268, Validation Loss: 1.3415
Epoch 475/1000, Train Loss: 2.5779, Validation Loss: 4.7872
Epoch 476/1000, Train Loss: 0.7233, Validation Loss: 1.3295
Epoch 477/1000, Train Loss: 0.6682, Validation Loss: 0.8188
Epoch 478/1000, Train Loss: 0.6384, Validation Loss: 2.5766
Epoch 479/1000, Train Loss: 0.6342, Validation Loss: 1.6937
Epoch 480/1000, Train Loss: 0.6296, Validation Loss: 1.9677
Epoch 481/1000, Train Loss: 0.9017, Validation Loss: 4.8141
Epoch 482/1000, Train Loss: 0.7200, Validation Loss: 3.2605
Epoch 483/1000, Train Loss: 0.6367, Validation Loss: 2.4005
Epoch 484/1000, Train Loss: 0.6425, Validation Loss: 2.3293
Epoch 485/1000, Train Loss: 1.0364, Validation Loss: 1.2506
Epoch 486/1000, Train Loss: 0.6465, Validation Loss: 1.8909
Epoch 487/1000, Train Loss: 0.6897, Validation Loss: 1.3370
Epoch 488/1000, Train Loss: 0.6368, Validation Loss: 1.3435
Epoch 489/1000, Train Loss: 0.6155, Validation Loss: 3.2564
Epoch 490/1000, Train Loss: 2.7373, Validation Loss: 2.9094
Epoch 491/1000, Train Loss: 0.7314, Validation Loss: 1.1203
Epoch 492/1000, Train Loss: 0.6630, Validation Loss: 2.6798
Epoch 493/1000, Train Loss: 0.6363, Validation Loss: 2.1603
Epoch 494/1000, Train Loss: 0.6248, Validation Loss: 1.2151
Epoch 495/1000, Train Loss: 0.6389, Validation Loss: 1.8461
Epoch 496/1000, Train Loss: 16.1984, Validation Loss: 10.2353
Epoch 497/1000, Train Loss: 0.7093, Validation Loss: 4.7963
Epoch 498/1000, Train Loss: 0.6422, Validation Loss: 0.9741
Epoch 499/1000, Train Loss: 0.6489, Validation Loss: 4.8721
Epoch 500/1000, Train Loss: 0.6468, Validation Loss: 1.0026
Epoch 501/1000, Train Loss: 0.6347, Validation Loss: 2.5041
Epoch 502/1000, Train Loss: 0.6099, Validation Loss: 1.1836
Epoch 503/1000, Train Loss: 1.6118, Validation Loss: 1.6277
Epoch 504/1000, Train Loss: 0.6963, Validation Loss: 0.9395
Epoch 505/1000, Train Loss: 0.6606, Validation Loss: 3.9769
Epoch 506/1000, Train Loss: 0.6616, Validation Loss: 1.8609
Epoch 507/1000, Train Loss: 0.6321, Validation Loss: 1.8596
Epoch 508/1000, Train Loss: 0.6318, Validation Loss: 0.8080
Epoch 509/1000, Train Loss: 0.6804, Validation Loss: 1.0361
Epoch 510/1000, Train Loss: 0.6661, Validation Loss: 6438.5566
Epoch 511/1000, Train Loss: 0.6708, Validation Loss: 2.7556
Epoch 512/1000, Train Loss: 0.6293, Validation Loss: 1.2646
Epoch 513/1000, Train Loss: 0.7114, Validation Loss: 1.3067
Epoch 514/1000, Train Loss: 0.6201, Validation Loss: 1.7430
Epoch 515/1000, Train Loss: 0.6271, Validation Loss: 1.2575
Epoch 516/1000, Train Loss: 0.9318, Validation Loss: 0.7704
Epoch 517/1000, Train Loss: 0.6279, Validation Loss: 2.7884
Epoch 518/1000, Train Loss: 0.6292, Validation Loss: 2.2225
Epoch 519/1000, Train Loss: 0.6203, Validation Loss: 0.6797
Epoch 520/1000, Train Loss: 0.7360, Validation Loss: 4.4432
Epoch 521/1000, Train Loss: 0.6491, Validation Loss: 8.8235
Epoch 522/1000, Train Loss: 0.6368, Validation Loss: 2.0925
Epoch 523/1000, Train Loss: 0.7402, Validation Loss: 2.0038
Epoch 524/1000, Train Loss: 0.6272, Validation Loss: 1.6226
Epoch 525/1000, Train Loss: 0.6333, Validation Loss: 1.2182
Epoch 526/1000, Train Loss: 0.6418, Validation Loss: 1.2276
Epoch 527/1000, Train Loss: 0.6227, Validation Loss: 1.4920
Epoch 528/1000, Train Loss: 1.9538, Validation Loss: 2.9813
Epoch 529/1000, Train Loss: 0.6626, Validation Loss: 0.8609
Epoch 530/1000, Train Loss: 0.6440, Validation Loss: 5.8765
Epoch 531/1000, Train Loss: 0.6205, Validation Loss: 0.9099
Epoch 532/1000, Train Loss: 0.6348, Validation Loss: 0.7454
Epoch 533/1000, Train Loss: 0.6155, Validation Loss: 0.9451
Epoch 534/1000, Train Loss: 0.6078, Validation Loss: 2.0555
Epoch 535/1000, Train Loss: 173.4016, Validation Loss: 1.2023
Epoch 536/1000, Train Loss: 0.6529, Validation Loss: 1.2425
Epoch 537/1000, Train Loss: 0.6313, Validation Loss: 11.2022
Epoch 538/1000, Train Loss: 0.6658, Validation Loss: 1.1440
Epoch 539/1000, Train Loss: 0.6358, Validation Loss: 2.8021
Epoch 540/1000, Train Loss: 0.6524, Validation Loss: 1.0881
Epoch 541/1000, Train Loss: 2.5709, Validation Loss: 6.1833
Epoch 542/1000, Train Loss: 0.8589, Validation Loss: 1.0126
Epoch 543/1000, Train Loss: 0.6369, Validation Loss: 1.5195
Epoch 544/1000, Train Loss: 0.6345, Validation Loss: 3.0001
Epoch 545/1000, Train Loss: 0.6404, Validation Loss: 4.7673
Epoch 546/1000, Train Loss: 0.6417, Validation Loss: 0.9522
Epoch 547/1000, Train Loss: 0.6255, Validation Loss: 1.2835
Epoch 548/1000, Train Loss: 0.6261, Validation Loss: 1.3394
Epoch 549/1000, Train Loss: 41.0510, Validation Loss: 2.9556
Epoch 550/1000, Train Loss: 0.6286, Validation Loss: 0.7698
Epoch 551/1000, Train Loss: 0.6302, Validation Loss: 6.7339
Epoch 552/1000, Train Loss: 0.6286, Validation Loss: 1.4835
Epoch 553/1000, Train Loss: 0.6341, Validation Loss: 0.8389
Epoch 554/1000, Train Loss: 11.2946, Validation Loss: 0.7409
Epoch 555/1000, Train Loss: 0.6433, Validation Loss: 1.5491
Epoch 556/1000, Train Loss: 0.6284, Validation Loss: 2.2516
Epoch 557/1000, Train Loss: 0.6350, Validation Loss: 1.0021
Epoch 558/1000, Train Loss: 0.6045, Validation Loss: 1.9873
Epoch 559/1000, Train Loss: 2.6975, Validation Loss: 2.4653
Epoch 560/1000, Train Loss: 0.6606, Validation Loss: 2.4711
Epoch 561/1000, Train Loss: 0.6238, Validation Loss: 1.6141
Epoch 562/1000, Train Loss: 0.6450, Validation Loss: 4.2254
Epoch 563/1000, Train Loss: 0.6718, Validation Loss: 0.7394
Epoch 564/1000, Train Loss: 5.0204, Validation Loss: 0.9693
Epoch 565/1000, Train Loss: 0.6685, Validation Loss: 3.0057
Epoch 566/1000, Train Loss: 0.6352, Validation Loss: 1.5656
Epoch 567/1000, Train Loss: 0.6263, Validation Loss: 3.4110
Epoch 568/1000, Train Loss: 0.6304, Validation Loss: 1.8080
Epoch 569/1000, Train Loss: 2.7571, Validation Loss: 0.9972
Epoch 570/1000, Train Loss: 0.6691, Validation Loss: 1.4187
Epoch 571/1000, Train Loss: 0.6405, Validation Loss: 1.1954
Epoch 572/1000, Train Loss: 1.4830, Validation Loss: 2.2526
Epoch 573/1000, Train Loss: 0.6368, Validation Loss: 2.6320
Epoch 574/1000, Train Loss: 0.6300, Validation Loss: 3.7274
Epoch 575/1000, Train Loss: 1.2125, Validation Loss: 3.2381
Epoch 576/1000, Train Loss: 0.6603, Validation Loss: 1.9846
Epoch 577/1000, Train Loss: 0.6245, Validation Loss: 1.8108
Epoch 578/1000, Train Loss: 0.6376, Validation Loss: 2.1405
Epoch 579/1000, Train Loss: 0.6410, Validation Loss: 2.3685
Epoch 580/1000, Train Loss: 0.6474, Validation Loss: 2.5660
Epoch 581/1000, Train Loss: 0.6537, Validation Loss: 1.3529
Epoch 582/1000, Train Loss: 0.6326, Validation Loss: 0.8458
Epoch 583/1000, Train Loss: 2.1392, Validation Loss: 2.1911
Epoch 584/1000, Train Loss: 0.6444, Validation Loss: 1.3105
Epoch 585/1000, Train Loss: 0.6278, Validation Loss: 1.5112
Epoch 586/1000, Train Loss: 0.6180, Validation Loss: 2.0349
Epoch 587/1000, Train Loss: 0.6167, Validation Loss: 2.5745
Epoch 588/1000, Train Loss: 0.7462, Validation Loss: 2.3895
Epoch 589/1000, Train Loss: 0.6455, Validation Loss: 3.0088
Epoch 590/1000, Train Loss: 0.6364, Validation Loss: 1.4235
Epoch 591/1000, Train Loss: 0.6449, Validation Loss: 1.6507
Epoch 592/1000, Train Loss: 0.6196, Validation Loss: 3.9850
Epoch 593/1000, Train Loss: 0.6180, Validation Loss: 1.5685
Epoch 594/1000, Train Loss: 0.6383, Validation Loss: 163.1973
Epoch 595/1000, Train Loss: 0.6259, Validation Loss: 1.6029
Epoch 596/1000, Train Loss: 1.3504, Validation Loss: 3.5021
Epoch 597/1000, Train Loss: 0.7047, Validation Loss: 2.7721
Epoch 598/1000, Train Loss: 0.6243, Validation Loss: 1.2420
Epoch 599/1000, Train Loss: 0.6365, Validation Loss: 1.4112
Epoch 600/1000, Train Loss: 0.6230, Validation Loss: 1.6488
Epoch 601/1000, Train Loss: 0.6451, Validation Loss: 5.8283
Epoch 602/1000, Train Loss: 0.6255, Validation Loss: 2.6883
Epoch 603/1000, Train Loss: 0.6028, Validation Loss: 1.3746
Epoch 604/1000, Train Loss: 0.6189, Validation Loss: 1.4190
Epoch 605/1000, Train Loss: 21.1469, Validation Loss: 2.9259
Epoch 606/1000, Train Loss: 0.6355, Validation Loss: 2.5996
Epoch 607/1000, Train Loss: 0.6173, Validation Loss: 1.2729
Epoch 608/1000, Train Loss: 0.6122, Validation Loss: 0.9506
Epoch 609/1000, Train Loss: 0.6895, Validation Loss: 0.8719
Epoch 610/1000, Train Loss: 0.6374, Validation Loss: 1.6735
Epoch 611/1000, Train Loss: 0.6277, Validation Loss: 1.2628
Epoch 612/1000, Train Loss: 0.5994, Validation Loss: 2.7874
Epoch 613/1000, Train Loss: 0.6357, Validation Loss: 1.3822
Epoch 614/1000, Train Loss: 0.8464, Validation Loss: 5.9046
Epoch 615/1000, Train Loss: 0.6752, Validation Loss: 3.2395
Epoch 616/1000, Train Loss: 0.6379, Validation Loss: 4.2884
Epoch 617/1000, Train Loss: 0.6223, Validation Loss: 1.2114
Epoch 618/1000, Train Loss: 19.8073, Validation Loss: 3.4330
Epoch 619/1000, Train Loss: 0.6257, Validation Loss: 0.9175
Epoch 620/1000, Train Loss: 0.6086, Validation Loss: 3.2514
Epoch 621/1000, Train Loss: 95.7006, Validation Loss: 1.8942
Epoch 622/1000, Train Loss: 0.6328, Validation Loss: 1.4528
Epoch 623/1000, Train Loss: 0.6513, Validation Loss: 1.7945
Epoch 624/1000, Train Loss: 0.6885, Validation Loss: 1.2279
Epoch 625/1000, Train Loss: 0.6444, Validation Loss: 1.1350
Epoch 626/1000, Train Loss: 0.6183, Validation Loss: 0.6589
Epoch 627/1000, Train Loss: 0.6345, Validation Loss: 1.7022
Epoch 628/1000, Train Loss: 0.6376, Validation Loss: 2.8856
Epoch 629/1000, Train Loss: 0.6054, Validation Loss: 1.2351
Epoch 630/1000, Train Loss: 3.6397, Validation Loss: 6.0828
Epoch 631/1000, Train Loss: 6.2589, Validation Loss: 6.0988
Epoch 632/1000, Train Loss: 2.2269, Validation Loss: 2.4354
Epoch 633/1000, Train Loss: 0.8374, Validation Loss: 1.4307
Epoch 634/1000, Train Loss: 0.7719, Validation Loss: 0.7295
Epoch 635/1000, Train Loss: 0.7524, Validation Loss: 5.5067
Epoch 636/1000, Train Loss: 0.7324, Validation Loss: 3.6319
Epoch 637/1000, Train Loss: 0.7476, Validation Loss: 3.3699
Epoch 638/1000, Train Loss: 8.2482, Validation Loss: 2.1860
Epoch 639/1000, Train Loss: 0.6911, Validation Loss: 10.0349
Epoch 640/1000, Train Loss: 0.7074, Validation Loss: 1.2631
Epoch 641/1000, Train Loss: 0.6794, Validation Loss: 7.1401
Epoch 642/1000, Train Loss: 0.6827, Validation Loss: 1.3218
Epoch 643/1000, Train Loss: 0.6913, Validation Loss: 1.4225
Epoch 644/1000, Train Loss: 168.8811, Validation Loss: 3.2294
Epoch 645/1000, Train Loss: 0.7749, Validation Loss: 3.5630
Epoch 646/1000, Train Loss: 0.7208, Validation Loss: 1.1868
Epoch 647/1000, Train Loss: 0.6833, Validation Loss: 2.8356
Epoch 648/1000, Train Loss: 216.1158, Validation Loss: 1.8067
Epoch 649/1000, Train Loss: 0.7133, Validation Loss: 3.2648
Epoch 650/1000, Train Loss: 0.6743, Validation Loss: 1.5489
Epoch 651/1000, Train Loss: 19.2096, Validation Loss: 2.0658
Epoch 652/1000, Train Loss: 0.6879, Validation Loss: 4.8352
Epoch 653/1000, Train Loss: 0.6867, Validation Loss: 1.3292
Epoch 654/1000, Train Loss: 40.4492, Validation Loss: 2.0250
Epoch 655/1000, Train Loss: 0.8146, Validation Loss: 1.5662
Epoch 656/1000, Train Loss: 0.6891, Validation Loss: 0.9818
Epoch 657/1000, Train Loss: 0.6688, Validation Loss: 1.1796
Epoch 658/1000, Train Loss: 0.6733, Validation Loss: 2.1182
Epoch 659/1000, Train Loss: 227.7688, Validation Loss: 6.0290
Epoch 660/1000, Train Loss: 0.7049, Validation Loss: 1.3739
Epoch 661/1000, Train Loss: 0.6659, Validation Loss: 2.4862
Epoch 662/1000, Train Loss: 0.6805, Validation Loss: 1.8726
Epoch 663/1000, Train Loss: 0.7513, Validation Loss: 0.9909
Epoch 664/1000, Train Loss: 0.6829, Validation Loss: 0.8045
Epoch 665/1000, Train Loss: 150.1612, Validation Loss: 1.1033
Epoch 666/1000, Train Loss: 0.7952, Validation Loss: 1.4751
Epoch 667/1000, Train Loss: 0.7152, Validation Loss: 2.5866
Epoch 668/1000, Train Loss: 0.6875, Validation Loss: 2.4599
Epoch 669/1000, Train Loss: 0.7698, Validation Loss: 4.6444
Epoch 670/1000, Train Loss: 240.8437, Validation Loss: 2.5308
Epoch 671/1000, Train Loss: 0.6679, Validation Loss: 4.1084
Epoch 672/1000, Train Loss: 0.6814, Validation Loss: 1.6706
Epoch 673/1000, Train Loss: 0.6745, Validation Loss: 2.4798
Epoch 674/1000, Train Loss: 0.7795, Validation Loss: 886.6828
Epoch 675/1000, Train Loss: 1.1385, Validation Loss: 2.4457
Epoch 676/1000, Train Loss: 0.6755, Validation Loss: 2.8167
Epoch 677/1000, Train Loss: 0.6553, Validation Loss: 1.0149
Epoch 678/1000, Train Loss: 0.7020, Validation Loss: 1.5521
Epoch 679/1000, Train Loss: 0.6977, Validation Loss: 1.6698
Epoch 680/1000, Train Loss: 1.1163, Validation Loss: 4.3727
Epoch 681/1000, Train Loss: 0.7371, Validation Loss: 1.9238
Epoch 682/1000, Train Loss: 12.0247, Validation Loss: 1.8017
Epoch 683/1000, Train Loss: 0.6828, Validation Loss: 4.8049
Epoch 684/1000, Train Loss: 0.7414, Validation Loss: 11.6970
Epoch 685/1000, Train Loss: 1.0591, Validation Loss: 2.3784
Epoch 686/1000, Train Loss: 0.6663, Validation Loss: 5.5077
Epoch 687/1000, Train Loss: 4974.1630, Validation Loss: 1.2613
Epoch 688/1000, Train Loss: 0.7624, Validation Loss: 2.2393
Epoch 689/1000, Train Loss: 0.7151, Validation Loss: 2.3297
Epoch 690/1000, Train Loss: 0.6980, Validation Loss: 1.5313
Epoch 691/1000, Train Loss: 1942.7368, Validation Loss: 1.2140
Epoch 692/1000, Train Loss: 0.7013, Validation Loss: 5.2721
Epoch 693/1000, Train Loss: 0.6846, Validation Loss: 4.0135
Epoch 694/1000, Train Loss: 0.6707, Validation Loss: 1.4944
Epoch 695/1000, Train Loss: 0.6884, Validation Loss: 4.5760
Epoch 696/1000, Train Loss: 1.5623, Validation Loss: 0.9809
Epoch 697/1000, Train Loss: 0.6613, Validation Loss: 1.3659
Epoch 698/1000, Train Loss: 24.8104, Validation Loss: 5.4479
Epoch 699/1000, Train Loss: 0.7789, Validation Loss: 3.1218
Epoch 700/1000, Train Loss: 0.6854, Validation Loss: 1.0489
Epoch 701/1000, Train Loss: 0.6604, Validation Loss: 5.3501
Epoch 702/1000, Train Loss: 2.5990, Validation Loss: 3.5089
Epoch 703/1000, Train Loss: 0.6780, Validation Loss: 3.7167
Epoch 704/1000, Train Loss: 0.6762, Validation Loss: 2.7849
Epoch 705/1000, Train Loss: 0.7008, Validation Loss: 5.5754
Epoch 706/1000, Train Loss: 0.7062, Validation Loss: 2.5459
Epoch 707/1000, Train Loss: 26.4879, Validation Loss: 2.2122
Epoch 708/1000, Train Loss: 0.9946, Validation Loss: 5.7399
Epoch 709/1000, Train Loss: 31.3917, Validation Loss: 1.5407
Epoch 710/1000, Train Loss: 0.6701, Validation Loss: 1.1723
Epoch 711/1000, Train Loss: 0.6701, Validation Loss: 1.0096
Epoch 712/1000, Train Loss: 0.6424, Validation Loss: 1.9791
Epoch 713/1000, Train Loss: 2.1991, Validation Loss: 4.3698
Epoch 714/1000, Train Loss: 0.7286, Validation Loss: 2.2574
Epoch 715/1000, Train Loss: 0.6718, Validation Loss: 5.7978
Epoch 716/1000, Train Loss: 0.6820, Validation Loss: 1.2972
Epoch 717/1000, Train Loss: 1082.9181, Validation Loss: 5.5538
Epoch 718/1000, Train Loss: 4.1761, Validation Loss: 3.3120
Epoch 719/1000, Train Loss: 1.9857, Validation Loss: 1.5953
Epoch 720/1000, Train Loss: 0.6854, Validation Loss: 1.2379
Epoch 721/1000, Train Loss: 0.7107, Validation Loss: 2.6301
Epoch 722/1000, Train Loss: 218.6461, Validation Loss: 1.9945
Epoch 723/1000, Train Loss: 0.7467, Validation Loss: 1.3911
Epoch 724/1000, Train Loss: 0.6918, Validation Loss: 1.2659
Epoch 725/1000, Train Loss: 0.6745, Validation Loss: 2.5299
Epoch 726/1000, Train Loss: 0.6532, Validation Loss: 1.0008
Epoch 727/1000, Train Loss: 0.6615, Validation Loss: 3.4968
Epoch 728/1000, Train Loss: 1.6997, Validation Loss: 1.6934
Epoch 729/1000, Train Loss: 0.6900, Validation Loss: 1.2316
Epoch 730/1000, Train Loss: 0.6919, Validation Loss: 4.4675
Epoch 731/1000, Train Loss: 0.6506, Validation Loss: 2.1640
Epoch 732/1000, Train Loss: 0.6948, Validation Loss: 2.5401
Epoch 733/1000, Train Loss: 0.9999, Validation Loss: 1.5283
Epoch 734/1000, Train Loss: 782.2136, Validation Loss: 4.1194
Epoch 735/1000, Train Loss: 11081.4428, Validation Loss: 9.9181
Epoch 736/1000, Train Loss: 0.6568, Validation Loss: 0.8032
Epoch 737/1000, Train Loss: 0.6576, Validation Loss: 4.0897
Epoch 738/1000, Train Loss: 0.6674, Validation Loss: 3.0784
Epoch 739/1000, Train Loss: 5.2148, Validation Loss: 2.1180
Epoch 740/1000, Train Loss: 0.7160, Validation Loss: 3.4698
Epoch 741/1000, Train Loss: 0.7191, Validation Loss: 1.5269
Epoch 742/1000, Train Loss: 0.6832, Validation Loss: 3.1225
Epoch 743/1000, Train Loss: 0.6527, Validation Loss: 0.8758
Epoch 744/1000, Train Loss: 666.4713, Validation Loss: 3.2038
Epoch 745/1000, Train Loss: 0.6869, Validation Loss: 3.8323
Epoch 746/1000, Train Loss: 0.6731, Validation Loss: 1.9640
Epoch 747/1000, Train Loss: 0.7621, Validation Loss: 1.8352
Epoch 748/1000, Train Loss: 2.1550, Validation Loss: 0.7642
Epoch 749/1000, Train Loss: 0.6562, Validation Loss: 1.1607
Epoch 750/1000, Train Loss: 0.6670, Validation Loss: 2.1985
Epoch 751/1000, Train Loss: 0.8344, Validation Loss: 2244388.5826
Epoch 752/1000, Train Loss: 14.5504, Validation Loss: 1.7094
Epoch 753/1000, Train Loss: 0.6686, Validation Loss: 3.8800
Epoch 754/1000, Train Loss: 0.7228, Validation Loss: 1.2398
Epoch 755/1000, Train Loss: 0.6701, Validation Loss: 7.0892
Epoch 756/1000, Train Loss: 0.6732, Validation Loss: 3.8410
Epoch 757/1000, Train Loss: 55.1440, Validation Loss: 1.9389
Epoch 758/1000, Train Loss: 0.6572, Validation Loss: 2.8448
Epoch 759/1000, Train Loss: 0.6745, Validation Loss: 8.7165
Epoch 760/1000, Train Loss: 0.6771, Validation Loss: 0.7492
Epoch 761/1000, Train Loss: 0.6613, Validation Loss: 3.9549
Epoch 762/1000, Train Loss: 150.7777, Validation Loss: 1.3403
Epoch 763/1000, Train Loss: 0.6889, Validation Loss: 2.0763
Epoch 764/1000, Train Loss: 5.2677, Validation Loss: 1.1828
Epoch 765/1000, Train Loss: 0.6860, Validation Loss: 0.9736
Epoch 766/1000, Train Loss: 33.9602, Validation Loss: 33.7930
Epoch 767/1000, Train Loss: 0.8300, Validation Loss: 1.6231
Epoch 768/1000, Train Loss: 0.6366, Validation Loss: 1.0972
Epoch 769/1000, Train Loss: 1.3376, Validation Loss: 1.9753
Epoch 770/1000, Train Loss: 0.6607, Validation Loss: 1.5398
Epoch 771/1000, Train Loss: 0.6503, Validation Loss: 1.5401
Epoch 772/1000, Train Loss: 0.6265, Validation Loss: 0.5644
Epoch 773/1000, Train Loss: 0.6118, Validation Loss: 2.0058
Epoch 774/1000, Train Loss: 0.9121, Validation Loss: 1.8829
Epoch 775/1000, Train Loss: 0.6686, Validation Loss: 2.3353
Epoch 776/1000, Train Loss: 0.6166, Validation Loss: 4.4214
Epoch 777/1000, Train Loss: 0.6048, Validation Loss: 1.4816
Epoch 778/1000, Train Loss: 0.6214, Validation Loss: 2.3070
Epoch 779/1000, Train Loss: 0.6338, Validation Loss: 9.5002
Epoch 780/1000, Train Loss: 0.6111, Validation Loss: 2.5017
Epoch 781/1000, Train Loss: 0.6042, Validation Loss: 1.5085
Epoch 782/1000, Train Loss: 0.6205, Validation Loss: 3.3673
Epoch 783/1000, Train Loss: 32.4337, Validation Loss: 1.4869
Epoch 784/1000, Train Loss: 1.0659, Validation Loss: 3.1155
Epoch 785/1000, Train Loss: 0.6039, Validation Loss: 1.7596
Epoch 786/1000, Train Loss: 0.6075, Validation Loss: 0.9875
Epoch 787/1000, Train Loss: 0.6736, Validation Loss: 31.7348
Epoch 788/1000, Train Loss: 0.6283, Validation Loss: 1.2465
Epoch 789/1000, Train Loss: 0.8924, Validation Loss: 2.3893
Epoch 790/1000, Train Loss: 0.8151, Validation Loss: 15456.2879
Epoch 791/1000, Train Loss: 81.3337, Validation Loss: 3.9109
Epoch 792/1000, Train Loss: 0.6191, Validation Loss: 1.5132
Epoch 793/1000, Train Loss: 3.5267, Validation Loss: 2.8588
Epoch 794/1000, Train Loss: 0.6116, Validation Loss: 2.8922
Epoch 795/1000, Train Loss: 0.6052, Validation Loss: 1.4677
Epoch 796/1000, Train Loss: 0.6156, Validation Loss: 1.1416
Epoch 797/1000, Train Loss: 80.6669, Validation Loss: 3.2499
Epoch 798/1000, Train Loss: 0.6026, Validation Loss: 1.9689
Epoch 799/1000, Train Loss: 0.6019, Validation Loss: 3.0293
Epoch 800/1000, Train Loss: 0.6108, Validation Loss: 1.6750
Epoch 801/1000, Train Loss: 1.1475, Validation Loss: 0.8423
Epoch 802/1000, Train Loss: 3.2216, Validation Loss: 1.2880
Epoch 803/1000, Train Loss: 0.6188, Validation Loss: 3.9740
Epoch 804/1000, Train Loss: 1.1341, Validation Loss: 4.7803
Epoch 805/1000, Train Loss: 0.5994, Validation Loss: 1.1907
Epoch 806/1000, Train Loss: 0.5979, Validation Loss: 1.4156
Epoch 807/1000, Train Loss: 2.5356, Validation Loss: 1.0866
Epoch 808/1000, Train Loss: 0.7024, Validation Loss: 2.0490
Epoch 809/1000, Train Loss: 0.6159, Validation Loss: 3.2941
Epoch 810/1000, Train Loss: 5.6303, Validation Loss: 2.8545
Epoch 811/1000, Train Loss: 0.6256, Validation Loss: 1.8426
Epoch 812/1000, Train Loss: 0.5994, Validation Loss: 1.4947
Epoch 813/1000, Train Loss: 1.0719, Validation Loss: 2.3290
Epoch 814/1000, Train Loss: 0.6118, Validation Loss: 2.4685
Epoch 815/1000, Train Loss: 0.8826, Validation Loss: 2.8464
Epoch 816/1000, Train Loss: 0.6134, Validation Loss: 9.0423
Epoch 817/1000, Train Loss: 0.6264, Validation Loss: 1.6779
Epoch 818/1000, Train Loss: 7.7142, Validation Loss: 2.1067
Epoch 819/1000, Train Loss: 0.6315, Validation Loss: 0.7332
Epoch 820/1000, Train Loss: 0.6068, Validation Loss: 1.3271
Epoch 821/1000, Train Loss: 0.6191, Validation Loss: 2.4066
Epoch 822/1000, Train Loss: 1.1259, Validation Loss: 0.8105
Epoch 823/1000, Train Loss: 0.6717, Validation Loss: 1.7735
Epoch 824/1000, Train Loss: 0.6166, Validation Loss: 0.6452
Epoch 825/1000, Train Loss: 0.5953, Validation Loss: 7.1217
Epoch 826/1000, Train Loss: 0.6122, Validation Loss: 2.1165
Epoch 827/1000, Train Loss: 4.9881, Validation Loss: 6.0841
Epoch 828/1000, Train Loss: 2.3344, Validation Loss: 3.7725
Epoch 829/1000, Train Loss: 0.6208, Validation Loss: 4.5181
Epoch 830/1000, Train Loss: 0.6368, Validation Loss: 1.0959
Epoch 831/1000, Train Loss: 0.6106, Validation Loss: 2.2041
Epoch 832/1000, Train Loss: 0.6240, Validation Loss: 8.1680
Epoch 833/1000, Train Loss: 1.4533, Validation Loss: 1.8997
Epoch 834/1000, Train Loss: 0.6216, Validation Loss: 14697.4246
Epoch 835/1000, Train Loss: 1.4769, Validation Loss: 2.2242
Epoch 836/1000, Train Loss: 0.6305, Validation Loss: 2.4859
Epoch 837/1000, Train Loss: 0.5948, Validation Loss: 1.5036
Epoch 838/1000, Train Loss: 1.1630, Validation Loss: 2.3463
Epoch 839/1000, Train Loss: 0.6285, Validation Loss: 3.6652
Epoch 840/1000, Train Loss: 0.5907, Validation Loss: 4.2080
Epoch 841/1000, Train Loss: 0.6076, Validation Loss: 2.4131
Epoch 842/1000, Train Loss: 2.4765, Validation Loss: 2.8232
Epoch 843/1000, Train Loss: 0.6078, Validation Loss: 1.5910
Epoch 844/1000, Train Loss: 0.6331, Validation Loss: 5.6573
Epoch 845/1000, Train Loss: 0.6219, Validation Loss: 2.5304
Epoch 846/1000, Train Loss: 1.6182, Validation Loss: 1.6591
Epoch 847/1000, Train Loss: 0.6188, Validation Loss: 2.9990
Epoch 848/1000, Train Loss: 0.6112, Validation Loss: 0.6552
Epoch 849/1000, Train Loss: 0.6749, Validation Loss: 1.9409
Epoch 850/1000, Train Loss: 0.5993, Validation Loss: 2.1289
Epoch 851/1000, Train Loss: 0.6133, Validation Loss: 1.0374
Epoch 852/1000, Train Loss: 0.6102, Validation Loss: 1.9441
Epoch 853/1000, Train Loss: 640.2434, Validation Loss: 0.9922
Epoch 854/1000, Train Loss: 0.6187, Validation Loss: 1.6837
Epoch 855/1000, Train Loss: 0.6027, Validation Loss: 1.7646
Epoch 856/1000, Train Loss: 0.6146, Validation Loss: 0.8050
Epoch 857/1000, Train Loss: 0.6405, Validation Loss: 2.5557
Epoch 858/1000, Train Loss: 0.6207, Validation Loss: 1.4562
Epoch 859/1000, Train Loss: 0.6070, Validation Loss: 0.7933
Epoch 860/1000, Train Loss: 0.6072, Validation Loss: 2.0216
Epoch 861/1000, Train Loss: 15.4145, Validation Loss: 1.7324
Epoch 862/1000, Train Loss: 0.6175, Validation Loss: 1.9001
Epoch 863/1000, Train Loss: 0.6203, Validation Loss: 5.1946
Epoch 864/1000, Train Loss: 0.6324, Validation Loss: 2.1474
Epoch 865/1000, Train Loss: 0.6068, Validation Loss: 4.2486
Epoch 866/1000, Train Loss: 20.6571, Validation Loss: 27.6727
Epoch 867/1000, Train Loss: 0.7797, Validation Loss: 2.7543
Epoch 868/1000, Train Loss: 0.6171, Validation Loss: 3.3487
Epoch 869/1000, Train Loss: 0.6094, Validation Loss: 4.3698
Epoch 870/1000, Train Loss: 0.6288, Validation Loss: 1.0113
Epoch 871/1000, Train Loss: 0.6225, Validation Loss: 1.5896
Epoch 872/1000, Train Loss: 0.5921, Validation Loss: 1.1941
Epoch 873/1000, Train Loss: 0.6174, Validation Loss: 1.6330
Epoch 874/1000, Train Loss: 1.0343, Validation Loss: 1.8489
Epoch 875/1000, Train Loss: 0.6087, Validation Loss: 0.7854
Epoch 876/1000, Train Loss: 0.6193, Validation Loss: 1.5577
Epoch 877/1000, Train Loss: 0.5955, Validation Loss: 2.7538
Epoch 878/1000, Train Loss: 0.7635, Validation Loss: 1.3320
Epoch 879/1000, Train Loss: 0.6424, Validation Loss: 1.0996
Epoch 880/1000, Train Loss: 299.0726, Validation Loss: 3.2098
Epoch 881/1000, Train Loss: 0.6301, Validation Loss: 3.0022
Epoch 882/1000, Train Loss: 0.7903, Validation Loss: 2.7477
Epoch 883/1000, Train Loss: 0.6573, Validation Loss: 3.8606
Epoch 884/1000, Train Loss: 0.6159, Validation Loss: 0.9453
Epoch 885/1000, Train Loss: 0.6553, Validation Loss: 2.1974
Epoch 886/1000, Train Loss: 0.6451, Validation Loss: 4.7132
Epoch 887/1000, Train Loss: 1.0570, Validation Loss: 3.6446
Epoch 888/1000, Train Loss: 0.6267, Validation Loss: 1.1007
Epoch 889/1000, Train Loss: 0.6714, Validation Loss: 0.9304
Epoch 890/1000, Train Loss: 3.4498, Validation Loss: 4.3382
Epoch 891/1000, Train Loss: 0.6166, Validation Loss: 1.0232
Epoch 892/1000, Train Loss: 0.8474, Validation Loss: 3.4225
Epoch 893/1000, Train Loss: 0.6415, Validation Loss: 1.7616
Epoch 894/1000, Train Loss: 0.5927, Validation Loss: 2.9030
Epoch 895/1000, Train Loss: 0.6137, Validation Loss: 1.2260
Epoch 896/1000, Train Loss: 0.6487, Validation Loss: 2.8595
Epoch 897/1000, Train Loss: 0.6382, Validation Loss: 1.0849
Epoch 898/1000, Train Loss: 0.6158, Validation Loss: 1.2261
Epoch 899/1000, Train Loss: 0.6043, Validation Loss: 3.2970
Epoch 900/1000, Train Loss: 0.8294, Validation Loss: 2.0821
Epoch 901/1000, Train Loss: 0.6390, Validation Loss: 0.8637
Epoch 902/1000, Train Loss: 0.6204, Validation Loss: 1.0535
Epoch 903/1000, Train Loss: 0.9266, Validation Loss: 1.3484
Epoch 904/1000, Train Loss: 0.6401, Validation Loss: 1.1997
Epoch 905/1000, Train Loss: 0.6295, Validation Loss: 3.7323
Epoch 906/1000, Train Loss: 0.6233, Validation Loss: 3.7792
Epoch 907/1000, Train Loss: 4.2151, Validation Loss: 1.6821
Epoch 908/1000, Train Loss: 0.6498, Validation Loss: 1.8876
Epoch 909/1000, Train Loss: 0.6181, Validation Loss: 13.8204
Epoch 910/1000, Train Loss: 0.6469, Validation Loss: 2.1048
Epoch 911/1000, Train Loss: 0.6409, Validation Loss: 1.9809
Epoch 912/1000, Train Loss: 0.6375, Validation Loss: 1.5081
Epoch 913/1000, Train Loss: 0.6116, Validation Loss: 1.9922
Epoch 914/1000, Train Loss: 0.6156, Validation Loss: 2.4478
Epoch 915/1000, Train Loss: 0.8176, Validation Loss: 0.6577
Epoch 916/1000, Train Loss: 0.6277, Validation Loss: 1.1673
Epoch 917/1000, Train Loss: 0.6131, Validation Loss: 3.8104
Epoch 918/1000, Train Loss: 0.6854, Validation Loss: 2.2770
Epoch 919/1000, Train Loss: 0.6226, Validation Loss: 1.4267
Epoch 920/1000, Train Loss: 0.6390, Validation Loss: 1.1243
Epoch 921/1000, Train Loss: 0.6024, Validation Loss: 2.4373
Epoch 922/1000, Train Loss: 0.7055, Validation Loss: 1.0291
Epoch 923/1000, Train Loss: 0.6165, Validation Loss: 0.8603
Epoch 924/1000, Train Loss: 0.6187, Validation Loss: 1.7137
Epoch 925/1000, Train Loss: 0.6128, Validation Loss: 1.1841
Epoch 926/1000, Train Loss: 0.8736, Validation Loss: 2.8926
Epoch 927/1000, Train Loss: 0.6763, Validation Loss: 2.7604
Epoch 928/1000, Train Loss: 0.6325, Validation Loss: 6.4157
Epoch 929/1000, Train Loss: 0.6148, Validation Loss: 1.8772
Epoch 930/1000, Train Loss: 0.6032, Validation Loss: 2.3596
Epoch 931/1000, Train Loss: 0.5904, Validation Loss: 0.6820
Epoch 932/1000, Train Loss: 1.7541, Validation Loss: 1.0645
Epoch 933/1000, Train Loss: 0.6665, Validation Loss: 9.5416
Epoch 934/1000, Train Loss: 0.6211, Validation Loss: 1.9850
Epoch 935/1000, Train Loss: 0.6369, Validation Loss: 3.1387
Epoch 936/1000, Train Loss: 3.1238, Validation Loss: 2.3842
Epoch 937/1000, Train Loss: 0.6324, Validation Loss: 1.6745
Epoch 938/1000, Train Loss: 12.5176, Validation Loss: 4.6400
Epoch 939/1000, Train Loss: 0.6342, Validation Loss: 5.9423
Epoch 940/1000, Train Loss: 0.6052, Validation Loss: 3.7825
Epoch 941/1000, Train Loss: 0.6128, Validation Loss: 3.2218
Epoch 942/1000, Train Loss: 9.3825, Validation Loss: 8.8709
Epoch 943/1000, Train Loss: 0.6697, Validation Loss: 3.7731
Epoch 944/1000, Train Loss: 0.6173, Validation Loss: 9.0148
Epoch 945/1000, Train Loss: 0.6331, Validation Loss: 2.4686
Epoch 946/1000, Train Loss: 0.6458, Validation Loss: 1.0029
Epoch 947/1000, Train Loss: 0.6101, Validation Loss: 0.8156
Epoch 948/1000, Train Loss: 7.7243, Validation Loss: 3.1659
Epoch 949/1000, Train Loss: 0.6378, Validation Loss: 1.0629
Epoch 950/1000, Train Loss: 0.6404, Validation Loss: 1.2592
Epoch 951/1000, Train Loss: 0.6117, Validation Loss: 4.0625
Epoch 952/1000, Train Loss: 0.6837, Validation Loss: 4.1040
Epoch 953/1000, Train Loss: 0.6088, Validation Loss: 2.9059
Epoch 954/1000, Train Loss: 0.6061, Validation Loss: 1.3861
Epoch 955/1000, Train Loss: 0.6130, Validation Loss: 1.6409
Epoch 956/1000, Train Loss: 0.6890, Validation Loss: 1.3748
Epoch 957/1000, Train Loss: 0.6661, Validation Loss: 1.1090
Epoch 958/1000, Train Loss: 0.6184, Validation Loss: 1.5361
Epoch 959/1000, Train Loss: 0.6096, Validation Loss: 7.0473
Epoch 960/1000, Train Loss: 0.6259, Validation Loss: 4.2279
Epoch 961/1000, Train Loss: 0.6026, Validation Loss: 2.3010
Epoch 962/1000, Train Loss: 1.9768, Validation Loss: 188.1207
Epoch 963/1000, Train Loss: 0.6625, Validation Loss: 1.4620
Epoch 964/1000, Train Loss: 0.6151, Validation Loss: 1.3918
Epoch 965/1000, Train Loss: 0.6239, Validation Loss: 1.7905
Epoch 966/1000, Train Loss: 0.6031, Validation Loss: 0.6590
Epoch 967/1000, Train Loss: 6.0607, Validation Loss: 0.9249
Epoch 968/1000, Train Loss: 0.6167, Validation Loss: 4.3916
Epoch 969/1000, Train Loss: 0.6104, Validation Loss: 2.3793
Epoch 970/1000, Train Loss: 0.6044, Validation Loss: 3.0087
Epoch 971/1000, Train Loss: 0.6861, Validation Loss: 3.6373
Epoch 972/1000, Train Loss: 0.6451, Validation Loss: 1.2000
Epoch 973/1000, Train Loss: 0.6339, Validation Loss: 1.3566
Epoch 974/1000, Train Loss: 0.6011, Validation Loss: 0.7684
Epoch 975/1000, Train Loss: 0.6146, Validation Loss: 2.4330
Epoch 976/1000, Train Loss: 0.6022, Validation Loss: 1.3563
Epoch 977/1000, Train Loss: 41.6467, Validation Loss: 2.3123
Epoch 978/1000, Train Loss: 0.6228, Validation Loss: 2.0930
Epoch 979/1000, Train Loss: 0.6244, Validation Loss: 0.6752
Epoch 980/1000, Train Loss: 0.6139, Validation Loss: 1.7385
Epoch 981/1000, Train Loss: 1.9154, Validation Loss: 2.1693
Epoch 982/1000, Train Loss: 0.6334, Validation Loss: 4.9273
Epoch 983/1000, Train Loss: 0.6221, Validation Loss: 1.2818
Epoch 984/1000, Train Loss: 0.6158, Validation Loss: 0.8221
Epoch 985/1000, Train Loss: 0.6114, Validation Loss: 0.8054
Epoch 986/1000, Train Loss: 0.6469, Validation Loss: 1.6028
Epoch 987/1000, Train Loss: 0.5922, Validation Loss: 0.7616
Epoch 988/1000, Train Loss: 0.6068, Validation Loss: 2.0953
Epoch 989/1000, Train Loss: 0.8510, Validation Loss: 3.8573
Epoch 990/1000, Train Loss: 0.6231, Validation Loss: 1.0319
Epoch 991/1000, Train Loss: 0.6035, Validation Loss: 1.5251
Epoch 992/1000, Train Loss: 0.6542, Validation Loss: 1.7235
Epoch 993/1000, Train Loss: 0.6107, Validation Loss: 1.4236
Epoch 994/1000, Train Loss: 0.6085, Validation Loss: 4.5444
Epoch 995/1000, Train Loss: 0.8691, Validation Loss: 3.9320
Epoch 996/1000, Train Loss: 0.6195, Validation Loss: 3.1286
Epoch 997/1000, Train Loss: 0.6110, Validation Loss: 2.3193
Epoch 998/1000, Train Loss: 0.6235, Validation Loss: 2.8311
Epoch 999/1000, Train Loss: 0.6890, Validation Loss: 0.9872
Epoch 1000/1000, Train Loss: 0.6409, Validation Loss: 1.0143
Best Training Loss: 0.5889
Best Training Loss Epoch: 339
Best Validation Loss: 0.5644
Best Validation Loss Epoch: 772
Time taken for training: 1-10:00:03
Test Loss: 0.5900
Test MAPE: 173910.3281%
Error Statistics:
count    4.127200e+04
mean     8.137120e+02
std      6.171629e+04
min      1.354218e-04
25%      1.993814e-01
50%      1.767714e+00
75%      2.919452e+01
max      1.219293e+07
Name: Absolute Error, dtype: float64
Training complete. Final model saved.
Saving model as a wandb Artifact...
Model artifact logged successfully.
[1;34mwandb[0m: 
[1;34mwandb[0m: 🚀 View run [33mgiddy-sweep-55[0m at: [34mhttps://wandb.ai/mk8737-new-york-university/rl_pretrain_hp_sweeps/runs/0ea48n1k[0m
[1;34mwandb[0m: Find logs at: [1;35mwandb/run-20251006_143959-0ea48n1k/logs[0m
Agent finished.
