Waiting for sweep ID...
Found Sweep ID: be12np04
Starting wandb agent for sweep be12np04...
TRAINING DEVICE: cpu
Run Name: GCN_global_hp_sweep_be12np04-baz0luuz
finidhed preparing data
Loading dataset from pretrain_dataset_12.5k_fixed_duplicates.pkl
Loaded 412712 data objects.
finished preparing data
Epoch 1/1000, Train Loss: 6.7570, Validation Loss: 2.1308
Epoch 2/1000, Train Loss: 1.3668, Validation Loss: 1.9385
Epoch 3/1000, Train Loss: 1.1823, Validation Loss: 2.0509
Epoch 4/1000, Train Loss: 1.1079, Validation Loss: 1.0702
Epoch 5/1000, Train Loss: 1.1290, Validation Loss: 8.2568
Epoch 6/1000, Train Loss: 1.0316, Validation Loss: 1.4726
Epoch 7/1000, Train Loss: 1.0198, Validation Loss: 2.2564
Epoch 8/1000, Train Loss: 1.0070, Validation Loss: 2.3023
Epoch 9/1000, Train Loss: 0.9655, Validation Loss: 2.2900
Epoch 10/1000, Train Loss: 0.9885, Validation Loss: 2.1245
Epoch 11/1000, Train Loss: 1.0129, Validation Loss: 1.1576
Epoch 12/1000, Train Loss: 0.9687, Validation Loss: 3.3518
Epoch 13/1000, Train Loss: 0.9852, Validation Loss: 1.2976
Epoch 14/1000, Train Loss: 0.9302, Validation Loss: 1.5290
Epoch 15/1000, Train Loss: 0.9011, Validation Loss: 1.5463
Epoch 16/1000, Train Loss: 0.9263, Validation Loss: 2.0610
Epoch 17/1000, Train Loss: 0.9118, Validation Loss: 1.6186
Epoch 18/1000, Train Loss: 0.8514, Validation Loss: 2.5135
Epoch 19/1000, Train Loss: 0.8538, Validation Loss: 1.1773
Epoch 20/1000, Train Loss: 0.8772, Validation Loss: 1.2819
Epoch 21/1000, Train Loss: 0.8341, Validation Loss: 3.0575
Epoch 22/1000, Train Loss: 0.8383, Validation Loss: 1.4433
Epoch 23/1000, Train Loss: 0.8298, Validation Loss: 3.8692
Epoch 24/1000, Train Loss: 0.8043, Validation Loss: 1.3018
Epoch 25/1000, Train Loss: 0.7301, Validation Loss: 1.5082
Epoch 26/1000, Train Loss: 0.7865, Validation Loss: 2.1493
Epoch 27/1000, Train Loss: 0.7735, Validation Loss: 0.9937
Epoch 28/1000, Train Loss: 1394.7563, Validation Loss: 5645.9377
Epoch 29/1000, Train Loss: 0.8345, Validation Loss: 2.9906
Epoch 30/1000, Train Loss: 0.7132, Validation Loss: 2.5220
Epoch 31/1000, Train Loss: 0.7484, Validation Loss: 2.0223
Epoch 32/1000, Train Loss: 0.7123, Validation Loss: 1.2579
Epoch 33/1000, Train Loss: 0.7044, Validation Loss: 1.3892
Epoch 34/1000, Train Loss: 0.6990, Validation Loss: 1.4793
Epoch 35/1000, Train Loss: 0.7011, Validation Loss: 1.2754
Epoch 36/1000, Train Loss: 0.7168, Validation Loss: 1.7504
Epoch 37/1000, Train Loss: 0.6842, Validation Loss: 2.5140
Epoch 38/1000, Train Loss: 0.6887, Validation Loss: 0.9431
Epoch 39/1000, Train Loss: 0.6873, Validation Loss: 3.9089
Epoch 40/1000, Train Loss: 0.6929, Validation Loss: 1.6838
Epoch 41/1000, Train Loss: 0.6811, Validation Loss: 1.0447
Epoch 42/1000, Train Loss: 0.6480, Validation Loss: 0.6322
Epoch 43/1000, Train Loss: 1.8140, Validation Loss: 1.1885
Epoch 44/1000, Train Loss: 0.6730, Validation Loss: 1.4778
Epoch 45/1000, Train Loss: 0.6495, Validation Loss: 1.7110
Epoch 46/1000, Train Loss: 0.6459, Validation Loss: 8.1807
Epoch 47/1000, Train Loss: 0.6688, Validation Loss: 1.6294
Epoch 48/1000, Train Loss: 0.6381, Validation Loss: 0.7023
Epoch 49/1000, Train Loss: 0.6434, Validation Loss: 2.4377
Epoch 50/1000, Train Loss: 0.6365, Validation Loss: 1.6028
Epoch 51/1000, Train Loss: 0.6379, Validation Loss: 0.9930
Epoch 52/1000, Train Loss: 0.6424, Validation Loss: 7.6290
Epoch 53/1000, Train Loss: 0.6292, Validation Loss: 1.3803
Epoch 54/1000, Train Loss: 0.6309, Validation Loss: 0.7394
Epoch 55/1000, Train Loss: 0.6583, Validation Loss: 2.8719
Epoch 56/1000, Train Loss: 0.6282, Validation Loss: 1.1774
Epoch 57/1000, Train Loss: 0.7170, Validation Loss: 50.2259
Epoch 58/1000, Train Loss: 0.7087, Validation Loss: 1.5488
Epoch 59/1000, Train Loss: 0.6438, Validation Loss: 1.1224
Epoch 60/1000, Train Loss: 0.6198, Validation Loss: 1.6547
Epoch 61/1000, Train Loss: 0.6349, Validation Loss: 2.5361
Epoch 62/1000, Train Loss: 0.6262, Validation Loss: 0.8080
Epoch 63/1000, Train Loss: 0.5839, Validation Loss: 0.7224
Epoch 64/1000, Train Loss: 0.6080, Validation Loss: 3.2274
Epoch 65/1000, Train Loss: 0.6134, Validation Loss: 1.5901
Epoch 66/1000, Train Loss: 0.6065, Validation Loss: 1.5076
Epoch 67/1000, Train Loss: 0.6096, Validation Loss: 1.0427
Epoch 68/1000, Train Loss: 0.6127, Validation Loss: 1.1593
Epoch 69/1000, Train Loss: 0.6078, Validation Loss: 1.0000
Epoch 70/1000, Train Loss: 0.5835, Validation Loss: 0.9525
Epoch 71/1000, Train Loss: 0.5926, Validation Loss: 1.5270
Epoch 72/1000, Train Loss: 0.6043, Validation Loss: 2.0253
Epoch 73/1000, Train Loss: 0.5899, Validation Loss: 1.2706
Epoch 74/1000, Train Loss: 0.8478, Validation Loss: 3.8933
Epoch 75/1000, Train Loss: 0.6275, Validation Loss: 1.9849
Epoch 76/1000, Train Loss: 0.6376, Validation Loss: 0.8070
Epoch 77/1000, Train Loss: 0.6059, Validation Loss: 1.0953
Epoch 78/1000, Train Loss: 0.5836, Validation Loss: 0.5946
Epoch 79/1000, Train Loss: 0.5902, Validation Loss: 4.6724
Epoch 80/1000, Train Loss: 0.6144, Validation Loss: 1.0962
Epoch 81/1000, Train Loss: 0.5804, Validation Loss: 1.5514
Epoch 82/1000, Train Loss: 0.5886, Validation Loss: 1.5734
Epoch 83/1000, Train Loss: 0.5809, Validation Loss: 7.7930
Epoch 84/1000, Train Loss: 0.5837, Validation Loss: 1.9009
Epoch 85/1000, Train Loss: 0.5774, Validation Loss: 1.0190
Epoch 86/1000, Train Loss: 0.5594, Validation Loss: 0.6857
Epoch 87/1000, Train Loss: 0.5830, Validation Loss: 4.4251
Epoch 88/1000, Train Loss: 0.5705, Validation Loss: 0.9142
Epoch 89/1000, Train Loss: 1.2063, Validation Loss: 1.9498
Epoch 90/1000, Train Loss: 25.8484, Validation Loss: 1.0393
Epoch 91/1000, Train Loss: 0.6081, Validation Loss: 0.9857
Epoch 92/1000, Train Loss: 0.5691, Validation Loss: 1.3345
Epoch 93/1000, Train Loss: 0.5738, Validation Loss: 0.7584
Epoch 94/1000, Train Loss: 0.5629, Validation Loss: 1.0370
Epoch 95/1000, Train Loss: 0.5733, Validation Loss: 1.3515
Epoch 96/1000, Train Loss: 0.5646, Validation Loss: 0.9943
Epoch 97/1000, Train Loss: 0.5459, Validation Loss: 3.0209
Epoch 98/1000, Train Loss: 0.5499, Validation Loss: 2.5122
Epoch 99/1000, Train Loss: 0.5574, Validation Loss: 0.9170
Epoch 100/1000, Train Loss: 0.5956, Validation Loss: 0.9912
Epoch 101/1000, Train Loss: 0.5456, Validation Loss: 2.3561
Epoch 102/1000, Train Loss: 0.5406, Validation Loss: 0.8369
Epoch 103/1000, Train Loss: 0.5598, Validation Loss: 3.1051
Epoch 104/1000, Train Loss: 0.5644, Validation Loss: 2.7917
Epoch 105/1000, Train Loss: 0.5434, Validation Loss: 1.8356
Epoch 106/1000, Train Loss: 0.5643, Validation Loss: 1.9759
Epoch 107/1000, Train Loss: 0.5438, Validation Loss: 2.5790
Epoch 108/1000, Train Loss: 0.5441, Validation Loss: 3.3190
Epoch 109/1000, Train Loss: 0.5389, Validation Loss: 0.8161
Epoch 110/1000, Train Loss: 0.6818, Validation Loss: 0.6465
Epoch 111/1000, Train Loss: 0.5502, Validation Loss: 2.9720
Epoch 112/1000, Train Loss: 0.5383, Validation Loss: 1.0751
Epoch 113/1000, Train Loss: 0.5320, Validation Loss: 0.7431
Epoch 114/1000, Train Loss: 0.5308, Validation Loss: 1.8138
Epoch 115/1000, Train Loss: 0.5556, Validation Loss: 0.6321
Epoch 116/1000, Train Loss: 0.5273, Validation Loss: 1.1334
Epoch 117/1000, Train Loss: 0.5247, Validation Loss: 1.1767
Epoch 118/1000, Train Loss: 0.5444, Validation Loss: 1.2862
Epoch 119/1000, Train Loss: 0.5331, Validation Loss: 0.8613
Epoch 120/1000, Train Loss: 0.5425, Validation Loss: 0.8806
Epoch 121/1000, Train Loss: 0.5315, Validation Loss: 1.1088
Epoch 122/1000, Train Loss: 0.5397, Validation Loss: 1.2396
Epoch 123/1000, Train Loss: 0.5244, Validation Loss: 1.2593
Epoch 124/1000, Train Loss: 0.5296, Validation Loss: 1.1636
Epoch 125/1000, Train Loss: 0.5303, Validation Loss: 2.8056
Epoch 126/1000, Train Loss: 0.6124, Validation Loss: 1.1344
Epoch 127/1000, Train Loss: 0.5442, Validation Loss: 0.9958
Epoch 128/1000, Train Loss: 0.5127, Validation Loss: 1.0079
Epoch 129/1000, Train Loss: 0.5535, Validation Loss: 1.5613
Epoch 130/1000, Train Loss: 0.5367, Validation Loss: 1.4536
Epoch 131/1000, Train Loss: 0.5272, Validation Loss: 2.2576
Epoch 132/1000, Train Loss: 0.5353, Validation Loss: 2.3733
Epoch 133/1000, Train Loss: 0.5289, Validation Loss: 0.7377
Epoch 134/1000, Train Loss: 0.5396, Validation Loss: 1.2379
Epoch 135/1000, Train Loss: 0.5168, Validation Loss: 1.3828
Epoch 136/1000, Train Loss: 0.5591, Validation Loss: 1.1428
Epoch 137/1000, Train Loss: 0.5202, Validation Loss: 2.9360
Epoch 138/1000, Train Loss: 0.5205, Validation Loss: 0.9768
Epoch 139/1000, Train Loss: 0.5178, Validation Loss: 1.5010
Epoch 140/1000, Train Loss: 0.5297, Validation Loss: 1.4047
Epoch 141/1000, Train Loss: 0.5297, Validation Loss: 1.4259
Epoch 142/1000, Train Loss: 0.6804, Validation Loss: 2.3687
Epoch 143/1000, Train Loss: 403.8892, Validation Loss: 1.2021
Epoch 144/1000, Train Loss: 0.5339, Validation Loss: 1.3593
Epoch 145/1000, Train Loss: 0.5130, Validation Loss: 1.2413
Epoch 146/1000, Train Loss: 0.5071, Validation Loss: 2.3306
Epoch 147/1000, Train Loss: 0.5085, Validation Loss: 3.0901
Epoch 148/1000, Train Loss: 0.5325, Validation Loss: 1.0302
Epoch 149/1000, Train Loss: 0.5201, Validation Loss: 3.2571
Epoch 150/1000, Train Loss: 0.5185, Validation Loss: 1.0375
Epoch 151/1000, Train Loss: 0.5023, Validation Loss: 3.1824
Epoch 152/1000, Train Loss: 0.5187, Validation Loss: 1.2013
Epoch 153/1000, Train Loss: 0.5031, Validation Loss: 4.7826
Epoch 154/1000, Train Loss: 0.5031, Validation Loss: 1.0733
Epoch 155/1000, Train Loss: 0.5248, Validation Loss: 3.9243
Epoch 156/1000, Train Loss: 0.5047, Validation Loss: 2.3914
Epoch 157/1000, Train Loss: 0.5074, Validation Loss: 1.1011
Epoch 158/1000, Train Loss: 0.5039, Validation Loss: 1.0763
Epoch 159/1000, Train Loss: 0.4996, Validation Loss: 0.9385
Epoch 160/1000, Train Loss: 0.4877, Validation Loss: 1.4665
Epoch 161/1000, Train Loss: 0.5004, Validation Loss: 0.6094
Epoch 162/1000, Train Loss: 0.6794, Validation Loss: 0.5897
Epoch 163/1000, Train Loss: 0.5285, Validation Loss: 2.2630
Epoch 164/1000, Train Loss: 0.5083, Validation Loss: 0.6683
Epoch 165/1000, Train Loss: 0.4810, Validation Loss: 2.2130
Epoch 166/1000, Train Loss: 0.5012, Validation Loss: 0.9634
Epoch 167/1000, Train Loss: 0.4983, Validation Loss: 0.8035
Epoch 168/1000, Train Loss: 0.4938, Validation Loss: 1.7165
Epoch 169/1000, Train Loss: 0.4998, Validation Loss: 2.1740
Epoch 170/1000, Train Loss: 0.5044, Validation Loss: 0.6546
Epoch 171/1000, Train Loss: 0.6368, Validation Loss: 1.9060
Epoch 172/1000, Train Loss: 0.5391, Validation Loss: 2.1512
Epoch 173/1000, Train Loss: 0.8610, Validation Loss: 1.7681
Epoch 174/1000, Train Loss: 0.5048, Validation Loss: 0.9027
Epoch 175/1000, Train Loss: 0.5243, Validation Loss: 1.9884
Epoch 176/1000, Train Loss: 0.5028, Validation Loss: 0.7041
Epoch 177/1000, Train Loss: 0.4822, Validation Loss: 0.7947
Epoch 178/1000, Train Loss: 0.5000, Validation Loss: 3.5299
Epoch 179/1000, Train Loss: 0.4950, Validation Loss: 0.7516
Epoch 180/1000, Train Loss: 0.4779, Validation Loss: 2.7802
Epoch 181/1000, Train Loss: 0.4964, Validation Loss: 3.2611
Epoch 182/1000, Train Loss: 0.4901, Validation Loss: 1.7134
Epoch 183/1000, Train Loss: 0.5322, Validation Loss: 2.2855
Epoch 184/1000, Train Loss: 0.4871, Validation Loss: 1.8078
Epoch 185/1000, Train Loss: 0.5451, Validation Loss: 1.2769
Epoch 186/1000, Train Loss: 0.5058, Validation Loss: 3.0888
Epoch 187/1000, Train Loss: 0.4967, Validation Loss: 0.9929
Epoch 188/1000, Train Loss: 0.4881, Validation Loss: 2.7226
Epoch 189/1000, Train Loss: 0.4775, Validation Loss: 2.1579
Epoch 190/1000, Train Loss: 0.4840, Validation Loss: 2.9113
Epoch 191/1000, Train Loss: 0.4896, Validation Loss: 1.7916
Epoch 192/1000, Train Loss: 0.4862, Validation Loss: 1.6796
Epoch 193/1000, Train Loss: 0.4827, Validation Loss: 3.5541
Epoch 194/1000, Train Loss: 0.4879, Validation Loss: 1.0880
Epoch 195/1000, Train Loss: 0.4799, Validation Loss: 3.5371
Epoch 196/1000, Train Loss: 0.4790, Validation Loss: 0.8179
Epoch 197/1000, Train Loss: 0.4667, Validation Loss: 0.5109
Epoch 198/1000, Train Loss: 14.3107, Validation Loss: 0.9369
Epoch 199/1000, Train Loss: 0.5080, Validation Loss: 1.8180
Epoch 200/1000, Train Loss: 0.4859, Validation Loss: 0.8117
Epoch 201/1000, Train Loss: 0.4851, Validation Loss: 0.7669
Epoch 202/1000, Train Loss: 0.4738, Validation Loss: 0.6283
Epoch 203/1000, Train Loss: 0.4728, Validation Loss: 0.6062
Epoch 204/1000, Train Loss: 0.4674, Validation Loss: 2.9088
Epoch 205/1000, Train Loss: 0.4886, Validation Loss: 1.5225
Epoch 206/1000, Train Loss: 0.4644, Validation Loss: 1.8228
Epoch 207/1000, Train Loss: 0.4729, Validation Loss: 1.1105
Epoch 208/1000, Train Loss: 0.4707, Validation Loss: 0.9232
Epoch 209/1000, Train Loss: 0.4674, Validation Loss: 1.9068
Epoch 210/1000, Train Loss: 0.4671, Validation Loss: 0.7448
Epoch 211/1000, Train Loss: 0.4646, Validation Loss: 2.8052
Epoch 212/1000, Train Loss: 0.5644, Validation Loss: 1.4171
Epoch 213/1000, Train Loss: 0.4818, Validation Loss: 0.5954
Epoch 214/1000, Train Loss: 0.4776, Validation Loss: 1.7069
Epoch 215/1000, Train Loss: 0.4652, Validation Loss: 1.6606
Epoch 216/1000, Train Loss: 0.4713, Validation Loss: 1.0162
Epoch 217/1000, Train Loss: 0.4637, Validation Loss: 2.2942
Epoch 218/1000, Train Loss: 0.4651, Validation Loss: 1.0934
Epoch 219/1000, Train Loss: 0.4803, Validation Loss: 2.6689
Epoch 220/1000, Train Loss: 0.4679, Validation Loss: 1.6955
Epoch 221/1000, Train Loss: 0.4679, Validation Loss: 0.9100
Epoch 222/1000, Train Loss: 0.4551, Validation Loss: 0.9453
Epoch 223/1000, Train Loss: 0.4634, Validation Loss: 2.3476
Epoch 224/1000, Train Loss: 0.4565, Validation Loss: 1.1464
Epoch 225/1000, Train Loss: 0.4740, Validation Loss: 0.6857
Epoch 226/1000, Train Loss: 0.5601, Validation Loss: 1.4811
Epoch 227/1000, Train Loss: 0.4895, Validation Loss: 1.3563
Epoch 228/1000, Train Loss: 0.4584, Validation Loss: 1.5004
Epoch 229/1000, Train Loss: 0.4611, Validation Loss: 1.0909
Epoch 230/1000, Train Loss: 0.4620, Validation Loss: 1.0094
Epoch 231/1000, Train Loss: 0.4529, Validation Loss: 3.2917
Epoch 232/1000, Train Loss: 0.4520, Validation Loss: 1.1566
Epoch 233/1000, Train Loss: 0.4489, Validation Loss: 1.3638
Epoch 234/1000, Train Loss: 0.4606, Validation Loss: 1.1375
Epoch 235/1000, Train Loss: 0.4612, Validation Loss: 2.4892
Epoch 236/1000, Train Loss: 0.4624, Validation Loss: 1.1068
Epoch 237/1000, Train Loss: 0.4471, Validation Loss: 0.6250
Epoch 238/1000, Train Loss: 0.4650, Validation Loss: 0.5822
Epoch 239/1000, Train Loss: 0.4619, Validation Loss: 1.3437
Epoch 240/1000, Train Loss: 0.4593, Validation Loss: 2.2782
Epoch 241/1000, Train Loss: 0.4435, Validation Loss: 0.5285
Epoch 242/1000, Train Loss: 0.4475, Validation Loss: 1.0133
Epoch 243/1000, Train Loss: 0.4449, Validation Loss: 3.0130
Epoch 244/1000, Train Loss: 0.4470, Validation Loss: 1.2509
Epoch 245/1000, Train Loss: 0.4617, Validation Loss: 1.6483
Epoch 246/1000, Train Loss: 0.4540, Validation Loss: 0.9721
Epoch 247/1000, Train Loss: 0.4522, Validation Loss: 0.9398
Epoch 248/1000, Train Loss: 0.5278, Validation Loss: 1.9856
Epoch 249/1000, Train Loss: 0.4637, Validation Loss: 2.4400
Epoch 250/1000, Train Loss: 0.4460, Validation Loss: 1.3696
Epoch 251/1000, Train Loss: 0.4432, Validation Loss: 0.7528
Epoch 252/1000, Train Loss: 0.4541, Validation Loss: 3.3308
Epoch 253/1000, Train Loss: 0.4455, Validation Loss: 1.1724
Epoch 254/1000, Train Loss: 0.4456, Validation Loss: 1.2711
Epoch 255/1000, Train Loss: 0.4638, Validation Loss: 3.9042
Epoch 256/1000, Train Loss: 0.4837, Validation Loss: 2.8955
Epoch 257/1000, Train Loss: 0.4433, Validation Loss: 1.4129
Epoch 258/1000, Train Loss: 0.5145, Validation Loss: 1.7238
Epoch 259/1000, Train Loss: 0.4892, Validation Loss: 3.3321
Epoch 260/1000, Train Loss: 0.4484, Validation Loss: 3.6419
Epoch 261/1000, Train Loss: 0.4454, Validation Loss: 0.6527
Epoch 262/1000, Train Loss: 0.4528, Validation Loss: 1.0615
Epoch 263/1000, Train Loss: 0.4540, Validation Loss: 1.2728
Epoch 264/1000, Train Loss: 0.4496, Validation Loss: 2.4800
Epoch 265/1000, Train Loss: 0.4383, Validation Loss: 2.2049
Epoch 266/1000, Train Loss: 0.4493, Validation Loss: 1.0264
Epoch 267/1000, Train Loss: 0.4414, Validation Loss: 2.3772
Epoch 268/1000, Train Loss: 0.4492, Validation Loss: 2.9136
Epoch 269/1000, Train Loss: 0.4341, Validation Loss: 1.8677
Epoch 270/1000, Train Loss: 0.4569, Validation Loss: 2.0342
Epoch 271/1000, Train Loss: 0.4439, Validation Loss: 2.1223
Epoch 272/1000, Train Loss: 0.4376, Validation Loss: 2.6151
Epoch 273/1000, Train Loss: 0.4480, Validation Loss: 3.4587
Epoch 274/1000, Train Loss: 0.4329, Validation Loss: 1.2990
Epoch 275/1000, Train Loss: 0.4427, Validation Loss: 1.2281
Epoch 276/1000, Train Loss: 0.4404, Validation Loss: 2.9218
Epoch 277/1000, Train Loss: 0.4625, Validation Loss: 1.5097
Epoch 278/1000, Train Loss: 0.4273, Validation Loss: 0.8021
Epoch 279/1000, Train Loss: 0.4264, Validation Loss: 2.2053
Epoch 280/1000, Train Loss: 0.4397, Validation Loss: 0.9406
Epoch 281/1000, Train Loss: 0.4422, Validation Loss: 0.8138
Epoch 282/1000, Train Loss: 0.4760, Validation Loss: 0.9790
Epoch 283/1000, Train Loss: 0.6380, Validation Loss: 1.0048
Epoch 284/1000, Train Loss: 0.4533, Validation Loss: 1.5584
Epoch 285/1000, Train Loss: 0.4456, Validation Loss: 0.8523
Epoch 286/1000, Train Loss: 0.4512, Validation Loss: 3.4685
Epoch 287/1000, Train Loss: 0.4731, Validation Loss: 1.6932
Epoch 288/1000, Train Loss: 0.4454, Validation Loss: 1.1927
Epoch 289/1000, Train Loss: 0.4245, Validation Loss: 2.5297
Epoch 290/1000, Train Loss: 0.4332, Validation Loss: 1.1626
Epoch 291/1000, Train Loss: 0.4349, Validation Loss: 2.1006
Epoch 292/1000, Train Loss: 0.4290, Validation Loss: 2.3819
Epoch 293/1000, Train Loss: 0.4320, Validation Loss: 1.4174
Epoch 294/1000, Train Loss: 0.4356, Validation Loss: 0.6226
Epoch 295/1000, Train Loss: 0.4374, Validation Loss: 0.6701
Epoch 296/1000, Train Loss: 0.4407, Validation Loss: 0.7550
Epoch 297/1000, Train Loss: 0.4524, Validation Loss: 2.1904
Epoch 298/1000, Train Loss: 0.4239, Validation Loss: 0.6783
Epoch 299/1000, Train Loss: 0.4386, Validation Loss: 2.8746
Epoch 300/1000, Train Loss: 0.4374, Validation Loss: 2.0494
Epoch 301/1000, Train Loss: 0.4347, Validation Loss: 0.8268
Epoch 302/1000, Train Loss: 0.4396, Validation Loss: 0.9470
Epoch 303/1000, Train Loss: 0.4365, Validation Loss: 0.9496
Epoch 304/1000, Train Loss: 0.4330, Validation Loss: 0.9052
Epoch 305/1000, Train Loss: 0.4296, Validation Loss: 1.1739
Epoch 306/1000, Train Loss: 0.4286, Validation Loss: 3.4559
Epoch 307/1000, Train Loss: 0.4346, Validation Loss: 2.0840
Epoch 308/1000, Train Loss: 0.4421, Validation Loss: 0.9621
Epoch 309/1000, Train Loss: 0.4355, Validation Loss: 1.0023
Epoch 310/1000, Train Loss: 0.4333, Validation Loss: 1.0887
Epoch 311/1000, Train Loss: 0.4267, Validation Loss: 1.0045
Epoch 312/1000, Train Loss: 0.4237, Validation Loss: 1.7448
Epoch 313/1000, Train Loss: 0.4307, Validation Loss: 1.7875
Epoch 314/1000, Train Loss: 0.4246, Validation Loss: 0.8532
Epoch 315/1000, Train Loss: 0.4313, Validation Loss: 4.1019
Epoch 316/1000, Train Loss: 0.4265, Validation Loss: 1.2637
Epoch 317/1000, Train Loss: 0.4177, Validation Loss: 3.8960
Epoch 318/1000, Train Loss: 0.4271, Validation Loss: 3.0125
Epoch 319/1000, Train Loss: 0.4285, Validation Loss: 0.7622
Epoch 320/1000, Train Loss: 0.4454, Validation Loss: 1.4330
Epoch 321/1000, Train Loss: 0.4389, Validation Loss: 0.6182
Epoch 322/1000, Train Loss: 0.4285, Validation Loss: 1.1688
Epoch 323/1000, Train Loss: 0.4282, Validation Loss: 2.7967
Epoch 324/1000, Train Loss: 0.4234, Validation Loss: 1.2660
Epoch 325/1000, Train Loss: 0.4159, Validation Loss: 1.1778
Epoch 326/1000, Train Loss: 0.4262, Validation Loss: 1.3913
Epoch 327/1000, Train Loss: 0.4343, Validation Loss: 1.4608
Epoch 328/1000, Train Loss: 0.4308, Validation Loss: 0.9645
Epoch 329/1000, Train Loss: 0.4212, Validation Loss: 2.1931
Epoch 330/1000, Train Loss: 0.4251, Validation Loss: 1.1013
Epoch 331/1000, Train Loss: 0.4309, Validation Loss: 1.1402
Epoch 332/1000, Train Loss: 0.4293, Validation Loss: 1.1831
Epoch 333/1000, Train Loss: 0.4308, Validation Loss: 0.7933
Epoch 334/1000, Train Loss: 0.4309, Validation Loss: 1.5032
Epoch 335/1000, Train Loss: 0.4214, Validation Loss: 0.8518
Epoch 336/1000, Train Loss: 0.4249, Validation Loss: 2.0890
Epoch 337/1000, Train Loss: 0.4176, Validation Loss: 0.7867
Epoch 338/1000, Train Loss: 0.4210, Validation Loss: 0.5279
Epoch 339/1000, Train Loss: 0.4169, Validation Loss: 1.1376
Epoch 340/1000, Train Loss: 0.4291, Validation Loss: 1.7085
Epoch 341/1000, Train Loss: 0.4165, Validation Loss: 1.2499
Epoch 342/1000, Train Loss: 0.4250, Validation Loss: 1.7114
Epoch 343/1000, Train Loss: 0.4217, Validation Loss: 1.2710
Epoch 344/1000, Train Loss: 0.4346, Validation Loss: 0.9040
Epoch 345/1000, Train Loss: 0.4217, Validation Loss: 1.4818
Epoch 346/1000, Train Loss: 0.4225, Validation Loss: 0.9591
Epoch 347/1000, Train Loss: 0.4201, Validation Loss: 0.7733
Epoch 348/1000, Train Loss: 0.4146, Validation Loss: 1.4855
Epoch 349/1000, Train Loss: 0.4247, Validation Loss: 1.6053
Epoch 350/1000, Train Loss: 0.4201, Validation Loss: 0.9326
Epoch 351/1000, Train Loss: 0.4291, Validation Loss: 1.5589
Epoch 352/1000, Train Loss: 0.4324, Validation Loss: 0.5796
Epoch 353/1000, Train Loss: 0.4081, Validation Loss: 1.2476
Epoch 354/1000, Train Loss: 0.4116, Validation Loss: 0.8924
Epoch 355/1000, Train Loss: 0.4127, Validation Loss: 0.9519
Epoch 356/1000, Train Loss: 0.4504, Validation Loss: 0.7790
Epoch 357/1000, Train Loss: 0.4140, Validation Loss: 0.5414
Epoch 358/1000, Train Loss: 0.4137, Validation Loss: 2.2937
Epoch 359/1000, Train Loss: 0.4146, Validation Loss: 0.7314
Epoch 360/1000, Train Loss: 0.4199, Validation Loss: 1.3248
Epoch 361/1000, Train Loss: 0.4117, Validation Loss: 0.8617
Epoch 362/1000, Train Loss: 0.4203, Validation Loss: 2.2492
Epoch 363/1000, Train Loss: 0.4014, Validation Loss: 1.3451
Epoch 364/1000, Train Loss: 0.4038, Validation Loss: 0.4909
Epoch 365/1000, Train Loss: 0.4243, Validation Loss: 0.7504
Epoch 366/1000, Train Loss: 0.4064, Validation Loss: 0.6439
Epoch 367/1000, Train Loss: 0.4162, Validation Loss: 0.9783
Epoch 368/1000, Train Loss: 0.4190, Validation Loss: 1.2839
Epoch 369/1000, Train Loss: 0.4056, Validation Loss: 0.8574
Epoch 370/1000, Train Loss: 0.4146, Validation Loss: 3.8069
Epoch 371/1000, Train Loss: 0.4499, Validation Loss: 1.0668
Epoch 372/1000, Train Loss: 0.4168, Validation Loss: 0.8064
Epoch 373/1000, Train Loss: 0.4128, Validation Loss: 0.8575
Epoch 374/1000, Train Loss: 0.4049, Validation Loss: 1.1130
Epoch 375/1000, Train Loss: 0.4341, Validation Loss: 2.7264
Epoch 376/1000, Train Loss: 0.4116, Validation Loss: 2.6096
Epoch 377/1000, Train Loss: 0.4116, Validation Loss: 1.4809
Epoch 378/1000, Train Loss: 0.4285, Validation Loss: 0.9219
Epoch 379/1000, Train Loss: 0.4213, Validation Loss: 2.7986
Epoch 380/1000, Train Loss: 0.4090, Validation Loss: 0.8358
Epoch 381/1000, Train Loss: 0.4141, Validation Loss: 0.7286
Epoch 382/1000, Train Loss: 0.4193, Validation Loss: 1.0656
Epoch 383/1000, Train Loss: 0.4050, Validation Loss: 0.9156
Epoch 384/1000, Train Loss: 0.4223, Validation Loss: 1.6479
Epoch 385/1000, Train Loss: 0.4069, Validation Loss: 1.2667
Epoch 386/1000, Train Loss: 0.4154, Validation Loss: 0.6576
Epoch 387/1000, Train Loss: 0.4168, Validation Loss: 1.8411
Epoch 388/1000, Train Loss: 0.4147, Validation Loss: 2.1141
Epoch 389/1000, Train Loss: 0.4037, Validation Loss: 0.8711
Epoch 390/1000, Train Loss: 0.4104, Validation Loss: 0.7310
Epoch 391/1000, Train Loss: 0.4059, Validation Loss: 2.7321
Epoch 392/1000, Train Loss: 0.4127, Validation Loss: 0.8152
Epoch 393/1000, Train Loss: 0.4055, Validation Loss: 1.4003
Epoch 394/1000, Train Loss: 0.4076, Validation Loss: 1.3119
Epoch 395/1000, Train Loss: 0.3982, Validation Loss: 2.3177
Epoch 396/1000, Train Loss: 0.4220, Validation Loss: 2.7423
Epoch 397/1000, Train Loss: 0.4068, Validation Loss: 1.0270
Epoch 398/1000, Train Loss: 0.4072, Validation Loss: 1.5090
Epoch 399/1000, Train Loss: 0.4020, Validation Loss: 2.3779
Epoch 400/1000, Train Loss: 0.4216, Validation Loss: 1.2943
Epoch 401/1000, Train Loss: 0.4037, Validation Loss: 0.6434
Epoch 402/1000, Train Loss: 0.4080, Validation Loss: 0.6195
Epoch 403/1000, Train Loss: 0.4061, Validation Loss: 1.1927
Epoch 404/1000, Train Loss: 0.4040, Validation Loss: 3.1103
Epoch 405/1000, Train Loss: 0.3960, Validation Loss: 0.8568
Epoch 406/1000, Train Loss: 0.3974, Validation Loss: 1.2458
Epoch 407/1000, Train Loss: 0.4238, Validation Loss: 1.8285
Epoch 408/1000, Train Loss: 0.4088, Validation Loss: 1.0259
Epoch 409/1000, Train Loss: 0.3990, Validation Loss: 0.9476
Epoch 410/1000, Train Loss: 0.4067, Validation Loss: 0.9910
Epoch 411/1000, Train Loss: 0.4043, Validation Loss: 0.4589
Epoch 412/1000, Train Loss: 0.4164, Validation Loss: 1.2669
Epoch 413/1000, Train Loss: 0.4109, Validation Loss: 3.6129
Epoch 414/1000, Train Loss: 0.4162, Validation Loss: 1.0713
Epoch 415/1000, Train Loss: 0.5184, Validation Loss: 1.2176
Epoch 416/1000, Train Loss: 0.4161, Validation Loss: 1.1271
Epoch 417/1000, Train Loss: 0.4380, Validation Loss: 1.6613
Epoch 418/1000, Train Loss: 0.4023, Validation Loss: 1.7810
Epoch 419/1000, Train Loss: 0.4015, Validation Loss: 0.9367
Epoch 420/1000, Train Loss: 0.4048, Validation Loss: 0.8569
Epoch 421/1000, Train Loss: 0.4026, Validation Loss: 0.7863
Epoch 422/1000, Train Loss: 0.4020, Validation Loss: 1.6375
Epoch 423/1000, Train Loss: 0.4046, Validation Loss: 0.8844
Epoch 424/1000, Train Loss: 0.6566, Validation Loss: 0.4286
Epoch 425/1000, Train Loss: 0.4025, Validation Loss: 0.5795
Epoch 426/1000, Train Loss: 0.4013, Validation Loss: 2.1979
Epoch 427/1000, Train Loss: 0.4139, Validation Loss: 2.7945
Epoch 428/1000, Train Loss: 0.4038, Validation Loss: 0.7858
Epoch 429/1000, Train Loss: 0.4019, Validation Loss: 1.0336
Epoch 430/1000, Train Loss: 0.4035, Validation Loss: 1.8832
Epoch 431/1000, Train Loss: 0.4298, Validation Loss: 0.5848
Epoch 432/1000, Train Loss: 88.8170, Validation Loss: 1.8857
Epoch 433/1000, Train Loss: 0.4476, Validation Loss: 0.7549
Epoch 434/1000, Train Loss: 0.4020, Validation Loss: 1.4812
Epoch 435/1000, Train Loss: 0.3954, Validation Loss: 0.8724
Epoch 436/1000, Train Loss: 0.3962, Validation Loss: 0.7639
Epoch 437/1000, Train Loss: 0.3950, Validation Loss: 1.0820
Epoch 438/1000, Train Loss: 0.4023, Validation Loss: 0.8463
Epoch 439/1000, Train Loss: 0.3964, Validation Loss: 0.5243
Epoch 440/1000, Train Loss: 0.3963, Validation Loss: 2.6678
Epoch 441/1000, Train Loss: 0.4046, Validation Loss: 2.3003
Epoch 442/1000, Train Loss: 0.3924, Validation Loss: 0.5249
Epoch 443/1000, Train Loss: 0.3929, Validation Loss: 1.6550
Epoch 444/1000, Train Loss: 0.3981, Validation Loss: 9.2780
Epoch 445/1000, Train Loss: 0.4044, Validation Loss: 0.5635
Epoch 446/1000, Train Loss: 0.3974, Validation Loss: 0.9975
Epoch 447/1000, Train Loss: 0.4072, Validation Loss: 1.0505
Epoch 448/1000, Train Loss: 0.6401, Validation Loss: 0.5129
Epoch 449/1000, Train Loss: 0.4123, Validation Loss: 1.8611
Epoch 450/1000, Train Loss: 0.4185, Validation Loss: 5.2361
Epoch 451/1000, Train Loss: 0.4021, Validation Loss: 1.7061
Epoch 452/1000, Train Loss: 0.4062, Validation Loss: 0.4272
Epoch 453/1000, Train Loss: 0.3944, Validation Loss: 2.4985
Epoch 454/1000, Train Loss: 0.4045, Validation Loss: 1.2118
Epoch 455/1000, Train Loss: 0.4322, Validation Loss: 0.7149
Epoch 456/1000, Train Loss: 0.4082, Validation Loss: 3.2336
Epoch 457/1000, Train Loss: 0.4639, Validation Loss: 1.6413
Epoch 458/1000, Train Loss: 0.4256, Validation Loss: 1.9509
Epoch 459/1000, Train Loss: 0.4084, Validation Loss: 1.3641
Epoch 460/1000, Train Loss: 0.3927, Validation Loss: 4.7840
Epoch 461/1000, Train Loss: 0.4146, Validation Loss: 1.4479
Epoch 462/1000, Train Loss: 0.3979, Validation Loss: 2.3298
Epoch 463/1000, Train Loss: 0.3970, Validation Loss: 1.6730
Epoch 464/1000, Train Loss: 0.3949, Validation Loss: 1.1824
Epoch 465/1000, Train Loss: 0.3959, Validation Loss: 1.0358
Epoch 466/1000, Train Loss: 0.3942, Validation Loss: 0.9950
Epoch 467/1000, Train Loss: 0.3938, Validation Loss: 1.2916
Epoch 468/1000, Train Loss: 0.3971, Validation Loss: 1.4809
Epoch 469/1000, Train Loss: 0.3933, Validation Loss: 0.8002
Epoch 470/1000, Train Loss: 0.3968, Validation Loss: 1.3136
Epoch 471/1000, Train Loss: 0.3903, Validation Loss: 5.1864
Epoch 472/1000, Train Loss: 0.4008, Validation Loss: 0.8290
Epoch 473/1000, Train Loss: 0.4010, Validation Loss: 3.4102
Epoch 474/1000, Train Loss: 0.3949, Validation Loss: 0.9537
Epoch 475/1000, Train Loss: 0.3889, Validation Loss: 0.6263
Epoch 476/1000, Train Loss: 0.3885, Validation Loss: 0.8702
Epoch 477/1000, Train Loss: 0.3955, Validation Loss: 1.6409
Epoch 478/1000, Train Loss: 0.3944, Validation Loss: 0.9412
Epoch 479/1000, Train Loss: 0.3937, Validation Loss: 1.4917
Epoch 480/1000, Train Loss: 0.4081, Validation Loss: 1.6004
Epoch 481/1000, Train Loss: 0.3983, Validation Loss: 2.0178
Epoch 482/1000, Train Loss: 0.3904, Validation Loss: 1.1715
Epoch 483/1000, Train Loss: 0.3846, Validation Loss: 2.0755
Epoch 484/1000, Train Loss: 0.4013, Validation Loss: 2.4534
Epoch 485/1000, Train Loss: 0.3855, Validation Loss: 2.8629
Epoch 486/1000, Train Loss: 0.3921, Validation Loss: 2.4076
Epoch 487/1000, Train Loss: 0.3892, Validation Loss: 1.2297
Epoch 488/1000, Train Loss: 0.3951, Validation Loss: 1.4389
Epoch 489/1000, Train Loss: 0.4033, Validation Loss: 1.1841
Epoch 490/1000, Train Loss: 0.3922, Validation Loss: 1.8780
Epoch 491/1000, Train Loss: 0.3916, Validation Loss: 0.8070
Epoch 492/1000, Train Loss: 0.3876, Validation Loss: 2.5905
Epoch 493/1000, Train Loss: 0.3868, Validation Loss: 1.5501
Epoch 494/1000, Train Loss: 0.3814, Validation Loss: 2.5521
Epoch 495/1000, Train Loss: 0.3970, Validation Loss: 0.6206
Epoch 496/1000, Train Loss: 0.3850, Validation Loss: 3.2874
Epoch 497/1000, Train Loss: 0.3888, Validation Loss: 1.2999
Epoch 498/1000, Train Loss: 0.3891, Validation Loss: 1.1569
Epoch 499/1000, Train Loss: 0.3956, Validation Loss: 1.5027
Epoch 500/1000, Train Loss: 0.4121, Validation Loss: 1.2161
Epoch 501/1000, Train Loss: 0.3993, Validation Loss: 0.6516
Epoch 502/1000, Train Loss: 0.3956, Validation Loss: 1.7926
Epoch 503/1000, Train Loss: 0.3864, Validation Loss: 2.6082
Epoch 504/1000, Train Loss: 0.3836, Validation Loss: 1.8241
Epoch 505/1000, Train Loss: 0.3887, Validation Loss: 0.6080
Epoch 506/1000, Train Loss: 0.4049, Validation Loss: 1.1855
Epoch 507/1000, Train Loss: 0.3872, Validation Loss: 1.9157
Epoch 508/1000, Train Loss: 0.3971, Validation Loss: 1.2298
Epoch 509/1000, Train Loss: 0.3881, Validation Loss: 0.8156
Epoch 510/1000, Train Loss: 0.3966, Validation Loss: 0.9757
Epoch 511/1000, Train Loss: 0.4969, Validation Loss: 1.9087
Epoch 512/1000, Train Loss: 0.4011, Validation Loss: 1.3273
Epoch 513/1000, Train Loss: 0.3898, Validation Loss: 0.7905
Epoch 514/1000, Train Loss: 0.3983, Validation Loss: 1.4130
Epoch 515/1000, Train Loss: 0.4097, Validation Loss: 1.2214
Epoch 516/1000, Train Loss: 0.3860, Validation Loss: 0.7608
Epoch 517/1000, Train Loss: 0.3918, Validation Loss: 1.4827
Epoch 518/1000, Train Loss: 0.3924, Validation Loss: 1.0043
Epoch 519/1000, Train Loss: 0.3806, Validation Loss: 2.3855
Epoch 520/1000, Train Loss: 0.3859, Validation Loss: 0.4226
Epoch 521/1000, Train Loss: 0.3880, Validation Loss: 1.1734
Epoch 522/1000, Train Loss: 0.3860, Validation Loss: 1.0117
Epoch 523/1000, Train Loss: 0.3848, Validation Loss: 2.1720
Epoch 524/1000, Train Loss: 0.3885, Validation Loss: 2.2649
Epoch 525/1000, Train Loss: 0.3822, Validation Loss: 4.4842
Epoch 526/1000, Train Loss: 0.3932, Validation Loss: 3.4585
Epoch 527/1000, Train Loss: 0.3910, Validation Loss: 1.0670
Epoch 528/1000, Train Loss: 0.3860, Validation Loss: 2.1671
Epoch 529/1000, Train Loss: 0.3856, Validation Loss: 0.9729
Epoch 530/1000, Train Loss: 0.3822, Validation Loss: 1.9119
Epoch 531/1000, Train Loss: 0.3946, Validation Loss: 1.1278
Epoch 532/1000, Train Loss: 0.3858, Validation Loss: 1.7887
Epoch 533/1000, Train Loss: 0.3812, Validation Loss: 2.6471
Epoch 534/1000, Train Loss: 0.3783, Validation Loss: 0.9022
Epoch 535/1000, Train Loss: 0.3834, Validation Loss: 0.5716
Epoch 536/1000, Train Loss: 0.3806, Validation Loss: 1.8084
Epoch 537/1000, Train Loss: 0.3971, Validation Loss: 0.9301
Epoch 538/1000, Train Loss: 0.4013, Validation Loss: 1.6615
Epoch 539/1000, Train Loss: 0.3935, Validation Loss: 1.5496
Epoch 540/1000, Train Loss: 0.3848, Validation Loss: 1.5147
Epoch 541/1000, Train Loss: 0.3857, Validation Loss: 2.0919
Epoch 542/1000, Train Loss: 0.3857, Validation Loss: 0.7506
Epoch 543/1000, Train Loss: 0.3775, Validation Loss: 1.3075
Epoch 544/1000, Train Loss: 0.3777, Validation Loss: 0.7623
Epoch 545/1000, Train Loss: 0.3901, Validation Loss: 0.9038
Epoch 546/1000, Train Loss: 0.3760, Validation Loss: 0.7223
Epoch 547/1000, Train Loss: 0.3859, Validation Loss: 1.3553
Epoch 548/1000, Train Loss: 0.3843, Validation Loss: 0.7213
Epoch 549/1000, Train Loss: 0.3833, Validation Loss: 0.5544
Epoch 550/1000, Train Loss: 0.3965, Validation Loss: 1.2869
Epoch 551/1000, Train Loss: 0.3817, Validation Loss: 1.5544
Epoch 552/1000, Train Loss: 0.4246, Validation Loss: 2.4158
Epoch 553/1000, Train Loss: 0.6289, Validation Loss: 0.9094
Epoch 554/1000, Train Loss: 0.3881, Validation Loss: 1.9710
Epoch 555/1000, Train Loss: 0.3740, Validation Loss: 2.7088
Epoch 556/1000, Train Loss: 0.3802, Validation Loss: 0.9824
Epoch 557/1000, Train Loss: 0.3930, Validation Loss: 2.0182
Epoch 558/1000, Train Loss: 0.3916, Validation Loss: 1.5684
Epoch 559/1000, Train Loss: 0.3843, Validation Loss: 2.9061
Epoch 560/1000, Train Loss: 0.3827, Validation Loss: 0.6786
Epoch 561/1000, Train Loss: 0.3811, Validation Loss: 1.3780
Epoch 562/1000, Train Loss: 0.3906, Validation Loss: 0.6611
Epoch 563/1000, Train Loss: 0.3907, Validation Loss: 1.1965
Epoch 564/1000, Train Loss: 0.3818, Validation Loss: 1.2257
Epoch 565/1000, Train Loss: 0.4119, Validation Loss: 0.8219
Epoch 566/1000, Train Loss: 0.3831, Validation Loss: 0.8333
Epoch 567/1000, Train Loss: 0.3779, Validation Loss: 0.9132
Epoch 568/1000, Train Loss: 0.3773, Validation Loss: 0.9946
Epoch 569/1000, Train Loss: 0.3883, Validation Loss: 1.0923
Epoch 570/1000, Train Loss: 0.3819, Validation Loss: 1.5252
Epoch 571/1000, Train Loss: 0.3797, Validation Loss: 0.4589
Epoch 572/1000, Train Loss: 0.3784, Validation Loss: 1.1662
Epoch 573/1000, Train Loss: 0.3770, Validation Loss: 1.4819
Epoch 574/1000, Train Loss: 0.3859, Validation Loss: 0.7759
Epoch 575/1000, Train Loss: 0.3807, Validation Loss: 0.7474
Epoch 576/1000, Train Loss: 0.4178, Validation Loss: 3.7196
Epoch 577/1000, Train Loss: 0.3840, Validation Loss: 1.4190
Epoch 578/1000, Train Loss: 0.3803, Validation Loss: 1.4333
Epoch 579/1000, Train Loss: 0.3774, Validation Loss: 1.1747
Epoch 580/1000, Train Loss: 0.3937, Validation Loss: 0.4484
Epoch 581/1000, Train Loss: 0.3811, Validation Loss: 2.7007
Epoch 582/1000, Train Loss: 0.3835, Validation Loss: 0.5066
Epoch 583/1000, Train Loss: 0.3840, Validation Loss: 1.1983
Epoch 584/1000, Train Loss: 0.3803, Validation Loss: 1.7497
Epoch 585/1000, Train Loss: 0.3791, Validation Loss: 1.8718
Epoch 586/1000, Train Loss: 0.3871, Validation Loss: 1.8723
Epoch 587/1000, Train Loss: 0.3856, Validation Loss: 1.3744
Epoch 588/1000, Train Loss: 0.3923, Validation Loss: 0.6019
Epoch 589/1000, Train Loss: 0.3757, Validation Loss: 1.5265
Epoch 590/1000, Train Loss: 0.3742, Validation Loss: 1.0126
Epoch 591/1000, Train Loss: 0.3813, Validation Loss: 0.7280
Epoch 592/1000, Train Loss: 0.3880, Validation Loss: 0.7230
Epoch 593/1000, Train Loss: 0.3742, Validation Loss: 1.6991
Epoch 594/1000, Train Loss: 0.3824, Validation Loss: 3.7181
Epoch 595/1000, Train Loss: 0.3858, Validation Loss: 1.7141
Epoch 596/1000, Train Loss: 0.3880, Validation Loss: 2.2997
Epoch 597/1000, Train Loss: 0.3757, Validation Loss: 2.9402
Epoch 598/1000, Train Loss: 0.3795, Validation Loss: 1.7116
Epoch 599/1000, Train Loss: 0.3783, Validation Loss: 1.3756
Epoch 600/1000, Train Loss: 0.3861, Validation Loss: 3.4456
Epoch 601/1000, Train Loss: 0.3819, Validation Loss: 1.4819
Epoch 602/1000, Train Loss: 0.4090, Validation Loss: 0.7644
Epoch 603/1000, Train Loss: 0.3840, Validation Loss: 3.0292
Epoch 604/1000, Train Loss: 0.3793, Validation Loss: 1.7926
Epoch 605/1000, Train Loss: 0.3790, Validation Loss: 0.8518
Epoch 606/1000, Train Loss: 0.3747, Validation Loss: 1.2770
Epoch 607/1000, Train Loss: 0.3723, Validation Loss: 1.3516
Epoch 608/1000, Train Loss: 0.3857, Validation Loss: 1.9790
Epoch 609/1000, Train Loss: 0.3898, Validation Loss: 2.1098
Epoch 610/1000, Train Loss: 0.3835, Validation Loss: 1.2539
Epoch 611/1000, Train Loss: 0.3923, Validation Loss: 0.5700
Epoch 612/1000, Train Loss: 0.3787, Validation Loss: 1.4417
Epoch 613/1000, Train Loss: 0.3793, Validation Loss: 0.7172
Epoch 614/1000, Train Loss: 0.3884, Validation Loss: 2.8861
Epoch 615/1000, Train Loss: 0.3830, Validation Loss: 1.1499
Epoch 616/1000, Train Loss: 0.3730, Validation Loss: 2.8907
Epoch 617/1000, Train Loss: 0.3778, Validation Loss: 1.7470
Epoch 618/1000, Train Loss: 0.3772, Validation Loss: 1.0460
Epoch 619/1000, Train Loss: 0.3818, Validation Loss: 3.7683
Epoch 620/1000, Train Loss: 0.3754, Validation Loss: 1.7558
Epoch 621/1000, Train Loss: 0.3756, Validation Loss: 1.1234
Epoch 622/1000, Train Loss: 0.3815, Validation Loss: 1.2148
Epoch 623/1000, Train Loss: 0.3703, Validation Loss: 0.8411
Epoch 624/1000, Train Loss: 0.3850, Validation Loss: 1.2607
Epoch 625/1000, Train Loss: 0.3733, Validation Loss: 0.9149
Epoch 626/1000, Train Loss: 0.3775, Validation Loss: 1.2396
Epoch 627/1000, Train Loss: 0.3877, Validation Loss: 0.5399
Epoch 628/1000, Train Loss: 0.3760, Validation Loss: 1.3622
Epoch 629/1000, Train Loss: 0.3825, Validation Loss: 0.7665
Epoch 630/1000, Train Loss: 0.3722, Validation Loss: 3.0002
Epoch 631/1000, Train Loss: 0.3777, Validation Loss: 1.1737
Epoch 632/1000, Train Loss: 0.3883, Validation Loss: 1.6804
Epoch 633/1000, Train Loss: 0.3734, Validation Loss: 0.4256
Epoch 634/1000, Train Loss: 0.3854, Validation Loss: 1.9044
Epoch 635/1000, Train Loss: 0.3789, Validation Loss: 0.8884
Epoch 636/1000, Train Loss: 0.3755, Validation Loss: 3.6076
Epoch 637/1000, Train Loss: 0.3715, Validation Loss: 0.8384
Epoch 638/1000, Train Loss: 0.3753, Validation Loss: 1.3797
Epoch 639/1000, Train Loss: 0.3759, Validation Loss: 1.7104
Epoch 640/1000, Train Loss: 0.3761, Validation Loss: 2.0538
Epoch 641/1000, Train Loss: 0.3704, Validation Loss: 0.7561
Epoch 642/1000, Train Loss: 0.3687, Validation Loss: 2.3505
Epoch 643/1000, Train Loss: 0.3793, Validation Loss: 2.4716
Epoch 644/1000, Train Loss: 0.3784, Validation Loss: 1.1512
Epoch 645/1000, Train Loss: 0.3762, Validation Loss: 1.8274
Epoch 646/1000, Train Loss: 0.3664, Validation Loss: 2.7620
Epoch 647/1000, Train Loss: 0.3703, Validation Loss: 1.3056
Epoch 648/1000, Train Loss: 0.3756, Validation Loss: 1.8702
Epoch 649/1000, Train Loss: 0.3757, Validation Loss: 0.5348
Epoch 650/1000, Train Loss: 0.3800, Validation Loss: 0.5076
Epoch 651/1000, Train Loss: 0.3686, Validation Loss: 1.5675
Epoch 652/1000, Train Loss: 0.3726, Validation Loss: 0.7352
Epoch 653/1000, Train Loss: 0.3700, Validation Loss: 1.0930
Epoch 654/1000, Train Loss: 0.3697, Validation Loss: 2.3586
Epoch 655/1000, Train Loss: 0.3749, Validation Loss: 1.4072
Epoch 656/1000, Train Loss: 0.3744, Validation Loss: 1.0972
Epoch 657/1000, Train Loss: 0.3741, Validation Loss: 0.7735
Epoch 658/1000, Train Loss: 0.3718, Validation Loss: 1.6663
Epoch 659/1000, Train Loss: 0.3906, Validation Loss: 2.2136
Epoch 660/1000, Train Loss: 0.3717, Validation Loss: 1.9159
Epoch 661/1000, Train Loss: 0.3845, Validation Loss: 0.8041
Epoch 662/1000, Train Loss: 0.3674, Validation Loss: 1.0755
Epoch 663/1000, Train Loss: 0.3715, Validation Loss: 5.2159
Epoch 664/1000, Train Loss: 0.3713, Validation Loss: 1.2371
Epoch 665/1000, Train Loss: 0.3794, Validation Loss: 0.9151
Epoch 666/1000, Train Loss: 0.3704, Validation Loss: 0.5925
Epoch 667/1000, Train Loss: 0.3635, Validation Loss: 1.0675
Epoch 668/1000, Train Loss: 0.3779, Validation Loss: 2.2392
Epoch 669/1000, Train Loss: 0.3687, Validation Loss: 1.0142
Epoch 670/1000, Train Loss: 0.3664, Validation Loss: 0.8763
Epoch 671/1000, Train Loss: 0.3944, Validation Loss: 1.0355
Epoch 672/1000, Train Loss: 0.3669, Validation Loss: 8.0138
Epoch 673/1000, Train Loss: 0.3787, Validation Loss: 2.0537
Epoch 674/1000, Train Loss: 0.3736, Validation Loss: 7.0406
Epoch 675/1000, Train Loss: 0.3691, Validation Loss: 0.9700
Epoch 676/1000, Train Loss: 0.3755, Validation Loss: 1.0339
Epoch 677/1000, Train Loss: 0.3733, Validation Loss: 2.2496
Epoch 678/1000, Train Loss: 0.3703, Validation Loss: 2.9127
Epoch 679/1000, Train Loss: 0.3696, Validation Loss: 1.1633
Epoch 680/1000, Train Loss: 0.3754, Validation Loss: 2.0135
Epoch 681/1000, Train Loss: 0.3722, Validation Loss: 4.9463
Epoch 682/1000, Train Loss: 0.3669, Validation Loss: 1.2967
Epoch 683/1000, Train Loss: 0.3726, Validation Loss: 1.4544
Epoch 684/1000, Train Loss: 0.3666, Validation Loss: 1.9274
Epoch 685/1000, Train Loss: 0.3748, Validation Loss: 0.7149
Epoch 686/1000, Train Loss: 0.3666, Validation Loss: 0.7813
Epoch 687/1000, Train Loss: 0.3709, Validation Loss: 1.8955
Epoch 688/1000, Train Loss: 0.3707, Validation Loss: 11.2746
Epoch 689/1000, Train Loss: 0.3721, Validation Loss: 0.7978
Epoch 690/1000, Train Loss: 0.3669, Validation Loss: 5.9349
Epoch 691/1000, Train Loss: 0.3844, Validation Loss: 1.3166
Epoch 692/1000, Train Loss: 0.3717, Validation Loss: 2.7400
Epoch 693/1000, Train Loss: 0.3806, Validation Loss: 0.8061
Epoch 694/1000, Train Loss: 0.4135, Validation Loss: 0.5731
Epoch 695/1000, Train Loss: 0.3802, Validation Loss: 0.6706
Epoch 696/1000, Train Loss: 0.3743, Validation Loss: 0.9496
Epoch 697/1000, Train Loss: 0.3769, Validation Loss: 1.4209
Epoch 698/1000, Train Loss: 0.3716, Validation Loss: 1.4279
Epoch 699/1000, Train Loss: 0.3715, Validation Loss: 1.6542
Epoch 700/1000, Train Loss: 0.3850, Validation Loss: 1.0103
Epoch 701/1000, Train Loss: 0.3764, Validation Loss: 0.5864
Epoch 702/1000, Train Loss: 0.3717, Validation Loss: 1.2438
Epoch 703/1000, Train Loss: 0.3655, Validation Loss: 1.6025
Epoch 704/1000, Train Loss: 0.3619, Validation Loss: 0.5117
Epoch 705/1000, Train Loss: 0.3723, Validation Loss: 0.9765
Epoch 706/1000, Train Loss: 0.3809, Validation Loss: 0.8138
Epoch 707/1000, Train Loss: 0.3752, Validation Loss: 0.4338
Epoch 708/1000, Train Loss: 0.3761, Validation Loss: 0.8661
Epoch 709/1000, Train Loss: 0.3731, Validation Loss: 3.0622
Epoch 710/1000, Train Loss: 0.3762, Validation Loss: 2.3639
Epoch 711/1000, Train Loss: 0.3709, Validation Loss: 1.0075
Epoch 712/1000, Train Loss: 0.3662, Validation Loss: 0.7220
Epoch 713/1000, Train Loss: 0.3660, Validation Loss: 1.4018
Epoch 714/1000, Train Loss: 0.3758, Validation Loss: 2.8038
Epoch 715/1000, Train Loss: 0.3727, Validation Loss: 1.9909
Epoch 716/1000, Train Loss: 0.3690, Validation Loss: 1.9672
Epoch 717/1000, Train Loss: 0.3689, Validation Loss: 0.5657
Epoch 718/1000, Train Loss: 0.3664, Validation Loss: 9.4713
Epoch 719/1000, Train Loss: 0.3889, Validation Loss: 1.7105
Epoch 720/1000, Train Loss: 0.3696, Validation Loss: 0.7078
Epoch 721/1000, Train Loss: 0.3734, Validation Loss: 0.4835
Epoch 722/1000, Train Loss: 0.3798, Validation Loss: 0.5639
Epoch 723/1000, Train Loss: 0.3665, Validation Loss: 1.7337
Epoch 724/1000, Train Loss: 0.3746, Validation Loss: 3.0762
Epoch 725/1000, Train Loss: 0.3680, Validation Loss: 1.4844
Epoch 726/1000, Train Loss: 0.3676, Validation Loss: 1.2173
Epoch 727/1000, Train Loss: 0.3679, Validation Loss: 0.6771
Epoch 728/1000, Train Loss: 0.3665, Validation Loss: 2.5086
Epoch 729/1000, Train Loss: 0.3754, Validation Loss: 0.9800
Epoch 730/1000, Train Loss: 0.3707, Validation Loss: 1.6943
Epoch 731/1000, Train Loss: 0.3801, Validation Loss: 0.5225
Epoch 732/1000, Train Loss: 0.3725, Validation Loss: 1.6700
Epoch 733/1000, Train Loss: 0.3717, Validation Loss: 10.4687
Epoch 734/1000, Train Loss: 0.3676, Validation Loss: 1.4943
Epoch 735/1000, Train Loss: 0.3821, Validation Loss: 1.9402
Epoch 736/1000, Train Loss: 0.4071, Validation Loss: 2.3576
Epoch 737/1000, Train Loss: 0.3744, Validation Loss: 0.5520
Epoch 738/1000, Train Loss: 0.3663, Validation Loss: 0.6420
Epoch 739/1000, Train Loss: 0.3688, Validation Loss: 1.6030
Epoch 740/1000, Train Loss: 0.3646, Validation Loss: 0.5844
Epoch 741/1000, Train Loss: 0.3758, Validation Loss: 0.6057
Epoch 742/1000, Train Loss: 0.3726, Validation Loss: 0.5874
Epoch 743/1000, Train Loss: 0.3713, Validation Loss: 1.6666
Epoch 744/1000, Train Loss: 0.3746, Validation Loss: 0.9712
Epoch 745/1000, Train Loss: 0.3715, Validation Loss: 0.9858
Epoch 746/1000, Train Loss: 0.3652, Validation Loss: 0.9069
Epoch 747/1000, Train Loss: 0.3643, Validation Loss: 0.9755
Epoch 748/1000, Train Loss: 0.3674, Validation Loss: 2.5871
Epoch 749/1000, Train Loss: 0.3704, Validation Loss: 3.6011
Epoch 750/1000, Train Loss: 0.3655, Validation Loss: 0.4037
Epoch 751/1000, Train Loss: 0.3892, Validation Loss: 2.5518
Epoch 752/1000, Train Loss: 0.3650, Validation Loss: 0.9287
Epoch 753/1000, Train Loss: 0.3694, Validation Loss: 1.4616
Epoch 754/1000, Train Loss: 0.3736, Validation Loss: 1.0877
Epoch 755/1000, Train Loss: 0.3644, Validation Loss: 2.2190
Epoch 756/1000, Train Loss: 0.3768, Validation Loss: 1.1877
Epoch 757/1000, Train Loss: 0.3688, Validation Loss: 2.6050
Epoch 758/1000, Train Loss: 0.3787, Validation Loss: 2.9985
Epoch 759/1000, Train Loss: 0.3751, Validation Loss: 0.8186
Epoch 760/1000, Train Loss: 0.3718, Validation Loss: 0.7155
Epoch 761/1000, Train Loss: 0.3823, Validation Loss: 0.8741
Epoch 762/1000, Train Loss: 0.4064, Validation Loss: 1.7105
Epoch 763/1000, Train Loss: 0.3824, Validation Loss: 2.5366
Epoch 764/1000, Train Loss: 0.3641, Validation Loss: 1.8477
Epoch 765/1000, Train Loss: 0.3677, Validation Loss: 1.3139
Epoch 766/1000, Train Loss: 0.3617, Validation Loss: 1.2958
Epoch 767/1000, Train Loss: 0.3640, Validation Loss: 1.8268
Epoch 768/1000, Train Loss: 0.3790, Validation Loss: 0.7772
Epoch 769/1000, Train Loss: 0.3694, Validation Loss: 3.8920
Epoch 770/1000, Train Loss: 0.3641, Validation Loss: 2.1666
Epoch 771/1000, Train Loss: 0.3769, Validation Loss: 1.4438
Epoch 772/1000, Train Loss: 0.3795, Validation Loss: 1.3310
Epoch 773/1000, Train Loss: 0.3681, Validation Loss: 2.9276
Epoch 774/1000, Train Loss: 0.3620, Validation Loss: 0.4164
Epoch 775/1000, Train Loss: 0.3707, Validation Loss: 1.4145
Epoch 776/1000, Train Loss: 0.3819, Validation Loss: 0.8705
Epoch 777/1000, Train Loss: 0.3689, Validation Loss: 1.6279
Epoch 778/1000, Train Loss: 0.3956, Validation Loss: 0.7925
Epoch 779/1000, Train Loss: 0.3694, Validation Loss: 2.6963
Epoch 780/1000, Train Loss: 0.3716, Validation Loss: 1.3751
Epoch 781/1000, Train Loss: 0.3741, Validation Loss: 0.8336
Epoch 782/1000, Train Loss: 0.3678, Validation Loss: 8.1851
Epoch 783/1000, Train Loss: 0.3666, Validation Loss: 0.5620
Epoch 784/1000, Train Loss: 0.3633, Validation Loss: 0.9179
Epoch 785/1000, Train Loss: 0.3583, Validation Loss: 1.7073
Epoch 786/1000, Train Loss: 0.3588, Validation Loss: 1.3909
Epoch 787/1000, Train Loss: 0.3713, Validation Loss: 0.6422
Epoch 788/1000, Train Loss: 0.3662, Validation Loss: 2.4955
Epoch 789/1000, Train Loss: 0.3609, Validation Loss: 0.6456
Epoch 790/1000, Train Loss: 0.3674, Validation Loss: 1.5869
Epoch 791/1000, Train Loss: 0.3593, Validation Loss: 0.9519
Epoch 792/1000, Train Loss: 0.3666, Validation Loss: 0.4920
Epoch 793/1000, Train Loss: 0.3606, Validation Loss: 15.1491
Epoch 794/1000, Train Loss: 0.3590, Validation Loss: 0.4624
Epoch 795/1000, Train Loss: 0.3680, Validation Loss: 0.6106
Epoch 796/1000, Train Loss: 0.3651, Validation Loss: 0.6370
Epoch 797/1000, Train Loss: 0.3650, Validation Loss: 0.8351
Epoch 798/1000, Train Loss: 0.3677, Validation Loss: 1.4059
Epoch 799/1000, Train Loss: 0.3619, Validation Loss: 2.0291
Epoch 800/1000, Train Loss: 0.3716, Validation Loss: 0.7022
Epoch 801/1000, Train Loss: 0.3574, Validation Loss: 1.4344
Epoch 802/1000, Train Loss: 0.3562, Validation Loss: 0.6409
Epoch 803/1000, Train Loss: 0.3639, Validation Loss: 1.0305
Epoch 804/1000, Train Loss: 0.3635, Validation Loss: 0.7083
Epoch 805/1000, Train Loss: 0.3665, Validation Loss: 1.0954
Epoch 806/1000, Train Loss: 0.3646, Validation Loss: 1.5312
Epoch 807/1000, Train Loss: 0.3651, Validation Loss: 1.1112
Epoch 808/1000, Train Loss: 0.3727, Validation Loss: 10.9287
Epoch 809/1000, Train Loss: 0.3636, Validation Loss: 0.5504
Epoch 810/1000, Train Loss: 0.3651, Validation Loss: 0.8348
Epoch 811/1000, Train Loss: 0.3691, Validation Loss: 2.1940
Epoch 812/1000, Train Loss: 0.3635, Validation Loss: 1.6478
Epoch 813/1000, Train Loss: 0.3656, Validation Loss: 1.5226
Epoch 814/1000, Train Loss: 0.3647, Validation Loss: 0.8321
Epoch 815/1000, Train Loss: 0.3642, Validation Loss: 1.7060
Epoch 816/1000, Train Loss: 0.3620, Validation Loss: 0.9632
Epoch 817/1000, Train Loss: 0.3978, Validation Loss: 0.3795
Epoch 818/1000, Train Loss: 0.3685, Validation Loss: 1.6681
Epoch 819/1000, Train Loss: 0.3698, Validation Loss: 1.0428
Epoch 820/1000, Train Loss: 0.3575, Validation Loss: 1.9072
Epoch 821/1000, Train Loss: 0.3601, Validation Loss: 1.6119
Epoch 822/1000, Train Loss: 0.3591, Validation Loss: 0.4985
Epoch 823/1000, Train Loss: 0.3655, Validation Loss: 0.7577
Epoch 824/1000, Train Loss: 0.3696, Validation Loss: 0.9986
Epoch 825/1000, Train Loss: 0.3599, Validation Loss: 1.7490
Epoch 826/1000, Train Loss: 0.3687, Validation Loss: 1.5171
Epoch 827/1000, Train Loss: 0.3660, Validation Loss: 0.7968
Epoch 828/1000, Train Loss: 0.3760, Validation Loss: 0.5979
Epoch 829/1000, Train Loss: 0.3665, Validation Loss: 0.7324
Epoch 830/1000, Train Loss: 0.3645, Validation Loss: 2.2179
Epoch 831/1000, Train Loss: 0.3643, Validation Loss: 2.3972
Epoch 832/1000, Train Loss: 0.3623, Validation Loss: 2.1461
Epoch 833/1000, Train Loss: 0.3608, Validation Loss: 2.3491
Epoch 834/1000, Train Loss: 0.3669, Validation Loss: 6.8940
Epoch 835/1000, Train Loss: 0.3690, Validation Loss: 0.6542
Epoch 836/1000, Train Loss: 0.3601, Validation Loss: 1.5231
Epoch 837/1000, Train Loss: 0.3625, Validation Loss: 1.0258
Epoch 838/1000, Train Loss: 0.3640, Validation Loss: 1.2969
Epoch 839/1000, Train Loss: 0.3622, Validation Loss: 1.3386
Epoch 840/1000, Train Loss: 0.3606, Validation Loss: 0.9343
Epoch 841/1000, Train Loss: 0.3605, Validation Loss: 0.6907
Epoch 842/1000, Train Loss: 0.3653, Validation Loss: 1.1073
Epoch 843/1000, Train Loss: 0.3534, Validation Loss: 5.4818
Epoch 844/1000, Train Loss: 0.3648, Validation Loss: 0.8185
Epoch 845/1000, Train Loss: 0.3614, Validation Loss: 2.5293
Epoch 846/1000, Train Loss: 0.3613, Validation Loss: 1.9663
Epoch 847/1000, Train Loss: 0.3638, Validation Loss: 1.3564
Epoch 848/1000, Train Loss: 0.3581, Validation Loss: 1.5736
Epoch 849/1000, Train Loss: 0.3682, Validation Loss: 1.5649
Epoch 850/1000, Train Loss: 0.3651, Validation Loss: 0.6984
Epoch 851/1000, Train Loss: 0.3529, Validation Loss: 2.3231
Epoch 852/1000, Train Loss: 0.3659, Validation Loss: 1.7705
Epoch 853/1000, Train Loss: 0.3582, Validation Loss: 1.2168
Epoch 854/1000, Train Loss: 0.3575, Validation Loss: 2.1348
Epoch 855/1000, Train Loss: 0.3651, Validation Loss: 0.8312
Epoch 856/1000, Train Loss: 0.3599, Validation Loss: 1.1635
Epoch 857/1000, Train Loss: 0.3635, Validation Loss: 2.0843
Epoch 858/1000, Train Loss: 0.4103, Validation Loss: 2.0746
Epoch 859/1000, Train Loss: 0.3678, Validation Loss: 1.1772
Epoch 860/1000, Train Loss: 0.3622, Validation Loss: 1.6510
Epoch 861/1000, Train Loss: 0.3535, Validation Loss: 1.9058
Epoch 862/1000, Train Loss: 0.3558, Validation Loss: 0.7419
Epoch 863/1000, Train Loss: 0.3615, Validation Loss: 1.1477
Epoch 864/1000, Train Loss: 0.3628, Validation Loss: 1.6761
Epoch 865/1000, Train Loss: 0.3556, Validation Loss: 1.9505
Epoch 866/1000, Train Loss: 0.3596, Validation Loss: 1.8013
Epoch 867/1000, Train Loss: 0.3570, Validation Loss: 0.8487
Epoch 868/1000, Train Loss: 0.3651, Validation Loss: 1.0022
Epoch 869/1000, Train Loss: 0.3628, Validation Loss: 2.0987
Epoch 870/1000, Train Loss: 0.3558, Validation Loss: 2.9356
Epoch 871/1000, Train Loss: 0.3518, Validation Loss: 2.6071
Epoch 872/1000, Train Loss: 0.3674, Validation Loss: 1.6969
Epoch 873/1000, Train Loss: 0.3621, Validation Loss: 1.3506
Epoch 874/1000, Train Loss: 0.3542, Validation Loss: 1.4125
Epoch 875/1000, Train Loss: 0.3639, Validation Loss: 0.5742
Epoch 876/1000, Train Loss: 0.3592, Validation Loss: 0.6164
Epoch 877/1000, Train Loss: 0.3665, Validation Loss: 1.2877
Epoch 878/1000, Train Loss: 0.3577, Validation Loss: 0.8365
Epoch 879/1000, Train Loss: 0.3647, Validation Loss: 0.6861
Epoch 880/1000, Train Loss: 0.3591, Validation Loss: 1.2076
Epoch 881/1000, Train Loss: 0.3721, Validation Loss: 1.9909
Epoch 882/1000, Train Loss: 0.3709, Validation Loss: 1.0138
Epoch 883/1000, Train Loss: 0.3615, Validation Loss: 1.1832
Epoch 884/1000, Train Loss: 0.3531, Validation Loss: 0.8771
Epoch 885/1000, Train Loss: 0.3565, Validation Loss: 1.6458
Epoch 886/1000, Train Loss: 0.3565, Validation Loss: 0.7919
Epoch 887/1000, Train Loss: 0.3517, Validation Loss: 2.2680
Epoch 888/1000, Train Loss: 0.3568, Validation Loss: 0.4209
Epoch 889/1000, Train Loss: 0.3505, Validation Loss: 0.6229
Epoch 890/1000, Train Loss: 0.3637, Validation Loss: 1.3974
Epoch 891/1000, Train Loss: 0.3579, Validation Loss: 3.3049
Epoch 892/1000, Train Loss: 0.3482, Validation Loss: 2.3838
Epoch 893/1000, Train Loss: 0.3575, Validation Loss: 1.0439
Epoch 894/1000, Train Loss: 0.3851, Validation Loss: 12.1111
Epoch 895/1000, Train Loss: 0.3625, Validation Loss: 1.4312
Epoch 896/1000, Train Loss: 0.3600, Validation Loss: 1.6349
Epoch 897/1000, Train Loss: 0.3620, Validation Loss: 5.1040
Epoch 898/1000, Train Loss: 0.3617, Validation Loss: 2.6667
Epoch 899/1000, Train Loss: 0.3565, Validation Loss: 2.2879
Epoch 900/1000, Train Loss: 0.3620, Validation Loss: 1.2814
Epoch 901/1000, Train Loss: 0.3565, Validation Loss: 0.7347
Epoch 902/1000, Train Loss: 0.3580, Validation Loss: 1.0972
Epoch 903/1000, Train Loss: 0.3599, Validation Loss: 0.8046
Epoch 904/1000, Train Loss: 0.3540, Validation Loss: 1.2013
Epoch 905/1000, Train Loss: 0.3519, Validation Loss: 1.5626
Epoch 906/1000, Train Loss: 0.3527, Validation Loss: 3.8669
Epoch 907/1000, Train Loss: 0.3505, Validation Loss: 1.0773
Epoch 908/1000, Train Loss: 0.3560, Validation Loss: 1.1376
Epoch 909/1000, Train Loss: 0.3644, Validation Loss: 0.7272
Epoch 910/1000, Train Loss: 0.3645, Validation Loss: 1.0613
Epoch 911/1000, Train Loss: 0.3587, Validation Loss: 0.8218
Epoch 912/1000, Train Loss: 0.3838, Validation Loss: 0.5796
Epoch 913/1000, Train Loss: 0.3653, Validation Loss: 3.0057
Epoch 914/1000, Train Loss: 0.3560, Validation Loss: 1.1473
Epoch 915/1000, Train Loss: 0.3671, Validation Loss: 1.0989
Epoch 916/1000, Train Loss: 0.3540, Validation Loss: 1.0178
Epoch 917/1000, Train Loss: 0.3596, Validation Loss: 2.9577
Epoch 918/1000, Train Loss: 0.3663, Validation Loss: 0.6071
Epoch 919/1000, Train Loss: 0.3569, Validation Loss: 2.5138
Epoch 920/1000, Train Loss: 0.3510, Validation Loss: 1.5558
Epoch 921/1000, Train Loss: 0.3591, Validation Loss: 2.6995
Epoch 922/1000, Train Loss: 0.3592, Validation Loss: 1.7021
Epoch 923/1000, Train Loss: 0.3576, Validation Loss: 1.9929
Epoch 924/1000, Train Loss: 0.3666, Validation Loss: 1.6464
Epoch 925/1000, Train Loss: 0.3524, Validation Loss: 2.1995
Epoch 926/1000, Train Loss: 0.3612, Validation Loss: 0.4722
Epoch 927/1000, Train Loss: 0.3565, Validation Loss: 1.8012
Epoch 928/1000, Train Loss: 0.3546, Validation Loss: 1.9336
Epoch 929/1000, Train Loss: 0.3629, Validation Loss: 0.7531
Epoch 930/1000, Train Loss: 0.3520, Validation Loss: 0.6075
Epoch 931/1000, Train Loss: 0.3578, Validation Loss: 0.8906
Epoch 932/1000, Train Loss: 0.3620, Validation Loss: 3.2527
Epoch 933/1000, Train Loss: 0.3697, Validation Loss: 3.2504
Epoch 934/1000, Train Loss: 0.3597, Validation Loss: 7.5763
Epoch 935/1000, Train Loss: 0.3658, Validation Loss: 0.8528
Epoch 936/1000, Train Loss: 0.3585, Validation Loss: 1.2628
Epoch 937/1000, Train Loss: 0.3509, Validation Loss: 1.0905
Epoch 938/1000, Train Loss: 0.3594, Validation Loss: 8.1006
Epoch 939/1000, Train Loss: 0.3522, Validation Loss: 0.6845
Epoch 940/1000, Train Loss: 0.3523, Validation Loss: 1.7231
Epoch 941/1000, Train Loss: 0.3564, Validation Loss: 2.5135
Epoch 942/1000, Train Loss: 0.3534, Validation Loss: 1.4630
Epoch 943/1000, Train Loss: 0.3627, Validation Loss: 3.2303
Epoch 944/1000, Train Loss: 0.3554, Validation Loss: 0.5162
Epoch 945/1000, Train Loss: 0.3552, Validation Loss: 0.8847
Epoch 946/1000, Train Loss: 0.3573, Validation Loss: 0.9808
Epoch 947/1000, Train Loss: 0.3561, Validation Loss: 1.7055
Epoch 948/1000, Train Loss: 0.3560, Validation Loss: 2.0171
Epoch 949/1000, Train Loss: 0.3568, Validation Loss: 0.6443
Epoch 950/1000, Train Loss: 0.3584, Validation Loss: 7.0417
Epoch 951/1000, Train Loss: 0.3685, Validation Loss: 1.0616
Epoch 952/1000, Train Loss: 0.3524, Validation Loss: 1.5066
Epoch 953/1000, Train Loss: 0.3513, Validation Loss: 0.6546
Epoch 954/1000, Train Loss: 0.3680, Validation Loss: 1.1853
Epoch 955/1000, Train Loss: 0.3632, Validation Loss: 0.5725
Epoch 956/1000, Train Loss: 0.3717, Validation Loss: 3.2430
Epoch 957/1000, Train Loss: 0.3551, Validation Loss: 1.8494
Epoch 958/1000, Train Loss: 0.3672, Validation Loss: 1.6024
Epoch 959/1000, Train Loss: 0.3552, Validation Loss: 1.8339
Epoch 960/1000, Train Loss: 0.3581, Validation Loss: 1.1931
Epoch 961/1000, Train Loss: 0.3517, Validation Loss: 1.8356
Epoch 962/1000, Train Loss: 0.3543, Validation Loss: 2.4576
Epoch 963/1000, Train Loss: 0.3609, Validation Loss: 1.0772
Epoch 964/1000, Train Loss: 0.3551, Validation Loss: 1.5500
Epoch 965/1000, Train Loss: 0.3664, Validation Loss: 0.9594
Epoch 966/1000, Train Loss: 0.3513, Validation Loss: 1.0269
Epoch 967/1000, Train Loss: 0.3516, Validation Loss: 0.8076
Epoch 968/1000, Train Loss: 0.3543, Validation Loss: 4.2211
Epoch 969/1000, Train Loss: 0.3597, Validation Loss: 2.2935
Epoch 970/1000, Train Loss: 0.3659, Validation Loss: 2.4964
Epoch 971/1000, Train Loss: 0.3584, Validation Loss: 1.1613
Epoch 972/1000, Train Loss: 0.3519, Validation Loss: 1.3359
Epoch 973/1000, Train Loss: 0.3614, Validation Loss: 1.0950
Epoch 974/1000, Train Loss: 0.3557, Validation Loss: 0.7630
Epoch 975/1000, Train Loss: 0.3606, Validation Loss: 1.2419
Epoch 976/1000, Train Loss: 0.3538, Validation Loss: 1.1428
Epoch 977/1000, Train Loss: 0.3520, Validation Loss: 1.7537
Epoch 978/1000, Train Loss: 0.4606, Validation Loss: 0.4236
Epoch 979/1000, Train Loss: 0.3672, Validation Loss: 2.7042
Epoch 980/1000, Train Loss: 0.3622, Validation Loss: 1.1148
Epoch 981/1000, Train Loss: 0.3748, Validation Loss: 1.2299
Epoch 982/1000, Train Loss: 0.3578, Validation Loss: 0.7312
Epoch 983/1000, Train Loss: 0.3531, Validation Loss: 2.3542
Epoch 984/1000, Train Loss: 0.3649, Validation Loss: 1.1379
Epoch 985/1000, Train Loss: 0.3700, Validation Loss: 0.5972
Epoch 986/1000, Train Loss: 0.3595, Validation Loss: 3.5247
Epoch 987/1000, Train Loss: 0.3680, Validation Loss: 0.7006
Epoch 988/1000, Train Loss: 0.3638, Validation Loss: 1.3833
Epoch 989/1000, Train Loss: 0.3681, Validation Loss: 1.2556
Epoch 990/1000, Train Loss: 0.3664, Validation Loss: 1.8313
Epoch 991/1000, Train Loss: 0.3763, Validation Loss: 0.6575
Epoch 992/1000, Train Loss: 0.3604, Validation Loss: 2.9380
Epoch 993/1000, Train Loss: 0.3513, Validation Loss: 0.5242
Epoch 994/1000, Train Loss: 0.3644, Validation Loss: 0.4692
Epoch 995/1000, Train Loss: 0.3522, Validation Loss: 0.6801
Epoch 996/1000, Train Loss: 0.3724, Validation Loss: 1.0313
Epoch 997/1000, Train Loss: 0.3621, Validation Loss: 0.9344
Epoch 998/1000, Train Loss: 0.3886, Validation Loss: 0.6741
Epoch 999/1000, Train Loss: 0.3704, Validation Loss: 2.5476
Epoch 1000/1000, Train Loss: 0.3598, Validation Loss: 0.9960
Best Training Loss: 0.3482
Best Training Loss Epoch: 892
Best Validation Loss: 0.3795
Best Validation Loss Epoch: 817
Time taken for training: 0-16:41:59
Test Loss: 0.3918
Test MAPE: 21459.4824%
Error Statistics:
count    4.127200e+04
mean     7.265639e+03
std      1.369263e+06
min      1.668930e-06
25%      1.552210e-01
50%      1.457449e+00
75%      2.083622e+01
max      2.781652e+08
Name: Absolute Error, dtype: float64
Training complete. Final model saved.
Saving model as a wandb Artifact...
Model artifact logged successfully.
[1;34mwandb[0m: 
[1;34mwandb[0m: 🚀 View run [33mleafy-sweep-63[0m at: [34mhttps://wandb.ai/mk8737-new-york-university/rl_pretrain_hp_sweeps/runs/baz0luuz[0m
[1;34mwandb[0m: Find logs at: [1;35mwandb/run-20251006_144000-baz0luuz/logs[0m
Agent finished.
