Waiting for sweep ID...
Found Sweep ID: be12np04
Starting wandb agent for sweep be12np04...
TRAINING DEVICE: cpu
Run Name: GCN_global_hp_sweep_be12np04-ga3stc8o
finidhed preparing data
Loading dataset from pretrain_dataset_12.5k_fixed_duplicates.pkl
Loaded 412712 data objects.
finished preparing data
Epoch 1/1000, Train Loss: 7.9125, Validation Loss: 3.1815
Epoch 2/1000, Train Loss: 1.4811, Validation Loss: 6.4285
Epoch 3/1000, Train Loss: 1.3986, Validation Loss: 2.8780
Epoch 4/1000, Train Loss: 1.3038, Validation Loss: 1.6321
Epoch 5/1000, Train Loss: 1.2745, Validation Loss: 2.9722
Epoch 6/1000, Train Loss: 13.1927, Validation Loss: 1.2768
Epoch 7/1000, Train Loss: 116.5997, Validation Loss: 1.0525
Epoch 8/1000, Train Loss: 1.1769, Validation Loss: 1.3860
Epoch 9/1000, Train Loss: 6.2455, Validation Loss: 1.8918
Epoch 10/1000, Train Loss: 1.1815, Validation Loss: 1.4946
Epoch 11/1000, Train Loss: 1.1225, Validation Loss: 1.7947
Epoch 12/1000, Train Loss: 1.7256, Validation Loss: 6.5807
Epoch 13/1000, Train Loss: 1.0940, Validation Loss: 1.0886
Epoch 14/1000, Train Loss: 1.1058, Validation Loss: 359.4358
Epoch 15/1000, Train Loss: 2179.9332, Validation Loss: 1.8677
Epoch 16/1000, Train Loss: 1.3926, Validation Loss: 1.2644
Epoch 17/1000, Train Loss: 1.1943, Validation Loss: 2.0718
Epoch 18/1000, Train Loss: 3.9524, Validation Loss: 1.6865
Epoch 19/1000, Train Loss: 8.3076, Validation Loss: 1.4315
Epoch 20/1000, Train Loss: 1.1549, Validation Loss: 1.1011
Epoch 21/1000, Train Loss: 1.0908, Validation Loss: 1.6585
Epoch 22/1000, Train Loss: 2.2380, Validation Loss: 1.3460
Epoch 23/1000, Train Loss: 1.0726, Validation Loss: 4.0430
Epoch 24/1000, Train Loss: 1.1422, Validation Loss: 0.9836
Epoch 25/1000, Train Loss: 1.0827, Validation Loss: 1.0162
Epoch 26/1000, Train Loss: 1.0477, Validation Loss: 1.2951
Epoch 27/1000, Train Loss: 56.7094, Validation Loss: 1.7623
Epoch 28/1000, Train Loss: 1.0354, Validation Loss: 3.7698
Epoch 29/1000, Train Loss: 1.0407, Validation Loss: 4.1535
Epoch 30/1000, Train Loss: 1.3030, Validation Loss: 1.4797
Epoch 31/1000, Train Loss: 1.4011, Validation Loss: 3.6836
Epoch 32/1000, Train Loss: 1.0005, Validation Loss: 0.9786
Epoch 33/1000, Train Loss: 1.4712, Validation Loss: 4.4342
Epoch 34/1000, Train Loss: 0.9898, Validation Loss: 1.9694
Epoch 35/1000, Train Loss: 14.3456, Validation Loss: 2.5199
Epoch 36/1000, Train Loss: 0.9831, Validation Loss: 5.8515
Epoch 37/1000, Train Loss: 1.0240, Validation Loss: 2.7726
Epoch 38/1000, Train Loss: 0.9871, Validation Loss: 2.1524
Epoch 39/1000, Train Loss: 0.9466, Validation Loss: 2.1140
Epoch 40/1000, Train Loss: 9.4936, Validation Loss: 3.1766
Epoch 41/1000, Train Loss: 1.7836, Validation Loss: 1.5263
Epoch 42/1000, Train Loss: 1.2502, Validation Loss: 1.6488
Epoch 43/1000, Train Loss: 0.9429, Validation Loss: 2.2632
Epoch 44/1000, Train Loss: 422.6681, Validation Loss: 1.1256
Epoch 45/1000, Train Loss: 0.9418, Validation Loss: 4.2946
Epoch 46/1000, Train Loss: 0.9452, Validation Loss: 3.4418
Epoch 47/1000, Train Loss: 1.0172, Validation Loss: 3.2134
Epoch 48/1000, Train Loss: 0.9778, Validation Loss: 1.3714
Epoch 49/1000, Train Loss: 0.9025, Validation Loss: 3.9118
Epoch 50/1000, Train Loss: 1.0884, Validation Loss: 2.1286
Epoch 51/1000, Train Loss: 0.9314, Validation Loss: 2.1783
Epoch 52/1000, Train Loss: 16.7166, Validation Loss: 3.4617
Epoch 53/1000, Train Loss: 0.9124, Validation Loss: 2.1368
Epoch 54/1000, Train Loss: 0.9318, Validation Loss: 4.9476
Epoch 55/1000, Train Loss: 8.9042, Validation Loss: 1.9482
Epoch 56/1000, Train Loss: 1.0294, Validation Loss: 1.3024
Epoch 57/1000, Train Loss: 1.0510, Validation Loss: 0.9396
Epoch 58/1000, Train Loss: 0.8440, Validation Loss: 3.0418
Epoch 59/1000, Train Loss: 1.5689, Validation Loss: 2.1400
Epoch 60/1000, Train Loss: 0.8463, Validation Loss: 2.5171
Epoch 61/1000, Train Loss: 1.8273, Validation Loss: 1.8002
Epoch 62/1000, Train Loss: 0.8933, Validation Loss: 3.3066
Epoch 63/1000, Train Loss: 0.8605, Validation Loss: 2.0962
Epoch 64/1000, Train Loss: 0.8200, Validation Loss: 1.3823
Epoch 65/1000, Train Loss: 2.5403, Validation Loss: 1.9601
Epoch 66/1000, Train Loss: 0.8617, Validation Loss: 1.0815
Epoch 67/1000, Train Loss: 0.8772, Validation Loss: 3.0099
Epoch 68/1000, Train Loss: 0.8317, Validation Loss: 1.6306
Epoch 69/1000, Train Loss: 0.9709, Validation Loss: 4.2915
Epoch 70/1000, Train Loss: 19.4875, Validation Loss: 1.0613
Epoch 71/1000, Train Loss: 0.9248, Validation Loss: 0.8103
Epoch 72/1000, Train Loss: 8.1259, Validation Loss: 2.0173
Epoch 73/1000, Train Loss: 0.9295, Validation Loss: 2.2646
Epoch 74/1000, Train Loss: 0.8519, Validation Loss: 1.8774
Epoch 75/1000, Train Loss: 0.9496, Validation Loss: 1.7354
Epoch 76/1000, Train Loss: 0.8430, Validation Loss: 3.4014
Epoch 77/1000, Train Loss: 0.8784, Validation Loss: 2.2730
Epoch 78/1000, Train Loss: 0.8288, Validation Loss: 3.8849
Epoch 79/1000, Train Loss: 0.9667, Validation Loss: 1.3162
Epoch 80/1000, Train Loss: 2.2906, Validation Loss: 1.7127
Epoch 81/1000, Train Loss: 0.8552, Validation Loss: 0.9202
Epoch 82/1000, Train Loss: 0.8249, Validation Loss: 1.0114
Epoch 83/1000, Train Loss: 0.9807, Validation Loss: 0.8521
Epoch 84/1000, Train Loss: 3.0553, Validation Loss: 2.4683
Epoch 85/1000, Train Loss: 2.6415, Validation Loss: 0.9287
Epoch 86/1000, Train Loss: 6.5704, Validation Loss: 1.2568
Epoch 87/1000, Train Loss: 0.8318, Validation Loss: 0.8912
Epoch 88/1000, Train Loss: 0.8244, Validation Loss: 1.2769
Epoch 89/1000, Train Loss: 0.8615, Validation Loss: 1.9520
Epoch 90/1000, Train Loss: 0.8083, Validation Loss: 1.1573
Epoch 91/1000, Train Loss: 32.6665, Validation Loss: 0.8558
Epoch 92/1000, Train Loss: 0.8341, Validation Loss: 3.3492
Epoch 93/1000, Train Loss: 27.9247, Validation Loss: 1.2725
Epoch 94/1000, Train Loss: 0.8029, Validation Loss: 1.6935
Epoch 95/1000, Train Loss: 0.8537, Validation Loss: 2.1004
Epoch 96/1000, Train Loss: 0.7879, Validation Loss: 2.7408
Epoch 97/1000, Train Loss: 16.7767, Validation Loss: 6.1386
Epoch 98/1000, Train Loss: 0.8140, Validation Loss: 1.0084
Epoch 99/1000, Train Loss: 1.2001, Validation Loss: 1.2385
Epoch 100/1000, Train Loss: 0.8058, Validation Loss: 3.3201
Epoch 101/1000, Train Loss: 4.4192, Validation Loss: 1.1301
Epoch 102/1000, Train Loss: 4.3075, Validation Loss: 3.6726
Epoch 103/1000, Train Loss: 0.8476, Validation Loss: 4.2406
Epoch 104/1000, Train Loss: 3.8333, Validation Loss: 2.0002
Epoch 105/1000, Train Loss: 0.8764, Validation Loss: 2.2652
Epoch 106/1000, Train Loss: 530.0489, Validation Loss: 3.4668
Epoch 107/1000, Train Loss: 0.8412, Validation Loss: 2.3778
Epoch 108/1000, Train Loss: 0.8554, Validation Loss: 2.5401
Epoch 109/1000, Train Loss: 0.8069, Validation Loss: 3.7590
Epoch 110/1000, Train Loss: 0.7904, Validation Loss: 1.7078
Epoch 111/1000, Train Loss: 4.4342, Validation Loss: 2.7550
Epoch 112/1000, Train Loss: 0.8335, Validation Loss: 1.4193
Epoch 113/1000, Train Loss: 0.8009, Validation Loss: 3.5842
Epoch 114/1000, Train Loss: 182.8330, Validation Loss: 1.6610
Epoch 115/1000, Train Loss: 0.8149, Validation Loss: 5.1395
Epoch 116/1000, Train Loss: 0.7896, Validation Loss: 1.0298
Epoch 117/1000, Train Loss: 0.8580, Validation Loss: 1.9800
Epoch 118/1000, Train Loss: 7.9197, Validation Loss: 1.0100
Epoch 119/1000, Train Loss: 0.8296, Validation Loss: 1.9630
Epoch 120/1000, Train Loss: 29.0945, Validation Loss: 2.4967
Epoch 121/1000, Train Loss: 1.0001, Validation Loss: 6.4340
Epoch 122/1000, Train Loss: 0.8528, Validation Loss: 2.6068
Epoch 123/1000, Train Loss: 0.7901, Validation Loss: 0.7145
Epoch 124/1000, Train Loss: 1.0028, Validation Loss: 0.8136
Epoch 125/1000, Train Loss: 5.4231, Validation Loss: 1.2468
Epoch 126/1000, Train Loss: 0.7820, Validation Loss: 3.5638
Epoch 127/1000, Train Loss: 2.5811, Validation Loss: 4.9323
Epoch 128/1000, Train Loss: 0.7992, Validation Loss: 2.0512
Epoch 129/1000, Train Loss: 7.2134, Validation Loss: 0.9521
Epoch 130/1000, Train Loss: 0.7835, Validation Loss: 0.8776
Epoch 131/1000, Train Loss: 2.1872, Validation Loss: 1.8351
Epoch 132/1000, Train Loss: 0.7826, Validation Loss: 2.8817
Epoch 133/1000, Train Loss: 0.8685, Validation Loss: 3.0925
Epoch 134/1000, Train Loss: 2.2216, Validation Loss: 4.3000
Epoch 135/1000, Train Loss: 0.8034, Validation Loss: 4.9912
Epoch 136/1000, Train Loss: 0.8010, Validation Loss: 1.0044
Epoch 137/1000, Train Loss: 0.8183, Validation Loss: 2.8315
Epoch 138/1000, Train Loss: 1.5014, Validation Loss: 1.7680
Epoch 139/1000, Train Loss: 1.0359, Validation Loss: 2.0489
Epoch 140/1000, Train Loss: 0.8166, Validation Loss: 2.2194
Epoch 141/1000, Train Loss: 1.0389, Validation Loss: 2.3774
Epoch 142/1000, Train Loss: 0.8101, Validation Loss: 1.4767
Epoch 143/1000, Train Loss: 0.8250, Validation Loss: 2.4711
Epoch 144/1000, Train Loss: 0.7988, Validation Loss: 2.3173
Epoch 145/1000, Train Loss: 3.9212, Validation Loss: 1.9757
Epoch 146/1000, Train Loss: 9.2891, Validation Loss: 2.1275
Epoch 147/1000, Train Loss: 2.3316, Validation Loss: 1.8989
Epoch 148/1000, Train Loss: 0.7845, Validation Loss: 1.8482
Epoch 149/1000, Train Loss: 0.7965, Validation Loss: 0.9337
Epoch 150/1000, Train Loss: 0.9519, Validation Loss: 1.8459
Epoch 151/1000, Train Loss: 0.7868, Validation Loss: 0.8453
Epoch 152/1000, Train Loss: 151.8297, Validation Loss: 2.4405
Epoch 153/1000, Train Loss: 1.0299, Validation Loss: 1.2786
Epoch 154/1000, Train Loss: 0.7835, Validation Loss: 1.0273
Epoch 155/1000, Train Loss: 0.7831, Validation Loss: 1.9506
Epoch 156/1000, Train Loss: 0.8441, Validation Loss: 3.1940
Epoch 157/1000, Train Loss: 1.4295, Validation Loss: 2.7142
Epoch 158/1000, Train Loss: 0.7859, Validation Loss: 3.3194
Epoch 159/1000, Train Loss: 0.8018, Validation Loss: 3.8448
Epoch 160/1000, Train Loss: 1.4297, Validation Loss: 2.8858
Epoch 161/1000, Train Loss: 0.9292, Validation Loss: 3.6398
Epoch 162/1000, Train Loss: 1.0515, Validation Loss: 4.1768
Epoch 163/1000, Train Loss: 0.8037, Validation Loss: 1.6538
Epoch 164/1000, Train Loss: 0.8740, Validation Loss: 2.2847
Epoch 165/1000, Train Loss: 0.7771, Validation Loss: 4.1830
Epoch 166/1000, Train Loss: 1.4582, Validation Loss: 1.5152
Epoch 167/1000, Train Loss: 0.8066, Validation Loss: 2.6233
Epoch 168/1000, Train Loss: 0.8642, Validation Loss: 1.2544
Epoch 169/1000, Train Loss: 0.7686, Validation Loss: 0.8671
Epoch 170/1000, Train Loss: 2.3837, Validation Loss: 2.4168
Epoch 171/1000, Train Loss: 0.9202, Validation Loss: 3.2310
Epoch 172/1000, Train Loss: 11.9097, Validation Loss: 6.0854
Epoch 173/1000, Train Loss: 4.2113, Validation Loss: 1.1788
Epoch 174/1000, Train Loss: 3.8197, Validation Loss: 1.4033
Epoch 175/1000, Train Loss: 0.8152, Validation Loss: 2.9641
Epoch 176/1000, Train Loss: 0.8287, Validation Loss: 1.4909
Epoch 177/1000, Train Loss: 13.9648, Validation Loss: 2.5594
Epoch 178/1000, Train Loss: 0.7925, Validation Loss: 3.1158
Epoch 179/1000, Train Loss: 0.7880, Validation Loss: 3.3836
Epoch 180/1000, Train Loss: 1.0959, Validation Loss: 1.1285
Epoch 181/1000, Train Loss: 1.1515, Validation Loss: 1.3386
Epoch 182/1000, Train Loss: 0.7627, Validation Loss: 1.0946
Epoch 183/1000, Train Loss: 48.5316, Validation Loss: 0.9550
Epoch 184/1000, Train Loss: 0.8028, Validation Loss: 0.9663
Epoch 185/1000, Train Loss: 1.0104, Validation Loss: 2.3587
Epoch 186/1000, Train Loss: 23.4730, Validation Loss: 1.6839
Epoch 187/1000, Train Loss: 1.9733, Validation Loss: 2.0140
Epoch 188/1000, Train Loss: 1.0249, Validation Loss: 0.8450
Epoch 189/1000, Train Loss: 0.8133, Validation Loss: 7.6169
Epoch 190/1000, Train Loss: 0.7969, Validation Loss: 1.9036
Epoch 191/1000, Train Loss: 1.0012, Validation Loss: 2.1159
Epoch 192/1000, Train Loss: 0.7891, Validation Loss: 1.0683
Epoch 193/1000, Train Loss: 0.8514, Validation Loss: 13.2196
Epoch 194/1000, Train Loss: 0.8087, Validation Loss: 3.3245
Epoch 195/1000, Train Loss: 2.3942, Validation Loss: 3.0945
Epoch 196/1000, Train Loss: 0.7864, Validation Loss: 7.4482
Epoch 197/1000, Train Loss: 0.9016, Validation Loss: 6.9716
Epoch 198/1000, Train Loss: 0.7811, Validation Loss: 1.5441
Epoch 199/1000, Train Loss: 24.8836, Validation Loss: 0.9279
Epoch 200/1000, Train Loss: 0.7838, Validation Loss: 11.1307
Epoch 201/1000, Train Loss: 0.8299, Validation Loss: 1.1632
Epoch 202/1000, Train Loss: 0.7759, Validation Loss: 3.9624
Epoch 203/1000, Train Loss: 1.0236, Validation Loss: 5.5185
Epoch 204/1000, Train Loss: 0.8077, Validation Loss: 2.2581
Epoch 205/1000, Train Loss: 2.3052, Validation Loss: 1.8933
Epoch 206/1000, Train Loss: 0.7743, Validation Loss: 1.2427
Epoch 207/1000, Train Loss: 1.6388, Validation Loss: 0.7583
Epoch 208/1000, Train Loss: 0.7675, Validation Loss: 2.0947
Epoch 209/1000, Train Loss: 1.0039, Validation Loss: 3.3695
Epoch 210/1000, Train Loss: 0.8323, Validation Loss: 3.6291
Epoch 211/1000, Train Loss: 0.8616, Validation Loss: 1.4017
Epoch 212/1000, Train Loss: 0.9280, Validation Loss: 1.0276
Epoch 213/1000, Train Loss: 0.7728, Validation Loss: 0.6898
Epoch 214/1000, Train Loss: 3.1942, Validation Loss: 5.0404
Epoch 215/1000, Train Loss: 0.9001, Validation Loss: 3.8028
Epoch 216/1000, Train Loss: 0.7636, Validation Loss: 2.3987
Epoch 217/1000, Train Loss: 1.0044, Validation Loss: 1.1015
Epoch 218/1000, Train Loss: 5.9069, Validation Loss: 2.5077
Epoch 219/1000, Train Loss: 42.1648, Validation Loss: 2.2645
Epoch 220/1000, Train Loss: 0.8099, Validation Loss: 3.3522
Epoch 221/1000, Train Loss: 0.9319, Validation Loss: 2.3754
Epoch 222/1000, Train Loss: 56.2836, Validation Loss: 6.0715
Epoch 223/1000, Train Loss: 5.5199, Validation Loss: 2.5092
Epoch 224/1000, Train Loss: 0.8382, Validation Loss: 2.9545
Epoch 225/1000, Train Loss: 0.7775, Validation Loss: 3.7493
Epoch 226/1000, Train Loss: 1.0025, Validation Loss: 2.5212
Epoch 227/1000, Train Loss: 1.0246, Validation Loss: 2.6428
Epoch 228/1000, Train Loss: 0.7787, Validation Loss: 2.8682
Epoch 229/1000, Train Loss: 1.8406, Validation Loss: 1.7489
Epoch 230/1000, Train Loss: 0.7505, Validation Loss: 2.1993
Epoch 231/1000, Train Loss: 0.8984, Validation Loss: 5.7323
Epoch 232/1000, Train Loss: 0.7803, Validation Loss: 4.1752
Epoch 233/1000, Train Loss: 1.6885, Validation Loss: 1.5556
Epoch 234/1000, Train Loss: 0.7731, Validation Loss: 1.6971
Epoch 235/1000, Train Loss: 6.0902, Validation Loss: 4.6318
Epoch 236/1000, Train Loss: 0.8615, Validation Loss: 3.8928
Epoch 237/1000, Train Loss: 0.9492, Validation Loss: 1.3697
Epoch 238/1000, Train Loss: 0.7759, Validation Loss: 1.3266
Epoch 239/1000, Train Loss: 1.0291, Validation Loss: 0.9169
Epoch 240/1000, Train Loss: 0.7869, Validation Loss: 3.2888
Epoch 241/1000, Train Loss: 0.8059, Validation Loss: 2.5231
Epoch 242/1000, Train Loss: 6.8343, Validation Loss: 3.8625
Epoch 243/1000, Train Loss: 2.0585, Validation Loss: 3.2627
Epoch 244/1000, Train Loss: 0.8449, Validation Loss: 5.0996
Epoch 245/1000, Train Loss: 7.2480, Validation Loss: 4.1810
Epoch 246/1000, Train Loss: 0.8013, Validation Loss: 2.8949
Epoch 247/1000, Train Loss: 0.8549, Validation Loss: 3.1441
Epoch 248/1000, Train Loss: 0.7780, Validation Loss: 2.6983
Epoch 249/1000, Train Loss: 3.5315, Validation Loss: 0.7982
Epoch 250/1000, Train Loss: 0.7949, Validation Loss: 3.3115
Epoch 251/1000, Train Loss: 0.7917, Validation Loss: 1.9909
Epoch 252/1000, Train Loss: 70.4593, Validation Loss: 2.3998
Epoch 253/1000, Train Loss: 0.8453, Validation Loss: 2.7199
Epoch 254/1000, Train Loss: 11.0560, Validation Loss: 1.6972
Epoch 255/1000, Train Loss: 0.7812, Validation Loss: 3.0259
Epoch 256/1000, Train Loss: 0.8288, Validation Loss: 1.7505
Epoch 257/1000, Train Loss: 12.2344, Validation Loss: 1.9534
Epoch 258/1000, Train Loss: 0.8477, Validation Loss: 8.4565
Epoch 259/1000, Train Loss: 1.0877, Validation Loss: 2.0151
Epoch 260/1000, Train Loss: 2.8888, Validation Loss: 2.0389
Epoch 261/1000, Train Loss: 3.3234, Validation Loss: 1.3513
Epoch 262/1000, Train Loss: 0.9092, Validation Loss: 5.5120
Epoch 263/1000, Train Loss: 0.7824, Validation Loss: 1.8340
Epoch 264/1000, Train Loss: 107.4907, Validation Loss: 2.3450
Epoch 265/1000, Train Loss: 0.7750, Validation Loss: 1.4536
Epoch 266/1000, Train Loss: 0.7574, Validation Loss: 2.9526
Epoch 267/1000, Train Loss: 1.5562, Validation Loss: 4.6922
Epoch 268/1000, Train Loss: 1.0476, Validation Loss: 2.8731
Epoch 269/1000, Train Loss: 0.7696, Validation Loss: 1.6146
Epoch 270/1000, Train Loss: 20.6503, Validation Loss: 1.2070
Epoch 271/1000, Train Loss: 0.7816, Validation Loss: 1.2421
Epoch 272/1000, Train Loss: 3.9400, Validation Loss: 1.7871
Epoch 273/1000, Train Loss: 0.7726, Validation Loss: 1.8851
Epoch 274/1000, Train Loss: 0.7711, Validation Loss: 3.6285
Epoch 275/1000, Train Loss: 5.6789, Validation Loss: 1.5900
Epoch 276/1000, Train Loss: 0.7491, Validation Loss: 2.3203
Epoch 277/1000, Train Loss: 46.1074, Validation Loss: 2.0817
Epoch 278/1000, Train Loss: 12.2488, Validation Loss: 1.3427
Epoch 279/1000, Train Loss: 1.6541, Validation Loss: 2.0607
Epoch 280/1000, Train Loss: 0.7827, Validation Loss: 1.0611
Epoch 281/1000, Train Loss: 0.9420, Validation Loss: 4.4479
Epoch 282/1000, Train Loss: 14.0289, Validation Loss: 2.0316
Epoch 283/1000, Train Loss: 0.7839, Validation Loss: 2.2094
Epoch 284/1000, Train Loss: 27.3594, Validation Loss: 1.3342
Epoch 285/1000, Train Loss: 1.6501, Validation Loss: 3.6570
Epoch 286/1000, Train Loss: 1.8890, Validation Loss: 0.8285
Epoch 287/1000, Train Loss: 0.8799, Validation Loss: 3.5628
Epoch 288/1000, Train Loss: 0.8532, Validation Loss: 2.7397
Epoch 289/1000, Train Loss: 4.6906, Validation Loss: 2.5979
Epoch 290/1000, Train Loss: 0.8112, Validation Loss: 1.3392
Epoch 291/1000, Train Loss: 1.0881, Validation Loss: 2.1150
Epoch 292/1000, Train Loss: 2.6984, Validation Loss: 2.7992
Epoch 293/1000, Train Loss: 1.8356, Validation Loss: 2.9604
Epoch 294/1000, Train Loss: 0.7833, Validation Loss: 5.3601
Epoch 295/1000, Train Loss: 0.7913, Validation Loss: 3.7119
Epoch 296/1000, Train Loss: 99.0054, Validation Loss: 6.0968
Epoch 297/1000, Train Loss: 0.8059, Validation Loss: 1.1756
Epoch 298/1000, Train Loss: 0.8616, Validation Loss: 0.9606
Epoch 299/1000, Train Loss: 1.0876, Validation Loss: 2.0304
Epoch 300/1000, Train Loss: 0.7773, Validation Loss: 1.1884
Epoch 301/1000, Train Loss: 2.6155, Validation Loss: 1.0334
Epoch 302/1000, Train Loss: 0.7709, Validation Loss: 1.2062
Epoch 303/1000, Train Loss: 7.3683, Validation Loss: 1.5523
Epoch 304/1000, Train Loss: 3.3140, Validation Loss: 0.7938
Epoch 305/1000, Train Loss: 0.7856, Validation Loss: 1.1084
Epoch 306/1000, Train Loss: 3.4355, Validation Loss: 2.6324
Epoch 307/1000, Train Loss: 49.5250, Validation Loss: 2.0826
Epoch 308/1000, Train Loss: 0.7935, Validation Loss: 2.1329
Epoch 309/1000, Train Loss: 1.3200, Validation Loss: 1.9151
Epoch 310/1000, Train Loss: 0.8406, Validation Loss: 1.7509
Epoch 311/1000, Train Loss: 0.7921, Validation Loss: 3.2548
Epoch 312/1000, Train Loss: 1.1426, Validation Loss: 5.6514
Epoch 313/1000, Train Loss: 0.7727, Validation Loss: 2.7274
Epoch 314/1000, Train Loss: 1.2255, Validation Loss: 3.9790
Epoch 315/1000, Train Loss: 0.8444, Validation Loss: 1.0447
Epoch 316/1000, Train Loss: 0.8284, Validation Loss: 2.5729
Epoch 317/1000, Train Loss: 0.8000, Validation Loss: 3.1072
Epoch 318/1000, Train Loss: 2.9473, Validation Loss: 1.9816
Epoch 319/1000, Train Loss: 0.7772, Validation Loss: 1.1461
Epoch 320/1000, Train Loss: 8.1468, Validation Loss: 2.1354
Epoch 321/1000, Train Loss: 0.7992, Validation Loss: 1.5304
Epoch 322/1000, Train Loss: 0.7968, Validation Loss: 2.8293
Epoch 323/1000, Train Loss: 0.8143, Validation Loss: 1.3658
Epoch 324/1000, Train Loss: 1.5022, Validation Loss: 2.8742
Epoch 325/1000, Train Loss: 0.7891, Validation Loss: 2.1739
Epoch 326/1000, Train Loss: 0.9343, Validation Loss: 3.3148
Epoch 327/1000, Train Loss: 0.8169, Validation Loss: 3.1945
Epoch 328/1000, Train Loss: 0.8866, Validation Loss: 4.0613
Epoch 329/1000, Train Loss: 0.7858, Validation Loss: 5.5399
Epoch 330/1000, Train Loss: 0.8684, Validation Loss: 1.5131
Epoch 331/1000, Train Loss: 0.8928, Validation Loss: 2.4873
Epoch 332/1000, Train Loss: 0.7712, Validation Loss: 2.8509
Epoch 333/1000, Train Loss: 5.9910, Validation Loss: 3.5741
Epoch 334/1000, Train Loss: 0.8815, Validation Loss: 1.5211
Epoch 335/1000, Train Loss: 1.1690, Validation Loss: 1.9892
Epoch 336/1000, Train Loss: 0.7992, Validation Loss: 1.4648
Epoch 337/1000, Train Loss: 3.3227, Validation Loss: 2.1939
Epoch 338/1000, Train Loss: 0.7708, Validation Loss: 1.2576
Epoch 339/1000, Train Loss: 0.8977, Validation Loss: 2.2167
Epoch 340/1000, Train Loss: 0.7791, Validation Loss: 9.0390
Epoch 341/1000, Train Loss: 6.7356, Validation Loss: 2.2065
Epoch 342/1000, Train Loss: 1.2458, Validation Loss: 2.0968
Epoch 343/1000, Train Loss: 0.7846, Validation Loss: 2.5591
Epoch 344/1000, Train Loss: 1.0882, Validation Loss: 1.7342
Epoch 345/1000, Train Loss: 0.7889, Validation Loss: 1.8397
Epoch 346/1000, Train Loss: 0.8768, Validation Loss: 1.8831
Epoch 347/1000, Train Loss: 0.7832, Validation Loss: 1.7634
Epoch 348/1000, Train Loss: 0.9375, Validation Loss: 1.7521
Epoch 349/1000, Train Loss: 0.7695, Validation Loss: 4.4066
Epoch 350/1000, Train Loss: 1.1552, Validation Loss: 3.4555
Epoch 351/1000, Train Loss: 0.7726, Validation Loss: 2.9152
Epoch 352/1000, Train Loss: 0.7678, Validation Loss: 0.9144
Epoch 353/1000, Train Loss: 0.7895, Validation Loss: 2.8124
Epoch 354/1000, Train Loss: 0.8859, Validation Loss: 3.9729
Epoch 355/1000, Train Loss: 0.7779, Validation Loss: 1.4553
Epoch 356/1000, Train Loss: 0.8062, Validation Loss: 2.6780
Epoch 357/1000, Train Loss: 2.6947, Validation Loss: 3.9547
Epoch 358/1000, Train Loss: 0.7843, Validation Loss: 3.6107
Epoch 359/1000, Train Loss: 0.7649, Validation Loss: 0.8921
Epoch 360/1000, Train Loss: 0.9321, Validation Loss: 1.6490
Epoch 361/1000, Train Loss: 0.7785, Validation Loss: 3.4952
Epoch 362/1000, Train Loss: 1.9227, Validation Loss: 2.2899
Epoch 363/1000, Train Loss: 0.7767, Validation Loss: 1.9349
Epoch 364/1000, Train Loss: 0.8154, Validation Loss: 3.7968
Epoch 365/1000, Train Loss: 0.7835, Validation Loss: 2.3793
Epoch 366/1000, Train Loss: 13.6719, Validation Loss: 2.6847
Epoch 367/1000, Train Loss: 0.9305, Validation Loss: 0.9354
Epoch 368/1000, Train Loss: 0.7455, Validation Loss: 2.3908
Epoch 369/1000, Train Loss: 1.0105, Validation Loss: 7.8909
Epoch 370/1000, Train Loss: 0.8027, Validation Loss: 3.1885
Epoch 371/1000, Train Loss: 0.7659, Validation Loss: 0.9617
Epoch 372/1000, Train Loss: 1.1958, Validation Loss: 4.2097
Epoch 373/1000, Train Loss: 0.7791, Validation Loss: 1.9691
Epoch 374/1000, Train Loss: 4.4615, Validation Loss: 9.5374
Epoch 375/1000, Train Loss: 0.7897, Validation Loss: 1.1309
Epoch 376/1000, Train Loss: 1.3606, Validation Loss: 2.0360
Epoch 377/1000, Train Loss: 0.7531, Validation Loss: 1.2744
Epoch 378/1000, Train Loss: 0.8057, Validation Loss: 3.1356
Epoch 379/1000, Train Loss: 1.3553, Validation Loss: 1.7260
Epoch 380/1000, Train Loss: 0.7810, Validation Loss: 1.7136
Epoch 381/1000, Train Loss: 7.4383, Validation Loss: 2.0131
Epoch 382/1000, Train Loss: 0.7862, Validation Loss: 3.4850
Epoch 383/1000, Train Loss: 0.7802, Validation Loss: 3.7318
Epoch 384/1000, Train Loss: 1.3711, Validation Loss: 4.3598
Epoch 385/1000, Train Loss: 0.7630, Validation Loss: 1.2122
Epoch 386/1000, Train Loss: 2.9557, Validation Loss: 2.4035
Epoch 387/1000, Train Loss: 0.8017, Validation Loss: 2.8338
Epoch 388/1000, Train Loss: 0.7884, Validation Loss: 2.3183
Epoch 389/1000, Train Loss: 1.3161, Validation Loss: 2.6300
Epoch 390/1000, Train Loss: 0.7841, Validation Loss: 1.3355
Epoch 391/1000, Train Loss: 0.7603, Validation Loss: 6.1943
Epoch 392/1000, Train Loss: 373.9283, Validation Loss: 1.2565
Epoch 393/1000, Train Loss: 0.7783, Validation Loss: 3.7341
Epoch 394/1000, Train Loss: 0.7974, Validation Loss: 2.1048
Epoch 395/1000, Train Loss: 0.9295, Validation Loss: 1.9261
Epoch 396/1000, Train Loss: 0.7984, Validation Loss: 3.0785
Epoch 397/1000, Train Loss: 1.3361, Validation Loss: 4.4496
Epoch 398/1000, Train Loss: 0.8827, Validation Loss: 4.9239
Epoch 399/1000, Train Loss: 0.7977, Validation Loss: 1.0699
Epoch 400/1000, Train Loss: 1.5697, Validation Loss: 2.5825
Epoch 401/1000, Train Loss: 0.8013, Validation Loss: 1.8349
Epoch 402/1000, Train Loss: 0.8823, Validation Loss: 1.2930
Epoch 403/1000, Train Loss: 0.8251, Validation Loss: 5.1120
Epoch 404/1000, Train Loss: 0.7628, Validation Loss: 2.5033
Epoch 405/1000, Train Loss: 21.4174, Validation Loss: 2.3761
Epoch 406/1000, Train Loss: 7.0360, Validation Loss: 1.7434
Epoch 407/1000, Train Loss: 0.7951, Validation Loss: 1.8790
Epoch 408/1000, Train Loss: 0.8140, Validation Loss: 2.0615
Epoch 409/1000, Train Loss: 0.7938, Validation Loss: 1.0785
Epoch 410/1000, Train Loss: 0.7876, Validation Loss: 1.4917
Epoch 411/1000, Train Loss: 1.3019, Validation Loss: 2.3543
Epoch 412/1000, Train Loss: 0.8345, Validation Loss: 1.0125
Epoch 413/1000, Train Loss: 3.1646, Validation Loss: 1.7139
Epoch 414/1000, Train Loss: 69.2475, Validation Loss: 6.1479
Epoch 415/1000, Train Loss: 2.9766, Validation Loss: 1.4415
Epoch 416/1000, Train Loss: 0.7797, Validation Loss: 1.1457
Epoch 417/1000, Train Loss: 0.8109, Validation Loss: 1.0549
Epoch 418/1000, Train Loss: 651.1015, Validation Loss: 1.3378
Epoch 419/1000, Train Loss: 0.8301, Validation Loss: 4.0010
Epoch 420/1000, Train Loss: 0.7977, Validation Loss: 7.4600
Epoch 421/1000, Train Loss: 24.4414, Validation Loss: 3.9307
Epoch 422/1000, Train Loss: 0.7984, Validation Loss: 1.4419
Epoch 423/1000, Train Loss: 0.8518, Validation Loss: 5.1862
Epoch 424/1000, Train Loss: 0.7763, Validation Loss: 1.6789
Epoch 425/1000, Train Loss: 0.9886, Validation Loss: 4.0985
Epoch 426/1000, Train Loss: 1.0143, Validation Loss: 1.7650
Epoch 427/1000, Train Loss: 0.8151, Validation Loss: 2.1162
Epoch 428/1000, Train Loss: 0.7752, Validation Loss: 4.5725
Epoch 429/1000, Train Loss: 0.8101, Validation Loss: 1.1458
Epoch 430/1000, Train Loss: 2.1875, Validation Loss: 4.7760
Epoch 431/1000, Train Loss: 0.7884, Validation Loss: 2.4799
Epoch 432/1000, Train Loss: 1.0721, Validation Loss: 0.7040
Epoch 433/1000, Train Loss: 0.7964, Validation Loss: 4.5900
Epoch 434/1000, Train Loss: 11.2117, Validation Loss: 2.9899
Epoch 435/1000, Train Loss: 0.7755, Validation Loss: 4.1740
Epoch 436/1000, Train Loss: 0.7782, Validation Loss: 2.3642
Epoch 437/1000, Train Loss: 12.6064, Validation Loss: 2.6644
Epoch 438/1000, Train Loss: 0.8687, Validation Loss: 1.5598
Epoch 439/1000, Train Loss: 1.5788, Validation Loss: 7.8565
Epoch 440/1000, Train Loss: 0.8116, Validation Loss: 2.7822
Epoch 441/1000, Train Loss: 1.1354, Validation Loss: 47.7296
Epoch 442/1000, Train Loss: 1.5829, Validation Loss: 1.7886
Epoch 443/1000, Train Loss: 8.3821, Validation Loss: 2.1064
Epoch 444/1000, Train Loss: 0.7875, Validation Loss: 3.0882
Epoch 445/1000, Train Loss: 0.8441, Validation Loss: 2.8577
Epoch 446/1000, Train Loss: 0.8414, Validation Loss: 2.4099
Epoch 447/1000, Train Loss: 0.7751, Validation Loss: 1.0736
Epoch 448/1000, Train Loss: 1.0547, Validation Loss: 2.2407
Epoch 449/1000, Train Loss: 0.7893, Validation Loss: 1.5506
Epoch 450/1000, Train Loss: 1231.6562, Validation Loss: 1.2726
Epoch 451/1000, Train Loss: 0.8252, Validation Loss: 1.9048
Epoch 452/1000, Train Loss: 1.7002, Validation Loss: 5.6431
Epoch 453/1000, Train Loss: 0.8365, Validation Loss: 5.4377
Epoch 454/1000, Train Loss: 0.8047, Validation Loss: 1.4091
Epoch 455/1000, Train Loss: 0.8727, Validation Loss: 1.9793
Epoch 456/1000, Train Loss: 6.6191, Validation Loss: 2.2799
Epoch 457/1000, Train Loss: 0.8079, Validation Loss: 3.1974
Epoch 458/1000, Train Loss: 1.2939, Validation Loss: 0.9731
Epoch 459/1000, Train Loss: 0.7812, Validation Loss: 1.5007
Epoch 460/1000, Train Loss: 2.3629, Validation Loss: 3.1615
Epoch 461/1000, Train Loss: 1.2116, Validation Loss: 3.2473
Epoch 462/1000, Train Loss: 0.7881, Validation Loss: 4.4256
Epoch 463/1000, Train Loss: 0.8876, Validation Loss: 2.0084
Epoch 464/1000, Train Loss: 0.7758, Validation Loss: 2.4442
Epoch 465/1000, Train Loss: 0.9790, Validation Loss: 2.8227
Epoch 466/1000, Train Loss: 0.7828, Validation Loss: 2.1365
Epoch 467/1000, Train Loss: 57.0837, Validation Loss: 6.3462
Epoch 468/1000, Train Loss: 0.7914, Validation Loss: 1.6444
Epoch 469/1000, Train Loss: 0.7539, Validation Loss: 0.8838
Epoch 470/1000, Train Loss: 1.2456, Validation Loss: 2.5913
Epoch 471/1000, Train Loss: 0.7690, Validation Loss: 2.5898
Epoch 472/1000, Train Loss: 0.9385, Validation Loss: 1.1024
Epoch 473/1000, Train Loss: 76.8786, Validation Loss: 103.1043
Epoch 474/1000, Train Loss: 0.8184, Validation Loss: 10.3820
Epoch 475/1000, Train Loss: 78.5095, Validation Loss: 2.2186
Epoch 476/1000, Train Loss: 0.8063, Validation Loss: 4.0973
Epoch 477/1000, Train Loss: 1.1380, Validation Loss: 2.0853
Epoch 478/1000, Train Loss: 0.7701, Validation Loss: 1.8944
Epoch 479/1000, Train Loss: 0.8573, Validation Loss: 5.4595
Epoch 480/1000, Train Loss: 0.7679, Validation Loss: 1.4061
Epoch 481/1000, Train Loss: 0.7702, Validation Loss: 1.1041
Epoch 482/1000, Train Loss: 9.6762, Validation Loss: 3.2845
Epoch 483/1000, Train Loss: 1.6303, Validation Loss: 2.4008
Epoch 484/1000, Train Loss: 0.8587, Validation Loss: 6.7575
Epoch 485/1000, Train Loss: 0.8057, Validation Loss: 2.5019
Epoch 486/1000, Train Loss: 0.8099, Validation Loss: 107.8484
Epoch 487/1000, Train Loss: 0.7719, Validation Loss: 4.2107
Epoch 488/1000, Train Loss: 294.6369, Validation Loss: 1.5817
Epoch 489/1000, Train Loss: 0.7752, Validation Loss: 4.0191
Epoch 490/1000, Train Loss: 0.7755, Validation Loss: 1.5502
Epoch 491/1000, Train Loss: 0.7600, Validation Loss: 2.1445
Epoch 492/1000, Train Loss: 0.7753, Validation Loss: 3.1041
Epoch 493/1000, Train Loss: 0.8045, Validation Loss: 2.6383
Epoch 494/1000, Train Loss: 1.3278, Validation Loss: 3.6398
Epoch 495/1000, Train Loss: 0.7610, Validation Loss: 5.1076
Epoch 496/1000, Train Loss: 0.8304, Validation Loss: 1.8694
Epoch 497/1000, Train Loss: 0.7689, Validation Loss: 2.1786
Epoch 498/1000, Train Loss: 2.2601, Validation Loss: 1.3515
Epoch 499/1000, Train Loss: 1.5343, Validation Loss: 1.8654
Epoch 500/1000, Train Loss: 0.8723, Validation Loss: 2.4079
Epoch 501/1000, Train Loss: 0.7550, Validation Loss: 1.0507
Epoch 502/1000, Train Loss: 0.7636, Validation Loss: 0.9282
Epoch 503/1000, Train Loss: 21.6545, Validation Loss: 4.5972
Epoch 504/1000, Train Loss: 0.7584, Validation Loss: 3.8658
Epoch 505/1000, Train Loss: 0.8168, Validation Loss: 3.1254
Epoch 506/1000, Train Loss: 0.7561, Validation Loss: 1.1398
Epoch 507/1000, Train Loss: 235.1980, Validation Loss: 6.0690
Epoch 508/1000, Train Loss: 6.0532, Validation Loss: 5.1076
Epoch 509/1000, Train Loss: 0.9518, Validation Loss: 1.4517
Epoch 510/1000, Train Loss: 1.1338, Validation Loss: 5.6245
Epoch 511/1000, Train Loss: 0.7881, Validation Loss: 3.3654
Epoch 512/1000, Train Loss: 1.2187, Validation Loss: 2.3139
Epoch 513/1000, Train Loss: 1.3129, Validation Loss: 2.0021
Epoch 514/1000, Train Loss: 0.7568, Validation Loss: 4.2473
Epoch 515/1000, Train Loss: 3.8644, Validation Loss: 2.3729
Epoch 516/1000, Train Loss: 3.9952, Validation Loss: 2.9817
Epoch 517/1000, Train Loss: 0.7699, Validation Loss: 3.6108
Epoch 518/1000, Train Loss: 4.2168, Validation Loss: 1.1399
Epoch 519/1000, Train Loss: 0.7760, Validation Loss: 1.2964
Epoch 520/1000, Train Loss: 0.8998, Validation Loss: 5.2151
Epoch 521/1000, Train Loss: 0.8114, Validation Loss: 1.8001
Epoch 522/1000, Train Loss: 0.9996, Validation Loss: 4.2227
Epoch 523/1000, Train Loss: 0.7795, Validation Loss: 5.0038
Epoch 524/1000, Train Loss: 1.1143, Validation Loss: 2.9572
Epoch 525/1000, Train Loss: 0.8601, Validation Loss: 1.7961
Epoch 526/1000, Train Loss: 36.9810, Validation Loss: 6.0797
Epoch 527/1000, Train Loss: 4.5527, Validation Loss: 7.0440
Epoch 528/1000, Train Loss: 5.1490, Validation Loss: 1.2516
Epoch 529/1000, Train Loss: 0.9031, Validation Loss: 3.2880
Epoch 530/1000, Train Loss: 74.6077, Validation Loss: 1.0823
Epoch 531/1000, Train Loss: 0.8631, Validation Loss: 2.2928
Epoch 532/1000, Train Loss: 1619.3045, Validation Loss: 3.0796
Epoch 533/1000, Train Loss: 2027.1819, Validation Loss: 5.3627
Epoch 534/1000, Train Loss: 1715.3761, Validation Loss: 1.3585
Epoch 535/1000, Train Loss: 0.8466, Validation Loss: 4.2501
Epoch 536/1000, Train Loss: 0.8275, Validation Loss: 3.0640
Epoch 537/1000, Train Loss: 2.1285, Validation Loss: 3.7494
Epoch 538/1000, Train Loss: 2.1548, Validation Loss: 2.6829
Epoch 539/1000, Train Loss: 0.8857, Validation Loss: 3.7921
Epoch 540/1000, Train Loss: 0.8802, Validation Loss: 4.0082
Epoch 541/1000, Train Loss: 8.4899, Validation Loss: 1.4692
Epoch 542/1000, Train Loss: 0.8469, Validation Loss: 2.3833
Epoch 543/1000, Train Loss: 14.7126, Validation Loss: 1.1384
Epoch 544/1000, Train Loss: 2.3349, Validation Loss: 1.5969
Epoch 545/1000, Train Loss: 0.9425, Validation Loss: 2.8297
Epoch 546/1000, Train Loss: 716.3927, Validation Loss: 2.0996
Epoch 547/1000, Train Loss: 0.8555, Validation Loss: 2.2711
Epoch 548/1000, Train Loss: 1.0766, Validation Loss: 2.4055
Epoch 549/1000, Train Loss: 0.8452, Validation Loss: 3.0160
Epoch 550/1000, Train Loss: 5.3022, Validation Loss: 3.5376
Epoch 551/1000, Train Loss: 0.8568, Validation Loss: 2.9699
Epoch 552/1000, Train Loss: 1.5979, Validation Loss: 3.6469
Epoch 553/1000, Train Loss: 1.3911, Validation Loss: 3.8993
Epoch 554/1000, Train Loss: 0.8171, Validation Loss: 5.1008
Epoch 555/1000, Train Loss: 7.8235, Validation Loss: 2.3306
Epoch 556/1000, Train Loss: 0.9058, Validation Loss: 2.4118
Epoch 557/1000, Train Loss: 0.8588, Validation Loss: 1.7294
Epoch 558/1000, Train Loss: 67055.2431, Validation Loss: 1.1621
Epoch 559/1000, Train Loss: 1.6095, Validation Loss: 2.3160
Epoch 560/1000, Train Loss: 0.8377, Validation Loss: 2.9665
Epoch 561/1000, Train Loss: 26.5196, Validation Loss: 2.1381
Epoch 562/1000, Train Loss: 0.8455, Validation Loss: 2.1340
Epoch 563/1000, Train Loss: 0.8448, Validation Loss: 1.0963
Epoch 564/1000, Train Loss: 2078.9111, Validation Loss: 3.9249
Epoch 565/1000, Train Loss: 170.6844, Validation Loss: 1.2107
Epoch 566/1000, Train Loss: 1.4808, Validation Loss: 1.3791
Epoch 567/1000, Train Loss: 1.6315, Validation Loss: 4.1499
Epoch 568/1000, Train Loss: 0.8671, Validation Loss: 6.3793
Epoch 569/1000, Train Loss: 1.1042, Validation Loss: 2.7820
Epoch 570/1000, Train Loss: 5.3752, Validation Loss: 2.5047
Epoch 571/1000, Train Loss: 0.8290, Validation Loss: 2.9706
Epoch 572/1000, Train Loss: 18.7734, Validation Loss: 1.4502
Epoch 573/1000, Train Loss: 0.8465, Validation Loss: 2.1769
Epoch 574/1000, Train Loss: 0.8640, Validation Loss: 1.8549
Epoch 575/1000, Train Loss: 853.8293, Validation Loss: 4.1149
Epoch 576/1000, Train Loss: 1.5792, Validation Loss: 1.4002
Epoch 577/1000, Train Loss: 0.8884, Validation Loss: 3.3863
Epoch 578/1000, Train Loss: 24.2565, Validation Loss: 2.5834
Epoch 579/1000, Train Loss: 8.3299, Validation Loss: 1.4376
Epoch 580/1000, Train Loss: 2.5909, Validation Loss: 2.2983
Epoch 581/1000, Train Loss: 0.8521, Validation Loss: 3.4305
Epoch 582/1000, Train Loss: 24.5722, Validation Loss: 4470.4284
Epoch 583/1000, Train Loss: 0.8095, Validation Loss: 3.2501
Epoch 584/1000, Train Loss: 37.4932, Validation Loss: 1.7509
Epoch 585/1000, Train Loss: 0.8722, Validation Loss: 4.7989
Epoch 586/1000, Train Loss: 2.6107, Validation Loss: 1.4714
Epoch 587/1000, Train Loss: 1.0367, Validation Loss: 2.6231
Epoch 588/1000, Train Loss: 0.8307, Validation Loss: 2.8346
Epoch 589/1000, Train Loss: 0.8159, Validation Loss: 2.1208
Epoch 590/1000, Train Loss: 2.8760, Validation Loss: 1.1358
Epoch 591/1000, Train Loss: 2.1681, Validation Loss: 3.1608
Epoch 592/1000, Train Loss: 72.6819, Validation Loss: 1.8337
Epoch 593/1000, Train Loss: 0.8377, Validation Loss: 1.0132
Epoch 594/1000, Train Loss: 0.8381, Validation Loss: 2.5659
Epoch 595/1000, Train Loss: 22.4344, Validation Loss: 6.0878
Epoch 596/1000, Train Loss: 50.1446, Validation Loss: 458076.4813
Epoch 597/1000, Train Loss: 920.6467, Validation Loss: 6.4330
Epoch 598/1000, Train Loss: 13.9901, Validation Loss: 11.9100
Epoch 599/1000, Train Loss: 2.2095, Validation Loss: 1.2747
Epoch 600/1000, Train Loss: 1.4412, Validation Loss: 2.9603
Epoch 601/1000, Train Loss: 1.3430, Validation Loss: 2.2875
Epoch 602/1000, Train Loss: 1.4424, Validation Loss: 1.2258
Epoch 603/1000, Train Loss: 1.2481, Validation Loss: 1.4105
Epoch 604/1000, Train Loss: 1.2372, Validation Loss: 2.8794
Epoch 605/1000, Train Loss: 1.1857, Validation Loss: 4.5567
Epoch 606/1000, Train Loss: 313.7824, Validation Loss: 5.5430
Epoch 607/1000, Train Loss: 1.3508, Validation Loss: 3.4150
Epoch 608/1000, Train Loss: 10.1965, Validation Loss: 3.5799
Epoch 609/1000, Train Loss: 21.3534, Validation Loss: 1.1405
Epoch 610/1000, Train Loss: 1.0874, Validation Loss: 1.6793
Epoch 611/1000, Train Loss: 136.3694, Validation Loss: 1.3071
Epoch 612/1000, Train Loss: 1.0956, Validation Loss: 1.4918
Epoch 613/1000, Train Loss: 1.0210, Validation Loss: 2631.6159
Epoch 614/1000, Train Loss: 1.0970, Validation Loss: 1.8196
Epoch 615/1000, Train Loss: 1.2122, Validation Loss: 2.7042
Epoch 616/1000, Train Loss: 0.9786, Validation Loss: 5.6316
Epoch 617/1000, Train Loss: 4.3288, Validation Loss: 75.7480
Epoch 618/1000, Train Loss: 1.0715, Validation Loss: 2.6242
Epoch 619/1000, Train Loss: 0.9343, Validation Loss: 2.7950
Epoch 620/1000, Train Loss: 0.9319, Validation Loss: 1.0717
Epoch 621/1000, Train Loss: 1.2058, Validation Loss: 3.7688
Epoch 622/1000, Train Loss: 0.9091, Validation Loss: 2.3879
Epoch 623/1000, Train Loss: 0.8994, Validation Loss: 3.4796
Epoch 624/1000, Train Loss: 79.9041, Validation Loss: 2.0691
Epoch 625/1000, Train Loss: 0.9642, Validation Loss: 2.4163
Epoch 626/1000, Train Loss: 0.8893, Validation Loss: 1.6970
Epoch 627/1000, Train Loss: 2.0461, Validation Loss: 2.1245
Epoch 628/1000, Train Loss: 0.8900, Validation Loss: 4.5527
Epoch 629/1000, Train Loss: 0.9000, Validation Loss: 2.8919
Epoch 630/1000, Train Loss: 1.0198, Validation Loss: 4.1958
Epoch 631/1000, Train Loss: 1.1089, Validation Loss: 2.6738
Epoch 632/1000, Train Loss: 6.3485, Validation Loss: 2.0601
Epoch 633/1000, Train Loss: 3.9893, Validation Loss: 3.8319
Epoch 634/1000, Train Loss: 0.8812, Validation Loss: 2.4714
Epoch 635/1000, Train Loss: 1.5133, Validation Loss: 2.9349
Epoch 636/1000, Train Loss: 0.9314, Validation Loss: 0.7599
Epoch 637/1000, Train Loss: 3.0776, Validation Loss: 4.3104
Epoch 638/1000, Train Loss: 1.5403, Validation Loss: 4.4812
Epoch 639/1000, Train Loss: 0.8551, Validation Loss: 2.2524
Epoch 640/1000, Train Loss: 0.8820, Validation Loss: 2.6981
Epoch 641/1000, Train Loss: 0.8857, Validation Loss: 2.6646
Epoch 642/1000, Train Loss: 0.9313, Validation Loss: 0.7765
Epoch 643/1000, Train Loss: 0.8740, Validation Loss: 3.4775
Epoch 644/1000, Train Loss: 0.8699, Validation Loss: 4.8068
Epoch 645/1000, Train Loss: 0.8579, Validation Loss: 2.6804
Epoch 646/1000, Train Loss: 3.5939, Validation Loss: 1.1719
Epoch 647/1000, Train Loss: 0.8342, Validation Loss: 1.5738
Epoch 648/1000, Train Loss: 1.0272, Validation Loss: 1.3044
Epoch 649/1000, Train Loss: 0.8312, Validation Loss: 3.1611
Epoch 650/1000, Train Loss: 0.8607, Validation Loss: 2.4203
Epoch 651/1000, Train Loss: 0.8224, Validation Loss: 0.9490
Epoch 652/1000, Train Loss: 1.3562, Validation Loss: 2.9831
Epoch 653/1000, Train Loss: 0.8567, Validation Loss: 1.2352
Epoch 654/1000, Train Loss: 0.8873, Validation Loss: 0.9356
Epoch 655/1000, Train Loss: 0.8469, Validation Loss: 2.1831
Epoch 656/1000, Train Loss: 1.1918, Validation Loss: 4.0561
Epoch 657/1000, Train Loss: 0.8303, Validation Loss: 1.8447
Epoch 658/1000, Train Loss: 1.1244, Validation Loss: 1.9034
Epoch 659/1000, Train Loss: 0.8170, Validation Loss: 6.4316
Epoch 660/1000, Train Loss: 1.0292, Validation Loss: 1.4941
Epoch 661/1000, Train Loss: 0.8460, Validation Loss: 1.5255
Epoch 662/1000, Train Loss: 0.8265, Validation Loss: 1.1975
Epoch 663/1000, Train Loss: 3.8090, Validation Loss: 1.7268
Epoch 664/1000, Train Loss: 0.8552, Validation Loss: 2.4869
Epoch 665/1000, Train Loss: 0.8284, Validation Loss: 1.9532
Epoch 666/1000, Train Loss: 34.2951, Validation Loss: 2.6563
Epoch 667/1000, Train Loss: 0.8767, Validation Loss: 1.0880
Epoch 668/1000, Train Loss: 0.8357, Validation Loss: 3.7036
Epoch 669/1000, Train Loss: 0.8873, Validation Loss: 1.8050
Epoch 670/1000, Train Loss: 1.9794, Validation Loss: 3.6606
Epoch 671/1000, Train Loss: 0.8483, Validation Loss: 1.7296
Epoch 672/1000, Train Loss: 0.8274, Validation Loss: 3.0126
Epoch 673/1000, Train Loss: 20.6844, Validation Loss: 5.6991
Epoch 674/1000, Train Loss: 0.8252, Validation Loss: 6.9318
Epoch 675/1000, Train Loss: 0.9161, Validation Loss: 2.4766
Epoch 676/1000, Train Loss: 0.8954, Validation Loss: 0.9420
Epoch 677/1000, Train Loss: 2.2476, Validation Loss: 1.0648
Epoch 678/1000, Train Loss: 3.6118, Validation Loss: 3.3548
Epoch 679/1000, Train Loss: 0.8183, Validation Loss: 1.1176
Epoch 680/1000, Train Loss: 0.8061, Validation Loss: 4.5958
Epoch 681/1000, Train Loss: 18.5854, Validation Loss: 0.9501
Epoch 682/1000, Train Loss: 0.8140, Validation Loss: 5.8720
Epoch 683/1000, Train Loss: 0.8455, Validation Loss: 2.9479
Epoch 684/1000, Train Loss: 0.8179, Validation Loss: 4.1137
Epoch 685/1000, Train Loss: 0.9680, Validation Loss: 2.3422
Epoch 686/1000, Train Loss: 2.3818, Validation Loss: 2.3998
Epoch 687/1000, Train Loss: 1.3573, Validation Loss: 3.6115
Epoch 688/1000, Train Loss: 0.8284, Validation Loss: 3.3166
Epoch 689/1000, Train Loss: 5.6638, Validation Loss: 0.9054
Epoch 690/1000, Train Loss: 0.8022, Validation Loss: 2.1165
Epoch 691/1000, Train Loss: 0.7992, Validation Loss: 2.1092
Epoch 692/1000, Train Loss: 1.3230, Validation Loss: 1.4001
Epoch 693/1000, Train Loss: 0.8641, Validation Loss: 2.8500
Epoch 694/1000, Train Loss: 1.0703, Validation Loss: 2.2523
Epoch 695/1000, Train Loss: 1.6245, Validation Loss: 1.9205
Epoch 696/1000, Train Loss: 0.9678, Validation Loss: 3.7729
Epoch 697/1000, Train Loss: 1.2236, Validation Loss: 3.9621
Epoch 698/1000, Train Loss: 0.7922, Validation Loss: 1.7980
Epoch 699/1000, Train Loss: 9.5775, Validation Loss: 8.7933
Epoch 700/1000, Train Loss: 0.8035, Validation Loss: 0.9177
Epoch 701/1000, Train Loss: 0.9806, Validation Loss: 3.2149
Epoch 702/1000, Train Loss: 0.8315, Validation Loss: 3.2264
Epoch 703/1000, Train Loss: 0.7975, Validation Loss: 3.4059
Epoch 704/1000, Train Loss: 13.1587, Validation Loss: 1.9957
Epoch 705/1000, Train Loss: 0.8141, Validation Loss: 7.3561
Epoch 706/1000, Train Loss: 36.4780, Validation Loss: 1.1500
Epoch 707/1000, Train Loss: 1.0671, Validation Loss: 3395.0610
Epoch 708/1000, Train Loss: 0.8505, Validation Loss: 2.3956
Epoch 709/1000, Train Loss: 1.2532, Validation Loss: 2.2363
Epoch 710/1000, Train Loss: 0.8006, Validation Loss: 3.6144
Epoch 711/1000, Train Loss: 0.8017, Validation Loss: 1.7387
Epoch 712/1000, Train Loss: 2.0752, Validation Loss: 4.8130
Epoch 713/1000, Train Loss: 0.9488, Validation Loss: 2.7161
Epoch 714/1000, Train Loss: 0.7971, Validation Loss: 1.2782
Epoch 715/1000, Train Loss: 39.9621, Validation Loss: 4.7290
Epoch 716/1000, Train Loss: 0.8453, Validation Loss: 0.6936
Epoch 717/1000, Train Loss: 1.5294, Validation Loss: 3.5541
Epoch 718/1000, Train Loss: 0.8218, Validation Loss: 1.8865
Epoch 719/1000, Train Loss: 1.1294, Validation Loss: 4.8513
Epoch 720/1000, Train Loss: 0.7826, Validation Loss: 3.8257
Epoch 721/1000, Train Loss: 1.1143, Validation Loss: 5.0361
Epoch 722/1000, Train Loss: 0.8496, Validation Loss: 4.7954
Epoch 723/1000, Train Loss: 0.8232, Validation Loss: 8.3636
Epoch 724/1000, Train Loss: 3.5764, Validation Loss: 1.7583
Epoch 725/1000, Train Loss: 0.8118, Validation Loss: 5.5475
Epoch 726/1000, Train Loss: 0.7981, Validation Loss: 2.7297
Epoch 727/1000, Train Loss: 2341.3348, Validation Loss: 2.9572
Epoch 728/1000, Train Loss: 0.7959, Validation Loss: 1.0945
Epoch 729/1000, Train Loss: 5.8196, Validation Loss: 1.2893
Epoch 730/1000, Train Loss: 0.8043, Validation Loss: 1.4566
Epoch 731/1000, Train Loss: 0.7966, Validation Loss: 3.1010
Epoch 732/1000, Train Loss: 0.9343, Validation Loss: 4.9478
Epoch 733/1000, Train Loss: 9.2095, Validation Loss: 1.6798
Epoch 734/1000, Train Loss: 0.7837, Validation Loss: 3.0612
Epoch 735/1000, Train Loss: 20.3095, Validation Loss: 1.2790
Epoch 736/1000, Train Loss: 0.7928, Validation Loss: 3.8633
Epoch 737/1000, Train Loss: 1.3380, Validation Loss: 3.6476
Epoch 738/1000, Train Loss: 2.3502, Validation Loss: 3.5654
Epoch 739/1000, Train Loss: 0.8146, Validation Loss: 1.0514
Epoch 740/1000, Train Loss: 0.9554, Validation Loss: 1.0493
Epoch 741/1000, Train Loss: 0.8192, Validation Loss: 4.0950
Epoch 742/1000, Train Loss: 2.8926, Validation Loss: 5.7876
Epoch 743/1000, Train Loss: 2.0499, Validation Loss: 5.6440
Epoch 744/1000, Train Loss: 0.8290, Validation Loss: 4.7652
Epoch 745/1000, Train Loss: 0.8140, Validation Loss: 1.2255
Epoch 746/1000, Train Loss: 0.9105, Validation Loss: 1.7570
Epoch 747/1000, Train Loss: 1.1044, Validation Loss: 2.1464
Epoch 748/1000, Train Loss: 0.8231, Validation Loss: 3.0846
Epoch 749/1000, Train Loss: 1.0045, Validation Loss: 1.0374
Epoch 750/1000, Train Loss: 0.8014, Validation Loss: 2.7384
Epoch 751/1000, Train Loss: 0.8141, Validation Loss: 4.3197
Epoch 752/1000, Train Loss: 0.8128, Validation Loss: 1.2393
Epoch 753/1000, Train Loss: 244.2680, Validation Loss: 5.6337
Epoch 754/1000, Train Loss: 0.8123, Validation Loss: 1.5635
Epoch 755/1000, Train Loss: 0.8985, Validation Loss: 1.7017
Epoch 756/1000, Train Loss: 0.8079, Validation Loss: 2.8435
Epoch 757/1000, Train Loss: 1.0506, Validation Loss: 2.7042
Epoch 758/1000, Train Loss: 0.8041, Validation Loss: 2.3639
Epoch 759/1000, Train Loss: 12.9909, Validation Loss: 1.6300
Epoch 760/1000, Train Loss: 0.8184, Validation Loss: 4.7629
Epoch 761/1000, Train Loss: 9.5330, Validation Loss: 1.0051
Epoch 762/1000, Train Loss: 0.7966, Validation Loss: 1.0291
Epoch 763/1000, Train Loss: 0.8256, Validation Loss: 7.1517
Epoch 764/1000, Train Loss: 17.6720, Validation Loss: 3.2192
Epoch 765/1000, Train Loss: 0.7965, Validation Loss: 6.7134
Epoch 766/1000, Train Loss: 12.4310, Validation Loss: 5.0326
Epoch 767/1000, Train Loss: 0.7889, Validation Loss: 4.1291
Epoch 768/1000, Train Loss: 0.8247, Validation Loss: 6.8345
Epoch 769/1000, Train Loss: 0.7581, Validation Loss: 4.7793
Epoch 770/1000, Train Loss: 1.7873, Validation Loss: 3.4864
Epoch 771/1000, Train Loss: 0.8147, Validation Loss: 1.6411
Epoch 772/1000, Train Loss: 0.9892, Validation Loss: 6.0231
Epoch 773/1000, Train Loss: 0.7734, Validation Loss: 2.4760
Epoch 774/1000, Train Loss: 0.7760, Validation Loss: 0.7312
Epoch 775/1000, Train Loss: 4.8125, Validation Loss: 4.6157
Epoch 776/1000, Train Loss: 0.8261, Validation Loss: 3.8580
Epoch 777/1000, Train Loss: 0.8083, Validation Loss: 0.8933
Epoch 778/1000, Train Loss: 1.4294, Validation Loss: 1.0471
Epoch 779/1000, Train Loss: 0.7877, Validation Loss: 2.3040
Epoch 780/1000, Train Loss: 0.8376, Validation Loss: 5.5309
Epoch 781/1000, Train Loss: 0.8296, Validation Loss: 1.3156
Epoch 782/1000, Train Loss: 0.8036, Validation Loss: 1.2858
Epoch 783/1000, Train Loss: 0.7936, Validation Loss: 1.5620
Epoch 784/1000, Train Loss: 0.9098, Validation Loss: 4.0360
Epoch 785/1000, Train Loss: 0.8354, Validation Loss: 2.8781
Epoch 786/1000, Train Loss: 0.8086, Validation Loss: 7.1216
Epoch 787/1000, Train Loss: 41.0358, Validation Loss: 9.3827
Epoch 788/1000, Train Loss: 0.7709, Validation Loss: 4.6838
Epoch 789/1000, Train Loss: 1.0276, Validation Loss: 4.7862
Epoch 790/1000, Train Loss: 0.7837, Validation Loss: 2.8597
Epoch 791/1000, Train Loss: 0.8199, Validation Loss: 1.0497
Epoch 792/1000, Train Loss: 0.8471, Validation Loss: 6.4518
Epoch 793/1000, Train Loss: 0.7756, Validation Loss: 2.1420
Epoch 794/1000, Train Loss: 0.7701, Validation Loss: 4.7431
Epoch 795/1000, Train Loss: 2.8895, Validation Loss: 2.3791
Epoch 796/1000, Train Loss: 0.7933, Validation Loss: 1.2722
Epoch 797/1000, Train Loss: 38.1951, Validation Loss: 1.2185
Epoch 798/1000, Train Loss: 0.8491, Validation Loss: 4.9211
Epoch 799/1000, Train Loss: 0.7969, Validation Loss: 3.1420
Epoch 800/1000, Train Loss: 3759.5105, Validation Loss: 3.4391
Epoch 801/1000, Train Loss: 11.4113, Validation Loss: 1.8587
Epoch 802/1000, Train Loss: 1.5921, Validation Loss: 1.2879
Epoch 803/1000, Train Loss: 0.8256, Validation Loss: 4.8419
Epoch 804/1000, Train Loss: 1.0857, Validation Loss: 3.0129
Epoch 805/1000, Train Loss: 0.9871, Validation Loss: 3.7573
Epoch 806/1000, Train Loss: 0.8751, Validation Loss: 8.6888
Epoch 807/1000, Train Loss: 0.8269, Validation Loss: 0.8712
Epoch 808/1000, Train Loss: 253.0629, Validation Loss: 12784.6189
Epoch 809/1000, Train Loss: 0.9973, Validation Loss: 4.0219
Epoch 810/1000, Train Loss: 0.8295, Validation Loss: 1.0310
Epoch 811/1000, Train Loss: 0.8434, Validation Loss: 1.6938
Epoch 812/1000, Train Loss: 0.9190, Validation Loss: 1.0366
Epoch 813/1000, Train Loss: 0.8193, Validation Loss: 2.5218
Epoch 814/1000, Train Loss: 0.8010, Validation Loss: 1.0671
Epoch 815/1000, Train Loss: 591.7940, Validation Loss: 6.0716
Epoch 816/1000, Train Loss: 3.2504, Validation Loss: 1.3613
Epoch 817/1000, Train Loss: 0.8772, Validation Loss: 0.9227
Epoch 818/1000, Train Loss: 1.0842, Validation Loss: 1.3227
Epoch 819/1000, Train Loss: 0.8046, Validation Loss: 5.6822
Epoch 820/1000, Train Loss: 0.8708, Validation Loss: 3.2207
Epoch 821/1000, Train Loss: 0.8133, Validation Loss: 2.2125
Epoch 822/1000, Train Loss: 0.7646, Validation Loss: 0.9783
Epoch 823/1000, Train Loss: 2.3512, Validation Loss: 4.1789
Epoch 824/1000, Train Loss: 0.8141, Validation Loss: 1.3222
Epoch 825/1000, Train Loss: 1.2277, Validation Loss: 0.9459
Epoch 826/1000, Train Loss: 0.7813, Validation Loss: 3.7056
Epoch 827/1000, Train Loss: 7.6419, Validation Loss: 2.9075
Epoch 828/1000, Train Loss: 1.2191, Validation Loss: 1.8530
Epoch 829/1000, Train Loss: 0.7741, Validation Loss: 3.0156
Epoch 830/1000, Train Loss: 3.7894, Validation Loss: 8.3235
Epoch 831/1000, Train Loss: 0.8505, Validation Loss: 1.7851
Epoch 832/1000, Train Loss: 4.3612, Validation Loss: 1.7853
Epoch 833/1000, Train Loss: 0.8100, Validation Loss: 2.1062
Epoch 834/1000, Train Loss: 0.8159, Validation Loss: 0.8632
Epoch 835/1000, Train Loss: 0.7682, Validation Loss: 0.8540
Epoch 836/1000, Train Loss: 7.8733, Validation Loss: 1.6369
Epoch 837/1000, Train Loss: 0.8337, Validation Loss: 3.9027
Epoch 838/1000, Train Loss: 0.7657, Validation Loss: 4.7086
Epoch 839/1000, Train Loss: 1.1174, Validation Loss: 5.9323
Epoch 840/1000, Train Loss: 1.2984, Validation Loss: 3.1024
Epoch 841/1000, Train Loss: 0.8197, Validation Loss: 1.1502
Epoch 842/1000, Train Loss: 1.5611, Validation Loss: 2.2902
Epoch 843/1000, Train Loss: 0.7941, Validation Loss: 3.8231
Epoch 844/1000, Train Loss: 0.7698, Validation Loss: 0.8591
Epoch 845/1000, Train Loss: 8.2237, Validation Loss: 2.2251
Epoch 846/1000, Train Loss: 0.8447, Validation Loss: 3.7154
Epoch 847/1000, Train Loss: 23.9773, Validation Loss: 5.2119
Epoch 848/1000, Train Loss: 0.8330, Validation Loss: 2.0694
Epoch 849/1000, Train Loss: 171.7620, Validation Loss: 2.7778
Epoch 850/1000, Train Loss: 0.7853, Validation Loss: 1.9008
Epoch 851/1000, Train Loss: 0.7697, Validation Loss: 2.7643
Epoch 852/1000, Train Loss: 0.9520, Validation Loss: 1.3835
Epoch 853/1000, Train Loss: 0.8245, Validation Loss: 8.8400
Epoch 854/1000, Train Loss: 0.7713, Validation Loss: 6.1931
Epoch 855/1000, Train Loss: 55.3614, Validation Loss: 2.5959
Epoch 856/1000, Train Loss: 0.7970, Validation Loss: 2.2739
Epoch 857/1000, Train Loss: 0.7700, Validation Loss: 5.2153
Epoch 858/1000, Train Loss: 0.8522, Validation Loss: 6.6399
Epoch 859/1000, Train Loss: 1.5397, Validation Loss: 1.8223
Epoch 860/1000, Train Loss: 0.7964, Validation Loss: 1.0849
Epoch 861/1000, Train Loss: 0.8460, Validation Loss: 0.9350
Epoch 862/1000, Train Loss: 0.9694, Validation Loss: 4.6856
Epoch 863/1000, Train Loss: 0.7814, Validation Loss: 2.0003
Epoch 864/1000, Train Loss: 124.5613, Validation Loss: 2.0234
Epoch 865/1000, Train Loss: 0.7799, Validation Loss: 2.9873
Epoch 866/1000, Train Loss: 1.8532, Validation Loss: 1.7721
Epoch 867/1000, Train Loss: 0.7864, Validation Loss: 1.1904
Epoch 868/1000, Train Loss: 0.9401, Validation Loss: 1.5532
Epoch 869/1000, Train Loss: 0.7778, Validation Loss: 0.9455
Epoch 870/1000, Train Loss: 36.9680, Validation Loss: 0.8332
Epoch 871/1000, Train Loss: 0.8532, Validation Loss: 1.3737
Epoch 872/1000, Train Loss: 0.7868, Validation Loss: 11.2480
Epoch 873/1000, Train Loss: 1.3950, Validation Loss: 1.0449
Epoch 874/1000, Train Loss: 0.7749, Validation Loss: 1.4468
Epoch 875/1000, Train Loss: 16.1953, Validation Loss: 1.6139
Epoch 876/1000, Train Loss: 0.8667, Validation Loss: 2.9967
Epoch 877/1000, Train Loss: 3.6014, Validation Loss: 3.3478
Epoch 878/1000, Train Loss: 0.8230, Validation Loss: 2.2259
Epoch 879/1000, Train Loss: 0.7861, Validation Loss: 2.0740
Epoch 880/1000, Train Loss: 0.8771, Validation Loss: 1.5505
Epoch 881/1000, Train Loss: 0.8165, Validation Loss: 3.0301
Epoch 882/1000, Train Loss: 3.9656, Validation Loss: 3.1052
Epoch 883/1000, Train Loss: 0.8204, Validation Loss: 2.6835
Epoch 884/1000, Train Loss: 60.0019, Validation Loss: 1.7803
Epoch 885/1000, Train Loss: 1.8135, Validation Loss: 3.0025
Epoch 886/1000, Train Loss: 0.7676, Validation Loss: 1.8276
Epoch 887/1000, Train Loss: 0.7816, Validation Loss: 1.5519
Epoch 888/1000, Train Loss: 1.3718, Validation Loss: 3.8923
Epoch 889/1000, Train Loss: 2.4719, Validation Loss: 3.8066
Epoch 890/1000, Train Loss: 0.7594, Validation Loss: 3.6847
Epoch 891/1000, Train Loss: 70.0056, Validation Loss: 1.7656
Epoch 892/1000, Train Loss: 0.7916, Validation Loss: 2.1852
Epoch 893/1000, Train Loss: 0.8184, Validation Loss: 2.4087
Epoch 894/1000, Train Loss: 0.8837, Validation Loss: 5.6234
Epoch 895/1000, Train Loss: 1.0006, Validation Loss: 6.4049
Epoch 896/1000, Train Loss: 0.7610, Validation Loss: 9.0597
Epoch 897/1000, Train Loss: 0.9325, Validation Loss: 5.1786
Epoch 898/1000, Train Loss: 1.6125, Validation Loss: 5.5620
Epoch 899/1000, Train Loss: 0.8883, Validation Loss: 1.1778
Epoch 900/1000, Train Loss: 0.8625, Validation Loss: 4.5384
Epoch 901/1000, Train Loss: 0.8589, Validation Loss: 5.1358
Epoch 902/1000, Train Loss: 0.8185, Validation Loss: 5.0840
Epoch 903/1000, Train Loss: 2092.3112, Validation Loss: 163.2944
Epoch 904/1000, Train Loss: 162.1690, Validation Loss: 2.7678
Epoch 905/1000, Train Loss: 0.7726, Validation Loss: 1.6986
Epoch 906/1000, Train Loss: 1.0259, Validation Loss: 1.9392
Epoch 907/1000, Train Loss: 0.7726, Validation Loss: 1.6899
Epoch 908/1000, Train Loss: 92.4095, Validation Loss: 2.1859
Epoch 909/1000, Train Loss: 0.7873, Validation Loss: 1.4154
Epoch 910/1000, Train Loss: 0.8284, Validation Loss: 1.1536
Epoch 911/1000, Train Loss: 0.8593, Validation Loss: 2.0072
Epoch 912/1000, Train Loss: 0.7844, Validation Loss: 2.3857
Epoch 913/1000, Train Loss: 105.3086, Validation Loss: 2.2186
Epoch 914/1000, Train Loss: 0.7823, Validation Loss: 8.1608
Epoch 915/1000, Train Loss: 60.3731, Validation Loss: 1.0061
Epoch 916/1000, Train Loss: 0.7702, Validation Loss: 1.8301
Epoch 917/1000, Train Loss: 26118.7476, Validation Loss: 1.8310
Epoch 918/1000, Train Loss: 1.1229, Validation Loss: 5.3856
Epoch 919/1000, Train Loss: 0.8268, Validation Loss: 3.7192
Epoch 920/1000, Train Loss: 0.8013, Validation Loss: 3.2031
Epoch 921/1000, Train Loss: 0.8085, Validation Loss: 1.2810
Epoch 922/1000, Train Loss: 0.7794, Validation Loss: 6.0311
Epoch 923/1000, Train Loss: 1.4876, Validation Loss: 5.1038
Epoch 924/1000, Train Loss: 0.7882, Validation Loss: 5.3602
Epoch 925/1000, Train Loss: 0.9138, Validation Loss: 1.6873
Epoch 926/1000, Train Loss: 0.8424, Validation Loss: 10.1119
Epoch 927/1000, Train Loss: 0.8021, Validation Loss: 2.1064
Epoch 928/1000, Train Loss: 3.9274, Validation Loss: 1.3321
Epoch 929/1000, Train Loss: 0.7827, Validation Loss: 4.7077
Epoch 930/1000, Train Loss: 0.7816, Validation Loss: 2.6338
Epoch 931/1000, Train Loss: 12.6457, Validation Loss: 6.1038
Epoch 932/1000, Train Loss: 2.3997, Validation Loss: 1.5480
Epoch 933/1000, Train Loss: 0.8660, Validation Loss: 1.0433
Epoch 934/1000, Train Loss: 1.1385, Validation Loss: 6.8932
Epoch 935/1000, Train Loss: 0.7922, Validation Loss: 2.7042
Epoch 936/1000, Train Loss: 0.7718, Validation Loss: 2.7215
Epoch 937/1000, Train Loss: 1.1753, Validation Loss: 2.2133
Epoch 938/1000, Train Loss: 0.8649, Validation Loss: 1.3425
Epoch 939/1000, Train Loss: 0.7791, Validation Loss: 2.5123
Epoch 940/1000, Train Loss: 0.9417, Validation Loss: 3.4209
Epoch 941/1000, Train Loss: 1.1524, Validation Loss: 3.8224
Epoch 942/1000, Train Loss: 0.8284, Validation Loss: 2.8707
Epoch 943/1000, Train Loss: 0.7746, Validation Loss: 5.3537
Epoch 944/1000, Train Loss: 6.4683, Validation Loss: 6.1020
Epoch 945/1000, Train Loss: 2.7913, Validation Loss: 10.9523
Epoch 946/1000, Train Loss: 0.9958, Validation Loss: 1.7026
Epoch 947/1000, Train Loss: 0.9528, Validation Loss: 1.5775
Epoch 948/1000, Train Loss: 0.8872, Validation Loss: 2.0080
Epoch 949/1000, Train Loss: 3.1272, Validation Loss: 2.3086
Epoch 950/1000, Train Loss: 1.1868, Validation Loss: 4.1648
Epoch 951/1000, Train Loss: 0.8470, Validation Loss: 1.3629
Epoch 952/1000, Train Loss: 0.9127, Validation Loss: 0.7788
Epoch 953/1000, Train Loss: 0.8047, Validation Loss: 1.8410
Epoch 954/1000, Train Loss: 23.3482, Validation Loss: 1.5430
Epoch 955/1000, Train Loss: 25.4882, Validation Loss: 3.1180
Epoch 956/1000, Train Loss: 6.4599, Validation Loss: 3.0171
Epoch 957/1000, Train Loss: 0.8179, Validation Loss: 1.2448
Epoch 958/1000, Train Loss: 1.0816, Validation Loss: 3.0372
Epoch 959/1000, Train Loss: 0.8247, Validation Loss: 4.3233
Epoch 960/1000, Train Loss: 309.2822, Validation Loss: 0.9005
Epoch 961/1000, Train Loss: 0.7710, Validation Loss: 3.8472
Epoch 962/1000, Train Loss: 0.8574, Validation Loss: 5.1759
Epoch 963/1000, Train Loss: 0.8012, Validation Loss: 1.2400
Epoch 964/1000, Train Loss: 0.7805, Validation Loss: 1.6315
Epoch 965/1000, Train Loss: 0.8767, Validation Loss: 3.4722
Epoch 966/1000, Train Loss: 0.7535, Validation Loss: 7.1384
Epoch 967/1000, Train Loss: 4.3507, Validation Loss: 1.9717
Epoch 968/1000, Train Loss: 1.5433, Validation Loss: 4.2491
Epoch 969/1000, Train Loss: 0.8090, Validation Loss: 2.1768
Epoch 970/1000, Train Loss: 0.7692, Validation Loss: 2.4714
Epoch 971/1000, Train Loss: 187.9823, Validation Loss: 3.1181
Epoch 972/1000, Train Loss: 0.8425, Validation Loss: 1.9797
Epoch 973/1000, Train Loss: 1.4820, Validation Loss: 3.9986
Epoch 974/1000, Train Loss: 0.7868, Validation Loss: 2.6386
Epoch 975/1000, Train Loss: 0.8570, Validation Loss: 5.3317
Epoch 976/1000, Train Loss: 0.8663, Validation Loss: 1.3307
Epoch 977/1000, Train Loss: 2.3307, Validation Loss: 3.3459
Epoch 978/1000, Train Loss: 0.8493, Validation Loss: 1.6713
Epoch 979/1000, Train Loss: 0.8033, Validation Loss: 2.9322
Epoch 980/1000, Train Loss: 0.8019, Validation Loss: 1.5095
Epoch 981/1000, Train Loss: 0.9741, Validation Loss: 2.0876
Epoch 982/1000, Train Loss: 2.0020, Validation Loss: 7.2411
Epoch 983/1000, Train Loss: 2.9080, Validation Loss: 2.4771
Epoch 984/1000, Train Loss: 0.8257, Validation Loss: 1.2124
Epoch 985/1000, Train Loss: 0.7749, Validation Loss: 6.4443
Epoch 986/1000, Train Loss: 0.9013, Validation Loss: 5.8033
Epoch 987/1000, Train Loss: 0.8352, Validation Loss: 3.3963
Epoch 988/1000, Train Loss: 0.7744, Validation Loss: 1.5917
Epoch 989/1000, Train Loss: 32.3963, Validation Loss: 1.2158
Epoch 990/1000, Train Loss: 0.7562, Validation Loss: 1.7937
Epoch 991/1000, Train Loss: 9.4373, Validation Loss: 3.5187
Epoch 992/1000, Train Loss: 0.8738, Validation Loss: 4.3111
Epoch 993/1000, Train Loss: 0.7791, Validation Loss: 7.2196
Epoch 994/1000, Train Loss: 24.9237, Validation Loss: 3.4082
Epoch 995/1000, Train Loss: 0.8027, Validation Loss: 7.1888
Epoch 996/1000, Train Loss: 0.8629, Validation Loss: 2.4905
Epoch 997/1000, Train Loss: 1.8294, Validation Loss: 1.5272
Epoch 998/1000, Train Loss: 0.7803, Validation Loss: 4.1583
Epoch 999/1000, Train Loss: 41.0607, Validation Loss: 2.5662
Epoch 1000/1000, Train Loss: 1.2784, Validation Loss: 2.7799
Best Training Loss: 0.7455
Best Training Loss Epoch: 368
Best Validation Loss: 0.6898
Best Validation Loss Epoch: 213
Time taken for training: 1-01:44:49
Test Loss: 0.7203
Test MAPE: 84070.9219%
Error Statistics:
count     41272.000000
mean        586.168701
std        9499.958984
min           0.000008
25%           0.145736
50%           2.066804
75%          30.450020
max      925030.625000
Name: Absolute Error, dtype: float64
Training complete. Final model saved.
Saving model as a wandb Artifact...
Model artifact logged successfully.
[1;34mwandb[0m: 
[1;34mwandb[0m: 🚀 View run [33mstilted-sweep-99[0m at: [34mhttps://wandb.ai/mk8737-new-york-university/rl_pretrain_hp_sweeps/runs/ga3stc8o[0m
[1;34mwandb[0m: Find logs at: [1;35mwandb/run-20251006_144037-ga3stc8o/logs[0m
Agent finished.
