Waiting for sweep ID...
Found Sweep ID: be12np04
Starting wandb agent for sweep be12np04...
TRAINING DEVICE: cpu
Run Name: GCN_global_hp_sweep_be12np04-ot7syz9b
finidhed preparing data
Loading dataset from pretrain_dataset_12.5k_fixed_duplicates.pkl
Loaded 412712 data objects.
finished preparing data
Epoch 1/1000, Train Loss: 3.2342, Validation Loss: 4.1304
Epoch 2/1000, Train Loss: 1.5105, Validation Loss: 3.8160
Epoch 3/1000, Train Loss: 1.3003, Validation Loss: 1.3383
Epoch 4/1000, Train Loss: 1.2028, Validation Loss: 2.4246
Epoch 5/1000, Train Loss: 1.0915, Validation Loss: 2.4891
Epoch 6/1000, Train Loss: 1.0719, Validation Loss: 1.2239
Epoch 7/1000, Train Loss: 1.0557, Validation Loss: 3.5015
Epoch 8/1000, Train Loss: 1.0417, Validation Loss: 0.9672
Epoch 9/1000, Train Loss: 1.0116, Validation Loss: 1.2173
Epoch 10/1000, Train Loss: 0.9629, Validation Loss: 0.9945
Epoch 11/1000, Train Loss: 0.9600, Validation Loss: 2.2673
Epoch 12/1000, Train Loss: 1.0468, Validation Loss: 1.1610
Epoch 13/1000, Train Loss: 0.9210, Validation Loss: 22.7714
Epoch 14/1000, Train Loss: 0.8882, Validation Loss: 1.2725
Epoch 15/1000, Train Loss: 0.8702, Validation Loss: 1.0709
Epoch 16/1000, Train Loss: 0.8674, Validation Loss: 0.8384
Epoch 17/1000, Train Loss: 0.8791, Validation Loss: 2.9737
Epoch 18/1000, Train Loss: 0.8552, Validation Loss: 5.4509
Epoch 19/1000, Train Loss: 0.8406, Validation Loss: 3.0729
Epoch 20/1000, Train Loss: 0.8358, Validation Loss: 2.7300
Epoch 21/1000, Train Loss: 0.8479, Validation Loss: 3.4653
Epoch 22/1000, Train Loss: 0.8577, Validation Loss: 1.2465
Epoch 23/1000, Train Loss: 0.8706, Validation Loss: 1.0148
Epoch 24/1000, Train Loss: 0.8128, Validation Loss: 1.0364
Epoch 25/1000, Train Loss: 0.8113, Validation Loss: 0.9402
Epoch 26/1000, Train Loss: 0.8163, Validation Loss: 2.3880
Epoch 27/1000, Train Loss: 0.8216, Validation Loss: 4.3894
Epoch 28/1000, Train Loss: 0.8086, Validation Loss: 3.4318
Epoch 29/1000, Train Loss: 0.7820, Validation Loss: 1.0400
Epoch 30/1000, Train Loss: 0.8089, Validation Loss: 2.0241
Epoch 31/1000, Train Loss: 0.7879, Validation Loss: 1.4155
Epoch 32/1000, Train Loss: 0.7733, Validation Loss: 0.8861
Epoch 33/1000, Train Loss: 0.8034, Validation Loss: 4.1378
Epoch 34/1000, Train Loss: 0.7686, Validation Loss: 10.3279
Epoch 35/1000, Train Loss: 0.8382, Validation Loss: 0.8353
Epoch 36/1000, Train Loss: 0.7540, Validation Loss: 1.4925
Epoch 37/1000, Train Loss: 0.7548, Validation Loss: 0.9434
Epoch 38/1000, Train Loss: 0.7638, Validation Loss: 5.1349
Epoch 39/1000, Train Loss: 0.7399, Validation Loss: 1.7002
Epoch 40/1000, Train Loss: 0.7655, Validation Loss: 0.8232
Epoch 41/1000, Train Loss: 0.7646, Validation Loss: 0.7302
Epoch 42/1000, Train Loss: 0.7178, Validation Loss: 4.4270
Epoch 43/1000, Train Loss: 0.7357, Validation Loss: 2.6894
Epoch 44/1000, Train Loss: 0.7432, Validation Loss: 1.5901
Epoch 45/1000, Train Loss: 0.7149, Validation Loss: 2.5221
Epoch 46/1000, Train Loss: 0.7277, Validation Loss: 0.9532
Epoch 47/1000, Train Loss: 0.7363, Validation Loss: 0.6581
Epoch 48/1000, Train Loss: 0.7002, Validation Loss: 1.9696
Epoch 49/1000, Train Loss: 0.7375, Validation Loss: 1.2165
Epoch 50/1000, Train Loss: 0.7028, Validation Loss: 2.6810
Epoch 51/1000, Train Loss: 0.7376, Validation Loss: 1.2879
Epoch 52/1000, Train Loss: 0.7308, Validation Loss: 5.2507
Epoch 53/1000, Train Loss: 0.7383, Validation Loss: 0.9103
Epoch 54/1000, Train Loss: 0.7360, Validation Loss: 2.6882
Epoch 55/1000, Train Loss: 0.7080, Validation Loss: 2.0309
Epoch 56/1000, Train Loss: 0.6786, Validation Loss: 1.6292
Epoch 57/1000, Train Loss: 0.6971, Validation Loss: 2.0223
Epoch 58/1000, Train Loss: 0.7017, Validation Loss: 2.8910
Epoch 59/1000, Train Loss: 0.7010, Validation Loss: 1.5486
Epoch 60/1000, Train Loss: 0.6667, Validation Loss: 1.6903
Epoch 61/1000, Train Loss: 0.6810, Validation Loss: 1.0456
Epoch 62/1000, Train Loss: 0.6761, Validation Loss: 1.3835
Epoch 63/1000, Train Loss: 0.6591, Validation Loss: 2.2176
Epoch 64/1000, Train Loss: 0.6562, Validation Loss: 1.0310
Epoch 65/1000, Train Loss: 0.6682, Validation Loss: 0.9226
Epoch 66/1000, Train Loss: 0.6507, Validation Loss: 1.5107
Epoch 67/1000, Train Loss: 0.6475, Validation Loss: 1.0522
Epoch 68/1000, Train Loss: 0.6547, Validation Loss: 1.3643
Epoch 69/1000, Train Loss: 0.6446, Validation Loss: 2.8086
Epoch 70/1000, Train Loss: 0.6382, Validation Loss: 1.5484
Epoch 71/1000, Train Loss: 0.6648, Validation Loss: 1.1172
Epoch 72/1000, Train Loss: 0.6587, Validation Loss: 3.2297
Epoch 73/1000, Train Loss: 0.6393, Validation Loss: 2.5405
Epoch 74/1000, Train Loss: 0.6757, Validation Loss: 0.9425
Epoch 75/1000, Train Loss: 0.6509, Validation Loss: 3.5292
Epoch 76/1000, Train Loss: 0.6249, Validation Loss: 3.3967
Epoch 77/1000, Train Loss: 0.6360, Validation Loss: 5.3526
Epoch 78/1000, Train Loss: 0.6293, Validation Loss: 2.0062
Epoch 79/1000, Train Loss: 0.6252, Validation Loss: 0.7549
Epoch 80/1000, Train Loss: 0.6283, Validation Loss: 3.6241
Epoch 81/1000, Train Loss: 0.6216, Validation Loss: 2.9722
Epoch 82/1000, Train Loss: 0.6145, Validation Loss: 1.9200
Epoch 83/1000, Train Loss: 0.6197, Validation Loss: 0.8500
Epoch 84/1000, Train Loss: 1.4562, Validation Loss: 1.2918
Epoch 85/1000, Train Loss: 0.6164, Validation Loss: 2.9347
Epoch 86/1000, Train Loss: 0.6124, Validation Loss: 2.5996
Epoch 87/1000, Train Loss: 0.6232, Validation Loss: 2.8101
Epoch 88/1000, Train Loss: 0.6068, Validation Loss: 3.3494
Epoch 89/1000, Train Loss: 0.6335, Validation Loss: 4.4740
Epoch 90/1000, Train Loss: 0.6023, Validation Loss: 1.0672
Epoch 91/1000, Train Loss: 0.6080, Validation Loss: 3.3512
Epoch 92/1000, Train Loss: 0.6004, Validation Loss: 1.6838
Epoch 93/1000, Train Loss: 0.5964, Validation Loss: 2.7866
Epoch 94/1000, Train Loss: 0.5948, Validation Loss: 2.7558
Epoch 95/1000, Train Loss: 0.5994, Validation Loss: 3.3210
Epoch 96/1000, Train Loss: 0.6043, Validation Loss: 0.7075
Epoch 97/1000, Train Loss: 0.6132, Validation Loss: 0.8367
Epoch 98/1000, Train Loss: 0.5974, Validation Loss: 1.1043
Epoch 99/1000, Train Loss: 0.6082, Validation Loss: 10.1427
Epoch 100/1000, Train Loss: 0.5935, Validation Loss: 1.9713
Epoch 101/1000, Train Loss: 0.6049, Validation Loss: 1.7745
Epoch 102/1000, Train Loss: 0.5837, Validation Loss: 0.8070
Epoch 103/1000, Train Loss: 0.6341, Validation Loss: 2.0389
Epoch 104/1000, Train Loss: 0.6055, Validation Loss: 1.2262
Epoch 105/1000, Train Loss: 0.5973, Validation Loss: 1.4614
Epoch 106/1000, Train Loss: 0.5899, Validation Loss: 1.3912
Epoch 107/1000, Train Loss: 0.5869, Validation Loss: 1.7753
Epoch 108/1000, Train Loss: 0.5838, Validation Loss: 4.5912
Epoch 109/1000, Train Loss: 0.5924, Validation Loss: 0.8464
Epoch 110/1000, Train Loss: 0.5876, Validation Loss: 2.2458
Epoch 111/1000, Train Loss: 0.6016, Validation Loss: 4.3722
Epoch 112/1000, Train Loss: 0.5891, Validation Loss: 0.6801
Epoch 113/1000, Train Loss: 0.5899, Validation Loss: 3.8246
Epoch 114/1000, Train Loss: 0.6088, Validation Loss: 1.9911
Epoch 115/1000, Train Loss: 0.5819, Validation Loss: 4.9091
Epoch 116/1000, Train Loss: 0.5727, Validation Loss: 1.9270
Epoch 117/1000, Train Loss: 0.5715, Validation Loss: 1.8579
Epoch 118/1000, Train Loss: 0.5718, Validation Loss: 2.1245
Epoch 119/1000, Train Loss: 0.5804, Validation Loss: 2.8204
Epoch 120/1000, Train Loss: 0.5801, Validation Loss: 0.9634
Epoch 121/1000, Train Loss: 0.5838, Validation Loss: 1.1998
Epoch 122/1000, Train Loss: 0.5769, Validation Loss: 1.3033
Epoch 123/1000, Train Loss: 0.5637, Validation Loss: 0.8737
Epoch 124/1000, Train Loss: 0.5818, Validation Loss: 1.8738
Epoch 125/1000, Train Loss: 0.5739, Validation Loss: 2.2619
Epoch 126/1000, Train Loss: 0.5747, Validation Loss: 1.7714
Epoch 127/1000, Train Loss: 0.5784, Validation Loss: 3.0563
Epoch 128/1000, Train Loss: 0.5697, Validation Loss: 1.3491
Epoch 129/1000, Train Loss: 0.5769, Validation Loss: 0.7489
Epoch 130/1000, Train Loss: 0.5740, Validation Loss: 1.6859
Epoch 131/1000, Train Loss: 0.5651, Validation Loss: 0.6565
Epoch 132/1000, Train Loss: 0.5625, Validation Loss: 1.6581
Epoch 133/1000, Train Loss: 0.5681, Validation Loss: 1.1846
Epoch 134/1000, Train Loss: 0.5799, Validation Loss: 0.6228
Epoch 135/1000, Train Loss: 0.5680, Validation Loss: 1.3299
Epoch 136/1000, Train Loss: 0.5690, Validation Loss: 2.9524
Epoch 137/1000, Train Loss: 0.5747, Validation Loss: 4.0459
Epoch 138/1000, Train Loss: 0.5719, Validation Loss: 1.0327
Epoch 139/1000, Train Loss: 0.5671, Validation Loss: 7.7216
Epoch 140/1000, Train Loss: 0.5690, Validation Loss: 0.7977
Epoch 141/1000, Train Loss: 0.5650, Validation Loss: 2.2409
Epoch 142/1000, Train Loss: 0.5592, Validation Loss: 1.5117
Epoch 143/1000, Train Loss: 0.5696, Validation Loss: 3.5343
Epoch 144/1000, Train Loss: 0.5712, Validation Loss: 1.4952
Epoch 145/1000, Train Loss: 0.5603, Validation Loss: 0.8666
Epoch 146/1000, Train Loss: 0.5826, Validation Loss: 0.9815
Epoch 147/1000, Train Loss: 0.5442, Validation Loss: 0.6570
Epoch 148/1000, Train Loss: 0.5537, Validation Loss: 0.7134
Epoch 149/1000, Train Loss: 0.5522, Validation Loss: 2.9475
Epoch 150/1000, Train Loss: 0.5795, Validation Loss: 3.2166
Epoch 151/1000, Train Loss: 0.5513, Validation Loss: 2.4498
Epoch 152/1000, Train Loss: 0.5508, Validation Loss: 6.8270
Epoch 153/1000, Train Loss: 0.5596, Validation Loss: 0.9626
Epoch 154/1000, Train Loss: 0.5663, Validation Loss: 0.7948
Epoch 155/1000, Train Loss: 0.5578, Validation Loss: 1.1744
Epoch 156/1000, Train Loss: 0.5767, Validation Loss: 2.5422
Epoch 157/1000, Train Loss: 0.5515, Validation Loss: 1.4470
Epoch 158/1000, Train Loss: 0.5508, Validation Loss: 0.5824
Epoch 159/1000, Train Loss: 0.5596, Validation Loss: 2.4661
Epoch 160/1000, Train Loss: 0.5787, Validation Loss: 0.8432
Epoch 161/1000, Train Loss: 0.5496, Validation Loss: 0.6172
Epoch 162/1000, Train Loss: 0.5493, Validation Loss: 2.9534
Epoch 163/1000, Train Loss: 0.5511, Validation Loss: 1.6502
Epoch 164/1000, Train Loss: 0.5601, Validation Loss: 1.1588
Epoch 165/1000, Train Loss: 0.5657, Validation Loss: 3.9520
Epoch 166/1000, Train Loss: 0.5462, Validation Loss: 1.0227
Epoch 167/1000, Train Loss: 0.5487, Validation Loss: 0.5851
Epoch 168/1000, Train Loss: 0.5494, Validation Loss: 0.7469
Epoch 169/1000, Train Loss: 0.5499, Validation Loss: 4.3580
Epoch 170/1000, Train Loss: 0.5778, Validation Loss: 1.6186
Epoch 171/1000, Train Loss: 0.5594, Validation Loss: 4.5786
Epoch 172/1000, Train Loss: 0.5584, Validation Loss: 1.9699
Epoch 173/1000, Train Loss: 0.5412, Validation Loss: 1.8431
Epoch 174/1000, Train Loss: 0.5372, Validation Loss: 1.1847
Epoch 175/1000, Train Loss: 0.5583, Validation Loss: 2.6876
Epoch 176/1000, Train Loss: 0.5564, Validation Loss: 1.4984
Epoch 177/1000, Train Loss: 0.5504, Validation Loss: 0.7727
Epoch 178/1000, Train Loss: 0.5446, Validation Loss: 0.7743
Epoch 179/1000, Train Loss: 0.5440, Validation Loss: 2.6618
Epoch 180/1000, Train Loss: 0.5469, Validation Loss: 2.1073
Epoch 181/1000, Train Loss: 0.5377, Validation Loss: 3.5480
Epoch 182/1000, Train Loss: 0.5532, Validation Loss: 0.8636
Epoch 183/1000, Train Loss: 0.5532, Validation Loss: 4.8500
Epoch 184/1000, Train Loss: 0.5498, Validation Loss: 0.6923
Epoch 185/1000, Train Loss: 0.5397, Validation Loss: 2.0321
Epoch 186/1000, Train Loss: 0.5478, Validation Loss: 2.9268
Epoch 187/1000, Train Loss: 0.5456, Validation Loss: 1.7405
Epoch 188/1000, Train Loss: 0.5524, Validation Loss: 3.7500
Epoch 189/1000, Train Loss: 0.5362, Validation Loss: 2.8585
Epoch 190/1000, Train Loss: 0.5535, Validation Loss: 1.7453
Epoch 191/1000, Train Loss: 0.5401, Validation Loss: 1.6999
Epoch 192/1000, Train Loss: 0.5548, Validation Loss: 2.6715
Epoch 193/1000, Train Loss: 0.5487, Validation Loss: 0.5934
Epoch 194/1000, Train Loss: 0.5353, Validation Loss: 0.7263
Epoch 195/1000, Train Loss: 0.5362, Validation Loss: 0.7634
Epoch 196/1000, Train Loss: 0.5356, Validation Loss: 0.9398
Epoch 197/1000, Train Loss: 0.5557, Validation Loss: 1.3559
Epoch 198/1000, Train Loss: 0.5480, Validation Loss: 8.8858
Epoch 199/1000, Train Loss: 0.5371, Validation Loss: 1.1375
Epoch 200/1000, Train Loss: 0.5399, Validation Loss: 2.9897
Epoch 201/1000, Train Loss: 0.5405, Validation Loss: 7.4699
Epoch 202/1000, Train Loss: 0.5399, Validation Loss: 1.2733
Epoch 203/1000, Train Loss: 0.6089, Validation Loss: 1.6167
Epoch 204/1000, Train Loss: 0.5426, Validation Loss: 1.3057
Epoch 205/1000, Train Loss: 0.5389, Validation Loss: 1.0514
Epoch 206/1000, Train Loss: 0.5928, Validation Loss: 3.5019
Epoch 207/1000, Train Loss: 0.5371, Validation Loss: 0.7181
Epoch 208/1000, Train Loss: 0.5407, Validation Loss: 0.7615
Epoch 209/1000, Train Loss: 0.5439, Validation Loss: 0.9132
Epoch 210/1000, Train Loss: 0.5308, Validation Loss: 0.6258
Epoch 211/1000, Train Loss: 0.5302, Validation Loss: 1.1547
Epoch 212/1000, Train Loss: 0.5429, Validation Loss: 1.8508
Epoch 213/1000, Train Loss: 0.5337, Validation Loss: 0.9419
Epoch 214/1000, Train Loss: 0.5360, Validation Loss: 1.8129
Epoch 215/1000, Train Loss: 0.5416, Validation Loss: 0.8507
Epoch 216/1000, Train Loss: 0.5999, Validation Loss: 0.5285
Epoch 217/1000, Train Loss: 0.5475, Validation Loss: 3.8991
Epoch 218/1000, Train Loss: 0.5474, Validation Loss: 3.1203
Epoch 219/1000, Train Loss: 0.5331, Validation Loss: 2.1598
Epoch 220/1000, Train Loss: 0.5349, Validation Loss: 2.4858
Epoch 221/1000, Train Loss: 0.5436, Validation Loss: 3.4647
Epoch 222/1000, Train Loss: 0.5323, Validation Loss: 1.5602
Epoch 223/1000, Train Loss: 0.5326, Validation Loss: 2.0844
Epoch 224/1000, Train Loss: 0.5421, Validation Loss: 1.5056
Epoch 225/1000, Train Loss: 0.5426, Validation Loss: 2.4844
Epoch 226/1000, Train Loss: 0.5292, Validation Loss: 4.9417
Epoch 227/1000, Train Loss: 0.5277, Validation Loss: 0.7512
Epoch 228/1000, Train Loss: 0.5264, Validation Loss: 1.2041
Epoch 229/1000, Train Loss: 0.5273, Validation Loss: 1.4590
Epoch 230/1000, Train Loss: 0.5421, Validation Loss: 0.5667
Epoch 231/1000, Train Loss: 0.5356, Validation Loss: 0.8421
Epoch 232/1000, Train Loss: 0.5689, Validation Loss: 4.7184
Epoch 233/1000, Train Loss: 0.5277, Validation Loss: 1.3502
Epoch 234/1000, Train Loss: 0.5273, Validation Loss: 7.3253
Epoch 235/1000, Train Loss: 0.5281, Validation Loss: 0.7041
Epoch 236/1000, Train Loss: 0.5296, Validation Loss: 2.4152
Epoch 237/1000, Train Loss: 0.5271, Validation Loss: 3.0140
Epoch 238/1000, Train Loss: 0.5374, Validation Loss: 0.8036
Epoch 239/1000, Train Loss: 0.5368, Validation Loss: 10.2479
Epoch 240/1000, Train Loss: 0.5347, Validation Loss: 2.3532
Epoch 241/1000, Train Loss: 0.5323, Validation Loss: 1.1798
Epoch 242/1000, Train Loss: 0.5322, Validation Loss: 1.2006
Epoch 243/1000, Train Loss: 0.5328, Validation Loss: 0.7474
Epoch 244/1000, Train Loss: 0.5302, Validation Loss: 4.1693
Epoch 245/1000, Train Loss: 0.5319, Validation Loss: 3.6061
Epoch 246/1000, Train Loss: 0.5447, Validation Loss: 2.2748
Epoch 247/1000, Train Loss: 0.5307, Validation Loss: 2.9193
Epoch 248/1000, Train Loss: 0.5367, Validation Loss: 1.1300
Epoch 249/1000, Train Loss: 0.5259, Validation Loss: 0.6689
Epoch 250/1000, Train Loss: 0.5292, Validation Loss: 4.5203
Epoch 251/1000, Train Loss: 0.5284, Validation Loss: 1.6398
Epoch 252/1000, Train Loss: 0.5221, Validation Loss: 1.8220
Epoch 253/1000, Train Loss: 0.5416, Validation Loss: 3.1168
Epoch 254/1000, Train Loss: 0.5357, Validation Loss: 1.5707
Epoch 255/1000, Train Loss: 0.5230, Validation Loss: 1.9816
Epoch 256/1000, Train Loss: 0.5277, Validation Loss: 3.1471
Epoch 257/1000, Train Loss: 0.5316, Validation Loss: 1.2379
Epoch 258/1000, Train Loss: 0.5322, Validation Loss: 1.0944
Epoch 259/1000, Train Loss: 0.5513, Validation Loss: 2.9678
Epoch 260/1000, Train Loss: 0.5254, Validation Loss: 0.7564
Epoch 261/1000, Train Loss: 0.5561, Validation Loss: 0.5737
Epoch 262/1000, Train Loss: 0.5305, Validation Loss: 0.9848
Epoch 263/1000, Train Loss: 0.5302, Validation Loss: 1.0509
Epoch 264/1000, Train Loss: 0.5437, Validation Loss: 0.8842
Epoch 265/1000, Train Loss: 0.5214, Validation Loss: 2.0252
Epoch 266/1000, Train Loss: 0.5235, Validation Loss: 1.1565
Epoch 267/1000, Train Loss: 0.5288, Validation Loss: 2.0445
Epoch 268/1000, Train Loss: 0.5423, Validation Loss: 5.2754
Epoch 269/1000, Train Loss: 0.5270, Validation Loss: 3.7050
Epoch 270/1000, Train Loss: 0.5280, Validation Loss: 0.5928
Epoch 271/1000, Train Loss: 0.5383, Validation Loss: 1.5058
Epoch 272/1000, Train Loss: 0.5208, Validation Loss: 5.8465
Epoch 273/1000, Train Loss: 0.5442, Validation Loss: 1.0472
Epoch 274/1000, Train Loss: 0.5382, Validation Loss: 1.6921
Epoch 275/1000, Train Loss: 0.5165, Validation Loss: 3.7521
Epoch 276/1000, Train Loss: 0.5257, Validation Loss: 1.1628
Epoch 277/1000, Train Loss: 0.5340, Validation Loss: 0.7956
Epoch 278/1000, Train Loss: 0.5403, Validation Loss: 2.6155
Epoch 279/1000, Train Loss: 0.5318, Validation Loss: 3.2951
Epoch 280/1000, Train Loss: 0.5140, Validation Loss: 2.1781
Epoch 281/1000, Train Loss: 0.5260, Validation Loss: 1.5623
Epoch 282/1000, Train Loss: 0.5536, Validation Loss: 3.6510
Epoch 283/1000, Train Loss: 0.5416, Validation Loss: 1.6395
Epoch 284/1000, Train Loss: 0.5278, Validation Loss: 0.7355
Epoch 285/1000, Train Loss: 0.5391, Validation Loss: 0.5987
Epoch 286/1000, Train Loss: 0.5249, Validation Loss: 1.0015
Epoch 287/1000, Train Loss: 0.5453, Validation Loss: 2.9930
Epoch 288/1000, Train Loss: 0.5190, Validation Loss: 0.8557
Epoch 289/1000, Train Loss: 0.5190, Validation Loss: 2.6973
Epoch 290/1000, Train Loss: 0.5186, Validation Loss: 1.0903
Epoch 291/1000, Train Loss: 0.5226, Validation Loss: 2.8065
Epoch 292/1000, Train Loss: 0.5563, Validation Loss: 1.3865
Epoch 293/1000, Train Loss: 0.5245, Validation Loss: 1.2186
Epoch 294/1000, Train Loss: 0.5181, Validation Loss: 0.8928
Epoch 295/1000, Train Loss: 0.5229, Validation Loss: 2.2011
Epoch 296/1000, Train Loss: 0.5326, Validation Loss: 0.6120
Epoch 297/1000, Train Loss: 0.5253, Validation Loss: 1.8546
Epoch 298/1000, Train Loss: 0.5229, Validation Loss: 0.8810
Epoch 299/1000, Train Loss: 0.5176, Validation Loss: 2.0060
Epoch 300/1000, Train Loss: 0.5271, Validation Loss: 1.9950
Epoch 301/1000, Train Loss: 0.5224, Validation Loss: 4.0072
Epoch 302/1000, Train Loss: 0.5271, Validation Loss: 0.6983
Epoch 303/1000, Train Loss: 0.5206, Validation Loss: 1.6520
Epoch 304/1000, Train Loss: 0.5180, Validation Loss: 0.5224
Epoch 305/1000, Train Loss: 0.6292, Validation Loss: 2.4171
Epoch 306/1000, Train Loss: 0.5198, Validation Loss: 10.9839
Epoch 307/1000, Train Loss: 0.5229, Validation Loss: 3.0915
Epoch 308/1000, Train Loss: 0.5541, Validation Loss: 0.5220
Epoch 309/1000, Train Loss: 0.5218, Validation Loss: 2.2041
Epoch 310/1000, Train Loss: 0.5155, Validation Loss: 4.3752
Epoch 311/1000, Train Loss: 0.5318, Validation Loss: 3.2368
Epoch 312/1000, Train Loss: 0.5196, Validation Loss: 0.9249
Epoch 313/1000, Train Loss: 0.5188, Validation Loss: 4.9062
Epoch 314/1000, Train Loss: 0.5424, Validation Loss: 2.3756
Epoch 315/1000, Train Loss: 0.5669, Validation Loss: 1.5877
Epoch 316/1000, Train Loss: 0.5203, Validation Loss: 1.0587
Epoch 317/1000, Train Loss: 0.5083, Validation Loss: 2.0850
Epoch 318/1000, Train Loss: 0.5181, Validation Loss: 2.4456
Epoch 319/1000, Train Loss: 0.5117, Validation Loss: 2.0310
Epoch 320/1000, Train Loss: 0.5253, Validation Loss: 3.1050
Epoch 321/1000, Train Loss: 0.5186, Validation Loss: 0.5459
Epoch 322/1000, Train Loss: 0.5169, Validation Loss: 1.4068
Epoch 323/1000, Train Loss: 0.5235, Validation Loss: 4.7228
Epoch 324/1000, Train Loss: 0.5206, Validation Loss: 0.9601
Epoch 325/1000, Train Loss: 0.5198, Validation Loss: 1.1887
Epoch 326/1000, Train Loss: 0.5316, Validation Loss: 1.2619
Epoch 327/1000, Train Loss: 0.5192, Validation Loss: 3.6685
Epoch 328/1000, Train Loss: 0.5134, Validation Loss: 0.7635
Epoch 329/1000, Train Loss: 0.5216, Validation Loss: 3.4561
Epoch 330/1000, Train Loss: 0.5184, Validation Loss: 2.5636
Epoch 331/1000, Train Loss: 0.5147, Validation Loss: 1.4725
Epoch 332/1000, Train Loss: 0.5232, Validation Loss: 0.6287
Epoch 333/1000, Train Loss: 0.5144, Validation Loss: 1.4908
Epoch 334/1000, Train Loss: 0.5239, Validation Loss: 3.4289
Epoch 335/1000, Train Loss: 0.5250, Validation Loss: 1.0316
Epoch 336/1000, Train Loss: 0.5889, Validation Loss: 1.3289
Epoch 337/1000, Train Loss: 0.5261, Validation Loss: 3.2523
Epoch 338/1000, Train Loss: 0.5272, Validation Loss: 1.1576
Epoch 339/1000, Train Loss: 0.5160, Validation Loss: 2.5403
Epoch 340/1000, Train Loss: 0.5157, Validation Loss: 3.1719
Epoch 341/1000, Train Loss: 0.5084, Validation Loss: 1.0538
Epoch 342/1000, Train Loss: 0.5138, Validation Loss: 2.1304
Epoch 343/1000, Train Loss: 0.5112, Validation Loss: 0.5978
Epoch 344/1000, Train Loss: 0.5321, Validation Loss: 0.9713
Epoch 345/1000, Train Loss: 0.5128, Validation Loss: 0.7754
Epoch 346/1000, Train Loss: 0.5169, Validation Loss: 4.2022
Epoch 347/1000, Train Loss: 0.5144, Validation Loss: 0.9402
Epoch 348/1000, Train Loss: 0.5198, Validation Loss: 4.9886
Epoch 349/1000, Train Loss: 0.5218, Validation Loss: 1.0368
Epoch 350/1000, Train Loss: 0.5115, Validation Loss: 4.9068
Epoch 351/1000, Train Loss: 0.5287, Validation Loss: 0.9824
Epoch 352/1000, Train Loss: 0.5254, Validation Loss: 0.9061
Epoch 353/1000, Train Loss: 0.5233, Validation Loss: 1.8852
Epoch 354/1000, Train Loss: 0.5343, Validation Loss: 4.0859
Epoch 355/1000, Train Loss: 0.5064, Validation Loss: 2.2120
Epoch 356/1000, Train Loss: 0.5066, Validation Loss: 1.8343
Epoch 357/1000, Train Loss: 0.5297, Validation Loss: 3.1510
Epoch 358/1000, Train Loss: 0.5144, Validation Loss: 3.1693
Epoch 359/1000, Train Loss: 0.5204, Validation Loss: 3.3188
Epoch 360/1000, Train Loss: 0.5188, Validation Loss: 0.8144
Epoch 361/1000, Train Loss: 0.5182, Validation Loss: 0.8844
Epoch 362/1000, Train Loss: 0.5262, Validation Loss: 1.9002
Epoch 363/1000, Train Loss: 0.5153, Validation Loss: 4.5633
Epoch 364/1000, Train Loss: 0.5014, Validation Loss: 1.1385
Epoch 365/1000, Train Loss: 0.5180, Validation Loss: 4.6515
Epoch 366/1000, Train Loss: 0.5028, Validation Loss: 3.9010
Epoch 367/1000, Train Loss: 0.5104, Validation Loss: 2.6480
Epoch 368/1000, Train Loss: 0.5310, Validation Loss: 1.2912
Epoch 369/1000, Train Loss: 0.5189, Validation Loss: 2.4695
Epoch 370/1000, Train Loss: 0.5140, Validation Loss: 1.0480
Epoch 371/1000, Train Loss: 0.5109, Validation Loss: 0.8706
Epoch 372/1000, Train Loss: 0.5263, Validation Loss: 1.6676
Epoch 373/1000, Train Loss: 0.5177, Validation Loss: 1.9022
Epoch 374/1000, Train Loss: 0.5042, Validation Loss: 1.0856
Epoch 375/1000, Train Loss: 0.4969, Validation Loss: 1.2864
Epoch 376/1000, Train Loss: 0.5246, Validation Loss: 3.2987
Epoch 377/1000, Train Loss: 0.5146, Validation Loss: 2.3269
Epoch 378/1000, Train Loss: 0.5094, Validation Loss: 0.7116
Epoch 379/1000, Train Loss: 0.5193, Validation Loss: 1.6113
Epoch 380/1000, Train Loss: 0.5105, Validation Loss: 3.4758
Epoch 381/1000, Train Loss: 0.5124, Validation Loss: 1.0857
Epoch 382/1000, Train Loss: 0.5019, Validation Loss: 2.8803
Epoch 383/1000, Train Loss: 0.5127, Validation Loss: 1.9825
Epoch 384/1000, Train Loss: 0.5147, Validation Loss: 1.6803
Epoch 385/1000, Train Loss: 0.5033, Validation Loss: 3.9429
Epoch 386/1000, Train Loss: 0.5043, Validation Loss: 1.1653
Epoch 387/1000, Train Loss: 0.5148, Validation Loss: 3.2438
Epoch 388/1000, Train Loss: 0.5045, Validation Loss: 1.0582
Epoch 389/1000, Train Loss: 0.5158, Validation Loss: 1.1592
Epoch 390/1000, Train Loss: 0.5081, Validation Loss: 2.2006
Epoch 391/1000, Train Loss: 0.5079, Validation Loss: 3.4824
Epoch 392/1000, Train Loss: 0.5066, Validation Loss: 1.9073
Epoch 393/1000, Train Loss: 0.5050, Validation Loss: 0.9846
Epoch 394/1000, Train Loss: 0.5134, Validation Loss: 0.8696
Epoch 395/1000, Train Loss: 0.5128, Validation Loss: 0.6354
Epoch 396/1000, Train Loss: 0.5721, Validation Loss: 3.2142
Epoch 397/1000, Train Loss: 0.5196, Validation Loss: 0.7614
Epoch 398/1000, Train Loss: 0.5163, Validation Loss: 1.1575
Epoch 399/1000, Train Loss: 0.5153, Validation Loss: 0.5859
Epoch 400/1000, Train Loss: 0.5352, Validation Loss: 0.9298
Epoch 401/1000, Train Loss: 0.5110, Validation Loss: 3.1620
Epoch 402/1000, Train Loss: 0.5172, Validation Loss: 2.2057
Epoch 403/1000, Train Loss: 0.5063, Validation Loss: 0.9715
Epoch 404/1000, Train Loss: 0.5070, Validation Loss: 1.6243
Epoch 405/1000, Train Loss: 0.5077, Validation Loss: 1.4144
Epoch 406/1000, Train Loss: 0.5040, Validation Loss: 1.9836
Epoch 407/1000, Train Loss: 0.5196, Validation Loss: 2.1799
Epoch 408/1000, Train Loss: 0.5117, Validation Loss: 0.7194
Epoch 409/1000, Train Loss: 0.5247, Validation Loss: 0.7423
Epoch 410/1000, Train Loss: 0.5104, Validation Loss: 1.0581
Epoch 411/1000, Train Loss: 0.5210, Validation Loss: 1.4711
Epoch 412/1000, Train Loss: 0.5101, Validation Loss: 8.2348
Epoch 413/1000, Train Loss: 0.5094, Validation Loss: 1.0410
Epoch 414/1000, Train Loss: 0.5154, Validation Loss: 1.2757
Epoch 415/1000, Train Loss: 0.5008, Validation Loss: 9.8367
Epoch 416/1000, Train Loss: 0.5087, Validation Loss: 1.0092
Epoch 417/1000, Train Loss: 0.5087, Validation Loss: 4.7565
Epoch 418/1000, Train Loss: 0.5087, Validation Loss: 3.3744
Epoch 419/1000, Train Loss: 0.5063, Validation Loss: 1.0246
Epoch 420/1000, Train Loss: 0.5266, Validation Loss: 0.5733
Epoch 421/1000, Train Loss: 0.5000, Validation Loss: 2.9281
Epoch 422/1000, Train Loss: 0.5069, Validation Loss: 2.1430
Epoch 423/1000, Train Loss: 0.5018, Validation Loss: 0.5972
Epoch 424/1000, Train Loss: 0.5036, Validation Loss: 2.5564
Epoch 425/1000, Train Loss: 0.5057, Validation Loss: 1.3124
Epoch 426/1000, Train Loss: 0.5081, Validation Loss: 2.2068
Epoch 427/1000, Train Loss: 0.5033, Validation Loss: 0.9343
Epoch 428/1000, Train Loss: 0.5226, Validation Loss: 1.8323
Epoch 429/1000, Train Loss: 0.4979, Validation Loss: 0.5443
Epoch 430/1000, Train Loss: 0.5045, Validation Loss: 2.5205
Epoch 431/1000, Train Loss: 0.4954, Validation Loss: 3.7137
Epoch 432/1000, Train Loss: 0.5080, Validation Loss: 1.4295
Epoch 433/1000, Train Loss: 0.5126, Validation Loss: 1.8908
Epoch 434/1000, Train Loss: 0.4989, Validation Loss: 0.7371
Epoch 435/1000, Train Loss: 0.5120, Validation Loss: 8.4162
Epoch 436/1000, Train Loss: 0.5067, Validation Loss: 0.5965
Epoch 437/1000, Train Loss: 0.5137, Validation Loss: 4.7757
Epoch 438/1000, Train Loss: 0.5072, Validation Loss: 1.2428
Epoch 439/1000, Train Loss: 0.4969, Validation Loss: 0.7150
Epoch 440/1000, Train Loss: 0.5117, Validation Loss: 0.6412
Epoch 441/1000, Train Loss: 0.5021, Validation Loss: 7.2071
Epoch 442/1000, Train Loss: 0.5076, Validation Loss: 0.9427
Epoch 443/1000, Train Loss: 0.5056, Validation Loss: 2.4813
Epoch 444/1000, Train Loss: 0.5007, Validation Loss: 2.8181
Epoch 445/1000, Train Loss: 0.5213, Validation Loss: 2.1355
Epoch 446/1000, Train Loss: 0.5077, Validation Loss: 1.3095
Epoch 447/1000, Train Loss: 0.5170, Validation Loss: 1.3841
Epoch 448/1000, Train Loss: 0.5007, Validation Loss: 2.3963
Epoch 449/1000, Train Loss: 0.5016, Validation Loss: 1.8858
Epoch 450/1000, Train Loss: 0.5147, Validation Loss: 2.0429
Epoch 451/1000, Train Loss: 0.4997, Validation Loss: 0.7205
Epoch 452/1000, Train Loss: 0.5030, Validation Loss: 1.1356
Epoch 453/1000, Train Loss: 0.5090, Validation Loss: 2.9948
Epoch 454/1000, Train Loss: 0.5010, Validation Loss: 2.9744
Epoch 455/1000, Train Loss: 0.5027, Validation Loss: 5.2212
Epoch 456/1000, Train Loss: 0.5075, Validation Loss: 0.8116
Epoch 457/1000, Train Loss: 0.5080, Validation Loss: 4.5928
Epoch 458/1000, Train Loss: 0.4893, Validation Loss: 0.9325
Epoch 459/1000, Train Loss: 0.4912, Validation Loss: 1.0943
Epoch 460/1000, Train Loss: 0.4946, Validation Loss: 1.1186
Epoch 461/1000, Train Loss: 0.4987, Validation Loss: 1.5188
Epoch 462/1000, Train Loss: 0.5042, Validation Loss: 1.2871
Epoch 463/1000, Train Loss: 0.4892, Validation Loss: 1.9244
Epoch 464/1000, Train Loss: 0.4989, Validation Loss: 1.0624
Epoch 465/1000, Train Loss: 0.4981, Validation Loss: 0.8517
Epoch 466/1000, Train Loss: 0.4983, Validation Loss: 1.1495
Epoch 467/1000, Train Loss: 0.4962, Validation Loss: 3.1802
Epoch 468/1000, Train Loss: 0.4914, Validation Loss: 1.0792
Epoch 469/1000, Train Loss: 0.5022, Validation Loss: 4.3498
Epoch 470/1000, Train Loss: 0.4882, Validation Loss: 0.8622
Epoch 471/1000, Train Loss: 0.4922, Validation Loss: 3.6043
Epoch 472/1000, Train Loss: 0.5034, Validation Loss: 4.8764
Epoch 473/1000, Train Loss: 0.5011, Validation Loss: 1.6015
Epoch 474/1000, Train Loss: 0.4859, Validation Loss: 1.8283
Epoch 475/1000, Train Loss: 0.5025, Validation Loss: 1.5052
Epoch 476/1000, Train Loss: 0.4952, Validation Loss: 2.4021
Epoch 477/1000, Train Loss: 0.4924, Validation Loss: 2.3188
Epoch 478/1000, Train Loss: 0.4954, Validation Loss: 1.0330
Epoch 479/1000, Train Loss: 0.5020, Validation Loss: 2.4775
Epoch 480/1000, Train Loss: 0.5008, Validation Loss: 4.9762
Epoch 481/1000, Train Loss: 0.5031, Validation Loss: 3.1217
Epoch 482/1000, Train Loss: 0.5018, Validation Loss: 2.9867
Epoch 483/1000, Train Loss: 0.4857, Validation Loss: 0.8423
Epoch 484/1000, Train Loss: 0.5053, Validation Loss: 1.5927
Epoch 485/1000, Train Loss: 0.4839, Validation Loss: 0.6017
Epoch 486/1000, Train Loss: 0.4967, Validation Loss: 1.2801
Epoch 487/1000, Train Loss: 0.4952, Validation Loss: 2.8430
Epoch 488/1000, Train Loss: 0.4957, Validation Loss: 0.9357
Epoch 489/1000, Train Loss: 0.4927, Validation Loss: 0.5854
Epoch 490/1000, Train Loss: 0.5146, Validation Loss: 0.7671
Epoch 491/1000, Train Loss: 0.4867, Validation Loss: 2.1954
Epoch 492/1000, Train Loss: 0.4938, Validation Loss: 3.1901
Epoch 493/1000, Train Loss: 0.4903, Validation Loss: 1.3857
Epoch 494/1000, Train Loss: 0.4927, Validation Loss: 2.9997
Epoch 495/1000, Train Loss: 0.4999, Validation Loss: 0.7342
Epoch 496/1000, Train Loss: 0.4923, Validation Loss: 2.0469
Epoch 497/1000, Train Loss: 0.4953, Validation Loss: 4.0788
Epoch 498/1000, Train Loss: 0.4893, Validation Loss: 1.8292
Epoch 499/1000, Train Loss: 0.4959, Validation Loss: 3.0343
Epoch 500/1000, Train Loss: 0.4883, Validation Loss: 5.5003
Epoch 501/1000, Train Loss: 0.4916, Validation Loss: 2.5911
Epoch 502/1000, Train Loss: 0.4952, Validation Loss: 0.9896
Epoch 503/1000, Train Loss: 0.5071, Validation Loss: 6.9324
Epoch 504/1000, Train Loss: 0.4934, Validation Loss: 0.8007
Epoch 505/1000, Train Loss: 0.4880, Validation Loss: 0.6819
Epoch 506/1000, Train Loss: 0.4872, Validation Loss: 4.4832
Epoch 507/1000, Train Loss: 0.5000, Validation Loss: 2.1846
Epoch 508/1000, Train Loss: 0.4898, Validation Loss: 0.8490
Epoch 509/1000, Train Loss: 0.5023, Validation Loss: 5.2193
Epoch 510/1000, Train Loss: 0.4918, Validation Loss: 1.9769
Epoch 511/1000, Train Loss: 0.4899, Validation Loss: 3.1407
Epoch 512/1000, Train Loss: 0.5064, Validation Loss: 0.8506
Epoch 513/1000, Train Loss: 0.5001, Validation Loss: 0.9151
Epoch 514/1000, Train Loss: 0.4936, Validation Loss: 2.1825
Epoch 515/1000, Train Loss: 0.4982, Validation Loss: 0.9196
Epoch 516/1000, Train Loss: 0.4892, Validation Loss: 3.6965
Epoch 517/1000, Train Loss: 0.4945, Validation Loss: 1.2659
Epoch 518/1000, Train Loss: 0.5037, Validation Loss: 3.0894
Epoch 519/1000, Train Loss: 0.4866, Validation Loss: 1.8617
Epoch 520/1000, Train Loss: 0.4861, Validation Loss: 2.2467
Epoch 521/1000, Train Loss: 0.4993, Validation Loss: 2.6345
Epoch 522/1000, Train Loss: 0.4806, Validation Loss: 3.2925
Epoch 523/1000, Train Loss: 0.4805, Validation Loss: 0.7442
Epoch 524/1000, Train Loss: 0.4813, Validation Loss: 1.4035
Epoch 525/1000, Train Loss: 0.4991, Validation Loss: 3.1452
Epoch 526/1000, Train Loss: 0.4857, Validation Loss: 1.9563
Epoch 527/1000, Train Loss: 0.4943, Validation Loss: 0.6612
Epoch 528/1000, Train Loss: 0.5121, Validation Loss: 4.7233
Epoch 529/1000, Train Loss: 0.4957, Validation Loss: 1.0657
Epoch 530/1000, Train Loss: 0.4827, Validation Loss: 3.5329
Epoch 531/1000, Train Loss: 0.4939, Validation Loss: 0.7738
Epoch 532/1000, Train Loss: 0.4791, Validation Loss: 2.2070
Epoch 533/1000, Train Loss: 0.4862, Validation Loss: 3.9189
Epoch 534/1000, Train Loss: 0.4868, Validation Loss: 1.0171
Epoch 535/1000, Train Loss: 0.4907, Validation Loss: 2.7804
Epoch 536/1000, Train Loss: 0.4997, Validation Loss: 2.5710
Epoch 537/1000, Train Loss: 0.4831, Validation Loss: 1.0930
Epoch 538/1000, Train Loss: 0.4881, Validation Loss: 1.9272
Epoch 539/1000, Train Loss: 0.4889, Validation Loss: 0.9185
Epoch 540/1000, Train Loss: 0.5011, Validation Loss: 2.2183
Epoch 541/1000, Train Loss: 0.4911, Validation Loss: 6.3370
Epoch 542/1000, Train Loss: 0.4876, Validation Loss: 2.6485
Epoch 543/1000, Train Loss: 0.4880, Validation Loss: 0.5495
Epoch 544/1000, Train Loss: 0.4900, Validation Loss: 4.0244
Epoch 545/1000, Train Loss: 0.4961, Validation Loss: 1.4434
Epoch 546/1000, Train Loss: 0.4855, Validation Loss: 4.1950
Epoch 547/1000, Train Loss: 0.4871, Validation Loss: 1.3274
Epoch 548/1000, Train Loss: 0.4867, Validation Loss: 2.2338
Epoch 549/1000, Train Loss: 0.4881, Validation Loss: 3.0897
Epoch 550/1000, Train Loss: 0.4943, Validation Loss: 2.7523
Epoch 551/1000, Train Loss: 0.4889, Validation Loss: 3.0045
Epoch 552/1000, Train Loss: 0.4862, Validation Loss: 1.6220
Epoch 553/1000, Train Loss: 0.4975, Validation Loss: 3.3136
Epoch 554/1000, Train Loss: 0.4986, Validation Loss: 4.1291
Epoch 555/1000, Train Loss: 0.4924, Validation Loss: 3.9040
Epoch 556/1000, Train Loss: 0.4972, Validation Loss: 1.8069
Epoch 557/1000, Train Loss: 0.4849, Validation Loss: 3.1433
Epoch 558/1000, Train Loss: 0.4909, Validation Loss: 3.6469
Epoch 559/1000, Train Loss: 0.4817, Validation Loss: 0.4891
Epoch 560/1000, Train Loss: 0.4857, Validation Loss: 0.7323
Epoch 561/1000, Train Loss: 0.4809, Validation Loss: 2.3545
Epoch 562/1000, Train Loss: 0.4880, Validation Loss: 2.0964
Epoch 563/1000, Train Loss: 0.5165, Validation Loss: 2.8013
Epoch 564/1000, Train Loss: 0.4930, Validation Loss: 1.4514
Epoch 565/1000, Train Loss: 0.4816, Validation Loss: 0.7938
Epoch 566/1000, Train Loss: 0.4943, Validation Loss: 2.3820
Epoch 567/1000, Train Loss: 0.4843, Validation Loss: 1.3929
Epoch 568/1000, Train Loss: 0.4851, Validation Loss: 0.6505
Epoch 569/1000, Train Loss: 0.4840, Validation Loss: 0.8288
Epoch 570/1000, Train Loss: 0.5117, Validation Loss: 0.5104
Epoch 571/1000, Train Loss: 0.4990, Validation Loss: 4.2299
Epoch 572/1000, Train Loss: 0.4916, Validation Loss: 2.4878
Epoch 573/1000, Train Loss: 0.4865, Validation Loss: 5.3253
Epoch 574/1000, Train Loss: 0.4905, Validation Loss: 2.3845
Epoch 575/1000, Train Loss: 0.4905, Validation Loss: 1.3298
Epoch 576/1000, Train Loss: 0.4837, Validation Loss: 2.1139
Epoch 577/1000, Train Loss: 0.4812, Validation Loss: 0.6236
Epoch 578/1000, Train Loss: 0.4926, Validation Loss: 4.9856
Epoch 579/1000, Train Loss: 0.4883, Validation Loss: 3.5533
Epoch 580/1000, Train Loss: 0.5045, Validation Loss: 2.2205
Epoch 581/1000, Train Loss: 0.4894, Validation Loss: 6.5803
Epoch 582/1000, Train Loss: 0.4782, Validation Loss: 1.0264
Epoch 583/1000, Train Loss: 0.4806, Validation Loss: 2.4853
Epoch 584/1000, Train Loss: 0.4842, Validation Loss: 6.7289
Epoch 585/1000, Train Loss: 0.5035, Validation Loss: 1.1880
Epoch 586/1000, Train Loss: 0.4844, Validation Loss: 0.4767
Epoch 587/1000, Train Loss: 0.4782, Validation Loss: 2.6188
Epoch 588/1000, Train Loss: 0.4871, Validation Loss: 1.0929
Epoch 589/1000, Train Loss: 0.4888, Validation Loss: 0.9799
Epoch 590/1000, Train Loss: 0.4900, Validation Loss: 5.7965
Epoch 591/1000, Train Loss: 0.5088, Validation Loss: 4.0568
Epoch 592/1000, Train Loss: 0.4811, Validation Loss: 2.4604
Epoch 593/1000, Train Loss: 0.4859, Validation Loss: 1.5465
Epoch 594/1000, Train Loss: 0.4951, Validation Loss: 1.9247
Epoch 595/1000, Train Loss: 0.4863, Validation Loss: 6.7413
Epoch 596/1000, Train Loss: 0.4931, Validation Loss: 1.1016
Epoch 597/1000, Train Loss: 0.4850, Validation Loss: 0.6785
Epoch 598/1000, Train Loss: 0.5035, Validation Loss: 5.3108
Epoch 599/1000, Train Loss: 0.4887, Validation Loss: 1.2807
Epoch 600/1000, Train Loss: 0.4908, Validation Loss: 5.8467
Epoch 601/1000, Train Loss: 0.4959, Validation Loss: 0.8877
Epoch 602/1000, Train Loss: 0.5257, Validation Loss: 2.8773
Epoch 603/1000, Train Loss: 0.4813, Validation Loss: 2.3638
Epoch 604/1000, Train Loss: 0.5233, Validation Loss: 1.1666
Epoch 605/1000, Train Loss: 0.4921, Validation Loss: 2.8611
Epoch 606/1000, Train Loss: 0.4825, Validation Loss: 1.0174
Epoch 607/1000, Train Loss: 0.4820, Validation Loss: 6.5320
Epoch 608/1000, Train Loss: 0.4930, Validation Loss: 1.6770
Epoch 609/1000, Train Loss: 0.4913, Validation Loss: 1.7260
Epoch 610/1000, Train Loss: 0.4889, Validation Loss: 2.6007
Epoch 611/1000, Train Loss: 0.4892, Validation Loss: 5.5232
Epoch 612/1000, Train Loss: 0.4821, Validation Loss: 2.7139
Epoch 613/1000, Train Loss: 0.4808, Validation Loss: 1.8241
Epoch 614/1000, Train Loss: 0.4829, Validation Loss: 0.9535
Epoch 615/1000, Train Loss: 0.4897, Validation Loss: 4.8324
Epoch 616/1000, Train Loss: 0.4893, Validation Loss: 5.4917
Epoch 617/1000, Train Loss: 0.4789, Validation Loss: 2.3354
Epoch 618/1000, Train Loss: 0.4868, Validation Loss: 0.5717
Epoch 619/1000, Train Loss: 0.4830, Validation Loss: 0.7069
Epoch 620/1000, Train Loss: 0.4840, Validation Loss: 3.0815
Epoch 621/1000, Train Loss: 0.4925, Validation Loss: 1.8296
Epoch 622/1000, Train Loss: 0.4787, Validation Loss: 1.2363
Epoch 623/1000, Train Loss: 0.4823, Validation Loss: 5.3651
Epoch 624/1000, Train Loss: 0.4983, Validation Loss: 0.7165
Epoch 625/1000, Train Loss: 0.4805, Validation Loss: 3.3671
Epoch 626/1000, Train Loss: 0.4797, Validation Loss: 1.6048
Epoch 627/1000, Train Loss: 0.4953, Validation Loss: 0.8986
Epoch 628/1000, Train Loss: 0.4808, Validation Loss: 3.6332
Epoch 629/1000, Train Loss: 0.4857, Validation Loss: 0.6973
Epoch 630/1000, Train Loss: 0.4762, Validation Loss: 2.8530
Epoch 631/1000, Train Loss: 0.5074, Validation Loss: 1.1462
Epoch 632/1000, Train Loss: 0.4707, Validation Loss: 1.3870
Epoch 633/1000, Train Loss: 0.4756, Validation Loss: 1.8808
Epoch 634/1000, Train Loss: 0.4834, Validation Loss: 0.8087
Epoch 635/1000, Train Loss: 0.4843, Validation Loss: 1.1699
Epoch 636/1000, Train Loss: 0.4848, Validation Loss: 2.3538
Epoch 637/1000, Train Loss: 0.4794, Validation Loss: 1.4614
Epoch 638/1000, Train Loss: 0.4896, Validation Loss: 1.5128
Epoch 639/1000, Train Loss: 0.4681, Validation Loss: 3.9845
Epoch 640/1000, Train Loss: 0.4811, Validation Loss: 0.8323
Epoch 641/1000, Train Loss: 0.4909, Validation Loss: 1.4013
Epoch 642/1000, Train Loss: 0.4837, Validation Loss: 0.8862
Epoch 643/1000, Train Loss: 0.4791, Validation Loss: 0.9726
Epoch 644/1000, Train Loss: 0.4797, Validation Loss: 1.4158
Epoch 645/1000, Train Loss: 0.4753, Validation Loss: 3.6776
Epoch 646/1000, Train Loss: 0.4745, Validation Loss: 0.7761
Epoch 647/1000, Train Loss: 0.4854, Validation Loss: 6.3146
Epoch 648/1000, Train Loss: 0.4754, Validation Loss: 2.6403
Epoch 649/1000, Train Loss: 0.4760, Validation Loss: 6.2814
Epoch 650/1000, Train Loss: 0.5005, Validation Loss: 1.1223
Epoch 651/1000, Train Loss: 0.4868, Validation Loss: 11.9607
Epoch 652/1000, Train Loss: 0.4802, Validation Loss: 1.1036
Epoch 653/1000, Train Loss: 1.4621, Validation Loss: 1.2958
Epoch 654/1000, Train Loss: 0.4822, Validation Loss: 0.7366
Epoch 655/1000, Train Loss: 0.4757, Validation Loss: 0.5188
Epoch 656/1000, Train Loss: 0.4750, Validation Loss: 1.0060
Epoch 657/1000, Train Loss: 0.5101, Validation Loss: 1.0246
Epoch 658/1000, Train Loss: 0.4865, Validation Loss: 3.7763
Epoch 659/1000, Train Loss: 0.4797, Validation Loss: 0.6359
Epoch 660/1000, Train Loss: 0.4786, Validation Loss: 1.0672
Epoch 661/1000, Train Loss: 0.4813, Validation Loss: 1.3405
Epoch 662/1000, Train Loss: 0.4889, Validation Loss: 0.7529
Epoch 663/1000, Train Loss: 0.4861, Validation Loss: 1.6473
Epoch 664/1000, Train Loss: 0.4779, Validation Loss: 3.4474
Epoch 665/1000, Train Loss: 0.6918, Validation Loss: 3.4606
Epoch 666/1000, Train Loss: 0.4924, Validation Loss: 4.3825
Epoch 667/1000, Train Loss: 0.4757, Validation Loss: 4.5279
Epoch 668/1000, Train Loss: 0.5086, Validation Loss: 0.5458
Epoch 669/1000, Train Loss: 0.4817, Validation Loss: 3.2103
Epoch 670/1000, Train Loss: 0.4774, Validation Loss: 1.2582
Epoch 671/1000, Train Loss: 0.4826, Validation Loss: 1.3545
Epoch 672/1000, Train Loss: 0.4834, Validation Loss: 2.4213
Epoch 673/1000, Train Loss: 0.4737, Validation Loss: 0.6704
Epoch 674/1000, Train Loss: 0.4797, Validation Loss: 3.8204
Epoch 675/1000, Train Loss: 0.4832, Validation Loss: 2.3336
Epoch 676/1000, Train Loss: 0.4821, Validation Loss: 1.9167
Epoch 677/1000, Train Loss: 0.4885, Validation Loss: 4.7217
Epoch 678/1000, Train Loss: 0.4812, Validation Loss: 3.0591
Epoch 679/1000, Train Loss: 0.4833, Validation Loss: 2.1554
Epoch 680/1000, Train Loss: 0.4844, Validation Loss: 0.7739
Epoch 681/1000, Train Loss: 0.4774, Validation Loss: 2.6672
Epoch 682/1000, Train Loss: 0.4726, Validation Loss: 4.6463
Epoch 683/1000, Train Loss: 0.4807, Validation Loss: 2.2590
Epoch 684/1000, Train Loss: 0.4877, Validation Loss: 1.1652
Epoch 685/1000, Train Loss: 0.4791, Validation Loss: 1.1472
Epoch 686/1000, Train Loss: 0.4765, Validation Loss: 0.6238
Epoch 687/1000, Train Loss: 0.4781, Validation Loss: 0.8778
Epoch 688/1000, Train Loss: 0.4900, Validation Loss: 1.6656
Epoch 689/1000, Train Loss: 0.4798, Validation Loss: 0.7888
Epoch 690/1000, Train Loss: 0.4725, Validation Loss: 1.5356
Epoch 691/1000, Train Loss: 0.4780, Validation Loss: 1.4797
Epoch 692/1000, Train Loss: 0.4869, Validation Loss: 2.9235
Epoch 693/1000, Train Loss: 0.4951, Validation Loss: 3.3041
Epoch 694/1000, Train Loss: 0.4860, Validation Loss: 0.5934
Epoch 695/1000, Train Loss: 0.4877, Validation Loss: 0.6970
Epoch 696/1000, Train Loss: 0.4742, Validation Loss: 1.0217
Epoch 697/1000, Train Loss: 0.4894, Validation Loss: 0.6642
Epoch 698/1000, Train Loss: 0.4825, Validation Loss: 1.1880
Epoch 699/1000, Train Loss: 0.4951, Validation Loss: 3.8945
Epoch 700/1000, Train Loss: 0.4753, Validation Loss: 1.1188
Epoch 701/1000, Train Loss: 0.4769, Validation Loss: 1.2188
Epoch 702/1000, Train Loss: 0.4804, Validation Loss: 0.5474
Epoch 703/1000, Train Loss: 0.4716, Validation Loss: 5.5424
Epoch 704/1000, Train Loss: 0.4764, Validation Loss: 0.6447
Epoch 705/1000, Train Loss: 0.4869, Validation Loss: 0.6994
Epoch 706/1000, Train Loss: 0.4847, Validation Loss: 0.9435
Epoch 707/1000, Train Loss: 0.4831, Validation Loss: 1.4289
Epoch 708/1000, Train Loss: 0.4741, Validation Loss: 1.6711
Epoch 709/1000, Train Loss: 0.4780, Validation Loss: 4.6347
Epoch 710/1000, Train Loss: 0.4936, Validation Loss: 1.8475
Epoch 711/1000, Train Loss: 0.4825, Validation Loss: 0.7070
Epoch 712/1000, Train Loss: 0.4722, Validation Loss: 0.6808
Epoch 713/1000, Train Loss: 0.4760, Validation Loss: 5.6719
Epoch 714/1000, Train Loss: 0.4829, Validation Loss: 0.8341
Epoch 715/1000, Train Loss: 1.0681, Validation Loss: 0.7507
Epoch 716/1000, Train Loss: 0.4725, Validation Loss: 2.7206
Epoch 717/1000, Train Loss: 0.4756, Validation Loss: 1.4640
Epoch 718/1000, Train Loss: 0.4794, Validation Loss: 0.6511
Epoch 719/1000, Train Loss: 0.4773, Validation Loss: 0.6917
Epoch 720/1000, Train Loss: 0.7220, Validation Loss: 3.1092
Epoch 721/1000, Train Loss: 0.4743, Validation Loss: 0.6869
Epoch 722/1000, Train Loss: 0.4743, Validation Loss: 4.6556
Epoch 723/1000, Train Loss: 0.4743, Validation Loss: 1.2986
Epoch 724/1000, Train Loss: 0.4794, Validation Loss: 1.2365
Epoch 725/1000, Train Loss: 0.4740, Validation Loss: 0.6462
Epoch 726/1000, Train Loss: 0.4762, Validation Loss: 3.5778
Epoch 727/1000, Train Loss: 0.4752, Validation Loss: 1.5987
Epoch 728/1000, Train Loss: 0.4842, Validation Loss: 0.8727
Epoch 729/1000, Train Loss: 0.4956, Validation Loss: 3.4714
Epoch 730/1000, Train Loss: 0.4870, Validation Loss: 0.9627
Epoch 731/1000, Train Loss: 0.4790, Validation Loss: 0.7322
Epoch 732/1000, Train Loss: 0.4700, Validation Loss: 3.9771
Epoch 733/1000, Train Loss: 0.4769, Validation Loss: 1.3904
Epoch 734/1000, Train Loss: 0.4788, Validation Loss: 1.5610
Epoch 735/1000, Train Loss: 0.4714, Validation Loss: 0.9151
Epoch 736/1000, Train Loss: 0.4929, Validation Loss: 1.0829
Epoch 737/1000, Train Loss: 0.4689, Validation Loss: 1.0906
Epoch 738/1000, Train Loss: 0.4897, Validation Loss: 3.2867
Epoch 739/1000, Train Loss: 0.4828, Validation Loss: 0.9700
Epoch 740/1000, Train Loss: 0.4713, Validation Loss: 2.4381
Epoch 741/1000, Train Loss: 0.4738, Validation Loss: 1.9671
Epoch 742/1000, Train Loss: 0.4823, Validation Loss: 0.5177
Epoch 743/1000, Train Loss: 0.4820, Validation Loss: 3.5489
Epoch 744/1000, Train Loss: 0.4673, Validation Loss: 2.6249
Epoch 745/1000, Train Loss: 0.4749, Validation Loss: 1.8504
Epoch 746/1000, Train Loss: 0.4704, Validation Loss: 3.8043
Epoch 747/1000, Train Loss: 0.4748, Validation Loss: 1.7479
Epoch 748/1000, Train Loss: 0.4764, Validation Loss: 5.5158
Epoch 749/1000, Train Loss: 0.4766, Validation Loss: 0.7002
Epoch 750/1000, Train Loss: 0.4846, Validation Loss: 3.9579
Epoch 751/1000, Train Loss: 0.4814, Validation Loss: 4.0059
Epoch 752/1000, Train Loss: 0.4745, Validation Loss: 0.7339
Epoch 753/1000, Train Loss: 0.5118, Validation Loss: 2.2548
Epoch 754/1000, Train Loss: 0.4869, Validation Loss: 2.0857
Epoch 755/1000, Train Loss: 0.4751, Validation Loss: 0.9821
Epoch 756/1000, Train Loss: 0.4755, Validation Loss: 2.7239
Epoch 757/1000, Train Loss: 0.4757, Validation Loss: 0.7595
Epoch 758/1000, Train Loss: 0.4831, Validation Loss: 2.8457
Epoch 759/1000, Train Loss: 0.4735, Validation Loss: 1.5162
Epoch 760/1000, Train Loss: 0.4687, Validation Loss: 3.6365
Epoch 761/1000, Train Loss: 0.4814, Validation Loss: 2.6453
Epoch 762/1000, Train Loss: 0.4774, Validation Loss: 2.6254
Epoch 763/1000, Train Loss: 0.4857, Validation Loss: 1.1779
Epoch 764/1000, Train Loss: 0.4776, Validation Loss: 0.6853
Epoch 765/1000, Train Loss: 0.4718, Validation Loss: 1.4548
Epoch 766/1000, Train Loss: 0.4817, Validation Loss: 3.8437
Epoch 767/1000, Train Loss: 0.4897, Validation Loss: 1.1482
Epoch 768/1000, Train Loss: 0.4694, Validation Loss: 4.4820
Epoch 769/1000, Train Loss: 0.4846, Validation Loss: 2.0563
Epoch 770/1000, Train Loss: 0.4755, Validation Loss: 0.9754
Epoch 771/1000, Train Loss: 0.4986, Validation Loss: 0.6427
Epoch 772/1000, Train Loss: 0.4794, Validation Loss: 3.9257
Epoch 773/1000, Train Loss: 0.4746, Validation Loss: 3.8529
Epoch 774/1000, Train Loss: 0.4815, Validation Loss: 0.7425
Epoch 775/1000, Train Loss: 0.4834, Validation Loss: 2.9961
Epoch 776/1000, Train Loss: 0.4775, Validation Loss: 1.8021
Epoch 777/1000, Train Loss: 0.4715, Validation Loss: 1.4499
Epoch 778/1000, Train Loss: 0.4778, Validation Loss: 1.7955
Epoch 779/1000, Train Loss: 0.4714, Validation Loss: 0.9287
Epoch 780/1000, Train Loss: 0.4721, Validation Loss: 0.7664
Epoch 781/1000, Train Loss: 0.4686, Validation Loss: 2.8273
Epoch 782/1000, Train Loss: 0.4780, Validation Loss: 1.5722
Epoch 783/1000, Train Loss: 0.4723, Validation Loss: 6.5576
Epoch 784/1000, Train Loss: 0.4697, Validation Loss: 3.6175
Epoch 785/1000, Train Loss: 0.4783, Validation Loss: 2.9372
Epoch 786/1000, Train Loss: 0.4756, Validation Loss: 1.0805
Epoch 787/1000, Train Loss: 0.4864, Validation Loss: 3.3099
Epoch 788/1000, Train Loss: 0.4827, Validation Loss: 2.0870
Epoch 789/1000, Train Loss: 0.4767, Validation Loss: 0.6614
Epoch 790/1000, Train Loss: 0.4816, Validation Loss: 3.1134
Epoch 791/1000, Train Loss: 0.4860, Validation Loss: 2.7741
Epoch 792/1000, Train Loss: 0.4841, Validation Loss: 2.4638
Epoch 793/1000, Train Loss: 0.4814, Validation Loss: 1.5304
Epoch 794/1000, Train Loss: 0.4776, Validation Loss: 1.2888
Epoch 795/1000, Train Loss: 0.4723, Validation Loss: 0.8212
Epoch 796/1000, Train Loss: 0.4861, Validation Loss: 1.5764
Epoch 797/1000, Train Loss: 0.4754, Validation Loss: 4.2654
Epoch 798/1000, Train Loss: 0.4743, Validation Loss: 1.5971
Epoch 799/1000, Train Loss: 0.4850, Validation Loss: 4.4902
Epoch 800/1000, Train Loss: 0.4683, Validation Loss: 0.6039
Epoch 801/1000, Train Loss: 0.4748, Validation Loss: 1.8959
Epoch 802/1000, Train Loss: 0.8505, Validation Loss: 1.1444
Epoch 803/1000, Train Loss: 0.4665, Validation Loss: 0.6261
Epoch 804/1000, Train Loss: 0.4869, Validation Loss: 0.5830
Epoch 805/1000, Train Loss: 0.4822, Validation Loss: 2.7517
Epoch 806/1000, Train Loss: 0.4868, Validation Loss: 1.1784
Epoch 807/1000, Train Loss: 0.4818, Validation Loss: 2.0939
Epoch 808/1000, Train Loss: 0.4715, Validation Loss: 1.8717
Epoch 809/1000, Train Loss: 0.4805, Validation Loss: 7.2934
Epoch 810/1000, Train Loss: 0.4815, Validation Loss: 1.5614
Epoch 811/1000, Train Loss: 0.4756, Validation Loss: 2.1397
Epoch 812/1000, Train Loss: 0.5958, Validation Loss: 1.0811
Epoch 813/1000, Train Loss: 0.4831, Validation Loss: 0.6516
Epoch 814/1000, Train Loss: 0.4702, Validation Loss: 1.7375
Epoch 815/1000, Train Loss: 0.4693, Validation Loss: 0.7065
Epoch 816/1000, Train Loss: 0.4768, Validation Loss: 0.7652
Epoch 817/1000, Train Loss: 0.4788, Validation Loss: 1.5999
Epoch 818/1000, Train Loss: 0.4690, Validation Loss: 1.9261
Epoch 819/1000, Train Loss: 0.4814, Validation Loss: 0.6330
Epoch 820/1000, Train Loss: 0.4868, Validation Loss: 1.1112
Epoch 821/1000, Train Loss: 0.4830, Validation Loss: 0.9093
Epoch 822/1000, Train Loss: 0.4829, Validation Loss: 0.8147
Epoch 823/1000, Train Loss: 0.4669, Validation Loss: 0.8341
Epoch 824/1000, Train Loss: 0.4717, Validation Loss: 3.9627
Epoch 825/1000, Train Loss: 0.4799, Validation Loss: 0.7967
Epoch 826/1000, Train Loss: 0.4776, Validation Loss: 4.7649
Epoch 827/1000, Train Loss: 0.4839, Validation Loss: 2.3759
Epoch 828/1000, Train Loss: 0.4729, Validation Loss: 0.7381
Epoch 829/1000, Train Loss: 0.4751, Validation Loss: 2.5640
Epoch 830/1000, Train Loss: 0.4739, Validation Loss: 0.7052
Epoch 831/1000, Train Loss: 0.4695, Validation Loss: 0.5618
Epoch 832/1000, Train Loss: 0.4776, Validation Loss: 1.3040
Epoch 833/1000, Train Loss: 0.4810, Validation Loss: 0.9851
Epoch 834/1000, Train Loss: 0.4747, Validation Loss: 1.4921
Epoch 835/1000, Train Loss: 0.4819, Validation Loss: 0.9686
Epoch 836/1000, Train Loss: 0.4663, Validation Loss: 0.9939
Epoch 837/1000, Train Loss: 0.4736, Validation Loss: 2.2766
Epoch 838/1000, Train Loss: 0.4809, Validation Loss: 1.0609
Epoch 839/1000, Train Loss: 0.4774, Validation Loss: 7.1304
Epoch 840/1000, Train Loss: 0.4713, Validation Loss: 2.0306
Epoch 841/1000, Train Loss: 0.4843, Validation Loss: 1.9726
Epoch 842/1000, Train Loss: 0.4729, Validation Loss: 0.7744
Epoch 843/1000, Train Loss: 0.4812, Validation Loss: 1.1805
Epoch 844/1000, Train Loss: 0.4713, Validation Loss: 0.7863
Epoch 845/1000, Train Loss: 0.4653, Validation Loss: 3.4492
Epoch 846/1000, Train Loss: 0.4710, Validation Loss: 0.5300
Epoch 847/1000, Train Loss: 0.4747, Validation Loss: 7.8159
Epoch 848/1000, Train Loss: 0.4842, Validation Loss: 0.8132
Epoch 849/1000, Train Loss: 0.4661, Validation Loss: 1.5321
Epoch 850/1000, Train Loss: 0.4821, Validation Loss: 3.9582
Epoch 851/1000, Train Loss: 0.4713, Validation Loss: 1.8793
Epoch 852/1000, Train Loss: 0.4750, Validation Loss: 1.6804
Epoch 853/1000, Train Loss: 0.4677, Validation Loss: 5.9665
Epoch 854/1000, Train Loss: 0.4786, Validation Loss: 1.1481
Epoch 855/1000, Train Loss: 0.4795, Validation Loss: 1.7310
Epoch 856/1000, Train Loss: 0.4814, Validation Loss: 0.8528
Epoch 857/1000, Train Loss: 0.4598, Validation Loss: 2.5167
Epoch 858/1000, Train Loss: 0.4652, Validation Loss: 2.0622
Epoch 859/1000, Train Loss: 0.4676, Validation Loss: 2.9302
Epoch 860/1000, Train Loss: 0.4816, Validation Loss: 0.8545
Epoch 861/1000, Train Loss: 0.4697, Validation Loss: 0.5659
Epoch 862/1000, Train Loss: 0.4889, Validation Loss: 0.9403
Epoch 863/1000, Train Loss: 0.4755, Validation Loss: 0.6639
Epoch 864/1000, Train Loss: 0.4876, Validation Loss: 0.7533
Epoch 865/1000, Train Loss: 0.4668, Validation Loss: 0.7968
Epoch 866/1000, Train Loss: 0.4770, Validation Loss: 2.1536
Epoch 867/1000, Train Loss: 0.4652, Validation Loss: 0.8361
Epoch 868/1000, Train Loss: 0.4807, Validation Loss: 2.1102
Epoch 869/1000, Train Loss: 0.4729, Validation Loss: 1.8819
Epoch 870/1000, Train Loss: 0.4856, Validation Loss: 0.9772
Epoch 871/1000, Train Loss: 0.4678, Validation Loss: 1.9337
Epoch 872/1000, Train Loss: 0.4876, Validation Loss: 0.4862
Epoch 873/1000, Train Loss: 0.4680, Validation Loss: 2.7379
Epoch 874/1000, Train Loss: 0.4690, Validation Loss: 2.2367
Epoch 875/1000, Train Loss: 0.4721, Validation Loss: 2.7563
Epoch 876/1000, Train Loss: 0.4779, Validation Loss: 0.6153
Epoch 877/1000, Train Loss: 0.4596, Validation Loss: 1.1574
Epoch 878/1000, Train Loss: 0.4654, Validation Loss: 1.2065
Epoch 879/1000, Train Loss: 0.4705, Validation Loss: 1.2728
Epoch 880/1000, Train Loss: 0.4762, Validation Loss: 1.8687
Epoch 881/1000, Train Loss: 0.4791, Validation Loss: 2.8599
Epoch 882/1000, Train Loss: 0.4727, Validation Loss: 4.6816
Epoch 883/1000, Train Loss: 0.4645, Validation Loss: 0.7131
Epoch 884/1000, Train Loss: 0.4825, Validation Loss: 3.6794
Epoch 885/1000, Train Loss: 0.4632, Validation Loss: 1.6856
Epoch 886/1000, Train Loss: 0.4722, Validation Loss: 1.0617
Epoch 887/1000, Train Loss: 0.4703, Validation Loss: 0.6656
Epoch 888/1000, Train Loss: 0.4720, Validation Loss: 0.4966
Epoch 889/1000, Train Loss: 0.4601, Validation Loss: 0.5695
Epoch 890/1000, Train Loss: 0.4691, Validation Loss: 1.9311
Epoch 891/1000, Train Loss: 0.4876, Validation Loss: 0.6327
Epoch 892/1000, Train Loss: 0.4760, Validation Loss: 8.1167
Epoch 893/1000, Train Loss: 0.4771, Validation Loss: 1.3205
Epoch 894/1000, Train Loss: 0.4782, Validation Loss: 1.4780
Epoch 895/1000, Train Loss: 0.4681, Validation Loss: 0.7737
Epoch 896/1000, Train Loss: 0.4775, Validation Loss: 1.3063
Epoch 897/1000, Train Loss: 0.4745, Validation Loss: 4.7373
Epoch 898/1000, Train Loss: 0.4663, Validation Loss: 1.9050
Epoch 899/1000, Train Loss: 0.4679, Validation Loss: 2.4779
Epoch 900/1000, Train Loss: 0.4720, Validation Loss: 2.1147
Epoch 901/1000, Train Loss: 0.4880, Validation Loss: 1.4343
Epoch 902/1000, Train Loss: 0.4678, Validation Loss: 1.1030
Epoch 903/1000, Train Loss: 0.4649, Validation Loss: 1.5427
Epoch 904/1000, Train Loss: 0.4767, Validation Loss: 0.7909
Epoch 905/1000, Train Loss: 0.4735, Validation Loss: 1.0684
Epoch 906/1000, Train Loss: 0.4768, Validation Loss: 1.1882
Epoch 907/1000, Train Loss: 0.4587, Validation Loss: 1.7296
Epoch 908/1000, Train Loss: 0.4733, Validation Loss: 0.8243
Epoch 909/1000, Train Loss: 0.4804, Validation Loss: 7.1150
Epoch 910/1000, Train Loss: 0.4670, Validation Loss: 1.1588
Epoch 911/1000, Train Loss: 0.4654, Validation Loss: 0.9653
Epoch 912/1000, Train Loss: 0.4752, Validation Loss: 2.4011
Epoch 913/1000, Train Loss: 0.4709, Validation Loss: 1.5253
Epoch 914/1000, Train Loss: 0.4875, Validation Loss: 3.0579
Epoch 915/1000, Train Loss: 0.4688, Validation Loss: 6.3341
Epoch 916/1000, Train Loss: 0.4813, Validation Loss: 1.0271
Epoch 917/1000, Train Loss: 0.4746, Validation Loss: 0.9598
Epoch 918/1000, Train Loss: 0.4717, Validation Loss: 0.6893
Epoch 919/1000, Train Loss: 0.4696, Validation Loss: 5.0559
Epoch 920/1000, Train Loss: 0.4942, Validation Loss: 1.8558
Epoch 921/1000, Train Loss: 0.4678, Validation Loss: 2.5828
Epoch 922/1000, Train Loss: 0.4772, Validation Loss: 1.6440
Epoch 923/1000, Train Loss: 0.4801, Validation Loss: 0.8596
Epoch 924/1000, Train Loss: 0.4720, Validation Loss: 4.7899
Epoch 925/1000, Train Loss: 0.4682, Validation Loss: 0.4807
Epoch 926/1000, Train Loss: 0.4691, Validation Loss: 0.9448
Epoch 927/1000, Train Loss: 0.4786, Validation Loss: 1.6614
Epoch 928/1000, Train Loss: 0.4703, Validation Loss: 1.3933
Epoch 929/1000, Train Loss: 0.4885, Validation Loss: 0.7475
Epoch 930/1000, Train Loss: 0.4751, Validation Loss: 0.9777
Epoch 931/1000, Train Loss: 0.4701, Validation Loss: 2.1955
Epoch 932/1000, Train Loss: 0.4699, Validation Loss: 0.6981
Epoch 933/1000, Train Loss: 0.4632, Validation Loss: 0.6786
Epoch 934/1000, Train Loss: 0.4752, Validation Loss: 4.8244
Epoch 935/1000, Train Loss: 0.4776, Validation Loss: 2.9201
Epoch 936/1000, Train Loss: 0.4735, Validation Loss: 1.3009
Epoch 937/1000, Train Loss: 0.4722, Validation Loss: 3.4367
Epoch 938/1000, Train Loss: 0.4639, Validation Loss: 1.3675
Epoch 939/1000, Train Loss: 0.4747, Validation Loss: 2.8068
Epoch 940/1000, Train Loss: 0.4678, Validation Loss: 2.5300
Epoch 941/1000, Train Loss: 0.4663, Validation Loss: 1.7551
Epoch 942/1000, Train Loss: 0.4688, Validation Loss: 1.6763
Epoch 943/1000, Train Loss: 0.4701, Validation Loss: 2.1134
Epoch 944/1000, Train Loss: 0.4646, Validation Loss: 6.6167
Epoch 945/1000, Train Loss: 0.4694, Validation Loss: 0.5388
Epoch 946/1000, Train Loss: 0.4813, Validation Loss: 0.7650
Epoch 947/1000, Train Loss: 0.4615, Validation Loss: 0.7834
Epoch 948/1000, Train Loss: 0.4642, Validation Loss: 0.9095
Epoch 949/1000, Train Loss: 0.4603, Validation Loss: 1.6991
Epoch 950/1000, Train Loss: 0.4597, Validation Loss: 1.1717
Epoch 951/1000, Train Loss: 0.4709, Validation Loss: 0.6288
Epoch 952/1000, Train Loss: 0.4699, Validation Loss: 0.5556
Epoch 953/1000, Train Loss: 0.4816, Validation Loss: 2.3543
Epoch 954/1000, Train Loss: 0.4663, Validation Loss: 0.6070
Epoch 955/1000, Train Loss: 0.4590, Validation Loss: 5.1539
Epoch 956/1000, Train Loss: 0.4692, Validation Loss: 1.0273
Epoch 957/1000, Train Loss: 0.4617, Validation Loss: 2.2579
Epoch 958/1000, Train Loss: 0.4603, Validation Loss: 0.7076
Epoch 959/1000, Train Loss: 0.4679, Validation Loss: 0.7315
Epoch 960/1000, Train Loss: 0.4623, Validation Loss: 0.7381
Epoch 961/1000, Train Loss: 0.4743, Validation Loss: 0.5536
Epoch 962/1000, Train Loss: 0.4765, Validation Loss: 3.5041
Epoch 963/1000, Train Loss: 0.4686, Validation Loss: 0.6641
Epoch 964/1000, Train Loss: 0.4680, Validation Loss: 4.1504
Epoch 965/1000, Train Loss: 0.4677, Validation Loss: 1.0718
Epoch 966/1000, Train Loss: 0.4750, Validation Loss: 1.3008
Epoch 967/1000, Train Loss: 0.4776, Validation Loss: 0.5450
Epoch 968/1000, Train Loss: 0.4590, Validation Loss: 3.6981
Epoch 969/1000, Train Loss: 0.4754, Validation Loss: 3.5150
Epoch 970/1000, Train Loss: 0.4677, Validation Loss: 2.2136
Epoch 971/1000, Train Loss: 0.4828, Validation Loss: 1.1194
Epoch 972/1000, Train Loss: 0.4806, Validation Loss: 1.0180
Epoch 973/1000, Train Loss: 0.4683, Validation Loss: 1.3278
Epoch 974/1000, Train Loss: 0.4601, Validation Loss: 1.0075
Epoch 975/1000, Train Loss: 0.4639, Validation Loss: 3.7562
Epoch 976/1000, Train Loss: 0.4733, Validation Loss: 0.6794
Epoch 977/1000, Train Loss: 0.4591, Validation Loss: 1.7538
Epoch 978/1000, Train Loss: 0.4638, Validation Loss: 1.5136
Epoch 979/1000, Train Loss: 0.4655, Validation Loss: 0.6474
Epoch 980/1000, Train Loss: 0.4567, Validation Loss: 1.9279
Epoch 981/1000, Train Loss: 0.4603, Validation Loss: 0.8947
Epoch 982/1000, Train Loss: 0.4763, Validation Loss: 5.4814
Epoch 983/1000, Train Loss: 0.4616, Validation Loss: 0.9355
Epoch 984/1000, Train Loss: 0.4754, Validation Loss: 1.7909
Epoch 985/1000, Train Loss: 0.4687, Validation Loss: 0.7490
Epoch 986/1000, Train Loss: 0.4636, Validation Loss: 0.7224
Epoch 987/1000, Train Loss: 0.4670, Validation Loss: 2.1466
Epoch 988/1000, Train Loss: 0.4740, Validation Loss: 2.3364
Epoch 989/1000, Train Loss: 0.4821, Validation Loss: 3.3506
Epoch 990/1000, Train Loss: 0.4704, Validation Loss: 2.5648
Epoch 991/1000, Train Loss: 0.4857, Validation Loss: 3.6837
Epoch 992/1000, Train Loss: 0.4626, Validation Loss: 2.8900
Epoch 993/1000, Train Loss: 0.4734, Validation Loss: 2.5557
Epoch 994/1000, Train Loss: 0.4719, Validation Loss: 0.4855
Epoch 995/1000, Train Loss: 0.4659, Validation Loss: 0.9477
Epoch 996/1000, Train Loss: 0.4697, Validation Loss: 1.2114
Epoch 997/1000, Train Loss: 0.4671, Validation Loss: 0.6412
Epoch 998/1000, Train Loss: 0.4552, Validation Loss: 2.4120
Epoch 999/1000, Train Loss: 0.4601, Validation Loss: 0.9306
Epoch 1000/1000, Train Loss: 0.4659, Validation Loss: 3.4210
Best Training Loss: 0.4552
Best Training Loss Epoch: 998
Best Validation Loss: 0.4767
Best Validation Loss Epoch: 586
Time taken for training: 0-14:34:49
Test Loss: 0.4951
Test MAPE: 68808.3594%
Error Statistics:
count    4.127200e+04
mean     2.747914e+03
std      4.337474e+05
min      8.225441e-06
25%      1.252838e-01
50%      1.694646e+00
75%      2.302051e+01
max      8.757484e+07
Name: Absolute Error, dtype: float64
Training complete. Final model saved.
Saving model as a wandb Artifact...
Model artifact logged successfully.
[1;34mwandb[0m: 
[1;34mwandb[0m: 🚀 View run [33mclean-sweep-107[0m at: [34mhttps://wandb.ai/mk8737-new-york-university/rl_pretrain_hp_sweeps/runs/ot7syz9b[0m
[1;34mwandb[0m: Find logs at: [1;35mwandb/run-20251006_144039-ot7syz9b/logs[0m
Agent finished.
