Waiting for sweep ID...
Found Sweep ID: be12np04
Starting wandb agent for sweep be12np04...
TRAINING DEVICE: cpu
Run Name: GCN_global_hp_sweep_be12np04-fm3deipl
finidhed preparing data
Loading dataset from pretrain_dataset_12.5k_fixed_duplicates.pkl
Loaded 412712 data objects.
finished preparing data
Epoch 1/1000, Train Loss: 5.2364, Validation Loss: 3.6912
Epoch 2/1000, Train Loss: 1.4488, Validation Loss: 2.0021
Epoch 3/1000, Train Loss: 1.3119, Validation Loss: 7.1768
Epoch 4/1000, Train Loss: 1.2490, Validation Loss: 1.6015
Epoch 5/1000, Train Loss: 1.1429, Validation Loss: 0.9549
Epoch 6/1000, Train Loss: 1.1027, Validation Loss: 1.6952
Epoch 7/1000, Train Loss: 1.1126, Validation Loss: 1.4259
Epoch 8/1000, Train Loss: 1.1629, Validation Loss: 1.9222
Epoch 9/1000, Train Loss: 1.1828, Validation Loss: 1.5247
Epoch 10/1000, Train Loss: 1.0364, Validation Loss: 5.3796
Epoch 11/1000, Train Loss: 1.0482, Validation Loss: 1.2243
Epoch 12/1000, Train Loss: 1.0641, Validation Loss: 5.9907
Epoch 13/1000, Train Loss: 9.3339, Validation Loss: 2.5487
Epoch 14/1000, Train Loss: 1.0583, Validation Loss: 1.3502
Epoch 15/1000, Train Loss: 1.2469, Validation Loss: 1.5863
Epoch 16/1000, Train Loss: 0.9581, Validation Loss: 1.5999
Epoch 17/1000, Train Loss: 0.9647, Validation Loss: 0.9698
Epoch 18/1000, Train Loss: 9.5088, Validation Loss: 1.3812
Epoch 19/1000, Train Loss: 0.9428, Validation Loss: 2.1574
Epoch 20/1000, Train Loss: 0.9713, Validation Loss: 2.1707
Epoch 21/1000, Train Loss: 1.4728, Validation Loss: 1.6703
Epoch 22/1000, Train Loss: 0.9093, Validation Loss: 10.9558
Epoch 23/1000, Train Loss: 0.9115, Validation Loss: 6.9654
Epoch 24/1000, Train Loss: 1.1991, Validation Loss: 1.6243
Epoch 25/1000, Train Loss: 0.8952, Validation Loss: 1.4525
Epoch 26/1000, Train Loss: 0.9060, Validation Loss: 2.3271
Epoch 27/1000, Train Loss: 0.8710, Validation Loss: 2.1051
Epoch 28/1000, Train Loss: 0.9952, Validation Loss: 1.0432
Epoch 29/1000, Train Loss: 0.8692, Validation Loss: 2.9141
Epoch 30/1000, Train Loss: 0.8769, Validation Loss: 1.5926
Epoch 31/1000, Train Loss: 0.8403, Validation Loss: 1.6012
Epoch 32/1000, Train Loss: 0.8799, Validation Loss: 1.8790
Epoch 33/1000, Train Loss: 0.8208, Validation Loss: 1.6223
Epoch 34/1000, Train Loss: 0.8378, Validation Loss: 1.7074
Epoch 35/1000, Train Loss: 0.8761, Validation Loss: 2.2841
Epoch 36/1000, Train Loss: 0.8621, Validation Loss: 1.4493
Epoch 37/1000, Train Loss: 0.8411, Validation Loss: 1.3885
Epoch 38/1000, Train Loss: 0.8751, Validation Loss: 43.1689
Epoch 39/1000, Train Loss: 0.8410, Validation Loss: 1.9684
Epoch 40/1000, Train Loss: 0.8345, Validation Loss: 1.5169
Epoch 41/1000, Train Loss: 0.8925, Validation Loss: 1.5635
Epoch 42/1000, Train Loss: 0.7883, Validation Loss: 3.2280
Epoch 43/1000, Train Loss: 0.9510, Validation Loss: 1.0891
Epoch 44/1000, Train Loss: 0.7955, Validation Loss: 1.5667
Epoch 45/1000, Train Loss: 0.8019, Validation Loss: 0.8754
Epoch 46/1000, Train Loss: 0.7808, Validation Loss: 1.7774
Epoch 47/1000, Train Loss: 0.7911, Validation Loss: 1.2191
Epoch 48/1000, Train Loss: 1.0168, Validation Loss: 1.9754
Epoch 49/1000, Train Loss: 0.7974, Validation Loss: 2.8060
Epoch 50/1000, Train Loss: 0.7873, Validation Loss: 2.0307
Epoch 51/1000, Train Loss: 0.7671, Validation Loss: 4.6324
Epoch 52/1000, Train Loss: 0.7977, Validation Loss: 1.1515
Epoch 53/1000, Train Loss: 6.5300, Validation Loss: 6.3796
Epoch 54/1000, Train Loss: 0.7893, Validation Loss: 1.8195
Epoch 55/1000, Train Loss: 0.7581, Validation Loss: 0.8709
Epoch 56/1000, Train Loss: 0.7454, Validation Loss: 4.1543
Epoch 57/1000, Train Loss: 0.7908, Validation Loss: 2.8911
Epoch 58/1000, Train Loss: 0.7638, Validation Loss: 1.6907
Epoch 59/1000, Train Loss: 0.7449, Validation Loss: 1.9412
Epoch 60/1000, Train Loss: 0.8404, Validation Loss: 3.2456
Epoch 61/1000, Train Loss: 0.7409, Validation Loss: 2.6699
Epoch 62/1000, Train Loss: 0.7407, Validation Loss: 0.7732
Epoch 63/1000, Train Loss: 0.7901, Validation Loss: 0.9712
Epoch 64/1000, Train Loss: 0.7513, Validation Loss: 30.6412
Epoch 65/1000, Train Loss: 0.8464, Validation Loss: 3.0436
Epoch 66/1000, Train Loss: 0.7349, Validation Loss: 2.9184
Epoch 67/1000, Train Loss: 0.7388, Validation Loss: 1.0197
Epoch 68/1000, Train Loss: 1.0914, Validation Loss: 1.9813
Epoch 69/1000, Train Loss: 0.7581, Validation Loss: 1.2533
Epoch 70/1000, Train Loss: 0.7557, Validation Loss: 1.1271
Epoch 71/1000, Train Loss: 23.5499, Validation Loss: 6.8704
Epoch 72/1000, Train Loss: 0.7509, Validation Loss: 0.8889
Epoch 73/1000, Train Loss: 0.7402, Validation Loss: 1.7883
Epoch 74/1000, Train Loss: 0.7400, Validation Loss: 1.7131
Epoch 75/1000, Train Loss: 0.8194, Validation Loss: 1.4781
Epoch 76/1000, Train Loss: 0.7604, Validation Loss: 2.8547
Epoch 77/1000, Train Loss: 0.7436, Validation Loss: 3.3885
Epoch 78/1000, Train Loss: 0.7356, Validation Loss: 2.7596
Epoch 79/1000, Train Loss: 0.9433, Validation Loss: 1.2868
Epoch 80/1000, Train Loss: 0.7310, Validation Loss: 1.0724
Epoch 81/1000, Train Loss: 0.7467, Validation Loss: 2.4909
Epoch 82/1000, Train Loss: 0.7528, Validation Loss: 5.1898
Epoch 83/1000, Train Loss: 0.7317, Validation Loss: 0.8885
Epoch 84/1000, Train Loss: 0.7537, Validation Loss: 11.7594
Epoch 85/1000, Train Loss: 0.8518, Validation Loss: 1.6211
Epoch 86/1000, Train Loss: 0.7235, Validation Loss: 2.8456
Epoch 87/1000, Train Loss: 0.6940, Validation Loss: 3.4041
Epoch 88/1000, Train Loss: 0.7179, Validation Loss: 3.1904
Epoch 89/1000, Train Loss: 0.7213, Validation Loss: 3.4747
Epoch 90/1000, Train Loss: 0.7026, Validation Loss: 2.1493
Epoch 91/1000, Train Loss: 0.7279, Validation Loss: 1.7418
Epoch 92/1000, Train Loss: 0.7052, Validation Loss: 2.4190
Epoch 93/1000, Train Loss: 0.6980, Validation Loss: 2.7573
Epoch 94/1000, Train Loss: 1.5382, Validation Loss: 3.7349
Epoch 95/1000, Train Loss: 0.7112, Validation Loss: 1.1087
Epoch 96/1000, Train Loss: 0.8066, Validation Loss: 0.7809
Epoch 97/1000, Train Loss: 154.5244, Validation Loss: 2.1937
Epoch 98/1000, Train Loss: 0.6990, Validation Loss: 0.9945
Epoch 99/1000, Train Loss: 0.7083, Validation Loss: 1.2860
Epoch 100/1000, Train Loss: 0.7064, Validation Loss: 3.0220
Epoch 101/1000, Train Loss: 1.3795, Validation Loss: 3.0332
Epoch 102/1000, Train Loss: 0.7285, Validation Loss: 0.8395
Epoch 103/1000, Train Loss: 0.6976, Validation Loss: 1.3842
Epoch 104/1000, Train Loss: 0.6934, Validation Loss: 2.3972
Epoch 105/1000, Train Loss: 0.7423, Validation Loss: 1.6142
Epoch 106/1000, Train Loss: 0.7212, Validation Loss: 5.1791
Epoch 107/1000, Train Loss: 0.6918, Validation Loss: 0.7423
Epoch 108/1000, Train Loss: 0.7104, Validation Loss: 2.8474
Epoch 109/1000, Train Loss: 0.7595, Validation Loss: 5.6880
Epoch 110/1000, Train Loss: 1.3008, Validation Loss: 1.8618
Epoch 111/1000, Train Loss: 0.7119, Validation Loss: 1.3011
Epoch 112/1000, Train Loss: 0.7070, Validation Loss: 2.0331
Epoch 113/1000, Train Loss: 1.1575, Validation Loss: 0.8926
Epoch 114/1000, Train Loss: 0.7115, Validation Loss: 9.4466
Epoch 115/1000, Train Loss: 4.3612, Validation Loss: 1.4805
Epoch 116/1000, Train Loss: 0.6943, Validation Loss: 2.5985
Epoch 117/1000, Train Loss: 0.7095, Validation Loss: 2.9628
Epoch 118/1000, Train Loss: 0.7012, Validation Loss: 3.4544
Epoch 119/1000, Train Loss: 0.7026, Validation Loss: 1.4288
Epoch 120/1000, Train Loss: 0.6862, Validation Loss: 0.8431
Epoch 121/1000, Train Loss: 0.7299, Validation Loss: 0.9185
Epoch 122/1000, Train Loss: 0.6887, Validation Loss: 2.2831
Epoch 123/1000, Train Loss: 0.6790, Validation Loss: 1.8993
Epoch 124/1000, Train Loss: 0.6811, Validation Loss: 0.9379
Epoch 125/1000, Train Loss: 8.4055, Validation Loss: 1.1088
Epoch 126/1000, Train Loss: 0.6859, Validation Loss: 1.5370
Epoch 127/1000, Train Loss: 0.6883, Validation Loss: 2.2964
Epoch 128/1000, Train Loss: 0.7385, Validation Loss: 1.8210
Epoch 129/1000, Train Loss: 0.7138, Validation Loss: 2.8509
Epoch 130/1000, Train Loss: 0.6802, Validation Loss: 2.0564
Epoch 131/1000, Train Loss: 0.6995, Validation Loss: 1.2406
Epoch 132/1000, Train Loss: 0.7136, Validation Loss: 4.7025
Epoch 133/1000, Train Loss: 0.7276, Validation Loss: 0.8466
Epoch 134/1000, Train Loss: 0.7152, Validation Loss: 2.3029
Epoch 135/1000, Train Loss: 0.7129, Validation Loss: 4.6317
Epoch 136/1000, Train Loss: 0.6852, Validation Loss: 2.7010
Epoch 137/1000, Train Loss: 0.6897, Validation Loss: 1.8498
Epoch 138/1000, Train Loss: 0.6877, Validation Loss: 4.7739
Epoch 139/1000, Train Loss: 0.6984, Validation Loss: 1.3240
Epoch 140/1000, Train Loss: 0.9518, Validation Loss: 1.3014
Epoch 141/1000, Train Loss: 0.7046, Validation Loss: 2.1002
Epoch 142/1000, Train Loss: 0.6898, Validation Loss: 1.8017
Epoch 143/1000, Train Loss: 0.7840, Validation Loss: 3.0773
Epoch 144/1000, Train Loss: 0.7156, Validation Loss: 1.2016
Epoch 145/1000, Train Loss: 0.6599, Validation Loss: 1.8182
Epoch 146/1000, Train Loss: 0.7036, Validation Loss: 0.8747
Epoch 147/1000, Train Loss: 0.6824, Validation Loss: 1.5635
Epoch 148/1000, Train Loss: 0.6639, Validation Loss: 1.0721
Epoch 149/1000, Train Loss: 0.8134, Validation Loss: 1.7715
Epoch 150/1000, Train Loss: 0.6742, Validation Loss: 8.9699
Epoch 151/1000, Train Loss: 0.6902, Validation Loss: 1.4229
Epoch 152/1000, Train Loss: 0.6941, Validation Loss: 1.0294
Epoch 153/1000, Train Loss: 1.1159, Validation Loss: 0.9394
Epoch 154/1000, Train Loss: 0.6914, Validation Loss: 1.4759
Epoch 155/1000, Train Loss: 0.8084, Validation Loss: 1.4355
Epoch 156/1000, Train Loss: 0.6918, Validation Loss: 1.1771
Epoch 157/1000, Train Loss: 0.6722, Validation Loss: 1.1286
Epoch 158/1000, Train Loss: 0.7450, Validation Loss: 5.4710
Epoch 159/1000, Train Loss: 0.8106, Validation Loss: 15.2917
Epoch 160/1000, Train Loss: 0.6953, Validation Loss: 1.3490
Epoch 161/1000, Train Loss: 0.6789, Validation Loss: 1.4659
Epoch 162/1000, Train Loss: 0.7040, Validation Loss: 1.2837
Epoch 163/1000, Train Loss: 0.6689, Validation Loss: 1.5167
Epoch 164/1000, Train Loss: 0.7176, Validation Loss: 1.0977
Epoch 165/1000, Train Loss: 0.6620, Validation Loss: 0.8910
Epoch 166/1000, Train Loss: 0.7064, Validation Loss: 1.0945
Epoch 167/1000, Train Loss: 0.6805, Validation Loss: 1.4144
Epoch 168/1000, Train Loss: 0.6773, Validation Loss: 2.8254
Epoch 169/1000, Train Loss: 0.6871, Validation Loss: 2.2541
Epoch 170/1000, Train Loss: 26.6393, Validation Loss: 1.5076
Epoch 171/1000, Train Loss: 0.6875, Validation Loss: 1.0416
Epoch 172/1000, Train Loss: 0.6734, Validation Loss: 2.0203
Epoch 173/1000, Train Loss: 0.7052, Validation Loss: 1.4043
Epoch 174/1000, Train Loss: 0.6692, Validation Loss: 1.4429
Epoch 175/1000, Train Loss: 0.6766, Validation Loss: 1.2761
Epoch 176/1000, Train Loss: 0.7727, Validation Loss: 3.6562
Epoch 177/1000, Train Loss: 0.6684, Validation Loss: 1.5596
Epoch 178/1000, Train Loss: 0.6892, Validation Loss: 0.9837
Epoch 179/1000, Train Loss: 0.7506, Validation Loss: 4.4865
Epoch 180/1000, Train Loss: 0.6696, Validation Loss: 1.1275
Epoch 181/1000, Train Loss: 0.6909, Validation Loss: 2.6969
Epoch 182/1000, Train Loss: 0.6806, Validation Loss: 4.1054
Epoch 183/1000, Train Loss: 0.6772, Validation Loss: 5.9090
Epoch 184/1000, Train Loss: 0.6815, Validation Loss: 0.8121
Epoch 185/1000, Train Loss: 0.6771, Validation Loss: 1.1574
Epoch 186/1000, Train Loss: 0.6825, Validation Loss: 1.0770
Epoch 187/1000, Train Loss: 1.5395, Validation Loss: 2.2875
Epoch 188/1000, Train Loss: 0.7120, Validation Loss: 2.6957
Epoch 189/1000, Train Loss: 0.6803, Validation Loss: 3.3165
Epoch 190/1000, Train Loss: 0.6830, Validation Loss: 2.6494
Epoch 191/1000, Train Loss: 3.5228, Validation Loss: 1.5741
Epoch 192/1000, Train Loss: 0.7113, Validation Loss: 1.4168
Epoch 193/1000, Train Loss: 0.6771, Validation Loss: 0.8010
Epoch 194/1000, Train Loss: 0.6651, Validation Loss: 1.5360
Epoch 195/1000, Train Loss: 0.6889, Validation Loss: 1.2199
Epoch 196/1000, Train Loss: 0.6694, Validation Loss: 2.2605
Epoch 197/1000, Train Loss: 0.6970, Validation Loss: 1.3233
Epoch 198/1000, Train Loss: 1.2093, Validation Loss: 1.2376
Epoch 199/1000, Train Loss: 0.6711, Validation Loss: 1.2112
Epoch 200/1000, Train Loss: 0.6876, Validation Loss: 0.6820
Epoch 201/1000, Train Loss: 0.6598, Validation Loss: 1.2648
Epoch 202/1000, Train Loss: 33.7557, Validation Loss: 1.0233
Epoch 203/1000, Train Loss: 0.6671, Validation Loss: 1.8749
Epoch 204/1000, Train Loss: 0.6699, Validation Loss: 4.1506
Epoch 205/1000, Train Loss: 0.6726, Validation Loss: 1.2079
Epoch 206/1000, Train Loss: 0.6689, Validation Loss: 1.5834
Epoch 207/1000, Train Loss: 0.6871, Validation Loss: 1.9102
Epoch 208/1000, Train Loss: 0.6601, Validation Loss: 1.0133
Epoch 209/1000, Train Loss: 0.6650, Validation Loss: 1.1305
Epoch 210/1000, Train Loss: 0.6744, Validation Loss: 1.2720
Epoch 211/1000, Train Loss: 0.7584, Validation Loss: 4.1606
Epoch 212/1000, Train Loss: 0.6742, Validation Loss: 7.5486
Epoch 213/1000, Train Loss: 0.7139, Validation Loss: 1.9987
Epoch 214/1000, Train Loss: 0.6766, Validation Loss: 1.3500
Epoch 215/1000, Train Loss: 0.6950, Validation Loss: 1.1913
Epoch 216/1000, Train Loss: 0.6709, Validation Loss: 1.7489
Epoch 217/1000, Train Loss: 0.6738, Validation Loss: 1.5999
Epoch 218/1000, Train Loss: 0.7253, Validation Loss: 1.1613
Epoch 219/1000, Train Loss: 1.1955, Validation Loss: 1.0597
Epoch 220/1000, Train Loss: 0.6756, Validation Loss: 3.7610
Epoch 221/1000, Train Loss: 0.6633, Validation Loss: 1.1292
Epoch 222/1000, Train Loss: 0.6602, Validation Loss: 0.8736
Epoch 223/1000, Train Loss: 1.9222, Validation Loss: 1.6586
Epoch 224/1000, Train Loss: 0.6823, Validation Loss: 0.8691
Epoch 225/1000, Train Loss: 0.6623, Validation Loss: 1.0388
Epoch 226/1000, Train Loss: 0.6754, Validation Loss: 2.0600
Epoch 227/1000, Train Loss: 0.6661, Validation Loss: 1.0887
Epoch 228/1000, Train Loss: 0.6584, Validation Loss: 2.1641
Epoch 229/1000, Train Loss: 0.6728, Validation Loss: 0.7163
Epoch 230/1000, Train Loss: 0.6794, Validation Loss: 1.0998
Epoch 231/1000, Train Loss: 0.6733, Validation Loss: 1.0568
Epoch 232/1000, Train Loss: 0.7094, Validation Loss: 2.5168
Epoch 233/1000, Train Loss: 0.6705, Validation Loss: 2.4070
Epoch 234/1000, Train Loss: 0.6968, Validation Loss: 1.9396
Epoch 235/1000, Train Loss: 0.6895, Validation Loss: 2.1318
Epoch 236/1000, Train Loss: 0.6627, Validation Loss: 1.7509
Epoch 237/1000, Train Loss: 0.6740, Validation Loss: 1.3569
Epoch 238/1000, Train Loss: 0.7052, Validation Loss: 1.9045
Epoch 239/1000, Train Loss: 0.6676, Validation Loss: 4.3626
Epoch 240/1000, Train Loss: 0.7797, Validation Loss: 2.0686
Epoch 241/1000, Train Loss: 0.6822, Validation Loss: 1.3650
Epoch 242/1000, Train Loss: 0.6593, Validation Loss: 2.4113
Epoch 243/1000, Train Loss: 0.6785, Validation Loss: 1.6079
Epoch 244/1000, Train Loss: 0.6776, Validation Loss: 0.8631
Epoch 245/1000, Train Loss: 0.6736, Validation Loss: 1.0375
Epoch 246/1000, Train Loss: 0.6666, Validation Loss: 1.5232
Epoch 247/1000, Train Loss: 4.3249, Validation Loss: 1.5041
Epoch 248/1000, Train Loss: 0.6674, Validation Loss: 1.0061
Epoch 249/1000, Train Loss: 0.6737, Validation Loss: 6.1675
Epoch 250/1000, Train Loss: 0.6596, Validation Loss: 1.1951
Epoch 251/1000, Train Loss: 0.9155, Validation Loss: 1.2948
Epoch 252/1000, Train Loss: 0.6881, Validation Loss: 1.0018
Epoch 253/1000, Train Loss: 0.6770, Validation Loss: 1.4914
Epoch 254/1000, Train Loss: 0.6655, Validation Loss: 1.5958
Epoch 255/1000, Train Loss: 0.6751, Validation Loss: 1.4812
Epoch 256/1000, Train Loss: 0.6718, Validation Loss: 13.3013
Epoch 257/1000, Train Loss: 0.6747, Validation Loss: 2.8771
Epoch 258/1000, Train Loss: 0.7220, Validation Loss: 1.5659
Epoch 259/1000, Train Loss: 0.6777, Validation Loss: 3.2595
Epoch 260/1000, Train Loss: 0.6632, Validation Loss: 3.4727
Epoch 261/1000, Train Loss: 0.7437, Validation Loss: 5.2594
Epoch 262/1000, Train Loss: 0.6953, Validation Loss: 1.4643
Epoch 263/1000, Train Loss: 0.6693, Validation Loss: 0.8485
Epoch 264/1000, Train Loss: 5.9799, Validation Loss: 1.4509
Epoch 265/1000, Train Loss: 0.6621, Validation Loss: 2.2195
Epoch 266/1000, Train Loss: 0.8401, Validation Loss: 3.5292
Epoch 267/1000, Train Loss: 0.6749, Validation Loss: 1.1256
Epoch 268/1000, Train Loss: 0.6635, Validation Loss: 1.9225
Epoch 269/1000, Train Loss: 0.8039, Validation Loss: 1.4308
Epoch 270/1000, Train Loss: 0.7539, Validation Loss: 3.4264
Epoch 271/1000, Train Loss: 0.6782, Validation Loss: 22.2288
Epoch 272/1000, Train Loss: 0.9695, Validation Loss: 67.3476
Epoch 273/1000, Train Loss: 1.5212, Validation Loss: 3.6516
Epoch 274/1000, Train Loss: 0.6591, Validation Loss: 4.0462
Epoch 275/1000, Train Loss: 0.6656, Validation Loss: 10.3701
Epoch 276/1000, Train Loss: 0.6665, Validation Loss: 2.7094
Epoch 277/1000, Train Loss: 0.8726, Validation Loss: 1.2432
Epoch 278/1000, Train Loss: 0.6699, Validation Loss: 1.9297
Epoch 279/1000, Train Loss: 0.6693, Validation Loss: 1.9890
Epoch 280/1000, Train Loss: 0.6537, Validation Loss: 2.8377
Epoch 281/1000, Train Loss: 0.6693, Validation Loss: 1.1514
Epoch 282/1000, Train Loss: 0.6699, Validation Loss: 1.8042
Epoch 283/1000, Train Loss: 6.3911, Validation Loss: 1.3535
Epoch 284/1000, Train Loss: 0.6747, Validation Loss: 2.8918
Epoch 285/1000, Train Loss: 0.6944, Validation Loss: 7.9376
Epoch 286/1000, Train Loss: 0.6803, Validation Loss: 14.6262
Epoch 287/1000, Train Loss: 0.6627, Validation Loss: 1.1969
Epoch 288/1000, Train Loss: 0.7978, Validation Loss: 8.5568
Epoch 289/1000, Train Loss: 0.7930, Validation Loss: 1.1893
Epoch 290/1000, Train Loss: 0.6734, Validation Loss: 1.8130
Epoch 291/1000, Train Loss: 0.6691, Validation Loss: 5.9546
Epoch 292/1000, Train Loss: 17.9109, Validation Loss: 1.6034
Epoch 293/1000, Train Loss: 0.8899, Validation Loss: 2.3530
Epoch 294/1000, Train Loss: 0.6710, Validation Loss: 1.4404
Epoch 295/1000, Train Loss: 0.6638, Validation Loss: 22.4470
Epoch 296/1000, Train Loss: 0.6759, Validation Loss: 0.9462
Epoch 297/1000, Train Loss: 0.7462, Validation Loss: 1.7765
Epoch 298/1000, Train Loss: 0.6575, Validation Loss: 7.4503
Epoch 299/1000, Train Loss: 0.6791, Validation Loss: 2.5566
Epoch 300/1000, Train Loss: 0.6878, Validation Loss: 1.6282
Epoch 301/1000, Train Loss: 0.7727, Validation Loss: 1.4253
Epoch 302/1000, Train Loss: 0.6660, Validation Loss: 2.6645
Epoch 303/1000, Train Loss: 0.6636, Validation Loss: 1.6231
Epoch 304/1000, Train Loss: 0.6660, Validation Loss: 1.0784
Epoch 305/1000, Train Loss: 0.6475, Validation Loss: 4.3721
Epoch 306/1000, Train Loss: 0.6464, Validation Loss: 1.9587
Epoch 307/1000, Train Loss: 2.2085, Validation Loss: 2.3202
Epoch 308/1000, Train Loss: 0.6641, Validation Loss: 1.1368
Epoch 309/1000, Train Loss: 0.6592, Validation Loss: 1.4209
Epoch 310/1000, Train Loss: 3.1205, Validation Loss: 2.5639
Epoch 311/1000, Train Loss: 0.6679, Validation Loss: 1.5299
Epoch 312/1000, Train Loss: 0.6682, Validation Loss: 1.7243
Epoch 313/1000, Train Loss: 2.8390, Validation Loss: 1.5554
Epoch 314/1000, Train Loss: 1.3640, Validation Loss: 0.7273
Epoch 315/1000, Train Loss: 0.6673, Validation Loss: 1.0554
Epoch 316/1000, Train Loss: 0.6571, Validation Loss: 18.5804
Epoch 317/1000, Train Loss: 0.6656, Validation Loss: 1.2680
Epoch 318/1000, Train Loss: 0.6622, Validation Loss: 8.0130
Epoch 319/1000, Train Loss: 0.6606, Validation Loss: 2.1317
Epoch 320/1000, Train Loss: 0.6579, Validation Loss: 2.7651
Epoch 321/1000, Train Loss: 0.7439, Validation Loss: 7.0802
Epoch 322/1000, Train Loss: 0.6691, Validation Loss: 10.2514
Epoch 323/1000, Train Loss: 0.6541, Validation Loss: 1.4160
Epoch 324/1000, Train Loss: 0.6573, Validation Loss: 1.6294
Epoch 325/1000, Train Loss: 0.6832, Validation Loss: 2.1264
Epoch 326/1000, Train Loss: 0.6586, Validation Loss: 1.1076
Epoch 327/1000, Train Loss: 1.4111, Validation Loss: 3.8561
Epoch 328/1000, Train Loss: 0.7004, Validation Loss: 3.2752
Epoch 329/1000, Train Loss: 0.6749, Validation Loss: 0.9001
Epoch 330/1000, Train Loss: 0.6766, Validation Loss: 3.7690
Epoch 331/1000, Train Loss: 1.0479, Validation Loss: 1.9985
Epoch 332/1000, Train Loss: 0.6677, Validation Loss: 4.5322
Epoch 333/1000, Train Loss: 0.7938, Validation Loss: 6.9723
Epoch 334/1000, Train Loss: 0.6780, Validation Loss: 0.9470
Epoch 335/1000, Train Loss: 0.6588, Validation Loss: 2.1415
Epoch 336/1000, Train Loss: 0.6605, Validation Loss: 11.0825
Epoch 337/1000, Train Loss: 0.6715, Validation Loss: 5.9505
Epoch 338/1000, Train Loss: 0.6722, Validation Loss: 1.4302
Epoch 339/1000, Train Loss: 0.7646, Validation Loss: 5.4982
Epoch 340/1000, Train Loss: 0.6882, Validation Loss: 1.0539
Epoch 341/1000, Train Loss: 0.6530, Validation Loss: 1.1262
Epoch 342/1000, Train Loss: 3.6825, Validation Loss: 0.6619
Epoch 343/1000, Train Loss: 0.6693, Validation Loss: 1.7591
Epoch 344/1000, Train Loss: 0.6633, Validation Loss: 1.1023
Epoch 345/1000, Train Loss: 0.6539, Validation Loss: 1.7949
Epoch 346/1000, Train Loss: 0.6512, Validation Loss: 1.3203
Epoch 347/1000, Train Loss: 0.6787, Validation Loss: 1.1562
Epoch 348/1000, Train Loss: 0.6565, Validation Loss: 1.9100
Epoch 349/1000, Train Loss: 0.6540, Validation Loss: 1.9608
Epoch 350/1000, Train Loss: 0.9500, Validation Loss: 1.8058
Epoch 351/1000, Train Loss: 0.6541, Validation Loss: 1.3207
Epoch 352/1000, Train Loss: 0.6534, Validation Loss: 0.9120
Epoch 353/1000, Train Loss: 0.6711, Validation Loss: 0.7314
Epoch 354/1000, Train Loss: 0.6600, Validation Loss: 2.4843
Epoch 355/1000, Train Loss: 0.6822, Validation Loss: 1.4579
Epoch 356/1000, Train Loss: 0.6533, Validation Loss: 3.2431
Epoch 357/1000, Train Loss: 0.7302, Validation Loss: 0.8754
Epoch 358/1000, Train Loss: 0.6873, Validation Loss: 0.8598
Epoch 359/1000, Train Loss: 0.6820, Validation Loss: 1.1742
Epoch 360/1000, Train Loss: 0.6595, Validation Loss: 3.1611
Epoch 361/1000, Train Loss: 0.9389, Validation Loss: 4817.6170
Epoch 362/1000, Train Loss: 0.7092, Validation Loss: 5.5389
Epoch 363/1000, Train Loss: 0.6863, Validation Loss: 1.2188
Epoch 364/1000, Train Loss: 0.6613, Validation Loss: 1.8373
Epoch 365/1000, Train Loss: 0.6514, Validation Loss: 0.7985
Epoch 366/1000, Train Loss: 0.6437, Validation Loss: 3.9738
Epoch 367/1000, Train Loss: 0.7275, Validation Loss: 1.4827
Epoch 368/1000, Train Loss: 0.6939, Validation Loss: 1.7885
Epoch 369/1000, Train Loss: 0.6542, Validation Loss: 2.0285
Epoch 370/1000, Train Loss: 0.6761, Validation Loss: 1.7635
Epoch 371/1000, Train Loss: 1.0312, Validation Loss: 1.3229
Epoch 372/1000, Train Loss: 0.6602, Validation Loss: 1.9361
Epoch 373/1000, Train Loss: 0.6732, Validation Loss: 1.3131
Epoch 374/1000, Train Loss: 0.6463, Validation Loss: 1.6657
Epoch 375/1000, Train Loss: 0.6814, Validation Loss: 2.4716
Epoch 376/1000, Train Loss: 0.6583, Validation Loss: 1.3708
Epoch 377/1000, Train Loss: 0.6584, Validation Loss: 0.8671
Epoch 378/1000, Train Loss: 0.6448, Validation Loss: 1.7145
Epoch 379/1000, Train Loss: 0.6555, Validation Loss: 1.6587
Epoch 380/1000, Train Loss: 0.6531, Validation Loss: 1.4371
Epoch 381/1000, Train Loss: 0.7014, Validation Loss: 2.5014
Epoch 382/1000, Train Loss: 0.6523, Validation Loss: 1.8491
Epoch 383/1000, Train Loss: 0.6447, Validation Loss: 4.8655
Epoch 384/1000, Train Loss: 0.7164, Validation Loss: 1.5905
Epoch 385/1000, Train Loss: 0.6619, Validation Loss: 1.7925
Epoch 386/1000, Train Loss: 0.6618, Validation Loss: 0.8130
Epoch 387/1000, Train Loss: 0.6490, Validation Loss: 13.6478
Epoch 388/1000, Train Loss: 0.9799, Validation Loss: 3.9428
Epoch 389/1000, Train Loss: 0.6654, Validation Loss: 2.1958
Epoch 390/1000, Train Loss: 0.6698, Validation Loss: 1.1078
Epoch 391/1000, Train Loss: 0.6435, Validation Loss: 2.6084
Epoch 392/1000, Train Loss: 0.6623, Validation Loss: 2.9927
Epoch 393/1000, Train Loss: 0.6526, Validation Loss: 2.2402
Epoch 394/1000, Train Loss: 45.1801, Validation Loss: 1.2235
Epoch 395/1000, Train Loss: 0.6977, Validation Loss: 3.3090
Epoch 396/1000, Train Loss: 0.6706, Validation Loss: 2.2411
Epoch 397/1000, Train Loss: 0.7024, Validation Loss: 44.9948
Epoch 398/1000, Train Loss: 0.6595, Validation Loss: 2.0630
Epoch 399/1000, Train Loss: 1.0958, Validation Loss: 3.3185
Epoch 400/1000, Train Loss: 0.6948, Validation Loss: 2.1435
Epoch 401/1000, Train Loss: 0.6689, Validation Loss: 1.8136
Epoch 402/1000, Train Loss: 0.6505, Validation Loss: 2.8983
Epoch 403/1000, Train Loss: 0.6866, Validation Loss: 0.5936
Epoch 404/1000, Train Loss: 0.6493, Validation Loss: 0.7396
Epoch 405/1000, Train Loss: 0.6886, Validation Loss: 1.4291
Epoch 406/1000, Train Loss: 0.6639, Validation Loss: 4.9833
Epoch 407/1000, Train Loss: 0.6646, Validation Loss: 58.0573
Epoch 408/1000, Train Loss: 0.8126, Validation Loss: 1.3224
Epoch 409/1000, Train Loss: 0.6638, Validation Loss: 8.5145
Epoch 410/1000, Train Loss: 0.6537, Validation Loss: 3.8129
Epoch 411/1000, Train Loss: 0.8720, Validation Loss: 70.3035
Epoch 412/1000, Train Loss: 0.6505, Validation Loss: 1.2653
Epoch 413/1000, Train Loss: 0.6510, Validation Loss: 41.6445
Epoch 414/1000, Train Loss: 0.6404, Validation Loss: 3.7507
Epoch 415/1000, Train Loss: 0.6429, Validation Loss: 1.6822
Epoch 416/1000, Train Loss: 0.6368, Validation Loss: 0.8646
Epoch 417/1000, Train Loss: 0.6489, Validation Loss: 1.1824
Epoch 418/1000, Train Loss: 78.9655, Validation Loss: 2441.6731
Epoch 419/1000, Train Loss: 0.9763, Validation Loss: 1.9531
Epoch 420/1000, Train Loss: 0.6728, Validation Loss: 2.7613
Epoch 421/1000, Train Loss: 0.6611, Validation Loss: 1.4827
Epoch 422/1000, Train Loss: 0.6561, Validation Loss: 2.6558
Epoch 423/1000, Train Loss: 0.6482, Validation Loss: 6.1043
Epoch 424/1000, Train Loss: 1.7084, Validation Loss: 0.7635
Epoch 425/1000, Train Loss: 0.6456, Validation Loss: 1.9077
Epoch 426/1000, Train Loss: 0.6523, Validation Loss: 9.9142
Epoch 427/1000, Train Loss: 0.6692, Validation Loss: 1.9442
Epoch 428/1000, Train Loss: 0.6441, Validation Loss: 0.7966
Epoch 429/1000, Train Loss: 0.6681, Validation Loss: 1.1680
Epoch 430/1000, Train Loss: 0.6835, Validation Loss: 1.7689
Epoch 431/1000, Train Loss: 0.6578, Validation Loss: 1.4084
Epoch 432/1000, Train Loss: 0.6592, Validation Loss: 1.4577
Epoch 433/1000, Train Loss: 0.6507, Validation Loss: 0.7115
Epoch 434/1000, Train Loss: 0.6509, Validation Loss: 1.7461
Epoch 435/1000, Train Loss: 0.7322, Validation Loss: 1.0730
Epoch 436/1000, Train Loss: 0.7444, Validation Loss: 2.1653
Epoch 437/1000, Train Loss: 0.6466, Validation Loss: 0.9061
Epoch 438/1000, Train Loss: 0.9380, Validation Loss: 2.0399
Epoch 439/1000, Train Loss: 0.6436, Validation Loss: 6.8891
Epoch 440/1000, Train Loss: 0.6575, Validation Loss: 8.5798
Epoch 441/1000, Train Loss: 0.6845, Validation Loss: 1.8188
Epoch 442/1000, Train Loss: 0.6447, Validation Loss: 1.7989
Epoch 443/1000, Train Loss: 0.6750, Validation Loss: 19.4514
Epoch 444/1000, Train Loss: 0.6520, Validation Loss: 3.1064
Epoch 445/1000, Train Loss: 0.6793, Validation Loss: 1.4571
Epoch 446/1000, Train Loss: 0.6426, Validation Loss: 67.4652
Epoch 447/1000, Train Loss: 3.7301, Validation Loss: 2.0491
Epoch 448/1000, Train Loss: 0.6923, Validation Loss: 2.1564
Epoch 449/1000, Train Loss: 0.6437, Validation Loss: 2.2830
Epoch 450/1000, Train Loss: 0.6524, Validation Loss: 3.0826
Epoch 451/1000, Train Loss: 0.6587, Validation Loss: 1.3282
Epoch 452/1000, Train Loss: 0.6638, Validation Loss: 5.8801
Epoch 453/1000, Train Loss: 0.6895, Validation Loss: 1.0151
Epoch 454/1000, Train Loss: 0.8533, Validation Loss: 2.3841
Epoch 455/1000, Train Loss: 0.6444, Validation Loss: 44.3770
Epoch 456/1000, Train Loss: 0.6527, Validation Loss: 0.7875
Epoch 457/1000, Train Loss: 0.6476, Validation Loss: 0.7432
Epoch 458/1000, Train Loss: 0.6583, Validation Loss: 1.8291
Epoch 459/1000, Train Loss: 0.6322, Validation Loss: 2.1037
Epoch 460/1000, Train Loss: 0.6445, Validation Loss: 2.0180
Epoch 461/1000, Train Loss: 0.7092, Validation Loss: 1.5160
Epoch 462/1000, Train Loss: 0.6917, Validation Loss: 2.2574
Epoch 463/1000, Train Loss: 0.6416, Validation Loss: 4.5911
Epoch 464/1000, Train Loss: 0.6411, Validation Loss: 2.8175
Epoch 465/1000, Train Loss: 0.6292, Validation Loss: 1.0411
Epoch 466/1000, Train Loss: 16.7344, Validation Loss: 0.9472
Epoch 467/1000, Train Loss: 0.6586, Validation Loss: 1.4488
Epoch 468/1000, Train Loss: 0.6566, Validation Loss: 1.8640
Epoch 469/1000, Train Loss: 0.6397, Validation Loss: 1.1712
Epoch 470/1000, Train Loss: 0.6427, Validation Loss: 62.2515
Epoch 471/1000, Train Loss: 0.7224, Validation Loss: 1.7848
Epoch 472/1000, Train Loss: 0.6544, Validation Loss: 1.0223
Epoch 473/1000, Train Loss: 0.6540, Validation Loss: 4.6883
Epoch 474/1000, Train Loss: 0.6965, Validation Loss: 0.7100
Epoch 475/1000, Train Loss: 1.2281, Validation Loss: 4.6498
Epoch 476/1000, Train Loss: 0.6408, Validation Loss: 7.6123
Epoch 477/1000, Train Loss: 0.8128, Validation Loss: 2.0085
Epoch 478/1000, Train Loss: 0.7047, Validation Loss: 1.5723
Epoch 479/1000, Train Loss: 0.6500, Validation Loss: 37.5224
Epoch 480/1000, Train Loss: 0.6770, Validation Loss: 2.6717
Epoch 481/1000, Train Loss: 1.4109, Validation Loss: 1.4346
Epoch 482/1000, Train Loss: 0.6564, Validation Loss: 1.8799
Epoch 483/1000, Train Loss: 0.6274, Validation Loss: 2.5233
Epoch 484/1000, Train Loss: 0.6387, Validation Loss: 1.0543
Epoch 485/1000, Train Loss: 0.8559, Validation Loss: 0.6411
Epoch 486/1000, Train Loss: 1.1499, Validation Loss: 2.0143
Epoch 487/1000, Train Loss: 0.6424, Validation Loss: 5.6443
Epoch 488/1000, Train Loss: 0.6498, Validation Loss: 1.4606
Epoch 489/1000, Train Loss: 0.6494, Validation Loss: 2.2225
Epoch 490/1000, Train Loss: 0.6615, Validation Loss: 2.8887
Epoch 491/1000, Train Loss: 0.8804, Validation Loss: 2.3592
Epoch 492/1000, Train Loss: 0.6446, Validation Loss: 18.2748
Epoch 493/1000, Train Loss: 0.6607, Validation Loss: 1.7969
Epoch 494/1000, Train Loss: 0.6416, Validation Loss: 34.7662
Epoch 495/1000, Train Loss: 1.0279, Validation Loss: 15.6648
Epoch 496/1000, Train Loss: 0.6576, Validation Loss: 2.0364
Epoch 497/1000, Train Loss: 0.6562, Validation Loss: 2.2719
Epoch 498/1000, Train Loss: 0.6466, Validation Loss: 0.8959
Epoch 499/1000, Train Loss: 0.6816, Validation Loss: 0.8757
Epoch 500/1000, Train Loss: 0.6457, Validation Loss: 1.0089
Epoch 501/1000, Train Loss: 0.6404, Validation Loss: 1.3287
Epoch 502/1000, Train Loss: 0.6711, Validation Loss: 2.2961
Epoch 503/1000, Train Loss: 0.7050, Validation Loss: 1.3601
Epoch 504/1000, Train Loss: 0.6799, Validation Loss: 1.1894
Epoch 505/1000, Train Loss: 0.6486, Validation Loss: 2.4653
Epoch 506/1000, Train Loss: 0.6544, Validation Loss: 1.9824
Epoch 507/1000, Train Loss: 0.6663, Validation Loss: 3.6739
Epoch 508/1000, Train Loss: 0.6691, Validation Loss: 38.3904
Epoch 509/1000, Train Loss: 0.6545, Validation Loss: 1.0495
Epoch 510/1000, Train Loss: 0.6764, Validation Loss: 13.8474
Epoch 511/1000, Train Loss: 0.8613, Validation Loss: 4.5021
Epoch 512/1000, Train Loss: 0.6743, Validation Loss: 1.0525
Epoch 513/1000, Train Loss: 0.6377, Validation Loss: 1.4261
Epoch 514/1000, Train Loss: 0.6627, Validation Loss: 1.6895
Epoch 515/1000, Train Loss: 0.6292, Validation Loss: 1.7778
Epoch 516/1000, Train Loss: 0.6332, Validation Loss: 1.6452
Epoch 517/1000, Train Loss: 0.6563, Validation Loss: 17.5586
Epoch 518/1000, Train Loss: 0.6468, Validation Loss: 0.7758
Epoch 519/1000, Train Loss: 0.7259, Validation Loss: 0.7498
Epoch 520/1000, Train Loss: 0.6645, Validation Loss: 1.1656
Epoch 521/1000, Train Loss: 0.6301, Validation Loss: 3.4459
Epoch 522/1000, Train Loss: 1.0671, Validation Loss: 1.8771
Epoch 523/1000, Train Loss: 0.6536, Validation Loss: 1.1731
Epoch 524/1000, Train Loss: 0.6374, Validation Loss: 1.7121
Epoch 525/1000, Train Loss: 0.6426, Validation Loss: 0.8390
Epoch 526/1000, Train Loss: 0.7366, Validation Loss: 26.7373
Epoch 527/1000, Train Loss: 0.6442, Validation Loss: 1.7327
Epoch 528/1000, Train Loss: 0.6513, Validation Loss: 0.7076
Epoch 529/1000, Train Loss: 2.6863, Validation Loss: 3.3618
Epoch 530/1000, Train Loss: 0.6384, Validation Loss: 4.2068
Epoch 531/1000, Train Loss: 0.6441, Validation Loss: 7.1919
Epoch 532/1000, Train Loss: 0.7025, Validation Loss: 3.3038
Epoch 533/1000, Train Loss: 0.6634, Validation Loss: 0.9148
Epoch 534/1000, Train Loss: 8.0135, Validation Loss: 22.7508
Epoch 535/1000, Train Loss: 0.6491, Validation Loss: 1.0386
Epoch 536/1000, Train Loss: 0.6496, Validation Loss: 25.1927
Epoch 537/1000, Train Loss: 0.6990, Validation Loss: 1.1206
Epoch 538/1000, Train Loss: 0.6637, Validation Loss: 2.2322
Epoch 539/1000, Train Loss: 0.6526, Validation Loss: 7.0957
Epoch 540/1000, Train Loss: 0.8055, Validation Loss: 7.8356
Epoch 541/1000, Train Loss: 0.6889, Validation Loss: 3.5487
Epoch 542/1000, Train Loss: 0.6372, Validation Loss: 4.9967
Epoch 543/1000, Train Loss: 0.6527, Validation Loss: 1.6034
Epoch 544/1000, Train Loss: 0.7400, Validation Loss: 2.5915
Epoch 545/1000, Train Loss: 0.6517, Validation Loss: 1.3335
Epoch 546/1000, Train Loss: 0.6698, Validation Loss: 1.6075
Epoch 547/1000, Train Loss: 0.6434, Validation Loss: 6.8269
Epoch 548/1000, Train Loss: 4.5732, Validation Loss: 1.3694
Epoch 549/1000, Train Loss: 0.6517, Validation Loss: 5.6351
Epoch 550/1000, Train Loss: 3.2818, Validation Loss: 1.2875
Epoch 551/1000, Train Loss: 0.6448, Validation Loss: 1.8980
Epoch 552/1000, Train Loss: 0.6416, Validation Loss: 5.9718
Epoch 553/1000, Train Loss: 0.6993, Validation Loss: 2.0010
Epoch 554/1000, Train Loss: 0.6785, Validation Loss: 1.5404
Epoch 555/1000, Train Loss: 0.6416, Validation Loss: 1.7041
Epoch 556/1000, Train Loss: 0.6937, Validation Loss: 1.4538
Epoch 557/1000, Train Loss: 0.6371, Validation Loss: 2.3491
Epoch 558/1000, Train Loss: 0.6657, Validation Loss: 1.8147
Epoch 559/1000, Train Loss: 0.6528, Validation Loss: 2.7010
Epoch 560/1000, Train Loss: 0.7209, Validation Loss: 6.2598
Epoch 561/1000, Train Loss: 0.6378, Validation Loss: 0.7124
Epoch 562/1000, Train Loss: 0.6596, Validation Loss: 2.7618
Epoch 563/1000, Train Loss: 0.6658, Validation Loss: 0.9819
Epoch 564/1000, Train Loss: 0.6498, Validation Loss: 1.3096
Epoch 565/1000, Train Loss: 0.6389, Validation Loss: 0.9408
Epoch 566/1000, Train Loss: 0.6313, Validation Loss: 1.8921
Epoch 567/1000, Train Loss: 0.7984, Validation Loss: 39.1782
Epoch 568/1000, Train Loss: 0.6547, Validation Loss: 3.6388
Epoch 569/1000, Train Loss: 0.7239, Validation Loss: 0.8992
Epoch 570/1000, Train Loss: 0.6410, Validation Loss: 1.3450
Epoch 571/1000, Train Loss: 0.6356, Validation Loss: 2.2017
Epoch 572/1000, Train Loss: 0.6510, Validation Loss: 1.7742
Epoch 573/1000, Train Loss: 1.0176, Validation Loss: 2.0775
Epoch 574/1000, Train Loss: 0.6673, Validation Loss: 2.6014
Epoch 575/1000, Train Loss: 0.6685, Validation Loss: 0.7638
Epoch 576/1000, Train Loss: 0.6430, Validation Loss: 1.1703
Epoch 577/1000, Train Loss: 0.6492, Validation Loss: 22.8944
Epoch 578/1000, Train Loss: 0.6508, Validation Loss: 1.9399
Epoch 579/1000, Train Loss: 0.6640, Validation Loss: 17.1971
Epoch 580/1000, Train Loss: 0.6277, Validation Loss: 1.2470
Epoch 581/1000, Train Loss: 3.7510, Validation Loss: 3.0686
Epoch 582/1000, Train Loss: 0.8149, Validation Loss: 1.3697
Epoch 583/1000, Train Loss: 0.6550, Validation Loss: 5.1875
Epoch 584/1000, Train Loss: 0.6423, Validation Loss: 1.6522
Epoch 585/1000, Train Loss: 0.8453, Validation Loss: 1.5264
Epoch 586/1000, Train Loss: 0.6718, Validation Loss: 1.9339
Epoch 587/1000, Train Loss: 0.6577, Validation Loss: 4.4911
Epoch 588/1000, Train Loss: 0.6523, Validation Loss: 1.5368
Epoch 589/1000, Train Loss: 3.6237, Validation Loss: 1.0271
Epoch 590/1000, Train Loss: 0.6493, Validation Loss: 1.9436
Epoch 591/1000, Train Loss: 0.6633, Validation Loss: 2.0320
Epoch 592/1000, Train Loss: 0.7046, Validation Loss: 4.8190
Epoch 593/1000, Train Loss: 0.7011, Validation Loss: 0.8059
Epoch 594/1000, Train Loss: 0.6429, Validation Loss: 5.6687
Epoch 595/1000, Train Loss: 0.6843, Validation Loss: 3.2005
Epoch 596/1000, Train Loss: 0.6483, Validation Loss: 0.6811
Epoch 597/1000, Train Loss: 0.6503, Validation Loss: 3.1615
Epoch 598/1000, Train Loss: 0.7060, Validation Loss: 1.6662
Epoch 599/1000, Train Loss: 0.6505, Validation Loss: 1.4350
Epoch 600/1000, Train Loss: 0.6268, Validation Loss: 2.3884
Epoch 601/1000, Train Loss: 0.6617, Validation Loss: 7.9170
Epoch 602/1000, Train Loss: 0.6371, Validation Loss: 17.7553
Epoch 603/1000, Train Loss: 0.6407, Validation Loss: 12.8598
Epoch 604/1000, Train Loss: 0.8182, Validation Loss: 1.5290
Epoch 605/1000, Train Loss: 0.6569, Validation Loss: 2.0254
Epoch 606/1000, Train Loss: 0.6494, Validation Loss: 3.0750
Epoch 607/1000, Train Loss: 3.1886, Validation Loss: 0.6085
Epoch 608/1000, Train Loss: 0.6502, Validation Loss: 0.9460
Epoch 609/1000, Train Loss: 0.6449, Validation Loss: 0.8814
Epoch 610/1000, Train Loss: 0.6241, Validation Loss: 2.3057
Epoch 611/1000, Train Loss: 0.6487, Validation Loss: 0.7422
Epoch 612/1000, Train Loss: 0.6317, Validation Loss: 2.0323
Epoch 613/1000, Train Loss: 0.7144, Validation Loss: 1.3820
Epoch 614/1000, Train Loss: 0.6534, Validation Loss: 1.5166
Epoch 615/1000, Train Loss: 0.7649, Validation Loss: 2.6185
Epoch 616/1000, Train Loss: 0.6305, Validation Loss: 0.9866
Epoch 617/1000, Train Loss: 0.6373, Validation Loss: 1.2025
Epoch 618/1000, Train Loss: 0.7008, Validation Loss: 1.7916
Epoch 619/1000, Train Loss: 0.6397, Validation Loss: 5.3207
Epoch 620/1000, Train Loss: 0.6376, Validation Loss: 1.7121
Epoch 621/1000, Train Loss: 0.7237, Validation Loss: 0.7378
Epoch 622/1000, Train Loss: 0.6353, Validation Loss: 3.1145
Epoch 623/1000, Train Loss: 0.6666, Validation Loss: 1.3541
Epoch 624/1000, Train Loss: 0.6598, Validation Loss: 1.3791
Epoch 625/1000, Train Loss: 0.6291, Validation Loss: 1.4112
Epoch 626/1000, Train Loss: 0.7103, Validation Loss: 4.9585
Epoch 627/1000, Train Loss: 0.6630, Validation Loss: 0.8147
Epoch 628/1000, Train Loss: 0.6595, Validation Loss: 1.4553
Epoch 629/1000, Train Loss: 0.6410, Validation Loss: 2.5786
Epoch 630/1000, Train Loss: 0.6630, Validation Loss: 4.1335
Epoch 631/1000, Train Loss: 0.6524, Validation Loss: 17.1375
Epoch 632/1000, Train Loss: 0.6530, Validation Loss: 3.4103
Epoch 633/1000, Train Loss: 0.8092, Validation Loss: 2.0968
Epoch 634/1000, Train Loss: 0.6414, Validation Loss: 3.3783
Epoch 635/1000, Train Loss: 0.6345, Validation Loss: 3.0167
Epoch 636/1000, Train Loss: 0.6483, Validation Loss: 1.2882
Epoch 637/1000, Train Loss: 0.6580, Validation Loss: 0.8495
Epoch 638/1000, Train Loss: 0.6813, Validation Loss: 2.9569
Epoch 639/1000, Train Loss: 0.6661, Validation Loss: 15.4507
Epoch 640/1000, Train Loss: 0.6625, Validation Loss: 1.4454
Epoch 641/1000, Train Loss: 0.6466, Validation Loss: 1.3298
Epoch 642/1000, Train Loss: 0.6419, Validation Loss: 3.1399
Epoch 643/1000, Train Loss: 2.0407, Validation Loss: 1.8329
Epoch 644/1000, Train Loss: 0.6371, Validation Loss: 0.9170
Epoch 645/1000, Train Loss: 0.6267, Validation Loss: 2.8938
Epoch 646/1000, Train Loss: 0.6505, Validation Loss: 8.5955
Epoch 647/1000, Train Loss: 0.6263, Validation Loss: 2.3668
Epoch 648/1000, Train Loss: 0.6916, Validation Loss: 12.2257
Epoch 649/1000, Train Loss: 0.6462, Validation Loss: 1.2078
Epoch 650/1000, Train Loss: 0.6296, Validation Loss: 1.0516
Epoch 651/1000, Train Loss: 0.6399, Validation Loss: 1.0371
Epoch 652/1000, Train Loss: 0.6416, Validation Loss: 1.7332
Epoch 653/1000, Train Loss: 0.6874, Validation Loss: 6.1700
Epoch 654/1000, Train Loss: 0.6514, Validation Loss: 38.9342
Epoch 655/1000, Train Loss: 0.6429, Validation Loss: 2.5908
Epoch 656/1000, Train Loss: 0.6482, Validation Loss: 1.2651
Epoch 657/1000, Train Loss: 1.4031, Validation Loss: 1.9687
Epoch 658/1000, Train Loss: 1.4619, Validation Loss: 10.9134
Epoch 659/1000, Train Loss: 0.6467, Validation Loss: 1.8999
Epoch 660/1000, Train Loss: 0.8334, Validation Loss: 772.8786
Epoch 661/1000, Train Loss: 0.7608, Validation Loss: 2.0794
Epoch 662/1000, Train Loss: 0.6416, Validation Loss: 1.7184
Epoch 663/1000, Train Loss: 0.6383, Validation Loss: 1.0218
Epoch 664/1000, Train Loss: 0.6609, Validation Loss: 0.7511
Epoch 665/1000, Train Loss: 0.6423, Validation Loss: 3.8027
Epoch 666/1000, Train Loss: 0.6506, Validation Loss: 1.1834
Epoch 667/1000, Train Loss: 0.6421, Validation Loss: 1.4772
Epoch 668/1000, Train Loss: 0.6566, Validation Loss: 2.5539
Epoch 669/1000, Train Loss: 0.6402, Validation Loss: 1.0770
Epoch 670/1000, Train Loss: 0.6667, Validation Loss: 2.9163
Epoch 671/1000, Train Loss: 0.6380, Validation Loss: 3.1043
Epoch 672/1000, Train Loss: 0.6552, Validation Loss: 3.7374
Epoch 673/1000, Train Loss: 0.6394, Validation Loss: 1.9799
Epoch 674/1000, Train Loss: 0.7044, Validation Loss: 0.6634
Epoch 675/1000, Train Loss: 0.6468, Validation Loss: 4.1428
Epoch 676/1000, Train Loss: 0.6309, Validation Loss: 29.5711
Epoch 677/1000, Train Loss: 0.7128, Validation Loss: 4.2706
Epoch 678/1000, Train Loss: 0.6423, Validation Loss: 1.4645
Epoch 679/1000, Train Loss: 0.6383, Validation Loss: 2.9851
Epoch 680/1000, Train Loss: 0.6377, Validation Loss: 0.8290
Epoch 681/1000, Train Loss: 0.6273, Validation Loss: 1.8485
Epoch 682/1000, Train Loss: 0.6407, Validation Loss: 1.6257
Epoch 683/1000, Train Loss: 1.4380, Validation Loss: 5.7307
Epoch 684/1000, Train Loss: 0.6469, Validation Loss: 3.5523
Epoch 685/1000, Train Loss: 0.6261, Validation Loss: 1.2509
Epoch 686/1000, Train Loss: 0.6286, Validation Loss: 1.3642
Epoch 687/1000, Train Loss: 0.7488, Validation Loss: 1.4715
Epoch 688/1000, Train Loss: 0.6473, Validation Loss: 8.0087
Epoch 689/1000, Train Loss: 0.6378, Validation Loss: 7.9028
Epoch 690/1000, Train Loss: 0.6558, Validation Loss: 24.9183
Epoch 691/1000, Train Loss: 0.7661, Validation Loss: 3.1000
Epoch 692/1000, Train Loss: 0.6694, Validation Loss: 1.5105
Epoch 693/1000, Train Loss: 0.6308, Validation Loss: 1.5249
Epoch 694/1000, Train Loss: 0.6475, Validation Loss: 1.0615
Epoch 695/1000, Train Loss: 0.6393, Validation Loss: 0.8249
Epoch 696/1000, Train Loss: 0.6424, Validation Loss: 0.8683
Epoch 697/1000, Train Loss: 1.1353, Validation Loss: 2.4084
Epoch 698/1000, Train Loss: 0.6345, Validation Loss: 1.9270
Epoch 699/1000, Train Loss: 0.6434, Validation Loss: 2.1685
Epoch 700/1000, Train Loss: 0.6931, Validation Loss: 9.0655
Epoch 701/1000, Train Loss: 0.6333, Validation Loss: 0.8993
Epoch 702/1000, Train Loss: 0.6418, Validation Loss: 1.7864
Epoch 703/1000, Train Loss: 0.6334, Validation Loss: 3.0722
Epoch 704/1000, Train Loss: 0.9177, Validation Loss: 2.1357
Epoch 705/1000, Train Loss: 0.6591, Validation Loss: 1.0224
Epoch 706/1000, Train Loss: 0.6469, Validation Loss: 0.6936
Epoch 707/1000, Train Loss: 0.6484, Validation Loss: 8.1607
Epoch 708/1000, Train Loss: 0.6914, Validation Loss: 12.5356
Epoch 709/1000, Train Loss: 0.6690, Validation Loss: 1.5187
Epoch 710/1000, Train Loss: 0.6428, Validation Loss: 1.3068
Epoch 711/1000, Train Loss: 1.0659, Validation Loss: 1.1477
Epoch 712/1000, Train Loss: 0.6428, Validation Loss: 3.9730
Epoch 713/1000, Train Loss: 0.6272, Validation Loss: 4.2135
Epoch 714/1000, Train Loss: 0.6337, Validation Loss: 1.4864
Epoch 715/1000, Train Loss: 0.7037, Validation Loss: 1.2874
Epoch 716/1000, Train Loss: 0.6546, Validation Loss: 10.5164
Epoch 717/1000, Train Loss: 0.7192, Validation Loss: 2.5343
Epoch 718/1000, Train Loss: 0.6458, Validation Loss: 1.1721
Epoch 719/1000, Train Loss: 0.6285, Validation Loss: 2.3044
Epoch 720/1000, Train Loss: 0.6435, Validation Loss: 2.2506
Epoch 721/1000, Train Loss: 0.6818, Validation Loss: 1.4228
Epoch 722/1000, Train Loss: 0.6480, Validation Loss: 11.8651
Epoch 723/1000, Train Loss: 0.6302, Validation Loss: 1.4062
Epoch 724/1000, Train Loss: 0.6460, Validation Loss: 1.5342
Epoch 725/1000, Train Loss: 0.6403, Validation Loss: 2.4923
Epoch 726/1000, Train Loss: 0.6268, Validation Loss: 1.9164
Epoch 727/1000, Train Loss: 0.9724, Validation Loss: 3.4276
Epoch 728/1000, Train Loss: 0.6548, Validation Loss: 0.9200
Epoch 729/1000, Train Loss: 0.6440, Validation Loss: 2.4713
Epoch 730/1000, Train Loss: 0.6426, Validation Loss: 7.6950
Epoch 731/1000, Train Loss: 0.6359, Validation Loss: 1.4380
Epoch 732/1000, Train Loss: 0.6359, Validation Loss: 3.2740
Epoch 733/1000, Train Loss: 0.6218, Validation Loss: 3.0239
Epoch 734/1000, Train Loss: 0.9484, Validation Loss: 1.8456
Epoch 735/1000, Train Loss: 0.6582, Validation Loss: 2.3279
Epoch 736/1000, Train Loss: 0.6609, Validation Loss: 0.9202
Epoch 737/1000, Train Loss: 0.6803, Validation Loss: 1.6198
Epoch 738/1000, Train Loss: 0.6573, Validation Loss: 16.0368
Epoch 739/1000, Train Loss: 0.6313, Validation Loss: 2.1448
Epoch 740/1000, Train Loss: 0.6396, Validation Loss: 1.5121
Epoch 741/1000, Train Loss: 0.6331, Validation Loss: 11.4118
Epoch 742/1000, Train Loss: 0.7106, Validation Loss: 1.2095
Epoch 743/1000, Train Loss: 0.6532, Validation Loss: 1.3774
Epoch 744/1000, Train Loss: 0.6575, Validation Loss: 2.3578
Epoch 745/1000, Train Loss: 0.6550, Validation Loss: 7.9706
Epoch 746/1000, Train Loss: 0.6302, Validation Loss: 1.0042
Epoch 747/1000, Train Loss: 0.6415, Validation Loss: 0.6318
Epoch 748/1000, Train Loss: 0.6444, Validation Loss: 1.9950
Epoch 749/1000, Train Loss: 0.6318, Validation Loss: 7.9231
Epoch 750/1000, Train Loss: 1.3295, Validation Loss: 1.1386
Epoch 751/1000, Train Loss: 0.6469, Validation Loss: 0.8429
Epoch 752/1000, Train Loss: 0.6604, Validation Loss: 4.8557
Epoch 753/1000, Train Loss: 0.6537, Validation Loss: 2.0255
Epoch 754/1000, Train Loss: 0.7397, Validation Loss: 1.1155
Epoch 755/1000, Train Loss: 0.6705, Validation Loss: 3.4798
Epoch 756/1000, Train Loss: 0.6416, Validation Loss: 1.5747
Epoch 757/1000, Train Loss: 0.6521, Validation Loss: 0.6696
Epoch 758/1000, Train Loss: 0.6346, Validation Loss: 5.4292
Epoch 759/1000, Train Loss: 0.6382, Validation Loss: 2.3110
Epoch 760/1000, Train Loss: 0.7039, Validation Loss: 0.6320
Epoch 761/1000, Train Loss: 0.6489, Validation Loss: 2.0065
Epoch 762/1000, Train Loss: 0.6313, Validation Loss: 1.4548
Epoch 763/1000, Train Loss: 0.6483, Validation Loss: 1.1446
Epoch 764/1000, Train Loss: 0.6390, Validation Loss: 26.2923
Epoch 765/1000, Train Loss: 0.6845, Validation Loss: 15.3131
Epoch 766/1000, Train Loss: 0.6414, Validation Loss: 1.0641
Epoch 767/1000, Train Loss: 0.6393, Validation Loss: 1.0276
Epoch 768/1000, Train Loss: 1.4699, Validation Loss: 3.5809
Epoch 769/1000, Train Loss: 0.6473, Validation Loss: 1.4817
Epoch 770/1000, Train Loss: 0.6372, Validation Loss: 1.3918
Epoch 771/1000, Train Loss: 0.6400, Validation Loss: 5.4107
Epoch 772/1000, Train Loss: 1.1637, Validation Loss: 2.1699
Epoch 773/1000, Train Loss: 0.6615, Validation Loss: 0.9761
Epoch 774/1000, Train Loss: 0.6739, Validation Loss: 1.0334
Epoch 775/1000, Train Loss: 0.6355, Validation Loss: 17.5244
Epoch 776/1000, Train Loss: 0.6271, Validation Loss: 7.9816
Epoch 777/1000, Train Loss: 0.6408, Validation Loss: 2.4354
Epoch 778/1000, Train Loss: 0.6186, Validation Loss: 7.4045
Epoch 779/1000, Train Loss: 0.6633, Validation Loss: 7.9216
Epoch 780/1000, Train Loss: 0.6434, Validation Loss: 1.5398
Epoch 781/1000, Train Loss: 0.6939, Validation Loss: 2.2483
Epoch 782/1000, Train Loss: 0.6235, Validation Loss: 3.0259
Epoch 783/1000, Train Loss: 0.6339, Validation Loss: 1.8813
Epoch 784/1000, Train Loss: 0.6467, Validation Loss: 1.5139
Epoch 785/1000, Train Loss: 0.6263, Validation Loss: 7.2888
Epoch 786/1000, Train Loss: 0.6373, Validation Loss: 16.0781
Epoch 787/1000, Train Loss: 0.6308, Validation Loss: 1.1958
Epoch 788/1000, Train Loss: 3.2946, Validation Loss: 2.5081
Epoch 789/1000, Train Loss: 0.6311, Validation Loss: 1.5366
Epoch 790/1000, Train Loss: 0.6960, Validation Loss: 1.3529
Epoch 791/1000, Train Loss: 0.6349, Validation Loss: 1.4270
Epoch 792/1000, Train Loss: 0.6914, Validation Loss: 1.9189
Epoch 793/1000, Train Loss: 0.7232, Validation Loss: 14.0315
Epoch 794/1000, Train Loss: 0.6469, Validation Loss: 2.0276
Epoch 795/1000, Train Loss: 0.6454, Validation Loss: 11.7828
Epoch 796/1000, Train Loss: 0.6476, Validation Loss: 0.9575
Epoch 797/1000, Train Loss: 0.6500, Validation Loss: 2.3955
Epoch 798/1000, Train Loss: 0.6261, Validation Loss: 1.1167
Epoch 799/1000, Train Loss: 0.8660, Validation Loss: 1.7533
Epoch 800/1000, Train Loss: 0.6438, Validation Loss: 1.7399
Epoch 801/1000, Train Loss: 0.6383, Validation Loss: 1.3570
Epoch 802/1000, Train Loss: 0.6391, Validation Loss: 2.2180
Epoch 803/1000, Train Loss: 0.7330, Validation Loss: 1.6377
Epoch 804/1000, Train Loss: 0.6409, Validation Loss: 1.0494
Epoch 805/1000, Train Loss: 0.6481, Validation Loss: 8.5190
Epoch 806/1000, Train Loss: 0.6515, Validation Loss: 2.1712
Epoch 807/1000, Train Loss: 95.4857, Validation Loss: 3.6110
Epoch 808/1000, Train Loss: 0.6398, Validation Loss: 1.2096
Epoch 809/1000, Train Loss: 0.6226, Validation Loss: 8.3289
Epoch 810/1000, Train Loss: 0.6388, Validation Loss: 1.0136
Epoch 811/1000, Train Loss: 0.6423, Validation Loss: 2.4611
Epoch 812/1000, Train Loss: 0.6475, Validation Loss: 1.3538
Epoch 813/1000, Train Loss: 2.3032, Validation Loss: 4.0988
Epoch 814/1000, Train Loss: 0.6684, Validation Loss: 1.3643
Epoch 815/1000, Train Loss: 0.6254, Validation Loss: 1.0828
Epoch 816/1000, Train Loss: 0.6330, Validation Loss: 1.2691
Epoch 817/1000, Train Loss: 0.6258, Validation Loss: 1.2791
Epoch 818/1000, Train Loss: 89.4567, Validation Loss: 1.4779
Epoch 819/1000, Train Loss: 0.6365, Validation Loss: 1.2342
Epoch 820/1000, Train Loss: 0.6350, Validation Loss: 1.5607
Epoch 821/1000, Train Loss: 0.6179, Validation Loss: 1.7627
Epoch 822/1000, Train Loss: 0.6477, Validation Loss: 0.7841
Epoch 823/1000, Train Loss: 0.6354, Validation Loss: 0.9328
Epoch 824/1000, Train Loss: 0.6274, Validation Loss: 4.7018
Epoch 825/1000, Train Loss: 0.6284, Validation Loss: 2.0496
Epoch 826/1000, Train Loss: 0.8455, Validation Loss: 1.5844
Epoch 827/1000, Train Loss: 0.6319, Validation Loss: 1.9295
Epoch 828/1000, Train Loss: 0.6542, Validation Loss: 2.2775
Epoch 829/1000, Train Loss: 114.9530, Validation Loss: 1.9909
Epoch 830/1000, Train Loss: 0.6312, Validation Loss: 5.4119
Epoch 831/1000, Train Loss: 0.6388, Validation Loss: 3.0239
Epoch 832/1000, Train Loss: 0.6337, Validation Loss: 22.2731
Epoch 833/1000, Train Loss: 0.6335, Validation Loss: 2.4250
Epoch 834/1000, Train Loss: 0.6322, Validation Loss: 1.2553
Epoch 835/1000, Train Loss: 0.6379, Validation Loss: 3.8568
Epoch 836/1000, Train Loss: 42.6518, Validation Loss: 1.9614
Epoch 837/1000, Train Loss: 0.6460, Validation Loss: 1.6237
Epoch 838/1000, Train Loss: 0.6496, Validation Loss: 4.8619
Epoch 839/1000, Train Loss: 0.6311, Validation Loss: 1.3021
Epoch 840/1000, Train Loss: 0.6581, Validation Loss: 1.3544
Epoch 841/1000, Train Loss: 0.6498, Validation Loss: 2.1242
Epoch 842/1000, Train Loss: 0.6410, Validation Loss: 1.9391
Epoch 843/1000, Train Loss: 0.7404, Validation Loss: 1.2315
Epoch 844/1000, Train Loss: 0.6584, Validation Loss: 1.8846
Epoch 845/1000, Train Loss: 0.6411, Validation Loss: 1.3722
Epoch 846/1000, Train Loss: 0.7042, Validation Loss: 7.6126
Epoch 847/1000, Train Loss: 0.6396, Validation Loss: 2.8790
Epoch 848/1000, Train Loss: 0.6644, Validation Loss: 12.4061
Epoch 849/1000, Train Loss: 0.6496, Validation Loss: 0.9991
Epoch 850/1000, Train Loss: 0.6277, Validation Loss: 3.0817
Epoch 851/1000, Train Loss: 0.6869, Validation Loss: 2.1947
Epoch 852/1000, Train Loss: 0.6413, Validation Loss: 5.2727
Epoch 853/1000, Train Loss: 0.6693, Validation Loss: 15.4982
Epoch 854/1000, Train Loss: 0.6339, Validation Loss: 1.9530
Epoch 855/1000, Train Loss: 0.6386, Validation Loss: 3.7737
Epoch 856/1000, Train Loss: 0.8343, Validation Loss: 1.7541
Epoch 857/1000, Train Loss: 0.6302, Validation Loss: 1.7812
Epoch 858/1000, Train Loss: 0.6450, Validation Loss: 1.4817
Epoch 859/1000, Train Loss: 0.6386, Validation Loss: 0.8327
Epoch 860/1000, Train Loss: 0.6186, Validation Loss: 2.1429
Epoch 861/1000, Train Loss: 0.6770, Validation Loss: 21.2463
Epoch 862/1000, Train Loss: 0.6473, Validation Loss: 1.1080
Epoch 863/1000, Train Loss: 0.6163, Validation Loss: 0.6862
Epoch 864/1000, Train Loss: 0.6775, Validation Loss: 1.5510
Epoch 865/1000, Train Loss: 0.6550, Validation Loss: 17.6774
Epoch 866/1000, Train Loss: 0.6541, Validation Loss: 21.1748
Epoch 867/1000, Train Loss: 0.6893, Validation Loss: 0.9234
Epoch 868/1000, Train Loss: 0.6400, Validation Loss: 0.7595
Epoch 869/1000, Train Loss: 0.6404, Validation Loss: 4.3338
Epoch 870/1000, Train Loss: 0.6668, Validation Loss: 1.9683
Epoch 871/1000, Train Loss: 0.6385, Validation Loss: 3.9311
Epoch 872/1000, Train Loss: 0.6392, Validation Loss: 1.3875
Epoch 873/1000, Train Loss: 0.6417, Validation Loss: 3.2372
Epoch 874/1000, Train Loss: 0.6447, Validation Loss: 1.4307
Epoch 875/1000, Train Loss: 0.6759, Validation Loss: 1.1394
Epoch 876/1000, Train Loss: 0.6303, Validation Loss: 2.1791
Epoch 877/1000, Train Loss: 0.6283, Validation Loss: 1.6784
Epoch 878/1000, Train Loss: 0.6297, Validation Loss: 1.3179
Epoch 879/1000, Train Loss: 0.6367, Validation Loss: 4.5513
Epoch 880/1000, Train Loss: 0.7095, Validation Loss: 2.1434
Epoch 881/1000, Train Loss: 0.6609, Validation Loss: 5.2312
Epoch 882/1000, Train Loss: 0.6397, Validation Loss: 6.2569
Epoch 883/1000, Train Loss: 0.6388, Validation Loss: 0.8908
Epoch 884/1000, Train Loss: 0.6498, Validation Loss: 1.6249
Epoch 885/1000, Train Loss: 0.6299, Validation Loss: 0.9944
Epoch 886/1000, Train Loss: 0.6335, Validation Loss: 1.1392
Epoch 887/1000, Train Loss: 0.6441, Validation Loss: 24.5744
Epoch 888/1000, Train Loss: 0.6213, Validation Loss: 2.2252
Epoch 889/1000, Train Loss: 0.6591, Validation Loss: 44.1782
Epoch 890/1000, Train Loss: 0.6854, Validation Loss: 2.4344
Epoch 891/1000, Train Loss: 0.6756, Validation Loss: 1.0545
Epoch 892/1000, Train Loss: 1.3806, Validation Loss: 3.2463
Epoch 893/1000, Train Loss: 0.6964, Validation Loss: 0.9993
Epoch 894/1000, Train Loss: 0.6569, Validation Loss: 8.6545
Epoch 895/1000, Train Loss: 0.6534, Validation Loss: 0.7886
Epoch 896/1000, Train Loss: 0.6472, Validation Loss: 1.6868
Epoch 897/1000, Train Loss: 0.6424, Validation Loss: 1.0115
Epoch 898/1000, Train Loss: 3.8456, Validation Loss: 3.2252
Epoch 899/1000, Train Loss: 0.6642, Validation Loss: 1.8025
Epoch 900/1000, Train Loss: 0.6705, Validation Loss: 1.2812
Epoch 901/1000, Train Loss: 0.6362, Validation Loss: 2.1995
Epoch 902/1000, Train Loss: 0.6425, Validation Loss: 1.3840
Epoch 903/1000, Train Loss: 0.6338, Validation Loss: 1.4623
Epoch 904/1000, Train Loss: 0.6485, Validation Loss: 0.7668
Epoch 905/1000, Train Loss: 0.7379, Validation Loss: 3.1498
Epoch 906/1000, Train Loss: 0.6530, Validation Loss: 1.5225
Epoch 907/1000, Train Loss: 0.6449, Validation Loss: 1.1161
Epoch 908/1000, Train Loss: 0.6384, Validation Loss: 15.4604
Epoch 909/1000, Train Loss: 0.6321, Validation Loss: 1.1688
Epoch 910/1000, Train Loss: 0.9306, Validation Loss: 1.7920
Epoch 911/1000, Train Loss: 0.6500, Validation Loss: 2.2275
Epoch 912/1000, Train Loss: 0.6770, Validation Loss: 1.4269
Epoch 913/1000, Train Loss: 0.6300, Validation Loss: 3.3978
Epoch 914/1000, Train Loss: 0.6330, Validation Loss: 70.5939
Epoch 915/1000, Train Loss: 0.6422, Validation Loss: 3.8657
Epoch 916/1000, Train Loss: 6.1104, Validation Loss: 4.4492
Epoch 917/1000, Train Loss: 0.6685, Validation Loss: 2.0176
Epoch 918/1000, Train Loss: 0.6440, Validation Loss: 1.6126
Epoch 919/1000, Train Loss: 0.6525, Validation Loss: 2.3659
Epoch 920/1000, Train Loss: 0.6343, Validation Loss: 4.0320
Epoch 921/1000, Train Loss: 0.7774, Validation Loss: 1.9957
Epoch 922/1000, Train Loss: 0.6469, Validation Loss: 1.0812
Epoch 923/1000, Train Loss: 0.6405, Validation Loss: 6.6497
Epoch 924/1000, Train Loss: 0.6434, Validation Loss: 1.3181
Epoch 925/1000, Train Loss: 0.7039, Validation Loss: 14.7898
Epoch 926/1000, Train Loss: 0.6419, Validation Loss: 13.9168
Epoch 927/1000, Train Loss: 0.6289, Validation Loss: 3.6274
Epoch 928/1000, Train Loss: 0.6291, Validation Loss: 6.0435
Epoch 929/1000, Train Loss: 1.2124, Validation Loss: 0.9920
Epoch 930/1000, Train Loss: 0.6597, Validation Loss: 1.5550
Epoch 931/1000, Train Loss: 0.6760, Validation Loss: 1.4951
Epoch 932/1000, Train Loss: 0.7099, Validation Loss: 1.6123
Epoch 933/1000, Train Loss: 0.6330, Validation Loss: 5.8273
Epoch 934/1000, Train Loss: 0.6435, Validation Loss: 1.6901
Epoch 935/1000, Train Loss: 0.6586, Validation Loss: 5.9743
Epoch 936/1000, Train Loss: 0.6509, Validation Loss: 8.2017
Epoch 937/1000, Train Loss: 0.6383, Validation Loss: 1.6694
Epoch 938/1000, Train Loss: 0.6422, Validation Loss: 1.5806
Epoch 939/1000, Train Loss: 0.7503, Validation Loss: 0.8738
Epoch 940/1000, Train Loss: 0.6591, Validation Loss: 2.4926
Epoch 941/1000, Train Loss: 0.6287, Validation Loss: 0.7622
Epoch 942/1000, Train Loss: 0.7528, Validation Loss: 5.3471
Epoch 943/1000, Train Loss: 0.6320, Validation Loss: 1.4039
Epoch 944/1000, Train Loss: 0.6434, Validation Loss: 1.9693
Epoch 945/1000, Train Loss: 0.6389, Validation Loss: 1.7959
Epoch 946/1000, Train Loss: 0.6473, Validation Loss: 1.5083
Epoch 947/1000, Train Loss: 0.8862, Validation Loss: 8.2425
Epoch 948/1000, Train Loss: 0.6488, Validation Loss: 1.3499
Epoch 949/1000, Train Loss: 0.6440, Validation Loss: 18.2087
Epoch 950/1000, Train Loss: 0.6191, Validation Loss: 1.8429
Epoch 951/1000, Train Loss: 0.6430, Validation Loss: 0.7049
Epoch 952/1000, Train Loss: 0.6705, Validation Loss: 4.5603
Epoch 953/1000, Train Loss: 0.7024, Validation Loss: 1.6914
Epoch 954/1000, Train Loss: 0.6282, Validation Loss: 1.6370
Epoch 955/1000, Train Loss: 0.6557, Validation Loss: 1.3440
Epoch 956/1000, Train Loss: 0.6398, Validation Loss: 1.0089
Epoch 957/1000, Train Loss: 0.6384, Validation Loss: 1.1831
Epoch 958/1000, Train Loss: 0.6772, Validation Loss: 1.2634
Epoch 959/1000, Train Loss: 0.6248, Validation Loss: 79.8454
Epoch 960/1000, Train Loss: 0.6656, Validation Loss: 42.5691
Epoch 961/1000, Train Loss: 0.6683, Validation Loss: 1.0208
Epoch 962/1000, Train Loss: 0.6246, Validation Loss: 2.8941
Epoch 963/1000, Train Loss: 0.6538, Validation Loss: 1.9545
Epoch 964/1000, Train Loss: 0.6592, Validation Loss: 1.9955
Epoch 965/1000, Train Loss: 0.6404, Validation Loss: 1.4840
Epoch 966/1000, Train Loss: 0.6429, Validation Loss: 18.8585
Epoch 967/1000, Train Loss: 0.6772, Validation Loss: 0.7508
Epoch 968/1000, Train Loss: 0.7782, Validation Loss: 3.1471
Epoch 969/1000, Train Loss: 0.6610, Validation Loss: 0.9246
Epoch 970/1000, Train Loss: 0.6710, Validation Loss: 0.9072
Epoch 971/1000, Train Loss: 0.6370, Validation Loss: 4.1656
Epoch 972/1000, Train Loss: 0.6416, Validation Loss: 7.5984
Epoch 973/1000, Train Loss: 0.6466, Validation Loss: 1.6567
Epoch 974/1000, Train Loss: 0.6486, Validation Loss: 0.8483
Epoch 975/1000, Train Loss: 0.7452, Validation Loss: 2.8704
Epoch 976/1000, Train Loss: 0.6448, Validation Loss: 1.2212
Epoch 977/1000, Train Loss: 1.8934, Validation Loss: 1.5108
Epoch 978/1000, Train Loss: 0.9638, Validation Loss: 1.8025
Epoch 979/1000, Train Loss: 0.6361, Validation Loss: 2.8061
Epoch 980/1000, Train Loss: 0.6401, Validation Loss: 0.9437
Epoch 981/1000, Train Loss: 0.6354, Validation Loss: 1.2294
Epoch 982/1000, Train Loss: 0.6255, Validation Loss: 1.1144
Epoch 983/1000, Train Loss: 0.6458, Validation Loss: 2.3035
Epoch 984/1000, Train Loss: 0.6502, Validation Loss: 4.8243
Epoch 985/1000, Train Loss: 0.6680, Validation Loss: 1.6763
Epoch 986/1000, Train Loss: 0.6392, Validation Loss: 8.2155
Epoch 987/1000, Train Loss: 1.2443, Validation Loss: 2.7967
Epoch 988/1000, Train Loss: 0.6391, Validation Loss: 1.6452
Epoch 989/1000, Train Loss: 0.6500, Validation Loss: 1.3141
Epoch 990/1000, Train Loss: 0.6283, Validation Loss: 1.3917
Epoch 991/1000, Train Loss: 9.9575, Validation Loss: 0.7736
Epoch 992/1000, Train Loss: 0.6699, Validation Loss: 2.5695
Epoch 993/1000, Train Loss: 0.6323, Validation Loss: 3.9204
Epoch 994/1000, Train Loss: 0.6324, Validation Loss: 2.6814
Epoch 995/1000, Train Loss: 0.6411, Validation Loss: 2.5671
Epoch 996/1000, Train Loss: 0.6223, Validation Loss: 1.7880
Epoch 997/1000, Train Loss: 0.6289, Validation Loss: 2.2914
Epoch 998/1000, Train Loss: 10.5975, Validation Loss: 1.7334
Epoch 999/1000, Train Loss: 0.6838, Validation Loss: 1.2216
Epoch 1000/1000, Train Loss: 0.6385, Validation Loss: 3.8830
Best Training Loss: 0.6163
Best Training Loss Epoch: 863
Best Validation Loss: 0.5936
Best Validation Loss Epoch: 403
Time taken for training: 0-15:15:50
Test Loss: 0.6127
Test MAPE: 91515.6094%
Error Statistics:
count     41272.000000
mean        479.436462
std        7405.068848
min           0.000030
25%           0.166769
50%           1.735282
75%          27.498969
max      890456.625000
Name: Absolute Error, dtype: float64
Training complete. Final model saved.
Saving model as a wandb Artifact...
Model artifact logged successfully.
[1;34mwandb[0m: 
[1;34mwandb[0m: 🚀 View run [33mdenim-sweep-39[0m at: [34mhttps://wandb.ai/mk8737-new-york-university/rl_pretrain_hp_sweeps/runs/fm3deipl[0m
[1;34mwandb[0m: Find logs at: [1;35mwandb/run-20251006_143929-fm3deipl/logs[0m
Agent finished.
