Waiting for sweep ID...
Found Sweep ID: be12np04
Starting wandb agent for sweep be12np04...
TRAINING DEVICE: cpu
Run Name: GCN_global_hp_sweep_be12np04-15qig22g
finidhed preparing data
Loading dataset from pretrain_dataset_12.5k_fixed_duplicates.pkl
Loaded 412712 data objects.
finished preparing data
Epoch 1/1000, Train Loss: 2.2516, Validation Loss: 1.2357
Epoch 2/1000, Train Loss: 1.3672, Validation Loss: 1.3558
Epoch 3/1000, Train Loss: 1.2952, Validation Loss: 1.7742
Epoch 4/1000, Train Loss: 1.2353, Validation Loss: 1.4541
Epoch 5/1000, Train Loss: 1.1997, Validation Loss: 2.9025
Epoch 6/1000, Train Loss: 1.1425, Validation Loss: 1.8779
Epoch 7/1000, Train Loss: 1.0933, Validation Loss: 1.0616
Epoch 8/1000, Train Loss: 1.0353, Validation Loss: 1.8672
Epoch 9/1000, Train Loss: 1.0158, Validation Loss: 1.4464
Epoch 10/1000, Train Loss: 0.9780, Validation Loss: 0.8726
Epoch 11/1000, Train Loss: 0.9662, Validation Loss: 1.2906
Epoch 12/1000, Train Loss: 0.9530, Validation Loss: 1.7259
Epoch 13/1000, Train Loss: 0.9386, Validation Loss: 2.1650
Epoch 14/1000, Train Loss: 0.9524, Validation Loss: 3.4159
Epoch 15/1000, Train Loss: 0.9218, Validation Loss: 0.9191
Epoch 16/1000, Train Loss: 0.9057, Validation Loss: 1.3574
Epoch 17/1000, Train Loss: 0.9098, Validation Loss: 2.2940
Epoch 18/1000, Train Loss: 0.8753, Validation Loss: 0.9419
Epoch 19/1000, Train Loss: 0.8529, Validation Loss: 0.7647
Epoch 20/1000, Train Loss: 0.8458, Validation Loss: 1.5413
Epoch 21/1000, Train Loss: 0.8193, Validation Loss: 1.1645
Epoch 22/1000, Train Loss: 0.8149, Validation Loss: 3.0657
Epoch 23/1000, Train Loss: 0.8039, Validation Loss: 1.0893
Epoch 24/1000, Train Loss: 0.7769, Validation Loss: 1.3238
Epoch 25/1000, Train Loss: 0.8705, Validation Loss: 1.9622
Epoch 26/1000, Train Loss: 0.7853, Validation Loss: 1.1912
Epoch 27/1000, Train Loss: 0.7964, Validation Loss: 0.9455
Epoch 28/1000, Train Loss: 0.7861, Validation Loss: 1.2290
Epoch 29/1000, Train Loss: 0.7630, Validation Loss: 0.8556
Epoch 30/1000, Train Loss: 0.7588, Validation Loss: 1.6828
Epoch 31/1000, Train Loss: 0.7656, Validation Loss: 0.7119
Epoch 32/1000, Train Loss: 0.7117, Validation Loss: 0.6516
Epoch 33/1000, Train Loss: 0.7304, Validation Loss: 0.7807
Epoch 34/1000, Train Loss: 0.6939, Validation Loss: 0.8408
Epoch 35/1000, Train Loss: 0.6923, Validation Loss: 1.4661
Epoch 36/1000, Train Loss: 0.6907, Validation Loss: 1.4845
Epoch 37/1000, Train Loss: 0.7019, Validation Loss: 3.9961
Epoch 38/1000, Train Loss: 0.6877, Validation Loss: 0.9743
Epoch 39/1000, Train Loss: 0.6612, Validation Loss: 1.1577
Epoch 40/1000, Train Loss: 0.6824, Validation Loss: 0.6286
Epoch 41/1000, Train Loss: 0.6590, Validation Loss: 1.5842
Epoch 42/1000, Train Loss: 0.6405, Validation Loss: 0.9205
Epoch 43/1000, Train Loss: 0.6494, Validation Loss: 1.4793
Epoch 44/1000, Train Loss: 0.6433, Validation Loss: 4.8534
Epoch 45/1000, Train Loss: 0.6563, Validation Loss: 1.8534
Epoch 46/1000, Train Loss: 0.6563, Validation Loss: 1.5221
Epoch 47/1000, Train Loss: 0.6328, Validation Loss: 0.7232
Epoch 48/1000, Train Loss: 0.6197, Validation Loss: 0.9426
Epoch 49/1000, Train Loss: 0.6063, Validation Loss: 1.0032
Epoch 50/1000, Train Loss: 0.6021, Validation Loss: 0.9510
Epoch 51/1000, Train Loss: 0.6078, Validation Loss: 2.0004
Epoch 52/1000, Train Loss: 0.6026, Validation Loss: 1.4218
Epoch 53/1000, Train Loss: 0.5926, Validation Loss: 0.8583
Epoch 54/1000, Train Loss: 0.6101, Validation Loss: 0.9942
Epoch 55/1000, Train Loss: 0.5753, Validation Loss: 1.1139
Epoch 56/1000, Train Loss: 0.5692, Validation Loss: 1.9836
Epoch 57/1000, Train Loss: 0.5870, Validation Loss: 0.6915
Epoch 58/1000, Train Loss: 0.5679, Validation Loss: 1.4699
Epoch 59/1000, Train Loss: 0.5670, Validation Loss: 2.8546
Epoch 60/1000, Train Loss: 0.5736, Validation Loss: 1.2357
Epoch 61/1000, Train Loss: 0.5621, Validation Loss: 0.6835
Epoch 62/1000, Train Loss: 0.5696, Validation Loss: 0.5273
Epoch 63/1000, Train Loss: 0.5794, Validation Loss: 2.0714
Epoch 64/1000, Train Loss: 0.5571, Validation Loss: 1.1624
Epoch 65/1000, Train Loss: 0.5550, Validation Loss: 0.7090
Epoch 66/1000, Train Loss: 0.5501, Validation Loss: 0.8316
Epoch 67/1000, Train Loss: 0.5578, Validation Loss: 0.6542
Epoch 68/1000, Train Loss: 0.5408, Validation Loss: 2.0372
Epoch 69/1000, Train Loss: 0.5574, Validation Loss: 0.7594
Epoch 70/1000, Train Loss: 0.5485, Validation Loss: 0.9088
Epoch 71/1000, Train Loss: 0.5471, Validation Loss: 0.7738
Epoch 72/1000, Train Loss: 0.5463, Validation Loss: 1.2656
Epoch 73/1000, Train Loss: 0.5346, Validation Loss: 1.1380
Epoch 74/1000, Train Loss: 0.5443, Validation Loss: 1.9881
Epoch 75/1000, Train Loss: 0.5378, Validation Loss: 0.8847
Epoch 76/1000, Train Loss: 0.5292, Validation Loss: 0.7289
Epoch 77/1000, Train Loss: 0.5322, Validation Loss: 2.4048
Epoch 78/1000, Train Loss: 0.5286, Validation Loss: 0.7930
Epoch 79/1000, Train Loss: 0.5235, Validation Loss: 0.5527
Epoch 80/1000, Train Loss: 0.5183, Validation Loss: 3.2644
Epoch 81/1000, Train Loss: 0.5044, Validation Loss: 0.8200
Epoch 82/1000, Train Loss: 0.5073, Validation Loss: 1.0018
Epoch 83/1000, Train Loss: 0.5144, Validation Loss: 1.1268
Epoch 84/1000, Train Loss: 0.5018, Validation Loss: 0.9818
Epoch 85/1000, Train Loss: 0.5055, Validation Loss: 1.4199
Epoch 86/1000, Train Loss: 0.5126, Validation Loss: 0.9244
Epoch 87/1000, Train Loss: 0.5093, Validation Loss: 0.7421
Epoch 88/1000, Train Loss: 0.4990, Validation Loss: 0.7126
Epoch 89/1000, Train Loss: 0.5134, Validation Loss: 0.9760
Epoch 90/1000, Train Loss: 0.4917, Validation Loss: 0.6375
Epoch 91/1000, Train Loss: 0.4907, Validation Loss: 1.6627
Epoch 92/1000, Train Loss: 0.4972, Validation Loss: 1.4194
Epoch 93/1000, Train Loss: 0.4883, Validation Loss: 0.5974
Epoch 94/1000, Train Loss: 0.4924, Validation Loss: 0.6041
Epoch 95/1000, Train Loss: 0.4949, Validation Loss: 0.5399
Epoch 96/1000, Train Loss: 0.4786, Validation Loss: 0.6022
Epoch 97/1000, Train Loss: 0.4803, Validation Loss: 0.6210
Epoch 98/1000, Train Loss: 0.4788, Validation Loss: 1.8126
Epoch 99/1000, Train Loss: 0.4830, Validation Loss: 1.0407
Epoch 100/1000, Train Loss: 0.4869, Validation Loss: 1.0885
Epoch 101/1000, Train Loss: 0.4770, Validation Loss: 0.8258
Epoch 102/1000, Train Loss: 0.4900, Validation Loss: 2.1861
Epoch 103/1000, Train Loss: 0.4796, Validation Loss: 1.5120
Epoch 104/1000, Train Loss: 0.4836, Validation Loss: 0.6387
Epoch 105/1000, Train Loss: 0.4686, Validation Loss: 0.7106
Epoch 106/1000, Train Loss: 0.4749, Validation Loss: 2.0743
Epoch 107/1000, Train Loss: 0.4673, Validation Loss: 0.8394
Epoch 108/1000, Train Loss: 0.4650, Validation Loss: 1.6788
Epoch 109/1000, Train Loss: 0.4702, Validation Loss: 0.6242
Epoch 110/1000, Train Loss: 0.4603, Validation Loss: 1.5372
Epoch 111/1000, Train Loss: 0.4595, Validation Loss: 0.7165
Epoch 112/1000, Train Loss: 0.4655, Validation Loss: 0.5334
Epoch 113/1000, Train Loss: 0.4646, Validation Loss: 0.6679
Epoch 114/1000, Train Loss: 0.4713, Validation Loss: 0.9097
Epoch 115/1000, Train Loss: 0.4600, Validation Loss: 0.8410
Epoch 116/1000, Train Loss: 0.4567, Validation Loss: 1.0048
Epoch 117/1000, Train Loss: 0.4594, Validation Loss: 1.6307
Epoch 118/1000, Train Loss: 0.4604, Validation Loss: 0.5980
Epoch 119/1000, Train Loss: 0.4534, Validation Loss: 0.6316
Epoch 120/1000, Train Loss: 0.4527, Validation Loss: 1.4973
Epoch 121/1000, Train Loss: 0.4583, Validation Loss: 0.8731
Epoch 122/1000, Train Loss: 0.4562, Validation Loss: 0.8747
Epoch 123/1000, Train Loss: 0.4566, Validation Loss: 0.9263
Epoch 124/1000, Train Loss: 0.4550, Validation Loss: 3.7177
Epoch 125/1000, Train Loss: 0.4535, Validation Loss: 0.7393
Epoch 126/1000, Train Loss: 0.4535, Validation Loss: 0.8316
Epoch 127/1000, Train Loss: 0.4475, Validation Loss: 0.6352
Epoch 128/1000, Train Loss: 0.4489, Validation Loss: 0.7649
Epoch 129/1000, Train Loss: 0.4457, Validation Loss: 1.9314
Epoch 130/1000, Train Loss: 0.4469, Validation Loss: 0.6313
Epoch 131/1000, Train Loss: 0.4355, Validation Loss: 1.4253
Epoch 132/1000, Train Loss: 0.4520, Validation Loss: 0.7922
Epoch 133/1000, Train Loss: 0.4421, Validation Loss: 1.1606
Epoch 134/1000, Train Loss: 0.4443, Validation Loss: 0.5684
Epoch 135/1000, Train Loss: 0.4459, Validation Loss: 0.8194
Epoch 136/1000, Train Loss: 0.4385, Validation Loss: 1.7737
Epoch 137/1000, Train Loss: 0.4438, Validation Loss: 0.4599
Epoch 138/1000, Train Loss: 0.4380, Validation Loss: 1.6166
Epoch 139/1000, Train Loss: 0.4328, Validation Loss: 0.9985
Epoch 140/1000, Train Loss: 0.4342, Validation Loss: 1.1167
Epoch 141/1000, Train Loss: 0.4367, Validation Loss: 0.7999
Epoch 142/1000, Train Loss: 0.4314, Validation Loss: 0.8616
Epoch 143/1000, Train Loss: 0.4356, Validation Loss: 0.5581
Epoch 144/1000, Train Loss: 0.4271, Validation Loss: 0.5456
Epoch 145/1000, Train Loss: 0.4337, Validation Loss: 1.2475
Epoch 146/1000, Train Loss: 0.4286, Validation Loss: 1.3219
Epoch 147/1000, Train Loss: 0.4358, Validation Loss: 0.5757
Epoch 148/1000, Train Loss: 0.4287, Validation Loss: 0.4953
Epoch 149/1000, Train Loss: 0.4327, Validation Loss: 0.5172
Epoch 150/1000, Train Loss: 0.4272, Validation Loss: 1.9801
Epoch 151/1000, Train Loss: 0.4263, Validation Loss: 0.4695
Epoch 152/1000, Train Loss: 0.4272, Validation Loss: 0.7641
Epoch 153/1000, Train Loss: 0.4323, Validation Loss: 1.6715
Epoch 154/1000, Train Loss: 0.4335, Validation Loss: 0.6804
Epoch 155/1000, Train Loss: 0.4228, Validation Loss: 0.5468
Epoch 156/1000, Train Loss: 0.4231, Validation Loss: 1.4559
Epoch 157/1000, Train Loss: 0.4219, Validation Loss: 2.1349
Epoch 158/1000, Train Loss: 0.4244, Validation Loss: 0.4814
Epoch 159/1000, Train Loss: 0.4216, Validation Loss: 2.0429
Epoch 160/1000, Train Loss: 0.4177, Validation Loss: 0.8390
Epoch 161/1000, Train Loss: 0.4206, Validation Loss: 2.4240
Epoch 162/1000, Train Loss: 0.4222, Validation Loss: 0.7050
Epoch 163/1000, Train Loss: 0.4161, Validation Loss: 0.4312
Epoch 164/1000, Train Loss: 0.4164, Validation Loss: 0.6458
Epoch 165/1000, Train Loss: 0.4216, Validation Loss: 1.4811
Epoch 166/1000, Train Loss: 0.4187, Validation Loss: 0.6305
Epoch 167/1000, Train Loss: 0.4116, Validation Loss: 0.7878
Epoch 168/1000, Train Loss: 0.4125, Validation Loss: 0.5002
Epoch 169/1000, Train Loss: 0.4113, Validation Loss: 0.6510
Epoch 170/1000, Train Loss: 0.4115, Validation Loss: 0.6567
Epoch 171/1000, Train Loss: 0.4165, Validation Loss: 0.4558
Epoch 172/1000, Train Loss: 0.4115, Validation Loss: 0.7839
Epoch 173/1000, Train Loss: 0.4151, Validation Loss: 0.6065
Epoch 174/1000, Train Loss: 0.4156, Validation Loss: 0.4847
Epoch 175/1000, Train Loss: 0.4175, Validation Loss: 1.8489
Epoch 176/1000, Train Loss: 0.4128, Validation Loss: 0.4187
Epoch 177/1000, Train Loss: 0.4101, Validation Loss: 0.5500
Epoch 178/1000, Train Loss: 0.4134, Validation Loss: 1.3976
Epoch 179/1000, Train Loss: 0.4113, Validation Loss: 1.2511
Epoch 180/1000, Train Loss: 0.4098, Validation Loss: 0.7192
Epoch 181/1000, Train Loss: 0.4085, Validation Loss: 0.5773
Epoch 182/1000, Train Loss: 0.4038, Validation Loss: 1.0643
Epoch 183/1000, Train Loss: 0.4069, Validation Loss: 0.7026
Epoch 184/1000, Train Loss: 0.4085, Validation Loss: 1.8738
Epoch 185/1000, Train Loss: 0.4105, Validation Loss: 0.4748
Epoch 186/1000, Train Loss: 0.4075, Validation Loss: 0.6410
Epoch 187/1000, Train Loss: 0.4032, Validation Loss: 0.4056
Epoch 188/1000, Train Loss: 0.4016, Validation Loss: 0.7547
Epoch 189/1000, Train Loss: 0.4023, Validation Loss: 1.0965
Epoch 190/1000, Train Loss: 0.4063, Validation Loss: 1.0157
Epoch 191/1000, Train Loss: 0.4055, Validation Loss: 0.6535
Epoch 192/1000, Train Loss: 0.4018, Validation Loss: 1.0590
Epoch 193/1000, Train Loss: 0.4021, Validation Loss: 0.9748
Epoch 194/1000, Train Loss: 0.4064, Validation Loss: 0.7403
Epoch 195/1000, Train Loss: 0.4054, Validation Loss: 1.8529
Epoch 196/1000, Train Loss: 0.4001, Validation Loss: 0.5587
Epoch 197/1000, Train Loss: 0.4053, Validation Loss: 0.5104
Epoch 198/1000, Train Loss: 0.4020, Validation Loss: 2.6385
Epoch 199/1000, Train Loss: 0.4029, Validation Loss: 0.9241
Epoch 200/1000, Train Loss: 0.4001, Validation Loss: 0.5914
Epoch 201/1000, Train Loss: 0.4016, Validation Loss: 1.1129
Epoch 202/1000, Train Loss: 0.3996, Validation Loss: 3.1358
Epoch 203/1000, Train Loss: 0.4031, Validation Loss: 0.6455
Epoch 204/1000, Train Loss: 0.4000, Validation Loss: 0.7671
Epoch 205/1000, Train Loss: 0.3968, Validation Loss: 1.4945
Epoch 206/1000, Train Loss: 0.3948, Validation Loss: 1.0509
Epoch 207/1000, Train Loss: 0.3973, Validation Loss: 0.7148
Epoch 208/1000, Train Loss: 0.3996, Validation Loss: 0.6999
Epoch 209/1000, Train Loss: 0.4017, Validation Loss: 0.8772
Epoch 210/1000, Train Loss: 0.3942, Validation Loss: 0.3951
Epoch 211/1000, Train Loss: 0.3940, Validation Loss: 1.7089
Epoch 212/1000, Train Loss: 0.3911, Validation Loss: 0.6146
Epoch 213/1000, Train Loss: 0.3973, Validation Loss: 0.4505
Epoch 214/1000, Train Loss: 0.3965, Validation Loss: 1.1705
Epoch 215/1000, Train Loss: 0.3927, Validation Loss: 0.6019
Epoch 216/1000, Train Loss: 0.3934, Validation Loss: 0.8960
Epoch 217/1000, Train Loss: 0.3928, Validation Loss: 1.1373
Epoch 218/1000, Train Loss: 0.3900, Validation Loss: 0.5924
Epoch 219/1000, Train Loss: 0.3928, Validation Loss: 0.7047
Epoch 220/1000, Train Loss: 0.3908, Validation Loss: 1.6447
Epoch 221/1000, Train Loss: 0.3943, Validation Loss: 1.4232
Epoch 222/1000, Train Loss: 0.3916, Validation Loss: 0.7852
Epoch 223/1000, Train Loss: 0.3868, Validation Loss: 0.6370
Epoch 224/1000, Train Loss: 0.3983, Validation Loss: 0.7178
Epoch 225/1000, Train Loss: 0.3950, Validation Loss: 0.4482
Epoch 226/1000, Train Loss: 0.3891, Validation Loss: 1.6881
Epoch 227/1000, Train Loss: 0.3846, Validation Loss: 0.4803
Epoch 228/1000, Train Loss: 0.3856, Validation Loss: 0.8731
Epoch 229/1000, Train Loss: 0.3894, Validation Loss: 0.7214
Epoch 230/1000, Train Loss: 0.3895, Validation Loss: 0.7948
Epoch 231/1000, Train Loss: 0.3877, Validation Loss: 0.8810
Epoch 232/1000, Train Loss: 0.3880, Validation Loss: 0.5384
Epoch 233/1000, Train Loss: 0.3843, Validation Loss: 1.3430
Epoch 234/1000, Train Loss: 0.3856, Validation Loss: 1.0905
Epoch 235/1000, Train Loss: 0.3885, Validation Loss: 0.7966
Epoch 236/1000, Train Loss: 0.3843, Validation Loss: 1.3346
Epoch 237/1000, Train Loss: 0.3855, Validation Loss: 2.6896
Epoch 238/1000, Train Loss: 0.3798, Validation Loss: 1.2848
Epoch 239/1000, Train Loss: 0.3859, Validation Loss: 0.8756
Epoch 240/1000, Train Loss: 0.3907, Validation Loss: 0.5726
Epoch 241/1000, Train Loss: 0.3815, Validation Loss: 1.4210
Epoch 242/1000, Train Loss: 0.3827, Validation Loss: 2.5010
Epoch 243/1000, Train Loss: 0.3881, Validation Loss: 1.8578
Epoch 244/1000, Train Loss: 0.3798, Validation Loss: 1.3920
Epoch 245/1000, Train Loss: 0.3817, Validation Loss: 1.0293
Epoch 246/1000, Train Loss: 0.3883, Validation Loss: 1.6912
Epoch 247/1000, Train Loss: 0.3855, Validation Loss: 0.8933
Epoch 248/1000, Train Loss: 0.3791, Validation Loss: 0.6533
Epoch 249/1000, Train Loss: 0.3793, Validation Loss: 0.6413
Epoch 250/1000, Train Loss: 0.3764, Validation Loss: 0.8492
Epoch 251/1000, Train Loss: 0.3760, Validation Loss: 0.5463
Epoch 252/1000, Train Loss: 0.3830, Validation Loss: 0.8481
Epoch 253/1000, Train Loss: 0.3775, Validation Loss: 0.7932
Epoch 254/1000, Train Loss: 0.3778, Validation Loss: 0.6284
Epoch 255/1000, Train Loss: 0.3758, Validation Loss: 1.4668
Epoch 256/1000, Train Loss: 0.3757, Validation Loss: 1.4524
Epoch 257/1000, Train Loss: 0.3796, Validation Loss: 1.8849
Epoch 258/1000, Train Loss: 0.3753, Validation Loss: 0.8552
Epoch 259/1000, Train Loss: 0.3756, Validation Loss: 0.4893
Epoch 260/1000, Train Loss: 0.3715, Validation Loss: 0.8114
Epoch 261/1000, Train Loss: 0.3764, Validation Loss: 0.5605
Epoch 262/1000, Train Loss: 0.3771, Validation Loss: 0.7018
Epoch 263/1000, Train Loss: 0.3727, Validation Loss: 1.8654
Epoch 264/1000, Train Loss: 0.3764, Validation Loss: 0.4733
Epoch 265/1000, Train Loss: 0.3730, Validation Loss: 2.8330
Epoch 266/1000, Train Loss: 0.3745, Validation Loss: 0.3752
Epoch 267/1000, Train Loss: 0.3715, Validation Loss: 0.5640
Epoch 268/1000, Train Loss: 0.3783, Validation Loss: 1.7976
Epoch 269/1000, Train Loss: 0.3747, Validation Loss: 1.6508
Epoch 270/1000, Train Loss: 0.3703, Validation Loss: 1.1582
Epoch 271/1000, Train Loss: 0.3739, Validation Loss: 1.5993
Epoch 272/1000, Train Loss: 0.3732, Validation Loss: 2.0678
Epoch 273/1000, Train Loss: 0.3726, Validation Loss: 1.6536
Epoch 274/1000, Train Loss: 0.3792, Validation Loss: 2.0482
Epoch 275/1000, Train Loss: 0.3705, Validation Loss: 0.4715
Epoch 276/1000, Train Loss: 0.3705, Validation Loss: 0.4081
Epoch 277/1000, Train Loss: 0.3734, Validation Loss: 0.9753
Epoch 278/1000, Train Loss: 0.3681, Validation Loss: 0.5670
Epoch 279/1000, Train Loss: 0.3731, Validation Loss: 0.6447
Epoch 280/1000, Train Loss: 0.3719, Validation Loss: 2.3701
Epoch 281/1000, Train Loss: 0.3685, Validation Loss: 0.5599
Epoch 282/1000, Train Loss: 0.3692, Validation Loss: 1.1633
Epoch 283/1000, Train Loss: 0.3686, Validation Loss: 0.4893
Epoch 284/1000, Train Loss: 0.3654, Validation Loss: 0.5374
Epoch 285/1000, Train Loss: 0.3748, Validation Loss: 1.3332
Epoch 286/1000, Train Loss: 0.3687, Validation Loss: 0.4791
Epoch 287/1000, Train Loss: 0.3657, Validation Loss: 3.2088
Epoch 288/1000, Train Loss: 0.3720, Validation Loss: 1.4710
Epoch 289/1000, Train Loss: 0.3649, Validation Loss: 1.4815
Epoch 290/1000, Train Loss: 0.3687, Validation Loss: 0.9693
Epoch 291/1000, Train Loss: 0.3673, Validation Loss: 0.9121
Epoch 292/1000, Train Loss: 0.3657, Validation Loss: 0.8408
Epoch 293/1000, Train Loss: 0.3649, Validation Loss: 0.6158
Epoch 294/1000, Train Loss: 0.3677, Validation Loss: 1.6519
Epoch 295/1000, Train Loss: 0.3686, Validation Loss: 0.6443
Epoch 296/1000, Train Loss: 0.3657, Validation Loss: 0.4599
Epoch 297/1000, Train Loss: 0.3657, Validation Loss: 0.6585
Epoch 298/1000, Train Loss: 0.3683, Validation Loss: 0.5637
Epoch 299/1000, Train Loss: 0.3606, Validation Loss: 1.8057
Epoch 300/1000, Train Loss: 0.3646, Validation Loss: 0.7162
Epoch 301/1000, Train Loss: 0.3631, Validation Loss: 0.9811
Epoch 302/1000, Train Loss: 0.3673, Validation Loss: 3.4260
Epoch 303/1000, Train Loss: 0.3724, Validation Loss: 1.5324
Epoch 304/1000, Train Loss: 0.3631, Validation Loss: 0.3603
Epoch 305/1000, Train Loss: 0.3649, Validation Loss: 0.5066
Epoch 306/1000, Train Loss: 0.3605, Validation Loss: 0.9094
Epoch 307/1000, Train Loss: 0.3581, Validation Loss: 0.3798
Epoch 308/1000, Train Loss: 0.3642, Validation Loss: 1.2842
Epoch 309/1000, Train Loss: 0.3617, Validation Loss: 1.9222
Epoch 310/1000, Train Loss: 0.3576, Validation Loss: 1.1431
Epoch 311/1000, Train Loss: 0.3596, Validation Loss: 2.3135
Epoch 312/1000, Train Loss: 0.3576, Validation Loss: 0.5991
Epoch 313/1000, Train Loss: 0.3601, Validation Loss: 0.9371
Epoch 314/1000, Train Loss: 0.3589, Validation Loss: 0.5656
Epoch 315/1000, Train Loss: 0.3565, Validation Loss: 0.8137
Epoch 316/1000, Train Loss: 0.3578, Validation Loss: 1.3181
Epoch 317/1000, Train Loss: 0.3567, Validation Loss: 1.2084
Epoch 318/1000, Train Loss: 0.3549, Validation Loss: 1.3188
Epoch 319/1000, Train Loss: 0.3564, Validation Loss: 1.2693
Epoch 320/1000, Train Loss: 0.3565, Validation Loss: 1.0354
Epoch 321/1000, Train Loss: 0.3559, Validation Loss: 0.9839
Epoch 322/1000, Train Loss: 0.3573, Validation Loss: 1.6536
Epoch 323/1000, Train Loss: 0.3625, Validation Loss: 0.7667
Epoch 324/1000, Train Loss: 0.3640, Validation Loss: 1.0145
Epoch 325/1000, Train Loss: 0.3574, Validation Loss: 0.6371
Epoch 326/1000, Train Loss: 0.3578, Validation Loss: 1.4162
Epoch 327/1000, Train Loss: 0.3558, Validation Loss: 0.7166
Epoch 328/1000, Train Loss: 0.3536, Validation Loss: 0.5263
Epoch 329/1000, Train Loss: 0.3563, Validation Loss: 1.3630
Epoch 330/1000, Train Loss: 0.3577, Validation Loss: 1.9635
Epoch 331/1000, Train Loss: 0.3569, Validation Loss: 0.8648
Epoch 332/1000, Train Loss: 0.3575, Validation Loss: 0.6805
Epoch 333/1000, Train Loss: 0.3597, Validation Loss: 0.9729
Epoch 334/1000, Train Loss: 0.3583, Validation Loss: 0.8158
Epoch 335/1000, Train Loss: 0.3554, Validation Loss: 1.9068
Epoch 336/1000, Train Loss: 0.3575, Validation Loss: 0.8708
Epoch 337/1000, Train Loss: 0.3513, Validation Loss: 1.2134
Epoch 338/1000, Train Loss: 0.3542, Validation Loss: 0.9646
Epoch 339/1000, Train Loss: 0.3583, Validation Loss: 1.3842
Epoch 340/1000, Train Loss: 0.3545, Validation Loss: 0.4141
Epoch 341/1000, Train Loss: 0.3544, Validation Loss: 0.4224
Epoch 342/1000, Train Loss: 0.3498, Validation Loss: 1.5072
Epoch 343/1000, Train Loss: 0.3573, Validation Loss: 0.8037
Epoch 344/1000, Train Loss: 0.3507, Validation Loss: 1.0203
Epoch 345/1000, Train Loss: 0.3537, Validation Loss: 1.1770
Epoch 346/1000, Train Loss: 0.3520, Validation Loss: 1.0613
Epoch 347/1000, Train Loss: 0.3512, Validation Loss: 1.7189
Epoch 348/1000, Train Loss: 0.3529, Validation Loss: 0.6923
Epoch 349/1000, Train Loss: 0.3501, Validation Loss: 1.6249
Epoch 350/1000, Train Loss: 0.3548, Validation Loss: 1.7587
Epoch 351/1000, Train Loss: 0.3523, Validation Loss: 0.8029
Epoch 352/1000, Train Loss: 0.3506, Validation Loss: 0.5059
Epoch 353/1000, Train Loss: 0.3479, Validation Loss: 1.4801
Epoch 354/1000, Train Loss: 0.3550, Validation Loss: 0.3882
Epoch 355/1000, Train Loss: 0.3501, Validation Loss: 0.3843
Epoch 356/1000, Train Loss: 0.3510, Validation Loss: 0.9223
Epoch 357/1000, Train Loss: 0.3508, Validation Loss: 0.7392
Epoch 358/1000, Train Loss: 0.3482, Validation Loss: 0.5246
Epoch 359/1000, Train Loss: 0.3482, Validation Loss: 0.3817
Epoch 360/1000, Train Loss: 0.3487, Validation Loss: 1.5566
Epoch 361/1000, Train Loss: 0.3505, Validation Loss: 1.5256
Epoch 362/1000, Train Loss: 0.3456, Validation Loss: 1.2472
Epoch 363/1000, Train Loss: 0.3486, Validation Loss: 0.3174
Epoch 364/1000, Train Loss: 0.3499, Validation Loss: 0.6520
Epoch 365/1000, Train Loss: 0.3470, Validation Loss: 0.8781
Epoch 366/1000, Train Loss: 0.3581, Validation Loss: 0.5653
Epoch 367/1000, Train Loss: 0.3456, Validation Loss: 0.4414
Epoch 368/1000, Train Loss: 0.3495, Validation Loss: 1.1094
Epoch 369/1000, Train Loss: 0.3454, Validation Loss: 0.3714
Epoch 370/1000, Train Loss: 0.3451, Validation Loss: 1.3498
Epoch 371/1000, Train Loss: 0.3450, Validation Loss: 4.7851
Epoch 372/1000, Train Loss: 0.3483, Validation Loss: 1.0387
Epoch 373/1000, Train Loss: 0.3464, Validation Loss: 1.1584
Epoch 374/1000, Train Loss: 0.3482, Validation Loss: 1.7736
Epoch 375/1000, Train Loss: 0.3432, Validation Loss: 0.4359
Epoch 376/1000, Train Loss: 0.3508, Validation Loss: 0.4606
Epoch 377/1000, Train Loss: 0.3488, Validation Loss: 0.5930
Epoch 378/1000, Train Loss: 0.3465, Validation Loss: 1.1053
Epoch 379/1000, Train Loss: 0.3473, Validation Loss: 1.1568
Epoch 380/1000, Train Loss: 0.3439, Validation Loss: 1.2042
Epoch 381/1000, Train Loss: 0.3466, Validation Loss: 0.4152
Epoch 382/1000, Train Loss: 0.3506, Validation Loss: 1.2618
Epoch 383/1000, Train Loss: 0.3444, Validation Loss: 0.4790
Epoch 384/1000, Train Loss: 0.3455, Validation Loss: 2.7775
Epoch 385/1000, Train Loss: 0.3416, Validation Loss: 0.8728
Epoch 386/1000, Train Loss: 0.3515, Validation Loss: 0.9132
Epoch 387/1000, Train Loss: 0.3502, Validation Loss: 2.3479
Epoch 388/1000, Train Loss: 0.3473, Validation Loss: 0.3158
Epoch 389/1000, Train Loss: 0.3460, Validation Loss: 0.9117
Epoch 390/1000, Train Loss: 0.3501, Validation Loss: 0.6587
Epoch 391/1000, Train Loss: 0.3456, Validation Loss: 1.3168
Epoch 392/1000, Train Loss: 0.3387, Validation Loss: 2.2384
Epoch 393/1000, Train Loss: 0.3450, Validation Loss: 1.7376
Epoch 394/1000, Train Loss: 0.3428, Validation Loss: 0.6428
Epoch 395/1000, Train Loss: 0.3478, Validation Loss: 2.3294
Epoch 396/1000, Train Loss: 0.3463, Validation Loss: 0.7871
Epoch 397/1000, Train Loss: 0.3403, Validation Loss: 0.5156
Epoch 398/1000, Train Loss: 0.3405, Validation Loss: 0.5157
Epoch 399/1000, Train Loss: 0.3416, Validation Loss: 2.1313
Epoch 400/1000, Train Loss: 0.3414, Validation Loss: 0.6332
Epoch 401/1000, Train Loss: 0.3398, Validation Loss: 1.7128
Epoch 402/1000, Train Loss: 0.3408, Validation Loss: 2.0978
Epoch 403/1000, Train Loss: 0.3436, Validation Loss: 0.3519
Epoch 404/1000, Train Loss: 0.3425, Validation Loss: 1.4419
Epoch 405/1000, Train Loss: 0.3407, Validation Loss: 1.9209
Epoch 406/1000, Train Loss: 0.3412, Validation Loss: 0.4970
Epoch 407/1000, Train Loss: 0.3399, Validation Loss: 1.0411
Epoch 408/1000, Train Loss: 0.3393, Validation Loss: 1.7084
Epoch 409/1000, Train Loss: 0.3414, Validation Loss: 0.8443
Epoch 410/1000, Train Loss: 0.3398, Validation Loss: 0.9482
Epoch 411/1000, Train Loss: 0.3384, Validation Loss: 0.9531
Epoch 412/1000, Train Loss: 0.3404, Validation Loss: 1.2253
Epoch 413/1000, Train Loss: 0.3368, Validation Loss: 0.5624
Epoch 414/1000, Train Loss: 0.3353, Validation Loss: 1.3667
Epoch 415/1000, Train Loss: 0.3434, Validation Loss: 0.8270
Epoch 416/1000, Train Loss: 0.3382, Validation Loss: 1.8337
Epoch 417/1000, Train Loss: 0.3399, Validation Loss: 0.4942
Epoch 418/1000, Train Loss: 0.3367, Validation Loss: 0.6619
Epoch 419/1000, Train Loss: 0.3364, Validation Loss: 0.8558
Epoch 420/1000, Train Loss: 0.3387, Validation Loss: 1.3716
Epoch 421/1000, Train Loss: 0.3423, Validation Loss: 0.6125
Epoch 422/1000, Train Loss: 0.3348, Validation Loss: 0.7723
Epoch 423/1000, Train Loss: 0.3468, Validation Loss: 0.4315
Epoch 424/1000, Train Loss: 0.3374, Validation Loss: 0.8252
Epoch 425/1000, Train Loss: 0.3368, Validation Loss: 0.9813
Epoch 426/1000, Train Loss: 0.3373, Validation Loss: 0.5702
Epoch 427/1000, Train Loss: 0.3389, Validation Loss: 0.5769
Epoch 428/1000, Train Loss: 0.3388, Validation Loss: 0.3669
Epoch 429/1000, Train Loss: 0.3360, Validation Loss: 0.6827
Epoch 430/1000, Train Loss: 0.3353, Validation Loss: 1.0453
Epoch 431/1000, Train Loss: 0.3343, Validation Loss: 0.8869
Epoch 432/1000, Train Loss: 0.3371, Validation Loss: 1.0083
Epoch 433/1000, Train Loss: 0.3326, Validation Loss: 0.5302
Epoch 434/1000, Train Loss: 0.3369, Validation Loss: 0.4940
Epoch 435/1000, Train Loss: 0.3378, Validation Loss: 1.5679
Epoch 436/1000, Train Loss: 0.3351, Validation Loss: 0.5258
Epoch 437/1000, Train Loss: 0.3389, Validation Loss: 0.5729
Epoch 438/1000, Train Loss: 0.3368, Validation Loss: 1.7249
Epoch 439/1000, Train Loss: 0.3378, Validation Loss: 0.7450
Epoch 440/1000, Train Loss: 0.3335, Validation Loss: 2.1014
Epoch 441/1000, Train Loss: 0.3368, Validation Loss: 1.0910
Epoch 442/1000, Train Loss: 0.3338, Validation Loss: 0.4564
Epoch 443/1000, Train Loss: 0.3382, Validation Loss: 0.4337
Epoch 444/1000, Train Loss: 0.3328, Validation Loss: 0.3875
Epoch 445/1000, Train Loss: 0.3429, Validation Loss: 0.4668
Epoch 446/1000, Train Loss: 0.3337, Validation Loss: 0.5329
Epoch 447/1000, Train Loss: 0.3343, Validation Loss: 1.8123
Epoch 448/1000, Train Loss: 0.3351, Validation Loss: 1.0053
Epoch 449/1000, Train Loss: 0.3351, Validation Loss: 3.2451
Epoch 450/1000, Train Loss: 0.3332, Validation Loss: 1.0314
Epoch 451/1000, Train Loss: 0.3339, Validation Loss: 0.5208
Epoch 452/1000, Train Loss: 0.3334, Validation Loss: 0.3225
Epoch 453/1000, Train Loss: 0.3391, Validation Loss: 1.3996
Epoch 454/1000, Train Loss: 0.3329, Validation Loss: 0.9969
Epoch 455/1000, Train Loss: 0.3352, Validation Loss: 0.3664
Epoch 456/1000, Train Loss: 0.3357, Validation Loss: 0.5454
Epoch 457/1000, Train Loss: 0.3329, Validation Loss: 0.7024
Epoch 458/1000, Train Loss: 0.3313, Validation Loss: 0.5504
Epoch 459/1000, Train Loss: 0.3325, Validation Loss: 0.3383
Epoch 460/1000, Train Loss: 0.3324, Validation Loss: 0.7975
Epoch 461/1000, Train Loss: 0.3345, Validation Loss: 1.0417
Epoch 462/1000, Train Loss: 0.3340, Validation Loss: 0.8637
Epoch 463/1000, Train Loss: 0.3354, Validation Loss: 0.4615
Epoch 464/1000, Train Loss: 0.3318, Validation Loss: 1.7897
Epoch 465/1000, Train Loss: 0.3316, Validation Loss: 1.0273
Epoch 466/1000, Train Loss: 0.3340, Validation Loss: 0.5453
Epoch 467/1000, Train Loss: 0.3333, Validation Loss: 2.2645
Epoch 468/1000, Train Loss: 0.3355, Validation Loss: 0.3858
Epoch 469/1000, Train Loss: 0.3311, Validation Loss: 0.8808
Epoch 470/1000, Train Loss: 0.3331, Validation Loss: 1.9736
Epoch 471/1000, Train Loss: 0.3298, Validation Loss: 1.1482
Epoch 472/1000, Train Loss: 0.3340, Validation Loss: 1.4633
Epoch 473/1000, Train Loss: 0.3323, Validation Loss: 0.6378
Epoch 474/1000, Train Loss: 0.3311, Validation Loss: 1.9234
Epoch 475/1000, Train Loss: 0.3327, Validation Loss: 1.1959
Epoch 476/1000, Train Loss: 0.3300, Validation Loss: 0.8797
Epoch 477/1000, Train Loss: 0.3280, Validation Loss: 1.0454
Epoch 478/1000, Train Loss: 0.3277, Validation Loss: 0.3254
Epoch 479/1000, Train Loss: 0.3306, Validation Loss: 1.1087
Epoch 480/1000, Train Loss: 0.3328, Validation Loss: 1.5026
Epoch 481/1000, Train Loss: 0.3333, Validation Loss: 0.3435
Epoch 482/1000, Train Loss: 0.3294, Validation Loss: 1.5553
Epoch 483/1000, Train Loss: 0.3317, Validation Loss: 0.4829
Epoch 484/1000, Train Loss: 0.3363, Validation Loss: 1.9140
Epoch 485/1000, Train Loss: 0.3285, Validation Loss: 0.5738
Epoch 486/1000, Train Loss: 0.3291, Validation Loss: 0.9524
Epoch 487/1000, Train Loss: 0.3259, Validation Loss: 0.5106
Epoch 488/1000, Train Loss: 0.3292, Validation Loss: 0.7989
Epoch 489/1000, Train Loss: 0.3324, Validation Loss: 0.5788
Epoch 490/1000, Train Loss: 0.3309, Validation Loss: 0.7917
Epoch 491/1000, Train Loss: 0.3288, Validation Loss: 0.8486
Epoch 492/1000, Train Loss: 0.3319, Validation Loss: 0.9575
Epoch 493/1000, Train Loss: 0.3308, Validation Loss: 1.1158
Epoch 494/1000, Train Loss: 0.3296, Validation Loss: 0.7633
Epoch 495/1000, Train Loss: 0.3303, Validation Loss: 1.7609
Epoch 496/1000, Train Loss: 0.3281, Validation Loss: 2.0708
Epoch 497/1000, Train Loss: 0.3293, Validation Loss: 0.6970
Epoch 498/1000, Train Loss: 0.3292, Validation Loss: 0.8985
Epoch 499/1000, Train Loss: 0.3320, Validation Loss: 1.0062
Epoch 500/1000, Train Loss: 0.3312, Validation Loss: 0.9210
Epoch 501/1000, Train Loss: 0.3314, Validation Loss: 0.7445
Epoch 502/1000, Train Loss: 0.3270, Validation Loss: 0.6632
Epoch 503/1000, Train Loss: 0.3302, Validation Loss: 1.5224
Epoch 504/1000, Train Loss: 0.3292, Validation Loss: 0.6066
Epoch 505/1000, Train Loss: 0.3283, Validation Loss: 0.7366
Epoch 506/1000, Train Loss: 0.3366, Validation Loss: 0.7995
Epoch 507/1000, Train Loss: 0.3319, Validation Loss: 0.3403
Epoch 508/1000, Train Loss: 0.3269, Validation Loss: 0.7219
Epoch 509/1000, Train Loss: 0.3270, Validation Loss: 1.2018
Epoch 510/1000, Train Loss: 0.3255, Validation Loss: 0.9501
Epoch 511/1000, Train Loss: 0.3293, Validation Loss: 1.0978
Epoch 512/1000, Train Loss: 0.3332, Validation Loss: 1.6227
Epoch 513/1000, Train Loss: 0.3268, Validation Loss: 0.6719
Epoch 514/1000, Train Loss: 0.3236, Validation Loss: 0.9886
Epoch 515/1000, Train Loss: 0.3298, Validation Loss: 0.7696
Epoch 516/1000, Train Loss: 0.3306, Validation Loss: 1.5377
Epoch 517/1000, Train Loss: 0.3255, Validation Loss: 0.8895
Epoch 518/1000, Train Loss: 0.3265, Validation Loss: 0.3997
Epoch 519/1000, Train Loss: 0.3283, Validation Loss: 1.8876
Epoch 520/1000, Train Loss: 0.3284, Validation Loss: 0.4849
Epoch 521/1000, Train Loss: 0.3286, Validation Loss: 2.3665
Epoch 522/1000, Train Loss: 0.3251, Validation Loss: 0.9324
Epoch 523/1000, Train Loss: 0.3247, Validation Loss: 2.0290
Epoch 524/1000, Train Loss: 0.3284, Validation Loss: 1.6767
Epoch 525/1000, Train Loss: 0.3239, Validation Loss: 0.5424
Epoch 526/1000, Train Loss: 0.3245, Validation Loss: 0.3933
Epoch 527/1000, Train Loss: 0.3227, Validation Loss: 0.8622
Epoch 528/1000, Train Loss: 0.3258, Validation Loss: 1.9754
Epoch 529/1000, Train Loss: 0.3265, Validation Loss: 1.1321
Epoch 530/1000, Train Loss: 0.3287, Validation Loss: 2.3295
Epoch 531/1000, Train Loss: 0.3269, Validation Loss: 1.8459
Epoch 532/1000, Train Loss: 0.3270, Validation Loss: 1.5362
Epoch 533/1000, Train Loss: 0.3207, Validation Loss: 5.8742
Epoch 534/1000, Train Loss: 0.3258, Validation Loss: 1.6964
Epoch 535/1000, Train Loss: 0.3250, Validation Loss: 1.4899
Epoch 536/1000, Train Loss: 0.3273, Validation Loss: 0.3673
Epoch 537/1000, Train Loss: 0.3247, Validation Loss: 0.6388
Epoch 538/1000, Train Loss: 0.3231, Validation Loss: 2.2998
Epoch 539/1000, Train Loss: 0.3245, Validation Loss: 0.9711
Epoch 540/1000, Train Loss: 0.3258, Validation Loss: 0.5707
Epoch 541/1000, Train Loss: 0.3219, Validation Loss: 0.8707
Epoch 542/1000, Train Loss: 0.3268, Validation Loss: 0.4481
Epoch 543/1000, Train Loss: 0.3243, Validation Loss: 0.7537
Epoch 544/1000, Train Loss: 0.3282, Validation Loss: 0.4357
Epoch 545/1000, Train Loss: 0.3243, Validation Loss: 0.9735
Epoch 546/1000, Train Loss: 0.3261, Validation Loss: 0.3895
Epoch 547/1000, Train Loss: 0.3223, Validation Loss: 1.3752
Epoch 548/1000, Train Loss: 0.3235, Validation Loss: 0.5262
Epoch 549/1000, Train Loss: 0.3246, Validation Loss: 0.6041
Epoch 550/1000, Train Loss: 0.3210, Validation Loss: 0.6206
Epoch 551/1000, Train Loss: 0.3310, Validation Loss: 1.9891
Epoch 552/1000, Train Loss: 0.3217, Validation Loss: 1.8966
Epoch 553/1000, Train Loss: 0.3252, Validation Loss: 0.7944
Epoch 554/1000, Train Loss: 0.3217, Validation Loss: 1.4769
Epoch 555/1000, Train Loss: 0.3298, Validation Loss: 0.7347
Epoch 556/1000, Train Loss: 0.3247, Validation Loss: 1.3106
Epoch 557/1000, Train Loss: 0.3221, Validation Loss: 0.5693
Epoch 558/1000, Train Loss: 0.3194, Validation Loss: 1.4069
Epoch 559/1000, Train Loss: 0.3240, Validation Loss: 0.4284
Epoch 560/1000, Train Loss: 0.3215, Validation Loss: 1.2317
Epoch 561/1000, Train Loss: 0.3175, Validation Loss: 1.7542
Epoch 562/1000, Train Loss: 0.3197, Validation Loss: 2.1145
Epoch 563/1000, Train Loss: 0.3220, Validation Loss: 0.5827
Epoch 564/1000, Train Loss: 0.3202, Validation Loss: 0.5891
Epoch 565/1000, Train Loss: 0.3209, Validation Loss: 1.0452
Epoch 566/1000, Train Loss: 0.3209, Validation Loss: 0.7539
Epoch 567/1000, Train Loss: 0.3215, Validation Loss: 1.1013
Epoch 568/1000, Train Loss: 0.3205, Validation Loss: 0.5465
Epoch 569/1000, Train Loss: 0.3165, Validation Loss: 0.9049
Epoch 570/1000, Train Loss: 0.3231, Validation Loss: 0.5928
Epoch 571/1000, Train Loss: 0.3197, Validation Loss: 0.8446
Epoch 572/1000, Train Loss: 0.3239, Validation Loss: 1.0314
Epoch 573/1000, Train Loss: 0.3200, Validation Loss: 0.3771
Epoch 574/1000, Train Loss: 0.3293, Validation Loss: 0.5989
Epoch 575/1000, Train Loss: 0.3206, Validation Loss: 0.4113
Epoch 576/1000, Train Loss: 0.3188, Validation Loss: 1.4532
Epoch 577/1000, Train Loss: 0.3181, Validation Loss: 0.4635
Epoch 578/1000, Train Loss: 0.3219, Validation Loss: 0.5546
Epoch 579/1000, Train Loss: 0.3213, Validation Loss: 2.0896
Epoch 580/1000, Train Loss: 0.3143, Validation Loss: 1.4694
Epoch 581/1000, Train Loss: 0.3232, Validation Loss: 0.7694
Epoch 582/1000, Train Loss: 0.3150, Validation Loss: 0.5392
Epoch 583/1000, Train Loss: 0.3196, Validation Loss: 0.9432
Epoch 584/1000, Train Loss: 0.3216, Validation Loss: 0.9065
Epoch 585/1000, Train Loss: 0.3162, Validation Loss: 0.6063
Epoch 586/1000, Train Loss: 0.3205, Validation Loss: 0.6248
Epoch 587/1000, Train Loss: 0.3255, Validation Loss: 0.7438
Epoch 588/1000, Train Loss: 0.3184, Validation Loss: 0.4650
Epoch 589/1000, Train Loss: 0.3252, Validation Loss: 1.4750
Epoch 590/1000, Train Loss: 0.3173, Validation Loss: 2.2388
Epoch 591/1000, Train Loss: 0.3163, Validation Loss: 0.4984
Epoch 592/1000, Train Loss: 0.3235, Validation Loss: 2.1188
Epoch 593/1000, Train Loss: 0.3169, Validation Loss: 4.0091
Epoch 594/1000, Train Loss: 0.3203, Validation Loss: 2.7525
Epoch 595/1000, Train Loss: 0.3171, Validation Loss: 0.5480
Epoch 596/1000, Train Loss: 0.3187, Validation Loss: 0.8512
Epoch 597/1000, Train Loss: 0.3186, Validation Loss: 1.2317
Epoch 598/1000, Train Loss: 0.3195, Validation Loss: 1.1206
Epoch 599/1000, Train Loss: 0.3233, Validation Loss: 0.5686
Epoch 600/1000, Train Loss: 0.3171, Validation Loss: 1.2534
Epoch 601/1000, Train Loss: 0.3195, Validation Loss: 0.5157
Epoch 602/1000, Train Loss: 0.3133, Validation Loss: 0.5374
Epoch 603/1000, Train Loss: 0.3158, Validation Loss: 1.2473
Epoch 604/1000, Train Loss: 0.3155, Validation Loss: 0.6136
Epoch 605/1000, Train Loss: 0.3210, Validation Loss: 0.8847
Epoch 606/1000, Train Loss: 0.3158, Validation Loss: 1.5015
Epoch 607/1000, Train Loss: 0.3189, Validation Loss: 1.6645
Epoch 608/1000, Train Loss: 0.3162, Validation Loss: 0.4184
Epoch 609/1000, Train Loss: 0.3142, Validation Loss: 2.5414
Epoch 610/1000, Train Loss: 0.3196, Validation Loss: 0.7610
Epoch 611/1000, Train Loss: 0.3168, Validation Loss: 1.3506
Epoch 612/1000, Train Loss: 0.3148, Validation Loss: 0.6404
Epoch 613/1000, Train Loss: 0.3179, Validation Loss: 0.6448
Epoch 614/1000, Train Loss: 0.3123, Validation Loss: 0.4944
Epoch 615/1000, Train Loss: 0.3160, Validation Loss: 1.6134
Epoch 616/1000, Train Loss: 0.3174, Validation Loss: 3.3061
Epoch 617/1000, Train Loss: 0.3228, Validation Loss: 0.4133
Epoch 618/1000, Train Loss: 0.3169, Validation Loss: 1.2071
Epoch 619/1000, Train Loss: 0.3185, Validation Loss: 0.6787
Epoch 620/1000, Train Loss: 0.3131, Validation Loss: 0.4623
Epoch 621/1000, Train Loss: 0.3170, Validation Loss: 0.5984
Epoch 622/1000, Train Loss: 0.3184, Validation Loss: 1.5353
Epoch 623/1000, Train Loss: 0.3148, Validation Loss: 1.3909
Epoch 624/1000, Train Loss: 0.3176, Validation Loss: 0.4773
Epoch 625/1000, Train Loss: 0.3206, Validation Loss: 0.6253
Epoch 626/1000, Train Loss: 0.3209, Validation Loss: 0.4489
Epoch 627/1000, Train Loss: 0.3181, Validation Loss: 0.5016
Epoch 628/1000, Train Loss: 0.3173, Validation Loss: 1.5904
Epoch 629/1000, Train Loss: 0.3168, Validation Loss: 0.4561
Epoch 630/1000, Train Loss: 0.3167, Validation Loss: 1.2180
Epoch 631/1000, Train Loss: 0.3136, Validation Loss: 1.8805
Epoch 632/1000, Train Loss: 0.3186, Validation Loss: 2.3267
Epoch 633/1000, Train Loss: 0.3163, Validation Loss: 1.4501
Epoch 634/1000, Train Loss: 0.3173, Validation Loss: 0.5884
Epoch 635/1000, Train Loss: 0.3183, Validation Loss: 1.4819
Epoch 636/1000, Train Loss: 0.3158, Validation Loss: 0.5869
Epoch 637/1000, Train Loss: 0.3165, Validation Loss: 3.6259
Epoch 638/1000, Train Loss: 0.3163, Validation Loss: 2.0673
Epoch 639/1000, Train Loss: 0.3176, Validation Loss: 0.5322
Epoch 640/1000, Train Loss: 0.3136, Validation Loss: 0.9989
Epoch 641/1000, Train Loss: 0.3114, Validation Loss: 2.1893
Epoch 642/1000, Train Loss: 0.3169, Validation Loss: 2.8971
Epoch 643/1000, Train Loss: 0.3203, Validation Loss: 1.1118
Epoch 644/1000, Train Loss: 0.3146, Validation Loss: 0.6683
Epoch 645/1000, Train Loss: 0.3141, Validation Loss: 0.4980
Epoch 646/1000, Train Loss: 0.3138, Validation Loss: 1.6110
Epoch 647/1000, Train Loss: 0.3173, Validation Loss: 0.9866
Epoch 648/1000, Train Loss: 0.3145, Validation Loss: 0.4883
Epoch 649/1000, Train Loss: 0.3135, Validation Loss: 0.9413
Epoch 650/1000, Train Loss: 0.3118, Validation Loss: 0.8602
Epoch 651/1000, Train Loss: 0.3140, Validation Loss: 1.7887
Epoch 652/1000, Train Loss: 0.3123, Validation Loss: 1.4277
Epoch 653/1000, Train Loss: 0.3170, Validation Loss: 2.3086
Epoch 654/1000, Train Loss: 0.3130, Validation Loss: 0.4266
Epoch 655/1000, Train Loss: 0.3133, Validation Loss: 0.7252
Epoch 656/1000, Train Loss: 0.3174, Validation Loss: 0.6970
Epoch 657/1000, Train Loss: 0.3147, Validation Loss: 0.7041
Epoch 658/1000, Train Loss: 0.3118, Validation Loss: 3.4396
Epoch 659/1000, Train Loss: 0.3142, Validation Loss: 0.4611
Epoch 660/1000, Train Loss: 0.3137, Validation Loss: 1.6417
Epoch 661/1000, Train Loss: 0.3142, Validation Loss: 0.5383
Epoch 662/1000, Train Loss: 0.3142, Validation Loss: 1.4852
Epoch 663/1000, Train Loss: 0.3145, Validation Loss: 0.7637
Epoch 664/1000, Train Loss: 0.3163, Validation Loss: 0.8369
Epoch 665/1000, Train Loss: 0.3132, Validation Loss: 0.7475
Epoch 666/1000, Train Loss: 0.3135, Validation Loss: 1.1269
Epoch 667/1000, Train Loss: 0.3132, Validation Loss: 0.7246
Epoch 668/1000, Train Loss: 0.3103, Validation Loss: 1.5462
Epoch 669/1000, Train Loss: 0.3142, Validation Loss: 1.9945
Epoch 670/1000, Train Loss: 0.3108, Validation Loss: 0.8497
Epoch 671/1000, Train Loss: 0.3111, Validation Loss: 1.4792
Epoch 672/1000, Train Loss: 0.3186, Validation Loss: 0.4273
Epoch 673/1000, Train Loss: 0.3145, Validation Loss: 1.0494
Epoch 674/1000, Train Loss: 0.3097, Validation Loss: 4.5963
Epoch 675/1000, Train Loss: 0.3143, Validation Loss: 2.1315
Epoch 676/1000, Train Loss: 0.3137, Validation Loss: 0.7586
Epoch 677/1000, Train Loss: 0.3136, Validation Loss: 0.6764
Epoch 678/1000, Train Loss: 0.3119, Validation Loss: 1.0296
Epoch 679/1000, Train Loss: 0.3126, Validation Loss: 1.4597
Epoch 680/1000, Train Loss: 0.3159, Validation Loss: 1.7493
Epoch 681/1000, Train Loss: 0.3166, Validation Loss: 3.4859
Epoch 682/1000, Train Loss: 0.3122, Validation Loss: 1.2525
Epoch 683/1000, Train Loss: 0.3143, Validation Loss: 0.9465
Epoch 684/1000, Train Loss: 0.3118, Validation Loss: 0.9078
Epoch 685/1000, Train Loss: 0.3114, Validation Loss: 0.4521
Epoch 686/1000, Train Loss: 0.3133, Validation Loss: 0.7234
Epoch 687/1000, Train Loss: 0.3120, Validation Loss: 0.6306
Epoch 688/1000, Train Loss: 0.3144, Validation Loss: 0.8055
Epoch 689/1000, Train Loss: 0.3142, Validation Loss: 1.9382
Epoch 690/1000, Train Loss: 0.3101, Validation Loss: 0.5103
Epoch 691/1000, Train Loss: 0.3120, Validation Loss: 0.6718
Epoch 692/1000, Train Loss: 0.3165, Validation Loss: 1.1767
Epoch 693/1000, Train Loss: 0.3116, Validation Loss: 1.4348
Epoch 694/1000, Train Loss: 0.3129, Validation Loss: 1.6624
Epoch 695/1000, Train Loss: 0.3129, Validation Loss: 2.8555
Epoch 696/1000, Train Loss: 0.3138, Validation Loss: 0.3414
Epoch 697/1000, Train Loss: 0.3118, Validation Loss: 1.6471
Epoch 698/1000, Train Loss: 0.3134, Validation Loss: 0.4269
Epoch 699/1000, Train Loss: 0.3126, Validation Loss: 2.5797
Epoch 700/1000, Train Loss: 0.3068, Validation Loss: 1.1704
Epoch 701/1000, Train Loss: 0.3124, Validation Loss: 2.0597
Epoch 702/1000, Train Loss: 0.3095, Validation Loss: 1.1930
Epoch 703/1000, Train Loss: 0.3100, Validation Loss: 1.2181
Epoch 704/1000, Train Loss: 0.3080, Validation Loss: 3.1775
Epoch 705/1000, Train Loss: 0.3126, Validation Loss: 0.6234
Epoch 706/1000, Train Loss: 0.3132, Validation Loss: 0.7695
Epoch 707/1000, Train Loss: 0.3069, Validation Loss: 1.3809
Epoch 708/1000, Train Loss: 0.3089, Validation Loss: 0.6619
Epoch 709/1000, Train Loss: 0.3064, Validation Loss: 0.8495
Epoch 710/1000, Train Loss: 0.3089, Validation Loss: 2.1123
Epoch 711/1000, Train Loss: 0.3118, Validation Loss: 0.5506
Epoch 712/1000, Train Loss: 0.3126, Validation Loss: 1.9520
Epoch 713/1000, Train Loss: 0.3124, Validation Loss: 0.8074
Epoch 714/1000, Train Loss: 0.3157, Validation Loss: 0.4011
Epoch 715/1000, Train Loss: 0.3119, Validation Loss: 1.1930
Epoch 716/1000, Train Loss: 0.3075, Validation Loss: 1.1427
Epoch 717/1000, Train Loss: 0.3101, Validation Loss: 0.5837
Epoch 718/1000, Train Loss: 0.3133, Validation Loss: 0.8331
Epoch 719/1000, Train Loss: 0.3111, Validation Loss: 1.5961
Epoch 720/1000, Train Loss: 0.3073, Validation Loss: 0.9993
Epoch 721/1000, Train Loss: 0.3110, Validation Loss: 0.9037
Epoch 722/1000, Train Loss: 0.3116, Validation Loss: 0.6678
Epoch 723/1000, Train Loss: 0.3092, Validation Loss: 2.3738
Epoch 724/1000, Train Loss: 0.3120, Validation Loss: 0.3844
Epoch 725/1000, Train Loss: 0.3096, Validation Loss: 1.5482
Epoch 726/1000, Train Loss: 0.3079, Validation Loss: 2.0095
Epoch 727/1000, Train Loss: 0.3098, Validation Loss: 1.7921
Epoch 728/1000, Train Loss: 0.3108, Validation Loss: 0.9637
Epoch 729/1000, Train Loss: 0.3067, Validation Loss: 1.5613
Epoch 730/1000, Train Loss: 0.3110, Validation Loss: 0.7795
Epoch 731/1000, Train Loss: 0.3080, Validation Loss: 1.8694
Epoch 732/1000, Train Loss: 0.3116, Validation Loss: 1.3531
Epoch 733/1000, Train Loss: 0.3111, Validation Loss: 3.3729
Epoch 734/1000, Train Loss: 0.3094, Validation Loss: 0.3950
Epoch 735/1000, Train Loss: 0.3117, Validation Loss: 1.0719
Epoch 736/1000, Train Loss: 0.3124, Validation Loss: 0.5817
Epoch 737/1000, Train Loss: 0.3088, Validation Loss: 2.8069
Epoch 738/1000, Train Loss: 0.3105, Validation Loss: 1.8758
Epoch 739/1000, Train Loss: 0.3084, Validation Loss: 1.3851
Epoch 740/1000, Train Loss: 0.3066, Validation Loss: 1.0091
Epoch 741/1000, Train Loss: 0.3093, Validation Loss: 1.7480
Epoch 742/1000, Train Loss: 0.3106, Validation Loss: 0.7447
Epoch 743/1000, Train Loss: 0.3118, Validation Loss: 0.6356
Epoch 744/1000, Train Loss: 0.3110, Validation Loss: 0.3792
Epoch 745/1000, Train Loss: 0.3110, Validation Loss: 0.3930
Epoch 746/1000, Train Loss: 0.3082, Validation Loss: 0.5396
Epoch 747/1000, Train Loss: 0.3067, Validation Loss: 0.5964
Epoch 748/1000, Train Loss: 0.3095, Validation Loss: 1.3147
Epoch 749/1000, Train Loss: 0.3124, Validation Loss: 1.5872
Epoch 750/1000, Train Loss: 0.3074, Validation Loss: 0.4943
Epoch 751/1000, Train Loss: 0.3121, Validation Loss: 0.3741
Epoch 752/1000, Train Loss: 0.3094, Validation Loss: 0.4243
Epoch 753/1000, Train Loss: 0.3098, Validation Loss: 4.2022
Epoch 754/1000, Train Loss: 0.3102, Validation Loss: 0.4860
Epoch 755/1000, Train Loss: 0.3091, Validation Loss: 0.9832
Epoch 756/1000, Train Loss: 0.3083, Validation Loss: 0.8302
Epoch 757/1000, Train Loss: 0.3074, Validation Loss: 0.4193
Epoch 758/1000, Train Loss: 0.3117, Validation Loss: 1.4934
Epoch 759/1000, Train Loss: 0.3109, Validation Loss: 0.4016
Epoch 760/1000, Train Loss: 0.3068, Validation Loss: 2.4885
Epoch 761/1000, Train Loss: 0.3145, Validation Loss: 1.7785
Epoch 762/1000, Train Loss: 0.3123, Validation Loss: 0.9305
Epoch 763/1000, Train Loss: 0.3079, Validation Loss: 0.4507
Epoch 764/1000, Train Loss: 0.3085, Validation Loss: 1.1332
Epoch 765/1000, Train Loss: 0.3106, Validation Loss: 0.3945
Epoch 766/1000, Train Loss: 0.3090, Validation Loss: 1.3046
Epoch 767/1000, Train Loss: 0.3079, Validation Loss: 0.6578
Epoch 768/1000, Train Loss: 0.3055, Validation Loss: 0.6733
Epoch 769/1000, Train Loss: 0.3073, Validation Loss: 1.6295
Epoch 770/1000, Train Loss: 0.3056, Validation Loss: 0.8460
Epoch 771/1000, Train Loss: 0.3070, Validation Loss: 2.0786
Epoch 772/1000, Train Loss: 0.3060, Validation Loss: 1.6189
Epoch 773/1000, Train Loss: 0.3096, Validation Loss: 0.5494
Epoch 774/1000, Train Loss: 0.3059, Validation Loss: 0.4167
Epoch 775/1000, Train Loss: 0.3087, Validation Loss: 2.8327
Epoch 776/1000, Train Loss: 0.3119, Validation Loss: 2.0584
Epoch 777/1000, Train Loss: 0.3093, Validation Loss: 1.0648
Epoch 778/1000, Train Loss: 0.3057, Validation Loss: 1.9101
Epoch 779/1000, Train Loss: 0.3029, Validation Loss: 0.6678
Epoch 780/1000, Train Loss: 0.3061, Validation Loss: 0.7576
Epoch 781/1000, Train Loss: 0.3057, Validation Loss: 1.3224
Epoch 782/1000, Train Loss: 0.3055, Validation Loss: 0.8870
Epoch 783/1000, Train Loss: 0.3076, Validation Loss: 1.4644
Epoch 784/1000, Train Loss: 0.3090, Validation Loss: 3.0080
Epoch 785/1000, Train Loss: 0.3076, Validation Loss: 1.5928
Epoch 786/1000, Train Loss: 0.3069, Validation Loss: 0.9619
Epoch 787/1000, Train Loss: 0.3061, Validation Loss: 1.1957
Epoch 788/1000, Train Loss: 0.3055, Validation Loss: 0.4982
Epoch 789/1000, Train Loss: 0.3080, Validation Loss: 0.6101
Epoch 790/1000, Train Loss: 0.3094, Validation Loss: 1.9189
Epoch 791/1000, Train Loss: 0.3052, Validation Loss: 0.6478
Epoch 792/1000, Train Loss: 0.3083, Validation Loss: 1.3452
Epoch 793/1000, Train Loss: 0.3086, Validation Loss: 0.5911
Epoch 794/1000, Train Loss: 0.3058, Validation Loss: 0.6794
Epoch 795/1000, Train Loss: 0.3056, Validation Loss: 0.5497
Epoch 796/1000, Train Loss: 0.3041, Validation Loss: 1.1325
Epoch 797/1000, Train Loss: 0.3066, Validation Loss: 0.5147
Epoch 798/1000, Train Loss: 0.3114, Validation Loss: 1.3452
Epoch 799/1000, Train Loss: 0.3035, Validation Loss: 0.8022
Epoch 800/1000, Train Loss: 0.3101, Validation Loss: 2.0528
Epoch 801/1000, Train Loss: 0.3036, Validation Loss: 0.5437
Epoch 802/1000, Train Loss: 0.3058, Validation Loss: 0.4036
Epoch 803/1000, Train Loss: 0.3031, Validation Loss: 1.3424
Epoch 804/1000, Train Loss: 0.3076, Validation Loss: 1.9137
Epoch 805/1000, Train Loss: 0.3030, Validation Loss: 0.4294
Epoch 806/1000, Train Loss: 0.3037, Validation Loss: 0.3825
Epoch 807/1000, Train Loss: 0.3079, Validation Loss: 1.3105
Epoch 808/1000, Train Loss: 0.3069, Validation Loss: 0.6667
Epoch 809/1000, Train Loss: 0.3062, Validation Loss: 0.4844
Epoch 810/1000, Train Loss: 0.3061, Validation Loss: 1.0533
Epoch 811/1000, Train Loss: 0.3061, Validation Loss: 1.3336
Epoch 812/1000, Train Loss: 0.3048, Validation Loss: 0.7533
Epoch 813/1000, Train Loss: 0.3017, Validation Loss: 0.7007
Epoch 814/1000, Train Loss: 0.3048, Validation Loss: 1.2194
Epoch 815/1000, Train Loss: 0.3030, Validation Loss: 1.4301
Epoch 816/1000, Train Loss: 0.3046, Validation Loss: 1.0121
Epoch 817/1000, Train Loss: 0.3072, Validation Loss: 1.4659
Epoch 818/1000, Train Loss: 0.3072, Validation Loss: 0.7869
Epoch 819/1000, Train Loss: 0.3059, Validation Loss: 0.7642
Epoch 820/1000, Train Loss: 0.3046, Validation Loss: 0.6100
Epoch 821/1000, Train Loss: 0.3061, Validation Loss: 1.6482
Epoch 822/1000, Train Loss: 0.3063, Validation Loss: 0.6691
Epoch 823/1000, Train Loss: 0.3047, Validation Loss: 2.2760
Epoch 824/1000, Train Loss: 0.3069, Validation Loss: 0.4309
Epoch 825/1000, Train Loss: 0.3051, Validation Loss: 0.8929
Epoch 826/1000, Train Loss: 0.3004, Validation Loss: 0.6671
Epoch 827/1000, Train Loss: 0.3078, Validation Loss: 0.4829
Epoch 828/1000, Train Loss: 0.3050, Validation Loss: 5.2966
Epoch 829/1000, Train Loss: 0.3072, Validation Loss: 0.9760
Epoch 830/1000, Train Loss: 0.3086, Validation Loss: 1.7480
Epoch 831/1000, Train Loss: 0.3059, Validation Loss: 0.4412
Epoch 832/1000, Train Loss: 0.3102, Validation Loss: 0.5356
Epoch 833/1000, Train Loss: 0.3053, Validation Loss: 0.5459
Epoch 834/1000, Train Loss: 0.3020, Validation Loss: 0.7850
Epoch 835/1000, Train Loss: 0.3022, Validation Loss: 0.7894
Epoch 836/1000, Train Loss: 0.3052, Validation Loss: 2.2360
Epoch 837/1000, Train Loss: 0.3018, Validation Loss: 0.6382
Epoch 838/1000, Train Loss: 0.3018, Validation Loss: 0.8474
Epoch 839/1000, Train Loss: 0.3034, Validation Loss: 0.4790
Epoch 840/1000, Train Loss: 0.3043, Validation Loss: 0.6046
Epoch 841/1000, Train Loss: 0.3033, Validation Loss: 0.8534
Epoch 842/1000, Train Loss: 0.3062, Validation Loss: 0.5338
Epoch 843/1000, Train Loss: 0.3054, Validation Loss: 0.7656
Epoch 844/1000, Train Loss: 0.3047, Validation Loss: 1.0800
Epoch 845/1000, Train Loss: 0.3009, Validation Loss: 1.9921
Epoch 846/1000, Train Loss: 0.3057, Validation Loss: 0.7992
Epoch 847/1000, Train Loss: 0.3065, Validation Loss: 1.1288
Epoch 848/1000, Train Loss: 0.3048, Validation Loss: 0.4640
Epoch 849/1000, Train Loss: 0.3037, Validation Loss: 1.8551
Epoch 850/1000, Train Loss: 0.3047, Validation Loss: 1.8278
Epoch 851/1000, Train Loss: 0.3056, Validation Loss: 1.0426
Epoch 852/1000, Train Loss: 0.3038, Validation Loss: 0.4077
Epoch 853/1000, Train Loss: 0.3019, Validation Loss: 2.2079
Epoch 854/1000, Train Loss: 0.3028, Validation Loss: 2.2345
Epoch 855/1000, Train Loss: 0.3015, Validation Loss: 0.4593
Epoch 856/1000, Train Loss: 0.3017, Validation Loss: 0.9665
Epoch 857/1000, Train Loss: 0.3066, Validation Loss: 0.8609
Epoch 858/1000, Train Loss: 0.3067, Validation Loss: 1.5440
Epoch 859/1000, Train Loss: 0.3024, Validation Loss: 0.6890
Epoch 860/1000, Train Loss: 0.3044, Validation Loss: 0.8647
Epoch 861/1000, Train Loss: 0.3067, Validation Loss: 0.4954
Epoch 862/1000, Train Loss: 0.3015, Validation Loss: 1.9871
Epoch 863/1000, Train Loss: 0.3078, Validation Loss: 1.3473
Epoch 864/1000, Train Loss: 0.3025, Validation Loss: 1.9525
Epoch 865/1000, Train Loss: 0.3036, Validation Loss: 0.5267
Epoch 866/1000, Train Loss: 0.3056, Validation Loss: 0.4080
Epoch 867/1000, Train Loss: 0.2986, Validation Loss: 1.2383
Epoch 868/1000, Train Loss: 0.3028, Validation Loss: 1.8631
Epoch 869/1000, Train Loss: 0.2983, Validation Loss: 1.0027
Epoch 870/1000, Train Loss: 0.3042, Validation Loss: 1.3832
Epoch 871/1000, Train Loss: 0.3062, Validation Loss: 1.2711
Epoch 872/1000, Train Loss: 0.3049, Validation Loss: 0.8959
Epoch 873/1000, Train Loss: 0.2999, Validation Loss: 0.9961
Epoch 874/1000, Train Loss: 0.3053, Validation Loss: 0.9521
Epoch 875/1000, Train Loss: 0.3027, Validation Loss: 1.5505
Epoch 876/1000, Train Loss: 0.3036, Validation Loss: 0.7578
Epoch 877/1000, Train Loss: 0.3054, Validation Loss: 1.5720
Epoch 878/1000, Train Loss: 0.3051, Validation Loss: 1.9499
Epoch 879/1000, Train Loss: 0.3031, Validation Loss: 1.3751
Epoch 880/1000, Train Loss: 0.3007, Validation Loss: 0.8102
Epoch 881/1000, Train Loss: 0.3026, Validation Loss: 0.5177
Epoch 882/1000, Train Loss: 0.3067, Validation Loss: 0.7340
Epoch 883/1000, Train Loss: 0.2995, Validation Loss: 0.8768
Epoch 884/1000, Train Loss: 0.3035, Validation Loss: 1.4096
Epoch 885/1000, Train Loss: 0.3066, Validation Loss: 0.5810
Epoch 886/1000, Train Loss: 0.3017, Validation Loss: 0.9320
Epoch 887/1000, Train Loss: 0.3027, Validation Loss: 0.5120
Epoch 888/1000, Train Loss: 0.3040, Validation Loss: 2.3012
Epoch 889/1000, Train Loss: 0.3043, Validation Loss: 1.6731
Epoch 890/1000, Train Loss: 0.3020, Validation Loss: 0.6328
Epoch 891/1000, Train Loss: 0.3022, Validation Loss: 1.2216
Epoch 892/1000, Train Loss: 0.3049, Validation Loss: 0.6751
Epoch 893/1000, Train Loss: 0.3047, Validation Loss: 0.8647
Epoch 894/1000, Train Loss: 0.3059, Validation Loss: 0.7126
Epoch 895/1000, Train Loss: 0.2992, Validation Loss: 0.8751
Epoch 896/1000, Train Loss: 0.3035, Validation Loss: 0.4247
Epoch 897/1000, Train Loss: 0.3018, Validation Loss: 0.7102
Epoch 898/1000, Train Loss: 0.3036, Validation Loss: 1.0922
Epoch 899/1000, Train Loss: 0.3058, Validation Loss: 1.1896
Epoch 900/1000, Train Loss: 0.3061, Validation Loss: 1.4039
Epoch 901/1000, Train Loss: 0.3058, Validation Loss: 0.6291
Epoch 902/1000, Train Loss: 0.2998, Validation Loss: 1.2171
Epoch 903/1000, Train Loss: 0.3018, Validation Loss: 0.4085
Epoch 904/1000, Train Loss: 0.3035, Validation Loss: 0.5943
Epoch 905/1000, Train Loss: 0.3032, Validation Loss: 1.8712
Epoch 906/1000, Train Loss: 0.3006, Validation Loss: 0.4625
Epoch 907/1000, Train Loss: 0.3022, Validation Loss: 0.9444
Epoch 908/1000, Train Loss: 0.2992, Validation Loss: 1.2342
Epoch 909/1000, Train Loss: 0.3031, Validation Loss: 0.9375
Epoch 910/1000, Train Loss: 0.3015, Validation Loss: 1.0042
Epoch 911/1000, Train Loss: 0.3013, Validation Loss: 0.6338
Epoch 912/1000, Train Loss: 0.3000, Validation Loss: 0.6651
Epoch 913/1000, Train Loss: 0.3012, Validation Loss: 0.5373
Epoch 914/1000, Train Loss: 0.3005, Validation Loss: 2.3589
Epoch 915/1000, Train Loss: 0.2976, Validation Loss: 0.8000
Epoch 916/1000, Train Loss: 0.3032, Validation Loss: 1.6045
Epoch 917/1000, Train Loss: 0.3039, Validation Loss: 2.1700
Epoch 918/1000, Train Loss: 0.3012, Validation Loss: 2.3457
Epoch 919/1000, Train Loss: 0.3003, Validation Loss: 1.0710
Epoch 920/1000, Train Loss: 0.3029, Validation Loss: 0.5241
Epoch 921/1000, Train Loss: 0.3019, Validation Loss: 1.5440
Epoch 922/1000, Train Loss: 0.3026, Validation Loss: 1.4519
Epoch 923/1000, Train Loss: 0.3040, Validation Loss: 1.2664
Epoch 924/1000, Train Loss: 0.3032, Validation Loss: 1.2034
Epoch 925/1000, Train Loss: 0.3006, Validation Loss: 0.3572
Epoch 926/1000, Train Loss: 0.3028, Validation Loss: 0.6666
Epoch 927/1000, Train Loss: 0.3017, Validation Loss: 0.8706
Epoch 928/1000, Train Loss: 0.3042, Validation Loss: 1.1741
Epoch 929/1000, Train Loss: 0.2979, Validation Loss: 0.3897
Epoch 930/1000, Train Loss: 0.3017, Validation Loss: 0.3952
Epoch 931/1000, Train Loss: 0.2984, Validation Loss: 0.5719
Epoch 932/1000, Train Loss: 0.2991, Validation Loss: 0.6416
Epoch 933/1000, Train Loss: 0.3021, Validation Loss: 0.8763
Epoch 934/1000, Train Loss: 0.2999, Validation Loss: 0.7328
Epoch 935/1000, Train Loss: 0.3054, Validation Loss: 0.4256
Epoch 936/1000, Train Loss: 0.2993, Validation Loss: 0.7427
Epoch 937/1000, Train Loss: 0.2996, Validation Loss: 0.6957
Epoch 938/1000, Train Loss: 0.3022, Validation Loss: 0.9742
Epoch 939/1000, Train Loss: 0.2995, Validation Loss: 0.5203
Epoch 940/1000, Train Loss: 0.3010, Validation Loss: 0.4895
Epoch 941/1000, Train Loss: 0.2985, Validation Loss: 0.4990
Epoch 942/1000, Train Loss: 0.2998, Validation Loss: 0.4536
Epoch 943/1000, Train Loss: 0.2991, Validation Loss: 1.1253
Epoch 944/1000, Train Loss: 0.3017, Validation Loss: 1.9456
Epoch 945/1000, Train Loss: 0.3019, Validation Loss: 1.6474
Epoch 946/1000, Train Loss: 0.2973, Validation Loss: 1.0700
Epoch 947/1000, Train Loss: 0.2993, Validation Loss: 1.2038
Epoch 948/1000, Train Loss: 0.3022, Validation Loss: 1.9434
Epoch 949/1000, Train Loss: 0.3018, Validation Loss: 1.4237
Epoch 950/1000, Train Loss: 0.2999, Validation Loss: 2.0629
Epoch 951/1000, Train Loss: 0.2982, Validation Loss: 0.8265
Epoch 952/1000, Train Loss: 0.3025, Validation Loss: 0.9388
Epoch 953/1000, Train Loss: 0.3001, Validation Loss: 1.0640
Epoch 954/1000, Train Loss: 0.3032, Validation Loss: 0.6709
Epoch 955/1000, Train Loss: 0.3012, Validation Loss: 0.5458
Epoch 956/1000, Train Loss: 0.3023, Validation Loss: 0.8901
Epoch 957/1000, Train Loss: 0.3029, Validation Loss: 1.6781
Epoch 958/1000, Train Loss: 0.2993, Validation Loss: 1.1718
Epoch 959/1000, Train Loss: 0.2998, Validation Loss: 3.0329
Epoch 960/1000, Train Loss: 0.3021, Validation Loss: 0.9377
Epoch 961/1000, Train Loss: 0.3025, Validation Loss: 0.5457
Epoch 962/1000, Train Loss: 0.3002, Validation Loss: 1.9136
Epoch 963/1000, Train Loss: 0.3004, Validation Loss: 1.4523
Epoch 964/1000, Train Loss: 0.2988, Validation Loss: 1.5019
Epoch 965/1000, Train Loss: 0.2990, Validation Loss: 1.7331
Epoch 966/1000, Train Loss: 0.2987, Validation Loss: 0.9012
Epoch 967/1000, Train Loss: 0.2970, Validation Loss: 0.5523
Epoch 968/1000, Train Loss: 0.2957, Validation Loss: 0.7412
Epoch 969/1000, Train Loss: 0.3035, Validation Loss: 0.5538
Epoch 970/1000, Train Loss: 0.2981, Validation Loss: 0.4260
Epoch 971/1000, Train Loss: 0.3061, Validation Loss: 0.9630
Epoch 972/1000, Train Loss: 0.3061, Validation Loss: 1.3828
Epoch 973/1000, Train Loss: 0.3002, Validation Loss: 1.0167
Epoch 974/1000, Train Loss: 0.2994, Validation Loss: 0.3735
Epoch 975/1000, Train Loss: 0.3002, Validation Loss: 1.5799
Epoch 976/1000, Train Loss: 0.2989, Validation Loss: 2.4495
Epoch 977/1000, Train Loss: 0.3033, Validation Loss: 0.3692
Epoch 978/1000, Train Loss: 0.3021, Validation Loss: 1.0582
Epoch 979/1000, Train Loss: 0.3028, Validation Loss: 0.5511
Epoch 980/1000, Train Loss: 0.3008, Validation Loss: 1.8850
Epoch 981/1000, Train Loss: 0.3002, Validation Loss: 0.8722
Epoch 982/1000, Train Loss: 0.3023, Validation Loss: 1.6174
Epoch 983/1000, Train Loss: 0.3009, Validation Loss: 0.8826
Epoch 984/1000, Train Loss: 0.2997, Validation Loss: 1.8278
Epoch 985/1000, Train Loss: 0.3000, Validation Loss: 0.8180
Epoch 986/1000, Train Loss: 0.2994, Validation Loss: 0.9942
Epoch 987/1000, Train Loss: 0.2985, Validation Loss: 0.9968
Epoch 988/1000, Train Loss: 0.3021, Validation Loss: 0.8393
Epoch 989/1000, Train Loss: 0.2994, Validation Loss: 0.6995
Epoch 990/1000, Train Loss: 0.2984, Validation Loss: 0.8467
Epoch 991/1000, Train Loss: 0.3067, Validation Loss: 0.6942
Epoch 992/1000, Train Loss: 0.2982, Validation Loss: 0.7102
Epoch 993/1000, Train Loss: 0.3002, Validation Loss: 1.4755
Epoch 994/1000, Train Loss: 0.3038, Validation Loss: 0.7973
Epoch 995/1000, Train Loss: 0.3003, Validation Loss: 1.0483
Epoch 996/1000, Train Loss: 0.2997, Validation Loss: 1.6769
Epoch 997/1000, Train Loss: 0.2996, Validation Loss: 0.3040
Epoch 998/1000, Train Loss: 0.2990, Validation Loss: 0.3908
Epoch 999/1000, Train Loss: 0.2985, Validation Loss: 1.2849
Epoch 1000/1000, Train Loss: 0.3043, Validation Loss: 0.3389
Best Training Loss: 0.2957
Best Training Loss Epoch: 968
Best Validation Loss: 0.3040
Best Validation Loss Epoch: 997
Time taken for training: 0-12:30:16
Test Loss: 0.3123
Test MAPE: 29503.8828%
Error Statistics:
count    4.127200e+04
mean     4.209567e+02
std      9.006253e+03
min      1.263618e-05
25%      1.179573e-01
50%      1.233927e+00
75%      1.743176e+01
max      1.274677e+06
Name: Absolute Error, dtype: float64
Training complete. Final model saved.
Saving model as a wandb Artifact...
Model artifact logged successfully.
[1;34mwandb[0m: 
[1;34mwandb[0m: 🚀 View run [33mtoasty-sweep-53[0m at: [34mhttps://wandb.ai/mk8737-new-york-university/rl_pretrain_hp_sweeps/runs/15qig22g[0m
[1;34mwandb[0m: Find logs at: [1;35mwandb/run-20251006_143931-15qig22g/logs[0m
Agent finished.
