Waiting for sweep ID...
Found Sweep ID: be12np04
Starting wandb agent for sweep be12np04...
TRAINING DEVICE: cpu
Run Name: GCN_global_hp_sweep_be12np04-wrnmj2mq
finidhed preparing data
Loading dataset from pretrain_dataset_12.5k_fixed_duplicates.pkl
Loaded 412712 data objects.
finished preparing data
Epoch 1/1000, Train Loss: 23.4840, Validation Loss: 1.7473
Epoch 2/1000, Train Loss: 1.4901, Validation Loss: 1.7587
Epoch 3/1000, Train Loss: 1.3160, Validation Loss: 1.6940
Epoch 4/1000, Train Loss: 1.2524, Validation Loss: 1.8915
Epoch 5/1000, Train Loss: 1.2212, Validation Loss: 1.5808
Epoch 6/1000, Train Loss: 1.1380, Validation Loss: 1.2845
Epoch 7/1000, Train Loss: 1.1447, Validation Loss: 1.1365
Epoch 8/1000, Train Loss: 1.0658, Validation Loss: 1.1164
Epoch 9/1000, Train Loss: 1.0647, Validation Loss: 1.2292
Epoch 10/1000, Train Loss: 1.0420, Validation Loss: 1.0250
Epoch 11/1000, Train Loss: 0.9998, Validation Loss: 1.2297
Epoch 12/1000, Train Loss: 1.0014, Validation Loss: 2.7100
Epoch 13/1000, Train Loss: 1.0028, Validation Loss: 1.8536
Epoch 14/1000, Train Loss: 0.9548, Validation Loss: 0.9336
Epoch 15/1000, Train Loss: 0.9376, Validation Loss: 1.2670
Epoch 16/1000, Train Loss: 0.9744, Validation Loss: 2.3452
Epoch 17/1000, Train Loss: 0.9338, Validation Loss: 2.6506
Epoch 18/1000, Train Loss: 0.9539, Validation Loss: 2.2876
Epoch 19/1000, Train Loss: 0.9499, Validation Loss: 1.1936
Epoch 20/1000, Train Loss: 1.0509, Validation Loss: 2.5408
Epoch 21/1000, Train Loss: 0.9680, Validation Loss: 10.7595
Epoch 22/1000, Train Loss: 0.9573, Validation Loss: 0.9620
Epoch 23/1000, Train Loss: 15.0895, Validation Loss: 2.3426
Epoch 24/1000, Train Loss: 1.0278, Validation Loss: 1.3061
Epoch 25/1000, Train Loss: 0.9750, Validation Loss: 3.2394
Epoch 26/1000, Train Loss: 1.0505, Validation Loss: 1.4234
Epoch 27/1000, Train Loss: 0.9264, Validation Loss: 1.3528
Epoch 28/1000, Train Loss: 0.9719, Validation Loss: 2.1645
Epoch 29/1000, Train Loss: 23.5884, Validation Loss: 1.2456
Epoch 30/1000, Train Loss: 0.9964, Validation Loss: 1.9370
Epoch 31/1000, Train Loss: 1.0165, Validation Loss: 2.7022
Epoch 32/1000, Train Loss: 1.0383, Validation Loss: 1.0713
Epoch 33/1000, Train Loss: 0.9366, Validation Loss: 1.5171
Epoch 34/1000, Train Loss: 0.9393, Validation Loss: 1.1009
Epoch 35/1000, Train Loss: 0.9147, Validation Loss: 1.9084
Epoch 36/1000, Train Loss: 0.9404, Validation Loss: 1.0349
Epoch 37/1000, Train Loss: 0.9881, Validation Loss: 1.0931
Epoch 38/1000, Train Loss: 0.8747, Validation Loss: 1.1191
Epoch 39/1000, Train Loss: 0.9434, Validation Loss: 3.5619
Epoch 40/1000, Train Loss: 0.9245, Validation Loss: 3.2454
Epoch 41/1000, Train Loss: 0.8916, Validation Loss: 1.3150
Epoch 42/1000, Train Loss: 0.9405, Validation Loss: 1.3632
Epoch 43/1000, Train Loss: 0.9364, Validation Loss: 2.4436
Epoch 44/1000, Train Loss: 0.8863, Validation Loss: 1.3412
Epoch 45/1000, Train Loss: 0.9987, Validation Loss: 0.9406
Epoch 46/1000, Train Loss: 0.9683, Validation Loss: 1.2875
Epoch 47/1000, Train Loss: 0.9457, Validation Loss: 1.2416
Epoch 48/1000, Train Loss: 0.9265, Validation Loss: 0.8438
Epoch 49/1000, Train Loss: 0.9005, Validation Loss: 0.8552
Epoch 50/1000, Train Loss: 0.8625, Validation Loss: 2.1263
Epoch 51/1000, Train Loss: 0.8335, Validation Loss: 0.8445
Epoch 52/1000, Train Loss: 1.1876, Validation Loss: 2.7090
Epoch 53/1000, Train Loss: 0.8907, Validation Loss: 1.0138
Epoch 54/1000, Train Loss: 0.9487, Validation Loss: 1.8326
Epoch 55/1000, Train Loss: 0.8309, Validation Loss: 1.2589
Epoch 56/1000, Train Loss: 0.8245, Validation Loss: 1.5550
Epoch 57/1000, Train Loss: 0.8025, Validation Loss: 2.4993
Epoch 58/1000, Train Loss: 3.9614, Validation Loss: 1.1966
Epoch 59/1000, Train Loss: 0.8077, Validation Loss: 2.6067
Epoch 60/1000, Train Loss: 0.8011, Validation Loss: 3.4162
Epoch 61/1000, Train Loss: 0.8374, Validation Loss: 4.1721
Epoch 62/1000, Train Loss: 0.8669, Validation Loss: 4.0706
Epoch 63/1000, Train Loss: 1.4723, Validation Loss: 1.0666
Epoch 64/1000, Train Loss: 0.7977, Validation Loss: 1.0873
Epoch 65/1000, Train Loss: 0.8360, Validation Loss: 1.9486
Epoch 66/1000, Train Loss: 0.7750, Validation Loss: 1.1512
Epoch 67/1000, Train Loss: 0.8027, Validation Loss: 1.7017
Epoch 68/1000, Train Loss: 0.7626, Validation Loss: 1.1738
Epoch 69/1000, Train Loss: 0.7648, Validation Loss: 1.7276
Epoch 70/1000, Train Loss: 0.7727, Validation Loss: 1.9801
Epoch 71/1000, Train Loss: 0.7708, Validation Loss: 2.9804
Epoch 72/1000, Train Loss: 0.9899, Validation Loss: 2.0603
Epoch 73/1000, Train Loss: 0.7813, Validation Loss: 0.8073
Epoch 74/1000, Train Loss: 0.7686, Validation Loss: 1.7366
Epoch 75/1000, Train Loss: 0.7525, Validation Loss: 0.7694
Epoch 76/1000, Train Loss: 0.7810, Validation Loss: 1.5732
Epoch 77/1000, Train Loss: 0.7438, Validation Loss: 0.9830
Epoch 78/1000, Train Loss: 0.8107, Validation Loss: 2.4052
Epoch 79/1000, Train Loss: 0.7706, Validation Loss: 1.2651
Epoch 80/1000, Train Loss: 0.7745, Validation Loss: 2.6463
Epoch 81/1000, Train Loss: 0.7556, Validation Loss: 0.6658
Epoch 82/1000, Train Loss: 0.7953, Validation Loss: 2.9340
Epoch 83/1000, Train Loss: 0.7535, Validation Loss: 3.4116
Epoch 84/1000, Train Loss: 0.7411, Validation Loss: 1.2770
Epoch 85/1000, Train Loss: 0.7380, Validation Loss: 0.8961
Epoch 86/1000, Train Loss: 1.1293, Validation Loss: 6.9574
Epoch 87/1000, Train Loss: 0.7474, Validation Loss: 3.2136
Epoch 88/1000, Train Loss: 0.7319, Validation Loss: 0.8296
Epoch 89/1000, Train Loss: 0.7439, Validation Loss: 0.9859
Epoch 90/1000, Train Loss: 0.7295, Validation Loss: 0.7874
Epoch 91/1000, Train Loss: 0.8045, Validation Loss: 3.8997
Epoch 92/1000, Train Loss: 0.7659, Validation Loss: 1.4553
Epoch 93/1000, Train Loss: 0.7585, Validation Loss: 1.4390
Epoch 94/1000, Train Loss: 0.7389, Validation Loss: 1.1174
Epoch 95/1000, Train Loss: 0.7112, Validation Loss: 2.4707
Epoch 96/1000, Train Loss: 0.7644, Validation Loss: 3.6272
Epoch 97/1000, Train Loss: 0.8104, Validation Loss: 3.6695
Epoch 98/1000, Train Loss: 0.7376, Validation Loss: 1.9350
Epoch 99/1000, Train Loss: 0.7237, Validation Loss: 1.3905
Epoch 100/1000, Train Loss: 0.7567, Validation Loss: 1.8077
Epoch 101/1000, Train Loss: 0.7149, Validation Loss: 1.2897
Epoch 102/1000, Train Loss: 0.7210, Validation Loss: 0.8521
Epoch 103/1000, Train Loss: 0.7247, Validation Loss: 2.4156
Epoch 104/1000, Train Loss: 0.7052, Validation Loss: 1.2446
Epoch 105/1000, Train Loss: 0.7319, Validation Loss: 2.3418
Epoch 106/1000, Train Loss: 0.7210, Validation Loss: 5.4571
Epoch 107/1000, Train Loss: 0.7080, Validation Loss: 0.7963
Epoch 108/1000, Train Loss: 0.7045, Validation Loss: 2.3428
Epoch 109/1000, Train Loss: 0.6886, Validation Loss: 3.8101
Epoch 110/1000, Train Loss: 0.7031, Validation Loss: 1.1602
Epoch 111/1000, Train Loss: 1.2259, Validation Loss: 1.7913
Epoch 112/1000, Train Loss: 0.7126, Validation Loss: 2.4315
Epoch 113/1000, Train Loss: 0.6900, Validation Loss: 0.7401
Epoch 114/1000, Train Loss: 0.6825, Validation Loss: 1.7344
Epoch 115/1000, Train Loss: 0.6687, Validation Loss: 0.8868
Epoch 116/1000, Train Loss: 0.7002, Validation Loss: 1.2292
Epoch 117/1000, Train Loss: 0.6830, Validation Loss: 1.0248
Epoch 118/1000, Train Loss: 0.6859, Validation Loss: 2.0209
Epoch 119/1000, Train Loss: 0.6756, Validation Loss: 2.0028
Epoch 120/1000, Train Loss: 0.6784, Validation Loss: 2.0270
Epoch 121/1000, Train Loss: 0.6676, Validation Loss: 1.4197
Epoch 122/1000, Train Loss: 0.6864, Validation Loss: 1.4111
Epoch 123/1000, Train Loss: 0.6817, Validation Loss: 2.5104
Epoch 124/1000, Train Loss: 0.6463, Validation Loss: 1.5610
Epoch 125/1000, Train Loss: 0.6924, Validation Loss: 2.0423
Epoch 126/1000, Train Loss: 0.6882, Validation Loss: 1.2765
Epoch 127/1000, Train Loss: 0.6536, Validation Loss: 3.6563
Epoch 128/1000, Train Loss: 0.6769, Validation Loss: 1.2826
Epoch 129/1000, Train Loss: 0.6730, Validation Loss: 1.4833
Epoch 130/1000, Train Loss: 0.6556, Validation Loss: 2.3683
Epoch 131/1000, Train Loss: 0.6585, Validation Loss: 0.7039
Epoch 132/1000, Train Loss: 0.6451, Validation Loss: 0.8148
Epoch 133/1000, Train Loss: 0.6540, Validation Loss: 4.7752
Epoch 134/1000, Train Loss: 0.6361, Validation Loss: 2.2305
Epoch 135/1000, Train Loss: 0.7144, Validation Loss: 1.5368
Epoch 136/1000, Train Loss: 0.6690, Validation Loss: 0.7200
Epoch 137/1000, Train Loss: 0.6553, Validation Loss: 1.3482
Epoch 138/1000, Train Loss: 0.6365, Validation Loss: 0.7307
Epoch 139/1000, Train Loss: 0.6442, Validation Loss: 1.3462
Epoch 140/1000, Train Loss: 0.6621, Validation Loss: 2.1044
Epoch 141/1000, Train Loss: 0.6516, Validation Loss: 4.3406
Epoch 142/1000, Train Loss: 0.7995, Validation Loss: 1.4909
Epoch 143/1000, Train Loss: 0.6560, Validation Loss: 0.6495
Epoch 144/1000, Train Loss: 0.6484, Validation Loss: 1.7245
Epoch 145/1000, Train Loss: 0.6250, Validation Loss: 1.6388
Epoch 146/1000, Train Loss: 0.6606, Validation Loss: 1.1976
Epoch 147/1000, Train Loss: 0.7076, Validation Loss: 0.5955
Epoch 148/1000, Train Loss: 0.6172, Validation Loss: 1.1884
Epoch 149/1000, Train Loss: 6.1029, Validation Loss: 1.2296
Epoch 150/1000, Train Loss: 0.6499, Validation Loss: 0.8176
Epoch 151/1000, Train Loss: 0.6311, Validation Loss: 1.1666
Epoch 152/1000, Train Loss: 0.6223, Validation Loss: 1.5943
Epoch 153/1000, Train Loss: 0.6152, Validation Loss: 0.7090
Epoch 154/1000, Train Loss: 0.6516, Validation Loss: 1.1304
Epoch 155/1000, Train Loss: 0.6472, Validation Loss: 2.6338
Epoch 156/1000, Train Loss: 0.6399, Validation Loss: 0.7227
Epoch 157/1000, Train Loss: 0.6317, Validation Loss: 1.5077
Epoch 158/1000, Train Loss: 0.6253, Validation Loss: 0.8239
Epoch 159/1000, Train Loss: 0.6236, Validation Loss: 1.1350
Epoch 160/1000, Train Loss: 0.6371, Validation Loss: 0.6662
Epoch 161/1000, Train Loss: 0.7415, Validation Loss: 4.4668
Epoch 162/1000, Train Loss: 3.0265, Validation Loss: 1.1840
Epoch 163/1000, Train Loss: 0.6605, Validation Loss: 2.2578
Epoch 164/1000, Train Loss: 0.6193, Validation Loss: 1.2099
Epoch 165/1000, Train Loss: 0.6601, Validation Loss: 1.1133
Epoch 166/1000, Train Loss: 0.6182, Validation Loss: 0.8195
Epoch 167/1000, Train Loss: 0.6233, Validation Loss: 2.0293
Epoch 168/1000, Train Loss: 0.6170, Validation Loss: 4.4106
Epoch 169/1000, Train Loss: 0.6339, Validation Loss: 0.7644
Epoch 170/1000, Train Loss: 0.6074, Validation Loss: 0.8128
Epoch 171/1000, Train Loss: 0.6054, Validation Loss: 1.2775
Epoch 172/1000, Train Loss: 0.7123, Validation Loss: 3.1448
Epoch 173/1000, Train Loss: 0.6097, Validation Loss: 2.4588
Epoch 174/1000, Train Loss: 0.6012, Validation Loss: 0.8649
Epoch 175/1000, Train Loss: 0.7097, Validation Loss: 0.7544
Epoch 176/1000, Train Loss: 0.5996, Validation Loss: 1.8610
Epoch 177/1000, Train Loss: 0.6298, Validation Loss: 0.8411
Epoch 178/1000, Train Loss: 0.6131, Validation Loss: 3.2558
Epoch 179/1000, Train Loss: 0.6310, Validation Loss: 1.2739
Epoch 180/1000, Train Loss: 0.5995, Validation Loss: 1.1069
Epoch 181/1000, Train Loss: 0.6405, Validation Loss: 2.0200
Epoch 182/1000, Train Loss: 0.6340, Validation Loss: 2.8200
Epoch 183/1000, Train Loss: 0.6248, Validation Loss: 1.7428
Epoch 184/1000, Train Loss: 0.6049, Validation Loss: 2.1548
Epoch 185/1000, Train Loss: 0.5893, Validation Loss: 3.5245
Epoch 186/1000, Train Loss: 0.5997, Validation Loss: 1.1823
Epoch 187/1000, Train Loss: 0.5984, Validation Loss: 2.5064
Epoch 188/1000, Train Loss: 0.6128, Validation Loss: 2.9723
Epoch 189/1000, Train Loss: 0.5959, Validation Loss: 2.1415
Epoch 190/1000, Train Loss: 0.5906, Validation Loss: 1.2511
Epoch 191/1000, Train Loss: 27.9784, Validation Loss: 2.0133
Epoch 192/1000, Train Loss: 0.6666, Validation Loss: 2.5680
Epoch 193/1000, Train Loss: 0.6002, Validation Loss: 1.3864
Epoch 194/1000, Train Loss: 0.5812, Validation Loss: 0.6962
Epoch 195/1000, Train Loss: 0.6130, Validation Loss: 2.2653
Epoch 196/1000, Train Loss: 0.5957, Validation Loss: 2.4258
Epoch 197/1000, Train Loss: 0.5974, Validation Loss: 1.4350
Epoch 198/1000, Train Loss: 0.6128, Validation Loss: 1.6208
Epoch 199/1000, Train Loss: 0.5855, Validation Loss: 1.8569
Epoch 200/1000, Train Loss: 0.5847, Validation Loss: 0.6582
Epoch 201/1000, Train Loss: 0.5929, Validation Loss: 1.8234
Epoch 202/1000, Train Loss: 0.5876, Validation Loss: 7.1261
Epoch 203/1000, Train Loss: 0.5849, Validation Loss: 0.5540
Epoch 204/1000, Train Loss: 0.6038, Validation Loss: 1.2386
Epoch 205/1000, Train Loss: 0.6236, Validation Loss: 2.5022
Epoch 206/1000, Train Loss: 0.6092, Validation Loss: 0.9534
Epoch 207/1000, Train Loss: 0.5977, Validation Loss: 3.1091
Epoch 208/1000, Train Loss: 0.6059, Validation Loss: 0.9900
Epoch 209/1000, Train Loss: 0.6165, Validation Loss: 0.9793
Epoch 210/1000, Train Loss: 0.5998, Validation Loss: 1.2161
Epoch 211/1000, Train Loss: 0.9017, Validation Loss: 3.8058
Epoch 212/1000, Train Loss: 0.6462, Validation Loss: 0.8824
Epoch 213/1000, Train Loss: 0.5898, Validation Loss: 0.9529
Epoch 214/1000, Train Loss: 0.5871, Validation Loss: 2.1455
Epoch 215/1000, Train Loss: 0.6113, Validation Loss: 0.9835
Epoch 216/1000, Train Loss: 0.5918, Validation Loss: 3.5044
Epoch 217/1000, Train Loss: 0.6066, Validation Loss: 2.5994
Epoch 218/1000, Train Loss: 0.6369, Validation Loss: 2.9609
Epoch 219/1000, Train Loss: 0.5986, Validation Loss: 2.5114
Epoch 220/1000, Train Loss: 0.5795, Validation Loss: 1.2981
Epoch 221/1000, Train Loss: 0.6298, Validation Loss: 0.8248
Epoch 222/1000, Train Loss: 0.6124, Validation Loss: 0.8601
Epoch 223/1000, Train Loss: 0.6077, Validation Loss: 0.8658
Epoch 224/1000, Train Loss: 0.5842, Validation Loss: 0.8431
Epoch 225/1000, Train Loss: 2.1479, Validation Loss: 3.7453
Epoch 226/1000, Train Loss: 0.6129, Validation Loss: 1.6406
Epoch 227/1000, Train Loss: 0.5894, Validation Loss: 0.8898
Epoch 228/1000, Train Loss: 0.5942, Validation Loss: 3.7612
Epoch 229/1000, Train Loss: 0.5981, Validation Loss: 2.8281
Epoch 230/1000, Train Loss: 0.6108, Validation Loss: 1.6333
Epoch 231/1000, Train Loss: 0.6013, Validation Loss: 1.9015
Epoch 232/1000, Train Loss: 0.5816, Validation Loss: 3.5775
Epoch 233/1000, Train Loss: 0.5907, Validation Loss: 1.2659
Epoch 234/1000, Train Loss: 3.8637, Validation Loss: 4.5040
Epoch 235/1000, Train Loss: 0.6445, Validation Loss: 4.7549
Epoch 236/1000, Train Loss: 0.5822, Validation Loss: 0.6111
Epoch 237/1000, Train Loss: 0.6115, Validation Loss: 2.5819
Epoch 238/1000, Train Loss: 0.5905, Validation Loss: 0.9744
Epoch 239/1000, Train Loss: 0.6026, Validation Loss: 6.2865
Epoch 240/1000, Train Loss: 0.5933, Validation Loss: 1.1681
Epoch 241/1000, Train Loss: 0.5709, Validation Loss: 4.0475
Epoch 242/1000, Train Loss: 0.5784, Validation Loss: 2.0158
Epoch 243/1000, Train Loss: 0.5900, Validation Loss: 1.6290
Epoch 244/1000, Train Loss: 0.5766, Validation Loss: 1.2188
Epoch 245/1000, Train Loss: 0.6182, Validation Loss: 1.3756
Epoch 246/1000, Train Loss: 0.5815, Validation Loss: 1.1552
Epoch 247/1000, Train Loss: 0.5853, Validation Loss: 2.7392
Epoch 248/1000, Train Loss: 0.5679, Validation Loss: 2.8148
Epoch 249/1000, Train Loss: 0.6022, Validation Loss: 2.8315
Epoch 250/1000, Train Loss: 0.5919, Validation Loss: 1.3456
Epoch 251/1000, Train Loss: 0.6045, Validation Loss: 1.5633
Epoch 252/1000, Train Loss: 0.5868, Validation Loss: 2.9642
Epoch 253/1000, Train Loss: 0.7181, Validation Loss: 1.1825
Epoch 254/1000, Train Loss: 0.5988, Validation Loss: 1.1134
Epoch 255/1000, Train Loss: 0.6043, Validation Loss: 3.1935
Epoch 256/1000, Train Loss: 0.6047, Validation Loss: 0.9525
Epoch 257/1000, Train Loss: 0.5837, Validation Loss: 3.2097
Epoch 258/1000, Train Loss: 0.5969, Validation Loss: 5.5306
Epoch 259/1000, Train Loss: 0.6092, Validation Loss: 0.8627
Epoch 260/1000, Train Loss: 0.6132, Validation Loss: 1.1393
Epoch 261/1000, Train Loss: 0.5811, Validation Loss: 0.9936
Epoch 262/1000, Train Loss: 0.5659, Validation Loss: 1.0489
Epoch 263/1000, Train Loss: 0.5663, Validation Loss: 1.3054
Epoch 264/1000, Train Loss: 0.5835, Validation Loss: 0.7008
Epoch 265/1000, Train Loss: 0.8027, Validation Loss: 1.9586
Epoch 266/1000, Train Loss: 0.5945, Validation Loss: 1.4615
Epoch 267/1000, Train Loss: 0.5680, Validation Loss: 1.2180
Epoch 268/1000, Train Loss: 0.5980, Validation Loss: 1.4955
Epoch 269/1000, Train Loss: 0.5661, Validation Loss: 0.9587
Epoch 270/1000, Train Loss: 0.5773, Validation Loss: 2.4521
Epoch 271/1000, Train Loss: 0.5785, Validation Loss: 1.3473
Epoch 272/1000, Train Loss: 0.5671, Validation Loss: 1.0996
Epoch 273/1000, Train Loss: 0.6048, Validation Loss: 1.3502
Epoch 274/1000, Train Loss: 0.5686, Validation Loss: 1.2734
Epoch 275/1000, Train Loss: 0.5745, Validation Loss: 0.7619
Epoch 276/1000, Train Loss: 0.5617, Validation Loss: 1.7591
Epoch 277/1000, Train Loss: 5.0558, Validation Loss: 7.1272
Epoch 278/1000, Train Loss: 1.0166, Validation Loss: 1.1792
Epoch 279/1000, Train Loss: 0.5769, Validation Loss: 1.5307
Epoch 280/1000, Train Loss: 0.5710, Validation Loss: 1.1057
Epoch 281/1000, Train Loss: 0.5794, Validation Loss: 1.8151
Epoch 282/1000, Train Loss: 0.5751, Validation Loss: 2.5681
Epoch 283/1000, Train Loss: 0.5770, Validation Loss: 1.0113
Epoch 284/1000, Train Loss: 0.5664, Validation Loss: 1.9856
Epoch 285/1000, Train Loss: 0.5814, Validation Loss: 1.2457
Epoch 286/1000, Train Loss: 0.6017, Validation Loss: 2.5505
Epoch 287/1000, Train Loss: 0.6532, Validation Loss: 0.7506
Epoch 288/1000, Train Loss: 0.5742, Validation Loss: 3.9002
Epoch 289/1000, Train Loss: 0.5777, Validation Loss: 3.1668
Epoch 290/1000, Train Loss: 0.6117, Validation Loss: 1.8181
Epoch 291/1000, Train Loss: 0.5851, Validation Loss: 2.3132
Epoch 292/1000, Train Loss: 0.5727, Validation Loss: 1.5179
Epoch 293/1000, Train Loss: 0.6064, Validation Loss: 2.1384
Epoch 294/1000, Train Loss: 0.5924, Validation Loss: 0.6686
Epoch 295/1000, Train Loss: 0.5925, Validation Loss: 2.4847
Epoch 296/1000, Train Loss: 0.5904, Validation Loss: 1.0268
Epoch 297/1000, Train Loss: 0.6092, Validation Loss: 1.7565
Epoch 298/1000, Train Loss: 0.5748, Validation Loss: 0.6183
Epoch 299/1000, Train Loss: 0.5808, Validation Loss: 1.1985
Epoch 300/1000, Train Loss: 0.5761, Validation Loss: 0.7840
Epoch 301/1000, Train Loss: 0.6496, Validation Loss: 3.1729
Epoch 302/1000, Train Loss: 0.5707, Validation Loss: 1.9629
Epoch 303/1000, Train Loss: 0.5786, Validation Loss: 1.2861
Epoch 304/1000, Train Loss: 0.5621, Validation Loss: 4.9232
Epoch 305/1000, Train Loss: 0.5691, Validation Loss: 1.3050
Epoch 306/1000, Train Loss: 0.5753, Validation Loss: 1.1147
Epoch 307/1000, Train Loss: 0.5852, Validation Loss: 2.1986
Epoch 308/1000, Train Loss: 0.5847, Validation Loss: 2.7625
Epoch 309/1000, Train Loss: 0.5792, Validation Loss: 1.0668
Epoch 310/1000, Train Loss: 0.5613, Validation Loss: 3.8666
Epoch 311/1000, Train Loss: 0.5688, Validation Loss: 0.8548
Epoch 312/1000, Train Loss: 0.8302, Validation Loss: 0.9216
Epoch 313/1000, Train Loss: 0.5548, Validation Loss: 4.5699
Epoch 314/1000, Train Loss: 0.5713, Validation Loss: 2.8209
Epoch 315/1000, Train Loss: 0.5691, Validation Loss: 2.0355
Epoch 316/1000, Train Loss: 0.5764, Validation Loss: 1.9112
Epoch 317/1000, Train Loss: 0.5903, Validation Loss: 1.5931
Epoch 318/1000, Train Loss: 0.5713, Validation Loss: 0.5884
Epoch 319/1000, Train Loss: 0.5618, Validation Loss: 3.0250
Epoch 320/1000, Train Loss: 0.5882, Validation Loss: 2.7076
Epoch 321/1000, Train Loss: 0.5638, Validation Loss: 2.7245
Epoch 322/1000, Train Loss: 0.5873, Validation Loss: 1.4269
Epoch 323/1000, Train Loss: 0.5809, Validation Loss: 3.2221
Epoch 324/1000, Train Loss: 2.2197, Validation Loss: 0.8315
Epoch 325/1000, Train Loss: 0.6760, Validation Loss: 1.0429
Epoch 326/1000, Train Loss: 0.5902, Validation Loss: 4.3057
Epoch 327/1000, Train Loss: 0.5835, Validation Loss: 1.2202
Epoch 328/1000, Train Loss: 0.5693, Validation Loss: 3.1822
Epoch 329/1000, Train Loss: 0.5859, Validation Loss: 1.6037
Epoch 330/1000, Train Loss: 0.5858, Validation Loss: 1.2315
Epoch 331/1000, Train Loss: 0.5790, Validation Loss: 1.6650
Epoch 332/1000, Train Loss: 0.5761, Validation Loss: 1.0191
Epoch 333/1000, Train Loss: 0.5558, Validation Loss: 1.2434
Epoch 334/1000, Train Loss: 0.5545, Validation Loss: 1.9306
Epoch 335/1000, Train Loss: 0.5587, Validation Loss: 0.6991
Epoch 336/1000, Train Loss: 0.5630, Validation Loss: 1.5034
Epoch 337/1000, Train Loss: 0.5741, Validation Loss: 0.7936
Epoch 338/1000, Train Loss: 0.5693, Validation Loss: 1.2625
Epoch 339/1000, Train Loss: 0.5552, Validation Loss: 2.1987
Epoch 340/1000, Train Loss: 0.5652, Validation Loss: 2.7926
Epoch 341/1000, Train Loss: 0.6048, Validation Loss: 1.0997
Epoch 342/1000, Train Loss: 0.5771, Validation Loss: 0.9820
Epoch 343/1000, Train Loss: 0.5589, Validation Loss: 5.0569
Epoch 344/1000, Train Loss: 0.5682, Validation Loss: 1.4501
Epoch 345/1000, Train Loss: 0.5730, Validation Loss: 0.8781
Epoch 346/1000, Train Loss: 52.5565, Validation Loss: 2.3434
Epoch 347/1000, Train Loss: 0.6152, Validation Loss: 1.1925
Epoch 348/1000, Train Loss: 0.5639, Validation Loss: 3.4850
Epoch 349/1000, Train Loss: 0.5546, Validation Loss: 0.7563
Epoch 350/1000, Train Loss: 0.5776, Validation Loss: 2.2344
Epoch 351/1000, Train Loss: 0.5584, Validation Loss: 1.5071
Epoch 352/1000, Train Loss: 0.5890, Validation Loss: 0.9253
Epoch 353/1000, Train Loss: 0.5575, Validation Loss: 1.7625
Epoch 354/1000, Train Loss: 0.5737, Validation Loss: 2.8046
Epoch 355/1000, Train Loss: 0.5899, Validation Loss: 1.7007
Epoch 356/1000, Train Loss: 0.5711, Validation Loss: 0.8575
Epoch 357/1000, Train Loss: 0.5670, Validation Loss: 2.8209
Epoch 358/1000, Train Loss: 0.5817, Validation Loss: 1.1860
Epoch 359/1000, Train Loss: 0.5658, Validation Loss: 0.5878
Epoch 360/1000, Train Loss: 0.5486, Validation Loss: 2.5299
Epoch 361/1000, Train Loss: 98.1280, Validation Loss: 3.4063
Epoch 362/1000, Train Loss: 0.6271, Validation Loss: 1.7688
Epoch 363/1000, Train Loss: 0.5950, Validation Loss: 0.8823
Epoch 364/1000, Train Loss: 0.5803, Validation Loss: 4.5021
Epoch 365/1000, Train Loss: 0.5788, Validation Loss: 1.5291
Epoch 366/1000, Train Loss: 0.5545, Validation Loss: 0.9817
Epoch 367/1000, Train Loss: 0.5691, Validation Loss: 4.4689
Epoch 368/1000, Train Loss: 0.5517, Validation Loss: 3.3999
Epoch 369/1000, Train Loss: 0.5634, Validation Loss: 1.7852
Epoch 370/1000, Train Loss: 0.5477, Validation Loss: 0.5884
Epoch 371/1000, Train Loss: 0.7165, Validation Loss: 0.6426
Epoch 372/1000, Train Loss: 0.5691, Validation Loss: 3.2897
Epoch 373/1000, Train Loss: 0.5753, Validation Loss: 0.9329
Epoch 374/1000, Train Loss: 0.5670, Validation Loss: 1.4179
Epoch 375/1000, Train Loss: 0.5483, Validation Loss: 3.6285
Epoch 376/1000, Train Loss: 0.5737, Validation Loss: 1.5251
Epoch 377/1000, Train Loss: 0.5633, Validation Loss: 1.5838
Epoch 378/1000, Train Loss: 0.8299, Validation Loss: 4.8332
Epoch 379/1000, Train Loss: 0.6254, Validation Loss: 1.8760
Epoch 380/1000, Train Loss: 0.6000, Validation Loss: 1.3044
Epoch 381/1000, Train Loss: 0.5667, Validation Loss: 1.4800
Epoch 382/1000, Train Loss: 0.5625, Validation Loss: 1.4252
Epoch 383/1000, Train Loss: 0.5643, Validation Loss: 1.7692
Epoch 384/1000, Train Loss: 0.7677, Validation Loss: 7.0411
Epoch 385/1000, Train Loss: 0.6486, Validation Loss: 5.5735
Epoch 386/1000, Train Loss: 0.5758, Validation Loss: 0.8428
Epoch 387/1000, Train Loss: 0.5897, Validation Loss: 1.8094
Epoch 388/1000, Train Loss: 0.5777, Validation Loss: 1.2514
Epoch 389/1000, Train Loss: 0.5686, Validation Loss: 0.5724
Epoch 390/1000, Train Loss: 0.5738, Validation Loss: 1.2764
Epoch 391/1000, Train Loss: 0.5513, Validation Loss: 0.9895
Epoch 392/1000, Train Loss: 0.5397, Validation Loss: 0.7123
Epoch 393/1000, Train Loss: 0.5696, Validation Loss: 1.7085
Epoch 394/1000, Train Loss: 0.5636, Validation Loss: 2.5328
Epoch 395/1000, Train Loss: 0.5452, Validation Loss: 1.3561
Epoch 396/1000, Train Loss: 0.5780, Validation Loss: 4.3937
Epoch 397/1000, Train Loss: 0.6098, Validation Loss: 1.1305
Epoch 398/1000, Train Loss: 0.5650, Validation Loss: 2.0272
Epoch 399/1000, Train Loss: 0.5580, Validation Loss: 0.5469
Epoch 400/1000, Train Loss: 282.0431, Validation Loss: 0.8021
Epoch 401/1000, Train Loss: 0.6216, Validation Loss: 0.9864
Epoch 402/1000, Train Loss: 0.5618, Validation Loss: 1.5163
Epoch 403/1000, Train Loss: 0.5708, Validation Loss: 1.8577
Epoch 404/1000, Train Loss: 0.5398, Validation Loss: 3.4569
Epoch 405/1000, Train Loss: 0.5548, Validation Loss: 2.7556
Epoch 406/1000, Train Loss: 0.5513, Validation Loss: 0.6206
Epoch 407/1000, Train Loss: 0.5641, Validation Loss: 1.3540
Epoch 408/1000, Train Loss: 0.5986, Validation Loss: 5.1495
Epoch 409/1000, Train Loss: 0.5666, Validation Loss: 0.8512
Epoch 410/1000, Train Loss: 0.5590, Validation Loss: 0.8293
Epoch 411/1000, Train Loss: 0.5432, Validation Loss: 1.0285
Epoch 412/1000, Train Loss: 0.5599, Validation Loss: 2.1558
Epoch 413/1000, Train Loss: 0.5587, Validation Loss: 2.2089
Epoch 414/1000, Train Loss: 0.5455, Validation Loss: 1.6162
Epoch 415/1000, Train Loss: 0.6853, Validation Loss: 3.8473
Epoch 416/1000, Train Loss: 0.6478, Validation Loss: 1.2399
Epoch 417/1000, Train Loss: 0.5416, Validation Loss: 1.1301
Epoch 418/1000, Train Loss: 0.5588, Validation Loss: 1.1625
Epoch 419/1000, Train Loss: 0.5468, Validation Loss: 0.8723
Epoch 420/1000, Train Loss: 0.5453, Validation Loss: 1.1404
Epoch 421/1000, Train Loss: 0.5309, Validation Loss: 1.4352
Epoch 422/1000, Train Loss: 0.5469, Validation Loss: 0.8681
Epoch 423/1000, Train Loss: 0.5461, Validation Loss: 0.9208
Epoch 424/1000, Train Loss: 0.5528, Validation Loss: 0.9933
Epoch 425/1000, Train Loss: 0.5551, Validation Loss: 2.3428
Epoch 426/1000, Train Loss: 0.5780, Validation Loss: 5.4696
Epoch 427/1000, Train Loss: 0.5433, Validation Loss: 1.6267
Epoch 428/1000, Train Loss: 2.6698, Validation Loss: 3.3027
Epoch 429/1000, Train Loss: 0.5569, Validation Loss: 1.4261
Epoch 430/1000, Train Loss: 0.5651, Validation Loss: 1.7783
Epoch 431/1000, Train Loss: 0.5419, Validation Loss: 0.8371
Epoch 432/1000, Train Loss: 0.5383, Validation Loss: 0.8368
Epoch 433/1000, Train Loss: 0.5566, Validation Loss: 0.8220
Epoch 434/1000, Train Loss: 0.5526, Validation Loss: 0.8005
Epoch 435/1000, Train Loss: 0.5352, Validation Loss: 1.3069
Epoch 436/1000, Train Loss: 0.5420, Validation Loss: 5.9690
Epoch 437/1000, Train Loss: 0.5800, Validation Loss: 2.4714
Epoch 438/1000, Train Loss: 0.5717, Validation Loss: 3.9845
Epoch 439/1000, Train Loss: 0.5643, Validation Loss: 0.6951
Epoch 440/1000, Train Loss: 0.5563, Validation Loss: 1.1078
Epoch 441/1000, Train Loss: 0.5631, Validation Loss: 0.7076
Epoch 442/1000, Train Loss: 0.5432, Validation Loss: 2.6091
Epoch 443/1000, Train Loss: 0.5596, Validation Loss: 1.0330
Epoch 444/1000, Train Loss: 11.6571, Validation Loss: 4.5893
Epoch 445/1000, Train Loss: 0.5734, Validation Loss: 3.9666
Epoch 446/1000, Train Loss: 0.5511, Validation Loss: 1.2035
Epoch 447/1000, Train Loss: 0.5401, Validation Loss: 4.6157
Epoch 448/1000, Train Loss: 0.5468, Validation Loss: 1.8135
Epoch 449/1000, Train Loss: 0.5617, Validation Loss: 3.5154
Epoch 450/1000, Train Loss: 0.5425, Validation Loss: 2.6393
Epoch 451/1000, Train Loss: 0.5561, Validation Loss: 3.1204
Epoch 452/1000, Train Loss: 0.6085, Validation Loss: 1.7207
Epoch 453/1000, Train Loss: 0.5540, Validation Loss: 1.2607
Epoch 454/1000, Train Loss: 0.5376, Validation Loss: 1.6082
Epoch 455/1000, Train Loss: 0.5236, Validation Loss: 0.5887
Epoch 456/1000, Train Loss: 0.5338, Validation Loss: 4.0287
Epoch 457/1000, Train Loss: 0.5574, Validation Loss: 0.6898
Epoch 458/1000, Train Loss: 1.2344, Validation Loss: 1.1049
Epoch 459/1000, Train Loss: 0.5592, Validation Loss: 1.2626
Epoch 460/1000, Train Loss: 0.5521, Validation Loss: 5.8729
Epoch 461/1000, Train Loss: 0.5454, Validation Loss: 1.4414
Epoch 462/1000, Train Loss: 0.5422, Validation Loss: 0.5502
Epoch 463/1000, Train Loss: 0.5514, Validation Loss: 2.4771
Epoch 464/1000, Train Loss: 0.5375, Validation Loss: 1.7058
Epoch 465/1000, Train Loss: 0.7223, Validation Loss: 1.1621
Epoch 466/1000, Train Loss: 0.5820, Validation Loss: 3.9616
Epoch 467/1000, Train Loss: 0.5465, Validation Loss: 3.5427
Epoch 468/1000, Train Loss: 0.5705, Validation Loss: 3.6815
Epoch 469/1000, Train Loss: 0.5382, Validation Loss: 3.7000
Epoch 470/1000, Train Loss: 0.5327, Validation Loss: 0.9683
Epoch 471/1000, Train Loss: 0.5474, Validation Loss: 2.4888
Epoch 472/1000, Train Loss: 0.5354, Validation Loss: 3.3044
Epoch 473/1000, Train Loss: 0.5438, Validation Loss: 2.4191
Epoch 474/1000, Train Loss: 0.5405, Validation Loss: 6.1550
Epoch 475/1000, Train Loss: 0.5351, Validation Loss: 1.3579
Epoch 476/1000, Train Loss: 0.5604, Validation Loss: 1.3479
Epoch 477/1000, Train Loss: 0.5461, Validation Loss: 2.5734
Epoch 478/1000, Train Loss: 0.5261, Validation Loss: 4.6132
Epoch 479/1000, Train Loss: 0.5638, Validation Loss: 1.3194
Epoch 480/1000, Train Loss: 0.5428, Validation Loss: 5.7727
Epoch 481/1000, Train Loss: 0.5545, Validation Loss: 1.6079
Epoch 482/1000, Train Loss: 0.5466, Validation Loss: 1.3942
Epoch 483/1000, Train Loss: 0.5307, Validation Loss: 2.8818
Epoch 484/1000, Train Loss: 0.5661, Validation Loss: 0.6689
Epoch 485/1000, Train Loss: 0.5800, Validation Loss: 1.6570
Epoch 486/1000, Train Loss: 0.5461, Validation Loss: 2.0846
Epoch 487/1000, Train Loss: 0.5178, Validation Loss: 0.9291
Epoch 488/1000, Train Loss: 0.5445, Validation Loss: 0.8989
Epoch 489/1000, Train Loss: 0.7102, Validation Loss: 1.2234
Epoch 490/1000, Train Loss: 0.5773, Validation Loss: 1.5143
Epoch 491/1000, Train Loss: 0.5397, Validation Loss: 1.7974
Epoch 492/1000, Train Loss: 0.5340, Validation Loss: 0.6768
Epoch 493/1000, Train Loss: 0.5412, Validation Loss: 0.8101
Epoch 494/1000, Train Loss: 0.5377, Validation Loss: 1.4998
Epoch 495/1000, Train Loss: 0.5384, Validation Loss: 0.8831
Epoch 496/1000, Train Loss: 0.7638, Validation Loss: 2.4715
Epoch 497/1000, Train Loss: 0.5387, Validation Loss: 2.3906
Epoch 498/1000, Train Loss: 0.5407, Validation Loss: 1.5202
Epoch 499/1000, Train Loss: 0.5172, Validation Loss: 6.1546
Epoch 500/1000, Train Loss: 0.5496, Validation Loss: 4.1220
Epoch 501/1000, Train Loss: 0.5410, Validation Loss: 0.9566
Epoch 502/1000, Train Loss: 0.5545, Validation Loss: 2.3936
Epoch 503/1000, Train Loss: 0.5612, Validation Loss: 1.1398
Epoch 504/1000, Train Loss: 0.5293, Validation Loss: 1.0177
Epoch 505/1000, Train Loss: 0.5247, Validation Loss: 2.6317
Epoch 506/1000, Train Loss: 0.5545, Validation Loss: 0.7301
Epoch 507/1000, Train Loss: 0.5329, Validation Loss: 2.2523
Epoch 508/1000, Train Loss: 0.5277, Validation Loss: 0.8144
Epoch 509/1000, Train Loss: 0.5845, Validation Loss: 1.0096
Epoch 510/1000, Train Loss: 0.6087, Validation Loss: 1.3393
Epoch 511/1000, Train Loss: 0.5477, Validation Loss: 1.0776
Epoch 512/1000, Train Loss: 0.5406, Validation Loss: 2.9987
Epoch 513/1000, Train Loss: 0.5442, Validation Loss: 3.0277
Epoch 514/1000, Train Loss: 0.5508, Validation Loss: 1.2252
Epoch 515/1000, Train Loss: 0.5280, Validation Loss: 1.6251
Epoch 516/1000, Train Loss: 0.5353, Validation Loss: 3.3827
Epoch 517/1000, Train Loss: 0.5392, Validation Loss: 1.3579
Epoch 518/1000, Train Loss: 0.5293, Validation Loss: 2.5830
Epoch 519/1000, Train Loss: 0.5131, Validation Loss: 1.3660
Epoch 520/1000, Train Loss: 0.5458, Validation Loss: 0.7594
Epoch 521/1000, Train Loss: 0.5136, Validation Loss: 1.7841
Epoch 522/1000, Train Loss: 0.5460, Validation Loss: 1.4676
Epoch 523/1000, Train Loss: 0.5431, Validation Loss: 0.9376
Epoch 524/1000, Train Loss: 0.5439, Validation Loss: 0.7885
Epoch 525/1000, Train Loss: 0.5251, Validation Loss: 2.4315
Epoch 526/1000, Train Loss: 1.7334, Validation Loss: 3.4222
Epoch 527/1000, Train Loss: 0.5665, Validation Loss: 3.4219
Epoch 528/1000, Train Loss: 0.5520, Validation Loss: 3.4270
Epoch 529/1000, Train Loss: 0.5453, Validation Loss: 1.9620
Epoch 530/1000, Train Loss: 0.5318, Validation Loss: 1.6006
Epoch 531/1000, Train Loss: 0.5447, Validation Loss: 1.2944
Epoch 532/1000, Train Loss: 0.5143, Validation Loss: 4.2973
Epoch 533/1000, Train Loss: 0.5365, Validation Loss: 0.9852
Epoch 534/1000, Train Loss: 0.5402, Validation Loss: 5.9017
Epoch 535/1000, Train Loss: 0.5471, Validation Loss: 2.2404
Epoch 536/1000, Train Loss: 0.5110, Validation Loss: 5.3238
Epoch 537/1000, Train Loss: 0.5345, Validation Loss: 1.5428
Epoch 538/1000, Train Loss: 0.5341, Validation Loss: 0.9114
Epoch 539/1000, Train Loss: 0.5419, Validation Loss: 3.5245
Epoch 540/1000, Train Loss: 0.5386, Validation Loss: 5.8233
Epoch 541/1000, Train Loss: 0.5364, Validation Loss: 0.8487
Epoch 542/1000, Train Loss: 0.5276, Validation Loss: 1.6309
Epoch 543/1000, Train Loss: 0.5400, Validation Loss: 4.1833
Epoch 544/1000, Train Loss: 0.5253, Validation Loss: 3.4555
Epoch 545/1000, Train Loss: 0.5434, Validation Loss: 1.1498
Epoch 546/1000, Train Loss: 0.5214, Validation Loss: 1.0974
Epoch 547/1000, Train Loss: 0.5317, Validation Loss: 1.6741
Epoch 548/1000, Train Loss: 0.5144, Validation Loss: 0.7288
Epoch 549/1000, Train Loss: 0.5456, Validation Loss: 3.0633
Epoch 550/1000, Train Loss: 0.5472, Validation Loss: 0.9884
Epoch 551/1000, Train Loss: 0.5214, Validation Loss: 1.3850
Epoch 552/1000, Train Loss: 0.5294, Validation Loss: 0.8180
Epoch 553/1000, Train Loss: 0.5738, Validation Loss: 1.6193
Epoch 554/1000, Train Loss: 0.5573, Validation Loss: 1.2721
Epoch 555/1000, Train Loss: 0.6787, Validation Loss: 0.8296
Epoch 556/1000, Train Loss: 0.5263, Validation Loss: 0.6420
Epoch 557/1000, Train Loss: 0.5257, Validation Loss: 1.2835
Epoch 558/1000, Train Loss: 0.5338, Validation Loss: 2.3374
Epoch 559/1000, Train Loss: 0.5302, Validation Loss: 1.6650
Epoch 560/1000, Train Loss: 0.5531, Validation Loss: 1.5208
Epoch 561/1000, Train Loss: 0.5332, Validation Loss: 5.1330
Epoch 562/1000, Train Loss: 0.5188, Validation Loss: 0.7478
Epoch 563/1000, Train Loss: 0.5378, Validation Loss: 0.7467
Epoch 564/1000, Train Loss: 0.5062, Validation Loss: 4.6453
Epoch 565/1000, Train Loss: 0.5242, Validation Loss: 2.1580
Epoch 566/1000, Train Loss: 0.5403, Validation Loss: 1.0759
Epoch 567/1000, Train Loss: 0.6497, Validation Loss: 3.3735
Epoch 568/1000, Train Loss: 0.6249, Validation Loss: 2.8231
Epoch 569/1000, Train Loss: 0.5268, Validation Loss: 0.8618
Epoch 570/1000, Train Loss: 0.5148, Validation Loss: 0.8918
Epoch 571/1000, Train Loss: 0.5899, Validation Loss: 33.4367
Epoch 572/1000, Train Loss: 0.6473, Validation Loss: 0.6181
Epoch 573/1000, Train Loss: 0.5383, Validation Loss: 0.9280
Epoch 574/1000, Train Loss: 0.5399, Validation Loss: 0.8989
Epoch 575/1000, Train Loss: 0.5396, Validation Loss: 1.3477
Epoch 576/1000, Train Loss: 0.5239, Validation Loss: 1.2431
Epoch 577/1000, Train Loss: 0.5341, Validation Loss: 2.6989
Epoch 578/1000, Train Loss: 0.5373, Validation Loss: 2.5920
Epoch 579/1000, Train Loss: 0.5314, Validation Loss: 1.2614
Epoch 580/1000, Train Loss: 0.5222, Validation Loss: 0.7631
Epoch 581/1000, Train Loss: 0.5192, Validation Loss: 5.7247
Epoch 582/1000, Train Loss: 0.5230, Validation Loss: 1.5946
Epoch 583/1000, Train Loss: 0.6955, Validation Loss: 2.2737
Epoch 584/1000, Train Loss: 0.7273, Validation Loss: 2.8759
Epoch 585/1000, Train Loss: 0.5650, Validation Loss: 2.8348
Epoch 586/1000, Train Loss: 0.5218, Validation Loss: 4.3660
Epoch 587/1000, Train Loss: 0.5363, Validation Loss: 3.8186
Epoch 588/1000, Train Loss: 0.5359, Validation Loss: 2.6882
Epoch 589/1000, Train Loss: 0.5159, Validation Loss: 1.8913
Epoch 590/1000, Train Loss: 2.8124, Validation Loss: 1.2127
Epoch 591/1000, Train Loss: 0.5378, Validation Loss: 0.8339
Epoch 592/1000, Train Loss: 0.5326, Validation Loss: 4.4209
Epoch 593/1000, Train Loss: 0.5184, Validation Loss: 1.7738
Epoch 594/1000, Train Loss: 0.5649, Validation Loss: 1.6501
Epoch 595/1000, Train Loss: 0.5196, Validation Loss: 0.7413
Epoch 596/1000, Train Loss: 0.5374, Validation Loss: 4.9196
Epoch 597/1000, Train Loss: 0.5200, Validation Loss: 6.7404
Epoch 598/1000, Train Loss: 0.5237, Validation Loss: 1.7218
Epoch 599/1000, Train Loss: 0.5262, Validation Loss: 0.8303
Epoch 600/1000, Train Loss: 0.5190, Validation Loss: 3.1281
Epoch 601/1000, Train Loss: 0.5155, Validation Loss: 0.6094
Epoch 602/1000, Train Loss: 0.5302, Validation Loss: 4.5060
Epoch 603/1000, Train Loss: 0.5354, Validation Loss: 0.8084
Epoch 604/1000, Train Loss: 0.5420, Validation Loss: 1.4942
Epoch 605/1000, Train Loss: 0.5181, Validation Loss: 0.8879
Epoch 606/1000, Train Loss: 0.5186, Validation Loss: 0.8192
Epoch 607/1000, Train Loss: 0.5193, Validation Loss: 1.3221
Epoch 608/1000, Train Loss: 0.5292, Validation Loss: 1.1645
Epoch 609/1000, Train Loss: 0.5203, Validation Loss: 2.5587
Epoch 610/1000, Train Loss: 0.5245, Validation Loss: 1.1017
Epoch 611/1000, Train Loss: 2.6813, Validation Loss: 1.2932
Epoch 612/1000, Train Loss: 0.5743, Validation Loss: 3.4331
Epoch 613/1000, Train Loss: 0.5520, Validation Loss: 1.4464
Epoch 614/1000, Train Loss: 0.5490, Validation Loss: 2.1045
Epoch 615/1000, Train Loss: 0.5422, Validation Loss: 1.4652
Epoch 616/1000, Train Loss: 0.5373, Validation Loss: 2.3129
Epoch 617/1000, Train Loss: 0.5139, Validation Loss: 2.4200
Epoch 618/1000, Train Loss: 0.5216, Validation Loss: 1.5834
Epoch 619/1000, Train Loss: 0.5241, Validation Loss: 3.1094
Epoch 620/1000, Train Loss: 0.5321, Validation Loss: 1.2667
Epoch 621/1000, Train Loss: 0.5134, Validation Loss: 1.3446
Epoch 622/1000, Train Loss: 0.5290, Validation Loss: 1.4562
Epoch 623/1000, Train Loss: 0.5289, Validation Loss: 1.0934
Epoch 624/1000, Train Loss: 0.5107, Validation Loss: 0.7189
Epoch 625/1000, Train Loss: 0.5216, Validation Loss: 0.8718
Epoch 626/1000, Train Loss: 21.8289, Validation Loss: 2.0293
Epoch 627/1000, Train Loss: 0.6359, Validation Loss: 2.6334
Epoch 628/1000, Train Loss: 0.5547, Validation Loss: 1.2077
Epoch 629/1000, Train Loss: 0.5394, Validation Loss: 1.2834
Epoch 630/1000, Train Loss: 0.5407, Validation Loss: 5.3207
Epoch 631/1000, Train Loss: 0.5399, Validation Loss: 4.0882
Epoch 632/1000, Train Loss: 0.5278, Validation Loss: 1.3406
Epoch 633/1000, Train Loss: 0.5376, Validation Loss: 2.4928
Epoch 634/1000, Train Loss: 0.5215, Validation Loss: 0.7966
Epoch 635/1000, Train Loss: 0.5315, Validation Loss: 4.9318
Epoch 636/1000, Train Loss: 0.5485, Validation Loss: 2.3735
Epoch 637/1000, Train Loss: 0.5138, Validation Loss: 1.2128
Epoch 638/1000, Train Loss: 0.5095, Validation Loss: 3.6677
Epoch 639/1000, Train Loss: 0.5410, Validation Loss: 2.7642
Epoch 640/1000, Train Loss: 0.5285, Validation Loss: 1.9348
Epoch 641/1000, Train Loss: 0.5168, Validation Loss: 0.9262
Epoch 642/1000, Train Loss: 0.5196, Validation Loss: 1.2927
Epoch 643/1000, Train Loss: 0.5150, Validation Loss: 1.6087
Epoch 644/1000, Train Loss: 1.6976, Validation Loss: 0.9830
Epoch 645/1000, Train Loss: 0.5697, Validation Loss: 1.0470
Epoch 646/1000, Train Loss: 0.5303, Validation Loss: 0.5180
Epoch 647/1000, Train Loss: 0.5104, Validation Loss: 0.9720
Epoch 648/1000, Train Loss: 0.5178, Validation Loss: 6.4360
Epoch 649/1000, Train Loss: 0.5354, Validation Loss: 1.0152
Epoch 650/1000, Train Loss: 0.5135, Validation Loss: 0.6022
Epoch 651/1000, Train Loss: 0.5266, Validation Loss: 0.7028
Epoch 652/1000, Train Loss: 0.5153, Validation Loss: 3.4262
Epoch 653/1000, Train Loss: 0.6842, Validation Loss: 0.8571
Epoch 654/1000, Train Loss: 0.5599, Validation Loss: 4.9662
Epoch 655/1000, Train Loss: 0.5289, Validation Loss: 4.1580
Epoch 656/1000, Train Loss: 0.5133, Validation Loss: 4.2370
Epoch 657/1000, Train Loss: 0.5230, Validation Loss: 1.1955
Epoch 658/1000, Train Loss: 0.5178, Validation Loss: 2.9874
Epoch 659/1000, Train Loss: 0.5109, Validation Loss: 1.4256
Epoch 660/1000, Train Loss: 0.5196, Validation Loss: 2.9829
Epoch 661/1000, Train Loss: 0.5320, Validation Loss: 0.7690
Epoch 662/1000, Train Loss: 0.5146, Validation Loss: 1.4548
Epoch 663/1000, Train Loss: 0.5196, Validation Loss: 1.7349
Epoch 664/1000, Train Loss: 0.5286, Validation Loss: 1.7512
Epoch 665/1000, Train Loss: 0.5287, Validation Loss: 1.3300
Epoch 666/1000, Train Loss: 0.5311, Validation Loss: 1.8254
Epoch 667/1000, Train Loss: 0.5288, Validation Loss: 1.4776
Epoch 668/1000, Train Loss: 0.5317, Validation Loss: 0.5782
Epoch 669/1000, Train Loss: 0.5326, Validation Loss: 11.0359
Epoch 670/1000, Train Loss: 0.5007, Validation Loss: 1.1893
Epoch 671/1000, Train Loss: 0.5188, Validation Loss: 0.7697
Epoch 672/1000, Train Loss: 0.8109, Validation Loss: 2.8199
Epoch 673/1000, Train Loss: 0.5545, Validation Loss: 1.9451
Epoch 674/1000, Train Loss: 0.5252, Validation Loss: 2.1330
Epoch 675/1000, Train Loss: 0.5296, Validation Loss: 1.6062
Epoch 676/1000, Train Loss: 0.5253, Validation Loss: 3.9778
Epoch 677/1000, Train Loss: 0.5179, Validation Loss: 1.1202
Epoch 678/1000, Train Loss: 0.5402, Validation Loss: 0.5840
Epoch 679/1000, Train Loss: 0.5132, Validation Loss: 1.1724
Epoch 680/1000, Train Loss: 0.5429, Validation Loss: 2.1176
Epoch 681/1000, Train Loss: 0.5186, Validation Loss: 0.7407
Epoch 682/1000, Train Loss: 0.5284, Validation Loss: 2.8411
Epoch 683/1000, Train Loss: 0.5188, Validation Loss: 2.8532
Epoch 684/1000, Train Loss: 0.5337, Validation Loss: 3.4073
Epoch 685/1000, Train Loss: 0.5379, Validation Loss: 1.6292
Epoch 686/1000, Train Loss: 0.5227, Validation Loss: 2.3589
Epoch 687/1000, Train Loss: 0.5209, Validation Loss: 2.0350
Epoch 688/1000, Train Loss: 0.5093, Validation Loss: 1.3071
Epoch 689/1000, Train Loss: 0.5181, Validation Loss: 0.5821
Epoch 690/1000, Train Loss: 0.5233, Validation Loss: 4.3770
Epoch 691/1000, Train Loss: 0.5181, Validation Loss: 1.1900
Epoch 692/1000, Train Loss: 0.4937, Validation Loss: 1.2791
Epoch 693/1000, Train Loss: 0.5323, Validation Loss: 1.8651
Epoch 694/1000, Train Loss: 0.5240, Validation Loss: 0.9718
Epoch 695/1000, Train Loss: 0.5131, Validation Loss: 0.8220
Epoch 696/1000, Train Loss: 0.5297, Validation Loss: 2.0808
Epoch 697/1000, Train Loss: 0.8397, Validation Loss: 3.3521
Epoch 698/1000, Train Loss: 0.5233, Validation Loss: 1.5217
Epoch 699/1000, Train Loss: 0.5134, Validation Loss: 2.6476
Epoch 700/1000, Train Loss: 0.5226, Validation Loss: 0.7892
Epoch 701/1000, Train Loss: 0.5134, Validation Loss: 2.5218
Epoch 702/1000, Train Loss: 0.5350, Validation Loss: 1.1395
Epoch 703/1000, Train Loss: 0.5134, Validation Loss: 0.6096
Epoch 704/1000, Train Loss: 0.5147, Validation Loss: 1.3291
Epoch 705/1000, Train Loss: 0.5020, Validation Loss: 2.3174
Epoch 706/1000, Train Loss: 0.5317, Validation Loss: 0.9834
Epoch 707/1000, Train Loss: 0.5142, Validation Loss: 2.1277
Epoch 708/1000, Train Loss: 0.5229, Validation Loss: 1.6287
Epoch 709/1000, Train Loss: 0.5320, Validation Loss: 3.3026
Epoch 710/1000, Train Loss: 0.5222, Validation Loss: 1.0238
Epoch 711/1000, Train Loss: 0.5259, Validation Loss: 0.8015
Epoch 712/1000, Train Loss: 0.5164, Validation Loss: 0.6215
Epoch 713/1000, Train Loss: 0.5241, Validation Loss: 0.6379
Epoch 714/1000, Train Loss: 0.5196, Validation Loss: 1.0531
Epoch 715/1000, Train Loss: 0.5085, Validation Loss: 1.7306
Epoch 716/1000, Train Loss: 0.6991, Validation Loss: 0.9309
Epoch 717/1000, Train Loss: 0.5626, Validation Loss: 1.5202
Epoch 718/1000, Train Loss: 0.5256, Validation Loss: 0.6507
Epoch 719/1000, Train Loss: 0.5247, Validation Loss: 0.8822
Epoch 720/1000, Train Loss: 0.5237, Validation Loss: 1.8758
Epoch 721/1000, Train Loss: 0.5119, Validation Loss: 1.0431
Epoch 722/1000, Train Loss: 0.5284, Validation Loss: 2.6787
Epoch 723/1000, Train Loss: 0.5466, Validation Loss: 3.9385
Epoch 724/1000, Train Loss: 1.1713, Validation Loss: 1.0468
Epoch 725/1000, Train Loss: 0.8230, Validation Loss: 1.4121
Epoch 726/1000, Train Loss: 0.5590, Validation Loss: 0.6884
Epoch 727/1000, Train Loss: 0.5153, Validation Loss: 1.6614
Epoch 728/1000, Train Loss: 0.5173, Validation Loss: 2.0092
Epoch 729/1000, Train Loss: 0.5386, Validation Loss: 1.2237
Epoch 730/1000, Train Loss: 0.5354, Validation Loss: 0.4989
Epoch 731/1000, Train Loss: 0.5254, Validation Loss: 0.8059
Epoch 732/1000, Train Loss: 0.5120, Validation Loss: 5.1127
Epoch 733/1000, Train Loss: 0.5401, Validation Loss: 0.9301
Epoch 734/1000, Train Loss: 0.5211, Validation Loss: 1.1867
Epoch 735/1000, Train Loss: 0.5331, Validation Loss: 0.9199
Epoch 736/1000, Train Loss: 0.5065, Validation Loss: 0.5367
Epoch 737/1000, Train Loss: 0.5159, Validation Loss: 0.6975
Epoch 738/1000, Train Loss: 0.5250, Validation Loss: 1.1682
Epoch 739/1000, Train Loss: 0.5330, Validation Loss: 4.6195
Epoch 740/1000, Train Loss: 0.5174, Validation Loss: 1.5735
Epoch 741/1000, Train Loss: 0.5369, Validation Loss: 2.0128
Epoch 742/1000, Train Loss: 0.5016, Validation Loss: 0.7324
Epoch 743/1000, Train Loss: 0.5152, Validation Loss: 1.5306
Epoch 744/1000, Train Loss: 0.5282, Validation Loss: 1.5416
Epoch 745/1000, Train Loss: 0.5235, Validation Loss: 1.3098
Epoch 746/1000, Train Loss: 0.5050, Validation Loss: 4.0959
Epoch 747/1000, Train Loss: 0.5236, Validation Loss: 1.8938
Epoch 748/1000, Train Loss: 0.5205, Validation Loss: 2.4309
Epoch 749/1000, Train Loss: 0.4997, Validation Loss: 2.9036
Epoch 750/1000, Train Loss: 0.5288, Validation Loss: 2.6083
Epoch 751/1000, Train Loss: 0.5186, Validation Loss: 1.7545
Epoch 752/1000, Train Loss: 0.5141, Validation Loss: 3.0838
Epoch 753/1000, Train Loss: 0.5170, Validation Loss: 3.2799
Epoch 754/1000, Train Loss: 0.5218, Validation Loss: 1.5746
Epoch 755/1000, Train Loss: 0.8749, Validation Loss: 5.4855
Epoch 756/1000, Train Loss: 0.5338, Validation Loss: 3.1700
Epoch 757/1000, Train Loss: 0.5401, Validation Loss: 1.0404
Epoch 758/1000, Train Loss: 0.5258, Validation Loss: 0.8994
Epoch 759/1000, Train Loss: 0.5286, Validation Loss: 2.0854
Epoch 760/1000, Train Loss: 0.5088, Validation Loss: 1.9254
Epoch 761/1000, Train Loss: 0.5343, Validation Loss: 4.5893
Epoch 762/1000, Train Loss: 0.5147, Validation Loss: 1.6190
Epoch 763/1000, Train Loss: 0.5198, Validation Loss: 1.0616
Epoch 764/1000, Train Loss: 0.5193, Validation Loss: 2.4047
Epoch 765/1000, Train Loss: 0.5206, Validation Loss: 0.9173
Epoch 766/1000, Train Loss: 0.5285, Validation Loss: 1.7373
Epoch 767/1000, Train Loss: 0.5185, Validation Loss: 0.9544
Epoch 768/1000, Train Loss: 0.5440, Validation Loss: 3.4875
Epoch 769/1000, Train Loss: 0.7030, Validation Loss: 2.8262
Epoch 770/1000, Train Loss: 0.5294, Validation Loss: 1.4596
Epoch 771/1000, Train Loss: 0.5071, Validation Loss: 1.0570
Epoch 772/1000, Train Loss: 0.5341, Validation Loss: 2.0117
Epoch 773/1000, Train Loss: 0.5206, Validation Loss: 0.7556
Epoch 774/1000, Train Loss: 0.5101, Validation Loss: 0.8210
Epoch 775/1000, Train Loss: 0.5092, Validation Loss: 0.7965
Epoch 776/1000, Train Loss: 0.5227, Validation Loss: 1.0935
Epoch 777/1000, Train Loss: 0.5172, Validation Loss: 1.7830
Epoch 778/1000, Train Loss: 0.5169, Validation Loss: 1.5638
Epoch 779/1000, Train Loss: 0.5259, Validation Loss: 1.4343
Epoch 780/1000, Train Loss: 0.5274, Validation Loss: 3.4834
Epoch 781/1000, Train Loss: 0.5333, Validation Loss: 0.6176
Epoch 782/1000, Train Loss: 0.5353, Validation Loss: 1.1969
Epoch 783/1000, Train Loss: 0.5251, Validation Loss: 0.8232
Epoch 784/1000, Train Loss: 0.5215, Validation Loss: 2.3891
Epoch 785/1000, Train Loss: 0.5231, Validation Loss: 2.0873
Epoch 786/1000, Train Loss: 1.5951, Validation Loss: 3.1632
Epoch 787/1000, Train Loss: 0.6706, Validation Loss: 0.9182
Epoch 788/1000, Train Loss: 0.5412, Validation Loss: 1.1079
Epoch 789/1000, Train Loss: 0.5428, Validation Loss: 2.6788
Epoch 790/1000, Train Loss: 0.5215, Validation Loss: 2.1250
Epoch 791/1000, Train Loss: 0.5066, Validation Loss: 1.1210
Epoch 792/1000, Train Loss: 0.5402, Validation Loss: 2.2408
Epoch 793/1000, Train Loss: 0.5497, Validation Loss: 2.4372
Epoch 794/1000, Train Loss: 0.5306, Validation Loss: 2.1065
Epoch 795/1000, Train Loss: 0.5264, Validation Loss: 1.5783
Epoch 796/1000, Train Loss: 0.5275, Validation Loss: 0.7396
Epoch 797/1000, Train Loss: 0.5248, Validation Loss: 0.9926
Epoch 798/1000, Train Loss: 0.5174, Validation Loss: 2.1628
Epoch 799/1000, Train Loss: 0.7244, Validation Loss: 1.0094
Epoch 800/1000, Train Loss: 0.5402, Validation Loss: 2.2513
Epoch 801/1000, Train Loss: 0.5387, Validation Loss: 0.9818
Epoch 802/1000, Train Loss: 0.5259, Validation Loss: 3.2501
Epoch 803/1000, Train Loss: 0.5176, Validation Loss: 1.1235
Epoch 804/1000, Train Loss: 0.5153, Validation Loss: 0.7805
Epoch 805/1000, Train Loss: 0.5173, Validation Loss: 2.5931
Epoch 806/1000, Train Loss: 0.5297, Validation Loss: 1.6061
Epoch 807/1000, Train Loss: 0.5313, Validation Loss: 1.5022
Epoch 808/1000, Train Loss: 0.5165, Validation Loss: 2.9786
Epoch 809/1000, Train Loss: 0.5242, Validation Loss: 1.3814
Epoch 810/1000, Train Loss: 0.5035, Validation Loss: 1.2031
Epoch 811/1000, Train Loss: 0.5227, Validation Loss: 0.6462
Epoch 812/1000, Train Loss: 0.5917, Validation Loss: 2.1969
Epoch 813/1000, Train Loss: 0.5182, Validation Loss: 3.1319
Epoch 814/1000, Train Loss: 0.5221, Validation Loss: 3.0078
Epoch 815/1000, Train Loss: 0.5119, Validation Loss: 0.7638
Epoch 816/1000, Train Loss: 0.5252, Validation Loss: 2.1925
Epoch 817/1000, Train Loss: 0.5039, Validation Loss: 1.0752
Epoch 818/1000, Train Loss: 0.5887, Validation Loss: 0.8159
Epoch 819/1000, Train Loss: 0.5981, Validation Loss: 0.7327
Epoch 820/1000, Train Loss: 0.5364, Validation Loss: 0.6341
Epoch 821/1000, Train Loss: 0.5351, Validation Loss: 1.8728
Epoch 822/1000, Train Loss: 0.5073, Validation Loss: 1.5795
Epoch 823/1000, Train Loss: 0.5539, Validation Loss: 1.7704
Epoch 824/1000, Train Loss: 0.5138, Validation Loss: 1.7583
Epoch 825/1000, Train Loss: 0.5242, Validation Loss: 0.7686
Epoch 826/1000, Train Loss: 0.5269, Validation Loss: 1.0017
Epoch 827/1000, Train Loss: 0.5993, Validation Loss: 1.6205
Epoch 828/1000, Train Loss: 0.5486, Validation Loss: 0.8509
Epoch 829/1000, Train Loss: 0.5156, Validation Loss: 1.2651
Epoch 830/1000, Train Loss: 0.5152, Validation Loss: 2.7463
Epoch 831/1000, Train Loss: 0.5378, Validation Loss: 1.0082
Epoch 832/1000, Train Loss: 0.5122, Validation Loss: 1.7176
Epoch 833/1000, Train Loss: 0.5170, Validation Loss: 2.1470
Epoch 834/1000, Train Loss: 0.8475, Validation Loss: 3.3295
Epoch 835/1000, Train Loss: 0.5476, Validation Loss: 4.2836
Epoch 836/1000, Train Loss: 0.5052, Validation Loss: 0.9687
Epoch 837/1000, Train Loss: 0.5019, Validation Loss: 1.2717
Epoch 838/1000, Train Loss: 0.5139, Validation Loss: 1.5636
Epoch 839/1000, Train Loss: 0.5142, Validation Loss: 1.0432
Epoch 840/1000, Train Loss: 0.5333, Validation Loss: 2.1929
Epoch 841/1000, Train Loss: 0.5187, Validation Loss: 1.5501
Epoch 842/1000, Train Loss: 0.5157, Validation Loss: 1.5518
Epoch 843/1000, Train Loss: 0.5125, Validation Loss: 1.2183
Epoch 844/1000, Train Loss: 0.5201, Validation Loss: 2.7840
Epoch 845/1000, Train Loss: 0.5272, Validation Loss: 1.9433
Epoch 846/1000, Train Loss: 0.7231, Validation Loss: 2.0292
Epoch 847/1000, Train Loss: 0.6226, Validation Loss: 3.6699
Epoch 848/1000, Train Loss: 0.5537, Validation Loss: 1.0922
Epoch 849/1000, Train Loss: 0.5295, Validation Loss: 0.4906
Epoch 850/1000, Train Loss: 0.5230, Validation Loss: 0.8485
Epoch 851/1000, Train Loss: 0.5235, Validation Loss: 0.7329
Epoch 852/1000, Train Loss: 0.5285, Validation Loss: 2.0579
Epoch 853/1000, Train Loss: 0.5891, Validation Loss: 1.2936
Epoch 854/1000, Train Loss: 0.5348, Validation Loss: 1.7395
Epoch 855/1000, Train Loss: 0.5194, Validation Loss: 2.1516
Epoch 856/1000, Train Loss: 0.5511, Validation Loss: 1.2626
Epoch 857/1000, Train Loss: 0.6013, Validation Loss: 0.9591
Epoch 858/1000, Train Loss: 0.5228, Validation Loss: 5.4443
Epoch 859/1000, Train Loss: 0.5246, Validation Loss: 2.0215
Epoch 860/1000, Train Loss: 0.5281, Validation Loss: 2.0673
Epoch 861/1000, Train Loss: 0.5169, Validation Loss: 1.1896
Epoch 862/1000, Train Loss: 0.5167, Validation Loss: 0.8766
Epoch 863/1000, Train Loss: 0.5338, Validation Loss: 3.4546
Epoch 864/1000, Train Loss: 0.5464, Validation Loss: 1.8696
Epoch 865/1000, Train Loss: 0.6495, Validation Loss: 0.9117
Epoch 866/1000, Train Loss: 0.5237, Validation Loss: 1.0248
Epoch 867/1000, Train Loss: 0.5153, Validation Loss: 1.3562
Epoch 868/1000, Train Loss: 0.5224, Validation Loss: 2.2302
Epoch 869/1000, Train Loss: 0.5117, Validation Loss: 1.1000
Epoch 870/1000, Train Loss: 0.5301, Validation Loss: 1.4490
Epoch 871/1000, Train Loss: 0.4999, Validation Loss: 0.8820
Epoch 872/1000, Train Loss: 0.5080, Validation Loss: 2.8825
Epoch 873/1000, Train Loss: 0.5333, Validation Loss: 0.8881
Epoch 874/1000, Train Loss: 0.5401, Validation Loss: 1.2874
Epoch 875/1000, Train Loss: 0.5087, Validation Loss: 0.8793
Epoch 876/1000, Train Loss: 0.5018, Validation Loss: 1.3937
Epoch 877/1000, Train Loss: 0.5093, Validation Loss: 1.9178
Epoch 878/1000, Train Loss: 0.5311, Validation Loss: 3.8301
Epoch 879/1000, Train Loss: 0.9889, Validation Loss: 5.9009
Epoch 880/1000, Train Loss: 0.5089, Validation Loss: 1.2025
Epoch 881/1000, Train Loss: 0.5154, Validation Loss: 3.3212
Epoch 882/1000, Train Loss: 0.5107, Validation Loss: 1.4839
Epoch 883/1000, Train Loss: 0.5173, Validation Loss: 1.8262
Epoch 884/1000, Train Loss: 0.5127, Validation Loss: 0.5744
Epoch 885/1000, Train Loss: 0.5482, Validation Loss: 4.4146
Epoch 886/1000, Train Loss: 0.5148, Validation Loss: 1.2803
Epoch 887/1000, Train Loss: 0.5430, Validation Loss: 1.1906
Epoch 888/1000, Train Loss: 0.5610, Validation Loss: 1.1127
Epoch 889/1000, Train Loss: 0.5272, Validation Loss: 1.7809
Epoch 890/1000, Train Loss: 0.4976, Validation Loss: 1.4997
Epoch 891/1000, Train Loss: 0.5032, Validation Loss: 1.5196
Epoch 892/1000, Train Loss: 0.5130, Validation Loss: 5.3130
Epoch 893/1000, Train Loss: 0.5205, Validation Loss: 0.9045
Epoch 894/1000, Train Loss: 0.5028, Validation Loss: 3.2286
Epoch 895/1000, Train Loss: 0.5085, Validation Loss: 1.7646
Epoch 896/1000, Train Loss: 0.5302, Validation Loss: 3.0395
Epoch 897/1000, Train Loss: 0.5113, Validation Loss: 2.6785
Epoch 898/1000, Train Loss: 0.5151, Validation Loss: 1.2063
Epoch 899/1000, Train Loss: 0.5111, Validation Loss: 1.3974
Epoch 900/1000, Train Loss: 0.5137, Validation Loss: 1.7654
Epoch 901/1000, Train Loss: 0.5788, Validation Loss: 5.5840
Epoch 902/1000, Train Loss: 0.5678, Validation Loss: 0.6103
Epoch 903/1000, Train Loss: 0.5404, Validation Loss: 2.6107
Epoch 904/1000, Train Loss: 0.5062, Validation Loss: 1.7679
Epoch 905/1000, Train Loss: 0.5031, Validation Loss: 3.6995
Epoch 906/1000, Train Loss: 0.5149, Validation Loss: 4.3187
Epoch 907/1000, Train Loss: 0.5342, Validation Loss: 1.7506
Epoch 908/1000, Train Loss: 0.5425, Validation Loss: 5.1789
Epoch 909/1000, Train Loss: 0.5029, Validation Loss: 2.2544
Epoch 910/1000, Train Loss: 0.5286, Validation Loss: 0.9942
Epoch 911/1000, Train Loss: 0.5086, Validation Loss: 2.2971
Epoch 912/1000, Train Loss: 0.5102, Validation Loss: 1.1065
Epoch 913/1000, Train Loss: 31.4029, Validation Loss: 0.7846
Epoch 914/1000, Train Loss: 0.5394, Validation Loss: 1.5999
Epoch 915/1000, Train Loss: 0.5173, Validation Loss: 0.8587
Epoch 916/1000, Train Loss: 0.5056, Validation Loss: 3.6980
Epoch 917/1000, Train Loss: 0.5386, Validation Loss: 4.3096
Epoch 918/1000, Train Loss: 0.5344, Validation Loss: 1.3310
Epoch 919/1000, Train Loss: 0.5081, Validation Loss: 0.6016
Epoch 920/1000, Train Loss: 0.5170, Validation Loss: 1.7154
Epoch 921/1000, Train Loss: 0.5222, Validation Loss: 1.3614
Epoch 922/1000, Train Loss: 0.5064, Validation Loss: 2.3936
Epoch 923/1000, Train Loss: 0.5070, Validation Loss: 1.1697
Epoch 924/1000, Train Loss: 0.5239, Validation Loss: 2.5928
Epoch 925/1000, Train Loss: 0.5108, Validation Loss: 0.8178
Epoch 926/1000, Train Loss: 0.5342, Validation Loss: 1.9958
Epoch 927/1000, Train Loss: 0.5228, Validation Loss: 2.1008
Epoch 928/1000, Train Loss: 1.1292, Validation Loss: 1.2726
Epoch 929/1000, Train Loss: 0.5490, Validation Loss: 2.1648
Epoch 930/1000, Train Loss: 1.0802, Validation Loss: 0.8423
Epoch 931/1000, Train Loss: 0.5206, Validation Loss: 2.0233
Epoch 932/1000, Train Loss: 0.5276, Validation Loss: 1.5724
Epoch 933/1000, Train Loss: 0.5071, Validation Loss: 1.1844
Epoch 934/1000, Train Loss: 0.5149, Validation Loss: 0.6638
Epoch 935/1000, Train Loss: 0.5281, Validation Loss: 1.1977
Epoch 936/1000, Train Loss: 0.5041, Validation Loss: 1.9785
Epoch 937/1000, Train Loss: 0.5143, Validation Loss: 1.0054
Epoch 938/1000, Train Loss: 0.5226, Validation Loss: 1.6671
Epoch 939/1000, Train Loss: 0.5132, Validation Loss: 0.9803
Epoch 940/1000, Train Loss: 0.5196, Validation Loss: 3.7822
Epoch 941/1000, Train Loss: 0.5291, Validation Loss: 2.2102
Epoch 942/1000, Train Loss: 0.5161, Validation Loss: 1.8444
Epoch 943/1000, Train Loss: 0.5069, Validation Loss: 3.6651
Epoch 944/1000, Train Loss: 0.9872, Validation Loss: 2.4503
Epoch 945/1000, Train Loss: 0.5889, Validation Loss: 4.2864
Epoch 946/1000, Train Loss: 0.5152, Validation Loss: 1.7550
Epoch 947/1000, Train Loss: 0.5259, Validation Loss: 0.9155
Epoch 948/1000, Train Loss: 0.5150, Validation Loss: 1.4937
Epoch 949/1000, Train Loss: 0.5260, Validation Loss: 2.5069
Epoch 950/1000, Train Loss: 0.5066, Validation Loss: 1.9096
Epoch 951/1000, Train Loss: 0.5081, Validation Loss: 2.8067
Epoch 952/1000, Train Loss: 0.5083, Validation Loss: 1.3511
Epoch 953/1000, Train Loss: 0.4980, Validation Loss: 2.4691
Epoch 954/1000, Train Loss: 0.6460, Validation Loss: 2.3877
Epoch 955/1000, Train Loss: 0.5211, Validation Loss: 2.5282
Epoch 956/1000, Train Loss: 0.5182, Validation Loss: 1.3177
Epoch 957/1000, Train Loss: 0.5324, Validation Loss: 3.3811
Epoch 958/1000, Train Loss: 0.5494, Validation Loss: 2.3882
Epoch 959/1000, Train Loss: 0.5288, Validation Loss: 5.1847
Epoch 960/1000, Train Loss: 0.5049, Validation Loss: 0.7051
Epoch 961/1000, Train Loss: 0.5403, Validation Loss: 1.6957
Epoch 962/1000, Train Loss: 0.5215, Validation Loss: 2.1146
Epoch 963/1000, Train Loss: 0.5291, Validation Loss: 3.9992
Epoch 964/1000, Train Loss: 0.5230, Validation Loss: 1.2467
Epoch 965/1000, Train Loss: 0.5279, Validation Loss: 0.8093
Epoch 966/1000, Train Loss: 0.5124, Validation Loss: 2.8172
Epoch 967/1000, Train Loss: 0.4982, Validation Loss: 1.7654
Epoch 968/1000, Train Loss: 8.3112, Validation Loss: 1.8366
Epoch 969/1000, Train Loss: 0.6189, Validation Loss: 5.0186
Epoch 970/1000, Train Loss: 0.5570, Validation Loss: 2.1249
Epoch 971/1000, Train Loss: 0.5306, Validation Loss: 1.0320
Epoch 972/1000, Train Loss: 0.5389, Validation Loss: 0.6735
Epoch 973/1000, Train Loss: 0.5485, Validation Loss: 4.3852
Epoch 974/1000, Train Loss: 0.5192, Validation Loss: 3.5094
Epoch 975/1000, Train Loss: 0.5196, Validation Loss: 2.1745
Epoch 976/1000, Train Loss: 0.5381, Validation Loss: 3.0396
Epoch 977/1000, Train Loss: 0.5234, Validation Loss: 1.9270
Epoch 978/1000, Train Loss: 0.5136, Validation Loss: 0.7261
Epoch 979/1000, Train Loss: 0.5023, Validation Loss: 0.8883
Epoch 980/1000, Train Loss: 0.5217, Validation Loss: 1.4448
Epoch 981/1000, Train Loss: 0.5366, Validation Loss: 1.0638
Epoch 982/1000, Train Loss: 0.4993, Validation Loss: 0.7351
Epoch 983/1000, Train Loss: 0.5086, Validation Loss: 1.6560
Epoch 984/1000, Train Loss: 0.7716, Validation Loss: 0.7316
Epoch 985/1000, Train Loss: 0.5160, Validation Loss: 1.0124
Epoch 986/1000, Train Loss: 0.5143, Validation Loss: 2.8041
Epoch 987/1000, Train Loss: 0.5117, Validation Loss: 0.7245
Epoch 988/1000, Train Loss: 0.5529, Validation Loss: 3.7317
Epoch 989/1000, Train Loss: 0.5162, Validation Loss: 3.6227
Epoch 990/1000, Train Loss: 0.5022, Validation Loss: 1.7817
Epoch 991/1000, Train Loss: 0.5062, Validation Loss: 2.0061
Epoch 992/1000, Train Loss: 0.5259, Validation Loss: 0.9600
Epoch 993/1000, Train Loss: 0.5185, Validation Loss: 1.2442
Epoch 994/1000, Train Loss: 0.5259, Validation Loss: 1.3631
Epoch 995/1000, Train Loss: 0.5132, Validation Loss: 0.6720
Epoch 996/1000, Train Loss: 0.5212, Validation Loss: 2.3006
Epoch 997/1000, Train Loss: 0.5125, Validation Loss: 3.5021
Epoch 998/1000, Train Loss: 0.4954, Validation Loss: 1.8301
Epoch 999/1000, Train Loss: 1.5505, Validation Loss: 1.0477
Epoch 1000/1000, Train Loss: 0.5056, Validation Loss: 2.8678
Best Training Loss: 0.4937
Best Training Loss Epoch: 692
Best Validation Loss: 0.4906
Best Validation Loss Epoch: 849
Time taken for training: 0-15:29:16
Test Loss: 0.5038
Test MAPE: 39705.8086%
Error Statistics:
count    4.127200e+04
mean     1.523361e+06
std      3.082825e+08
min      1.037121e-05
25%      1.414141e-01
50%      1.667306e+00
75%      2.608882e+01
max      6.262881e+10
Name: Absolute Error, dtype: float64
Training complete. Final model saved.
Saving model as a wandb Artifact...
Model artifact logged successfully.
[1;34mwandb[0m: 
[1;34mwandb[0m: 🚀 View run [33mhappy-sweep-180[0m at: [34mhttps://wandb.ai/mk8737-new-york-university/rl_pretrain_hp_sweeps/runs/wrnmj2mq[0m
[1;34mwandb[0m: Find logs at: [1;35mwandb/run-20251006_144220-wrnmj2mq/logs[0m
Agent finished.
