Waiting for sweep ID...
Found Sweep ID: be12np04
Starting wandb agent for sweep be12np04...
TRAINING DEVICE: cpu
Run Name: GCN_global_hp_sweep_be12np04-sx2engan
finidhed preparing data
Loading dataset from pretrain_dataset_12.5k_fixed_duplicates.pkl
Loaded 412712 data objects.
finished preparing data
Epoch 1/1000, Train Loss: 6.4333, Validation Loss: 4.5445
Epoch 2/1000, Train Loss: 1.8521, Validation Loss: 5.3381
Epoch 3/1000, Train Loss: 4.6327, Validation Loss: 2.7699
Epoch 4/1000, Train Loss: 1.6285, Validation Loss: 2.2181
Epoch 5/1000, Train Loss: 2.8864, Validation Loss: 6.1606
Epoch 6/1000, Train Loss: 1.4838, Validation Loss: 2.2592
Epoch 7/1000, Train Loss: 11.1403, Validation Loss: 3.0320
Epoch 8/1000, Train Loss: 1.2868, Validation Loss: 3.6988
Epoch 9/1000, Train Loss: 1.9851, Validation Loss: 2.5956
Epoch 10/1000, Train Loss: 1.3499, Validation Loss: 4.4272
Epoch 11/1000, Train Loss: 35.8232, Validation Loss: 1.3899
Epoch 12/1000, Train Loss: 181.4321, Validation Loss: 615.0397
Epoch 13/1000, Train Loss: 132.2595, Validation Loss: 3.7105
Epoch 14/1000, Train Loss: 1.7872, Validation Loss: 2.5022
Epoch 15/1000, Train Loss: 2.5180, Validation Loss: 1.2278
Epoch 16/1000, Train Loss: 1.3808, Validation Loss: 1.8254
Epoch 17/1000, Train Loss: 65.3154, Validation Loss: 1.3532
Epoch 18/1000, Train Loss: 1.2177, Validation Loss: 10.1481
Epoch 19/1000, Train Loss: 1.1062, Validation Loss: 1.2704
Epoch 20/1000, Train Loss: 4.0574, Validation Loss: 2.0200
Epoch 21/1000, Train Loss: 1.8583, Validation Loss: 8.8510
Epoch 22/1000, Train Loss: 1.2718, Validation Loss: 1.6740
Epoch 23/1000, Train Loss: 1.1557, Validation Loss: 1.6610
Epoch 24/1000, Train Loss: 1.2455, Validation Loss: 2.2934
Epoch 25/1000, Train Loss: 244.7252, Validation Loss: 1.7945
Epoch 26/1000, Train Loss: 1.8826, Validation Loss: 328374.3101
Epoch 27/1000, Train Loss: 2.7572, Validation Loss: 2.1044
Epoch 28/1000, Train Loss: 1.2315, Validation Loss: 5.9959
Epoch 29/1000, Train Loss: 10.9773, Validation Loss: 3.1012
Epoch 30/1000, Train Loss: 1.2568, Validation Loss: 3.7210
Epoch 31/1000, Train Loss: 4.9872, Validation Loss: 3.1676
Epoch 32/1000, Train Loss: 1.7682, Validation Loss: 3.3211
Epoch 33/1000, Train Loss: 1.2147, Validation Loss: 5.6414
Epoch 34/1000, Train Loss: 1.2413, Validation Loss: 3.8935
Epoch 35/1000, Train Loss: 2.1604, Validation Loss: 10.9698
Epoch 36/1000, Train Loss: 2.5389, Validation Loss: 6.9725
Epoch 37/1000, Train Loss: 2.4786, Validation Loss: 3.2182
Epoch 38/1000, Train Loss: 1.4427, Validation Loss: 1.7305
Epoch 39/1000, Train Loss: 3.7676, Validation Loss: 7.5973
Epoch 40/1000, Train Loss: 1.1193, Validation Loss: 1.9246
Epoch 41/1000, Train Loss: 1.2251, Validation Loss: 5.2604
Epoch 42/1000, Train Loss: 1.8487, Validation Loss: 2.3758
Epoch 43/1000, Train Loss: 1.1274, Validation Loss: 1.2335
Epoch 44/1000, Train Loss: 1.4809, Validation Loss: 3.2157
Epoch 45/1000, Train Loss: 1.1562, Validation Loss: 2.4943
Epoch 46/1000, Train Loss: 2042.1399, Validation Loss: 5.1203
Epoch 47/1000, Train Loss: 32.7673, Validation Loss: 7.4308
Epoch 48/1000, Train Loss: 1.2041, Validation Loss: 4.9523
Epoch 49/1000, Train Loss: 1.1810, Validation Loss: 2.6888
Epoch 50/1000, Train Loss: 1.3076, Validation Loss: 1.9040
Epoch 51/1000, Train Loss: 1.4406, Validation Loss: 2.1467
Epoch 52/1000, Train Loss: 1.1730, Validation Loss: 2.7933
Epoch 53/1000, Train Loss: 1.2851, Validation Loss: 8.8821
Epoch 54/1000, Train Loss: 3.4907, Validation Loss: 1.1944
Epoch 55/1000, Train Loss: 1.0703, Validation Loss: 7.4491
Epoch 56/1000, Train Loss: 1.6144, Validation Loss: 4.3711
Epoch 57/1000, Train Loss: 1.5343, Validation Loss: 1.1409
Epoch 58/1000, Train Loss: 10.1434, Validation Loss: 4.0081
Epoch 59/1000, Train Loss: 1.1665, Validation Loss: 2.4794
Epoch 60/1000, Train Loss: 2282.5411, Validation Loss: 7.0522
Epoch 61/1000, Train Loss: 1.1652, Validation Loss: 5.4961
Epoch 62/1000, Train Loss: 1.0573, Validation Loss: 12.5878
Epoch 63/1000, Train Loss: 36.4945, Validation Loss: 2.5931
Epoch 64/1000, Train Loss: 1.2015, Validation Loss: 29.2905
Epoch 65/1000, Train Loss: 2.1659, Validation Loss: 2.7659
Epoch 66/1000, Train Loss: 1.1653, Validation Loss: 1.7214
Epoch 67/1000, Train Loss: 1.1858, Validation Loss: 4.7193
Epoch 68/1000, Train Loss: 1.1949, Validation Loss: 2802.9569
Epoch 69/1000, Train Loss: 1.0249, Validation Loss: 1.1951
Epoch 70/1000, Train Loss: 2.0666, Validation Loss: 3.8412
Epoch 71/1000, Train Loss: 1.3212, Validation Loss: 4.7634
Epoch 72/1000, Train Loss: 1.2066, Validation Loss: 2.5760
Epoch 73/1000, Train Loss: 32.2111, Validation Loss: 1.2457
Epoch 74/1000, Train Loss: 1.0515, Validation Loss: 2.2295
Epoch 75/1000, Train Loss: 1.2439, Validation Loss: 0.9030
Epoch 76/1000, Train Loss: 1.4462, Validation Loss: 3.3105
Epoch 77/1000, Train Loss: 2.0973, Validation Loss: 2.4772
Epoch 78/1000, Train Loss: 2.5478, Validation Loss: 15.4829
Epoch 79/1000, Train Loss: 1.0448, Validation Loss: 2.1886
Epoch 80/1000, Train Loss: 3.1689, Validation Loss: 0.9368
Epoch 81/1000, Train Loss: 1.1549, Validation Loss: 3.6178
Epoch 82/1000, Train Loss: 1.2965, Validation Loss: 1.9785
Epoch 83/1000, Train Loss: 1.0018, Validation Loss: 2.8775
Epoch 84/1000, Train Loss: 1.1325, Validation Loss: 1.1134
Epoch 85/1000, Train Loss: 1.0777, Validation Loss: 2.9469
Epoch 86/1000, Train Loss: 1.1110, Validation Loss: 7.4068
Epoch 87/1000, Train Loss: 1.2872, Validation Loss: 3.8457
Epoch 88/1000, Train Loss: 541.8584, Validation Loss: 6.4485
Epoch 89/1000, Train Loss: 285.4895, Validation Loss: 0.9894
Epoch 90/1000, Train Loss: 1.0496, Validation Loss: 3.7905
Epoch 91/1000, Train Loss: 8.6826, Validation Loss: 1.0250
Epoch 92/1000, Train Loss: 1.1441, Validation Loss: 1.3202
Epoch 93/1000, Train Loss: 1.0674, Validation Loss: 4.8388
Epoch 94/1000, Train Loss: 8.4094, Validation Loss: 7.0236
Epoch 95/1000, Train Loss: 1.0513, Validation Loss: 201.3124
Epoch 96/1000, Train Loss: 9.5033, Validation Loss: 1.4230
Epoch 97/1000, Train Loss: 2.7754, Validation Loss: 3.1389
Epoch 98/1000, Train Loss: 3.0228, Validation Loss: 2.7127
Epoch 99/1000, Train Loss: 1.7420, Validation Loss: 2.8541
Epoch 100/1000, Train Loss: 22.9798, Validation Loss: 1.6477
Epoch 101/1000, Train Loss: 1.0224, Validation Loss: 6.0093
Epoch 102/1000, Train Loss: 1.1938, Validation Loss: 2.8908
Epoch 103/1000, Train Loss: 1.0015, Validation Loss: 4.6251
Epoch 104/1000, Train Loss: 17.1604, Validation Loss: 2.6084
Epoch 105/1000, Train Loss: 1.0418, Validation Loss: 2.6009
Epoch 106/1000, Train Loss: 6481.4241, Validation Loss: 4.2332
Epoch 107/1000, Train Loss: 6.7985, Validation Loss: 2.0486
Epoch 108/1000, Train Loss: 1.0732, Validation Loss: 3.2610
Epoch 109/1000, Train Loss: 1.2160, Validation Loss: 1.1423
Epoch 110/1000, Train Loss: 54.5779, Validation Loss: 3.1890
Epoch 111/1000, Train Loss: 1.0821, Validation Loss: 1.1001
Epoch 112/1000, Train Loss: 18.6675, Validation Loss: 4.4684
Epoch 113/1000, Train Loss: 3.6576, Validation Loss: 1.2386
Epoch 114/1000, Train Loss: 1.0354, Validation Loss: 3.4390
Epoch 115/1000, Train Loss: 1.0737, Validation Loss: 1.1181
Epoch 116/1000, Train Loss: 1.2313, Validation Loss: 1.4172
Epoch 117/1000, Train Loss: 1.9059, Validation Loss: 3.0621
Epoch 118/1000, Train Loss: 13.9939, Validation Loss: 4.6437
Epoch 119/1000, Train Loss: 1.0684, Validation Loss: 6.8826
Epoch 120/1000, Train Loss: 2.2311, Validation Loss: 3.5581
Epoch 121/1000, Train Loss: 1.2816, Validation Loss: 2.8379
Epoch 122/1000, Train Loss: 1.9432, Validation Loss: 2.4541
Epoch 123/1000, Train Loss: 1.0298, Validation Loss: 2.9328
Epoch 124/1000, Train Loss: 1.7453, Validation Loss: 3.1293
Epoch 125/1000, Train Loss: 1.1640, Validation Loss: 1.1420
Epoch 126/1000, Train Loss: 7.4327, Validation Loss: 2.0888
Epoch 127/1000, Train Loss: 1.0845, Validation Loss: 1.2887
Epoch 128/1000, Train Loss: 18.0919, Validation Loss: 4.5465
Epoch 129/1000, Train Loss: 1.1067, Validation Loss: 1.8465
Epoch 130/1000, Train Loss: 1.1947, Validation Loss: 1.7013
Epoch 131/1000, Train Loss: 1.4505, Validation Loss: 2.4310
Epoch 132/1000, Train Loss: 1.1770, Validation Loss: 2.2697
Epoch 133/1000, Train Loss: 1.3362, Validation Loss: 3.4997
Epoch 134/1000, Train Loss: 1.0464, Validation Loss: 0.8198
Epoch 135/1000, Train Loss: 1.4953, Validation Loss: 1.1503
Epoch 136/1000, Train Loss: 1.2547, Validation Loss: 1.1965
Epoch 137/1000, Train Loss: 1.3416, Validation Loss: 4.9447
Epoch 138/1000, Train Loss: 1.0766, Validation Loss: 1.5764
Epoch 139/1000, Train Loss: 4.7491, Validation Loss: 2.0379
Epoch 140/1000, Train Loss: 1.1565, Validation Loss: 3.0021
Epoch 141/1000, Train Loss: 1.0975, Validation Loss: 2.4123
Epoch 142/1000, Train Loss: 1.0548, Validation Loss: 3.1195
Epoch 143/1000, Train Loss: 1.7633, Validation Loss: 2.5449
Epoch 144/1000, Train Loss: 1.2255, Validation Loss: 1.0304
Epoch 145/1000, Train Loss: 1.0392, Validation Loss: 8.1540
Epoch 146/1000, Train Loss: 2.3614, Validation Loss: 1.8984
Epoch 147/1000, Train Loss: 1.6917, Validation Loss: 1.9348
Epoch 148/1000, Train Loss: 1.1804, Validation Loss: 10.6433
Epoch 149/1000, Train Loss: 2.0725, Validation Loss: 1.6841
Epoch 150/1000, Train Loss: 1.1030, Validation Loss: 16.4777
Epoch 151/1000, Train Loss: 1.5058, Validation Loss: 3.6090
Epoch 152/1000, Train Loss: 2.4704, Validation Loss: 4.0250
Epoch 153/1000, Train Loss: 1.0559, Validation Loss: 1.0339
Epoch 154/1000, Train Loss: 1.1070, Validation Loss: 2.1118
Epoch 155/1000, Train Loss: 1.5195, Validation Loss: 1.5880
Epoch 156/1000, Train Loss: 48.3449, Validation Loss: 3.8139
Epoch 157/1000, Train Loss: 1.2714, Validation Loss: 2.7662
Epoch 158/1000, Train Loss: 1.1895, Validation Loss: 4.6778
Epoch 159/1000, Train Loss: 7.5247, Validation Loss: 2.0044
Epoch 160/1000, Train Loss: 1.1599, Validation Loss: 4.0766
Epoch 161/1000, Train Loss: 3.7673, Validation Loss: 3.2645
Epoch 162/1000, Train Loss: 1.4349, Validation Loss: 1.1194
Epoch 163/1000, Train Loss: 2.1863, Validation Loss: 1.2225
Epoch 164/1000, Train Loss: 1.0155, Validation Loss: 1.7882
Epoch 165/1000, Train Loss: 1.4389, Validation Loss: 4.9872
Epoch 166/1000, Train Loss: 1.0704, Validation Loss: 5.0763
Epoch 167/1000, Train Loss: 1.0367, Validation Loss: 5.1524
Epoch 168/1000, Train Loss: 1.5522, Validation Loss: 1.5834
Epoch 169/1000, Train Loss: 1.4296, Validation Loss: 7.6452
Epoch 170/1000, Train Loss: 13.6901, Validation Loss: 6.3885
Epoch 171/1000, Train Loss: 1.0950, Validation Loss: 6.0336
Epoch 172/1000, Train Loss: 1.0312, Validation Loss: 5.6614
Epoch 173/1000, Train Loss: 1.5316, Validation Loss: 1.9703
Epoch 174/1000, Train Loss: 1.0958, Validation Loss: 5.3061
Epoch 175/1000, Train Loss: 1.4550, Validation Loss: 4.2559
Epoch 176/1000, Train Loss: 1.1057, Validation Loss: 19.2288
Epoch 177/1000, Train Loss: 1.1848, Validation Loss: 1.5590
Epoch 178/1000, Train Loss: 3.5908, Validation Loss: 1.4713
Epoch 179/1000, Train Loss: 1.0738, Validation Loss: 13.1350
Epoch 180/1000, Train Loss: 1.0594, Validation Loss: 3.6319
Epoch 181/1000, Train Loss: 36.4437, Validation Loss: 2.7877
Epoch 182/1000, Train Loss: 1.7367, Validation Loss: 2.6785
Epoch 183/1000, Train Loss: 1.2330, Validation Loss: 24.1788
Epoch 184/1000, Train Loss: 1.0811, Validation Loss: 5.3804
Epoch 185/1000, Train Loss: 1.3281, Validation Loss: 2.7894
Epoch 186/1000, Train Loss: 1.2151, Validation Loss: 1.0842
Epoch 187/1000, Train Loss: 6113.6920, Validation Loss: 4.6376
Epoch 188/1000, Train Loss: 1.0184, Validation Loss: 1.7915
Epoch 189/1000, Train Loss: 27.8130, Validation Loss: 3.1693
Epoch 190/1000, Train Loss: 45459.6641, Validation Loss: 6.7506
Epoch 191/1000, Train Loss: 1.0360, Validation Loss: 1.2808
Epoch 192/1000, Train Loss: 1.0146, Validation Loss: 5.1649
Epoch 193/1000, Train Loss: 1.4088, Validation Loss: 7.7030
Epoch 194/1000, Train Loss: 2.9768, Validation Loss: 5.0680
Epoch 195/1000, Train Loss: 1.1577, Validation Loss: 1.3835
Epoch 196/1000, Train Loss: 1.1257, Validation Loss: 4.3855
Epoch 197/1000, Train Loss: 2.0618, Validation Loss: 2.6797
Epoch 198/1000, Train Loss: 1.6651, Validation Loss: 1.5820
Epoch 199/1000, Train Loss: 1.0552, Validation Loss: 1.1846
Epoch 200/1000, Train Loss: 538.9259, Validation Loss: 10.2841
Epoch 201/1000, Train Loss: 1.1631, Validation Loss: 5.3495
Epoch 202/1000, Train Loss: 2.4899, Validation Loss: 3.2880
Epoch 203/1000, Train Loss: 1.0412, Validation Loss: 18.0869
Epoch 204/1000, Train Loss: 3.4625, Validation Loss: 1.3704
Epoch 205/1000, Train Loss: 1.0840, Validation Loss: 5.2203
Epoch 206/1000, Train Loss: 13.0000, Validation Loss: 1.6445
Epoch 207/1000, Train Loss: 1.0601, Validation Loss: 5.5306
Epoch 208/1000, Train Loss: 1.3468, Validation Loss: 3.5093
Epoch 209/1000, Train Loss: 1.0741, Validation Loss: 1.8433
Epoch 210/1000, Train Loss: 2.8692, Validation Loss: 2.8137
Epoch 211/1000, Train Loss: 11.0342, Validation Loss: 1.6492
Epoch 212/1000, Train Loss: 2.0932, Validation Loss: 1.1147
Epoch 213/1000, Train Loss: 1.0397, Validation Loss: 29.1184
Epoch 214/1000, Train Loss: 20.2483, Validation Loss: 1.4800
Epoch 215/1000, Train Loss: 1.3515, Validation Loss: 16.8450
Epoch 216/1000, Train Loss: 1.0381, Validation Loss: 5.8284
Epoch 217/1000, Train Loss: 2.7344, Validation Loss: 2.5944
Epoch 218/1000, Train Loss: 0.9756, Validation Loss: 2.8987
Epoch 219/1000, Train Loss: 176.7046, Validation Loss: 1.1067
Epoch 220/1000, Train Loss: 91.8453, Validation Loss: 7.7360
Epoch 221/1000, Train Loss: 1.4453, Validation Loss: 3.5477
Epoch 222/1000, Train Loss: 1.0740, Validation Loss: 7.0212
Epoch 223/1000, Train Loss: 1.2983, Validation Loss: 6.9518
Epoch 224/1000, Train Loss: 1.0047, Validation Loss: 5.3343
Epoch 225/1000, Train Loss: 9.6145, Validation Loss: 2.3856
Epoch 226/1000, Train Loss: 18.0279, Validation Loss: 5.4759
Epoch 227/1000, Train Loss: 1.1425, Validation Loss: 3.8628
Epoch 228/1000, Train Loss: 0.9925, Validation Loss: 2.7650
Epoch 229/1000, Train Loss: 1.0813, Validation Loss: 0.9079
Epoch 230/1000, Train Loss: 543.8973, Validation Loss: 1.1928
Epoch 231/1000, Train Loss: 1.1934, Validation Loss: 1.2149
Epoch 232/1000, Train Loss: 1.0863, Validation Loss: 16.1058
Epoch 233/1000, Train Loss: 5.6906, Validation Loss: 1.8281
Epoch 234/1000, Train Loss: 1.0852, Validation Loss: 2.5476
Epoch 235/1000, Train Loss: 26.3592, Validation Loss: 3.8339
Epoch 236/1000, Train Loss: 1.0044, Validation Loss: 1.2763
Epoch 237/1000, Train Loss: 6.8630, Validation Loss: 6.0698
Epoch 238/1000, Train Loss: 6.3053, Validation Loss: 6.0713
Epoch 239/1000, Train Loss: 13.5934, Validation Loss: 6.0868
Epoch 240/1000, Train Loss: 9.9631, Validation Loss: 6.0797
Epoch 241/1000, Train Loss: 8.3909, Validation Loss: 6.0907
Epoch 242/1000, Train Loss: 8.3836, Validation Loss: 6.0711
Epoch 243/1000, Train Loss: 6.2653, Validation Loss: 6.0934
Epoch 244/1000, Train Loss: 34750.4656, Validation Loss: 6.1156
Epoch 245/1000, Train Loss: 6.3775, Validation Loss: 6.0690
Epoch 246/1000, Train Loss: 530.7563, Validation Loss: 6.1343
Epoch 247/1000, Train Loss: 18156.0041, Validation Loss: 43260.8191
Epoch 248/1000, Train Loss: 423.6254, Validation Loss: 6.0996
Epoch 249/1000, Train Loss: 11.9228, Validation Loss: 6.0689
Epoch 250/1000, Train Loss: 6.2668, Validation Loss: 6.4119
Epoch 251/1000, Train Loss: 6.2871, Validation Loss: 6.2617
Epoch 252/1000, Train Loss: 1767.7858, Validation Loss: 6.4866
Epoch 253/1000, Train Loss: 6.2402, Validation Loss: 6.6723
Epoch 254/1000, Train Loss: 7.2032, Validation Loss: 6.0754
Epoch 255/1000, Train Loss: 6.3514, Validation Loss: 6.1534
Epoch 256/1000, Train Loss: 6.2502, Validation Loss: 6.0769
Epoch 257/1000, Train Loss: 7.1441, Validation Loss: 6.1115
Epoch 258/1000, Train Loss: 13.9680, Validation Loss: 6.1290
Epoch 259/1000, Train Loss: 6.2911, Validation Loss: 6.0697
Epoch 260/1000, Train Loss: 101.1130, Validation Loss: 6.2064
Epoch 261/1000, Train Loss: 6.2429, Validation Loss: 6.1385
Epoch 262/1000, Train Loss: 13.3522, Validation Loss: 6.1638
Epoch 263/1000, Train Loss: 6.9051, Validation Loss: 6.1342
Epoch 264/1000, Train Loss: 6.4529, Validation Loss: 6.1337
Epoch 265/1000, Train Loss: 6.6245, Validation Loss: 6.0915
Epoch 266/1000, Train Loss: 7.0487, Validation Loss: 6.0777
Epoch 267/1000, Train Loss: 6.3930, Validation Loss: 6.1574
Epoch 268/1000, Train Loss: 52.1813, Validation Loss: 6.1807
Epoch 269/1000, Train Loss: 912.1336, Validation Loss: 6.2037
Epoch 270/1000, Train Loss: 6.3976, Validation Loss: 6.3067
Epoch 271/1000, Train Loss: 8.3076, Validation Loss: 6.2065
Epoch 272/1000, Train Loss: 7.7263, Validation Loss: 6.1188
Epoch 273/1000, Train Loss: 113.6696, Validation Loss: 6.1662
Epoch 274/1000, Train Loss: 6.9568, Validation Loss: 6.0912
Epoch 275/1000, Train Loss: 6.3240, Validation Loss: 6.0827
Epoch 276/1000, Train Loss: 6.2600, Validation Loss: 6.0860
Epoch 277/1000, Train Loss: 44.0723, Validation Loss: 6.2300
Epoch 278/1000, Train Loss: 40.2029, Validation Loss: 6.1208
Epoch 279/1000, Train Loss: 6.2658, Validation Loss: 6.0717
Epoch 280/1000, Train Loss: 6.4662, Validation Loss: 6.2420
Epoch 281/1000, Train Loss: 32.8310, Validation Loss: 266.6819
Epoch 282/1000, Train Loss: 6.3576, Validation Loss: 6.2752
Epoch 283/1000, Train Loss: 7.3453, Validation Loss: 6.5314
Epoch 284/1000, Train Loss: 17.5484, Validation Loss: 6.3862
Epoch 285/1000, Train Loss: 6.2295, Validation Loss: 6.0965
Epoch 286/1000, Train Loss: 6.2894, Validation Loss: 6.2848
Epoch 287/1000, Train Loss: 17.3096, Validation Loss: 6.3517
Epoch 288/1000, Train Loss: 9.3821, Validation Loss: 6.4677
Epoch 289/1000, Train Loss: 6.3848, Validation Loss: 6.7822
Epoch 290/1000, Train Loss: 7.5376, Validation Loss: 6.0717
Epoch 291/1000, Train Loss: 44.2006, Validation Loss: 6.1599
Epoch 292/1000, Train Loss: 7.7200, Validation Loss: 6.2281
Epoch 293/1000, Train Loss: 7.0005, Validation Loss: 6.1022
Epoch 294/1000, Train Loss: 8.2807, Validation Loss: 6.7338
Epoch 295/1000, Train Loss: 14.9062, Validation Loss: 6.1718
Epoch 296/1000, Train Loss: 27.0195, Validation Loss: 6.0798
Epoch 297/1000, Train Loss: 6.6880, Validation Loss: 6.1800
Epoch 298/1000, Train Loss: 6.5808, Validation Loss: 6.2524
Epoch 299/1000, Train Loss: 12.2048, Validation Loss: 6.6902
Epoch 300/1000, Train Loss: 20.6606, Validation Loss: 6.0744
Epoch 301/1000, Train Loss: 6.2594, Validation Loss: 6.3035
Epoch 302/1000, Train Loss: 6.3212, Validation Loss: 6.1396
Epoch 303/1000, Train Loss: 23.1754, Validation Loss: 6.1020
Epoch 304/1000, Train Loss: 86.8745, Validation Loss: 6.0821
Epoch 305/1000, Train Loss: 6.2899, Validation Loss: 6.1706
Epoch 306/1000, Train Loss: 6.2350, Validation Loss: 6.6034
Epoch 307/1000, Train Loss: 28.3143, Validation Loss: 1.7681
Epoch 308/1000, Train Loss: 1.7299, Validation Loss: 2.5133
Epoch 309/1000, Train Loss: 1.5807, Validation Loss: 3.1795
Epoch 310/1000, Train Loss: 1.5074, Validation Loss: 6.4908
Epoch 311/1000, Train Loss: 1.5345, Validation Loss: 2.3188
Epoch 312/1000, Train Loss: 1.5449, Validation Loss: 1.8691
Epoch 313/1000, Train Loss: 569.9006, Validation Loss: 5.3549
Epoch 314/1000, Train Loss: 1.4241, Validation Loss: 3.5132
Epoch 315/1000, Train Loss: 1.4092, Validation Loss: 1.2028
Epoch 316/1000, Train Loss: 1.9621, Validation Loss: 3.1882
Epoch 317/1000, Train Loss: 2.3413, Validation Loss: 2.3102
Epoch 318/1000, Train Loss: 1.3512, Validation Loss: 1.2538
Epoch 319/1000, Train Loss: 3.0663, Validation Loss: 6.2040
Epoch 320/1000, Train Loss: 6.2669, Validation Loss: 6.0985
Epoch 321/1000, Train Loss: 6.4046, Validation Loss: 6.0768
Epoch 322/1000, Train Loss: 6.3330, Validation Loss: 6.1054
Epoch 323/1000, Train Loss: 36.0542, Validation Loss: 6.1602
Epoch 324/1000, Train Loss: 74.1179, Validation Loss: 6.0705
Epoch 325/1000, Train Loss: 89.5183, Validation Loss: 6.2511
Epoch 326/1000, Train Loss: 52.8864, Validation Loss: 6.6413
Epoch 327/1000, Train Loss: 9.2429, Validation Loss: 6.0736
Epoch 328/1000, Train Loss: 655.0012, Validation Loss: 6.3086
Epoch 329/1000, Train Loss: 6.2270, Validation Loss: 6.0877
Epoch 330/1000, Train Loss: 6.2868, Validation Loss: 6.1597
Epoch 331/1000, Train Loss: 7.9812, Validation Loss: 6.2626
Epoch 332/1000, Train Loss: 6.2286, Validation Loss: 6.1216
Epoch 333/1000, Train Loss: 9.2003, Validation Loss: 6.1326
Epoch 334/1000, Train Loss: 1166.1035, Validation Loss: 6.0714
Epoch 335/1000, Train Loss: 9.5698, Validation Loss: 6.0943
Epoch 336/1000, Train Loss: 6.2888, Validation Loss: 6.0863
Epoch 337/1000, Train Loss: 2091.5919, Validation Loss: 6.0943
Epoch 338/1000, Train Loss: 9.7484, Validation Loss: 6.4423
Epoch 339/1000, Train Loss: 6.6147, Validation Loss: 6.0766
Epoch 340/1000, Train Loss: 7.7480, Validation Loss: 6.2584
Epoch 341/1000, Train Loss: 7.1253, Validation Loss: 6.1132
Epoch 342/1000, Train Loss: 42.5669, Validation Loss: 6.8898
Epoch 343/1000, Train Loss: 6.2738, Validation Loss: 6.1007
Epoch 344/1000, Train Loss: 197.3955, Validation Loss: 6.0810
Epoch 345/1000, Train Loss: 6.2995, Validation Loss: 6.3046
Epoch 346/1000, Train Loss: 6.3323, Validation Loss: 6.3972
Epoch 347/1000, Train Loss: 2618.6156, Validation Loss: 6.0938
Epoch 348/1000, Train Loss: 6.3112, Validation Loss: 6.2558
Epoch 349/1000, Train Loss: 8.2897, Validation Loss: 6.0690
Epoch 350/1000, Train Loss: 8.1195, Validation Loss: 6.2653
Epoch 351/1000, Train Loss: 132.3504, Validation Loss: 6.0740
Epoch 352/1000, Train Loss: 9.3144, Validation Loss: 6.1693
Epoch 353/1000, Train Loss: 3363.3977, Validation Loss: 2778.1344
Epoch 354/1000, Train Loss: 22.3218, Validation Loss: 6.4433
Epoch 355/1000, Train Loss: 14.1239, Validation Loss: 6.0851
Epoch 356/1000, Train Loss: 10.6695, Validation Loss: 6.1164
Epoch 357/1000, Train Loss: 6.2200, Validation Loss: 6.1602
Epoch 358/1000, Train Loss: 23.5358, Validation Loss: 6.0693
Epoch 359/1000, Train Loss: 6.3832, Validation Loss: 6.0987
Epoch 360/1000, Train Loss: 13.8961, Validation Loss: 6.0752
Epoch 361/1000, Train Loss: 6.2822, Validation Loss: 6.1525
Epoch 362/1000, Train Loss: 12.5197, Validation Loss: 6.0687
Epoch 363/1000, Train Loss: 6.8880, Validation Loss: 6.2251
Epoch 364/1000, Train Loss: 6.2259, Validation Loss: 6.1649
Epoch 365/1000, Train Loss: 6.2296, Validation Loss: 6.0723
Epoch 366/1000, Train Loss: 12.0589, Validation Loss: 6.8696
Epoch 367/1000, Train Loss: 6.2775, Validation Loss: 6.0700
Epoch 368/1000, Train Loss: 7.7194, Validation Loss: 6.3532
Epoch 369/1000, Train Loss: 7.1032, Validation Loss: 6.1324
Epoch 370/1000, Train Loss: 8.7182, Validation Loss: 6.0762
Epoch 371/1000, Train Loss: 6.2418, Validation Loss: 6.0952
Epoch 372/1000, Train Loss: 6.7277, Validation Loss: 6.3734
Epoch 373/1000, Train Loss: 7.6633, Validation Loss: 6.1568
Epoch 374/1000, Train Loss: 6.3888, Validation Loss: 6.2582
Epoch 375/1000, Train Loss: 7.6281, Validation Loss: 6.1984
Epoch 376/1000, Train Loss: 193.9034, Validation Loss: 6.0755
Epoch 377/1000, Train Loss: 6.3456, Validation Loss: 6.6927
Epoch 378/1000, Train Loss: 6.7299, Validation Loss: 6.0893
Epoch 379/1000, Train Loss: 14.9685, Validation Loss: 6.2894
Epoch 380/1000, Train Loss: 713.2809, Validation Loss: 6.0743
Epoch 381/1000, Train Loss: 6.2801, Validation Loss: 6.2118
Epoch 382/1000, Train Loss: 6.9870, Validation Loss: 6.0700
Epoch 383/1000, Train Loss: 6.4753, Validation Loss: 6.1812
Epoch 384/1000, Train Loss: 6.2583, Validation Loss: 6.4868
Epoch 385/1000, Train Loss: 7.3955, Validation Loss: 6.1951
Epoch 386/1000, Train Loss: 26.4258, Validation Loss: 6.1031
Epoch 387/1000, Train Loss: 9.3911, Validation Loss: 6.2360
Epoch 388/1000, Train Loss: 7.7009, Validation Loss: 6.1408
Epoch 389/1000, Train Loss: 9.8022, Validation Loss: 6.1509
Epoch 390/1000, Train Loss: 6.8890, Validation Loss: 6.4716
Epoch 391/1000, Train Loss: 8.1801, Validation Loss: 6.0688
Epoch 392/1000, Train Loss: 6.2307, Validation Loss: 6.0691
Epoch 393/1000, Train Loss: 3.9043, Validation Loss: 5.5359
Epoch 394/1000, Train Loss: 1.8914, Validation Loss: 6.9930
Epoch 395/1000, Train Loss: 1.7775, Validation Loss: 1.6283
Epoch 396/1000, Train Loss: 1.5336, Validation Loss: 1.5173
Epoch 397/1000, Train Loss: 12.4176, Validation Loss: 5.5543
Epoch 398/1000, Train Loss: 1.4435, Validation Loss: 2.8549
Epoch 399/1000, Train Loss: 1.3311, Validation Loss: 1.7746
Epoch 400/1000, Train Loss: 8.6878, Validation Loss: 1.3972
Epoch 401/1000, Train Loss: 1.3052, Validation Loss: 1.9015
Epoch 402/1000, Train Loss: 1.4175, Validation Loss: 1.4999
Epoch 403/1000, Train Loss: 1.3514, Validation Loss: 2.3262
Epoch 404/1000, Train Loss: 1.4267, Validation Loss: 2.5031
Epoch 405/1000, Train Loss: 1.2718, Validation Loss: 4.9926
Epoch 406/1000, Train Loss: 1.2854, Validation Loss: 1.8308
Epoch 407/1000, Train Loss: 1.4240, Validation Loss: 4.4148
Epoch 408/1000, Train Loss: 1.5009, Validation Loss: 3.2381
Epoch 409/1000, Train Loss: 21.7148, Validation Loss: 5.1117
Epoch 410/1000, Train Loss: 1.2360, Validation Loss: 2.6237
Epoch 411/1000, Train Loss: 1.2209, Validation Loss: 5.3040
Epoch 412/1000, Train Loss: 22.6594, Validation Loss: 1.2998
Epoch 413/1000, Train Loss: 1.6606, Validation Loss: 6.0469
Epoch 414/1000, Train Loss: 1.2098, Validation Loss: 2.6589
Epoch 415/1000, Train Loss: 11.5333, Validation Loss: 1.2561
Epoch 416/1000, Train Loss: 1.2659, Validation Loss: 4.0888
Epoch 417/1000, Train Loss: 1.3059, Validation Loss: 6.7372
Epoch 418/1000, Train Loss: 47.0138, Validation Loss: 1.5284
Epoch 419/1000, Train Loss: 1.2253, Validation Loss: 1.3939
Epoch 420/1000, Train Loss: 1.2377, Validation Loss: 5.5914
Epoch 421/1000, Train Loss: 138.3867, Validation Loss: 1.2623
Epoch 422/1000, Train Loss: 1.1685, Validation Loss: 1.2300
Epoch 423/1000, Train Loss: 1.1788, Validation Loss: 1.8952
Epoch 424/1000, Train Loss: 16237.7135, Validation Loss: 1.6289
Epoch 425/1000, Train Loss: 1.2185, Validation Loss: 1.5549
Epoch 426/1000, Train Loss: 1.2984, Validation Loss: 2.0962
Epoch 427/1000, Train Loss: 3.1073, Validation Loss: 2.6953
Epoch 428/1000, Train Loss: 1.1893, Validation Loss: 5.6502
Epoch 429/1000, Train Loss: 10.5191, Validation Loss: 4.6531
Epoch 430/1000, Train Loss: 1.5312, Validation Loss: 1.9911
Epoch 431/1000, Train Loss: 1.1692, Validation Loss: 4.2526
Epoch 432/1000, Train Loss: 1.1987, Validation Loss: 2.9348
Epoch 433/1000, Train Loss: 1.4825, Validation Loss: 2.1494
Epoch 434/1000, Train Loss: 1.1585, Validation Loss: 2.6397
Epoch 435/1000, Train Loss: 2.2548, Validation Loss: 6.0984
Epoch 436/1000, Train Loss: 15.7459, Validation Loss: 5.6755
Epoch 437/1000, Train Loss: 1.1536, Validation Loss: 8.5092
Epoch 438/1000, Train Loss: 27.0555, Validation Loss: 2.8315
Epoch 439/1000, Train Loss: 1.1829, Validation Loss: 6.7377
Epoch 440/1000, Train Loss: 1.2076, Validation Loss: 5.8475
Epoch 441/1000, Train Loss: 1.6783, Validation Loss: 2.3170
Epoch 442/1000, Train Loss: 1.4346, Validation Loss: 2.0928
Epoch 443/1000, Train Loss: 2.5888, Validation Loss: 4.6887
Epoch 444/1000, Train Loss: 1.1710, Validation Loss: 5.6041
Epoch 445/1000, Train Loss: 1.1453, Validation Loss: 4.1854
Epoch 446/1000, Train Loss: 1.1882, Validation Loss: 7.1226
Epoch 447/1000, Train Loss: 3.2955, Validation Loss: 3.6410
Epoch 448/1000, Train Loss: 203.6719, Validation Loss: 0.9451
Epoch 449/1000, Train Loss: 1.1210, Validation Loss: 5.4132
Epoch 450/1000, Train Loss: 1.5249, Validation Loss: 2.5928
Epoch 451/1000, Train Loss: 55.3431, Validation Loss: 6.1116
Epoch 452/1000, Train Loss: 1.1690, Validation Loss: 1.4349
Epoch 453/1000, Train Loss: 1.1191, Validation Loss: 3.8866
Epoch 454/1000, Train Loss: 1.3858, Validation Loss: 1.8852
Epoch 455/1000, Train Loss: 1.1862, Validation Loss: 2.6153
Epoch 456/1000, Train Loss: 1.5871, Validation Loss: 5.0282
Epoch 457/1000, Train Loss: 1.1606, Validation Loss: 7.4492
Epoch 458/1000, Train Loss: 1.1258, Validation Loss: 0.9276
Epoch 459/1000, Train Loss: 723.4332, Validation Loss: 3.9352
Epoch 460/1000, Train Loss: 2.1053, Validation Loss: 1.9146
Epoch 461/1000, Train Loss: 1.1194, Validation Loss: 2.9965
Epoch 462/1000, Train Loss: 1.3016, Validation Loss: 1.2079
Epoch 463/1000, Train Loss: 1.0777, Validation Loss: 0.9489
Epoch 464/1000, Train Loss: 5.5249, Validation Loss: 6.7742
Epoch 465/1000, Train Loss: 1.1132, Validation Loss: 3.0440
Epoch 466/1000, Train Loss: 3.3487, Validation Loss: 4.7504
Epoch 467/1000, Train Loss: 2.5144, Validation Loss: 1.0628
Epoch 468/1000, Train Loss: 10.0141, Validation Loss: 3.2578
Epoch 469/1000, Train Loss: 1.1029, Validation Loss: 1.4667
Epoch 470/1000, Train Loss: 10.0507, Validation Loss: 3.6189
Epoch 471/1000, Train Loss: 1.1124, Validation Loss: 4.4193
Epoch 472/1000, Train Loss: 3.2630, Validation Loss: 2.4559
Epoch 473/1000, Train Loss: 1.1541, Validation Loss: 42.3302
Epoch 474/1000, Train Loss: 10.7210, Validation Loss: 1.7495
Epoch 475/1000, Train Loss: 3.7423, Validation Loss: 1.9440
Epoch 476/1000, Train Loss: 1.0857, Validation Loss: 2.1557
Epoch 477/1000, Train Loss: 15.6851, Validation Loss: 2.9322
Epoch 478/1000, Train Loss: 1.3356, Validation Loss: 3.6331
Epoch 479/1000, Train Loss: 1.2189, Validation Loss: 3.9497
Epoch 480/1000, Train Loss: 1.1352, Validation Loss: 3.2103
Epoch 481/1000, Train Loss: 1.1175, Validation Loss: 0.9439
Epoch 482/1000, Train Loss: 1866.2444, Validation Loss: 8.1489
Epoch 483/1000, Train Loss: 1.4021, Validation Loss: 5.4475
Epoch 484/1000, Train Loss: 1.1509, Validation Loss: 5.8566
Epoch 485/1000, Train Loss: 1.1054, Validation Loss: 5.6480
Epoch 486/1000, Train Loss: 945.6080, Validation Loss: 5.3276
Epoch 487/1000, Train Loss: 52.3291, Validation Loss: 10.1740
Epoch 488/1000, Train Loss: 1.1418, Validation Loss: 1.5276
Epoch 489/1000, Train Loss: 1.1388, Validation Loss: 8.0383
Epoch 490/1000, Train Loss: 1.2417, Validation Loss: 7.8778
Epoch 491/1000, Train Loss: 1.5421, Validation Loss: 5.2472
Epoch 492/1000, Train Loss: 11.8099, Validation Loss: 1.1359
Epoch 493/1000, Train Loss: 1.0913, Validation Loss: 1.4229
Epoch 494/1000, Train Loss: 2.3512, Validation Loss: 1.9419
Epoch 495/1000, Train Loss: 496.0675, Validation Loss: 3.3515
Epoch 496/1000, Train Loss: 2.6025, Validation Loss: 1.4677
Epoch 497/1000, Train Loss: 1.4021, Validation Loss: 2.3823
Epoch 498/1000, Train Loss: 1.0973, Validation Loss: 4.5558
Epoch 499/1000, Train Loss: 9.3087, Validation Loss: 1.3358
Epoch 500/1000, Train Loss: 1.1103, Validation Loss: 7.2479
Epoch 501/1000, Train Loss: 2.3676, Validation Loss: 1.0819
Epoch 502/1000, Train Loss: 4.5537, Validation Loss: 1.9482
Epoch 503/1000, Train Loss: 1.0925, Validation Loss: 1.8053
Epoch 504/1000, Train Loss: 720.4442, Validation Loss: 3.8457
Epoch 505/1000, Train Loss: 1.1882, Validation Loss: 2.2018
Epoch 506/1000, Train Loss: 4.7247, Validation Loss: 3.9946
Epoch 507/1000, Train Loss: 1.4310, Validation Loss: 4.7832
Epoch 508/1000, Train Loss: 3.4810, Validation Loss: 7.4729
Epoch 509/1000, Train Loss: 1.1249, Validation Loss: 3.2638
Epoch 510/1000, Train Loss: 10.4453, Validation Loss: 2.0935
Epoch 511/1000, Train Loss: 1.1388, Validation Loss: 6.2507
Epoch 512/1000, Train Loss: 3.8574, Validation Loss: 4.1269
Epoch 513/1000, Train Loss: 1.0951, Validation Loss: 7.6922
Epoch 514/1000, Train Loss: 1.3696, Validation Loss: 1.3803
Epoch 515/1000, Train Loss: 459.5932, Validation Loss: 1.3376
Epoch 516/1000, Train Loss: 2.7806, Validation Loss: 1.4870
Epoch 517/1000, Train Loss: 3.1354, Validation Loss: 3.4055
Epoch 518/1000, Train Loss: 1.1119, Validation Loss: 6.0759
Epoch 519/1000, Train Loss: 4.0032, Validation Loss: 1.7752
Epoch 520/1000, Train Loss: 8.8504, Validation Loss: 15.6621
Epoch 521/1000, Train Loss: 3.7094, Validation Loss: 0.9947
Epoch 522/1000, Train Loss: 1.0767, Validation Loss: 1.5702
Epoch 523/1000, Train Loss: 10.3667, Validation Loss: 4.5322
Epoch 524/1000, Train Loss: 26.5675, Validation Loss: 6.0760
Epoch 525/1000, Train Loss: 1.1750, Validation Loss: 3.4710
Epoch 526/1000, Train Loss: 1.1039, Validation Loss: 2.9293
Epoch 527/1000, Train Loss: 291.7511, Validation Loss: 1.9457
Epoch 528/1000, Train Loss: 1.0813, Validation Loss: 2.1297
Epoch 529/1000, Train Loss: 23.3915, Validation Loss: 1.3165
Epoch 530/1000, Train Loss: 6.7023, Validation Loss: 7.7916
Epoch 531/1000, Train Loss: 2.4285, Validation Loss: 2.4969
Epoch 532/1000, Train Loss: 1.0943, Validation Loss: 3.4026
Epoch 533/1000, Train Loss: 1.5110, Validation Loss: 5.4412
Epoch 534/1000, Train Loss: 102.2531, Validation Loss: 4.4487
Epoch 535/1000, Train Loss: 1.0788, Validation Loss: 2.9358
Epoch 536/1000, Train Loss: 1.0612, Validation Loss: 2.5912
Epoch 537/1000, Train Loss: 5.5114, Validation Loss: 4.5805
Epoch 538/1000, Train Loss: 1.3556, Validation Loss: 0.9176
Epoch 539/1000, Train Loss: 20.9637, Validation Loss: 3.6205
Epoch 540/1000, Train Loss: 4.9884, Validation Loss: 6.2329
Epoch 541/1000, Train Loss: 6.5425, Validation Loss: 6.0970
Epoch 542/1000, Train Loss: 6.3288, Validation Loss: 6.9793
Epoch 543/1000, Train Loss: 6.3017, Validation Loss: 6.1618
Epoch 544/1000, Train Loss: 6.6711, Validation Loss: 6.9384
Epoch 545/1000, Train Loss: 9.7827, Validation Loss: 6.1432
Epoch 546/1000, Train Loss: 44.3168, Validation Loss: 5.6609
Epoch 547/1000, Train Loss: 371.1406, Validation Loss: 23.9409
Epoch 548/1000, Train Loss: 9.0728, Validation Loss: 6.3159
Epoch 549/1000, Train Loss: 7.8197, Validation Loss: 6.0775
Epoch 550/1000, Train Loss: 556.4521, Validation Loss: 6.1244
Epoch 551/1000, Train Loss: 6.3009, Validation Loss: 6.1282
Epoch 552/1000, Train Loss: 6.2256, Validation Loss: 6.5655
Epoch 553/1000, Train Loss: 66.6845, Validation Loss: 6.6667
Epoch 554/1000, Train Loss: 51.2513, Validation Loss: 6.3153
Epoch 555/1000, Train Loss: 6.4206, Validation Loss: 6.1215
Epoch 556/1000, Train Loss: 242.1138, Validation Loss: 6.0941
Epoch 557/1000, Train Loss: 7.5149, Validation Loss: 6.3674
Epoch 558/1000, Train Loss: 8.5651, Validation Loss: 6.1557
Epoch 559/1000, Train Loss: 7.5826, Validation Loss: 6.4676
Epoch 560/1000, Train Loss: 6.6409, Validation Loss: 6.0782
Epoch 561/1000, Train Loss: 7.1388, Validation Loss: 6.0707
Epoch 562/1000, Train Loss: 7.7572, Validation Loss: 6.1639
Epoch 563/1000, Train Loss: 7.6826, Validation Loss: 6.0687
Epoch 564/1000, Train Loss: 6.2470, Validation Loss: 6.1559
Epoch 565/1000, Train Loss: 7.8927, Validation Loss: 6.1212
Epoch 566/1000, Train Loss: 7.4379, Validation Loss: 6.0803
Epoch 567/1000, Train Loss: 6.9430, Validation Loss: 6.0799
Epoch 568/1000, Train Loss: 6.2797, Validation Loss: 6.1307
Epoch 569/1000, Train Loss: 10.6493, Validation Loss: 6.2449
Epoch 570/1000, Train Loss: 6.0318, Validation Loss: 2.6510
Epoch 571/1000, Train Loss: 2.0740, Validation Loss: 2.4540
Epoch 572/1000, Train Loss: 1.6370, Validation Loss: 2.4876
Epoch 573/1000, Train Loss: 1.5941, Validation Loss: 3.4565
Epoch 574/1000, Train Loss: 1.4424, Validation Loss: 1.2474
Epoch 575/1000, Train Loss: 1.9433, Validation Loss: 2.3140
Epoch 576/1000, Train Loss: 1.3212, Validation Loss: 3.7450
Epoch 577/1000, Train Loss: 1.5932, Validation Loss: 1.9567
Epoch 578/1000, Train Loss: 1.3161, Validation Loss: 3.0930
Epoch 579/1000, Train Loss: 1.3881, Validation Loss: 1.6313
Epoch 580/1000, Train Loss: 273.9599, Validation Loss: 1.6178
Epoch 581/1000, Train Loss: 1.3023, Validation Loss: 1.6353
Epoch 582/1000, Train Loss: 40.8659, Validation Loss: 1.5257
Epoch 583/1000, Train Loss: 1.2494, Validation Loss: 1.8431
Epoch 584/1000, Train Loss: 44.5574, Validation Loss: 1.4231
Epoch 585/1000, Train Loss: 1.3967, Validation Loss: 1.2631
Epoch 586/1000, Train Loss: 1.3022, Validation Loss: 2.4321
Epoch 587/1000, Train Loss: 1.2906, Validation Loss: 2.1262
Epoch 588/1000, Train Loss: 1.2749, Validation Loss: 1.3067
Epoch 589/1000, Train Loss: 1.2190, Validation Loss: 1.8097
Epoch 590/1000, Train Loss: 1.2635, Validation Loss: 5.8487
Epoch 591/1000, Train Loss: 8.7301, Validation Loss: 1.3390
Epoch 592/1000, Train Loss: 2.2203, Validation Loss: 4.6472
Epoch 593/1000, Train Loss: 1.4095, Validation Loss: 2.6459
Epoch 594/1000, Train Loss: 1.3015, Validation Loss: 3.0320
Epoch 595/1000, Train Loss: 1.1649, Validation Loss: 1.4148
Epoch 596/1000, Train Loss: 1.3990, Validation Loss: 1.5146
Epoch 597/1000, Train Loss: 4.0847, Validation Loss: 2.0547
Epoch 598/1000, Train Loss: 1.2130, Validation Loss: 1.3546
Epoch 599/1000, Train Loss: 1.2412, Validation Loss: 3.9673
Epoch 600/1000, Train Loss: 2.3634, Validation Loss: 3.0049
Epoch 601/1000, Train Loss: 11.4242, Validation Loss: 1.6821
Epoch 602/1000, Train Loss: 1.1714, Validation Loss: 5.5903
Epoch 603/1000, Train Loss: 47.1884, Validation Loss: 1.1104
Epoch 604/1000, Train Loss: 1.1971, Validation Loss: 0.9854
Epoch 605/1000, Train Loss: 1.1621, Validation Loss: 1.2738
Epoch 606/1000, Train Loss: 88.6319, Validation Loss: 0.9605
Epoch 607/1000, Train Loss: 1.8898, Validation Loss: 2.6280
Epoch 608/1000, Train Loss: 8.9859, Validation Loss: 2.1158
Epoch 609/1000, Train Loss: 1.1503, Validation Loss: 2.1498
Epoch 610/1000, Train Loss: 1.4968, Validation Loss: 3.5349
Epoch 611/1000, Train Loss: 1.6931, Validation Loss: 5.8423
Epoch 612/1000, Train Loss: 2.2563, Validation Loss: 1.0527
Epoch 613/1000, Train Loss: 1.1713, Validation Loss: 2.9157
Epoch 614/1000, Train Loss: 2.0958, Validation Loss: 2.1264
Epoch 615/1000, Train Loss: 1.0913, Validation Loss: 3.1787
Epoch 616/1000, Train Loss: 1.3010, Validation Loss: 4.6421
Epoch 617/1000, Train Loss: 1.1034, Validation Loss: 1.2413
Epoch 618/1000, Train Loss: 1.7595, Validation Loss: 5.8212
Epoch 619/1000, Train Loss: 1.1009, Validation Loss: 3.6153
Epoch 620/1000, Train Loss: 1.0450, Validation Loss: 2.6082
Epoch 621/1000, Train Loss: 1.9578, Validation Loss: 2.4930
Epoch 622/1000, Train Loss: 37.8225, Validation Loss: 2.0221
Epoch 623/1000, Train Loss: 1.1249, Validation Loss: 8.7659
Epoch 624/1000, Train Loss: 1.0812, Validation Loss: 1.5771
Epoch 625/1000, Train Loss: 47.0053, Validation Loss: 1.0285
Epoch 626/1000, Train Loss: 1.1136, Validation Loss: 0.9786
Epoch 627/1000, Train Loss: 1.3342, Validation Loss: 4.7921
Epoch 628/1000, Train Loss: 1.3612, Validation Loss: 0.9727
Epoch 629/1000, Train Loss: 1.4659, Validation Loss: 5.6578
Epoch 630/1000, Train Loss: 1.0318, Validation Loss: 1.5072
Epoch 631/1000, Train Loss: 1.0348, Validation Loss: 2.7685
Epoch 632/1000, Train Loss: 1.0801, Validation Loss: 1.0864
Epoch 633/1000, Train Loss: 0.9987, Validation Loss: 3.6059
Epoch 634/1000, Train Loss: 8.7764, Validation Loss: 2.7548
Epoch 635/1000, Train Loss: 0.9822, Validation Loss: 5.5483
Epoch 636/1000, Train Loss: 4.4123, Validation Loss: 1.2208
Epoch 637/1000, Train Loss: 1.8591, Validation Loss: 2.5781
Epoch 638/1000, Train Loss: 1.4135, Validation Loss: 1.4467
Epoch 639/1000, Train Loss: 3.9022, Validation Loss: 13.6004
Epoch 640/1000, Train Loss: 27.5807, Validation Loss: 2.6622
Epoch 641/1000, Train Loss: 3.6618, Validation Loss: 1.0265
Epoch 642/1000, Train Loss: 1.0662, Validation Loss: 4.0488
Epoch 643/1000, Train Loss: 1.4100, Validation Loss: 6.2508
Epoch 644/1000, Train Loss: 1.2290, Validation Loss: 1.7253
Epoch 645/1000, Train Loss: 0.9555, Validation Loss: 1.8825
Epoch 646/1000, Train Loss: 172.3513, Validation Loss: 2.0647
Epoch 647/1000, Train Loss: 1.0964, Validation Loss: 5.9582
Epoch 648/1000, Train Loss: 1.6739, Validation Loss: 1.0499
Epoch 649/1000, Train Loss: 1.0159, Validation Loss: 3.1032
Epoch 650/1000, Train Loss: 1.0384, Validation Loss: 6.0624
Epoch 651/1000, Train Loss: 1.0099, Validation Loss: 4.9202
Epoch 652/1000, Train Loss: 25.5687, Validation Loss: 3.5643
Epoch 653/1000, Train Loss: 0.9743, Validation Loss: 2.8002
Epoch 654/1000, Train Loss: 8.5251, Validation Loss: 3.5440
Epoch 655/1000, Train Loss: 2.2427, Validation Loss: 3.5183
Epoch 656/1000, Train Loss: 0.9655, Validation Loss: 5.8784
Epoch 657/1000, Train Loss: 3249.3612, Validation Loss: 2.9353
Epoch 658/1000, Train Loss: 1.0194, Validation Loss: 3.4310
Epoch 659/1000, Train Loss: 576.6974, Validation Loss: 1.6583
Epoch 660/1000, Train Loss: 1.0134, Validation Loss: 8.2893
Epoch 661/1000, Train Loss: 4.3752, Validation Loss: 2.7446
Epoch 662/1000, Train Loss: 0.9884, Validation Loss: 2.5875
Epoch 663/1000, Train Loss: 0.9601, Validation Loss: 4.7759
Epoch 664/1000, Train Loss: 6.0942, Validation Loss: 3.2724
Epoch 665/1000, Train Loss: 0.9230, Validation Loss: 2.9554
Epoch 666/1000, Train Loss: 1.3748, Validation Loss: 6.7803
Epoch 667/1000, Train Loss: 0.9695, Validation Loss: 4.4425
Epoch 668/1000, Train Loss: 6.4517, Validation Loss: 3.5423
Epoch 669/1000, Train Loss: 1.2272, Validation Loss: 2.1614
Epoch 670/1000, Train Loss: 0.9433, Validation Loss: 0.9377
Epoch 671/1000, Train Loss: 36.1526, Validation Loss: 4.3000
Epoch 672/1000, Train Loss: 0.9183, Validation Loss: 1.9625
Epoch 673/1000, Train Loss: 2.7728, Validation Loss: 1.4649
Epoch 674/1000, Train Loss: 0.9629, Validation Loss: 2.6197
Epoch 675/1000, Train Loss: 63.6705, Validation Loss: 3.8568
Epoch 676/1000, Train Loss: 2.3338, Validation Loss: 0.9267
Epoch 677/1000, Train Loss: 0.9178, Validation Loss: 0.7010
Epoch 678/1000, Train Loss: 2.7073, Validation Loss: 3.2562
Epoch 679/1000, Train Loss: 1.3468, Validation Loss: 1.6758
Epoch 680/1000, Train Loss: 0.9793, Validation Loss: 3.7767
Epoch 681/1000, Train Loss: 10.5543, Validation Loss: 6.1036
Epoch 682/1000, Train Loss: 0.9447, Validation Loss: 4.1977
Epoch 683/1000, Train Loss: 6.2035, Validation Loss: 4.6678
Epoch 684/1000, Train Loss: 1.0728, Validation Loss: 2.9672
Epoch 685/1000, Train Loss: 0.9395, Validation Loss: 2.3003
Epoch 686/1000, Train Loss: 18.2393, Validation Loss: 5.0153
Epoch 687/1000, Train Loss: 1.2024, Validation Loss: 2.8305
Epoch 688/1000, Train Loss: 0.9679, Validation Loss: 1.2150
Epoch 689/1000, Train Loss: 1.1115, Validation Loss: 3.2817
Epoch 690/1000, Train Loss: 1.7139, Validation Loss: 3.9774
Epoch 691/1000, Train Loss: 1.3495, Validation Loss: 6.7314
Epoch 692/1000, Train Loss: 1.0105, Validation Loss: 3.9404
Epoch 693/1000, Train Loss: 8.9680, Validation Loss: 4.5989
Epoch 694/1000, Train Loss: 0.9262, Validation Loss: 5.5481
Epoch 695/1000, Train Loss: 6.8762, Validation Loss: 1.7285
Epoch 696/1000, Train Loss: 0.9040, Validation Loss: 1.3192
Epoch 697/1000, Train Loss: 5.2914, Validation Loss: 2.0499
Epoch 698/1000, Train Loss: 20.7583, Validation Loss: 7.3392
Epoch 699/1000, Train Loss: 1.1757, Validation Loss: 3.1597
Epoch 700/1000, Train Loss: 0.9631, Validation Loss: 2.7970
Epoch 701/1000, Train Loss: 1.0251, Validation Loss: 3.6280
Epoch 702/1000, Train Loss: 0.9513, Validation Loss: 25.3149
Epoch 703/1000, Train Loss: 37.7746, Validation Loss: 1.2521
Epoch 704/1000, Train Loss: 0.9351, Validation Loss: 2.9502
Epoch 705/1000, Train Loss: 8852.2346, Validation Loss: 3.0170
Epoch 706/1000, Train Loss: 0.9834, Validation Loss: 1.5606
Epoch 707/1000, Train Loss: 0.9423, Validation Loss: 2.3641
Epoch 708/1000, Train Loss: 0.9033, Validation Loss: 4.8071
Epoch 709/1000, Train Loss: 1.1641, Validation Loss: 1.3370
Epoch 710/1000, Train Loss: 1.5705, Validation Loss: 3.8413
Epoch 711/1000, Train Loss: 0.9177, Validation Loss: 1.4215
Epoch 712/1000, Train Loss: 8.2693, Validation Loss: 1.1590
Epoch 713/1000, Train Loss: 0.8956, Validation Loss: 2.8960
Epoch 714/1000, Train Loss: 10.9206, Validation Loss: 3.8665
Epoch 715/1000, Train Loss: 0.9794, Validation Loss: 1.1380
Epoch 716/1000, Train Loss: 19.1172, Validation Loss: 2.8402
Epoch 717/1000, Train Loss: 0.9218, Validation Loss: 3.2584
Epoch 718/1000, Train Loss: 53737.9469, Validation Loss: 2.2472
Epoch 719/1000, Train Loss: 1.8715, Validation Loss: 1.1525
Epoch 720/1000, Train Loss: 1.5600, Validation Loss: 3.4389
Epoch 721/1000, Train Loss: 19.4265, Validation Loss: 3.4266
Epoch 722/1000, Train Loss: 1.1514, Validation Loss: 1.6689
Epoch 723/1000, Train Loss: 88.3936, Validation Loss: 3.7024
Epoch 724/1000, Train Loss: 129.7747, Validation Loss: 3.6459
Epoch 725/1000, Train Loss: 5.8440, Validation Loss: 1.6495
Epoch 726/1000, Train Loss: 3.4603, Validation Loss: 4.5017
Epoch 727/1000, Train Loss: 0.9964, Validation Loss: 1.3287
Epoch 728/1000, Train Loss: 856.3532, Validation Loss: 3.2722
Epoch 729/1000, Train Loss: 22.5802, Validation Loss: 3.0916
Epoch 730/1000, Train Loss: 0.9797, Validation Loss: 2.4098
Epoch 731/1000, Train Loss: 0.9393, Validation Loss: 7.9987
Epoch 732/1000, Train Loss: 0.9158, Validation Loss: 1.6186
Epoch 733/1000, Train Loss: 97.6202, Validation Loss: 4.0764
Epoch 734/1000, Train Loss: 1.0835, Validation Loss: 2.7727
Epoch 735/1000, Train Loss: 30.8959, Validation Loss: 1.0871
Epoch 736/1000, Train Loss: 0.9923, Validation Loss: 3.3008
Epoch 737/1000, Train Loss: 21.4713, Validation Loss: 3.0860
Epoch 738/1000, Train Loss: 1.0157, Validation Loss: 2.9507
Epoch 739/1000, Train Loss: 1.0309, Validation Loss: 1.3256
Epoch 740/1000, Train Loss: 0.9409, Validation Loss: 2.0157
Epoch 741/1000, Train Loss: 1.5435, Validation Loss: 0.8032
Epoch 742/1000, Train Loss: 1.0204, Validation Loss: 1.7238
Epoch 743/1000, Train Loss: 0.9426, Validation Loss: 1.3160
Epoch 744/1000, Train Loss: 4.7202, Validation Loss: 1.1969
Epoch 745/1000, Train Loss: 1.3539, Validation Loss: 2.9063
Epoch 746/1000, Train Loss: 1.0023, Validation Loss: 1.2657
Epoch 747/1000, Train Loss: 1.0144, Validation Loss: 2.7800
Epoch 748/1000, Train Loss: 53.4200, Validation Loss: 6.5565
Epoch 749/1000, Train Loss: 4.5786, Validation Loss: 3.7943
Epoch 750/1000, Train Loss: 1.0965, Validation Loss: 10.7082
Epoch 751/1000, Train Loss: 27.6324, Validation Loss: 4.4556
Epoch 752/1000, Train Loss: 0.9989, Validation Loss: 1.7059
Epoch 753/1000, Train Loss: 5.2966, Validation Loss: 1.0546
Epoch 754/1000, Train Loss: 4.6419, Validation Loss: 0.7719
Epoch 755/1000, Train Loss: 4.1224, Validation Loss: 4.3950
Epoch 756/1000, Train Loss: 0.9354, Validation Loss: 3.3674
Epoch 757/1000, Train Loss: 35.4699, Validation Loss: 10.5098
Epoch 758/1000, Train Loss: 0.9977, Validation Loss: 3.9354
Epoch 759/1000, Train Loss: 1.1358, Validation Loss: 1.4140
Epoch 760/1000, Train Loss: 0.9768, Validation Loss: 0.9613
Epoch 761/1000, Train Loss: 0.8908, Validation Loss: 0.9937
Epoch 762/1000, Train Loss: 4.6780, Validation Loss: 3.9958
Epoch 763/1000, Train Loss: 0.8857, Validation Loss: 3.2354
Epoch 764/1000, Train Loss: 1.0853, Validation Loss: 4.8716
Epoch 765/1000, Train Loss: 0.9775, Validation Loss: 3.5821
Epoch 766/1000, Train Loss: 0.9129, Validation Loss: 4.1308
Epoch 767/1000, Train Loss: 54.8001, Validation Loss: 2.4942
Epoch 768/1000, Train Loss: 0.9030, Validation Loss: 1.2915
Epoch 769/1000, Train Loss: 1.2150, Validation Loss: 2.1301
Epoch 770/1000, Train Loss: 90.6233, Validation Loss: 4.3683
Epoch 771/1000, Train Loss: 4.7865, Validation Loss: 2.3593
Epoch 772/1000, Train Loss: 1.3834, Validation Loss: 2.8489
Epoch 773/1000, Train Loss: 1.4522, Validation Loss: 1.6425
Epoch 774/1000, Train Loss: 0.9076, Validation Loss: 1.8670
Epoch 775/1000, Train Loss: 583.5336, Validation Loss: 2.3262
Epoch 776/1000, Train Loss: 1.0470, Validation Loss: 2.7319
Epoch 777/1000, Train Loss: 0.9240, Validation Loss: 2.3746
Epoch 778/1000, Train Loss: 1.0669, Validation Loss: 2.5494
Epoch 779/1000, Train Loss: 1.0600, Validation Loss: 1.2578
Epoch 780/1000, Train Loss: 3.2494, Validation Loss: 3.8116
Epoch 781/1000, Train Loss: 1.0281, Validation Loss: 6.7512
Epoch 782/1000, Train Loss: 0.9216, Validation Loss: 1.6035
Epoch 783/1000, Train Loss: 2.0955, Validation Loss: 5.7723
Epoch 784/1000, Train Loss: 1.6994, Validation Loss: 1.7735
Epoch 785/1000, Train Loss: 1.0963, Validation Loss: 2.5803
Epoch 786/1000, Train Loss: 16.0079, Validation Loss: 4.2765
Epoch 787/1000, Train Loss: 0.9227, Validation Loss: 1.3904
Epoch 788/1000, Train Loss: 1.0032, Validation Loss: 3.6857
Epoch 789/1000, Train Loss: 1.1834, Validation Loss: 2.4128
Epoch 790/1000, Train Loss: 0.9669, Validation Loss: 1.1954
Epoch 791/1000, Train Loss: 2.9649, Validation Loss: 3.7624
Epoch 792/1000, Train Loss: 1.3028, Validation Loss: 2.4302
Epoch 793/1000, Train Loss: 1.1740, Validation Loss: 3.8523
Epoch 794/1000, Train Loss: 1.1150, Validation Loss: 2.1903
Epoch 795/1000, Train Loss: 1.1369, Validation Loss: 1.8138
Epoch 796/1000, Train Loss: 1.0831, Validation Loss: 2.4305
Epoch 797/1000, Train Loss: 0.9769, Validation Loss: 3.7061
Epoch 798/1000, Train Loss: 1.0627, Validation Loss: 4.5031
Epoch 799/1000, Train Loss: 22.4851, Validation Loss: 0.9763
Epoch 800/1000, Train Loss: 2.8051, Validation Loss: 2065.5790
Epoch 801/1000, Train Loss: 0.9905, Validation Loss: 0.8543
Epoch 802/1000, Train Loss: 0.9202, Validation Loss: 4.0341
Epoch 803/1000, Train Loss: 1.8917, Validation Loss: 0.9389
Epoch 804/1000, Train Loss: 1.4508, Validation Loss: 1.0099
Epoch 805/1000, Train Loss: 15.3960, Validation Loss: 3.6949
Epoch 806/1000, Train Loss: 1.1717, Validation Loss: 1.5112
Epoch 807/1000, Train Loss: 1.1875, Validation Loss: 0.8369
Epoch 808/1000, Train Loss: 0.9566, Validation Loss: 3.5942
Epoch 809/1000, Train Loss: 104.9549, Validation Loss: 12.7085
Epoch 810/1000, Train Loss: 1.0240, Validation Loss: 2.4002
Epoch 811/1000, Train Loss: 0.9038, Validation Loss: 6.6486
Epoch 812/1000, Train Loss: 18.5611, Validation Loss: 3.8015
Epoch 813/1000, Train Loss: 0.9290, Validation Loss: 0.7531
Epoch 814/1000, Train Loss: 12.5206, Validation Loss: 1.8959
Epoch 815/1000, Train Loss: 1.0636, Validation Loss: 2.2366
Epoch 816/1000, Train Loss: 0.9565, Validation Loss: 1.7793
Epoch 817/1000, Train Loss: 5.5653, Validation Loss: 4.8014
Epoch 818/1000, Train Loss: 1.1085, Validation Loss: 2.8890
Epoch 819/1000, Train Loss: 1.0424, Validation Loss: 2.1849
Epoch 820/1000, Train Loss: 0.9757, Validation Loss: 2.8898
Epoch 821/1000, Train Loss: 10.2649, Validation Loss: 1.0779
Epoch 822/1000, Train Loss: 0.9484, Validation Loss: 4.4050
Epoch 823/1000, Train Loss: 1.0131, Validation Loss: 4.6763
Epoch 824/1000, Train Loss: 1.8424, Validation Loss: 3.9551
Epoch 825/1000, Train Loss: 2.4509, Validation Loss: 2.0731
Epoch 826/1000, Train Loss: 0.9540, Validation Loss: 1.5613
Epoch 827/1000, Train Loss: 12.3340, Validation Loss: 2.3066
Epoch 828/1000, Train Loss: 3.5510, Validation Loss: 3.1255
Epoch 829/1000, Train Loss: 0.9163, Validation Loss: 3.5693
Epoch 830/1000, Train Loss: 1.4966, Validation Loss: 1.5490
Epoch 831/1000, Train Loss: 0.9469, Validation Loss: 1.1676
Epoch 832/1000, Train Loss: 0.9539, Validation Loss: 14.7850
Epoch 833/1000, Train Loss: 0.9339, Validation Loss: 2.8824
Epoch 834/1000, Train Loss: 3.4839, Validation Loss: 2.3104
Epoch 835/1000, Train Loss: 7.1561, Validation Loss: 9.8639
Epoch 836/1000, Train Loss: 1.0805, Validation Loss: 3.1438
Epoch 837/1000, Train Loss: 1.1605, Validation Loss: 1.8151
Epoch 838/1000, Train Loss: 0.9810, Validation Loss: 1.1887
Epoch 839/1000, Train Loss: 3213.4883, Validation Loss: 1.6066
Epoch 840/1000, Train Loss: 0.9100, Validation Loss: 15.4580
Epoch 841/1000, Train Loss: 130.6878, Validation Loss: 2.0987
Epoch 842/1000, Train Loss: 0.9197, Validation Loss: 1.1159
Epoch 843/1000, Train Loss: 19.9159, Validation Loss: 1.2434
Epoch 844/1000, Train Loss: 3.5712, Validation Loss: 1.2779
Epoch 845/1000, Train Loss: 1.1314, Validation Loss: 5.5047
Epoch 846/1000, Train Loss: 0.9765, Validation Loss: 6.2026
Epoch 847/1000, Train Loss: 12.1477, Validation Loss: 1.1597
Epoch 848/1000, Train Loss: 0.9455, Validation Loss: 2.5382
Epoch 849/1000, Train Loss: 3.4495, Validation Loss: 60.4818
Epoch 850/1000, Train Loss: 0.9829, Validation Loss: 5.2496
Epoch 851/1000, Train Loss: 0.9108, Validation Loss: 1.2232
Epoch 852/1000, Train Loss: 13.0805, Validation Loss: 4.3058
Epoch 853/1000, Train Loss: 0.9332, Validation Loss: 5.2352
Epoch 854/1000, Train Loss: 142.4769, Validation Loss: 3.9375
Epoch 855/1000, Train Loss: 0.9087, Validation Loss: 4.6904
Epoch 856/1000, Train Loss: 1.2663, Validation Loss: 2.0343
Epoch 857/1000, Train Loss: 3.5549, Validation Loss: 2.4498
Epoch 858/1000, Train Loss: 2.0888, Validation Loss: 3.2918
Epoch 859/1000, Train Loss: 1.2514, Validation Loss: 5.5732
Epoch 860/1000, Train Loss: 102.2963, Validation Loss: 32.5399
Epoch 861/1000, Train Loss: 0.9544, Validation Loss: 4.4501
Epoch 862/1000, Train Loss: 5.7502, Validation Loss: 4.2610
Epoch 863/1000, Train Loss: 1.0961, Validation Loss: 10.8498
Epoch 864/1000, Train Loss: 0.9754, Validation Loss: 8.2079
Epoch 865/1000, Train Loss: 1.0460, Validation Loss: 4.1907
Epoch 866/1000, Train Loss: 7.7486, Validation Loss: 8.0427
Epoch 867/1000, Train Loss: 1.1270, Validation Loss: 2.1254
Epoch 868/1000, Train Loss: 0.9242, Validation Loss: 2.9385
Epoch 869/1000, Train Loss: 1.1276, Validation Loss: 3.1045
Epoch 870/1000, Train Loss: 0.9931, Validation Loss: 4.9361
Epoch 871/1000, Train Loss: 0.9903, Validation Loss: 5.0452
Epoch 872/1000, Train Loss: 13.0984, Validation Loss: 3.2091
Epoch 873/1000, Train Loss: 0.8825, Validation Loss: 2.3203
Epoch 874/1000, Train Loss: 1.9843, Validation Loss: 5.5746
Epoch 875/1000, Train Loss: 235.7702, Validation Loss: 2.2164
Epoch 876/1000, Train Loss: 0.9557, Validation Loss: 2.9115
Epoch 877/1000, Train Loss: 0.8837, Validation Loss: 2.6227
Epoch 878/1000, Train Loss: 2.0316, Validation Loss: 2.0184
Epoch 879/1000, Train Loss: 1.1390, Validation Loss: 2.9223
Epoch 880/1000, Train Loss: 0.8958, Validation Loss: 13.0320
Epoch 881/1000, Train Loss: 0.9260, Validation Loss: 376.5972
Epoch 882/1000, Train Loss: 1.2410, Validation Loss: 9.7220
Epoch 883/1000, Train Loss: 1.1940, Validation Loss: 2.6702
Epoch 884/1000, Train Loss: 1.0253, Validation Loss: 13.1870
Epoch 885/1000, Train Loss: 0.9269, Validation Loss: 1.4469
Epoch 886/1000, Train Loss: 2.6330, Validation Loss: 0.8880
Epoch 887/1000, Train Loss: 1.0169, Validation Loss: 2.9149
Epoch 888/1000, Train Loss: 80.6249, Validation Loss: 121.6362
Epoch 889/1000, Train Loss: 0.9820, Validation Loss: 3.5719
Epoch 890/1000, Train Loss: 1.0236, Validation Loss: 1.3508
Epoch 891/1000, Train Loss: 0.9487, Validation Loss: 8.4725
Epoch 892/1000, Train Loss: 1.2563, Validation Loss: 2.6994
Epoch 893/1000, Train Loss: 0.9305, Validation Loss: 3.6947
Epoch 894/1000, Train Loss: 1.0029, Validation Loss: 6.0618
Epoch 895/1000, Train Loss: 1.1819, Validation Loss: 6.5482
Epoch 896/1000, Train Loss: 2.2808, Validation Loss: 9.1714
Epoch 897/1000, Train Loss: 0.9710, Validation Loss: 3.3523
Epoch 898/1000, Train Loss: 0.9277, Validation Loss: 1.1886
Epoch 899/1000, Train Loss: 566.3378, Validation Loss: 29.0242
Epoch 900/1000, Train Loss: 3.6635, Validation Loss: 1.2681
Epoch 901/1000, Train Loss: 0.9564, Validation Loss: 3.5466
Epoch 902/1000, Train Loss: 1.2833, Validation Loss: 0.7637
Epoch 903/1000, Train Loss: 1.0036, Validation Loss: 1.9185
Epoch 904/1000, Train Loss: 0.9776, Validation Loss: 3.1705
Epoch 905/1000, Train Loss: 19.0853, Validation Loss: 2.2939
Epoch 906/1000, Train Loss: 4.7417, Validation Loss: 3.6623
Epoch 907/1000, Train Loss: 1.0560, Validation Loss: 8.1372
Epoch 908/1000, Train Loss: 1.0763, Validation Loss: 16.8423
Epoch 909/1000, Train Loss: 4.3483, Validation Loss: 1.6152
Epoch 910/1000, Train Loss: 1.6505, Validation Loss: 1.8689
Epoch 911/1000, Train Loss: 0.9869, Validation Loss: 2.5766
Epoch 912/1000, Train Loss: 3.2192, Validation Loss: 2.9251
Epoch 913/1000, Train Loss: 0.9556, Validation Loss: 3.8422
Epoch 914/1000, Train Loss: 3.2419, Validation Loss: 43.1886
Epoch 915/1000, Train Loss: 0.9234, Validation Loss: 16.1017
Epoch 916/1000, Train Loss: 6.8109, Validation Loss: 1.8457
Epoch 917/1000, Train Loss: 1.4205, Validation Loss: 3.2394
Epoch 918/1000, Train Loss: 1.1944, Validation Loss: 1.7783
Epoch 919/1000, Train Loss: 1.7681, Validation Loss: 2.6595
Epoch 920/1000, Train Loss: 0.9733, Validation Loss: 5.2867
Epoch 921/1000, Train Loss: 1.2064, Validation Loss: 30.2901
Epoch 922/1000, Train Loss: 0.9774, Validation Loss: 5.9011
Epoch 923/1000, Train Loss: 9.3481, Validation Loss: 1.7599
Epoch 924/1000, Train Loss: 2.8387, Validation Loss: 2.0251
Epoch 925/1000, Train Loss: 1.1514, Validation Loss: 1.6721
Epoch 926/1000, Train Loss: 3.4434, Validation Loss: 1.4110
Epoch 927/1000, Train Loss: 1.0076, Validation Loss: 11.5942
Epoch 928/1000, Train Loss: 43.3313, Validation Loss: 2.6414
Epoch 929/1000, Train Loss: 1.2334, Validation Loss: 2.2297
Epoch 930/1000, Train Loss: 9.8565, Validation Loss: 2.1081
Epoch 931/1000, Train Loss: 0.9893, Validation Loss: 2.0535
Epoch 932/1000, Train Loss: 4.2576, Validation Loss: 3.9611
Epoch 933/1000, Train Loss: 1.0859, Validation Loss: 13.5481
Epoch 934/1000, Train Loss: 1.0900, Validation Loss: 0.7651
Epoch 935/1000, Train Loss: 0.9213, Validation Loss: 3.8298
Epoch 936/1000, Train Loss: 5.1582, Validation Loss: 4.2448
Epoch 937/1000, Train Loss: 0.9730, Validation Loss: 10.5837
Epoch 938/1000, Train Loss: 1.2532, Validation Loss: 3.3534
Epoch 939/1000, Train Loss: 34.3821, Validation Loss: 3.3237
Epoch 940/1000, Train Loss: 0.9899, Validation Loss: 18.1847
Epoch 941/1000, Train Loss: 0.9456, Validation Loss: 5.8448
Epoch 942/1000, Train Loss: 12.2369, Validation Loss: 0.9775
Epoch 943/1000, Train Loss: 0.9792, Validation Loss: 5.9981
Epoch 944/1000, Train Loss: 1.0370, Validation Loss: 2.4194
Epoch 945/1000, Train Loss: 1.0398, Validation Loss: 3.1715
Epoch 946/1000, Train Loss: 64.8501, Validation Loss: 2.5479
Epoch 947/1000, Train Loss: 1.0265, Validation Loss: 6.6283
Epoch 948/1000, Train Loss: 1.3361, Validation Loss: 16.2803
Epoch 949/1000, Train Loss: 1.0202, Validation Loss: 4.5260
Epoch 950/1000, Train Loss: 2.1685, Validation Loss: 1.0262
Epoch 951/1000, Train Loss: 1.1688, Validation Loss: 42.3843
Epoch 952/1000, Train Loss: 0.9182, Validation Loss: 4.7462
Epoch 953/1000, Train Loss: 2.1628, Validation Loss: 3.7965
Epoch 954/1000, Train Loss: 1.0375, Validation Loss: 7.8624
Epoch 955/1000, Train Loss: 0.9705, Validation Loss: 2.3079
Epoch 956/1000, Train Loss: 5.4985, Validation Loss: 44.5425
Epoch 957/1000, Train Loss: 1.1464, Validation Loss: 4.1297
Epoch 958/1000, Train Loss: 32.3702, Validation Loss: 8.3465
Epoch 959/1000, Train Loss: 16.0734, Validation Loss: 3.2833
Epoch 960/1000, Train Loss: 1.0959, Validation Loss: 2.6259
Epoch 961/1000, Train Loss: 410.9782, Validation Loss: 1.2361
Epoch 962/1000, Train Loss: 0.9701, Validation Loss: 6.8823
Epoch 963/1000, Train Loss: 1.9866, Validation Loss: 6.5139
Epoch 964/1000, Train Loss: 0.9517, Validation Loss: 24.7826
Epoch 965/1000, Train Loss: 0.9621, Validation Loss: 2.0700
Epoch 966/1000, Train Loss: 6.0564, Validation Loss: 4.1199
Epoch 967/1000, Train Loss: 0.9196, Validation Loss: 2.4997
Epoch 968/1000, Train Loss: 1.1237, Validation Loss: 13.6443
Epoch 969/1000, Train Loss: 7.1353, Validation Loss: 11.6765
Epoch 970/1000, Train Loss: 1.1208, Validation Loss: 0.8897
Epoch 971/1000, Train Loss: 1.0445, Validation Loss: 20.3414
Epoch 972/1000, Train Loss: 8.8149, Validation Loss: 2.9313
Epoch 973/1000, Train Loss: 0.9848, Validation Loss: 2.1235
Epoch 974/1000, Train Loss: 1.4541, Validation Loss: 3.4421
Epoch 975/1000, Train Loss: 1.3594, Validation Loss: 1.2959
Epoch 976/1000, Train Loss: 1.0776, Validation Loss: 0.9824
Epoch 977/1000, Train Loss: 4.2747, Validation Loss: 75.3658
Epoch 978/1000, Train Loss: 10.8739, Validation Loss: 2.0819
Epoch 979/1000, Train Loss: 3.3100, Validation Loss: 8.2268
Epoch 980/1000, Train Loss: 0.9644, Validation Loss: 5.2839
Epoch 981/1000, Train Loss: 1.6658, Validation Loss: 4.6006
Epoch 982/1000, Train Loss: 1.3344, Validation Loss: 2.8109
Epoch 983/1000, Train Loss: 3.7318, Validation Loss: 12.0191
Epoch 984/1000, Train Loss: 1.9449, Validation Loss: 35.9532
Epoch 985/1000, Train Loss: 0.9903, Validation Loss: 24.8009
Epoch 986/1000, Train Loss: 0.9861, Validation Loss: 2.3545
Epoch 987/1000, Train Loss: 16.1767, Validation Loss: 2.8906
Epoch 988/1000, Train Loss: 1.0210, Validation Loss: 3.0459
Epoch 989/1000, Train Loss: 12.9653, Validation Loss: 1.3140
Epoch 990/1000, Train Loss: 5.2114, Validation Loss: 3.5066
Epoch 991/1000, Train Loss: 0.9957, Validation Loss: 4.0979
Epoch 992/1000, Train Loss: 1.4554, Validation Loss: 0.8932
Epoch 993/1000, Train Loss: 1.0075, Validation Loss: 3.7531
Epoch 994/1000, Train Loss: 2.1394, Validation Loss: 0.9829
Epoch 995/1000, Train Loss: 14.1159, Validation Loss: 36.5086
Epoch 996/1000, Train Loss: 11.7069, Validation Loss: 22.8340
Epoch 997/1000, Train Loss: 0.9885, Validation Loss: 3.7611
Epoch 998/1000, Train Loss: 2.3513, Validation Loss: 1.3766
Epoch 999/1000, Train Loss: 1.1113, Validation Loss: 4.1189
Epoch 1000/1000, Train Loss: 1.0434, Validation Loss: 2.1375
Best Training Loss: 0.8825
Best Training Loss Epoch: 873
Best Validation Loss: 0.7010
Best Validation Loss Epoch: 677
Time taken for training: 1-02:52:23
Test Loss: 0.7273
Test MAPE: 248391.8750%
Error Statistics:
count    4.127200e+04
mean     1.326326e+03
std      1.647644e+05
min      9.536743e-07
25%      1.837695e-01
50%      2.221388e+00
75%      3.275711e+01
max      3.344048e+07
Name: Absolute Error, dtype: float64
Training complete. Final model saved.
Saving model as a wandb Artifact...
Model artifact logged successfully.
[1;34mwandb[0m: 
[1;34mwandb[0m: 🚀 View run [33mtrue-sweep-96[0m at: [34mhttps://wandb.ai/mk8737-new-york-university/rl_pretrain_hp_sweeps/runs/sx2engan[0m
[1;34mwandb[0m: Find logs at: [1;35mwandb/run-20251006_144038-sx2engan/logs[0m
Agent finished.
