Waiting for sweep ID...
Found Sweep ID: be12np04
Starting wandb agent for sweep be12np04...
TRAINING DEVICE: cpu
Run Name: GCN_global_hp_sweep_be12np04-r6truf9z
finidhed preparing data
Loading dataset from pretrain_dataset_12.5k_fixed_duplicates.pkl
Loaded 412712 data objects.
finished preparing data
Epoch 1/1000, Train Loss: 2.6538, Validation Loss: 1.6745
Epoch 2/1000, Train Loss: 1.5564, Validation Loss: 1.9458
Epoch 3/1000, Train Loss: 1.4924, Validation Loss: 1.7152
Epoch 4/1000, Train Loss: 1.3613, Validation Loss: 1.9568
Epoch 5/1000, Train Loss: 1.4704, Validation Loss: 3.3101
Epoch 6/1000, Train Loss: 1.2284, Validation Loss: 1.4136
Epoch 7/1000, Train Loss: 1.2261, Validation Loss: 1.6328
Epoch 8/1000, Train Loss: 1.2641, Validation Loss: 1.6944
Epoch 9/1000, Train Loss: 1.3106, Validation Loss: 2.1143
Epoch 10/1000, Train Loss: 1.2468, Validation Loss: 2.5257
Epoch 11/1000, Train Loss: 1.2213, Validation Loss: 1.6489
Epoch 12/1000, Train Loss: 1.1266, Validation Loss: 1.1549
Epoch 13/1000, Train Loss: 1.1336, Validation Loss: 3.2108
Epoch 14/1000, Train Loss: 1.1369, Validation Loss: 2.9278
Epoch 15/1000, Train Loss: 1.0515, Validation Loss: 0.9216
Epoch 16/1000, Train Loss: 1.1299, Validation Loss: 1.1778
Epoch 17/1000, Train Loss: 0.9882, Validation Loss: 1.0260
Epoch 18/1000, Train Loss: 1.0452, Validation Loss: 1.7345
Epoch 19/1000, Train Loss: 1.0197, Validation Loss: 1.6916
Epoch 20/1000, Train Loss: 0.9699, Validation Loss: 1.5279
Epoch 21/1000, Train Loss: 0.9149, Validation Loss: 4.2343
Epoch 22/1000, Train Loss: 0.8785, Validation Loss: 1.0053
Epoch 23/1000, Train Loss: 0.8402, Validation Loss: 1.8672
Epoch 24/1000, Train Loss: 0.8863, Validation Loss: 2.5406
Epoch 25/1000, Train Loss: 0.8385, Validation Loss: 2.3080
Epoch 26/1000, Train Loss: 0.8371, Validation Loss: 0.8120
Epoch 27/1000, Train Loss: 0.8423, Validation Loss: 3.2662
Epoch 28/1000, Train Loss: 0.7785, Validation Loss: 0.8085
Epoch 29/1000, Train Loss: 0.7823, Validation Loss: 0.8234
Epoch 30/1000, Train Loss: 0.7999, Validation Loss: 2.3243
Epoch 31/1000, Train Loss: 0.7476, Validation Loss: 0.8304
Epoch 32/1000, Train Loss: 0.7514, Validation Loss: 0.9048
Epoch 33/1000, Train Loss: 0.7593, Validation Loss: 1.8295
Epoch 34/1000, Train Loss: 0.7146, Validation Loss: 1.7189
Epoch 35/1000, Train Loss: 0.8451, Validation Loss: 1.3998
Epoch 36/1000, Train Loss: 0.7780, Validation Loss: 3.2908
Epoch 37/1000, Train Loss: 0.7352, Validation Loss: 7.2446
Epoch 38/1000, Train Loss: 0.6940, Validation Loss: 1.7047
Epoch 39/1000, Train Loss: 0.7030, Validation Loss: 2.4968
Epoch 40/1000, Train Loss: 0.6824, Validation Loss: 4.9418
Epoch 41/1000, Train Loss: 0.6905, Validation Loss: 1.3121
Epoch 42/1000, Train Loss: 0.6980, Validation Loss: 2.7992
Epoch 43/1000, Train Loss: 0.7057, Validation Loss: 1.3751
Epoch 44/1000, Train Loss: 0.6795, Validation Loss: 2.0042
Epoch 45/1000, Train Loss: 0.6652, Validation Loss: 0.9020
Epoch 46/1000, Train Loss: 0.6835, Validation Loss: 0.9576
Epoch 47/1000, Train Loss: 0.6504, Validation Loss: 1.3686
Epoch 48/1000, Train Loss: 0.6506, Validation Loss: 1.0364
Epoch 49/1000, Train Loss: 0.6487, Validation Loss: 0.7377
Epoch 50/1000, Train Loss: 0.6590, Validation Loss: 1.5215
Epoch 51/1000, Train Loss: 0.6547, Validation Loss: 0.6672
Epoch 52/1000, Train Loss: 0.6539, Validation Loss: 1.1608
Epoch 53/1000, Train Loss: 0.6532, Validation Loss: 1.0403
Epoch 54/1000, Train Loss: 0.6204, Validation Loss: 0.7655
Epoch 55/1000, Train Loss: 0.6977, Validation Loss: 7.5322
Epoch 56/1000, Train Loss: 0.6429, Validation Loss: 1.9850
Epoch 57/1000, Train Loss: 0.6081, Validation Loss: 0.9031
Epoch 58/1000, Train Loss: 0.6252, Validation Loss: 0.6304
Epoch 59/1000, Train Loss: 0.5995, Validation Loss: 1.7525
Epoch 60/1000, Train Loss: 0.6269, Validation Loss: 1.0687
Epoch 61/1000, Train Loss: 0.6022, Validation Loss: 0.8286
Epoch 62/1000, Train Loss: 0.5951, Validation Loss: 0.9365
Epoch 63/1000, Train Loss: 0.6002, Validation Loss: 0.6761
Epoch 64/1000, Train Loss: 0.5825, Validation Loss: 1.6702
Epoch 65/1000, Train Loss: 0.5949, Validation Loss: 3.0984
Epoch 66/1000, Train Loss: 0.6029, Validation Loss: 1.5920
Epoch 67/1000, Train Loss: 0.5982, Validation Loss: 0.9545
Epoch 68/1000, Train Loss: 0.5824, Validation Loss: 1.0375
Epoch 69/1000, Train Loss: 0.5846, Validation Loss: 0.8962
Epoch 70/1000, Train Loss: 0.5862, Validation Loss: 2.1608
Epoch 71/1000, Train Loss: 0.5799, Validation Loss: 1.2488
Epoch 72/1000, Train Loss: 0.5783, Validation Loss: 0.6852
Epoch 73/1000, Train Loss: 0.5646, Validation Loss: 0.9731
Epoch 74/1000, Train Loss: 0.5750, Validation Loss: 1.3452
Epoch 75/1000, Train Loss: 0.5583, Validation Loss: 2.6603
Epoch 76/1000, Train Loss: 0.5700, Validation Loss: 2.0298
Epoch 77/1000, Train Loss: 0.5794, Validation Loss: 2.9738
Epoch 78/1000, Train Loss: 0.5768, Validation Loss: 1.8751
Epoch 79/1000, Train Loss: 0.5679, Validation Loss: 0.9350
Epoch 80/1000, Train Loss: 0.5569, Validation Loss: 0.8960
Epoch 81/1000, Train Loss: 0.5631, Validation Loss: 1.8523
Epoch 82/1000, Train Loss: 0.5920, Validation Loss: 1.7860
Epoch 83/1000, Train Loss: 0.5554, Validation Loss: 1.3124
Epoch 84/1000, Train Loss: 0.5401, Validation Loss: 1.4282
Epoch 85/1000, Train Loss: 0.5411, Validation Loss: 7.8699
Epoch 86/1000, Train Loss: 0.5574, Validation Loss: 6.1337
Epoch 87/1000, Train Loss: 0.5354, Validation Loss: 0.9125
Epoch 88/1000, Train Loss: 0.5568, Validation Loss: 0.4967
Epoch 89/1000, Train Loss: 0.5290, Validation Loss: 2.2423
Epoch 90/1000, Train Loss: 0.5263, Validation Loss: 0.5927
Epoch 91/1000, Train Loss: 0.5209, Validation Loss: 3.1993
Epoch 92/1000, Train Loss: 0.5313, Validation Loss: 0.8768
Epoch 93/1000, Train Loss: 0.5384, Validation Loss: 0.5217
Epoch 94/1000, Train Loss: 0.5173, Validation Loss: 1.9078
Epoch 95/1000, Train Loss: 0.5319, Validation Loss: 4.3951
Epoch 96/1000, Train Loss: 0.5057, Validation Loss: 3.3416
Epoch 97/1000, Train Loss: 0.5334, Validation Loss: 2.1737
Epoch 98/1000, Train Loss: 0.4928, Validation Loss: 2.4083
Epoch 99/1000, Train Loss: 0.5021, Validation Loss: 0.9136
Epoch 100/1000, Train Loss: 0.5249, Validation Loss: 7.0154
Epoch 101/1000, Train Loss: 0.5352, Validation Loss: 1.9965
Epoch 102/1000, Train Loss: 0.5261, Validation Loss: 2.3738
Epoch 103/1000, Train Loss: 0.4926, Validation Loss: 2.6018
Epoch 104/1000, Train Loss: 0.4859, Validation Loss: 0.9270
Epoch 105/1000, Train Loss: 0.4926, Validation Loss: 3.0412
Epoch 106/1000, Train Loss: 0.4800, Validation Loss: 0.6231
Epoch 107/1000, Train Loss: 0.5143, Validation Loss: 1.9194
Epoch 108/1000, Train Loss: 0.4994, Validation Loss: 1.2636
Epoch 109/1000, Train Loss: 0.4853, Validation Loss: 2.8073
Epoch 110/1000, Train Loss: 0.4903, Validation Loss: 0.8509
Epoch 111/1000, Train Loss: 0.4950, Validation Loss: 7.8711
Epoch 112/1000, Train Loss: 0.4845, Validation Loss: 0.6476
Epoch 113/1000, Train Loss: 0.4830, Validation Loss: 0.6894
Epoch 114/1000, Train Loss: 0.4749, Validation Loss: 1.1573
Epoch 115/1000, Train Loss: 0.4881, Validation Loss: 2.0128
Epoch 116/1000, Train Loss: 0.4818, Validation Loss: 1.5105
Epoch 117/1000, Train Loss: 0.4596, Validation Loss: 1.2130
Epoch 118/1000, Train Loss: 0.4571, Validation Loss: 0.8244
Epoch 119/1000, Train Loss: 0.4785, Validation Loss: 1.2642
Epoch 120/1000, Train Loss: 0.4575, Validation Loss: 0.8333
Epoch 121/1000, Train Loss: 0.4597, Validation Loss: 0.7326
Epoch 122/1000, Train Loss: 0.4704, Validation Loss: 0.9871
Epoch 123/1000, Train Loss: 0.4718, Validation Loss: 1.3469
Epoch 124/1000, Train Loss: 0.4474, Validation Loss: 1.3637
Epoch 125/1000, Train Loss: 0.4808, Validation Loss: 3.8480
Epoch 126/1000, Train Loss: 0.4682, Validation Loss: 0.7433
Epoch 127/1000, Train Loss: 0.4778, Validation Loss: 2.9499
Epoch 128/1000, Train Loss: 0.4661, Validation Loss: 2.3160
Epoch 129/1000, Train Loss: 0.4477, Validation Loss: 3.9231
Epoch 130/1000, Train Loss: 0.4641, Validation Loss: 0.5615
Epoch 131/1000, Train Loss: 0.4599, Validation Loss: 1.7579
Epoch 132/1000, Train Loss: 0.4537, Validation Loss: 1.3426
Epoch 133/1000, Train Loss: 0.4558, Validation Loss: 1.3946
Epoch 134/1000, Train Loss: 0.4440, Validation Loss: 2.5713
Epoch 135/1000, Train Loss: 0.4378, Validation Loss: 6.0109
Epoch 136/1000, Train Loss: 0.4380, Validation Loss: 3.5581
Epoch 137/1000, Train Loss: 0.4389, Validation Loss: 3.0431
Epoch 138/1000, Train Loss: 0.4409, Validation Loss: 1.0424
Epoch 139/1000, Train Loss: 0.4487, Validation Loss: 5.6525
Epoch 140/1000, Train Loss: 0.4324, Validation Loss: 1.4289
Epoch 141/1000, Train Loss: 0.4352, Validation Loss: 0.7641
Epoch 142/1000, Train Loss: 0.4442, Validation Loss: 1.5215
Epoch 143/1000, Train Loss: 0.4366, Validation Loss: 3.3510
Epoch 144/1000, Train Loss: 0.4270, Validation Loss: 1.0307
Epoch 145/1000, Train Loss: 0.4354, Validation Loss: 0.8675
Epoch 146/1000, Train Loss: 0.4382, Validation Loss: 0.8105
Epoch 147/1000, Train Loss: 0.4315, Validation Loss: 1.3076
Epoch 148/1000, Train Loss: 0.4320, Validation Loss: 2.2120
Epoch 149/1000, Train Loss: 0.4510, Validation Loss: 0.8677
Epoch 150/1000, Train Loss: 0.4427, Validation Loss: 0.6800
Epoch 151/1000, Train Loss: 0.4329, Validation Loss: 0.8132
Epoch 152/1000, Train Loss: 0.4316, Validation Loss: 0.5411
Epoch 153/1000, Train Loss: 0.4174, Validation Loss: 2.3582
Epoch 154/1000, Train Loss: 0.4426, Validation Loss: 0.5693
Epoch 155/1000, Train Loss: 0.4334, Validation Loss: 0.5145
Epoch 156/1000, Train Loss: 0.4410, Validation Loss: 0.5121
Epoch 157/1000, Train Loss: 0.4223, Validation Loss: 1.9455
Epoch 158/1000, Train Loss: 0.4324, Validation Loss: 1.7277
Epoch 159/1000, Train Loss: 0.4295, Validation Loss: 3.4066
Epoch 160/1000, Train Loss: 0.4203, Validation Loss: 0.9512
Epoch 161/1000, Train Loss: 0.4108, Validation Loss: 0.9288
Epoch 162/1000, Train Loss: 0.4125, Validation Loss: 0.6648
Epoch 163/1000, Train Loss: 0.4140, Validation Loss: 0.7591
Epoch 164/1000, Train Loss: 0.4169, Validation Loss: 0.6703
Epoch 165/1000, Train Loss: 0.4347, Validation Loss: 2.5191
Epoch 166/1000, Train Loss: 0.4179, Validation Loss: 1.3807
Epoch 167/1000, Train Loss: 0.4100, Validation Loss: 8.3699
Epoch 168/1000, Train Loss: 0.4140, Validation Loss: 0.4445
Epoch 169/1000, Train Loss: 0.4101, Validation Loss: 0.4479
Epoch 170/1000, Train Loss: 0.4144, Validation Loss: 1.3536
Epoch 171/1000, Train Loss: 0.4125, Validation Loss: 0.7101
Epoch 172/1000, Train Loss: 0.4312, Validation Loss: 0.6783
Epoch 173/1000, Train Loss: 0.4121, Validation Loss: 3.0141
Epoch 174/1000, Train Loss: 0.4137, Validation Loss: 3.8648
Epoch 175/1000, Train Loss: 0.4146, Validation Loss: 9.4498
Epoch 176/1000, Train Loss: 0.4067, Validation Loss: 0.8434
Epoch 177/1000, Train Loss: 0.4186, Validation Loss: 2.2295
Epoch 178/1000, Train Loss: 0.4238, Validation Loss: 0.6486
Epoch 179/1000, Train Loss: 0.4109, Validation Loss: 6.2534
Epoch 180/1000, Train Loss: 0.3972, Validation Loss: 0.8510
Epoch 181/1000, Train Loss: 0.3986, Validation Loss: 1.7023
Epoch 182/1000, Train Loss: 0.4064, Validation Loss: 1.5307
Epoch 183/1000, Train Loss: 0.3967, Validation Loss: 3.4014
Epoch 184/1000, Train Loss: 0.4020, Validation Loss: 2.2101
Epoch 185/1000, Train Loss: 0.4065, Validation Loss: 0.7506
Epoch 186/1000, Train Loss: 0.3977, Validation Loss: 1.0703
Epoch 187/1000, Train Loss: 0.3906, Validation Loss: 1.6380
Epoch 188/1000, Train Loss: 0.4055, Validation Loss: 1.9752
Epoch 189/1000, Train Loss: 0.4084, Validation Loss: 2.0277
Epoch 190/1000, Train Loss: 0.4140, Validation Loss: 1.0220
Epoch 191/1000, Train Loss: 0.3877, Validation Loss: 4.0012
Epoch 192/1000, Train Loss: 0.3970, Validation Loss: 1.4824
Epoch 193/1000, Train Loss: 0.3944, Validation Loss: 0.8241
Epoch 194/1000, Train Loss: 0.3843, Validation Loss: 0.6337
Epoch 195/1000, Train Loss: 0.3867, Validation Loss: 2.6599
Epoch 196/1000, Train Loss: 0.3932, Validation Loss: 0.4570
Epoch 197/1000, Train Loss: 0.3939, Validation Loss: 7.4404
Epoch 198/1000, Train Loss: 0.3874, Validation Loss: 1.1945
Epoch 199/1000, Train Loss: 0.3820, Validation Loss: 1.6218
Epoch 200/1000, Train Loss: 0.3892, Validation Loss: 1.9755
Epoch 201/1000, Train Loss: 0.3856, Validation Loss: 4.3017
Epoch 202/1000, Train Loss: 0.3938, Validation Loss: 3.6826
Epoch 203/1000, Train Loss: 0.3787, Validation Loss: 0.8526
Epoch 204/1000, Train Loss: 0.3809, Validation Loss: 2.6475
Epoch 205/1000, Train Loss: 0.3929, Validation Loss: 2.8768
Epoch 206/1000, Train Loss: 0.3992, Validation Loss: 0.7737
Epoch 207/1000, Train Loss: 0.3788, Validation Loss: 0.6467
Epoch 208/1000, Train Loss: 0.3725, Validation Loss: 0.4758
Epoch 209/1000, Train Loss: 0.3742, Validation Loss: 0.9219
Epoch 210/1000, Train Loss: 0.3761, Validation Loss: 0.5483
Epoch 211/1000, Train Loss: 0.3856, Validation Loss: 1.0366
Epoch 212/1000, Train Loss: 0.3686, Validation Loss: 0.4513
Epoch 213/1000, Train Loss: 0.3822, Validation Loss: 1.6228
Epoch 214/1000, Train Loss: 0.3845, Validation Loss: 1.3960
Epoch 215/1000, Train Loss: 0.3697, Validation Loss: 2.4347
Epoch 216/1000, Train Loss: 0.3698, Validation Loss: 0.4633
Epoch 217/1000, Train Loss: 0.3758, Validation Loss: 1.4448
Epoch 218/1000, Train Loss: 0.3759, Validation Loss: 0.8821
Epoch 219/1000, Train Loss: 0.3712, Validation Loss: 0.6601
Epoch 220/1000, Train Loss: 0.3788, Validation Loss: 0.8710
Epoch 221/1000, Train Loss: 0.3710, Validation Loss: 0.5592
Epoch 222/1000, Train Loss: 0.3728, Validation Loss: 3.4801
Epoch 223/1000, Train Loss: 0.3672, Validation Loss: 0.5830
Epoch 224/1000, Train Loss: 0.3705, Validation Loss: 1.2618
Epoch 225/1000, Train Loss: 0.3715, Validation Loss: 0.9334
Epoch 226/1000, Train Loss: 0.3773, Validation Loss: 0.6351
Epoch 227/1000, Train Loss: 0.3749, Validation Loss: 1.8234
Epoch 228/1000, Train Loss: 0.3666, Validation Loss: 0.5754
Epoch 229/1000, Train Loss: 0.3725, Validation Loss: 0.6211
Epoch 230/1000, Train Loss: 0.3783, Validation Loss: 1.1532
Epoch 231/1000, Train Loss: 0.3635, Validation Loss: 0.4540
Epoch 232/1000, Train Loss: 0.3630, Validation Loss: 2.1900
Epoch 233/1000, Train Loss: 0.3748, Validation Loss: 0.5924
Epoch 234/1000, Train Loss: 0.3699, Validation Loss: 9.0477
Epoch 235/1000, Train Loss: 0.3641, Validation Loss: 1.1580
Epoch 236/1000, Train Loss: 0.3600, Validation Loss: 0.9288
Epoch 237/1000, Train Loss: 0.3623, Validation Loss: 0.5731
Epoch 238/1000, Train Loss: 0.3567, Validation Loss: 0.4084
Epoch 239/1000, Train Loss: 0.3549, Validation Loss: 0.9792
Epoch 240/1000, Train Loss: 0.3530, Validation Loss: 1.0734
Epoch 241/1000, Train Loss: 0.3619, Validation Loss: 7.5766
Epoch 242/1000, Train Loss: 0.3522, Validation Loss: 0.6552
Epoch 243/1000, Train Loss: 0.3617, Validation Loss: 1.1806
Epoch 244/1000, Train Loss: 0.3624, Validation Loss: 0.7238
Epoch 245/1000, Train Loss: 0.3490, Validation Loss: 0.5445
Epoch 246/1000, Train Loss: 0.3554, Validation Loss: 0.6630
Epoch 247/1000, Train Loss: 0.3541, Validation Loss: 1.2726
Epoch 248/1000, Train Loss: 0.3519, Validation Loss: 1.6832
Epoch 249/1000, Train Loss: 0.3549, Validation Loss: 3.2860
Epoch 250/1000, Train Loss: 0.3517, Validation Loss: 0.5324
Epoch 251/1000, Train Loss: 0.3515, Validation Loss: 2.2948
Epoch 252/1000, Train Loss: 0.3598, Validation Loss: 2.4676
Epoch 253/1000, Train Loss: 0.3556, Validation Loss: 0.9329
Epoch 254/1000, Train Loss: 0.3528, Validation Loss: 0.8057
Epoch 255/1000, Train Loss: 0.3529, Validation Loss: 0.6199
Epoch 256/1000, Train Loss: 0.3490, Validation Loss: 1.0490
Epoch 257/1000, Train Loss: 0.3606, Validation Loss: 0.5477
Epoch 258/1000, Train Loss: 0.3634, Validation Loss: 0.6025
Epoch 259/1000, Train Loss: 0.3527, Validation Loss: 0.6787
Epoch 260/1000, Train Loss: 0.3504, Validation Loss: 0.8503
Epoch 261/1000, Train Loss: 0.3482, Validation Loss: 2.3619
Epoch 262/1000, Train Loss: 0.3519, Validation Loss: 0.7906
Epoch 263/1000, Train Loss: 0.3521, Validation Loss: 2.5529
Epoch 264/1000, Train Loss: 0.3529, Validation Loss: 0.6374
Epoch 265/1000, Train Loss: 0.3454, Validation Loss: 1.1410
Epoch 266/1000, Train Loss: 0.3483, Validation Loss: 3.3024
Epoch 267/1000, Train Loss: 0.3424, Validation Loss: 0.7964
Epoch 268/1000, Train Loss: 0.3445, Validation Loss: 4.8894
Epoch 269/1000, Train Loss: 0.3373, Validation Loss: 1.4013
Epoch 270/1000, Train Loss: 0.3481, Validation Loss: 1.5290
Epoch 271/1000, Train Loss: 0.3520, Validation Loss: 1.5677
Epoch 272/1000, Train Loss: 0.3468, Validation Loss: 1.2008
Epoch 273/1000, Train Loss: 0.3553, Validation Loss: 0.8455
Epoch 274/1000, Train Loss: 0.3528, Validation Loss: 2.4921
Epoch 275/1000, Train Loss: 0.3441, Validation Loss: 1.1801
Epoch 276/1000, Train Loss: 0.3411, Validation Loss: 0.4761
Epoch 277/1000, Train Loss: 0.3432, Validation Loss: 2.3403
Epoch 278/1000, Train Loss: 0.3455, Validation Loss: 2.9320
Epoch 279/1000, Train Loss: 0.3403, Validation Loss: 2.5161
Epoch 280/1000, Train Loss: 0.3397, Validation Loss: 0.9700
Epoch 281/1000, Train Loss: 0.3338, Validation Loss: 0.4561
Epoch 282/1000, Train Loss: 0.3387, Validation Loss: 0.9606
Epoch 283/1000, Train Loss: 0.3496, Validation Loss: 0.5259
Epoch 284/1000, Train Loss: 0.3418, Validation Loss: 0.5784
Epoch 285/1000, Train Loss: 0.3419, Validation Loss: 0.8980
Epoch 286/1000, Train Loss: 0.3425, Validation Loss: 1.3986
Epoch 287/1000, Train Loss: 0.3380, Validation Loss: 1.8057
Epoch 288/1000, Train Loss: 0.3398, Validation Loss: 0.4749
Epoch 289/1000, Train Loss: 0.3425, Validation Loss: 0.6886
Epoch 290/1000, Train Loss: 0.3331, Validation Loss: 2.0115
Epoch 291/1000, Train Loss: 0.3398, Validation Loss: 0.8957
Epoch 292/1000, Train Loss: 0.3355, Validation Loss: 0.6130
Epoch 293/1000, Train Loss: 0.3362, Validation Loss: 0.5782
Epoch 294/1000, Train Loss: 0.3376, Validation Loss: 1.3649
Epoch 295/1000, Train Loss: 0.3420, Validation Loss: 1.0402
Epoch 296/1000, Train Loss: 0.3321, Validation Loss: 1.6434
Epoch 297/1000, Train Loss: 0.3366, Validation Loss: 1.9533
Epoch 298/1000, Train Loss: 0.3354, Validation Loss: 0.3392
Epoch 299/1000, Train Loss: 0.3369, Validation Loss: 1.5484
Epoch 300/1000, Train Loss: 0.3338, Validation Loss: 0.8669
Epoch 301/1000, Train Loss: 0.3372, Validation Loss: 1.1401
Epoch 302/1000, Train Loss: 0.3299, Validation Loss: 2.7154
Epoch 303/1000, Train Loss: 0.3326, Validation Loss: 2.2482
Epoch 304/1000, Train Loss: 0.3282, Validation Loss: 1.2619
Epoch 305/1000, Train Loss: 0.3286, Validation Loss: 0.5637
Epoch 306/1000, Train Loss: 0.3348, Validation Loss: 1.1536
Epoch 307/1000, Train Loss: 0.3251, Validation Loss: 0.5311
Epoch 308/1000, Train Loss: 0.3243, Validation Loss: 1.4534
Epoch 309/1000, Train Loss: 0.3267, Validation Loss: 3.5799
Epoch 310/1000, Train Loss: 0.3332, Validation Loss: 2.1258
Epoch 311/1000, Train Loss: 0.3361, Validation Loss: 2.0951
Epoch 312/1000, Train Loss: 0.3330, Validation Loss: 2.8713
Epoch 313/1000, Train Loss: 0.3267, Validation Loss: 0.4633
Epoch 314/1000, Train Loss: 0.3344, Validation Loss: 0.4145
Epoch 315/1000, Train Loss: 0.3306, Validation Loss: 0.7180
Epoch 316/1000, Train Loss: 0.3244, Validation Loss: 0.3764
Epoch 317/1000, Train Loss: 0.3322, Validation Loss: 0.5201
Epoch 318/1000, Train Loss: 0.3303, Validation Loss: 0.3964
Epoch 319/1000, Train Loss: 0.3306, Validation Loss: 0.4527
Epoch 320/1000, Train Loss: 0.3377, Validation Loss: 1.6253
Epoch 321/1000, Train Loss: 0.3214, Validation Loss: 0.6771
Epoch 322/1000, Train Loss: 0.3247, Validation Loss: 0.4553
Epoch 323/1000, Train Loss: 0.3215, Validation Loss: 0.5841
Epoch 324/1000, Train Loss: 0.3164, Validation Loss: 0.8137
Epoch 325/1000, Train Loss: 0.3246, Validation Loss: 0.8911
Epoch 326/1000, Train Loss: 0.3210, Validation Loss: 0.6796
Epoch 327/1000, Train Loss: 0.3241, Validation Loss: 0.8283
Epoch 328/1000, Train Loss: 0.3293, Validation Loss: 0.8258
Epoch 329/1000, Train Loss: 0.3357, Validation Loss: 0.5635
Epoch 330/1000, Train Loss: 0.3236, Validation Loss: 0.9084
Epoch 331/1000, Train Loss: 0.3338, Validation Loss: 1.6155
Epoch 332/1000, Train Loss: 0.3208, Validation Loss: 0.3949
Epoch 333/1000, Train Loss: 0.3217, Validation Loss: 0.7542
Epoch 334/1000, Train Loss: 0.3178, Validation Loss: 0.7465
Epoch 335/1000, Train Loss: 0.3190, Validation Loss: 0.7444
Epoch 336/1000, Train Loss: 0.3200, Validation Loss: 0.8449
Epoch 337/1000, Train Loss: 0.3216, Validation Loss: 0.6971
Epoch 338/1000, Train Loss: 0.3259, Validation Loss: 0.9149
Epoch 339/1000, Train Loss: 0.3239, Validation Loss: 2.0504
Epoch 340/1000, Train Loss: 0.3236, Validation Loss: 1.1238
Epoch 341/1000, Train Loss: 0.3241, Validation Loss: 0.8174
Epoch 342/1000, Train Loss: 0.3195, Validation Loss: 0.4691
Epoch 343/1000, Train Loss: 0.3198, Validation Loss: 0.5385
Epoch 344/1000, Train Loss: 0.3163, Validation Loss: 0.4349
Epoch 345/1000, Train Loss: 0.3165, Validation Loss: 0.5054
Epoch 346/1000, Train Loss: 0.3160, Validation Loss: 1.0205
Epoch 347/1000, Train Loss: 0.3214, Validation Loss: 1.4001
Epoch 348/1000, Train Loss: 0.3177, Validation Loss: 0.3526
Epoch 349/1000, Train Loss: 0.3159, Validation Loss: 0.5269
Epoch 350/1000, Train Loss: 0.3177, Validation Loss: 0.7855
Epoch 351/1000, Train Loss: 0.3198, Validation Loss: 2.6533
Epoch 352/1000, Train Loss: 0.3171, Validation Loss: 0.9404
Epoch 353/1000, Train Loss: 0.3127, Validation Loss: 0.4425
Epoch 354/1000, Train Loss: 0.3167, Validation Loss: 1.1342
Epoch 355/1000, Train Loss: 0.3223, Validation Loss: 0.4646
Epoch 356/1000, Train Loss: 0.3119, Validation Loss: 0.9712
Epoch 357/1000, Train Loss: 0.3144, Validation Loss: 0.5829
Epoch 358/1000, Train Loss: 0.3115, Validation Loss: 0.5259
Epoch 359/1000, Train Loss: 0.3188, Validation Loss: 0.7193
Epoch 360/1000, Train Loss: 0.3176, Validation Loss: 0.9711
Epoch 361/1000, Train Loss: 0.3209, Validation Loss: 1.6517
Epoch 362/1000, Train Loss: 0.3161, Validation Loss: 0.7528
Epoch 363/1000, Train Loss: 0.3112, Validation Loss: 0.3603
Epoch 364/1000, Train Loss: 0.3083, Validation Loss: 0.3478
Epoch 365/1000, Train Loss: 0.3103, Validation Loss: 1.2182
Epoch 366/1000, Train Loss: 0.3239, Validation Loss: 1.4298
Epoch 367/1000, Train Loss: 0.3113, Validation Loss: 1.0153
Epoch 368/1000, Train Loss: 0.3108, Validation Loss: 2.0684
Epoch 369/1000, Train Loss: 0.3188, Validation Loss: 0.8882
Epoch 370/1000, Train Loss: 0.3177, Validation Loss: 1.4498
Epoch 371/1000, Train Loss: 0.3121, Validation Loss: 1.1961
Epoch 372/1000, Train Loss: 0.3094, Validation Loss: 1.2675
Epoch 373/1000, Train Loss: 0.3128, Validation Loss: 0.8122
Epoch 374/1000, Train Loss: 0.3109, Validation Loss: 0.5583
Epoch 375/1000, Train Loss: 0.3285, Validation Loss: 0.4821
Epoch 376/1000, Train Loss: 0.3126, Validation Loss: 0.9331
Epoch 377/1000, Train Loss: 0.3118, Validation Loss: 1.9207
Epoch 378/1000, Train Loss: 0.3090, Validation Loss: 0.7167
Epoch 379/1000, Train Loss: 0.3049, Validation Loss: 1.2400
Epoch 380/1000, Train Loss: 0.3099, Validation Loss: 0.5101
Epoch 381/1000, Train Loss: 0.3097, Validation Loss: 0.4103
Epoch 382/1000, Train Loss: 0.3135, Validation Loss: 0.5859
Epoch 383/1000, Train Loss: 0.3073, Validation Loss: 0.7602
Epoch 384/1000, Train Loss: 0.3125, Validation Loss: 0.3304
Epoch 385/1000, Train Loss: 0.3090, Validation Loss: 1.3525
Epoch 386/1000, Train Loss: 0.3054, Validation Loss: 0.4513
Epoch 387/1000, Train Loss: 0.3090, Validation Loss: 0.3524
Epoch 388/1000, Train Loss: 0.3090, Validation Loss: 0.6685
Epoch 389/1000, Train Loss: 0.3056, Validation Loss: 0.4145
Epoch 390/1000, Train Loss: 0.3110, Validation Loss: 0.5682
Epoch 391/1000, Train Loss: 0.3051, Validation Loss: 4.7481
Epoch 392/1000, Train Loss: 0.3030, Validation Loss: 0.4608
Epoch 393/1000, Train Loss: 0.3130, Validation Loss: 0.5661
Epoch 394/1000, Train Loss: 0.3085, Validation Loss: 1.1820
Epoch 395/1000, Train Loss: 0.3062, Validation Loss: 0.5109
Epoch 396/1000, Train Loss: 0.3049, Validation Loss: 2.2093
Epoch 397/1000, Train Loss: 0.3067, Validation Loss: 3.4496
Epoch 398/1000, Train Loss: 0.3061, Validation Loss: 1.2709
Epoch 399/1000, Train Loss: 0.3029, Validation Loss: 0.9761
Epoch 400/1000, Train Loss: 0.3123, Validation Loss: 0.8652
Epoch 401/1000, Train Loss: 0.3032, Validation Loss: 0.5867
Epoch 402/1000, Train Loss: 0.3029, Validation Loss: 0.6037
Epoch 403/1000, Train Loss: 0.2989, Validation Loss: 0.7604
Epoch 404/1000, Train Loss: 0.3029, Validation Loss: 0.6433
Epoch 405/1000, Train Loss: 0.3087, Validation Loss: 1.7861
Epoch 406/1000, Train Loss: 0.3068, Validation Loss: 0.3888
Epoch 407/1000, Train Loss: 0.3086, Validation Loss: 0.4742
Epoch 408/1000, Train Loss: 0.2982, Validation Loss: 0.7186
Epoch 409/1000, Train Loss: 0.3010, Validation Loss: 0.3817
Epoch 410/1000, Train Loss: 0.3016, Validation Loss: 0.3418
Epoch 411/1000, Train Loss: 0.3003, Validation Loss: 3.7062
Epoch 412/1000, Train Loss: 0.3035, Validation Loss: 2.9413
Epoch 413/1000, Train Loss: 0.2999, Validation Loss: 1.3001
Epoch 414/1000, Train Loss: 0.3027, Validation Loss: 0.9877
Epoch 415/1000, Train Loss: 0.3023, Validation Loss: 0.4962
Epoch 416/1000, Train Loss: 0.2998, Validation Loss: 0.6700
Epoch 417/1000, Train Loss: 0.3031, Validation Loss: 0.5612
Epoch 418/1000, Train Loss: 0.3024, Validation Loss: 0.4309
Epoch 419/1000, Train Loss: 0.3130, Validation Loss: 0.8830
Epoch 420/1000, Train Loss: 0.3004, Validation Loss: 0.8076
Epoch 421/1000, Train Loss: 0.3060, Validation Loss: 1.8695
Epoch 422/1000, Train Loss: 0.2995, Validation Loss: 1.0706
Epoch 423/1000, Train Loss: 0.3043, Validation Loss: 1.4534
Epoch 424/1000, Train Loss: 0.2976, Validation Loss: 0.5645
Epoch 425/1000, Train Loss: 0.2960, Validation Loss: 2.1657
Epoch 426/1000, Train Loss: 0.2980, Validation Loss: 0.8711
Epoch 427/1000, Train Loss: 0.2984, Validation Loss: 3.3680
Epoch 428/1000, Train Loss: 0.3038, Validation Loss: 0.9829
Epoch 429/1000, Train Loss: 0.2948, Validation Loss: 0.6486
Epoch 430/1000, Train Loss: 0.2982, Validation Loss: 0.3628
Epoch 431/1000, Train Loss: 0.3024, Validation Loss: 0.6127
Epoch 432/1000, Train Loss: 0.2968, Validation Loss: 0.7332
Epoch 433/1000, Train Loss: 0.2971, Validation Loss: 0.6833
Epoch 434/1000, Train Loss: 0.3117, Validation Loss: 1.0572
Epoch 435/1000, Train Loss: 0.3023, Validation Loss: 3.2708
Epoch 436/1000, Train Loss: 0.2982, Validation Loss: 0.7407
Epoch 437/1000, Train Loss: 0.2943, Validation Loss: 2.6348
Epoch 438/1000, Train Loss: 0.2956, Validation Loss: 1.0795
Epoch 439/1000, Train Loss: 0.2999, Validation Loss: 0.7959
Epoch 440/1000, Train Loss: 0.2964, Validation Loss: 0.6903
Epoch 441/1000, Train Loss: 0.2957, Validation Loss: 1.8782
Epoch 442/1000, Train Loss: 0.3022, Validation Loss: 3.3580
Epoch 443/1000, Train Loss: 0.3022, Validation Loss: 0.8033
Epoch 444/1000, Train Loss: 0.2914, Validation Loss: 2.0458
Epoch 445/1000, Train Loss: 0.2969, Validation Loss: 0.5191
Epoch 446/1000, Train Loss: 0.2930, Validation Loss: 0.5732
Epoch 447/1000, Train Loss: 0.2969, Validation Loss: 1.1919
Epoch 448/1000, Train Loss: 0.3014, Validation Loss: 0.4684
Epoch 449/1000, Train Loss: 0.2957, Validation Loss: 0.6189
Epoch 450/1000, Train Loss: 0.2994, Validation Loss: 0.3238
Epoch 451/1000, Train Loss: 0.2930, Validation Loss: 0.4182
Epoch 452/1000, Train Loss: 0.2947, Validation Loss: 0.6722
Epoch 453/1000, Train Loss: 0.2936, Validation Loss: 1.1197
Epoch 454/1000, Train Loss: 0.2975, Validation Loss: 0.3914
Epoch 455/1000, Train Loss: 0.2943, Validation Loss: 0.4527
Epoch 456/1000, Train Loss: 0.2991, Validation Loss: 0.7139
Epoch 457/1000, Train Loss: 0.2955, Validation Loss: 0.4085
Epoch 458/1000, Train Loss: 0.2896, Validation Loss: 1.3508
Epoch 459/1000, Train Loss: 0.2915, Validation Loss: 0.4341
Epoch 460/1000, Train Loss: 0.2945, Validation Loss: 0.3969
Epoch 461/1000, Train Loss: 0.2897, Validation Loss: 0.7164
Epoch 462/1000, Train Loss: 0.3062, Validation Loss: 1.5966
Epoch 463/1000, Train Loss: 0.2938, Validation Loss: 0.4438
Epoch 464/1000, Train Loss: 0.2926, Validation Loss: 2.0201
Epoch 465/1000, Train Loss: 0.2965, Validation Loss: 1.5027
Epoch 466/1000, Train Loss: 0.2909, Validation Loss: 2.6150
Epoch 467/1000, Train Loss: 0.2932, Validation Loss: 0.4905
Epoch 468/1000, Train Loss: 0.2956, Validation Loss: 0.6267
Epoch 469/1000, Train Loss: 0.2948, Validation Loss: 1.8924
Epoch 470/1000, Train Loss: 0.2911, Validation Loss: 1.2843
Epoch 471/1000, Train Loss: 0.2877, Validation Loss: 1.6383
Epoch 472/1000, Train Loss: 0.2905, Validation Loss: 0.3860
Epoch 473/1000, Train Loss: 0.2916, Validation Loss: 0.3178
Epoch 474/1000, Train Loss: 0.2886, Validation Loss: 1.9661
Epoch 475/1000, Train Loss: 0.2908, Validation Loss: 0.3516
Epoch 476/1000, Train Loss: 0.2911, Validation Loss: 1.5128
Epoch 477/1000, Train Loss: 0.2916, Validation Loss: 0.7028
Epoch 478/1000, Train Loss: 0.3022, Validation Loss: 1.3719
Epoch 479/1000, Train Loss: 0.2955, Validation Loss: 0.4793
Epoch 480/1000, Train Loss: 0.2925, Validation Loss: 0.4818
Epoch 481/1000, Train Loss: 0.2892, Validation Loss: 0.5781
Epoch 482/1000, Train Loss: 0.2946, Validation Loss: 1.3356
Epoch 483/1000, Train Loss: 0.2877, Validation Loss: 0.4705
Epoch 484/1000, Train Loss: 0.2914, Validation Loss: 0.4593
Epoch 485/1000, Train Loss: 0.2842, Validation Loss: 1.3411
Epoch 486/1000, Train Loss: 0.2963, Validation Loss: 0.5223
Epoch 487/1000, Train Loss: 0.2896, Validation Loss: 3.1112
Epoch 488/1000, Train Loss: 0.2850, Validation Loss: 1.7839
Epoch 489/1000, Train Loss: 0.2866, Validation Loss: 0.7101
Epoch 490/1000, Train Loss: 0.2863, Validation Loss: 0.4643
Epoch 491/1000, Train Loss: 0.2866, Validation Loss: 0.5968
Epoch 492/1000, Train Loss: 0.2876, Validation Loss: 0.3852
Epoch 493/1000, Train Loss: 0.2892, Validation Loss: 0.3260
Epoch 494/1000, Train Loss: 0.2869, Validation Loss: 0.5563
Epoch 495/1000, Train Loss: 0.2864, Validation Loss: 0.7707
Epoch 496/1000, Train Loss: 0.2872, Validation Loss: 0.8806
Epoch 497/1000, Train Loss: 0.2840, Validation Loss: 0.8414
Epoch 498/1000, Train Loss: 0.2865, Validation Loss: 1.1210
Epoch 499/1000, Train Loss: 0.2818, Validation Loss: 0.2893
Epoch 500/1000, Train Loss: 0.2833, Validation Loss: 2.3713
Epoch 501/1000, Train Loss: 0.2855, Validation Loss: 0.4092
Epoch 502/1000, Train Loss: 0.2859, Validation Loss: 0.9442
Epoch 503/1000, Train Loss: 0.2826, Validation Loss: 1.3875
Epoch 504/1000, Train Loss: 0.2858, Validation Loss: 1.8764
Epoch 505/1000, Train Loss: 0.2901, Validation Loss: 0.4357
Epoch 506/1000, Train Loss: 0.2843, Validation Loss: 0.4595
Epoch 507/1000, Train Loss: 0.2826, Validation Loss: 0.3914
Epoch 508/1000, Train Loss: 0.2806, Validation Loss: 2.2196
Epoch 509/1000, Train Loss: 0.2838, Validation Loss: 0.8547
Epoch 510/1000, Train Loss: 0.2870, Validation Loss: 1.1867
Epoch 511/1000, Train Loss: 0.2804, Validation Loss: 0.9221
Epoch 512/1000, Train Loss: 0.2855, Validation Loss: 1.3318
Epoch 513/1000, Train Loss: 0.2814, Validation Loss: 0.9066
Epoch 514/1000, Train Loss: 0.2861, Validation Loss: 0.3015
Epoch 515/1000, Train Loss: 0.2823, Validation Loss: 2.5981
Epoch 516/1000, Train Loss: 0.2808, Validation Loss: 2.1087
Epoch 517/1000, Train Loss: 0.2819, Validation Loss: 0.8103
Epoch 518/1000, Train Loss: 0.2836, Validation Loss: 0.7531
Epoch 519/1000, Train Loss: 0.2798, Validation Loss: 1.6757
Epoch 520/1000, Train Loss: 0.2830, Validation Loss: 0.4718
Epoch 521/1000, Train Loss: 0.2811, Validation Loss: 0.5044
Epoch 522/1000, Train Loss: 0.2824, Validation Loss: 0.9380
Epoch 523/1000, Train Loss: 0.2792, Validation Loss: 0.6348
Epoch 524/1000, Train Loss: 0.2878, Validation Loss: 1.6208
Epoch 525/1000, Train Loss: 0.3100, Validation Loss: 0.6830
Epoch 526/1000, Train Loss: 0.2779, Validation Loss: 0.8944
Epoch 527/1000, Train Loss: 0.2848, Validation Loss: 1.5076
Epoch 528/1000, Train Loss: 0.2815, Validation Loss: 1.4750
Epoch 529/1000, Train Loss: 0.2777, Validation Loss: 0.3477
Epoch 530/1000, Train Loss: 0.2802, Validation Loss: 0.4531
Epoch 531/1000, Train Loss: 0.2845, Validation Loss: 0.3289
Epoch 532/1000, Train Loss: 0.2824, Validation Loss: 1.8466
Epoch 533/1000, Train Loss: 0.2855, Validation Loss: 3.0450
Epoch 534/1000, Train Loss: 0.2790, Validation Loss: 0.9511
Epoch 535/1000, Train Loss: 0.2850, Validation Loss: 0.5435
Epoch 536/1000, Train Loss: 0.2739, Validation Loss: 2.3797
Epoch 537/1000, Train Loss: 0.2804, Validation Loss: 0.4728
Epoch 538/1000, Train Loss: 0.2796, Validation Loss: 0.9167
Epoch 539/1000, Train Loss: 0.2787, Validation Loss: 0.4696
Epoch 540/1000, Train Loss: 0.2824, Validation Loss: 0.6706
Epoch 541/1000, Train Loss: 0.2818, Validation Loss: 4.5299
Epoch 542/1000, Train Loss: 0.2810, Validation Loss: 0.6240
Epoch 543/1000, Train Loss: 0.2818, Validation Loss: 0.4716
Epoch 544/1000, Train Loss: 0.2825, Validation Loss: 1.3309
Epoch 545/1000, Train Loss: 0.2783, Validation Loss: 0.8666
Epoch 546/1000, Train Loss: 0.2781, Validation Loss: 2.0116
Epoch 547/1000, Train Loss: 0.2826, Validation Loss: 1.2440
Epoch 548/1000, Train Loss: 0.2954, Validation Loss: 0.7204
Epoch 549/1000, Train Loss: 0.2766, Validation Loss: 0.9241
Epoch 550/1000, Train Loss: 0.2779, Validation Loss: 1.1366
Epoch 551/1000, Train Loss: 0.2832, Validation Loss: 2.8148
Epoch 552/1000, Train Loss: 0.2818, Validation Loss: 1.4333
Epoch 553/1000, Train Loss: 0.2773, Validation Loss: 0.4709
Epoch 554/1000, Train Loss: 0.2794, Validation Loss: 0.4889
Epoch 555/1000, Train Loss: 0.2786, Validation Loss: 0.3585
Epoch 556/1000, Train Loss: 0.2775, Validation Loss: 0.4467
Epoch 557/1000, Train Loss: 0.2751, Validation Loss: 0.5550
Epoch 558/1000, Train Loss: 0.2801, Validation Loss: 0.4858
Epoch 559/1000, Train Loss: 0.2780, Validation Loss: 0.5989
Epoch 560/1000, Train Loss: 0.2797, Validation Loss: 0.6464
Epoch 561/1000, Train Loss: 0.2826, Validation Loss: 0.6755
Epoch 562/1000, Train Loss: 0.2799, Validation Loss: 2.2472
Epoch 563/1000, Train Loss: 0.2728, Validation Loss: 0.7629
Epoch 564/1000, Train Loss: 0.2767, Validation Loss: 1.1733
Epoch 565/1000, Train Loss: 0.2726, Validation Loss: 0.5330
Epoch 566/1000, Train Loss: 0.2718, Validation Loss: 0.4852
Epoch 567/1000, Train Loss: 0.2719, Validation Loss: 0.4271
Epoch 568/1000, Train Loss: 0.2775, Validation Loss: 0.9380
Epoch 569/1000, Train Loss: 0.2736, Validation Loss: 1.7023
Epoch 570/1000, Train Loss: 0.2762, Validation Loss: 0.4892
Epoch 571/1000, Train Loss: 0.2722, Validation Loss: 1.8054
Epoch 572/1000, Train Loss: 0.2758, Validation Loss: 0.8253
Epoch 573/1000, Train Loss: 0.2760, Validation Loss: 1.1378
Epoch 574/1000, Train Loss: 0.2822, Validation Loss: 0.8454
Epoch 575/1000, Train Loss: 0.2789, Validation Loss: 0.8612
Epoch 576/1000, Train Loss: 0.2755, Validation Loss: 2.3420
Epoch 577/1000, Train Loss: 0.2782, Validation Loss: 0.9612
Epoch 578/1000, Train Loss: 0.2763, Validation Loss: 0.7992
Epoch 579/1000, Train Loss: 0.2769, Validation Loss: 2.6682
Epoch 580/1000, Train Loss: 0.2780, Validation Loss: 1.2959
Epoch 581/1000, Train Loss: 0.2724, Validation Loss: 0.6909
Epoch 582/1000, Train Loss: 0.2739, Validation Loss: 0.4700
Epoch 583/1000, Train Loss: 0.2760, Validation Loss: 0.3788
Epoch 584/1000, Train Loss: 0.2810, Validation Loss: 2.8159
Epoch 585/1000, Train Loss: 0.2757, Validation Loss: 0.6193
Epoch 586/1000, Train Loss: 0.2776, Validation Loss: 1.1624
Epoch 587/1000, Train Loss: 0.2798, Validation Loss: 1.0769
Epoch 588/1000, Train Loss: 0.2749, Validation Loss: 0.3250
Epoch 589/1000, Train Loss: 0.2757, Validation Loss: 2.1271
Epoch 590/1000, Train Loss: 0.2723, Validation Loss: 0.9667
Epoch 591/1000, Train Loss: 0.2729, Validation Loss: 0.7923
Epoch 592/1000, Train Loss: 0.2697, Validation Loss: 1.0790
Epoch 593/1000, Train Loss: 0.2744, Validation Loss: 0.9176
Epoch 594/1000, Train Loss: 0.2775, Validation Loss: 0.5157
Epoch 595/1000, Train Loss: 0.2728, Validation Loss: 0.5076
Epoch 596/1000, Train Loss: 0.2810, Validation Loss: 0.3636
Epoch 597/1000, Train Loss: 0.2754, Validation Loss: 0.3131
Epoch 598/1000, Train Loss: 0.2750, Validation Loss: 0.6316
Epoch 599/1000, Train Loss: 0.2699, Validation Loss: 0.7279
Epoch 600/1000, Train Loss: 0.2771, Validation Loss: 0.3700
Epoch 601/1000, Train Loss: 0.2781, Validation Loss: 0.6342
Epoch 602/1000, Train Loss: 0.2764, Validation Loss: 0.4007
Epoch 603/1000, Train Loss: 0.2787, Validation Loss: 0.5080
Epoch 604/1000, Train Loss: 0.2706, Validation Loss: 1.5678
Epoch 605/1000, Train Loss: 0.2718, Validation Loss: 0.3797
Epoch 606/1000, Train Loss: 0.2698, Validation Loss: 0.3498
Epoch 607/1000, Train Loss: 0.2691, Validation Loss: 0.6402
Epoch 608/1000, Train Loss: 0.2688, Validation Loss: 0.5900
Epoch 609/1000, Train Loss: 0.2696, Validation Loss: 0.3911
Epoch 610/1000, Train Loss: 0.2726, Validation Loss: 0.3609
Epoch 611/1000, Train Loss: 0.2730, Validation Loss: 0.7094
Epoch 612/1000, Train Loss: 0.2731, Validation Loss: 4.2334
Epoch 613/1000, Train Loss: 0.2738, Validation Loss: 0.4217
Epoch 614/1000, Train Loss: 0.2745, Validation Loss: 0.2902
Epoch 615/1000, Train Loss: 0.2674, Validation Loss: 0.7040
Epoch 616/1000, Train Loss: 0.2665, Validation Loss: 0.4586
Epoch 617/1000, Train Loss: 0.2695, Validation Loss: 1.2850
Epoch 618/1000, Train Loss: 0.2689, Validation Loss: 0.6235
Epoch 619/1000, Train Loss: 0.2699, Validation Loss: 0.9601
Epoch 620/1000, Train Loss: 0.2677, Validation Loss: 0.2821
Epoch 621/1000, Train Loss: 0.2742, Validation Loss: 1.6116
Epoch 622/1000, Train Loss: 0.2693, Validation Loss: 0.5266
Epoch 623/1000, Train Loss: 0.2732, Validation Loss: 1.0769
Epoch 624/1000, Train Loss: 0.2743, Validation Loss: 2.1104
Epoch 625/1000, Train Loss: 0.2711, Validation Loss: 1.3910
Epoch 626/1000, Train Loss: 0.2681, Validation Loss: 0.3393
Epoch 627/1000, Train Loss: 0.2697, Validation Loss: 0.5885
Epoch 628/1000, Train Loss: 0.2676, Validation Loss: 0.6183
Epoch 629/1000, Train Loss: 0.2683, Validation Loss: 1.1784
Epoch 630/1000, Train Loss: 0.2689, Validation Loss: 0.3890
Epoch 631/1000, Train Loss: 0.2702, Validation Loss: 1.5932
Epoch 632/1000, Train Loss: 0.2674, Validation Loss: 0.4000
Epoch 633/1000, Train Loss: 0.2646, Validation Loss: 0.3166
Epoch 634/1000, Train Loss: 0.2665, Validation Loss: 0.4682
Epoch 635/1000, Train Loss: 0.2685, Validation Loss: 0.3189
Epoch 636/1000, Train Loss: 0.2678, Validation Loss: 1.3157
Epoch 637/1000, Train Loss: 0.2728, Validation Loss: 0.5057
Epoch 638/1000, Train Loss: 0.2709, Validation Loss: 0.5379
Epoch 639/1000, Train Loss: 0.2700, Validation Loss: 0.5416
Epoch 640/1000, Train Loss: 0.2659, Validation Loss: 1.8896
Epoch 641/1000, Train Loss: 0.2724, Validation Loss: 0.6913
Epoch 642/1000, Train Loss: 0.2682, Validation Loss: 0.3119
Epoch 643/1000, Train Loss: 0.2712, Validation Loss: 1.5654
Epoch 644/1000, Train Loss: 0.2671, Validation Loss: 0.5112
Epoch 645/1000, Train Loss: 0.2739, Validation Loss: 2.0212
Epoch 646/1000, Train Loss: 0.2649, Validation Loss: 0.3898
Epoch 647/1000, Train Loss: 0.2628, Validation Loss: 1.7305
Epoch 648/1000, Train Loss: 0.2674, Validation Loss: 0.9799
Epoch 649/1000, Train Loss: 0.2622, Validation Loss: 1.2747
Epoch 650/1000, Train Loss: 0.2677, Validation Loss: 0.7121
Epoch 651/1000, Train Loss: 0.2727, Validation Loss: 0.3773
Epoch 652/1000, Train Loss: 0.2728, Validation Loss: 0.4722
Epoch 653/1000, Train Loss: 0.2684, Validation Loss: 0.9480
Epoch 654/1000, Train Loss: 0.2642, Validation Loss: 0.3750
Epoch 655/1000, Train Loss: 0.2648, Validation Loss: 0.3080
Epoch 656/1000, Train Loss: 0.2647, Validation Loss: 0.2985
Epoch 657/1000, Train Loss: 0.2698, Validation Loss: 0.4053
Epoch 658/1000, Train Loss: 0.2729, Validation Loss: 1.1876
Epoch 659/1000, Train Loss: 0.2674, Validation Loss: 1.2147
Epoch 660/1000, Train Loss: 0.2629, Validation Loss: 0.5631
Epoch 661/1000, Train Loss: 0.2654, Validation Loss: 2.6439
Epoch 662/1000, Train Loss: 0.2753, Validation Loss: 0.3778
Epoch 663/1000, Train Loss: 0.2662, Validation Loss: 0.5374
Epoch 664/1000, Train Loss: 0.2698, Validation Loss: 4.1787
Epoch 665/1000, Train Loss: 0.2610, Validation Loss: 1.5239
Epoch 666/1000, Train Loss: 0.2719, Validation Loss: 0.8546
Epoch 667/1000, Train Loss: 0.2657, Validation Loss: 0.5453
Epoch 668/1000, Train Loss: 0.2641, Validation Loss: 0.4330
Epoch 669/1000, Train Loss: 0.2641, Validation Loss: 0.7427
Epoch 670/1000, Train Loss: 0.2665, Validation Loss: 0.8971
Epoch 671/1000, Train Loss: 0.2639, Validation Loss: 0.6250
Epoch 672/1000, Train Loss: 0.2655, Validation Loss: 0.4785
Epoch 673/1000, Train Loss: 0.2649, Validation Loss: 0.4648
Epoch 674/1000, Train Loss: 0.2651, Validation Loss: 0.8079
Epoch 675/1000, Train Loss: 0.2638, Validation Loss: 2.3102
Epoch 676/1000, Train Loss: 0.2644, Validation Loss: 1.1952
Epoch 677/1000, Train Loss: 0.2634, Validation Loss: 0.9793
Epoch 678/1000, Train Loss: 0.2672, Validation Loss: 1.5939
Epoch 679/1000, Train Loss: 0.2601, Validation Loss: 0.5744
Epoch 680/1000, Train Loss: 0.2636, Validation Loss: 0.8379
Epoch 681/1000, Train Loss: 0.2669, Validation Loss: 0.6172
Epoch 682/1000, Train Loss: 0.2627, Validation Loss: 1.0985
Epoch 683/1000, Train Loss: 0.2650, Validation Loss: 1.4368
Epoch 684/1000, Train Loss: 0.2604, Validation Loss: 1.0392
Epoch 685/1000, Train Loss: 0.2606, Validation Loss: 0.5500
Epoch 686/1000, Train Loss: 0.2645, Validation Loss: 0.4089
Epoch 687/1000, Train Loss: 0.2643, Validation Loss: 1.1353
Epoch 688/1000, Train Loss: 0.2686, Validation Loss: 0.2995
Epoch 689/1000, Train Loss: 0.2642, Validation Loss: 0.8779
Epoch 690/1000, Train Loss: 0.2561, Validation Loss: 0.9523
Epoch 691/1000, Train Loss: 0.2617, Validation Loss: 0.7546
Epoch 692/1000, Train Loss: 0.2664, Validation Loss: 0.5495
Epoch 693/1000, Train Loss: 0.2618, Validation Loss: 0.3692
Epoch 694/1000, Train Loss: 0.2661, Validation Loss: 0.4317
Epoch 695/1000, Train Loss: 0.2627, Validation Loss: 1.1604
Epoch 696/1000, Train Loss: 0.2619, Validation Loss: 0.6202
Epoch 697/1000, Train Loss: 0.2619, Validation Loss: 1.1981
Epoch 698/1000, Train Loss: 0.2634, Validation Loss: 0.8079
Epoch 699/1000, Train Loss: 0.2618, Validation Loss: 1.2331
Epoch 700/1000, Train Loss: 0.2609, Validation Loss: 0.8560
Epoch 701/1000, Train Loss: 0.2613, Validation Loss: 0.3580
Epoch 702/1000, Train Loss: 0.2616, Validation Loss: 0.9240
Epoch 703/1000, Train Loss: 0.2641, Validation Loss: 0.4338
Epoch 704/1000, Train Loss: 0.2590, Validation Loss: 0.6555
Epoch 705/1000, Train Loss: 0.2631, Validation Loss: 0.4752
Epoch 706/1000, Train Loss: 0.2623, Validation Loss: 0.4874
Epoch 707/1000, Train Loss: 0.2631, Validation Loss: 0.5354
Epoch 708/1000, Train Loss: 0.2602, Validation Loss: 0.5799
Epoch 709/1000, Train Loss: 0.2576, Validation Loss: 2.2137
Epoch 710/1000, Train Loss: 0.2606, Validation Loss: 0.6145
Epoch 711/1000, Train Loss: 0.2604, Validation Loss: 0.3396
Epoch 712/1000, Train Loss: 0.2618, Validation Loss: 1.5811
Epoch 713/1000, Train Loss: 0.2618, Validation Loss: 0.2942
Epoch 714/1000, Train Loss: 0.2574, Validation Loss: 0.9580
Epoch 715/1000, Train Loss: 0.2611, Validation Loss: 1.1298
Epoch 716/1000, Train Loss: 0.2601, Validation Loss: 0.6013
Epoch 717/1000, Train Loss: 0.2588, Validation Loss: 0.3425
Epoch 718/1000, Train Loss: 0.2588, Validation Loss: 0.9597
Epoch 719/1000, Train Loss: 0.2589, Validation Loss: 1.9427
Epoch 720/1000, Train Loss: 0.2619, Validation Loss: 0.3965
Epoch 721/1000, Train Loss: 0.2664, Validation Loss: 0.2613
Epoch 722/1000, Train Loss: 0.2557, Validation Loss: 0.4299
Epoch 723/1000, Train Loss: 0.2618, Validation Loss: 1.3733
Epoch 724/1000, Train Loss: 0.2583, Validation Loss: 0.8616
Epoch 725/1000, Train Loss: 0.2574, Validation Loss: 1.0712
Epoch 726/1000, Train Loss: 0.2591, Validation Loss: 3.1311
Epoch 727/1000, Train Loss: 0.2559, Validation Loss: 0.3584
Epoch 728/1000, Train Loss: 0.2613, Validation Loss: 0.4127
Epoch 729/1000, Train Loss: 0.2566, Validation Loss: 1.5116
Epoch 730/1000, Train Loss: 0.2554, Validation Loss: 0.4978
Epoch 731/1000, Train Loss: 0.2627, Validation Loss: 1.1327
Epoch 732/1000, Train Loss: 0.2601, Validation Loss: 0.5608
Epoch 733/1000, Train Loss: 0.2571, Validation Loss: 0.9236
Epoch 734/1000, Train Loss: 0.2600, Validation Loss: 0.4766
Epoch 735/1000, Train Loss: 0.2603, Validation Loss: 0.4540
Epoch 736/1000, Train Loss: 0.2722, Validation Loss: 0.6487
Epoch 737/1000, Train Loss: 0.2579, Validation Loss: 0.5801
Epoch 738/1000, Train Loss: 0.2599, Validation Loss: 0.2907
Epoch 739/1000, Train Loss: 0.2647, Validation Loss: 0.7639
Epoch 740/1000, Train Loss: 0.2547, Validation Loss: 0.4149
Epoch 741/1000, Train Loss: 0.2591, Validation Loss: 0.9185
Epoch 742/1000, Train Loss: 0.2587, Validation Loss: 1.7685
Epoch 743/1000, Train Loss: 0.2597, Validation Loss: 0.4346
Epoch 744/1000, Train Loss: 0.2592, Validation Loss: 0.3507
Epoch 745/1000, Train Loss: 0.2594, Validation Loss: 0.7797
Epoch 746/1000, Train Loss: 0.2562, Validation Loss: 0.8659
Epoch 747/1000, Train Loss: 0.2592, Validation Loss: 1.4750
Epoch 748/1000, Train Loss: 0.2561, Validation Loss: 0.5479
Epoch 749/1000, Train Loss: 0.2614, Validation Loss: 1.4211
Epoch 750/1000, Train Loss: 0.2545, Validation Loss: 0.7085
Epoch 751/1000, Train Loss: 0.2573, Validation Loss: 1.1292
Epoch 752/1000, Train Loss: 0.2551, Validation Loss: 0.6206
Epoch 753/1000, Train Loss: 0.2523, Validation Loss: 1.0076
Epoch 754/1000, Train Loss: 0.2618, Validation Loss: 1.2572
Epoch 755/1000, Train Loss: 0.2585, Validation Loss: 0.3327
Epoch 756/1000, Train Loss: 0.2607, Validation Loss: 2.8449
Epoch 757/1000, Train Loss: 0.2557, Validation Loss: 0.4501
Epoch 758/1000, Train Loss: 0.2542, Validation Loss: 0.3038
Epoch 759/1000, Train Loss: 0.2546, Validation Loss: 0.8899
Epoch 760/1000, Train Loss: 0.2554, Validation Loss: 1.9677
Epoch 761/1000, Train Loss: 0.2565, Validation Loss: 0.6208
Epoch 762/1000, Train Loss: 0.2576, Validation Loss: 0.5055
Epoch 763/1000, Train Loss: 0.2592, Validation Loss: 0.2735
Epoch 764/1000, Train Loss: 0.2559, Validation Loss: 1.6208
Epoch 765/1000, Train Loss: 0.2586, Validation Loss: 0.3762
Epoch 766/1000, Train Loss: 0.2548, Validation Loss: 0.4630
Epoch 767/1000, Train Loss: 0.2575, Validation Loss: 0.4030
Epoch 768/1000, Train Loss: 0.2664, Validation Loss: 0.3930
Epoch 769/1000, Train Loss: 0.2526, Validation Loss: 3.4636
Epoch 770/1000, Train Loss: 0.2569, Validation Loss: 0.3915
Epoch 771/1000, Train Loss: 0.2588, Validation Loss: 1.3152
Epoch 772/1000, Train Loss: 0.2602, Validation Loss: 1.6714
Epoch 773/1000, Train Loss: 0.2544, Validation Loss: 0.3209
Epoch 774/1000, Train Loss: 0.2559, Validation Loss: 0.6741
Epoch 775/1000, Train Loss: 0.2544, Validation Loss: 1.2586
Epoch 776/1000, Train Loss: 0.2572, Validation Loss: 1.3532
Epoch 777/1000, Train Loss: 0.2626, Validation Loss: 0.6042
Epoch 778/1000, Train Loss: 0.2566, Validation Loss: 0.5391
Epoch 779/1000, Train Loss: 0.2535, Validation Loss: 0.7955
Epoch 780/1000, Train Loss: 0.2559, Validation Loss: 0.2816
Epoch 781/1000, Train Loss: 0.2569, Validation Loss: 0.4652
Epoch 782/1000, Train Loss: 0.2541, Validation Loss: 0.8915
Epoch 783/1000, Train Loss: 0.2514, Validation Loss: 0.5212
Epoch 784/1000, Train Loss: 0.2515, Validation Loss: 1.3427
Epoch 785/1000, Train Loss: 0.2522, Validation Loss: 0.6888
Epoch 786/1000, Train Loss: 0.2599, Validation Loss: 1.0008
Epoch 787/1000, Train Loss: 0.2553, Validation Loss: 0.3927
Epoch 788/1000, Train Loss: 0.2539, Validation Loss: 0.6974
Epoch 789/1000, Train Loss: 0.2520, Validation Loss: 0.9578
Epoch 790/1000, Train Loss: 0.2551, Validation Loss: 1.0005
Epoch 791/1000, Train Loss: 0.2557, Validation Loss: 1.8001
Epoch 792/1000, Train Loss: 0.2598, Validation Loss: 1.4902
Epoch 793/1000, Train Loss: 0.2533, Validation Loss: 1.7717
Epoch 794/1000, Train Loss: 0.2486, Validation Loss: 0.2486
Epoch 795/1000, Train Loss: 0.2579, Validation Loss: 0.4370
Epoch 796/1000, Train Loss: 0.2578, Validation Loss: 2.2433
Epoch 797/1000, Train Loss: 0.2502, Validation Loss: 0.5780
Epoch 798/1000, Train Loss: 0.2537, Validation Loss: 3.9279
Epoch 799/1000, Train Loss: 0.2568, Validation Loss: 1.1349
Epoch 800/1000, Train Loss: 0.2538, Validation Loss: 0.8194
Epoch 801/1000, Train Loss: 0.2538, Validation Loss: 0.3497
Epoch 802/1000, Train Loss: 0.2507, Validation Loss: 0.5165
Epoch 803/1000, Train Loss: 0.2530, Validation Loss: 0.3891
Epoch 804/1000, Train Loss: 0.2506, Validation Loss: 0.3726
Epoch 805/1000, Train Loss: 0.2511, Validation Loss: 0.4284
Epoch 806/1000, Train Loss: 0.2496, Validation Loss: 0.7747
Epoch 807/1000, Train Loss: 0.2547, Validation Loss: 0.7345
Epoch 808/1000, Train Loss: 0.2516, Validation Loss: 3.1766
Epoch 809/1000, Train Loss: 0.2520, Validation Loss: 1.1560
Epoch 810/1000, Train Loss: 0.2560, Validation Loss: 0.7583
Epoch 811/1000, Train Loss: 0.2576, Validation Loss: 1.6407
Epoch 812/1000, Train Loss: 0.2517, Validation Loss: 0.5389
Epoch 813/1000, Train Loss: 0.2535, Validation Loss: 0.4484
Epoch 814/1000, Train Loss: 0.2481, Validation Loss: 0.9802
Epoch 815/1000, Train Loss: 0.2508, Validation Loss: 0.9694
Epoch 816/1000, Train Loss: 0.2526, Validation Loss: 0.6558
Epoch 817/1000, Train Loss: 0.2513, Validation Loss: 1.4827
Epoch 818/1000, Train Loss: 0.2503, Validation Loss: 1.1244
Epoch 819/1000, Train Loss: 0.2508, Validation Loss: 0.8664
Epoch 820/1000, Train Loss: 0.2537, Validation Loss: 0.9444
Epoch 821/1000, Train Loss: 0.2491, Validation Loss: 0.4149
Epoch 822/1000, Train Loss: 0.2530, Validation Loss: 0.5269
Epoch 823/1000, Train Loss: 0.2520, Validation Loss: 1.2160
Epoch 824/1000, Train Loss: 0.2572, Validation Loss: 1.0125
Epoch 825/1000, Train Loss: 0.2552, Validation Loss: 0.8833
Epoch 826/1000, Train Loss: 0.2502, Validation Loss: 1.0409
Epoch 827/1000, Train Loss: 0.2547, Validation Loss: 0.8765
Epoch 828/1000, Train Loss: 0.2477, Validation Loss: 0.9847
Epoch 829/1000, Train Loss: 0.2513, Validation Loss: 1.5303
Epoch 830/1000, Train Loss: 0.2482, Validation Loss: 1.2829
Epoch 831/1000, Train Loss: 0.2513, Validation Loss: 0.4756
Epoch 832/1000, Train Loss: 0.2515, Validation Loss: 0.9370
Epoch 833/1000, Train Loss: 0.2537, Validation Loss: 6.7078
Epoch 834/1000, Train Loss: 0.2519, Validation Loss: 0.6505
Epoch 835/1000, Train Loss: 0.2521, Validation Loss: 1.4631
Epoch 836/1000, Train Loss: 0.2474, Validation Loss: 0.3396
Epoch 837/1000, Train Loss: 0.2516, Validation Loss: 2.2501
Epoch 838/1000, Train Loss: 0.2513, Validation Loss: 1.1261
Epoch 839/1000, Train Loss: 0.2538, Validation Loss: 1.0752
Epoch 840/1000, Train Loss: 0.2500, Validation Loss: 0.5342
Epoch 841/1000, Train Loss: 0.2532, Validation Loss: 1.2546
Epoch 842/1000, Train Loss: 0.2532, Validation Loss: 0.7277
Epoch 843/1000, Train Loss: 0.2470, Validation Loss: 0.3737
Epoch 844/1000, Train Loss: 0.2476, Validation Loss: 0.3836
Epoch 845/1000, Train Loss: 0.2473, Validation Loss: 0.4617
Epoch 846/1000, Train Loss: 0.2494, Validation Loss: 0.9543
Epoch 847/1000, Train Loss: 0.2513, Validation Loss: 1.1146
Epoch 848/1000, Train Loss: 0.2534, Validation Loss: 0.5108
Epoch 849/1000, Train Loss: 0.2480, Validation Loss: 1.8286
Epoch 850/1000, Train Loss: 0.2517, Validation Loss: 0.9830
Epoch 851/1000, Train Loss: 0.2521, Validation Loss: 1.0281
Epoch 852/1000, Train Loss: 0.2478, Validation Loss: 2.2886
Epoch 853/1000, Train Loss: 0.2458, Validation Loss: 0.2532
Epoch 854/1000, Train Loss: 0.2522, Validation Loss: 0.4143
Epoch 855/1000, Train Loss: 0.2470, Validation Loss: 0.6347
Epoch 856/1000, Train Loss: 0.2565, Validation Loss: 0.6082
Epoch 857/1000, Train Loss: 0.2466, Validation Loss: 0.3207
Epoch 858/1000, Train Loss: 0.2512, Validation Loss: 0.6698
Epoch 859/1000, Train Loss: 0.2515, Validation Loss: 0.5740
Epoch 860/1000, Train Loss: 0.2494, Validation Loss: 1.6290
Epoch 861/1000, Train Loss: 0.2460, Validation Loss: 0.4446
Epoch 862/1000, Train Loss: 0.2482, Validation Loss: 2.3144
Epoch 863/1000, Train Loss: 0.2518, Validation Loss: 1.8699
Epoch 864/1000, Train Loss: 0.2530, Validation Loss: 1.4720
Epoch 865/1000, Train Loss: 0.2490, Validation Loss: 0.2637
Epoch 866/1000, Train Loss: 0.2480, Validation Loss: 0.3376
Epoch 867/1000, Train Loss: 0.2487, Validation Loss: 1.1563
Epoch 868/1000, Train Loss: 0.2527, Validation Loss: 1.5557
Epoch 869/1000, Train Loss: 0.2493, Validation Loss: 0.3032
Epoch 870/1000, Train Loss: 0.2497, Validation Loss: 4.3138
Epoch 871/1000, Train Loss: 0.2471, Validation Loss: 0.4153
Epoch 872/1000, Train Loss: 0.2515, Validation Loss: 0.5655
Epoch 873/1000, Train Loss: 0.2473, Validation Loss: 0.3805
Epoch 874/1000, Train Loss: 0.2488, Validation Loss: 0.9512
Epoch 875/1000, Train Loss: 0.2480, Validation Loss: 0.3959
Epoch 876/1000, Train Loss: 0.2449, Validation Loss: 0.5763
Epoch 877/1000, Train Loss: 0.2471, Validation Loss: 1.0982
Epoch 878/1000, Train Loss: 0.2473, Validation Loss: 0.9607
Epoch 879/1000, Train Loss: 0.2487, Validation Loss: 1.0685
Epoch 880/1000, Train Loss: 0.2451, Validation Loss: 1.5406
Epoch 881/1000, Train Loss: 0.2495, Validation Loss: 1.2106
Epoch 882/1000, Train Loss: 0.2444, Validation Loss: 0.2766
Epoch 883/1000, Train Loss: 0.2517, Validation Loss: 0.4126
Epoch 884/1000, Train Loss: 0.2541, Validation Loss: 1.0003
Epoch 885/1000, Train Loss: 0.2478, Validation Loss: 0.9044
Epoch 886/1000, Train Loss: 0.2501, Validation Loss: 0.4016
Epoch 887/1000, Train Loss: 0.2450, Validation Loss: 0.4024
Epoch 888/1000, Train Loss: 0.2464, Validation Loss: 0.2616
Epoch 889/1000, Train Loss: 0.2498, Validation Loss: 0.5364
Epoch 890/1000, Train Loss: 0.2450, Validation Loss: 0.4025
Epoch 891/1000, Train Loss: 0.2525, Validation Loss: 1.3126
Epoch 892/1000, Train Loss: 0.2459, Validation Loss: 0.6593
Epoch 893/1000, Train Loss: 0.2456, Validation Loss: 0.3701
Epoch 894/1000, Train Loss: 0.2443, Validation Loss: 1.1719
Epoch 895/1000, Train Loss: 0.2499, Validation Loss: 0.3712
Epoch 896/1000, Train Loss: 0.2484, Validation Loss: 0.3093
Epoch 897/1000, Train Loss: 0.2466, Validation Loss: 0.5141
Epoch 898/1000, Train Loss: 0.2452, Validation Loss: 0.6055
Epoch 899/1000, Train Loss: 0.2457, Validation Loss: 0.6930
Epoch 900/1000, Train Loss: 0.2462, Validation Loss: 0.3472
Epoch 901/1000, Train Loss: 0.2477, Validation Loss: 1.2619
Epoch 902/1000, Train Loss: 0.2458, Validation Loss: 0.4173
Epoch 903/1000, Train Loss: 0.2534, Validation Loss: 0.8226
Epoch 904/1000, Train Loss: 0.2442, Validation Loss: 0.6671
Epoch 905/1000, Train Loss: 0.2471, Validation Loss: 0.4660
Epoch 906/1000, Train Loss: 0.2479, Validation Loss: 0.6663
Epoch 907/1000, Train Loss: 0.2472, Validation Loss: 0.2965
Epoch 908/1000, Train Loss: 0.2466, Validation Loss: 1.5782
Epoch 909/1000, Train Loss: 0.2461, Validation Loss: 0.6231
Epoch 910/1000, Train Loss: 0.2435, Validation Loss: 0.3566
Epoch 911/1000, Train Loss: 0.2435, Validation Loss: 0.2531
Epoch 912/1000, Train Loss: 0.2498, Validation Loss: 0.8622
Epoch 913/1000, Train Loss: 0.2475, Validation Loss: 0.4149
Epoch 914/1000, Train Loss: 0.2492, Validation Loss: 2.2286
Epoch 915/1000, Train Loss: 0.2442, Validation Loss: 1.3797
Epoch 916/1000, Train Loss: 0.2465, Validation Loss: 1.8262
Epoch 917/1000, Train Loss: 0.2476, Validation Loss: 0.7759
Epoch 918/1000, Train Loss: 0.2474, Validation Loss: 0.3891
Epoch 919/1000, Train Loss: 0.2485, Validation Loss: 1.2142
Epoch 920/1000, Train Loss: 0.2437, Validation Loss: 0.5051
Epoch 921/1000, Train Loss: 0.2419, Validation Loss: 0.5017
Epoch 922/1000, Train Loss: 0.2452, Validation Loss: 0.7611
Epoch 923/1000, Train Loss: 0.2453, Validation Loss: 0.4951
Epoch 924/1000, Train Loss: 0.2421, Validation Loss: 0.4981
Epoch 925/1000, Train Loss: 0.2461, Validation Loss: 0.5491
Epoch 926/1000, Train Loss: 0.2404, Validation Loss: 0.3375
Epoch 927/1000, Train Loss: 0.2497, Validation Loss: 0.3017
Epoch 928/1000, Train Loss: 0.2422, Validation Loss: 0.2668
Epoch 929/1000, Train Loss: 0.2472, Validation Loss: 0.5134
Epoch 930/1000, Train Loss: 0.2506, Validation Loss: 1.3228
Epoch 931/1000, Train Loss: 0.2409, Validation Loss: 1.0667
Epoch 932/1000, Train Loss: 0.2420, Validation Loss: 0.5483
Epoch 933/1000, Train Loss: 0.2501, Validation Loss: 0.3029
Epoch 934/1000, Train Loss: 0.2453, Validation Loss: 0.3853
Epoch 935/1000, Train Loss: 0.2459, Validation Loss: 1.9984
Epoch 936/1000, Train Loss: 0.2434, Validation Loss: 0.7666
Epoch 937/1000, Train Loss: 0.2457, Validation Loss: 0.7649
Epoch 938/1000, Train Loss: 0.2446, Validation Loss: 0.6276
Epoch 939/1000, Train Loss: 0.2439, Validation Loss: 1.2130
Epoch 940/1000, Train Loss: 0.2465, Validation Loss: 0.9157
Epoch 941/1000, Train Loss: 0.2423, Validation Loss: 0.4541
Epoch 942/1000, Train Loss: 0.2443, Validation Loss: 0.9203
Epoch 943/1000, Train Loss: 0.2412, Validation Loss: 2.2844
Epoch 944/1000, Train Loss: 0.2425, Validation Loss: 1.1448
Epoch 945/1000, Train Loss: 0.2426, Validation Loss: 0.6049
Epoch 946/1000, Train Loss: 0.2425, Validation Loss: 0.2831
Epoch 947/1000, Train Loss: 0.2391, Validation Loss: 0.5455
Epoch 948/1000, Train Loss: 0.2457, Validation Loss: 1.0807
Epoch 949/1000, Train Loss: 0.2443, Validation Loss: 0.5319
Epoch 950/1000, Train Loss: 0.2397, Validation Loss: 0.4855
Epoch 951/1000, Train Loss: 0.2400, Validation Loss: 1.1250
Epoch 952/1000, Train Loss: 0.2447, Validation Loss: 1.1920
Epoch 953/1000, Train Loss: 0.2417, Validation Loss: 0.3662
Epoch 954/1000, Train Loss: 0.2459, Validation Loss: 0.7432
Epoch 955/1000, Train Loss: 0.2388, Validation Loss: 2.6171
Epoch 956/1000, Train Loss: 0.2433, Validation Loss: 1.7220
Epoch 957/1000, Train Loss: 0.2454, Validation Loss: 0.6653
Epoch 958/1000, Train Loss: 0.2422, Validation Loss: 0.9151
Epoch 959/1000, Train Loss: 0.2435, Validation Loss: 0.7535
Epoch 960/1000, Train Loss: 0.2429, Validation Loss: 2.5534
Epoch 961/1000, Train Loss: 0.2451, Validation Loss: 1.0492
Epoch 962/1000, Train Loss: 0.2423, Validation Loss: 1.4993
Epoch 963/1000, Train Loss: 0.2410, Validation Loss: 0.3530
Epoch 964/1000, Train Loss: 0.2421, Validation Loss: 0.2785
Epoch 965/1000, Train Loss: 0.2449, Validation Loss: 1.0129
Epoch 966/1000, Train Loss: 0.2409, Validation Loss: 1.1213
Epoch 967/1000, Train Loss: 0.2455, Validation Loss: 0.3047
Epoch 968/1000, Train Loss: 0.2399, Validation Loss: 0.5424
Epoch 969/1000, Train Loss: 0.2401, Validation Loss: 0.3341
Epoch 970/1000, Train Loss: 0.2451, Validation Loss: 0.5410
Epoch 971/1000, Train Loss: 0.2432, Validation Loss: 1.3991
Epoch 972/1000, Train Loss: 0.2438, Validation Loss: 0.6502
Epoch 973/1000, Train Loss: 0.2374, Validation Loss: 0.2639
Epoch 974/1000, Train Loss: 0.2427, Validation Loss: 1.1471
Epoch 975/1000, Train Loss: 0.2396, Validation Loss: 0.7724
Epoch 976/1000, Train Loss: 0.2422, Validation Loss: 0.2944
Epoch 977/1000, Train Loss: 0.2406, Validation Loss: 1.0381
Epoch 978/1000, Train Loss: 0.2435, Validation Loss: 0.3969
Epoch 979/1000, Train Loss: 0.2387, Validation Loss: 0.7794
Epoch 980/1000, Train Loss: 0.2368, Validation Loss: 0.2753
Epoch 981/1000, Train Loss: 0.2385, Validation Loss: 0.8315
Epoch 982/1000, Train Loss: 0.2419, Validation Loss: 0.5826
Epoch 983/1000, Train Loss: 0.2435, Validation Loss: 1.1195
Epoch 984/1000, Train Loss: 0.2418, Validation Loss: 0.2717
Epoch 985/1000, Train Loss: 0.2426, Validation Loss: 0.6862
Epoch 986/1000, Train Loss: 0.2388, Validation Loss: 0.3308
Epoch 987/1000, Train Loss: 0.2420, Validation Loss: 1.7286
Epoch 988/1000, Train Loss: 0.2437, Validation Loss: 0.4774
Epoch 989/1000, Train Loss: 0.2402, Validation Loss: 0.5129
Epoch 990/1000, Train Loss: 0.2408, Validation Loss: 1.0238
Epoch 991/1000, Train Loss: 0.2435, Validation Loss: 0.7102
Epoch 992/1000, Train Loss: 0.2435, Validation Loss: 1.0600
Epoch 993/1000, Train Loss: 0.2402, Validation Loss: 0.9239
Epoch 994/1000, Train Loss: 0.2421, Validation Loss: 0.6609
Epoch 995/1000, Train Loss: 0.2431, Validation Loss: 0.4748
Epoch 996/1000, Train Loss: 0.2412, Validation Loss: 0.4545
Epoch 997/1000, Train Loss: 0.2421, Validation Loss: 0.3985
Epoch 998/1000, Train Loss: 0.2431, Validation Loss: 0.7699
Epoch 999/1000, Train Loss: 0.2431, Validation Loss: 0.4721
Epoch 1000/1000, Train Loss: 0.2358, Validation Loss: 0.6826
Best Training Loss: 0.2358
Best Training Loss Epoch: 1000
Best Validation Loss: 0.2486
Best Validation Loss Epoch: 794
Time taken for training: 0-12:20:10
Test Loss: 0.2539
Test MAPE: 2079.3660%
Error Statistics:
count     41272.000000
mean        349.248505
std        6143.752441
min           0.000003
25%           0.110311
50%           1.091561
75%          14.468271
max      559318.625000
Name: Absolute Error, dtype: float64
Training complete. Final model saved.
Saving model as a wandb Artifact...
Model artifact logged successfully.
[1;34mwandb[0m: 
[1;34mwandb[0m: 🚀 View run [33mdeep-sweep-4[0m at: [34mhttps://wandb.ai/mk8737-new-york-university/rl_pretrain_hp_sweeps/runs/r6truf9z[0m
[1;34mwandb[0m: Find logs at: [1;35mwandb/run-20251006_143854-r6truf9z/logs[0m
Agent finished.
