Waiting for sweep ID...
Found Sweep ID: be12np04
Starting wandb agent for sweep be12np04...
TRAINING DEVICE: cpu
Run Name: GCN_global_hp_sweep_be12np04-9rawr5m0
finidhed preparing data
Loading dataset from pretrain_dataset_12.5k_fixed_duplicates.pkl
Loaded 412712 data objects.
finished preparing data
Epoch 1/1000, Train Loss: 7.7296, Validation Loss: 1.3014
Epoch 2/1000, Train Loss: 1.6655, Validation Loss: 4.0403
Epoch 3/1000, Train Loss: 1.4006, Validation Loss: 1.3735
Epoch 4/1000, Train Loss: 1.2916, Validation Loss: 2.3653
Epoch 5/1000, Train Loss: 1.1577, Validation Loss: 1.2387
Epoch 6/1000, Train Loss: 1.1719, Validation Loss: 1.4527
Epoch 7/1000, Train Loss: 1.0731, Validation Loss: 1.4285
Epoch 8/1000, Train Loss: 1.0952, Validation Loss: 1.0936
Epoch 9/1000, Train Loss: 1.1332, Validation Loss: 6.3464
Epoch 10/1000, Train Loss: 1.0471, Validation Loss: 2.5308
Epoch 11/1000, Train Loss: 1.0028, Validation Loss: 0.9086
Epoch 12/1000, Train Loss: 1.0174, Validation Loss: 4.9250
Epoch 13/1000, Train Loss: 0.9935, Validation Loss: 2.2056
Epoch 14/1000, Train Loss: 0.9569, Validation Loss: 1.3227
Epoch 15/1000, Train Loss: 0.9282, Validation Loss: 1.1968
Epoch 16/1000, Train Loss: 1.0127, Validation Loss: 0.9707
Epoch 17/1000, Train Loss: 0.9025, Validation Loss: 1.4561
Epoch 18/1000, Train Loss: 0.8475, Validation Loss: 1.0147
Epoch 19/1000, Train Loss: 0.8935, Validation Loss: 1.4921
Epoch 20/1000, Train Loss: 0.8884, Validation Loss: 4.3130
Epoch 21/1000, Train Loss: 0.9309, Validation Loss: 3.1307
Epoch 22/1000, Train Loss: 0.8455, Validation Loss: 2.8013
Epoch 23/1000, Train Loss: 0.8700, Validation Loss: 1.4635
Epoch 24/1000, Train Loss: 0.8429, Validation Loss: 12.6009
Epoch 25/1000, Train Loss: 0.8450, Validation Loss: 1.1958
Epoch 26/1000, Train Loss: 0.8146, Validation Loss: 2.4946
Epoch 27/1000, Train Loss: 0.8544, Validation Loss: 2.9001
Epoch 28/1000, Train Loss: 0.8245, Validation Loss: 1.8442
Epoch 29/1000, Train Loss: 0.7821, Validation Loss: 1.5198
Epoch 30/1000, Train Loss: 0.8404, Validation Loss: 6.7163
Epoch 31/1000, Train Loss: 0.8040, Validation Loss: 2.3929
Epoch 32/1000, Train Loss: 0.7938, Validation Loss: 1.0892
Epoch 33/1000, Train Loss: 0.8386, Validation Loss: 1.0069
Epoch 34/1000, Train Loss: 0.7939, Validation Loss: 5.6134
Epoch 35/1000, Train Loss: 0.7754, Validation Loss: 3.0754
Epoch 36/1000, Train Loss: 0.8004, Validation Loss: 2.7790
Epoch 37/1000, Train Loss: 0.7815, Validation Loss: 1.3832
Epoch 38/1000, Train Loss: 0.7728, Validation Loss: 2.2918
Epoch 39/1000, Train Loss: 0.7470, Validation Loss: 0.7152
Epoch 40/1000, Train Loss: 0.7454, Validation Loss: 2.0719
Epoch 41/1000, Train Loss: 0.7934, Validation Loss: 12.6009
Epoch 42/1000, Train Loss: 0.7394, Validation Loss: 0.8894
Epoch 43/1000, Train Loss: 0.7508, Validation Loss: 1.6888
Epoch 44/1000, Train Loss: 0.7530, Validation Loss: 1.2193
Epoch 45/1000, Train Loss: 0.7608, Validation Loss: 0.9564
Epoch 46/1000, Train Loss: 0.9624, Validation Loss: 16.1830
Epoch 47/1000, Train Loss: 0.7977, Validation Loss: 3.0834
Epoch 48/1000, Train Loss: 0.7240, Validation Loss: 1.1601
Epoch 49/1000, Train Loss: 0.7139, Validation Loss: 2.1076
Epoch 50/1000, Train Loss: 0.7135, Validation Loss: 2.2175
Epoch 51/1000, Train Loss: 0.7094, Validation Loss: 0.9550
Epoch 52/1000, Train Loss: 0.7032, Validation Loss: 2.1471
Epoch 53/1000, Train Loss: 0.7175, Validation Loss: 0.7279
Epoch 54/1000, Train Loss: 0.7136, Validation Loss: 2.6326
Epoch 55/1000, Train Loss: 0.6880, Validation Loss: 6.8355
Epoch 56/1000, Train Loss: 0.6985, Validation Loss: 5.7455
Epoch 57/1000, Train Loss: 0.7138, Validation Loss: 0.8346
Epoch 58/1000, Train Loss: 0.6949, Validation Loss: 1.7761
Epoch 59/1000, Train Loss: 0.6647, Validation Loss: 2.0722
Epoch 60/1000, Train Loss: 0.6715, Validation Loss: 2.8009
Epoch 61/1000, Train Loss: 0.6872, Validation Loss: 1.4841
Epoch 62/1000, Train Loss: 0.6990, Validation Loss: 1.8420
Epoch 63/1000, Train Loss: 0.7072, Validation Loss: 0.7716
Epoch 64/1000, Train Loss: 0.8062, Validation Loss: 4.0399
Epoch 65/1000, Train Loss: 0.6862, Validation Loss: 0.9349
Epoch 66/1000, Train Loss: 0.6652, Validation Loss: 0.9631
Epoch 67/1000, Train Loss: 0.6601, Validation Loss: 2.9284
Epoch 68/1000, Train Loss: 0.6708, Validation Loss: 1.1573
Epoch 69/1000, Train Loss: 0.6386, Validation Loss: 0.9132
Epoch 70/1000, Train Loss: 0.6303, Validation Loss: 1.7539
Epoch 71/1000, Train Loss: 0.6422, Validation Loss: 1.0475
Epoch 72/1000, Train Loss: 0.6344, Validation Loss: 4.3899
Epoch 73/1000, Train Loss: 1.0228, Validation Loss: 1.0779
Epoch 74/1000, Train Loss: 0.6916, Validation Loss: 1.4345
Epoch 75/1000, Train Loss: 0.6428, Validation Loss: 6.9290
Epoch 76/1000, Train Loss: 0.6592, Validation Loss: 2.8077
Epoch 77/1000, Train Loss: 0.6291, Validation Loss: 1.6952
Epoch 78/1000, Train Loss: 0.6306, Validation Loss: 0.6193
Epoch 79/1000, Train Loss: 0.6361, Validation Loss: 1.0434
Epoch 80/1000, Train Loss: 0.6188, Validation Loss: 0.9903
Epoch 81/1000, Train Loss: 0.6602, Validation Loss: 0.8250
Epoch 82/1000, Train Loss: 0.6088, Validation Loss: 11.8308
Epoch 83/1000, Train Loss: 0.6047, Validation Loss: 0.5868
Epoch 84/1000, Train Loss: 0.6092, Validation Loss: 2.6777
Epoch 85/1000, Train Loss: 0.6032, Validation Loss: 1.4949
Epoch 86/1000, Train Loss: 0.6225, Validation Loss: 3.7802
Epoch 87/1000, Train Loss: 0.6125, Validation Loss: 0.8790
Epoch 88/1000, Train Loss: 0.5894, Validation Loss: 4.7127
Epoch 89/1000, Train Loss: 0.6700, Validation Loss: 0.8623
Epoch 90/1000, Train Loss: 0.5988, Validation Loss: 4.9202
Epoch 91/1000, Train Loss: 0.6022, Validation Loss: 1.4844
Epoch 92/1000, Train Loss: 0.5821, Validation Loss: 2.3270
Epoch 93/1000, Train Loss: 0.5971, Validation Loss: 0.8397
Epoch 94/1000, Train Loss: 0.5981, Validation Loss: 1.2960
Epoch 95/1000, Train Loss: 0.6084, Validation Loss: 1.0212
Epoch 96/1000, Train Loss: 0.5889, Validation Loss: 0.5790
Epoch 97/1000, Train Loss: 0.5717, Validation Loss: 1.5386
Epoch 98/1000, Train Loss: 0.5653, Validation Loss: 2.2206
Epoch 99/1000, Train Loss: 0.5910, Validation Loss: 0.9043
Epoch 100/1000, Train Loss: 0.5909, Validation Loss: 0.6593
Epoch 101/1000, Train Loss: 0.5699, Validation Loss: 1.1452
Epoch 102/1000, Train Loss: 0.5513, Validation Loss: 1.0876
Epoch 103/1000, Train Loss: 0.5570, Validation Loss: 1.8818
Epoch 104/1000, Train Loss: 0.7593, Validation Loss: 1.5274
Epoch 105/1000, Train Loss: 0.5888, Validation Loss: 0.6445
Epoch 106/1000, Train Loss: 0.5508, Validation Loss: 1.0032
Epoch 107/1000, Train Loss: 0.5659, Validation Loss: 1.3552
Epoch 108/1000, Train Loss: 0.5637, Validation Loss: 3.6733
Epoch 109/1000, Train Loss: 0.5605, Validation Loss: 0.8924
Epoch 110/1000, Train Loss: 0.5460, Validation Loss: 2.1461
Epoch 111/1000, Train Loss: 0.5463, Validation Loss: 1.0612
Epoch 112/1000, Train Loss: 0.5525, Validation Loss: 1.2708
Epoch 113/1000, Train Loss: 0.5269, Validation Loss: 0.7521
Epoch 114/1000, Train Loss: 0.5326, Validation Loss: 0.7476
Epoch 115/1000, Train Loss: 0.5355, Validation Loss: 0.6165
Epoch 116/1000, Train Loss: 0.5233, Validation Loss: 4.8625
Epoch 117/1000, Train Loss: 0.5454, Validation Loss: 2.3587
Epoch 118/1000, Train Loss: 0.5198, Validation Loss: 3.9751
Epoch 119/1000, Train Loss: 0.5172, Validation Loss: 13.5458
Epoch 120/1000, Train Loss: 0.5104, Validation Loss: 0.9439
Epoch 121/1000, Train Loss: 0.5169, Validation Loss: 0.7266
Epoch 122/1000, Train Loss: 0.5210, Validation Loss: 1.0951
Epoch 123/1000, Train Loss: 0.5145, Validation Loss: 1.4848
Epoch 124/1000, Train Loss: 0.5019, Validation Loss: 3.6954
Epoch 125/1000, Train Loss: 0.5252, Validation Loss: 0.6441
Epoch 126/1000, Train Loss: 0.5052, Validation Loss: 0.6537
Epoch 127/1000, Train Loss: 0.5046, Validation Loss: 0.5361
Epoch 128/1000, Train Loss: 0.5018, Validation Loss: 42.3860
Epoch 129/1000, Train Loss: 0.6113, Validation Loss: 9.4110
Epoch 130/1000, Train Loss: 0.5108, Validation Loss: 1.1945
Epoch 131/1000, Train Loss: 0.4943, Validation Loss: 0.6630
Epoch 132/1000, Train Loss: 0.5071, Validation Loss: 2.3679
Epoch 133/1000, Train Loss: 0.5048, Validation Loss: 5.6205
Epoch 134/1000, Train Loss: 0.5080, Validation Loss: 0.5812
Epoch 135/1000, Train Loss: 0.4996, Validation Loss: 2.7522
Epoch 136/1000, Train Loss: 0.4918, Validation Loss: 1.4589
Epoch 137/1000, Train Loss: 0.4883, Validation Loss: 1.2763
Epoch 138/1000, Train Loss: 0.4963, Validation Loss: 0.9192
Epoch 139/1000, Train Loss: 0.5034, Validation Loss: 1.7547
Epoch 140/1000, Train Loss: 0.4929, Validation Loss: 0.4848
Epoch 141/1000, Train Loss: 0.4898, Validation Loss: 1.8411
Epoch 142/1000, Train Loss: 0.4914, Validation Loss: 1.2560
Epoch 143/1000, Train Loss: 0.4996, Validation Loss: 2.4443
Epoch 144/1000, Train Loss: 0.4938, Validation Loss: 1.9991
Epoch 145/1000, Train Loss: 0.4932, Validation Loss: 1.7823
Epoch 146/1000, Train Loss: 0.4911, Validation Loss: 0.6814
Epoch 147/1000, Train Loss: 0.4823, Validation Loss: 3.6288
Epoch 148/1000, Train Loss: 0.4789, Validation Loss: 1.5480
Epoch 149/1000, Train Loss: 0.4876, Validation Loss: 4.2553
Epoch 150/1000, Train Loss: 0.4830, Validation Loss: 3.9076
Epoch 151/1000, Train Loss: 0.4932, Validation Loss: 1.1603
Epoch 152/1000, Train Loss: 0.4704, Validation Loss: 2.3922
Epoch 153/1000, Train Loss: 0.4715, Validation Loss: 0.7712
Epoch 154/1000, Train Loss: 0.4817, Validation Loss: 0.9236
Epoch 155/1000, Train Loss: 0.4856, Validation Loss: 1.2069
Epoch 156/1000, Train Loss: 0.4998, Validation Loss: 1.0610
Epoch 157/1000, Train Loss: 0.4889, Validation Loss: 1.7229
Epoch 158/1000, Train Loss: 0.4824, Validation Loss: 0.9586
Epoch 159/1000, Train Loss: 0.4941, Validation Loss: 1.4106
Epoch 160/1000, Train Loss: 0.4733, Validation Loss: 1.1898
Epoch 161/1000, Train Loss: 0.4804, Validation Loss: 0.6143
Epoch 162/1000, Train Loss: 0.4824, Validation Loss: 1.7521
Epoch 163/1000, Train Loss: 0.4820, Validation Loss: 2.8415
Epoch 164/1000, Train Loss: 0.4748, Validation Loss: 1.1584
Epoch 165/1000, Train Loss: 0.4760, Validation Loss: 0.9551
Epoch 166/1000, Train Loss: 0.4677, Validation Loss: 0.7012
Epoch 167/1000, Train Loss: 0.4907, Validation Loss: 1.9813
Epoch 168/1000, Train Loss: 0.4929, Validation Loss: 0.6712
Epoch 169/1000, Train Loss: 0.4623, Validation Loss: 0.8191
Epoch 170/1000, Train Loss: 0.4544, Validation Loss: 1.9488
Epoch 171/1000, Train Loss: 0.4675, Validation Loss: 2.7482
Epoch 172/1000, Train Loss: 0.4782, Validation Loss: 2.0688
Epoch 173/1000, Train Loss: 1.1536, Validation Loss: 0.8866
Epoch 174/1000, Train Loss: 0.4750, Validation Loss: 0.9839
Epoch 175/1000, Train Loss: 0.4826, Validation Loss: 0.7563
Epoch 176/1000, Train Loss: 0.4567, Validation Loss: 0.7793
Epoch 177/1000, Train Loss: 0.4863, Validation Loss: 2.4157
Epoch 178/1000, Train Loss: 0.4747, Validation Loss: 0.8116
Epoch 179/1000, Train Loss: 0.4718, Validation Loss: 2.3979
Epoch 180/1000, Train Loss: 0.4612, Validation Loss: 1.0212
Epoch 181/1000, Train Loss: 0.4927, Validation Loss: 4.7077
Epoch 182/1000, Train Loss: 0.4656, Validation Loss: 0.9044
Epoch 183/1000, Train Loss: 0.4792, Validation Loss: 0.9155
Epoch 184/1000, Train Loss: 0.4695, Validation Loss: 0.6766
Epoch 185/1000, Train Loss: 0.4636, Validation Loss: 0.7733
Epoch 186/1000, Train Loss: 0.4592, Validation Loss: 1.2541
Epoch 187/1000, Train Loss: 0.4874, Validation Loss: 0.7407
Epoch 188/1000, Train Loss: 0.4616, Validation Loss: 3.3806
Epoch 189/1000, Train Loss: 0.4709, Validation Loss: 2.6835
Epoch 190/1000, Train Loss: 0.4629, Validation Loss: 0.8691
Epoch 191/1000, Train Loss: 0.4705, Validation Loss: 4.9252
Epoch 192/1000, Train Loss: 0.4544, Validation Loss: 0.9593
Epoch 193/1000, Train Loss: 0.4476, Validation Loss: 4.2897
Epoch 194/1000, Train Loss: 0.4507, Validation Loss: 2.9855
Epoch 195/1000, Train Loss: 0.4738, Validation Loss: 0.8174
Epoch 196/1000, Train Loss: 0.4711, Validation Loss: 0.9682
Epoch 197/1000, Train Loss: 0.4879, Validation Loss: 0.6655
Epoch 198/1000, Train Loss: 0.4512, Validation Loss: 0.7654
Epoch 199/1000, Train Loss: 0.4552, Validation Loss: 0.6384
Epoch 200/1000, Train Loss: 0.4621, Validation Loss: 0.4513
Epoch 201/1000, Train Loss: 0.4474, Validation Loss: 1.6658
Epoch 202/1000, Train Loss: 0.4415, Validation Loss: 3.8539
Epoch 203/1000, Train Loss: 0.4503, Validation Loss: 0.6954
Epoch 204/1000, Train Loss: 0.4603, Validation Loss: 3.7883
Epoch 205/1000, Train Loss: 0.4400, Validation Loss: 3.5549
Epoch 206/1000, Train Loss: 0.4427, Validation Loss: 0.6243
Epoch 207/1000, Train Loss: 0.4511, Validation Loss: 3.3358
Epoch 208/1000, Train Loss: 0.4710, Validation Loss: 8.2733
Epoch 209/1000, Train Loss: 0.4759, Validation Loss: 0.5940
Epoch 210/1000, Train Loss: 0.4532, Validation Loss: 3.5888
Epoch 211/1000, Train Loss: 0.4503, Validation Loss: 1.7909
Epoch 212/1000, Train Loss: 0.4362, Validation Loss: 0.8737
Epoch 213/1000, Train Loss: 0.4719, Validation Loss: 0.6262
Epoch 214/1000, Train Loss: 0.4494, Validation Loss: 0.7786
Epoch 215/1000, Train Loss: 0.4375, Validation Loss: 5.3558
Epoch 216/1000, Train Loss: 0.4386, Validation Loss: 1.3538
Epoch 217/1000, Train Loss: 0.4435, Validation Loss: 5.4755
Epoch 218/1000, Train Loss: 0.4527, Validation Loss: 1.2378
Epoch 219/1000, Train Loss: 0.4429, Validation Loss: 0.7965
Epoch 220/1000, Train Loss: 0.4480, Validation Loss: 0.6623
Epoch 221/1000, Train Loss: 0.4503, Validation Loss: 2.1635
Epoch 222/1000, Train Loss: 0.4456, Validation Loss: 3.9993
Epoch 223/1000, Train Loss: 0.4424, Validation Loss: 3.4275
Epoch 224/1000, Train Loss: 0.4511, Validation Loss: 3.0237
Epoch 225/1000, Train Loss: 0.4522, Validation Loss: 0.7345
Epoch 226/1000, Train Loss: 0.4432, Validation Loss: 4.2283
Epoch 227/1000, Train Loss: 0.4395, Validation Loss: 1.6149
Epoch 228/1000, Train Loss: 0.4309, Validation Loss: 1.5103
Epoch 229/1000, Train Loss: 0.4397, Validation Loss: 2.2306
Epoch 230/1000, Train Loss: 0.4340, Validation Loss: 0.7945
Epoch 231/1000, Train Loss: 0.4380, Validation Loss: 1.4458
Epoch 232/1000, Train Loss: 0.4720, Validation Loss: 1.8016
Epoch 233/1000, Train Loss: 0.4455, Validation Loss: 0.4979
Epoch 234/1000, Train Loss: 0.4316, Validation Loss: 0.9963
Epoch 235/1000, Train Loss: 0.4275, Validation Loss: 1.4358
Epoch 236/1000, Train Loss: 0.4288, Validation Loss: 0.8591
Epoch 237/1000, Train Loss: 0.4290, Validation Loss: 4.9724
Epoch 238/1000, Train Loss: 0.4491, Validation Loss: 4.2258
Epoch 239/1000, Train Loss: 0.4271, Validation Loss: 2.4209
Epoch 240/1000, Train Loss: 0.4310, Validation Loss: 2.7408
Epoch 241/1000, Train Loss: 0.4212, Validation Loss: 0.9949
Epoch 242/1000, Train Loss: 0.4359, Validation Loss: 5.2627
Epoch 243/1000, Train Loss: 0.4355, Validation Loss: 1.6138
Epoch 244/1000, Train Loss: 0.4175, Validation Loss: 1.2970
Epoch 245/1000, Train Loss: 0.4110, Validation Loss: 1.9339
Epoch 246/1000, Train Loss: 0.4201, Validation Loss: 0.8021
Epoch 247/1000, Train Loss: 0.4436, Validation Loss: 1.0254
Epoch 248/1000, Train Loss: 0.4871, Validation Loss: 2.8781
Epoch 249/1000, Train Loss: 0.4285, Validation Loss: 0.8409
Epoch 250/1000, Train Loss: 0.4268, Validation Loss: 1.7040
Epoch 251/1000, Train Loss: 0.4152, Validation Loss: 1.8681
Epoch 252/1000, Train Loss: 0.4262, Validation Loss: 2.1752
Epoch 253/1000, Train Loss: 0.4392, Validation Loss: 1.0335
Epoch 254/1000, Train Loss: 0.4270, Validation Loss: 0.5542
Epoch 255/1000, Train Loss: 0.4173, Validation Loss: 0.5395
Epoch 256/1000, Train Loss: 0.4189, Validation Loss: 0.8255
Epoch 257/1000, Train Loss: 0.4215, Validation Loss: 1.8787
Epoch 258/1000, Train Loss: 0.4382, Validation Loss: 0.8179
Epoch 259/1000, Train Loss: 0.4289, Validation Loss: 5.8064
Epoch 260/1000, Train Loss: 0.4196, Validation Loss: 0.7979
Epoch 261/1000, Train Loss: 0.4087, Validation Loss: 1.4938
Epoch 262/1000, Train Loss: 0.4252, Validation Loss: 2.1820
Epoch 263/1000, Train Loss: 0.4117, Validation Loss: 7.7725
Epoch 264/1000, Train Loss: 0.4266, Validation Loss: 1.3728
Epoch 265/1000, Train Loss: 0.4266, Validation Loss: 1.5697
Epoch 266/1000, Train Loss: 0.4366, Validation Loss: 3.5876
Epoch 267/1000, Train Loss: 0.4245, Validation Loss: 1.4316
Epoch 268/1000, Train Loss: 0.4305, Validation Loss: 4.1202
Epoch 269/1000, Train Loss: 0.4132, Validation Loss: 0.4762
Epoch 270/1000, Train Loss: 0.4190, Validation Loss: 0.6690
Epoch 271/1000, Train Loss: 0.4198, Validation Loss: 1.6604
Epoch 272/1000, Train Loss: 0.4218, Validation Loss: 2.2495
Epoch 273/1000, Train Loss: 0.4297, Validation Loss: 0.8971
Epoch 274/1000, Train Loss: 0.4120, Validation Loss: 1.3806
Epoch 275/1000, Train Loss: 0.4258, Validation Loss: 1.6762
Epoch 276/1000, Train Loss: 0.4281, Validation Loss: 1.0277
Epoch 277/1000, Train Loss: 0.4084, Validation Loss: 2.0288
Epoch 278/1000, Train Loss: 0.4207, Validation Loss: 0.9684
Epoch 279/1000, Train Loss: 0.4259, Validation Loss: 3.6466
Epoch 280/1000, Train Loss: 0.4056, Validation Loss: 0.9588
Epoch 281/1000, Train Loss: 0.4202, Validation Loss: 0.8005
Epoch 282/1000, Train Loss: 0.4082, Validation Loss: 1.5473
Epoch 283/1000, Train Loss: 0.4291, Validation Loss: 0.9526
Epoch 284/1000, Train Loss: 0.4208, Validation Loss: 1.7843
Epoch 285/1000, Train Loss: 0.4063, Validation Loss: 2.5388
Epoch 286/1000, Train Loss: 0.3899, Validation Loss: 0.9160
Epoch 287/1000, Train Loss: 0.4120, Validation Loss: 0.7901
Epoch 288/1000, Train Loss: 0.4141, Validation Loss: 0.7586
Epoch 289/1000, Train Loss: 0.3926, Validation Loss: 0.8212
Epoch 290/1000, Train Loss: 0.4020, Validation Loss: 3.7531
Epoch 291/1000, Train Loss: 0.4001, Validation Loss: 2.7392
Epoch 292/1000, Train Loss: 0.4107, Validation Loss: 3.1138
Epoch 293/1000, Train Loss: 0.3954, Validation Loss: 0.8997
Epoch 294/1000, Train Loss: 0.3952, Validation Loss: 1.3830
Epoch 295/1000, Train Loss: 0.3958, Validation Loss: 0.5957
Epoch 296/1000, Train Loss: 0.4131, Validation Loss: 0.9329
Epoch 297/1000, Train Loss: 0.3938, Validation Loss: 1.1168
Epoch 298/1000, Train Loss: 0.4184, Validation Loss: 1.5931
Epoch 299/1000, Train Loss: 0.3946, Validation Loss: 2.0559
Epoch 300/1000, Train Loss: 0.3961, Validation Loss: 1.6708
Epoch 301/1000, Train Loss: 0.4093, Validation Loss: 0.5710
Epoch 302/1000, Train Loss: 0.3932, Validation Loss: 2.5035
Epoch 303/1000, Train Loss: 0.3976, Validation Loss: 2.1026
Epoch 304/1000, Train Loss: 0.3977, Validation Loss: 4.1718
Epoch 305/1000, Train Loss: 0.3923, Validation Loss: 1.2787
Epoch 306/1000, Train Loss: 0.3898, Validation Loss: 2.8699
Epoch 307/1000, Train Loss: 0.3871, Validation Loss: 1.0818
Epoch 308/1000, Train Loss: 0.3968, Validation Loss: 1.1172
Epoch 309/1000, Train Loss: 0.3948, Validation Loss: 0.9941
Epoch 310/1000, Train Loss: 0.4040, Validation Loss: 4.3723
Epoch 311/1000, Train Loss: 0.3912, Validation Loss: 5.5165
Epoch 312/1000, Train Loss: 0.3914, Validation Loss: 1.1022
Epoch 313/1000, Train Loss: 0.4014, Validation Loss: 1.9076
Epoch 314/1000, Train Loss: 0.3957, Validation Loss: 2.8659
Epoch 315/1000, Train Loss: 0.3853, Validation Loss: 2.7124
Epoch 316/1000, Train Loss: 0.3942, Validation Loss: 3.8545
Epoch 317/1000, Train Loss: 0.3942, Validation Loss: 1.5440
Epoch 318/1000, Train Loss: 0.4115, Validation Loss: 0.9653
Epoch 319/1000, Train Loss: 0.3825, Validation Loss: 2.2100
Epoch 320/1000, Train Loss: 0.3924, Validation Loss: 0.8970
Epoch 321/1000, Train Loss: 0.3861, Validation Loss: 0.4058
Epoch 322/1000, Train Loss: 0.3962, Validation Loss: 0.5045
Epoch 323/1000, Train Loss: 0.3928, Validation Loss: 0.7008
Epoch 324/1000, Train Loss: 0.3824, Validation Loss: 2.2184
Epoch 325/1000, Train Loss: 0.3976, Validation Loss: 4.7433
Epoch 326/1000, Train Loss: 0.3895, Validation Loss: 3.0640
Epoch 327/1000, Train Loss: 0.4013, Validation Loss: 2.2031
Epoch 328/1000, Train Loss: 0.4017, Validation Loss: 0.7583
Epoch 329/1000, Train Loss: 0.3942, Validation Loss: 2.5936
Epoch 330/1000, Train Loss: 0.3907, Validation Loss: 1.4335
Epoch 331/1000, Train Loss: 0.3983, Validation Loss: 1.1402
Epoch 332/1000, Train Loss: 0.3933, Validation Loss: 0.6663
Epoch 333/1000, Train Loss: 0.3826, Validation Loss: 0.5050
Epoch 334/1000, Train Loss: 0.3961, Validation Loss: 1.1741
Epoch 335/1000, Train Loss: 0.3929, Validation Loss: 2.0168
Epoch 336/1000, Train Loss: 0.3833, Validation Loss: 0.9903
Epoch 337/1000, Train Loss: 0.3883, Validation Loss: 1.1569
Epoch 338/1000, Train Loss: 0.3900, Validation Loss: 4.5224
Epoch 339/1000, Train Loss: 0.3903, Validation Loss: 1.1013
Epoch 340/1000, Train Loss: 0.3974, Validation Loss: 0.9775
Epoch 341/1000, Train Loss: 0.3932, Validation Loss: 0.5668
Epoch 342/1000, Train Loss: 0.3739, Validation Loss: 2.1711
Epoch 343/1000, Train Loss: 0.3829, Validation Loss: 1.4747
Epoch 344/1000, Train Loss: 0.3749, Validation Loss: 1.0275
Epoch 345/1000, Train Loss: 0.3939, Validation Loss: 0.5926
Epoch 346/1000, Train Loss: 0.3843, Validation Loss: 1.2296
Epoch 347/1000, Train Loss: 0.3804, Validation Loss: 2.3827
Epoch 348/1000, Train Loss: 0.3823, Validation Loss: 1.0551
Epoch 349/1000, Train Loss: 0.3846, Validation Loss: 0.6344
Epoch 350/1000, Train Loss: 0.3794, Validation Loss: 1.6348
Epoch 351/1000, Train Loss: 0.3852, Validation Loss: 3.4557
Epoch 352/1000, Train Loss: 0.3740, Validation Loss: 1.0841
Epoch 353/1000, Train Loss: 0.3893, Validation Loss: 1.5319
Epoch 354/1000, Train Loss: 0.3821, Validation Loss: 1.1853
Epoch 355/1000, Train Loss: 0.3771, Validation Loss: 0.5681
Epoch 356/1000, Train Loss: 0.3918, Validation Loss: 1.2587
Epoch 357/1000, Train Loss: 0.3814, Validation Loss: 0.8570
Epoch 358/1000, Train Loss: 0.3889, Validation Loss: 1.0364
Epoch 359/1000, Train Loss: 0.3711, Validation Loss: 1.1040
Epoch 360/1000, Train Loss: 0.3729, Validation Loss: 1.2088
Epoch 361/1000, Train Loss: 0.3819, Validation Loss: 0.7171
Epoch 362/1000, Train Loss: 0.3821, Validation Loss: 0.8330
Epoch 363/1000, Train Loss: 0.3684, Validation Loss: 2.1472
Epoch 364/1000, Train Loss: 0.3704, Validation Loss: 0.5140
Epoch 365/1000, Train Loss: 0.3861, Validation Loss: 0.6314
Epoch 366/1000, Train Loss: 0.3968, Validation Loss: 0.5504
Epoch 367/1000, Train Loss: 0.3728, Validation Loss: 2.8139
Epoch 368/1000, Train Loss: 0.3926, Validation Loss: 2.2262
Epoch 369/1000, Train Loss: 0.3696, Validation Loss: 2.2008
Epoch 370/1000, Train Loss: 0.4012, Validation Loss: 1.0883
Epoch 371/1000, Train Loss: 0.3695, Validation Loss: 1.9875
Epoch 372/1000, Train Loss: 0.3884, Validation Loss: 0.9242
Epoch 373/1000, Train Loss: 0.3741, Validation Loss: 3.2998
Epoch 374/1000, Train Loss: 0.3746, Validation Loss: 1.0216
Epoch 375/1000, Train Loss: 0.3732, Validation Loss: 3.5190
Epoch 376/1000, Train Loss: 0.3811, Validation Loss: 0.8331
Epoch 377/1000, Train Loss: 0.3715, Validation Loss: 2.3808
Epoch 378/1000, Train Loss: 0.4212, Validation Loss: 0.7929
Epoch 379/1000, Train Loss: 0.3906, Validation Loss: 1.8104
Epoch 380/1000, Train Loss: 0.3693, Validation Loss: 2.8788
Epoch 381/1000, Train Loss: 0.3699, Validation Loss: 0.7834
Epoch 382/1000, Train Loss: 0.3780, Validation Loss: 0.9448
Epoch 383/1000, Train Loss: 0.3773, Validation Loss: 0.7046
Epoch 384/1000, Train Loss: 0.3846, Validation Loss: 1.3631
Epoch 385/1000, Train Loss: 0.3632, Validation Loss: 4.7486
Epoch 386/1000, Train Loss: 0.3817, Validation Loss: 1.2592
Epoch 387/1000, Train Loss: 0.3731, Validation Loss: 1.1954
Epoch 388/1000, Train Loss: 0.3815, Validation Loss: 1.1643
Epoch 389/1000, Train Loss: 0.3824, Validation Loss: 1.3673
Epoch 390/1000, Train Loss: 0.3693, Validation Loss: 1.7568
Epoch 391/1000, Train Loss: 0.3807, Validation Loss: 0.9087
Epoch 392/1000, Train Loss: 0.3813, Validation Loss: 2.0417
Epoch 393/1000, Train Loss: 0.3635, Validation Loss: 1.5721
Epoch 394/1000, Train Loss: 0.3850, Validation Loss: 1.3643
Epoch 395/1000, Train Loss: 0.3713, Validation Loss: 2.5838
Epoch 396/1000, Train Loss: 0.3801, Validation Loss: 0.5452
Epoch 397/1000, Train Loss: 0.3804, Validation Loss: 0.5570
Epoch 398/1000, Train Loss: 0.3781, Validation Loss: 2.0130
Epoch 399/1000, Train Loss: 0.3804, Validation Loss: 1.2012
Epoch 400/1000, Train Loss: 0.3843, Validation Loss: 0.7554
Epoch 401/1000, Train Loss: 0.3789, Validation Loss: 1.5840
Epoch 402/1000, Train Loss: 0.3753, Validation Loss: 0.8667
Epoch 403/1000, Train Loss: 0.3677, Validation Loss: 0.9459
Epoch 404/1000, Train Loss: 0.3793, Validation Loss: 0.7384
Epoch 405/1000, Train Loss: 0.3689, Validation Loss: 0.6155
Epoch 406/1000, Train Loss: 0.3745, Validation Loss: 0.5325
Epoch 407/1000, Train Loss: 0.3704, Validation Loss: 4.5628
Epoch 408/1000, Train Loss: 0.3628, Validation Loss: 4.0330
Epoch 409/1000, Train Loss: 0.3786, Validation Loss: 0.9816
Epoch 410/1000, Train Loss: 0.3787, Validation Loss: 2.6533
Epoch 411/1000, Train Loss: 0.3703, Validation Loss: 1.0111
Epoch 412/1000, Train Loss: 0.3740, Validation Loss: 0.8096
Epoch 413/1000, Train Loss: 0.3787, Validation Loss: 0.6846
Epoch 414/1000, Train Loss: 0.3686, Validation Loss: 1.2260
Epoch 415/1000, Train Loss: 0.3693, Validation Loss: 2.8988
Epoch 416/1000, Train Loss: 0.3695, Validation Loss: 1.2040
Epoch 417/1000, Train Loss: 0.3727, Validation Loss: 1.9531
Epoch 418/1000, Train Loss: 0.3658, Validation Loss: 0.6359
Epoch 419/1000, Train Loss: 0.3632, Validation Loss: 2.6319
Epoch 420/1000, Train Loss: 0.3697, Validation Loss: 2.3744
Epoch 421/1000, Train Loss: 0.3619, Validation Loss: 4.7672
Epoch 422/1000, Train Loss: 0.3707, Validation Loss: 0.9732
Epoch 423/1000, Train Loss: 0.3723, Validation Loss: 0.7368
Epoch 424/1000, Train Loss: 0.3615, Validation Loss: 2.0732
Epoch 425/1000, Train Loss: 0.3746, Validation Loss: 0.6142
Epoch 426/1000, Train Loss: 0.4504, Validation Loss: 1.7340
Epoch 427/1000, Train Loss: 0.3615, Validation Loss: 1.4351
Epoch 428/1000, Train Loss: 0.3585, Validation Loss: 2.2517
Epoch 429/1000, Train Loss: 0.3580, Validation Loss: 0.9241
Epoch 430/1000, Train Loss: 0.3603, Validation Loss: 0.8232
Epoch 431/1000, Train Loss: 0.3571, Validation Loss: 0.5323
Epoch 432/1000, Train Loss: 0.3690, Validation Loss: 1.1719
Epoch 433/1000, Train Loss: 0.3660, Validation Loss: 1.2310
Epoch 434/1000, Train Loss: 0.3678, Validation Loss: 2.0884
Epoch 435/1000, Train Loss: 0.3609, Validation Loss: 0.7691
Epoch 436/1000, Train Loss: 0.3747, Validation Loss: 8.4556
Epoch 437/1000, Train Loss: 0.3586, Validation Loss: 1.0714
Epoch 438/1000, Train Loss: 0.3893, Validation Loss: 2.0161
Epoch 439/1000, Train Loss: 0.3684, Validation Loss: 2.3435
Epoch 440/1000, Train Loss: 0.3626, Validation Loss: 0.9822
Epoch 441/1000, Train Loss: 0.3819, Validation Loss: 0.5873
Epoch 442/1000, Train Loss: 0.3608, Validation Loss: 1.4762
Epoch 443/1000, Train Loss: 0.3683, Validation Loss: 0.9218
Epoch 444/1000, Train Loss: 0.3689, Validation Loss: 0.7781
Epoch 445/1000, Train Loss: 0.3624, Validation Loss: 0.7292
Epoch 446/1000, Train Loss: 0.3614, Validation Loss: 4.5533
Epoch 447/1000, Train Loss: 0.3635, Validation Loss: 0.4953
Epoch 448/1000, Train Loss: 0.3592, Validation Loss: 2.1726
Epoch 449/1000, Train Loss: 0.3600, Validation Loss: 1.8816
Epoch 450/1000, Train Loss: 0.3544, Validation Loss: 0.9348
Epoch 451/1000, Train Loss: 0.3607, Validation Loss: 2.1999
Epoch 452/1000, Train Loss: 0.3569, Validation Loss: 1.8139
Epoch 453/1000, Train Loss: 0.3625, Validation Loss: 1.4171
Epoch 454/1000, Train Loss: 0.3920, Validation Loss: 3.2744
Epoch 455/1000, Train Loss: 0.3708, Validation Loss: 0.7959
Epoch 456/1000, Train Loss: 0.3652, Validation Loss: 1.5610
Epoch 457/1000, Train Loss: 0.3599, Validation Loss: 1.7275
Epoch 458/1000, Train Loss: 0.3611, Validation Loss: 1.1172
Epoch 459/1000, Train Loss: 0.3621, Validation Loss: 0.7764
Epoch 460/1000, Train Loss: 0.3619, Validation Loss: 0.6898
Epoch 461/1000, Train Loss: 0.3560, Validation Loss: 5.7870
Epoch 462/1000, Train Loss: 0.3669, Validation Loss: 0.7000
Epoch 463/1000, Train Loss: 0.3543, Validation Loss: 2.4451
Epoch 464/1000, Train Loss: 0.3550, Validation Loss: 0.6491
Epoch 465/1000, Train Loss: 0.3625, Validation Loss: 1.0687
Epoch 466/1000, Train Loss: 0.3554, Validation Loss: 4.3338
Epoch 467/1000, Train Loss: 0.3682, Validation Loss: 4.6066
Epoch 468/1000, Train Loss: 0.3555, Validation Loss: 2.2520
Epoch 469/1000, Train Loss: 0.3492, Validation Loss: 1.7197
Epoch 470/1000, Train Loss: 0.3707, Validation Loss: 4.8781
Epoch 471/1000, Train Loss: 0.3649, Validation Loss: 0.4555
Epoch 472/1000, Train Loss: 0.3481, Validation Loss: 0.5163
Epoch 473/1000, Train Loss: 0.3573, Validation Loss: 0.6526
Epoch 474/1000, Train Loss: 0.3508, Validation Loss: 4.1457
Epoch 475/1000, Train Loss: 0.3558, Validation Loss: 0.5025
Epoch 476/1000, Train Loss: 0.3519, Validation Loss: 1.3186
Epoch 477/1000, Train Loss: 0.3512, Validation Loss: 1.5187
Epoch 478/1000, Train Loss: 0.3591, Validation Loss: 2.3834
Epoch 479/1000, Train Loss: 0.3525, Validation Loss: 0.7257
Epoch 480/1000, Train Loss: 0.3605, Validation Loss: 1.3543
Epoch 481/1000, Train Loss: 0.3579, Validation Loss: 1.7343
Epoch 482/1000, Train Loss: 0.3726, Validation Loss: 1.3306
Epoch 483/1000, Train Loss: 0.3628, Validation Loss: 0.9305
Epoch 484/1000, Train Loss: 0.3714, Validation Loss: 0.8187
Epoch 485/1000, Train Loss: 0.3559, Validation Loss: 3.5456
Epoch 486/1000, Train Loss: 0.3540, Validation Loss: 0.5967
Epoch 487/1000, Train Loss: 0.3587, Validation Loss: 1.8025
Epoch 488/1000, Train Loss: 0.3555, Validation Loss: 1.2538
Epoch 489/1000, Train Loss: 0.3521, Validation Loss: 0.6908
Epoch 490/1000, Train Loss: 0.3528, Validation Loss: 5.2917
Epoch 491/1000, Train Loss: 0.3630, Validation Loss: 1.0165
Epoch 492/1000, Train Loss: 0.3515, Validation Loss: 0.7267
Epoch 493/1000, Train Loss: 0.3551, Validation Loss: 0.8958
Epoch 494/1000, Train Loss: 0.3585, Validation Loss: 2.4128
Epoch 495/1000, Train Loss: 0.3501, Validation Loss: 1.4655
Epoch 496/1000, Train Loss: 0.3633, Validation Loss: 1.1508
Epoch 497/1000, Train Loss: 0.3533, Validation Loss: 3.2541
Epoch 498/1000, Train Loss: 0.3609, Validation Loss: 0.6843
Epoch 499/1000, Train Loss: 0.3531, Validation Loss: 0.9335
Epoch 500/1000, Train Loss: 0.3534, Validation Loss: 0.8517
Epoch 501/1000, Train Loss: 0.3555, Validation Loss: 4.5521
Epoch 502/1000, Train Loss: 0.3577, Validation Loss: 3.7737
Epoch 503/1000, Train Loss: 0.3515, Validation Loss: 2.9652
Epoch 504/1000, Train Loss: 0.3531, Validation Loss: 0.6827
Epoch 505/1000, Train Loss: 0.3561, Validation Loss: 1.2341
Epoch 506/1000, Train Loss: 0.3540, Validation Loss: 0.9375
Epoch 507/1000, Train Loss: 0.3504, Validation Loss: 1.0212
Epoch 508/1000, Train Loss: 0.3580, Validation Loss: 0.8055
Epoch 509/1000, Train Loss: 0.3653, Validation Loss: 0.9879
Epoch 510/1000, Train Loss: 0.3481, Validation Loss: 0.5965
Epoch 511/1000, Train Loss: 0.3546, Validation Loss: 2.5427
Epoch 512/1000, Train Loss: 0.3502, Validation Loss: 1.4171
Epoch 513/1000, Train Loss: 0.3494, Validation Loss: 0.4784
Epoch 514/1000, Train Loss: 0.3472, Validation Loss: 0.4764
Epoch 515/1000, Train Loss: 0.3436, Validation Loss: 3.3592
Epoch 516/1000, Train Loss: 0.3683, Validation Loss: 1.2865
Epoch 517/1000, Train Loss: 0.3485, Validation Loss: 0.5065
Epoch 518/1000, Train Loss: 0.3531, Validation Loss: 1.2676
Epoch 519/1000, Train Loss: 0.3596, Validation Loss: 2.5639
Epoch 520/1000, Train Loss: 0.3539, Validation Loss: 0.6003
Epoch 521/1000, Train Loss: 0.3529, Validation Loss: 4.7738
Epoch 522/1000, Train Loss: 0.3450, Validation Loss: 3.1676
Epoch 523/1000, Train Loss: 0.3499, Validation Loss: 0.9251
Epoch 524/1000, Train Loss: 0.3664, Validation Loss: 0.4995
Epoch 525/1000, Train Loss: 0.3558, Validation Loss: 3.2793
Epoch 526/1000, Train Loss: 0.3506, Validation Loss: 0.6349
Epoch 527/1000, Train Loss: 0.3572, Validation Loss: 1.0324
Epoch 528/1000, Train Loss: 0.3606, Validation Loss: 0.4292
Epoch 529/1000, Train Loss: 0.3426, Validation Loss: 0.7173
Epoch 530/1000, Train Loss: 0.3485, Validation Loss: 1.0335
Epoch 531/1000, Train Loss: 0.3469, Validation Loss: 2.0974
Epoch 532/1000, Train Loss: 0.3533, Validation Loss: 0.5262
Epoch 533/1000, Train Loss: 0.3513, Validation Loss: 2.3441
Epoch 534/1000, Train Loss: 0.3493, Validation Loss: 1.6124
Epoch 535/1000, Train Loss: 0.3522, Validation Loss: 0.6652
Epoch 536/1000, Train Loss: 0.3451, Validation Loss: 2.4027
Epoch 537/1000, Train Loss: 0.3499, Validation Loss: 2.3765
Epoch 538/1000, Train Loss: 0.3464, Validation Loss: 0.5371
Epoch 539/1000, Train Loss: 0.3493, Validation Loss: 1.1164
Epoch 540/1000, Train Loss: 1.4570, Validation Loss: 1.0551
Epoch 541/1000, Train Loss: 0.3514, Validation Loss: 7.2332
Epoch 542/1000, Train Loss: 0.3474, Validation Loss: 1.1623
Epoch 543/1000, Train Loss: 0.3409, Validation Loss: 2.1925
Epoch 544/1000, Train Loss: 0.3563, Validation Loss: 1.4972
Epoch 545/1000, Train Loss: 0.3501, Validation Loss: 0.6686
Epoch 546/1000, Train Loss: 0.3437, Validation Loss: 1.3301
Epoch 547/1000, Train Loss: 0.3468, Validation Loss: 1.4601
Epoch 548/1000, Train Loss: 0.3517, Validation Loss: 1.0224
Epoch 549/1000, Train Loss: 0.3419, Validation Loss: 0.5062
Epoch 550/1000, Train Loss: 0.3476, Validation Loss: 2.0374
Epoch 551/1000, Train Loss: 0.3459, Validation Loss: 3.9097
Epoch 552/1000, Train Loss: 0.3446, Validation Loss: 0.5391
Epoch 553/1000, Train Loss: 0.3446, Validation Loss: 0.9548
Epoch 554/1000, Train Loss: 0.3408, Validation Loss: 2.7369
Epoch 555/1000, Train Loss: 0.3467, Validation Loss: 0.9096
Epoch 556/1000, Train Loss: 0.3488, Validation Loss: 1.9545
Epoch 557/1000, Train Loss: 0.3758, Validation Loss: 3.3926
Epoch 558/1000, Train Loss: 0.3579, Validation Loss: 1.7028
Epoch 559/1000, Train Loss: 0.3507, Validation Loss: 3.9609
Epoch 560/1000, Train Loss: 0.3388, Validation Loss: 1.0158
Epoch 561/1000, Train Loss: 0.3555, Validation Loss: 1.1569
Epoch 562/1000, Train Loss: 0.3459, Validation Loss: 2.2923
Epoch 563/1000, Train Loss: 0.3491, Validation Loss: 1.8023
Epoch 564/1000, Train Loss: 0.3535, Validation Loss: 0.9507
Epoch 565/1000, Train Loss: 0.3566, Validation Loss: 0.6225
Epoch 566/1000, Train Loss: 0.4616, Validation Loss: 2.2390
Epoch 567/1000, Train Loss: 0.3497, Validation Loss: 3.6740
Epoch 568/1000, Train Loss: 0.3497, Validation Loss: 2.0620
Epoch 569/1000, Train Loss: 0.3506, Validation Loss: 2.1626
Epoch 570/1000, Train Loss: 0.3444, Validation Loss: 1.6743
Epoch 571/1000, Train Loss: 0.3447, Validation Loss: 2.3014
Epoch 572/1000, Train Loss: 0.3426, Validation Loss: 0.7652
Epoch 573/1000, Train Loss: 0.3580, Validation Loss: 4.4736
Epoch 574/1000, Train Loss: 0.3429, Validation Loss: 0.4909
Epoch 575/1000, Train Loss: 0.3411, Validation Loss: 1.0566
Epoch 576/1000, Train Loss: 0.3457, Validation Loss: 0.4476
Epoch 577/1000, Train Loss: 0.3405, Validation Loss: 3.6250
Epoch 578/1000, Train Loss: 0.3473, Validation Loss: 0.7861
Epoch 579/1000, Train Loss: 0.3406, Validation Loss: 1.3461
Epoch 580/1000, Train Loss: 0.3492, Validation Loss: 0.8700
Epoch 581/1000, Train Loss: 0.3531, Validation Loss: 0.9259
Epoch 582/1000, Train Loss: 0.3488, Validation Loss: 0.4589
Epoch 583/1000, Train Loss: 0.3628, Validation Loss: 1.2962
Epoch 584/1000, Train Loss: 0.3518, Validation Loss: 1.0572
Epoch 585/1000, Train Loss: 0.3540, Validation Loss: 1.2532
Epoch 586/1000, Train Loss: 0.3522, Validation Loss: 2.4188
Epoch 587/1000, Train Loss: 0.3448, Validation Loss: 1.1153
Epoch 588/1000, Train Loss: 0.3505, Validation Loss: 1.0527
Epoch 589/1000, Train Loss: 0.3554, Validation Loss: 1.2239
Epoch 590/1000, Train Loss: 0.3478, Validation Loss: 0.5748
Epoch 591/1000, Train Loss: 0.3511, Validation Loss: 1.1670
Epoch 592/1000, Train Loss: 0.3448, Validation Loss: 1.7138
Epoch 593/1000, Train Loss: 0.3563, Validation Loss: 1.2766
Epoch 594/1000, Train Loss: 0.3471, Validation Loss: 1.5322
Epoch 595/1000, Train Loss: 0.3409, Validation Loss: 0.6905
Epoch 596/1000, Train Loss: 0.3499, Validation Loss: 0.7340
Epoch 597/1000, Train Loss: 0.3535, Validation Loss: 0.5409
Epoch 598/1000, Train Loss: 0.3404, Validation Loss: 1.2958
Epoch 599/1000, Train Loss: 0.3389, Validation Loss: 1.0207
Epoch 600/1000, Train Loss: 0.3387, Validation Loss: 0.7337
Epoch 601/1000, Train Loss: 0.3564, Validation Loss: 1.5208
Epoch 602/1000, Train Loss: 0.3444, Validation Loss: 1.2449
Epoch 603/1000, Train Loss: 0.3528, Validation Loss: 0.6282
Epoch 604/1000, Train Loss: 0.3410, Validation Loss: 1.0898
Epoch 605/1000, Train Loss: 0.3454, Validation Loss: 2.2290
Epoch 606/1000, Train Loss: 0.3612, Validation Loss: 1.6971
Epoch 607/1000, Train Loss: 0.3391, Validation Loss: 1.4101
Epoch 608/1000, Train Loss: 0.3423, Validation Loss: 0.7028
Epoch 609/1000, Train Loss: 0.3351, Validation Loss: 1.4042
Epoch 610/1000, Train Loss: 0.3482, Validation Loss: 1.1976
Epoch 611/1000, Train Loss: 0.3488, Validation Loss: 0.6808
Epoch 612/1000, Train Loss: 0.3535, Validation Loss: 1.1866
Epoch 613/1000, Train Loss: 0.3431, Validation Loss: 2.2668
Epoch 614/1000, Train Loss: 0.3489, Validation Loss: 2.2073
Epoch 615/1000, Train Loss: 0.3550, Validation Loss: 0.5729
Epoch 616/1000, Train Loss: 0.3577, Validation Loss: 0.9819
Epoch 617/1000, Train Loss: 0.3473, Validation Loss: 0.8014
Epoch 618/1000, Train Loss: 0.3791, Validation Loss: 4.3578
Epoch 619/1000, Train Loss: 0.3577, Validation Loss: 3.6970
Epoch 620/1000, Train Loss: 0.3525, Validation Loss: 1.1919
Epoch 621/1000, Train Loss: 0.3527, Validation Loss: 1.0105
Epoch 622/1000, Train Loss: 0.3416, Validation Loss: 1.0893
Epoch 623/1000, Train Loss: 0.3445, Validation Loss: 0.9425
Epoch 624/1000, Train Loss: 0.3491, Validation Loss: 4.2307
Epoch 625/1000, Train Loss: 0.3468, Validation Loss: 3.7990
Epoch 626/1000, Train Loss: 0.3378, Validation Loss: 0.8671
Epoch 627/1000, Train Loss: 0.3408, Validation Loss: 2.7827
Epoch 628/1000, Train Loss: 0.3413, Validation Loss: 0.5681
Epoch 629/1000, Train Loss: 0.3437, Validation Loss: 0.4802
Epoch 630/1000, Train Loss: 0.3406, Validation Loss: 0.8330
Epoch 631/1000, Train Loss: 0.3398, Validation Loss: 1.8563
Epoch 632/1000, Train Loss: 0.3612, Validation Loss: 1.6944
Epoch 633/1000, Train Loss: 0.3482, Validation Loss: 0.6530
Epoch 634/1000, Train Loss: 0.3369, Validation Loss: 0.8960
Epoch 635/1000, Train Loss: 0.3371, Validation Loss: 1.6536
Epoch 636/1000, Train Loss: 0.3425, Validation Loss: 2.3266
Epoch 637/1000, Train Loss: 0.3397, Validation Loss: 0.9166
Epoch 638/1000, Train Loss: 0.3390, Validation Loss: 0.8784
Epoch 639/1000, Train Loss: 0.3356, Validation Loss: 3.7676
Epoch 640/1000, Train Loss: 0.3467, Validation Loss: 1.9384
Epoch 641/1000, Train Loss: 0.3457, Validation Loss: 1.3336
Epoch 642/1000, Train Loss: 0.3404, Validation Loss: 0.6481
Epoch 643/1000, Train Loss: 0.3364, Validation Loss: 2.7045
Epoch 644/1000, Train Loss: 0.3476, Validation Loss: 0.8656
Epoch 645/1000, Train Loss: 0.3336, Validation Loss: 2.1201
Epoch 646/1000, Train Loss: 0.3471, Validation Loss: 1.0958
Epoch 647/1000, Train Loss: 0.3288, Validation Loss: 1.0480
Epoch 648/1000, Train Loss: 0.3413, Validation Loss: 1.0928
Epoch 649/1000, Train Loss: 0.3459, Validation Loss: 3.0005
Epoch 650/1000, Train Loss: 0.3353, Validation Loss: 0.7378
Epoch 651/1000, Train Loss: 0.3541, Validation Loss: 1.4680
Epoch 652/1000, Train Loss: 0.3356, Validation Loss: 1.9714
Epoch 653/1000, Train Loss: 0.3283, Validation Loss: 0.5303
Epoch 654/1000, Train Loss: 0.3272, Validation Loss: 0.4791
Epoch 655/1000, Train Loss: 0.3372, Validation Loss: 0.8853
Epoch 656/1000, Train Loss: 0.3374, Validation Loss: 1.6357
Epoch 657/1000, Train Loss: 0.3401, Validation Loss: 1.4623
Epoch 658/1000, Train Loss: 0.3385, Validation Loss: 0.5472
Epoch 659/1000, Train Loss: 0.3395, Validation Loss: 3.2309
Epoch 660/1000, Train Loss: 0.3400, Validation Loss: 1.4973
Epoch 661/1000, Train Loss: 0.3287, Validation Loss: 0.4508
Epoch 662/1000, Train Loss: 0.3414, Validation Loss: 0.7814
Epoch 663/1000, Train Loss: 0.3400, Validation Loss: 2.1046
Epoch 664/1000, Train Loss: 0.3379, Validation Loss: 1.1684
Epoch 665/1000, Train Loss: 0.3335, Validation Loss: 1.0355
Epoch 666/1000, Train Loss: 0.3401, Validation Loss: 1.8758
Epoch 667/1000, Train Loss: 0.3384, Validation Loss: 0.5519
Epoch 668/1000, Train Loss: 0.3446, Validation Loss: 0.9308
Epoch 669/1000, Train Loss: 0.3340, Validation Loss: 1.7728
Epoch 670/1000, Train Loss: 0.3329, Validation Loss: 0.7463
Epoch 671/1000, Train Loss: 0.3271, Validation Loss: 1.1441
Epoch 672/1000, Train Loss: 0.3440, Validation Loss: 1.8051
Epoch 673/1000, Train Loss: 0.3330, Validation Loss: 3.0829
Epoch 674/1000, Train Loss: 0.3322, Validation Loss: 0.3893
Epoch 675/1000, Train Loss: 0.3388, Validation Loss: 0.8142
Epoch 676/1000, Train Loss: 0.3325, Validation Loss: 1.9724
Epoch 677/1000, Train Loss: 0.3897, Validation Loss: 1.0961
Epoch 678/1000, Train Loss: 0.3435, Validation Loss: 1.0440
Epoch 679/1000, Train Loss: 0.3434, Validation Loss: 0.5682
Epoch 680/1000, Train Loss: 0.3437, Validation Loss: 1.0257
Epoch 681/1000, Train Loss: 0.3311, Validation Loss: 1.8417
Epoch 682/1000, Train Loss: 0.3370, Validation Loss: 0.5080
Epoch 683/1000, Train Loss: 0.3507, Validation Loss: 1.5356
Epoch 684/1000, Train Loss: 0.3408, Validation Loss: 0.7142
Epoch 685/1000, Train Loss: 0.3428, Validation Loss: 1.4681
Epoch 686/1000, Train Loss: 0.3462, Validation Loss: 1.9648
Epoch 687/1000, Train Loss: 0.3382, Validation Loss: 2.2862
Epoch 688/1000, Train Loss: 0.3332, Validation Loss: 2.2421
Epoch 689/1000, Train Loss: 0.3337, Validation Loss: 0.9179
Epoch 690/1000, Train Loss: 0.3281, Validation Loss: 4.2315
Epoch 691/1000, Train Loss: 0.3403, Validation Loss: 0.8453
Epoch 692/1000, Train Loss: 0.3422, Validation Loss: 1.3845
Epoch 693/1000, Train Loss: 0.3557, Validation Loss: 0.5189
Epoch 694/1000, Train Loss: 0.3407, Validation Loss: 0.8634
Epoch 695/1000, Train Loss: 0.3404, Validation Loss: 1.4246
Epoch 696/1000, Train Loss: 0.3365, Validation Loss: 0.8802
Epoch 697/1000, Train Loss: 0.3338, Validation Loss: 0.9726
Epoch 698/1000, Train Loss: 0.3292, Validation Loss: 2.8620
Epoch 699/1000, Train Loss: 0.3489, Validation Loss: 0.6266
Epoch 700/1000, Train Loss: 0.3303, Validation Loss: 0.7515
Epoch 701/1000, Train Loss: 0.3275, Validation Loss: 0.9831
Epoch 702/1000, Train Loss: 0.3349, Validation Loss: 1.8456
Epoch 703/1000, Train Loss: 0.3383, Validation Loss: 1.1244
Epoch 704/1000, Train Loss: 0.3405, Validation Loss: 1.4415
Epoch 705/1000, Train Loss: 0.3377, Validation Loss: 1.1197
Epoch 706/1000, Train Loss: 0.3292, Validation Loss: 0.6372
Epoch 707/1000, Train Loss: 0.3423, Validation Loss: 1.1331
Epoch 708/1000, Train Loss: 0.3352, Validation Loss: 1.1231
Epoch 709/1000, Train Loss: 0.3357, Validation Loss: 0.8607
Epoch 710/1000, Train Loss: 0.3400, Validation Loss: 0.6916
Epoch 711/1000, Train Loss: 0.3318, Validation Loss: 0.8227
Epoch 712/1000, Train Loss: 0.3395, Validation Loss: 0.5029
Epoch 713/1000, Train Loss: 0.3348, Validation Loss: 1.8504
Epoch 714/1000, Train Loss: 0.3255, Validation Loss: 2.1404
Epoch 715/1000, Train Loss: 0.3408, Validation Loss: 0.6335
Epoch 716/1000, Train Loss: 0.3327, Validation Loss: 2.3196
Epoch 717/1000, Train Loss: 0.3426, Validation Loss: 0.6855
Epoch 718/1000, Train Loss: 0.3314, Validation Loss: 0.7804
Epoch 719/1000, Train Loss: 0.3342, Validation Loss: 1.0509
Epoch 720/1000, Train Loss: 0.3363, Validation Loss: 1.0367
Epoch 721/1000, Train Loss: 0.3348, Validation Loss: 0.8015
Epoch 722/1000, Train Loss: 0.3459, Validation Loss: 2.0649
Epoch 723/1000, Train Loss: 0.3292, Validation Loss: 1.3181
Epoch 724/1000, Train Loss: 0.3456, Validation Loss: 2.0304
Epoch 725/1000, Train Loss: 0.3489, Validation Loss: 0.9085
Epoch 726/1000, Train Loss: 0.3324, Validation Loss: 1.5858
Epoch 727/1000, Train Loss: 0.3335, Validation Loss: 1.7564
Epoch 728/1000, Train Loss: 0.3362, Validation Loss: 1.8114
Epoch 729/1000, Train Loss: 0.3382, Validation Loss: 1.6744
Epoch 730/1000, Train Loss: 0.3320, Validation Loss: 0.6926
Epoch 731/1000, Train Loss: 0.3404, Validation Loss: 1.1124
Epoch 732/1000, Train Loss: 0.3333, Validation Loss: 4.6776
Epoch 733/1000, Train Loss: 0.3291, Validation Loss: 0.9394
Epoch 734/1000, Train Loss: 0.3342, Validation Loss: 1.2577
Epoch 735/1000, Train Loss: 0.3332, Validation Loss: 0.6538
Epoch 736/1000, Train Loss: 0.3466, Validation Loss: 1.2136
Epoch 737/1000, Train Loss: 0.3319, Validation Loss: 1.6734
Epoch 738/1000, Train Loss: 0.3404, Validation Loss: 1.9919
Epoch 739/1000, Train Loss: 0.3423, Validation Loss: 1.6642
Epoch 740/1000, Train Loss: 0.3367, Validation Loss: 3.2075
Epoch 741/1000, Train Loss: 0.3383, Validation Loss: 1.5763
Epoch 742/1000, Train Loss: 0.3348, Validation Loss: 1.3144
Epoch 743/1000, Train Loss: 0.3270, Validation Loss: 0.4039
Epoch 744/1000, Train Loss: 0.3324, Validation Loss: 0.8249
Epoch 745/1000, Train Loss: 0.3334, Validation Loss: 0.7680
Epoch 746/1000, Train Loss: 0.3280, Validation Loss: 0.8820
Epoch 747/1000, Train Loss: 0.3293, Validation Loss: 0.4467
Epoch 748/1000, Train Loss: 0.3275, Validation Loss: 0.7554
Epoch 749/1000, Train Loss: 0.3409, Validation Loss: 1.0631
Epoch 750/1000, Train Loss: 0.3531, Validation Loss: 1.7267
Epoch 751/1000, Train Loss: 0.3343, Validation Loss: 4.0969
Epoch 752/1000, Train Loss: 0.3427, Validation Loss: 0.8819
Epoch 753/1000, Train Loss: 0.3460, Validation Loss: 1.1137
Epoch 754/1000, Train Loss: 0.3291, Validation Loss: 0.8389
Epoch 755/1000, Train Loss: 0.3322, Validation Loss: 0.7315
Epoch 756/1000, Train Loss: 0.3334, Validation Loss: 1.2034
Epoch 757/1000, Train Loss: 0.3273, Validation Loss: 2.2629
Epoch 758/1000, Train Loss: 0.3341, Validation Loss: 0.4458
Epoch 759/1000, Train Loss: 0.3401, Validation Loss: 0.9711
Epoch 760/1000, Train Loss: 0.3251, Validation Loss: 0.9792
Epoch 761/1000, Train Loss: 0.3323, Validation Loss: 1.6309
Epoch 762/1000, Train Loss: 0.3355, Validation Loss: 1.8029
Epoch 763/1000, Train Loss: 0.3371, Validation Loss: 1.1423
Epoch 764/1000, Train Loss: 0.3344, Validation Loss: 0.9365
Epoch 765/1000, Train Loss: 0.3420, Validation Loss: 0.8948
Epoch 766/1000, Train Loss: 0.3328, Validation Loss: 1.1698
Epoch 767/1000, Train Loss: 0.3473, Validation Loss: 1.2581
Epoch 768/1000, Train Loss: 0.3314, Validation Loss: 0.6542
Epoch 769/1000, Train Loss: 0.3292, Validation Loss: 1.4167
Epoch 770/1000, Train Loss: 0.3335, Validation Loss: 0.5740
Epoch 771/1000, Train Loss: 0.3422, Validation Loss: 3.6112
Epoch 772/1000, Train Loss: 0.3286, Validation Loss: 4.5203
Epoch 773/1000, Train Loss: 0.3300, Validation Loss: 2.0610
Epoch 774/1000, Train Loss: 0.3369, Validation Loss: 1.6815
Epoch 775/1000, Train Loss: 0.3321, Validation Loss: 1.5166
Epoch 776/1000, Train Loss: 0.3282, Validation Loss: 3.7213
Epoch 777/1000, Train Loss: 0.3360, Validation Loss: 7.7539
Epoch 778/1000, Train Loss: 0.3282, Validation Loss: 3.0051
Epoch 779/1000, Train Loss: 0.3318, Validation Loss: 0.8929
Epoch 780/1000, Train Loss: 0.3343, Validation Loss: 0.9319
Epoch 781/1000, Train Loss: 0.3338, Validation Loss: 0.5808
Epoch 782/1000, Train Loss: 0.3258, Validation Loss: 0.8293
Epoch 783/1000, Train Loss: 0.3283, Validation Loss: 3.1000
Epoch 784/1000, Train Loss: 0.3298, Validation Loss: 1.0376
Epoch 785/1000, Train Loss: 0.3514, Validation Loss: 1.4602
Epoch 786/1000, Train Loss: 0.3278, Validation Loss: 2.5989
Epoch 787/1000, Train Loss: 0.3260, Validation Loss: 3.2538
Epoch 788/1000, Train Loss: 0.3237, Validation Loss: 2.9500
Epoch 789/1000, Train Loss: 0.3255, Validation Loss: 1.6034
Epoch 790/1000, Train Loss: 0.3308, Validation Loss: 1.5255
Epoch 791/1000, Train Loss: 0.3296, Validation Loss: 1.0956
Epoch 792/1000, Train Loss: 0.3289, Validation Loss: 1.4459
Epoch 793/1000, Train Loss: 0.3332, Validation Loss: 2.1332
Epoch 794/1000, Train Loss: 0.3259, Validation Loss: 0.4684
Epoch 795/1000, Train Loss: 0.3272, Validation Loss: 1.0253
Epoch 796/1000, Train Loss: 0.3235, Validation Loss: 0.8018
Epoch 797/1000, Train Loss: 0.3396, Validation Loss: 3.0654
Epoch 798/1000, Train Loss: 0.3341, Validation Loss: 1.6553
Epoch 799/1000, Train Loss: 0.3239, Validation Loss: 1.8470
Epoch 800/1000, Train Loss: 0.3284, Validation Loss: 0.6429
Epoch 801/1000, Train Loss: 0.3237, Validation Loss: 0.9512
Epoch 802/1000, Train Loss: 0.3265, Validation Loss: 1.0471
Epoch 803/1000, Train Loss: 0.3211, Validation Loss: 2.0645
Epoch 804/1000, Train Loss: 0.3257, Validation Loss: 0.5363
Epoch 805/1000, Train Loss: 0.3394, Validation Loss: 4.0961
Epoch 806/1000, Train Loss: 0.3255, Validation Loss: 0.8104
Epoch 807/1000, Train Loss: 0.3269, Validation Loss: 2.3392
Epoch 808/1000, Train Loss: 0.3354, Validation Loss: 0.9747
Epoch 809/1000, Train Loss: 0.3278, Validation Loss: 0.5275
Epoch 810/1000, Train Loss: 0.3287, Validation Loss: 0.6834
Epoch 811/1000, Train Loss: 0.3269, Validation Loss: 0.9411
Epoch 812/1000, Train Loss: 0.3378, Validation Loss: 0.8446
Epoch 813/1000, Train Loss: 0.3293, Validation Loss: 1.6289
Epoch 814/1000, Train Loss: 0.3244, Validation Loss: 0.6609
Epoch 815/1000, Train Loss: 0.3296, Validation Loss: 0.7811
Epoch 816/1000, Train Loss: 0.3203, Validation Loss: 0.5717
Epoch 817/1000, Train Loss: 0.3270, Validation Loss: 2.4118
Epoch 818/1000, Train Loss: 0.3231, Validation Loss: 0.7110
Epoch 819/1000, Train Loss: 0.3388, Validation Loss: 0.8549
Epoch 820/1000, Train Loss: 0.3298, Validation Loss: 2.5253
Epoch 821/1000, Train Loss: 0.3237, Validation Loss: 0.8018
Epoch 822/1000, Train Loss: 0.3578, Validation Loss: 0.5585
Epoch 823/1000, Train Loss: 0.3217, Validation Loss: 7.8854
Epoch 824/1000, Train Loss: 0.3409, Validation Loss: 0.7638
Epoch 825/1000, Train Loss: 0.3367, Validation Loss: 0.7064
Epoch 826/1000, Train Loss: 0.3307, Validation Loss: 3.0649
Epoch 827/1000, Train Loss: 0.3234, Validation Loss: 2.7370
Epoch 828/1000, Train Loss: 0.3281, Validation Loss: 0.3583
Epoch 829/1000, Train Loss: 0.3385, Validation Loss: 0.9186
Epoch 830/1000, Train Loss: 0.3341, Validation Loss: 0.6576
Epoch 831/1000, Train Loss: 0.3276, Validation Loss: 1.0894
Epoch 832/1000, Train Loss: 0.3244, Validation Loss: 1.1933
Epoch 833/1000, Train Loss: 0.3501, Validation Loss: 0.9707
Epoch 834/1000, Train Loss: 0.3330, Validation Loss: 2.6165
Epoch 835/1000, Train Loss: 0.3264, Validation Loss: 0.6039
Epoch 836/1000, Train Loss: 0.3203, Validation Loss: 1.3606
Epoch 837/1000, Train Loss: 0.3312, Validation Loss: 3.0852
Epoch 838/1000, Train Loss: 0.3232, Validation Loss: 0.4598
Epoch 839/1000, Train Loss: 0.3334, Validation Loss: 1.8062
Epoch 840/1000, Train Loss: 0.3325, Validation Loss: 2.5520
Epoch 841/1000, Train Loss: 0.3320, Validation Loss: 0.7898
Epoch 842/1000, Train Loss: 0.3333, Validation Loss: 3.4086
Epoch 843/1000, Train Loss: 0.3342, Validation Loss: 3.3821
Epoch 844/1000, Train Loss: 0.3268, Validation Loss: 0.9036
Epoch 845/1000, Train Loss: 0.3216, Validation Loss: 0.3724
Epoch 846/1000, Train Loss: 0.3171, Validation Loss: 1.5338
Epoch 847/1000, Train Loss: 0.3238, Validation Loss: 7.5164
Epoch 848/1000, Train Loss: 0.3278, Validation Loss: 3.1887
Epoch 849/1000, Train Loss: 0.3334, Validation Loss: 0.7870
Epoch 850/1000, Train Loss: 0.3251, Validation Loss: 2.9939
Epoch 851/1000, Train Loss: 0.3297, Validation Loss: 0.9650
Epoch 852/1000, Train Loss: 0.3242, Validation Loss: 0.6907
Epoch 853/1000, Train Loss: 0.3264, Validation Loss: 0.6844
Epoch 854/1000, Train Loss: 0.3135, Validation Loss: 3.1405
Epoch 855/1000, Train Loss: 0.3244, Validation Loss: 0.7852
Epoch 856/1000, Train Loss: 0.3186, Validation Loss: 1.5634
Epoch 857/1000, Train Loss: 0.3193, Validation Loss: 1.3775
Epoch 858/1000, Train Loss: 0.3344, Validation Loss: 1.2246
Epoch 859/1000, Train Loss: 0.3242, Validation Loss: 1.7772
Epoch 860/1000, Train Loss: 0.3242, Validation Loss: 2.1590
Epoch 861/1000, Train Loss: 0.3264, Validation Loss: 1.2297
Epoch 862/1000, Train Loss: 0.3252, Validation Loss: 0.8098
Epoch 863/1000, Train Loss: 0.3254, Validation Loss: 1.1246
Epoch 864/1000, Train Loss: 0.3464, Validation Loss: 0.9801
Epoch 865/1000, Train Loss: 0.3386, Validation Loss: 1.3452
Epoch 866/1000, Train Loss: 0.3223, Validation Loss: 0.6056
Epoch 867/1000, Train Loss: 0.3359, Validation Loss: 2.2281
Epoch 868/1000, Train Loss: 0.3201, Validation Loss: 1.2095
Epoch 869/1000, Train Loss: 0.3168, Validation Loss: 1.0107
Epoch 870/1000, Train Loss: 0.3248, Validation Loss: 2.2321
Epoch 871/1000, Train Loss: 0.3324, Validation Loss: 2.6729
Epoch 872/1000, Train Loss: 0.3262, Validation Loss: 0.5306
Epoch 873/1000, Train Loss: 0.3186, Validation Loss: 1.4107
Epoch 874/1000, Train Loss: 0.3256, Validation Loss: 2.1479
Epoch 875/1000, Train Loss: 0.3236, Validation Loss: 0.9787
Epoch 876/1000, Train Loss: 0.3225, Validation Loss: 1.6439
Epoch 877/1000, Train Loss: 0.3287, Validation Loss: 1.1854
Epoch 878/1000, Train Loss: 0.3251, Validation Loss: 1.1786
Epoch 879/1000, Train Loss: 0.3291, Validation Loss: 1.5265
Epoch 880/1000, Train Loss: 0.3271, Validation Loss: 2.4699
Epoch 881/1000, Train Loss: 0.3337, Validation Loss: 0.5393
Epoch 882/1000, Train Loss: 0.3255, Validation Loss: 0.7041
Epoch 883/1000, Train Loss: 0.3302, Validation Loss: 0.6959
Epoch 884/1000, Train Loss: 0.3252, Validation Loss: 1.5914
Epoch 885/1000, Train Loss: 0.3206, Validation Loss: 1.1114
Epoch 886/1000, Train Loss: 0.3206, Validation Loss: 0.4809
Epoch 887/1000, Train Loss: 0.3177, Validation Loss: 1.4771
Epoch 888/1000, Train Loss: 0.3276, Validation Loss: 2.3961
Epoch 889/1000, Train Loss: 0.3277, Validation Loss: 0.7046
Epoch 890/1000, Train Loss: 0.3192, Validation Loss: 3.1189
Epoch 891/1000, Train Loss: 0.3243, Validation Loss: 0.5208
Epoch 892/1000, Train Loss: 0.3221, Validation Loss: 0.7798
Epoch 893/1000, Train Loss: 0.3151, Validation Loss: 0.4272
Epoch 894/1000, Train Loss: 0.3220, Validation Loss: 2.6059
Epoch 895/1000, Train Loss: 0.3292, Validation Loss: 1.2490
Epoch 896/1000, Train Loss: 0.3173, Validation Loss: 0.7049
Epoch 897/1000, Train Loss: 0.3134, Validation Loss: 0.7150
Epoch 898/1000, Train Loss: 0.3248, Validation Loss: 0.8146
Epoch 899/1000, Train Loss: 0.3241, Validation Loss: 0.8361
Epoch 900/1000, Train Loss: 0.3293, Validation Loss: 0.7518
Epoch 901/1000, Train Loss: 0.3191, Validation Loss: 0.6077
Epoch 902/1000, Train Loss: 0.3376, Validation Loss: 0.8949
Epoch 903/1000, Train Loss: 0.3188, Validation Loss: 5.5074
Epoch 904/1000, Train Loss: 0.3228, Validation Loss: 2.1289
Epoch 905/1000, Train Loss: 0.3291, Validation Loss: 0.7527
Epoch 906/1000, Train Loss: 0.3263, Validation Loss: 1.1768
Epoch 907/1000, Train Loss: 0.3304, Validation Loss: 0.6828
Epoch 908/1000, Train Loss: 0.3271, Validation Loss: 0.3987
Epoch 909/1000, Train Loss: 0.3295, Validation Loss: 2.3528
Epoch 910/1000, Train Loss: 0.3255, Validation Loss: 1.4056
Epoch 911/1000, Train Loss: 0.3354, Validation Loss: 1.1698
Epoch 912/1000, Train Loss: 0.3277, Validation Loss: 1.1347
Epoch 913/1000, Train Loss: 0.3178, Validation Loss: 2.5322
Epoch 914/1000, Train Loss: 0.3316, Validation Loss: 1.8349
Epoch 915/1000, Train Loss: 0.3285, Validation Loss: 2.9182
Epoch 916/1000, Train Loss: 0.3236, Validation Loss: 2.8676
Epoch 917/1000, Train Loss: 0.3238, Validation Loss: 0.8256
Epoch 918/1000, Train Loss: 0.3154, Validation Loss: 0.9534
Epoch 919/1000, Train Loss: 0.3294, Validation Loss: 4.5615
Epoch 920/1000, Train Loss: 0.3375, Validation Loss: 0.6038
Epoch 921/1000, Train Loss: 0.3333, Validation Loss: 1.3926
Epoch 922/1000, Train Loss: 0.3319, Validation Loss: 2.6276
Epoch 923/1000, Train Loss: 0.3188, Validation Loss: 0.9580
Epoch 924/1000, Train Loss: 0.3255, Validation Loss: 2.7499
Epoch 925/1000, Train Loss: 0.3160, Validation Loss: 0.7625
Epoch 926/1000, Train Loss: 0.3247, Validation Loss: 1.8135
Epoch 927/1000, Train Loss: 0.3168, Validation Loss: 0.7122
Epoch 928/1000, Train Loss: 0.3235, Validation Loss: 1.3092
Epoch 929/1000, Train Loss: 0.3230, Validation Loss: 1.1126
Epoch 930/1000, Train Loss: 0.3173, Validation Loss: 2.5652
Epoch 931/1000, Train Loss: 0.3157, Validation Loss: 0.8186
Epoch 932/1000, Train Loss: 0.3168, Validation Loss: 0.4157
Epoch 933/1000, Train Loss: 0.3160, Validation Loss: 1.9363
Epoch 934/1000, Train Loss: 0.3188, Validation Loss: 0.7885
Epoch 935/1000, Train Loss: 0.3185, Validation Loss: 1.5904
Epoch 936/1000, Train Loss: 0.3158, Validation Loss: 0.7898
Epoch 937/1000, Train Loss: 0.3191, Validation Loss: 1.9535
Epoch 938/1000, Train Loss: 0.3193, Validation Loss: 1.0111
Epoch 939/1000, Train Loss: 0.3185, Validation Loss: 3.5820
Epoch 940/1000, Train Loss: 0.3322, Validation Loss: 0.5646
Epoch 941/1000, Train Loss: 0.3363, Validation Loss: 0.8321
Epoch 942/1000, Train Loss: 0.3250, Validation Loss: 1.2430
Epoch 943/1000, Train Loss: 0.3176, Validation Loss: 1.5069
Epoch 944/1000, Train Loss: 0.3139, Validation Loss: 1.6961
Epoch 945/1000, Train Loss: 0.3174, Validation Loss: 1.6198
Epoch 946/1000, Train Loss: 0.3212, Validation Loss: 1.2628
Epoch 947/1000, Train Loss: 0.3227, Validation Loss: 1.0939
Epoch 948/1000, Train Loss: 0.3185, Validation Loss: 3.8033
Epoch 949/1000, Train Loss: 0.3279, Validation Loss: 3.3807
Epoch 950/1000, Train Loss: 0.3206, Validation Loss: 1.3901
Epoch 951/1000, Train Loss: 0.3156, Validation Loss: 0.8889
Epoch 952/1000, Train Loss: 0.3225, Validation Loss: 0.7088
Epoch 953/1000, Train Loss: 0.3277, Validation Loss: 1.1404
Epoch 954/1000, Train Loss: 0.3204, Validation Loss: 2.4357
Epoch 955/1000, Train Loss: 0.3221, Validation Loss: 4.4499
Epoch 956/1000, Train Loss: 0.3214, Validation Loss: 0.6975
Epoch 957/1000, Train Loss: 0.3216, Validation Loss: 1.6604
Epoch 958/1000, Train Loss: 0.3199, Validation Loss: 1.1592
Epoch 959/1000, Train Loss: 0.3242, Validation Loss: 1.1651
Epoch 960/1000, Train Loss: 0.3263, Validation Loss: 1.3214
Epoch 961/1000, Train Loss: 0.3314, Validation Loss: 1.5647
Epoch 962/1000, Train Loss: 0.3204, Validation Loss: 3.6785
Epoch 963/1000, Train Loss: 0.3285, Validation Loss: 1.9124
Epoch 964/1000, Train Loss: 0.3213, Validation Loss: 1.6742
Epoch 965/1000, Train Loss: 0.3216, Validation Loss: 0.7234
Epoch 966/1000, Train Loss: 0.3255, Validation Loss: 1.5380
Epoch 967/1000, Train Loss: 0.3304, Validation Loss: 0.3645
Epoch 968/1000, Train Loss: 0.3198, Validation Loss: 0.4386
Epoch 969/1000, Train Loss: 0.3168, Validation Loss: 3.3851
Epoch 970/1000, Train Loss: 0.3195, Validation Loss: 1.2325
Epoch 971/1000, Train Loss: 0.3154, Validation Loss: 1.4279
Epoch 972/1000, Train Loss: 0.3253, Validation Loss: 0.9739
Epoch 973/1000, Train Loss: 0.3164, Validation Loss: 2.5615
Epoch 974/1000, Train Loss: 0.3410, Validation Loss: 0.7273
Epoch 975/1000, Train Loss: 0.3226, Validation Loss: 2.7848
Epoch 976/1000, Train Loss: 0.3298, Validation Loss: 0.6913
Epoch 977/1000, Train Loss: 0.3203, Validation Loss: 1.2945
Epoch 978/1000, Train Loss: 0.3158, Validation Loss: 0.9278
Epoch 979/1000, Train Loss: 0.3428, Validation Loss: 0.6292
Epoch 980/1000, Train Loss: 0.3331, Validation Loss: 1.9676
Epoch 981/1000, Train Loss: 0.3259, Validation Loss: 0.7908
Epoch 982/1000, Train Loss: 0.3186, Validation Loss: 1.0572
Epoch 983/1000, Train Loss: 0.3241, Validation Loss: 0.7145
Epoch 984/1000, Train Loss: 0.3154, Validation Loss: 1.0695
Epoch 985/1000, Train Loss: 0.3124, Validation Loss: 1.1809
Epoch 986/1000, Train Loss: 0.3230, Validation Loss: 4.5938
Epoch 987/1000, Train Loss: 0.3142, Validation Loss: 0.6570
Epoch 988/1000, Train Loss: 0.3172, Validation Loss: 0.7794
Epoch 989/1000, Train Loss: 0.3112, Validation Loss: 1.1127
Epoch 990/1000, Train Loss: 0.3199, Validation Loss: 1.1791
Epoch 991/1000, Train Loss: 0.3182, Validation Loss: 0.7395
Epoch 992/1000, Train Loss: 0.3377, Validation Loss: 0.3390
Epoch 993/1000, Train Loss: 0.3275, Validation Loss: 3.5217
Epoch 994/1000, Train Loss: 0.3255, Validation Loss: 0.7958
Epoch 995/1000, Train Loss: 0.3129, Validation Loss: 0.6594
Epoch 996/1000, Train Loss: 0.3173, Validation Loss: 0.6021
Epoch 997/1000, Train Loss: 0.3204, Validation Loss: 1.9143
Epoch 998/1000, Train Loss: 0.3194, Validation Loss: 0.4256
Epoch 999/1000, Train Loss: 0.3278, Validation Loss: 0.4788
Epoch 1000/1000, Train Loss: 0.3113, Validation Loss: 2.2777
Best Training Loss: 0.3112
Best Training Loss Epoch: 989
Best Validation Loss: 0.3390
Best Validation Loss Epoch: 992
Time taken for training: 0-18:05:45
Test Loss: 0.3570
Test MAPE: 5815.3228%
Error Statistics:
count    4.127200e+04
mean     4.217041e+02
std      1.569426e+04
min      8.225441e-06
25%      1.139301e-01
50%      1.430318e+00
75%      2.035099e+01
max      2.962216e+06
Name: Absolute Error, dtype: float64
Training complete. Final model saved.
Saving model as a wandb Artifact...
Model artifact logged successfully.
[1;34mwandb[0m: 
[1;34mwandb[0m: 🚀 View run [33mdevoted-sweep-5[0m at: [34mhttps://wandb.ai/mk8737-new-york-university/rl_pretrain_hp_sweeps/runs/9rawr5m0[0m
[1;34mwandb[0m: Find logs at: [1;35mwandb/run-20251006_143854-9rawr5m0/logs[0m
Agent finished.
