Waiting for sweep ID...
Found Sweep ID: be12np04
Starting wandb agent for sweep be12np04...
TRAINING DEVICE: cpu
Run Name: GCN_global_hp_sweep_be12np04-gm0x6xsu
finidhed preparing data
Loading dataset from pretrain_dataset_12.5k_fixed_duplicates.pkl
Loaded 412712 data objects.
finished preparing data
Epoch 1/1000, Train Loss: 2.1461, Validation Loss: 2.7529
Epoch 2/1000, Train Loss: 1.4902, Validation Loss: 1.3049
Epoch 3/1000, Train Loss: 1.3511, Validation Loss: 5.2816
Epoch 4/1000, Train Loss: 1.2792, Validation Loss: 10.0354
Epoch 5/1000, Train Loss: 1.1649, Validation Loss: 1.2651
Epoch 6/1000, Train Loss: 1.1055, Validation Loss: 1.7991
Epoch 7/1000, Train Loss: 1.0390, Validation Loss: 0.9355
Epoch 8/1000, Train Loss: 1.0045, Validation Loss: 1.6652
Epoch 9/1000, Train Loss: 0.9741, Validation Loss: 1.3363
Epoch 10/1000, Train Loss: 0.9621, Validation Loss: 2.2816
Epoch 11/1000, Train Loss: 0.9158, Validation Loss: 0.8540
Epoch 12/1000, Train Loss: 0.8919, Validation Loss: 0.8596
Epoch 13/1000, Train Loss: 0.8894, Validation Loss: 1.9015
Epoch 14/1000, Train Loss: 0.8515, Validation Loss: 1.7033
Epoch 15/1000, Train Loss: 0.8349, Validation Loss: 2.1652
Epoch 16/1000, Train Loss: 0.8230, Validation Loss: 0.8983
Epoch 17/1000, Train Loss: 0.8072, Validation Loss: 1.1584
Epoch 18/1000, Train Loss: 0.7890, Validation Loss: 1.5287
Epoch 19/1000, Train Loss: 0.7680, Validation Loss: 2.7432
Epoch 20/1000, Train Loss: 0.7638, Validation Loss: 1.2783
Epoch 21/1000, Train Loss: 0.7427, Validation Loss: 0.6990
Epoch 22/1000, Train Loss: 0.7355, Validation Loss: 1.1654
Epoch 23/1000, Train Loss: 0.7142, Validation Loss: 1.0545
Epoch 24/1000, Train Loss: 0.7115, Validation Loss: 1.0164
Epoch 25/1000, Train Loss: 0.6983, Validation Loss: 0.7853
Epoch 26/1000, Train Loss: 0.6836, Validation Loss: 0.8937
Epoch 27/1000, Train Loss: 0.6804, Validation Loss: 1.5828
Epoch 28/1000, Train Loss: 0.6786, Validation Loss: 0.6937
Epoch 29/1000, Train Loss: 0.6618, Validation Loss: 0.9539
Epoch 30/1000, Train Loss: 0.6663, Validation Loss: 1.1912
Epoch 31/1000, Train Loss: 0.6482, Validation Loss: 1.1401
Epoch 32/1000, Train Loss: 0.6594, Validation Loss: 0.7974
Epoch 33/1000, Train Loss: 0.6377, Validation Loss: 1.0123
Epoch 34/1000, Train Loss: 0.6366, Validation Loss: 0.6940
Epoch 35/1000, Train Loss: 0.6352, Validation Loss: 0.7437
Epoch 36/1000, Train Loss: 0.6228, Validation Loss: 0.6151
Epoch 37/1000, Train Loss: 0.6269, Validation Loss: 0.6217
Epoch 38/1000, Train Loss: 0.6199, Validation Loss: 0.9360
Epoch 39/1000, Train Loss: 0.6251, Validation Loss: 0.9956
Epoch 40/1000, Train Loss: 0.6045, Validation Loss: 0.6301
Epoch 41/1000, Train Loss: 0.6070, Validation Loss: 0.9509
Epoch 42/1000, Train Loss: 0.6034, Validation Loss: 0.9225
Epoch 43/1000, Train Loss: 0.6041, Validation Loss: 1.5475
Epoch 44/1000, Train Loss: 0.6016, Validation Loss: 1.4517
Epoch 45/1000, Train Loss: 0.5954, Validation Loss: 1.0919
Epoch 46/1000, Train Loss: 0.5919, Validation Loss: 0.6768
Epoch 47/1000, Train Loss: 0.5899, Validation Loss: 0.5821
Epoch 48/1000, Train Loss: 0.5941, Validation Loss: 1.5381
Epoch 49/1000, Train Loss: 0.5892, Validation Loss: 1.0136
Epoch 50/1000, Train Loss: 0.5826, Validation Loss: 1.9246
Epoch 51/1000, Train Loss: 0.5831, Validation Loss: 0.8069
Epoch 52/1000, Train Loss: 0.5862, Validation Loss: 0.6526
Epoch 53/1000, Train Loss: 0.5763, Validation Loss: 0.6187
Epoch 54/1000, Train Loss: 0.5843, Validation Loss: 1.1516
Epoch 55/1000, Train Loss: 0.5741, Validation Loss: 0.9526
Epoch 56/1000, Train Loss: 0.5691, Validation Loss: 0.6641
Epoch 57/1000, Train Loss: 0.5684, Validation Loss: 0.5536
Epoch 58/1000, Train Loss: 0.5691, Validation Loss: 0.7391
Epoch 59/1000, Train Loss: 0.5617, Validation Loss: 1.0216
Epoch 60/1000, Train Loss: 0.5666, Validation Loss: 0.6539
Epoch 61/1000, Train Loss: 0.5658, Validation Loss: 2.4947
Epoch 62/1000, Train Loss: 0.5627, Validation Loss: 0.5852
Epoch 63/1000, Train Loss: 0.5523, Validation Loss: 0.9322
Epoch 64/1000, Train Loss: 0.5648, Validation Loss: 1.2062
Epoch 65/1000, Train Loss: 0.5572, Validation Loss: 1.0091
Epoch 66/1000, Train Loss: 0.5505, Validation Loss: 1.2606
Epoch 67/1000, Train Loss: 0.5481, Validation Loss: 0.9468
Epoch 68/1000, Train Loss: 0.5484, Validation Loss: 0.7859
Epoch 69/1000, Train Loss: 0.5470, Validation Loss: 0.5416
Epoch 70/1000, Train Loss: 0.5434, Validation Loss: 0.6006
Epoch 71/1000, Train Loss: 0.5404, Validation Loss: 0.9795
Epoch 72/1000, Train Loss: 0.5387, Validation Loss: 1.0952
Epoch 73/1000, Train Loss: 0.5387, Validation Loss: 1.2851
Epoch 74/1000, Train Loss: 0.5378, Validation Loss: 0.8554
Epoch 75/1000, Train Loss: 0.5335, Validation Loss: 0.9427
Epoch 76/1000, Train Loss: 0.5380, Validation Loss: 0.5682
Epoch 77/1000, Train Loss: 0.5404, Validation Loss: 0.5669
Epoch 78/1000, Train Loss: 0.5340, Validation Loss: 0.7303
Epoch 79/1000, Train Loss: 0.5282, Validation Loss: 0.5144
Epoch 80/1000, Train Loss: 0.5313, Validation Loss: 0.6141
Epoch 81/1000, Train Loss: 0.5239, Validation Loss: 0.8625
Epoch 82/1000, Train Loss: 0.5317, Validation Loss: 0.7192
Epoch 83/1000, Train Loss: 0.5246, Validation Loss: 0.7267
Epoch 84/1000, Train Loss: 0.5240, Validation Loss: 0.6771
Epoch 85/1000, Train Loss: 0.5208, Validation Loss: 0.6625
Epoch 86/1000, Train Loss: 0.5158, Validation Loss: 0.6010
Epoch 87/1000, Train Loss: 0.5176, Validation Loss: 0.6324
Epoch 88/1000, Train Loss: 0.5197, Validation Loss: 0.9323
Epoch 89/1000, Train Loss: 0.5120, Validation Loss: 0.8776
Epoch 90/1000, Train Loss: 0.5118, Validation Loss: 0.7242
Epoch 91/1000, Train Loss: 0.5119, Validation Loss: 0.8429
Epoch 92/1000, Train Loss: 0.5144, Validation Loss: 0.6755
Epoch 93/1000, Train Loss: 0.5096, Validation Loss: 1.2244
Epoch 94/1000, Train Loss: 0.5103, Validation Loss: 0.9027
Epoch 95/1000, Train Loss: 0.5096, Validation Loss: 1.3243
Epoch 96/1000, Train Loss: 0.5025, Validation Loss: 1.9223
Epoch 97/1000, Train Loss: 0.5050, Validation Loss: 0.7252
Epoch 98/1000, Train Loss: 0.5073, Validation Loss: 1.0310
Epoch 99/1000, Train Loss: 0.5059, Validation Loss: 0.7485
Epoch 100/1000, Train Loss: 0.4976, Validation Loss: 0.9070
Epoch 101/1000, Train Loss: 0.4999, Validation Loss: 0.7047
Epoch 102/1000, Train Loss: 0.4940, Validation Loss: 0.5410
Epoch 103/1000, Train Loss: 0.5030, Validation Loss: 0.8191
Epoch 104/1000, Train Loss: 0.4969, Validation Loss: 0.8595
Epoch 105/1000, Train Loss: 0.4990, Validation Loss: 0.9496
Epoch 106/1000, Train Loss: 0.4955, Validation Loss: 0.8255
Epoch 107/1000, Train Loss: 0.4889, Validation Loss: 1.6532
Epoch 108/1000, Train Loss: 0.4945, Validation Loss: 0.7076
Epoch 109/1000, Train Loss: 0.4871, Validation Loss: 0.8668
Epoch 110/1000, Train Loss: 0.4882, Validation Loss: 0.6978
Epoch 111/1000, Train Loss: 0.4877, Validation Loss: 2.2397
Epoch 112/1000, Train Loss: 0.4927, Validation Loss: 0.8092
Epoch 113/1000, Train Loss: 0.4950, Validation Loss: 0.7779
Epoch 114/1000, Train Loss: 0.4995, Validation Loss: 1.7648
Epoch 115/1000, Train Loss: 0.4872, Validation Loss: 0.9618
Epoch 116/1000, Train Loss: 0.4915, Validation Loss: 0.5776
Epoch 117/1000, Train Loss: 0.4861, Validation Loss: 0.4834
Epoch 118/1000, Train Loss: 0.4816, Validation Loss: 0.5753
Epoch 119/1000, Train Loss: 0.4858, Validation Loss: 1.0152
Epoch 120/1000, Train Loss: 0.4840, Validation Loss: 0.7282
Epoch 121/1000, Train Loss: 0.4903, Validation Loss: 1.2399
Epoch 122/1000, Train Loss: 0.4815, Validation Loss: 0.6535
Epoch 123/1000, Train Loss: 0.4869, Validation Loss: 0.7619
Epoch 124/1000, Train Loss: 0.4806, Validation Loss: 0.7766
Epoch 125/1000, Train Loss: 0.4838, Validation Loss: 0.4786
Epoch 126/1000, Train Loss: 0.4906, Validation Loss: 2.7774
Epoch 127/1000, Train Loss: 0.4835, Validation Loss: 0.5902
Epoch 128/1000, Train Loss: 0.4751, Validation Loss: 0.7120
Epoch 129/1000, Train Loss: 0.4818, Validation Loss: 0.6000
Epoch 130/1000, Train Loss: 0.4792, Validation Loss: 0.9227
Epoch 131/1000, Train Loss: 0.4796, Validation Loss: 0.5084
Epoch 132/1000, Train Loss: 0.4722, Validation Loss: 0.8325
Epoch 133/1000, Train Loss: 0.4781, Validation Loss: 0.4587
Epoch 134/1000, Train Loss: 0.4800, Validation Loss: 0.5667
Epoch 135/1000, Train Loss: 0.4704, Validation Loss: 0.6316
Epoch 136/1000, Train Loss: 0.4744, Validation Loss: 1.4160
Epoch 137/1000, Train Loss: 0.4755, Validation Loss: 0.7716
Epoch 138/1000, Train Loss: 0.4732, Validation Loss: 0.8272
Epoch 139/1000, Train Loss: 0.4746, Validation Loss: 0.9883
Epoch 140/1000, Train Loss: 0.4736, Validation Loss: 0.7177
Epoch 141/1000, Train Loss: 0.4740, Validation Loss: 0.6582
Epoch 142/1000, Train Loss: 0.4717, Validation Loss: 0.8976
Epoch 143/1000, Train Loss: 0.4762, Validation Loss: 0.8986
Epoch 144/1000, Train Loss: 0.4670, Validation Loss: 0.4865
Epoch 145/1000, Train Loss: 0.4676, Validation Loss: 0.8286
Epoch 146/1000, Train Loss: 0.4646, Validation Loss: 1.0839
Epoch 147/1000, Train Loss: 0.4597, Validation Loss: 0.8878
Epoch 148/1000, Train Loss: 0.4724, Validation Loss: 0.8822
Epoch 149/1000, Train Loss: 0.4628, Validation Loss: 0.5620
Epoch 150/1000, Train Loss: 0.4692, Validation Loss: 0.5605
Epoch 151/1000, Train Loss: 0.4610, Validation Loss: 1.1669
Epoch 152/1000, Train Loss: 0.4640, Validation Loss: 0.5551
Epoch 153/1000, Train Loss: 0.4581, Validation Loss: 1.4340
Epoch 154/1000, Train Loss: 0.4632, Validation Loss: 0.5179
Epoch 155/1000, Train Loss: 0.4586, Validation Loss: 0.6704
Epoch 156/1000, Train Loss: 0.4605, Validation Loss: 0.8635
Epoch 157/1000, Train Loss: 0.4692, Validation Loss: 0.4905
Epoch 158/1000, Train Loss: 0.4587, Validation Loss: 0.5585
Epoch 159/1000, Train Loss: 0.4547, Validation Loss: 0.6054
Epoch 160/1000, Train Loss: 0.4558, Validation Loss: 0.7828
Epoch 161/1000, Train Loss: 0.4584, Validation Loss: 0.6230
Epoch 162/1000, Train Loss: 0.4570, Validation Loss: 0.6124
Epoch 163/1000, Train Loss: 0.4592, Validation Loss: 0.4915
Epoch 164/1000, Train Loss: 0.4532, Validation Loss: 1.3983
Epoch 165/1000, Train Loss: 0.4535, Validation Loss: 1.1214
Epoch 166/1000, Train Loss: 0.4552, Validation Loss: 0.6146
Epoch 167/1000, Train Loss: 0.4544, Validation Loss: 1.1891
Epoch 168/1000, Train Loss: 0.4570, Validation Loss: 0.5981
Epoch 169/1000, Train Loss: 0.4487, Validation Loss: 0.8227
Epoch 170/1000, Train Loss: 0.4450, Validation Loss: 0.5373
Epoch 171/1000, Train Loss: 0.4555, Validation Loss: 1.4144
Epoch 172/1000, Train Loss: 0.4477, Validation Loss: 0.6712
Epoch 173/1000, Train Loss: 0.4464, Validation Loss: 0.7552
Epoch 174/1000, Train Loss: 0.4493, Validation Loss: 0.9569
Epoch 175/1000, Train Loss: 0.4473, Validation Loss: 0.5618
Epoch 176/1000, Train Loss: 0.4544, Validation Loss: 0.4922
Epoch 177/1000, Train Loss: 0.4436, Validation Loss: 0.7765
Epoch 178/1000, Train Loss: 0.4467, Validation Loss: 0.5571
Epoch 179/1000, Train Loss: 0.4455, Validation Loss: 0.8672
Epoch 180/1000, Train Loss: 0.4397, Validation Loss: 1.1363
Epoch 181/1000, Train Loss: 0.4496, Validation Loss: 0.6319
Epoch 182/1000, Train Loss: 0.4418, Validation Loss: 0.6077
Epoch 183/1000, Train Loss: 0.4468, Validation Loss: 0.4677
Epoch 184/1000, Train Loss: 0.4433, Validation Loss: 0.6215
Epoch 185/1000, Train Loss: 0.4454, Validation Loss: 4.0437
Epoch 186/1000, Train Loss: 0.4435, Validation Loss: 0.7449
Epoch 187/1000, Train Loss: 0.4354, Validation Loss: 0.5967
Epoch 188/1000, Train Loss: 0.4447, Validation Loss: 0.4334
Epoch 189/1000, Train Loss: 0.4451, Validation Loss: 0.8223
Epoch 190/1000, Train Loss: 0.4414, Validation Loss: 0.4983
Epoch 191/1000, Train Loss: 0.4418, Validation Loss: 0.8592
Epoch 192/1000, Train Loss: 0.4422, Validation Loss: 0.7539
Epoch 193/1000, Train Loss: 0.4412, Validation Loss: 0.7489
Epoch 194/1000, Train Loss: 0.4399, Validation Loss: 2.0464
Epoch 195/1000, Train Loss: 0.4445, Validation Loss: 0.7370
Epoch 196/1000, Train Loss: 0.4373, Validation Loss: 0.8762
Epoch 197/1000, Train Loss: 0.4392, Validation Loss: 0.8575
Epoch 198/1000, Train Loss: 0.4369, Validation Loss: 0.6222
Epoch 199/1000, Train Loss: 0.4384, Validation Loss: 0.9421
Epoch 200/1000, Train Loss: 0.4364, Validation Loss: 0.6590
Epoch 201/1000, Train Loss: 0.4415, Validation Loss: 1.5310
Epoch 202/1000, Train Loss: 0.4363, Validation Loss: 0.7807
Epoch 203/1000, Train Loss: 0.4357, Validation Loss: 1.1269
Epoch 204/1000, Train Loss: 0.4393, Validation Loss: 0.5232
Epoch 205/1000, Train Loss: 0.4430, Validation Loss: 0.9645
Epoch 206/1000, Train Loss: 0.4349, Validation Loss: 0.5648
Epoch 207/1000, Train Loss: 0.4380, Validation Loss: 1.6536
Epoch 208/1000, Train Loss: 0.4380, Validation Loss: 0.7882
Epoch 209/1000, Train Loss: 0.4335, Validation Loss: 1.1867
Epoch 210/1000, Train Loss: 0.4459, Validation Loss: 0.5310
Epoch 211/1000, Train Loss: 0.4342, Validation Loss: 0.4605
Epoch 212/1000, Train Loss: 0.4388, Validation Loss: 0.5524
Epoch 213/1000, Train Loss: 0.4398, Validation Loss: 0.8216
Epoch 214/1000, Train Loss: 0.4347, Validation Loss: 1.8608
Epoch 215/1000, Train Loss: 0.4379, Validation Loss: 0.5914
Epoch 216/1000, Train Loss: 0.4305, Validation Loss: 0.4642
Epoch 217/1000, Train Loss: 0.4325, Validation Loss: 0.7602
Epoch 218/1000, Train Loss: 0.4332, Validation Loss: 0.5060
Epoch 219/1000, Train Loss: 0.4363, Validation Loss: 0.9963
Epoch 220/1000, Train Loss: 0.4318, Validation Loss: 1.3058
Epoch 221/1000, Train Loss: 0.4334, Validation Loss: 1.0655
Epoch 222/1000, Train Loss: 0.4280, Validation Loss: 0.4928
Epoch 223/1000, Train Loss: 0.4297, Validation Loss: 1.1822
Epoch 224/1000, Train Loss: 0.4298, Validation Loss: 0.4785
Epoch 225/1000, Train Loss: 0.4348, Validation Loss: 0.5557
Epoch 226/1000, Train Loss: 0.4276, Validation Loss: 1.1977
Epoch 227/1000, Train Loss: 0.4298, Validation Loss: 0.8343
Epoch 228/1000, Train Loss: 0.4344, Validation Loss: 0.9934
Epoch 229/1000, Train Loss: 0.4242, Validation Loss: 1.4456
Epoch 230/1000, Train Loss: 0.4332, Validation Loss: 0.4921
Epoch 231/1000, Train Loss: 0.4265, Validation Loss: 0.8636
Epoch 232/1000, Train Loss: 0.4300, Validation Loss: 0.5535
Epoch 233/1000, Train Loss: 0.4291, Validation Loss: 0.8400
Epoch 234/1000, Train Loss: 0.4260, Validation Loss: 0.7678
Epoch 235/1000, Train Loss: 0.4224, Validation Loss: 0.7020
Epoch 236/1000, Train Loss: 0.4219, Validation Loss: 0.7371
Epoch 237/1000, Train Loss: 0.4228, Validation Loss: 0.6367
Epoch 238/1000, Train Loss: 0.4298, Validation Loss: 0.8729
Epoch 239/1000, Train Loss: 0.4274, Validation Loss: 0.5498
Epoch 240/1000, Train Loss: 0.4250, Validation Loss: 0.8688
Epoch 241/1000, Train Loss: 0.4246, Validation Loss: 0.4714
Epoch 242/1000, Train Loss: 0.4225, Validation Loss: 0.6088
Epoch 243/1000, Train Loss: 0.4186, Validation Loss: 0.8477
Epoch 244/1000, Train Loss: 0.4209, Validation Loss: 0.6259
Epoch 245/1000, Train Loss: 0.4205, Validation Loss: 1.0591
Epoch 246/1000, Train Loss: 0.4217, Validation Loss: 0.6931
Epoch 247/1000, Train Loss: 0.4248, Validation Loss: 0.7305
Epoch 248/1000, Train Loss: 0.4180, Validation Loss: 1.1914
Epoch 249/1000, Train Loss: 0.4216, Validation Loss: 1.8573
Epoch 250/1000, Train Loss: 0.4236, Validation Loss: 0.7416
Epoch 251/1000, Train Loss: 0.4186, Validation Loss: 0.5020
Epoch 252/1000, Train Loss: 0.4196, Validation Loss: 1.5067
Epoch 253/1000, Train Loss: 0.4200, Validation Loss: 1.2062
Epoch 254/1000, Train Loss: 0.4208, Validation Loss: 0.6263
Epoch 255/1000, Train Loss: 0.4183, Validation Loss: 0.4557
Epoch 256/1000, Train Loss: 0.4238, Validation Loss: 0.5842
Epoch 257/1000, Train Loss: 0.4169, Validation Loss: 0.8404
Epoch 258/1000, Train Loss: 0.4147, Validation Loss: 0.4118
Epoch 259/1000, Train Loss: 0.4182, Validation Loss: 0.7334
Epoch 260/1000, Train Loss: 0.4159, Validation Loss: 0.6365
Epoch 261/1000, Train Loss: 0.4163, Validation Loss: 2.8370
Epoch 262/1000, Train Loss: 0.4176, Validation Loss: 1.2311
Epoch 263/1000, Train Loss: 0.4204, Validation Loss: 0.7341
Epoch 264/1000, Train Loss: 0.4209, Validation Loss: 1.1084
Epoch 265/1000, Train Loss: 0.4183, Validation Loss: 1.6479
Epoch 266/1000, Train Loss: 0.4169, Validation Loss: 1.0175
Epoch 267/1000, Train Loss: 0.4186, Validation Loss: 0.5940
Epoch 268/1000, Train Loss: 0.4173, Validation Loss: 0.6799
Epoch 269/1000, Train Loss: 0.4203, Validation Loss: 0.7841
Epoch 270/1000, Train Loss: 0.4128, Validation Loss: 1.0985
Epoch 271/1000, Train Loss: 0.4202, Validation Loss: 0.8213
Epoch 272/1000, Train Loss: 0.4102, Validation Loss: 0.6659
Epoch 273/1000, Train Loss: 0.4105, Validation Loss: 0.9786
Epoch 274/1000, Train Loss: 0.4168, Validation Loss: 0.4831
Epoch 275/1000, Train Loss: 0.4165, Validation Loss: 0.9319
Epoch 276/1000, Train Loss: 0.4165, Validation Loss: 0.6553
Epoch 277/1000, Train Loss: 0.4142, Validation Loss: 0.5275
Epoch 278/1000, Train Loss: 0.4173, Validation Loss: 1.2577
Epoch 279/1000, Train Loss: 0.4117, Validation Loss: 0.4464
Epoch 280/1000, Train Loss: 0.4143, Validation Loss: 0.7856
Epoch 281/1000, Train Loss: 0.4161, Validation Loss: 0.4489
Epoch 282/1000, Train Loss: 0.4142, Validation Loss: 0.6970
Epoch 283/1000, Train Loss: 0.4130, Validation Loss: 0.5791
Epoch 284/1000, Train Loss: 0.4130, Validation Loss: 0.4335
Epoch 285/1000, Train Loss: 0.4177, Validation Loss: 1.0282
Epoch 286/1000, Train Loss: 0.4145, Validation Loss: 0.6672
Epoch 287/1000, Train Loss: 0.4073, Validation Loss: 0.4015
Epoch 288/1000, Train Loss: 0.4117, Validation Loss: 0.5318
Epoch 289/1000, Train Loss: 0.4083, Validation Loss: 1.3406
Epoch 290/1000, Train Loss: 0.4121, Validation Loss: 0.6102
Epoch 291/1000, Train Loss: 0.4067, Validation Loss: 1.3165
Epoch 292/1000, Train Loss: 0.4046, Validation Loss: 0.7228
Epoch 293/1000, Train Loss: 0.4091, Validation Loss: 0.8226
Epoch 294/1000, Train Loss: 0.4120, Validation Loss: 2.0302
Epoch 295/1000, Train Loss: 0.4115, Validation Loss: 0.5099
Epoch 296/1000, Train Loss: 0.4089, Validation Loss: 1.0487
Epoch 297/1000, Train Loss: 0.4116, Validation Loss: 0.5758
Epoch 298/1000, Train Loss: 0.4118, Validation Loss: 0.5683
Epoch 299/1000, Train Loss: 0.4112, Validation Loss: 0.6703
Epoch 300/1000, Train Loss: 0.4086, Validation Loss: 0.4734
Epoch 301/1000, Train Loss: 0.4116, Validation Loss: 2.1210
Epoch 302/1000, Train Loss: 0.4117, Validation Loss: 3.6179
Epoch 303/1000, Train Loss: 0.4092, Validation Loss: 1.1865
Epoch 304/1000, Train Loss: 0.4072, Validation Loss: 1.2725
Epoch 305/1000, Train Loss: 0.4114, Validation Loss: 0.6790
Epoch 306/1000, Train Loss: 0.4040, Validation Loss: 1.1993
Epoch 307/1000, Train Loss: 0.4084, Validation Loss: 0.4330
Epoch 308/1000, Train Loss: 0.4042, Validation Loss: 0.8548
Epoch 309/1000, Train Loss: 0.4037, Validation Loss: 0.6059
Epoch 310/1000, Train Loss: 0.4060, Validation Loss: 0.6641
Epoch 311/1000, Train Loss: 0.4089, Validation Loss: 0.6866
Epoch 312/1000, Train Loss: 0.4044, Validation Loss: 0.5072
Epoch 313/1000, Train Loss: 0.4113, Validation Loss: 0.5000
Epoch 314/1000, Train Loss: 0.4001, Validation Loss: 0.9237
Epoch 315/1000, Train Loss: 0.4057, Validation Loss: 0.6943
Epoch 316/1000, Train Loss: 0.4005, Validation Loss: 0.6433
Epoch 317/1000, Train Loss: 0.3984, Validation Loss: 0.5845
Epoch 318/1000, Train Loss: 0.4062, Validation Loss: 0.8050
Epoch 319/1000, Train Loss: 0.4094, Validation Loss: 0.4943
Epoch 320/1000, Train Loss: 0.4065, Validation Loss: 1.0068
Epoch 321/1000, Train Loss: 0.4100, Validation Loss: 0.4663
Epoch 322/1000, Train Loss: 0.4048, Validation Loss: 0.5741
Epoch 323/1000, Train Loss: 0.4033, Validation Loss: 0.7155
Epoch 324/1000, Train Loss: 0.4036, Validation Loss: 0.7489
Epoch 325/1000, Train Loss: 0.4089, Validation Loss: 0.5807
Epoch 326/1000, Train Loss: 0.4000, Validation Loss: 1.5807
Epoch 327/1000, Train Loss: 0.4029, Validation Loss: 0.7180
Epoch 328/1000, Train Loss: 0.4018, Validation Loss: 0.5304
Epoch 329/1000, Train Loss: 0.4023, Validation Loss: 0.6801
Epoch 330/1000, Train Loss: 0.4026, Validation Loss: 0.5561
Epoch 331/1000, Train Loss: 0.3970, Validation Loss: 0.4770
Epoch 332/1000, Train Loss: 0.4006, Validation Loss: 0.6525
Epoch 333/1000, Train Loss: 0.3988, Validation Loss: 0.5230
Epoch 334/1000, Train Loss: 0.3992, Validation Loss: 0.6561
Epoch 335/1000, Train Loss: 0.4037, Validation Loss: 1.1162
Epoch 336/1000, Train Loss: 0.4033, Validation Loss: 0.7510
Epoch 337/1000, Train Loss: 0.4028, Validation Loss: 0.6186
Epoch 338/1000, Train Loss: 0.4013, Validation Loss: 1.8245
Epoch 339/1000, Train Loss: 0.4021, Validation Loss: 0.5354
Epoch 340/1000, Train Loss: 0.3965, Validation Loss: 0.8741
Epoch 341/1000, Train Loss: 0.4008, Validation Loss: 0.6011
Epoch 342/1000, Train Loss: 0.3986, Validation Loss: 0.8990
Epoch 343/1000, Train Loss: 0.3989, Validation Loss: 0.9843
Epoch 344/1000, Train Loss: 0.3979, Validation Loss: 0.6899
Epoch 345/1000, Train Loss: 0.3977, Validation Loss: 0.9561
Epoch 346/1000, Train Loss: 0.3988, Validation Loss: 1.0272
Epoch 347/1000, Train Loss: 0.3998, Validation Loss: 2.6294
Epoch 348/1000, Train Loss: 0.3971, Validation Loss: 0.6261
Epoch 349/1000, Train Loss: 0.3922, Validation Loss: 1.6458
Epoch 350/1000, Train Loss: 0.3959, Validation Loss: 0.9000
Epoch 351/1000, Train Loss: 0.3956, Validation Loss: 0.6973
Epoch 352/1000, Train Loss: 0.3958, Validation Loss: 0.7542
Epoch 353/1000, Train Loss: 0.3981, Validation Loss: 0.6903
Epoch 354/1000, Train Loss: 0.3967, Validation Loss: 0.6325
Epoch 355/1000, Train Loss: 0.3942, Validation Loss: 0.5580
Epoch 356/1000, Train Loss: 0.3972, Validation Loss: 0.5550
Epoch 357/1000, Train Loss: 0.3978, Validation Loss: 0.8396
Epoch 358/1000, Train Loss: 0.4041, Validation Loss: 0.6318
Epoch 359/1000, Train Loss: 0.3937, Validation Loss: 1.3461
Epoch 360/1000, Train Loss: 0.3929, Validation Loss: 0.9299
Epoch 361/1000, Train Loss: 0.3978, Validation Loss: 1.2045
Epoch 362/1000, Train Loss: 0.3989, Validation Loss: 0.6634
Epoch 363/1000, Train Loss: 0.3947, Validation Loss: 0.8329
Epoch 364/1000, Train Loss: 0.4002, Validation Loss: 0.6604
Epoch 365/1000, Train Loss: 0.3979, Validation Loss: 0.5343
Epoch 366/1000, Train Loss: 0.3991, Validation Loss: 0.8742
Epoch 367/1000, Train Loss: 0.3948, Validation Loss: 0.8903
Epoch 368/1000, Train Loss: 0.4007, Validation Loss: 0.7393
Epoch 369/1000, Train Loss: 0.3935, Validation Loss: 1.8032
Epoch 370/1000, Train Loss: 0.3902, Validation Loss: 0.3755
Epoch 371/1000, Train Loss: 0.3990, Validation Loss: 0.6162
Epoch 372/1000, Train Loss: 0.3984, Validation Loss: 0.7322
Epoch 373/1000, Train Loss: 0.3956, Validation Loss: 0.6428
Epoch 374/1000, Train Loss: 0.3925, Validation Loss: 0.6163
Epoch 375/1000, Train Loss: 0.3957, Validation Loss: 1.6626
Epoch 376/1000, Train Loss: 0.3918, Validation Loss: 0.3903
Epoch 377/1000, Train Loss: 0.3928, Validation Loss: 0.5866
Epoch 378/1000, Train Loss: 0.3917, Validation Loss: 0.4845
Epoch 379/1000, Train Loss: 0.3922, Validation Loss: 1.2362
Epoch 380/1000, Train Loss: 0.3898, Validation Loss: 1.1472
Epoch 381/1000, Train Loss: 0.3936, Validation Loss: 0.5904
Epoch 382/1000, Train Loss: 0.3881, Validation Loss: 0.6934
Epoch 383/1000, Train Loss: 0.3908, Validation Loss: 0.4933
Epoch 384/1000, Train Loss: 0.3915, Validation Loss: 1.0522
Epoch 385/1000, Train Loss: 0.3932, Validation Loss: 0.5418
Epoch 386/1000, Train Loss: 0.3863, Validation Loss: 0.6869
Epoch 387/1000, Train Loss: 0.3909, Validation Loss: 0.8412
Epoch 388/1000, Train Loss: 0.3902, Validation Loss: 0.4807
Epoch 389/1000, Train Loss: 0.3873, Validation Loss: 0.5123
Epoch 390/1000, Train Loss: 0.3902, Validation Loss: 0.7551
Epoch 391/1000, Train Loss: 0.3886, Validation Loss: 1.1088
Epoch 392/1000, Train Loss: 0.3922, Validation Loss: 0.5785
Epoch 393/1000, Train Loss: 0.3893, Validation Loss: 0.8353
Epoch 394/1000, Train Loss: 0.3941, Validation Loss: 0.8174
Epoch 395/1000, Train Loss: 0.3927, Validation Loss: 0.8581
Epoch 396/1000, Train Loss: 0.3915, Validation Loss: 0.4975
Epoch 397/1000, Train Loss: 0.3884, Validation Loss: 1.1293
Epoch 398/1000, Train Loss: 0.3841, Validation Loss: 1.0184
Epoch 399/1000, Train Loss: 0.3896, Validation Loss: 0.4329
Epoch 400/1000, Train Loss: 0.3910, Validation Loss: 0.9813
Epoch 401/1000, Train Loss: 0.3892, Validation Loss: 0.5142
Epoch 402/1000, Train Loss: 0.3864, Validation Loss: 0.6209
Epoch 403/1000, Train Loss: 0.3899, Validation Loss: 0.5124
Epoch 404/1000, Train Loss: 0.3886, Validation Loss: 0.6333
Epoch 405/1000, Train Loss: 0.3864, Validation Loss: 0.5709
Epoch 406/1000, Train Loss: 0.3897, Validation Loss: 0.5241
Epoch 407/1000, Train Loss: 0.3907, Validation Loss: 0.7527
Epoch 408/1000, Train Loss: 0.3877, Validation Loss: 0.4485
Epoch 409/1000, Train Loss: 0.3874, Validation Loss: 0.5908
Epoch 410/1000, Train Loss: 0.3884, Validation Loss: 0.7290
Epoch 411/1000, Train Loss: 0.3907, Validation Loss: 1.6290
Epoch 412/1000, Train Loss: 0.3868, Validation Loss: 0.5223
Epoch 413/1000, Train Loss: 0.3837, Validation Loss: 0.7850
Epoch 414/1000, Train Loss: 0.3850, Validation Loss: 0.9178
Epoch 415/1000, Train Loss: 0.3853, Validation Loss: 0.7531
Epoch 416/1000, Train Loss: 0.3839, Validation Loss: 0.6884
Epoch 417/1000, Train Loss: 0.3812, Validation Loss: 0.6228
Epoch 418/1000, Train Loss: 0.3867, Validation Loss: 0.4925
Epoch 419/1000, Train Loss: 0.3797, Validation Loss: 0.8029
Epoch 420/1000, Train Loss: 0.3836, Validation Loss: 0.6220
Epoch 421/1000, Train Loss: 0.3821, Validation Loss: 0.7671
Epoch 422/1000, Train Loss: 0.3803, Validation Loss: 0.8501
Epoch 423/1000, Train Loss: 0.3835, Validation Loss: 2.2343
Epoch 424/1000, Train Loss: 0.3849, Validation Loss: 0.5148
Epoch 425/1000, Train Loss: 0.3832, Validation Loss: 0.6372
Epoch 426/1000, Train Loss: 0.3855, Validation Loss: 0.6830
Epoch 427/1000, Train Loss: 0.3819, Validation Loss: 0.8525
Epoch 428/1000, Train Loss: 0.3857, Validation Loss: 1.0004
Epoch 429/1000, Train Loss: 0.3843, Validation Loss: 0.4999
Epoch 430/1000, Train Loss: 0.3888, Validation Loss: 0.7987
Epoch 431/1000, Train Loss: 0.3819, Validation Loss: 0.4009
Epoch 432/1000, Train Loss: 0.3794, Validation Loss: 0.9445
Epoch 433/1000, Train Loss: 0.3795, Validation Loss: 1.0389
Epoch 434/1000, Train Loss: 0.3853, Validation Loss: 0.4968
Epoch 435/1000, Train Loss: 0.3811, Validation Loss: 0.4699
Epoch 436/1000, Train Loss: 0.3824, Validation Loss: 0.5358
Epoch 437/1000, Train Loss: 0.3828, Validation Loss: 0.9197
Epoch 438/1000, Train Loss: 0.3905, Validation Loss: 0.9042
Epoch 439/1000, Train Loss: 0.3808, Validation Loss: 0.8771
Epoch 440/1000, Train Loss: 0.3875, Validation Loss: 0.4742
Epoch 441/1000, Train Loss: 0.3819, Validation Loss: 0.9648
Epoch 442/1000, Train Loss: 0.3803, Validation Loss: 0.6359
Epoch 443/1000, Train Loss: 0.3813, Validation Loss: 0.4794
Epoch 444/1000, Train Loss: 0.3800, Validation Loss: 0.4760
Epoch 445/1000, Train Loss: 0.3795, Validation Loss: 1.5825
Epoch 446/1000, Train Loss: 0.3841, Validation Loss: 0.6671
Epoch 447/1000, Train Loss: 0.3819, Validation Loss: 0.9386
Epoch 448/1000, Train Loss: 0.3862, Validation Loss: 0.3856
Epoch 449/1000, Train Loss: 0.3801, Validation Loss: 0.6494
Epoch 450/1000, Train Loss: 0.3805, Validation Loss: 0.6008
Epoch 451/1000, Train Loss: 0.3814, Validation Loss: 0.8050
Epoch 452/1000, Train Loss: 0.3815, Validation Loss: 0.5500
Epoch 453/1000, Train Loss: 0.3816, Validation Loss: 0.9141
Epoch 454/1000, Train Loss: 0.3825, Validation Loss: 0.4030
Epoch 455/1000, Train Loss: 0.3798, Validation Loss: 0.8387
Epoch 456/1000, Train Loss: 0.3826, Validation Loss: 0.5240
Epoch 457/1000, Train Loss: 0.3807, Validation Loss: 0.3989
Epoch 458/1000, Train Loss: 0.3821, Validation Loss: 1.0156
Epoch 459/1000, Train Loss: 0.3795, Validation Loss: 0.7436
Epoch 460/1000, Train Loss: 0.3796, Validation Loss: 0.6347
Epoch 461/1000, Train Loss: 0.3789, Validation Loss: 0.4943
Epoch 462/1000, Train Loss: 0.3753, Validation Loss: 1.6882
Epoch 463/1000, Train Loss: 0.3781, Validation Loss: 0.4866
Epoch 464/1000, Train Loss: 0.3836, Validation Loss: 0.9865
Epoch 465/1000, Train Loss: 0.3794, Validation Loss: 0.7236
Epoch 466/1000, Train Loss: 0.3792, Validation Loss: 0.5924
Epoch 467/1000, Train Loss: 0.3772, Validation Loss: 0.4311
Epoch 468/1000, Train Loss: 0.3822, Validation Loss: 0.7396
Epoch 469/1000, Train Loss: 0.3765, Validation Loss: 0.6353
Epoch 470/1000, Train Loss: 0.3838, Validation Loss: 0.6459
Epoch 471/1000, Train Loss: 0.3818, Validation Loss: 0.5038
Epoch 472/1000, Train Loss: 0.3792, Validation Loss: 0.7421
Epoch 473/1000, Train Loss: 0.3804, Validation Loss: 0.9797
Epoch 474/1000, Train Loss: 0.3725, Validation Loss: 0.5742
Epoch 475/1000, Train Loss: 0.3790, Validation Loss: 0.5896
Epoch 476/1000, Train Loss: 0.3770, Validation Loss: 1.2014
Epoch 477/1000, Train Loss: 0.3767, Validation Loss: 0.7039
Epoch 478/1000, Train Loss: 0.3765, Validation Loss: 1.9506
Epoch 479/1000, Train Loss: 0.3786, Validation Loss: 0.4875
Epoch 480/1000, Train Loss: 0.3745, Validation Loss: 0.7521
Epoch 481/1000, Train Loss: 0.3802, Validation Loss: 0.6731
Epoch 482/1000, Train Loss: 0.3750, Validation Loss: 0.4982
Epoch 483/1000, Train Loss: 0.3738, Validation Loss: 1.0701
Epoch 484/1000, Train Loss: 0.3786, Validation Loss: 1.4558
Epoch 485/1000, Train Loss: 0.3753, Validation Loss: 0.7076
Epoch 486/1000, Train Loss: 0.3748, Validation Loss: 0.6555
Epoch 487/1000, Train Loss: 0.3759, Validation Loss: 0.7466
Epoch 488/1000, Train Loss: 0.3779, Validation Loss: 0.4548
Epoch 489/1000, Train Loss: 0.3724, Validation Loss: 0.4833
Epoch 490/1000, Train Loss: 0.3764, Validation Loss: 1.0147
Epoch 491/1000, Train Loss: 0.3756, Validation Loss: 0.4313
Epoch 492/1000, Train Loss: 0.3801, Validation Loss: 0.5836
Epoch 493/1000, Train Loss: 0.3765, Validation Loss: 0.5246
Epoch 494/1000, Train Loss: 0.3739, Validation Loss: 0.6737
Epoch 495/1000, Train Loss: 0.3744, Validation Loss: 0.6262
Epoch 496/1000, Train Loss: 0.3776, Validation Loss: 0.4719
Epoch 497/1000, Train Loss: 0.3756, Validation Loss: 0.4739
Epoch 498/1000, Train Loss: 0.3783, Validation Loss: 0.4190
Epoch 499/1000, Train Loss: 0.3784, Validation Loss: 0.4092
Epoch 500/1000, Train Loss: 0.3722, Validation Loss: 1.3894
Epoch 501/1000, Train Loss: 0.3752, Validation Loss: 0.8125
Epoch 502/1000, Train Loss: 0.3762, Validation Loss: 0.5738
Epoch 503/1000, Train Loss: 0.3732, Validation Loss: 0.9273
Epoch 504/1000, Train Loss: 0.3829, Validation Loss: 0.9187
Epoch 505/1000, Train Loss: 0.3727, Validation Loss: 1.2810
Epoch 506/1000, Train Loss: 0.3710, Validation Loss: 0.6228
Epoch 507/1000, Train Loss: 0.3758, Validation Loss: 1.7812
Epoch 508/1000, Train Loss: 0.3707, Validation Loss: 1.0022
Epoch 509/1000, Train Loss: 0.3762, Validation Loss: 1.0365
Epoch 510/1000, Train Loss: 0.3742, Validation Loss: 0.4852
Epoch 511/1000, Train Loss: 0.3698, Validation Loss: 1.0187
Epoch 512/1000, Train Loss: 0.3724, Validation Loss: 0.4263
Epoch 513/1000, Train Loss: 0.3728, Validation Loss: 0.6813
Epoch 514/1000, Train Loss: 0.3739, Validation Loss: 1.2436
Epoch 515/1000, Train Loss: 0.3752, Validation Loss: 0.4536
Epoch 516/1000, Train Loss: 0.3705, Validation Loss: 1.5869
Epoch 517/1000, Train Loss: 0.3774, Validation Loss: 0.6302
Epoch 518/1000, Train Loss: 0.3737, Validation Loss: 0.9328
Epoch 519/1000, Train Loss: 0.3732, Validation Loss: 0.6823
Epoch 520/1000, Train Loss: 0.3694, Validation Loss: 0.9332
Epoch 521/1000, Train Loss: 0.3745, Validation Loss: 0.5409
Epoch 522/1000, Train Loss: 0.3781, Validation Loss: 0.5924
Epoch 523/1000, Train Loss: 0.3774, Validation Loss: 0.8516
Epoch 524/1000, Train Loss: 0.3748, Validation Loss: 0.6787
Epoch 525/1000, Train Loss: 0.3714, Validation Loss: 0.9971
Epoch 526/1000, Train Loss: 0.3728, Validation Loss: 0.4480
Epoch 527/1000, Train Loss: 0.3742, Validation Loss: 0.4420
Epoch 528/1000, Train Loss: 0.3744, Validation Loss: 0.4170
Epoch 529/1000, Train Loss: 0.3727, Validation Loss: 0.4435
Epoch 530/1000, Train Loss: 0.3721, Validation Loss: 1.2781
Epoch 531/1000, Train Loss: 0.3721, Validation Loss: 0.4507
Epoch 532/1000, Train Loss: 0.3734, Validation Loss: 0.8478
Epoch 533/1000, Train Loss: 0.3682, Validation Loss: 0.6006
Epoch 534/1000, Train Loss: 0.3739, Validation Loss: 1.0343
Epoch 535/1000, Train Loss: 0.3739, Validation Loss: 1.2510
Epoch 536/1000, Train Loss: 0.3708, Validation Loss: 0.4293
Epoch 537/1000, Train Loss: 0.3665, Validation Loss: 0.8939
Epoch 538/1000, Train Loss: 0.3680, Validation Loss: 0.8838
Epoch 539/1000, Train Loss: 0.3665, Validation Loss: 0.7233
Epoch 540/1000, Train Loss: 0.3738, Validation Loss: 0.6733
Epoch 541/1000, Train Loss: 0.3707, Validation Loss: 1.4125
Epoch 542/1000, Train Loss: 0.3708, Validation Loss: 0.5130
Epoch 543/1000, Train Loss: 0.3702, Validation Loss: 0.8277
Epoch 544/1000, Train Loss: 0.3711, Validation Loss: 0.6778
Epoch 545/1000, Train Loss: 0.3679, Validation Loss: 0.4163
Epoch 546/1000, Train Loss: 0.3746, Validation Loss: 0.5633
Epoch 547/1000, Train Loss: 0.3671, Validation Loss: 1.2768
Epoch 548/1000, Train Loss: 0.3707, Validation Loss: 0.9620
Epoch 549/1000, Train Loss: 0.3683, Validation Loss: 0.7203
Epoch 550/1000, Train Loss: 0.3671, Validation Loss: 0.8744
Epoch 551/1000, Train Loss: 0.3693, Validation Loss: 1.8697
Epoch 552/1000, Train Loss: 0.3687, Validation Loss: 0.6434
Epoch 553/1000, Train Loss: 0.3683, Validation Loss: 0.6915
Epoch 554/1000, Train Loss: 0.3707, Validation Loss: 0.6970
Epoch 555/1000, Train Loss: 0.3698, Validation Loss: 0.8366
Epoch 556/1000, Train Loss: 0.3725, Validation Loss: 0.4094
Epoch 557/1000, Train Loss: 0.3682, Validation Loss: 0.3490
Epoch 558/1000, Train Loss: 0.3667, Validation Loss: 0.4695
Epoch 559/1000, Train Loss: 0.3679, Validation Loss: 0.8556
Epoch 560/1000, Train Loss: 0.3697, Validation Loss: 0.4268
Epoch 561/1000, Train Loss: 0.3667, Validation Loss: 0.4773
Epoch 562/1000, Train Loss: 0.3655, Validation Loss: 0.5380
Epoch 563/1000, Train Loss: 0.3698, Validation Loss: 0.5804
Epoch 564/1000, Train Loss: 0.3649, Validation Loss: 0.4930
Epoch 565/1000, Train Loss: 0.3715, Validation Loss: 0.8222
Epoch 566/1000, Train Loss: 0.3704, Validation Loss: 0.4639
Epoch 567/1000, Train Loss: 0.3686, Validation Loss: 0.8769
Epoch 568/1000, Train Loss: 0.3684, Validation Loss: 1.0710
Epoch 569/1000, Train Loss: 0.3671, Validation Loss: 0.4759
Epoch 570/1000, Train Loss: 0.3649, Validation Loss: 0.8462
Epoch 571/1000, Train Loss: 0.3669, Validation Loss: 0.6628
Epoch 572/1000, Train Loss: 0.3688, Validation Loss: 0.4561
Epoch 573/1000, Train Loss: 0.3701, Validation Loss: 0.7419
Epoch 574/1000, Train Loss: 0.3630, Validation Loss: 0.6829
Epoch 575/1000, Train Loss: 0.3682, Validation Loss: 0.4581
Epoch 576/1000, Train Loss: 0.3695, Validation Loss: 0.4404
Epoch 577/1000, Train Loss: 0.3680, Validation Loss: 0.5389
Epoch 578/1000, Train Loss: 0.3717, Validation Loss: 1.4325
Epoch 579/1000, Train Loss: 0.3655, Validation Loss: 1.9514
Epoch 580/1000, Train Loss: 0.3683, Validation Loss: 0.4204
Epoch 581/1000, Train Loss: 0.3655, Validation Loss: 1.6350
Epoch 582/1000, Train Loss: 0.3664, Validation Loss: 1.0921
Epoch 583/1000, Train Loss: 0.3664, Validation Loss: 0.5777
Epoch 584/1000, Train Loss: 0.3649, Validation Loss: 0.7696
Epoch 585/1000, Train Loss: 0.3694, Validation Loss: 0.6886
Epoch 586/1000, Train Loss: 0.3707, Validation Loss: 0.5205
Epoch 587/1000, Train Loss: 0.3702, Validation Loss: 0.3913
Epoch 588/1000, Train Loss: 0.3674, Validation Loss: 0.4310
Epoch 589/1000, Train Loss: 0.3686, Validation Loss: 0.6135
Epoch 590/1000, Train Loss: 0.3642, Validation Loss: 0.4529
Epoch 591/1000, Train Loss: 0.3638, Validation Loss: 0.7704
Epoch 592/1000, Train Loss: 0.3620, Validation Loss: 0.5241
Epoch 593/1000, Train Loss: 0.3632, Validation Loss: 0.4394
Epoch 594/1000, Train Loss: 0.3660, Validation Loss: 0.4047
Epoch 595/1000, Train Loss: 0.3645, Validation Loss: 3.6966
Epoch 596/1000, Train Loss: 0.3685, Validation Loss: 1.4737
Epoch 597/1000, Train Loss: 0.3691, Validation Loss: 0.4860
Epoch 598/1000, Train Loss: 0.3640, Validation Loss: 1.3905
Epoch 599/1000, Train Loss: 0.3650, Validation Loss: 1.2230
Epoch 600/1000, Train Loss: 0.3662, Validation Loss: 0.4761
Epoch 601/1000, Train Loss: 0.3624, Validation Loss: 0.5905
Epoch 602/1000, Train Loss: 0.3649, Validation Loss: 0.6062
Epoch 603/1000, Train Loss: 0.3635, Validation Loss: 0.5315
Epoch 604/1000, Train Loss: 0.3642, Validation Loss: 1.3756
Epoch 605/1000, Train Loss: 0.3662, Validation Loss: 0.7514
Epoch 606/1000, Train Loss: 0.3657, Validation Loss: 0.4764
Epoch 607/1000, Train Loss: 0.3665, Validation Loss: 1.2709
Epoch 608/1000, Train Loss: 0.3644, Validation Loss: 0.4912
Epoch 609/1000, Train Loss: 0.3688, Validation Loss: 2.2713
Epoch 610/1000, Train Loss: 0.3641, Validation Loss: 0.5890
Epoch 611/1000, Train Loss: 0.3630, Validation Loss: 0.5720
Epoch 612/1000, Train Loss: 0.3653, Validation Loss: 0.8725
Epoch 613/1000, Train Loss: 0.3658, Validation Loss: 0.4621
Epoch 614/1000, Train Loss: 0.3647, Validation Loss: 1.1023
Epoch 615/1000, Train Loss: 0.3629, Validation Loss: 0.4687
Epoch 616/1000, Train Loss: 0.3639, Validation Loss: 1.4240
Epoch 617/1000, Train Loss: 0.3612, Validation Loss: 0.4971
Epoch 618/1000, Train Loss: 0.3652, Validation Loss: 1.2431
Epoch 619/1000, Train Loss: 0.3653, Validation Loss: 0.9018
Epoch 620/1000, Train Loss: 0.3624, Validation Loss: 0.7154
Epoch 621/1000, Train Loss: 0.3646, Validation Loss: 1.1930
Epoch 622/1000, Train Loss: 0.3613, Validation Loss: 0.5489
Epoch 623/1000, Train Loss: 0.3679, Validation Loss: 0.5017
Epoch 624/1000, Train Loss: 0.3590, Validation Loss: 0.5331
Epoch 625/1000, Train Loss: 0.3638, Validation Loss: 1.2662
Epoch 626/1000, Train Loss: 0.3635, Validation Loss: 0.6328
Epoch 627/1000, Train Loss: 0.3691, Validation Loss: 0.7671
Epoch 628/1000, Train Loss: 0.3634, Validation Loss: 0.9243
Epoch 629/1000, Train Loss: 0.3629, Validation Loss: 0.4109
Epoch 630/1000, Train Loss: 0.3680, Validation Loss: 1.2593
Epoch 631/1000, Train Loss: 0.3668, Validation Loss: 0.6143
Epoch 632/1000, Train Loss: 0.3683, Validation Loss: 0.7016
Epoch 633/1000, Train Loss: 0.3663, Validation Loss: 0.8370
Epoch 634/1000, Train Loss: 0.3604, Validation Loss: 0.5114
Epoch 635/1000, Train Loss: 0.3668, Validation Loss: 3.2826
Epoch 636/1000, Train Loss: 0.3599, Validation Loss: 0.7005
Epoch 637/1000, Train Loss: 0.3582, Validation Loss: 0.8013
Epoch 638/1000, Train Loss: 0.3679, Validation Loss: 0.6371
Epoch 639/1000, Train Loss: 0.3681, Validation Loss: 0.6226
Epoch 640/1000, Train Loss: 0.3696, Validation Loss: 0.9747
Epoch 641/1000, Train Loss: 0.3642, Validation Loss: 0.5751
Epoch 642/1000, Train Loss: 0.3655, Validation Loss: 0.4285
Epoch 643/1000, Train Loss: 0.3648, Validation Loss: 0.6357
Epoch 644/1000, Train Loss: 0.3650, Validation Loss: 0.5572
Epoch 645/1000, Train Loss: 0.3645, Validation Loss: 0.4870
Epoch 646/1000, Train Loss: 0.3616, Validation Loss: 0.4711
Epoch 647/1000, Train Loss: 0.3645, Validation Loss: 0.4023
Epoch 648/1000, Train Loss: 0.3637, Validation Loss: 0.5084
Epoch 649/1000, Train Loss: 0.3608, Validation Loss: 0.5953
Epoch 650/1000, Train Loss: 0.3643, Validation Loss: 1.2249
Epoch 651/1000, Train Loss: 0.3675, Validation Loss: 0.5268
Epoch 652/1000, Train Loss: 0.3588, Validation Loss: 0.5492
Epoch 653/1000, Train Loss: 0.3641, Validation Loss: 0.7085
Epoch 654/1000, Train Loss: 0.3596, Validation Loss: 1.5459
Epoch 655/1000, Train Loss: 0.3616, Validation Loss: 0.8182
Epoch 656/1000, Train Loss: 0.3616, Validation Loss: 0.8419
Epoch 657/1000, Train Loss: 0.3596, Validation Loss: 0.6109
Epoch 658/1000, Train Loss: 0.3588, Validation Loss: 0.5504
Epoch 659/1000, Train Loss: 0.3612, Validation Loss: 1.1329
Epoch 660/1000, Train Loss: 0.3643, Validation Loss: 0.7469
Epoch 661/1000, Train Loss: 0.3679, Validation Loss: 0.8135
Epoch 662/1000, Train Loss: 0.3613, Validation Loss: 1.2339
Epoch 663/1000, Train Loss: 0.3643, Validation Loss: 0.7079
Epoch 664/1000, Train Loss: 0.3660, Validation Loss: 0.4437
Epoch 665/1000, Train Loss: 0.3613, Validation Loss: 0.4718
Epoch 666/1000, Train Loss: 0.3601, Validation Loss: 0.5686
Epoch 667/1000, Train Loss: 0.3644, Validation Loss: 0.5232
Epoch 668/1000, Train Loss: 0.3626, Validation Loss: 0.5526
Epoch 669/1000, Train Loss: 0.3611, Validation Loss: 0.5845
Epoch 670/1000, Train Loss: 0.3626, Validation Loss: 0.8596
Epoch 671/1000, Train Loss: 0.3635, Validation Loss: 1.9672
Epoch 672/1000, Train Loss: 0.3591, Validation Loss: 0.9345
Epoch 673/1000, Train Loss: 0.3584, Validation Loss: 0.4705
Epoch 674/1000, Train Loss: 0.3632, Validation Loss: 0.8445
Epoch 675/1000, Train Loss: 0.3635, Validation Loss: 0.7066
Epoch 676/1000, Train Loss: 0.3619, Validation Loss: 0.9574
Epoch 677/1000, Train Loss: 0.3591, Validation Loss: 0.6290
Epoch 678/1000, Train Loss: 0.3582, Validation Loss: 0.5062
Epoch 679/1000, Train Loss: 0.3640, Validation Loss: 0.7692
Epoch 680/1000, Train Loss: 0.3613, Validation Loss: 0.4096
Epoch 681/1000, Train Loss: 0.3579, Validation Loss: 0.6939
Epoch 682/1000, Train Loss: 0.3590, Validation Loss: 0.5432
Epoch 683/1000, Train Loss: 0.3627, Validation Loss: 0.6767
Epoch 684/1000, Train Loss: 0.3574, Validation Loss: 0.4068
Epoch 685/1000, Train Loss: 0.3602, Validation Loss: 0.5558
Epoch 686/1000, Train Loss: 0.3688, Validation Loss: 2.1353
Epoch 687/1000, Train Loss: 0.3597, Validation Loss: 0.4599
Epoch 688/1000, Train Loss: 0.3604, Validation Loss: 0.6571
Epoch 689/1000, Train Loss: 0.3558, Validation Loss: 0.9926
Epoch 690/1000, Train Loss: 0.3596, Validation Loss: 0.4958
Epoch 691/1000, Train Loss: 0.3590, Validation Loss: 0.5452
Epoch 692/1000, Train Loss: 0.3594, Validation Loss: 0.5553
Epoch 693/1000, Train Loss: 0.3563, Validation Loss: 0.6949
Epoch 694/1000, Train Loss: 0.3595, Validation Loss: 0.9229
Epoch 695/1000, Train Loss: 0.3567, Validation Loss: 0.5178
Epoch 696/1000, Train Loss: 0.3613, Validation Loss: 0.6946
Epoch 697/1000, Train Loss: 0.3538, Validation Loss: 0.6841
Epoch 698/1000, Train Loss: 0.3578, Validation Loss: 0.7279
Epoch 699/1000, Train Loss: 0.3614, Validation Loss: 1.4189
Epoch 700/1000, Train Loss: 0.3571, Validation Loss: 0.7666
Epoch 701/1000, Train Loss: 0.3612, Validation Loss: 0.6699
Epoch 702/1000, Train Loss: 0.3569, Validation Loss: 0.4602
Epoch 703/1000, Train Loss: 0.3618, Validation Loss: 0.4019
Epoch 704/1000, Train Loss: 0.3575, Validation Loss: 0.5227
Epoch 705/1000, Train Loss: 0.3612, Validation Loss: 0.3901
Epoch 706/1000, Train Loss: 0.3596, Validation Loss: 0.7824
Epoch 707/1000, Train Loss: 0.3611, Validation Loss: 0.6001
Epoch 708/1000, Train Loss: 0.3589, Validation Loss: 0.6930
Epoch 709/1000, Train Loss: 0.3555, Validation Loss: 0.6251
Epoch 710/1000, Train Loss: 0.3575, Validation Loss: 1.0713
Epoch 711/1000, Train Loss: 0.3581, Validation Loss: 0.4871
Epoch 712/1000, Train Loss: 0.3533, Validation Loss: 0.7788
Epoch 713/1000, Train Loss: 0.3581, Validation Loss: 0.8785
Epoch 714/1000, Train Loss: 0.3622, Validation Loss: 0.4753
Epoch 715/1000, Train Loss: 0.3569, Validation Loss: 1.2089
Epoch 716/1000, Train Loss: 0.3534, Validation Loss: 0.4588
Epoch 717/1000, Train Loss: 0.3549, Validation Loss: 0.9694
Epoch 718/1000, Train Loss: 0.3601, Validation Loss: 0.6028
Epoch 719/1000, Train Loss: 0.3585, Validation Loss: 0.3781
Epoch 720/1000, Train Loss: 0.3556, Validation Loss: 0.3448
Epoch 721/1000, Train Loss: 0.3580, Validation Loss: 0.4308
Epoch 722/1000, Train Loss: 0.3582, Validation Loss: 0.9639
Epoch 723/1000, Train Loss: 0.3558, Validation Loss: 1.2675
Epoch 724/1000, Train Loss: 0.3582, Validation Loss: 0.5252
Epoch 725/1000, Train Loss: 0.3539, Validation Loss: 0.5916
Epoch 726/1000, Train Loss: 0.3544, Validation Loss: 0.5836
Epoch 727/1000, Train Loss: 0.3549, Validation Loss: 0.6791
Epoch 728/1000, Train Loss: 0.3585, Validation Loss: 0.5197
Epoch 729/1000, Train Loss: 0.3543, Validation Loss: 0.7648
Epoch 730/1000, Train Loss: 0.3568, Validation Loss: 0.5707
Epoch 731/1000, Train Loss: 0.3592, Validation Loss: 0.3597
Epoch 732/1000, Train Loss: 0.3571, Validation Loss: 0.6780
Epoch 733/1000, Train Loss: 0.3572, Validation Loss: 0.5158
Epoch 734/1000, Train Loss: 0.3564, Validation Loss: 0.6839
Epoch 735/1000, Train Loss: 0.3531, Validation Loss: 0.5360
Epoch 736/1000, Train Loss: 0.3548, Validation Loss: 0.5509
Epoch 737/1000, Train Loss: 0.3567, Validation Loss: 0.8901
Epoch 738/1000, Train Loss: 0.3593, Validation Loss: 1.0079
Epoch 739/1000, Train Loss: 0.3577, Validation Loss: 0.5506
Epoch 740/1000, Train Loss: 0.3569, Validation Loss: 0.5354
Epoch 741/1000, Train Loss: 0.3583, Validation Loss: 0.6368
Epoch 742/1000, Train Loss: 0.3589, Validation Loss: 1.1025
Epoch 743/1000, Train Loss: 0.3552, Validation Loss: 0.6730
Epoch 744/1000, Train Loss: 0.3570, Validation Loss: 1.4259
Epoch 745/1000, Train Loss: 0.3599, Validation Loss: 0.4046
Epoch 746/1000, Train Loss: 0.3617, Validation Loss: 2.3139
Epoch 747/1000, Train Loss: 0.3555, Validation Loss: 1.2626
Epoch 748/1000, Train Loss: 0.3575, Validation Loss: 0.3864
Epoch 749/1000, Train Loss: 0.3543, Validation Loss: 3.7128
Epoch 750/1000, Train Loss: 0.3535, Validation Loss: 0.5404
Epoch 751/1000, Train Loss: 0.3555, Validation Loss: 0.7008
Epoch 752/1000, Train Loss: 0.3593, Validation Loss: 0.6931
Epoch 753/1000, Train Loss: 0.3532, Validation Loss: 0.5130
Epoch 754/1000, Train Loss: 0.3529, Validation Loss: 0.8860
Epoch 755/1000, Train Loss: 0.3575, Validation Loss: 0.4007
Epoch 756/1000, Train Loss: 0.3524, Validation Loss: 0.7204
Epoch 757/1000, Train Loss: 0.3534, Validation Loss: 0.4090
Epoch 758/1000, Train Loss: 0.3542, Validation Loss: 1.7484
Epoch 759/1000, Train Loss: 0.3551, Validation Loss: 0.9291
Epoch 760/1000, Train Loss: 0.3574, Validation Loss: 1.2296
Epoch 761/1000, Train Loss: 0.3547, Validation Loss: 2.6853
Epoch 762/1000, Train Loss: 0.3527, Validation Loss: 1.0499
Epoch 763/1000, Train Loss: 0.3591, Validation Loss: 1.7445
Epoch 764/1000, Train Loss: 0.3593, Validation Loss: 0.5495
Epoch 765/1000, Train Loss: 0.3508, Validation Loss: 1.0034
Epoch 766/1000, Train Loss: 0.3521, Validation Loss: 0.9475
Epoch 767/1000, Train Loss: 0.3519, Validation Loss: 0.6518
Epoch 768/1000, Train Loss: 0.3526, Validation Loss: 0.5968
Epoch 769/1000, Train Loss: 0.3524, Validation Loss: 3.7472
Epoch 770/1000, Train Loss: 0.3543, Validation Loss: 0.8327
Epoch 771/1000, Train Loss: 0.3523, Validation Loss: 0.8762
Epoch 772/1000, Train Loss: 0.3529, Validation Loss: 1.1041
Epoch 773/1000, Train Loss: 0.3536, Validation Loss: 0.6566
Epoch 774/1000, Train Loss: 0.3555, Validation Loss: 1.1039
Epoch 775/1000, Train Loss: 0.3549, Validation Loss: 0.5086
Epoch 776/1000, Train Loss: 0.3551, Validation Loss: 0.6500
Epoch 777/1000, Train Loss: 0.3514, Validation Loss: 1.2430
Epoch 778/1000, Train Loss: 0.3572, Validation Loss: 1.1414
Epoch 779/1000, Train Loss: 0.3587, Validation Loss: 0.4212
Epoch 780/1000, Train Loss: 0.3586, Validation Loss: 2.6473
Epoch 781/1000, Train Loss: 0.3526, Validation Loss: 0.4628
Epoch 782/1000, Train Loss: 0.3544, Validation Loss: 0.6068
Epoch 783/1000, Train Loss: 0.3535, Validation Loss: 1.5580
Epoch 784/1000, Train Loss: 0.3646, Validation Loss: 0.8817
Epoch 785/1000, Train Loss: 0.3567, Validation Loss: 2.4086
Epoch 786/1000, Train Loss: 0.3535, Validation Loss: 0.8374
Epoch 787/1000, Train Loss: 0.3545, Validation Loss: 0.5641
Epoch 788/1000, Train Loss: 0.3538, Validation Loss: 0.4978
Epoch 789/1000, Train Loss: 0.3551, Validation Loss: 0.6616
Epoch 790/1000, Train Loss: 0.3542, Validation Loss: 0.4164
Epoch 791/1000, Train Loss: 0.3533, Validation Loss: 0.9633
Epoch 792/1000, Train Loss: 0.3508, Validation Loss: 0.3922
Epoch 793/1000, Train Loss: 0.3522, Validation Loss: 0.7325
Epoch 794/1000, Train Loss: 0.3548, Validation Loss: 0.8458
Epoch 795/1000, Train Loss: 0.3533, Validation Loss: 1.2484
Epoch 796/1000, Train Loss: 0.3512, Validation Loss: 0.6391
Epoch 797/1000, Train Loss: 0.3519, Validation Loss: 0.4691
Epoch 798/1000, Train Loss: 0.3537, Validation Loss: 0.5975
Epoch 799/1000, Train Loss: 0.3533, Validation Loss: 0.6306
Epoch 800/1000, Train Loss: 0.3543, Validation Loss: 0.9849
Epoch 801/1000, Train Loss: 0.3524, Validation Loss: 0.5994
Epoch 802/1000, Train Loss: 0.3519, Validation Loss: 2.5787
Epoch 803/1000, Train Loss: 0.3499, Validation Loss: 0.8090
Epoch 804/1000, Train Loss: 0.3557, Validation Loss: 0.8949
Epoch 805/1000, Train Loss: 0.3523, Validation Loss: 1.6946
Epoch 806/1000, Train Loss: 0.3577, Validation Loss: 0.4660
Epoch 807/1000, Train Loss: 0.3519, Validation Loss: 1.1360
Epoch 808/1000, Train Loss: 0.3522, Validation Loss: 0.9566
Epoch 809/1000, Train Loss: 0.3517, Validation Loss: 0.8693
Epoch 810/1000, Train Loss: 0.3505, Validation Loss: 0.8011
Epoch 811/1000, Train Loss: 0.3509, Validation Loss: 0.5936
Epoch 812/1000, Train Loss: 0.3513, Validation Loss: 0.5885
Epoch 813/1000, Train Loss: 0.3565, Validation Loss: 0.6548
Epoch 814/1000, Train Loss: 0.3564, Validation Loss: 0.8211
Epoch 815/1000, Train Loss: 0.3511, Validation Loss: 1.1278
Epoch 816/1000, Train Loss: 0.3539, Validation Loss: 0.3733
Epoch 817/1000, Train Loss: 0.3503, Validation Loss: 0.5278
Epoch 818/1000, Train Loss: 0.3535, Validation Loss: 0.5187
Epoch 819/1000, Train Loss: 0.3535, Validation Loss: 0.6963
Epoch 820/1000, Train Loss: 0.3519, Validation Loss: 0.7438
Epoch 821/1000, Train Loss: 0.3544, Validation Loss: 0.4472
Epoch 822/1000, Train Loss: 0.3501, Validation Loss: 0.7934
Epoch 823/1000, Train Loss: 0.3481, Validation Loss: 0.5369
Epoch 824/1000, Train Loss: 0.3511, Validation Loss: 1.1724
Epoch 825/1000, Train Loss: 0.3518, Validation Loss: 0.5080
Epoch 826/1000, Train Loss: 0.3502, Validation Loss: 0.5411
Epoch 827/1000, Train Loss: 0.3507, Validation Loss: 0.9356
Epoch 828/1000, Train Loss: 0.3531, Validation Loss: 0.6035
Epoch 829/1000, Train Loss: 0.3544, Validation Loss: 0.5723
Epoch 830/1000, Train Loss: 0.3534, Validation Loss: 1.1639
Epoch 831/1000, Train Loss: 0.3505, Validation Loss: 0.9263
Epoch 832/1000, Train Loss: 0.3535, Validation Loss: 0.7593
Epoch 833/1000, Train Loss: 0.3475, Validation Loss: 0.7208
Epoch 834/1000, Train Loss: 0.3503, Validation Loss: 0.6250
Epoch 835/1000, Train Loss: 0.3499, Validation Loss: 1.0107
Epoch 836/1000, Train Loss: 0.3505, Validation Loss: 0.6945
Epoch 837/1000, Train Loss: 0.3533, Validation Loss: 0.3788
Epoch 838/1000, Train Loss: 0.3502, Validation Loss: 0.4651
Epoch 839/1000, Train Loss: 0.3498, Validation Loss: 0.4655
Epoch 840/1000, Train Loss: 0.3510, Validation Loss: 0.7368
Epoch 841/1000, Train Loss: 0.3490, Validation Loss: 0.5683
Epoch 842/1000, Train Loss: 0.3511, Validation Loss: 0.7393
Epoch 843/1000, Train Loss: 0.3533, Validation Loss: 0.6151
Epoch 844/1000, Train Loss: 0.3522, Validation Loss: 1.0278
Epoch 845/1000, Train Loss: 0.3485, Validation Loss: 0.5226
Epoch 846/1000, Train Loss: 0.3490, Validation Loss: 1.0509
Epoch 847/1000, Train Loss: 0.3521, Validation Loss: 0.6417
Epoch 848/1000, Train Loss: 0.3519, Validation Loss: 1.1434
Epoch 849/1000, Train Loss: 0.3525, Validation Loss: 1.4131
Epoch 850/1000, Train Loss: 0.3466, Validation Loss: 0.6002
Epoch 851/1000, Train Loss: 0.3525, Validation Loss: 0.7109
Epoch 852/1000, Train Loss: 0.3450, Validation Loss: 0.6876
Epoch 853/1000, Train Loss: 0.3508, Validation Loss: 0.5547
Epoch 854/1000, Train Loss: 0.3454, Validation Loss: 0.7116
Epoch 855/1000, Train Loss: 0.3489, Validation Loss: 0.6816
Epoch 856/1000, Train Loss: 0.3478, Validation Loss: 1.2973
Epoch 857/1000, Train Loss: 0.3503, Validation Loss: 1.7068
Epoch 858/1000, Train Loss: 0.3520, Validation Loss: 0.7065
Epoch 859/1000, Train Loss: 0.3478, Validation Loss: 1.0676
Epoch 860/1000, Train Loss: 0.3519, Validation Loss: 0.9138
Epoch 861/1000, Train Loss: 0.3496, Validation Loss: 1.4266
Epoch 862/1000, Train Loss: 0.3507, Validation Loss: 0.9867
Epoch 863/1000, Train Loss: 0.3452, Validation Loss: 0.8321
Epoch 864/1000, Train Loss: 0.3472, Validation Loss: 0.7160
Epoch 865/1000, Train Loss: 0.3482, Validation Loss: 0.6325
Epoch 866/1000, Train Loss: 0.3441, Validation Loss: 1.0880
Epoch 867/1000, Train Loss: 0.3521, Validation Loss: 0.7590
Epoch 868/1000, Train Loss: 0.3507, Validation Loss: 0.6083
Epoch 869/1000, Train Loss: 0.3446, Validation Loss: 0.7136
Epoch 870/1000, Train Loss: 0.3503, Validation Loss: 0.8584
Epoch 871/1000, Train Loss: 0.3495, Validation Loss: 0.6435
Epoch 872/1000, Train Loss: 0.3509, Validation Loss: 0.7841
Epoch 873/1000, Train Loss: 0.3559, Validation Loss: 0.6917
Epoch 874/1000, Train Loss: 0.3486, Validation Loss: 0.5148
Epoch 875/1000, Train Loss: 0.3491, Validation Loss: 1.6615
Epoch 876/1000, Train Loss: 0.3532, Validation Loss: 0.6182
Epoch 877/1000, Train Loss: 0.3503, Validation Loss: 0.6630
Epoch 878/1000, Train Loss: 0.3452, Validation Loss: 0.5716
Epoch 879/1000, Train Loss: 0.3482, Validation Loss: 3.0976
Epoch 880/1000, Train Loss: 0.3466, Validation Loss: 1.2125
Epoch 881/1000, Train Loss: 0.3458, Validation Loss: 0.7816
Epoch 882/1000, Train Loss: 0.3559, Validation Loss: 0.3818
Epoch 883/1000, Train Loss: 0.3542, Validation Loss: 1.2222
Epoch 884/1000, Train Loss: 0.3468, Validation Loss: 0.8885
Epoch 885/1000, Train Loss: 0.3480, Validation Loss: 0.4473
Epoch 886/1000, Train Loss: 0.3457, Validation Loss: 0.3905
Epoch 887/1000, Train Loss: 0.3486, Validation Loss: 0.7010
Epoch 888/1000, Train Loss: 0.3498, Validation Loss: 0.4072
Epoch 889/1000, Train Loss: 0.3535, Validation Loss: 1.2579
Epoch 890/1000, Train Loss: 0.3467, Validation Loss: 0.7092
Epoch 891/1000, Train Loss: 0.3504, Validation Loss: 0.5825
Epoch 892/1000, Train Loss: 0.3498, Validation Loss: 0.5148
Epoch 893/1000, Train Loss: 0.3474, Validation Loss: 0.7061
Epoch 894/1000, Train Loss: 0.3447, Validation Loss: 1.4602
Epoch 895/1000, Train Loss: 0.3477, Validation Loss: 1.0975
Epoch 896/1000, Train Loss: 0.3463, Validation Loss: 0.5156
Epoch 897/1000, Train Loss: 0.3433, Validation Loss: 0.5023
Epoch 898/1000, Train Loss: 0.3457, Validation Loss: 1.0672
Epoch 899/1000, Train Loss: 0.3529, Validation Loss: 1.4776
Epoch 900/1000, Train Loss: 0.3526, Validation Loss: 1.2121
Epoch 901/1000, Train Loss: 0.3470, Validation Loss: 0.7609
Epoch 902/1000, Train Loss: 0.3435, Validation Loss: 1.7760
Epoch 903/1000, Train Loss: 0.3449, Validation Loss: 0.4752
Epoch 904/1000, Train Loss: 0.3466, Validation Loss: 0.3647
Epoch 905/1000, Train Loss: 0.3471, Validation Loss: 0.5528
Epoch 906/1000, Train Loss: 0.3432, Validation Loss: 0.9670
Epoch 907/1000, Train Loss: 0.3489, Validation Loss: 0.4884
Epoch 908/1000, Train Loss: 0.3508, Validation Loss: 0.5784
Epoch 909/1000, Train Loss: 0.3450, Validation Loss: 1.5620
Epoch 910/1000, Train Loss: 0.3505, Validation Loss: 0.5588
Epoch 911/1000, Train Loss: 0.3465, Validation Loss: 0.5737
Epoch 912/1000, Train Loss: 0.3462, Validation Loss: 0.9492
Epoch 913/1000, Train Loss: 0.3457, Validation Loss: 1.0401
Epoch 914/1000, Train Loss: 0.3496, Validation Loss: 0.8139
Epoch 915/1000, Train Loss: 0.3496, Validation Loss: 0.9595
Epoch 916/1000, Train Loss: 0.3519, Validation Loss: 0.6276
Epoch 917/1000, Train Loss: 0.3577, Validation Loss: 0.9245
Epoch 918/1000, Train Loss: 0.3523, Validation Loss: 0.6154
Epoch 919/1000, Train Loss: 0.3517, Validation Loss: 0.9256
Epoch 920/1000, Train Loss: 0.3487, Validation Loss: 1.3572
Epoch 921/1000, Train Loss: 0.3470, Validation Loss: 0.5231
Epoch 922/1000, Train Loss: 0.3490, Validation Loss: 0.3946
Epoch 923/1000, Train Loss: 0.3513, Validation Loss: 1.9494
Epoch 924/1000, Train Loss: 0.3473, Validation Loss: 0.6223
Epoch 925/1000, Train Loss: 0.3486, Validation Loss: 0.6200
Epoch 926/1000, Train Loss: 0.3434, Validation Loss: 0.7913
Epoch 927/1000, Train Loss: 0.3439, Validation Loss: 0.4261
Epoch 928/1000, Train Loss: 0.3471, Validation Loss: 0.8165
Epoch 929/1000, Train Loss: 0.3456, Validation Loss: 0.8174
Epoch 930/1000, Train Loss: 0.3497, Validation Loss: 0.6948
Epoch 931/1000, Train Loss: 0.3540, Validation Loss: 0.9277
Epoch 932/1000, Train Loss: 0.3452, Validation Loss: 0.6159
Epoch 933/1000, Train Loss: 0.3470, Validation Loss: 0.5505
Epoch 934/1000, Train Loss: 0.3475, Validation Loss: 2.0870
Epoch 935/1000, Train Loss: 0.3491, Validation Loss: 2.8622
Epoch 936/1000, Train Loss: 0.3460, Validation Loss: 0.4704
Epoch 937/1000, Train Loss: 0.3494, Validation Loss: 0.7448
Epoch 938/1000, Train Loss: 0.3477, Validation Loss: 0.6639
Epoch 939/1000, Train Loss: 0.3478, Validation Loss: 1.0629
Epoch 940/1000, Train Loss: 0.3477, Validation Loss: 0.7058
Epoch 941/1000, Train Loss: 0.3487, Validation Loss: 0.3955
Epoch 942/1000, Train Loss: 0.3495, Validation Loss: 0.5582
Epoch 943/1000, Train Loss: 0.3467, Validation Loss: 0.5538
Epoch 944/1000, Train Loss: 0.3444, Validation Loss: 2.2743
Epoch 945/1000, Train Loss: 0.3472, Validation Loss: 0.5282
Epoch 946/1000, Train Loss: 0.3475, Validation Loss: 0.3739
Epoch 947/1000, Train Loss: 0.3471, Validation Loss: 1.0870
Epoch 948/1000, Train Loss: 0.3475, Validation Loss: 1.1263
Epoch 949/1000, Train Loss: 0.3500, Validation Loss: 0.3368
Epoch 950/1000, Train Loss: 0.3456, Validation Loss: 0.4994
Epoch 951/1000, Train Loss: 0.3474, Validation Loss: 0.6944
Epoch 952/1000, Train Loss: 0.3485, Validation Loss: 1.3783
Epoch 953/1000, Train Loss: 0.3449, Validation Loss: 1.2656
Epoch 954/1000, Train Loss: 0.3414, Validation Loss: 0.4374
Epoch 955/1000, Train Loss: 0.3417, Validation Loss: 2.7074
Epoch 956/1000, Train Loss: 0.3483, Validation Loss: 0.6296
Epoch 957/1000, Train Loss: 0.3440, Validation Loss: 0.7920
Epoch 958/1000, Train Loss: 0.3499, Validation Loss: 0.6310
Epoch 959/1000, Train Loss: 0.3489, Validation Loss: 0.6080
Epoch 960/1000, Train Loss: 0.3471, Validation Loss: 0.7013
Epoch 961/1000, Train Loss: 0.3455, Validation Loss: 0.7052
Epoch 962/1000, Train Loss: 0.3411, Validation Loss: 1.4695
Epoch 963/1000, Train Loss: 0.3452, Validation Loss: 0.4248
Epoch 964/1000, Train Loss: 0.3458, Validation Loss: 0.5951
Epoch 965/1000, Train Loss: 0.3467, Validation Loss: 0.4598
Epoch 966/1000, Train Loss: 0.3441, Validation Loss: 2.4763
Epoch 967/1000, Train Loss: 0.3480, Validation Loss: 0.6440
Epoch 968/1000, Train Loss: 0.3475, Validation Loss: 0.6975
Epoch 969/1000, Train Loss: 0.3456, Validation Loss: 0.6271
Epoch 970/1000, Train Loss: 0.3460, Validation Loss: 0.9097
Epoch 971/1000, Train Loss: 0.3484, Validation Loss: 0.4923
Epoch 972/1000, Train Loss: 0.3465, Validation Loss: 1.5143
Epoch 973/1000, Train Loss: 0.3434, Validation Loss: 1.0362
Epoch 974/1000, Train Loss: 0.3414, Validation Loss: 0.3920
Epoch 975/1000, Train Loss: 0.3439, Validation Loss: 0.7321
Epoch 976/1000, Train Loss: 0.3469, Validation Loss: 0.5744
Epoch 977/1000, Train Loss: 0.3428, Validation Loss: 0.5306
Epoch 978/1000, Train Loss: 0.3476, Validation Loss: 0.5144
Epoch 979/1000, Train Loss: 0.3478, Validation Loss: 0.5063
Epoch 980/1000, Train Loss: 0.3424, Validation Loss: 0.5837
Epoch 981/1000, Train Loss: 0.3473, Validation Loss: 0.5538
Epoch 982/1000, Train Loss: 0.3479, Validation Loss: 0.6441
Epoch 983/1000, Train Loss: 0.3440, Validation Loss: 0.4298
Epoch 984/1000, Train Loss: 0.3463, Validation Loss: 0.7024
Epoch 985/1000, Train Loss: 0.3450, Validation Loss: 1.4406
Epoch 986/1000, Train Loss: 0.3456, Validation Loss: 0.4947
Epoch 987/1000, Train Loss: 0.3447, Validation Loss: 0.6522
Epoch 988/1000, Train Loss: 0.3422, Validation Loss: 0.4816
Epoch 989/1000, Train Loss: 0.3397, Validation Loss: 0.5776
Epoch 990/1000, Train Loss: 0.3452, Validation Loss: 0.8904
Epoch 991/1000, Train Loss: 0.3433, Validation Loss: 0.8039
Epoch 992/1000, Train Loss: 0.3430, Validation Loss: 0.4461
Epoch 993/1000, Train Loss: 0.3432, Validation Loss: 0.3915
Epoch 994/1000, Train Loss: 0.3410, Validation Loss: 0.8066
Epoch 995/1000, Train Loss: 0.3438, Validation Loss: 0.5133
Epoch 996/1000, Train Loss: 0.3398, Validation Loss: 0.4126
Epoch 997/1000, Train Loss: 0.3446, Validation Loss: 0.4362
Epoch 998/1000, Train Loss: 0.3393, Validation Loss: 0.4473
Epoch 999/1000, Train Loss: 0.3449, Validation Loss: 1.1419
Epoch 1000/1000, Train Loss: 0.3370, Validation Loss: 0.6179
Best Training Loss: 0.3370
Best Training Loss Epoch: 1000
Best Validation Loss: 0.3368
Best Validation Loss Epoch: 949
Time taken for training: 0-20:37:14
Test Loss: 0.3540
Test MAPE: 25744.8340%
Error Statistics:
count     41272.000000
mean        326.388336
std        6814.919434
min           0.000010
25%           0.116834
50%           1.270978
75%          17.707094
max      902677.750000
Name: Absolute Error, dtype: float64
Training complete. Final model saved.
Saving model as a wandb Artifact...
Model artifact logged successfully.
[1;34mwandb[0m: 
[1;34mwandb[0m: 🚀 View run [33melectric-sweep-161[0m at: [34mhttps://wandb.ai/mk8737-new-york-university/rl_pretrain_hp_sweeps/runs/gm0x6xsu[0m
[1;34mwandb[0m: Find logs at: [1;35mwandb/run-20251006_144149-gm0x6xsu/logs[0m
Agent finished.
