Waiting for sweep ID...
Found Sweep ID: be12np04
Starting wandb agent for sweep be12np04...
TRAINING DEVICE: cpu
Run Name: GCN_global_hp_sweep_be12np04-obh1x0ir
finidhed preparing data
Loading dataset from pretrain_dataset_12.5k_fixed_duplicates.pkl
Loaded 412712 data objects.
finished preparing data
Epoch 1/1000, Train Loss: 35.8455, Validation Loss: 4.8185
Epoch 2/1000, Train Loss: 2.7062, Validation Loss: 4.4489
Epoch 3/1000, Train Loss: 1.9676, Validation Loss: 2.5377
Epoch 4/1000, Train Loss: 1.7205, Validation Loss: 3.6415
Epoch 5/1000, Train Loss: 1.6126, Validation Loss: 4.0337
Epoch 6/1000, Train Loss: 1.5494, Validation Loss: 2.7425
Epoch 7/1000, Train Loss: 1.4734, Validation Loss: 2.6905
Epoch 8/1000, Train Loss: 7.7986, Validation Loss: 1.6289
Epoch 9/1000, Train Loss: 1.4831, Validation Loss: 2.1505
Epoch 10/1000, Train Loss: 2.3757, Validation Loss: 2.5334
Epoch 11/1000, Train Loss: 1.3276, Validation Loss: 1.6596
Epoch 12/1000, Train Loss: 471.9993, Validation Loss: 6.1919
Epoch 13/1000, Train Loss: 63.2378, Validation Loss: 6.0591
Epoch 14/1000, Train Loss: 11.1983, Validation Loss: 6.0833
Epoch 15/1000, Train Loss: 10.2387, Validation Loss: 6.7776
Epoch 16/1000, Train Loss: 6.2287, Validation Loss: 6.0566
Epoch 17/1000, Train Loss: 4112.2837, Validation Loss: 6.2671
Epoch 18/1000, Train Loss: 6.2491, Validation Loss: 6.2410
Epoch 19/1000, Train Loss: 13.7952, Validation Loss: 6.1535
Epoch 20/1000, Train Loss: 8.7943, Validation Loss: 6.4403
Epoch 21/1000, Train Loss: 6.2669, Validation Loss: 6.0773
Epoch 22/1000, Train Loss: 7210.6672, Validation Loss: 6.0571
Epoch 23/1000, Train Loss: 6.6254, Validation Loss: 6.0698
Epoch 24/1000, Train Loss: 6.4696, Validation Loss: 6.0634
Epoch 25/1000, Train Loss: 32.7471, Validation Loss: 6.0564
Epoch 26/1000, Train Loss: 56.8355, Validation Loss: 6.1249
Epoch 27/1000, Train Loss: 3007.7991, Validation Loss: 6.0565
Epoch 28/1000, Train Loss: 6.2632, Validation Loss: 6.0607
Epoch 29/1000, Train Loss: 6.3392, Validation Loss: 6.3251
Epoch 30/1000, Train Loss: 6.3000, Validation Loss: 6.3341
Epoch 31/1000, Train Loss: 6.2424, Validation Loss: 6.0588
Epoch 32/1000, Train Loss: 28.7076, Validation Loss: 6.0938
Epoch 33/1000, Train Loss: 6.7672, Validation Loss: 66.5368
Epoch 34/1000, Train Loss: 26.4231, Validation Loss: 6.0645
Epoch 35/1000, Train Loss: 6.8775, Validation Loss: 6.1299
Epoch 36/1000, Train Loss: 16.8234, Validation Loss: 6.0564
Epoch 37/1000, Train Loss: 946.4667, Validation Loss: 6.0572
Epoch 38/1000, Train Loss: 8.9774, Validation Loss: 6.0951
Epoch 39/1000, Train Loss: 13.8689, Validation Loss: 6.2413
Epoch 40/1000, Train Loss: 11924.6327, Validation Loss: 7.7042
Epoch 41/1000, Train Loss: 6.7251, Validation Loss: 6.2444
Epoch 42/1000, Train Loss: 6.2565, Validation Loss: 6.1794
Epoch 43/1000, Train Loss: 8.8204, Validation Loss: 6.1463
Epoch 44/1000, Train Loss: 14.4751, Validation Loss: 6.1143
Epoch 45/1000, Train Loss: 6.2976, Validation Loss: 6.0563
Epoch 46/1000, Train Loss: 6.2524, Validation Loss: 6.0976
Epoch 47/1000, Train Loss: 1115.2801, Validation Loss: 6.1988
Epoch 48/1000, Train Loss: 5121.8210, Validation Loss: 6.1672
Epoch 49/1000, Train Loss: 6.2657, Validation Loss: 6.6222
Epoch 50/1000, Train Loss: 6.6546, Validation Loss: 6.0566
Epoch 51/1000, Train Loss: 164.9812, Validation Loss: 6.1978
Epoch 52/1000, Train Loss: 6.2558, Validation Loss: 6.1508
Epoch 53/1000, Train Loss: 750937.6755, Validation Loss: 6.1177
Epoch 54/1000, Train Loss: 6.2475, Validation Loss: 6.1198
Epoch 55/1000, Train Loss: 19801.9407, Validation Loss: 6.0810
Epoch 56/1000, Train Loss: 6.2078, Validation Loss: 6.2762
Epoch 57/1000, Train Loss: 6.2741, Validation Loss: 6.4652
Epoch 58/1000, Train Loss: 52.0475, Validation Loss: 6.1838
Epoch 59/1000, Train Loss: 6.2754, Validation Loss: 6.0677
Epoch 60/1000, Train Loss: 6.2414, Validation Loss: 6.2944
Epoch 61/1000, Train Loss: 6.3790, Validation Loss: 6.0765
Epoch 62/1000, Train Loss: 7.8442, Validation Loss: 6.0565
Epoch 63/1000, Train Loss: 6.2294, Validation Loss: 6.2600
Epoch 64/1000, Train Loss: 98.4938, Validation Loss: 6.1249
Epoch 65/1000, Train Loss: 6.2178, Validation Loss: 6.0565
Epoch 66/1000, Train Loss: 910.1474, Validation Loss: 6.1170
Epoch 67/1000, Train Loss: 6.2375, Validation Loss: 6.1037
Epoch 68/1000, Train Loss: 6.2867, Validation Loss: 39.0616
Epoch 69/1000, Train Loss: 12.7527, Validation Loss: 6.0735
Epoch 70/1000, Train Loss: 7.0429, Validation Loss: 6.4514
Epoch 71/1000, Train Loss: 6.2542, Validation Loss: 6.1140
Epoch 72/1000, Train Loss: 75.2971, Validation Loss: 6.6801
Epoch 73/1000, Train Loss: 6.2611, Validation Loss: 6.3959
Epoch 74/1000, Train Loss: 8.1226, Validation Loss: 6.3072
Epoch 75/1000, Train Loss: 6.2649, Validation Loss: 6.0654
Epoch 76/1000, Train Loss: 29.1194, Validation Loss: 6.0571
Epoch 77/1000, Train Loss: 2893.7352, Validation Loss: 6.1340
Epoch 78/1000, Train Loss: 6.2529, Validation Loss: 6.0693
Epoch 79/1000, Train Loss: 6.2948, Validation Loss: 6.0926
Epoch 80/1000, Train Loss: 6.2543, Validation Loss: 6.0636
Epoch 81/1000, Train Loss: 27.7610, Validation Loss: 6.0977
Epoch 82/1000, Train Loss: 49.8072, Validation Loss: 6.2439
Epoch 83/1000, Train Loss: 19.4514, Validation Loss: 6.0594
Epoch 84/1000, Train Loss: 6.2559, Validation Loss: 6.1487
Epoch 85/1000, Train Loss: 6.5524, Validation Loss: 6.0845
Epoch 86/1000, Train Loss: 4708.1471, Validation Loss: 6.0645
Epoch 87/1000, Train Loss: 6.2901, Validation Loss: 6.0686
Epoch 88/1000, Train Loss: 6.3076, Validation Loss: 6.0938
Epoch 89/1000, Train Loss: 14.6692, Validation Loss: 6.5784
Epoch 90/1000, Train Loss: 7.6522, Validation Loss: 6.1244
Epoch 91/1000, Train Loss: 6.2184, Validation Loss: 6.0663
Epoch 92/1000, Train Loss: 6.2785, Validation Loss: 6.0628
Epoch 93/1000, Train Loss: 148.1938, Validation Loss: 6.0713
Epoch 94/1000, Train Loss: 6.2367, Validation Loss: 6.0974
Epoch 95/1000, Train Loss: 6.2163, Validation Loss: 6.2416
Epoch 96/1000, Train Loss: 10.1659, Validation Loss: 6.0620
Epoch 97/1000, Train Loss: 6.2317, Validation Loss: 6.1750
Epoch 98/1000, Train Loss: 35.5693, Validation Loss: 6.1132
Epoch 99/1000, Train Loss: 6.2649, Validation Loss: 6.4349
Epoch 100/1000, Train Loss: 6.2869, Validation Loss: 6.0773
Epoch 101/1000, Train Loss: 7.7576, Validation Loss: 6.0916
Epoch 102/1000, Train Loss: 14.2446, Validation Loss: 6.0595
Epoch 103/1000, Train Loss: 6.3264, Validation Loss: 6.2985
Epoch 104/1000, Train Loss: 6.6301, Validation Loss: 6.1282
Epoch 105/1000, Train Loss: 59.2716, Validation Loss: 6.0983
Epoch 106/1000, Train Loss: 202.9392, Validation Loss: 6.2184
Epoch 107/1000, Train Loss: 6.2915, Validation Loss: 6.2712
Epoch 108/1000, Train Loss: 6.2153, Validation Loss: 6.0669
Epoch 109/1000, Train Loss: 6.2580, Validation Loss: 6.7150
Epoch 110/1000, Train Loss: 13.3807, Validation Loss: 6.0589
Epoch 111/1000, Train Loss: 5659.2752, Validation Loss: 6.0722
Epoch 112/1000, Train Loss: 6.2882, Validation Loss: 6.1994
Epoch 113/1000, Train Loss: 6.8743, Validation Loss: 6.0655
Epoch 114/1000, Train Loss: 6.7280, Validation Loss: 6.0592
Epoch 115/1000, Train Loss: 6.2462, Validation Loss: 6.1879
Epoch 116/1000, Train Loss: 747.9341, Validation Loss: 6.4325
Epoch 117/1000, Train Loss: 25.1082, Validation Loss: 6.0573
Epoch 118/1000, Train Loss: 6.4982, Validation Loss: 6.3113
Epoch 119/1000, Train Loss: 6.2416, Validation Loss: 6.1701
Epoch 120/1000, Train Loss: 6.3720, Validation Loss: 6.0957
Epoch 121/1000, Train Loss: 6.2886, Validation Loss: 6.0564
Epoch 122/1000, Train Loss: 21.5074, Validation Loss: 6.0665
Epoch 123/1000, Train Loss: 6.2570, Validation Loss: 6.0986
Epoch 124/1000, Train Loss: 23.3850, Validation Loss: 6.5482
Epoch 125/1000, Train Loss: 6.2436, Validation Loss: 6.2983
Epoch 126/1000, Train Loss: 6.5597, Validation Loss: 6.0615
Epoch 127/1000, Train Loss: 641.9192, Validation Loss: 6.2042
Epoch 128/1000, Train Loss: 6.2598, Validation Loss: 6.0708
Epoch 129/1000, Train Loss: 15.1705, Validation Loss: 6.2518
Epoch 130/1000, Train Loss: 7.9442, Validation Loss: 6.3231
Epoch 131/1000, Train Loss: 6.2337, Validation Loss: 6.0735
Epoch 132/1000, Train Loss: 39.6260, Validation Loss: 6.2608
Epoch 133/1000, Train Loss: 94.6138, Validation Loss: 7.8777
Epoch 134/1000, Train Loss: 13.6036, Validation Loss: 6.2729
Epoch 135/1000, Train Loss: 7.5110, Validation Loss: 6.0959
Epoch 136/1000, Train Loss: 7.3420, Validation Loss: 6.3164
Epoch 137/1000, Train Loss: 7855.2889, Validation Loss: 6.8127
Epoch 138/1000, Train Loss: 6.2393, Validation Loss: 6.0656
Epoch 139/1000, Train Loss: 14.5572, Validation Loss: 6.2276
Epoch 140/1000, Train Loss: 9.2598, Validation Loss: 6.1699
Epoch 141/1000, Train Loss: 17.1312, Validation Loss: 6.1566
Epoch 142/1000, Train Loss: 6.8687, Validation Loss: 6.6261
Epoch 143/1000, Train Loss: 18.9604, Validation Loss: 6.1645
Epoch 144/1000, Train Loss: 6.2169, Validation Loss: 6.1004
Epoch 145/1000, Train Loss: 255.2086, Validation Loss: 6.0827
Epoch 146/1000, Train Loss: 6.2591, Validation Loss: 6.6610
Epoch 147/1000, Train Loss: 6.6162, Validation Loss: 6.0908
Epoch 148/1000, Train Loss: 6.2048, Validation Loss: 6.3752
Epoch 149/1000, Train Loss: 13.7657, Validation Loss: 6.0873
Epoch 150/1000, Train Loss: 15.1578, Validation Loss: 6.2098
Epoch 151/1000, Train Loss: 6.3580, Validation Loss: 6.1197
Epoch 152/1000, Train Loss: 17.2710, Validation Loss: 6.0669
Epoch 153/1000, Train Loss: 6.7065, Validation Loss: 6.2648
Epoch 154/1000, Train Loss: 6.4277, Validation Loss: 6.1234
Epoch 155/1000, Train Loss: 10.1766, Validation Loss: 39.3843
Epoch 156/1000, Train Loss: 8.4166, Validation Loss: 6.3609
Epoch 157/1000, Train Loss: 25835.8727, Validation Loss: 6.1702
Epoch 158/1000, Train Loss: 3357.8362, Validation Loss: 6.5200
Epoch 159/1000, Train Loss: 6.2817, Validation Loss: 6.0594
Epoch 160/1000, Train Loss: 21.6106, Validation Loss: 6.0656
Epoch 161/1000, Train Loss: 112.8866, Validation Loss: 6.1804
Epoch 162/1000, Train Loss: 6.2582, Validation Loss: 6.4088
Epoch 163/1000, Train Loss: 542.7339, Validation Loss: 6.0803
Epoch 164/1000, Train Loss: 6.3472, Validation Loss: 6.0603
Epoch 165/1000, Train Loss: 10.2680, Validation Loss: 6.0586
Epoch 166/1000, Train Loss: 7.9194, Validation Loss: 6.1191
Epoch 167/1000, Train Loss: 6.2866, Validation Loss: 6.2297
Epoch 168/1000, Train Loss: 19.8509, Validation Loss: 7.2934
Epoch 169/1000, Train Loss: 6.2573, Validation Loss: 6.1045
Epoch 170/1000, Train Loss: 8.3712, Validation Loss: 6.2427
Epoch 171/1000, Train Loss: 48.3260, Validation Loss: 6.7699
Epoch 172/1000, Train Loss: 6.2655, Validation Loss: 6.2110
Epoch 173/1000, Train Loss: 13405.0183, Validation Loss: 6.2047
Epoch 174/1000, Train Loss: 6.2779, Validation Loss: 6.0574
Epoch 175/1000, Train Loss: 22.7295, Validation Loss: 6.2127
Epoch 176/1000, Train Loss: 215.0191, Validation Loss: 6.1065
Epoch 177/1000, Train Loss: 6.2209, Validation Loss: 6.0602
Epoch 178/1000, Train Loss: 7.4345, Validation Loss: 6.1526
Epoch 179/1000, Train Loss: 16887.9035, Validation Loss: 6.0729
Epoch 180/1000, Train Loss: 6.6350, Validation Loss: 6.1146
Epoch 181/1000, Train Loss: 6.3527, Validation Loss: 6.3618
Epoch 182/1000, Train Loss: 6.2948, Validation Loss: 6.1873
Epoch 183/1000, Train Loss: 6644.7012, Validation Loss: 6.0564
Epoch 184/1000, Train Loss: 6.3593, Validation Loss: 6.1683
Epoch 185/1000, Train Loss: 10.6165, Validation Loss: 6.0870
Epoch 186/1000, Train Loss: 29.2536, Validation Loss: 6.0644
Epoch 187/1000, Train Loss: 8.0274, Validation Loss: 6.0907
Epoch 188/1000, Train Loss: 9.8420, Validation Loss: 6.2288
Epoch 189/1000, Train Loss: 6.4212, Validation Loss: 6.1589
Epoch 190/1000, Train Loss: 504.9843, Validation Loss: 6.0584
Epoch 191/1000, Train Loss: 8.0609, Validation Loss: 6.3411
Epoch 192/1000, Train Loss: 6.4483, Validation Loss: 6.3695
Epoch 193/1000, Train Loss: 1325.4383, Validation Loss: 6.3400
Epoch 194/1000, Train Loss: 6.5636, Validation Loss: 6.5910
Epoch 195/1000, Train Loss: 6.2453, Validation Loss: 6.2937
Epoch 196/1000, Train Loss: 981.2335, Validation Loss: 6.1227
Epoch 197/1000, Train Loss: 425.7565, Validation Loss: 6.0799
Epoch 198/1000, Train Loss: 6.2547, Validation Loss: 6.3635
Epoch 199/1000, Train Loss: 6.2835, Validation Loss: 6.0762
Epoch 200/1000, Train Loss: 9.1709, Validation Loss: 6.3504
Epoch 201/1000, Train Loss: 1109.1270, Validation Loss: 6.2409
Epoch 202/1000, Train Loss: 7.0797, Validation Loss: 6.0584
Epoch 203/1000, Train Loss: 8.8251, Validation Loss: 6.0565
Epoch 204/1000, Train Loss: 6.2489, Validation Loss: 6.1032
Epoch 205/1000, Train Loss: 141.3271, Validation Loss: 6.3223
Epoch 206/1000, Train Loss: 6.2756, Validation Loss: 6.0573
Epoch 207/1000, Train Loss: 6.2472, Validation Loss: 7.1380
Epoch 208/1000, Train Loss: 51.3859, Validation Loss: 6.1391
Epoch 209/1000, Train Loss: 6.3032, Validation Loss: 6.7682
Epoch 210/1000, Train Loss: 4873.4659, Validation Loss: 6.2166
Epoch 211/1000, Train Loss: 7755.1129, Validation Loss: 6.0944
Epoch 212/1000, Train Loss: 6.2615, Validation Loss: 6.1517
Epoch 213/1000, Train Loss: 6.2513, Validation Loss: 6.1346
Epoch 214/1000, Train Loss: 7.5169, Validation Loss: 6.0664
Epoch 215/1000, Train Loss: 6.2687, Validation Loss: 6.1062
Epoch 216/1000, Train Loss: 6.3285, Validation Loss: 6.0671
Epoch 217/1000, Train Loss: 109.9330, Validation Loss: 6.4555
Epoch 218/1000, Train Loss: 8.5949, Validation Loss: 6.1228
Epoch 219/1000, Train Loss: 6.3067, Validation Loss: 6.0563
Epoch 220/1000, Train Loss: 24.7913, Validation Loss: 6.1468
Epoch 221/1000, Train Loss: 23.2253, Validation Loss: 6.1160
Epoch 222/1000, Train Loss: 7.8471, Validation Loss: 6.4907
Epoch 223/1000, Train Loss: 352.0429, Validation Loss: 6.1627
Epoch 224/1000, Train Loss: 40.4266, Validation Loss: 6.1267
Epoch 225/1000, Train Loss: 64.7461, Validation Loss: 6.9899
Epoch 226/1000, Train Loss: 6.2471, Validation Loss: 6.1654
Epoch 227/1000, Train Loss: 6.2372, Validation Loss: 6.4042
Epoch 228/1000, Train Loss: 6.2734, Validation Loss: 6.6192
Epoch 229/1000, Train Loss: 1216.9390, Validation Loss: 6.0566
Epoch 230/1000, Train Loss: 6.3998, Validation Loss: 6.0921
Epoch 231/1000, Train Loss: 6.3617, Validation Loss: 6.0608
Epoch 232/1000, Train Loss: 6.4291, Validation Loss: 6.0582
Epoch 233/1000, Train Loss: 6.2590, Validation Loss: 6.0832
Epoch 234/1000, Train Loss: 345.0397, Validation Loss: 6.2883
Epoch 235/1000, Train Loss: 6.2207, Validation Loss: 6.0647
Epoch 236/1000, Train Loss: 6.2756, Validation Loss: 6.0791
Epoch 237/1000, Train Loss: 6.4272, Validation Loss: 6.1464
Epoch 238/1000, Train Loss: 93.7726, Validation Loss: 6.0574
Epoch 239/1000, Train Loss: 6.2766, Validation Loss: 6.0663
Epoch 240/1000, Train Loss: 42.0592, Validation Loss: 6.0612
Epoch 241/1000, Train Loss: 6.5105, Validation Loss: 6.3408
Epoch 242/1000, Train Loss: 19.6599, Validation Loss: 6.2118
Epoch 243/1000, Train Loss: 10.1826, Validation Loss: 6.1259
Epoch 244/1000, Train Loss: 6.2908, Validation Loss: 6.0861
Epoch 245/1000, Train Loss: 17.5620, Validation Loss: 6.1503
Epoch 246/1000, Train Loss: 7.3721, Validation Loss: 6.1014
Epoch 247/1000, Train Loss: 6.2183, Validation Loss: 6.0613
Epoch 248/1000, Train Loss: 6.8557, Validation Loss: 6.0918
Epoch 249/1000, Train Loss: 6.3230, Validation Loss: 6.4144
Epoch 250/1000, Train Loss: 4933.8427, Validation Loss: 6.4831
Epoch 251/1000, Train Loss: 6.2417, Validation Loss: 6.0564
Epoch 252/1000, Train Loss: 320.1673, Validation Loss: 6.3226
Epoch 253/1000, Train Loss: 6.2444, Validation Loss: 6.3688
Epoch 254/1000, Train Loss: 39.4211, Validation Loss: 6.1000
Epoch 255/1000, Train Loss: 497.4440, Validation Loss: 6.1290
Epoch 256/1000, Train Loss: 43.3765, Validation Loss: 6.0817
Epoch 257/1000, Train Loss: 6.4471, Validation Loss: 6.1744
Epoch 258/1000, Train Loss: 6.2531, Validation Loss: 6.0582
Epoch 259/1000, Train Loss: 168.8327, Validation Loss: 6.3230
Epoch 260/1000, Train Loss: 6.2970, Validation Loss: 6.3417
Epoch 261/1000, Train Loss: 1386.4892, Validation Loss: 6.1943
Epoch 262/1000, Train Loss: 6.2179, Validation Loss: 6.2721
Epoch 263/1000, Train Loss: 17.3673, Validation Loss: 6.2129
Epoch 264/1000, Train Loss: 6.2789, Validation Loss: 6.2591
Epoch 265/1000, Train Loss: 6.8588, Validation Loss: 6.0710
Epoch 266/1000, Train Loss: 8.1733, Validation Loss: 6.0600
Epoch 267/1000, Train Loss: 6.2664, Validation Loss: 6.0605
Epoch 268/1000, Train Loss: 31.6424, Validation Loss: 6.1204
Epoch 269/1000, Train Loss: 8.5403, Validation Loss: 6.0587
Epoch 270/1000, Train Loss: 6.3002, Validation Loss: 6.0591
Epoch 271/1000, Train Loss: 8.4743, Validation Loss: 6.2478
Epoch 272/1000, Train Loss: 7.2229, Validation Loss: 6.0579
Epoch 273/1000, Train Loss: 88.1413, Validation Loss: 6.4201
Epoch 274/1000, Train Loss: 13.3186, Validation Loss: 6.0565
Epoch 275/1000, Train Loss: 140.1285, Validation Loss: 6.0563
Epoch 276/1000, Train Loss: 6.2303, Validation Loss: 6.1514
Epoch 277/1000, Train Loss: 9.9940, Validation Loss: 6.3775
Epoch 278/1000, Train Loss: 6.2956, Validation Loss: 6.3977
Epoch 279/1000, Train Loss: 6.8832, Validation Loss: 6.1378
Epoch 280/1000, Train Loss: 17.4083, Validation Loss: 6.2501
Epoch 281/1000, Train Loss: 6.2602, Validation Loss: 6.1222
Epoch 282/1000, Train Loss: 13.9931, Validation Loss: 6.2416
Epoch 283/1000, Train Loss: 6.2699, Validation Loss: 6.5064
Epoch 284/1000, Train Loss: 6.2532, Validation Loss: 6.1542
Epoch 285/1000, Train Loss: 55.8161, Validation Loss: 6.1116
Epoch 286/1000, Train Loss: 26.7614, Validation Loss: 6.0630
Epoch 287/1000, Train Loss: 6.6683, Validation Loss: 6.0703
Epoch 288/1000, Train Loss: 7.5183, Validation Loss: 6.1810
Epoch 289/1000, Train Loss: 6.3084, Validation Loss: 6.2852
Epoch 290/1000, Train Loss: 6.3255, Validation Loss: 6.8671
Epoch 291/1000, Train Loss: 8.7779, Validation Loss: 6.9480
Epoch 292/1000, Train Loss: 89.0641, Validation Loss: 6.1402
Epoch 293/1000, Train Loss: 2529.1402, Validation Loss: 6.0756
Epoch 294/1000, Train Loss: 6.2754, Validation Loss: 6.0868
Epoch 295/1000, Train Loss: 20.7496, Validation Loss: 6.0690
Epoch 296/1000, Train Loss: 6.3557, Validation Loss: 6.2620
Epoch 297/1000, Train Loss: 6.2716, Validation Loss: 6.2261
Epoch 298/1000, Train Loss: 30.3564, Validation Loss: 6.1730
Epoch 299/1000, Train Loss: 6.2386, Validation Loss: 6.1740
Epoch 300/1000, Train Loss: 71060.2566, Validation Loss: 6.0636
Epoch 301/1000, Train Loss: 6.3108, Validation Loss: 6.0972
Epoch 302/1000, Train Loss: 77.7118, Validation Loss: 6.1307
Epoch 303/1000, Train Loss: 6.2745, Validation Loss: 6.2161
Epoch 304/1000, Train Loss: 6.2721, Validation Loss: 6.1075
Epoch 305/1000, Train Loss: 7811.6814, Validation Loss: 6.0813
Epoch 306/1000, Train Loss: 6.2321, Validation Loss: 6.0802
Epoch 307/1000, Train Loss: 41.0112, Validation Loss: 6.1687
Epoch 308/1000, Train Loss: 6.2913, Validation Loss: 6.0769
Epoch 309/1000, Train Loss: 19.8615, Validation Loss: 6.0841
Epoch 310/1000, Train Loss: 12.8998, Validation Loss: 6.0899
Epoch 311/1000, Train Loss: 6.6243, Validation Loss: 6.4501
Epoch 312/1000, Train Loss: 9.8993, Validation Loss: 6.0639
Epoch 313/1000, Train Loss: 872.2358, Validation Loss: 6.3346
Epoch 314/1000, Train Loss: 6.2889, Validation Loss: 6.0977
Epoch 315/1000, Train Loss: 6.3759, Validation Loss: 6.0998
Epoch 316/1000, Train Loss: 6.5547, Validation Loss: 6.1229
Epoch 317/1000, Train Loss: 6.2394, Validation Loss: 6.0563
Epoch 318/1000, Train Loss: 494.9422, Validation Loss: 6.0609
Epoch 319/1000, Train Loss: 9.8150, Validation Loss: 6.1743
Epoch 320/1000, Train Loss: 6.3287, Validation Loss: 6.1632
Epoch 321/1000, Train Loss: 158709.2014, Validation Loss: 6.4078
Epoch 322/1000, Train Loss: 6.2901, Validation Loss: 6.3289
Epoch 323/1000, Train Loss: 6.3512, Validation Loss: 6.3589
Epoch 324/1000, Train Loss: 70.5315, Validation Loss: 6.1391
Epoch 325/1000, Train Loss: 6.2458, Validation Loss: 6.1670
Epoch 326/1000, Train Loss: 27.2757, Validation Loss: 6.4904
Epoch 327/1000, Train Loss: 6.2384, Validation Loss: 6.2306
Epoch 328/1000, Train Loss: 34.7308, Validation Loss: 6.0577
Epoch 329/1000, Train Loss: 6.1944, Validation Loss: 6.0615
Epoch 330/1000, Train Loss: 16.3278, Validation Loss: 6.2220
Epoch 331/1000, Train Loss: 6.2427, Validation Loss: 6.1618
Epoch 332/1000, Train Loss: 6.2558, Validation Loss: 6.4102
Epoch 333/1000, Train Loss: 49.6855, Validation Loss: 6.5431
Epoch 334/1000, Train Loss: 6.2625, Validation Loss: 6.2622
Epoch 335/1000, Train Loss: 137.7165, Validation Loss: 6.1484
Epoch 336/1000, Train Loss: 100.9219, Validation Loss: 6.1486
Epoch 337/1000, Train Loss: 6.2701, Validation Loss: 6.2056
Epoch 338/1000, Train Loss: 6.2684, Validation Loss: 6.0669
Epoch 339/1000, Train Loss: 7.1776, Validation Loss: 6.2468
Epoch 340/1000, Train Loss: 281.9757, Validation Loss: 6.0578
Epoch 341/1000, Train Loss: 6.3176, Validation Loss: 6.0690
Epoch 342/1000, Train Loss: 124.6065, Validation Loss: 6.0782
Epoch 343/1000, Train Loss: 6.2526, Validation Loss: 6.0616
Epoch 344/1000, Train Loss: 12.4353, Validation Loss: 6.0602
Epoch 345/1000, Train Loss: 7.4293, Validation Loss: 6.6944
Epoch 346/1000, Train Loss: 169.2186, Validation Loss: 6.1323
Epoch 347/1000, Train Loss: 10.7267, Validation Loss: 6.0687
Epoch 348/1000, Train Loss: 163.0400, Validation Loss: 6.1973
Epoch 349/1000, Train Loss: 10.6321, Validation Loss: 6.1612
Epoch 350/1000, Train Loss: 71.2138, Validation Loss: 6.1714
Epoch 351/1000, Train Loss: 6.2233, Validation Loss: 6.1123
Epoch 352/1000, Train Loss: 22.8946, Validation Loss: 6.1651
Epoch 353/1000, Train Loss: 6.2031, Validation Loss: 6.5003
Epoch 354/1000, Train Loss: 231.0908, Validation Loss: 6.1034
Epoch 355/1000, Train Loss: 7.5862, Validation Loss: 6.9302
Epoch 356/1000, Train Loss: 6.2914, Validation Loss: 6.0882
Epoch 357/1000, Train Loss: 26.8557, Validation Loss: 6.0989
Epoch 358/1000, Train Loss: 7.1801, Validation Loss: 6.2199
Epoch 359/1000, Train Loss: 6.2400, Validation Loss: 6.1230
Epoch 360/1000, Train Loss: 360.9839, Validation Loss: 6.1263
Epoch 361/1000, Train Loss: 6.2317, Validation Loss: 6.0572
Epoch 362/1000, Train Loss: 6.2296, Validation Loss: 6.0644
Epoch 363/1000, Train Loss: 72.3687, Validation Loss: 6.0646
Epoch 364/1000, Train Loss: 6.4782, Validation Loss: 6.4430
Epoch 365/1000, Train Loss: 6.2707, Validation Loss: 6.3021
Epoch 366/1000, Train Loss: 632.1165, Validation Loss: 6.1236
Epoch 367/1000, Train Loss: 115.8247, Validation Loss: 6.5393
Epoch 368/1000, Train Loss: 6.2381, Validation Loss: 6.0763
Epoch 369/1000, Train Loss: 2396.4044, Validation Loss: 6.0633
Epoch 370/1000, Train Loss: 80.2719, Validation Loss: 6.0572
Epoch 371/1000, Train Loss: 106.1409, Validation Loss: 6.0564
Epoch 372/1000, Train Loss: 6.2762, Validation Loss: 6.0635
Epoch 373/1000, Train Loss: 6.3075, Validation Loss: 6.1428
Epoch 374/1000, Train Loss: 133.1248, Validation Loss: 6.1201
Epoch 375/1000, Train Loss: 6.2058, Validation Loss: 6.1754
Epoch 376/1000, Train Loss: 192.4089, Validation Loss: 6.5974
Epoch 377/1000, Train Loss: 52.4168, Validation Loss: 6.1299
Epoch 378/1000, Train Loss: 6.4791, Validation Loss: 6.0781
Epoch 379/1000, Train Loss: 6.4735, Validation Loss: 443.3341
Epoch 380/1000, Train Loss: 20.3362, Validation Loss: 6.2707
Epoch 381/1000, Train Loss: 6.3330, Validation Loss: 6.0566
Epoch 382/1000, Train Loss: 6.2933, Validation Loss: 6.0841
Epoch 383/1000, Train Loss: 6.4576, Validation Loss: 6.2272
Epoch 384/1000, Train Loss: 6.2703, Validation Loss: 6.0701
Epoch 385/1000, Train Loss: 6.2710, Validation Loss: 6.1681
Epoch 386/1000, Train Loss: 6.5061, Validation Loss: 6.1528
Epoch 387/1000, Train Loss: 6.2911, Validation Loss: 6.1374
Epoch 388/1000, Train Loss: 6.4909, Validation Loss: 6.0827
Epoch 389/1000, Train Loss: 37.3910, Validation Loss: 6.1119
Epoch 390/1000, Train Loss: 6.5694, Validation Loss: 6.0620
Epoch 391/1000, Train Loss: 6.5408, Validation Loss: 6.0876
Epoch 392/1000, Train Loss: 27.8071, Validation Loss: 6.1384
Epoch 393/1000, Train Loss: 6.8600, Validation Loss: 6.1417
Epoch 394/1000, Train Loss: 6.2795, Validation Loss: 6.0568
Epoch 395/1000, Train Loss: 7.1153, Validation Loss: 36.9225
Epoch 396/1000, Train Loss: 10.0979, Validation Loss: 6.0895
Epoch 397/1000, Train Loss: 6.4672, Validation Loss: 6.1095
Epoch 398/1000, Train Loss: 137.3667, Validation Loss: 6.0633
Epoch 399/1000, Train Loss: 6.3164, Validation Loss: 7.0858
Epoch 400/1000, Train Loss: 24.6343, Validation Loss: 6.6060
Epoch 401/1000, Train Loss: 6.5008, Validation Loss: 6.0564
Epoch 402/1000, Train Loss: 15.6423, Validation Loss: 6.2732
Epoch 403/1000, Train Loss: 6.2844, Validation Loss: 6.2672
Epoch 404/1000, Train Loss: 30.7773, Validation Loss: 6.7334
Epoch 405/1000, Train Loss: 9.0011, Validation Loss: 6.0623
Epoch 406/1000, Train Loss: 8.0720, Validation Loss: 6.0660
Epoch 407/1000, Train Loss: 13.5003, Validation Loss: 6.0745
Epoch 408/1000, Train Loss: 6.3534, Validation Loss: 6.1166
Epoch 409/1000, Train Loss: 9.3849, Validation Loss: 6.0699
Epoch 410/1000, Train Loss: 79.1319, Validation Loss: 6.0910
Epoch 411/1000, Train Loss: 6.6289, Validation Loss: 6.2080
Epoch 412/1000, Train Loss: 269.8397, Validation Loss: 6.0892
Epoch 413/1000, Train Loss: 6.2537, Validation Loss: 6.1648
Epoch 414/1000, Train Loss: 6.3074, Validation Loss: 6.0590
Epoch 415/1000, Train Loss: 6.4837, Validation Loss: 6.2971
Epoch 416/1000, Train Loss: 6.6692, Validation Loss: 6.4702
Epoch 417/1000, Train Loss: 6.2547, Validation Loss: 6.0620
Epoch 418/1000, Train Loss: 6.6599, Validation Loss: 6.0687
Epoch 419/1000, Train Loss: 6.4102, Validation Loss: 6.0568
Epoch 420/1000, Train Loss: 2059.9336, Validation Loss: 6.2186
Epoch 421/1000, Train Loss: 7.9822, Validation Loss: 6.3215
Epoch 422/1000, Train Loss: 6.4149, Validation Loss: 6.2168
Epoch 423/1000, Train Loss: 6.2530, Validation Loss: 6.5008
Epoch 424/1000, Train Loss: 1172.4543, Validation Loss: 6.3579
Epoch 425/1000, Train Loss: 6.2792, Validation Loss: 6.1343
Epoch 426/1000, Train Loss: 17.5590, Validation Loss: 6.0586
Epoch 427/1000, Train Loss: 6.2624, Validation Loss: 6.0564
Epoch 428/1000, Train Loss: 7.5069, Validation Loss: 6.3393
Epoch 429/1000, Train Loss: 6.2727, Validation Loss: 6.1098
Epoch 430/1000, Train Loss: 6.2313, Validation Loss: 6.1328
Epoch 431/1000, Train Loss: 2971.6932, Validation Loss: 6.0712
Epoch 432/1000, Train Loss: 6.5772, Validation Loss: 6.0710
Epoch 433/1000, Train Loss: 6.3962, Validation Loss: 6.2500
Epoch 434/1000, Train Loss: 6.2365, Validation Loss: 6.0809
Epoch 435/1000, Train Loss: 37.6538, Validation Loss: 15211.8308
Epoch 436/1000, Train Loss: 6.2900, Validation Loss: 6.0787
Epoch 437/1000, Train Loss: 61.7539, Validation Loss: 6.4055
Epoch 438/1000, Train Loss: 2437.8843, Validation Loss: 6.0731
Epoch 439/1000, Train Loss: 6.5948, Validation Loss: 6.1583
Epoch 440/1000, Train Loss: 8.5146, Validation Loss: 6.1442
Epoch 441/1000, Train Loss: 50.5473, Validation Loss: 6.0804
Epoch 442/1000, Train Loss: 7.4287, Validation Loss: 6.0651
Epoch 443/1000, Train Loss: 6.3088, Validation Loss: 6.1877
Epoch 444/1000, Train Loss: 82.2299, Validation Loss: 6.1162
Epoch 445/1000, Train Loss: 23.4197, Validation Loss: 6.1575
Epoch 446/1000, Train Loss: 6.5682, Validation Loss: 18.6151
Epoch 447/1000, Train Loss: 46392.5268, Validation Loss: 6.0977
Epoch 448/1000, Train Loss: 6.2721, Validation Loss: 48.0008
Epoch 449/1000, Train Loss: 6.4266, Validation Loss: 6.0602
Epoch 450/1000, Train Loss: 6.2678, Validation Loss: 6.0584
Epoch 451/1000, Train Loss: 7.8723, Validation Loss: 6.2124
Epoch 452/1000, Train Loss: 6.3801, Validation Loss: 6.2636
Epoch 453/1000, Train Loss: 6.6456, Validation Loss: 6.1971
Epoch 454/1000, Train Loss: 11.9154, Validation Loss: 6.0963
Epoch 455/1000, Train Loss: 6.2742, Validation Loss: 6.0735
Epoch 456/1000, Train Loss: 6.5053, Validation Loss: 6.1628
Epoch 457/1000, Train Loss: 9.1255, Validation Loss: 6.3177
Epoch 458/1000, Train Loss: 6.2756, Validation Loss: 6.3382
Epoch 459/1000, Train Loss: 6.2697, Validation Loss: 6.1450
Epoch 460/1000, Train Loss: 98.7228, Validation Loss: 6.0563
Epoch 461/1000, Train Loss: 6.2684, Validation Loss: 6.0585
Epoch 462/1000, Train Loss: 6.2548, Validation Loss: 6.2410
Epoch 463/1000, Train Loss: 97.4440, Validation Loss: 6.0839
Epoch 464/1000, Train Loss: 6.2953, Validation Loss: 6.2842
Epoch 465/1000, Train Loss: 1847.0850, Validation Loss: 6.5674
Epoch 466/1000, Train Loss: 6.2971, Validation Loss: 6.0571
Epoch 467/1000, Train Loss: 61.1998, Validation Loss: 6.0737
Epoch 468/1000, Train Loss: 6.2456, Validation Loss: 6.1546
Epoch 469/1000, Train Loss: 6.3705, Validation Loss: 6.2121
Epoch 470/1000, Train Loss: 13.4990, Validation Loss: 6.1893
Epoch 471/1000, Train Loss: 20.0286, Validation Loss: 6.0914
Epoch 472/1000, Train Loss: 6.2753, Validation Loss: 6.1712
Epoch 473/1000, Train Loss: 6.4779, Validation Loss: 6.4064
Epoch 474/1000, Train Loss: 11.6401, Validation Loss: 6.1123
Epoch 475/1000, Train Loss: 7.0297, Validation Loss: 6.1069
Epoch 476/1000, Train Loss: 9.6303, Validation Loss: 6.6025
Epoch 477/1000, Train Loss: 23.4235, Validation Loss: 6.1459
Epoch 478/1000, Train Loss: 30.4996, Validation Loss: 6.3015
Epoch 479/1000, Train Loss: 6.2302, Validation Loss: 6.0628
Epoch 480/1000, Train Loss: 7.4120, Validation Loss: 6.1185
Epoch 481/1000, Train Loss: 16273.7680, Validation Loss: 6.3004
Epoch 482/1000, Train Loss: 6.5411, Validation Loss: 6.1905
Epoch 483/1000, Train Loss: 6.2488, Validation Loss: 6.1086
Epoch 484/1000, Train Loss: 6.2823, Validation Loss: 6.0582
Epoch 485/1000, Train Loss: 84.3172, Validation Loss: 6.4454
Epoch 486/1000, Train Loss: 6.2718, Validation Loss: 6.1950
Epoch 487/1000, Train Loss: 6.3036, Validation Loss: 6.0700
Epoch 488/1000, Train Loss: 18817.7572, Validation Loss: 6.0566
Epoch 489/1000, Train Loss: 6.2479, Validation Loss: 6.1694
Epoch 490/1000, Train Loss: 6.2953, Validation Loss: 6.3332
Epoch 491/1000, Train Loss: 6.2895, Validation Loss: 6.1076
Epoch 492/1000, Train Loss: 429.7327, Validation Loss: 6.5811
Epoch 493/1000, Train Loss: 1562.8622, Validation Loss: 6.0742
Epoch 494/1000, Train Loss: 6.2651, Validation Loss: 6.2824
Epoch 495/1000, Train Loss: 8.1761, Validation Loss: 6.0760
Epoch 496/1000, Train Loss: 48.9876, Validation Loss: 6.0632
Epoch 497/1000, Train Loss: 6.3752, Validation Loss: 6.5768
Epoch 498/1000, Train Loss: 39.0394, Validation Loss: 6.0567
Epoch 499/1000, Train Loss: 6.2458, Validation Loss: 6.2039
Epoch 500/1000, Train Loss: 7.0840, Validation Loss: 6.3763
Epoch 501/1000, Train Loss: 1806.2830, Validation Loss: 6.0674
Epoch 502/1000, Train Loss: 6.2605, Validation Loss: 6.2940
Epoch 503/1000, Train Loss: 16.5805, Validation Loss: 6.0564
Epoch 504/1000, Train Loss: 6.3952, Validation Loss: 6.4313
Epoch 505/1000, Train Loss: 6.2464, Validation Loss: 6.2039
Epoch 506/1000, Train Loss: 179.4039, Validation Loss: 6.0566
Epoch 507/1000, Train Loss: 33.4451, Validation Loss: 6.0564
Epoch 508/1000, Train Loss: 6.2459, Validation Loss: 6.4078
Epoch 509/1000, Train Loss: 6.3125, Validation Loss: 6.4338
Epoch 510/1000, Train Loss: 6.3375, Validation Loss: 6.0613
Epoch 511/1000, Train Loss: 6.2257, Validation Loss: 6.0588
Epoch 512/1000, Train Loss: 7.0287, Validation Loss: 6.0862
Epoch 513/1000, Train Loss: 800.3477, Validation Loss: 6.1502
Epoch 514/1000, Train Loss: 6.2721, Validation Loss: 6.0483
Epoch 515/1000, Train Loss: 6.2695, Validation Loss: 6.1535
Epoch 516/1000, Train Loss: 6.7403, Validation Loss: 6.4609
Epoch 517/1000, Train Loss: 16.4106, Validation Loss: 6.0882
Epoch 518/1000, Train Loss: 6.3628, Validation Loss: 6.1976
Epoch 519/1000, Train Loss: 6.3585, Validation Loss: 6.0564
Epoch 520/1000, Train Loss: 9.0548, Validation Loss: 6.0594
Epoch 521/1000, Train Loss: 15.1832, Validation Loss: 6.0962
Epoch 522/1000, Train Loss: 6.2601, Validation Loss: 6.0931
Epoch 523/1000, Train Loss: 6.2628, Validation Loss: 6.1026
Epoch 524/1000, Train Loss: 103.7148, Validation Loss: 6.4504
Epoch 525/1000, Train Loss: 14.0610, Validation Loss: 6.0846
Epoch 526/1000, Train Loss: 6.2793, Validation Loss: 6.4136
Epoch 527/1000, Train Loss: 592.1525, Validation Loss: 6.0642
Epoch 528/1000, Train Loss: 6.2391, Validation Loss: 6.0664
Epoch 529/1000, Train Loss: 6.6090, Validation Loss: 6.2760
Epoch 530/1000, Train Loss: 7.5827, Validation Loss: 6.0662
Epoch 531/1000, Train Loss: 6.3301, Validation Loss: 6.1510
Epoch 532/1000, Train Loss: 6.6472, Validation Loss: 6.0745
Epoch 533/1000, Train Loss: 246.9358, Validation Loss: 6.0991
Epoch 534/1000, Train Loss: 6.2921, Validation Loss: 6.0639
Epoch 535/1000, Train Loss: 79.3075, Validation Loss: 6.3158
Epoch 536/1000, Train Loss: 42.6603, Validation Loss: 6.0702
Epoch 537/1000, Train Loss: 6.2640, Validation Loss: 6.2864
Epoch 538/1000, Train Loss: 6.2562, Validation Loss: 6.2975
Epoch 539/1000, Train Loss: 50.8509, Validation Loss: 6.3695
Epoch 540/1000, Train Loss: 8.5491, Validation Loss: 6.0615
Epoch 541/1000, Train Loss: 7.0895, Validation Loss: 6.1336
Epoch 542/1000, Train Loss: 6.4560, Validation Loss: 6.0964
Epoch 543/1000, Train Loss: 507.2557, Validation Loss: 6.1351
Epoch 544/1000, Train Loss: 43.3212, Validation Loss: 6.3218
Epoch 545/1000, Train Loss: 6.6061, Validation Loss: 6.1115
Epoch 546/1000, Train Loss: 6.2357, Validation Loss: 6.1921
Epoch 547/1000, Train Loss: 6.4117, Validation Loss: 6.0804
Epoch 548/1000, Train Loss: 6.2998, Validation Loss: 6.1959
Epoch 549/1000, Train Loss: 6.2740, Validation Loss: 6.0588
Epoch 550/1000, Train Loss: 167988.5341, Validation Loss: 6.2260
Epoch 551/1000, Train Loss: 6.2602, Validation Loss: 6.5741
Epoch 552/1000, Train Loss: 6.2960, Validation Loss: 6.2193
Epoch 553/1000, Train Loss: 7.5495, Validation Loss: 6.0930
Epoch 554/1000, Train Loss: 108.1056, Validation Loss: 6.0570
Epoch 555/1000, Train Loss: 6.2338, Validation Loss: 6.0622
Epoch 556/1000, Train Loss: 9.3396, Validation Loss: 6.1841
Epoch 557/1000, Train Loss: 6.2910, Validation Loss: 6.0925
Epoch 558/1000, Train Loss: 6.5342, Validation Loss: 6.0649
Epoch 559/1000, Train Loss: 254.8003, Validation Loss: 6.3748
Epoch 560/1000, Train Loss: 132.3956, Validation Loss: 6.5213
Epoch 561/1000, Train Loss: 6.2828, Validation Loss: 6.3177
Epoch 562/1000, Train Loss: 10.9922, Validation Loss: 6.1861
Epoch 563/1000, Train Loss: 6.3122, Validation Loss: 6.0633
Epoch 564/1000, Train Loss: 7.7088, Validation Loss: 6.0677
Epoch 565/1000, Train Loss: 2307.5378, Validation Loss: 6.0910
Epoch 566/1000, Train Loss: 6.3161, Validation Loss: 6.1343
Epoch 567/1000, Train Loss: 6.2555, Validation Loss: 6.0624
Epoch 568/1000, Train Loss: 10.9515, Validation Loss: 6.0907
Epoch 569/1000, Train Loss: 7.2621, Validation Loss: 6.1177
Epoch 570/1000, Train Loss: 6.2944, Validation Loss: 6.0568
Epoch 571/1000, Train Loss: 6.2787, Validation Loss: 6.3613
Epoch 572/1000, Train Loss: 6.2330, Validation Loss: 6.4288
Epoch 573/1000, Train Loss: 21.0370, Validation Loss: 6.1826
Epoch 574/1000, Train Loss: 30.4761, Validation Loss: 6.0563
Epoch 575/1000, Train Loss: 6.2710, Validation Loss: 6.1285
Epoch 576/1000, Train Loss: 7.1109, Validation Loss: 6.2906
Epoch 577/1000, Train Loss: 22.5815, Validation Loss: 6.0570
Epoch 578/1000, Train Loss: 914119.3293, Validation Loss: 6.0686
Epoch 579/1000, Train Loss: 6.2428, Validation Loss: 6.0564
Epoch 580/1000, Train Loss: 6.3258, Validation Loss: 6.3239
Epoch 581/1000, Train Loss: 98.5616, Validation Loss: 6.6520
Epoch 582/1000, Train Loss: 7.6013, Validation Loss: 6.1307
Epoch 583/1000, Train Loss: 6.2318, Validation Loss: 6.0872
Epoch 584/1000, Train Loss: 6.8206, Validation Loss: 6.1250
Epoch 585/1000, Train Loss: 6.7619, Validation Loss: 6.2058
Epoch 586/1000, Train Loss: 6.4641, Validation Loss: 6.1047
Epoch 587/1000, Train Loss: 6.8624, Validation Loss: 6.0771
Epoch 588/1000, Train Loss: 154.9286, Validation Loss: 6.0834
Epoch 589/1000, Train Loss: 13.9510, Validation Loss: 6.4434
Epoch 590/1000, Train Loss: 6.2442, Validation Loss: 6.4594
Epoch 591/1000, Train Loss: 155.5963, Validation Loss: 6.0750
Epoch 592/1000, Train Loss: 6.2470, Validation Loss: 6.6239
Epoch 593/1000, Train Loss: 10.6198, Validation Loss: 6.0591
Epoch 594/1000, Train Loss: 7.1928, Validation Loss: 6.1256
Epoch 595/1000, Train Loss: 9.4303, Validation Loss: 6.3516
Epoch 596/1000, Train Loss: 51.7663, Validation Loss: 6.0780
Epoch 597/1000, Train Loss: 42.3676, Validation Loss: 6.3039
Epoch 598/1000, Train Loss: 6.2753, Validation Loss: 6.1390
Epoch 599/1000, Train Loss: 202.5889, Validation Loss: 6.2358
Epoch 600/1000, Train Loss: 39.5325, Validation Loss: 6.2720
Epoch 601/1000, Train Loss: 6.2610, Validation Loss: 6.3927
Epoch 602/1000, Train Loss: 6.3198, Validation Loss: 6.1323
Epoch 603/1000, Train Loss: 6.2689, Validation Loss: 6.0818
Epoch 604/1000, Train Loss: 7.9965, Validation Loss: 6.0572
Epoch 605/1000, Train Loss: 8.5090, Validation Loss: 6.3770
Epoch 606/1000, Train Loss: 6.2852, Validation Loss: 6.0587
Epoch 607/1000, Train Loss: 11.9107, Validation Loss: 6.3363
Epoch 608/1000, Train Loss: 16.4962, Validation Loss: 6.1832
Epoch 609/1000, Train Loss: 7.0144, Validation Loss: 6.0643
Epoch 610/1000, Train Loss: 72.9604, Validation Loss: 6.5549
Epoch 611/1000, Train Loss: 6.2555, Validation Loss: 6.1207
Epoch 612/1000, Train Loss: 17.7433, Validation Loss: 6.0674
Epoch 613/1000, Train Loss: 6.3941, Validation Loss: 6.1172
Epoch 614/1000, Train Loss: 6.2534, Validation Loss: 6.4309
Epoch 615/1000, Train Loss: 6.2758, Validation Loss: 6.1201
Epoch 616/1000, Train Loss: 6.9819, Validation Loss: 6.0564
Epoch 617/1000, Train Loss: 159970.3607, Validation Loss: 7.4650
Epoch 618/1000, Train Loss: 6.2548, Validation Loss: 6.8330
Epoch 619/1000, Train Loss: 6.2991, Validation Loss: 6.0578
Epoch 620/1000, Train Loss: 41.0921, Validation Loss: 6.6480
Epoch 621/1000, Train Loss: 6.2464, Validation Loss: 6.0722
Epoch 622/1000, Train Loss: 47097.0061, Validation Loss: 6.2727
Epoch 623/1000, Train Loss: 6.1935, Validation Loss: 6.0986
Epoch 624/1000, Train Loss: 26.4346, Validation Loss: 6.5620
Epoch 625/1000, Train Loss: 6.5473, Validation Loss: 6.2208
Epoch 626/1000, Train Loss: 722.0272, Validation Loss: 6.0603
Epoch 627/1000, Train Loss: 7.5590, Validation Loss: 6.3358
Epoch 628/1000, Train Loss: 6.2554, Validation Loss: 6.0614
Epoch 629/1000, Train Loss: 11.4125, Validation Loss: 6.1585
Epoch 630/1000, Train Loss: 24.5305, Validation Loss: 6.3535
Epoch 631/1000, Train Loss: 6.2615, Validation Loss: 6.1972
Epoch 632/1000, Train Loss: 7.0165, Validation Loss: 6.2246
Epoch 633/1000, Train Loss: 6.2806, Validation Loss: 6.0630
Epoch 634/1000, Train Loss: 6.2624, Validation Loss: 6.4120
Epoch 635/1000, Train Loss: 6.2804, Validation Loss: 6.0567
Epoch 636/1000, Train Loss: 98.3571, Validation Loss: 6.1461
Epoch 637/1000, Train Loss: 6.1966, Validation Loss: 6.7311
Epoch 638/1000, Train Loss: 192582.9034, Validation Loss: 6.3459
Epoch 639/1000, Train Loss: 6.2660, Validation Loss: 6.1649
Epoch 640/1000, Train Loss: 6.2621, Validation Loss: 6.0770
Epoch 641/1000, Train Loss: 6.5766, Validation Loss: 6.0663
Epoch 642/1000, Train Loss: 6.2445, Validation Loss: 6.0647
Epoch 643/1000, Train Loss: 7.1425, Validation Loss: 6.0793
Epoch 644/1000, Train Loss: 81.2089, Validation Loss: 6.7727
Epoch 645/1000, Train Loss: 6.4938, Validation Loss: 6.0840
Epoch 646/1000, Train Loss: 6.2373, Validation Loss: 6.1023
Epoch 647/1000, Train Loss: 129.6190, Validation Loss: 6.5265
Epoch 648/1000, Train Loss: 17.0372, Validation Loss: 6.3286
Epoch 649/1000, Train Loss: 6.2855, Validation Loss: 6.1601
Epoch 650/1000, Train Loss: 7.6536, Validation Loss: 6.0839
Epoch 651/1000, Train Loss: 6.2680, Validation Loss: 6.0651
Epoch 652/1000, Train Loss: 80.3118, Validation Loss: 6.1040
Epoch 653/1000, Train Loss: 7.1918, Validation Loss: 6.1793
Epoch 654/1000, Train Loss: 2031.3804, Validation Loss: 6.0874
Epoch 655/1000, Train Loss: 6.5350, Validation Loss: 6.2123
Epoch 656/1000, Train Loss: 6.2688, Validation Loss: 6.0576
Epoch 657/1000, Train Loss: 21825.9133, Validation Loss: 6.1498
Epoch 658/1000, Train Loss: 6.3013, Validation Loss: 6.8487
Epoch 659/1000, Train Loss: 7.1140, Validation Loss: 6.4417
Epoch 660/1000, Train Loss: 6.7100, Validation Loss: 6.0569
Epoch 661/1000, Train Loss: 319.0289, Validation Loss: 6.2413
Epoch 662/1000, Train Loss: 6.8694, Validation Loss: 6.4338
Epoch 663/1000, Train Loss: 6.3446, Validation Loss: 6.0592
Epoch 664/1000, Train Loss: 37.9999, Validation Loss: 6.4232
Epoch 665/1000, Train Loss: 6.2619, Validation Loss: 6.1219
Epoch 666/1000, Train Loss: 9.3697, Validation Loss: 6.2518
Epoch 667/1000, Train Loss: 6.9454, Validation Loss: 6.1084
Epoch 668/1000, Train Loss: 6.3017, Validation Loss: 6.6330
Epoch 669/1000, Train Loss: 6.2672, Validation Loss: 6.0850
Epoch 670/1000, Train Loss: 24.1379, Validation Loss: 6.1206
Epoch 671/1000, Train Loss: 6.3204, Validation Loss: 6.2167
Epoch 672/1000, Train Loss: 9.0538, Validation Loss: 6.0873
Epoch 673/1000, Train Loss: 6.3011, Validation Loss: 6.0737
Epoch 674/1000, Train Loss: 18.7587, Validation Loss: 6.4614
Epoch 675/1000, Train Loss: 6.2407, Validation Loss: 6.1085
Epoch 676/1000, Train Loss: 8.0924, Validation Loss: 6.3372
Epoch 677/1000, Train Loss: 6.2503, Validation Loss: 6.1298
Epoch 678/1000, Train Loss: 1805.4319, Validation Loss: 6.0622
Epoch 679/1000, Train Loss: 37.3708, Validation Loss: 6.0806
Epoch 680/1000, Train Loss: 265.9607, Validation Loss: 6.0611
Epoch 681/1000, Train Loss: 6.8040, Validation Loss: 6.0657
Epoch 682/1000, Train Loss: 7.7927, Validation Loss: 6.6367
Epoch 683/1000, Train Loss: 24.2619, Validation Loss: 6.0895
Epoch 684/1000, Train Loss: 6.3858, Validation Loss: 6.4046
Epoch 685/1000, Train Loss: 31.9152, Validation Loss: 6.2667
Epoch 686/1000, Train Loss: 6.2421, Validation Loss: 6.1874
Epoch 687/1000, Train Loss: 44.3816, Validation Loss: 6.3171
Epoch 688/1000, Train Loss: 68.8257, Validation Loss: 6.1049
Epoch 689/1000, Train Loss: 6.2619, Validation Loss: 6.1028
Epoch 690/1000, Train Loss: 6.2898, Validation Loss: 6.2482
Epoch 691/1000, Train Loss: 6.2814, Validation Loss: 6.0833
Epoch 692/1000, Train Loss: 67.4018, Validation Loss: 6.3809
Epoch 693/1000, Train Loss: 6.2732, Validation Loss: 6.1527
Epoch 694/1000, Train Loss: 6.8361, Validation Loss: 6.2388
Epoch 695/1000, Train Loss: 6.2623, Validation Loss: 6.0889
Epoch 696/1000, Train Loss: 6.8850, Validation Loss: 6.2586
Epoch 697/1000, Train Loss: 6.2937, Validation Loss: 6.0625
Epoch 698/1000, Train Loss: 6.2836, Validation Loss: 6.0563
Epoch 699/1000, Train Loss: 23.6134, Validation Loss: 6.1906
Epoch 700/1000, Train Loss: 6.3022, Validation Loss: 6.3966
Epoch 701/1000, Train Loss: 37.4613, Validation Loss: 6.0657
Epoch 702/1000, Train Loss: 9.7078, Validation Loss: 6.0571
Epoch 703/1000, Train Loss: 6.2924, Validation Loss: 6.2111
Epoch 704/1000, Train Loss: 2644.3349, Validation Loss: 6.0685
Epoch 705/1000, Train Loss: 6.3136, Validation Loss: 6.2446
Epoch 706/1000, Train Loss: 15.7166, Validation Loss: 6.2362
Epoch 707/1000, Train Loss: 6.2778, Validation Loss: 6.0584
Epoch 708/1000, Train Loss: 15.3508, Validation Loss: 6.7286
Epoch 709/1000, Train Loss: 6.2669, Validation Loss: 6.0987
Epoch 710/1000, Train Loss: 6.6067, Validation Loss: 6.1269
Epoch 711/1000, Train Loss: 9.2032, Validation Loss: 6.1290
Epoch 712/1000, Train Loss: 6.7028, Validation Loss: 6.1212
Epoch 713/1000, Train Loss: 30.3976, Validation Loss: 6.1202
Epoch 714/1000, Train Loss: 6.3997, Validation Loss: 6.0743
Epoch 715/1000, Train Loss: 299.6763, Validation Loss: 6.2026
Epoch 716/1000, Train Loss: 6.2342, Validation Loss: 6.5997
Epoch 717/1000, Train Loss: 6.3014, Validation Loss: 6.2177
Epoch 718/1000, Train Loss: 112.8833, Validation Loss: 6.0731
Epoch 719/1000, Train Loss: 40.0163, Validation Loss: 6.0951
Epoch 720/1000, Train Loss: 6.5002, Validation Loss: 6.0563
Epoch 721/1000, Train Loss: 6.2582, Validation Loss: 6.0782
Epoch 722/1000, Train Loss: 6.3200, Validation Loss: 6.1164
Epoch 723/1000, Train Loss: 6.3039, Validation Loss: 6.0625
Epoch 724/1000, Train Loss: 7.5015, Validation Loss: 6.1479
Epoch 725/1000, Train Loss: 7.3277, Validation Loss: 6.1199
Epoch 726/1000, Train Loss: 6.4695, Validation Loss: 6.1456
Epoch 727/1000, Train Loss: 6.2571, Validation Loss: 6.0612
Epoch 728/1000, Train Loss: 129228.4241, Validation Loss: 6.0767
Epoch 729/1000, Train Loss: 6.2362, Validation Loss: 6.0576
Epoch 730/1000, Train Loss: 12.1733, Validation Loss: 6.0574
Epoch 731/1000, Train Loss: 6.2386, Validation Loss: 6.0806
Epoch 732/1000, Train Loss: 10.8342, Validation Loss: 6.2356
Epoch 733/1000, Train Loss: 7.0764, Validation Loss: 6.3168
Epoch 734/1000, Train Loss: 9.8807, Validation Loss: 6.1445
Epoch 735/1000, Train Loss: 10.5511, Validation Loss: 6.1560
Epoch 736/1000, Train Loss: 6.2858, Validation Loss: 6.0572
Epoch 737/1000, Train Loss: 6.2638, Validation Loss: 6.0743
Epoch 738/1000, Train Loss: 6.2426, Validation Loss: 6.0627
Epoch 739/1000, Train Loss: 22.4551, Validation Loss: 6.5181
Epoch 740/1000, Train Loss: 6.3182, Validation Loss: 6.1914
Epoch 741/1000, Train Loss: 62.7980, Validation Loss: 6.4755
Epoch 742/1000, Train Loss: 6.2604, Validation Loss: 6.8026
Epoch 743/1000, Train Loss: 6.3007, Validation Loss: 6.1175
Epoch 744/1000, Train Loss: 6.2644, Validation Loss: 6.0963
Epoch 745/1000, Train Loss: 7.8881, Validation Loss: 6.0938
Epoch 746/1000, Train Loss: 2784.2759, Validation Loss: 6.0999
Epoch 747/1000, Train Loss: 9423.6017, Validation Loss: 6.0976
Epoch 748/1000, Train Loss: 8.2138, Validation Loss: 6.1803
Epoch 749/1000, Train Loss: 6.2708, Validation Loss: 6.6897
Epoch 750/1000, Train Loss: 6.6048, Validation Loss: 6.1948
Epoch 751/1000, Train Loss: 6.9384, Validation Loss: 6.3567
Epoch 752/1000, Train Loss: 321.9752, Validation Loss: 6.3300
Epoch 753/1000, Train Loss: 6.2612, Validation Loss: 6.2620
Epoch 754/1000, Train Loss: 1549.3486, Validation Loss: 6.2446
Epoch 755/1000, Train Loss: 6.2511, Validation Loss: 6.1176
Epoch 756/1000, Train Loss: 6.7096, Validation Loss: 6.9951
Epoch 757/1000, Train Loss: 15.4042, Validation Loss: 6.1091
Epoch 758/1000, Train Loss: 6.2289, Validation Loss: 6.0805
Epoch 759/1000, Train Loss: 6.5249, Validation Loss: 6.1937
Epoch 760/1000, Train Loss: 19.5054, Validation Loss: 6.1574
Epoch 761/1000, Train Loss: 6.3771, Validation Loss: 6.0624
Epoch 762/1000, Train Loss: 9.9773, Validation Loss: 6.8120
Epoch 763/1000, Train Loss: 6.8918, Validation Loss: 6.1163
Epoch 764/1000, Train Loss: 6.2537, Validation Loss: 6.0615
Epoch 765/1000, Train Loss: 12.1144, Validation Loss: 6.1534
Epoch 766/1000, Train Loss: 6.2370, Validation Loss: 6.2670
Epoch 767/1000, Train Loss: 6.3360, Validation Loss: 6.0720
Epoch 768/1000, Train Loss: 6.2416, Validation Loss: 6.0787
Epoch 769/1000, Train Loss: 10.1991, Validation Loss: 7.0143
Epoch 770/1000, Train Loss: 6.2707, Validation Loss: 6.0984
Epoch 771/1000, Train Loss: 9.5216, Validation Loss: 6.0876
Epoch 772/1000, Train Loss: 6.2348, Validation Loss: 6.4649
Epoch 773/1000, Train Loss: 8.3084, Validation Loss: 6.2039
Epoch 774/1000, Train Loss: 44.2435, Validation Loss: 6.4356
Epoch 775/1000, Train Loss: 6.2263, Validation Loss: 6.3265
Epoch 776/1000, Train Loss: 15.8454, Validation Loss: 6.0641
Epoch 777/1000, Train Loss: 6.2932, Validation Loss: 6.0803
Epoch 778/1000, Train Loss: 7.0473, Validation Loss: 6.4605
Epoch 779/1000, Train Loss: 138.3707, Validation Loss: 6.1726
Epoch 780/1000, Train Loss: 24.8326, Validation Loss: 6.1114
Epoch 781/1000, Train Loss: 13.0690, Validation Loss: 6.1516
Epoch 782/1000, Train Loss: 309.7137, Validation Loss: 6.3904
Epoch 783/1000, Train Loss: 51.4787, Validation Loss: 6.2538
Epoch 784/1000, Train Loss: 6.5313, Validation Loss: 6.0679
Epoch 785/1000, Train Loss: 6.3277, Validation Loss: 6.3727
Epoch 786/1000, Train Loss: 6.8146, Validation Loss: 6.3873
Epoch 787/1000, Train Loss: 6.3136, Validation Loss: 6.0583
Epoch 788/1000, Train Loss: 21.7304, Validation Loss: 6.0691
Epoch 789/1000, Train Loss: 6.2597, Validation Loss: 6.0705
Epoch 790/1000, Train Loss: 9.1224, Validation Loss: 6.4109
Epoch 791/1000, Train Loss: 54.1270, Validation Loss: 6.1633
Epoch 792/1000, Train Loss: 6.2370, Validation Loss: 6.0572
Epoch 793/1000, Train Loss: 74.7735, Validation Loss: 6.0570
Epoch 794/1000, Train Loss: 6.2936, Validation Loss: 6.0627
Epoch 795/1000, Train Loss: 48.6776, Validation Loss: 6.3280
Epoch 796/1000, Train Loss: 6.2446, Validation Loss: 6.0883
Epoch 797/1000, Train Loss: 122.8207, Validation Loss: 6.1941
Epoch 798/1000, Train Loss: 6.2764, Validation Loss: 6.1322
Epoch 799/1000, Train Loss: 10.3026, Validation Loss: 6.1806
Epoch 800/1000, Train Loss: 6.3054, Validation Loss: 6.0852
Epoch 801/1000, Train Loss: 59.6470, Validation Loss: 6.0992
Epoch 802/1000, Train Loss: 13.7744, Validation Loss: 6.2046
Epoch 803/1000, Train Loss: 6.2637, Validation Loss: 6.1544
Epoch 804/1000, Train Loss: 6.3896, Validation Loss: 6.3951
Epoch 805/1000, Train Loss: 7.4257, Validation Loss: 6.0891
Epoch 806/1000, Train Loss: 6.2768, Validation Loss: 6.6171
Epoch 807/1000, Train Loss: 17.6065, Validation Loss: 6.0713
Epoch 808/1000, Train Loss: 6.3008, Validation Loss: 6.5528
Epoch 809/1000, Train Loss: 6.2893, Validation Loss: 6.0800
Epoch 810/1000, Train Loss: 6.3748, Validation Loss: 6.2604
Epoch 811/1000, Train Loss: 6.2374, Validation Loss: 6.0607
Epoch 812/1000, Train Loss: 7052.8875, Validation Loss: 6.9123
Epoch 813/1000, Train Loss: 6.2467, Validation Loss: 6.0570
Epoch 814/1000, Train Loss: 6.2943, Validation Loss: 6.2010
Epoch 815/1000, Train Loss: 6.2813, Validation Loss: 6.2083
Epoch 816/1000, Train Loss: 9.8047, Validation Loss: 6.2645
Epoch 817/1000, Train Loss: 1333.2850, Validation Loss: 6.5971
Epoch 818/1000, Train Loss: 1469.5135, Validation Loss: 6.3957
Epoch 819/1000, Train Loss: 14.5770, Validation Loss: 6.0798
Epoch 820/1000, Train Loss: 37.6049, Validation Loss: 6.1032
Epoch 821/1000, Train Loss: 533.9585, Validation Loss: 6.4921
Epoch 822/1000, Train Loss: 8.0990, Validation Loss: 6.0639
Epoch 823/1000, Train Loss: 84.0372, Validation Loss: 6.8445
Epoch 824/1000, Train Loss: 20.1525, Validation Loss: 6.1708
Epoch 825/1000, Train Loss: 6.2764, Validation Loss: 7.0282
Epoch 826/1000, Train Loss: 6.5433, Validation Loss: 6.1850
Epoch 827/1000, Train Loss: 10.0405, Validation Loss: 6.0769
Epoch 828/1000, Train Loss: 29.3365, Validation Loss: 6.0708
Epoch 829/1000, Train Loss: 7.3352, Validation Loss: 6.0775
Epoch 830/1000, Train Loss: 103.3938, Validation Loss: 6.5543
Epoch 831/1000, Train Loss: 6.3034, Validation Loss: 6.2083
Epoch 832/1000, Train Loss: 685.3841, Validation Loss: 6.0602
Epoch 833/1000, Train Loss: 6.2588, Validation Loss: 6.3031
Epoch 834/1000, Train Loss: 6.2393, Validation Loss: 7.0216
Epoch 835/1000, Train Loss: 6.2484, Validation Loss: 6.7664
Epoch 836/1000, Train Loss: 3108.7582, Validation Loss: 6.0644
Epoch 837/1000, Train Loss: 22.6701, Validation Loss: 6.6991
Epoch 838/1000, Train Loss: 6.2779, Validation Loss: 6.0749
Epoch 839/1000, Train Loss: 8.2803, Validation Loss: 6.1366
Epoch 840/1000, Train Loss: 6.2639, Validation Loss: 6.0830
Epoch 841/1000, Train Loss: 298028.1241, Validation Loss: 6.6141
Epoch 842/1000, Train Loss: 41.4748, Validation Loss: 6.0647
Epoch 843/1000, Train Loss: 7.3156, Validation Loss: 6.2743
Epoch 844/1000, Train Loss: 22.9399, Validation Loss: 6880147.3395
Epoch 845/1000, Train Loss: 7.2851, Validation Loss: 6.0632
Epoch 846/1000, Train Loss: 115274525.2047, Validation Loss: 6.6334
Epoch 847/1000, Train Loss: 6.2568, Validation Loss: 6.0937
Epoch 848/1000, Train Loss: 129.6604, Validation Loss: 6.1012
Epoch 849/1000, Train Loss: 6.3744, Validation Loss: 6.0802
Epoch 850/1000, Train Loss: 3490.0638, Validation Loss: 6.5437
Epoch 851/1000, Train Loss: 7.7161, Validation Loss: 6.1373
Epoch 852/1000, Train Loss: 12.0835, Validation Loss: 8.2013
Epoch 853/1000, Train Loss: 6.3825, Validation Loss: 6.1810
Epoch 854/1000, Train Loss: 69.6085, Validation Loss: 6.0857
Epoch 855/1000, Train Loss: 6.3112, Validation Loss: 6.1186
Epoch 856/1000, Train Loss: 6.4047, Validation Loss: 6.1762
Epoch 857/1000, Train Loss: 68.0235, Validation Loss: 6.0677
Epoch 858/1000, Train Loss: 10.9066, Validation Loss: 6.2728
Epoch 859/1000, Train Loss: 6.4018, Validation Loss: 6.1889
Epoch 860/1000, Train Loss: 8.5453, Validation Loss: 6.1278
Epoch 861/1000, Train Loss: 101753.0673, Validation Loss: 6.1059
Epoch 862/1000, Train Loss: 1238766.4547, Validation Loss: 6.0831
Epoch 863/1000, Train Loss: 6.4086, Validation Loss: 6.0721
Epoch 864/1000, Train Loss: 6.2997, Validation Loss: 6.1817
Epoch 865/1000, Train Loss: 6.3125, Validation Loss: 6.0956
Epoch 866/1000, Train Loss: 6.2351, Validation Loss: 6.1166
Epoch 867/1000, Train Loss: 6.3635, Validation Loss: 6.0972
Epoch 868/1000, Train Loss: 7181.6020, Validation Loss: 6.0778
Epoch 869/1000, Train Loss: 27.4005, Validation Loss: 6.1908
Epoch 870/1000, Train Loss: 6.3842, Validation Loss: 6.1356
Epoch 871/1000, Train Loss: 20.9457, Validation Loss: 6.0689
Epoch 872/1000, Train Loss: 7.6980, Validation Loss: 6.1569
Epoch 873/1000, Train Loss: 38.0670, Validation Loss: 6.0681
Epoch 874/1000, Train Loss: 185.2253, Validation Loss: 6.0796
Epoch 875/1000, Train Loss: 10.8066, Validation Loss: 6.1699
Epoch 876/1000, Train Loss: 17.2821, Validation Loss: 6.0659
Epoch 877/1000, Train Loss: 6.6151, Validation Loss: 6.1040
Epoch 878/1000, Train Loss: 1784.7408, Validation Loss: 6.3130
Epoch 879/1000, Train Loss: 694.7221, Validation Loss: 6.0566
Epoch 880/1000, Train Loss: 2769.4104, Validation Loss: 6.2482
Epoch 881/1000, Train Loss: 7.0453, Validation Loss: 6.0740
Epoch 882/1000, Train Loss: 8.9130, Validation Loss: 7.2207
Epoch 883/1000, Train Loss: 6.2500, Validation Loss: 6.2212
Epoch 884/1000, Train Loss: 20.3848, Validation Loss: 6.6605
Epoch 885/1000, Train Loss: 498360.1763, Validation Loss: 6.0984
Epoch 886/1000, Train Loss: 7.1160, Validation Loss: 6.0838
Epoch 887/1000, Train Loss: 1050.6401, Validation Loss: 6.0565
Epoch 888/1000, Train Loss: 6.2545, Validation Loss: 6.0600
Epoch 889/1000, Train Loss: 5400581.1640, Validation Loss: 6.2335
Epoch 890/1000, Train Loss: 18.3053, Validation Loss: 6.1171
Epoch 891/1000, Train Loss: 6.2777, Validation Loss: 6.3695
Epoch 892/1000, Train Loss: 53.1225, Validation Loss: 6.0909
Epoch 893/1000, Train Loss: 11.6287, Validation Loss: 6.1464
Epoch 894/1000, Train Loss: 6.3423, Validation Loss: 6.2344
Epoch 895/1000, Train Loss: 44.0057, Validation Loss: 6.0696
Epoch 896/1000, Train Loss: 610.6692, Validation Loss: 6.0763
Epoch 897/1000, Train Loss: 13.6874, Validation Loss: 6.0746
Epoch 898/1000, Train Loss: 142.9573, Validation Loss: 6.2771
Epoch 899/1000, Train Loss: 13.5498, Validation Loss: 6.8145
Epoch 900/1000, Train Loss: 10.1535, Validation Loss: 6.1027
Epoch 901/1000, Train Loss: 213669.1230, Validation Loss: 6.1385
Epoch 902/1000, Train Loss: 6.2592, Validation Loss: 6.0592
Epoch 903/1000, Train Loss: 9.0770, Validation Loss: 6.1949
Epoch 904/1000, Train Loss: 6.2821, Validation Loss: 6.1138
Epoch 905/1000, Train Loss: 6.6143, Validation Loss: 6.1227
Epoch 906/1000, Train Loss: 6.5345, Validation Loss: 6.2611
Epoch 907/1000, Train Loss: 97670.7565, Validation Loss: 6.1768
Epoch 908/1000, Train Loss: 6.2350, Validation Loss: 6.1236
Epoch 909/1000, Train Loss: 9.9938, Validation Loss: 6.0668
Epoch 910/1000, Train Loss: 5432.9974, Validation Loss: 6.0688
Epoch 911/1000, Train Loss: 6.2212, Validation Loss: 6.1471
Epoch 912/1000, Train Loss: 714574.3989, Validation Loss: 6.0580
Epoch 913/1000, Train Loss: 25.0213, Validation Loss: 6.6447
Epoch 914/1000, Train Loss: 613908789.1123, Validation Loss: 6.0815
Epoch 915/1000, Train Loss: 6.3188, Validation Loss: 6.1766
Epoch 916/1000, Train Loss: 13210.0624, Validation Loss: 39682545.7284
Epoch 917/1000, Train Loss: 6.3826, Validation Loss: 6.1366
Epoch 918/1000, Train Loss: 6.3569, Validation Loss: 6.1703
Epoch 919/1000, Train Loss: 8.6217, Validation Loss: 6.0867
Epoch 920/1000, Train Loss: 13.4834, Validation Loss: 6.0788
Epoch 921/1000, Train Loss: 6.5297, Validation Loss: 6.0569
Epoch 922/1000, Train Loss: 4920.5708, Validation Loss: 6.0904
Epoch 923/1000, Train Loss: 6.3015, Validation Loss: 6.0583
Epoch 924/1000, Train Loss: 13184.0511, Validation Loss: 6.2628
Epoch 925/1000, Train Loss: 7.6774, Validation Loss: 6.0783
Epoch 926/1000, Train Loss: 43.8740, Validation Loss: 6.4088
Epoch 927/1000, Train Loss: 599286.8913, Validation Loss: 6.7105
Epoch 928/1000, Train Loss: 7.1939, Validation Loss: 6.0610
Epoch 929/1000, Train Loss: 8018.0432, Validation Loss: 6.4721
Epoch 930/1000, Train Loss: 15825532.4546, Validation Loss: 6.0860
Epoch 931/1000, Train Loss: 30.5268, Validation Loss: 6.1807
Epoch 932/1000, Train Loss: 1234.5241, Validation Loss: 6.0774
Epoch 933/1000, Train Loss: 161410.9743, Validation Loss: 6.2181
Epoch 934/1000, Train Loss: 12797.8937, Validation Loss: 6.0952
Epoch 935/1000, Train Loss: 1043.5928, Validation Loss: 6.0604
Epoch 936/1000, Train Loss: 8098.2916, Validation Loss: 3.3687
Epoch 937/1000, Train Loss: 362.0892, Validation Loss: 5.7600
Epoch 938/1000, Train Loss: 15.7904, Validation Loss: 6.3473
Epoch 939/1000, Train Loss: 1.8213, Validation Loss: 1.5508
Epoch 940/1000, Train Loss: 1.7293, Validation Loss: 7.9447
Epoch 941/1000, Train Loss: 1.5494, Validation Loss: 6.7881
Epoch 942/1000, Train Loss: 1.6102, Validation Loss: 2.3535
Epoch 943/1000, Train Loss: 1.5049, Validation Loss: 2.7887
Epoch 944/1000, Train Loss: 26.9669, Validation Loss: 4.4982
Epoch 945/1000, Train Loss: 1.6566, Validation Loss: 4.5839
Epoch 946/1000, Train Loss: 1.4660, Validation Loss: 1.3845
Epoch 947/1000, Train Loss: 1.4062, Validation Loss: 8.1655
Epoch 948/1000, Train Loss: 1.5041, Validation Loss: 1.8738
Epoch 949/1000, Train Loss: 1.4183, Validation Loss: 4.0351
Epoch 950/1000, Train Loss: 2.0226, Validation Loss: 1.0995
Epoch 951/1000, Train Loss: 1.3473, Validation Loss: 2.6187
Epoch 952/1000, Train Loss: 2.9530, Validation Loss: 2.1028
Epoch 953/1000, Train Loss: 1.4022, Validation Loss: 1.3306
Epoch 954/1000, Train Loss: 4.1089, Validation Loss: 2.1008
Epoch 955/1000, Train Loss: 1.2845, Validation Loss: 2.9405
Epoch 956/1000, Train Loss: 30.8683, Validation Loss: 2.0478
Epoch 957/1000, Train Loss: 1.6420, Validation Loss: 1.2784
Epoch 958/1000, Train Loss: 1.8642, Validation Loss: 4.2206
Epoch 959/1000, Train Loss: 1.2784, Validation Loss: 5.0838
Epoch 960/1000, Train Loss: 1.9082, Validation Loss: 5.9979
Epoch 961/1000, Train Loss: 1.2865, Validation Loss: 5.8222
Epoch 962/1000, Train Loss: 1.2130, Validation Loss: 5.9993
Epoch 963/1000, Train Loss: 50.4853, Validation Loss: 1.3710
Epoch 964/1000, Train Loss: 1.3163, Validation Loss: 2.0840
Epoch 965/1000, Train Loss: 1.9890, Validation Loss: 2.2067
Epoch 966/1000, Train Loss: 1.2811, Validation Loss: 1.2528
Epoch 967/1000, Train Loss: 1.2230, Validation Loss: 4.8422
Epoch 968/1000, Train Loss: 1.1937, Validation Loss: 5.4997
Epoch 969/1000, Train Loss: 780.9916, Validation Loss: 4.3789
Epoch 970/1000, Train Loss: 2.0331, Validation Loss: 1.0538
Epoch 971/1000, Train Loss: 1.4613, Validation Loss: 1.2865
Epoch 972/1000, Train Loss: 1.3233, Validation Loss: 1.9421
Epoch 973/1000, Train Loss: 1.2382, Validation Loss: 6.5253
Epoch 974/1000, Train Loss: 3.8348, Validation Loss: 2.6445
Epoch 975/1000, Train Loss: 39015.1021, Validation Loss: 2.3000
Epoch 976/1000, Train Loss: 1.3516, Validation Loss: 4.9826
Epoch 977/1000, Train Loss: 13.3580, Validation Loss: 8.6123
Epoch 978/1000, Train Loss: 1.2627, Validation Loss: 6.2893
Epoch 979/1000, Train Loss: 1.2097, Validation Loss: 7.7556
Epoch 980/1000, Train Loss: 1.1743, Validation Loss: 1.2964
Epoch 981/1000, Train Loss: 10.4558, Validation Loss: 8.6287
Epoch 982/1000, Train Loss: 17.5596, Validation Loss: 1.7749
Epoch 983/1000, Train Loss: 1.2690, Validation Loss: 3.9890
Epoch 984/1000, Train Loss: 1.3912, Validation Loss: 3.8353
Epoch 985/1000, Train Loss: 1.2015, Validation Loss: 4.9039
Epoch 986/1000, Train Loss: 8.4367, Validation Loss: 3.9209
Epoch 987/1000, Train Loss: 1.3920, Validation Loss: 1.2658
Epoch 988/1000, Train Loss: 1.2294, Validation Loss: 1.4131
Epoch 989/1000, Train Loss: 1.2228, Validation Loss: 5.0686
Epoch 990/1000, Train Loss: 2.6577, Validation Loss: 4.9221
Epoch 991/1000, Train Loss: 1.1323, Validation Loss: 5.6884
Epoch 992/1000, Train Loss: 1.0830, Validation Loss: 3.0203
Epoch 993/1000, Train Loss: 73.3749, Validation Loss: 4.8191
Epoch 994/1000, Train Loss: 1.1515, Validation Loss: 2.5015
Epoch 995/1000, Train Loss: 267.6321, Validation Loss: 5.4376
Epoch 996/1000, Train Loss: 1.1725, Validation Loss: 3.4755
Epoch 997/1000, Train Loss: 5.0075, Validation Loss: 12.3798
Epoch 998/1000, Train Loss: 1.3301, Validation Loss: 1.5938
Epoch 999/1000, Train Loss: 1.1904, Validation Loss: 5.8606
Epoch 1000/1000, Train Loss: 1.1520, Validation Loss: 1.6671
Best Training Loss: 1.0830
Best Training Loss Epoch: 992
Best Validation Loss: 1.0538
Best Validation Loss Epoch: 970
Time taken for training: 2-07:31:18
Test Loss: 1.0674
Test MAPE: 169777.0312%
Error Statistics:
count    4.127200e+04
mean     2.072847e+03
std      3.034804e+05
min      3.015995e-05
25%      2.102693e-01
50%      2.762991e+00
75%      3.595573e+01
max      6.163647e+07
Name: Absolute Error, dtype: float64
Training complete. Final model saved.
Saving model as a wandb Artifact...
Model artifact logged successfully.
[1;34mwandb[0m: 
[1;34mwandb[0m: 🚀 View run [33mdevoted-sweep-112[0m at: [34mhttps://wandb.ai/mk8737-new-york-university/rl_pretrain_hp_sweeps/runs/obh1x0ir[0m
[1;34mwandb[0m: Find logs at: [1;35mwandb/run-20251006_144042-obh1x0ir/logs[0m
Agent finished.
