Waiting for sweep ID...
Found Sweep ID: be12np04
Starting wandb agent for sweep be12np04...
TRAINING DEVICE: cpu
Run Name: GCN_global_hp_sweep_be12np04-x81k56zu
finidhed preparing data
Loading dataset from pretrain_dataset_12.5k_fixed_duplicates.pkl
Loaded 412712 data objects.
finished preparing data
Epoch 1/1000, Train Loss: 2.2451, Validation Loss: 1.9830
Epoch 2/1000, Train Loss: 1.3002, Validation Loss: 1.7181
Epoch 3/1000, Train Loss: 1.2019, Validation Loss: 1.5567
Epoch 4/1000, Train Loss: 1.1537, Validation Loss: 2.2111
Epoch 5/1000, Train Loss: 1.2539, Validation Loss: 3.1265
Epoch 6/1000, Train Loss: 1.0638, Validation Loss: 1.4137
Epoch 7/1000, Train Loss: 1.0298, Validation Loss: 1.9516
Epoch 8/1000, Train Loss: 1.0177, Validation Loss: 1.9871
Epoch 9/1000, Train Loss: 1.1882, Validation Loss: 1.0314
Epoch 10/1000, Train Loss: 0.9824, Validation Loss: 0.9007
Epoch 11/1000, Train Loss: 1.2362, Validation Loss: 0.8252
Epoch 12/1000, Train Loss: 0.9317, Validation Loss: 4.4919
Epoch 13/1000, Train Loss: 0.9018, Validation Loss: 1.0298
Epoch 14/1000, Train Loss: 0.8906, Validation Loss: 2.1197
Epoch 15/1000, Train Loss: 0.8683, Validation Loss: 1.4742
Epoch 16/1000, Train Loss: 0.8511, Validation Loss: 1.5445
Epoch 17/1000, Train Loss: 7.4159, Validation Loss: 1.7524
Epoch 18/1000, Train Loss: 0.8497, Validation Loss: 2.2964
Epoch 19/1000, Train Loss: 0.8328, Validation Loss: 1.1415
Epoch 20/1000, Train Loss: 0.9291, Validation Loss: 1.2502
Epoch 21/1000, Train Loss: 0.8278, Validation Loss: 6.9563
Epoch 22/1000, Train Loss: 0.8148, Validation Loss: 3.0881
Epoch 23/1000, Train Loss: 0.8717, Validation Loss: 1.5172
Epoch 24/1000, Train Loss: 0.8572, Validation Loss: 2.1248
Epoch 25/1000, Train Loss: 0.8438, Validation Loss: 0.7930
Epoch 26/1000, Train Loss: 0.8117, Validation Loss: 2.5979
Epoch 27/1000, Train Loss: 0.8165, Validation Loss: 2.2951
Epoch 28/1000, Train Loss: 0.8183, Validation Loss: 3.0454
Epoch 29/1000, Train Loss: 0.8129, Validation Loss: 2.9843
Epoch 30/1000, Train Loss: 0.8115, Validation Loss: 2.9832
Epoch 31/1000, Train Loss: 0.8179, Validation Loss: 1.3928
Epoch 32/1000, Train Loss: 0.9991, Validation Loss: 1.7585
Epoch 33/1000, Train Loss: 0.8156, Validation Loss: 1.1293
Epoch 34/1000, Train Loss: 0.7862, Validation Loss: 2.9216
Epoch 35/1000, Train Loss: 0.7951, Validation Loss: 0.6940
Epoch 36/1000, Train Loss: 1.6444, Validation Loss: 0.8619
Epoch 37/1000, Train Loss: 0.7850, Validation Loss: 0.9967
Epoch 38/1000, Train Loss: 0.8482, Validation Loss: 0.7002
Epoch 39/1000, Train Loss: 0.7998, Validation Loss: 3.0880
Epoch 40/1000, Train Loss: 2.2245, Validation Loss: 1.1500
Epoch 41/1000, Train Loss: 0.8106, Validation Loss: 3.4547
Epoch 42/1000, Train Loss: 0.7830, Validation Loss: 1.4679
Epoch 43/1000, Train Loss: 0.8089, Validation Loss: 1.1963
Epoch 44/1000, Train Loss: 0.7802, Validation Loss: 1.3583
Epoch 45/1000, Train Loss: 0.7893, Validation Loss: 16.4026
Epoch 46/1000, Train Loss: 0.9283, Validation Loss: 1.7191
Epoch 47/1000, Train Loss: 0.7819, Validation Loss: 2.8310
Epoch 48/1000, Train Loss: 0.7768, Validation Loss: 2.5258
Epoch 49/1000, Train Loss: 0.7963, Validation Loss: 1.1340
Epoch 50/1000, Train Loss: 0.7786, Validation Loss: 2.6263
Epoch 51/1000, Train Loss: 0.7633, Validation Loss: 1.6348
Epoch 52/1000, Train Loss: 0.7671, Validation Loss: 0.8427
Epoch 53/1000, Train Loss: 0.7726, Validation Loss: 1.4697
Epoch 54/1000, Train Loss: 0.7857, Validation Loss: 3.7300
Epoch 55/1000, Train Loss: 0.7729, Validation Loss: 2.0844
Epoch 56/1000, Train Loss: 0.7727, Validation Loss: 1.4150
Epoch 57/1000, Train Loss: 0.7632, Validation Loss: 1.3242
Epoch 58/1000, Train Loss: 0.7556, Validation Loss: 1.2076
Epoch 59/1000, Train Loss: 0.7901, Validation Loss: 1.4426
Epoch 60/1000, Train Loss: 0.7529, Validation Loss: 1.9625
Epoch 61/1000, Train Loss: 0.7544, Validation Loss: 3.2471
Epoch 62/1000, Train Loss: 0.7779, Validation Loss: 1.6101
Epoch 63/1000, Train Loss: 0.7736, Validation Loss: 2.0894
Epoch 64/1000, Train Loss: 0.7485, Validation Loss: 2.0433
Epoch 65/1000, Train Loss: 0.7650, Validation Loss: 3.0532
Epoch 66/1000, Train Loss: 0.7854, Validation Loss: 3.4919
Epoch 67/1000, Train Loss: 0.7464, Validation Loss: 2.5450
Epoch 68/1000, Train Loss: 0.7710, Validation Loss: 5.3252
Epoch 69/1000, Train Loss: 0.7485, Validation Loss: 0.7823
Epoch 70/1000, Train Loss: 0.7620, Validation Loss: 0.7170
Epoch 71/1000, Train Loss: 0.7459, Validation Loss: 0.9055
Epoch 72/1000, Train Loss: 0.7662, Validation Loss: 2.3576
Epoch 73/1000, Train Loss: 0.7488, Validation Loss: 2.2920
Epoch 74/1000, Train Loss: 0.7623, Validation Loss: 0.8639
Epoch 75/1000, Train Loss: 0.7530, Validation Loss: 1.4477
Epoch 76/1000, Train Loss: 0.7542, Validation Loss: 3.4570
Epoch 77/1000, Train Loss: 0.7751, Validation Loss: 1.4576
Epoch 78/1000, Train Loss: 0.7484, Validation Loss: 2.2731
Epoch 79/1000, Train Loss: 0.7572, Validation Loss: 3.7246
Epoch 80/1000, Train Loss: 0.7653, Validation Loss: 2.4719
Epoch 81/1000, Train Loss: 0.7493, Validation Loss: 3.1391
Epoch 82/1000, Train Loss: 1.1633, Validation Loss: 140.3997
Epoch 83/1000, Train Loss: 0.7787, Validation Loss: 5.0523
Epoch 84/1000, Train Loss: 1.2989, Validation Loss: 2.0266
Epoch 85/1000, Train Loss: 0.7512, Validation Loss: 1.0912
Epoch 86/1000, Train Loss: 0.7563, Validation Loss: 2.4571
Epoch 87/1000, Train Loss: 0.7812, Validation Loss: 3.8836
Epoch 88/1000, Train Loss: 0.7498, Validation Loss: 5.0148
Epoch 89/1000, Train Loss: 0.7557, Validation Loss: 2.2909
Epoch 90/1000, Train Loss: 0.7722, Validation Loss: 0.7789
Epoch 91/1000, Train Loss: 0.7639, Validation Loss: 1.9509
Epoch 92/1000, Train Loss: 0.7922, Validation Loss: 2.2018
Epoch 93/1000, Train Loss: 0.7525, Validation Loss: 1.9397
Epoch 94/1000, Train Loss: 0.7649, Validation Loss: 2.5973
Epoch 95/1000, Train Loss: 0.7467, Validation Loss: 2.3562
Epoch 96/1000, Train Loss: 0.9512, Validation Loss: 2.7477
Epoch 97/1000, Train Loss: 0.7624, Validation Loss: 1.6246
Epoch 98/1000, Train Loss: 0.7433, Validation Loss: 6.8779
Epoch 99/1000, Train Loss: 0.7525, Validation Loss: 0.8611
Epoch 100/1000, Train Loss: 0.7488, Validation Loss: 1.8043
Epoch 101/1000, Train Loss: 0.7660, Validation Loss: 2.1259
Epoch 102/1000, Train Loss: 0.7462, Validation Loss: 3.0923
Epoch 103/1000, Train Loss: 0.7660, Validation Loss: 1.4960
Epoch 104/1000, Train Loss: 0.7397, Validation Loss: 1.5490
Epoch 105/1000, Train Loss: 0.7498, Validation Loss: 1.4115
Epoch 106/1000, Train Loss: 0.7415, Validation Loss: 1.8309
Epoch 107/1000, Train Loss: 0.7683, Validation Loss: 0.8381
Epoch 108/1000, Train Loss: 0.7322, Validation Loss: 6.9889
Epoch 109/1000, Train Loss: 0.7585, Validation Loss: 3.2125
Epoch 110/1000, Train Loss: 0.8001, Validation Loss: 0.6979
Epoch 111/1000, Train Loss: 0.7537, Validation Loss: 1.2767
Epoch 112/1000, Train Loss: 0.7549, Validation Loss: 1.1301
Epoch 113/1000, Train Loss: 0.8215, Validation Loss: 0.8479
Epoch 114/1000, Train Loss: 0.7495, Validation Loss: 3.9995
Epoch 115/1000, Train Loss: 0.7565, Validation Loss: 1.8796
Epoch 116/1000, Train Loss: 0.7437, Validation Loss: 7.9132
Epoch 117/1000, Train Loss: 0.7783, Validation Loss: 1.5407
Epoch 118/1000, Train Loss: 0.7458, Validation Loss: 1.0173
Epoch 119/1000, Train Loss: 0.7493, Validation Loss: 0.6765
Epoch 120/1000, Train Loss: 1.2586, Validation Loss: 2.3269
Epoch 121/1000, Train Loss: 0.7389, Validation Loss: 5.3845
Epoch 122/1000, Train Loss: 0.7364, Validation Loss: 2.1754
Epoch 123/1000, Train Loss: 0.7329, Validation Loss: 1.1278
Epoch 124/1000, Train Loss: 0.7430, Validation Loss: 2.5200
Epoch 125/1000, Train Loss: 0.7514, Validation Loss: 1.2253
Epoch 126/1000, Train Loss: 0.7373, Validation Loss: 1.9041
Epoch 127/1000, Train Loss: 0.7524, Validation Loss: 1.1832
Epoch 128/1000, Train Loss: 0.7426, Validation Loss: 1.1927
Epoch 129/1000, Train Loss: 0.7446, Validation Loss: 0.8189
Epoch 130/1000, Train Loss: 0.7333, Validation Loss: 2.4403
Epoch 131/1000, Train Loss: 0.7570, Validation Loss: 1.0232
Epoch 132/1000, Train Loss: 0.7588, Validation Loss: 2.1185
Epoch 133/1000, Train Loss: 0.7513, Validation Loss: 4.4172
Epoch 134/1000, Train Loss: 0.7396, Validation Loss: 1.8976
Epoch 135/1000, Train Loss: 0.7381, Validation Loss: 1.8781
Epoch 136/1000, Train Loss: 0.9205, Validation Loss: 3.0068
Epoch 137/1000, Train Loss: 0.7399, Validation Loss: 2.9754
Epoch 138/1000, Train Loss: 0.7471, Validation Loss: 1.5340
Epoch 139/1000, Train Loss: 0.7403, Validation Loss: 2.2911
Epoch 140/1000, Train Loss: 0.7570, Validation Loss: 0.8642
Epoch 141/1000, Train Loss: 0.7335, Validation Loss: 1.6626
Epoch 142/1000, Train Loss: 0.7467, Validation Loss: 7.1957
Epoch 143/1000, Train Loss: 0.7511, Validation Loss: 2.9635
Epoch 144/1000, Train Loss: 0.7526, Validation Loss: 1.4415
Epoch 145/1000, Train Loss: 0.7570, Validation Loss: 1.8832
Epoch 146/1000, Train Loss: 0.7430, Validation Loss: 1.4556
Epoch 147/1000, Train Loss: 8.7969, Validation Loss: 2.4661
Epoch 148/1000, Train Loss: 1.5152, Validation Loss: 3.7057
Epoch 149/1000, Train Loss: 0.7396, Validation Loss: 1.2874
Epoch 150/1000, Train Loss: 0.7300, Validation Loss: 0.9461
Epoch 151/1000, Train Loss: 0.7568, Validation Loss: 1.2736
Epoch 152/1000, Train Loss: 0.7428, Validation Loss: 2.0091
Epoch 153/1000, Train Loss: 0.7301, Validation Loss: 2.2272
Epoch 154/1000, Train Loss: 0.7411, Validation Loss: 1.1670
Epoch 155/1000, Train Loss: 0.7474, Validation Loss: 1.5075
Epoch 156/1000, Train Loss: 0.7658, Validation Loss: 0.9426
Epoch 157/1000, Train Loss: 0.7595, Validation Loss: 2.3826
Epoch 158/1000, Train Loss: 0.7247, Validation Loss: 2.5525
Epoch 159/1000, Train Loss: 0.7353, Validation Loss: 2.0847
Epoch 160/1000, Train Loss: 0.7358, Validation Loss: 1.6129
Epoch 161/1000, Train Loss: 0.7617, Validation Loss: 2.1412
Epoch 162/1000, Train Loss: 0.7387, Validation Loss: 3.7092
Epoch 163/1000, Train Loss: 0.7534, Validation Loss: 3.0596
Epoch 164/1000, Train Loss: 0.7397, Validation Loss: 0.9078
Epoch 165/1000, Train Loss: 0.7452, Validation Loss: 2.0276
Epoch 166/1000, Train Loss: 0.7422, Validation Loss: 0.7179
Epoch 167/1000, Train Loss: 0.7306, Validation Loss: 1.6502
Epoch 168/1000, Train Loss: 0.7623, Validation Loss: 3.1132
Epoch 169/1000, Train Loss: 0.7371, Validation Loss: 4.7447
Epoch 170/1000, Train Loss: 0.7398, Validation Loss: 5.7110
Epoch 171/1000, Train Loss: 0.7456, Validation Loss: 1.8545
Epoch 172/1000, Train Loss: 0.7299, Validation Loss: 1.6558
Epoch 173/1000, Train Loss: 0.7382, Validation Loss: 1.4084
Epoch 174/1000, Train Loss: 0.8338, Validation Loss: 2.3676
Epoch 175/1000, Train Loss: 0.7441, Validation Loss: 1.8310
Epoch 176/1000, Train Loss: 0.7259, Validation Loss: 6.0976
Epoch 177/1000, Train Loss: 0.7459, Validation Loss: 1.5517
Epoch 178/1000, Train Loss: 0.7361, Validation Loss: 2.2930
Epoch 179/1000, Train Loss: 0.7121, Validation Loss: 2.9216
Epoch 180/1000, Train Loss: 0.7408, Validation Loss: 2.7663
Epoch 181/1000, Train Loss: 0.7456, Validation Loss: 1.9771
Epoch 182/1000, Train Loss: 0.7235, Validation Loss: 1.0041
Epoch 183/1000, Train Loss: 0.7457, Validation Loss: 1.9457
Epoch 184/1000, Train Loss: 0.7359, Validation Loss: 1.1556
Epoch 185/1000, Train Loss: 0.7288, Validation Loss: 0.7753
Epoch 186/1000, Train Loss: 0.7474, Validation Loss: 0.8820
Epoch 187/1000, Train Loss: 0.7488, Validation Loss: 2.8792
Epoch 188/1000, Train Loss: 0.7515, Validation Loss: 0.9411
Epoch 189/1000, Train Loss: 0.7360, Validation Loss: 1.2288
Epoch 190/1000, Train Loss: 511.0145, Validation Loss: 63568.3885
Epoch 191/1000, Train Loss: 3.8510, Validation Loss: 11.8031
Epoch 192/1000, Train Loss: 0.7378, Validation Loss: 4.9466
Epoch 193/1000, Train Loss: 0.7366, Validation Loss: 1.2918
Epoch 194/1000, Train Loss: 0.7227, Validation Loss: 1.1739
Epoch 195/1000, Train Loss: 0.7512, Validation Loss: 0.9781
Epoch 196/1000, Train Loss: 0.7799, Validation Loss: 0.9267
Epoch 197/1000, Train Loss: 0.7313, Validation Loss: 1.1296
Epoch 198/1000, Train Loss: 0.7408, Validation Loss: 0.9187
Epoch 199/1000, Train Loss: 0.7181, Validation Loss: 1.3605
Epoch 200/1000, Train Loss: 0.7373, Validation Loss: 1.3581
Epoch 201/1000, Train Loss: 0.7548, Validation Loss: 1.0786
Epoch 202/1000, Train Loss: 0.7443, Validation Loss: 1.3895
Epoch 203/1000, Train Loss: 0.7313, Validation Loss: 0.9751
Epoch 204/1000, Train Loss: 0.7436, Validation Loss: 2.3944
Epoch 205/1000, Train Loss: 0.7213, Validation Loss: 1.8364
Epoch 206/1000, Train Loss: 0.7356, Validation Loss: 2.3195
Epoch 207/1000, Train Loss: 0.7301, Validation Loss: 1.8049
Epoch 208/1000, Train Loss: 0.7541, Validation Loss: 1.7113
Epoch 209/1000, Train Loss: 0.7514, Validation Loss: 1.1771
Epoch 210/1000, Train Loss: 0.7356, Validation Loss: 1.1544
Epoch 211/1000, Train Loss: 0.7588, Validation Loss: 0.9056
Epoch 212/1000, Train Loss: 0.7456, Validation Loss: 1.2967
Epoch 213/1000, Train Loss: 0.7453, Validation Loss: 1.1261
Epoch 214/1000, Train Loss: 0.7142, Validation Loss: 4.0460
Epoch 215/1000, Train Loss: 0.7441, Validation Loss: 1.0961
Epoch 216/1000, Train Loss: 0.7347, Validation Loss: 2.5587
Epoch 217/1000, Train Loss: 0.7399, Validation Loss: 2.1918
Epoch 218/1000, Train Loss: 0.7188, Validation Loss: 0.7992
Epoch 219/1000, Train Loss: 0.7251, Validation Loss: 0.9520
Epoch 220/1000, Train Loss: 0.7471, Validation Loss: 0.8489
Epoch 221/1000, Train Loss: 0.7214, Validation Loss: 2.3943
Epoch 222/1000, Train Loss: 0.7375, Validation Loss: 1.3541
Epoch 223/1000, Train Loss: 0.7441, Validation Loss: 1.9541
Epoch 224/1000, Train Loss: 0.7364, Validation Loss: 0.8529
Epoch 225/1000, Train Loss: 0.7236, Validation Loss: 1.8299
Epoch 226/1000, Train Loss: 0.7267, Validation Loss: 0.8559
Epoch 227/1000, Train Loss: 0.7548, Validation Loss: 1.0835
Epoch 228/1000, Train Loss: 0.7298, Validation Loss: 1.5110
Epoch 229/1000, Train Loss: 0.7428, Validation Loss: 0.8278
Epoch 230/1000, Train Loss: 0.7443, Validation Loss: 2.7217
Epoch 231/1000, Train Loss: 0.7260, Validation Loss: 1.4035
Epoch 232/1000, Train Loss: 0.7422, Validation Loss: 3.8183
Epoch 233/1000, Train Loss: 0.7266, Validation Loss: 1.5529
Epoch 234/1000, Train Loss: 0.7300, Validation Loss: 2.1161
Epoch 235/1000, Train Loss: 0.7460, Validation Loss: 2.4777
Epoch 236/1000, Train Loss: 0.7529, Validation Loss: 0.8536
Epoch 237/1000, Train Loss: 0.7418, Validation Loss: 0.8138
Epoch 238/1000, Train Loss: 0.7337, Validation Loss: 0.8732
Epoch 239/1000, Train Loss: 0.7403, Validation Loss: 1.7838
Epoch 240/1000, Train Loss: 0.7832, Validation Loss: 1.6501
Epoch 241/1000, Train Loss: 0.7174, Validation Loss: 1.2921
Epoch 242/1000, Train Loss: 0.7303, Validation Loss: 1.8976
Epoch 243/1000, Train Loss: 0.7643, Validation Loss: 0.6901
Epoch 244/1000, Train Loss: 0.7311, Validation Loss: 2.1285
Epoch 245/1000, Train Loss: 0.7180, Validation Loss: 2.5345
Epoch 246/1000, Train Loss: 0.7325, Validation Loss: 1.1528
Epoch 247/1000, Train Loss: 0.7645, Validation Loss: 0.9748
Epoch 248/1000, Train Loss: 0.7922, Validation Loss: 1.1046
Epoch 249/1000, Train Loss: 0.7308, Validation Loss: 0.6897
Epoch 250/1000, Train Loss: 0.7306, Validation Loss: 1.1220
Epoch 251/1000, Train Loss: 0.7393, Validation Loss: 1.8199
Epoch 252/1000, Train Loss: 0.7301, Validation Loss: 1.7963
Epoch 253/1000, Train Loss: 0.7532, Validation Loss: 1.9355
Epoch 254/1000, Train Loss: 0.7211, Validation Loss: 1.6747
Epoch 255/1000, Train Loss: 0.7229, Validation Loss: 2.9125
Epoch 256/1000, Train Loss: 0.7262, Validation Loss: 2.9852
Epoch 257/1000, Train Loss: 0.7248, Validation Loss: 1.1653
Epoch 258/1000, Train Loss: 0.7275, Validation Loss: 0.9806
Epoch 259/1000, Train Loss: 0.7399, Validation Loss: 2.3952
Epoch 260/1000, Train Loss: 0.7283, Validation Loss: 1.4578
Epoch 261/1000, Train Loss: 0.7305, Validation Loss: 0.8332
Epoch 262/1000, Train Loss: 0.7263, Validation Loss: 2.2070
Epoch 263/1000, Train Loss: 0.7132, Validation Loss: 1.1737
Epoch 264/1000, Train Loss: 0.7242, Validation Loss: 2.7291
Epoch 265/1000, Train Loss: 0.7339, Validation Loss: 2.3235
Epoch 266/1000, Train Loss: 0.7521, Validation Loss: 1.4469
Epoch 267/1000, Train Loss: 0.7132, Validation Loss: 2.4528
Epoch 268/1000, Train Loss: 0.7422, Validation Loss: 0.9443
Epoch 269/1000, Train Loss: 0.7551, Validation Loss: 1.0833
Epoch 270/1000, Train Loss: 0.7283, Validation Loss: 0.6733
Epoch 271/1000, Train Loss: 0.7152, Validation Loss: 4.8608
Epoch 272/1000, Train Loss: 0.7681, Validation Loss: 0.7061
Epoch 273/1000, Train Loss: 0.7280, Validation Loss: 4.3368
Epoch 274/1000, Train Loss: 0.7276, Validation Loss: 2.5290
Epoch 275/1000, Train Loss: 3.5057, Validation Loss: 0.8959
Epoch 276/1000, Train Loss: 0.7413, Validation Loss: 0.7464
Epoch 277/1000, Train Loss: 0.7370, Validation Loss: 0.9462
Epoch 278/1000, Train Loss: 0.7318, Validation Loss: 4.3825
Epoch 279/1000, Train Loss: 0.7961, Validation Loss: 1.0154
Epoch 280/1000, Train Loss: 0.7345, Validation Loss: 1.2458
Epoch 281/1000, Train Loss: 0.7240, Validation Loss: 1.6486
Epoch 282/1000, Train Loss: 0.7126, Validation Loss: 0.7964
Epoch 283/1000, Train Loss: 0.7323, Validation Loss: 1.5310
Epoch 284/1000, Train Loss: 0.7498, Validation Loss: 0.8813
Epoch 285/1000, Train Loss: 0.7236, Validation Loss: 2.1362
Epoch 286/1000, Train Loss: 0.7293, Validation Loss: 1.8188
Epoch 287/1000, Train Loss: 0.7344, Validation Loss: 2.1264
Epoch 288/1000, Train Loss: 0.7240, Validation Loss: 0.9740
Epoch 289/1000, Train Loss: 0.7257, Validation Loss: 2.1092
Epoch 290/1000, Train Loss: 0.7264, Validation Loss: 0.8629
Epoch 291/1000, Train Loss: 0.7154, Validation Loss: 0.9808
Epoch 292/1000, Train Loss: 0.7061, Validation Loss: 3.5047
Epoch 293/1000, Train Loss: 0.7277, Validation Loss: 4.0741
Epoch 294/1000, Train Loss: 0.7467, Validation Loss: 6.2752
Epoch 295/1000, Train Loss: 0.7276, Validation Loss: 1.2601
Epoch 296/1000, Train Loss: 0.7375, Validation Loss: 2.9918
Epoch 297/1000, Train Loss: 0.7224, Validation Loss: 2.4345
Epoch 298/1000, Train Loss: 0.7267, Validation Loss: 1.4165
Epoch 299/1000, Train Loss: 0.7203, Validation Loss: 1.1247
Epoch 300/1000, Train Loss: 0.7400, Validation Loss: 2.1823
Epoch 301/1000, Train Loss: 0.7284, Validation Loss: 4.9161
Epoch 302/1000, Train Loss: 0.7329, Validation Loss: 8.9866
Epoch 303/1000, Train Loss: 0.7383, Validation Loss: 4.0099
Epoch 304/1000, Train Loss: 0.7298, Validation Loss: 0.7645
Epoch 305/1000, Train Loss: 0.7155, Validation Loss: 0.7734
Epoch 306/1000, Train Loss: 0.7225, Validation Loss: 2.4352
Epoch 307/1000, Train Loss: 0.7456, Validation Loss: 3.5026
Epoch 308/1000, Train Loss: 0.7653, Validation Loss: 1.3067
Epoch 309/1000, Train Loss: 0.7190, Validation Loss: 1.0725
Epoch 310/1000, Train Loss: 0.7279, Validation Loss: 0.7645
Epoch 311/1000, Train Loss: 0.7458, Validation Loss: 2.3062
Epoch 312/1000, Train Loss: 0.7274, Validation Loss: 0.6247
Epoch 313/1000, Train Loss: 0.7464, Validation Loss: 1.1644
Epoch 314/1000, Train Loss: 0.7498, Validation Loss: 1.4572
Epoch 315/1000, Train Loss: 0.7183, Validation Loss: 2.1207
Epoch 316/1000, Train Loss: 0.7490, Validation Loss: 1.1500
Epoch 317/1000, Train Loss: 0.7195, Validation Loss: 0.7883
Epoch 318/1000, Train Loss: 0.7245, Validation Loss: 2.9734
Epoch 319/1000, Train Loss: 0.7336, Validation Loss: 1.0394
Epoch 320/1000, Train Loss: 0.7032, Validation Loss: 1.0485
Epoch 321/1000, Train Loss: 0.7213, Validation Loss: 1.8040
Epoch 322/1000, Train Loss: 0.7417, Validation Loss: 0.8586
Epoch 323/1000, Train Loss: 0.7243, Validation Loss: 0.9049
Epoch 324/1000, Train Loss: 0.7252, Validation Loss: 2.1010
Epoch 325/1000, Train Loss: 0.7284, Validation Loss: 2.3792
Epoch 326/1000, Train Loss: 0.7179, Validation Loss: 1.8675
Epoch 327/1000, Train Loss: 0.7155, Validation Loss: 1.9758
Epoch 328/1000, Train Loss: 0.7097, Validation Loss: 1.4172
Epoch 329/1000, Train Loss: 0.7322, Validation Loss: 0.8106
Epoch 330/1000, Train Loss: 0.7200, Validation Loss: 1.2026
Epoch 331/1000, Train Loss: 0.7752, Validation Loss: 0.7660
Epoch 332/1000, Train Loss: 0.7110, Validation Loss: 0.8699
Epoch 333/1000, Train Loss: 0.7315, Validation Loss: 2.6357
Epoch 334/1000, Train Loss: 0.7347, Validation Loss: 0.6954
Epoch 335/1000, Train Loss: 0.7323, Validation Loss: 2.6737
Epoch 336/1000, Train Loss: 0.7262, Validation Loss: 1.1523
Epoch 337/1000, Train Loss: 0.7304, Validation Loss: 0.7424
Epoch 338/1000, Train Loss: 0.7219, Validation Loss: 1.1324
Epoch 339/1000, Train Loss: 0.7566, Validation Loss: 1.2765
Epoch 340/1000, Train Loss: 0.7407, Validation Loss: 1.9257
Epoch 341/1000, Train Loss: 0.7269, Validation Loss: 3.3627
Epoch 342/1000, Train Loss: 0.7400, Validation Loss: 1.0156
Epoch 343/1000, Train Loss: 0.7180, Validation Loss: 1.4047
Epoch 344/1000, Train Loss: 0.7182, Validation Loss: 0.7242
Epoch 345/1000, Train Loss: 0.7212, Validation Loss: 2.4765
Epoch 346/1000, Train Loss: 0.7076, Validation Loss: 3.0569
Epoch 347/1000, Train Loss: 0.7152, Validation Loss: 3.5631
Epoch 348/1000, Train Loss: 0.7381, Validation Loss: 0.8177
Epoch 349/1000, Train Loss: 0.7187, Validation Loss: 4.2313
Epoch 350/1000, Train Loss: 0.7440, Validation Loss: 0.5774
Epoch 351/1000, Train Loss: 0.7120, Validation Loss: 0.8529
Epoch 352/1000, Train Loss: 0.7641, Validation Loss: 2.3324
Epoch 353/1000, Train Loss: 0.7325, Validation Loss: 2.7707
Epoch 354/1000, Train Loss: 0.7242, Validation Loss: 0.7554
Epoch 355/1000, Train Loss: 0.7104, Validation Loss: 0.9513
Epoch 356/1000, Train Loss: 0.7333, Validation Loss: 0.8148
Epoch 357/1000, Train Loss: 0.7143, Validation Loss: 1.0339
Epoch 358/1000, Train Loss: 0.7091, Validation Loss: 2.8770
Epoch 359/1000, Train Loss: 0.7396, Validation Loss: 1.3532
Epoch 360/1000, Train Loss: 0.7278, Validation Loss: 1.7631
Epoch 361/1000, Train Loss: 0.7127, Validation Loss: 1.1896
Epoch 362/1000, Train Loss: 0.7344, Validation Loss: 0.8424
Epoch 363/1000, Train Loss: 0.7476, Validation Loss: 5.2534
Epoch 364/1000, Train Loss: 0.7123, Validation Loss: 1.9401
Epoch 365/1000, Train Loss: 0.7255, Validation Loss: 0.6664
Epoch 366/1000, Train Loss: 0.7315, Validation Loss: 1.8419
Epoch 367/1000, Train Loss: 0.7188, Validation Loss: 1.8639
Epoch 368/1000, Train Loss: 0.7180, Validation Loss: 3.8091
Epoch 369/1000, Train Loss: 0.7764, Validation Loss: 1.0277
Epoch 370/1000, Train Loss: 0.7383, Validation Loss: 1.2262
Epoch 371/1000, Train Loss: 0.7119, Validation Loss: 1.5015
Epoch 372/1000, Train Loss: 0.7322, Validation Loss: 0.7605
Epoch 373/1000, Train Loss: 0.7219, Validation Loss: 2.0599
Epoch 374/1000, Train Loss: 0.8489, Validation Loss: 2.4223
Epoch 375/1000, Train Loss: 0.7194, Validation Loss: 0.9400
Epoch 376/1000, Train Loss: 0.7221, Validation Loss: 0.7556
Epoch 377/1000, Train Loss: 0.7240, Validation Loss: 1.4439
Epoch 378/1000, Train Loss: 0.7186, Validation Loss: 1.5790
Epoch 379/1000, Train Loss: 0.7152, Validation Loss: 1.1771
Epoch 380/1000, Train Loss: 0.7484, Validation Loss: 1.0952
Epoch 381/1000, Train Loss: 0.7052, Validation Loss: 4.3150
Epoch 382/1000, Train Loss: 21.7900, Validation Loss: 1.1039
Epoch 383/1000, Train Loss: 0.7051, Validation Loss: 1.3069
Epoch 384/1000, Train Loss: 0.7247, Validation Loss: 2.1687
Epoch 385/1000, Train Loss: 0.7076, Validation Loss: 1.4308
Epoch 386/1000, Train Loss: 0.7135, Validation Loss: 1.0500
Epoch 387/1000, Train Loss: 0.7202, Validation Loss: 3.5538
Epoch 388/1000, Train Loss: 0.6904, Validation Loss: 2.8547
Epoch 389/1000, Train Loss: 0.7163, Validation Loss: 1.2050
Epoch 390/1000, Train Loss: 0.7119, Validation Loss: 1.0752
Epoch 391/1000, Train Loss: 0.7227, Validation Loss: 0.7670
Epoch 392/1000, Train Loss: 0.7225, Validation Loss: 1.0804
Epoch 393/1000, Train Loss: 0.7169, Validation Loss: 1.5355
Epoch 394/1000, Train Loss: 0.7264, Validation Loss: 1.0136
Epoch 395/1000, Train Loss: 0.6916, Validation Loss: 2.0410
Epoch 396/1000, Train Loss: 0.9588, Validation Loss: 3.6020
Epoch 397/1000, Train Loss: 0.7156, Validation Loss: 2.1317
Epoch 398/1000, Train Loss: 0.7208, Validation Loss: 1.5750
Epoch 399/1000, Train Loss: 0.9904, Validation Loss: 2.6002
Epoch 400/1000, Train Loss: 0.7190, Validation Loss: 1.0186
Epoch 401/1000, Train Loss: 0.7224, Validation Loss: 1.8685
Epoch 402/1000, Train Loss: 0.7286, Validation Loss: 1.8016
Epoch 403/1000, Train Loss: 0.7155, Validation Loss: 1.5937
Epoch 404/1000, Train Loss: 0.7189, Validation Loss: 0.8608
Epoch 405/1000, Train Loss: 0.7060, Validation Loss: 2.2129
Epoch 406/1000, Train Loss: 0.7218, Validation Loss: 1.0138
Epoch 407/1000, Train Loss: 0.7327, Validation Loss: 1.8602
Epoch 408/1000, Train Loss: 0.7142, Validation Loss: 1.0822
Epoch 409/1000, Train Loss: 0.7155, Validation Loss: 2.2813
Epoch 410/1000, Train Loss: 0.7047, Validation Loss: 1.1201
Epoch 411/1000, Train Loss: 0.6940, Validation Loss: 5.4304
Epoch 412/1000, Train Loss: 0.7034, Validation Loss: 0.7060
Epoch 413/1000, Train Loss: 0.6998, Validation Loss: 1.2661
Epoch 414/1000, Train Loss: 0.8456, Validation Loss: 4.8954
Epoch 415/1000, Train Loss: 0.7113, Validation Loss: 1.1665
Epoch 416/1000, Train Loss: 0.7121, Validation Loss: 3.3006
Epoch 417/1000, Train Loss: 0.7298, Validation Loss: 1.2371
Epoch 418/1000, Train Loss: 0.7172, Validation Loss: 1.1783
Epoch 419/1000, Train Loss: 0.7035, Validation Loss: 0.6686
Epoch 420/1000, Train Loss: 0.7165, Validation Loss: 0.8194
Epoch 421/1000, Train Loss: 0.7097, Validation Loss: 1.6215
Epoch 422/1000, Train Loss: 0.7277, Validation Loss: 1.0151
Epoch 423/1000, Train Loss: 0.6945, Validation Loss: 4.0341
Epoch 424/1000, Train Loss: 0.7183, Validation Loss: 3.0324
Epoch 425/1000, Train Loss: 0.7026, Validation Loss: 1.6952
Epoch 426/1000, Train Loss: 0.7226, Validation Loss: 1.7607
Epoch 427/1000, Train Loss: 0.7109, Validation Loss: 0.6954
Epoch 428/1000, Train Loss: 0.6809, Validation Loss: 1.1923
Epoch 429/1000, Train Loss: 0.7048, Validation Loss: 1.7182
Epoch 430/1000, Train Loss: 0.7136, Validation Loss: 2.8773
Epoch 431/1000, Train Loss: 0.7098, Validation Loss: 1.0792
Epoch 432/1000, Train Loss: 0.7102, Validation Loss: 1.2517
Epoch 433/1000, Train Loss: 0.6924, Validation Loss: 1.0979
Epoch 434/1000, Train Loss: 0.7449, Validation Loss: 2.1159
Epoch 435/1000, Train Loss: 0.7237, Validation Loss: 1.6417
Epoch 436/1000, Train Loss: 0.7153, Validation Loss: 1.3338
Epoch 437/1000, Train Loss: 0.7124, Validation Loss: 0.8050
Epoch 438/1000, Train Loss: 0.7381, Validation Loss: 3.8441
Epoch 439/1000, Train Loss: 0.7304, Validation Loss: 1.2943
Epoch 440/1000, Train Loss: 0.7152, Validation Loss: 3.4261
Epoch 441/1000, Train Loss: 0.7075, Validation Loss: 0.8782
Epoch 442/1000, Train Loss: 0.7150, Validation Loss: 1.9902
Epoch 443/1000, Train Loss: 0.6991, Validation Loss: 1.3493
Epoch 444/1000, Train Loss: 0.7015, Validation Loss: 1.0320
Epoch 445/1000, Train Loss: 0.7759, Validation Loss: 3.3125
Epoch 446/1000, Train Loss: 0.6968, Validation Loss: 2.1010
Epoch 447/1000, Train Loss: 0.7020, Validation Loss: 1.4852
Epoch 448/1000, Train Loss: 0.7081, Validation Loss: 0.9705
Epoch 449/1000, Train Loss: 0.7009, Validation Loss: 2.7342
Epoch 450/1000, Train Loss: 4.7571, Validation Loss: 0.8855
Epoch 451/1000, Train Loss: 0.6985, Validation Loss: 2.0546
Epoch 452/1000, Train Loss: 0.7106, Validation Loss: 1.3264
Epoch 453/1000, Train Loss: 0.7021, Validation Loss: 0.8366
Epoch 454/1000, Train Loss: 0.6838, Validation Loss: 2.6512
Epoch 455/1000, Train Loss: 0.7015, Validation Loss: 2.5310
Epoch 456/1000, Train Loss: 0.7081, Validation Loss: 0.8097
Epoch 457/1000, Train Loss: 0.7010, Validation Loss: 1.2789
Epoch 458/1000, Train Loss: 0.7206, Validation Loss: 1.5448
Epoch 459/1000, Train Loss: 0.7158, Validation Loss: 5.2093
Epoch 460/1000, Train Loss: 1.3159, Validation Loss: 1.3696
Epoch 461/1000, Train Loss: 0.7133, Validation Loss: 1.2310
Epoch 462/1000, Train Loss: 0.7027, Validation Loss: 2.9719
Epoch 463/1000, Train Loss: 0.7117, Validation Loss: 1.6607
Epoch 464/1000, Train Loss: 0.7080, Validation Loss: 3.4863
Epoch 465/1000, Train Loss: 0.7033, Validation Loss: 1.3068
Epoch 466/1000, Train Loss: 0.7139, Validation Loss: 0.6712
Epoch 467/1000, Train Loss: 0.6933, Validation Loss: 1.0414
Epoch 468/1000, Train Loss: 0.7070, Validation Loss: 1.7306
Epoch 469/1000, Train Loss: 0.7080, Validation Loss: 0.7818
Epoch 470/1000, Train Loss: 0.7109, Validation Loss: 1.1465
Epoch 471/1000, Train Loss: 0.7167, Validation Loss: 2.9227
Epoch 472/1000, Train Loss: 0.7149, Validation Loss: 1.0445
Epoch 473/1000, Train Loss: 0.6950, Validation Loss: 1.0045
Epoch 474/1000, Train Loss: 0.7287, Validation Loss: 0.8454
Epoch 475/1000, Train Loss: 0.7051, Validation Loss: 1.9873
Epoch 476/1000, Train Loss: 0.6820, Validation Loss: 1.1784
Epoch 477/1000, Train Loss: 0.6935, Validation Loss: 1.1403
Epoch 478/1000, Train Loss: 0.6828, Validation Loss: 1.1472
Epoch 479/1000, Train Loss: 0.7087, Validation Loss: 1.0024
Epoch 480/1000, Train Loss: 0.8901, Validation Loss: 3.5001
Epoch 481/1000, Train Loss: 0.6994, Validation Loss: 1.1645
Epoch 482/1000, Train Loss: 0.7499, Validation Loss: 2.1771
Epoch 483/1000, Train Loss: 0.6999, Validation Loss: 1.8788
Epoch 484/1000, Train Loss: 0.7025, Validation Loss: 1.2675
Epoch 485/1000, Train Loss: 0.7061, Validation Loss: 2.7736
Epoch 486/1000, Train Loss: 0.7037, Validation Loss: 0.9355
Epoch 487/1000, Train Loss: 0.6967, Validation Loss: 4.0610
Epoch 488/1000, Train Loss: 0.6905, Validation Loss: 4.1922
Epoch 489/1000, Train Loss: 0.7222, Validation Loss: 1.0950
Epoch 490/1000, Train Loss: 0.7098, Validation Loss: 1.2400
Epoch 491/1000, Train Loss: 0.7041, Validation Loss: 1.8997
Epoch 492/1000, Train Loss: 5.4010, Validation Loss: 1.2432
Epoch 493/1000, Train Loss: 0.6889, Validation Loss: 0.8769
Epoch 494/1000, Train Loss: 1.5233, Validation Loss: 1.8396
Epoch 495/1000, Train Loss: 0.6850, Validation Loss: 1.8032
Epoch 496/1000, Train Loss: 0.7006, Validation Loss: 3.1729
Epoch 497/1000, Train Loss: 0.7004, Validation Loss: 1.1838
Epoch 498/1000, Train Loss: 0.7145, Validation Loss: 0.9253
Epoch 499/1000, Train Loss: 0.7008, Validation Loss: 1.4052
Epoch 500/1000, Train Loss: 0.6839, Validation Loss: 2.7086
Epoch 501/1000, Train Loss: 0.6878, Validation Loss: 1.1217
Epoch 502/1000, Train Loss: 0.6888, Validation Loss: 2.2801
Epoch 503/1000, Train Loss: 0.7264, Validation Loss: 3.5756
Epoch 504/1000, Train Loss: 0.6905, Validation Loss: 3.2012
Epoch 505/1000, Train Loss: 0.6929, Validation Loss: 2.3309
Epoch 506/1000, Train Loss: 0.6952, Validation Loss: 3.4153
Epoch 507/1000, Train Loss: 0.6826, Validation Loss: 3.2791
Epoch 508/1000, Train Loss: 0.6892, Validation Loss: 0.9392
Epoch 509/1000, Train Loss: 0.7392, Validation Loss: 0.8066
Epoch 510/1000, Train Loss: 0.6947, Validation Loss: 3.0250
Epoch 511/1000, Train Loss: 0.9897, Validation Loss: 3.0683
Epoch 512/1000, Train Loss: 0.7017, Validation Loss: 6.1350
Epoch 513/1000, Train Loss: 0.6897, Validation Loss: 1.7236
Epoch 514/1000, Train Loss: 0.6903, Validation Loss: 3.9276
Epoch 515/1000, Train Loss: 0.7020, Validation Loss: 1.1880
Epoch 516/1000, Train Loss: 0.6955, Validation Loss: 1.6727
Epoch 517/1000, Train Loss: 0.6896, Validation Loss: 1.8071
Epoch 518/1000, Train Loss: 0.6835, Validation Loss: 26.0758
Epoch 519/1000, Train Loss: 0.7595, Validation Loss: 0.9789
Epoch 520/1000, Train Loss: 0.7068, Validation Loss: 3.0620
Epoch 521/1000, Train Loss: 0.6890, Validation Loss: 1.1274
Epoch 522/1000, Train Loss: 0.6978, Validation Loss: 1.2170
Epoch 523/1000, Train Loss: 0.6962, Validation Loss: 0.8141
Epoch 524/1000, Train Loss: 0.6974, Validation Loss: 0.9737
Epoch 525/1000, Train Loss: 0.6906, Validation Loss: 1.9932
Epoch 526/1000, Train Loss: 0.7627, Validation Loss: 1.5835
Epoch 527/1000, Train Loss: 0.7006, Validation Loss: 1.2156
Epoch 528/1000, Train Loss: 0.6825, Validation Loss: 0.7475
Epoch 529/1000, Train Loss: 0.6999, Validation Loss: 0.7429
Epoch 530/1000, Train Loss: 0.7031, Validation Loss: 2.8559
Epoch 531/1000, Train Loss: 0.6835, Validation Loss: 3.6788
Epoch 532/1000, Train Loss: 0.6904, Validation Loss: 5.1823
Epoch 533/1000, Train Loss: 1.3147, Validation Loss: 6.4071
Epoch 534/1000, Train Loss: 0.6862, Validation Loss: 4.2456
Epoch 535/1000, Train Loss: 0.7075, Validation Loss: 2.3960
Epoch 536/1000, Train Loss: 0.6958, Validation Loss: 0.7810
Epoch 537/1000, Train Loss: 0.6982, Validation Loss: 2.1285
Epoch 538/1000, Train Loss: 0.6862, Validation Loss: 2.9423
Epoch 539/1000, Train Loss: 0.6876, Validation Loss: 1.4157
Epoch 540/1000, Train Loss: 0.7011, Validation Loss: 2.2179
Epoch 541/1000, Train Loss: 0.6683, Validation Loss: 1.2845
Epoch 542/1000, Train Loss: 0.6763, Validation Loss: 2.5041
Epoch 543/1000, Train Loss: 0.6849, Validation Loss: 1.9210
Epoch 544/1000, Train Loss: 0.6955, Validation Loss: 1.5695
Epoch 545/1000, Train Loss: 0.6865, Validation Loss: 2.7442
Epoch 546/1000, Train Loss: 0.6967, Validation Loss: 0.9827
Epoch 547/1000, Train Loss: 0.6900, Validation Loss: 1.4593
Epoch 548/1000, Train Loss: 0.7066, Validation Loss: 1.3274
Epoch 549/1000, Train Loss: 0.7178, Validation Loss: 2.1738
Epoch 550/1000, Train Loss: 0.7010, Validation Loss: 1.9654
Epoch 551/1000, Train Loss: 0.6976, Validation Loss: 3.4761
Epoch 552/1000, Train Loss: 0.8005, Validation Loss: 0.8891
Epoch 553/1000, Train Loss: 0.6860, Validation Loss: 0.8928
Epoch 554/1000, Train Loss: 0.7091, Validation Loss: 2.0186
Epoch 555/1000, Train Loss: 0.6938, Validation Loss: 1.1292
Epoch 556/1000, Train Loss: 0.7041, Validation Loss: 0.9784
Epoch 557/1000, Train Loss: 0.6853, Validation Loss: 2.0978
Epoch 558/1000, Train Loss: 0.8113, Validation Loss: 1.8328
Epoch 559/1000, Train Loss: 0.6770, Validation Loss: 4.9854
Epoch 560/1000, Train Loss: 0.6754, Validation Loss: 0.9314
Epoch 561/1000, Train Loss: 0.6961, Validation Loss: 0.9659
Epoch 562/1000, Train Loss: 0.6781, Validation Loss: 3.1001
Epoch 563/1000, Train Loss: 0.7146, Validation Loss: 0.9669
Epoch 564/1000, Train Loss: 0.6796, Validation Loss: 1.4675
Epoch 565/1000, Train Loss: 0.7160, Validation Loss: 7.0305
Epoch 566/1000, Train Loss: 0.6818, Validation Loss: 2.7353
Epoch 567/1000, Train Loss: 0.6888, Validation Loss: 0.9528
Epoch 568/1000, Train Loss: 0.6997, Validation Loss: 0.8217
Epoch 569/1000, Train Loss: 0.6805, Validation Loss: 1.9795
Epoch 570/1000, Train Loss: 0.7074, Validation Loss: 0.9694
Epoch 571/1000, Train Loss: 0.7278, Validation Loss: 1.5546
Epoch 572/1000, Train Loss: 0.6817, Validation Loss: 3.1798
Epoch 573/1000, Train Loss: 0.6784, Validation Loss: 1.4946
Epoch 574/1000, Train Loss: 0.6796, Validation Loss: 2.2122
Epoch 575/1000, Train Loss: 0.6946, Validation Loss: 2.5564
Epoch 576/1000, Train Loss: 0.6692, Validation Loss: 2.9052
Epoch 577/1000, Train Loss: 0.6779, Validation Loss: 2.6509
Epoch 578/1000, Train Loss: 0.6918, Validation Loss: 1.1194
Epoch 579/1000, Train Loss: 0.7141, Validation Loss: 2.2989
Epoch 580/1000, Train Loss: 0.6776, Validation Loss: 3.3570
Epoch 581/1000, Train Loss: 0.7005, Validation Loss: 2.4598
Epoch 582/1000, Train Loss: 0.6875, Validation Loss: 0.7347
Epoch 583/1000, Train Loss: 0.6908, Validation Loss: 2.3414
Epoch 584/1000, Train Loss: 0.6803, Validation Loss: 1.5553
Epoch 585/1000, Train Loss: 0.7083, Validation Loss: 2.6656
Epoch 586/1000, Train Loss: 0.6883, Validation Loss: 1.6716
Epoch 587/1000, Train Loss: 0.6887, Validation Loss: 3.7130
Epoch 588/1000, Train Loss: 0.6807, Validation Loss: 1.6909
Epoch 589/1000, Train Loss: 0.6822, Validation Loss: 0.9017
Epoch 590/1000, Train Loss: 0.6886, Validation Loss: 1.3162
Epoch 591/1000, Train Loss: 0.7136, Validation Loss: 0.8006
Epoch 592/1000, Train Loss: 0.6893, Validation Loss: 2.7618
Epoch 593/1000, Train Loss: 0.6745, Validation Loss: 6.2036
Epoch 594/1000, Train Loss: 0.6835, Validation Loss: 1.9284
Epoch 595/1000, Train Loss: 0.7232, Validation Loss: 4.8266
Epoch 596/1000, Train Loss: 0.6789, Validation Loss: 2.4650
Epoch 597/1000, Train Loss: 0.6772, Validation Loss: 0.8522
Epoch 598/1000, Train Loss: 0.7545, Validation Loss: 0.6105
Epoch 599/1000, Train Loss: 0.6937, Validation Loss: 1.3923
Epoch 600/1000, Train Loss: 0.7061, Validation Loss: 1.7747
Epoch 601/1000, Train Loss: 0.6720, Validation Loss: 2.7526
Epoch 602/1000, Train Loss: 0.6888, Validation Loss: 1.3011
Epoch 603/1000, Train Loss: 0.7070, Validation Loss: 1.5444
Epoch 604/1000, Train Loss: 0.6795, Validation Loss: 0.9003
Epoch 605/1000, Train Loss: 0.6887, Validation Loss: 2.0160
Epoch 606/1000, Train Loss: 0.6918, Validation Loss: 1.0327
Epoch 607/1000, Train Loss: 0.6968, Validation Loss: 1.4181
Epoch 608/1000, Train Loss: 0.6756, Validation Loss: 0.9251
Epoch 609/1000, Train Loss: 0.6991, Validation Loss: 1.6380
Epoch 610/1000, Train Loss: 0.6810, Validation Loss: 1.7589
Epoch 611/1000, Train Loss: 0.6795, Validation Loss: 1.8928
Epoch 612/1000, Train Loss: 0.6909, Validation Loss: 4.3837
Epoch 613/1000, Train Loss: 0.6825, Validation Loss: 1.2665
Epoch 614/1000, Train Loss: 0.6852, Validation Loss: 0.9478
Epoch 615/1000, Train Loss: 0.6850, Validation Loss: 1.3029
Epoch 616/1000, Train Loss: 0.6825, Validation Loss: 2.1916
Epoch 617/1000, Train Loss: 0.6765, Validation Loss: 0.7127
Epoch 618/1000, Train Loss: 0.6999, Validation Loss: 0.8651
Epoch 619/1000, Train Loss: 0.6861, Validation Loss: 1.4536
Epoch 620/1000, Train Loss: 1.2325, Validation Loss: 1.5920
Epoch 621/1000, Train Loss: 0.6819, Validation Loss: 0.9228
Epoch 622/1000, Train Loss: 0.6782, Validation Loss: 2.1374
Epoch 623/1000, Train Loss: 0.6792, Validation Loss: 1.3705
Epoch 624/1000, Train Loss: 0.6772, Validation Loss: 0.8781
Epoch 625/1000, Train Loss: 0.6818, Validation Loss: 2.2163
Epoch 626/1000, Train Loss: 0.6803, Validation Loss: 1.1558
Epoch 627/1000, Train Loss: 0.6925, Validation Loss: 1.5751
Epoch 628/1000, Train Loss: 0.6792, Validation Loss: 0.7502
Epoch 629/1000, Train Loss: 0.6706, Validation Loss: 1.9499
Epoch 630/1000, Train Loss: 0.6950, Validation Loss: 1.6252
Epoch 631/1000, Train Loss: 0.6814, Validation Loss: 2.8708
Epoch 632/1000, Train Loss: 0.6813, Validation Loss: 3.4802
Epoch 633/1000, Train Loss: 0.6931, Validation Loss: 1.3528
Epoch 634/1000, Train Loss: 0.6861, Validation Loss: 0.8892
Epoch 635/1000, Train Loss: 0.6804, Validation Loss: 1.5336
Epoch 636/1000, Train Loss: 0.6844, Validation Loss: 4.4546
Epoch 637/1000, Train Loss: 0.6666, Validation Loss: 1.1840
Epoch 638/1000, Train Loss: 0.6940, Validation Loss: 2.3646
Epoch 639/1000, Train Loss: 0.7001, Validation Loss: 3.2077
Epoch 640/1000, Train Loss: 0.6766, Validation Loss: 1.1393
Epoch 641/1000, Train Loss: 0.6712, Validation Loss: 1.3100
Epoch 642/1000, Train Loss: 0.6755, Validation Loss: 1.2129
Epoch 643/1000, Train Loss: 0.6692, Validation Loss: 1.2174
Epoch 644/1000, Train Loss: 0.6753, Validation Loss: 4.2454
Epoch 645/1000, Train Loss: 0.6644, Validation Loss: 3.7848
Epoch 646/1000, Train Loss: 0.6719, Validation Loss: 0.9411
Epoch 647/1000, Train Loss: 0.7634, Validation Loss: 2.1587
Epoch 648/1000, Train Loss: 0.6730, Validation Loss: 1.0764
Epoch 649/1000, Train Loss: 0.6756, Validation Loss: 0.7305
Epoch 650/1000, Train Loss: 0.6600, Validation Loss: 0.8406
Epoch 651/1000, Train Loss: 0.6765, Validation Loss: 3.3394
Epoch 652/1000, Train Loss: 0.6822, Validation Loss: 0.8605
Epoch 653/1000, Train Loss: 0.6719, Validation Loss: 1.9630
Epoch 654/1000, Train Loss: 0.7944, Validation Loss: 2.6391
Epoch 655/1000, Train Loss: 0.6721, Validation Loss: 2.0783
Epoch 656/1000, Train Loss: 0.6816, Validation Loss: 0.7616
Epoch 657/1000, Train Loss: 0.6730, Validation Loss: 3.0821
Epoch 658/1000, Train Loss: 0.6919, Validation Loss: 1.1002
Epoch 659/1000, Train Loss: 0.6817, Validation Loss: 1.2798
Epoch 660/1000, Train Loss: 0.6768, Validation Loss: 1.3893
Epoch 661/1000, Train Loss: 0.6787, Validation Loss: 0.7074
Epoch 662/1000, Train Loss: 0.6781, Validation Loss: 4.5582
Epoch 663/1000, Train Loss: 0.6794, Validation Loss: 1.1596
Epoch 664/1000, Train Loss: 0.6941, Validation Loss: 1.5217
Epoch 665/1000, Train Loss: 0.6693, Validation Loss: 1.7995
Epoch 666/1000, Train Loss: 0.6854, Validation Loss: 0.7763
Epoch 667/1000, Train Loss: 0.6656, Validation Loss: 0.7754
Epoch 668/1000, Train Loss: 0.6802, Validation Loss: 1.4397
Epoch 669/1000, Train Loss: 0.7106, Validation Loss: 1.1722
Epoch 670/1000, Train Loss: 0.6891, Validation Loss: 4.2924
Epoch 671/1000, Train Loss: 0.6814, Validation Loss: 0.8422
Epoch 672/1000, Train Loss: 0.7324, Validation Loss: 1.2673
Epoch 673/1000, Train Loss: 0.6815, Validation Loss: 0.8342
Epoch 674/1000, Train Loss: 0.6782, Validation Loss: 1.5096
Epoch 675/1000, Train Loss: 0.6711, Validation Loss: 1.5574
Epoch 676/1000, Train Loss: 0.6906, Validation Loss: 2.2219
Epoch 677/1000, Train Loss: 0.6786, Validation Loss: 1.0667
Epoch 678/1000, Train Loss: 0.6680, Validation Loss: 1.8341
Epoch 679/1000, Train Loss: 0.6805, Validation Loss: 1.5842
Epoch 680/1000, Train Loss: 0.6809, Validation Loss: 1.1013
Epoch 681/1000, Train Loss: 0.6720, Validation Loss: 1.9518
Epoch 682/1000, Train Loss: 0.6778, Validation Loss: 1.2971
Epoch 683/1000, Train Loss: 0.6771, Validation Loss: 2.3993
Epoch 684/1000, Train Loss: 0.6814, Validation Loss: 0.8400
Epoch 685/1000, Train Loss: 1.0338, Validation Loss: 1.1230
Epoch 686/1000, Train Loss: 0.6816, Validation Loss: 1.0582
Epoch 687/1000, Train Loss: 0.8968, Validation Loss: 1.7582
Epoch 688/1000, Train Loss: 0.6606, Validation Loss: 0.7648
Epoch 689/1000, Train Loss: 0.6826, Validation Loss: 0.9908
Epoch 690/1000, Train Loss: 0.6769, Validation Loss: 0.6725
Epoch 691/1000, Train Loss: 0.6813, Validation Loss: 2.8361
Epoch 692/1000, Train Loss: 0.6904, Validation Loss: 3.0572
Epoch 693/1000, Train Loss: 0.6752, Validation Loss: 1.1372
Epoch 694/1000, Train Loss: 0.6654, Validation Loss: 1.6965
Epoch 695/1000, Train Loss: 0.6738, Validation Loss: 1.2627
Epoch 696/1000, Train Loss: 0.6685, Validation Loss: 1.6556
Epoch 697/1000, Train Loss: 0.6741, Validation Loss: 1.7450
Epoch 698/1000, Train Loss: 0.6867, Validation Loss: 1.4920
Epoch 699/1000, Train Loss: 0.6636, Validation Loss: 0.8939
Epoch 700/1000, Train Loss: 1.3308, Validation Loss: 3.1121
Epoch 701/1000, Train Loss: 0.6655, Validation Loss: 1.1332
Epoch 702/1000, Train Loss: 0.6822, Validation Loss: 1.3186
Epoch 703/1000, Train Loss: 0.7094, Validation Loss: 2.2136
Epoch 704/1000, Train Loss: 0.6673, Validation Loss: 1.3696
Epoch 705/1000, Train Loss: 0.6725, Validation Loss: 0.9230
Epoch 706/1000, Train Loss: 0.6685, Validation Loss: 0.6056
Epoch 707/1000, Train Loss: 0.6873, Validation Loss: 0.9785
Epoch 708/1000, Train Loss: 0.6795, Validation Loss: 1.6142
Epoch 709/1000, Train Loss: 0.6736, Validation Loss: 0.8286
Epoch 710/1000, Train Loss: 0.6924, Validation Loss: 2.3202
Epoch 711/1000, Train Loss: 0.6858, Validation Loss: 2.0619
Epoch 712/1000, Train Loss: 0.6776, Validation Loss: 0.7981
Epoch 713/1000, Train Loss: 0.6879, Validation Loss: 1.7083
Epoch 714/1000, Train Loss: 0.6778, Validation Loss: 0.9174
Epoch 715/1000, Train Loss: 0.6686, Validation Loss: 0.5956
Epoch 716/1000, Train Loss: 0.6902, Validation Loss: 0.9451
Epoch 717/1000, Train Loss: 0.6675, Validation Loss: 2.5126
Epoch 718/1000, Train Loss: 0.6758, Validation Loss: 1.3405
Epoch 719/1000, Train Loss: 0.6555, Validation Loss: 0.7131
Epoch 720/1000, Train Loss: 0.6603, Validation Loss: 3.7633
Epoch 721/1000, Train Loss: 0.6670, Validation Loss: 0.7445
Epoch 722/1000, Train Loss: 0.6764, Validation Loss: 2.1193
Epoch 723/1000, Train Loss: 0.6698, Validation Loss: 3.5778
Epoch 724/1000, Train Loss: 8.7634, Validation Loss: 0.9786
Epoch 725/1000, Train Loss: 0.6835, Validation Loss: 2.0015
Epoch 726/1000, Train Loss: 0.6737, Validation Loss: 0.9509
Epoch 727/1000, Train Loss: 0.6822, Validation Loss: 2.0760
Epoch 728/1000, Train Loss: 0.9225, Validation Loss: 0.8195
Epoch 729/1000, Train Loss: 0.6721, Validation Loss: 1.5250
Epoch 730/1000, Train Loss: 0.6731, Validation Loss: 3.9308
Epoch 731/1000, Train Loss: 0.6740, Validation Loss: 0.9042
Epoch 732/1000, Train Loss: 0.6706, Validation Loss: 2.6137
Epoch 733/1000, Train Loss: 0.6645, Validation Loss: 4.5725
Epoch 734/1000, Train Loss: 1.1497, Validation Loss: 1.1314
Epoch 735/1000, Train Loss: 0.6695, Validation Loss: 2.2245
Epoch 736/1000, Train Loss: 0.7923, Validation Loss: 1.6012
Epoch 737/1000, Train Loss: 0.6885, Validation Loss: 1.4237
Epoch 738/1000, Train Loss: 0.6661, Validation Loss: 1.3716
Epoch 739/1000, Train Loss: 0.6839, Validation Loss: 3.1427
Epoch 740/1000, Train Loss: 0.6572, Validation Loss: 2.5469
Epoch 741/1000, Train Loss: 0.6591, Validation Loss: 2.3686
Epoch 742/1000, Train Loss: 0.6754, Validation Loss: 1.1743
Epoch 743/1000, Train Loss: 0.6705, Validation Loss: 0.6715
Epoch 744/1000, Train Loss: 0.9934, Validation Loss: 2.3295
Epoch 745/1000, Train Loss: 0.6690, Validation Loss: 1.3089
Epoch 746/1000, Train Loss: 0.6615, Validation Loss: 1.9452
Epoch 747/1000, Train Loss: 0.6800, Validation Loss: 0.9626
Epoch 748/1000, Train Loss: 0.6588, Validation Loss: 2.3372
Epoch 749/1000, Train Loss: 0.7672, Validation Loss: 2.8878
Epoch 750/1000, Train Loss: 0.6742, Validation Loss: 1.3099
Epoch 751/1000, Train Loss: 0.6659, Validation Loss: 3.6723
Epoch 752/1000, Train Loss: 0.7918, Validation Loss: 0.9426
Epoch 753/1000, Train Loss: 0.6688, Validation Loss: 0.9732
Epoch 754/1000, Train Loss: 0.8418, Validation Loss: 1.3100
Epoch 755/1000, Train Loss: 0.6795, Validation Loss: 1.5601
Epoch 756/1000, Train Loss: 8.0368, Validation Loss: 11.3219
Epoch 757/1000, Train Loss: 0.6779, Validation Loss: 1.3924
Epoch 758/1000, Train Loss: 0.6921, Validation Loss: 2.4751
Epoch 759/1000, Train Loss: 0.6643, Validation Loss: 1.9235
Epoch 760/1000, Train Loss: 0.6664, Validation Loss: 1.5777
Epoch 761/1000, Train Loss: 0.6771, Validation Loss: 5.6524
Epoch 762/1000, Train Loss: 0.6758, Validation Loss: 1.2703
Epoch 763/1000, Train Loss: 0.6747, Validation Loss: 1.7336
Epoch 764/1000, Train Loss: 0.6644, Validation Loss: 1.3974
Epoch 765/1000, Train Loss: 0.6601, Validation Loss: 2.1026
Epoch 766/1000, Train Loss: 0.6586, Validation Loss: 0.8625
Epoch 767/1000, Train Loss: 0.6662, Validation Loss: 1.8240
Epoch 768/1000, Train Loss: 0.6629, Validation Loss: 1.3813
Epoch 769/1000, Train Loss: 0.6666, Validation Loss: 0.9565
Epoch 770/1000, Train Loss: 0.6791, Validation Loss: 1.1584
Epoch 771/1000, Train Loss: 0.6604, Validation Loss: 1.8769
Epoch 772/1000, Train Loss: 0.6784, Validation Loss: 3.3027
Epoch 773/1000, Train Loss: 0.6834, Validation Loss: 1.9161
Epoch 774/1000, Train Loss: 0.6683, Validation Loss: 2.2287
Epoch 775/1000, Train Loss: 0.6655, Validation Loss: 1.2427
Epoch 776/1000, Train Loss: 1.0025, Validation Loss: 0.9977
Epoch 777/1000, Train Loss: 0.6743, Validation Loss: 0.8875
Epoch 778/1000, Train Loss: 0.6624, Validation Loss: 1.4220
Epoch 779/1000, Train Loss: 0.6488, Validation Loss: 1.9806
Epoch 780/1000, Train Loss: 0.6666, Validation Loss: 1.0599
Epoch 781/1000, Train Loss: 0.7764, Validation Loss: 1.9273
Epoch 782/1000, Train Loss: 0.6695, Validation Loss: 1.2088
Epoch 783/1000, Train Loss: 0.6747, Validation Loss: 4.5954
Epoch 784/1000, Train Loss: 0.6672, Validation Loss: 1.4180
Epoch 785/1000, Train Loss: 1.1558, Validation Loss: 0.7359
Epoch 786/1000, Train Loss: 0.6624, Validation Loss: 1.4645
Epoch 787/1000, Train Loss: 2.0025, Validation Loss: 2.4590
Epoch 788/1000, Train Loss: 0.6600, Validation Loss: 2.4961
Epoch 789/1000, Train Loss: 0.6658, Validation Loss: 2.5309
Epoch 790/1000, Train Loss: 0.6656, Validation Loss: 1.4043
Epoch 791/1000, Train Loss: 0.6742, Validation Loss: 2.5298
Epoch 792/1000, Train Loss: 0.6839, Validation Loss: 0.8982
Epoch 793/1000, Train Loss: 0.6694, Validation Loss: 4.9881
Epoch 794/1000, Train Loss: 0.6694, Validation Loss: 0.9549
Epoch 795/1000, Train Loss: 0.6799, Validation Loss: 0.9870
Epoch 796/1000, Train Loss: 0.6685, Validation Loss: 1.3722
Epoch 797/1000, Train Loss: 0.6668, Validation Loss: 1.5464
Epoch 798/1000, Train Loss: 0.6696, Validation Loss: 2.0610
Epoch 799/1000, Train Loss: 0.6668, Validation Loss: 1.1862
Epoch 800/1000, Train Loss: 0.7092, Validation Loss: 1.3609
Epoch 801/1000, Train Loss: 0.6585, Validation Loss: 2.0787
Epoch 802/1000, Train Loss: 0.6784, Validation Loss: 1.1347
Epoch 803/1000, Train Loss: 0.6662, Validation Loss: 1.2904
Epoch 804/1000, Train Loss: 0.6604, Validation Loss: 1.5183
Epoch 805/1000, Train Loss: 0.6789, Validation Loss: 1.9214
Epoch 806/1000, Train Loss: 0.6736, Validation Loss: 2.1850
Epoch 807/1000, Train Loss: 0.6860, Validation Loss: 2.2292
Epoch 808/1000, Train Loss: 0.6636, Validation Loss: 0.6707
Epoch 809/1000, Train Loss: 0.6886, Validation Loss: 1.4285
Epoch 810/1000, Train Loss: 1.5020, Validation Loss: 2.6347
Epoch 811/1000, Train Loss: 0.6599, Validation Loss: 4.1181
Epoch 812/1000, Train Loss: 0.6712, Validation Loss: 0.7914
Epoch 813/1000, Train Loss: 0.7279, Validation Loss: 4.5842
Epoch 814/1000, Train Loss: 0.6868, Validation Loss: 0.9982
Epoch 815/1000, Train Loss: 0.6496, Validation Loss: 1.3294
Epoch 816/1000, Train Loss: 0.6538, Validation Loss: 1.1634
Epoch 817/1000, Train Loss: 0.6662, Validation Loss: 0.6214
Epoch 818/1000, Train Loss: 0.6818, Validation Loss: 3.3468
Epoch 819/1000, Train Loss: 0.6671, Validation Loss: 3589.9727
Epoch 820/1000, Train Loss: 0.8684, Validation Loss: 1.1269
Epoch 821/1000, Train Loss: 0.6707, Validation Loss: 3.9420
Epoch 822/1000, Train Loss: 0.6754, Validation Loss: 1.2211
Epoch 823/1000, Train Loss: 0.6602, Validation Loss: 0.8356
Epoch 824/1000, Train Loss: 0.6728, Validation Loss: 1.8026
Epoch 825/1000, Train Loss: 0.6964, Validation Loss: 1.1240
Epoch 826/1000, Train Loss: 1.0629, Validation Loss: 1.2726
Epoch 827/1000, Train Loss: 0.6663, Validation Loss: 0.7996
Epoch 828/1000, Train Loss: 1.1067, Validation Loss: 2.2714
Epoch 829/1000, Train Loss: 0.6611, Validation Loss: 2.1488
Epoch 830/1000, Train Loss: 0.6813, Validation Loss: 4.8163
Epoch 831/1000, Train Loss: 0.6779, Validation Loss: 1.4638
Epoch 832/1000, Train Loss: 0.6705, Validation Loss: 4.4343
Epoch 833/1000, Train Loss: 0.6871, Validation Loss: 1.7264
Epoch 834/1000, Train Loss: 0.6790, Validation Loss: 1.8872
Epoch 835/1000, Train Loss: 0.6672, Validation Loss: 1.2172
Epoch 836/1000, Train Loss: 0.6928, Validation Loss: 1.3823
Epoch 837/1000, Train Loss: 3.1149, Validation Loss: 1.1708
Epoch 838/1000, Train Loss: 0.6669, Validation Loss: 4.8050
Epoch 839/1000, Train Loss: 0.6617, Validation Loss: 1.2652
Epoch 840/1000, Train Loss: 0.6653, Validation Loss: 2.3611
Epoch 841/1000, Train Loss: 0.6832, Validation Loss: 2.5085
Epoch 842/1000, Train Loss: 0.6830, Validation Loss: 1.2718
Epoch 843/1000, Train Loss: 0.7098, Validation Loss: 0.8288
Epoch 844/1000, Train Loss: 0.6813, Validation Loss: 1.9420
Epoch 845/1000, Train Loss: 0.6916, Validation Loss: 1.9372
Epoch 846/1000, Train Loss: 0.6622, Validation Loss: 1.8116
Epoch 847/1000, Train Loss: 0.6757, Validation Loss: 3.3650
Epoch 848/1000, Train Loss: 0.6727, Validation Loss: 1.8708
Epoch 849/1000, Train Loss: 0.6750, Validation Loss: 0.6714
Epoch 850/1000, Train Loss: 0.6854, Validation Loss: 5.1725
Epoch 851/1000, Train Loss: 0.6904, Validation Loss: 1.9881
Epoch 852/1000, Train Loss: 0.6722, Validation Loss: 3.3484
Epoch 853/1000, Train Loss: 0.6838, Validation Loss: 1.0154
Epoch 854/1000, Train Loss: 0.6722, Validation Loss: 1.4415
Epoch 855/1000, Train Loss: 0.6733, Validation Loss: 1.6297
Epoch 856/1000, Train Loss: 0.6676, Validation Loss: 1.0263
Epoch 857/1000, Train Loss: 0.6769, Validation Loss: 1.4005
Epoch 858/1000, Train Loss: 0.6604, Validation Loss: 1.4688
Epoch 859/1000, Train Loss: 0.6688, Validation Loss: 1.9634
Epoch 860/1000, Train Loss: 0.6713, Validation Loss: 4.3719
Epoch 861/1000, Train Loss: 0.6896, Validation Loss: 2.2126
Epoch 862/1000, Train Loss: 0.6737, Validation Loss: 1.1815
Epoch 863/1000, Train Loss: 1.3679, Validation Loss: 0.9673
Epoch 864/1000, Train Loss: 0.6713, Validation Loss: 1.8597
Epoch 865/1000, Train Loss: 0.6720, Validation Loss: 2.4358
Epoch 866/1000, Train Loss: 0.6717, Validation Loss: 0.6010
Epoch 867/1000, Train Loss: 0.6650, Validation Loss: 3.5756
Epoch 868/1000, Train Loss: 0.6623, Validation Loss: 5.4241
Epoch 869/1000, Train Loss: 0.6751, Validation Loss: 2.1193
Epoch 870/1000, Train Loss: 0.6602, Validation Loss: 2.8774
Epoch 871/1000, Train Loss: 0.9160, Validation Loss: 2.1168
Epoch 872/1000, Train Loss: 0.6629, Validation Loss: 2.8878
Epoch 873/1000, Train Loss: 0.6625, Validation Loss: 2.4377
Epoch 874/1000, Train Loss: 0.6642, Validation Loss: 1.4005
Epoch 875/1000, Train Loss: 0.6794, Validation Loss: 2.3437
Epoch 876/1000, Train Loss: 0.6809, Validation Loss: 2.0906
Epoch 877/1000, Train Loss: 0.6639, Validation Loss: 0.8253
Epoch 878/1000, Train Loss: 0.6683, Validation Loss: 1.3466
Epoch 879/1000, Train Loss: 0.6767, Validation Loss: 3.8336
Epoch 880/1000, Train Loss: 0.6650, Validation Loss: 1.5132
Epoch 881/1000, Train Loss: 0.7882, Validation Loss: 2.7043
Epoch 882/1000, Train Loss: 0.7320, Validation Loss: 1.3192
Epoch 883/1000, Train Loss: 0.6664, Validation Loss: 2.1350
Epoch 884/1000, Train Loss: 0.6655, Validation Loss: 1.0028
Epoch 885/1000, Train Loss: 0.6705, Validation Loss: 4.5431
Epoch 886/1000, Train Loss: 0.6745, Validation Loss: 1.3980
Epoch 887/1000, Train Loss: 0.6545, Validation Loss: 4.2306
Epoch 888/1000, Train Loss: 0.6650, Validation Loss: 5.9016
Epoch 889/1000, Train Loss: 0.6763, Validation Loss: 1.6316
Epoch 890/1000, Train Loss: 0.6653, Validation Loss: 0.8907
Epoch 891/1000, Train Loss: 0.6771, Validation Loss: 1.0808
Epoch 892/1000, Train Loss: 0.6655, Validation Loss: 1.8386
Epoch 893/1000, Train Loss: 0.9878, Validation Loss: 1.9695
Epoch 894/1000, Train Loss: 0.6630, Validation Loss: 0.8763
Epoch 895/1000, Train Loss: 0.7548, Validation Loss: 0.6706
Epoch 896/1000, Train Loss: 0.6795, Validation Loss: 1.8323
Epoch 897/1000, Train Loss: 0.6667, Validation Loss: 1.1331
Epoch 898/1000, Train Loss: 0.6745, Validation Loss: 1.3416
Epoch 899/1000, Train Loss: 0.7356, Validation Loss: 0.5923
Epoch 900/1000, Train Loss: 0.6621, Validation Loss: 1.3891
Epoch 901/1000, Train Loss: 0.6739, Validation Loss: 2.2664
Epoch 902/1000, Train Loss: 0.6611, Validation Loss: 1.0044
Epoch 903/1000, Train Loss: 0.6708, Validation Loss: 1.7700
Epoch 904/1000, Train Loss: 0.6572, Validation Loss: 1.3446
Epoch 905/1000, Train Loss: 0.6992, Validation Loss: 3.9232
Epoch 906/1000, Train Loss: 0.6440, Validation Loss: 0.9715
Epoch 907/1000, Train Loss: 0.6763, Validation Loss: 0.8283
Epoch 908/1000, Train Loss: 0.6686, Validation Loss: 1.7739
Epoch 909/1000, Train Loss: 0.6875, Validation Loss: 3.0608
Epoch 910/1000, Train Loss: 0.6828, Validation Loss: 3.0557
Epoch 911/1000, Train Loss: 0.6681, Validation Loss: 0.7412
Epoch 912/1000, Train Loss: 0.6682, Validation Loss: 1.3565
Epoch 913/1000, Train Loss: 0.6786, Validation Loss: 3.3484
Epoch 914/1000, Train Loss: 0.6590, Validation Loss: 1.4301
Epoch 915/1000, Train Loss: 0.7000, Validation Loss: 1.3484
Epoch 916/1000, Train Loss: 0.6548, Validation Loss: 1.2945
Epoch 917/1000, Train Loss: 1.9722, Validation Loss: 0.9797
Epoch 918/1000, Train Loss: 0.6777, Validation Loss: 1.0057
Epoch 919/1000, Train Loss: 0.6783, Validation Loss: 0.7162
Epoch 920/1000, Train Loss: 0.6649, Validation Loss: 3.2365
Epoch 921/1000, Train Loss: 0.6699, Validation Loss: 1.8454
Epoch 922/1000, Train Loss: 0.7021, Validation Loss: 1.8782
Epoch 923/1000, Train Loss: 0.7315, Validation Loss: 2.2974
Epoch 924/1000, Train Loss: 0.6612, Validation Loss: 5.3245
Epoch 925/1000, Train Loss: 0.6882, Validation Loss: 1.6910
Epoch 926/1000, Train Loss: 0.6526, Validation Loss: 3.8427
Epoch 927/1000, Train Loss: 0.9010, Validation Loss: 1.5551
Epoch 928/1000, Train Loss: 0.7221, Validation Loss: 1.1648
Epoch 929/1000, Train Loss: 0.6609, Validation Loss: 0.7713
Epoch 930/1000, Train Loss: 0.6803, Validation Loss: 1.3889
Epoch 931/1000, Train Loss: 0.7203, Validation Loss: 0.9013
Epoch 932/1000, Train Loss: 0.6593, Validation Loss: 2.0032
Epoch 933/1000, Train Loss: 0.7178, Validation Loss: 1.3878
Epoch 934/1000, Train Loss: 0.6781, Validation Loss: 0.7099
Epoch 935/1000, Train Loss: 0.6544, Validation Loss: 1.1651
Epoch 936/1000, Train Loss: 0.6708, Validation Loss: 1.0606
Epoch 937/1000, Train Loss: 0.6703, Validation Loss: 1.1100
Epoch 938/1000, Train Loss: 0.7338, Validation Loss: 3.2329
Epoch 939/1000, Train Loss: 0.6701, Validation Loss: 1.9016
Epoch 940/1000, Train Loss: 0.6788, Validation Loss: 0.6365
Epoch 941/1000, Train Loss: 0.6729, Validation Loss: 0.8143
Epoch 942/1000, Train Loss: 0.6584, Validation Loss: 0.9409
Epoch 943/1000, Train Loss: 0.6478, Validation Loss: 1.0600
Epoch 944/1000, Train Loss: 0.7038, Validation Loss: 3.1075
Epoch 945/1000, Train Loss: 0.6776, Validation Loss: 2.0632
Epoch 946/1000, Train Loss: 0.6579, Validation Loss: 4.0594
Epoch 947/1000, Train Loss: 0.6819, Validation Loss: 1.4037
Epoch 948/1000, Train Loss: 0.6813, Validation Loss: 0.9712
Epoch 949/1000, Train Loss: 0.6691, Validation Loss: 0.7850
Epoch 950/1000, Train Loss: 0.6610, Validation Loss: 1.2222
Epoch 951/1000, Train Loss: 0.6895, Validation Loss: 1.5402
Epoch 952/1000, Train Loss: 0.6636, Validation Loss: 0.5773
Epoch 953/1000, Train Loss: 0.6600, Validation Loss: 2.3425
Epoch 954/1000, Train Loss: 0.7682, Validation Loss: 1.0295
Epoch 955/1000, Train Loss: 0.6618, Validation Loss: 1.1963
Epoch 956/1000, Train Loss: 0.6668, Validation Loss: 1.2954
Epoch 957/1000, Train Loss: 0.6854, Validation Loss: 1.5216
Epoch 958/1000, Train Loss: 0.6560, Validation Loss: 2.3550
Epoch 959/1000, Train Loss: 0.6763, Validation Loss: 1.4137
Epoch 960/1000, Train Loss: 0.6527, Validation Loss: 2.2199
Epoch 961/1000, Train Loss: 0.6699, Validation Loss: 1.5803
Epoch 962/1000, Train Loss: 0.7024, Validation Loss: 3.5612
Epoch 963/1000, Train Loss: 0.6558, Validation Loss: 1.0894
Epoch 964/1000, Train Loss: 0.6667, Validation Loss: 2.0775
Epoch 965/1000, Train Loss: 0.6707, Validation Loss: 0.9460
Epoch 966/1000, Train Loss: 0.6786, Validation Loss: 1.1830
Epoch 967/1000, Train Loss: 0.6743, Validation Loss: 0.7846
Epoch 968/1000, Train Loss: 0.6803, Validation Loss: 2.2088
Epoch 969/1000, Train Loss: 0.6596, Validation Loss: 2.3787
Epoch 970/1000, Train Loss: 0.6855, Validation Loss: 2.9905
Epoch 971/1000, Train Loss: 0.6614, Validation Loss: 1.4742
Epoch 972/1000, Train Loss: 0.7151, Validation Loss: 0.7658
Epoch 973/1000, Train Loss: 0.6912, Validation Loss: 1.1592
Epoch 974/1000, Train Loss: 0.6673, Validation Loss: 0.8203
Epoch 975/1000, Train Loss: 0.8514, Validation Loss: 3.5474
Epoch 976/1000, Train Loss: 0.6751, Validation Loss: 1.5153
Epoch 977/1000, Train Loss: 0.6728, Validation Loss: 1.2179
Epoch 978/1000, Train Loss: 0.6762, Validation Loss: 3.7711
Epoch 979/1000, Train Loss: 0.6762, Validation Loss: 2.6883
Epoch 980/1000, Train Loss: 0.6644, Validation Loss: 1.5160
Epoch 981/1000, Train Loss: 0.6723, Validation Loss: 1.7874
Epoch 982/1000, Train Loss: 0.6751, Validation Loss: 2.1549
Epoch 983/1000, Train Loss: 0.6616, Validation Loss: 1.3428
Epoch 984/1000, Train Loss: 0.6576, Validation Loss: 34.3332
Epoch 985/1000, Train Loss: 0.6568, Validation Loss: 2.4027
Epoch 986/1000, Train Loss: 0.6648, Validation Loss: 4.4043
Epoch 987/1000, Train Loss: 0.6694, Validation Loss: 2.4252
Epoch 988/1000, Train Loss: 0.6734, Validation Loss: 1.4897
Epoch 989/1000, Train Loss: 0.6604, Validation Loss: 1.1824
Epoch 990/1000, Train Loss: 0.6788, Validation Loss: 0.8358
Epoch 991/1000, Train Loss: 0.6830, Validation Loss: 1.4866
Epoch 992/1000, Train Loss: 0.6577, Validation Loss: 1.5716
Epoch 993/1000, Train Loss: 0.6629, Validation Loss: 2.7773
Epoch 994/1000, Train Loss: 0.6638, Validation Loss: 1.5003
Epoch 995/1000, Train Loss: 0.7119, Validation Loss: 2.9152
Epoch 996/1000, Train Loss: 0.6722, Validation Loss: 1.9509
Epoch 997/1000, Train Loss: 0.6601, Validation Loss: 2.5425
Epoch 998/1000, Train Loss: 0.6713, Validation Loss: 1.9013
Epoch 999/1000, Train Loss: 0.6763, Validation Loss: 4.2305
Epoch 1000/1000, Train Loss: 1.2534, Validation Loss: 1.4038
Best Training Loss: 0.6440
Best Training Loss Epoch: 906
Best Validation Loss: 0.5773
Best Validation Loss Epoch: 952
Time taken for training: 2-13:32:57
Test Loss: 0.5958
Test MAPE: 99799.8203%
Error Statistics:
count    4.127200e+04
mean     6.131029e+02
std      1.905929e+04
min      3.385544e-05
25%      1.888432e-01
50%      1.798602e+00
75%      2.593795e+01
max      3.176155e+06
Name: Absolute Error, dtype: float64
Training complete. Final model saved.
Saving model as a wandb Artifact...
Model artifact logged successfully.
[1;34mwandb[0m: 
[1;34mwandb[0m: 🚀 View run [33mdry-sweep-69[0m at: [34mhttps://wandb.ai/mk8737-new-york-university/rl_pretrain_hp_sweeps/runs/x81k56zu[0m
[1;34mwandb[0m: Find logs at: [1;35mwandb/run-20251006_144028-x81k56zu/logs[0m
Agent finished.
