Waiting for sweep ID...
Found Sweep ID: be12np04
Starting wandb agent for sweep be12np04...
TRAINING DEVICE: cpu
Run Name: GCN_global_hp_sweep_be12np04-r7sng0n8
finidhed preparing data
Loading dataset from pretrain_dataset_12.5k_fixed_duplicates.pkl
Loaded 412712 data objects.
finished preparing data
Epoch 1/1000, Train Loss: 5.6023, Validation Loss: 2.9367
Epoch 2/1000, Train Loss: 1.4561, Validation Loss: 1.2539
Epoch 3/1000, Train Loss: 1.2939, Validation Loss: 1.3393
Epoch 4/1000, Train Loss: 1.2919, Validation Loss: 3.7141
Epoch 5/1000, Train Loss: 1.1511, Validation Loss: 1.6284
Epoch 6/1000, Train Loss: 1.0932, Validation Loss: 1.1617
Epoch 7/1000, Train Loss: 1.1145, Validation Loss: 3.1879
Epoch 8/1000, Train Loss: 1.0835, Validation Loss: 1.1877
Epoch 9/1000, Train Loss: 1.0643, Validation Loss: 2.2164
Epoch 10/1000, Train Loss: 1.0490, Validation Loss: 1.4303
Epoch 11/1000, Train Loss: 1.0354, Validation Loss: 1.5672
Epoch 12/1000, Train Loss: 1.1193, Validation Loss: 1.1373
Epoch 13/1000, Train Loss: 0.9926, Validation Loss: 2.2544
Epoch 14/1000, Train Loss: 1.0564, Validation Loss: 0.8799
Epoch 15/1000, Train Loss: 1.0886, Validation Loss: 1.7653
Epoch 16/1000, Train Loss: 1.0015, Validation Loss: 0.9983
Epoch 17/1000, Train Loss: 1.0194, Validation Loss: 1.1761
Epoch 18/1000, Train Loss: 1.0284, Validation Loss: 6.2321
Epoch 19/1000, Train Loss: 1.0466, Validation Loss: 2.2924
Epoch 20/1000, Train Loss: 1.0169, Validation Loss: 1.3077
Epoch 21/1000, Train Loss: 0.9774, Validation Loss: 2.1060
Epoch 22/1000, Train Loss: 0.9983, Validation Loss: 1.2471
Epoch 23/1000, Train Loss: 0.9946, Validation Loss: 1.5977
Epoch 24/1000, Train Loss: 0.9662, Validation Loss: 1.0378
Epoch 25/1000, Train Loss: 0.9599, Validation Loss: 14.5481
Epoch 26/1000, Train Loss: 0.9870, Validation Loss: 1.7296
Epoch 27/1000, Train Loss: 1.0784, Validation Loss: 2.2650
Epoch 28/1000, Train Loss: 0.9197, Validation Loss: 1.0353
Epoch 29/1000, Train Loss: 0.9318, Validation Loss: 1.1091
Epoch 30/1000, Train Loss: 0.9736, Validation Loss: 3.1596
Epoch 31/1000, Train Loss: 0.9079, Validation Loss: 2.0264
Epoch 32/1000, Train Loss: 0.9141, Validation Loss: 2.0928
Epoch 33/1000, Train Loss: 0.9865, Validation Loss: 1.0494
Epoch 34/1000, Train Loss: 14.5957, Validation Loss: 1.4306
Epoch 35/1000, Train Loss: 0.9819, Validation Loss: 3.6388
Epoch 36/1000, Train Loss: 0.9277, Validation Loss: 5.3460
Epoch 37/1000, Train Loss: 0.8236, Validation Loss: 10.2991
Epoch 38/1000, Train Loss: 0.8149, Validation Loss: 1.5975
Epoch 39/1000, Train Loss: 0.8334, Validation Loss: 1.6032
Epoch 40/1000, Train Loss: 0.8821, Validation Loss: 0.8756
Epoch 41/1000, Train Loss: 0.7985, Validation Loss: 2.5061
Epoch 42/1000, Train Loss: 0.8255, Validation Loss: 3.1002
Epoch 43/1000, Train Loss: 0.9953, Validation Loss: 0.9463
Epoch 44/1000, Train Loss: 0.7726, Validation Loss: 1.0317
Epoch 45/1000, Train Loss: 0.7663, Validation Loss: 1.0440
Epoch 46/1000, Train Loss: 0.7978, Validation Loss: 1.6173
Epoch 47/1000, Train Loss: 0.7489, Validation Loss: 0.6806
Epoch 48/1000, Train Loss: 0.7381, Validation Loss: 3.7928
Epoch 49/1000, Train Loss: 0.7094, Validation Loss: 0.7281
Epoch 50/1000, Train Loss: 0.6938, Validation Loss: 1.3083
Epoch 51/1000, Train Loss: 4.5130, Validation Loss: 2.3568
Epoch 52/1000, Train Loss: 0.7639, Validation Loss: 0.6580
Epoch 53/1000, Train Loss: 0.7037, Validation Loss: 1.6882
Epoch 54/1000, Train Loss: 0.7177, Validation Loss: 1.3658
Epoch 55/1000, Train Loss: 0.6997, Validation Loss: 0.8423
Epoch 56/1000, Train Loss: 0.6741, Validation Loss: 1.6476
Epoch 57/1000, Train Loss: 0.6690, Validation Loss: 0.7036
Epoch 58/1000, Train Loss: 0.6881, Validation Loss: 1.5870
Epoch 59/1000, Train Loss: 0.6610, Validation Loss: 1.6223
Epoch 60/1000, Train Loss: 0.6566, Validation Loss: 0.7149
Epoch 61/1000, Train Loss: 0.6695, Validation Loss: 1.1872
Epoch 62/1000, Train Loss: 0.6489, Validation Loss: 1.6232
Epoch 63/1000, Train Loss: 0.6480, Validation Loss: 0.9890
Epoch 64/1000, Train Loss: 0.6524, Validation Loss: 1.0437
Epoch 65/1000, Train Loss: 0.6385, Validation Loss: 0.8405
Epoch 66/1000, Train Loss: 0.6595, Validation Loss: 0.8423
Epoch 67/1000, Train Loss: 0.6253, Validation Loss: 0.8593
Epoch 68/1000, Train Loss: 0.6114, Validation Loss: 0.9182
Epoch 69/1000, Train Loss: 0.6107, Validation Loss: 1.4018
Epoch 70/1000, Train Loss: 0.6245, Validation Loss: 2.4811
Epoch 71/1000, Train Loss: 0.6106, Validation Loss: 2.4706
Epoch 72/1000, Train Loss: 0.6080, Validation Loss: 0.6080
Epoch 73/1000, Train Loss: 0.6019, Validation Loss: 0.8992
Epoch 74/1000, Train Loss: 0.5971, Validation Loss: 1.1577
Epoch 75/1000, Train Loss: 0.6020, Validation Loss: 1.0065
Epoch 76/1000, Train Loss: 0.6491, Validation Loss: 0.9403
Epoch 77/1000, Train Loss: 0.6103, Validation Loss: 0.6274
Epoch 78/1000, Train Loss: 0.5886, Validation Loss: 1.0224
Epoch 79/1000, Train Loss: 0.6089, Validation Loss: 1.2123
Epoch 80/1000, Train Loss: 0.6222, Validation Loss: 1.9624
Epoch 81/1000, Train Loss: 0.5978, Validation Loss: 2.4514
Epoch 82/1000, Train Loss: 0.5939, Validation Loss: 0.8896
Epoch 83/1000, Train Loss: 0.7631, Validation Loss: 0.8375
Epoch 84/1000, Train Loss: 0.5963, Validation Loss: 0.6826
Epoch 85/1000, Train Loss: 0.6031, Validation Loss: 1.7695
Epoch 86/1000, Train Loss: 0.5907, Validation Loss: 1.0558
Epoch 87/1000, Train Loss: 0.5811, Validation Loss: 1.1796
Epoch 88/1000, Train Loss: 0.5857, Validation Loss: 1.4406
Epoch 89/1000, Train Loss: 0.5676, Validation Loss: 0.8655
Epoch 90/1000, Train Loss: 0.5732, Validation Loss: 2.5845
Epoch 91/1000, Train Loss: 0.5781, Validation Loss: 0.9897
Epoch 92/1000, Train Loss: 0.5648, Validation Loss: 0.6643
Epoch 93/1000, Train Loss: 0.5688, Validation Loss: 1.1144
Epoch 94/1000, Train Loss: 0.5606, Validation Loss: 0.6991
Epoch 95/1000, Train Loss: 0.5708, Validation Loss: 2.7168
Epoch 96/1000, Train Loss: 0.5565, Validation Loss: 2.1903
Epoch 97/1000, Train Loss: 0.5477, Validation Loss: 1.1609
Epoch 98/1000, Train Loss: 0.5494, Validation Loss: 0.8764
Epoch 99/1000, Train Loss: 0.5502, Validation Loss: 0.7361
Epoch 100/1000, Train Loss: 0.5526, Validation Loss: 0.8825
Epoch 101/1000, Train Loss: 0.5418, Validation Loss: 1.1154
Epoch 102/1000, Train Loss: 0.5294, Validation Loss: 1.1151
Epoch 103/1000, Train Loss: 0.5463, Validation Loss: 6.3141
Epoch 104/1000, Train Loss: 0.5506, Validation Loss: 0.7463
Epoch 105/1000, Train Loss: 0.5443, Validation Loss: 2.4210
Epoch 106/1000, Train Loss: 0.5317, Validation Loss: 0.9071
Epoch 107/1000, Train Loss: 0.5417, Validation Loss: 0.8492
Epoch 108/1000, Train Loss: 0.5375, Validation Loss: 0.9379
Epoch 109/1000, Train Loss: 0.5320, Validation Loss: 0.7820
Epoch 110/1000, Train Loss: 0.5235, Validation Loss: 0.6583
Epoch 111/1000, Train Loss: 0.5377, Validation Loss: 1.9780
Epoch 112/1000, Train Loss: 0.5230, Validation Loss: 1.7822
Epoch 113/1000, Train Loss: 0.5251, Validation Loss: 0.5900
Epoch 114/1000, Train Loss: 0.5204, Validation Loss: 1.0655
Epoch 115/1000, Train Loss: 0.5252, Validation Loss: 0.6295
Epoch 116/1000, Train Loss: 0.5254, Validation Loss: 2.0846
Epoch 117/1000, Train Loss: 0.6539, Validation Loss: 1.3379
Epoch 118/1000, Train Loss: 0.5127, Validation Loss: 2.1122
Epoch 119/1000, Train Loss: 0.5164, Validation Loss: 1.7232
Epoch 120/1000, Train Loss: 0.5187, Validation Loss: 0.6184
Epoch 121/1000, Train Loss: 0.5112, Validation Loss: 0.6665
Epoch 122/1000, Train Loss: 0.5185, Validation Loss: 1.8937
Epoch 123/1000, Train Loss: 0.5168, Validation Loss: 2.0400
Epoch 124/1000, Train Loss: 0.5167, Validation Loss: 1.3516
Epoch 125/1000, Train Loss: 0.4994, Validation Loss: 2.6879
Epoch 126/1000, Train Loss: 0.5219, Validation Loss: 0.7214
Epoch 127/1000, Train Loss: 0.5252, Validation Loss: 2.6768
Epoch 128/1000, Train Loss: 0.4992, Validation Loss: 1.0712
Epoch 129/1000, Train Loss: 0.5125, Validation Loss: 2.7791
Epoch 130/1000, Train Loss: 0.5018, Validation Loss: 1.1571
Epoch 131/1000, Train Loss: 0.5060, Validation Loss: 0.6895
Epoch 132/1000, Train Loss: 0.5096, Validation Loss: 0.8423
Epoch 133/1000, Train Loss: 0.5017, Validation Loss: 1.8554
Epoch 134/1000, Train Loss: 0.5120, Validation Loss: 0.9419
Epoch 135/1000, Train Loss: 0.5341, Validation Loss: 1.2797
Epoch 136/1000, Train Loss: 0.4983, Validation Loss: 1.5031
Epoch 137/1000, Train Loss: 0.4950, Validation Loss: 1.0696
Epoch 138/1000, Train Loss: 0.4920, Validation Loss: 0.5282
Epoch 139/1000, Train Loss: 0.4894, Validation Loss: 1.4973
Epoch 140/1000, Train Loss: 0.5132, Validation Loss: 1.2517
Epoch 141/1000, Train Loss: 0.5021, Validation Loss: 0.5362
Epoch 142/1000, Train Loss: 0.4979, Validation Loss: 1.2460
Epoch 143/1000, Train Loss: 0.4976, Validation Loss: 2.4506
Epoch 144/1000, Train Loss: 0.9239, Validation Loss: 1.8078
Epoch 145/1000, Train Loss: 0.5035, Validation Loss: 2.1205
Epoch 146/1000, Train Loss: 0.4974, Validation Loss: 0.7557
Epoch 147/1000, Train Loss: 0.4862, Validation Loss: 0.6872
Epoch 148/1000, Train Loss: 0.4833, Validation Loss: 2.8377
Epoch 149/1000, Train Loss: 0.4769, Validation Loss: 1.1250
Epoch 150/1000, Train Loss: 0.4753, Validation Loss: 0.9802
Epoch 151/1000, Train Loss: 0.4807, Validation Loss: 2.2719
Epoch 152/1000, Train Loss: 0.4873, Validation Loss: 0.9247
Epoch 153/1000, Train Loss: 0.4851, Validation Loss: 1.7119
Epoch 154/1000, Train Loss: 0.4755, Validation Loss: 0.5645
Epoch 155/1000, Train Loss: 0.4825, Validation Loss: 0.5191
Epoch 156/1000, Train Loss: 0.4739, Validation Loss: 1.0761
Epoch 157/1000, Train Loss: 0.4746, Validation Loss: 2.5598
Epoch 158/1000, Train Loss: 0.4758, Validation Loss: 1.9819
Epoch 159/1000, Train Loss: 0.4844, Validation Loss: 0.6148
Epoch 160/1000, Train Loss: 0.4811, Validation Loss: 0.7876
Epoch 161/1000, Train Loss: 0.4758, Validation Loss: 0.7449
Epoch 162/1000, Train Loss: 0.4748, Validation Loss: 1.2916
Epoch 163/1000, Train Loss: 0.4692, Validation Loss: 1.9831
Epoch 164/1000, Train Loss: 0.4839, Validation Loss: 0.7621
Epoch 165/1000, Train Loss: 0.4720, Validation Loss: 0.5271
Epoch 166/1000, Train Loss: 0.4697, Validation Loss: 1.5320
Epoch 167/1000, Train Loss: 0.4685, Validation Loss: 0.6839
Epoch 168/1000, Train Loss: 0.4624, Validation Loss: 1.4003
Epoch 169/1000, Train Loss: 0.4709, Validation Loss: 0.4687
Epoch 170/1000, Train Loss: 0.4714, Validation Loss: 2.3171
Epoch 171/1000, Train Loss: 0.4685, Validation Loss: 0.7411
Epoch 172/1000, Train Loss: 0.4665, Validation Loss: 1.3737
Epoch 173/1000, Train Loss: 0.4571, Validation Loss: 2.3819
Epoch 174/1000, Train Loss: 0.4608, Validation Loss: 2.0242
Epoch 175/1000, Train Loss: 0.4637, Validation Loss: 0.8718
Epoch 176/1000, Train Loss: 0.4700, Validation Loss: 0.6453
Epoch 177/1000, Train Loss: 0.4661, Validation Loss: 0.6938
Epoch 178/1000, Train Loss: 0.4621, Validation Loss: 1.1986
Epoch 179/1000, Train Loss: 0.4593, Validation Loss: 0.9873
Epoch 180/1000, Train Loss: 0.4559, Validation Loss: 0.7962
Epoch 181/1000, Train Loss: 0.4637, Validation Loss: 1.1221
Epoch 182/1000, Train Loss: 0.4689, Validation Loss: 1.2452
Epoch 183/1000, Train Loss: 0.4570, Validation Loss: 2.8461
Epoch 184/1000, Train Loss: 0.4578, Validation Loss: 2.7527
Epoch 185/1000, Train Loss: 0.4589, Validation Loss: 1.7453
Epoch 186/1000, Train Loss: 0.4616, Validation Loss: 0.5058
Epoch 187/1000, Train Loss: 0.4569, Validation Loss: 0.9658
Epoch 188/1000, Train Loss: 0.4533, Validation Loss: 0.5144
Epoch 189/1000, Train Loss: 0.4613, Validation Loss: 1.1448
Epoch 190/1000, Train Loss: 0.4503, Validation Loss: 0.7563
Epoch 191/1000, Train Loss: 0.4566, Validation Loss: 0.8860
Epoch 192/1000, Train Loss: 0.4567, Validation Loss: 0.6558
Epoch 193/1000, Train Loss: 0.4748, Validation Loss: 0.7013
Epoch 194/1000, Train Loss: 0.4882, Validation Loss: 2.6987
Epoch 195/1000, Train Loss: 0.4626, Validation Loss: 0.6519
Epoch 196/1000, Train Loss: 0.4527, Validation Loss: 0.9415
Epoch 197/1000, Train Loss: 0.4505, Validation Loss: 0.7665
Epoch 198/1000, Train Loss: 0.4526, Validation Loss: 0.7995
Epoch 199/1000, Train Loss: 0.4505, Validation Loss: 0.9432
Epoch 200/1000, Train Loss: 0.4564, Validation Loss: 1.5741
Epoch 201/1000, Train Loss: 0.4508, Validation Loss: 0.7716
Epoch 202/1000, Train Loss: 0.4450, Validation Loss: 0.7125
Epoch 203/1000, Train Loss: 0.4490, Validation Loss: 1.5083
Epoch 204/1000, Train Loss: 0.4521, Validation Loss: 2.3397
Epoch 205/1000, Train Loss: 0.4520, Validation Loss: 0.6841
Epoch 206/1000, Train Loss: 0.4503, Validation Loss: 1.8026
Epoch 207/1000, Train Loss: 0.4482, Validation Loss: 0.9091
Epoch 208/1000, Train Loss: 0.4534, Validation Loss: 0.9189
Epoch 209/1000, Train Loss: 0.4426, Validation Loss: 0.7315
Epoch 210/1000, Train Loss: 0.4400, Validation Loss: 0.9425
Epoch 211/1000, Train Loss: 0.4481, Validation Loss: 0.7174
Epoch 212/1000, Train Loss: 0.4353, Validation Loss: 2.0021
Epoch 213/1000, Train Loss: 0.4464, Validation Loss: 0.8488
Epoch 214/1000, Train Loss: 0.4499, Validation Loss: 2.0855
Epoch 215/1000, Train Loss: 0.4495, Validation Loss: 0.6107
Epoch 216/1000, Train Loss: 0.4413, Validation Loss: 0.6061
Epoch 217/1000, Train Loss: 0.4464, Validation Loss: 1.2138
Epoch 218/1000, Train Loss: 0.4486, Validation Loss: 1.9096
Epoch 219/1000, Train Loss: 0.4349, Validation Loss: 2.4217
Epoch 220/1000, Train Loss: 0.4313, Validation Loss: 1.7456
Epoch 221/1000, Train Loss: 0.4339, Validation Loss: 1.6670
Epoch 222/1000, Train Loss: 0.4353, Validation Loss: 1.4895
Epoch 223/1000, Train Loss: 0.4494, Validation Loss: 1.3199
Epoch 224/1000, Train Loss: 0.4442, Validation Loss: 1.9888
Epoch 225/1000, Train Loss: 0.4404, Validation Loss: 1.1410
Epoch 226/1000, Train Loss: 0.4382, Validation Loss: 1.0023
Epoch 227/1000, Train Loss: 0.4368, Validation Loss: 0.7996
Epoch 228/1000, Train Loss: 0.4467, Validation Loss: 1.3960
Epoch 229/1000, Train Loss: 0.4377, Validation Loss: 1.7452
Epoch 230/1000, Train Loss: 0.4383, Validation Loss: 1.4691
Epoch 231/1000, Train Loss: 0.4402, Validation Loss: 2.7896
Epoch 232/1000, Train Loss: 0.4341, Validation Loss: 0.6563
Epoch 233/1000, Train Loss: 0.4339, Validation Loss: 0.5528
Epoch 234/1000, Train Loss: 0.4412, Validation Loss: 1.6432
Epoch 235/1000, Train Loss: 0.4325, Validation Loss: 0.6247
Epoch 236/1000, Train Loss: 0.4380, Validation Loss: 2.6103
Epoch 237/1000, Train Loss: 0.4245, Validation Loss: 1.0686
Epoch 238/1000, Train Loss: 0.4218, Validation Loss: 0.8100
Epoch 239/1000, Train Loss: 0.4258, Validation Loss: 2.5494
Epoch 240/1000, Train Loss: 0.4317, Validation Loss: 1.8578
Epoch 241/1000, Train Loss: 0.4382, Validation Loss: 0.6208
Epoch 242/1000, Train Loss: 0.4302, Validation Loss: 0.5844
Epoch 243/1000, Train Loss: 0.4347, Validation Loss: 1.1150
Epoch 244/1000, Train Loss: 0.4427, Validation Loss: 2.7509
Epoch 245/1000, Train Loss: 0.4284, Validation Loss: 1.0888
Epoch 246/1000, Train Loss: 0.4269, Validation Loss: 1.0409
Epoch 247/1000, Train Loss: 0.4300, Validation Loss: 1.0063
Epoch 248/1000, Train Loss: 0.4293, Validation Loss: 0.6378
Epoch 249/1000, Train Loss: 0.4359, Validation Loss: 1.2697
Epoch 250/1000, Train Loss: 0.4293, Validation Loss: 0.7433
Epoch 251/1000, Train Loss: 0.4341, Validation Loss: 1.1029
Epoch 252/1000, Train Loss: 0.4313, Validation Loss: 0.8632
Epoch 253/1000, Train Loss: 0.4174, Validation Loss: 0.8337
Epoch 254/1000, Train Loss: 0.4225, Validation Loss: 1.0140
Epoch 255/1000, Train Loss: 0.4171, Validation Loss: 0.7389
Epoch 256/1000, Train Loss: 0.4259, Validation Loss: 1.7125
Epoch 257/1000, Train Loss: 0.4280, Validation Loss: 0.5844
Epoch 258/1000, Train Loss: 0.4291, Validation Loss: 0.8292
Epoch 259/1000, Train Loss: 0.4306, Validation Loss: 0.6024
Epoch 260/1000, Train Loss: 0.4268, Validation Loss: 0.9522
Epoch 261/1000, Train Loss: 0.4196, Validation Loss: 1.0240
Epoch 262/1000, Train Loss: 0.4225, Validation Loss: 2.4516
Epoch 263/1000, Train Loss: 0.4184, Validation Loss: 0.9761
Epoch 264/1000, Train Loss: 0.4202, Validation Loss: 1.8609
Epoch 265/1000, Train Loss: 0.4249, Validation Loss: 1.0237
Epoch 266/1000, Train Loss: 0.4236, Validation Loss: 1.1019
Epoch 267/1000, Train Loss: 0.4270, Validation Loss: 0.5368
Epoch 268/1000, Train Loss: 0.4234, Validation Loss: 2.2363
Epoch 269/1000, Train Loss: 0.4205, Validation Loss: 0.7319
Epoch 270/1000, Train Loss: 0.4289, Validation Loss: 1.1067
Epoch 271/1000, Train Loss: 0.4167, Validation Loss: 1.7226
Epoch 272/1000, Train Loss: 0.4135, Validation Loss: 1.5879
Epoch 273/1000, Train Loss: 0.4261, Validation Loss: 0.5130
Epoch 274/1000, Train Loss: 0.4126, Validation Loss: 1.1162
Epoch 275/1000, Train Loss: 0.4147, Validation Loss: 3.9814
Epoch 276/1000, Train Loss: 0.4197, Validation Loss: 0.9011
Epoch 277/1000, Train Loss: 0.4232, Validation Loss: 2.8095
Epoch 278/1000, Train Loss: 0.4198, Validation Loss: 1.9086
Epoch 279/1000, Train Loss: 0.4186, Validation Loss: 0.8528
Epoch 280/1000, Train Loss: 0.4186, Validation Loss: 2.0497
Epoch 281/1000, Train Loss: 0.4143, Validation Loss: 0.5342
Epoch 282/1000, Train Loss: 0.4115, Validation Loss: 0.4959
Epoch 283/1000, Train Loss: 0.4160, Validation Loss: 1.1747
Epoch 284/1000, Train Loss: 0.4121, Validation Loss: 0.6208
Epoch 285/1000, Train Loss: 0.4162, Validation Loss: 0.6806
Epoch 286/1000, Train Loss: 0.4113, Validation Loss: 0.9914
Epoch 287/1000, Train Loss: 0.4197, Validation Loss: 1.1703
Epoch 288/1000, Train Loss: 0.4124, Validation Loss: 0.8256
Epoch 289/1000, Train Loss: 0.4221, Validation Loss: 1.3397
Epoch 290/1000, Train Loss: 0.4119, Validation Loss: 1.9535
Epoch 291/1000, Train Loss: 0.4123, Validation Loss: 0.6191
Epoch 292/1000, Train Loss: 0.4309, Validation Loss: 0.9494
Epoch 293/1000, Train Loss: 0.4147, Validation Loss: 1.3455
Epoch 294/1000, Train Loss: 0.4198, Validation Loss: 0.9960
Epoch 295/1000, Train Loss: 0.4163, Validation Loss: 1.3833
Epoch 296/1000, Train Loss: 0.4098, Validation Loss: 1.5757
Epoch 297/1000, Train Loss: 0.4099, Validation Loss: 0.9090
Epoch 298/1000, Train Loss: 0.4070, Validation Loss: 0.9399
Epoch 299/1000, Train Loss: 0.4100, Validation Loss: 0.4489
Epoch 300/1000, Train Loss: 0.4173, Validation Loss: 2.2810
Epoch 301/1000, Train Loss: 0.4125, Validation Loss: 1.2072
Epoch 302/1000, Train Loss: 0.4016, Validation Loss: 0.5095
Epoch 303/1000, Train Loss: 0.4128, Validation Loss: 0.9708
Epoch 304/1000, Train Loss: 0.4160, Validation Loss: 0.4520
Epoch 305/1000, Train Loss: 0.4130, Validation Loss: 1.1457
Epoch 306/1000, Train Loss: 0.4172, Validation Loss: 0.6330
Epoch 307/1000, Train Loss: 0.4123, Validation Loss: 0.8449
Epoch 308/1000, Train Loss: 0.4081, Validation Loss: 0.6172
Epoch 309/1000, Train Loss: 0.4065, Validation Loss: 0.7110
Epoch 310/1000, Train Loss: 0.4070, Validation Loss: 0.6467
Epoch 311/1000, Train Loss: 0.4108, Validation Loss: 1.1340
Epoch 312/1000, Train Loss: 0.4057, Validation Loss: 1.9669
Epoch 313/1000, Train Loss: 0.4116, Validation Loss: 0.8475
Epoch 314/1000, Train Loss: 0.4112, Validation Loss: 1.7975
Epoch 315/1000, Train Loss: 0.4113, Validation Loss: 0.7095
Epoch 316/1000, Train Loss: 0.4152, Validation Loss: 2.5575
Epoch 317/1000, Train Loss: 0.4293, Validation Loss: 1.1549
Epoch 318/1000, Train Loss: 0.4123, Validation Loss: 1.0440
Epoch 319/1000, Train Loss: 0.4122, Validation Loss: 0.8471
Epoch 320/1000, Train Loss: 0.4067, Validation Loss: 0.5568
Epoch 321/1000, Train Loss: 0.4057, Validation Loss: 1.0325
Epoch 322/1000, Train Loss: 0.4083, Validation Loss: 0.5395
Epoch 323/1000, Train Loss: 0.4112, Validation Loss: 0.6064
Epoch 324/1000, Train Loss: 0.4013, Validation Loss: 0.7658
Epoch 325/1000, Train Loss: 0.4081, Validation Loss: 0.8117
Epoch 326/1000, Train Loss: 0.4060, Validation Loss: 0.9568
Epoch 327/1000, Train Loss: 0.4044, Validation Loss: 1.9510
Epoch 328/1000, Train Loss: 0.4100, Validation Loss: 2.4658
Epoch 329/1000, Train Loss: 0.4117, Validation Loss: 0.6053
Epoch 330/1000, Train Loss: 0.4016, Validation Loss: 1.8476
Epoch 331/1000, Train Loss: 0.4034, Validation Loss: 0.6482
Epoch 332/1000, Train Loss: 0.4114, Validation Loss: 0.8260
Epoch 333/1000, Train Loss: 0.4032, Validation Loss: 1.1013
Epoch 334/1000, Train Loss: 0.4000, Validation Loss: 0.5459
Epoch 335/1000, Train Loss: 0.4041, Validation Loss: 2.6228
Epoch 336/1000, Train Loss: 0.4106, Validation Loss: 0.6759
Epoch 337/1000, Train Loss: 0.4017, Validation Loss: 1.7650
Epoch 338/1000, Train Loss: 0.4104, Validation Loss: 0.9870
Epoch 339/1000, Train Loss: 0.3971, Validation Loss: 0.8981
Epoch 340/1000, Train Loss: 0.4022, Validation Loss: 1.1179
Epoch 341/1000, Train Loss: 0.4065, Validation Loss: 1.0972
Epoch 342/1000, Train Loss: 0.4084, Validation Loss: 2.0447
Epoch 343/1000, Train Loss: 0.3921, Validation Loss: 2.0707
Epoch 344/1000, Train Loss: 0.4058, Validation Loss: 0.8401
Epoch 345/1000, Train Loss: 0.4060, Validation Loss: 0.6695
Epoch 346/1000, Train Loss: 0.4142, Validation Loss: 0.6358
Epoch 347/1000, Train Loss: 0.4083, Validation Loss: 0.6026
Epoch 348/1000, Train Loss: 0.4028, Validation Loss: 0.7687
Epoch 349/1000, Train Loss: 0.3977, Validation Loss: 1.8531
Epoch 350/1000, Train Loss: 0.3978, Validation Loss: 0.8792
Epoch 351/1000, Train Loss: 0.4037, Validation Loss: 0.5358
Epoch 352/1000, Train Loss: 0.3996, Validation Loss: 1.0745
Epoch 353/1000, Train Loss: 0.3914, Validation Loss: 1.2386
Epoch 354/1000, Train Loss: 0.4098, Validation Loss: 0.9834
Epoch 355/1000, Train Loss: 0.4029, Validation Loss: 1.9499
Epoch 356/1000, Train Loss: 0.4042, Validation Loss: 2.3617
Epoch 357/1000, Train Loss: 0.4012, Validation Loss: 1.9208
Epoch 358/1000, Train Loss: 0.3987, Validation Loss: 0.4070
Epoch 359/1000, Train Loss: 0.4049, Validation Loss: 2.1638
Epoch 360/1000, Train Loss: 0.4139, Validation Loss: 0.5400
Epoch 361/1000, Train Loss: 0.4033, Validation Loss: 0.9452
Epoch 362/1000, Train Loss: 0.4020, Validation Loss: 1.8008
Epoch 363/1000, Train Loss: 0.3910, Validation Loss: 1.9620
Epoch 364/1000, Train Loss: 0.3962, Validation Loss: 1.0048
Epoch 365/1000, Train Loss: 0.3932, Validation Loss: 0.8962
Epoch 366/1000, Train Loss: 0.4231, Validation Loss: 0.7546
Epoch 367/1000, Train Loss: 0.3931, Validation Loss: 2.6794
Epoch 368/1000, Train Loss: 0.3918, Validation Loss: 0.9026
Epoch 369/1000, Train Loss: 0.4051, Validation Loss: 1.2062
Epoch 370/1000, Train Loss: 0.4056, Validation Loss: 0.8624
Epoch 371/1000, Train Loss: 0.3953, Validation Loss: 1.0489
Epoch 372/1000, Train Loss: 0.3991, Validation Loss: 0.6929
Epoch 373/1000, Train Loss: 0.3930, Validation Loss: 0.7491
Epoch 374/1000, Train Loss: 0.4027, Validation Loss: 1.0650
Epoch 375/1000, Train Loss: 0.3958, Validation Loss: 1.4228
Epoch 376/1000, Train Loss: 0.4193, Validation Loss: 0.4778
Epoch 377/1000, Train Loss: 0.4041, Validation Loss: 1.2897
Epoch 378/1000, Train Loss: 0.4021, Validation Loss: 1.8692
Epoch 379/1000, Train Loss: 0.3977, Validation Loss: 1.0485
Epoch 380/1000, Train Loss: 0.3950, Validation Loss: 0.9083
Epoch 381/1000, Train Loss: 0.3920, Validation Loss: 2.4305
Epoch 382/1000, Train Loss: 0.3951, Validation Loss: 0.6512
Epoch 383/1000, Train Loss: 0.3902, Validation Loss: 0.6292
Epoch 384/1000, Train Loss: 0.3970, Validation Loss: 0.9254
Epoch 385/1000, Train Loss: 0.3956, Validation Loss: 0.6246
Epoch 386/1000, Train Loss: 0.3916, Validation Loss: 1.8904
Epoch 387/1000, Train Loss: 0.3984, Validation Loss: 0.8311
Epoch 388/1000, Train Loss: 0.3952, Validation Loss: 0.9380
Epoch 389/1000, Train Loss: 0.3914, Validation Loss: 1.0220
Epoch 390/1000, Train Loss: 0.3938, Validation Loss: 1.2644
Epoch 391/1000, Train Loss: 0.3932, Validation Loss: 0.9161
Epoch 392/1000, Train Loss: 0.3896, Validation Loss: 0.7417
Epoch 393/1000, Train Loss: 0.3953, Validation Loss: 1.7525
Epoch 394/1000, Train Loss: 0.3943, Validation Loss: 0.6825
Epoch 395/1000, Train Loss: 0.4059, Validation Loss: 0.6315
Epoch 396/1000, Train Loss: 0.3936, Validation Loss: 1.1144
Epoch 397/1000, Train Loss: 0.3895, Validation Loss: 0.8885
Epoch 398/1000, Train Loss: 0.3819, Validation Loss: 1.3079
Epoch 399/1000, Train Loss: 0.3900, Validation Loss: 1.1655
Epoch 400/1000, Train Loss: 0.3924, Validation Loss: 0.5423
Epoch 401/1000, Train Loss: 0.4016, Validation Loss: 1.8098
Epoch 402/1000, Train Loss: 0.4767, Validation Loss: 0.5994
Epoch 403/1000, Train Loss: 0.3943, Validation Loss: 0.8389
Epoch 404/1000, Train Loss: 0.3892, Validation Loss: 2.2887
Epoch 405/1000, Train Loss: 0.3889, Validation Loss: 0.5853
Epoch 406/1000, Train Loss: 0.3947, Validation Loss: 0.8299
Epoch 407/1000, Train Loss: 0.3880, Validation Loss: 0.8204
Epoch 408/1000, Train Loss: 0.3863, Validation Loss: 1.2800
Epoch 409/1000, Train Loss: 0.3972, Validation Loss: 1.7907
Epoch 410/1000, Train Loss: 0.3963, Validation Loss: 1.0147
Epoch 411/1000, Train Loss: 0.3977, Validation Loss: 1.1114
Epoch 412/1000, Train Loss: 0.3813, Validation Loss: 0.4968
Epoch 413/1000, Train Loss: 0.3910, Validation Loss: 0.7277
Epoch 414/1000, Train Loss: 0.3878, Validation Loss: 1.2721
Epoch 415/1000, Train Loss: 0.3886, Validation Loss: 1.2536
Epoch 416/1000, Train Loss: 0.3861, Validation Loss: 0.5965
Epoch 417/1000, Train Loss: 0.3968, Validation Loss: 1.5004
Epoch 418/1000, Train Loss: 0.3989, Validation Loss: 0.6556
Epoch 419/1000, Train Loss: 0.3835, Validation Loss: 2.8085
Epoch 420/1000, Train Loss: 0.3990, Validation Loss: 0.5691
Epoch 421/1000, Train Loss: 0.4001, Validation Loss: 1.5863
Epoch 422/1000, Train Loss: 0.3882, Validation Loss: 1.5435
Epoch 423/1000, Train Loss: 0.3868, Validation Loss: 0.6453
Epoch 424/1000, Train Loss: 0.3941, Validation Loss: 1.1823
Epoch 425/1000, Train Loss: 0.3880, Validation Loss: 0.6423
Epoch 426/1000, Train Loss: 0.3868, Validation Loss: 1.6558
Epoch 427/1000, Train Loss: 0.3840, Validation Loss: 0.9384
Epoch 428/1000, Train Loss: 0.3853, Validation Loss: 0.6502
Epoch 429/1000, Train Loss: 0.3907, Validation Loss: 0.6512
Epoch 430/1000, Train Loss: 0.3885, Validation Loss: 1.4289
Epoch 431/1000, Train Loss: 0.3873, Validation Loss: 0.6913
Epoch 432/1000, Train Loss: 0.3989, Validation Loss: 0.9594
Epoch 433/1000, Train Loss: 0.3824, Validation Loss: 2.1110
Epoch 434/1000, Train Loss: 0.3887, Validation Loss: 0.5231
Epoch 435/1000, Train Loss: 0.3892, Validation Loss: 0.6240
Epoch 436/1000, Train Loss: 0.4003, Validation Loss: 0.9937
Epoch 437/1000, Train Loss: 0.3839, Validation Loss: 0.9609
Epoch 438/1000, Train Loss: 0.3911, Validation Loss: 0.5766
Epoch 439/1000, Train Loss: 0.3893, Validation Loss: 1.6219
Epoch 440/1000, Train Loss: 0.3891, Validation Loss: 0.5826
Epoch 441/1000, Train Loss: 0.3847, Validation Loss: 0.5131
Epoch 442/1000, Train Loss: 0.3835, Validation Loss: 1.0281
Epoch 443/1000, Train Loss: 0.3948, Validation Loss: 0.4190
Epoch 444/1000, Train Loss: 0.3903, Validation Loss: 1.8552
Epoch 445/1000, Train Loss: 0.3946, Validation Loss: 3.1666
Epoch 446/1000, Train Loss: 0.3946, Validation Loss: 1.4756
Epoch 447/1000, Train Loss: 0.3833, Validation Loss: 0.7769
Epoch 448/1000, Train Loss: 0.3898, Validation Loss: 0.7093
Epoch 449/1000, Train Loss: 0.3880, Validation Loss: 1.2028
Epoch 450/1000, Train Loss: 0.3865, Validation Loss: 0.6284
Epoch 451/1000, Train Loss: 0.3919, Validation Loss: 1.6338
Epoch 452/1000, Train Loss: 0.3879, Validation Loss: 0.7974
Epoch 453/1000, Train Loss: 0.3806, Validation Loss: 0.9641
Epoch 454/1000, Train Loss: 0.3797, Validation Loss: 0.6447
Epoch 455/1000, Train Loss: 0.3873, Validation Loss: 2.8065
Epoch 456/1000, Train Loss: 0.3869, Validation Loss: 0.6164
Epoch 457/1000, Train Loss: 0.3868, Validation Loss: 0.4439
Epoch 458/1000, Train Loss: 0.3831, Validation Loss: 1.0949
Epoch 459/1000, Train Loss: 0.3981, Validation Loss: 1.1901
Epoch 460/1000, Train Loss: 0.3789, Validation Loss: 0.6275
Epoch 461/1000, Train Loss: 0.3840, Validation Loss: 0.8602
Epoch 462/1000, Train Loss: 0.3802, Validation Loss: 1.2125
Epoch 463/1000, Train Loss: 0.3894, Validation Loss: 1.1719
Epoch 464/1000, Train Loss: 0.3838, Validation Loss: 1.3257
Epoch 465/1000, Train Loss: 0.3791, Validation Loss: 0.7731
Epoch 466/1000, Train Loss: 0.3775, Validation Loss: 0.4921
Epoch 467/1000, Train Loss: 0.3765, Validation Loss: 2.1184
Epoch 468/1000, Train Loss: 0.3854, Validation Loss: 0.6714
Epoch 469/1000, Train Loss: 0.3876, Validation Loss: 1.7880
Epoch 470/1000, Train Loss: 0.3842, Validation Loss: 0.7016
Epoch 471/1000, Train Loss: 0.3811, Validation Loss: 0.5105
Epoch 472/1000, Train Loss: 0.3837, Validation Loss: 0.6893
Epoch 473/1000, Train Loss: 0.4013, Validation Loss: 1.4428
Epoch 474/1000, Train Loss: 0.3847, Validation Loss: 0.7449
Epoch 475/1000, Train Loss: 0.3741, Validation Loss: 2.7339
Epoch 476/1000, Train Loss: 0.3772, Validation Loss: 2.2012
Epoch 477/1000, Train Loss: 0.3824, Validation Loss: 1.0514
Epoch 478/1000, Train Loss: 0.3808, Validation Loss: 1.3194
Epoch 479/1000, Train Loss: 0.3802, Validation Loss: 2.4252
Epoch 480/1000, Train Loss: 0.3834, Validation Loss: 0.5403
Epoch 481/1000, Train Loss: 0.3893, Validation Loss: 0.7462
Epoch 482/1000, Train Loss: 0.3816, Validation Loss: 0.5317
Epoch 483/1000, Train Loss: 0.3835, Validation Loss: 0.9124
Epoch 484/1000, Train Loss: 0.3870, Validation Loss: 1.5978
Epoch 485/1000, Train Loss: 0.3878, Validation Loss: 0.7575
Epoch 486/1000, Train Loss: 0.3814, Validation Loss: 0.6577
Epoch 487/1000, Train Loss: 0.3865, Validation Loss: 0.7908
Epoch 488/1000, Train Loss: 0.3878, Validation Loss: 2.3857
Epoch 489/1000, Train Loss: 0.3783, Validation Loss: 1.6807
Epoch 490/1000, Train Loss: 0.3938, Validation Loss: 0.4324
Epoch 491/1000, Train Loss: 0.3904, Validation Loss: 1.0340
Epoch 492/1000, Train Loss: 0.3802, Validation Loss: 0.9195
Epoch 493/1000, Train Loss: 0.3841, Validation Loss: 1.0343
Epoch 494/1000, Train Loss: 0.3794, Validation Loss: 1.6872
Epoch 495/1000, Train Loss: 0.3834, Validation Loss: 1.0910
Epoch 496/1000, Train Loss: 0.3763, Validation Loss: 0.8032
Epoch 497/1000, Train Loss: 0.3847, Validation Loss: 0.6362
Epoch 498/1000, Train Loss: 0.3832, Validation Loss: 0.5016
Epoch 499/1000, Train Loss: 0.3815, Validation Loss: 0.4421
Epoch 500/1000, Train Loss: 0.3751, Validation Loss: 0.7169
Epoch 501/1000, Train Loss: 0.3834, Validation Loss: 1.7183
Epoch 502/1000, Train Loss: 0.3891, Validation Loss: 1.9780
Epoch 503/1000, Train Loss: 0.3730, Validation Loss: 1.6210
Epoch 504/1000, Train Loss: 0.3835, Validation Loss: 1.8345
Epoch 505/1000, Train Loss: 0.3810, Validation Loss: 1.6766
Epoch 506/1000, Train Loss: 0.3763, Validation Loss: 1.3405
Epoch 507/1000, Train Loss: 0.3846, Validation Loss: 1.0159
Epoch 508/1000, Train Loss: 0.3812, Validation Loss: 1.5830
Epoch 509/1000, Train Loss: 0.3771, Validation Loss: 1.3215
Epoch 510/1000, Train Loss: 0.3781, Validation Loss: 1.1338
Epoch 511/1000, Train Loss: 0.3830, Validation Loss: 0.5781
Epoch 512/1000, Train Loss: 0.3835, Validation Loss: 1.0248
Epoch 513/1000, Train Loss: 0.3830, Validation Loss: 0.8856
Epoch 514/1000, Train Loss: 0.3739, Validation Loss: 1.2956
Epoch 515/1000, Train Loss: 0.3785, Validation Loss: 0.8118
Epoch 516/1000, Train Loss: 0.3820, Validation Loss: 0.8321
Epoch 517/1000, Train Loss: 0.3774, Validation Loss: 0.8194
Epoch 518/1000, Train Loss: 0.3857, Validation Loss: 0.7745
Epoch 519/1000, Train Loss: 0.3803, Validation Loss: 1.3992
Epoch 520/1000, Train Loss: 0.3758, Validation Loss: 0.7514
Epoch 521/1000, Train Loss: 0.3906, Validation Loss: 1.4079
Epoch 522/1000, Train Loss: 0.3799, Validation Loss: 1.6322
Epoch 523/1000, Train Loss: 0.3776, Validation Loss: 0.7732
Epoch 524/1000, Train Loss: 0.3773, Validation Loss: 0.8523
Epoch 525/1000, Train Loss: 0.4085, Validation Loss: 0.7616
Epoch 526/1000, Train Loss: 0.3776, Validation Loss: 1.3465
Epoch 527/1000, Train Loss: 0.3718, Validation Loss: 0.9817
Epoch 528/1000, Train Loss: 0.3722, Validation Loss: 0.9301
Epoch 529/1000, Train Loss: 0.3766, Validation Loss: 1.0668
Epoch 530/1000, Train Loss: 0.3765, Validation Loss: 1.0843
Epoch 531/1000, Train Loss: 0.3816, Validation Loss: 1.6313
Epoch 532/1000, Train Loss: 0.3804, Validation Loss: 0.9179
Epoch 533/1000, Train Loss: 0.3833, Validation Loss: 0.8978
Epoch 534/1000, Train Loss: 0.3720, Validation Loss: 0.6904
Epoch 535/1000, Train Loss: 0.3746, Validation Loss: 0.8414
Epoch 536/1000, Train Loss: 0.3731, Validation Loss: 0.9305
Epoch 537/1000, Train Loss: 0.3840, Validation Loss: 0.4653
Epoch 538/1000, Train Loss: 0.3770, Validation Loss: 2.1535
Epoch 539/1000, Train Loss: 0.3784, Validation Loss: 1.6127
Epoch 540/1000, Train Loss: 0.3757, Validation Loss: 1.8457
Epoch 541/1000, Train Loss: 0.3707, Validation Loss: 0.7281
Epoch 542/1000, Train Loss: 0.3684, Validation Loss: 0.7497
Epoch 543/1000, Train Loss: 0.3820, Validation Loss: 2.6178
Epoch 544/1000, Train Loss: 0.3760, Validation Loss: 0.9364
Epoch 545/1000, Train Loss: 0.3757, Validation Loss: 1.7164
Epoch 546/1000, Train Loss: 0.3734, Validation Loss: 1.4349
Epoch 547/1000, Train Loss: 0.3853, Validation Loss: 1.0093
Epoch 548/1000, Train Loss: 0.3748, Validation Loss: 1.0620
Epoch 549/1000, Train Loss: 0.3681, Validation Loss: 0.5514
Epoch 550/1000, Train Loss: 0.3702, Validation Loss: 2.0546
Epoch 551/1000, Train Loss: 0.3775, Validation Loss: 0.8752
Epoch 552/1000, Train Loss: 0.4078, Validation Loss: 0.7741
Epoch 553/1000, Train Loss: 0.3796, Validation Loss: 1.1564
Epoch 554/1000, Train Loss: 0.3788, Validation Loss: 0.5252
Epoch 555/1000, Train Loss: 0.3674, Validation Loss: 1.7380
Epoch 556/1000, Train Loss: 0.3699, Validation Loss: 1.1340
Epoch 557/1000, Train Loss: 0.3745, Validation Loss: 1.3834
Epoch 558/1000, Train Loss: 0.3875, Validation Loss: 0.8930
Epoch 559/1000, Train Loss: 0.3723, Validation Loss: 0.6526
Epoch 560/1000, Train Loss: 0.3735, Validation Loss: 1.4559
Epoch 561/1000, Train Loss: 0.3760, Validation Loss: 0.6158
Epoch 562/1000, Train Loss: 0.3736, Validation Loss: 0.4500
Epoch 563/1000, Train Loss: 0.3711, Validation Loss: 0.4514
Epoch 564/1000, Train Loss: 0.3691, Validation Loss: 2.0997
Epoch 565/1000, Train Loss: 0.3707, Validation Loss: 0.7523
Epoch 566/1000, Train Loss: 0.3671, Validation Loss: 1.1828
Epoch 567/1000, Train Loss: 0.3698, Validation Loss: 1.4591
Epoch 568/1000, Train Loss: 0.3709, Validation Loss: 2.6951
Epoch 569/1000, Train Loss: 0.3749, Validation Loss: 0.5306
Epoch 570/1000, Train Loss: 0.3790, Validation Loss: 0.5566
Epoch 571/1000, Train Loss: 0.3747, Validation Loss: 0.5816
Epoch 572/1000, Train Loss: 0.3765, Validation Loss: 1.0038
Epoch 573/1000, Train Loss: 0.3800, Validation Loss: 0.7345
Epoch 574/1000, Train Loss: 0.3734, Validation Loss: 0.8905
Epoch 575/1000, Train Loss: 0.3749, Validation Loss: 0.9992
Epoch 576/1000, Train Loss: 0.3709, Validation Loss: 0.4510
Epoch 577/1000, Train Loss: 0.3749, Validation Loss: 1.3674
Epoch 578/1000, Train Loss: 0.3718, Validation Loss: 1.0356
Epoch 579/1000, Train Loss: 0.3780, Validation Loss: 0.8385
Epoch 580/1000, Train Loss: 0.3698, Validation Loss: 0.8598
Epoch 581/1000, Train Loss: 0.3739, Validation Loss: 1.7477
Epoch 582/1000, Train Loss: 0.3709, Validation Loss: 0.7180
Epoch 583/1000, Train Loss: 0.3685, Validation Loss: 0.9264
Epoch 584/1000, Train Loss: 0.3736, Validation Loss: 2.2519
Epoch 585/1000, Train Loss: 0.3729, Validation Loss: 2.5772
Epoch 586/1000, Train Loss: 0.3728, Validation Loss: 0.6892
Epoch 587/1000, Train Loss: 0.3683, Validation Loss: 0.6942
Epoch 588/1000, Train Loss: 0.3769, Validation Loss: 0.9477
Epoch 589/1000, Train Loss: 0.3717, Validation Loss: 0.8059
Epoch 590/1000, Train Loss: 0.3783, Validation Loss: 1.9317
Epoch 591/1000, Train Loss: 0.3779, Validation Loss: 1.7850
Epoch 592/1000, Train Loss: 0.3711, Validation Loss: 1.4831
Epoch 593/1000, Train Loss: 0.3681, Validation Loss: 0.7057
Epoch 594/1000, Train Loss: 0.3710, Validation Loss: 1.1501
Epoch 595/1000, Train Loss: 0.3705, Validation Loss: 0.8498
Epoch 596/1000, Train Loss: 0.3786, Validation Loss: 0.7971
Epoch 597/1000, Train Loss: 0.3649, Validation Loss: 0.8931
Epoch 598/1000, Train Loss: 0.3740, Validation Loss: 1.2822
Epoch 599/1000, Train Loss: 0.3724, Validation Loss: 0.5904
Epoch 600/1000, Train Loss: 0.3714, Validation Loss: 1.5027
Epoch 601/1000, Train Loss: 0.3766, Validation Loss: 2.3042
Epoch 602/1000, Train Loss: 0.3724, Validation Loss: 0.9774
Epoch 603/1000, Train Loss: 0.3772, Validation Loss: 1.4037
Epoch 604/1000, Train Loss: 0.3725, Validation Loss: 1.1682
Epoch 605/1000, Train Loss: 0.3651, Validation Loss: 1.2334
Epoch 606/1000, Train Loss: 0.3805, Validation Loss: 0.8466
Epoch 607/1000, Train Loss: 0.3688, Validation Loss: 2.1118
Epoch 608/1000, Train Loss: 0.3760, Validation Loss: 0.6740
Epoch 609/1000, Train Loss: 0.3681, Validation Loss: 0.6065
Epoch 610/1000, Train Loss: 0.3736, Validation Loss: 1.1285
Epoch 611/1000, Train Loss: 0.3700, Validation Loss: 0.4302
Epoch 612/1000, Train Loss: 0.3730, Validation Loss: 1.6241
Epoch 613/1000, Train Loss: 0.3741, Validation Loss: 0.8011
Epoch 614/1000, Train Loss: 0.3620, Validation Loss: 1.0526
Epoch 615/1000, Train Loss: 0.3629, Validation Loss: 1.7221
Epoch 616/1000, Train Loss: 0.3760, Validation Loss: 1.1840
Epoch 617/1000, Train Loss: 0.3722, Validation Loss: 0.4958
Epoch 618/1000, Train Loss: 0.3650, Validation Loss: 0.9935
Epoch 619/1000, Train Loss: 0.3729, Validation Loss: 1.3451
Epoch 620/1000, Train Loss: 0.3691, Validation Loss: 0.6014
Epoch 621/1000, Train Loss: 0.3708, Validation Loss: 0.6659
Epoch 622/1000, Train Loss: 0.3682, Validation Loss: 1.4040
Epoch 623/1000, Train Loss: 0.3648, Validation Loss: 0.7681
Epoch 624/1000, Train Loss: 0.3659, Validation Loss: 1.6312
Epoch 625/1000, Train Loss: 0.3703, Validation Loss: 1.7214
Epoch 626/1000, Train Loss: 0.3658, Validation Loss: 3.2895
Epoch 627/1000, Train Loss: 0.3693, Validation Loss: 1.6047
Epoch 628/1000, Train Loss: 0.3716, Validation Loss: 0.6862
Epoch 629/1000, Train Loss: 0.3714, Validation Loss: 1.4332
Epoch 630/1000, Train Loss: 0.3700, Validation Loss: 1.1270
Epoch 631/1000, Train Loss: 0.3636, Validation Loss: 0.6259
Epoch 632/1000, Train Loss: 0.3607, Validation Loss: 2.7975
Epoch 633/1000, Train Loss: 0.3681, Validation Loss: 0.6471
Epoch 634/1000, Train Loss: 0.3676, Validation Loss: 1.7221
Epoch 635/1000, Train Loss: 0.3739, Validation Loss: 0.8104
Epoch 636/1000, Train Loss: 0.3842, Validation Loss: 1.0745
Epoch 637/1000, Train Loss: 0.3663, Validation Loss: 2.0585
Epoch 638/1000, Train Loss: 0.3722, Validation Loss: 0.9514
Epoch 639/1000, Train Loss: 0.3663, Validation Loss: 1.4558
Epoch 640/1000, Train Loss: 0.3734, Validation Loss: 1.3848
Epoch 641/1000, Train Loss: 0.3712, Validation Loss: 0.8677
Epoch 642/1000, Train Loss: 0.3728, Validation Loss: 2.0540
Epoch 643/1000, Train Loss: 0.3758, Validation Loss: 1.5616
Epoch 644/1000, Train Loss: 0.3717, Validation Loss: 1.3125
Epoch 645/1000, Train Loss: 0.3676, Validation Loss: 0.9751
Epoch 646/1000, Train Loss: 0.3635, Validation Loss: 2.5255
Epoch 647/1000, Train Loss: 0.3684, Validation Loss: 0.5985
Epoch 648/1000, Train Loss: 0.3605, Validation Loss: 0.8647
Epoch 649/1000, Train Loss: 0.3675, Validation Loss: 4.0510
Epoch 650/1000, Train Loss: 0.3744, Validation Loss: 0.6415
Epoch 651/1000, Train Loss: 0.3651, Validation Loss: 0.6613
Epoch 652/1000, Train Loss: 0.3636, Validation Loss: 0.4951
Epoch 653/1000, Train Loss: 0.3641, Validation Loss: 0.6547
Epoch 654/1000, Train Loss: 0.3692, Validation Loss: 1.1657
Epoch 655/1000, Train Loss: 0.3779, Validation Loss: 1.2274
Epoch 656/1000, Train Loss: 0.3671, Validation Loss: 0.7217
Epoch 657/1000, Train Loss: 0.3633, Validation Loss: 0.7937
Epoch 658/1000, Train Loss: 0.3685, Validation Loss: 1.7591
Epoch 659/1000, Train Loss: 0.3679, Validation Loss: 1.6343
Epoch 660/1000, Train Loss: 0.3645, Validation Loss: 0.7204
Epoch 661/1000, Train Loss: 0.3664, Validation Loss: 1.1454
Epoch 662/1000, Train Loss: 0.3725, Validation Loss: 0.5187
Epoch 663/1000, Train Loss: 0.3619, Validation Loss: 1.6177
Epoch 664/1000, Train Loss: 0.3698, Validation Loss: 2.2612
Epoch 665/1000, Train Loss: 0.3742, Validation Loss: 1.2923
Epoch 666/1000, Train Loss: 0.3706, Validation Loss: 0.6456
Epoch 667/1000, Train Loss: 0.3748, Validation Loss: 0.9537
Epoch 668/1000, Train Loss: 0.3663, Validation Loss: 1.9017
Epoch 669/1000, Train Loss: 0.3714, Validation Loss: 1.4408
Epoch 670/1000, Train Loss: 0.3625, Validation Loss: 0.8959
Epoch 671/1000, Train Loss: 0.3722, Validation Loss: 0.7201
Epoch 672/1000, Train Loss: 0.3623, Validation Loss: 1.1646
Epoch 673/1000, Train Loss: 0.3630, Validation Loss: 0.4575
Epoch 674/1000, Train Loss: 0.3658, Validation Loss: 2.7686
Epoch 675/1000, Train Loss: 0.3639, Validation Loss: 0.9813
Epoch 676/1000, Train Loss: 0.3647, Validation Loss: 1.0734
Epoch 677/1000, Train Loss: 0.3716, Validation Loss: 2.6209
Epoch 678/1000, Train Loss: 0.3744, Validation Loss: 1.8719
Epoch 679/1000, Train Loss: 0.3570, Validation Loss: 0.9048
Epoch 680/1000, Train Loss: 0.3628, Validation Loss: 1.2708
Epoch 681/1000, Train Loss: 0.3659, Validation Loss: 1.8329
Epoch 682/1000, Train Loss: 0.3672, Validation Loss: 1.0285
Epoch 683/1000, Train Loss: 0.3647, Validation Loss: 0.6232
Epoch 684/1000, Train Loss: 0.3602, Validation Loss: 0.7435
Epoch 685/1000, Train Loss: 0.3703, Validation Loss: 1.1352
Epoch 686/1000, Train Loss: 0.3617, Validation Loss: 1.3066
Epoch 687/1000, Train Loss: 0.3710, Validation Loss: 0.8648
Epoch 688/1000, Train Loss: 0.3637, Validation Loss: 1.7675
Epoch 689/1000, Train Loss: 0.3794, Validation Loss: 0.5789
Epoch 690/1000, Train Loss: 0.3593, Validation Loss: 0.9206
Epoch 691/1000, Train Loss: 0.3654, Validation Loss: 0.5149
Epoch 692/1000, Train Loss: 0.3647, Validation Loss: 0.7898
Epoch 693/1000, Train Loss: 0.3641, Validation Loss: 1.4503
Epoch 694/1000, Train Loss: 0.3635, Validation Loss: 0.5908
Epoch 695/1000, Train Loss: 0.3664, Validation Loss: 1.1546
Epoch 696/1000, Train Loss: 0.3684, Validation Loss: 1.0593
Epoch 697/1000, Train Loss: 0.3647, Validation Loss: 2.3740
Epoch 698/1000, Train Loss: 0.3581, Validation Loss: 0.5428
Epoch 699/1000, Train Loss: 0.3609, Validation Loss: 0.4869
Epoch 700/1000, Train Loss: 0.3592, Validation Loss: 0.8017
Epoch 701/1000, Train Loss: 0.3649, Validation Loss: 0.6742
Epoch 702/1000, Train Loss: 0.3593, Validation Loss: 0.5523
Epoch 703/1000, Train Loss: 0.3592, Validation Loss: 0.7924
Epoch 704/1000, Train Loss: 0.3623, Validation Loss: 0.4732
Epoch 705/1000, Train Loss: 0.3672, Validation Loss: 0.9386
Epoch 706/1000, Train Loss: 0.3622, Validation Loss: 1.7551
Epoch 707/1000, Train Loss: 0.3542, Validation Loss: 2.7148
Epoch 708/1000, Train Loss: 0.3594, Validation Loss: 0.7490
Epoch 709/1000, Train Loss: 0.3640, Validation Loss: 1.3573
Epoch 710/1000, Train Loss: 0.3616, Validation Loss: 0.6134
Epoch 711/1000, Train Loss: 0.3707, Validation Loss: 2.7624
Epoch 712/1000, Train Loss: 0.3595, Validation Loss: 1.0439
Epoch 713/1000, Train Loss: 0.3632, Validation Loss: 0.6147
Epoch 714/1000, Train Loss: 0.3575, Validation Loss: 1.4745
Epoch 715/1000, Train Loss: 0.3773, Validation Loss: 2.7705
Epoch 716/1000, Train Loss: 0.3570, Validation Loss: 2.3008
Epoch 717/1000, Train Loss: 0.3646, Validation Loss: 0.7520
Epoch 718/1000, Train Loss: 0.3588, Validation Loss: 1.2037
Epoch 719/1000, Train Loss: 0.3602, Validation Loss: 1.9501
Epoch 720/1000, Train Loss: 0.3578, Validation Loss: 1.7136
Epoch 721/1000, Train Loss: 0.3663, Validation Loss: 0.5551
Epoch 722/1000, Train Loss: 0.3558, Validation Loss: 0.8657
Epoch 723/1000, Train Loss: 0.3543, Validation Loss: 0.9124
Epoch 724/1000, Train Loss: 0.3627, Validation Loss: 0.4968
Epoch 725/1000, Train Loss: 0.3651, Validation Loss: 1.8279
Epoch 726/1000, Train Loss: 0.3617, Validation Loss: 1.8595
Epoch 727/1000, Train Loss: 0.3611, Validation Loss: 0.9935
Epoch 728/1000, Train Loss: 0.3525, Validation Loss: 0.6026
Epoch 729/1000, Train Loss: 0.3603, Validation Loss: 0.6539
Epoch 730/1000, Train Loss: 0.3695, Validation Loss: 1.3504
Epoch 731/1000, Train Loss: 0.3587, Validation Loss: 0.6101
Epoch 732/1000, Train Loss: 0.3540, Validation Loss: 1.3673
Epoch 733/1000, Train Loss: 0.3642, Validation Loss: 0.7197
Epoch 734/1000, Train Loss: 0.3613, Validation Loss: 0.6802
Epoch 735/1000, Train Loss: 0.3630, Validation Loss: 0.5410
Epoch 736/1000, Train Loss: 0.3754, Validation Loss: 1.7821
Epoch 737/1000, Train Loss: 0.3601, Validation Loss: 1.0074
Epoch 738/1000, Train Loss: 0.3591, Validation Loss: 0.6479
Epoch 739/1000, Train Loss: 0.3702, Validation Loss: 0.8709
Epoch 740/1000, Train Loss: 0.3578, Validation Loss: 0.8771
Epoch 741/1000, Train Loss: 0.3612, Validation Loss: 0.6828
Epoch 742/1000, Train Loss: 0.3592, Validation Loss: 0.9648
Epoch 743/1000, Train Loss: 0.3635, Validation Loss: 0.4438
Epoch 744/1000, Train Loss: 0.3580, Validation Loss: 0.5142
Epoch 745/1000, Train Loss: 0.3663, Validation Loss: 1.2484
Epoch 746/1000, Train Loss: 0.3652, Validation Loss: 0.7998
Epoch 747/1000, Train Loss: 0.3659, Validation Loss: 0.7209
Epoch 748/1000, Train Loss: 0.3609, Validation Loss: 1.3813
Epoch 749/1000, Train Loss: 0.3515, Validation Loss: 1.9270
Epoch 750/1000, Train Loss: 0.3586, Validation Loss: 0.7103
Epoch 751/1000, Train Loss: 0.3756, Validation Loss: 0.4639
Epoch 752/1000, Train Loss: 0.3552, Validation Loss: 1.2797
Epoch 753/1000, Train Loss: 0.3601, Validation Loss: 1.9267
Epoch 754/1000, Train Loss: 0.3605, Validation Loss: 1.0643
Epoch 755/1000, Train Loss: 0.3580, Validation Loss: 0.9108
Epoch 756/1000, Train Loss: 0.3832, Validation Loss: 0.6659
Epoch 757/1000, Train Loss: 0.3584, Validation Loss: 0.8093
Epoch 758/1000, Train Loss: 0.3582, Validation Loss: 0.6716
Epoch 759/1000, Train Loss: 0.3532, Validation Loss: 1.0453
Epoch 760/1000, Train Loss: 0.3612, Validation Loss: 0.8208
Epoch 761/1000, Train Loss: 0.3553, Validation Loss: 0.7151
Epoch 762/1000, Train Loss: 0.3584, Validation Loss: 0.5417
Epoch 763/1000, Train Loss: 0.3547, Validation Loss: 1.0940
Epoch 764/1000, Train Loss: 0.3593, Validation Loss: 0.9521
Epoch 765/1000, Train Loss: 0.3621, Validation Loss: 0.7522
Epoch 766/1000, Train Loss: 0.3534, Validation Loss: 0.9225
Epoch 767/1000, Train Loss: 0.3575, Validation Loss: 1.9666
Epoch 768/1000, Train Loss: 0.3593, Validation Loss: 0.4041
Epoch 769/1000, Train Loss: 0.3573, Validation Loss: 0.7951
Epoch 770/1000, Train Loss: 0.3614, Validation Loss: 1.4194
Epoch 771/1000, Train Loss: 0.3565, Validation Loss: 0.4973
Epoch 772/1000, Train Loss: 0.3606, Validation Loss: 0.7858
Epoch 773/1000, Train Loss: 0.3560, Validation Loss: 1.7905
Epoch 774/1000, Train Loss: 0.3524, Validation Loss: 1.0743
Epoch 775/1000, Train Loss: 0.3789, Validation Loss: 0.5715
Epoch 776/1000, Train Loss: 0.3563, Validation Loss: 0.7111
Epoch 777/1000, Train Loss: 0.3537, Validation Loss: 0.7125
Epoch 778/1000, Train Loss: 0.3567, Validation Loss: 0.9200
Epoch 779/1000, Train Loss: 0.3481, Validation Loss: 0.6796
Epoch 780/1000, Train Loss: 0.3654, Validation Loss: 1.6073
Epoch 781/1000, Train Loss: 0.3581, Validation Loss: 0.6804
Epoch 782/1000, Train Loss: 0.3581, Validation Loss: 0.4567
Epoch 783/1000, Train Loss: 0.3585, Validation Loss: 1.0770
Epoch 784/1000, Train Loss: 0.3628, Validation Loss: 0.8744
Epoch 785/1000, Train Loss: 0.3585, Validation Loss: 1.0973
Epoch 786/1000, Train Loss: 0.3632, Validation Loss: 1.7305
Epoch 787/1000, Train Loss: 0.3529, Validation Loss: 0.5025
Epoch 788/1000, Train Loss: 0.3560, Validation Loss: 0.9647
Epoch 789/1000, Train Loss: 0.3636, Validation Loss: 1.3385
Epoch 790/1000, Train Loss: 0.3587, Validation Loss: 0.6139
Epoch 791/1000, Train Loss: 0.3573, Validation Loss: 0.6007
Epoch 792/1000, Train Loss: 0.3547, Validation Loss: 1.5405
Epoch 793/1000, Train Loss: 0.3626, Validation Loss: 0.4149
Epoch 794/1000, Train Loss: 0.3583, Validation Loss: 0.4676
Epoch 795/1000, Train Loss: 0.3597, Validation Loss: 2.7553
Epoch 796/1000, Train Loss: 0.3590, Validation Loss: 0.9176
Epoch 797/1000, Train Loss: 0.3581, Validation Loss: 0.6960
Epoch 798/1000, Train Loss: 0.3604, Validation Loss: 4.0462
Epoch 799/1000, Train Loss: 0.3558, Validation Loss: 0.3921
Epoch 800/1000, Train Loss: 0.3541, Validation Loss: 0.8397
Epoch 801/1000, Train Loss: 0.3561, Validation Loss: 0.8393
Epoch 802/1000, Train Loss: 0.3752, Validation Loss: 0.9697
Epoch 803/1000, Train Loss: 0.3623, Validation Loss: 1.5538
Epoch 804/1000, Train Loss: 0.3590, Validation Loss: 1.2369
Epoch 805/1000, Train Loss: 0.3505, Validation Loss: 2.2360
Epoch 806/1000, Train Loss: 0.3492, Validation Loss: 1.1886
Epoch 807/1000, Train Loss: 0.3570, Validation Loss: 0.8917
Epoch 808/1000, Train Loss: 0.3733, Validation Loss: 3.2325
Epoch 809/1000, Train Loss: 0.3546, Validation Loss: 0.9583
Epoch 810/1000, Train Loss: 0.3555, Validation Loss: 2.3216
Epoch 811/1000, Train Loss: 0.3724, Validation Loss: 1.5258
Epoch 812/1000, Train Loss: 0.3738, Validation Loss: 1.1708
Epoch 813/1000, Train Loss: 0.3631, Validation Loss: 0.9305
Epoch 814/1000, Train Loss: 0.3555, Validation Loss: 0.4831
Epoch 815/1000, Train Loss: 0.3543, Validation Loss: 0.5507
Epoch 816/1000, Train Loss: 0.3538, Validation Loss: 0.7566
Epoch 817/1000, Train Loss: 0.3673, Validation Loss: 0.8946
Epoch 818/1000, Train Loss: 0.3595, Validation Loss: 1.1720
Epoch 819/1000, Train Loss: 0.3498, Validation Loss: 0.9428
Epoch 820/1000, Train Loss: 0.3523, Validation Loss: 1.1984
Epoch 821/1000, Train Loss: 0.3534, Validation Loss: 0.5291
Epoch 822/1000, Train Loss: 0.3652, Validation Loss: 3.0319
Epoch 823/1000, Train Loss: 0.3549, Validation Loss: 1.8077
Epoch 824/1000, Train Loss: 0.3445, Validation Loss: 0.8931
Epoch 825/1000, Train Loss: 0.3557, Validation Loss: 0.4841
Epoch 826/1000, Train Loss: 0.3555, Validation Loss: 0.7880
Epoch 827/1000, Train Loss: 0.3601, Validation Loss: 0.5634
Epoch 828/1000, Train Loss: 0.3467, Validation Loss: 1.9048
Epoch 829/1000, Train Loss: 0.3453, Validation Loss: 0.6788
Epoch 830/1000, Train Loss: 0.3516, Validation Loss: 1.4904
Epoch 831/1000, Train Loss: 0.3602, Validation Loss: 2.2740
Epoch 832/1000, Train Loss: 0.3708, Validation Loss: 0.6164
Epoch 833/1000, Train Loss: 0.3576, Validation Loss: 1.2447
Epoch 834/1000, Train Loss: 0.3533, Validation Loss: 1.3692
Epoch 835/1000, Train Loss: 0.3501, Validation Loss: 0.5062
Epoch 836/1000, Train Loss: 0.3612, Validation Loss: 1.0105
Epoch 837/1000, Train Loss: 0.3516, Validation Loss: 1.3529
Epoch 838/1000, Train Loss: 0.3609, Validation Loss: 1.8852
Epoch 839/1000, Train Loss: 0.3561, Validation Loss: 4.2847
Epoch 840/1000, Train Loss: 0.3523, Validation Loss: 0.5122
Epoch 841/1000, Train Loss: 0.3491, Validation Loss: 1.1417
Epoch 842/1000, Train Loss: 0.3615, Validation Loss: 2.2543
Epoch 843/1000, Train Loss: 0.3647, Validation Loss: 1.0136
Epoch 844/1000, Train Loss: 0.3603, Validation Loss: 0.9613
Epoch 845/1000, Train Loss: 0.3560, Validation Loss: 1.3171
Epoch 846/1000, Train Loss: 0.3548, Validation Loss: 9.8803
Epoch 847/1000, Train Loss: 0.3765, Validation Loss: 2.7688
Epoch 848/1000, Train Loss: 0.3663, Validation Loss: 0.9687
Epoch 849/1000, Train Loss: 0.4225, Validation Loss: 0.5992
Epoch 850/1000, Train Loss: 0.3585, Validation Loss: 1.2639
Epoch 851/1000, Train Loss: 0.3547, Validation Loss: 0.7290
Epoch 852/1000, Train Loss: 0.3520, Validation Loss: 0.5944
Epoch 853/1000, Train Loss: 0.3503, Validation Loss: 0.8039
Epoch 854/1000, Train Loss: 0.3538, Validation Loss: 0.6209
Epoch 855/1000, Train Loss: 0.3507, Validation Loss: 2.0863
Epoch 856/1000, Train Loss: 0.3735, Validation Loss: 0.8066
Epoch 857/1000, Train Loss: 0.3465, Validation Loss: 1.0105
Epoch 858/1000, Train Loss: 0.3514, Validation Loss: 0.6884
Epoch 859/1000, Train Loss: 0.3562, Validation Loss: 2.1429
Epoch 860/1000, Train Loss: 0.3496, Validation Loss: 0.9450
Epoch 861/1000, Train Loss: 0.3531, Validation Loss: 1.2814
Epoch 862/1000, Train Loss: 0.3530, Validation Loss: 0.4642
Epoch 863/1000, Train Loss: 0.3545, Validation Loss: 0.5064
Epoch 864/1000, Train Loss: 0.3481, Validation Loss: 0.4581
Epoch 865/1000, Train Loss: 0.3486, Validation Loss: 1.7601
Epoch 866/1000, Train Loss: 0.3533, Validation Loss: 1.5408
Epoch 867/1000, Train Loss: 0.3569, Validation Loss: 2.3216
Epoch 868/1000, Train Loss: 0.3540, Validation Loss: 0.6053
Epoch 869/1000, Train Loss: 0.3584, Validation Loss: 0.5812
Epoch 870/1000, Train Loss: 0.3616, Validation Loss: 0.5876
Epoch 871/1000, Train Loss: 0.3518, Validation Loss: 0.6485
Epoch 872/1000, Train Loss: 0.3456, Validation Loss: 0.7111
Epoch 873/1000, Train Loss: 0.3479, Validation Loss: 1.5645
Epoch 874/1000, Train Loss: 0.3587, Validation Loss: 1.5318
Epoch 875/1000, Train Loss: 0.3563, Validation Loss: 0.8434
Epoch 876/1000, Train Loss: 0.3553, Validation Loss: 0.5202
Epoch 877/1000, Train Loss: 0.3533, Validation Loss: 0.9142
Epoch 878/1000, Train Loss: 0.3489, Validation Loss: 1.7312
Epoch 879/1000, Train Loss: 0.3536, Validation Loss: 0.5053
Epoch 880/1000, Train Loss: 0.3502, Validation Loss: 0.4839
Epoch 881/1000, Train Loss: 0.3498, Validation Loss: 1.9768
Epoch 882/1000, Train Loss: 0.3666, Validation Loss: 1.1721
Epoch 883/1000, Train Loss: 0.3577, Validation Loss: 0.6782
Epoch 884/1000, Train Loss: 0.3541, Validation Loss: 0.8141
Epoch 885/1000, Train Loss: 0.3610, Validation Loss: 0.6037
Epoch 886/1000, Train Loss: 0.3495, Validation Loss: 0.6774
Epoch 887/1000, Train Loss: 0.3533, Validation Loss: 0.5759
Epoch 888/1000, Train Loss: 0.3601, Validation Loss: 0.5146
Epoch 889/1000, Train Loss: 0.3566, Validation Loss: 0.8413
Epoch 890/1000, Train Loss: 0.3568, Validation Loss: 0.8126
Epoch 891/1000, Train Loss: 0.3646, Validation Loss: 0.5221
Epoch 892/1000, Train Loss: 0.3556, Validation Loss: 0.9052
Epoch 893/1000, Train Loss: 0.3436, Validation Loss: 0.6515
Epoch 894/1000, Train Loss: 0.3663, Validation Loss: 2.3059
Epoch 895/1000, Train Loss: 0.3508, Validation Loss: 1.3302
Epoch 896/1000, Train Loss: 0.3594, Validation Loss: 0.5355
Epoch 897/1000, Train Loss: 0.3600, Validation Loss: 1.4300
Epoch 898/1000, Train Loss: 0.3487, Validation Loss: 0.9627
Epoch 899/1000, Train Loss: 0.3521, Validation Loss: 0.7594
Epoch 900/1000, Train Loss: 0.3553, Validation Loss: 1.2122
Epoch 901/1000, Train Loss: 0.3581, Validation Loss: 2.2546
Epoch 902/1000, Train Loss: 0.3535, Validation Loss: 1.0557
Epoch 903/1000, Train Loss: 0.3547, Validation Loss: 1.1991
Epoch 904/1000, Train Loss: 0.3644, Validation Loss: 0.4506
Epoch 905/1000, Train Loss: 0.3485, Validation Loss: 0.9967
Epoch 906/1000, Train Loss: 0.3530, Validation Loss: 1.2357
Epoch 907/1000, Train Loss: 0.3505, Validation Loss: 1.3923
Epoch 908/1000, Train Loss: 0.3557, Validation Loss: 1.5487
Epoch 909/1000, Train Loss: 0.3503, Validation Loss: 2.1839
Epoch 910/1000, Train Loss: 0.3592, Validation Loss: 0.5169
Epoch 911/1000, Train Loss: 0.3624, Validation Loss: 1.0304
Epoch 912/1000, Train Loss: 0.3684, Validation Loss: 1.9372
Epoch 913/1000, Train Loss: 0.3644, Validation Loss: 0.7643
Epoch 914/1000, Train Loss: 0.3669, Validation Loss: 1.3058
Epoch 915/1000, Train Loss: 0.3557, Validation Loss: 2.1858
Epoch 916/1000, Train Loss: 0.3468, Validation Loss: 1.4468
Epoch 917/1000, Train Loss: 0.3484, Validation Loss: 0.9925
Epoch 918/1000, Train Loss: 0.3541, Validation Loss: 0.9099
Epoch 919/1000, Train Loss: 0.3452, Validation Loss: 1.2131
Epoch 920/1000, Train Loss: 0.3501, Validation Loss: 0.7418
Epoch 921/1000, Train Loss: 0.3474, Validation Loss: 1.4193
Epoch 922/1000, Train Loss: 0.3445, Validation Loss: 1.8502
Epoch 923/1000, Train Loss: 0.3534, Validation Loss: 0.4945
Epoch 924/1000, Train Loss: 0.3593, Validation Loss: 0.6837
Epoch 925/1000, Train Loss: 0.3620, Validation Loss: 0.7144
Epoch 926/1000, Train Loss: 0.3551, Validation Loss: 0.9552
Epoch 927/1000, Train Loss: 0.3490, Validation Loss: 1.7761
Epoch 928/1000, Train Loss: 0.3456, Validation Loss: 0.7647
Epoch 929/1000, Train Loss: 0.3549, Validation Loss: 1.2493
Epoch 930/1000, Train Loss: 0.3458, Validation Loss: 1.0984
Epoch 931/1000, Train Loss: 0.3564, Validation Loss: 0.8758
Epoch 932/1000, Train Loss: 0.3796, Validation Loss: 0.4775
Epoch 933/1000, Train Loss: 0.3535, Validation Loss: 0.7927
Epoch 934/1000, Train Loss: 0.4347, Validation Loss: 1.2378
Epoch 935/1000, Train Loss: 0.3659, Validation Loss: 0.6819
Epoch 936/1000, Train Loss: 0.3701, Validation Loss: 1.3568
Epoch 937/1000, Train Loss: 0.3596, Validation Loss: 1.2790
Epoch 938/1000, Train Loss: 0.3528, Validation Loss: 2.4180
Epoch 939/1000, Train Loss: 0.3544, Validation Loss: 2.2685
Epoch 940/1000, Train Loss: 0.3479, Validation Loss: 1.6074
Epoch 941/1000, Train Loss: 0.3566, Validation Loss: 0.5660
Epoch 942/1000, Train Loss: 0.3522, Validation Loss: 1.7428
Epoch 943/1000, Train Loss: 0.3452, Validation Loss: 1.7929
Epoch 944/1000, Train Loss: 0.3673, Validation Loss: 1.6811
Epoch 945/1000, Train Loss: 0.3767, Validation Loss: 2.1773
Epoch 946/1000, Train Loss: 0.3660, Validation Loss: 1.4710
Epoch 947/1000, Train Loss: 0.3479, Validation Loss: 0.6127
Epoch 948/1000, Train Loss: 0.3531, Validation Loss: 1.4393
Epoch 949/1000, Train Loss: 0.3521, Validation Loss: 1.3442
Epoch 950/1000, Train Loss: 0.3471, Validation Loss: 1.8271
Epoch 951/1000, Train Loss: 0.3488, Validation Loss: 1.0499
Epoch 952/1000, Train Loss: 0.3596, Validation Loss: 1.1180
Epoch 953/1000, Train Loss: 0.3675, Validation Loss: 1.1545
Epoch 954/1000, Train Loss: 0.3575, Validation Loss: 1.3359
Epoch 955/1000, Train Loss: 0.3445, Validation Loss: 1.1715
Epoch 956/1000, Train Loss: 0.3545, Validation Loss: 1.8235
Epoch 957/1000, Train Loss: 0.3491, Validation Loss: 1.3483
Epoch 958/1000, Train Loss: 0.3488, Validation Loss: 1.5033
Epoch 959/1000, Train Loss: 0.3490, Validation Loss: 1.7237
Epoch 960/1000, Train Loss: 0.3478, Validation Loss: 0.9085
Epoch 961/1000, Train Loss: 0.3474, Validation Loss: 1.2131
Epoch 962/1000, Train Loss: 0.3520, Validation Loss: 1.1416
Epoch 963/1000, Train Loss: 0.3484, Validation Loss: 0.8990
Epoch 964/1000, Train Loss: 0.3523, Validation Loss: 0.7726
Epoch 965/1000, Train Loss: 0.3547, Validation Loss: 1.2702
Epoch 966/1000, Train Loss: 0.3516, Validation Loss: 1.2281
Epoch 967/1000, Train Loss: 0.3539, Validation Loss: 0.8519
Epoch 968/1000, Train Loss: 0.3467, Validation Loss: 1.5972
Epoch 969/1000, Train Loss: 0.3534, Validation Loss: 0.8870
Epoch 970/1000, Train Loss: 0.3478, Validation Loss: 2.7818
Epoch 971/1000, Train Loss: 0.3471, Validation Loss: 3.6844
Epoch 972/1000, Train Loss: 0.3614, Validation Loss: 2.4976
Epoch 973/1000, Train Loss: 0.3535, Validation Loss: 0.5278
Epoch 974/1000, Train Loss: 0.3658, Validation Loss: 0.6785
Epoch 975/1000, Train Loss: 0.3490, Validation Loss: 1.3497
Epoch 976/1000, Train Loss: 0.3517, Validation Loss: 0.7077
Epoch 977/1000, Train Loss: 0.3599, Validation Loss: 1.3826
Epoch 978/1000, Train Loss: 0.3464, Validation Loss: 0.8642
Epoch 979/1000, Train Loss: 0.3494, Validation Loss: 0.6334
Epoch 980/1000, Train Loss: 0.3500, Validation Loss: 0.5480
Epoch 981/1000, Train Loss: 0.3495, Validation Loss: 1.6068
Epoch 982/1000, Train Loss: 0.3503, Validation Loss: 0.7794
Epoch 983/1000, Train Loss: 0.3533, Validation Loss: 2.6325
Epoch 984/1000, Train Loss: 0.3452, Validation Loss: 0.4331
Epoch 985/1000, Train Loss: 0.3443, Validation Loss: 0.6748
Epoch 986/1000, Train Loss: 0.3508, Validation Loss: 1.2766
Epoch 987/1000, Train Loss: 0.3484, Validation Loss: 0.5721
Epoch 988/1000, Train Loss: 0.3511, Validation Loss: 1.9335
Epoch 989/1000, Train Loss: 0.3460, Validation Loss: 1.0607
Epoch 990/1000, Train Loss: 0.3451, Validation Loss: 1.6905
Epoch 991/1000, Train Loss: 0.3655, Validation Loss: 0.9273
Epoch 992/1000, Train Loss: 0.3473, Validation Loss: 0.9173
Epoch 993/1000, Train Loss: 0.3467, Validation Loss: 0.5462
Epoch 994/1000, Train Loss: 0.3519, Validation Loss: 1.4923
Epoch 995/1000, Train Loss: 0.3495, Validation Loss: 0.6793
Epoch 996/1000, Train Loss: 0.3527, Validation Loss: 0.5201
Epoch 997/1000, Train Loss: 0.3476, Validation Loss: 0.9419
Epoch 998/1000, Train Loss: 0.3490, Validation Loss: 1.3361
Epoch 999/1000, Train Loss: 0.3574, Validation Loss: 1.1738
Epoch 1000/1000, Train Loss: 0.3530, Validation Loss: 1.6812
Best Training Loss: 0.3436
Best Training Loss Epoch: 893
Best Validation Loss: 0.3921
Best Validation Loss Epoch: 799
Time taken for training: 0-12:35:25
Test Loss: 0.4082
Test MAPE: 16417.0430%
Error Statistics:
count    4.127200e+04
mean     1.259020e+03
std      9.439124e+04
min      6.079674e-06
25%      1.522775e-01
50%      1.542922e+00
75%      2.230506e+01
max      1.357249e+07
Name: Absolute Error, dtype: float64
Training complete. Final model saved.
Saving model as a wandb Artifact...
Model artifact logged successfully.
[1;34mwandb[0m: 
[1;34mwandb[0m: 🚀 View run [33mazure-sweep-58[0m at: [34mhttps://wandb.ai/mk8737-new-york-university/rl_pretrain_hp_sweeps/runs/r7sng0n8[0m
[1;34mwandb[0m: Find logs at: [1;35mwandb/run-20251006_143959-r7sng0n8/logs[0m
Agent finished.
