Waiting for sweep ID...
Found Sweep ID: be12np04
Starting wandb agent for sweep be12np04...
TRAINING DEVICE: cpu
Run Name: GCN_global_hp_sweep_be12np04-uhx0dga6
finidhed preparing data
Loading dataset from pretrain_dataset_12.5k_fixed_duplicates.pkl
Loaded 412712 data objects.
finished preparing data
Epoch 1/1000, Train Loss: 2.5923, Validation Loss: 1.4325
Epoch 2/1000, Train Loss: 1.6345, Validation Loss: 4.1321
Epoch 3/1000, Train Loss: 1.3658, Validation Loss: 4.1271
Epoch 4/1000, Train Loss: 1.3589, Validation Loss: 1.7200
Epoch 5/1000, Train Loss: 1.2157, Validation Loss: 1.9064
Epoch 6/1000, Train Loss: 1.1482, Validation Loss: 3.2709
Epoch 7/1000, Train Loss: 1.1004, Validation Loss: 6.4737
Epoch 8/1000, Train Loss: 1.0640, Validation Loss: 2.7008
Epoch 9/1000, Train Loss: 1.0549, Validation Loss: 3.3517
Epoch 10/1000, Train Loss: 1.0426, Validation Loss: 1.6525
Epoch 11/1000, Train Loss: 0.9753, Validation Loss: 1.7353
Epoch 12/1000, Train Loss: 0.9511, Validation Loss: 0.9096
Epoch 13/1000, Train Loss: 0.9497, Validation Loss: 2.0719
Epoch 14/1000, Train Loss: 0.9069, Validation Loss: 1.9257
Epoch 15/1000, Train Loss: 0.9226, Validation Loss: 1.5673
Epoch 16/1000, Train Loss: 0.8817, Validation Loss: 0.8831
Epoch 17/1000, Train Loss: 0.8743, Validation Loss: 8.7144
Epoch 18/1000, Train Loss: 0.8735, Validation Loss: 0.9071
Epoch 19/1000, Train Loss: 0.8653, Validation Loss: 1.4950
Epoch 20/1000, Train Loss: 0.8524, Validation Loss: 1.3674
Epoch 21/1000, Train Loss: 0.8300, Validation Loss: 2.4570
Epoch 22/1000, Train Loss: 0.8165, Validation Loss: 0.9027
Epoch 23/1000, Train Loss: 0.8008, Validation Loss: 0.8593
Epoch 24/1000, Train Loss: 0.7845, Validation Loss: 3.8332
Epoch 25/1000, Train Loss: 0.7875, Validation Loss: 0.8307
Epoch 26/1000, Train Loss: 0.7751, Validation Loss: 1.2769
Epoch 27/1000, Train Loss: 0.7579, Validation Loss: 2.4513
Epoch 28/1000, Train Loss: 0.7455, Validation Loss: 1.2024
Epoch 29/1000, Train Loss: 0.7380, Validation Loss: 1.2944
Epoch 30/1000, Train Loss: 0.7218, Validation Loss: 1.6293
Epoch 31/1000, Train Loss: 0.7124, Validation Loss: 0.9998
Epoch 32/1000, Train Loss: 0.7037, Validation Loss: 3.7343
Epoch 33/1000, Train Loss: 0.6997, Validation Loss: 7.1933
Epoch 34/1000, Train Loss: 0.6866, Validation Loss: 2.9901
Epoch 35/1000, Train Loss: 0.6739, Validation Loss: 4.9379
Epoch 36/1000, Train Loss: 0.6745, Validation Loss: 1.3376
Epoch 37/1000, Train Loss: 0.6634, Validation Loss: 1.9442
Epoch 38/1000, Train Loss: 0.6614, Validation Loss: 0.9637
Epoch 39/1000, Train Loss: 0.6475, Validation Loss: 2.7276
Epoch 40/1000, Train Loss: 0.6331, Validation Loss: 0.7604
Epoch 41/1000, Train Loss: 0.6332, Validation Loss: 1.1549
Epoch 42/1000, Train Loss: 0.6202, Validation Loss: 20.6908
Epoch 43/1000, Train Loss: 0.6198, Validation Loss: 1.9000
Epoch 44/1000, Train Loss: 0.6099, Validation Loss: 1.3534
Epoch 45/1000, Train Loss: 0.6033, Validation Loss: 1.5510
Epoch 46/1000, Train Loss: 0.5928, Validation Loss: 3.9285
Epoch 47/1000, Train Loss: 0.6095, Validation Loss: 1.4856
Epoch 48/1000, Train Loss: 0.5982, Validation Loss: 2.4250
Epoch 49/1000, Train Loss: 0.5902, Validation Loss: 1.3811
Epoch 50/1000, Train Loss: 0.5867, Validation Loss: 2.6397
Epoch 51/1000, Train Loss: 0.5832, Validation Loss: 2.5524
Epoch 52/1000, Train Loss: 0.5746, Validation Loss: 2.4327
Epoch 53/1000, Train Loss: 0.5743, Validation Loss: 4.6822
Epoch 54/1000, Train Loss: 0.5665, Validation Loss: 6.6016
Epoch 55/1000, Train Loss: 0.5659, Validation Loss: 0.7301
Epoch 56/1000, Train Loss: 0.5652, Validation Loss: 1.7686
Epoch 57/1000, Train Loss: 0.5600, Validation Loss: 0.8367
Epoch 58/1000, Train Loss: 0.5587, Validation Loss: 0.6938
Epoch 59/1000, Train Loss: 0.5627, Validation Loss: 3.7557
Epoch 60/1000, Train Loss: 0.5480, Validation Loss: 1.5471
Epoch 61/1000, Train Loss: 0.5403, Validation Loss: 59.2610
Epoch 62/1000, Train Loss: 0.5495, Validation Loss: 1.0049
Epoch 63/1000, Train Loss: 0.5454, Validation Loss: 2.4899
Epoch 64/1000, Train Loss: 0.5445, Validation Loss: 16.3202
Epoch 65/1000, Train Loss: 0.5405, Validation Loss: 0.9720
Epoch 66/1000, Train Loss: 0.5330, Validation Loss: 2.9416
Epoch 67/1000, Train Loss: 0.5303, Validation Loss: 1.2119
Epoch 68/1000, Train Loss: 0.5354, Validation Loss: 5.9253
Epoch 69/1000, Train Loss: 0.5242, Validation Loss: 7.3642
Epoch 70/1000, Train Loss: 0.5272, Validation Loss: 0.7034
Epoch 71/1000, Train Loss: 0.5203, Validation Loss: 1.5368
Epoch 72/1000, Train Loss: 0.5220, Validation Loss: 7.4166
Epoch 73/1000, Train Loss: 0.5129, Validation Loss: 6.0692
Epoch 74/1000, Train Loss: 0.5128, Validation Loss: 3.6095
Epoch 75/1000, Train Loss: 0.5109, Validation Loss: 3.0785
Epoch 76/1000, Train Loss: 0.5046, Validation Loss: 0.7408
Epoch 77/1000, Train Loss: 0.5048, Validation Loss: 2.3990
Epoch 78/1000, Train Loss: 0.5119, Validation Loss: 3.7207
Epoch 79/1000, Train Loss: 0.5027, Validation Loss: 3.6635
Epoch 80/1000, Train Loss: 0.5040, Validation Loss: 0.5949
Epoch 81/1000, Train Loss: 0.4926, Validation Loss: 2.5238
Epoch 82/1000, Train Loss: 0.4943, Validation Loss: 1.0719
Epoch 83/1000, Train Loss: 0.4936, Validation Loss: 1.6399
Epoch 84/1000, Train Loss: 0.4952, Validation Loss: 2.5713
Epoch 85/1000, Train Loss: 0.4860, Validation Loss: 1.2479
Epoch 86/1000, Train Loss: 0.4828, Validation Loss: 0.8106
Epoch 87/1000, Train Loss: 0.4854, Validation Loss: 0.7738
Epoch 88/1000, Train Loss: 0.4855, Validation Loss: 2.2479
Epoch 89/1000, Train Loss: 0.4780, Validation Loss: 3.1112
Epoch 90/1000, Train Loss: 0.4794, Validation Loss: 1.5260
Epoch 91/1000, Train Loss: 0.4743, Validation Loss: 2.0873
Epoch 92/1000, Train Loss: 0.4707, Validation Loss: 1.3667
Epoch 93/1000, Train Loss: 0.4775, Validation Loss: 0.9319
Epoch 94/1000, Train Loss: 0.4751, Validation Loss: 0.6160
Epoch 95/1000, Train Loss: 0.4708, Validation Loss: 0.9117
Epoch 96/1000, Train Loss: 0.4720, Validation Loss: 1.0932
Epoch 97/1000, Train Loss: 0.4684, Validation Loss: 1.3791
Epoch 98/1000, Train Loss: 0.4650, Validation Loss: 0.8189
Epoch 99/1000, Train Loss: 0.4662, Validation Loss: 1.8683
Epoch 100/1000, Train Loss: 0.4667, Validation Loss: 1.2713
Epoch 101/1000, Train Loss: 0.4606, Validation Loss: 1.7910
Epoch 102/1000, Train Loss: 0.4657, Validation Loss: 0.8735
Epoch 103/1000, Train Loss: 0.4584, Validation Loss: 0.6177
Epoch 104/1000, Train Loss: 0.4639, Validation Loss: 1.4827
Epoch 105/1000, Train Loss: 0.4583, Validation Loss: 2.7849
Epoch 106/1000, Train Loss: 0.4568, Validation Loss: 2.0123
Epoch 107/1000, Train Loss: 0.4571, Validation Loss: 2.1920
Epoch 108/1000, Train Loss: 0.4538, Validation Loss: 0.6971
Epoch 109/1000, Train Loss: 0.4591, Validation Loss: 1.9925
Epoch 110/1000, Train Loss: 0.4530, Validation Loss: 1.2199
Epoch 111/1000, Train Loss: 0.4508, Validation Loss: 2.4442
Epoch 112/1000, Train Loss: 0.4466, Validation Loss: 0.6177
Epoch 113/1000, Train Loss: 0.4492, Validation Loss: 1.2404
Epoch 114/1000, Train Loss: 0.4504, Validation Loss: 8.5570
Epoch 115/1000, Train Loss: 0.4488, Validation Loss: 0.7617
Epoch 116/1000, Train Loss: 0.4423, Validation Loss: 2.0368
Epoch 117/1000, Train Loss: 0.4460, Validation Loss: 0.9605
Epoch 118/1000, Train Loss: 0.4445, Validation Loss: 3.1569
Epoch 119/1000, Train Loss: 0.4422, Validation Loss: 5.7765
Epoch 120/1000, Train Loss: 0.4440, Validation Loss: 1.7695
Epoch 121/1000, Train Loss: 0.4445, Validation Loss: 0.5176
Epoch 122/1000, Train Loss: 0.4378, Validation Loss: 3.9974
Epoch 123/1000, Train Loss: 0.4357, Validation Loss: 1.7074
Epoch 124/1000, Train Loss: 0.4420, Validation Loss: 0.5290
Epoch 125/1000, Train Loss: 0.4353, Validation Loss: 0.6443
Epoch 126/1000, Train Loss: 0.4335, Validation Loss: 5.7143
Epoch 127/1000, Train Loss: 0.4360, Validation Loss: 0.9758
Epoch 128/1000, Train Loss: 0.4295, Validation Loss: 0.6021
Epoch 129/1000, Train Loss: 0.4302, Validation Loss: 0.5356
Epoch 130/1000, Train Loss: 0.4331, Validation Loss: 0.5340
Epoch 131/1000, Train Loss: 0.4296, Validation Loss: 1.9185
Epoch 132/1000, Train Loss: 0.4305, Validation Loss: 1.3444
Epoch 133/1000, Train Loss: 0.4278, Validation Loss: 0.5736
Epoch 134/1000, Train Loss: 0.4286, Validation Loss: 2.1684
Epoch 135/1000, Train Loss: 0.4295, Validation Loss: 1.4331
Epoch 136/1000, Train Loss: 0.4256, Validation Loss: 2.0422
Epoch 137/1000, Train Loss: 0.4243, Validation Loss: 1.1308
Epoch 138/1000, Train Loss: 0.4261, Validation Loss: 3.6505
Epoch 139/1000, Train Loss: 0.4241, Validation Loss: 0.4632
Epoch 140/1000, Train Loss: 0.4275, Validation Loss: 2.0872
Epoch 141/1000, Train Loss: 0.4164, Validation Loss: 3.3823
Epoch 142/1000, Train Loss: 0.4210, Validation Loss: 1.7481
Epoch 143/1000, Train Loss: 0.4212, Validation Loss: 1.4788
Epoch 144/1000, Train Loss: 0.4204, Validation Loss: 2.3819
Epoch 145/1000, Train Loss: 0.4186, Validation Loss: 1.0780
Epoch 146/1000, Train Loss: 0.4165, Validation Loss: 1.0246
Epoch 147/1000, Train Loss: 0.4126, Validation Loss: 1.4138
Epoch 148/1000, Train Loss: 0.4113, Validation Loss: 1.2605
Epoch 149/1000, Train Loss: 0.4163, Validation Loss: 2.8888
Epoch 150/1000, Train Loss: 0.4116, Validation Loss: 0.8265
Epoch 151/1000, Train Loss: 0.4112, Validation Loss: 0.8836
Epoch 152/1000, Train Loss: 0.4108, Validation Loss: 0.8168
Epoch 153/1000, Train Loss: 0.4113, Validation Loss: 2.1206
Epoch 154/1000, Train Loss: 0.4102, Validation Loss: 5.4320
Epoch 155/1000, Train Loss: 0.4106, Validation Loss: 8.3132
Epoch 156/1000, Train Loss: 0.4122, Validation Loss: 0.7523
Epoch 157/1000, Train Loss: 0.4138, Validation Loss: 8.4680
Epoch 158/1000, Train Loss: 0.4090, Validation Loss: 1.1638
Epoch 159/1000, Train Loss: 0.4121, Validation Loss: 0.5485
Epoch 160/1000, Train Loss: 0.4114, Validation Loss: 1.2276
Epoch 161/1000, Train Loss: 0.4097, Validation Loss: 2.4531
Epoch 162/1000, Train Loss: 0.4067, Validation Loss: 9.2540
Epoch 163/1000, Train Loss: 0.4047, Validation Loss: 0.7521
Epoch 164/1000, Train Loss: 0.4030, Validation Loss: 1.3585
Epoch 165/1000, Train Loss: 0.4053, Validation Loss: 0.6676
Epoch 166/1000, Train Loss: 0.4008, Validation Loss: 0.9344
Epoch 167/1000, Train Loss: 0.4016, Validation Loss: 0.5126
Epoch 168/1000, Train Loss: 0.4044, Validation Loss: 7.6591
Epoch 169/1000, Train Loss: 0.4023, Validation Loss: 2.3309
Epoch 170/1000, Train Loss: 0.4011, Validation Loss: 1.4096
Epoch 171/1000, Train Loss: 0.3959, Validation Loss: 1.0551
Epoch 172/1000, Train Loss: 0.3989, Validation Loss: 0.7379
Epoch 173/1000, Train Loss: 0.4004, Validation Loss: 0.6711
Epoch 174/1000, Train Loss: 0.3953, Validation Loss: 2.4564
Epoch 175/1000, Train Loss: 0.3968, Validation Loss: 0.4149
Epoch 176/1000, Train Loss: 0.3973, Validation Loss: 3.1860
Epoch 177/1000, Train Loss: 0.3946, Validation Loss: 2.3183
Epoch 178/1000, Train Loss: 0.3902, Validation Loss: 2.7931
Epoch 179/1000, Train Loss: 0.3949, Validation Loss: 1.8009
Epoch 180/1000, Train Loss: 0.3898, Validation Loss: 0.4523
Epoch 181/1000, Train Loss: 0.3930, Validation Loss: 1.8710
Epoch 182/1000, Train Loss: 0.3898, Validation Loss: 0.7525
Epoch 183/1000, Train Loss: 0.3938, Validation Loss: 1.6855
Epoch 184/1000, Train Loss: 0.3905, Validation Loss: 0.4528
Epoch 185/1000, Train Loss: 0.3927, Validation Loss: 1.6431
Epoch 186/1000, Train Loss: 0.3889, Validation Loss: 1.1558
Epoch 187/1000, Train Loss: 0.3887, Validation Loss: 1.2594
Epoch 188/1000, Train Loss: 0.3904, Validation Loss: 6.5611
Epoch 189/1000, Train Loss: 0.3908, Validation Loss: 0.8353
Epoch 190/1000, Train Loss: 0.3869, Validation Loss: 1.1830
Epoch 191/1000, Train Loss: 0.3870, Validation Loss: 0.4304
Epoch 192/1000, Train Loss: 0.3848, Validation Loss: 0.5301
Epoch 193/1000, Train Loss: 0.3872, Validation Loss: 0.7395
Epoch 194/1000, Train Loss: 0.3842, Validation Loss: 2.8451
Epoch 195/1000, Train Loss: 0.3797, Validation Loss: 2.3756
Epoch 196/1000, Train Loss: 0.3846, Validation Loss: 5.2769
Epoch 197/1000, Train Loss: 0.3863, Validation Loss: 0.5395
Epoch 198/1000, Train Loss: 0.3836, Validation Loss: 1.0168
Epoch 199/1000, Train Loss: 0.3842, Validation Loss: 1.2563
Epoch 200/1000, Train Loss: 0.3822, Validation Loss: 0.7452
Epoch 201/1000, Train Loss: 0.3856, Validation Loss: 2.5874
Epoch 202/1000, Train Loss: 0.3826, Validation Loss: 0.4680
Epoch 203/1000, Train Loss: 0.3800, Validation Loss: 6.4689
Epoch 204/1000, Train Loss: 0.3838, Validation Loss: 0.6328
Epoch 205/1000, Train Loss: 0.3813, Validation Loss: 0.7356
Epoch 206/1000, Train Loss: 0.3757, Validation Loss: 1.3036
Epoch 207/1000, Train Loss: 0.3776, Validation Loss: 0.5872
Epoch 208/1000, Train Loss: 0.3842, Validation Loss: 0.5962
Epoch 209/1000, Train Loss: 0.3753, Validation Loss: 4.4302
Epoch 210/1000, Train Loss: 0.3803, Validation Loss: 0.4698
Epoch 211/1000, Train Loss: 0.3754, Validation Loss: 1.8503
Epoch 212/1000, Train Loss: 0.3724, Validation Loss: 8.9383
Epoch 213/1000, Train Loss: 0.3780, Validation Loss: 1.5147
Epoch 214/1000, Train Loss: 0.3761, Validation Loss: 3.4242
Epoch 215/1000, Train Loss: 0.3757, Validation Loss: 1.3552
Epoch 216/1000, Train Loss: 0.3757, Validation Loss: 0.4834
Epoch 217/1000, Train Loss: 0.3764, Validation Loss: 1.2916
Epoch 218/1000, Train Loss: 0.3726, Validation Loss: 1.5362
Epoch 219/1000, Train Loss: 0.3706, Validation Loss: 1.1809
Epoch 220/1000, Train Loss: 0.3733, Validation Loss: 9.3247
Epoch 221/1000, Train Loss: 0.3738, Validation Loss: 1.2177
Epoch 222/1000, Train Loss: 0.3707, Validation Loss: 1.3194
Epoch 223/1000, Train Loss: 0.3722, Validation Loss: 1.6562
Epoch 224/1000, Train Loss: 0.3713, Validation Loss: 1.8649
Epoch 225/1000, Train Loss: 0.3694, Validation Loss: 3.2414
Epoch 226/1000, Train Loss: 0.3716, Validation Loss: 5.6734
Epoch 227/1000, Train Loss: 0.3704, Validation Loss: 2.5014
Epoch 228/1000, Train Loss: 0.3687, Validation Loss: 1.4654
Epoch 229/1000, Train Loss: 0.3712, Validation Loss: 0.5928
Epoch 230/1000, Train Loss: 0.3718, Validation Loss: 2.1444
Epoch 231/1000, Train Loss: 0.3722, Validation Loss: 0.9273
Epoch 232/1000, Train Loss: 0.3696, Validation Loss: 3.3896
Epoch 233/1000, Train Loss: 0.3696, Validation Loss: 0.5896
Epoch 234/1000, Train Loss: 0.3691, Validation Loss: 1.4578
Epoch 235/1000, Train Loss: 0.3677, Validation Loss: 1.2582
Epoch 236/1000, Train Loss: 0.3690, Validation Loss: 2.8920
Epoch 237/1000, Train Loss: 0.3664, Validation Loss: 0.4275
Epoch 238/1000, Train Loss: 0.3648, Validation Loss: 1.3551
Epoch 239/1000, Train Loss: 0.3684, Validation Loss: 0.9667
Epoch 240/1000, Train Loss: 0.3642, Validation Loss: 2.2917
Epoch 241/1000, Train Loss: 0.3662, Validation Loss: 1.5421
Epoch 242/1000, Train Loss: 0.3674, Validation Loss: 1.6970
Epoch 243/1000, Train Loss: 0.3637, Validation Loss: 1.2554
Epoch 244/1000, Train Loss: 0.3645, Validation Loss: 1.2936
Epoch 245/1000, Train Loss: 0.3631, Validation Loss: 3.3182
Epoch 246/1000, Train Loss: 0.3623, Validation Loss: 1.0147
Epoch 247/1000, Train Loss: 0.3632, Validation Loss: 0.4889
Epoch 248/1000, Train Loss: 0.3618, Validation Loss: 14.5699
Epoch 249/1000, Train Loss: 0.3610, Validation Loss: 1.1774
Epoch 250/1000, Train Loss: 0.3635, Validation Loss: 0.4184
Epoch 251/1000, Train Loss: 0.3625, Validation Loss: 1.1795
Epoch 252/1000, Train Loss: 0.3626, Validation Loss: 1.3676
Epoch 253/1000, Train Loss: 0.3651, Validation Loss: 1.5757
Epoch 254/1000, Train Loss: 0.3598, Validation Loss: 0.4535
Epoch 255/1000, Train Loss: 0.3584, Validation Loss: 1.0234
Epoch 256/1000, Train Loss: 0.3622, Validation Loss: 0.6659
Epoch 257/1000, Train Loss: 0.3614, Validation Loss: 11.9734
Epoch 258/1000, Train Loss: 0.3597, Validation Loss: 0.7749
Epoch 259/1000, Train Loss: 0.3562, Validation Loss: 3.0296
Epoch 260/1000, Train Loss: 0.3564, Validation Loss: 1.4812
Epoch 261/1000, Train Loss: 0.3591, Validation Loss: 0.4904
Epoch 262/1000, Train Loss: 0.3598, Validation Loss: 1.0171
Epoch 263/1000, Train Loss: 0.3595, Validation Loss: 4.6496
Epoch 264/1000, Train Loss: 0.3579, Validation Loss: 0.8963
Epoch 265/1000, Train Loss: 0.3552, Validation Loss: 0.9996
Epoch 266/1000, Train Loss: 0.3563, Validation Loss: 0.6252
Epoch 267/1000, Train Loss: 0.3549, Validation Loss: 0.7177
Epoch 268/1000, Train Loss: 0.3547, Validation Loss: 1.2841
Epoch 269/1000, Train Loss: 0.3556, Validation Loss: 1.9248
Epoch 270/1000, Train Loss: 0.3517, Validation Loss: 0.4010
Epoch 271/1000, Train Loss: 0.3532, Validation Loss: 2.4654
Epoch 272/1000, Train Loss: 0.3542, Validation Loss: 1.2786
Epoch 273/1000, Train Loss: 0.3571, Validation Loss: 2.0255
Epoch 274/1000, Train Loss: 0.3540, Validation Loss: 2.6165
Epoch 275/1000, Train Loss: 0.3548, Validation Loss: 0.4263
Epoch 276/1000, Train Loss: 0.3579, Validation Loss: 6.2039
Epoch 277/1000, Train Loss: 0.3561, Validation Loss: 2.7293
Epoch 278/1000, Train Loss: 0.3507, Validation Loss: 4.3114
Epoch 279/1000, Train Loss: 0.3529, Validation Loss: 0.4915
Epoch 280/1000, Train Loss: 0.3527, Validation Loss: 2.1804
Epoch 281/1000, Train Loss: 0.3474, Validation Loss: 1.4873
Epoch 282/1000, Train Loss: 0.3508, Validation Loss: 5.3949
Epoch 283/1000, Train Loss: 0.3473, Validation Loss: 0.3874
Epoch 284/1000, Train Loss: 0.3466, Validation Loss: 4.9941
Epoch 285/1000, Train Loss: 0.3526, Validation Loss: 5.3220
Epoch 286/1000, Train Loss: 0.3483, Validation Loss: 0.7396
Epoch 287/1000, Train Loss: 0.3512, Validation Loss: 0.7265
Epoch 288/1000, Train Loss: 0.3472, Validation Loss: 1.4630
Epoch 289/1000, Train Loss: 0.3478, Validation Loss: 0.5342
Epoch 290/1000, Train Loss: 0.3464, Validation Loss: 0.8321
Epoch 291/1000, Train Loss: 0.3508, Validation Loss: 2.9720
Epoch 292/1000, Train Loss: 0.3487, Validation Loss: 1.4758
Epoch 293/1000, Train Loss: 0.3512, Validation Loss: 2.5628
Epoch 294/1000, Train Loss: 0.3487, Validation Loss: 1.3061
Epoch 295/1000, Train Loss: 0.3498, Validation Loss: 1.7485
Epoch 296/1000, Train Loss: 0.3486, Validation Loss: 11.1850
Epoch 297/1000, Train Loss: 0.3520, Validation Loss: 0.3885
Epoch 298/1000, Train Loss: 0.3499, Validation Loss: 3.9180
Epoch 299/1000, Train Loss: 0.3454, Validation Loss: 0.4899
Epoch 300/1000, Train Loss: 0.3475, Validation Loss: 0.8815
Epoch 301/1000, Train Loss: 0.3435, Validation Loss: 0.6233
Epoch 302/1000, Train Loss: 0.3437, Validation Loss: 0.9275
Epoch 303/1000, Train Loss: 0.3422, Validation Loss: 3.2534
Epoch 304/1000, Train Loss: 0.3423, Validation Loss: 1.2529
Epoch 305/1000, Train Loss: 0.3439, Validation Loss: 1.1371
Epoch 306/1000, Train Loss: 0.3422, Validation Loss: 0.8034
Epoch 307/1000, Train Loss: 0.3413, Validation Loss: 1.0223
Epoch 308/1000, Train Loss: 0.3402, Validation Loss: 1.9461
Epoch 309/1000, Train Loss: 0.3429, Validation Loss: 0.5687
Epoch 310/1000, Train Loss: 0.3412, Validation Loss: 1.0091
Epoch 311/1000, Train Loss: 0.3428, Validation Loss: 0.8061
Epoch 312/1000, Train Loss: 0.3441, Validation Loss: 1.2088
Epoch 313/1000, Train Loss: 0.3445, Validation Loss: 0.9514
Epoch 314/1000, Train Loss: 0.3422, Validation Loss: 0.4416
Epoch 315/1000, Train Loss: 0.3406, Validation Loss: 2.9042
Epoch 316/1000, Train Loss: 0.3433, Validation Loss: 1.1335
Epoch 317/1000, Train Loss: 0.3425, Validation Loss: 4.2524
Epoch 318/1000, Train Loss: 0.3386, Validation Loss: 0.5571
Epoch 319/1000, Train Loss: 0.3426, Validation Loss: 0.8862
Epoch 320/1000, Train Loss: 0.3390, Validation Loss: 0.5902
Epoch 321/1000, Train Loss: 0.3353, Validation Loss: 0.6498
Epoch 322/1000, Train Loss: 0.3431, Validation Loss: 0.3294
Epoch 323/1000, Train Loss: 0.3384, Validation Loss: 4.0996
Epoch 324/1000, Train Loss: 0.3369, Validation Loss: 0.5841
Epoch 325/1000, Train Loss: 0.3406, Validation Loss: 3.2910
Epoch 326/1000, Train Loss: 0.3402, Validation Loss: 0.8769
Epoch 327/1000, Train Loss: 0.3392, Validation Loss: 1.6895
Epoch 328/1000, Train Loss: 0.3427, Validation Loss: 1.0404
Epoch 329/1000, Train Loss: 0.3365, Validation Loss: 0.4447
Epoch 330/1000, Train Loss: 0.3374, Validation Loss: 15.1079
Epoch 331/1000, Train Loss: 0.3408, Validation Loss: 1.5004
Epoch 332/1000, Train Loss: 0.3367, Validation Loss: 1.9854
Epoch 333/1000, Train Loss: 0.3379, Validation Loss: 0.8674
Epoch 334/1000, Train Loss: 0.3371, Validation Loss: 4.9273
Epoch 335/1000, Train Loss: 0.3409, Validation Loss: 0.5959
Epoch 336/1000, Train Loss: 0.3425, Validation Loss: 5.9042
Epoch 337/1000, Train Loss: 0.3368, Validation Loss: 0.7362
Epoch 338/1000, Train Loss: 0.3361, Validation Loss: 2.4048
Epoch 339/1000, Train Loss: 0.3433, Validation Loss: 2.3232
Epoch 340/1000, Train Loss: 0.3333, Validation Loss: 4.3795
Epoch 341/1000, Train Loss: 0.3354, Validation Loss: 2.4842
Epoch 342/1000, Train Loss: 0.3369, Validation Loss: 0.3851
Epoch 343/1000, Train Loss: 0.3375, Validation Loss: 1.0328
Epoch 344/1000, Train Loss: 0.3331, Validation Loss: 11.3963
Epoch 345/1000, Train Loss: 0.3351, Validation Loss: 0.8121
Epoch 346/1000, Train Loss: 0.3361, Validation Loss: 0.6282
Epoch 347/1000, Train Loss: 0.3383, Validation Loss: 1.4528
Epoch 348/1000, Train Loss: 0.3380, Validation Loss: 1.0966
Epoch 349/1000, Train Loss: 0.3353, Validation Loss: 3.9015
Epoch 350/1000, Train Loss: 0.3330, Validation Loss: 2.3529
Epoch 351/1000, Train Loss: 0.3368, Validation Loss: 1.1762
Epoch 352/1000, Train Loss: 0.3361, Validation Loss: 0.6480
Epoch 353/1000, Train Loss: 0.3353, Validation Loss: 0.6016
Epoch 354/1000, Train Loss: 0.3354, Validation Loss: 1.2620
Epoch 355/1000, Train Loss: 0.3355, Validation Loss: 1.3760
Epoch 356/1000, Train Loss: 0.3320, Validation Loss: 0.7998
Epoch 357/1000, Train Loss: 0.3328, Validation Loss: 1.4069
Epoch 358/1000, Train Loss: 0.3342, Validation Loss: 0.5292
Epoch 359/1000, Train Loss: 0.3301, Validation Loss: 1.0579
Epoch 360/1000, Train Loss: 0.3335, Validation Loss: 1.3990
Epoch 361/1000, Train Loss: 0.3348, Validation Loss: 2.6164
Epoch 362/1000, Train Loss: 0.3317, Validation Loss: 0.6394
Epoch 363/1000, Train Loss: 0.3299, Validation Loss: 0.3785
Epoch 364/1000, Train Loss: 0.3324, Validation Loss: 1.0033
Epoch 365/1000, Train Loss: 0.3314, Validation Loss: 0.3604
Epoch 366/1000, Train Loss: 0.3307, Validation Loss: 1.1636
Epoch 367/1000, Train Loss: 0.3324, Validation Loss: 1.3550
Epoch 368/1000, Train Loss: 0.3293, Validation Loss: 5.4907
Epoch 369/1000, Train Loss: 0.3350, Validation Loss: 0.9679
Epoch 370/1000, Train Loss: 0.3327, Validation Loss: 2.6976
Epoch 371/1000, Train Loss: 0.3300, Validation Loss: 2.0535
Epoch 372/1000, Train Loss: 0.3294, Validation Loss: 0.4315
Epoch 373/1000, Train Loss: 0.3326, Validation Loss: 2.7423
Epoch 374/1000, Train Loss: 0.3327, Validation Loss: 3.1664
Epoch 375/1000, Train Loss: 0.3284, Validation Loss: 0.9878
Epoch 376/1000, Train Loss: 0.3276, Validation Loss: 1.3616
Epoch 377/1000, Train Loss: 0.3302, Validation Loss: 1.9512
Epoch 378/1000, Train Loss: 0.3320, Validation Loss: 2.9478
Epoch 379/1000, Train Loss: 0.3257, Validation Loss: 0.7051
Epoch 380/1000, Train Loss: 0.3268, Validation Loss: 2.2963
Epoch 381/1000, Train Loss: 0.3302, Validation Loss: 0.5381
Epoch 382/1000, Train Loss: 0.3278, Validation Loss: 1.2143
Epoch 383/1000, Train Loss: 0.3267, Validation Loss: 0.8458
Epoch 384/1000, Train Loss: 0.3260, Validation Loss: 0.6709
Epoch 385/1000, Train Loss: 0.3313, Validation Loss: 2.1657
Epoch 386/1000, Train Loss: 0.3297, Validation Loss: 0.7214
Epoch 387/1000, Train Loss: 0.3269, Validation Loss: 1.2188
Epoch 388/1000, Train Loss: 0.3271, Validation Loss: 1.7112
Epoch 389/1000, Train Loss: 0.3287, Validation Loss: 2.3232
Epoch 390/1000, Train Loss: 0.3257, Validation Loss: 3.1713
Epoch 391/1000, Train Loss: 0.3284, Validation Loss: 0.3213
Epoch 392/1000, Train Loss: 0.3276, Validation Loss: 2.0786
Epoch 393/1000, Train Loss: 0.3310, Validation Loss: 1.4030
Epoch 394/1000, Train Loss: 0.3269, Validation Loss: 0.7872
Epoch 395/1000, Train Loss: 0.3275, Validation Loss: 2.2673
Epoch 396/1000, Train Loss: 0.3277, Validation Loss: 0.7869
Epoch 397/1000, Train Loss: 0.3286, Validation Loss: 2.2363
Epoch 398/1000, Train Loss: 0.3260, Validation Loss: 0.3502
Epoch 399/1000, Train Loss: 0.3258, Validation Loss: 1.9405
Epoch 400/1000, Train Loss: 0.3240, Validation Loss: 7.3051
Epoch 401/1000, Train Loss: 0.3255, Validation Loss: 0.9463
Epoch 402/1000, Train Loss: 0.3274, Validation Loss: 5.9681
Epoch 403/1000, Train Loss: 0.3241, Validation Loss: 0.4529
Epoch 404/1000, Train Loss: 0.3252, Validation Loss: 2.9052
Epoch 405/1000, Train Loss: 0.3239, Validation Loss: 1.7500
Epoch 406/1000, Train Loss: 0.3248, Validation Loss: 1.0452
Epoch 407/1000, Train Loss: 0.3273, Validation Loss: 0.9586
Epoch 408/1000, Train Loss: 0.3259, Validation Loss: 2.6988
Epoch 409/1000, Train Loss: 0.3276, Validation Loss: 0.4084
Epoch 410/1000, Train Loss: 0.3267, Validation Loss: 2.6198
Epoch 411/1000, Train Loss: 0.3238, Validation Loss: 3.3028
Epoch 412/1000, Train Loss: 0.3243, Validation Loss: 2.0092
Epoch 413/1000, Train Loss: 0.3229, Validation Loss: 5.9386
Epoch 414/1000, Train Loss: 0.3202, Validation Loss: 1.5382
Epoch 415/1000, Train Loss: 0.3220, Validation Loss: 0.4638
Epoch 416/1000, Train Loss: 0.3233, Validation Loss: 2.7400
Epoch 417/1000, Train Loss: 0.3234, Validation Loss: 4.0096
Epoch 418/1000, Train Loss: 0.3232, Validation Loss: 1.5134
Epoch 419/1000, Train Loss: 0.3206, Validation Loss: 0.7049
Epoch 420/1000, Train Loss: 0.3228, Validation Loss: 0.6969
Epoch 421/1000, Train Loss: 0.3207, Validation Loss: 1.8508
Epoch 422/1000, Train Loss: 0.3238, Validation Loss: 0.9505
Epoch 423/1000, Train Loss: 0.3248, Validation Loss: 0.7268
Epoch 424/1000, Train Loss: 0.3245, Validation Loss: 2.2497
Epoch 425/1000, Train Loss: 0.3256, Validation Loss: 0.7528
Epoch 426/1000, Train Loss: 0.3201, Validation Loss: 0.9681
Epoch 427/1000, Train Loss: 0.3205, Validation Loss: 1.8142
Epoch 428/1000, Train Loss: 0.3217, Validation Loss: 2.9369
Epoch 429/1000, Train Loss: 0.3241, Validation Loss: 5.8487
Epoch 430/1000, Train Loss: 0.3222, Validation Loss: 1.3857
Epoch 431/1000, Train Loss: 0.3212, Validation Loss: 0.4186
Epoch 432/1000, Train Loss: 0.3224, Validation Loss: 3.7408
Epoch 433/1000, Train Loss: 0.3198, Validation Loss: 1.0266
Epoch 434/1000, Train Loss: 0.3251, Validation Loss: 1.2021
Epoch 435/1000, Train Loss: 0.3229, Validation Loss: 1.9561
Epoch 436/1000, Train Loss: 0.3196, Validation Loss: 0.3707
Epoch 437/1000, Train Loss: 0.3205, Validation Loss: 1.1176
Epoch 438/1000, Train Loss: 0.3248, Validation Loss: 1.7414
Epoch 439/1000, Train Loss: 0.3231, Validation Loss: 1.8820
Epoch 440/1000, Train Loss: 0.3213, Validation Loss: 0.9962
Epoch 441/1000, Train Loss: 0.3213, Validation Loss: 1.8824
Epoch 442/1000, Train Loss: 0.3218, Validation Loss: 0.7088
Epoch 443/1000, Train Loss: 0.3202, Validation Loss: 3.6649
Epoch 444/1000, Train Loss: 0.3185, Validation Loss: 5.6329
Epoch 445/1000, Train Loss: 0.3207, Validation Loss: 4.9075
Epoch 446/1000, Train Loss: 0.3212, Validation Loss: 0.6859
Epoch 447/1000, Train Loss: 0.3219, Validation Loss: 1.6862
Epoch 448/1000, Train Loss: 0.3169, Validation Loss: 0.8226
Epoch 449/1000, Train Loss: 0.3182, Validation Loss: 5.3930
Epoch 450/1000, Train Loss: 0.3213, Validation Loss: 1.5829
Epoch 451/1000, Train Loss: 0.3175, Validation Loss: 1.9323
Epoch 452/1000, Train Loss: 0.3129, Validation Loss: 0.9440
Epoch 453/1000, Train Loss: 0.3197, Validation Loss: 0.8201
Epoch 454/1000, Train Loss: 0.3167, Validation Loss: 2.0539
Epoch 455/1000, Train Loss: 0.3173, Validation Loss: 1.4234
Epoch 456/1000, Train Loss: 0.3167, Validation Loss: 0.3477
Epoch 457/1000, Train Loss: 0.3201, Validation Loss: 1.0808
Epoch 458/1000, Train Loss: 0.3193, Validation Loss: 2.8588
Epoch 459/1000, Train Loss: 0.3197, Validation Loss: 0.8705
Epoch 460/1000, Train Loss: 0.3190, Validation Loss: 0.4940
Epoch 461/1000, Train Loss: 0.3205, Validation Loss: 9.3271
Epoch 462/1000, Train Loss: 0.3197, Validation Loss: 1.1067
Epoch 463/1000, Train Loss: 0.3202, Validation Loss: 0.7449
Epoch 464/1000, Train Loss: 0.3175, Validation Loss: 1.0603
Epoch 465/1000, Train Loss: 0.3183, Validation Loss: 0.3589
Epoch 466/1000, Train Loss: 0.3201, Validation Loss: 0.5607
Epoch 467/1000, Train Loss: 0.3186, Validation Loss: 0.7631
Epoch 468/1000, Train Loss: 0.3183, Validation Loss: 2.2872
Epoch 469/1000, Train Loss: 0.3157, Validation Loss: 1.6685
Epoch 470/1000, Train Loss: 0.3152, Validation Loss: 3.6584
Epoch 471/1000, Train Loss: 0.3183, Validation Loss: 1.4210
Epoch 472/1000, Train Loss: 0.3175, Validation Loss: 7.9765
Epoch 473/1000, Train Loss: 0.3168, Validation Loss: 2.1206
Epoch 474/1000, Train Loss: 0.3153, Validation Loss: 0.8501
Epoch 475/1000, Train Loss: 0.3196, Validation Loss: 2.2482
Epoch 476/1000, Train Loss: 0.3169, Validation Loss: 0.4915
Epoch 477/1000, Train Loss: 0.3154, Validation Loss: 1.3005
Epoch 478/1000, Train Loss: 0.3136, Validation Loss: 0.6175
Epoch 479/1000, Train Loss: 0.3138, Validation Loss: 0.6789
Epoch 480/1000, Train Loss: 0.3157, Validation Loss: 1.6174
Epoch 481/1000, Train Loss: 0.3170, Validation Loss: 2.8812
Epoch 482/1000, Train Loss: 0.3173, Validation Loss: 0.4118
Epoch 483/1000, Train Loss: 0.3145, Validation Loss: 0.5730
Epoch 484/1000, Train Loss: 0.3156, Validation Loss: 0.5677
Epoch 485/1000, Train Loss: 0.3139, Validation Loss: 5.7406
Epoch 486/1000, Train Loss: 0.3163, Validation Loss: 1.0521
Epoch 487/1000, Train Loss: 0.3143, Validation Loss: 0.8841
Epoch 488/1000, Train Loss: 0.3167, Validation Loss: 1.4787
Epoch 489/1000, Train Loss: 0.3167, Validation Loss: 3.7876
Epoch 490/1000, Train Loss: 0.3121, Validation Loss: 2.1614
Epoch 491/1000, Train Loss: 0.3202, Validation Loss: 1.3760
Epoch 492/1000, Train Loss: 0.3173, Validation Loss: 0.6224
Epoch 493/1000, Train Loss: 0.3177, Validation Loss: 0.5022
Epoch 494/1000, Train Loss: 0.3188, Validation Loss: 1.4909
Epoch 495/1000, Train Loss: 0.3157, Validation Loss: 1.1209
Epoch 496/1000, Train Loss: 0.3153, Validation Loss: 3.6383
Epoch 497/1000, Train Loss: 0.3173, Validation Loss: 2.2971
Epoch 498/1000, Train Loss: 0.3169, Validation Loss: 0.4497
Epoch 499/1000, Train Loss: 0.3128, Validation Loss: 0.5031
Epoch 500/1000, Train Loss: 0.3138, Validation Loss: 1.4603
Epoch 501/1000, Train Loss: 0.3138, Validation Loss: 1.2542
Epoch 502/1000, Train Loss: 0.3158, Validation Loss: 0.9379
Epoch 503/1000, Train Loss: 0.3145, Validation Loss: 1.9339
Epoch 504/1000, Train Loss: 0.3149, Validation Loss: 1.2193
Epoch 505/1000, Train Loss: 0.3131, Validation Loss: 5.3821
Epoch 506/1000, Train Loss: 0.3124, Validation Loss: 3.9379
Epoch 507/1000, Train Loss: 0.3146, Validation Loss: 3.5390
Epoch 508/1000, Train Loss: 0.3122, Validation Loss: 0.9834
Epoch 509/1000, Train Loss: 0.3166, Validation Loss: 0.7390
Epoch 510/1000, Train Loss: 0.3140, Validation Loss: 2.3189
Epoch 511/1000, Train Loss: 0.3147, Validation Loss: 0.7005
Epoch 512/1000, Train Loss: 0.3120, Validation Loss: 2.2920
Epoch 513/1000, Train Loss: 0.3136, Validation Loss: 2.6429
Epoch 514/1000, Train Loss: 0.3216, Validation Loss: 6.1995
Epoch 515/1000, Train Loss: 0.3148, Validation Loss: 1.8372
Epoch 516/1000, Train Loss: 0.3132, Validation Loss: 1.4617
Epoch 517/1000, Train Loss: 0.3180, Validation Loss: 0.8590
Epoch 518/1000, Train Loss: 0.3138, Validation Loss: 1.0722
Epoch 519/1000, Train Loss: 0.3164, Validation Loss: 1.3614
Epoch 520/1000, Train Loss: 0.3134, Validation Loss: 0.6028
Epoch 521/1000, Train Loss: 0.3156, Validation Loss: 0.6081
Epoch 522/1000, Train Loss: 0.3161, Validation Loss: 2.0600
Epoch 523/1000, Train Loss: 0.3099, Validation Loss: 1.0139
Epoch 524/1000, Train Loss: 0.3163, Validation Loss: 0.8720
Epoch 525/1000, Train Loss: 0.3131, Validation Loss: 1.5663
Epoch 526/1000, Train Loss: 0.3157, Validation Loss: 0.7437
Epoch 527/1000, Train Loss: 0.3126, Validation Loss: 1.3491
Epoch 528/1000, Train Loss: 0.3131, Validation Loss: 1.5996
Epoch 529/1000, Train Loss: 0.3142, Validation Loss: 1.2426
Epoch 530/1000, Train Loss: 0.3128, Validation Loss: 0.8286
Epoch 531/1000, Train Loss: 0.3119, Validation Loss: 1.4329
Epoch 532/1000, Train Loss: 0.3128, Validation Loss: 1.4356
Epoch 533/1000, Train Loss: 0.3145, Validation Loss: 0.8749
Epoch 534/1000, Train Loss: 0.3126, Validation Loss: 1.2438
Epoch 535/1000, Train Loss: 0.3121, Validation Loss: 0.9112
Epoch 536/1000, Train Loss: 0.3123, Validation Loss: 2.1734
Epoch 537/1000, Train Loss: 0.3121, Validation Loss: 0.8759
Epoch 538/1000, Train Loss: 0.3127, Validation Loss: 0.9080
Epoch 539/1000, Train Loss: 0.3120, Validation Loss: 0.6736
Epoch 540/1000, Train Loss: 0.3129, Validation Loss: 0.5132
Epoch 541/1000, Train Loss: 0.3163, Validation Loss: 0.7059
Epoch 542/1000, Train Loss: 0.3127, Validation Loss: 0.5241
Epoch 543/1000, Train Loss: 0.3104, Validation Loss: 2.5251
Epoch 544/1000, Train Loss: 0.3095, Validation Loss: 5.5075
Epoch 545/1000, Train Loss: 0.3115, Validation Loss: 1.3367
Epoch 546/1000, Train Loss: 0.3125, Validation Loss: 1.0631
Epoch 547/1000, Train Loss: 0.3122, Validation Loss: 1.4574
Epoch 548/1000, Train Loss: 0.3105, Validation Loss: 3.5291
Epoch 549/1000, Train Loss: 0.3109, Validation Loss: 2.7967
Epoch 550/1000, Train Loss: 0.3082, Validation Loss: 0.5297
Epoch 551/1000, Train Loss: 0.3120, Validation Loss: 0.8085
Epoch 552/1000, Train Loss: 0.3151, Validation Loss: 1.0686
Epoch 553/1000, Train Loss: 0.3147, Validation Loss: 3.4734
Epoch 554/1000, Train Loss: 0.3082, Validation Loss: 1.5764
Epoch 555/1000, Train Loss: 0.3095, Validation Loss: 1.0856
Epoch 556/1000, Train Loss: 0.3093, Validation Loss: 3.2577
Epoch 557/1000, Train Loss: 0.3108, Validation Loss: 1.0041
Epoch 558/1000, Train Loss: 0.3121, Validation Loss: 4.9353
Epoch 559/1000, Train Loss: 0.3120, Validation Loss: 1.6273
Epoch 560/1000, Train Loss: 0.3104, Validation Loss: 0.6232
Epoch 561/1000, Train Loss: 0.3124, Validation Loss: 4.8106
Epoch 562/1000, Train Loss: 0.3139, Validation Loss: 0.6188
Epoch 563/1000, Train Loss: 0.3117, Validation Loss: 1.1292
Epoch 564/1000, Train Loss: 0.3094, Validation Loss: 0.6675
Epoch 565/1000, Train Loss: 0.3102, Validation Loss: 0.4105
Epoch 566/1000, Train Loss: 0.3089, Validation Loss: 0.8991
Epoch 567/1000, Train Loss: 0.3080, Validation Loss: 0.4997
Epoch 568/1000, Train Loss: 0.3085, Validation Loss: 0.6364
Epoch 569/1000, Train Loss: 0.3092, Validation Loss: 1.0902
Epoch 570/1000, Train Loss: 0.3096, Validation Loss: 0.3731
Epoch 571/1000, Train Loss: 0.3101, Validation Loss: 0.5233
Epoch 572/1000, Train Loss: 0.3096, Validation Loss: 0.4612
Epoch 573/1000, Train Loss: 0.3072, Validation Loss: 2.4870
Epoch 574/1000, Train Loss: 0.3073, Validation Loss: 0.6402
Epoch 575/1000, Train Loss: 0.3069, Validation Loss: 0.7400
Epoch 576/1000, Train Loss: 0.3149, Validation Loss: 0.7791
Epoch 577/1000, Train Loss: 0.3135, Validation Loss: 3.5345
Epoch 578/1000, Train Loss: 0.3097, Validation Loss: 1.0723
Epoch 579/1000, Train Loss: 0.3081, Validation Loss: 1.2979
Epoch 580/1000, Train Loss: 0.3115, Validation Loss: 1.3137
Epoch 581/1000, Train Loss: 0.3061, Validation Loss: 2.7871
Epoch 582/1000, Train Loss: 0.3074, Validation Loss: 0.7039
Epoch 583/1000, Train Loss: 0.3104, Validation Loss: 4.4727
Epoch 584/1000, Train Loss: 0.3093, Validation Loss: 1.1563
Epoch 585/1000, Train Loss: 0.3101, Validation Loss: 3.3436
Epoch 586/1000, Train Loss: 0.3079, Validation Loss: 0.5403
Epoch 587/1000, Train Loss: 0.3091, Validation Loss: 1.0244
Epoch 588/1000, Train Loss: 0.3134, Validation Loss: 0.3743
Epoch 589/1000, Train Loss: 0.3124, Validation Loss: 0.6579
Epoch 590/1000, Train Loss: 0.3109, Validation Loss: 0.7783
Epoch 591/1000, Train Loss: 0.3080, Validation Loss: 0.7154
Epoch 592/1000, Train Loss: 0.3117, Validation Loss: 2.5312
Epoch 593/1000, Train Loss: 0.3092, Validation Loss: 0.5566
Epoch 594/1000, Train Loss: 0.3100, Validation Loss: 0.7871
Epoch 595/1000, Train Loss: 0.3109, Validation Loss: 0.4953
Epoch 596/1000, Train Loss: 0.3079, Validation Loss: 2.4957
Epoch 597/1000, Train Loss: 0.3082, Validation Loss: 3.0912
Epoch 598/1000, Train Loss: 0.3107, Validation Loss: 0.5220
Epoch 599/1000, Train Loss: 0.3081, Validation Loss: 0.7907
Epoch 600/1000, Train Loss: 0.3097, Validation Loss: 1.6621
Epoch 601/1000, Train Loss: 0.3075, Validation Loss: 1.1007
Epoch 602/1000, Train Loss: 0.3095, Validation Loss: 0.6417
Epoch 603/1000, Train Loss: 0.3086, Validation Loss: 0.4472
Epoch 604/1000, Train Loss: 0.3086, Validation Loss: 1.3311
Epoch 605/1000, Train Loss: 0.3081, Validation Loss: 2.1404
Epoch 606/1000, Train Loss: 0.3102, Validation Loss: 10.5892
Epoch 607/1000, Train Loss: 0.3102, Validation Loss: 1.2737
Epoch 608/1000, Train Loss: 0.3050, Validation Loss: 4.3319
Epoch 609/1000, Train Loss: 0.3084, Validation Loss: 1.4406
Epoch 610/1000, Train Loss: 0.3068, Validation Loss: 0.9807
Epoch 611/1000, Train Loss: 0.3067, Validation Loss: 7.3740
Epoch 612/1000, Train Loss: 0.3094, Validation Loss: 1.5033
Epoch 613/1000, Train Loss: 0.3057, Validation Loss: 0.6929
Epoch 614/1000, Train Loss: 0.3059, Validation Loss: 0.9487
Epoch 615/1000, Train Loss: 0.3087, Validation Loss: 7.0347
Epoch 616/1000, Train Loss: 0.3074, Validation Loss: 0.7503
Epoch 617/1000, Train Loss: 0.3086, Validation Loss: 0.9459
Epoch 618/1000, Train Loss: 0.3058, Validation Loss: 0.6287
Epoch 619/1000, Train Loss: 0.3073, Validation Loss: 5.3350
Epoch 620/1000, Train Loss: 0.3070, Validation Loss: 0.8065
Epoch 621/1000, Train Loss: 0.3075, Validation Loss: 0.5792
Epoch 622/1000, Train Loss: 0.3054, Validation Loss: 0.4499
Epoch 623/1000, Train Loss: 0.3066, Validation Loss: 1.4035
Epoch 624/1000, Train Loss: 0.3073, Validation Loss: 0.8372
Epoch 625/1000, Train Loss: 0.3068, Validation Loss: 0.3472
Epoch 626/1000, Train Loss: 0.3062, Validation Loss: 0.4573
Epoch 627/1000, Train Loss: 0.3059, Validation Loss: 0.8370
Epoch 628/1000, Train Loss: 0.3053, Validation Loss: 1.7412
Epoch 629/1000, Train Loss: 0.3067, Validation Loss: 1.0300
Epoch 630/1000, Train Loss: 0.3057, Validation Loss: 1.9584
Epoch 631/1000, Train Loss: 0.3063, Validation Loss: 0.3135
Epoch 632/1000, Train Loss: 0.3103, Validation Loss: 1.4911
Epoch 633/1000, Train Loss: 0.3088, Validation Loss: 2.1195
Epoch 634/1000, Train Loss: 0.3071, Validation Loss: 1.4565
Epoch 635/1000, Train Loss: 0.3088, Validation Loss: 1.0042
Epoch 636/1000, Train Loss: 0.3060, Validation Loss: 6.6397
Epoch 637/1000, Train Loss: 0.3046, Validation Loss: 0.3524
Epoch 638/1000, Train Loss: 0.3086, Validation Loss: 1.7618
Epoch 639/1000, Train Loss: 0.3083, Validation Loss: 8.1489
Epoch 640/1000, Train Loss: 0.3069, Validation Loss: 0.9145
Epoch 641/1000, Train Loss: 0.3079, Validation Loss: 3.5335
Epoch 642/1000, Train Loss: 0.3066, Validation Loss: 2.2694
Epoch 643/1000, Train Loss: 0.3064, Validation Loss: 2.6733
Epoch 644/1000, Train Loss: 0.3053, Validation Loss: 0.9173
Epoch 645/1000, Train Loss: 0.3059, Validation Loss: 0.4643
Epoch 646/1000, Train Loss: 0.3028, Validation Loss: 3.1301
Epoch 647/1000, Train Loss: 0.3050, Validation Loss: 5.5274
Epoch 648/1000, Train Loss: 0.3033, Validation Loss: 0.7050
Epoch 649/1000, Train Loss: 0.3045, Validation Loss: 1.1573
Epoch 650/1000, Train Loss: 0.3046, Validation Loss: 0.9543
Epoch 651/1000, Train Loss: 0.3051, Validation Loss: 1.2473
Epoch 652/1000, Train Loss: 0.3048, Validation Loss: 2.5802
Epoch 653/1000, Train Loss: 0.3087, Validation Loss: 0.6699
Epoch 654/1000, Train Loss: 0.3045, Validation Loss: 0.3042
Epoch 655/1000, Train Loss: 0.3027, Validation Loss: 0.9661
Epoch 656/1000, Train Loss: 0.3087, Validation Loss: 1.5244
Epoch 657/1000, Train Loss: 0.3090, Validation Loss: 0.4875
Epoch 658/1000, Train Loss: 0.3089, Validation Loss: 0.5350
Epoch 659/1000, Train Loss: 0.3075, Validation Loss: 2.1325
Epoch 660/1000, Train Loss: 0.3059, Validation Loss: 1.2171
Epoch 661/1000, Train Loss: 0.3046, Validation Loss: 1.1579
Epoch 662/1000, Train Loss: 0.3046, Validation Loss: 0.7191
Epoch 663/1000, Train Loss: 0.3062, Validation Loss: 0.6566
Epoch 664/1000, Train Loss: 0.3056, Validation Loss: 2.5216
Epoch 665/1000, Train Loss: 0.3070, Validation Loss: 1.6284
Epoch 666/1000, Train Loss: 0.3038, Validation Loss: 0.8581
Epoch 667/1000, Train Loss: 0.3110, Validation Loss: 1.7381
Epoch 668/1000, Train Loss: 0.3046, Validation Loss: 0.5876
Epoch 669/1000, Train Loss: 0.3023, Validation Loss: 0.5697
Epoch 670/1000, Train Loss: 0.3081, Validation Loss: 0.4377
Epoch 671/1000, Train Loss: 0.3051, Validation Loss: 3.9418
Epoch 672/1000, Train Loss: 0.3064, Validation Loss: 0.7007
Epoch 673/1000, Train Loss: 0.3058, Validation Loss: 0.3494
Epoch 674/1000, Train Loss: 0.3047, Validation Loss: 1.5100
Epoch 675/1000, Train Loss: 0.3070, Validation Loss: 1.2516
Epoch 676/1000, Train Loss: 0.3040, Validation Loss: 1.0386
Epoch 677/1000, Train Loss: 0.3048, Validation Loss: 3.1344
Epoch 678/1000, Train Loss: 0.3048, Validation Loss: 0.9723
Epoch 679/1000, Train Loss: 0.3047, Validation Loss: 1.2922
Epoch 680/1000, Train Loss: 0.3042, Validation Loss: 0.6826
Epoch 681/1000, Train Loss: 0.3072, Validation Loss: 1.1170
Epoch 682/1000, Train Loss: 0.3053, Validation Loss: 0.7511
Epoch 683/1000, Train Loss: 0.3052, Validation Loss: 2.7995
Epoch 684/1000, Train Loss: 0.2999, Validation Loss: 1.2774
Epoch 685/1000, Train Loss: 0.3047, Validation Loss: 0.4498
Epoch 686/1000, Train Loss: 0.3036, Validation Loss: 1.1478
Epoch 687/1000, Train Loss: 0.3052, Validation Loss: 2.5861
Epoch 688/1000, Train Loss: 0.3037, Validation Loss: 1.3244
Epoch 689/1000, Train Loss: 0.3052, Validation Loss: 0.4610
Epoch 690/1000, Train Loss: 0.3047, Validation Loss: 2.2189
Epoch 691/1000, Train Loss: 0.3053, Validation Loss: 4.3390
Epoch 692/1000, Train Loss: 0.3047, Validation Loss: 0.3532
Epoch 693/1000, Train Loss: 0.3063, Validation Loss: 0.4003
Epoch 694/1000, Train Loss: 0.3000, Validation Loss: 0.8947
Epoch 695/1000, Train Loss: 0.3031, Validation Loss: 0.8284
Epoch 696/1000, Train Loss: 0.3033, Validation Loss: 6.6429
Epoch 697/1000, Train Loss: 0.3047, Validation Loss: 1.4972
Epoch 698/1000, Train Loss: 0.3033, Validation Loss: 0.6408
Epoch 699/1000, Train Loss: 0.3047, Validation Loss: 1.2001
Epoch 700/1000, Train Loss: 0.3031, Validation Loss: 18.6698
Epoch 701/1000, Train Loss: 0.3062, Validation Loss: 0.6758
Epoch 702/1000, Train Loss: 0.3045, Validation Loss: 2.2509
Epoch 703/1000, Train Loss: 0.3040, Validation Loss: 6.5638
Epoch 704/1000, Train Loss: 0.3034, Validation Loss: 0.9873
Epoch 705/1000, Train Loss: 0.3049, Validation Loss: 1.1624
Epoch 706/1000, Train Loss: 0.3015, Validation Loss: 3.0809
Epoch 707/1000, Train Loss: 0.3056, Validation Loss: 1.3297
Epoch 708/1000, Train Loss: 0.3044, Validation Loss: 2.1206
Epoch 709/1000, Train Loss: 0.3019, Validation Loss: 1.8123
Epoch 710/1000, Train Loss: 0.3026, Validation Loss: 3.1159
Epoch 711/1000, Train Loss: 0.3071, Validation Loss: 2.7843
Epoch 712/1000, Train Loss: 0.3033, Validation Loss: 0.5130
Epoch 713/1000, Train Loss: 0.3018, Validation Loss: 1.1791
Epoch 714/1000, Train Loss: 0.3018, Validation Loss: 0.4666
Epoch 715/1000, Train Loss: 0.3017, Validation Loss: 5.8498
Epoch 716/1000, Train Loss: 0.3025, Validation Loss: 2.8831
Epoch 717/1000, Train Loss: 0.3047, Validation Loss: 3.0686
Epoch 718/1000, Train Loss: 0.3040, Validation Loss: 0.7184
Epoch 719/1000, Train Loss: 0.3038, Validation Loss: 4.6120
Epoch 720/1000, Train Loss: 0.3023, Validation Loss: 0.3929
Epoch 721/1000, Train Loss: 0.3048, Validation Loss: 3.1511
Epoch 722/1000, Train Loss: 0.3025, Validation Loss: 1.4451
Epoch 723/1000, Train Loss: 0.3016, Validation Loss: 0.4397
Epoch 724/1000, Train Loss: 0.3041, Validation Loss: 1.5461
Epoch 725/1000, Train Loss: 0.3033, Validation Loss: 1.4641
Epoch 726/1000, Train Loss: 0.3006, Validation Loss: 0.3397
Epoch 727/1000, Train Loss: 0.3029, Validation Loss: 5.2862
Epoch 728/1000, Train Loss: 0.3061, Validation Loss: 0.5749
Epoch 729/1000, Train Loss: 0.3043, Validation Loss: 0.9987
Epoch 730/1000, Train Loss: 0.3019, Validation Loss: 7.2111
Epoch 731/1000, Train Loss: 0.3017, Validation Loss: 2.0635
Epoch 732/1000, Train Loss: 0.3018, Validation Loss: 2.0926
Epoch 733/1000, Train Loss: 0.3046, Validation Loss: 0.3227
Epoch 734/1000, Train Loss: 0.3006, Validation Loss: 1.2758
Epoch 735/1000, Train Loss: 0.3041, Validation Loss: 0.8645
Epoch 736/1000, Train Loss: 0.3032, Validation Loss: 0.6301
Epoch 737/1000, Train Loss: 0.3047, Validation Loss: 0.3628
Epoch 738/1000, Train Loss: 0.3016, Validation Loss: 0.9870
Epoch 739/1000, Train Loss: 0.3014, Validation Loss: 1.2037
Epoch 740/1000, Train Loss: 0.3029, Validation Loss: 1.9393
Epoch 741/1000, Train Loss: 0.3012, Validation Loss: 0.5559
Epoch 742/1000, Train Loss: 0.2977, Validation Loss: 1.0683
Epoch 743/1000, Train Loss: 0.3010, Validation Loss: 1.0979
Epoch 744/1000, Train Loss: 0.3013, Validation Loss: 1.3081
Epoch 745/1000, Train Loss: 0.3022, Validation Loss: 0.9158
Epoch 746/1000, Train Loss: 0.3048, Validation Loss: 1.6681
Epoch 747/1000, Train Loss: 0.3017, Validation Loss: 1.6580
Epoch 748/1000, Train Loss: 0.3017, Validation Loss: 0.5466
Epoch 749/1000, Train Loss: 0.2999, Validation Loss: 0.6587
Epoch 750/1000, Train Loss: 0.3008, Validation Loss: 1.0407
Epoch 751/1000, Train Loss: 0.2992, Validation Loss: 0.3935
Epoch 752/1000, Train Loss: 0.3014, Validation Loss: 0.6032
Epoch 753/1000, Train Loss: 0.3009, Validation Loss: 1.7225
Epoch 754/1000, Train Loss: 0.2996, Validation Loss: 1.0270
Epoch 755/1000, Train Loss: 0.2988, Validation Loss: 1.7427
Epoch 756/1000, Train Loss: 0.3009, Validation Loss: 0.8339
Epoch 757/1000, Train Loss: 0.3021, Validation Loss: 5.6522
Epoch 758/1000, Train Loss: 0.3031, Validation Loss: 1.8984
Epoch 759/1000, Train Loss: 0.3010, Validation Loss: 0.5136
Epoch 760/1000, Train Loss: 0.2989, Validation Loss: 0.8608
Epoch 761/1000, Train Loss: 0.3048, Validation Loss: 9.3606
Epoch 762/1000, Train Loss: 0.3008, Validation Loss: 4.5361
Epoch 763/1000, Train Loss: 0.3032, Validation Loss: 0.9413
Epoch 764/1000, Train Loss: 0.3006, Validation Loss: 1.0214
Epoch 765/1000, Train Loss: 0.2972, Validation Loss: 4.1584
Epoch 766/1000, Train Loss: 0.3022, Validation Loss: 1.2463
Epoch 767/1000, Train Loss: 0.3065, Validation Loss: 4.9762
Epoch 768/1000, Train Loss: 0.3028, Validation Loss: 1.0427
Epoch 769/1000, Train Loss: 0.3009, Validation Loss: 1.0904
Epoch 770/1000, Train Loss: 0.2970, Validation Loss: 5.0220
Epoch 771/1000, Train Loss: 0.2977, Validation Loss: 12.6078
Epoch 772/1000, Train Loss: 0.3000, Validation Loss: 1.9214
Epoch 773/1000, Train Loss: 0.3029, Validation Loss: 1.0798
Epoch 774/1000, Train Loss: 0.3000, Validation Loss: 0.5318
Epoch 775/1000, Train Loss: 0.3054, Validation Loss: 5.1755
Epoch 776/1000, Train Loss: 0.3018, Validation Loss: 0.6674
Epoch 777/1000, Train Loss: 0.2990, Validation Loss: 4.3973
Epoch 778/1000, Train Loss: 0.2986, Validation Loss: 0.7975
Epoch 779/1000, Train Loss: 0.3001, Validation Loss: 3.0572
Epoch 780/1000, Train Loss: 0.3023, Validation Loss: 0.5620
Epoch 781/1000, Train Loss: 0.3003, Validation Loss: 1.1881
Epoch 782/1000, Train Loss: 0.3037, Validation Loss: 1.2319
Epoch 783/1000, Train Loss: 0.3000, Validation Loss: 1.4281
Epoch 784/1000, Train Loss: 0.3008, Validation Loss: 0.9458
Epoch 785/1000, Train Loss: 0.2991, Validation Loss: 0.4463
Epoch 786/1000, Train Loss: 0.2995, Validation Loss: 1.2739
Epoch 787/1000, Train Loss: 0.3019, Validation Loss: 6.0978
Epoch 788/1000, Train Loss: 0.2984, Validation Loss: 0.4244
Epoch 789/1000, Train Loss: 0.3002, Validation Loss: 0.4682
Epoch 790/1000, Train Loss: 0.2945, Validation Loss: 1.6489
Epoch 791/1000, Train Loss: 0.2976, Validation Loss: 0.7757
Epoch 792/1000, Train Loss: 0.3010, Validation Loss: 6.2122
Epoch 793/1000, Train Loss: 0.2996, Validation Loss: 0.4215
Epoch 794/1000, Train Loss: 0.3002, Validation Loss: 0.6961
Epoch 795/1000, Train Loss: 0.3002, Validation Loss: 0.6603
Epoch 796/1000, Train Loss: 0.3012, Validation Loss: 1.0749
Epoch 797/1000, Train Loss: 0.2983, Validation Loss: 2.4446
Epoch 798/1000, Train Loss: 0.2985, Validation Loss: 1.1412
Epoch 799/1000, Train Loss: 0.2999, Validation Loss: 1.1452
Epoch 800/1000, Train Loss: 0.2985, Validation Loss: 0.9981
Epoch 801/1000, Train Loss: 0.3016, Validation Loss: 1.1385
Epoch 802/1000, Train Loss: 0.2975, Validation Loss: 1.2025
Epoch 803/1000, Train Loss: 0.2984, Validation Loss: 0.9651
Epoch 804/1000, Train Loss: 0.3030, Validation Loss: 0.4651
Epoch 805/1000, Train Loss: 0.3004, Validation Loss: 1.1154
Epoch 806/1000, Train Loss: 0.2987, Validation Loss: 0.8132
Epoch 807/1000, Train Loss: 0.2997, Validation Loss: 0.4554
Epoch 808/1000, Train Loss: 0.2957, Validation Loss: 2.2137
Epoch 809/1000, Train Loss: 0.3002, Validation Loss: 0.6501
Epoch 810/1000, Train Loss: 0.3000, Validation Loss: 0.9425
Epoch 811/1000, Train Loss: 0.2953, Validation Loss: 0.6690
Epoch 812/1000, Train Loss: 0.3008, Validation Loss: 0.6301
Epoch 813/1000, Train Loss: 0.2984, Validation Loss: 3.7953
Epoch 814/1000, Train Loss: 0.3018, Validation Loss: 0.6324
Epoch 815/1000, Train Loss: 0.2983, Validation Loss: 0.7327
Epoch 816/1000, Train Loss: 0.2984, Validation Loss: 0.5746
Epoch 817/1000, Train Loss: 0.3001, Validation Loss: 1.8297
Epoch 818/1000, Train Loss: 0.2994, Validation Loss: 1.6948
Epoch 819/1000, Train Loss: 0.2995, Validation Loss: 3.9176
Epoch 820/1000, Train Loss: 0.3011, Validation Loss: 1.1301
Epoch 821/1000, Train Loss: 0.3007, Validation Loss: 1.7964
Epoch 822/1000, Train Loss: 0.2994, Validation Loss: 1.5720
Epoch 823/1000, Train Loss: 0.2992, Validation Loss: 0.4346
Epoch 824/1000, Train Loss: 0.2951, Validation Loss: 3.1727
Epoch 825/1000, Train Loss: 0.2982, Validation Loss: 0.8105
Epoch 826/1000, Train Loss: 0.3010, Validation Loss: 1.2364
Epoch 827/1000, Train Loss: 0.2975, Validation Loss: 5.2071
Epoch 828/1000, Train Loss: 0.2978, Validation Loss: 2.0279
Epoch 829/1000, Train Loss: 0.2973, Validation Loss: 0.6696
Epoch 830/1000, Train Loss: 0.2982, Validation Loss: 0.5040
Epoch 831/1000, Train Loss: 0.2981, Validation Loss: 0.6038
Epoch 832/1000, Train Loss: 0.2963, Validation Loss: 0.4186
Epoch 833/1000, Train Loss: 0.3000, Validation Loss: 1.1887
Epoch 834/1000, Train Loss: 0.2991, Validation Loss: 0.6420
Epoch 835/1000, Train Loss: 0.2991, Validation Loss: 1.2474
Epoch 836/1000, Train Loss: 0.2984, Validation Loss: 1.6507
Epoch 837/1000, Train Loss: 0.2979, Validation Loss: 4.1634
Epoch 838/1000, Train Loss: 0.2996, Validation Loss: 4.3472
Epoch 839/1000, Train Loss: 0.2999, Validation Loss: 0.7436
Epoch 840/1000, Train Loss: 0.2974, Validation Loss: 0.9496
Epoch 841/1000, Train Loss: 0.2966, Validation Loss: 5.0143
Epoch 842/1000, Train Loss: 0.2974, Validation Loss: 1.7068
Epoch 843/1000, Train Loss: 0.2957, Validation Loss: 1.9888
Epoch 844/1000, Train Loss: 0.3026, Validation Loss: 0.5256
Epoch 845/1000, Train Loss: 0.3040, Validation Loss: 1.4122
Epoch 846/1000, Train Loss: 0.2987, Validation Loss: 0.7954
Epoch 847/1000, Train Loss: 0.2987, Validation Loss: 6.8631
Epoch 848/1000, Train Loss: 0.3002, Validation Loss: 1.9376
Epoch 849/1000, Train Loss: 0.2967, Validation Loss: 0.8104
Epoch 850/1000, Train Loss: 0.2960, Validation Loss: 2.4300
Epoch 851/1000, Train Loss: 0.2957, Validation Loss: 5.1890
Epoch 852/1000, Train Loss: 0.2980, Validation Loss: 0.4379
Epoch 853/1000, Train Loss: 0.2965, Validation Loss: 6.8303
Epoch 854/1000, Train Loss: 0.2968, Validation Loss: 1.1164
Epoch 855/1000, Train Loss: 0.2985, Validation Loss: 5.7570
Epoch 856/1000, Train Loss: 0.2957, Validation Loss: 1.9243
Epoch 857/1000, Train Loss: 0.2989, Validation Loss: 0.4105
Epoch 858/1000, Train Loss: 0.2985, Validation Loss: 0.2928
Epoch 859/1000, Train Loss: 0.2985, Validation Loss: 2.7804
Epoch 860/1000, Train Loss: 0.2977, Validation Loss: 1.0056
Epoch 861/1000, Train Loss: 0.2969, Validation Loss: 4.6554
Epoch 862/1000, Train Loss: 0.2977, Validation Loss: 2.4245
Epoch 863/1000, Train Loss: 0.3004, Validation Loss: 2.9662
Epoch 864/1000, Train Loss: 0.2975, Validation Loss: 9.7036
Epoch 865/1000, Train Loss: 0.3033, Validation Loss: 3.7841
Epoch 866/1000, Train Loss: 0.2952, Validation Loss: 0.7674
Epoch 867/1000, Train Loss: 0.2953, Validation Loss: 0.5593
Epoch 868/1000, Train Loss: 0.2936, Validation Loss: 1.9093
Epoch 869/1000, Train Loss: 0.2978, Validation Loss: 1.6449
Epoch 870/1000, Train Loss: 0.2975, Validation Loss: 9.4209
Epoch 871/1000, Train Loss: 0.2969, Validation Loss: 0.7830
Epoch 872/1000, Train Loss: 0.2966, Validation Loss: 1.0072
Epoch 873/1000, Train Loss: 0.2949, Validation Loss: 0.6586
Epoch 874/1000, Train Loss: 0.2970, Validation Loss: 1.3574
Epoch 875/1000, Train Loss: 0.2974, Validation Loss: 0.8915
Epoch 876/1000, Train Loss: 0.2936, Validation Loss: 1.4200
Epoch 877/1000, Train Loss: 0.2957, Validation Loss: 0.6861
Epoch 878/1000, Train Loss: 0.2984, Validation Loss: 0.8388
Epoch 879/1000, Train Loss: 0.2982, Validation Loss: 0.9297
Epoch 880/1000, Train Loss: 0.2977, Validation Loss: 2.2293
Epoch 881/1000, Train Loss: 0.3003, Validation Loss: 0.7840
Epoch 882/1000, Train Loss: 0.2956, Validation Loss: 1.5970
Epoch 883/1000, Train Loss: 0.2957, Validation Loss: 1.2013
Epoch 884/1000, Train Loss: 0.2945, Validation Loss: 1.1480
Epoch 885/1000, Train Loss: 0.2973, Validation Loss: 0.7062
Epoch 886/1000, Train Loss: 0.2928, Validation Loss: 0.6156
Epoch 887/1000, Train Loss: 0.2935, Validation Loss: 3.9958
Epoch 888/1000, Train Loss: 0.2954, Validation Loss: 6.4408
Epoch 889/1000, Train Loss: 0.2968, Validation Loss: 1.0490
Epoch 890/1000, Train Loss: 0.2971, Validation Loss: 1.8975
Epoch 891/1000, Train Loss: 0.2936, Validation Loss: 2.5619
Epoch 892/1000, Train Loss: 0.2937, Validation Loss: 3.4928
Epoch 893/1000, Train Loss: 0.2945, Validation Loss: 18.5240
Epoch 894/1000, Train Loss: 0.2952, Validation Loss: 0.7028
Epoch 895/1000, Train Loss: 0.2971, Validation Loss: 0.8514
Epoch 896/1000, Train Loss: 0.2962, Validation Loss: 2.1873
Epoch 897/1000, Train Loss: 0.2925, Validation Loss: 7.7525
Epoch 898/1000, Train Loss: 0.2980, Validation Loss: 0.4672
Epoch 899/1000, Train Loss: 0.2968, Validation Loss: 0.4553
Epoch 900/1000, Train Loss: 0.2917, Validation Loss: 0.6664
Epoch 901/1000, Train Loss: 0.2975, Validation Loss: 1.0957
Epoch 902/1000, Train Loss: 0.2958, Validation Loss: 1.3653
Epoch 903/1000, Train Loss: 0.2987, Validation Loss: 0.5901
Epoch 904/1000, Train Loss: 0.2959, Validation Loss: 0.8284
Epoch 905/1000, Train Loss: 0.2968, Validation Loss: 1.3941
Epoch 906/1000, Train Loss: 0.2934, Validation Loss: 0.9404
Epoch 907/1000, Train Loss: 0.2938, Validation Loss: 0.9133
Epoch 908/1000, Train Loss: 0.2960, Validation Loss: 0.6255
Epoch 909/1000, Train Loss: 0.2950, Validation Loss: 0.7936
Epoch 910/1000, Train Loss: 0.2966, Validation Loss: 0.3420
Epoch 911/1000, Train Loss: 0.2946, Validation Loss: 2.2693
Epoch 912/1000, Train Loss: 0.2954, Validation Loss: 0.4150
Epoch 913/1000, Train Loss: 0.2955, Validation Loss: 0.8292
Epoch 914/1000, Train Loss: 0.2948, Validation Loss: 0.3028
Epoch 915/1000, Train Loss: 0.2955, Validation Loss: 13.5956
Epoch 916/1000, Train Loss: 0.2952, Validation Loss: 0.6088
Epoch 917/1000, Train Loss: 0.2936, Validation Loss: 0.5524
Epoch 918/1000, Train Loss: 0.2990, Validation Loss: 0.6511
Epoch 919/1000, Train Loss: 0.2947, Validation Loss: 0.7491
Epoch 920/1000, Train Loss: 0.2937, Validation Loss: 2.3499
Epoch 921/1000, Train Loss: 0.2931, Validation Loss: 10.7614
Epoch 922/1000, Train Loss: 0.2922, Validation Loss: 1.5616
Epoch 923/1000, Train Loss: 0.2941, Validation Loss: 0.3943
Epoch 924/1000, Train Loss: 0.2966, Validation Loss: 1.3394
Epoch 925/1000, Train Loss: 0.2948, Validation Loss: 0.5430
Epoch 926/1000, Train Loss: 0.2947, Validation Loss: 1.0438
Epoch 927/1000, Train Loss: 0.2955, Validation Loss: 0.3977
Epoch 928/1000, Train Loss: 0.2940, Validation Loss: 1.0874
Epoch 929/1000, Train Loss: 0.2958, Validation Loss: 0.8533
Epoch 930/1000, Train Loss: 0.2945, Validation Loss: 1.3722
Epoch 931/1000, Train Loss: 0.2938, Validation Loss: 8.2039
Epoch 932/1000, Train Loss: 0.2971, Validation Loss: 2.9537
Epoch 933/1000, Train Loss: 0.2967, Validation Loss: 1.4839
Epoch 934/1000, Train Loss: 0.2931, Validation Loss: 2.6794
Epoch 935/1000, Train Loss: 0.2928, Validation Loss: 2.7343
Epoch 936/1000, Train Loss: 0.2973, Validation Loss: 2.4727
Epoch 937/1000, Train Loss: 0.2991, Validation Loss: 0.6862
Epoch 938/1000, Train Loss: 0.2929, Validation Loss: 1.1228
Epoch 939/1000, Train Loss: 0.2943, Validation Loss: 1.5028
Epoch 940/1000, Train Loss: 0.2977, Validation Loss: 0.8268
Epoch 941/1000, Train Loss: 0.2969, Validation Loss: 2.0904
Epoch 942/1000, Train Loss: 0.2939, Validation Loss: 0.6961
Epoch 943/1000, Train Loss: 0.2957, Validation Loss: 1.3913
Epoch 944/1000, Train Loss: 0.2925, Validation Loss: 0.4482
Epoch 945/1000, Train Loss: 0.2971, Validation Loss: 0.8278
Epoch 946/1000, Train Loss: 0.2936, Validation Loss: 0.4748
Epoch 947/1000, Train Loss: 0.2911, Validation Loss: 0.6598
Epoch 948/1000, Train Loss: 0.2947, Validation Loss: 1.6082
Epoch 949/1000, Train Loss: 0.2929, Validation Loss: 0.6771
Epoch 950/1000, Train Loss: 0.2994, Validation Loss: 0.3914
Epoch 951/1000, Train Loss: 0.2965, Validation Loss: 0.3337
Epoch 952/1000, Train Loss: 0.2931, Validation Loss: 1.3909
Epoch 953/1000, Train Loss: 0.2928, Validation Loss: 0.3645
Epoch 954/1000, Train Loss: 0.2917, Validation Loss: 1.3277
Epoch 955/1000, Train Loss: 0.2960, Validation Loss: 2.1410
Epoch 956/1000, Train Loss: 0.2944, Validation Loss: 1.4244
Epoch 957/1000, Train Loss: 0.2913, Validation Loss: 1.5482
Epoch 958/1000, Train Loss: 0.2940, Validation Loss: 0.3630
Epoch 959/1000, Train Loss: 0.2909, Validation Loss: 1.3599
Epoch 960/1000, Train Loss: 0.2945, Validation Loss: 0.3747
Epoch 961/1000, Train Loss: 0.2993, Validation Loss: 0.9580
Epoch 962/1000, Train Loss: 0.2933, Validation Loss: 1.9620
Epoch 963/1000, Train Loss: 0.2935, Validation Loss: 2.0151
Epoch 964/1000, Train Loss: 0.2935, Validation Loss: 0.8678
Epoch 965/1000, Train Loss: 0.2948, Validation Loss: 2.4028
Epoch 966/1000, Train Loss: 0.2945, Validation Loss: 0.9560
Epoch 967/1000, Train Loss: 0.2900, Validation Loss: 0.7335
Epoch 968/1000, Train Loss: 0.2971, Validation Loss: 2.1055
Epoch 969/1000, Train Loss: 0.2943, Validation Loss: 1.0299
Epoch 970/1000, Train Loss: 0.2927, Validation Loss: 1.5880
Epoch 971/1000, Train Loss: 0.2937, Validation Loss: 0.6534
Epoch 972/1000, Train Loss: 0.2942, Validation Loss: 1.9536
Epoch 973/1000, Train Loss: 0.2949, Validation Loss: 7.5780
Epoch 974/1000, Train Loss: 0.2927, Validation Loss: 0.8479
Epoch 975/1000, Train Loss: 0.2936, Validation Loss: 0.4232
Epoch 976/1000, Train Loss: 0.2938, Validation Loss: 4.4866
Epoch 977/1000, Train Loss: 0.2909, Validation Loss: 0.4167
Epoch 978/1000, Train Loss: 0.2897, Validation Loss: 1.9622
Epoch 979/1000, Train Loss: 0.2957, Validation Loss: 0.4834
Epoch 980/1000, Train Loss: 0.2950, Validation Loss: 0.4863
Epoch 981/1000, Train Loss: 0.2932, Validation Loss: 0.3312
Epoch 982/1000, Train Loss: 0.2925, Validation Loss: 0.6282
Epoch 983/1000, Train Loss: 0.2936, Validation Loss: 0.4570
Epoch 984/1000, Train Loss: 0.2927, Validation Loss: 2.7162
Epoch 985/1000, Train Loss: 0.2936, Validation Loss: 0.9530
Epoch 986/1000, Train Loss: 0.2916, Validation Loss: 7.8346
Epoch 987/1000, Train Loss: 0.2923, Validation Loss: 0.6555
Epoch 988/1000, Train Loss: 0.2962, Validation Loss: 7.9595
Epoch 989/1000, Train Loss: 0.2907, Validation Loss: 0.6378
Epoch 990/1000, Train Loss: 0.2938, Validation Loss: 3.4262
Epoch 991/1000, Train Loss: 0.2951, Validation Loss: 2.2033
Epoch 992/1000, Train Loss: 0.2913, Validation Loss: 0.3492
Epoch 993/1000, Train Loss: 0.2947, Validation Loss: 1.5025
Epoch 994/1000, Train Loss: 0.2950, Validation Loss: 0.6597
Epoch 995/1000, Train Loss: 0.2921, Validation Loss: 1.6750
Epoch 996/1000, Train Loss: 0.2902, Validation Loss: 1.3971
Epoch 997/1000, Train Loss: 0.2922, Validation Loss: 4.5165
Epoch 998/1000, Train Loss: 0.2939, Validation Loss: 0.4714
Epoch 999/1000, Train Loss: 0.2961, Validation Loss: 7.2982
Epoch 1000/1000, Train Loss: 0.2957, Validation Loss: 1.0900
Best Training Loss: 0.2897
Best Training Loss Epoch: 978
Best Validation Loss: 0.2928
Best Validation Loss Epoch: 858
Time taken for training: 0-23:01:56
Test Loss: 0.2988
Test MAPE: 2873.2139%
Error Statistics:
count    4.127200e+04
mean     6.179313e+02
std      1.174820e+04
min      1.609325e-05
25%      1.306832e-01
50%      1.279405e+00
75%      1.697873e+01
max      1.001445e+06
Name: Absolute Error, dtype: float64
Training complete. Final model saved.
Saving model as a wandb Artifact...
Model artifact logged successfully.
[1;34mwandb[0m: 
[1;34mwandb[0m: 🚀 View run [33mfirm-sweep-132[0m at: [34mhttps://wandb.ai/mk8737-new-york-university/rl_pretrain_hp_sweeps/runs/uhx0dga6[0m
[1;34mwandb[0m: Find logs at: [1;35mwandb/run-20251006_144111-uhx0dga6/logs[0m
Agent finished.
