Waiting for sweep ID...
Found Sweep ID: be12np04
Starting wandb agent for sweep be12np04...
TRAINING DEVICE: cpu
Run Name: GCN_global_hp_sweep_be12np04-12hedoqq
finidhed preparing data
Loading dataset from pretrain_dataset_12.5k_fixed_duplicates.pkl
Loaded 412712 data objects.
finished preparing data
Epoch 1/1000, Train Loss: 3.7884, Validation Loss: 1.8373
Epoch 2/1000, Train Loss: 1.4615, Validation Loss: 1.1294
Epoch 3/1000, Train Loss: 1.3133, Validation Loss: 1.1724
Epoch 4/1000, Train Loss: 1.2444, Validation Loss: 2.2734
Epoch 5/1000, Train Loss: 1.2356, Validation Loss: 1.9998
Epoch 6/1000, Train Loss: 1.2187, Validation Loss: 1.7978
Epoch 7/1000, Train Loss: 1.2573, Validation Loss: 1.4789
Epoch 8/1000, Train Loss: 1.1865, Validation Loss: 1.6667
Epoch 9/1000, Train Loss: 1.3551, Validation Loss: 1.2137
Epoch 10/1000, Train Loss: 1.1645, Validation Loss: 1.1422
Epoch 11/1000, Train Loss: 1.1919, Validation Loss: 1.2248
Epoch 12/1000, Train Loss: 1.1036, Validation Loss: 1.4365
Epoch 13/1000, Train Loss: 1.1127, Validation Loss: 1.0452
Epoch 14/1000, Train Loss: 2.2537, Validation Loss: 1.2186
Epoch 15/1000, Train Loss: 1.0528, Validation Loss: 1.2459
Epoch 16/1000, Train Loss: 3.2956, Validation Loss: 1.9098
Epoch 17/1000, Train Loss: 1.0533, Validation Loss: 1.0510
Epoch 18/1000, Train Loss: 1.0880, Validation Loss: 1.2025
Epoch 19/1000, Train Loss: 1.0950, Validation Loss: 0.9093
Epoch 20/1000, Train Loss: 1.2878, Validation Loss: 1.0212
Epoch 21/1000, Train Loss: 1.1024, Validation Loss: 1.1309
Epoch 22/1000, Train Loss: 1.0682, Validation Loss: 1.5808
Epoch 23/1000, Train Loss: 1.0105, Validation Loss: 1.1664
Epoch 24/1000, Train Loss: 7.6932, Validation Loss: 1.3548
Epoch 25/1000, Train Loss: 0.9891, Validation Loss: 1.3615
Epoch 26/1000, Train Loss: 1.3703, Validation Loss: 3.1207
Epoch 27/1000, Train Loss: 1.1323, Validation Loss: 2.0319
Epoch 28/1000, Train Loss: 1.5712, Validation Loss: 1.7214
Epoch 29/1000, Train Loss: 1.0199, Validation Loss: 1.6799
Epoch 30/1000, Train Loss: 1.0541, Validation Loss: 1.5002
Epoch 31/1000, Train Loss: 1.0045, Validation Loss: 1.2601
Epoch 32/1000, Train Loss: 21.6010, Validation Loss: 0.9437
Epoch 33/1000, Train Loss: 0.9966, Validation Loss: 2.6192
Epoch 34/1000, Train Loss: 0.9802, Validation Loss: 1.6148
Epoch 35/1000, Train Loss: 13.6305, Validation Loss: 2.9254
Epoch 36/1000, Train Loss: 1.4148, Validation Loss: 1.7806
Epoch 37/1000, Train Loss: 1.0062, Validation Loss: 1.2002
Epoch 38/1000, Train Loss: 0.9830, Validation Loss: 1.3780
Epoch 39/1000, Train Loss: 1.0438, Validation Loss: 1.0989
Epoch 40/1000, Train Loss: 0.9707, Validation Loss: 0.8531
Epoch 41/1000, Train Loss: 0.9505, Validation Loss: 0.9526
Epoch 42/1000, Train Loss: 0.9876, Validation Loss: 1.9078
Epoch 43/1000, Train Loss: 0.9449, Validation Loss: 1.0091
Epoch 44/1000, Train Loss: 0.9626, Validation Loss: 1.0975
Epoch 45/1000, Train Loss: 1.0017, Validation Loss: 1.4788
Epoch 46/1000, Train Loss: 0.9875, Validation Loss: 1.2874
Epoch 47/1000, Train Loss: 1.1494, Validation Loss: 1.1489
Epoch 48/1000, Train Loss: 0.9747, Validation Loss: 0.9569
Epoch 49/1000, Train Loss: 0.9558, Validation Loss: 0.8344
Epoch 50/1000, Train Loss: 0.9893, Validation Loss: 1.3524
Epoch 51/1000, Train Loss: 0.9540, Validation Loss: 2.0187
Epoch 52/1000, Train Loss: 1.7457, Validation Loss: 4.2917
Epoch 53/1000, Train Loss: 1.0987, Validation Loss: 1.6711
Epoch 54/1000, Train Loss: 1.4855, Validation Loss: 1.6721
Epoch 55/1000, Train Loss: 0.9701, Validation Loss: 1.7434
Epoch 56/1000, Train Loss: 0.9478, Validation Loss: 2.7891
Epoch 57/1000, Train Loss: 0.9862, Validation Loss: 1.5882
Epoch 58/1000, Train Loss: 0.9413, Validation Loss: 1.4252
Epoch 59/1000, Train Loss: 1.1378, Validation Loss: 1.0690
Epoch 60/1000, Train Loss: 0.9623, Validation Loss: 2.2509
Epoch 61/1000, Train Loss: 1.0036, Validation Loss: 2.2383
Epoch 62/1000, Train Loss: 0.9245, Validation Loss: 0.8665
Epoch 63/1000, Train Loss: 0.9955, Validation Loss: 1.2468
Epoch 64/1000, Train Loss: 0.9301, Validation Loss: 0.9825
Epoch 65/1000, Train Loss: 0.9363, Validation Loss: 1.3209
Epoch 66/1000, Train Loss: 1.0128, Validation Loss: 1.3358
Epoch 67/1000, Train Loss: 0.9630, Validation Loss: 2.1091
Epoch 68/1000, Train Loss: 0.9055, Validation Loss: 1.8904
Epoch 69/1000, Train Loss: 1.0392, Validation Loss: 1.6735
Epoch 70/1000, Train Loss: 0.9616, Validation Loss: 1.9925
Epoch 71/1000, Train Loss: 0.9316, Validation Loss: 2.3263
Epoch 72/1000, Train Loss: 1.1848, Validation Loss: 2.0210
Epoch 73/1000, Train Loss: 0.9900, Validation Loss: 1.6804
Epoch 74/1000, Train Loss: 0.9554, Validation Loss: 0.9810
Epoch 75/1000, Train Loss: 0.9426, Validation Loss: 1.3010
Epoch 76/1000, Train Loss: 0.9316, Validation Loss: 0.8584
Epoch 77/1000, Train Loss: 0.9318, Validation Loss: 2.3970
Epoch 78/1000, Train Loss: 1.1719, Validation Loss: 0.9897
Epoch 79/1000, Train Loss: 0.9367, Validation Loss: 0.9348
Epoch 80/1000, Train Loss: 0.9343, Validation Loss: 2.1565
Epoch 81/1000, Train Loss: 1.1001, Validation Loss: 1.0266
Epoch 82/1000, Train Loss: 0.9467, Validation Loss: 1.2285
Epoch 83/1000, Train Loss: 1.3777, Validation Loss: 1.9204
Epoch 84/1000, Train Loss: 0.9287, Validation Loss: 1.8595
Epoch 85/1000, Train Loss: 0.9457, Validation Loss: 0.8625
Epoch 86/1000, Train Loss: 0.9182, Validation Loss: 3.2680
Epoch 87/1000, Train Loss: 1.0155, Validation Loss: 2.6547
Epoch 88/1000, Train Loss: 0.9129, Validation Loss: 1.1446
Epoch 89/1000, Train Loss: 0.8960, Validation Loss: 1.9012
Epoch 90/1000, Train Loss: 0.9327, Validation Loss: 0.9520
Epoch 91/1000, Train Loss: 0.9565, Validation Loss: 1.4957
Epoch 92/1000, Train Loss: 0.9221, Validation Loss: 1.2953
Epoch 93/1000, Train Loss: 0.9175, Validation Loss: 1.0652
Epoch 94/1000, Train Loss: 1.0873, Validation Loss: 1.1522
Epoch 95/1000, Train Loss: 0.9167, Validation Loss: 0.9333
Epoch 96/1000, Train Loss: 0.9653, Validation Loss: 1.7526
Epoch 97/1000, Train Loss: 0.9377, Validation Loss: 1.6356
Epoch 98/1000, Train Loss: 0.9150, Validation Loss: 2.5995
Epoch 99/1000, Train Loss: 1.1378, Validation Loss: 1.5188
Epoch 100/1000, Train Loss: 0.9408, Validation Loss: 0.9812
Epoch 101/1000, Train Loss: 0.8972, Validation Loss: 1.7113
Epoch 102/1000, Train Loss: 0.8996, Validation Loss: 1.7498
Epoch 103/1000, Train Loss: 0.8994, Validation Loss: 3.2035
Epoch 104/1000, Train Loss: 0.9144, Validation Loss: 1.0185
Epoch 105/1000, Train Loss: 0.9313, Validation Loss: 1.5650
Epoch 106/1000, Train Loss: 0.9215, Validation Loss: 1.0685
Epoch 107/1000, Train Loss: 0.9249, Validation Loss: 0.9075
Epoch 108/1000, Train Loss: 0.9030, Validation Loss: 1.3968
Epoch 109/1000, Train Loss: 0.8970, Validation Loss: 1.4301
Epoch 110/1000, Train Loss: 1.0493, Validation Loss: 1.6786
Epoch 111/1000, Train Loss: 0.9489, Validation Loss: 1.4505
Epoch 112/1000, Train Loss: 2.3295, Validation Loss: 1.3599
Epoch 113/1000, Train Loss: 0.9507, Validation Loss: 2.5567
Epoch 114/1000, Train Loss: 0.9559, Validation Loss: 1.1885
Epoch 115/1000, Train Loss: 0.9073, Validation Loss: 1.0818
Epoch 116/1000, Train Loss: 0.9146, Validation Loss: 1.1301
Epoch 117/1000, Train Loss: 0.9059, Validation Loss: 1.1671
Epoch 118/1000, Train Loss: 0.9395, Validation Loss: 0.9300
Epoch 119/1000, Train Loss: 0.9378, Validation Loss: 0.7862
Epoch 120/1000, Train Loss: 0.9202, Validation Loss: 1.9279
Epoch 121/1000, Train Loss: 0.8991, Validation Loss: 1.7069
Epoch 122/1000, Train Loss: 0.9015, Validation Loss: 1.2175
Epoch 123/1000, Train Loss: 0.8961, Validation Loss: 0.8693
Epoch 124/1000, Train Loss: 5.7840, Validation Loss: 2.3224
Epoch 125/1000, Train Loss: 0.9689, Validation Loss: 2.7065
Epoch 126/1000, Train Loss: 0.9123, Validation Loss: 0.9254
Epoch 127/1000, Train Loss: 0.9145, Validation Loss: 1.1050
Epoch 128/1000, Train Loss: 0.9654, Validation Loss: 3.0953
Epoch 129/1000, Train Loss: 0.9354, Validation Loss: 1.5671
Epoch 130/1000, Train Loss: 1.4107, Validation Loss: 0.9139
Epoch 131/1000, Train Loss: 0.9340, Validation Loss: 1.8476
Epoch 132/1000, Train Loss: 150.6164, Validation Loss: 1.5247
Epoch 133/1000, Train Loss: 0.9299, Validation Loss: 0.8589
Epoch 134/1000, Train Loss: 0.9148, Validation Loss: 1.2782
Epoch 135/1000, Train Loss: 0.8979, Validation Loss: 1.0679
Epoch 136/1000, Train Loss: 0.8973, Validation Loss: 1.1867
Epoch 137/1000, Train Loss: 0.9021, Validation Loss: 1.2018
Epoch 138/1000, Train Loss: 5.5469, Validation Loss: 0.9263
Epoch 139/1000, Train Loss: 0.8895, Validation Loss: 1.1457
Epoch 140/1000, Train Loss: 0.9400, Validation Loss: 1.7087
Epoch 141/1000, Train Loss: 0.9071, Validation Loss: 0.9798
Epoch 142/1000, Train Loss: 0.8924, Validation Loss: 1.9829
Epoch 143/1000, Train Loss: 1.2882, Validation Loss: 0.9564
Epoch 144/1000, Train Loss: 0.9064, Validation Loss: 2.0223
Epoch 145/1000, Train Loss: 0.8971, Validation Loss: 2.7458
Epoch 146/1000, Train Loss: 0.8864, Validation Loss: 1.3540
Epoch 147/1000, Train Loss: 0.8578, Validation Loss: 1.2072
Epoch 148/1000, Train Loss: 1.0366, Validation Loss: 0.8748
Epoch 149/1000, Train Loss: 0.8574, Validation Loss: 0.8344
Epoch 150/1000, Train Loss: 0.8829, Validation Loss: 2.1037
Epoch 151/1000, Train Loss: 0.8829, Validation Loss: 0.7722
Epoch 152/1000, Train Loss: 0.8649, Validation Loss: 1.5155
Epoch 153/1000, Train Loss: 1.1156, Validation Loss: 0.8989
Epoch 154/1000, Train Loss: 0.8751, Validation Loss: 0.9958
Epoch 155/1000, Train Loss: 0.8623, Validation Loss: 0.9378
Epoch 156/1000, Train Loss: 1.0059, Validation Loss: 1.5216
Epoch 157/1000, Train Loss: 0.8681, Validation Loss: 1.0158
Epoch 158/1000, Train Loss: 0.8632, Validation Loss: 1.3656
Epoch 159/1000, Train Loss: 0.8668, Validation Loss: 0.8457
Epoch 160/1000, Train Loss: 0.9218, Validation Loss: 1.0654
Epoch 161/1000, Train Loss: 0.8647, Validation Loss: 1.7413
Epoch 162/1000, Train Loss: 0.8740, Validation Loss: 0.8762
Epoch 163/1000, Train Loss: 0.8520, Validation Loss: 1.2379
Epoch 164/1000, Train Loss: 0.8457, Validation Loss: 0.9261
Epoch 165/1000, Train Loss: 0.9431, Validation Loss: 1.9260
Epoch 166/1000, Train Loss: 0.8643, Validation Loss: 1.5291
Epoch 167/1000, Train Loss: 0.8697, Validation Loss: 1.7130
Epoch 168/1000, Train Loss: 1.1521, Validation Loss: 0.8906
Epoch 169/1000, Train Loss: 0.8935, Validation Loss: 0.9796
Epoch 170/1000, Train Loss: 0.8684, Validation Loss: 2.1141
Epoch 171/1000, Train Loss: 0.8649, Validation Loss: 0.8807
Epoch 172/1000, Train Loss: 0.9075, Validation Loss: 2.3089
Epoch 173/1000, Train Loss: 0.8564, Validation Loss: 0.7474
Epoch 174/1000, Train Loss: 0.8594, Validation Loss: 4.2924
Epoch 175/1000, Train Loss: 1.6670, Validation Loss: 2.2258
Epoch 176/1000, Train Loss: 0.9206, Validation Loss: 1.5600
Epoch 177/1000, Train Loss: 0.8834, Validation Loss: 0.7580
Epoch 178/1000, Train Loss: 0.8429, Validation Loss: 2.4974
Epoch 179/1000, Train Loss: 0.8679, Validation Loss: 2.1042
Epoch 180/1000, Train Loss: 0.8533, Validation Loss: 3.5012
Epoch 181/1000, Train Loss: 1.8385, Validation Loss: 0.9851
Epoch 182/1000, Train Loss: 0.8580, Validation Loss: 1.5019
Epoch 183/1000, Train Loss: 0.8388, Validation Loss: 1.2930
Epoch 184/1000, Train Loss: 25.3788, Validation Loss: 1.4369
Epoch 185/1000, Train Loss: 0.8841, Validation Loss: 1.1284
Epoch 186/1000, Train Loss: 0.8387, Validation Loss: 1.7792
Epoch 187/1000, Train Loss: 0.8565, Validation Loss: 0.7616
Epoch 188/1000, Train Loss: 0.8496, Validation Loss: 1.1217
Epoch 189/1000, Train Loss: 0.8525, Validation Loss: 1.0248
Epoch 190/1000, Train Loss: 3.9997, Validation Loss: 1.1712
Epoch 191/1000, Train Loss: 0.9219, Validation Loss: 2.0028
Epoch 192/1000, Train Loss: 0.8345, Validation Loss: 1.7130
Epoch 193/1000, Train Loss: 0.8698, Validation Loss: 0.8097
Epoch 194/1000, Train Loss: 0.8414, Validation Loss: 5.5797
Epoch 195/1000, Train Loss: 0.8287, Validation Loss: 1.3294
Epoch 196/1000, Train Loss: 0.8735, Validation Loss: 2.2834
Epoch 197/1000, Train Loss: 0.8326, Validation Loss: 7.1662
Epoch 198/1000, Train Loss: 0.8364, Validation Loss: 1.1562
Epoch 199/1000, Train Loss: 1.5140, Validation Loss: 1.2614
Epoch 200/1000, Train Loss: 0.8363, Validation Loss: 0.9421
Epoch 201/1000, Train Loss: 0.8553, Validation Loss: 1.3989
Epoch 202/1000, Train Loss: 0.8348, Validation Loss: 2.3450
Epoch 203/1000, Train Loss: 2.5540, Validation Loss: 1.8303
Epoch 204/1000, Train Loss: 0.8355, Validation Loss: 1.1002
Epoch 205/1000, Train Loss: 0.8399, Validation Loss: 0.9627
Epoch 206/1000, Train Loss: 0.9967, Validation Loss: 2.0716
Epoch 207/1000, Train Loss: 0.8387, Validation Loss: 0.8199
Epoch 208/1000, Train Loss: 0.8212, Validation Loss: 3.8849
Epoch 209/1000, Train Loss: 0.8083, Validation Loss: 1.9741
Epoch 210/1000, Train Loss: 0.8313, Validation Loss: 1.0944
Epoch 211/1000, Train Loss: 0.8438, Validation Loss: 2.1057
Epoch 212/1000, Train Loss: 0.8407, Validation Loss: 1.4566
Epoch 213/1000, Train Loss: 0.8164, Validation Loss: 0.9794
Epoch 214/1000, Train Loss: 0.8316, Validation Loss: 1.2977
Epoch 215/1000, Train Loss: 0.8271, Validation Loss: 2.6760
Epoch 216/1000, Train Loss: 0.8146, Validation Loss: 2.8135
Epoch 217/1000, Train Loss: 0.8232, Validation Loss: 1.7476
Epoch 218/1000, Train Loss: 0.9627, Validation Loss: 1.4224
Epoch 219/1000, Train Loss: 0.8271, Validation Loss: 0.7968
Epoch 220/1000, Train Loss: 1.7692, Validation Loss: 0.8243
Epoch 221/1000, Train Loss: 0.8342, Validation Loss: 1.2889
Epoch 222/1000, Train Loss: 0.7929, Validation Loss: 1.7592
Epoch 223/1000, Train Loss: 0.8383, Validation Loss: 0.9045
Epoch 224/1000, Train Loss: 0.8095, Validation Loss: 0.9823
Epoch 225/1000, Train Loss: 0.8594, Validation Loss: 1.1325
Epoch 226/1000, Train Loss: 0.8164, Validation Loss: 2.4452
Epoch 227/1000, Train Loss: 3.2287, Validation Loss: 0.9333
Epoch 228/1000, Train Loss: 0.8078, Validation Loss: 1.1665
Epoch 229/1000, Train Loss: 0.8382, Validation Loss: 2.5522
Epoch 230/1000, Train Loss: 0.9929, Validation Loss: 0.8919
Epoch 231/1000, Train Loss: 0.7955, Validation Loss: 1.4429
Epoch 232/1000, Train Loss: 0.8010, Validation Loss: 1.6919
Epoch 233/1000, Train Loss: 0.8426, Validation Loss: 3.3103
Epoch 234/1000, Train Loss: 0.8004, Validation Loss: 1.5788
Epoch 235/1000, Train Loss: 0.8105, Validation Loss: 4.7142
Epoch 236/1000, Train Loss: 0.9589, Validation Loss: 1.1860
Epoch 237/1000, Train Loss: 0.8250, Validation Loss: 0.8093
Epoch 238/1000, Train Loss: 0.7984, Validation Loss: 5.5235
Epoch 239/1000, Train Loss: 0.8015, Validation Loss: 1.6665
Epoch 240/1000, Train Loss: 0.7927, Validation Loss: 0.8188
Epoch 241/1000, Train Loss: 0.8074, Validation Loss: 1.3656
Epoch 242/1000, Train Loss: 0.8898, Validation Loss: 1.0227
Epoch 243/1000, Train Loss: 0.7961, Validation Loss: 0.9216
Epoch 244/1000, Train Loss: 4.1715, Validation Loss: 1.1726
Epoch 245/1000, Train Loss: 0.8898, Validation Loss: 0.8851
Epoch 246/1000, Train Loss: 0.8000, Validation Loss: 1.4851
Epoch 247/1000, Train Loss: 0.7958, Validation Loss: 2.0185
Epoch 248/1000, Train Loss: 0.7951, Validation Loss: 1.2168
Epoch 249/1000, Train Loss: 0.8036, Validation Loss: 0.9972
Epoch 250/1000, Train Loss: 0.8230, Validation Loss: 0.8051
Epoch 251/1000, Train Loss: 0.7858, Validation Loss: 0.7728
Epoch 252/1000, Train Loss: 0.7682, Validation Loss: 5.8830
Epoch 253/1000, Train Loss: 0.9427, Validation Loss: 1.4399
Epoch 254/1000, Train Loss: 0.7729, Validation Loss: 0.7712
Epoch 255/1000, Train Loss: 0.7976, Validation Loss: 1.1707
Epoch 256/1000, Train Loss: 0.8075, Validation Loss: 0.9713
Epoch 257/1000, Train Loss: 0.7839, Validation Loss: 3.3504
Epoch 258/1000, Train Loss: 0.7847, Validation Loss: 1.0702
Epoch 259/1000, Train Loss: 0.7738, Validation Loss: 1.0059
Epoch 260/1000, Train Loss: 0.7881, Validation Loss: 1.6544
Epoch 261/1000, Train Loss: 0.8901, Validation Loss: 0.8279
Epoch 262/1000, Train Loss: 0.7828, Validation Loss: 0.9726
Epoch 263/1000, Train Loss: 0.7669, Validation Loss: 4.0405
Epoch 264/1000, Train Loss: 0.7935, Validation Loss: 0.7700
Epoch 265/1000, Train Loss: 0.8043, Validation Loss: 0.9172
Epoch 266/1000, Train Loss: 0.7880, Validation Loss: 1.9040
Epoch 267/1000, Train Loss: 0.8378, Validation Loss: 2.6833
Epoch 268/1000, Train Loss: 0.7652, Validation Loss: 0.9805
Epoch 269/1000, Train Loss: 1.2723, Validation Loss: 2.1517
Epoch 270/1000, Train Loss: 0.7967, Validation Loss: 1.3113
Epoch 271/1000, Train Loss: 1.6974, Validation Loss: 1225.6295
Epoch 272/1000, Train Loss: 28.7743, Validation Loss: 0.7824
Epoch 273/1000, Train Loss: 0.7665, Validation Loss: 1.0887
Epoch 274/1000, Train Loss: 1.1718, Validation Loss: 0.8369
Epoch 275/1000, Train Loss: 0.7781, Validation Loss: 1.1287
Epoch 276/1000, Train Loss: 0.8004, Validation Loss: 1.7008
Epoch 277/1000, Train Loss: 0.7653, Validation Loss: 0.8461
Epoch 278/1000, Train Loss: 0.7642, Validation Loss: 6.7363
Epoch 279/1000, Train Loss: 0.7685, Validation Loss: 1.1887
Epoch 280/1000, Train Loss: 1.2195, Validation Loss: 1.6534
Epoch 281/1000, Train Loss: 0.8697, Validation Loss: 1.2684
Epoch 282/1000, Train Loss: 0.7811, Validation Loss: 1.0613
Epoch 283/1000, Train Loss: 0.8385, Validation Loss: 0.8010
Epoch 284/1000, Train Loss: 0.7887, Validation Loss: 1.6722
Epoch 285/1000, Train Loss: 1.1341, Validation Loss: 2.0372
Epoch 286/1000, Train Loss: 0.7729, Validation Loss: 1.2870
Epoch 287/1000, Train Loss: 0.7843, Validation Loss: 1.0022
Epoch 288/1000, Train Loss: 0.7735, Validation Loss: 1.4566
Epoch 289/1000, Train Loss: 0.9931, Validation Loss: 1.2644
Epoch 290/1000, Train Loss: 1.8787, Validation Loss: 1.5990
Epoch 291/1000, Train Loss: 0.7673, Validation Loss: 1.3531
Epoch 292/1000, Train Loss: 0.7567, Validation Loss: 0.8209
Epoch 293/1000, Train Loss: 0.9764, Validation Loss: 1.0618
Epoch 294/1000, Train Loss: 0.7569, Validation Loss: 1.1117
Epoch 295/1000, Train Loss: 0.7869, Validation Loss: 1.4347
Epoch 296/1000, Train Loss: 0.7969, Validation Loss: 1.4038
Epoch 297/1000, Train Loss: 0.9062, Validation Loss: 1.0001
Epoch 298/1000, Train Loss: 0.7747, Validation Loss: 1.5366
Epoch 299/1000, Train Loss: 0.7682, Validation Loss: 1.5278
Epoch 300/1000, Train Loss: 0.7854, Validation Loss: 1.4076
Epoch 301/1000, Train Loss: 0.8188, Validation Loss: 2.1615
Epoch 302/1000, Train Loss: 0.7705, Validation Loss: 0.8280
Epoch 303/1000, Train Loss: 0.7548, Validation Loss: 1.3502
Epoch 304/1000, Train Loss: 0.9196, Validation Loss: 2.0647
Epoch 305/1000, Train Loss: 0.7737, Validation Loss: 3.2164
Epoch 306/1000, Train Loss: 0.7812, Validation Loss: 1.2538
Epoch 307/1000, Train Loss: 1.0707, Validation Loss: 1.8228
Epoch 308/1000, Train Loss: 0.7471, Validation Loss: 1.0267
Epoch 309/1000, Train Loss: 2.6043, Validation Loss: 7.3945
Epoch 310/1000, Train Loss: 0.7700, Validation Loss: 2.2471
Epoch 311/1000, Train Loss: 0.8038, Validation Loss: 1.4475
Epoch 312/1000, Train Loss: 0.7680, Validation Loss: 0.8762
Epoch 313/1000, Train Loss: 0.7736, Validation Loss: 0.7552
Epoch 314/1000, Train Loss: 0.7880, Validation Loss: 1.4985
Epoch 315/1000, Train Loss: 0.8305, Validation Loss: 2.1226
Epoch 316/1000, Train Loss: 0.7798, Validation Loss: 4.7026
Epoch 317/1000, Train Loss: 0.7706, Validation Loss: 0.8727
Epoch 318/1000, Train Loss: 0.8780, Validation Loss: 0.9728
Epoch 319/1000, Train Loss: 0.7779, Validation Loss: 1.6806
Epoch 320/1000, Train Loss: 0.7846, Validation Loss: 2.7988
Epoch 321/1000, Train Loss: 0.7899, Validation Loss: 1.7071
Epoch 322/1000, Train Loss: 0.8095, Validation Loss: 0.7885
Epoch 323/1000, Train Loss: 0.7709, Validation Loss: 1.1308
Epoch 324/1000, Train Loss: 0.8057, Validation Loss: 0.8661
Epoch 325/1000, Train Loss: 0.7634, Validation Loss: 6.4027
Epoch 326/1000, Train Loss: 0.7898, Validation Loss: 1.2674
Epoch 327/1000, Train Loss: 0.7667, Validation Loss: 1.0388
Epoch 328/1000, Train Loss: 0.7542, Validation Loss: 0.8800
Epoch 329/1000, Train Loss: 0.7504, Validation Loss: 0.8585
Epoch 330/1000, Train Loss: 0.7815, Validation Loss: 1.4981
Epoch 331/1000, Train Loss: 12.7615, Validation Loss: 1.3939
Epoch 332/1000, Train Loss: 0.7840, Validation Loss: 1.3638
Epoch 333/1000, Train Loss: 0.8230, Validation Loss: 1.5248
Epoch 334/1000, Train Loss: 0.7698, Validation Loss: 1.1188
Epoch 335/1000, Train Loss: 0.7553, Validation Loss: 1.0483
Epoch 336/1000, Train Loss: 0.9360, Validation Loss: 0.7306
Epoch 337/1000, Train Loss: 0.7464, Validation Loss: 0.7777
Epoch 338/1000, Train Loss: 0.7554, Validation Loss: 5.0353
Epoch 339/1000, Train Loss: 0.8147, Validation Loss: 6.3195
Epoch 340/1000, Train Loss: 0.7590, Validation Loss: 0.9646
Epoch 341/1000, Train Loss: 0.7605, Validation Loss: 3.5080
Epoch 342/1000, Train Loss: 0.7570, Validation Loss: 0.9355
Epoch 343/1000, Train Loss: 0.7579, Validation Loss: 5.6833
Epoch 344/1000, Train Loss: 1.4077, Validation Loss: 1.1155
Epoch 345/1000, Train Loss: 0.7676, Validation Loss: 6.4633
Epoch 346/1000, Train Loss: 0.7661, Validation Loss: 0.8503
Epoch 347/1000, Train Loss: 0.7390, Validation Loss: 0.9679
Epoch 348/1000, Train Loss: 0.7696, Validation Loss: 0.8196
Epoch 349/1000, Train Loss: 0.7923, Validation Loss: 6.5188
Epoch 350/1000, Train Loss: 0.7506, Validation Loss: 0.6733
Epoch 351/1000, Train Loss: 0.8042, Validation Loss: 0.8778
Epoch 352/1000, Train Loss: 0.7698, Validation Loss: 1.7054
Epoch 353/1000, Train Loss: 1.0363, Validation Loss: 1.5697
Epoch 354/1000, Train Loss: 0.7631, Validation Loss: 1.1815
Epoch 355/1000, Train Loss: 0.7433, Validation Loss: 1.6189
Epoch 356/1000, Train Loss: 0.7946, Validation Loss: 2.5276
Epoch 357/1000, Train Loss: 0.7446, Validation Loss: 1.0151
Epoch 358/1000, Train Loss: 1.1949, Validation Loss: 1.0264
Epoch 359/1000, Train Loss: 0.7881, Validation Loss: 1.1301
Epoch 360/1000, Train Loss: 0.7704, Validation Loss: 1.8098
Epoch 361/1000, Train Loss: 0.7348, Validation Loss: 1.0533
Epoch 362/1000, Train Loss: 0.7456, Validation Loss: 3.3979
Epoch 363/1000, Train Loss: 0.8666, Validation Loss: 2.0920
Epoch 364/1000, Train Loss: 0.7414, Validation Loss: 0.9103
Epoch 365/1000, Train Loss: 0.7551, Validation Loss: 1.6570
Epoch 366/1000, Train Loss: 0.7321, Validation Loss: 1.0442
Epoch 367/1000, Train Loss: 0.7682, Validation Loss: 1.3370
Epoch 368/1000, Train Loss: 0.7844, Validation Loss: 0.8774
Epoch 369/1000, Train Loss: 5.7263, Validation Loss: 1.4877
Epoch 370/1000, Train Loss: 0.7476, Validation Loss: 0.8174
Epoch 371/1000, Train Loss: 0.7627, Validation Loss: 0.8725
Epoch 372/1000, Train Loss: 0.7477, Validation Loss: 0.9614
Epoch 373/1000, Train Loss: 0.8149, Validation Loss: 2.3557
Epoch 374/1000, Train Loss: 0.7385, Validation Loss: 1.0406
Epoch 375/1000, Train Loss: 0.7669, Validation Loss: 6.2714
Epoch 376/1000, Train Loss: 0.8426, Validation Loss: 1.5911
Epoch 377/1000, Train Loss: 0.7580, Validation Loss: 0.9712
Epoch 378/1000, Train Loss: 0.9387, Validation Loss: 3.3472
Epoch 379/1000, Train Loss: 0.7854, Validation Loss: 0.9187
Epoch 380/1000, Train Loss: 0.7313, Validation Loss: 1.5534
Epoch 381/1000, Train Loss: 0.7362, Validation Loss: 0.9345
Epoch 382/1000, Train Loss: 0.7580, Validation Loss: 4.6947
Epoch 383/1000, Train Loss: 0.7589, Validation Loss: 1.0145
Epoch 384/1000, Train Loss: 0.7588, Validation Loss: 0.9464
Epoch 385/1000, Train Loss: 0.8141, Validation Loss: 3.6306
Epoch 386/1000, Train Loss: 0.7303, Validation Loss: 2.1946
Epoch 387/1000, Train Loss: 0.7688, Validation Loss: 1.3967
Epoch 388/1000, Train Loss: 0.7438, Validation Loss: 1.0858
Epoch 389/1000, Train Loss: 0.7542, Validation Loss: 1.7805
Epoch 390/1000, Train Loss: 0.7628, Validation Loss: 0.8935
Epoch 391/1000, Train Loss: 0.7442, Validation Loss: 0.9489
Epoch 392/1000, Train Loss: 0.7677, Validation Loss: 1.2185
Epoch 393/1000, Train Loss: 0.7421, Validation Loss: 1.3630
Epoch 394/1000, Train Loss: 0.9600, Validation Loss: 1.0781
Epoch 395/1000, Train Loss: 0.7756, Validation Loss: 1.2510
Epoch 396/1000, Train Loss: 0.8185, Validation Loss: 2.0628
Epoch 397/1000, Train Loss: 0.7661, Validation Loss: 2.1132
Epoch 398/1000, Train Loss: 2.8481, Validation Loss: 5.3734
Epoch 399/1000, Train Loss: 0.7496, Validation Loss: 1.7139
Epoch 400/1000, Train Loss: 0.7453, Validation Loss: 8.4237
Epoch 401/1000, Train Loss: 1.4307, Validation Loss: 0.7607
Epoch 402/1000, Train Loss: 0.7675, Validation Loss: 1.8837
Epoch 403/1000, Train Loss: 0.7406, Validation Loss: 0.9815
Epoch 404/1000, Train Loss: 0.7469, Validation Loss: 0.7448
Epoch 405/1000, Train Loss: 0.7524, Validation Loss: 1.3403
Epoch 406/1000, Train Loss: 0.7674, Validation Loss: 2.1589
Epoch 407/1000, Train Loss: 0.8174, Validation Loss: 0.7707
Epoch 408/1000, Train Loss: 0.7492, Validation Loss: 2.3293
Epoch 409/1000, Train Loss: 0.7680, Validation Loss: 3.6838
Epoch 410/1000, Train Loss: 0.9157, Validation Loss: 1.1666
Epoch 411/1000, Train Loss: 1.0630, Validation Loss: 1.7937
Epoch 412/1000, Train Loss: 0.7776, Validation Loss: 1.1346
Epoch 413/1000, Train Loss: 0.7419, Validation Loss: 2.5976
Epoch 414/1000, Train Loss: 0.7725, Validation Loss: 3.3192
Epoch 415/1000, Train Loss: 0.7884, Validation Loss: 1.7733
Epoch 416/1000, Train Loss: 0.7821, Validation Loss: 1.3264
Epoch 417/1000, Train Loss: 0.7465, Validation Loss: 1.7892
Epoch 418/1000, Train Loss: 0.7582, Validation Loss: 1.4292
Epoch 419/1000, Train Loss: 0.8910, Validation Loss: 0.7051
Epoch 420/1000, Train Loss: 0.7755, Validation Loss: 1.5494
Epoch 421/1000, Train Loss: 0.7572, Validation Loss: 0.9101
Epoch 422/1000, Train Loss: 1.1366, Validation Loss: 1.6752
Epoch 423/1000, Train Loss: 0.7720, Validation Loss: 1.2925
Epoch 424/1000, Train Loss: 0.7650, Validation Loss: 0.9562
Epoch 425/1000, Train Loss: 48.1650, Validation Loss: 3.2083
Epoch 426/1000, Train Loss: 0.7526, Validation Loss: 0.8314
Epoch 427/1000, Train Loss: 0.7364, Validation Loss: 1.2688
Epoch 428/1000, Train Loss: 0.7538, Validation Loss: 1.5403
Epoch 429/1000, Train Loss: 0.8870, Validation Loss: 0.8842
Epoch 430/1000, Train Loss: 0.7588, Validation Loss: 0.9470
Epoch 431/1000, Train Loss: 0.7453, Validation Loss: 0.6827
Epoch 432/1000, Train Loss: 0.7466, Validation Loss: 1.5758
Epoch 433/1000, Train Loss: 1.2248, Validation Loss: 1.2763
Epoch 434/1000, Train Loss: 0.9546, Validation Loss: 1.3938
Epoch 435/1000, Train Loss: 0.7675, Validation Loss: 1.3866
Epoch 436/1000, Train Loss: 0.7927, Validation Loss: 0.7548
Epoch 437/1000, Train Loss: 0.7468, Validation Loss: 2.7872
Epoch 438/1000, Train Loss: 0.7688, Validation Loss: 1.1474
Epoch 439/1000, Train Loss: 0.7635, Validation Loss: 1.5090
Epoch 440/1000, Train Loss: 0.7411, Validation Loss: 1.1474
Epoch 441/1000, Train Loss: 0.7638, Validation Loss: 1.6448
Epoch 442/1000, Train Loss: 0.7745, Validation Loss: 1.5518
Epoch 443/1000, Train Loss: 0.7481, Validation Loss: 0.9024
Epoch 444/1000, Train Loss: 0.9269, Validation Loss: 1.0291
Epoch 445/1000, Train Loss: 0.7537, Validation Loss: 1.3461
Epoch 446/1000, Train Loss: 0.7663, Validation Loss: 1.8157
Epoch 447/1000, Train Loss: 0.7677, Validation Loss: 0.8921
Epoch 448/1000, Train Loss: 0.7398, Validation Loss: 0.8458
Epoch 449/1000, Train Loss: 0.8043, Validation Loss: 0.8735
Epoch 450/1000, Train Loss: 0.7669, Validation Loss: 0.9153
Epoch 451/1000, Train Loss: 0.7749, Validation Loss: 2.3807
Epoch 452/1000, Train Loss: 0.7642, Validation Loss: 0.8084
Epoch 453/1000, Train Loss: 10.6515, Validation Loss: 4.2333
Epoch 454/1000, Train Loss: 0.7492, Validation Loss: 1.0412
Epoch 455/1000, Train Loss: 0.7499, Validation Loss: 2.2355
Epoch 456/1000, Train Loss: 0.7663, Validation Loss: 1.7599
Epoch 457/1000, Train Loss: 0.8846, Validation Loss: 1.5375
Epoch 458/1000, Train Loss: 0.7466, Validation Loss: 1.2482
Epoch 459/1000, Train Loss: 0.7578, Validation Loss: 1.1624
Epoch 460/1000, Train Loss: 0.7444, Validation Loss: 1.2332
Epoch 461/1000, Train Loss: 0.7962, Validation Loss: 1.1465
Epoch 462/1000, Train Loss: 0.7648, Validation Loss: 2.0439
Epoch 463/1000, Train Loss: 0.7486, Validation Loss: 0.9096
Epoch 464/1000, Train Loss: 1.0659, Validation Loss: 1.7862
Epoch 465/1000, Train Loss: 0.7474, Validation Loss: 1.1340
Epoch 466/1000, Train Loss: 0.7527, Validation Loss: 0.9237
Epoch 467/1000, Train Loss: 0.8965, Validation Loss: 0.9241
Epoch 468/1000, Train Loss: 0.7462, Validation Loss: 2.3789
Epoch 469/1000, Train Loss: 0.7443, Validation Loss: 2.0560
Epoch 470/1000, Train Loss: 0.8584, Validation Loss: 2.0732
Epoch 471/1000, Train Loss: 0.7564, Validation Loss: 6.4175
Epoch 472/1000, Train Loss: 0.8671, Validation Loss: 0.7706
Epoch 473/1000, Train Loss: 0.7644, Validation Loss: 1.3350
Epoch 474/1000, Train Loss: 0.7425, Validation Loss: 0.8583
Epoch 475/1000, Train Loss: 0.9988, Validation Loss: 2.3706
Epoch 476/1000, Train Loss: 0.7374, Validation Loss: 1.9307
Epoch 477/1000, Train Loss: 0.7950, Validation Loss: 1.6183
Epoch 478/1000, Train Loss: 0.7659, Validation Loss: 1.4029
Epoch 479/1000, Train Loss: 0.9532, Validation Loss: 1.8249
Epoch 480/1000, Train Loss: 0.7912, Validation Loss: 1.7539
Epoch 481/1000, Train Loss: 0.7495, Validation Loss: 1.5621
Epoch 482/1000, Train Loss: 0.7898, Validation Loss: 1.8182
Epoch 483/1000, Train Loss: 0.7496, Validation Loss: 2.6685
Epoch 484/1000, Train Loss: 0.7514, Validation Loss: 2.2236
Epoch 485/1000, Train Loss: 0.7434, Validation Loss: 1.1505
Epoch 486/1000, Train Loss: 0.8111, Validation Loss: 0.9605
Epoch 487/1000, Train Loss: 0.7513, Validation Loss: 1.6797
Epoch 488/1000, Train Loss: 0.7609, Validation Loss: 1.8197
Epoch 489/1000, Train Loss: 0.7491, Validation Loss: 0.8032
Epoch 490/1000, Train Loss: 0.7329, Validation Loss: 1.8142
Epoch 491/1000, Train Loss: 0.8819, Validation Loss: 4.0950
Epoch 492/1000, Train Loss: 0.7524, Validation Loss: 7.1558
Epoch 493/1000, Train Loss: 0.7671, Validation Loss: 1.8922
Epoch 494/1000, Train Loss: 0.7646, Validation Loss: 1.1452
Epoch 495/1000, Train Loss: 1.7817, Validation Loss: 1.3640
Epoch 496/1000, Train Loss: 0.7560, Validation Loss: 1.2644
Epoch 497/1000, Train Loss: 0.7507, Validation Loss: 3.0709
Epoch 498/1000, Train Loss: 0.9667, Validation Loss: 2.3881
Epoch 499/1000, Train Loss: 0.7886, Validation Loss: 1.5200
Epoch 500/1000, Train Loss: 0.7401, Validation Loss: 4.0725
Epoch 501/1000, Train Loss: 0.7675, Validation Loss: 5.3158
Epoch 502/1000, Train Loss: 0.8735, Validation Loss: 2.8232
Epoch 503/1000, Train Loss: 0.7737, Validation Loss: 0.7890
Epoch 504/1000, Train Loss: 0.8253, Validation Loss: 5.4069
Epoch 505/1000, Train Loss: 0.7668, Validation Loss: 1.4234
Epoch 506/1000, Train Loss: 0.7388, Validation Loss: 5.1061
Epoch 507/1000, Train Loss: 0.7563, Validation Loss: 2.2969
Epoch 508/1000, Train Loss: 0.7887, Validation Loss: 2.7959
Epoch 509/1000, Train Loss: 0.8981, Validation Loss: 1.1486
Epoch 510/1000, Train Loss: 0.7544, Validation Loss: 1.0301
Epoch 511/1000, Train Loss: 0.7632, Validation Loss: 2.2429
Epoch 512/1000, Train Loss: 0.7550, Validation Loss: 0.7437
Epoch 513/1000, Train Loss: 0.8601, Validation Loss: 0.8700
Epoch 514/1000, Train Loss: 0.7529, Validation Loss: 1.2281
Epoch 515/1000, Train Loss: 0.8024, Validation Loss: 0.7129
Epoch 516/1000, Train Loss: 0.7505, Validation Loss: 5.8445
Epoch 517/1000, Train Loss: 0.7600, Validation Loss: 1.5293
Epoch 518/1000, Train Loss: 0.7665, Validation Loss: 0.7770
Epoch 519/1000, Train Loss: 0.7479, Validation Loss: 1.2284
Epoch 520/1000, Train Loss: 0.7560, Validation Loss: 1.2264
Epoch 521/1000, Train Loss: 0.7330, Validation Loss: 4.4796
Epoch 522/1000, Train Loss: 0.8364, Validation Loss: 1.0296
Epoch 523/1000, Train Loss: 0.8035, Validation Loss: 0.7446
Epoch 524/1000, Train Loss: 0.7835, Validation Loss: 5.3876
Epoch 525/1000, Train Loss: 0.7437, Validation Loss: 2.0125
Epoch 526/1000, Train Loss: 0.7756, Validation Loss: 1.6007
Epoch 527/1000, Train Loss: 0.8465, Validation Loss: 0.7142
Epoch 528/1000, Train Loss: 0.7426, Validation Loss: 9.2336
Epoch 529/1000, Train Loss: 0.7466, Validation Loss: 0.9880
Epoch 530/1000, Train Loss: 1.9850, Validation Loss: 2.8918
Epoch 531/1000, Train Loss: 0.7773, Validation Loss: 1.9986
Epoch 532/1000, Train Loss: 0.7395, Validation Loss: 1.1905
Epoch 533/1000, Train Loss: 0.9127, Validation Loss: 1.2486
Epoch 534/1000, Train Loss: 0.7538, Validation Loss: 1.3838
Epoch 535/1000, Train Loss: 1.5404, Validation Loss: 3.2356
Epoch 536/1000, Train Loss: 0.7880, Validation Loss: 1.9586
Epoch 537/1000, Train Loss: 0.7764, Validation Loss: 1.4493
Epoch 538/1000, Train Loss: 0.7592, Validation Loss: 3.0829
Epoch 539/1000, Train Loss: 0.7579, Validation Loss: 2.4746
Epoch 540/1000, Train Loss: 0.8027, Validation Loss: 3.8085
Epoch 541/1000, Train Loss: 0.7522, Validation Loss: 0.6596
Epoch 542/1000, Train Loss: 0.7655, Validation Loss: 1.0525
Epoch 543/1000, Train Loss: 0.7712, Validation Loss: 1.1245
Epoch 544/1000, Train Loss: 0.7496, Validation Loss: 7.0168
Epoch 545/1000, Train Loss: 0.7603, Validation Loss: 2.3220
Epoch 546/1000, Train Loss: 0.7652, Validation Loss: 0.9980
Epoch 547/1000, Train Loss: 0.7366, Validation Loss: 1.1252
Epoch 548/1000, Train Loss: 0.8802, Validation Loss: 5.2814
Epoch 549/1000, Train Loss: 0.7821, Validation Loss: 0.9651
Epoch 550/1000, Train Loss: 0.7854, Validation Loss: 1.9333
Epoch 551/1000, Train Loss: 0.7700, Validation Loss: 0.6944
Epoch 552/1000, Train Loss: 0.7561, Validation Loss: 6.3027
Epoch 553/1000, Train Loss: 0.7785, Validation Loss: 2.4828
Epoch 554/1000, Train Loss: 0.7456, Validation Loss: 1.7894
Epoch 555/1000, Train Loss: 0.9462, Validation Loss: 1.4558
Epoch 556/1000, Train Loss: 0.7826, Validation Loss: 2.6425
Epoch 557/1000, Train Loss: 0.7697, Validation Loss: 1.5006
Epoch 558/1000, Train Loss: 0.7578, Validation Loss: 2.3531
Epoch 559/1000, Train Loss: 0.8148, Validation Loss: 1.8863
Epoch 560/1000, Train Loss: 0.7728, Validation Loss: 2.2441
Epoch 561/1000, Train Loss: 0.7663, Validation Loss: 2.4461
Epoch 562/1000, Train Loss: 0.8049, Validation Loss: 1.4365
Epoch 563/1000, Train Loss: 0.7647, Validation Loss: 2.3550
Epoch 564/1000, Train Loss: 0.8011, Validation Loss: 1.0501
Epoch 565/1000, Train Loss: 0.7269, Validation Loss: 0.9299
Epoch 566/1000, Train Loss: 0.7779, Validation Loss: 6.6844
Epoch 567/1000, Train Loss: 0.7397, Validation Loss: 2.4172
Epoch 568/1000, Train Loss: 0.7405, Validation Loss: 1.3478
Epoch 569/1000, Train Loss: 0.8948, Validation Loss: 3.9110
Epoch 570/1000, Train Loss: 0.7459, Validation Loss: 5.1417
Epoch 571/1000, Train Loss: 0.7551, Validation Loss: 4.4654
Epoch 572/1000, Train Loss: 0.7665, Validation Loss: 1.3071
Epoch 573/1000, Train Loss: 6.2485, Validation Loss: 1.1206
Epoch 574/1000, Train Loss: 0.7742, Validation Loss: 1.5663
Epoch 575/1000, Train Loss: 0.7452, Validation Loss: 2.6475
Epoch 576/1000, Train Loss: 0.7437, Validation Loss: 1.3475
Epoch 577/1000, Train Loss: 0.7697, Validation Loss: 2.0819
Epoch 578/1000, Train Loss: 0.7569, Validation Loss: 5.3075
Epoch 579/1000, Train Loss: 0.7464, Validation Loss: 1.5896
Epoch 580/1000, Train Loss: 0.9076, Validation Loss: 2.2618
Epoch 581/1000, Train Loss: 0.7420, Validation Loss: 1.7649
Epoch 582/1000, Train Loss: 0.7451, Validation Loss: 1.4547
Epoch 583/1000, Train Loss: 0.7857, Validation Loss: 7.0510
Epoch 584/1000, Train Loss: 0.7404, Validation Loss: 2.1678
Epoch 585/1000, Train Loss: 0.7469, Validation Loss: 5.0107
Epoch 586/1000, Train Loss: 0.7578, Validation Loss: 1.1671
Epoch 587/1000, Train Loss: 0.7737, Validation Loss: 5.8167
Epoch 588/1000, Train Loss: 0.8428, Validation Loss: 1.4417
Epoch 589/1000, Train Loss: 0.7524, Validation Loss: 5.2720
Epoch 590/1000, Train Loss: 0.7466, Validation Loss: 1.8284
Epoch 591/1000, Train Loss: 0.7478, Validation Loss: 1.6363
Epoch 592/1000, Train Loss: 0.7891, Validation Loss: 0.8985
Epoch 593/1000, Train Loss: 0.7399, Validation Loss: 0.8569
Epoch 594/1000, Train Loss: 0.7576, Validation Loss: 2.0244
Epoch 595/1000, Train Loss: 1.3719, Validation Loss: 2.8928
Epoch 596/1000, Train Loss: 0.7379, Validation Loss: 1.1990
Epoch 597/1000, Train Loss: 0.7615, Validation Loss: 2.5285
Epoch 598/1000, Train Loss: 0.7530, Validation Loss: 3.0247
Epoch 599/1000, Train Loss: 0.7547, Validation Loss: 1.4926
Epoch 600/1000, Train Loss: 0.7368, Validation Loss: 0.9591
Epoch 601/1000, Train Loss: 0.7979, Validation Loss: 2.2112
Epoch 602/1000, Train Loss: 0.7607, Validation Loss: 1.6979
Epoch 603/1000, Train Loss: 0.8207, Validation Loss: 2.1599
Epoch 604/1000, Train Loss: 0.7823, Validation Loss: 0.8151
Epoch 605/1000, Train Loss: 0.7558, Validation Loss: 2.0736
Epoch 606/1000, Train Loss: 0.7299, Validation Loss: 0.8457
Epoch 607/1000, Train Loss: 0.7290, Validation Loss: 1.6934
Epoch 608/1000, Train Loss: 0.7476, Validation Loss: 5.1059
Epoch 609/1000, Train Loss: 0.7509, Validation Loss: 0.9832
Epoch 610/1000, Train Loss: 1.0495, Validation Loss: 5.5179
Epoch 611/1000, Train Loss: 0.7535, Validation Loss: 1.0498
Epoch 612/1000, Train Loss: 0.7485, Validation Loss: 3.7936
Epoch 613/1000, Train Loss: 0.8030, Validation Loss: 2.0161
Epoch 614/1000, Train Loss: 0.7613, Validation Loss: 1.7102
Epoch 615/1000, Train Loss: 0.7590, Validation Loss: 0.7150
Epoch 616/1000, Train Loss: 0.7461, Validation Loss: 0.8831
Epoch 617/1000, Train Loss: 0.8152, Validation Loss: 0.9252
Epoch 618/1000, Train Loss: 0.7637, Validation Loss: 1.6622
Epoch 619/1000, Train Loss: 0.7713, Validation Loss: 1.2142
Epoch 620/1000, Train Loss: 0.7521, Validation Loss: 5.5566
Epoch 621/1000, Train Loss: 0.8591, Validation Loss: 1.0075
Epoch 622/1000, Train Loss: 0.7663, Validation Loss: 1.7744
Epoch 623/1000, Train Loss: 0.7504, Validation Loss: 1.0990
Epoch 624/1000, Train Loss: 0.7521, Validation Loss: 1.8870
Epoch 625/1000, Train Loss: 1.6119, Validation Loss: 1.1923
Epoch 626/1000, Train Loss: 0.7751, Validation Loss: 4.1251
Epoch 627/1000, Train Loss: 0.7456, Validation Loss: 2.2981
Epoch 628/1000, Train Loss: 0.7437, Validation Loss: 1.1395
Epoch 629/1000, Train Loss: 0.7624, Validation Loss: 3.4696
Epoch 630/1000, Train Loss: 0.8580, Validation Loss: 0.9255
Epoch 631/1000, Train Loss: 0.7785, Validation Loss: 3.1988
Epoch 632/1000, Train Loss: 0.7774, Validation Loss: 0.9512
Epoch 633/1000, Train Loss: 0.8614, Validation Loss: 1.6451
Epoch 634/1000, Train Loss: 0.7406, Validation Loss: 1.2801
Epoch 635/1000, Train Loss: 0.8547, Validation Loss: 0.7912
Epoch 636/1000, Train Loss: 0.7993, Validation Loss: 4.7671
Epoch 637/1000, Train Loss: 0.7564, Validation Loss: 2.8898
Epoch 638/1000, Train Loss: 0.7759, Validation Loss: 0.8535
Epoch 639/1000, Train Loss: 0.7433, Validation Loss: 6.9368
Epoch 640/1000, Train Loss: 0.7707, Validation Loss: 1.0861
Epoch 641/1000, Train Loss: 0.7588, Validation Loss: 1.6629
Epoch 642/1000, Train Loss: 0.7480, Validation Loss: 0.8985
Epoch 643/1000, Train Loss: 0.7508, Validation Loss: 1.6726
Epoch 644/1000, Train Loss: 0.7186, Validation Loss: 2.6116
Epoch 645/1000, Train Loss: 0.7551, Validation Loss: 3.4062
Epoch 646/1000, Train Loss: 0.7720, Validation Loss: 1.0941
Epoch 647/1000, Train Loss: 0.7529, Validation Loss: 0.9088
Epoch 648/1000, Train Loss: 0.8540, Validation Loss: 1.3821
Epoch 649/1000, Train Loss: 0.7524, Validation Loss: 1.1516
Epoch 650/1000, Train Loss: 0.7555, Validation Loss: 0.8685
Epoch 651/1000, Train Loss: 0.7609, Validation Loss: 1.5446
Epoch 652/1000, Train Loss: 0.8043, Validation Loss: 4.8583
Epoch 653/1000, Train Loss: 0.7363, Validation Loss: 1.2518
Epoch 654/1000, Train Loss: 0.7407, Validation Loss: 0.9824
Epoch 655/1000, Train Loss: 0.7628, Validation Loss: 4.8020
Epoch 656/1000, Train Loss: 0.7586, Validation Loss: 1.0004
Epoch 657/1000, Train Loss: 0.7409, Validation Loss: 1.5572
Epoch 658/1000, Train Loss: 1.1180, Validation Loss: 0.9867
Epoch 659/1000, Train Loss: 0.7454, Validation Loss: 1.1577
Epoch 660/1000, Train Loss: 0.7437, Validation Loss: 1.3126
Epoch 661/1000, Train Loss: 0.7484, Validation Loss: 1.0784
Epoch 662/1000, Train Loss: 0.7832, Validation Loss: 1.8145
Epoch 663/1000, Train Loss: 0.7454, Validation Loss: 1.6726
Epoch 664/1000, Train Loss: 0.7437, Validation Loss: 1.8983
Epoch 665/1000, Train Loss: 0.8041, Validation Loss: 1.4731
Epoch 666/1000, Train Loss: 0.7566, Validation Loss: 0.8146
Epoch 667/1000, Train Loss: 0.7418, Validation Loss: 1.3954
Epoch 668/1000, Train Loss: 0.8007, Validation Loss: 1.7816
Epoch 669/1000, Train Loss: 0.7449, Validation Loss: 0.9254
Epoch 670/1000, Train Loss: 0.7604, Validation Loss: 1.2602
Epoch 671/1000, Train Loss: 0.8290, Validation Loss: 1.6838
Epoch 672/1000, Train Loss: 0.7735, Validation Loss: 1.5441
Epoch 673/1000, Train Loss: 0.7568, Validation Loss: 1.0070
Epoch 674/1000, Train Loss: 0.7426, Validation Loss: 5.0554
Epoch 675/1000, Train Loss: 0.7425, Validation Loss: 1.8574
Epoch 676/1000, Train Loss: 0.7526, Validation Loss: 1.2429
Epoch 677/1000, Train Loss: 0.7437, Validation Loss: 3.8548
Epoch 678/1000, Train Loss: 0.7419, Validation Loss: 2.1749
Epoch 679/1000, Train Loss: 0.7809, Validation Loss: 0.9257
Epoch 680/1000, Train Loss: 0.7515, Validation Loss: 0.8145
Epoch 681/1000, Train Loss: 0.7432, Validation Loss: 0.8623
Epoch 682/1000, Train Loss: 0.7313, Validation Loss: 1.5725
Epoch 683/1000, Train Loss: 0.7842, Validation Loss: 1.1618
Epoch 684/1000, Train Loss: 0.7621, Validation Loss: 2.1150
Epoch 685/1000, Train Loss: 1.2558, Validation Loss: 1.2605
Epoch 686/1000, Train Loss: 0.7579, Validation Loss: 1.0805
Epoch 687/1000, Train Loss: 0.7467, Validation Loss: 4.0594
Epoch 688/1000, Train Loss: 0.7486, Validation Loss: 1.3524
Epoch 689/1000, Train Loss: 1.1109, Validation Loss: 1.1111
Epoch 690/1000, Train Loss: 0.7527, Validation Loss: 5.0039
Epoch 691/1000, Train Loss: 0.7513, Validation Loss: 3.3165
Epoch 692/1000, Train Loss: 0.7596, Validation Loss: 1.4219
Epoch 693/1000, Train Loss: 0.7546, Validation Loss: 5.0360
Epoch 694/1000, Train Loss: 0.7396, Validation Loss: 3.2195
Epoch 695/1000, Train Loss: 0.7375, Validation Loss: 0.7824
Epoch 696/1000, Train Loss: 0.9497, Validation Loss: 1.9806
Epoch 697/1000, Train Loss: 0.7969, Validation Loss: 1.9892
Epoch 698/1000, Train Loss: 0.7705, Validation Loss: 1.7887
Epoch 699/1000, Train Loss: 0.7446, Validation Loss: 2.1368
Epoch 700/1000, Train Loss: 0.7617, Validation Loss: 0.7473
Epoch 701/1000, Train Loss: 1.0289, Validation Loss: 2.0060
Epoch 702/1000, Train Loss: 0.7462, Validation Loss: 1.9950
Epoch 703/1000, Train Loss: 0.7434, Validation Loss: 4.5615
Epoch 704/1000, Train Loss: 0.8349, Validation Loss: 1.7115
Epoch 705/1000, Train Loss: 0.7632, Validation Loss: 1.8362
Epoch 706/1000, Train Loss: 0.7250, Validation Loss: 2.8778
Epoch 707/1000, Train Loss: 0.8479, Validation Loss: 3.7187
Epoch 708/1000, Train Loss: 0.7684, Validation Loss: 0.9469
Epoch 709/1000, Train Loss: 0.7593, Validation Loss: 1.1390
Epoch 710/1000, Train Loss: 0.7345, Validation Loss: 1.4886
Epoch 711/1000, Train Loss: 0.7231, Validation Loss: 1.9542
Epoch 712/1000, Train Loss: 0.7451, Validation Loss: 3.1965
Epoch 713/1000, Train Loss: 5.9829, Validation Loss: 0.8555
Epoch 714/1000, Train Loss: 0.7376, Validation Loss: 0.9438
Epoch 715/1000, Train Loss: 0.7965, Validation Loss: 1.2622
Epoch 716/1000, Train Loss: 0.7628, Validation Loss: 4.9012
Epoch 717/1000, Train Loss: 1.0153, Validation Loss: 1.7963
Epoch 718/1000, Train Loss: 0.7671, Validation Loss: 8.2992
Epoch 719/1000, Train Loss: 0.7513, Validation Loss: 4.7492
Epoch 720/1000, Train Loss: 0.7568, Validation Loss: 6.4148
Epoch 721/1000, Train Loss: 0.7553, Validation Loss: 1.5151
Epoch 722/1000, Train Loss: 0.7558, Validation Loss: 1.1827
Epoch 723/1000, Train Loss: 8.4597, Validation Loss: 2.0651
Epoch 724/1000, Train Loss: 0.7373, Validation Loss: 1.0756
Epoch 725/1000, Train Loss: 0.8010, Validation Loss: 5.2534
Epoch 726/1000, Train Loss: 0.7638, Validation Loss: 1.1765
Epoch 727/1000, Train Loss: 0.7406, Validation Loss: 2.9006
Epoch 728/1000, Train Loss: 0.7291, Validation Loss: 0.9672
Epoch 729/1000, Train Loss: 0.7220, Validation Loss: 4.9200
Epoch 730/1000, Train Loss: 0.7702, Validation Loss: 6.1767
Epoch 731/1000, Train Loss: 0.7564, Validation Loss: 1.3447
Epoch 732/1000, Train Loss: 0.7500, Validation Loss: 1.0501
Epoch 733/1000, Train Loss: 0.7551, Validation Loss: 1.5845
Epoch 734/1000, Train Loss: 0.7331, Validation Loss: 0.9335
Epoch 735/1000, Train Loss: 0.7519, Validation Loss: 3.8165
Epoch 736/1000, Train Loss: 0.8868, Validation Loss: 1.8364
Epoch 737/1000, Train Loss: 0.7680, Validation Loss: 0.9690
Epoch 738/1000, Train Loss: 0.7522, Validation Loss: 3.3519
Epoch 739/1000, Train Loss: 0.7559, Validation Loss: 1.6763
Epoch 740/1000, Train Loss: 0.7571, Validation Loss: 2.2919
Epoch 741/1000, Train Loss: 0.7528, Validation Loss: 1.7259
Epoch 742/1000, Train Loss: 0.7828, Validation Loss: 1.5235
Epoch 743/1000, Train Loss: 0.7440, Validation Loss: 1.1119
Epoch 744/1000, Train Loss: 0.7576, Validation Loss: 1.8184
Epoch 745/1000, Train Loss: 0.7836, Validation Loss: 1.9369
Epoch 746/1000, Train Loss: 0.7720, Validation Loss: 0.6908
Epoch 747/1000, Train Loss: 0.7601, Validation Loss: 1.3825
Epoch 748/1000, Train Loss: 0.7588, Validation Loss: 1.5365
Epoch 749/1000, Train Loss: 0.7472, Validation Loss: 2.2120
Epoch 750/1000, Train Loss: 0.7590, Validation Loss: 1.4570
Epoch 751/1000, Train Loss: 1.3273, Validation Loss: 0.8191
Epoch 752/1000, Train Loss: 0.7607, Validation Loss: 5.9084
Epoch 753/1000, Train Loss: 0.7529, Validation Loss: 0.8456
Epoch 754/1000, Train Loss: 0.7390, Validation Loss: 5.4498
Epoch 755/1000, Train Loss: 120.7128, Validation Loss: 5.3796
Epoch 756/1000, Train Loss: 0.7771, Validation Loss: 1.3308
Epoch 757/1000, Train Loss: 0.7447, Validation Loss: 1.5969
Epoch 758/1000, Train Loss: 0.7774, Validation Loss: 4.8024
Epoch 759/1000, Train Loss: 0.7502, Validation Loss: 3.5758
Epoch 760/1000, Train Loss: 0.7455, Validation Loss: 1.5681
Epoch 761/1000, Train Loss: 0.8154, Validation Loss: 6.8293
Epoch 762/1000, Train Loss: 0.7559, Validation Loss: 4.6229
Epoch 763/1000, Train Loss: 0.7419, Validation Loss: 2.3032
Epoch 764/1000, Train Loss: 0.9458, Validation Loss: 2.3846
Epoch 765/1000, Train Loss: 0.7552, Validation Loss: 0.8625
Epoch 766/1000, Train Loss: 0.7761, Validation Loss: 1.6757
Epoch 767/1000, Train Loss: 0.7387, Validation Loss: 1.5304
Epoch 768/1000, Train Loss: 10.1459, Validation Loss: 2.5848
Epoch 769/1000, Train Loss: 0.7782, Validation Loss: 2.1811
Epoch 770/1000, Train Loss: 0.7279, Validation Loss: 1.8256
Epoch 771/1000, Train Loss: 0.7491, Validation Loss: 1.0488
Epoch 772/1000, Train Loss: 0.8005, Validation Loss: 1.2104
Epoch 773/1000, Train Loss: 0.7416, Validation Loss: 1.6352
Epoch 774/1000, Train Loss: 0.7698, Validation Loss: 0.9709
Epoch 775/1000, Train Loss: 0.7447, Validation Loss: 6.8834
Epoch 776/1000, Train Loss: 0.7926, Validation Loss: 0.9593
Epoch 777/1000, Train Loss: 3.8774, Validation Loss: 7.6889
Epoch 778/1000, Train Loss: 1.3460, Validation Loss: 1.2078
Epoch 779/1000, Train Loss: 0.7549, Validation Loss: 1.9269
Epoch 780/1000, Train Loss: 0.7442, Validation Loss: 1.4208
Epoch 781/1000, Train Loss: 0.7600, Validation Loss: 1.3549
Epoch 782/1000, Train Loss: 0.7686, Validation Loss: 1.9811
Epoch 783/1000, Train Loss: 0.7270, Validation Loss: 1.2420
Epoch 784/1000, Train Loss: 0.7649, Validation Loss: 5.1421
Epoch 785/1000, Train Loss: 0.8562, Validation Loss: 1.1828
Epoch 786/1000, Train Loss: 0.7641, Validation Loss: 2.5881
Epoch 787/1000, Train Loss: 0.8503, Validation Loss: 1.8486
Epoch 788/1000, Train Loss: 0.7454, Validation Loss: 1.3027
Epoch 789/1000, Train Loss: 0.7489, Validation Loss: 3.2537
Epoch 790/1000, Train Loss: 0.7264, Validation Loss: 1.1066
Epoch 791/1000, Train Loss: 1.0290, Validation Loss: 0.9805
Epoch 792/1000, Train Loss: 0.7558, Validation Loss: 1.1873
Epoch 793/1000, Train Loss: 0.7408, Validation Loss: 1.2835
Epoch 794/1000, Train Loss: 0.7501, Validation Loss: 3.1905
Epoch 795/1000, Train Loss: 1.1228, Validation Loss: 1.2633
Epoch 796/1000, Train Loss: 0.7578, Validation Loss: 1.0549
Epoch 797/1000, Train Loss: 0.7373, Validation Loss: 1.7288
Epoch 798/1000, Train Loss: 0.8046, Validation Loss: 2.8504
Epoch 799/1000, Train Loss: 0.9003, Validation Loss: 1.2724
Epoch 800/1000, Train Loss: 0.7422, Validation Loss: 0.8087
Epoch 801/1000, Train Loss: 0.7457, Validation Loss: 0.9792
Epoch 802/1000, Train Loss: 0.8443, Validation Loss: 0.7696
Epoch 803/1000, Train Loss: 0.7396, Validation Loss: 1.3770
Epoch 804/1000, Train Loss: 0.7615, Validation Loss: 1.1886
Epoch 805/1000, Train Loss: 3.5383, Validation Loss: 1.4368
Epoch 806/1000, Train Loss: 0.7538, Validation Loss: 2.2870
Epoch 807/1000, Train Loss: 0.7844, Validation Loss: 5.7325
Epoch 808/1000, Train Loss: 0.7407, Validation Loss: 3.8140
Epoch 809/1000, Train Loss: 0.9206, Validation Loss: 1.6430
Epoch 810/1000, Train Loss: 0.7452, Validation Loss: 2.2485
Epoch 811/1000, Train Loss: 0.7350, Validation Loss: 1.1276
Epoch 812/1000, Train Loss: 0.7567, Validation Loss: 1.7793
Epoch 813/1000, Train Loss: 0.8213, Validation Loss: 1.2693
Epoch 814/1000, Train Loss: 0.7197, Validation Loss: 1.0836
Epoch 815/1000, Train Loss: 0.7685, Validation Loss: 0.7992
Epoch 816/1000, Train Loss: 0.7335, Validation Loss: 4.6004
Epoch 817/1000, Train Loss: 0.7596, Validation Loss: 0.7125
Epoch 818/1000, Train Loss: 0.7784, Validation Loss: 2.4679
Epoch 819/1000, Train Loss: 0.7614, Validation Loss: 2.2304
Epoch 820/1000, Train Loss: 0.7816, Validation Loss: 1.7690
Epoch 821/1000, Train Loss: 0.7676, Validation Loss: 1.4256
Epoch 822/1000, Train Loss: 0.8160, Validation Loss: 1.6429
Epoch 823/1000, Train Loss: 0.7340, Validation Loss: 5.5723
Epoch 824/1000, Train Loss: 0.9097, Validation Loss: 0.9848
Epoch 825/1000, Train Loss: 0.7350, Validation Loss: 1.2157
Epoch 826/1000, Train Loss: 0.7560, Validation Loss: 3.2885
Epoch 827/1000, Train Loss: 0.7748, Validation Loss: 4.9729
Epoch 828/1000, Train Loss: 0.7788, Validation Loss: 1.5532
Epoch 829/1000, Train Loss: 1.7822, Validation Loss: 1.2858
Epoch 830/1000, Train Loss: 0.7605, Validation Loss: 1.5763
Epoch 831/1000, Train Loss: 0.7668, Validation Loss: 1.9432
Epoch 832/1000, Train Loss: 0.7294, Validation Loss: 1.7160
Epoch 833/1000, Train Loss: 0.7338, Validation Loss: 1.1500
Epoch 834/1000, Train Loss: 37.1054, Validation Loss: 5.5976
Epoch 835/1000, Train Loss: 0.8712, Validation Loss: 1.7066
Epoch 836/1000, Train Loss: 0.7259, Validation Loss: 2.9375
Epoch 837/1000, Train Loss: 0.7469, Validation Loss: 5.3108
Epoch 838/1000, Train Loss: 0.7664, Validation Loss: 1.6312
Epoch 839/1000, Train Loss: 0.7321, Validation Loss: 1.9131
Epoch 840/1000, Train Loss: 0.8563, Validation Loss: 1.1573
Epoch 841/1000, Train Loss: 0.7265, Validation Loss: 1.4560
Epoch 842/1000, Train Loss: 0.7424, Validation Loss: 1.0133
Epoch 843/1000, Train Loss: 0.7962, Validation Loss: 1.6081
Epoch 844/1000, Train Loss: 0.7518, Validation Loss: 0.9074
Epoch 845/1000, Train Loss: 0.7489, Validation Loss: 1.6052
Epoch 846/1000, Train Loss: 0.7762, Validation Loss: 5.5348
Epoch 847/1000, Train Loss: 0.7484, Validation Loss: 1.2381
Epoch 848/1000, Train Loss: 0.7634, Validation Loss: 1.4661
Epoch 849/1000, Train Loss: 0.7336, Validation Loss: 4.9920
Epoch 850/1000, Train Loss: 0.7935, Validation Loss: 1.1360
Epoch 851/1000, Train Loss: 0.7947, Validation Loss: 1.1176
Epoch 852/1000, Train Loss: 0.7327, Validation Loss: 1.1431
Epoch 853/1000, Train Loss: 0.7312, Validation Loss: 0.8310
Epoch 854/1000, Train Loss: 0.7688, Validation Loss: 1.0112
Epoch 855/1000, Train Loss: 0.7623, Validation Loss: 1.5785
Epoch 856/1000, Train Loss: 0.7707, Validation Loss: 2.6787
Epoch 857/1000, Train Loss: 0.7541, Validation Loss: 1.5861
Epoch 858/1000, Train Loss: 0.7474, Validation Loss: 2.2938
Epoch 859/1000, Train Loss: 0.7445, Validation Loss: 1.8614
Epoch 860/1000, Train Loss: 0.7534, Validation Loss: 1.2221
Epoch 861/1000, Train Loss: 0.8034, Validation Loss: 2.3784
Epoch 862/1000, Train Loss: 0.7704, Validation Loss: 1.9069
Epoch 863/1000, Train Loss: 4.6918, Validation Loss: 2.6741
Epoch 864/1000, Train Loss: 0.7746, Validation Loss: 1.7448
Epoch 865/1000, Train Loss: 0.7403, Validation Loss: 1.3668
Epoch 866/1000, Train Loss: 0.7544, Validation Loss: 6.0439
Epoch 867/1000, Train Loss: 0.8069, Validation Loss: 1.4721
Epoch 868/1000, Train Loss: 0.7573, Validation Loss: 1.7198
Epoch 869/1000, Train Loss: 0.7393, Validation Loss: 0.9864
Epoch 870/1000, Train Loss: 0.7794, Validation Loss: 1.7598
Epoch 871/1000, Train Loss: 0.7415, Validation Loss: 2.4569
Epoch 872/1000, Train Loss: 0.7561, Validation Loss: 1.4559
Epoch 873/1000, Train Loss: 0.7396, Validation Loss: 1.4059
Epoch 874/1000, Train Loss: 0.7421, Validation Loss: 2.2554
Epoch 875/1000, Train Loss: 0.7889, Validation Loss: 0.9412
Epoch 876/1000, Train Loss: 0.7688, Validation Loss: 1.9621
Epoch 877/1000, Train Loss: 0.7445, Validation Loss: 1.0214
Epoch 878/1000, Train Loss: 0.7308, Validation Loss: 2.6988
Epoch 879/1000, Train Loss: 3.4471, Validation Loss: 2.5895
Epoch 880/1000, Train Loss: 0.7440, Validation Loss: 2.3522
Epoch 881/1000, Train Loss: 0.7380, Validation Loss: 1.4720
Epoch 882/1000, Train Loss: 0.7496, Validation Loss: 1.6842
Epoch 883/1000, Train Loss: 0.7400, Validation Loss: 1.5411
Epoch 884/1000, Train Loss: 0.7467, Validation Loss: 1.1113
Epoch 885/1000, Train Loss: 0.7327, Validation Loss: 3.0907
Epoch 886/1000, Train Loss: 1.1594, Validation Loss: 1.7028
Epoch 887/1000, Train Loss: 0.7982, Validation Loss: 1.1670
Epoch 888/1000, Train Loss: 0.7547, Validation Loss: 3.1850
Epoch 889/1000, Train Loss: 0.7589, Validation Loss: 0.7677
Epoch 890/1000, Train Loss: 1.4117, Validation Loss: 1.5222
Epoch 891/1000, Train Loss: 0.7496, Validation Loss: 3.4599
Epoch 892/1000, Train Loss: 0.7536, Validation Loss: 3.7742
Epoch 893/1000, Train Loss: 0.7287, Validation Loss: 1.1588
Epoch 894/1000, Train Loss: 0.7269, Validation Loss: 1.1372
Epoch 895/1000, Train Loss: 1.1782, Validation Loss: 1.1595
Epoch 896/1000, Train Loss: 0.7379, Validation Loss: 2.9970
Epoch 897/1000, Train Loss: 0.7400, Validation Loss: 0.9249
Epoch 898/1000, Train Loss: 0.7354, Validation Loss: 1.0529
Epoch 899/1000, Train Loss: 0.8003, Validation Loss: 2.3065
Epoch 900/1000, Train Loss: 21.1786, Validation Loss: 2.2674
Epoch 901/1000, Train Loss: 0.7403, Validation Loss: 1.2136
Epoch 902/1000, Train Loss: 0.7461, Validation Loss: 1.7674
Epoch 903/1000, Train Loss: 65.9912, Validation Loss: 2.0873
Epoch 904/1000, Train Loss: 0.7515, Validation Loss: 3.2652
Epoch 905/1000, Train Loss: 0.8769, Validation Loss: 2.4862
Epoch 906/1000, Train Loss: 0.7936, Validation Loss: 0.7577
Epoch 907/1000, Train Loss: 0.7651, Validation Loss: 1.1716
Epoch 908/1000, Train Loss: 0.7348, Validation Loss: 2.3418
Epoch 909/1000, Train Loss: 0.8226, Validation Loss: 1.2831
Epoch 910/1000, Train Loss: 0.7507, Validation Loss: 2.9246
Epoch 911/1000, Train Loss: 0.8000, Validation Loss: 1.6267
Epoch 912/1000, Train Loss: 0.7413, Validation Loss: 0.9083
Epoch 913/1000, Train Loss: 0.7507, Validation Loss: 3.1749
Epoch 914/1000, Train Loss: 0.7306, Validation Loss: 0.9298
Epoch 915/1000, Train Loss: 1.3009, Validation Loss: 1.5443
Epoch 916/1000, Train Loss: 0.7593, Validation Loss: 2.9867
Epoch 917/1000, Train Loss: 0.7567, Validation Loss: 0.9368
Epoch 918/1000, Train Loss: 0.7527, Validation Loss: 2.1785
Epoch 919/1000, Train Loss: 0.7184, Validation Loss: 1.1410
Epoch 920/1000, Train Loss: 0.7619, Validation Loss: 1.7324
Epoch 921/1000, Train Loss: 0.7464, Validation Loss: 1.0526
Epoch 922/1000, Train Loss: 0.7155, Validation Loss: 1.4722
Epoch 923/1000, Train Loss: 0.8580, Validation Loss: 1.8051
Epoch 924/1000, Train Loss: 0.7858, Validation Loss: 2.3336
Epoch 925/1000, Train Loss: 0.7448, Validation Loss: 0.8607
Epoch 926/1000, Train Loss: 0.7447, Validation Loss: 1.6367
Epoch 927/1000, Train Loss: 0.7863, Validation Loss: 2.0034
Epoch 928/1000, Train Loss: 0.7395, Validation Loss: 6.9897
Epoch 929/1000, Train Loss: 0.7687, Validation Loss: 2.7418
Epoch 930/1000, Train Loss: 0.7314, Validation Loss: 1.6179
Epoch 931/1000, Train Loss: 0.7447, Validation Loss: 1.9851
Epoch 932/1000, Train Loss: 0.7517, Validation Loss: 1.3107
Epoch 933/1000, Train Loss: 0.7417, Validation Loss: 1.3294
Epoch 934/1000, Train Loss: 0.7976, Validation Loss: 1.5853
Epoch 935/1000, Train Loss: 0.7610, Validation Loss: 0.7506
Epoch 936/1000, Train Loss: 0.7537, Validation Loss: 7.1953
Epoch 937/1000, Train Loss: 0.7738, Validation Loss: 2.5410
Epoch 938/1000, Train Loss: 0.7577, Validation Loss: 1.0629
Epoch 939/1000, Train Loss: 0.7305, Validation Loss: 5.8948
Epoch 940/1000, Train Loss: 0.7921, Validation Loss: 2.5810
Epoch 941/1000, Train Loss: 0.7353, Validation Loss: 0.6616
Epoch 942/1000, Train Loss: 0.7508, Validation Loss: 4.3555
Epoch 943/1000, Train Loss: 0.7637, Validation Loss: 1.5556
Epoch 944/1000, Train Loss: 0.7330, Validation Loss: 1.0628
Epoch 945/1000, Train Loss: 0.7598, Validation Loss: 5.7091
Epoch 946/1000, Train Loss: 0.8560, Validation Loss: 4.6985
Epoch 947/1000, Train Loss: 0.7377, Validation Loss: 2.3486
Epoch 948/1000, Train Loss: 0.7466, Validation Loss: 1.0652
Epoch 949/1000, Train Loss: 0.7667, Validation Loss: 2.2184
Epoch 950/1000, Train Loss: 1.0214, Validation Loss: 1.9339
Epoch 951/1000, Train Loss: 0.7542, Validation Loss: 2.2600
Epoch 952/1000, Train Loss: 0.7402, Validation Loss: 1.2337
Epoch 953/1000, Train Loss: 0.7797, Validation Loss: 1.1420
Epoch 954/1000, Train Loss: 0.7408, Validation Loss: 3.1490
Epoch 955/1000, Train Loss: 0.7713, Validation Loss: 1.7649
Epoch 956/1000, Train Loss: 0.7723, Validation Loss: 1.8321
Epoch 957/1000, Train Loss: 1.1203, Validation Loss: 1.0729
Epoch 958/1000, Train Loss: 0.7498, Validation Loss: 6.4991
Epoch 959/1000, Train Loss: 1.9774, Validation Loss: 5.3994
Epoch 960/1000, Train Loss: 0.7599, Validation Loss: 3.4453
Epoch 961/1000, Train Loss: 0.8008, Validation Loss: 1.3040
Epoch 962/1000, Train Loss: 0.8302, Validation Loss: 2.4102
Epoch 963/1000, Train Loss: 0.7673, Validation Loss: 1.4315
Epoch 964/1000, Train Loss: 0.7565, Validation Loss: 6.4909
Epoch 965/1000, Train Loss: 0.7417, Validation Loss: 4.9177
Epoch 966/1000, Train Loss: 0.7402, Validation Loss: 1.0750
Epoch 967/1000, Train Loss: 0.7814, Validation Loss: 2.9543
Epoch 968/1000, Train Loss: 1.8098, Validation Loss: 1.9071
Epoch 969/1000, Train Loss: 0.7785, Validation Loss: 1.0967
Epoch 970/1000, Train Loss: 0.7437, Validation Loss: 3.2983
Epoch 971/1000, Train Loss: 0.7665, Validation Loss: 1.0060
Epoch 972/1000, Train Loss: 0.7504, Validation Loss: 3.4185
Epoch 973/1000, Train Loss: 0.7816, Validation Loss: 1.2496
Epoch 974/1000, Train Loss: 0.7322, Validation Loss: 2.8031
Epoch 975/1000, Train Loss: 0.7462, Validation Loss: 5.1600
Epoch 976/1000, Train Loss: 0.7800, Validation Loss: 0.8502
Epoch 977/1000, Train Loss: 1.4069, Validation Loss: 0.9777
Epoch 978/1000, Train Loss: 0.7556, Validation Loss: 1.4231
Epoch 979/1000, Train Loss: 0.7451, Validation Loss: 1.3926
Epoch 980/1000, Train Loss: 0.7430, Validation Loss: 1.4984
Epoch 981/1000, Train Loss: 0.7496, Validation Loss: 2.0917
Epoch 982/1000, Train Loss: 0.8879, Validation Loss: 2.7155
Epoch 983/1000, Train Loss: 0.7320, Validation Loss: 1.8778
Epoch 984/1000, Train Loss: 0.7524, Validation Loss: 3.8389
Epoch 985/1000, Train Loss: 0.7557, Validation Loss: 7.9783
Epoch 986/1000, Train Loss: 0.7374, Validation Loss: 1.8556
Epoch 987/1000, Train Loss: 0.7531, Validation Loss: 3.6541
Epoch 988/1000, Train Loss: 0.7848, Validation Loss: 1.5642
Epoch 989/1000, Train Loss: 0.7305, Validation Loss: 3.1272
Epoch 990/1000, Train Loss: 0.7683, Validation Loss: 0.7851
Epoch 991/1000, Train Loss: 0.7567, Validation Loss: 2.8462
Epoch 992/1000, Train Loss: 0.7958, Validation Loss: 3.5784
Epoch 993/1000, Train Loss: 0.7488, Validation Loss: 1.1170
Epoch 994/1000, Train Loss: 0.7657, Validation Loss: 0.7034
Epoch 995/1000, Train Loss: 0.7317, Validation Loss: 1.7335
Epoch 996/1000, Train Loss: 0.7470, Validation Loss: 0.7263
Epoch 997/1000, Train Loss: 0.7519, Validation Loss: 4.9708
Epoch 998/1000, Train Loss: 0.7563, Validation Loss: 6.0917
Epoch 999/1000, Train Loss: 0.7645, Validation Loss: 6.4527
Epoch 1000/1000, Train Loss: 0.7371, Validation Loss: 1.0765
Best Training Loss: 0.7155
Best Training Loss Epoch: 922
Best Validation Loss: 0.6596
Best Validation Loss Epoch: 541
Time taken for training: 0-12:16:43
Test Loss: 0.6777
Test MAPE: 248806.9531%
Error Statistics:
count    4.127200e+04
mean     3.151330e+08
std      6.401822e+10
min      1.156330e-05
25%      1.920062e-01
50%      2.076050e+00
75%      3.076231e+01
max      1.300563e+13
Name: Absolute Error, dtype: float64
Training complete. Final model saved.
Saving model as a wandb Artifact...
Model artifact logged successfully.
[1;34mwandb[0m: 
[1;34mwandb[0m: 🚀 View run [33mdark-sweep-141[0m at: [34mhttps://wandb.ai/mk8737-new-york-university/rl_pretrain_hp_sweeps/runs/12hedoqq[0m
[1;34mwandb[0m: Find logs at: [1;35mwandb/run-20251006_144144-12hedoqq/logs[0m
Agent finished.
