Waiting for sweep ID...
Found Sweep ID: be12np04
Starting wandb agent for sweep be12np04...
TRAINING DEVICE: cpu
Run Name: GCN_global_hp_sweep_be12np04-quro6m9z
finidhed preparing data
Loading dataset from pretrain_dataset_12.5k_fixed_duplicates.pkl
Loaded 412712 data objects.
finished preparing data
Epoch 1/1000, Train Loss: 3.8046, Validation Loss: 1.4037
Epoch 2/1000, Train Loss: 1.3663, Validation Loss: 1.6147
Epoch 3/1000, Train Loss: 1.2997, Validation Loss: 1.7206
Epoch 4/1000, Train Loss: 1.2126, Validation Loss: 1.4000
Epoch 5/1000, Train Loss: 1.2272, Validation Loss: 2.7333
Epoch 6/1000, Train Loss: 1.2266, Validation Loss: 1.4192
Epoch 7/1000, Train Loss: 1.2372, Validation Loss: 1.7948
Epoch 8/1000, Train Loss: 1.1668, Validation Loss: 1.6591
Epoch 9/1000, Train Loss: 1.1149, Validation Loss: 2.2562
Epoch 10/1000, Train Loss: 1.1155, Validation Loss: 1.4841
Epoch 11/1000, Train Loss: 1.0857, Validation Loss: 1.1573
Epoch 12/1000, Train Loss: 1.0542, Validation Loss: 1.4294
Epoch 13/1000, Train Loss: 1.0534, Validation Loss: 2.3133
Epoch 14/1000, Train Loss: 1.0074, Validation Loss: 1.6850
Epoch 15/1000, Train Loss: 1.0378, Validation Loss: 1.1200
Epoch 16/1000, Train Loss: 1.1035, Validation Loss: 1.0180
Epoch 17/1000, Train Loss: 1.0169, Validation Loss: 1.0067
Epoch 18/1000, Train Loss: 1.0259, Validation Loss: 1.0326
Epoch 19/1000, Train Loss: 0.9655, Validation Loss: 1.1199
Epoch 20/1000, Train Loss: 0.9670, Validation Loss: 1.9740
Epoch 21/1000, Train Loss: 0.9874, Validation Loss: 1.9597
Epoch 22/1000, Train Loss: 1.3143, Validation Loss: 2.9556
Epoch 23/1000, Train Loss: 0.9583, Validation Loss: 1.2340
Epoch 24/1000, Train Loss: 0.9561, Validation Loss: 1.6456
Epoch 25/1000, Train Loss: 0.8996, Validation Loss: 1.1411
Epoch 26/1000, Train Loss: 0.9681, Validation Loss: 2.9334
Epoch 27/1000, Train Loss: 0.9351, Validation Loss: 1.8638
Epoch 28/1000, Train Loss: 0.8709, Validation Loss: 1.2658
Epoch 29/1000, Train Loss: 0.9749, Validation Loss: 3.8453
Epoch 30/1000, Train Loss: 0.8523, Validation Loss: 0.8320
Epoch 31/1000, Train Loss: 0.8587, Validation Loss: 1.2343
Epoch 32/1000, Train Loss: 0.8782, Validation Loss: 5.0806
Epoch 33/1000, Train Loss: 0.9192, Validation Loss: 4.0619
Epoch 34/1000, Train Loss: 0.8752, Validation Loss: 9.2545
Epoch 35/1000, Train Loss: 0.8446, Validation Loss: 1.4942
Epoch 36/1000, Train Loss: 0.8273, Validation Loss: 2.7405
Epoch 37/1000, Train Loss: 0.8378, Validation Loss: 2.1242
Epoch 38/1000, Train Loss: 0.8105, Validation Loss: 3.8953
Epoch 39/1000, Train Loss: 0.8352, Validation Loss: 1.9313
Epoch 40/1000, Train Loss: 0.8215, Validation Loss: 1.4276
Epoch 41/1000, Train Loss: 0.8337, Validation Loss: 1.6037
Epoch 42/1000, Train Loss: 0.7976, Validation Loss: 1.5882
Epoch 43/1000, Train Loss: 0.7943, Validation Loss: 1.4195
Epoch 44/1000, Train Loss: 1.0996, Validation Loss: 1.9649
Epoch 45/1000, Train Loss: 0.8219, Validation Loss: 2.1229
Epoch 46/1000, Train Loss: 0.7976, Validation Loss: 1.4518
Epoch 47/1000, Train Loss: 0.8069, Validation Loss: 1.2325
Epoch 48/1000, Train Loss: 0.7851, Validation Loss: 1.1295
Epoch 49/1000, Train Loss: 0.7722, Validation Loss: 3.8367
Epoch 50/1000, Train Loss: 0.8692, Validation Loss: 4.5942
Epoch 51/1000, Train Loss: 0.7997, Validation Loss: 1.8251
Epoch 52/1000, Train Loss: 0.7736, Validation Loss: 3.4112
Epoch 53/1000, Train Loss: 0.7641, Validation Loss: 1.4432
Epoch 54/1000, Train Loss: 0.7634, Validation Loss: 1.4520
Epoch 55/1000, Train Loss: 0.8063, Validation Loss: 10.6188
Epoch 56/1000, Train Loss: 0.7795, Validation Loss: 0.8981
Epoch 57/1000, Train Loss: 0.7809, Validation Loss: 1.2816
Epoch 58/1000, Train Loss: 0.7422, Validation Loss: 3.1457
Epoch 59/1000, Train Loss: 0.7450, Validation Loss: 1.6231
Epoch 60/1000, Train Loss: 0.7713, Validation Loss: 1.2018
Epoch 61/1000, Train Loss: 0.7858, Validation Loss: 2.1117
Epoch 62/1000, Train Loss: 0.7611, Validation Loss: 2.0087
Epoch 63/1000, Train Loss: 1.1855, Validation Loss: 1.1766
Epoch 64/1000, Train Loss: 0.7359, Validation Loss: 2.3840
Epoch 65/1000, Train Loss: 0.7839, Validation Loss: 0.9309
Epoch 66/1000, Train Loss: 0.7686, Validation Loss: 1.9094
Epoch 67/1000, Train Loss: 0.7531, Validation Loss: 2.2478
Epoch 68/1000, Train Loss: 0.8046, Validation Loss: 0.8118
Epoch 69/1000, Train Loss: 0.7457, Validation Loss: 0.8810
Epoch 70/1000, Train Loss: 0.7334, Validation Loss: 0.7269
Epoch 71/1000, Train Loss: 0.7553, Validation Loss: 0.6812
Epoch 72/1000, Train Loss: 0.7293, Validation Loss: 1.6612
Epoch 73/1000, Train Loss: 0.7310, Validation Loss: 0.8590
Epoch 74/1000, Train Loss: 0.8025, Validation Loss: 7.4536
Epoch 75/1000, Train Loss: 0.7300, Validation Loss: 1.7900
Epoch 76/1000, Train Loss: 0.7574, Validation Loss: 0.9315
Epoch 77/1000, Train Loss: 0.7536, Validation Loss: 1.2686
Epoch 78/1000, Train Loss: 0.7288, Validation Loss: 4.0886
Epoch 79/1000, Train Loss: 0.7379, Validation Loss: 5.7153
Epoch 80/1000, Train Loss: 0.7436, Validation Loss: 1.1978
Epoch 81/1000, Train Loss: 0.7749, Validation Loss: 1.8149
Epoch 82/1000, Train Loss: 0.7412, Validation Loss: 1.6407
Epoch 83/1000, Train Loss: 0.7223, Validation Loss: 2.8176
Epoch 84/1000, Train Loss: 0.7299, Validation Loss: 2.3486
Epoch 85/1000, Train Loss: 1.0175, Validation Loss: 2.2821
Epoch 86/1000, Train Loss: 0.7489, Validation Loss: 1.4513
Epoch 87/1000, Train Loss: 0.7146, Validation Loss: 5.6143
Epoch 88/1000, Train Loss: 0.7514, Validation Loss: 1.1259
Epoch 89/1000, Train Loss: 0.7117, Validation Loss: 3.0431
Epoch 90/1000, Train Loss: 0.7080, Validation Loss: 1.9378
Epoch 91/1000, Train Loss: 0.7464, Validation Loss: 1.0675
Epoch 92/1000, Train Loss: 0.7022, Validation Loss: 0.8481
Epoch 93/1000, Train Loss: 0.8049, Validation Loss: 0.9257
Epoch 94/1000, Train Loss: 0.7276, Validation Loss: 1.1924
Epoch 95/1000, Train Loss: 0.7137, Validation Loss: 12.3187
Epoch 96/1000, Train Loss: 0.7404, Validation Loss: 0.7116
Epoch 97/1000, Train Loss: 0.7103, Validation Loss: 3.8500
Epoch 98/1000, Train Loss: 0.7267, Validation Loss: 0.8751
Epoch 99/1000, Train Loss: 0.7285, Validation Loss: 1.9026
Epoch 100/1000, Train Loss: 0.7467, Validation Loss: 2.3028
Epoch 101/1000, Train Loss: 0.7306, Validation Loss: 2.3391
Epoch 102/1000, Train Loss: 0.7156, Validation Loss: 1.4057
Epoch 103/1000, Train Loss: 0.7099, Validation Loss: 2.4895
Epoch 104/1000, Train Loss: 0.7532, Validation Loss: 0.8524
Epoch 105/1000, Train Loss: 0.7438, Validation Loss: 1.0600
Epoch 106/1000, Train Loss: 0.7139, Validation Loss: 0.8659
Epoch 107/1000, Train Loss: 0.9320, Validation Loss: 0.9273
Epoch 108/1000, Train Loss: 0.7255, Validation Loss: 1.7012
Epoch 109/1000, Train Loss: 0.7162, Validation Loss: 2.8184
Epoch 110/1000, Train Loss: 0.7027, Validation Loss: 3.9783
Epoch 111/1000, Train Loss: 0.7824, Validation Loss: 1.2448
Epoch 112/1000, Train Loss: 0.7222, Validation Loss: 1.6185
Epoch 113/1000, Train Loss: 0.7189, Validation Loss: 1.4883
Epoch 114/1000, Train Loss: 0.7058, Validation Loss: 0.9751
Epoch 115/1000, Train Loss: 0.7145, Validation Loss: 0.9230
Epoch 116/1000, Train Loss: 0.7372, Validation Loss: 6.6625
Epoch 117/1000, Train Loss: 0.7026, Validation Loss: 1.2196
Epoch 118/1000, Train Loss: 0.7179, Validation Loss: 2.4648
Epoch 119/1000, Train Loss: 0.6920, Validation Loss: 8.6543
Epoch 120/1000, Train Loss: 0.7554, Validation Loss: 3.3896
Epoch 121/1000, Train Loss: 0.7107, Validation Loss: 1.4442
Epoch 122/1000, Train Loss: 0.7257, Validation Loss: 7.7830
Epoch 123/1000, Train Loss: 0.7238, Validation Loss: 2.1671
Epoch 124/1000, Train Loss: 0.7584, Validation Loss: 6.0700
Epoch 125/1000, Train Loss: 0.6865, Validation Loss: 2.2851
Epoch 126/1000, Train Loss: 0.7358, Validation Loss: 0.9719
Epoch 127/1000, Train Loss: 0.7208, Validation Loss: 0.7975
Epoch 128/1000, Train Loss: 0.7263, Validation Loss: 1.3514
Epoch 129/1000, Train Loss: 0.6989, Validation Loss: 3.5583
Epoch 130/1000, Train Loss: 0.6828, Validation Loss: 5.3769
Epoch 131/1000, Train Loss: 0.6944, Validation Loss: 0.7590
Epoch 132/1000, Train Loss: 0.6983, Validation Loss: 1.5575
Epoch 133/1000, Train Loss: 0.7356, Validation Loss: 3.0358
Epoch 134/1000, Train Loss: 0.7124, Validation Loss: 0.7919
Epoch 135/1000, Train Loss: 0.7234, Validation Loss: 2.4415
Epoch 136/1000, Train Loss: 0.7205, Validation Loss: 4.8236
Epoch 137/1000, Train Loss: 0.7122, Validation Loss: 5.3223
Epoch 138/1000, Train Loss: 0.7159, Validation Loss: 3.5094
Epoch 139/1000, Train Loss: 0.7042, Validation Loss: 6.8959
Epoch 140/1000, Train Loss: 1072.1039, Validation Loss: 3.7185
Epoch 141/1000, Train Loss: 0.7063, Validation Loss: 2.9771
Epoch 142/1000, Train Loss: 0.7169, Validation Loss: 2.5188
Epoch 143/1000, Train Loss: 0.7087, Validation Loss: 1.5394
Epoch 144/1000, Train Loss: 0.7128, Validation Loss: 1.0892
Epoch 145/1000, Train Loss: 0.7270, Validation Loss: 0.7349
Epoch 146/1000, Train Loss: 0.6861, Validation Loss: 1.3709
Epoch 147/1000, Train Loss: 0.7549, Validation Loss: 0.7119
Epoch 148/1000, Train Loss: 0.7000, Validation Loss: 3.3448
Epoch 149/1000, Train Loss: 0.7046, Validation Loss: 3.4664
Epoch 150/1000, Train Loss: 0.6970, Validation Loss: 2.6605
Epoch 151/1000, Train Loss: 0.7846, Validation Loss: 22.5436
Epoch 152/1000, Train Loss: 0.7112, Validation Loss: 2.8421
Epoch 153/1000, Train Loss: 0.7046, Validation Loss: 0.8311
Epoch 154/1000, Train Loss: 0.7062, Validation Loss: 0.8927
Epoch 155/1000, Train Loss: 0.6682, Validation Loss: 4.3168
Epoch 156/1000, Train Loss: 0.6924, Validation Loss: 1.5842
Epoch 157/1000, Train Loss: 0.7210, Validation Loss: 1.6262
Epoch 158/1000, Train Loss: 0.7153, Validation Loss: 3.0321
Epoch 159/1000, Train Loss: 0.6883, Validation Loss: 13.3702
Epoch 160/1000, Train Loss: 0.7190, Validation Loss: 2.2856
Epoch 161/1000, Train Loss: 0.7303, Validation Loss: 2.6882
Epoch 162/1000, Train Loss: 0.6925, Validation Loss: 2.1573
Epoch 163/1000, Train Loss: 0.7691, Validation Loss: 1.0770
Epoch 164/1000, Train Loss: 0.6964, Validation Loss: 1.9032
Epoch 165/1000, Train Loss: 0.7072, Validation Loss: 1.3343
Epoch 166/1000, Train Loss: 0.6892, Validation Loss: 2.8654
Epoch 167/1000, Train Loss: 0.7019, Validation Loss: 2.4549
Epoch 168/1000, Train Loss: 0.6839, Validation Loss: 4.0936
Epoch 169/1000, Train Loss: 0.7048, Validation Loss: 2.2460
Epoch 170/1000, Train Loss: 0.7325, Validation Loss: 5.8012
Epoch 171/1000, Train Loss: 0.6760, Validation Loss: 1.1111
Epoch 172/1000, Train Loss: 0.7686, Validation Loss: 2.0836
Epoch 173/1000, Train Loss: 0.6918, Validation Loss: 5.8470
Epoch 174/1000, Train Loss: 0.6828, Validation Loss: 1.1328
Epoch 175/1000, Train Loss: 0.6923, Validation Loss: 3.5620
Epoch 176/1000, Train Loss: 0.6903, Validation Loss: 5.4289
Epoch 177/1000, Train Loss: 0.7033, Validation Loss: 0.7481
Epoch 178/1000, Train Loss: 0.6966, Validation Loss: 1.7217
Epoch 179/1000, Train Loss: 0.7083, Validation Loss: 2.6821
Epoch 180/1000, Train Loss: 0.6906, Validation Loss: 0.9782
Epoch 181/1000, Train Loss: 0.7046, Validation Loss: 1.7984
Epoch 182/1000, Train Loss: 0.7094, Validation Loss: 1.4340
Epoch 183/1000, Train Loss: 0.6906, Validation Loss: 1.7588
Epoch 184/1000, Train Loss: 0.6633, Validation Loss: 1.3751
Epoch 185/1000, Train Loss: 0.6770, Validation Loss: 1.0858
Epoch 186/1000, Train Loss: 0.7064, Validation Loss: 0.9430
Epoch 187/1000, Train Loss: 0.6945, Validation Loss: 3.1759
Epoch 188/1000, Train Loss: 0.6917, Validation Loss: 0.9148
Epoch 189/1000, Train Loss: 0.6843, Validation Loss: 6.4560
Epoch 190/1000, Train Loss: 0.6933, Validation Loss: 15.4252
Epoch 191/1000, Train Loss: 87.6271, Validation Loss: 1.1940
Epoch 192/1000, Train Loss: 0.6792, Validation Loss: 3.1411
Epoch 193/1000, Train Loss: 0.6960, Validation Loss: 1.8949
Epoch 194/1000, Train Loss: 0.8920, Validation Loss: 1.2981
Epoch 195/1000, Train Loss: 0.6961, Validation Loss: 0.8773
Epoch 196/1000, Train Loss: 0.6827, Validation Loss: 3.1467
Epoch 197/1000, Train Loss: 0.6820, Validation Loss: 1.7977
Epoch 198/1000, Train Loss: 0.7122, Validation Loss: 0.9064
Epoch 199/1000, Train Loss: 0.6758, Validation Loss: 0.7745
Epoch 200/1000, Train Loss: 0.7391, Validation Loss: 0.6653
Epoch 201/1000, Train Loss: 0.7042, Validation Loss: 1.3749
Epoch 202/1000, Train Loss: 0.6792, Validation Loss: 7.9365
Epoch 203/1000, Train Loss: 0.6879, Validation Loss: 1.3698
Epoch 204/1000, Train Loss: 0.6887, Validation Loss: 0.5775
Epoch 205/1000, Train Loss: 0.6879, Validation Loss: 1.7529
Epoch 206/1000, Train Loss: 0.7699, Validation Loss: 1.8599
Epoch 207/1000, Train Loss: 0.7200, Validation Loss: 8.3536
Epoch 208/1000, Train Loss: 0.6754, Validation Loss: 1.5739
Epoch 209/1000, Train Loss: 2.2160, Validation Loss: 3.6043
Epoch 210/1000, Train Loss: 0.7057, Validation Loss: 2.4954
Epoch 211/1000, Train Loss: 0.6968, Validation Loss: 4.8048
Epoch 212/1000, Train Loss: 0.6843, Validation Loss: 0.9466
Epoch 213/1000, Train Loss: 0.6845, Validation Loss: 1.3297
Epoch 214/1000, Train Loss: 0.6861, Validation Loss: 1.2287
Epoch 215/1000, Train Loss: 1.1535, Validation Loss: 65.4138
Epoch 216/1000, Train Loss: 1.4844, Validation Loss: 2.1411
Epoch 217/1000, Train Loss: 0.6856, Validation Loss: 6.9487
Epoch 218/1000, Train Loss: 0.6960, Validation Loss: 7.0053
Epoch 219/1000, Train Loss: 0.7101, Validation Loss: 1.4678
Epoch 220/1000, Train Loss: 0.7498, Validation Loss: 1.1310
Epoch 221/1000, Train Loss: 0.6821, Validation Loss: 3.0441
Epoch 222/1000, Train Loss: 0.7489, Validation Loss: 5.1883
Epoch 223/1000, Train Loss: 2.1881, Validation Loss: 1.5094
Epoch 224/1000, Train Loss: 0.9182, Validation Loss: 1.2473
Epoch 225/1000, Train Loss: 0.6903, Validation Loss: 1.1562
Epoch 226/1000, Train Loss: 0.6722, Validation Loss: 1.9483
Epoch 227/1000, Train Loss: 0.6814, Validation Loss: 1.3257
Epoch 228/1000, Train Loss: 0.6922, Validation Loss: 0.7337
Epoch 229/1000, Train Loss: 1.4692, Validation Loss: 2.5180
Epoch 230/1000, Train Loss: 0.6794, Validation Loss: 2.4237
Epoch 231/1000, Train Loss: 0.6833, Validation Loss: 1.9038
Epoch 232/1000, Train Loss: 0.6861, Validation Loss: 0.7225
Epoch 233/1000, Train Loss: 0.6953, Validation Loss: 1.0918
Epoch 234/1000, Train Loss: 0.6852, Validation Loss: 2.1010
Epoch 235/1000, Train Loss: 0.6828, Validation Loss: 2.7049
Epoch 236/1000, Train Loss: 0.6853, Validation Loss: 4.2941
Epoch 237/1000, Train Loss: 1.9364, Validation Loss: 18.0682
Epoch 238/1000, Train Loss: 8.1345, Validation Loss: 1.8022
Epoch 239/1000, Train Loss: 1.8470, Validation Loss: 0.9488
Epoch 240/1000, Train Loss: 0.7382, Validation Loss: 4.2013
Epoch 241/1000, Train Loss: 0.6857, Validation Loss: 4.0172
Epoch 242/1000, Train Loss: 0.6857, Validation Loss: 3.4285
Epoch 243/1000, Train Loss: 0.6811, Validation Loss: 2.5526
Epoch 244/1000, Train Loss: 0.6877, Validation Loss: 2.0383
Epoch 245/1000, Train Loss: 0.6982, Validation Loss: 0.6545
Epoch 246/1000, Train Loss: 42.4881, Validation Loss: 2.9163
Epoch 247/1000, Train Loss: 0.6776, Validation Loss: 1.2444
Epoch 248/1000, Train Loss: 0.6881, Validation Loss: 0.9896
Epoch 249/1000, Train Loss: 0.7050, Validation Loss: 2.4490
Epoch 250/1000, Train Loss: 0.6995, Validation Loss: 2.6573
Epoch 251/1000, Train Loss: 0.7040, Validation Loss: 0.9399
Epoch 252/1000, Train Loss: 0.7010, Validation Loss: 1.0977
Epoch 253/1000, Train Loss: 0.6838, Validation Loss: 2.3606
Epoch 254/1000, Train Loss: 1.7360, Validation Loss: 0.7388
Epoch 255/1000, Train Loss: 1.1287, Validation Loss: 12.2853
Epoch 256/1000, Train Loss: 0.7254, Validation Loss: 2.2625
Epoch 257/1000, Train Loss: 0.7056, Validation Loss: 3.0689
Epoch 258/1000, Train Loss: 0.7186, Validation Loss: 0.7245
Epoch 259/1000, Train Loss: 3.3454, Validation Loss: 4.5506
Epoch 260/1000, Train Loss: 0.6837, Validation Loss: 1.5755
Epoch 261/1000, Train Loss: 0.6775, Validation Loss: 6.2183
Epoch 262/1000, Train Loss: 0.7609, Validation Loss: 1.2073
Epoch 263/1000, Train Loss: 0.7219, Validation Loss: 1.2696
Epoch 264/1000, Train Loss: 0.6874, Validation Loss: 6.1763
Epoch 265/1000, Train Loss: 0.6840, Validation Loss: 0.9021
Epoch 266/1000, Train Loss: 0.7099, Validation Loss: 7.0469
Epoch 267/1000, Train Loss: 0.6752, Validation Loss: 3.0112
Epoch 268/1000, Train Loss: 0.6650, Validation Loss: 0.8076
Epoch 269/1000, Train Loss: 0.6855, Validation Loss: 0.8864
Epoch 270/1000, Train Loss: 0.7405, Validation Loss: 1.1562
Epoch 271/1000, Train Loss: 3.9275, Validation Loss: 3.8091
Epoch 272/1000, Train Loss: 0.6836, Validation Loss: 2.4527
Epoch 273/1000, Train Loss: 0.6893, Validation Loss: 1.0345
Epoch 274/1000, Train Loss: 0.6813, Validation Loss: 6.8417
Epoch 275/1000, Train Loss: 0.7309, Validation Loss: 1.5184
Epoch 276/1000, Train Loss: 0.6852, Validation Loss: 4.0428
Epoch 277/1000, Train Loss: 0.6994, Validation Loss: 1.4037
Epoch 278/1000, Train Loss: 0.7245, Validation Loss: 3.6251
Epoch 279/1000, Train Loss: 0.6809, Validation Loss: 1.3059
Epoch 280/1000, Train Loss: 1.3758, Validation Loss: 0.6011
Epoch 281/1000, Train Loss: 0.6957, Validation Loss: 3.5252
Epoch 282/1000, Train Loss: 0.6724, Validation Loss: 0.6398
Epoch 283/1000, Train Loss: 0.7109, Validation Loss: 5.1416
Epoch 284/1000, Train Loss: 0.6877, Validation Loss: 1.1276
Epoch 285/1000, Train Loss: 0.6865, Validation Loss: 2.2454
Epoch 286/1000, Train Loss: 0.6772, Validation Loss: 0.8378
Epoch 287/1000, Train Loss: 0.7154, Validation Loss: 2.0420
Epoch 288/1000, Train Loss: 0.7029, Validation Loss: 1.0239
Epoch 289/1000, Train Loss: 0.6865, Validation Loss: 1.0119
Epoch 290/1000, Train Loss: 0.7035, Validation Loss: 1.4662
Epoch 291/1000, Train Loss: 0.6895, Validation Loss: 1.3968
Epoch 292/1000, Train Loss: 0.6690, Validation Loss: 0.7094
Epoch 293/1000, Train Loss: 0.7231, Validation Loss: 8.1416
Epoch 294/1000, Train Loss: 0.6904, Validation Loss: 1.2996
Epoch 295/1000, Train Loss: 0.7029, Validation Loss: 2.6458
Epoch 296/1000, Train Loss: 0.6859, Validation Loss: 1.3906
Epoch 297/1000, Train Loss: 0.6731, Validation Loss: 2.8406
Epoch 298/1000, Train Loss: 0.6615, Validation Loss: 3.9046
Epoch 299/1000, Train Loss: 0.6656, Validation Loss: 5.4297
Epoch 300/1000, Train Loss: 0.7131, Validation Loss: 13.5133
Epoch 301/1000, Train Loss: 0.6884, Validation Loss: 2.7189
Epoch 302/1000, Train Loss: 0.6752, Validation Loss: 3.1272
Epoch 303/1000, Train Loss: 0.6640, Validation Loss: 0.8878
Epoch 304/1000, Train Loss: 0.6917, Validation Loss: 5.3334
Epoch 305/1000, Train Loss: 0.7012, Validation Loss: 1.5090
Epoch 306/1000, Train Loss: 0.9252, Validation Loss: 1.6541
Epoch 307/1000, Train Loss: 0.8214, Validation Loss: 0.8091
Epoch 308/1000, Train Loss: 0.6957, Validation Loss: 1.0356
Epoch 309/1000, Train Loss: 0.6646, Validation Loss: 2.0728
Epoch 310/1000, Train Loss: 0.6890, Validation Loss: 4.2440
Epoch 311/1000, Train Loss: 0.6853, Validation Loss: 6.7904
Epoch 312/1000, Train Loss: 0.6612, Validation Loss: 1.6499
Epoch 313/1000, Train Loss: 1.3385, Validation Loss: 2.1682
Epoch 314/1000, Train Loss: 0.6795, Validation Loss: 7.9228
Epoch 315/1000, Train Loss: 0.6723, Validation Loss: 11.5687
Epoch 316/1000, Train Loss: 0.7064, Validation Loss: 3.6964
Epoch 317/1000, Train Loss: 0.6811, Validation Loss: 2.0856
Epoch 318/1000, Train Loss: 0.7225, Validation Loss: 2.1720
Epoch 319/1000, Train Loss: 0.6571, Validation Loss: 1.4615
Epoch 320/1000, Train Loss: 0.6629, Validation Loss: 0.7363
Epoch 321/1000, Train Loss: 0.6891, Validation Loss: 2.3987
Epoch 322/1000, Train Loss: 0.7080, Validation Loss: 1.0808
Epoch 323/1000, Train Loss: 0.6652, Validation Loss: 1.3851
Epoch 324/1000, Train Loss: 0.6747, Validation Loss: 2.8143
Epoch 325/1000, Train Loss: 13.8643, Validation Loss: 9.9271
Epoch 326/1000, Train Loss: 0.6630, Validation Loss: 1.1646
Epoch 327/1000, Train Loss: 0.6793, Validation Loss: 1.2903
Epoch 328/1000, Train Loss: 0.6815, Validation Loss: 0.5852
Epoch 329/1000, Train Loss: 0.6875, Validation Loss: 0.7682
Epoch 330/1000, Train Loss: 0.6621, Validation Loss: 2.1357
Epoch 331/1000, Train Loss: 0.6742, Validation Loss: 3.5430
Epoch 332/1000, Train Loss: 0.6920, Validation Loss: 2.2542
Epoch 333/1000, Train Loss: 0.6766, Validation Loss: 10.9878
Epoch 334/1000, Train Loss: 0.6822, Validation Loss: 2.2187
Epoch 335/1000, Train Loss: 0.6993, Validation Loss: 1.3869
Epoch 336/1000, Train Loss: 0.8921, Validation Loss: 4.4266
Epoch 337/1000, Train Loss: 6.4510, Validation Loss: 2.4285
Epoch 338/1000, Train Loss: 0.6831, Validation Loss: 0.9114
Epoch 339/1000, Train Loss: 0.6681, Validation Loss: 0.6770
Epoch 340/1000, Train Loss: 0.6517, Validation Loss: 1.5518
Epoch 341/1000, Train Loss: 0.6919, Validation Loss: 1.2461
Epoch 342/1000, Train Loss: 0.6622, Validation Loss: 3.0192
Epoch 343/1000, Train Loss: 0.6589, Validation Loss: 1.1696
Epoch 344/1000, Train Loss: 0.7311, Validation Loss: 2.1160
Epoch 345/1000, Train Loss: 0.6807, Validation Loss: 2.4817
Epoch 346/1000, Train Loss: 0.6855, Validation Loss: 2.3382
Epoch 347/1000, Train Loss: 0.6687, Validation Loss: 3.3929
Epoch 348/1000, Train Loss: 0.7345, Validation Loss: 3.4371
Epoch 349/1000, Train Loss: 0.6642, Validation Loss: 1.0556
Epoch 350/1000, Train Loss: 0.6847, Validation Loss: 13.8199
Epoch 351/1000, Train Loss: 0.6760, Validation Loss: 1.3244
Epoch 352/1000, Train Loss: 0.6931, Validation Loss: 1.9901
Epoch 353/1000, Train Loss: 0.6714, Validation Loss: 5.2575
Epoch 354/1000, Train Loss: 0.6749, Validation Loss: 2.2435
Epoch 355/1000, Train Loss: 0.6831, Validation Loss: 1.8427
Epoch 356/1000, Train Loss: 0.7018, Validation Loss: 0.8993
Epoch 357/1000, Train Loss: 0.6630, Validation Loss: 2.9000
Epoch 358/1000, Train Loss: 0.7009, Validation Loss: 3.0846
Epoch 359/1000, Train Loss: 0.6682, Validation Loss: 2.9862
Epoch 360/1000, Train Loss: 0.6741, Validation Loss: 5.8711
Epoch 361/1000, Train Loss: 0.6793, Validation Loss: 11.5471
Epoch 362/1000, Train Loss: 0.6822, Validation Loss: 1.1609
Epoch 363/1000, Train Loss: 0.7073, Validation Loss: 0.7051
Epoch 364/1000, Train Loss: 0.7636, Validation Loss: 6.3139
Epoch 365/1000, Train Loss: 0.6894, Validation Loss: 0.9951
Epoch 366/1000, Train Loss: 0.6698, Validation Loss: 2.9132
Epoch 367/1000, Train Loss: 0.6812, Validation Loss: 1.4177
Epoch 368/1000, Train Loss: 123.7775, Validation Loss: 1.1724
Epoch 369/1000, Train Loss: 0.6616, Validation Loss: 3.7837
Epoch 370/1000, Train Loss: 0.7307, Validation Loss: 5.1481
Epoch 371/1000, Train Loss: 0.6734, Validation Loss: 2.6551
Epoch 372/1000, Train Loss: 0.6615, Validation Loss: 6.9657
Epoch 373/1000, Train Loss: 0.7058, Validation Loss: 8.4869
Epoch 374/1000, Train Loss: 0.6813, Validation Loss: 1.6450
Epoch 375/1000, Train Loss: 0.6605, Validation Loss: 1.2231
Epoch 376/1000, Train Loss: 0.6603, Validation Loss: 3.6850
Epoch 377/1000, Train Loss: 0.6583, Validation Loss: 1.3004
Epoch 378/1000, Train Loss: 0.8624, Validation Loss: 1.9911
Epoch 379/1000, Train Loss: 0.6983, Validation Loss: 2.0694
Epoch 380/1000, Train Loss: 0.6757, Validation Loss: 2.0693
Epoch 381/1000, Train Loss: 0.6840, Validation Loss: 3.2065
Epoch 382/1000, Train Loss: 0.6644, Validation Loss: 1.0788
Epoch 383/1000, Train Loss: 0.6549, Validation Loss: 1.1389
Epoch 384/1000, Train Loss: 3.2385, Validation Loss: 3.5262
Epoch 385/1000, Train Loss: 0.7103, Validation Loss: 2.0424
Epoch 386/1000, Train Loss: 0.7188, Validation Loss: 0.8225
Epoch 387/1000, Train Loss: 0.6625, Validation Loss: 1.5632
Epoch 388/1000, Train Loss: 0.6686, Validation Loss: 19.6348
Epoch 389/1000, Train Loss: 0.6672, Validation Loss: 1.1945
Epoch 390/1000, Train Loss: 0.7297, Validation Loss: 1.9871
Epoch 391/1000, Train Loss: 0.6744, Validation Loss: 2.6296
Epoch 392/1000, Train Loss: 0.6704, Validation Loss: 1.8650
Epoch 393/1000, Train Loss: 0.6791, Validation Loss: 1.6516
Epoch 394/1000, Train Loss: 0.6809, Validation Loss: 1.1791
Epoch 395/1000, Train Loss: 0.7282, Validation Loss: 0.7820
Epoch 396/1000, Train Loss: 0.7059, Validation Loss: 2.4593
Epoch 397/1000, Train Loss: 0.6786, Validation Loss: 0.9641
Epoch 398/1000, Train Loss: 0.6977, Validation Loss: 3.0746
Epoch 399/1000, Train Loss: 0.6962, Validation Loss: 9.4763
Epoch 400/1000, Train Loss: 0.6667, Validation Loss: 1.1884
Epoch 401/1000, Train Loss: 0.6460, Validation Loss: 2.0547
Epoch 402/1000, Train Loss: 0.6709, Validation Loss: 5.0645
Epoch 403/1000, Train Loss: 0.6752, Validation Loss: 3.9275
Epoch 404/1000, Train Loss: 0.6556, Validation Loss: 1.8712
Epoch 405/1000, Train Loss: 0.6866, Validation Loss: 2.4866
Epoch 406/1000, Train Loss: 0.6925, Validation Loss: 2.6126
Epoch 407/1000, Train Loss: 0.6571, Validation Loss: 7.8695
Epoch 408/1000, Train Loss: 0.6796, Validation Loss: 2.1804
Epoch 409/1000, Train Loss: 0.6683, Validation Loss: 2.7954
Epoch 410/1000, Train Loss: 0.6861, Validation Loss: 2.3785
Epoch 411/1000, Train Loss: 0.6529, Validation Loss: 0.7020
Epoch 412/1000, Train Loss: 0.6728, Validation Loss: 0.7850
Epoch 413/1000, Train Loss: 0.7514, Validation Loss: 2.8282
Epoch 414/1000, Train Loss: 0.6949, Validation Loss: 9.9466
Epoch 415/1000, Train Loss: 0.6649, Validation Loss: 2.7637
Epoch 416/1000, Train Loss: 0.6790, Validation Loss: 3.5000
Epoch 417/1000, Train Loss: 0.6649, Validation Loss: 2.9969
Epoch 418/1000, Train Loss: 1.7990, Validation Loss: 11.3983
Epoch 419/1000, Train Loss: 0.7228, Validation Loss: 1.0703
Epoch 420/1000, Train Loss: 0.6731, Validation Loss: 0.8749
Epoch 421/1000, Train Loss: 0.6816, Validation Loss: 2.5307
Epoch 422/1000, Train Loss: 0.6651, Validation Loss: 1.1731
Epoch 423/1000, Train Loss: 0.6654, Validation Loss: 2.5837
Epoch 424/1000, Train Loss: 1.0306, Validation Loss: 0.9097
Epoch 425/1000, Train Loss: 0.6576, Validation Loss: 3.9097
Epoch 426/1000, Train Loss: 0.6608, Validation Loss: 1.3672
Epoch 427/1000, Train Loss: 0.6627, Validation Loss: 0.9960
Epoch 428/1000, Train Loss: 0.6777, Validation Loss: 2.4352
Epoch 429/1000, Train Loss: 0.6602, Validation Loss: 1.3831
Epoch 430/1000, Train Loss: 1.4289, Validation Loss: 1.6216
Epoch 431/1000, Train Loss: 0.6509, Validation Loss: 0.8420
Epoch 432/1000, Train Loss: 0.6657, Validation Loss: 1.8509
Epoch 433/1000, Train Loss: 0.7383, Validation Loss: 0.8380
Epoch 434/1000, Train Loss: 0.6492, Validation Loss: 0.8002
Epoch 435/1000, Train Loss: 0.6556, Validation Loss: 0.9931
Epoch 436/1000, Train Loss: 0.9862, Validation Loss: 1.7281
Epoch 437/1000, Train Loss: 0.7733, Validation Loss: 2.5578
Epoch 438/1000, Train Loss: 0.6620, Validation Loss: 0.8458
Epoch 439/1000, Train Loss: 0.6579, Validation Loss: 1.7027
Epoch 440/1000, Train Loss: 0.6683, Validation Loss: 3.5920
Epoch 441/1000, Train Loss: 0.6685, Validation Loss: 0.6759
Epoch 442/1000, Train Loss: 0.6627, Validation Loss: 1.0008
Epoch 443/1000, Train Loss: 0.6600, Validation Loss: 2.7290
Epoch 444/1000, Train Loss: 0.6858, Validation Loss: 3.4154
Epoch 445/1000, Train Loss: 0.6790, Validation Loss: 2.9598
Epoch 446/1000, Train Loss: 0.6738, Validation Loss: 7.5583
Epoch 447/1000, Train Loss: 0.6762, Validation Loss: 3.1828
Epoch 448/1000, Train Loss: 0.6670, Validation Loss: 1.5276
Epoch 449/1000, Train Loss: 1.3950, Validation Loss: 1.1016
Epoch 450/1000, Train Loss: 0.6651, Validation Loss: 0.7364
Epoch 451/1000, Train Loss: 0.6720, Validation Loss: 1.8712
Epoch 452/1000, Train Loss: 0.6770, Validation Loss: 10.2911
Epoch 453/1000, Train Loss: 0.6466, Validation Loss: 0.7390
Epoch 454/1000, Train Loss: 0.8010, Validation Loss: 4.6736
Epoch 455/1000, Train Loss: 0.6631, Validation Loss: 3.9825
Epoch 456/1000, Train Loss: 0.6797, Validation Loss: 1.6831
Epoch 457/1000, Train Loss: 0.6845, Validation Loss: 1.1679
Epoch 458/1000, Train Loss: 0.6655, Validation Loss: 1.6412
Epoch 459/1000, Train Loss: 0.7712, Validation Loss: 5.0561
Epoch 460/1000, Train Loss: 0.6578, Validation Loss: 6.3494
Epoch 461/1000, Train Loss: 0.7294, Validation Loss: 1.0852
Epoch 462/1000, Train Loss: 0.6751, Validation Loss: 1.6285
Epoch 463/1000, Train Loss: 0.6830, Validation Loss: 2.7883
Epoch 464/1000, Train Loss: 0.6632, Validation Loss: 12.0576
Epoch 465/1000, Train Loss: 0.6660, Validation Loss: 4.3789
Epoch 466/1000, Train Loss: 0.6902, Validation Loss: 15.6290
Epoch 467/1000, Train Loss: 0.6470, Validation Loss: 1.9558
Epoch 468/1000, Train Loss: 0.6627, Validation Loss: 2.8340
Epoch 469/1000, Train Loss: 2.3551, Validation Loss: 0.8599
Epoch 470/1000, Train Loss: 0.7433, Validation Loss: 2.0210
Epoch 471/1000, Train Loss: 0.7078, Validation Loss: 6.8126
Epoch 472/1000, Train Loss: 0.6838, Validation Loss: 2.2757
Epoch 473/1000, Train Loss: 0.6674, Validation Loss: 15.7003
Epoch 474/1000, Train Loss: 0.6623, Validation Loss: 8.1531
Epoch 475/1000, Train Loss: 0.6571, Validation Loss: 2.6339
Epoch 476/1000, Train Loss: 0.6890, Validation Loss: 1.0148
Epoch 477/1000, Train Loss: 0.6840, Validation Loss: 5.5737
Epoch 478/1000, Train Loss: 0.6596, Validation Loss: 5.6201
Epoch 479/1000, Train Loss: 0.6686, Validation Loss: 2.1156
Epoch 480/1000, Train Loss: 0.6878, Validation Loss: 2.7978
Epoch 481/1000, Train Loss: 0.7124, Validation Loss: 0.8699
Epoch 482/1000, Train Loss: 0.6697, Validation Loss: 9.8956
Epoch 483/1000, Train Loss: 0.6788, Validation Loss: 4.6896
Epoch 484/1000, Train Loss: 0.6864, Validation Loss: 3.9155
Epoch 485/1000, Train Loss: 0.6529, Validation Loss: 0.7921
Epoch 486/1000, Train Loss: 0.6584, Validation Loss: 1.1157
Epoch 487/1000, Train Loss: 0.6895, Validation Loss: 1.1873
Epoch 488/1000, Train Loss: 0.6582, Validation Loss: 2.5985
Epoch 489/1000, Train Loss: 0.6677, Validation Loss: 1.2537
Epoch 490/1000, Train Loss: 0.6616, Validation Loss: 5.8006
Epoch 491/1000, Train Loss: 0.9675, Validation Loss: 0.9434
Epoch 492/1000, Train Loss: 0.6486, Validation Loss: 0.8221
Epoch 493/1000, Train Loss: 0.6624, Validation Loss: 2.1706
Epoch 494/1000, Train Loss: 0.6745, Validation Loss: 1.1797
Epoch 495/1000, Train Loss: 0.6531, Validation Loss: 4.0826
Epoch 496/1000, Train Loss: 0.6622, Validation Loss: 3.5286
Epoch 497/1000, Train Loss: 0.6706, Validation Loss: 5.9576
Epoch 498/1000, Train Loss: 0.6714, Validation Loss: 24.7829
Epoch 499/1000, Train Loss: 0.6726, Validation Loss: 2.6889
Epoch 500/1000, Train Loss: 0.6750, Validation Loss: 9.5693
Epoch 501/1000, Train Loss: 8.2884, Validation Loss: 31.4365
Epoch 502/1000, Train Loss: 0.6670, Validation Loss: 5.6935
Epoch 503/1000, Train Loss: 0.6485, Validation Loss: 1.5007
Epoch 504/1000, Train Loss: 0.6431, Validation Loss: 8.6376
Epoch 505/1000, Train Loss: 1.9563, Validation Loss: 1.8046
Epoch 506/1000, Train Loss: 0.6696, Validation Loss: 7.3585
Epoch 507/1000, Train Loss: 0.6608, Validation Loss: 2.0024
Epoch 508/1000, Train Loss: 0.6661, Validation Loss: 2.0771
Epoch 509/1000, Train Loss: 0.6612, Validation Loss: 11.7977
Epoch 510/1000, Train Loss: 0.6631, Validation Loss: 1.3091
Epoch 511/1000, Train Loss: 0.6929, Validation Loss: 0.7723
Epoch 512/1000, Train Loss: 0.6512, Validation Loss: 1.7648
Epoch 513/1000, Train Loss: 0.6801, Validation Loss: 2.0899
Epoch 514/1000, Train Loss: 0.6606, Validation Loss: 3.9342
Epoch 515/1000, Train Loss: 0.6485, Validation Loss: 6.0976
Epoch 516/1000, Train Loss: 0.6629, Validation Loss: 2.1160
Epoch 517/1000, Train Loss: 0.6494, Validation Loss: 4.1961
Epoch 518/1000, Train Loss: 0.8614, Validation Loss: 4.0736
Epoch 519/1000, Train Loss: 7.8104, Validation Loss: 1.9353
Epoch 520/1000, Train Loss: 0.6383, Validation Loss: 0.7312
Epoch 521/1000, Train Loss: 0.6688, Validation Loss: 3.3295
Epoch 522/1000, Train Loss: 0.6656, Validation Loss: 4.0714
Epoch 523/1000, Train Loss: 0.6774, Validation Loss: 2.2218
Epoch 524/1000, Train Loss: 0.6629, Validation Loss: 0.9533
Epoch 525/1000, Train Loss: 0.6838, Validation Loss: 2.8186
Epoch 526/1000, Train Loss: 0.6487, Validation Loss: 5.8715
Epoch 527/1000, Train Loss: 0.7832, Validation Loss: 4.7544
Epoch 528/1000, Train Loss: 0.6625, Validation Loss: 0.7244
Epoch 529/1000, Train Loss: 0.6500, Validation Loss: 3.1233
Epoch 530/1000, Train Loss: 1.0485, Validation Loss: 1.0978
Epoch 531/1000, Train Loss: 0.6471, Validation Loss: 1.4520
Epoch 532/1000, Train Loss: 0.6442, Validation Loss: 1.4116
Epoch 533/1000, Train Loss: 0.8568, Validation Loss: 1.2797
Epoch 534/1000, Train Loss: 0.6522, Validation Loss: 0.7558
Epoch 535/1000, Train Loss: 0.6634, Validation Loss: 2.2774
Epoch 536/1000, Train Loss: 0.6745, Validation Loss: 3.1187
Epoch 537/1000, Train Loss: 0.9696, Validation Loss: 1.5482
Epoch 538/1000, Train Loss: 0.6532, Validation Loss: 1.6328
Epoch 539/1000, Train Loss: 0.6473, Validation Loss: 0.6248
Epoch 540/1000, Train Loss: 0.8208, Validation Loss: 3.4635
Epoch 541/1000, Train Loss: 0.6796, Validation Loss: 9.0288
Epoch 542/1000, Train Loss: 0.6462, Validation Loss: 1.6886
Epoch 543/1000, Train Loss: 0.6580, Validation Loss: 1.3504
Epoch 544/1000, Train Loss: 0.7269, Validation Loss: 4.7341
Epoch 545/1000, Train Loss: 0.6833, Validation Loss: 2.0079
Epoch 546/1000, Train Loss: 0.6777, Validation Loss: 2.8324
Epoch 547/1000, Train Loss: 0.6562, Validation Loss: 2.7599
Epoch 548/1000, Train Loss: 10.2035, Validation Loss: 1.0457
Epoch 549/1000, Train Loss: 0.6422, Validation Loss: 1.1813
Epoch 550/1000, Train Loss: 0.6439, Validation Loss: 1.4234
Epoch 551/1000, Train Loss: 0.6691, Validation Loss: 131.7836
Epoch 552/1000, Train Loss: 0.7205, Validation Loss: 1.0163
Epoch 553/1000, Train Loss: 0.6698, Validation Loss: 5.8553
Epoch 554/1000, Train Loss: 0.6503, Validation Loss: 1.0589
Epoch 555/1000, Train Loss: 0.6466, Validation Loss: 2.8210
Epoch 556/1000, Train Loss: 0.6563, Validation Loss: 3.2209
Epoch 557/1000, Train Loss: 1.6551, Validation Loss: 1.4638
Epoch 558/1000, Train Loss: 0.6711, Validation Loss: 2.2322
Epoch 559/1000, Train Loss: 0.6658, Validation Loss: 2.3470
Epoch 560/1000, Train Loss: 2.1455, Validation Loss: 1.1969
Epoch 561/1000, Train Loss: 0.6788, Validation Loss: 0.8668
Epoch 562/1000, Train Loss: 0.6762, Validation Loss: 2.1008
Epoch 563/1000, Train Loss: 0.6717, Validation Loss: 16.3469
Epoch 564/1000, Train Loss: 0.6751, Validation Loss: 0.9292
Epoch 565/1000, Train Loss: 0.6664, Validation Loss: 1.1239
Epoch 566/1000, Train Loss: 0.6561, Validation Loss: 2.2919
Epoch 567/1000, Train Loss: 0.7597, Validation Loss: 0.9958
Epoch 568/1000, Train Loss: 0.6448, Validation Loss: 0.7479
Epoch 569/1000, Train Loss: 0.7057, Validation Loss: 6.8534
Epoch 570/1000, Train Loss: 0.6432, Validation Loss: 1.1218
Epoch 571/1000, Train Loss: 0.6758, Validation Loss: 22.4435
Epoch 572/1000, Train Loss: 0.6730, Validation Loss: 2.3869
Epoch 573/1000, Train Loss: 0.6659, Validation Loss: 2.6842
Epoch 574/1000, Train Loss: 0.6653, Validation Loss: 2.0994
Epoch 575/1000, Train Loss: 0.6788, Validation Loss: 1.1146
Epoch 576/1000, Train Loss: 0.6760, Validation Loss: 0.9060
Epoch 577/1000, Train Loss: 0.6716, Validation Loss: 2.6217
Epoch 578/1000, Train Loss: 0.6633, Validation Loss: 0.7278
Epoch 579/1000, Train Loss: 0.6663, Validation Loss: 0.9629
Epoch 580/1000, Train Loss: 0.7104, Validation Loss: 2.3175
Epoch 581/1000, Train Loss: 0.6569, Validation Loss: 1.9296
Epoch 582/1000, Train Loss: 0.7414, Validation Loss: 3.8060
Epoch 583/1000, Train Loss: 0.6607, Validation Loss: 0.6268
Epoch 584/1000, Train Loss: 0.6725, Validation Loss: 0.6282
Epoch 585/1000, Train Loss: 2.2687, Validation Loss: 3.6732
Epoch 586/1000, Train Loss: 0.6582, Validation Loss: 5.0250
Epoch 587/1000, Train Loss: 0.6514, Validation Loss: 21.8406
Epoch 588/1000, Train Loss: 0.6666, Validation Loss: 1.2922
Epoch 589/1000, Train Loss: 0.6655, Validation Loss: 1.3937
Epoch 590/1000, Train Loss: 1.1846, Validation Loss: 2.7167
Epoch 591/1000, Train Loss: 0.6630, Validation Loss: 9.2746
Epoch 592/1000, Train Loss: 0.6832, Validation Loss: 4.2675
Epoch 593/1000, Train Loss: 0.6785, Validation Loss: 0.9608
Epoch 594/1000, Train Loss: 0.6626, Validation Loss: 7.8508
Epoch 595/1000, Train Loss: 0.6620, Validation Loss: 2.1438
Epoch 596/1000, Train Loss: 0.6516, Validation Loss: 3.2180
Epoch 597/1000, Train Loss: 0.7095, Validation Loss: 0.7500
Epoch 598/1000, Train Loss: 0.6788, Validation Loss: 1.3670
Epoch 599/1000, Train Loss: 0.6667, Validation Loss: 0.7965
Epoch 600/1000, Train Loss: 0.7735, Validation Loss: 1.8096
Epoch 601/1000, Train Loss: 0.6423, Validation Loss: 0.8295
Epoch 602/1000, Train Loss: 0.6816, Validation Loss: 2.0482
Epoch 603/1000, Train Loss: 0.7077, Validation Loss: 0.9263
Epoch 604/1000, Train Loss: 0.6469, Validation Loss: 4.9307
Epoch 605/1000, Train Loss: 0.6576, Validation Loss: 1.7462
Epoch 606/1000, Train Loss: 1.7165, Validation Loss: 2.4335
Epoch 607/1000, Train Loss: 0.6434, Validation Loss: 1.0418
Epoch 608/1000, Train Loss: 0.6371, Validation Loss: 6.6966
Epoch 609/1000, Train Loss: 0.6424, Validation Loss: 6.0459
Epoch 610/1000, Train Loss: 0.6529, Validation Loss: 0.9143
Epoch 611/1000, Train Loss: 0.6417, Validation Loss: 1.5324
Epoch 612/1000, Train Loss: 1.9353, Validation Loss: 1.1188
Epoch 613/1000, Train Loss: 0.6743, Validation Loss: 2.0923
Epoch 614/1000, Train Loss: 0.6453, Validation Loss: 1.2279
Epoch 615/1000, Train Loss: 0.6708, Validation Loss: 1.3098
Epoch 616/1000, Train Loss: 0.7438, Validation Loss: 1.1736
Epoch 617/1000, Train Loss: 0.6663, Validation Loss: 2.5801
Epoch 618/1000, Train Loss: 0.6591, Validation Loss: 4.9408
Epoch 619/1000, Train Loss: 0.6539, Validation Loss: 2.6418
Epoch 620/1000, Train Loss: 0.8427, Validation Loss: 2.0106
Epoch 621/1000, Train Loss: 0.6957, Validation Loss: 4.5116
Epoch 622/1000, Train Loss: 0.6453, Validation Loss: 0.7416
Epoch 623/1000, Train Loss: 0.6610, Validation Loss: 3.0168
Epoch 624/1000, Train Loss: 0.6569, Validation Loss: 2.2261
Epoch 625/1000, Train Loss: 0.6525, Validation Loss: 6.8289
Epoch 626/1000, Train Loss: 0.6552, Validation Loss: 2.0423
Epoch 627/1000, Train Loss: 0.6563, Validation Loss: 3.3138
Epoch 628/1000, Train Loss: 0.6374, Validation Loss: 1.1336
Epoch 629/1000, Train Loss: 0.6629, Validation Loss: 1.3799
Epoch 630/1000, Train Loss: 0.7069, Validation Loss: 1.1060
Epoch 631/1000, Train Loss: 0.6454, Validation Loss: 1.6278
Epoch 632/1000, Train Loss: 0.6560, Validation Loss: 1.4183
Epoch 633/1000, Train Loss: 0.6682, Validation Loss: 1.1766
Epoch 634/1000, Train Loss: 0.6734, Validation Loss: 1.0385
Epoch 635/1000, Train Loss: 0.9229, Validation Loss: 7.5273
Epoch 636/1000, Train Loss: 0.6725, Validation Loss: 3.8413
Epoch 637/1000, Train Loss: 0.6638, Validation Loss: 1.1149
Epoch 638/1000, Train Loss: 0.6567, Validation Loss: 0.9957
Epoch 639/1000, Train Loss: 0.6503, Validation Loss: 2.3779
Epoch 640/1000, Train Loss: 0.6641, Validation Loss: 8.7175
Epoch 641/1000, Train Loss: 0.7276, Validation Loss: 1.1013
Epoch 642/1000, Train Loss: 0.6697, Validation Loss: 3.2103
Epoch 643/1000, Train Loss: 0.6641, Validation Loss: 0.7844
Epoch 644/1000, Train Loss: 0.6576, Validation Loss: 7.5225
Epoch 645/1000, Train Loss: 0.6435, Validation Loss: 0.7410
Epoch 646/1000, Train Loss: 0.6535, Validation Loss: 1.8749
Epoch 647/1000, Train Loss: 6.6570, Validation Loss: 0.9240
Epoch 648/1000, Train Loss: 0.6716, Validation Loss: 1.6312
Epoch 649/1000, Train Loss: 0.6781, Validation Loss: 18.5311
Epoch 650/1000, Train Loss: 0.6543, Validation Loss: 4.4348
Epoch 651/1000, Train Loss: 0.6745, Validation Loss: 0.9038
Epoch 652/1000, Train Loss: 0.6572, Validation Loss: 2.2305
Epoch 653/1000, Train Loss: 0.7108, Validation Loss: 2.5392
Epoch 654/1000, Train Loss: 0.6570, Validation Loss: 0.7418
Epoch 655/1000, Train Loss: 0.6481, Validation Loss: 2.4621
Epoch 656/1000, Train Loss: 0.6623, Validation Loss: 2.8850
Epoch 657/1000, Train Loss: 0.6689, Validation Loss: 1.0791
Epoch 658/1000, Train Loss: 0.6445, Validation Loss: 2.6337
Epoch 659/1000, Train Loss: 0.6582, Validation Loss: 2.9207
Epoch 660/1000, Train Loss: 0.6585, Validation Loss: 2.0437
Epoch 661/1000, Train Loss: 0.6531, Validation Loss: 2.1118
Epoch 662/1000, Train Loss: 0.6604, Validation Loss: 0.6618
Epoch 663/1000, Train Loss: 0.6564, Validation Loss: 0.8314
Epoch 664/1000, Train Loss: 0.6799, Validation Loss: 1.0636
Epoch 665/1000, Train Loss: 0.6917, Validation Loss: 7.5062
Epoch 666/1000, Train Loss: 0.6967, Validation Loss: 1.1795
Epoch 667/1000, Train Loss: 0.6944, Validation Loss: 1.4558
Epoch 668/1000, Train Loss: 0.6854, Validation Loss: 1.1175
Epoch 669/1000, Train Loss: 0.6585, Validation Loss: 0.8235
Epoch 670/1000, Train Loss: 0.6628, Validation Loss: 1.4036
Epoch 671/1000, Train Loss: 102.6296, Validation Loss: 3.1494
Epoch 672/1000, Train Loss: 0.7393, Validation Loss: 1.8141
Epoch 673/1000, Train Loss: 0.6675, Validation Loss: 0.9663
Epoch 674/1000, Train Loss: 1.0548, Validation Loss: 12.8329
Epoch 675/1000, Train Loss: 0.6354, Validation Loss: 1.2365
Epoch 676/1000, Train Loss: 0.6648, Validation Loss: 4.1456
Epoch 677/1000, Train Loss: 0.6379, Validation Loss: 0.8005
Epoch 678/1000, Train Loss: 0.6579, Validation Loss: 0.8267
Epoch 679/1000, Train Loss: 2.3282, Validation Loss: 2.5286
Epoch 680/1000, Train Loss: 0.6965, Validation Loss: 0.7784
Epoch 681/1000, Train Loss: 0.6420, Validation Loss: 2.9282
Epoch 682/1000, Train Loss: 0.6676, Validation Loss: 19.6480
Epoch 683/1000, Train Loss: 0.6658, Validation Loss: 1.1076
Epoch 684/1000, Train Loss: 0.6500, Validation Loss: 3.6095
Epoch 685/1000, Train Loss: 0.7247, Validation Loss: 1.0983
Epoch 686/1000, Train Loss: 0.6632, Validation Loss: 2.2044
Epoch 687/1000, Train Loss: 0.6634, Validation Loss: 0.6348
Epoch 688/1000, Train Loss: 0.6552, Validation Loss: 0.9294
Epoch 689/1000, Train Loss: 0.6818, Validation Loss: 1.8123
Epoch 690/1000, Train Loss: 0.6544, Validation Loss: 0.7156
Epoch 691/1000, Train Loss: 0.9838, Validation Loss: 2.6164
Epoch 692/1000, Train Loss: 0.6716, Validation Loss: 6.5456
Epoch 693/1000, Train Loss: 0.6768, Validation Loss: 1.0247
Epoch 694/1000, Train Loss: 0.6534, Validation Loss: 2.6189
Epoch 695/1000, Train Loss: 0.6556, Validation Loss: 2.0104
Epoch 696/1000, Train Loss: 0.6551, Validation Loss: 1.3705
Epoch 697/1000, Train Loss: 0.6811, Validation Loss: 5.0098
Epoch 698/1000, Train Loss: 0.6574, Validation Loss: 3.7516
Epoch 699/1000, Train Loss: 0.6467, Validation Loss: 1.4842
Epoch 700/1000, Train Loss: 0.6814, Validation Loss: 4.2999
Epoch 701/1000, Train Loss: 0.6908, Validation Loss: 3.4852
Epoch 702/1000, Train Loss: 0.6679, Validation Loss: 10.6634
Epoch 703/1000, Train Loss: 0.6382, Validation Loss: 2.9292
Epoch 704/1000, Train Loss: 0.6505, Validation Loss: 1.0628
Epoch 705/1000, Train Loss: 0.6547, Validation Loss: 1.7017
Epoch 706/1000, Train Loss: 0.6703, Validation Loss: 0.9454
Epoch 707/1000, Train Loss: 0.6413, Validation Loss: 2.8386
Epoch 708/1000, Train Loss: 2.4310, Validation Loss: 1.3338
Epoch 709/1000, Train Loss: 0.6430, Validation Loss: 1.0089
Epoch 710/1000, Train Loss: 0.6528, Validation Loss: 17.4122
Epoch 711/1000, Train Loss: 0.6609, Validation Loss: 1.3687
Epoch 712/1000, Train Loss: 0.6534, Validation Loss: 0.8829
Epoch 713/1000, Train Loss: 0.6732, Validation Loss: 2.7965
Epoch 714/1000, Train Loss: 0.6969, Validation Loss: 1.3435
Epoch 715/1000, Train Loss: 0.6473, Validation Loss: 2.0545
Epoch 716/1000, Train Loss: 0.6740, Validation Loss: 0.6868
Epoch 717/1000, Train Loss: 0.7163, Validation Loss: 15.4275
Epoch 718/1000, Train Loss: 0.6846, Validation Loss: 0.6842
Epoch 719/1000, Train Loss: 0.6489, Validation Loss: 3.1090
Epoch 720/1000, Train Loss: 0.7040, Validation Loss: 1.4127
Epoch 721/1000, Train Loss: 1.3076, Validation Loss: 1.2063
Epoch 722/1000, Train Loss: 0.6679, Validation Loss: 1.7000
Epoch 723/1000, Train Loss: 0.6747, Validation Loss: 2.2176
Epoch 724/1000, Train Loss: 0.6674, Validation Loss: 2.6075
Epoch 725/1000, Train Loss: 0.6528, Validation Loss: 3.7949
Epoch 726/1000, Train Loss: 0.6487, Validation Loss: 0.9253
Epoch 727/1000, Train Loss: 0.6591, Validation Loss: 3.3480
Epoch 728/1000, Train Loss: 0.6687, Validation Loss: 1.9784
Epoch 729/1000, Train Loss: 0.6515, Validation Loss: 0.6397
Epoch 730/1000, Train Loss: 0.6469, Validation Loss: 4.5357
Epoch 731/1000, Train Loss: 0.6458, Validation Loss: 0.6920
Epoch 732/1000, Train Loss: 0.6537, Validation Loss: 1.3306
Epoch 733/1000, Train Loss: 0.9273, Validation Loss: 4.4192
Epoch 734/1000, Train Loss: 0.6671, Validation Loss: 2.0790
Epoch 735/1000, Train Loss: 0.6652, Validation Loss: 2.2696
Epoch 736/1000, Train Loss: 0.7037, Validation Loss: 1.1857
Epoch 737/1000, Train Loss: 0.6672, Validation Loss: 10.4928
Epoch 738/1000, Train Loss: 0.6366, Validation Loss: 3.8714
Epoch 739/1000, Train Loss: 0.8952, Validation Loss: 1.6965
Epoch 740/1000, Train Loss: 0.6414, Validation Loss: 0.8574
Epoch 741/1000, Train Loss: 0.6561, Validation Loss: 1.0171
Epoch 742/1000, Train Loss: 0.6498, Validation Loss: 13.0694
Epoch 743/1000, Train Loss: 0.6985, Validation Loss: 2.0952
Epoch 744/1000, Train Loss: 0.6582, Validation Loss: 3.9932
Epoch 745/1000, Train Loss: 0.6589, Validation Loss: 4.8059
Epoch 746/1000, Train Loss: 0.6523, Validation Loss: 1.2965
Epoch 747/1000, Train Loss: 0.6819, Validation Loss: 0.9164
Epoch 748/1000, Train Loss: 0.6505, Validation Loss: 2.7121
Epoch 749/1000, Train Loss: 0.6488, Validation Loss: 1.6196
Epoch 750/1000, Train Loss: 0.6544, Validation Loss: 1.3767
Epoch 751/1000, Train Loss: 0.6430, Validation Loss: 7.4095
Epoch 752/1000, Train Loss: 2.2273, Validation Loss: 9.6179
Epoch 753/1000, Train Loss: 0.6647, Validation Loss: 1.3009
Epoch 754/1000, Train Loss: 0.6404, Validation Loss: 1.2830
Epoch 755/1000, Train Loss: 0.6456, Validation Loss: 1.7685
Epoch 756/1000, Train Loss: 0.6686, Validation Loss: 2.3151
Epoch 757/1000, Train Loss: 375.9668, Validation Loss: 5.3260
Epoch 758/1000, Train Loss: 0.6463, Validation Loss: 1.4287
Epoch 759/1000, Train Loss: 0.6503, Validation Loss: 15.2787
Epoch 760/1000, Train Loss: 0.6503, Validation Loss: 1.9599
Epoch 761/1000, Train Loss: 0.6508, Validation Loss: 0.7466
Epoch 762/1000, Train Loss: 0.6629, Validation Loss: 2.3418
Epoch 763/1000, Train Loss: 0.6551, Validation Loss: 0.6392
Epoch 764/1000, Train Loss: 0.7006, Validation Loss: 2.1768
Epoch 765/1000, Train Loss: 0.6590, Validation Loss: 0.9811
Epoch 766/1000, Train Loss: 0.6701, Validation Loss: 6.1454
Epoch 767/1000, Train Loss: 0.6549, Validation Loss: 13.9786
Epoch 768/1000, Train Loss: 0.6674, Validation Loss: 1.4828
Epoch 769/1000, Train Loss: 0.6587, Validation Loss: 0.9088
Epoch 770/1000, Train Loss: 0.6598, Validation Loss: 2.4706
Epoch 771/1000, Train Loss: 0.6445, Validation Loss: 4.1369
Epoch 772/1000, Train Loss: 1.3760, Validation Loss: 0.9370
Epoch 773/1000, Train Loss: 0.6445, Validation Loss: 14.9815
Epoch 774/1000, Train Loss: 0.6442, Validation Loss: 1.0088
Epoch 775/1000, Train Loss: 0.6620, Validation Loss: 1.6607
Epoch 776/1000, Train Loss: 0.6503, Validation Loss: 1.3201
Epoch 777/1000, Train Loss: 0.6495, Validation Loss: 1.3590
Epoch 778/1000, Train Loss: 0.6564, Validation Loss: 0.9193
Epoch 779/1000, Train Loss: 0.6622, Validation Loss: 1.8157
Epoch 780/1000, Train Loss: 0.6597, Validation Loss: 2.1133
Epoch 781/1000, Train Loss: 0.6475, Validation Loss: 1.0092
Epoch 782/1000, Train Loss: 0.6477, Validation Loss: 5.7624
Epoch 783/1000, Train Loss: 0.6475, Validation Loss: 1.1129
Epoch 784/1000, Train Loss: 1.0532, Validation Loss: 8.3667
Epoch 785/1000, Train Loss: 0.6532, Validation Loss: 1.7618
Epoch 786/1000, Train Loss: 0.6432, Validation Loss: 5.4148
Epoch 787/1000, Train Loss: 0.6589, Validation Loss: 4.3006
Epoch 788/1000, Train Loss: 0.6468, Validation Loss: 0.7440
Epoch 789/1000, Train Loss: 0.6568, Validation Loss: 1.8496
Epoch 790/1000, Train Loss: 0.6924, Validation Loss: 3.9226
Epoch 791/1000, Train Loss: 0.6663, Validation Loss: 4.3971
Epoch 792/1000, Train Loss: 0.6522, Validation Loss: 1.4329
Epoch 793/1000, Train Loss: 0.6754, Validation Loss: 2.0813
Epoch 794/1000, Train Loss: 0.6677, Validation Loss: 1.6822
Epoch 795/1000, Train Loss: 0.8764, Validation Loss: 1.6632
Epoch 796/1000, Train Loss: 0.6643, Validation Loss: 1.3408
Epoch 797/1000, Train Loss: 0.6520, Validation Loss: 3.6148
Epoch 798/1000, Train Loss: 0.6725, Validation Loss: 4.7521
Epoch 799/1000, Train Loss: 0.7504, Validation Loss: 1.5666
Epoch 800/1000, Train Loss: 0.6681, Validation Loss: 2.7193
Epoch 801/1000, Train Loss: 0.6704, Validation Loss: 2.6645
Epoch 802/1000, Train Loss: 0.6570, Validation Loss: 2.1105
Epoch 803/1000, Train Loss: 0.6586, Validation Loss: 1.9946
Epoch 804/1000, Train Loss: 0.6606, Validation Loss: 4.7722
Epoch 805/1000, Train Loss: 0.7030, Validation Loss: 3.1882
Epoch 806/1000, Train Loss: 0.6381, Validation Loss: 0.6993
Epoch 807/1000, Train Loss: 1.3949, Validation Loss: 1.3185
Epoch 808/1000, Train Loss: 0.6756, Validation Loss: 1.9847
Epoch 809/1000, Train Loss: 0.6478, Validation Loss: 4.4760
Epoch 810/1000, Train Loss: 0.6448, Validation Loss: 1.4401
Epoch 811/1000, Train Loss: 0.6554, Validation Loss: 4.1829
Epoch 812/1000, Train Loss: 0.6511, Validation Loss: 0.6183
Epoch 813/1000, Train Loss: 0.6860, Validation Loss: 1.5287
Epoch 814/1000, Train Loss: 0.6521, Validation Loss: 5.6580
Epoch 815/1000, Train Loss: 0.7228, Validation Loss: 1.2914
Epoch 816/1000, Train Loss: 0.6678, Validation Loss: 1.4931
Epoch 817/1000, Train Loss: 0.6702, Validation Loss: 1.6549
Epoch 818/1000, Train Loss: 0.9406, Validation Loss: 1.2062
Epoch 819/1000, Train Loss: 0.6529, Validation Loss: 4.4770
Epoch 820/1000, Train Loss: 0.6620, Validation Loss: 0.9514
Epoch 821/1000, Train Loss: 0.6696, Validation Loss: 2.4398
Epoch 822/1000, Train Loss: 0.6519, Validation Loss: 1.8997
Epoch 823/1000, Train Loss: 0.6397, Validation Loss: 4.7653
Epoch 824/1000, Train Loss: 0.6706, Validation Loss: 0.7986
Epoch 825/1000, Train Loss: 0.6544, Validation Loss: 2.4514
Epoch 826/1000, Train Loss: 0.8340, Validation Loss: 1.3452
Epoch 827/1000, Train Loss: 0.6686, Validation Loss: 0.8369
Epoch 828/1000, Train Loss: 0.6486, Validation Loss: 1.5265
Epoch 829/1000, Train Loss: 0.6637, Validation Loss: 0.8921
Epoch 830/1000, Train Loss: 0.7737, Validation Loss: 2.2394
Epoch 831/1000, Train Loss: 0.6601, Validation Loss: 1.1994
Epoch 832/1000, Train Loss: 0.6456, Validation Loss: 4.0212
Epoch 833/1000, Train Loss: 0.6555, Validation Loss: 1.0625
Epoch 834/1000, Train Loss: 0.6690, Validation Loss: 3.6423
Epoch 835/1000, Train Loss: 0.6750, Validation Loss: 3.3600
Epoch 836/1000, Train Loss: 0.6711, Validation Loss: 4.9432
Epoch 837/1000, Train Loss: 0.6529, Validation Loss: 0.7373
Epoch 838/1000, Train Loss: 0.6442, Validation Loss: 0.8728
Epoch 839/1000, Train Loss: 0.6871, Validation Loss: 2.5731
Epoch 840/1000, Train Loss: 0.6522, Validation Loss: 1.0476
Epoch 841/1000, Train Loss: 0.6955, Validation Loss: 1.1891
Epoch 842/1000, Train Loss: 0.6608, Validation Loss: 23.1940
Epoch 843/1000, Train Loss: 0.6460, Validation Loss: 1.8622
Epoch 844/1000, Train Loss: 0.6596, Validation Loss: 3.8164
Epoch 845/1000, Train Loss: 0.6600, Validation Loss: 5.5893
Epoch 846/1000, Train Loss: 0.6561, Validation Loss: 1.0380
Epoch 847/1000, Train Loss: 0.7284, Validation Loss: 2.3364
Epoch 848/1000, Train Loss: 0.6469, Validation Loss: 1.3537
Epoch 849/1000, Train Loss: 0.6838, Validation Loss: 3.2534
Epoch 850/1000, Train Loss: 0.6542, Validation Loss: 5.5736
Epoch 851/1000, Train Loss: 0.6737, Validation Loss: 3.7291
Epoch 852/1000, Train Loss: 0.6974, Validation Loss: 0.9359
Epoch 853/1000, Train Loss: 0.6478, Validation Loss: 6.4332
Epoch 854/1000, Train Loss: 0.6538, Validation Loss: 14.7811
Epoch 855/1000, Train Loss: 0.6479, Validation Loss: 1.8374
Epoch 856/1000, Train Loss: 0.6594, Validation Loss: 0.6730
Epoch 857/1000, Train Loss: 0.6535, Validation Loss: 0.7322
Epoch 858/1000, Train Loss: 0.6586, Validation Loss: 8.5493
Epoch 859/1000, Train Loss: 0.6654, Validation Loss: 2.5518
Epoch 860/1000, Train Loss: 1.1936, Validation Loss: 1.1529
Epoch 861/1000, Train Loss: 0.6785, Validation Loss: 1.5136
Epoch 862/1000, Train Loss: 0.6703, Validation Loss: 2.4111
Epoch 863/1000, Train Loss: 0.6422, Validation Loss: 1.4744
Epoch 864/1000, Train Loss: 1.1261, Validation Loss: 1.1606
Epoch 865/1000, Train Loss: 0.6788, Validation Loss: 1.5800
Epoch 866/1000, Train Loss: 0.6457, Validation Loss: 1.1833
Epoch 867/1000, Train Loss: 0.6495, Validation Loss: 3.4668
Epoch 868/1000, Train Loss: 1.1127, Validation Loss: 0.7226
Epoch 869/1000, Train Loss: 0.6546, Validation Loss: 0.7342
Epoch 870/1000, Train Loss: 0.6698, Validation Loss: 5.2255
Epoch 871/1000, Train Loss: 0.6561, Validation Loss: 1.1362
Epoch 872/1000, Train Loss: 0.6538, Validation Loss: 1.6275
Epoch 873/1000, Train Loss: 0.6566, Validation Loss: 1.1438
Epoch 874/1000, Train Loss: 0.6669, Validation Loss: 1.7691
Epoch 875/1000, Train Loss: 0.6410, Validation Loss: 1.3606
Epoch 876/1000, Train Loss: 0.6589, Validation Loss: 1.3669
Epoch 877/1000, Train Loss: 0.6735, Validation Loss: 1.8925
Epoch 878/1000, Train Loss: 0.6713, Validation Loss: 3.1262
Epoch 879/1000, Train Loss: 0.6560, Validation Loss: 0.9631
Epoch 880/1000, Train Loss: 0.6625, Validation Loss: 1.4468
Epoch 881/1000, Train Loss: 0.7381, Validation Loss: 14.4440
Epoch 882/1000, Train Loss: 0.6606, Validation Loss: 3.2373
Epoch 883/1000, Train Loss: 0.6762, Validation Loss: 11.9267
Epoch 884/1000, Train Loss: 0.7258, Validation Loss: 2.3734
Epoch 885/1000, Train Loss: 0.6535, Validation Loss: 0.9136
Epoch 886/1000, Train Loss: 0.6609, Validation Loss: 1.0707
Epoch 887/1000, Train Loss: 0.7668, Validation Loss: 1.6000
Epoch 888/1000, Train Loss: 0.6957, Validation Loss: 1.4638
Epoch 889/1000, Train Loss: 0.6646, Validation Loss: 3.4720
Epoch 890/1000, Train Loss: 0.6383, Validation Loss: 1.0372
Epoch 891/1000, Train Loss: 0.6660, Validation Loss: 1.3123
Epoch 892/1000, Train Loss: 0.6718, Validation Loss: 0.7935
Epoch 893/1000, Train Loss: 0.6642, Validation Loss: 0.6904
Epoch 894/1000, Train Loss: 1.5997, Validation Loss: 2.6081
Epoch 895/1000, Train Loss: 0.6605, Validation Loss: 4.5299
Epoch 896/1000, Train Loss: 0.6504, Validation Loss: 2.2922
Epoch 897/1000, Train Loss: 0.7113, Validation Loss: 2.7764
Epoch 898/1000, Train Loss: 0.6623, Validation Loss: 0.9094
Epoch 899/1000, Train Loss: 0.6433, Validation Loss: 5.4985
Epoch 900/1000, Train Loss: 0.6826, Validation Loss: 0.8024
Epoch 901/1000, Train Loss: 0.6593, Validation Loss: 0.8288
Epoch 902/1000, Train Loss: 0.6439, Validation Loss: 3.8207
Epoch 903/1000, Train Loss: 0.6550, Validation Loss: 1.1468
Epoch 904/1000, Train Loss: 0.6709, Validation Loss: 7.8418
Epoch 905/1000, Train Loss: 0.6987, Validation Loss: 1.3398
Epoch 906/1000, Train Loss: 0.6474, Validation Loss: 1.2786
Epoch 907/1000, Train Loss: 0.6825, Validation Loss: 0.7189
Epoch 908/1000, Train Loss: 0.6754, Validation Loss: 26.6653
Epoch 909/1000, Train Loss: 0.6980, Validation Loss: 7.4739
Epoch 910/1000, Train Loss: 0.6425, Validation Loss: 3.3638
Epoch 911/1000, Train Loss: 0.6446, Validation Loss: 17.1333
Epoch 912/1000, Train Loss: 0.6659, Validation Loss: 1.3459
Epoch 913/1000, Train Loss: 0.6406, Validation Loss: 0.6713
Epoch 914/1000, Train Loss: 0.6722, Validation Loss: 0.9845
Epoch 915/1000, Train Loss: 0.6617, Validation Loss: 1.0246
Epoch 916/1000, Train Loss: 0.6523, Validation Loss: 1.1573
Epoch 917/1000, Train Loss: 0.6384, Validation Loss: 1.7074
Epoch 918/1000, Train Loss: 0.6648, Validation Loss: 2.8657
Epoch 919/1000, Train Loss: 4.6842, Validation Loss: 0.6941
Epoch 920/1000, Train Loss: 0.6563, Validation Loss: 2.3741
Epoch 921/1000, Train Loss: 0.6479, Validation Loss: 0.9173
Epoch 922/1000, Train Loss: 0.8040, Validation Loss: 2.3318
Epoch 923/1000, Train Loss: 0.6383, Validation Loss: 0.7753
Epoch 924/1000, Train Loss: 0.6470, Validation Loss: 1.5457
Epoch 925/1000, Train Loss: 0.6887, Validation Loss: 16.2673
Epoch 926/1000, Train Loss: 0.6655, Validation Loss: 1.2148
Epoch 927/1000, Train Loss: 0.6979, Validation Loss: 1.9137
Epoch 928/1000, Train Loss: 0.6624, Validation Loss: 1.7162
Epoch 929/1000, Train Loss: 0.6634, Validation Loss: 6.8852
Epoch 930/1000, Train Loss: 0.6566, Validation Loss: 2.0159
Epoch 931/1000, Train Loss: 1.1698, Validation Loss: 1.7135
Epoch 932/1000, Train Loss: 0.6558, Validation Loss: 8.2760
Epoch 933/1000, Train Loss: 0.6348, Validation Loss: 0.7892
Epoch 934/1000, Train Loss: 0.6478, Validation Loss: 2.2195
Epoch 935/1000, Train Loss: 0.6499, Validation Loss: 0.7257
Epoch 936/1000, Train Loss: 0.6599, Validation Loss: 0.8362
Epoch 937/1000, Train Loss: 0.6478, Validation Loss: 1.5669
Epoch 938/1000, Train Loss: 1.6801, Validation Loss: 1.9391
Epoch 939/1000, Train Loss: 0.6382, Validation Loss: 1.9411
Epoch 940/1000, Train Loss: 0.6490, Validation Loss: 1.0233
Epoch 941/1000, Train Loss: 0.6519, Validation Loss: 0.7726
Epoch 942/1000, Train Loss: 0.6623, Validation Loss: 3.0960
Epoch 943/1000, Train Loss: 0.6747, Validation Loss: 0.8397
Epoch 944/1000, Train Loss: 0.6747, Validation Loss: 0.8686
Epoch 945/1000, Train Loss: 0.6505, Validation Loss: 5.7526
Epoch 946/1000, Train Loss: 0.6418, Validation Loss: 2.2944
Epoch 947/1000, Train Loss: 0.7790, Validation Loss: 3.6919
Epoch 948/1000, Train Loss: 0.6599, Validation Loss: 0.7797
Epoch 949/1000, Train Loss: 0.6806, Validation Loss: 2.3017
Epoch 950/1000, Train Loss: 0.6469, Validation Loss: 5.9997
Epoch 951/1000, Train Loss: 0.6621, Validation Loss: 8.5414
Epoch 952/1000, Train Loss: 14.4966, Validation Loss: 0.8829
Epoch 953/1000, Train Loss: 0.6538, Validation Loss: 1.4178
Epoch 954/1000, Train Loss: 0.6411, Validation Loss: 2.4643
Epoch 955/1000, Train Loss: 0.6433, Validation Loss: 1.0706
Epoch 956/1000, Train Loss: 0.6851, Validation Loss: 0.8683
Epoch 957/1000, Train Loss: 0.6539, Validation Loss: 2.5883
Epoch 958/1000, Train Loss: 0.6521, Validation Loss: 3.3656
Epoch 959/1000, Train Loss: 0.6581, Validation Loss: 2.3108
Epoch 960/1000, Train Loss: 0.6778, Validation Loss: 2.0984
Epoch 961/1000, Train Loss: 0.6662, Validation Loss: 1.3420
Epoch 962/1000, Train Loss: 0.6476, Validation Loss: 4.3399
Epoch 963/1000, Train Loss: 0.6616, Validation Loss: 1.2475
Epoch 964/1000, Train Loss: 0.6725, Validation Loss: 2.2666
Epoch 965/1000, Train Loss: 0.6567, Validation Loss: 1.7969
Epoch 966/1000, Train Loss: 0.6787, Validation Loss: 4.5778
Epoch 967/1000, Train Loss: 0.6733, Validation Loss: 0.8481
Epoch 968/1000, Train Loss: 0.6496, Validation Loss: 0.6537
Epoch 969/1000, Train Loss: 0.8618, Validation Loss: 0.7191
Epoch 970/1000, Train Loss: 0.6744, Validation Loss: 2.6370
Epoch 971/1000, Train Loss: 0.6508, Validation Loss: 1.8024
Epoch 972/1000, Train Loss: 0.6707, Validation Loss: 13.3747
Epoch 973/1000, Train Loss: 0.6607, Validation Loss: 2.4001
Epoch 974/1000, Train Loss: 0.6648, Validation Loss: 4.9342
Epoch 975/1000, Train Loss: 0.6607, Validation Loss: 0.8651
Epoch 976/1000, Train Loss: 0.6509, Validation Loss: 2.2370
Epoch 977/1000, Train Loss: 24.4294, Validation Loss: 4.3072
Epoch 978/1000, Train Loss: 0.6635, Validation Loss: 4.0030
Epoch 979/1000, Train Loss: 0.6627, Validation Loss: 0.9582
Epoch 980/1000, Train Loss: 0.6507, Validation Loss: 0.9230
Epoch 981/1000, Train Loss: 0.6471, Validation Loss: 1.3452
Epoch 982/1000, Train Loss: 0.6611, Validation Loss: 1.1592
Epoch 983/1000, Train Loss: 0.6603, Validation Loss: 1.6638
Epoch 984/1000, Train Loss: 0.6563, Validation Loss: 1.2896
Epoch 985/1000, Train Loss: 0.6557, Validation Loss: 6.0704
Epoch 986/1000, Train Loss: 0.6488, Validation Loss: 0.6849
Epoch 987/1000, Train Loss: 0.6558, Validation Loss: 1.7534
Epoch 988/1000, Train Loss: 0.6619, Validation Loss: 8.4601
Epoch 989/1000, Train Loss: 1.0790, Validation Loss: 1.6823
Epoch 990/1000, Train Loss: 0.6578, Validation Loss: 1.7173
Epoch 991/1000, Train Loss: 0.6497, Validation Loss: 3.6306
Epoch 992/1000, Train Loss: 0.6554, Validation Loss: 1.3772
Epoch 993/1000, Train Loss: 0.6658, Validation Loss: 2.8141
Epoch 994/1000, Train Loss: 0.6324, Validation Loss: 1.2180
Epoch 995/1000, Train Loss: 0.6700, Validation Loss: 1.3066
Epoch 996/1000, Train Loss: 0.6747, Validation Loss: 1.0055
Epoch 997/1000, Train Loss: 0.6647, Validation Loss: 0.9624
Epoch 998/1000, Train Loss: 0.6906, Validation Loss: 0.8101
Epoch 999/1000, Train Loss: 0.6754, Validation Loss: 2.5454
Epoch 1000/1000, Train Loss: 0.6526, Validation Loss: 1.4804
Best Training Loss: 0.6324
Best Training Loss Epoch: 994
Best Validation Loss: 0.5775
Best Validation Loss Epoch: 204
Time taken for training: 0-12:15:29
Test Loss: 0.5980
Test MAPE: 120068.4219%
Error Statistics:
count    4.127200e+04
mean     1.736692e+03
std      2.634080e+05
min      3.337860e-06
25%      1.769623e-01
50%      1.944123e+00
75%      2.913370e+01
max      5.349642e+07
Name: Absolute Error, dtype: float64
Training complete. Final model saved.
Saving model as a wandb Artifact...
Model artifact logged successfully.
[1;34mwandb[0m: 
[1;34mwandb[0m: 🚀 View run [33mdistinctive-sweep-148[0m at: [34mhttps://wandb.ai/mk8737-new-york-university/rl_pretrain_hp_sweeps/runs/quro6m9z[0m
[1;34mwandb[0m: Find logs at: [1;35mwandb/run-20251006_144145-quro6m9z/logs[0m
Agent finished.
