Waiting for sweep ID...
Found Sweep ID: be12np04
Starting wandb agent for sweep be12np04...
TRAINING DEVICE: cpu
Run Name: GCN_global_hp_sweep_be12np04-by4yc58s
finidhed preparing data
Loading dataset from pretrain_dataset_12.5k_fixed_duplicates.pkl
Loaded 412712 data objects.
finished preparing data
Epoch 1/1000, Train Loss: 2.3301, Validation Loss: 2.0439
Epoch 2/1000, Train Loss: 1.2364, Validation Loss: 1.0867
Epoch 3/1000, Train Loss: 1.1098, Validation Loss: 1.0169
Epoch 4/1000, Train Loss: 1.0643, Validation Loss: 1.0564
Epoch 5/1000, Train Loss: 0.9994, Validation Loss: 1.7376
Epoch 6/1000, Train Loss: 0.9660, Validation Loss: 2.8993
Epoch 7/1000, Train Loss: 0.9964, Validation Loss: 2.4582
Epoch 8/1000, Train Loss: 0.9682, Validation Loss: 2.6116
Epoch 9/1000, Train Loss: 0.9844, Validation Loss: 1.3645
Epoch 10/1000, Train Loss: 0.9552, Validation Loss: 0.8571
Epoch 11/1000, Train Loss: 0.9455, Validation Loss: 2.2162
Epoch 12/1000, Train Loss: 1.0426, Validation Loss: 1.0846
Epoch 13/1000, Train Loss: 0.9217, Validation Loss: 2.3136
Epoch 14/1000, Train Loss: 0.9373, Validation Loss: 2.5306
Epoch 15/1000, Train Loss: 0.9182, Validation Loss: 1.8705
Epoch 16/1000, Train Loss: 0.9002, Validation Loss: 0.8597
Epoch 17/1000, Train Loss: 0.8717, Validation Loss: 0.7659
Epoch 18/1000, Train Loss: 0.8877, Validation Loss: 1.3454
Epoch 19/1000, Train Loss: 0.8892, Validation Loss: 1.6784
Epoch 20/1000, Train Loss: 0.8699, Validation Loss: 1.1033
Epoch 21/1000, Train Loss: 0.8505, Validation Loss: 0.7993
Epoch 22/1000, Train Loss: 0.8772, Validation Loss: 1.2283
Epoch 23/1000, Train Loss: 0.8635, Validation Loss: 0.9723
Epoch 24/1000, Train Loss: 0.8194, Validation Loss: 0.7800
Epoch 25/1000, Train Loss: 0.7998, Validation Loss: 1.4788
Epoch 26/1000, Train Loss: 0.8491, Validation Loss: 3.7401
Epoch 27/1000, Train Loss: 0.8131, Validation Loss: 1.3600
Epoch 28/1000, Train Loss: 0.8058, Validation Loss: 2.0739
Epoch 29/1000, Train Loss: 0.7843, Validation Loss: 0.6970
Epoch 30/1000, Train Loss: 0.7801, Validation Loss: 2.6268
Epoch 31/1000, Train Loss: 0.7727, Validation Loss: 1.6558
Epoch 32/1000, Train Loss: 0.7726, Validation Loss: 2.6235
Epoch 33/1000, Train Loss: 0.7737, Validation Loss: 1.0622
Epoch 34/1000, Train Loss: 0.7608, Validation Loss: 1.3153
Epoch 35/1000, Train Loss: 0.7651, Validation Loss: 1.3933
Epoch 36/1000, Train Loss: 0.7744, Validation Loss: 1.5713
Epoch 37/1000, Train Loss: 0.7705, Validation Loss: 1.2528
Epoch 38/1000, Train Loss: 0.7441, Validation Loss: 1.7702
Epoch 39/1000, Train Loss: 0.7368, Validation Loss: 0.6732
Epoch 40/1000, Train Loss: 0.7414, Validation Loss: 1.8284
Epoch 41/1000, Train Loss: 0.7141, Validation Loss: 1.4868
Epoch 42/1000, Train Loss: 0.7318, Validation Loss: 1.1321
Epoch 43/1000, Train Loss: 0.7117, Validation Loss: 1.5129
Epoch 44/1000, Train Loss: 0.6976, Validation Loss: 0.6819
Epoch 45/1000, Train Loss: 0.7022, Validation Loss: 1.0747
Epoch 46/1000, Train Loss: 0.7048, Validation Loss: 2.8036
Epoch 47/1000, Train Loss: 0.6952, Validation Loss: 1.4137
Epoch 48/1000, Train Loss: 0.6902, Validation Loss: 0.8659
Epoch 49/1000, Train Loss: 0.7142, Validation Loss: 0.7570
Epoch 50/1000, Train Loss: 0.6830, Validation Loss: 2.2885
Epoch 51/1000, Train Loss: 0.6978, Validation Loss: 1.2980
Epoch 52/1000, Train Loss: 0.6808, Validation Loss: 0.9759
Epoch 53/1000, Train Loss: 0.6763, Validation Loss: 0.8720
Epoch 54/1000, Train Loss: 0.6783, Validation Loss: 2.7528
Epoch 55/1000, Train Loss: 0.6614, Validation Loss: 2.3894
Epoch 56/1000, Train Loss: 0.6616, Validation Loss: 0.6890
Epoch 57/1000, Train Loss: 0.6669, Validation Loss: 0.8234
Epoch 58/1000, Train Loss: 0.6589, Validation Loss: 2.8713
Epoch 59/1000, Train Loss: 0.6704, Validation Loss: 0.8280
Epoch 60/1000, Train Loss: 0.6518, Validation Loss: 1.7142
Epoch 61/1000, Train Loss: 0.6511, Validation Loss: 2.1857
Epoch 62/1000, Train Loss: 0.6791, Validation Loss: 0.8258
Epoch 63/1000, Train Loss: 0.6327, Validation Loss: 0.7135
Epoch 64/1000, Train Loss: 0.6336, Validation Loss: 1.6401
Epoch 65/1000, Train Loss: 0.6680, Validation Loss: 1.9134
Epoch 66/1000, Train Loss: 0.6447, Validation Loss: 1.1722
Epoch 67/1000, Train Loss: 0.6235, Validation Loss: 0.6103
Epoch 68/1000, Train Loss: 0.6205, Validation Loss: 0.8476
Epoch 69/1000, Train Loss: 0.6194, Validation Loss: 1.7021
Epoch 70/1000, Train Loss: 0.6211, Validation Loss: 1.8496
Epoch 71/1000, Train Loss: 0.6198, Validation Loss: 0.9843
Epoch 72/1000, Train Loss: 0.8380, Validation Loss: 2.7124
Epoch 73/1000, Train Loss: 0.6086, Validation Loss: 1.1829
Epoch 74/1000, Train Loss: 0.5980, Validation Loss: 1.4337
Epoch 75/1000, Train Loss: 0.6099, Validation Loss: 0.6133
Epoch 76/1000, Train Loss: 0.6086, Validation Loss: 1.8747
Epoch 77/1000, Train Loss: 0.5990, Validation Loss: 1.0798
Epoch 78/1000, Train Loss: 0.6024, Validation Loss: 0.6644
Epoch 79/1000, Train Loss: 0.6005, Validation Loss: 1.0336
Epoch 80/1000, Train Loss: 0.5919, Validation Loss: 0.6153
Epoch 81/1000, Train Loss: 0.5899, Validation Loss: 2.4970
Epoch 82/1000, Train Loss: 0.6026, Validation Loss: 1.9774
Epoch 83/1000, Train Loss: 0.5972, Validation Loss: 0.6440
Epoch 84/1000, Train Loss: 1.5283, Validation Loss: 2.9516
Epoch 85/1000, Train Loss: 0.5875, Validation Loss: 1.0464
Epoch 86/1000, Train Loss: 0.5887, Validation Loss: 2.0610
Epoch 87/1000, Train Loss: 0.5837, Validation Loss: 0.7213
Epoch 88/1000, Train Loss: 0.5843, Validation Loss: 2.2495
Epoch 89/1000, Train Loss: 0.5796, Validation Loss: 1.7408
Epoch 90/1000, Train Loss: 0.5781, Validation Loss: 0.5907
Epoch 91/1000, Train Loss: 0.5819, Validation Loss: 0.6251
Epoch 92/1000, Train Loss: 0.5803, Validation Loss: 0.7134
Epoch 93/1000, Train Loss: 0.5825, Validation Loss: 0.6549
Epoch 94/1000, Train Loss: 0.5761, Validation Loss: 0.9837
Epoch 95/1000, Train Loss: 0.5806, Validation Loss: 2.4730
Epoch 96/1000, Train Loss: 0.5733, Validation Loss: 0.9199
Epoch 97/1000, Train Loss: 0.5752, Validation Loss: 2.7056
Epoch 98/1000, Train Loss: 0.5688, Validation Loss: 0.9951
Epoch 99/1000, Train Loss: 0.5782, Validation Loss: 0.7788
Epoch 100/1000, Train Loss: 0.5699, Validation Loss: 1.7185
Epoch 101/1000, Train Loss: 0.5671, Validation Loss: 2.0869
Epoch 102/1000, Train Loss: 0.5791, Validation Loss: 0.5440
Epoch 103/1000, Train Loss: 0.5720, Validation Loss: 0.9403
Epoch 104/1000, Train Loss: 0.5685, Validation Loss: 1.4125
Epoch 105/1000, Train Loss: 0.5680, Validation Loss: 0.9330
Epoch 106/1000, Train Loss: 0.5674, Validation Loss: 0.6322
Epoch 107/1000, Train Loss: 0.5713, Validation Loss: 1.0157
Epoch 108/1000, Train Loss: 0.5706, Validation Loss: 1.7850
Epoch 109/1000, Train Loss: 0.5604, Validation Loss: 1.8395
Epoch 110/1000, Train Loss: 0.5644, Validation Loss: 0.6681
Epoch 111/1000, Train Loss: 0.5592, Validation Loss: 1.8332
Epoch 112/1000, Train Loss: 0.5663, Validation Loss: 1.2482
Epoch 113/1000, Train Loss: 0.5602, Validation Loss: 1.6480
Epoch 114/1000, Train Loss: 0.5644, Validation Loss: 2.1215
Epoch 115/1000, Train Loss: 0.5702, Validation Loss: 1.5417
Epoch 116/1000, Train Loss: 0.5588, Validation Loss: 0.9550
Epoch 117/1000, Train Loss: 0.5655, Validation Loss: 1.0923
Epoch 118/1000, Train Loss: 0.5567, Validation Loss: 0.9215
Epoch 119/1000, Train Loss: 0.5561, Validation Loss: 0.6603
Epoch 120/1000, Train Loss: 0.5455, Validation Loss: 1.3335
Epoch 121/1000, Train Loss: 0.5549, Validation Loss: 0.8174
Epoch 122/1000, Train Loss: 0.5476, Validation Loss: 1.0982
Epoch 123/1000, Train Loss: 0.5555, Validation Loss: 0.7286
Epoch 124/1000, Train Loss: 0.5597, Validation Loss: 2.6511
Epoch 125/1000, Train Loss: 0.5547, Validation Loss: 0.9203
Epoch 126/1000, Train Loss: 0.5506, Validation Loss: 1.1370
Epoch 127/1000, Train Loss: 0.5551, Validation Loss: 1.9885
Epoch 128/1000, Train Loss: 0.5616, Validation Loss: 1.8320
Epoch 129/1000, Train Loss: 0.5503, Validation Loss: 1.2429
Epoch 130/1000, Train Loss: 0.5448, Validation Loss: 2.2811
Epoch 131/1000, Train Loss: 0.5448, Validation Loss: 1.2259
Epoch 132/1000, Train Loss: 0.5422, Validation Loss: 1.1545
Epoch 133/1000, Train Loss: 0.5526, Validation Loss: 0.6917
Epoch 134/1000, Train Loss: 0.5496, Validation Loss: 0.9348
Epoch 135/1000, Train Loss: 0.5449, Validation Loss: 0.8538
Epoch 136/1000, Train Loss: 0.5443, Validation Loss: 0.6670
Epoch 137/1000, Train Loss: 0.5432, Validation Loss: 3.1649
Epoch 138/1000, Train Loss: 0.5436, Validation Loss: 1.8590
Epoch 139/1000, Train Loss: 0.5417, Validation Loss: 1.8296
Epoch 140/1000, Train Loss: 0.5496, Validation Loss: 0.7505
Epoch 141/1000, Train Loss: 0.5439, Validation Loss: 1.3778
Epoch 142/1000, Train Loss: 0.5434, Validation Loss: 1.2075
Epoch 143/1000, Train Loss: 0.5427, Validation Loss: 0.9925
Epoch 144/1000, Train Loss: 0.5449, Validation Loss: 1.2959
Epoch 145/1000, Train Loss: 0.5529, Validation Loss: 0.5686
Epoch 146/1000, Train Loss: 0.5507, Validation Loss: 0.8763
Epoch 147/1000, Train Loss: 0.5373, Validation Loss: 0.5689
Epoch 148/1000, Train Loss: 0.5945, Validation Loss: 0.7260
Epoch 149/1000, Train Loss: 0.5389, Validation Loss: 1.6654
Epoch 150/1000, Train Loss: 0.5659, Validation Loss: 0.6840
Epoch 151/1000, Train Loss: 0.5452, Validation Loss: 2.7664
Epoch 152/1000, Train Loss: 0.5410, Validation Loss: 1.4569
Epoch 153/1000, Train Loss: 0.5411, Validation Loss: 2.2243
Epoch 154/1000, Train Loss: 0.5417, Validation Loss: 1.9492
Epoch 155/1000, Train Loss: 0.5397, Validation Loss: 0.9732
Epoch 156/1000, Train Loss: 0.5420, Validation Loss: 1.7330
Epoch 157/1000, Train Loss: 0.5378, Validation Loss: 2.8213
Epoch 158/1000, Train Loss: 0.8399, Validation Loss: 1.1390
Epoch 159/1000, Train Loss: 0.5367, Validation Loss: 1.9932
Epoch 160/1000, Train Loss: 0.5392, Validation Loss: 1.2577
Epoch 161/1000, Train Loss: 0.5352, Validation Loss: 2.0271
Epoch 162/1000, Train Loss: 0.5343, Validation Loss: 1.1011
Epoch 163/1000, Train Loss: 0.5345, Validation Loss: 1.9386
Epoch 164/1000, Train Loss: 0.5368, Validation Loss: 0.9210
Epoch 165/1000, Train Loss: 0.5408, Validation Loss: 0.6580
Epoch 166/1000, Train Loss: 0.5329, Validation Loss: 2.1687
Epoch 167/1000, Train Loss: 0.5331, Validation Loss: 2.0937
Epoch 168/1000, Train Loss: 0.5330, Validation Loss: 0.8134
Epoch 169/1000, Train Loss: 0.5298, Validation Loss: 1.3637
Epoch 170/1000, Train Loss: 0.5334, Validation Loss: 1.4477
Epoch 171/1000, Train Loss: 0.5298, Validation Loss: 2.5607
Epoch 172/1000, Train Loss: 0.5294, Validation Loss: 1.9452
Epoch 173/1000, Train Loss: 0.5396, Validation Loss: 1.4846
Epoch 174/1000, Train Loss: 0.5305, Validation Loss: 0.9117
Epoch 175/1000, Train Loss: 0.5278, Validation Loss: 1.4275
Epoch 176/1000, Train Loss: 0.5277, Validation Loss: 1.2791
Epoch 177/1000, Train Loss: 0.5341, Validation Loss: 0.8070
Epoch 178/1000, Train Loss: 0.5242, Validation Loss: 1.1434
Epoch 179/1000, Train Loss: 0.5756, Validation Loss: 2.2735
Epoch 180/1000, Train Loss: 0.5331, Validation Loss: 1.0570
Epoch 181/1000, Train Loss: 0.5294, Validation Loss: 2.1727
Epoch 182/1000, Train Loss: 0.5449, Validation Loss: 1.0522
Epoch 183/1000, Train Loss: 0.5299, Validation Loss: 2.6045
Epoch 184/1000, Train Loss: 0.5295, Validation Loss: 0.6099
Epoch 185/1000, Train Loss: 0.5281, Validation Loss: 2.0338
Epoch 186/1000, Train Loss: 0.5704, Validation Loss: 1.4995
Epoch 187/1000, Train Loss: 0.5221, Validation Loss: 2.9796
Epoch 188/1000, Train Loss: 0.5209, Validation Loss: 2.3759
Epoch 189/1000, Train Loss: 0.5325, Validation Loss: 0.6762
Epoch 190/1000, Train Loss: 0.5235, Validation Loss: 0.7416
Epoch 191/1000, Train Loss: 0.5295, Validation Loss: 1.3545
Epoch 192/1000, Train Loss: 0.5312, Validation Loss: 1.3448
Epoch 193/1000, Train Loss: 0.5246, Validation Loss: 2.7735
Epoch 194/1000, Train Loss: 0.5257, Validation Loss: 1.1572
Epoch 195/1000, Train Loss: 0.5220, Validation Loss: 1.4822
Epoch 196/1000, Train Loss: 0.5258, Validation Loss: 0.9875
Epoch 197/1000, Train Loss: 0.5208, Validation Loss: 0.8340
Epoch 198/1000, Train Loss: 0.5216, Validation Loss: 0.5358
Epoch 199/1000, Train Loss: 0.5776, Validation Loss: 0.9789
Epoch 200/1000, Train Loss: 0.5176, Validation Loss: 0.6517
Epoch 201/1000, Train Loss: 0.5294, Validation Loss: 1.8371
Epoch 202/1000, Train Loss: 0.5218, Validation Loss: 1.1847
Epoch 203/1000, Train Loss: 0.5286, Validation Loss: 1.0703
Epoch 204/1000, Train Loss: 0.5248, Validation Loss: 0.8156
Epoch 205/1000, Train Loss: 0.5149, Validation Loss: 2.8031
Epoch 206/1000, Train Loss: 0.5167, Validation Loss: 0.6054
Epoch 207/1000, Train Loss: 0.5214, Validation Loss: 3.3351
Epoch 208/1000, Train Loss: 0.5268, Validation Loss: 3.0163
Epoch 209/1000, Train Loss: 0.5220, Validation Loss: 0.7726
Epoch 210/1000, Train Loss: 0.5113, Validation Loss: 3.2666
Epoch 211/1000, Train Loss: 0.5288, Validation Loss: 1.4716
Epoch 212/1000, Train Loss: 0.5125, Validation Loss: 1.4081
Epoch 213/1000, Train Loss: 0.5163, Validation Loss: 1.2245
Epoch 214/1000, Train Loss: 0.5163, Validation Loss: 2.4740
Epoch 215/1000, Train Loss: 0.5186, Validation Loss: 2.7838
Epoch 216/1000, Train Loss: 0.5134, Validation Loss: 0.5862
Epoch 217/1000, Train Loss: 0.5079, Validation Loss: 0.6902
Epoch 218/1000, Train Loss: 0.5261, Validation Loss: 1.7888
Epoch 219/1000, Train Loss: 0.5236, Validation Loss: 1.6447
Epoch 220/1000, Train Loss: 0.5149, Validation Loss: 1.7052
Epoch 221/1000, Train Loss: 0.5157, Validation Loss: 1.9505
Epoch 222/1000, Train Loss: 0.5138, Validation Loss: 1.4531
Epoch 223/1000, Train Loss: 0.5117, Validation Loss: 0.9048
Epoch 224/1000, Train Loss: 0.5171, Validation Loss: 1.6307
Epoch 225/1000, Train Loss: 0.5089, Validation Loss: 1.0636
Epoch 226/1000, Train Loss: 0.5109, Validation Loss: 0.5821
Epoch 227/1000, Train Loss: 0.5104, Validation Loss: 0.7985
Epoch 228/1000, Train Loss: 0.5193, Validation Loss: 1.8182
Epoch 229/1000, Train Loss: 0.5167, Validation Loss: 1.5746
Epoch 230/1000, Train Loss: 0.5590, Validation Loss: 2.0742
Epoch 231/1000, Train Loss: 0.5288, Validation Loss: 1.0284
Epoch 232/1000, Train Loss: 0.5032, Validation Loss: 0.8258
Epoch 233/1000, Train Loss: 0.5129, Validation Loss: 0.6083
Epoch 234/1000, Train Loss: 0.5137, Validation Loss: 1.1469
Epoch 235/1000, Train Loss: 0.5121, Validation Loss: 1.4815
Epoch 236/1000, Train Loss: 0.5017, Validation Loss: 0.5746
Epoch 237/1000, Train Loss: 0.5089, Validation Loss: 0.8523
Epoch 238/1000, Train Loss: 2.3740, Validation Loss: 3.3468
Epoch 239/1000, Train Loss: 0.5168, Validation Loss: 1.1039
Epoch 240/1000, Train Loss: 0.5073, Validation Loss: 1.4575
Epoch 241/1000, Train Loss: 0.5112, Validation Loss: 0.9935
Epoch 242/1000, Train Loss: 0.5189, Validation Loss: 0.9092
Epoch 243/1000, Train Loss: 0.5139, Validation Loss: 2.1700
Epoch 244/1000, Train Loss: 0.5193, Validation Loss: 1.0122
Epoch 245/1000, Train Loss: 0.5111, Validation Loss: 1.2383
Epoch 246/1000, Train Loss: 0.5133, Validation Loss: 1.5430
Epoch 247/1000, Train Loss: 0.5056, Validation Loss: 3.1111
Epoch 248/1000, Train Loss: 0.5041, Validation Loss: 0.9009
Epoch 249/1000, Train Loss: 0.5138, Validation Loss: 0.7729
Epoch 250/1000, Train Loss: 0.5083, Validation Loss: 0.7803
Epoch 251/1000, Train Loss: 0.5135, Validation Loss: 2.3424
Epoch 252/1000, Train Loss: 0.5078, Validation Loss: 0.6376
Epoch 253/1000, Train Loss: 0.5055, Validation Loss: 1.1392
Epoch 254/1000, Train Loss: 0.5090, Validation Loss: 2.3171
Epoch 255/1000, Train Loss: 0.5088, Validation Loss: 0.7924
Epoch 256/1000, Train Loss: 0.5078, Validation Loss: 2.3005
Epoch 257/1000, Train Loss: 0.5072, Validation Loss: 0.7013
Epoch 258/1000, Train Loss: 0.5037, Validation Loss: 0.9923
Epoch 259/1000, Train Loss: 0.5176, Validation Loss: 2.0938
Epoch 260/1000, Train Loss: 0.5176, Validation Loss: 1.2801
Epoch 261/1000, Train Loss: 0.5121, Validation Loss: 1.1757
Epoch 262/1000, Train Loss: 0.5081, Validation Loss: 0.9866
Epoch 263/1000, Train Loss: 0.5094, Validation Loss: 0.6934
Epoch 264/1000, Train Loss: 0.5100, Validation Loss: 3.2768
Epoch 265/1000, Train Loss: 0.5088, Validation Loss: 1.5698
Epoch 266/1000, Train Loss: 0.5324, Validation Loss: 0.9430
Epoch 267/1000, Train Loss: 0.5008, Validation Loss: 0.7723
Epoch 268/1000, Train Loss: 0.5011, Validation Loss: 1.4762
Epoch 269/1000, Train Loss: 0.5002, Validation Loss: 1.3680
Epoch 270/1000, Train Loss: 0.4993, Validation Loss: 5.0147
Epoch 271/1000, Train Loss: 0.5045, Validation Loss: 3.4269
Epoch 272/1000, Train Loss: 0.5017, Validation Loss: 1.8802
Epoch 273/1000, Train Loss: 0.5016, Validation Loss: 2.7404
Epoch 274/1000, Train Loss: 0.5015, Validation Loss: 1.5054
Epoch 275/1000, Train Loss: 0.4992, Validation Loss: 1.9214
Epoch 276/1000, Train Loss: 0.5021, Validation Loss: 1.5058
Epoch 277/1000, Train Loss: 0.5891, Validation Loss: 2.7579
Epoch 278/1000, Train Loss: 0.5105, Validation Loss: 1.4999
Epoch 279/1000, Train Loss: 0.5054, Validation Loss: 0.8610
Epoch 280/1000, Train Loss: 0.4968, Validation Loss: 0.5665
Epoch 281/1000, Train Loss: 0.4915, Validation Loss: 2.4861
Epoch 282/1000, Train Loss: 0.4968, Validation Loss: 1.1927
Epoch 283/1000, Train Loss: 0.4955, Validation Loss: 1.7990
Epoch 284/1000, Train Loss: 0.5051, Validation Loss: 0.5210
Epoch 285/1000, Train Loss: 0.4946, Validation Loss: 0.8996
Epoch 286/1000, Train Loss: 0.5155, Validation Loss: 0.9366
Epoch 287/1000, Train Loss: 0.5022, Validation Loss: 0.9413
Epoch 288/1000, Train Loss: 0.4957, Validation Loss: 4.0952
Epoch 289/1000, Train Loss: 0.4970, Validation Loss: 0.9744
Epoch 290/1000, Train Loss: 0.4916, Validation Loss: 1.7795
Epoch 291/1000, Train Loss: 0.4902, Validation Loss: 1.0847
Epoch 292/1000, Train Loss: 0.4904, Validation Loss: 0.5780
Epoch 293/1000, Train Loss: 0.4933, Validation Loss: 1.2184
Epoch 294/1000, Train Loss: 0.4975, Validation Loss: 0.8682
Epoch 295/1000, Train Loss: 0.4984, Validation Loss: 0.5573
Epoch 296/1000, Train Loss: 0.4947, Validation Loss: 1.5076
Epoch 297/1000, Train Loss: 0.4938, Validation Loss: 4.3192
Epoch 298/1000, Train Loss: 0.5001, Validation Loss: 1.6340
Epoch 299/1000, Train Loss: 0.5246, Validation Loss: 0.8802
Epoch 300/1000, Train Loss: 0.5838, Validation Loss: 3.9083
Epoch 301/1000, Train Loss: 0.4969, Validation Loss: 1.2100
Epoch 302/1000, Train Loss: 0.4913, Validation Loss: 2.0895
Epoch 303/1000, Train Loss: 0.5020, Validation Loss: 0.9907
Epoch 304/1000, Train Loss: 0.4937, Validation Loss: 1.1826
Epoch 305/1000, Train Loss: 0.4934, Validation Loss: 2.6121
Epoch 306/1000, Train Loss: 0.4896, Validation Loss: 1.4715
Epoch 307/1000, Train Loss: 0.5322, Validation Loss: 1.0388
Epoch 308/1000, Train Loss: 0.4889, Validation Loss: 1.0873
Epoch 309/1000, Train Loss: 0.4992, Validation Loss: 1.4783
Epoch 310/1000, Train Loss: 0.4931, Validation Loss: 1.1574
Epoch 311/1000, Train Loss: 0.5844, Validation Loss: 0.6964
Epoch 312/1000, Train Loss: 0.4948, Validation Loss: 2.6025
Epoch 313/1000, Train Loss: 0.4893, Validation Loss: 0.6476
Epoch 314/1000, Train Loss: 0.4920, Validation Loss: 0.6087
Epoch 315/1000, Train Loss: 0.4958, Validation Loss: 3.7039
Epoch 316/1000, Train Loss: 0.4870, Validation Loss: 0.9769
Epoch 317/1000, Train Loss: 0.4903, Validation Loss: 4.6296
Epoch 318/1000, Train Loss: 0.5271, Validation Loss: 1.1626
Epoch 319/1000, Train Loss: 0.4937, Validation Loss: 1.4776
Epoch 320/1000, Train Loss: 0.4982, Validation Loss: 1.3441
Epoch 321/1000, Train Loss: 0.4952, Validation Loss: 4.4141
Epoch 322/1000, Train Loss: 0.4906, Validation Loss: 2.6421
Epoch 323/1000, Train Loss: 0.4889, Validation Loss: 0.8327
Epoch 324/1000, Train Loss: 0.4990, Validation Loss: 1.7302
Epoch 325/1000, Train Loss: 0.4825, Validation Loss: 1.8782
Epoch 326/1000, Train Loss: 0.4886, Validation Loss: 3.7294
Epoch 327/1000, Train Loss: 0.5116, Validation Loss: 0.8473
Epoch 328/1000, Train Loss: 0.4899, Validation Loss: 1.5401
Epoch 329/1000, Train Loss: 0.4918, Validation Loss: 2.4063
Epoch 330/1000, Train Loss: 0.4879, Validation Loss: 0.6919
Epoch 331/1000, Train Loss: 0.4812, Validation Loss: 1.1792
Epoch 332/1000, Train Loss: 0.4895, Validation Loss: 1.5507
Epoch 333/1000, Train Loss: 0.4900, Validation Loss: 1.4224
Epoch 334/1000, Train Loss: 0.4859, Validation Loss: 1.7805
Epoch 335/1000, Train Loss: 0.4848, Validation Loss: 2.1512
Epoch 336/1000, Train Loss: 0.4834, Validation Loss: 0.7825
Epoch 337/1000, Train Loss: 0.5089, Validation Loss: 0.5669
Epoch 338/1000, Train Loss: 0.4838, Validation Loss: 1.8064
Epoch 339/1000, Train Loss: 0.4868, Validation Loss: 0.7446
Epoch 340/1000, Train Loss: 0.4886, Validation Loss: 3.3382
Epoch 341/1000, Train Loss: 0.4895, Validation Loss: 15.5651
Epoch 342/1000, Train Loss: 0.4913, Validation Loss: 0.6803
Epoch 343/1000, Train Loss: 0.4901, Validation Loss: 1.4003
Epoch 344/1000, Train Loss: 0.4822, Validation Loss: 1.0805
Epoch 345/1000, Train Loss: 0.4907, Validation Loss: 0.6278
Epoch 346/1000, Train Loss: 0.4892, Validation Loss: 2.3475
Epoch 347/1000, Train Loss: 0.5239, Validation Loss: 2.6393
Epoch 348/1000, Train Loss: 0.4846, Validation Loss: 2.2528
Epoch 349/1000, Train Loss: 0.4805, Validation Loss: 1.1644
Epoch 350/1000, Train Loss: 0.4898, Validation Loss: 1.1214
Epoch 351/1000, Train Loss: 0.4803, Validation Loss: 2.4693
Epoch 352/1000, Train Loss: 0.4831, Validation Loss: 1.8933
Epoch 353/1000, Train Loss: 0.4867, Validation Loss: 0.8493
Epoch 354/1000, Train Loss: 0.4762, Validation Loss: 0.7871
Epoch 355/1000, Train Loss: 0.4812, Validation Loss: 0.8803
Epoch 356/1000, Train Loss: 0.4975, Validation Loss: 0.7362
Epoch 357/1000, Train Loss: 0.4865, Validation Loss: 2.3689
Epoch 358/1000, Train Loss: 0.4778, Validation Loss: 0.9569
Epoch 359/1000, Train Loss: 0.4832, Validation Loss: 1.0072
Epoch 360/1000, Train Loss: 0.4881, Validation Loss: 3.3582
Epoch 361/1000, Train Loss: 0.4813, Validation Loss: 2.6058
Epoch 362/1000, Train Loss: 0.4823, Validation Loss: 1.2250
Epoch 363/1000, Train Loss: 0.4768, Validation Loss: 3.2915
Epoch 364/1000, Train Loss: 0.4925, Validation Loss: 1.6066
Epoch 365/1000, Train Loss: 0.4810, Validation Loss: 1.4478
Epoch 366/1000, Train Loss: 0.4852, Validation Loss: 0.6683
Epoch 367/1000, Train Loss: 0.4787, Validation Loss: 1.0294
Epoch 368/1000, Train Loss: 0.4855, Validation Loss: 1.2224
Epoch 369/1000, Train Loss: 0.4780, Validation Loss: 1.0498
Epoch 370/1000, Train Loss: 0.4831, Validation Loss: 3.6892
Epoch 371/1000, Train Loss: 0.4779, Validation Loss: 0.7205
Epoch 372/1000, Train Loss: 0.4786, Validation Loss: 0.6538
Epoch 373/1000, Train Loss: 0.4915, Validation Loss: 0.8876
Epoch 374/1000, Train Loss: 0.4869, Validation Loss: 3.3609
Epoch 375/1000, Train Loss: 0.4925, Validation Loss: 0.8666
Epoch 376/1000, Train Loss: 0.4868, Validation Loss: 0.9055
Epoch 377/1000, Train Loss: 0.4891, Validation Loss: 2.2658
Epoch 378/1000, Train Loss: 0.4818, Validation Loss: 0.5837
Epoch 379/1000, Train Loss: 0.4816, Validation Loss: 1.2961
Epoch 380/1000, Train Loss: 0.4811, Validation Loss: 1.6908
Epoch 381/1000, Train Loss: 0.4777, Validation Loss: 0.8372
Epoch 382/1000, Train Loss: 0.4722, Validation Loss: 1.8052
Epoch 383/1000, Train Loss: 0.4797, Validation Loss: 3.6260
Epoch 384/1000, Train Loss: 0.4872, Validation Loss: 1.3796
Epoch 385/1000, Train Loss: 0.4921, Validation Loss: 0.6622
Epoch 386/1000, Train Loss: 0.4847, Validation Loss: 2.4549
Epoch 387/1000, Train Loss: 0.4901, Validation Loss: 1.0325
Epoch 388/1000, Train Loss: 0.4745, Validation Loss: 2.4249
Epoch 389/1000, Train Loss: 0.4774, Validation Loss: 0.8524
Epoch 390/1000, Train Loss: 0.4845, Validation Loss: 0.8336
Epoch 391/1000, Train Loss: 0.4916, Validation Loss: 3.1419
Epoch 392/1000, Train Loss: 0.4838, Validation Loss: 1.7048
Epoch 393/1000, Train Loss: 0.4787, Validation Loss: 1.2358
Epoch 394/1000, Train Loss: 0.4703, Validation Loss: 1.3417
Epoch 395/1000, Train Loss: 0.4773, Validation Loss: 34.5343
Epoch 396/1000, Train Loss: 0.4948, Validation Loss: 0.8023
Epoch 397/1000, Train Loss: 0.4760, Validation Loss: 0.9201
Epoch 398/1000, Train Loss: 0.4786, Validation Loss: 1.2129
Epoch 399/1000, Train Loss: 0.4846, Validation Loss: 1.1097
Epoch 400/1000, Train Loss: 0.4915, Validation Loss: 1.6033
Epoch 401/1000, Train Loss: 0.6088, Validation Loss: 0.8496
Epoch 402/1000, Train Loss: 0.4733, Validation Loss: 2.4125
Epoch 403/1000, Train Loss: 0.4657, Validation Loss: 1.2871
Epoch 404/1000, Train Loss: 0.6767, Validation Loss: 1.1526
Epoch 405/1000, Train Loss: 0.4663, Validation Loss: 1.0713
Epoch 406/1000, Train Loss: 0.4740, Validation Loss: 0.6332
Epoch 407/1000, Train Loss: 0.4844, Validation Loss: 1.4062
Epoch 408/1000, Train Loss: 0.4757, Validation Loss: 2.0090
Epoch 409/1000, Train Loss: 0.4733, Validation Loss: 2.1867
Epoch 410/1000, Train Loss: 0.4735, Validation Loss: 3.2184
Epoch 411/1000, Train Loss: 0.4938, Validation Loss: 0.7056
Epoch 412/1000, Train Loss: 0.4769, Validation Loss: 0.9941
Epoch 413/1000, Train Loss: 0.4756, Validation Loss: 2.8421
Epoch 414/1000, Train Loss: 0.4785, Validation Loss: 1.1723
Epoch 415/1000, Train Loss: 0.4777, Validation Loss: 0.8888
Epoch 416/1000, Train Loss: 0.4767, Validation Loss: 0.9905
Epoch 417/1000, Train Loss: 0.4766, Validation Loss: 0.6727
Epoch 418/1000, Train Loss: 0.4755, Validation Loss: 2.0539
Epoch 419/1000, Train Loss: 0.4803, Validation Loss: 1.7831
Epoch 420/1000, Train Loss: 0.4710, Validation Loss: 1.0299
Epoch 421/1000, Train Loss: 0.4737, Validation Loss: 1.6650
Epoch 422/1000, Train Loss: 0.4671, Validation Loss: 1.6932
Epoch 423/1000, Train Loss: 0.4713, Validation Loss: 1.1574
Epoch 424/1000, Train Loss: 0.4788, Validation Loss: 0.9683
Epoch 425/1000, Train Loss: 0.4845, Validation Loss: 3.2481
Epoch 426/1000, Train Loss: 0.4763, Validation Loss: 1.9204
Epoch 427/1000, Train Loss: 0.4783, Validation Loss: 1.6519
Epoch 428/1000, Train Loss: 0.4777, Validation Loss: 1.8512
Epoch 429/1000, Train Loss: 0.4672, Validation Loss: 0.6297
Epoch 430/1000, Train Loss: 0.4695, Validation Loss: 2.1207
Epoch 431/1000, Train Loss: 0.4729, Validation Loss: 1.3304
Epoch 432/1000, Train Loss: 0.4727, Validation Loss: 1.1552
Epoch 433/1000, Train Loss: 0.4688, Validation Loss: 0.6138
Epoch 434/1000, Train Loss: 0.4680, Validation Loss: 1.1852
Epoch 435/1000, Train Loss: 0.4800, Validation Loss: 2.3067
Epoch 436/1000, Train Loss: 0.4740, Validation Loss: 0.8763
Epoch 437/1000, Train Loss: 0.4725, Validation Loss: 0.8065
Epoch 438/1000, Train Loss: 0.4788, Validation Loss: 0.9829
Epoch 439/1000, Train Loss: 0.4692, Validation Loss: 0.9407
Epoch 440/1000, Train Loss: 0.4684, Validation Loss: 1.0457
Epoch 441/1000, Train Loss: 0.4702, Validation Loss: 1.6866
Epoch 442/1000, Train Loss: 0.4668, Validation Loss: 0.8123
Epoch 443/1000, Train Loss: 0.4687, Validation Loss: 0.5956
Epoch 444/1000, Train Loss: 0.4727, Validation Loss: 1.3803
Epoch 445/1000, Train Loss: 0.4812, Validation Loss: 41.3992
Epoch 446/1000, Train Loss: 0.4819, Validation Loss: 1.2780
Epoch 447/1000, Train Loss: 0.4871, Validation Loss: 0.8655
Epoch 448/1000, Train Loss: 0.4715, Validation Loss: 2.3526
Epoch 449/1000, Train Loss: 0.4749, Validation Loss: 2.0421
Epoch 450/1000, Train Loss: 0.4727, Validation Loss: 3.9707
Epoch 451/1000, Train Loss: 0.4751, Validation Loss: 2.0506
Epoch 452/1000, Train Loss: 0.4635, Validation Loss: 0.6369
Epoch 453/1000, Train Loss: 0.5471, Validation Loss: 8.5886
Epoch 454/1000, Train Loss: 0.4969, Validation Loss: 0.5780
Epoch 455/1000, Train Loss: 0.4693, Validation Loss: 0.5114
Epoch 456/1000, Train Loss: 0.4626, Validation Loss: 1.0063
Epoch 457/1000, Train Loss: 0.4651, Validation Loss: 0.7580
Epoch 458/1000, Train Loss: 0.4665, Validation Loss: 2.0563
Epoch 459/1000, Train Loss: 0.4757, Validation Loss: 1.7160
Epoch 460/1000, Train Loss: 0.4712, Validation Loss: 1.1766
Epoch 461/1000, Train Loss: 0.4850, Validation Loss: 0.9876
Epoch 462/1000, Train Loss: 0.4729, Validation Loss: 1.8136
Epoch 463/1000, Train Loss: 0.4754, Validation Loss: 2.9533
Epoch 464/1000, Train Loss: 0.4746, Validation Loss: 2.6833
Epoch 465/1000, Train Loss: 0.4720, Validation Loss: 1.7486
Epoch 466/1000, Train Loss: 0.4853, Validation Loss: 2.1832
Epoch 467/1000, Train Loss: 0.4697, Validation Loss: 1.3034
Epoch 468/1000, Train Loss: 0.4702, Validation Loss: 3.3577
Epoch 469/1000, Train Loss: 0.4671, Validation Loss: 0.7183
Epoch 470/1000, Train Loss: 0.4722, Validation Loss: 2.0610
Epoch 471/1000, Train Loss: 0.4717, Validation Loss: 0.8458
Epoch 472/1000, Train Loss: 0.4718, Validation Loss: 0.8666
Epoch 473/1000, Train Loss: 0.4655, Validation Loss: 1.4533
Epoch 474/1000, Train Loss: 0.4670, Validation Loss: 1.0247
Epoch 475/1000, Train Loss: 0.4694, Validation Loss: 1.4775
Epoch 476/1000, Train Loss: 0.4743, Validation Loss: 1.2037
Epoch 477/1000, Train Loss: 0.4734, Validation Loss: 2.0463
Epoch 478/1000, Train Loss: 0.4648, Validation Loss: 1.3280
Epoch 479/1000, Train Loss: 0.4692, Validation Loss: 2.8153
Epoch 480/1000, Train Loss: 0.4640, Validation Loss: 0.7427
Epoch 481/1000, Train Loss: 0.4634, Validation Loss: 0.5774
Epoch 482/1000, Train Loss: 0.4654, Validation Loss: 0.7577
Epoch 483/1000, Train Loss: 0.4623, Validation Loss: 1.7758
Epoch 484/1000, Train Loss: 0.4651, Validation Loss: 0.6360
Epoch 485/1000, Train Loss: 0.4664, Validation Loss: 0.5605
Epoch 486/1000, Train Loss: 0.4675, Validation Loss: 0.6717
Epoch 487/1000, Train Loss: 0.4724, Validation Loss: 2.4828
Epoch 488/1000, Train Loss: 0.4818, Validation Loss: 4.3005
Epoch 489/1000, Train Loss: 0.4599, Validation Loss: 2.2043
Epoch 490/1000, Train Loss: 0.4711, Validation Loss: 1.7849
Epoch 491/1000, Train Loss: 0.4698, Validation Loss: 0.8778
Epoch 492/1000, Train Loss: 0.4699, Validation Loss: 0.8755
Epoch 493/1000, Train Loss: 0.4699, Validation Loss: 0.9055
Epoch 494/1000, Train Loss: 0.4751, Validation Loss: 2.4926
Epoch 495/1000, Train Loss: 0.4632, Validation Loss: 2.0015
Epoch 496/1000, Train Loss: 0.4844, Validation Loss: 1.1070
Epoch 497/1000, Train Loss: 0.4649, Validation Loss: 1.1885
Epoch 498/1000, Train Loss: 0.4666, Validation Loss: 0.7491
Epoch 499/1000, Train Loss: 0.4648, Validation Loss: 0.8090
Epoch 500/1000, Train Loss: 0.4648, Validation Loss: 0.5950
Epoch 501/1000, Train Loss: 0.4572, Validation Loss: 3.2860
Epoch 502/1000, Train Loss: 0.4619, Validation Loss: 2.4791
Epoch 503/1000, Train Loss: 0.4702, Validation Loss: 2.4314
Epoch 504/1000, Train Loss: 0.4683, Validation Loss: 1.2890
Epoch 505/1000, Train Loss: 0.6160, Validation Loss: 2.2003
Epoch 506/1000, Train Loss: 0.4684, Validation Loss: 3.0907
Epoch 507/1000, Train Loss: 0.4660, Validation Loss: 2.4797
Epoch 508/1000, Train Loss: 0.4608, Validation Loss: 3.7483
Epoch 509/1000, Train Loss: 0.4641, Validation Loss: 3.1982
Epoch 510/1000, Train Loss: 0.4672, Validation Loss: 1.3407
Epoch 511/1000, Train Loss: 0.4694, Validation Loss: 0.8279
Epoch 512/1000, Train Loss: 0.4712, Validation Loss: 1.5681
Epoch 513/1000, Train Loss: 0.4624, Validation Loss: 3.8138
Epoch 514/1000, Train Loss: 0.4649, Validation Loss: 1.1886
Epoch 515/1000, Train Loss: 0.4619, Validation Loss: 1.0027
Epoch 516/1000, Train Loss: 0.4588, Validation Loss: 0.9812
Epoch 517/1000, Train Loss: 0.4576, Validation Loss: 0.7024
Epoch 518/1000, Train Loss: 0.4651, Validation Loss: 0.8295
Epoch 519/1000, Train Loss: 0.4633, Validation Loss: 2.3977
Epoch 520/1000, Train Loss: 0.4627, Validation Loss: 1.8233
Epoch 521/1000, Train Loss: 0.4623, Validation Loss: 2.7941
Epoch 522/1000, Train Loss: 0.4692, Validation Loss: 1.0712
Epoch 523/1000, Train Loss: 0.4571, Validation Loss: 1.7737
Epoch 524/1000, Train Loss: 0.4583, Validation Loss: 0.9123
Epoch 525/1000, Train Loss: 0.4611, Validation Loss: 1.7286
Epoch 526/1000, Train Loss: 0.4595, Validation Loss: 2.5605
Epoch 527/1000, Train Loss: 0.4556, Validation Loss: 0.5103
Epoch 528/1000, Train Loss: 0.4663, Validation Loss: 1.1411
Epoch 529/1000, Train Loss: 0.4714, Validation Loss: 1.0380
Epoch 530/1000, Train Loss: 0.4603, Validation Loss: 1.1018
Epoch 531/1000, Train Loss: 0.4628, Validation Loss: 1.5818
Epoch 532/1000, Train Loss: 0.4596, Validation Loss: 1.5488
Epoch 533/1000, Train Loss: 0.4700, Validation Loss: 2.1345
Epoch 534/1000, Train Loss: 0.4626, Validation Loss: 1.9980
Epoch 535/1000, Train Loss: 0.4604, Validation Loss: 1.5392
Epoch 536/1000, Train Loss: 0.4630, Validation Loss: 1.1920
Epoch 537/1000, Train Loss: 0.4576, Validation Loss: 2.4081
Epoch 538/1000, Train Loss: 0.4625, Validation Loss: 0.6022
Epoch 539/1000, Train Loss: 0.4598, Validation Loss: 1.6203
Epoch 540/1000, Train Loss: 0.4600, Validation Loss: 1.2340
Epoch 541/1000, Train Loss: 0.4632, Validation Loss: 1.0658
Epoch 542/1000, Train Loss: 0.4560, Validation Loss: 0.7769
Epoch 543/1000, Train Loss: 0.4589, Validation Loss: 1.1468
Epoch 544/1000, Train Loss: 0.4594, Validation Loss: 0.6291
Epoch 545/1000, Train Loss: 0.4614, Validation Loss: 1.9735
Epoch 546/1000, Train Loss: 0.4606, Validation Loss: 1.2447
Epoch 547/1000, Train Loss: 0.4641, Validation Loss: 1.5258
Epoch 548/1000, Train Loss: 0.4590, Validation Loss: 0.5534
Epoch 549/1000, Train Loss: 0.4630, Validation Loss: 1.6369
Epoch 550/1000, Train Loss: 0.4587, Validation Loss: 1.3573
Epoch 551/1000, Train Loss: 0.4593, Validation Loss: 1.6755
Epoch 552/1000, Train Loss: 0.4567, Validation Loss: 3.3615
Epoch 553/1000, Train Loss: 0.4619, Validation Loss: 0.6889
Epoch 554/1000, Train Loss: 0.4611, Validation Loss: 2.7591
Epoch 555/1000, Train Loss: 0.4620, Validation Loss: 0.8176
Epoch 556/1000, Train Loss: 0.4596, Validation Loss: 0.9965
Epoch 557/1000, Train Loss: 0.4600, Validation Loss: 1.0274
Epoch 558/1000, Train Loss: 0.4581, Validation Loss: 0.8583
Epoch 559/1000, Train Loss: 0.4544, Validation Loss: 0.6009
Epoch 560/1000, Train Loss: 0.4564, Validation Loss: 1.2449
Epoch 561/1000, Train Loss: 0.4690, Validation Loss: 1.4231
Epoch 562/1000, Train Loss: 0.4610, Validation Loss: 2.5667
Epoch 563/1000, Train Loss: 0.4605, Validation Loss: 0.7512
Epoch 564/1000, Train Loss: 0.4572, Validation Loss: 2.1635
Epoch 565/1000, Train Loss: 0.4582, Validation Loss: 0.8299
Epoch 566/1000, Train Loss: 0.4626, Validation Loss: 2.0026
Epoch 567/1000, Train Loss: 0.4571, Validation Loss: 2.5699
Epoch 568/1000, Train Loss: 0.4553, Validation Loss: 1.3037
Epoch 569/1000, Train Loss: 0.4486, Validation Loss: 0.6430
Epoch 570/1000, Train Loss: 0.4670, Validation Loss: 1.9890
Epoch 571/1000, Train Loss: 0.4626, Validation Loss: 1.2499
Epoch 572/1000, Train Loss: 0.4574, Validation Loss: 0.9547
Epoch 573/1000, Train Loss: 0.4522, Validation Loss: 1.5395
Epoch 574/1000, Train Loss: 0.4598, Validation Loss: 1.0598
Epoch 575/1000, Train Loss: 0.4584, Validation Loss: 4.9847
Epoch 576/1000, Train Loss: 0.4602, Validation Loss: 0.8524
Epoch 577/1000, Train Loss: 0.4551, Validation Loss: 1.5414
Epoch 578/1000, Train Loss: 0.4603, Validation Loss: 0.8150
Epoch 579/1000, Train Loss: 0.4577, Validation Loss: 2.6963
Epoch 580/1000, Train Loss: 0.4582, Validation Loss: 0.8040
Epoch 581/1000, Train Loss: 0.4593, Validation Loss: 0.5146
Epoch 582/1000, Train Loss: 0.4571, Validation Loss: 1.0085
Epoch 583/1000, Train Loss: 0.4509, Validation Loss: 0.6106
Epoch 584/1000, Train Loss: 0.4541, Validation Loss: 2.3104
Epoch 585/1000, Train Loss: 0.4571, Validation Loss: 2.9161
Epoch 586/1000, Train Loss: 0.4541, Validation Loss: 1.6864
Epoch 587/1000, Train Loss: 0.4574, Validation Loss: 1.2824
Epoch 588/1000, Train Loss: 0.4613, Validation Loss: 1.2142
Epoch 589/1000, Train Loss: 0.4545, Validation Loss: 0.8005
Epoch 590/1000, Train Loss: 0.4538, Validation Loss: 1.1077
Epoch 591/1000, Train Loss: 0.4552, Validation Loss: 1.1045
Epoch 592/1000, Train Loss: 0.4507, Validation Loss: 0.7227
Epoch 593/1000, Train Loss: 0.4579, Validation Loss: 1.0919
Epoch 594/1000, Train Loss: 0.4494, Validation Loss: 1.5527
Epoch 595/1000, Train Loss: 0.4479, Validation Loss: 0.8441
Epoch 596/1000, Train Loss: 0.4545, Validation Loss: 2.6593
Epoch 597/1000, Train Loss: 0.4548, Validation Loss: 0.8647
Epoch 598/1000, Train Loss: 0.4494, Validation Loss: 1.9635
Epoch 599/1000, Train Loss: 0.4531, Validation Loss: 3.6831
Epoch 600/1000, Train Loss: 0.4506, Validation Loss: 1.1557
Epoch 601/1000, Train Loss: 0.4577, Validation Loss: 2.1195
Epoch 602/1000, Train Loss: 0.4466, Validation Loss: 0.9014
Epoch 603/1000, Train Loss: 0.4471, Validation Loss: 1.2233
Epoch 604/1000, Train Loss: 0.4526, Validation Loss: 2.3760
Epoch 605/1000, Train Loss: 0.4516, Validation Loss: 2.9164
Epoch 606/1000, Train Loss: 0.4533, Validation Loss: 1.3028
Epoch 607/1000, Train Loss: 0.4560, Validation Loss: 2.1520
Epoch 608/1000, Train Loss: 0.4567, Validation Loss: 1.6666
Epoch 609/1000, Train Loss: 0.4638, Validation Loss: 2.3965
Epoch 610/1000, Train Loss: 0.4549, Validation Loss: 1.2734
Epoch 611/1000, Train Loss: 0.4547, Validation Loss: 1.1530
Epoch 612/1000, Train Loss: 0.4516, Validation Loss: 3.1754
Epoch 613/1000, Train Loss: 0.4927, Validation Loss: 3.3791
Epoch 614/1000, Train Loss: 0.4521, Validation Loss: 1.1115
Epoch 615/1000, Train Loss: 0.4470, Validation Loss: 3.4932
Epoch 616/1000, Train Loss: 0.4534, Validation Loss: 3.3974
Epoch 617/1000, Train Loss: 0.4494, Validation Loss: 2.0012
Epoch 618/1000, Train Loss: 0.4510, Validation Loss: 0.6482
Epoch 619/1000, Train Loss: 0.4528, Validation Loss: 2.1538
Epoch 620/1000, Train Loss: 0.4542, Validation Loss: 2.7725
Epoch 621/1000, Train Loss: 0.4503, Validation Loss: 2.6326
Epoch 622/1000, Train Loss: 0.4520, Validation Loss: 1.0318
Epoch 623/1000, Train Loss: 0.4554, Validation Loss: 1.0150
Epoch 624/1000, Train Loss: 0.4565, Validation Loss: 1.6074
Epoch 625/1000, Train Loss: 0.4508, Validation Loss: 1.7237
Epoch 626/1000, Train Loss: 0.4516, Validation Loss: 1.4398
Epoch 627/1000, Train Loss: 0.4507, Validation Loss: 1.5079
Epoch 628/1000, Train Loss: 0.4470, Validation Loss: 1.0513
Epoch 629/1000, Train Loss: 0.4502, Validation Loss: 1.1598
Epoch 630/1000, Train Loss: 0.4466, Validation Loss: 1.7464
Epoch 631/1000, Train Loss: 0.4593, Validation Loss: 0.7732
Epoch 632/1000, Train Loss: 0.4507, Validation Loss: 1.1356
Epoch 633/1000, Train Loss: 0.4532, Validation Loss: 1.0785
Epoch 634/1000, Train Loss: 0.4530, Validation Loss: 1.1730
Epoch 635/1000, Train Loss: 0.4512, Validation Loss: 2.3836
Epoch 636/1000, Train Loss: 0.4614, Validation Loss: 0.6983
Epoch 637/1000, Train Loss: 0.4502, Validation Loss: 1.0738
Epoch 638/1000, Train Loss: 0.4421, Validation Loss: 1.0678
Epoch 639/1000, Train Loss: 0.4574, Validation Loss: 0.7962
Epoch 640/1000, Train Loss: 0.4522, Validation Loss: 1.7561
Epoch 641/1000, Train Loss: 0.4490, Validation Loss: 0.7932
Epoch 642/1000, Train Loss: 0.4512, Validation Loss: 1.3942
Epoch 643/1000, Train Loss: 0.4530, Validation Loss: 1.0915
Epoch 644/1000, Train Loss: 0.4480, Validation Loss: 3.7740
Epoch 645/1000, Train Loss: 0.4429, Validation Loss: 1.9966
Epoch 646/1000, Train Loss: 0.4464, Validation Loss: 1.9077
Epoch 647/1000, Train Loss: 0.4554, Validation Loss: 3.3894
Epoch 648/1000, Train Loss: 0.4485, Validation Loss: 1.5942
Epoch 649/1000, Train Loss: 0.4467, Validation Loss: 2.1451
Epoch 650/1000, Train Loss: 0.4444, Validation Loss: 1.3150
Epoch 651/1000, Train Loss: 0.4475, Validation Loss: 1.7275
Epoch 652/1000, Train Loss: 0.4484, Validation Loss: 2.2585
Epoch 653/1000, Train Loss: 0.4529, Validation Loss: 1.2812
Epoch 654/1000, Train Loss: 0.4487, Validation Loss: 1.1620
Epoch 655/1000, Train Loss: 0.4496, Validation Loss: 7.0977
Epoch 656/1000, Train Loss: 0.4471, Validation Loss: 0.8688
Epoch 657/1000, Train Loss: 0.4461, Validation Loss: 0.6530
Epoch 658/1000, Train Loss: 0.4490, Validation Loss: 0.7250
Epoch 659/1000, Train Loss: 0.4504, Validation Loss: 1.7224
Epoch 660/1000, Train Loss: 0.4476, Validation Loss: 4.0776
Epoch 661/1000, Train Loss: 0.4461, Validation Loss: 1.4568
Epoch 662/1000, Train Loss: 0.4524, Validation Loss: 1.9235
Epoch 663/1000, Train Loss: 0.4520, Validation Loss: 1.3891
Epoch 664/1000, Train Loss: 0.4443, Validation Loss: 1.5827
Epoch 665/1000, Train Loss: 0.4465, Validation Loss: 1.4487
Epoch 666/1000, Train Loss: 0.4516, Validation Loss: 1.3448
Epoch 667/1000, Train Loss: 0.4502, Validation Loss: 1.6305
Epoch 668/1000, Train Loss: 0.4430, Validation Loss: 1.3346
Epoch 669/1000, Train Loss: 0.4439, Validation Loss: 5.4004
Epoch 670/1000, Train Loss: 0.4587, Validation Loss: 1.5351
Epoch 671/1000, Train Loss: 0.4439, Validation Loss: 1.8415
Epoch 672/1000, Train Loss: 0.4419, Validation Loss: 1.5706
Epoch 673/1000, Train Loss: 0.4469, Validation Loss: 0.8406
Epoch 674/1000, Train Loss: 0.4491, Validation Loss: 0.6314
Epoch 675/1000, Train Loss: 0.4457, Validation Loss: 2.6532
Epoch 676/1000, Train Loss: 0.4439, Validation Loss: 2.5911
Epoch 677/1000, Train Loss: 0.4595, Validation Loss: 2.0812
Epoch 678/1000, Train Loss: 0.4476, Validation Loss: 1.6736
Epoch 679/1000, Train Loss: 0.4780, Validation Loss: 1.2676
Epoch 680/1000, Train Loss: 0.4452, Validation Loss: 1.9883
Epoch 681/1000, Train Loss: 0.4427, Validation Loss: 0.7985
Epoch 682/1000, Train Loss: 0.4424, Validation Loss: 1.9581
Epoch 683/1000, Train Loss: 0.4451, Validation Loss: 1.9009
Epoch 684/1000, Train Loss: 0.4470, Validation Loss: 0.8822
Epoch 685/1000, Train Loss: 0.4462, Validation Loss: 2.2679
Epoch 686/1000, Train Loss: 0.4460, Validation Loss: 1.9946
Epoch 687/1000, Train Loss: 0.4418, Validation Loss: 2.1278
Epoch 688/1000, Train Loss: 0.4436, Validation Loss: 2.1282
Epoch 689/1000, Train Loss: 0.4413, Validation Loss: 0.9516
Epoch 690/1000, Train Loss: 0.4474, Validation Loss: 1.4360
Epoch 691/1000, Train Loss: 0.4469, Validation Loss: 1.6244
Epoch 692/1000, Train Loss: 0.4504, Validation Loss: 1.5953
Epoch 693/1000, Train Loss: 0.4425, Validation Loss: 1.6839
Epoch 694/1000, Train Loss: 0.4443, Validation Loss: 1.0002
Epoch 695/1000, Train Loss: 0.4478, Validation Loss: 1.1620
Epoch 696/1000, Train Loss: 0.4462, Validation Loss: 0.6590
Epoch 697/1000, Train Loss: 0.4386, Validation Loss: 2.6466
Epoch 698/1000, Train Loss: 0.4458, Validation Loss: 1.7494
Epoch 699/1000, Train Loss: 0.4443, Validation Loss: 1.8711
Epoch 700/1000, Train Loss: 0.4447, Validation Loss: 1.1913
Epoch 701/1000, Train Loss: 0.4457, Validation Loss: 0.9982
Epoch 702/1000, Train Loss: 0.4375, Validation Loss: 1.6738
Epoch 703/1000, Train Loss: 0.4428, Validation Loss: 1.7701
Epoch 704/1000, Train Loss: 0.4406, Validation Loss: 0.7134
Epoch 705/1000, Train Loss: 0.4493, Validation Loss: 1.2771
Epoch 706/1000, Train Loss: 0.4523, Validation Loss: 2.4528
Epoch 707/1000, Train Loss: 0.4557, Validation Loss: 0.9757
Epoch 708/1000, Train Loss: 0.4442, Validation Loss: 1.5512
Epoch 709/1000, Train Loss: 0.4509, Validation Loss: 2.0394
Epoch 710/1000, Train Loss: 0.4432, Validation Loss: 0.6713
Epoch 711/1000, Train Loss: 0.4464, Validation Loss: 8.7503
Epoch 712/1000, Train Loss: 0.4572, Validation Loss: 1.0851
Epoch 713/1000, Train Loss: 0.4462, Validation Loss: 0.5661
Epoch 714/1000, Train Loss: 0.4463, Validation Loss: 1.0058
Epoch 715/1000, Train Loss: 0.4396, Validation Loss: 0.9526
Epoch 716/1000, Train Loss: 0.4407, Validation Loss: 2.9887
Epoch 717/1000, Train Loss: 0.4393, Validation Loss: 2.2357
Epoch 718/1000, Train Loss: 0.4513, Validation Loss: 1.7713
Epoch 719/1000, Train Loss: 0.4456, Validation Loss: 0.7362
Epoch 720/1000, Train Loss: 0.4532, Validation Loss: 0.9150
Epoch 721/1000, Train Loss: 0.4474, Validation Loss: 2.9326
Epoch 722/1000, Train Loss: 0.4440, Validation Loss: 1.2982
Epoch 723/1000, Train Loss: 0.4446, Validation Loss: 0.9724
Epoch 724/1000, Train Loss: 0.4449, Validation Loss: 0.8873
Epoch 725/1000, Train Loss: 0.4545, Validation Loss: 2.6644
Epoch 726/1000, Train Loss: 0.4448, Validation Loss: 0.9255
Epoch 727/1000, Train Loss: 0.4405, Validation Loss: 1.5715
Epoch 728/1000, Train Loss: 0.4378, Validation Loss: 1.0444
Epoch 729/1000, Train Loss: 0.4475, Validation Loss: 1.1424
Epoch 730/1000, Train Loss: 0.4425, Validation Loss: 0.7136
Epoch 731/1000, Train Loss: 0.4415, Validation Loss: 1.0776
Epoch 732/1000, Train Loss: 0.4437, Validation Loss: 3.3699
Epoch 733/1000, Train Loss: 0.4570, Validation Loss: 1.2873
Epoch 734/1000, Train Loss: 0.4451, Validation Loss: 1.0537
Epoch 735/1000, Train Loss: 0.4394, Validation Loss: 3.4986
Epoch 736/1000, Train Loss: 0.4428, Validation Loss: 1.6204
Epoch 737/1000, Train Loss: 0.4480, Validation Loss: 2.5243
Epoch 738/1000, Train Loss: 0.4444, Validation Loss: 0.7009
Epoch 739/1000, Train Loss: 0.4399, Validation Loss: 1.4405
Epoch 740/1000, Train Loss: 0.4437, Validation Loss: 2.1705
Epoch 741/1000, Train Loss: 0.4427, Validation Loss: 1.0694
Epoch 742/1000, Train Loss: 0.4454, Validation Loss: 5.5309
Epoch 743/1000, Train Loss: 0.4492, Validation Loss: 1.1463
Epoch 744/1000, Train Loss: 0.4379, Validation Loss: 1.6201
Epoch 745/1000, Train Loss: 0.4405, Validation Loss: 0.5896
Epoch 746/1000, Train Loss: 0.4411, Validation Loss: 1.3388
Epoch 747/1000, Train Loss: 0.4511, Validation Loss: 0.6597
Epoch 748/1000, Train Loss: 0.4446, Validation Loss: 2.1405
Epoch 749/1000, Train Loss: 0.4426, Validation Loss: 2.1516
Epoch 750/1000, Train Loss: 0.4397, Validation Loss: 4.3821
Epoch 751/1000, Train Loss: 0.4371, Validation Loss: 1.3508
Epoch 752/1000, Train Loss: 0.4450, Validation Loss: 1.7389
Epoch 753/1000, Train Loss: 0.4429, Validation Loss: 1.0823
Epoch 754/1000, Train Loss: 0.4394, Validation Loss: 1.5952
Epoch 755/1000, Train Loss: 0.4389, Validation Loss: 2.5948
Epoch 756/1000, Train Loss: 0.4415, Validation Loss: 2.6105
Epoch 757/1000, Train Loss: 0.4356, Validation Loss: 0.8213
Epoch 758/1000, Train Loss: 0.4408, Validation Loss: 2.5344
Epoch 759/1000, Train Loss: 0.4399, Validation Loss: 1.7087
Epoch 760/1000, Train Loss: 0.4375, Validation Loss: 0.6643
Epoch 761/1000, Train Loss: 0.4489, Validation Loss: 1.7667
Epoch 762/1000, Train Loss: 0.4427, Validation Loss: 1.2122
Epoch 763/1000, Train Loss: 0.4422, Validation Loss: 2.5065
Epoch 764/1000, Train Loss: 0.4421, Validation Loss: 1.3802
Epoch 765/1000, Train Loss: 0.4415, Validation Loss: 0.8628
Epoch 766/1000, Train Loss: 0.4380, Validation Loss: 2.6651
Epoch 767/1000, Train Loss: 0.4396, Validation Loss: 1.9893
Epoch 768/1000, Train Loss: 0.4375, Validation Loss: 1.2400
Epoch 769/1000, Train Loss: 0.4423, Validation Loss: 0.6349
Epoch 770/1000, Train Loss: 0.4403, Validation Loss: 0.9651
Epoch 771/1000, Train Loss: 0.4379, Validation Loss: 0.5632
Epoch 772/1000, Train Loss: 0.4391, Validation Loss: 2.5599
Epoch 773/1000, Train Loss: 0.4433, Validation Loss: 2.4838
Epoch 774/1000, Train Loss: 0.4421, Validation Loss: 1.0734
Epoch 775/1000, Train Loss: 0.4438, Validation Loss: 1.0287
Epoch 776/1000, Train Loss: 0.4408, Validation Loss: 5.8991
Epoch 777/1000, Train Loss: 0.4414, Validation Loss: 1.1537
Epoch 778/1000, Train Loss: 0.4422, Validation Loss: 1.1178
Epoch 779/1000, Train Loss: 0.4417, Validation Loss: 2.9922
Epoch 780/1000, Train Loss: 0.4520, Validation Loss: 0.9757
Epoch 781/1000, Train Loss: 0.4392, Validation Loss: 1.4110
Epoch 782/1000, Train Loss: 0.4537, Validation Loss: 1.0469
Epoch 783/1000, Train Loss: 0.4455, Validation Loss: 0.5627
Epoch 784/1000, Train Loss: 0.4416, Validation Loss: 2.8012
Epoch 785/1000, Train Loss: 0.4422, Validation Loss: 1.4095
Epoch 786/1000, Train Loss: 0.4336, Validation Loss: 2.0194
Epoch 787/1000, Train Loss: 0.4342, Validation Loss: 0.6018
Epoch 788/1000, Train Loss: 0.4408, Validation Loss: 1.2707
Epoch 789/1000, Train Loss: 0.4419, Validation Loss: 3.1899
Epoch 790/1000, Train Loss: 0.4363, Validation Loss: 1.9692
Epoch 791/1000, Train Loss: 0.4409, Validation Loss: 2.6616
Epoch 792/1000, Train Loss: 0.4428, Validation Loss: 1.5455
Epoch 793/1000, Train Loss: 0.4489, Validation Loss: 2.6450
Epoch 794/1000, Train Loss: 0.4481, Validation Loss: 3.4035
Epoch 795/1000, Train Loss: 0.4489, Validation Loss: 0.6548
Epoch 796/1000, Train Loss: 0.4444, Validation Loss: 0.7729
Epoch 797/1000, Train Loss: 0.4439, Validation Loss: 2.5533
Epoch 798/1000, Train Loss: 0.4366, Validation Loss: 1.0492
Epoch 799/1000, Train Loss: 0.4384, Validation Loss: 3.4183
Epoch 800/1000, Train Loss: 0.4416, Validation Loss: 1.6336
Epoch 801/1000, Train Loss: 0.4410, Validation Loss: 2.7010
Epoch 802/1000, Train Loss: 0.4536, Validation Loss: 2.4117
Epoch 803/1000, Train Loss: 0.4428, Validation Loss: 0.7835
Epoch 804/1000, Train Loss: 0.4353, Validation Loss: 1.6133
Epoch 805/1000, Train Loss: 0.4401, Validation Loss: 1.1726
Epoch 806/1000, Train Loss: 0.4334, Validation Loss: 2.1347
Epoch 807/1000, Train Loss: 0.4427, Validation Loss: 1.4042
Epoch 808/1000, Train Loss: 0.4389, Validation Loss: 1.9576
Epoch 809/1000, Train Loss: 0.4347, Validation Loss: 0.9923
Epoch 810/1000, Train Loss: 0.4423, Validation Loss: 1.5373
Epoch 811/1000, Train Loss: 0.4457, Validation Loss: 1.3535
Epoch 812/1000, Train Loss: 0.4412, Validation Loss: 1.4621
Epoch 813/1000, Train Loss: 0.4408, Validation Loss: 2.8093
Epoch 814/1000, Train Loss: 0.4562, Validation Loss: 1.3350
Epoch 815/1000, Train Loss: 0.4380, Validation Loss: 1.5632
Epoch 816/1000, Train Loss: 0.4381, Validation Loss: 1.9176
Epoch 817/1000, Train Loss: 0.4386, Validation Loss: 1.2246
Epoch 818/1000, Train Loss: 0.4400, Validation Loss: 0.6498
Epoch 819/1000, Train Loss: 0.4461, Validation Loss: 1.5138
Epoch 820/1000, Train Loss: 0.4432, Validation Loss: 1.3465
Epoch 821/1000, Train Loss: 0.4358, Validation Loss: 1.3821
Epoch 822/1000, Train Loss: 0.4450, Validation Loss: 0.8104
Epoch 823/1000, Train Loss: 0.4403, Validation Loss: 1.7265
Epoch 824/1000, Train Loss: 0.4389, Validation Loss: 0.9637
Epoch 825/1000, Train Loss: 0.4383, Validation Loss: 1.0741
Epoch 826/1000, Train Loss: 0.4423, Validation Loss: 0.7882
Epoch 827/1000, Train Loss: 0.4456, Validation Loss: 1.0262
Epoch 828/1000, Train Loss: 0.4364, Validation Loss: 2.3210
Epoch 829/1000, Train Loss: 0.4367, Validation Loss: 1.1023
Epoch 830/1000, Train Loss: 0.4386, Validation Loss: 2.7428
Epoch 831/1000, Train Loss: 0.4355, Validation Loss: 0.7480
Epoch 832/1000, Train Loss: 0.4388, Validation Loss: 1.3013
Epoch 833/1000, Train Loss: 0.4405, Validation Loss: 1.0690
Epoch 834/1000, Train Loss: 0.4356, Validation Loss: 0.8408
Epoch 835/1000, Train Loss: 0.4398, Validation Loss: 1.3287
Epoch 836/1000, Train Loss: 0.4441, Validation Loss: 1.5117
Epoch 837/1000, Train Loss: 0.4382, Validation Loss: 0.9485
Epoch 838/1000, Train Loss: 0.4428, Validation Loss: 2.7004
Epoch 839/1000, Train Loss: 0.4442, Validation Loss: 1.6772
Epoch 840/1000, Train Loss: 0.4468, Validation Loss: 1.2399
Epoch 841/1000, Train Loss: 0.4381, Validation Loss: 2.2872
Epoch 842/1000, Train Loss: 0.4433, Validation Loss: 1.6046
Epoch 843/1000, Train Loss: 0.4407, Validation Loss: 0.9073
Epoch 844/1000, Train Loss: 0.4356, Validation Loss: 1.2082
Epoch 845/1000, Train Loss: 0.4359, Validation Loss: 1.6801
Epoch 846/1000, Train Loss: 0.4443, Validation Loss: 1.8752
Epoch 847/1000, Train Loss: 0.4423, Validation Loss: 1.6137
Epoch 848/1000, Train Loss: 0.4415, Validation Loss: 1.9764
Epoch 849/1000, Train Loss: 0.4381, Validation Loss: 1.3233
Epoch 850/1000, Train Loss: 0.4370, Validation Loss: 4.0398
Epoch 851/1000, Train Loss: 0.4444, Validation Loss: 0.6003
Epoch 852/1000, Train Loss: 0.4398, Validation Loss: 1.7572
Epoch 853/1000, Train Loss: 0.4494, Validation Loss: 1.4813
Epoch 854/1000, Train Loss: 0.4419, Validation Loss: 1.0226
Epoch 855/1000, Train Loss: 0.4409, Validation Loss: 0.7236
Epoch 856/1000, Train Loss: 0.4500, Validation Loss: 0.6417
Epoch 857/1000, Train Loss: 0.4393, Validation Loss: 0.7857
Epoch 858/1000, Train Loss: 0.4379, Validation Loss: 0.9828
Epoch 859/1000, Train Loss: 0.4450, Validation Loss: 0.7062
Epoch 860/1000, Train Loss: 0.4344, Validation Loss: 1.1365
Epoch 861/1000, Train Loss: 0.4328, Validation Loss: 0.9598
Epoch 862/1000, Train Loss: 0.4407, Validation Loss: 1.8888
Epoch 863/1000, Train Loss: 0.4359, Validation Loss: 0.6283
Epoch 864/1000, Train Loss: 0.4353, Validation Loss: 1.2453
Epoch 865/1000, Train Loss: 0.4405, Validation Loss: 0.9039
Epoch 866/1000, Train Loss: 0.4407, Validation Loss: 1.6253
Epoch 867/1000, Train Loss: 0.4361, Validation Loss: 2.1882
Epoch 868/1000, Train Loss: 0.4298, Validation Loss: 1.5348
Epoch 869/1000, Train Loss: 0.4390, Validation Loss: 0.4881
Epoch 870/1000, Train Loss: 0.4363, Validation Loss: 0.6993
Epoch 871/1000, Train Loss: 0.4326, Validation Loss: 0.5702
Epoch 872/1000, Train Loss: 0.4390, Validation Loss: 1.0538
Epoch 873/1000, Train Loss: 0.4477, Validation Loss: 3.5625
Epoch 874/1000, Train Loss: 0.4456, Validation Loss: 1.3509
Epoch 875/1000, Train Loss: 0.4446, Validation Loss: 0.7587
Epoch 876/1000, Train Loss: 0.4442, Validation Loss: 1.3640
Epoch 877/1000, Train Loss: 0.4384, Validation Loss: 1.0568
Epoch 878/1000, Train Loss: 0.4392, Validation Loss: 1.6615
Epoch 879/1000, Train Loss: 0.4463, Validation Loss: 2.0087
Epoch 880/1000, Train Loss: 0.4399, Validation Loss: 0.9613
Epoch 881/1000, Train Loss: 0.4439, Validation Loss: 0.8728
Epoch 882/1000, Train Loss: 0.4426, Validation Loss: 1.7473
Epoch 883/1000, Train Loss: 0.4402, Validation Loss: 2.0152
Epoch 884/1000, Train Loss: 0.4361, Validation Loss: 1.0402
Epoch 885/1000, Train Loss: 0.4360, Validation Loss: 2.7603
Epoch 886/1000, Train Loss: 0.4438, Validation Loss: 1.1952
Epoch 887/1000, Train Loss: 0.4326, Validation Loss: 2.3700
Epoch 888/1000, Train Loss: 0.4388, Validation Loss: 1.4320
Epoch 889/1000, Train Loss: 0.4400, Validation Loss: 0.8252
Epoch 890/1000, Train Loss: 0.4396, Validation Loss: 2.3523
Epoch 891/1000, Train Loss: 0.4458, Validation Loss: 1.2691
Epoch 892/1000, Train Loss: 0.4460, Validation Loss: 1.7897
Epoch 893/1000, Train Loss: 0.4382, Validation Loss: 1.2594
Epoch 894/1000, Train Loss: 0.4318, Validation Loss: 1.6092
Epoch 895/1000, Train Loss: 0.4373, Validation Loss: 0.8909
Epoch 896/1000, Train Loss: 0.4338, Validation Loss: 0.7763
Epoch 897/1000, Train Loss: 0.4407, Validation Loss: 3.7539
Epoch 898/1000, Train Loss: 0.4354, Validation Loss: 0.6024
Epoch 899/1000, Train Loss: 0.4396, Validation Loss: 0.7943
Epoch 900/1000, Train Loss: 0.4345, Validation Loss: 1.7572
Epoch 901/1000, Train Loss: 0.4379, Validation Loss: 1.7457
Epoch 902/1000, Train Loss: 0.4355, Validation Loss: 1.5771
Epoch 903/1000, Train Loss: 0.4398, Validation Loss: 2.3367
Epoch 904/1000, Train Loss: 0.4387, Validation Loss: 1.7818
Epoch 905/1000, Train Loss: 0.4386, Validation Loss: 1.1702
Epoch 906/1000, Train Loss: 0.4383, Validation Loss: 1.5715
Epoch 907/1000, Train Loss: 0.4335, Validation Loss: 2.3431
Epoch 908/1000, Train Loss: 0.4319, Validation Loss: 0.6964
Epoch 909/1000, Train Loss: 0.4326, Validation Loss: 3.6949
Epoch 910/1000, Train Loss: 0.4430, Validation Loss: 1.3678
Epoch 911/1000, Train Loss: 0.4458, Validation Loss: 1.6167
Epoch 912/1000, Train Loss: 0.4354, Validation Loss: 0.9042
Epoch 913/1000, Train Loss: 0.4364, Validation Loss: 1.0648
Epoch 914/1000, Train Loss: 0.4438, Validation Loss: 4.2966
Epoch 915/1000, Train Loss: 0.4380, Validation Loss: 2.7425
Epoch 916/1000, Train Loss: 0.4365, Validation Loss: 1.2243
Epoch 917/1000, Train Loss: 0.4373, Validation Loss: 1.4054
Epoch 918/1000, Train Loss: 0.4385, Validation Loss: 1.8100
Epoch 919/1000, Train Loss: 0.4449, Validation Loss: 2.5380
Epoch 920/1000, Train Loss: 0.4463, Validation Loss: 1.7566
Epoch 921/1000, Train Loss: 0.4354, Validation Loss: 1.2219
Epoch 922/1000, Train Loss: 0.4414, Validation Loss: 1.7201
Epoch 923/1000, Train Loss: 0.4365, Validation Loss: 2.0585
Epoch 924/1000, Train Loss: 0.4346, Validation Loss: 5.5193
Epoch 925/1000, Train Loss: 0.4340, Validation Loss: 2.5671
Epoch 926/1000, Train Loss: 0.4317, Validation Loss: 2.3424
Epoch 927/1000, Train Loss: 0.4358, Validation Loss: 1.0470
Epoch 928/1000, Train Loss: 0.4374, Validation Loss: 3.5647
Epoch 929/1000, Train Loss: 0.4350, Validation Loss: 1.4906
Epoch 930/1000, Train Loss: 0.4396, Validation Loss: 1.3642
Epoch 931/1000, Train Loss: 0.4410, Validation Loss: 1.8606
Epoch 932/1000, Train Loss: 0.4400, Validation Loss: 1.6661
Epoch 933/1000, Train Loss: 0.4355, Validation Loss: 0.6525
Epoch 934/1000, Train Loss: 0.4343, Validation Loss: 1.9793
Epoch 935/1000, Train Loss: 0.4533, Validation Loss: 1.2342
Epoch 936/1000, Train Loss: 0.4443, Validation Loss: 3.2173
Epoch 937/1000, Train Loss: 0.4353, Validation Loss: 2.2506
Epoch 938/1000, Train Loss: 0.4365, Validation Loss: 0.8893
Epoch 939/1000, Train Loss: 0.4317, Validation Loss: 1.0924
Epoch 940/1000, Train Loss: 0.4396, Validation Loss: 2.4264
Epoch 941/1000, Train Loss: 0.4348, Validation Loss: 4.2838
Epoch 942/1000, Train Loss: 0.4357, Validation Loss: 1.6697
Epoch 943/1000, Train Loss: 0.4392, Validation Loss: 1.8551
Epoch 944/1000, Train Loss: 0.4372, Validation Loss: 3.6866
Epoch 945/1000, Train Loss: 0.4389, Validation Loss: 0.6476
Epoch 946/1000, Train Loss: 0.4463, Validation Loss: 1.4453
Epoch 947/1000, Train Loss: 0.4309, Validation Loss: 0.8121
Epoch 948/1000, Train Loss: 0.4396, Validation Loss: 0.9193
Epoch 949/1000, Train Loss: 0.4314, Validation Loss: 0.7710
Epoch 950/1000, Train Loss: 0.4335, Validation Loss: 1.5751
Epoch 951/1000, Train Loss: 0.4351, Validation Loss: 1.2348
Epoch 952/1000, Train Loss: 0.4397, Validation Loss: 4.2837
Epoch 953/1000, Train Loss: 0.4340, Validation Loss: 1.3764
Epoch 954/1000, Train Loss: 0.4383, Validation Loss: 0.6447
Epoch 955/1000, Train Loss: 0.4396, Validation Loss: 1.4968
Epoch 956/1000, Train Loss: 0.4462, Validation Loss: 1.1288
Epoch 957/1000, Train Loss: 0.4343, Validation Loss: 1.9238
Epoch 958/1000, Train Loss: 0.4325, Validation Loss: 1.0406
Epoch 959/1000, Train Loss: 0.4374, Validation Loss: 0.6943
Epoch 960/1000, Train Loss: 0.4378, Validation Loss: 1.2921
Epoch 961/1000, Train Loss: 0.4393, Validation Loss: 3.2263
Epoch 962/1000, Train Loss: 0.4309, Validation Loss: 0.6406
Epoch 963/1000, Train Loss: 0.4325, Validation Loss: 1.8772
Epoch 964/1000, Train Loss: 0.4303, Validation Loss: 1.4239
Epoch 965/1000, Train Loss: 0.4393, Validation Loss: 1.1596
Epoch 966/1000, Train Loss: 0.4298, Validation Loss: 2.6580
Epoch 967/1000, Train Loss: 0.4402, Validation Loss: 0.7743
Epoch 968/1000, Train Loss: 0.4446, Validation Loss: 1.3969
Epoch 969/1000, Train Loss: 0.4381, Validation Loss: 2.8642
Epoch 970/1000, Train Loss: 0.4408, Validation Loss: 0.9146
Epoch 971/1000, Train Loss: 0.4271, Validation Loss: 1.3738
Epoch 972/1000, Train Loss: 0.4371, Validation Loss: 1.1821
Epoch 973/1000, Train Loss: 0.4267, Validation Loss: 1.1122
Epoch 974/1000, Train Loss: 0.4345, Validation Loss: 3.1848
Epoch 975/1000, Train Loss: 0.4319, Validation Loss: 3.8812
Epoch 976/1000, Train Loss: 0.4371, Validation Loss: 3.7566
Epoch 977/1000, Train Loss: 0.4377, Validation Loss: 3.0762
Epoch 978/1000, Train Loss: 0.4343, Validation Loss: 2.3759
Epoch 979/1000, Train Loss: 0.4373, Validation Loss: 2.0749
Epoch 980/1000, Train Loss: 0.4340, Validation Loss: 2.2208
Epoch 981/1000, Train Loss: 0.4349, Validation Loss: 2.5313
Epoch 982/1000, Train Loss: 0.4353, Validation Loss: 2.7691
Epoch 983/1000, Train Loss: 0.4322, Validation Loss: 1.1398
Epoch 984/1000, Train Loss: 0.4304, Validation Loss: 2.2722
Epoch 985/1000, Train Loss: 0.4333, Validation Loss: 1.1470
Epoch 986/1000, Train Loss: 0.4340, Validation Loss: 1.6592
Epoch 987/1000, Train Loss: 0.4281, Validation Loss: 1.4379
Epoch 988/1000, Train Loss: 0.4299, Validation Loss: 3.5202
Epoch 989/1000, Train Loss: 0.4437, Validation Loss: 2.4933
Epoch 990/1000, Train Loss: 0.4554, Validation Loss: 2.3613
Epoch 991/1000, Train Loss: 0.4433, Validation Loss: 3.8152
Epoch 992/1000, Train Loss: 0.4384, Validation Loss: 0.7561
Epoch 993/1000, Train Loss: 0.4375, Validation Loss: 1.1747
Epoch 994/1000, Train Loss: 0.4446, Validation Loss: 1.6459
Epoch 995/1000, Train Loss: 0.4388, Validation Loss: 4.2237
Epoch 996/1000, Train Loss: 0.4376, Validation Loss: 1.1804
Epoch 997/1000, Train Loss: 0.4443, Validation Loss: 1.8964
Epoch 998/1000, Train Loss: 0.4371, Validation Loss: 1.8753
Epoch 999/1000, Train Loss: 0.4390, Validation Loss: 1.5679
Epoch 1000/1000, Train Loss: 0.4454, Validation Loss: 0.9662
Best Training Loss: 0.4267
Best Training Loss Epoch: 973
Best Validation Loss: 0.4881
Best Validation Loss Epoch: 869
Time taken for training: 0-19:23:30
Test Loss: 0.5019
Test MAPE: 114864.0234%
Error Statistics:
count    4.127200e+04
mean     2.631934e+08
std      5.344773e+10
min      1.907349e-06
25%      1.576959e-01
50%      1.548261e+00
75%      2.380645e+01
max      1.085818e+13
Name: Absolute Error, dtype: float64
Training complete. Final model saved.
Saving model as a wandb Artifact...
Model artifact logged successfully.
[1;34mwandb[0m: 
[1;34mwandb[0m: 🚀 View run [33munique-sweep-109[0m at: [34mhttps://wandb.ai/mk8737-new-york-university/rl_pretrain_hp_sweeps/runs/by4yc58s[0m
[1;34mwandb[0m: Find logs at: [1;35mwandb/run-20251006_144039-by4yc58s/logs[0m
Agent finished.
