Waiting for sweep ID...
Found Sweep ID: be12np04
Starting wandb agent for sweep be12np04...
TRAINING DEVICE: cpu
Run Name: GCN_global_hp_sweep_be12np04-9t0auqtv
finidhed preparing data
Loading dataset from pretrain_dataset_12.5k_fixed_duplicates.pkl
Loaded 412712 data objects.
finished preparing data
Epoch 1/1000, Train Loss: 2.2316, Validation Loss: 3.4716
Epoch 2/1000, Train Loss: 1.5377, Validation Loss: 2.1219
Epoch 3/1000, Train Loss: 1.3574, Validation Loss: 2.8622
Epoch 4/1000, Train Loss: 1.2216, Validation Loss: 4.0525
Epoch 5/1000, Train Loss: 1.1188, Validation Loss: 1.0514
Epoch 6/1000, Train Loss: 1.0781, Validation Loss: 1.5269
Epoch 7/1000, Train Loss: 1.0379, Validation Loss: 2.8914
Epoch 8/1000, Train Loss: 1.0015, Validation Loss: 1.5220
Epoch 9/1000, Train Loss: 0.9658, Validation Loss: 4.3182
Epoch 10/1000, Train Loss: 0.9610, Validation Loss: 6.2693
Epoch 11/1000, Train Loss: 0.9524, Validation Loss: 15.8581
Epoch 12/1000, Train Loss: 0.9465, Validation Loss: 1.0479
Epoch 13/1000, Train Loss: 0.8972, Validation Loss: 0.9906
Epoch 14/1000, Train Loss: 0.9036, Validation Loss: 1.3476
Epoch 15/1000, Train Loss: 0.8985, Validation Loss: 1.7630
Epoch 16/1000, Train Loss: 0.8849, Validation Loss: 1.1744
Epoch 17/1000, Train Loss: 0.8681, Validation Loss: 3.3203
Epoch 18/1000, Train Loss: 0.8446, Validation Loss: 3.4964
Epoch 19/1000, Train Loss: 0.8512, Validation Loss: 1.4403
Epoch 20/1000, Train Loss: 0.8338, Validation Loss: 1.0886
Epoch 21/1000, Train Loss: 0.8271, Validation Loss: 11.4978
Epoch 22/1000, Train Loss: 0.8161, Validation Loss: 2.1618
Epoch 23/1000, Train Loss: 0.8186, Validation Loss: 0.9186
Epoch 24/1000, Train Loss: 0.8045, Validation Loss: 5.0896
Epoch 25/1000, Train Loss: 0.7789, Validation Loss: 3.2850
Epoch 26/1000, Train Loss: 0.7666, Validation Loss: 2.5767
Epoch 27/1000, Train Loss: 0.7545, Validation Loss: 0.7462
Epoch 28/1000, Train Loss: 0.7519, Validation Loss: 1.1961
Epoch 29/1000, Train Loss: 0.7369, Validation Loss: 1.4886
Epoch 30/1000, Train Loss: 0.7270, Validation Loss: 0.7910
Epoch 31/1000, Train Loss: 0.7320, Validation Loss: 1.5174
Epoch 32/1000, Train Loss: 0.7210, Validation Loss: 1.3245
Epoch 33/1000, Train Loss: 0.7138, Validation Loss: 1.1064
Epoch 34/1000, Train Loss: 0.6942, Validation Loss: 3.0061
Epoch 35/1000, Train Loss: 0.6899, Validation Loss: 1.0384
Epoch 36/1000, Train Loss: 0.6902, Validation Loss: 0.9560
Epoch 37/1000, Train Loss: 0.6866, Validation Loss: 1.4310
Epoch 38/1000, Train Loss: 0.6762, Validation Loss: 1.2304
Epoch 39/1000, Train Loss: 0.6728, Validation Loss: 1.1030
Epoch 40/1000, Train Loss: 0.6679, Validation Loss: 1.0401
Epoch 41/1000, Train Loss: 0.6708, Validation Loss: 1.0626
Epoch 42/1000, Train Loss: 0.6723, Validation Loss: 1.1423
Epoch 43/1000, Train Loss: 0.6511, Validation Loss: 0.7284
Epoch 44/1000, Train Loss: 0.6548, Validation Loss: 2.0699
Epoch 45/1000, Train Loss: 0.6525, Validation Loss: 1.1739
Epoch 46/1000, Train Loss: 0.6493, Validation Loss: 1.0103
Epoch 47/1000, Train Loss: 0.6452, Validation Loss: 3.9080
Epoch 48/1000, Train Loss: 0.6359, Validation Loss: 0.6553
Epoch 49/1000, Train Loss: 0.6381, Validation Loss: 4.3290
Epoch 50/1000, Train Loss: 0.6351, Validation Loss: 1.0697
Epoch 51/1000, Train Loss: 0.6219, Validation Loss: 1.0276
Epoch 52/1000, Train Loss: 0.6189, Validation Loss: 1.6018
Epoch 53/1000, Train Loss: 0.6211, Validation Loss: 0.6935
Epoch 54/1000, Train Loss: 0.6183, Validation Loss: 1.7947
Epoch 55/1000, Train Loss: 0.6182, Validation Loss: 1.3481
Epoch 56/1000, Train Loss: 0.6108, Validation Loss: 1.8643
Epoch 57/1000, Train Loss: 0.6088, Validation Loss: 0.8127
Epoch 58/1000, Train Loss: 0.6019, Validation Loss: 2.6825
Epoch 59/1000, Train Loss: 0.5975, Validation Loss: 1.6924
Epoch 60/1000, Train Loss: 0.6044, Validation Loss: 0.8197
Epoch 61/1000, Train Loss: 0.5974, Validation Loss: 0.9519
Epoch 62/1000, Train Loss: 0.5966, Validation Loss: 1.4193
Epoch 63/1000, Train Loss: 0.5922, Validation Loss: 0.6114
Epoch 64/1000, Train Loss: 0.5983, Validation Loss: 1.3787
Epoch 65/1000, Train Loss: 0.5836, Validation Loss: 2.7860
Epoch 66/1000, Train Loss: 0.5925, Validation Loss: 1.5147
Epoch 67/1000, Train Loss: 0.5909, Validation Loss: 1.0558
Epoch 68/1000, Train Loss: 0.5953, Validation Loss: 1.0601
Epoch 69/1000, Train Loss: 0.5801, Validation Loss: 0.7182
Epoch 70/1000, Train Loss: 0.5783, Validation Loss: 1.1479
Epoch 71/1000, Train Loss: 0.5741, Validation Loss: 1.7591
Epoch 72/1000, Train Loss: 0.5796, Validation Loss: 1.4609
Epoch 73/1000, Train Loss: 0.5851, Validation Loss: 1.0915
Epoch 74/1000, Train Loss: 0.5734, Validation Loss: 0.5950
Epoch 75/1000, Train Loss: 0.5679, Validation Loss: 0.8832
Epoch 76/1000, Train Loss: 0.5722, Validation Loss: 0.9277
Epoch 77/1000, Train Loss: 0.5627, Validation Loss: 0.6494
Epoch 78/1000, Train Loss: 0.5641, Validation Loss: 0.7458
Epoch 79/1000, Train Loss: 0.5637, Validation Loss: 0.5930
Epoch 80/1000, Train Loss: 0.5681, Validation Loss: 0.9120
Epoch 81/1000, Train Loss: 0.5618, Validation Loss: 1.2830
Epoch 82/1000, Train Loss: 0.5591, Validation Loss: 0.9141
Epoch 83/1000, Train Loss: 0.5608, Validation Loss: 1.0703
Epoch 84/1000, Train Loss: 0.5620, Validation Loss: 1.1442
Epoch 85/1000, Train Loss: 0.5541, Validation Loss: 0.6854
Epoch 86/1000, Train Loss: 0.5580, Validation Loss: 1.6677
Epoch 87/1000, Train Loss: 0.5541, Validation Loss: 0.7979
Epoch 88/1000, Train Loss: 0.5574, Validation Loss: 1.2475
Epoch 89/1000, Train Loss: 0.5537, Validation Loss: 1.2966
Epoch 90/1000, Train Loss: 0.5484, Validation Loss: 0.6354
Epoch 91/1000, Train Loss: 0.5488, Validation Loss: 0.7889
Epoch 92/1000, Train Loss: 0.5511, Validation Loss: 1.5998
Epoch 93/1000, Train Loss: 0.5440, Validation Loss: 1.2012
Epoch 94/1000, Train Loss: 0.5447, Validation Loss: 0.6693
Epoch 95/1000, Train Loss: 0.5506, Validation Loss: 0.8038
Epoch 96/1000, Train Loss: 0.5453, Validation Loss: 0.9459
Epoch 97/1000, Train Loss: 0.5378, Validation Loss: 1.4732
Epoch 98/1000, Train Loss: 0.5336, Validation Loss: 3.0775
Epoch 99/1000, Train Loss: 0.5369, Validation Loss: 0.6215
Epoch 100/1000, Train Loss: 0.5323, Validation Loss: 4.0715
Epoch 101/1000, Train Loss: 0.5361, Validation Loss: 0.9723
Epoch 102/1000, Train Loss: 0.5363, Validation Loss: 3.1500
Epoch 103/1000, Train Loss: 0.5338, Validation Loss: 1.2611
Epoch 104/1000, Train Loss: 0.5326, Validation Loss: 1.6914
Epoch 105/1000, Train Loss: 0.5355, Validation Loss: 6.0320
Epoch 106/1000, Train Loss: 0.5351, Validation Loss: 2.0699
Epoch 107/1000, Train Loss: 0.5338, Validation Loss: 1.0306
Epoch 108/1000, Train Loss: 0.5309, Validation Loss: 1.1718
Epoch 109/1000, Train Loss: 0.5275, Validation Loss: 1.5208
Epoch 110/1000, Train Loss: 0.5243, Validation Loss: 3.4379
Epoch 111/1000, Train Loss: 0.5248, Validation Loss: 1.0487
Epoch 112/1000, Train Loss: 0.5265, Validation Loss: 0.5453
Epoch 113/1000, Train Loss: 0.5237, Validation Loss: 1.2859
Epoch 114/1000, Train Loss: 0.5205, Validation Loss: 1.1174
Epoch 115/1000, Train Loss: 0.5164, Validation Loss: 1.2915
Epoch 116/1000, Train Loss: 0.5220, Validation Loss: 0.7875
Epoch 117/1000, Train Loss: 0.5173, Validation Loss: 1.4356
Epoch 118/1000, Train Loss: 0.5177, Validation Loss: 5.4360
Epoch 119/1000, Train Loss: 0.5176, Validation Loss: 0.6942
Epoch 120/1000, Train Loss: 0.5173, Validation Loss: 0.8146
Epoch 121/1000, Train Loss: 0.5120, Validation Loss: 3.6572
Epoch 122/1000, Train Loss: 0.5125, Validation Loss: 0.7277
Epoch 123/1000, Train Loss: 0.5177, Validation Loss: 2.2006
Epoch 124/1000, Train Loss: 0.5133, Validation Loss: 0.6543
Epoch 125/1000, Train Loss: 0.5098, Validation Loss: 1.9005
Epoch 126/1000, Train Loss: 0.5137, Validation Loss: 3.2507
Epoch 127/1000, Train Loss: 0.5136, Validation Loss: 1.1476
Epoch 128/1000, Train Loss: 0.5147, Validation Loss: 0.5318
Epoch 129/1000, Train Loss: 0.5065, Validation Loss: 0.8170
Epoch 130/1000, Train Loss: 0.5060, Validation Loss: 1.8089
Epoch 131/1000, Train Loss: 0.5077, Validation Loss: 0.8449
Epoch 132/1000, Train Loss: 0.5063, Validation Loss: 3.9288
Epoch 133/1000, Train Loss: 0.5098, Validation Loss: 1.0161
Epoch 134/1000, Train Loss: 0.5066, Validation Loss: 1.1394
Epoch 135/1000, Train Loss: 0.5111, Validation Loss: 1.1315
Epoch 136/1000, Train Loss: 0.5035, Validation Loss: 1.0092
Epoch 137/1000, Train Loss: 0.5035, Validation Loss: 1.6894
Epoch 138/1000, Train Loss: 0.5026, Validation Loss: 4.5371
Epoch 139/1000, Train Loss: 0.5034, Validation Loss: 0.5613
Epoch 140/1000, Train Loss: 0.4999, Validation Loss: 0.5157
Epoch 141/1000, Train Loss: 0.5110, Validation Loss: 0.5854
Epoch 142/1000, Train Loss: 0.4994, Validation Loss: 2.2125
Epoch 143/1000, Train Loss: 0.4989, Validation Loss: 0.5744
Epoch 144/1000, Train Loss: 0.5021, Validation Loss: 1.4250
Epoch 145/1000, Train Loss: 0.5020, Validation Loss: 0.6427
Epoch 146/1000, Train Loss: 0.5012, Validation Loss: 1.2695
Epoch 147/1000, Train Loss: 0.4966, Validation Loss: 1.5011
Epoch 148/1000, Train Loss: 0.4951, Validation Loss: 1.2049
Epoch 149/1000, Train Loss: 0.4949, Validation Loss: 0.8938
Epoch 150/1000, Train Loss: 0.4947, Validation Loss: 0.8504
Epoch 151/1000, Train Loss: 0.4951, Validation Loss: 1.1611
Epoch 152/1000, Train Loss: 0.4927, Validation Loss: 2.9394
Epoch 153/1000, Train Loss: 0.4879, Validation Loss: 0.5550
Epoch 154/1000, Train Loss: 0.4915, Validation Loss: 0.7597
Epoch 155/1000, Train Loss: 0.4941, Validation Loss: 1.1615
Epoch 156/1000, Train Loss: 0.4895, Validation Loss: 0.6373
Epoch 157/1000, Train Loss: 0.4901, Validation Loss: 0.7968
Epoch 158/1000, Train Loss: 0.4926, Validation Loss: 0.9472
Epoch 159/1000, Train Loss: 0.4947, Validation Loss: 0.7860
Epoch 160/1000, Train Loss: 0.4888, Validation Loss: 1.9851
Epoch 161/1000, Train Loss: 0.4912, Validation Loss: 1.7930
Epoch 162/1000, Train Loss: 0.4865, Validation Loss: 1.9033
Epoch 163/1000, Train Loss: 0.4857, Validation Loss: 2.1287
Epoch 164/1000, Train Loss: 0.4941, Validation Loss: 0.5651
Epoch 165/1000, Train Loss: 0.4868, Validation Loss: 0.7561
Epoch 166/1000, Train Loss: 0.4825, Validation Loss: 0.8509
Epoch 167/1000, Train Loss: 0.4929, Validation Loss: 1.8506
Epoch 168/1000, Train Loss: 0.4851, Validation Loss: 0.5157
Epoch 169/1000, Train Loss: 0.4881, Validation Loss: 1.1492
Epoch 170/1000, Train Loss: 0.4808, Validation Loss: 1.2460
Epoch 171/1000, Train Loss: 0.4773, Validation Loss: 0.5340
Epoch 172/1000, Train Loss: 0.4834, Validation Loss: 0.9117
Epoch 173/1000, Train Loss: 0.4887, Validation Loss: 1.2798
Epoch 174/1000, Train Loss: 0.4857, Validation Loss: 1.1242
Epoch 175/1000, Train Loss: 0.4845, Validation Loss: 0.5360
Epoch 176/1000, Train Loss: 0.4837, Validation Loss: 1.3024
Epoch 177/1000, Train Loss: 0.4822, Validation Loss: 3.2800
Epoch 178/1000, Train Loss: 0.4887, Validation Loss: 0.7998
Epoch 179/1000, Train Loss: 0.4830, Validation Loss: 0.6823
Epoch 180/1000, Train Loss: 0.4847, Validation Loss: 2.1826
Epoch 181/1000, Train Loss: 0.4800, Validation Loss: 0.6313
Epoch 182/1000, Train Loss: 0.4796, Validation Loss: 0.6889
Epoch 183/1000, Train Loss: 0.4796, Validation Loss: 1.6978
Epoch 184/1000, Train Loss: 0.4806, Validation Loss: 0.7118
Epoch 185/1000, Train Loss: 0.4778, Validation Loss: 1.9685
Epoch 186/1000, Train Loss: 0.4797, Validation Loss: 0.6316
Epoch 187/1000, Train Loss: 0.4812, Validation Loss: 0.9577
Epoch 188/1000, Train Loss: 0.4784, Validation Loss: 12.0270
Epoch 189/1000, Train Loss: 0.4811, Validation Loss: 0.7327
Epoch 190/1000, Train Loss: 0.4862, Validation Loss: 0.7988
Epoch 191/1000, Train Loss: 0.4787, Validation Loss: 0.7446
Epoch 192/1000, Train Loss: 0.4773, Validation Loss: 2.3128
Epoch 193/1000, Train Loss: 0.4764, Validation Loss: 0.7189
Epoch 194/1000, Train Loss: 0.4822, Validation Loss: 0.7186
Epoch 195/1000, Train Loss: 0.4802, Validation Loss: 0.6564
Epoch 196/1000, Train Loss: 0.4809, Validation Loss: 2.0860
Epoch 197/1000, Train Loss: 0.4803, Validation Loss: 4.2349
Epoch 198/1000, Train Loss: 0.4770, Validation Loss: 0.5549
Epoch 199/1000, Train Loss: 0.4794, Validation Loss: 0.9469
Epoch 200/1000, Train Loss: 0.4778, Validation Loss: 1.2685
Epoch 201/1000, Train Loss: 0.4748, Validation Loss: 1.0575
Epoch 202/1000, Train Loss: 0.4748, Validation Loss: 0.7613
Epoch 203/1000, Train Loss: 0.4734, Validation Loss: 2.4635
Epoch 204/1000, Train Loss: 0.4748, Validation Loss: 0.6893
Epoch 205/1000, Train Loss: 0.4821, Validation Loss: 2.0058
Epoch 206/1000, Train Loss: 0.4752, Validation Loss: 1.3561
Epoch 207/1000, Train Loss: 0.4786, Validation Loss: 1.6467
Epoch 208/1000, Train Loss: 0.4776, Validation Loss: 0.5040
Epoch 209/1000, Train Loss: 0.4780, Validation Loss: 1.1739
Epoch 210/1000, Train Loss: 0.4752, Validation Loss: 1.1051
Epoch 211/1000, Train Loss: 0.4722, Validation Loss: 0.7216
Epoch 212/1000, Train Loss: 0.4753, Validation Loss: 0.6855
Epoch 213/1000, Train Loss: 0.4749, Validation Loss: 0.7340
Epoch 214/1000, Train Loss: 0.4664, Validation Loss: 1.9747
Epoch 215/1000, Train Loss: 0.4705, Validation Loss: 0.6576
Epoch 216/1000, Train Loss: 0.4751, Validation Loss: 3.3511
Epoch 217/1000, Train Loss: 0.4747, Validation Loss: 1.9205
Epoch 218/1000, Train Loss: 0.4719, Validation Loss: 0.5777
Epoch 219/1000, Train Loss: 0.4698, Validation Loss: 0.6668
Epoch 220/1000, Train Loss: 0.4729, Validation Loss: 3.0404
Epoch 221/1000, Train Loss: 0.4668, Validation Loss: 0.5527
Epoch 222/1000, Train Loss: 0.4728, Validation Loss: 1.1753
Epoch 223/1000, Train Loss: 0.4700, Validation Loss: 1.0369
Epoch 224/1000, Train Loss: 0.4728, Validation Loss: 1.4390
Epoch 225/1000, Train Loss: 0.4731, Validation Loss: 0.6832
Epoch 226/1000, Train Loss: 0.4774, Validation Loss: 1.6734
Epoch 227/1000, Train Loss: 0.4887, Validation Loss: 1.1876
Epoch 228/1000, Train Loss: 0.4668, Validation Loss: 3.1068
Epoch 229/1000, Train Loss: 0.4718, Validation Loss: 1.2338
Epoch 230/1000, Train Loss: 0.4676, Validation Loss: 0.4434
Epoch 231/1000, Train Loss: 0.4770, Validation Loss: 0.5637
Epoch 232/1000, Train Loss: 0.4657, Validation Loss: 0.5423
Epoch 233/1000, Train Loss: 0.4663, Validation Loss: 0.8208
Epoch 234/1000, Train Loss: 0.4746, Validation Loss: 0.8145
Epoch 235/1000, Train Loss: 0.4673, Validation Loss: 1.8659
Epoch 236/1000, Train Loss: 0.4668, Validation Loss: 0.8081
Epoch 237/1000, Train Loss: 0.4722, Validation Loss: 0.6485
Epoch 238/1000, Train Loss: 0.4712, Validation Loss: 1.6515
Epoch 239/1000, Train Loss: 0.4681, Validation Loss: 2.3503
Epoch 240/1000, Train Loss: 0.4687, Validation Loss: 2.4596
Epoch 241/1000, Train Loss: 0.4679, Validation Loss: 1.0983
Epoch 242/1000, Train Loss: 0.4686, Validation Loss: 0.9915
Epoch 243/1000, Train Loss: 0.4621, Validation Loss: 0.5898
Epoch 244/1000, Train Loss: 0.4676, Validation Loss: 3.5383
Epoch 245/1000, Train Loss: 0.4724, Validation Loss: 2.6264
Epoch 246/1000, Train Loss: 0.4640, Validation Loss: 0.9996
Epoch 247/1000, Train Loss: 0.4605, Validation Loss: 0.9500
Epoch 248/1000, Train Loss: 0.4643, Validation Loss: 2.0158
Epoch 249/1000, Train Loss: 0.4714, Validation Loss: 0.7515
Epoch 250/1000, Train Loss: 0.4671, Validation Loss: 0.6479
Epoch 251/1000, Train Loss: 0.4619, Validation Loss: 0.4996
Epoch 252/1000, Train Loss: 0.4614, Validation Loss: 0.7798
Epoch 253/1000, Train Loss: 0.4646, Validation Loss: 0.6248
Epoch 254/1000, Train Loss: 0.4919, Validation Loss: 1.5122
Epoch 255/1000, Train Loss: 0.4631, Validation Loss: 0.7176
Epoch 256/1000, Train Loss: 0.4594, Validation Loss: 1.0300
Epoch 257/1000, Train Loss: 0.4623, Validation Loss: 0.7965
Epoch 258/1000, Train Loss: 0.4647, Validation Loss: 0.5874
Epoch 259/1000, Train Loss: 0.4644, Validation Loss: 2.4093
Epoch 260/1000, Train Loss: 0.4686, Validation Loss: 1.7760
Epoch 261/1000, Train Loss: 0.4666, Validation Loss: 0.7387
Epoch 262/1000, Train Loss: 0.4622, Validation Loss: 0.9607
Epoch 263/1000, Train Loss: 0.4604, Validation Loss: 0.8199
Epoch 264/1000, Train Loss: 0.4687, Validation Loss: 0.6284
Epoch 265/1000, Train Loss: 0.4636, Validation Loss: 1.5208
Epoch 266/1000, Train Loss: 0.4616, Validation Loss: 1.2304
Epoch 267/1000, Train Loss: 0.4616, Validation Loss: 5.6679
Epoch 268/1000, Train Loss: 0.4634, Validation Loss: 1.0378
Epoch 269/1000, Train Loss: 0.4554, Validation Loss: 0.6012
Epoch 270/1000, Train Loss: 0.4612, Validation Loss: 0.5681
Epoch 271/1000, Train Loss: 0.4594, Validation Loss: 2.1943
Epoch 272/1000, Train Loss: 0.4571, Validation Loss: 1.0262
Epoch 273/1000, Train Loss: 0.4650, Validation Loss: 0.9746
Epoch 274/1000, Train Loss: 0.4640, Validation Loss: 0.7245
Epoch 275/1000, Train Loss: 0.4638, Validation Loss: 2.0130
Epoch 276/1000, Train Loss: 0.4655, Validation Loss: 3.8817
Epoch 277/1000, Train Loss: 0.4617, Validation Loss: 1.4544
Epoch 278/1000, Train Loss: 0.4652, Validation Loss: 1.4031
Epoch 279/1000, Train Loss: 0.4624, Validation Loss: 1.2593
Epoch 280/1000, Train Loss: 0.4645, Validation Loss: 0.9915
Epoch 281/1000, Train Loss: 0.4598, Validation Loss: 0.7011
Epoch 282/1000, Train Loss: 0.4590, Validation Loss: 0.9625
Epoch 283/1000, Train Loss: 0.4668, Validation Loss: 0.6863
Epoch 284/1000, Train Loss: 0.4624, Validation Loss: 0.9469
Epoch 285/1000, Train Loss: 0.4592, Validation Loss: 0.7853
Epoch 286/1000, Train Loss: 0.4558, Validation Loss: 1.2956
Epoch 287/1000, Train Loss: 0.4608, Validation Loss: 3.7446
Epoch 288/1000, Train Loss: 0.4564, Validation Loss: 2.9547
Epoch 289/1000, Train Loss: 0.4667, Validation Loss: 1.1338
Epoch 290/1000, Train Loss: 0.4625, Validation Loss: 1.6935
Epoch 291/1000, Train Loss: 0.4626, Validation Loss: 4.9559
Epoch 292/1000, Train Loss: 0.4623, Validation Loss: 0.6217
Epoch 293/1000, Train Loss: 0.4587, Validation Loss: 1.2329
Epoch 294/1000, Train Loss: 0.4578, Validation Loss: 0.5548
Epoch 295/1000, Train Loss: 0.4587, Validation Loss: 0.6765
Epoch 296/1000, Train Loss: 0.4591, Validation Loss: 1.1818
Epoch 297/1000, Train Loss: 0.4539, Validation Loss: 1.8705
Epoch 298/1000, Train Loss: 0.4639, Validation Loss: 1.3079
Epoch 299/1000, Train Loss: 0.4577, Validation Loss: 1.2785
Epoch 300/1000, Train Loss: 0.4607, Validation Loss: 1.1736
Epoch 301/1000, Train Loss: 0.4552, Validation Loss: 0.8468
Epoch 302/1000, Train Loss: 0.4567, Validation Loss: 0.9604
Epoch 303/1000, Train Loss: 0.4547, Validation Loss: 0.8134
Epoch 304/1000, Train Loss: 0.4535, Validation Loss: 1.0436
Epoch 305/1000, Train Loss: 0.4573, Validation Loss: 0.7185
Epoch 306/1000, Train Loss: 0.4545, Validation Loss: 1.0933
Epoch 307/1000, Train Loss: 0.4557, Validation Loss: 5.2509
Epoch 308/1000, Train Loss: 0.4523, Validation Loss: 0.6448
Epoch 309/1000, Train Loss: 0.4602, Validation Loss: 3.5067
Epoch 310/1000, Train Loss: 0.4546, Validation Loss: 3.2698
Epoch 311/1000, Train Loss: 0.4616, Validation Loss: 4.9066
Epoch 312/1000, Train Loss: 0.4560, Validation Loss: 1.4794
Epoch 313/1000, Train Loss: 0.4604, Validation Loss: 0.5587
Epoch 314/1000, Train Loss: 0.4576, Validation Loss: 4.3432
Epoch 315/1000, Train Loss: 0.4558, Validation Loss: 2.1455
Epoch 316/1000, Train Loss: 0.4553, Validation Loss: 2.9341
Epoch 317/1000, Train Loss: 0.4531, Validation Loss: 0.7489
Epoch 318/1000, Train Loss: 0.4556, Validation Loss: 0.5419
Epoch 319/1000, Train Loss: 0.4571, Validation Loss: 1.1105
Epoch 320/1000, Train Loss: 0.4480, Validation Loss: 0.4647
Epoch 321/1000, Train Loss: 0.4584, Validation Loss: 1.0201
Epoch 322/1000, Train Loss: 0.4517, Validation Loss: 0.7243
Epoch 323/1000, Train Loss: 0.4573, Validation Loss: 2.8385
Epoch 324/1000, Train Loss: 0.4562, Validation Loss: 1.8158
Epoch 325/1000, Train Loss: 0.4553, Validation Loss: 0.8662
Epoch 326/1000, Train Loss: 0.4504, Validation Loss: 1.2481
Epoch 327/1000, Train Loss: 0.4517, Validation Loss: 0.4918
Epoch 328/1000, Train Loss: 0.4538, Validation Loss: 0.5562
Epoch 329/1000, Train Loss: 0.4504, Validation Loss: 0.6574
Epoch 330/1000, Train Loss: 0.4526, Validation Loss: 1.2136
Epoch 331/1000, Train Loss: 0.4562, Validation Loss: 0.9328
Epoch 332/1000, Train Loss: 0.4550, Validation Loss: 0.7899
Epoch 333/1000, Train Loss: 0.4558, Validation Loss: 0.7241
Epoch 334/1000, Train Loss: 0.4584, Validation Loss: 1.1098
Epoch 335/1000, Train Loss: 0.4512, Validation Loss: 1.4211
Epoch 336/1000, Train Loss: 0.4524, Validation Loss: 0.9638
Epoch 337/1000, Train Loss: 0.4510, Validation Loss: 2.1063
Epoch 338/1000, Train Loss: 0.4538, Validation Loss: 0.5525
Epoch 339/1000, Train Loss: 0.4473, Validation Loss: 1.0924
Epoch 340/1000, Train Loss: 0.4525, Validation Loss: 1.0854
Epoch 341/1000, Train Loss: 0.4507, Validation Loss: 0.9916
Epoch 342/1000, Train Loss: 0.4506, Validation Loss: 0.6364
Epoch 343/1000, Train Loss: 0.4516, Validation Loss: 0.8968
Epoch 344/1000, Train Loss: 0.4490, Validation Loss: 2.6002
Epoch 345/1000, Train Loss: 0.4493, Validation Loss: 0.9099
Epoch 346/1000, Train Loss: 0.4497, Validation Loss: 1.3389
Epoch 347/1000, Train Loss: 0.4503, Validation Loss: 1.3702
Epoch 348/1000, Train Loss: 0.4554, Validation Loss: 3.7273
Epoch 349/1000, Train Loss: 0.4523, Validation Loss: 10.3939
Epoch 350/1000, Train Loss: 0.4568, Validation Loss: 0.4485
Epoch 351/1000, Train Loss: 0.4492, Validation Loss: 0.7784
Epoch 352/1000, Train Loss: 0.4524, Validation Loss: 0.7563
Epoch 353/1000, Train Loss: 0.4465, Validation Loss: 0.7236
Epoch 354/1000, Train Loss: 0.4555, Validation Loss: 0.5808
Epoch 355/1000, Train Loss: 0.4434, Validation Loss: 2.0450
Epoch 356/1000, Train Loss: 0.4466, Validation Loss: 0.6501
Epoch 357/1000, Train Loss: 0.4456, Validation Loss: 0.5909
Epoch 358/1000, Train Loss: 0.4495, Validation Loss: 0.5068
Epoch 359/1000, Train Loss: 0.4457, Validation Loss: 2.0875
Epoch 360/1000, Train Loss: 0.4552, Validation Loss: 0.7558
Epoch 361/1000, Train Loss: 0.4467, Validation Loss: 3.4133
Epoch 362/1000, Train Loss: 0.4469, Validation Loss: 0.8091
Epoch 363/1000, Train Loss: 0.4453, Validation Loss: 1.2623
Epoch 364/1000, Train Loss: 0.4465, Validation Loss: 0.6347
Epoch 365/1000, Train Loss: 0.4483, Validation Loss: 1.8680
Epoch 366/1000, Train Loss: 0.4494, Validation Loss: 0.7490
Epoch 367/1000, Train Loss: 0.4455, Validation Loss: 3.5308
Epoch 368/1000, Train Loss: 0.4451, Validation Loss: 0.4899
Epoch 369/1000, Train Loss: 0.4515, Validation Loss: 0.5580
Epoch 370/1000, Train Loss: 0.4484, Validation Loss: 0.9444
Epoch 371/1000, Train Loss: 0.4506, Validation Loss: 10.1978
Epoch 372/1000, Train Loss: 0.4475, Validation Loss: 2.4084
Epoch 373/1000, Train Loss: 0.4484, Validation Loss: 0.8843
Epoch 374/1000, Train Loss: 0.4481, Validation Loss: 0.8347
Epoch 375/1000, Train Loss: 0.4453, Validation Loss: 0.5738
Epoch 376/1000, Train Loss: 0.4474, Validation Loss: 0.5331
Epoch 377/1000, Train Loss: 0.4495, Validation Loss: 0.9910
Epoch 378/1000, Train Loss: 0.4486, Validation Loss: 0.9526
Epoch 379/1000, Train Loss: 0.4450, Validation Loss: 0.6937
Epoch 380/1000, Train Loss: 0.4457, Validation Loss: 1.5628
Epoch 381/1000, Train Loss: 0.4507, Validation Loss: 4.1870
Epoch 382/1000, Train Loss: 0.4454, Validation Loss: 1.1944
Epoch 383/1000, Train Loss: 0.4474, Validation Loss: 0.7063
Epoch 384/1000, Train Loss: 0.4476, Validation Loss: 11.7502
Epoch 385/1000, Train Loss: 0.4499, Validation Loss: 3.8344
Epoch 386/1000, Train Loss: 0.4548, Validation Loss: 1.0923
Epoch 387/1000, Train Loss: 0.4515, Validation Loss: 2.4180
Epoch 388/1000, Train Loss: 0.4479, Validation Loss: 1.0545
Epoch 389/1000, Train Loss: 0.4469, Validation Loss: 1.2974
Epoch 390/1000, Train Loss: 0.4433, Validation Loss: 0.8494
Epoch 391/1000, Train Loss: 0.4518, Validation Loss: 0.5389
Epoch 392/1000, Train Loss: 0.4502, Validation Loss: 0.8395
Epoch 393/1000, Train Loss: 0.4458, Validation Loss: 0.8042
Epoch 394/1000, Train Loss: 0.4481, Validation Loss: 0.5228
Epoch 395/1000, Train Loss: 0.4471, Validation Loss: 1.4774
Epoch 396/1000, Train Loss: 0.4500, Validation Loss: 0.9044
Epoch 397/1000, Train Loss: 0.4375, Validation Loss: 7.2053
Epoch 398/1000, Train Loss: 0.4477, Validation Loss: 0.5635
Epoch 399/1000, Train Loss: 0.4477, Validation Loss: 1.3356
Epoch 400/1000, Train Loss: 0.4494, Validation Loss: 0.6576
Epoch 401/1000, Train Loss: 0.4430, Validation Loss: 0.4546
Epoch 402/1000, Train Loss: 0.4470, Validation Loss: 2.0836
Epoch 403/1000, Train Loss: 0.4470, Validation Loss: 1.2919
Epoch 404/1000, Train Loss: 0.4456, Validation Loss: 0.9081
Epoch 405/1000, Train Loss: 0.4436, Validation Loss: 0.5322
Epoch 406/1000, Train Loss: 0.4481, Validation Loss: 1.2775
Epoch 407/1000, Train Loss: 0.4484, Validation Loss: 0.4264
Epoch 408/1000, Train Loss: 0.4431, Validation Loss: 0.7969
Epoch 409/1000, Train Loss: 0.4541, Validation Loss: 0.6500
Epoch 410/1000, Train Loss: 0.4432, Validation Loss: 0.6231
Epoch 411/1000, Train Loss: 0.4474, Validation Loss: 0.7183
Epoch 412/1000, Train Loss: 0.4425, Validation Loss: 0.5323
Epoch 413/1000, Train Loss: 0.4435, Validation Loss: 0.5272
Epoch 414/1000, Train Loss: 0.4369, Validation Loss: 0.6216
Epoch 415/1000, Train Loss: 0.4446, Validation Loss: 0.9915
Epoch 416/1000, Train Loss: 0.4380, Validation Loss: 1.2155
Epoch 417/1000, Train Loss: 0.4493, Validation Loss: 0.8239
Epoch 418/1000, Train Loss: 0.4456, Validation Loss: 1.6900
Epoch 419/1000, Train Loss: 0.4399, Validation Loss: 3.8378
Epoch 420/1000, Train Loss: 0.4395, Validation Loss: 0.8245
Epoch 421/1000, Train Loss: 0.4396, Validation Loss: 0.7997
Epoch 422/1000, Train Loss: 0.4424, Validation Loss: 0.6481
Epoch 423/1000, Train Loss: 0.4436, Validation Loss: 0.7974
Epoch 424/1000, Train Loss: 0.4503, Validation Loss: 1.5554
Epoch 425/1000, Train Loss: 0.4419, Validation Loss: 1.0126
Epoch 426/1000, Train Loss: 0.4445, Validation Loss: 0.6011
Epoch 427/1000, Train Loss: 0.4370, Validation Loss: 0.7561
Epoch 428/1000, Train Loss: 0.4412, Validation Loss: 0.5708
Epoch 429/1000, Train Loss: 0.4451, Validation Loss: 0.5243
Epoch 430/1000, Train Loss: 0.4405, Validation Loss: 0.8381
Epoch 431/1000, Train Loss: 0.4400, Validation Loss: 1.3075
Epoch 432/1000, Train Loss: 0.4465, Validation Loss: 1.0482
Epoch 433/1000, Train Loss: 0.4420, Validation Loss: 1.0025
Epoch 434/1000, Train Loss: 0.4399, Validation Loss: 0.7814
Epoch 435/1000, Train Loss: 0.4406, Validation Loss: 0.5278
Epoch 436/1000, Train Loss: 0.4461, Validation Loss: 1.4314
Epoch 437/1000, Train Loss: 0.4407, Validation Loss: 0.7674
Epoch 438/1000, Train Loss: 0.4433, Validation Loss: 0.9958
Epoch 439/1000, Train Loss: 0.4442, Validation Loss: 0.7963
Epoch 440/1000, Train Loss: 0.4478, Validation Loss: 0.6124
Epoch 441/1000, Train Loss: 0.4407, Validation Loss: 0.5834
Epoch 442/1000, Train Loss: 0.4378, Validation Loss: 5.0350
Epoch 443/1000, Train Loss: 0.4434, Validation Loss: 0.8946
Epoch 444/1000, Train Loss: 0.4435, Validation Loss: 1.0013
Epoch 445/1000, Train Loss: 0.4471, Validation Loss: 0.8203
Epoch 446/1000, Train Loss: 0.4382, Validation Loss: 1.8896
Epoch 447/1000, Train Loss: 0.4432, Validation Loss: 0.8277
Epoch 448/1000, Train Loss: 0.4445, Validation Loss: 0.6210
Epoch 449/1000, Train Loss: 0.4445, Validation Loss: 0.9184
Epoch 450/1000, Train Loss: 0.4460, Validation Loss: 1.8076
Epoch 451/1000, Train Loss: 0.4377, Validation Loss: 0.6630
Epoch 452/1000, Train Loss: 0.4422, Validation Loss: 0.9890
Epoch 453/1000, Train Loss: 0.4411, Validation Loss: 1.0977
Epoch 454/1000, Train Loss: 0.4406, Validation Loss: 1.8039
Epoch 455/1000, Train Loss: 0.4423, Validation Loss: 1.4292
Epoch 456/1000, Train Loss: 0.4428, Validation Loss: 0.9876
Epoch 457/1000, Train Loss: 0.4389, Validation Loss: 1.2720
Epoch 458/1000, Train Loss: 0.4466, Validation Loss: 1.2822
Epoch 459/1000, Train Loss: 0.4395, Validation Loss: 0.6522
Epoch 460/1000, Train Loss: 0.4459, Validation Loss: 0.5614
Epoch 461/1000, Train Loss: 0.4411, Validation Loss: 1.6116
Epoch 462/1000, Train Loss: 0.4444, Validation Loss: 0.8687
Epoch 463/1000, Train Loss: 0.4377, Validation Loss: 1.0156
Epoch 464/1000, Train Loss: 0.4359, Validation Loss: 2.6927
Epoch 465/1000, Train Loss: 0.4415, Validation Loss: 0.8928
Epoch 466/1000, Train Loss: 0.4375, Validation Loss: 0.7238
Epoch 467/1000, Train Loss: 0.4404, Validation Loss: 1.4141
Epoch 468/1000, Train Loss: 0.4422, Validation Loss: 0.5832
Epoch 469/1000, Train Loss: 0.4449, Validation Loss: 1.2326
Epoch 470/1000, Train Loss: 0.4427, Validation Loss: 0.7801
Epoch 471/1000, Train Loss: 0.4397, Validation Loss: 3.1596
Epoch 472/1000, Train Loss: 0.4386, Validation Loss: 1.0306
Epoch 473/1000, Train Loss: 0.4387, Validation Loss: 1.0807
Epoch 474/1000, Train Loss: 0.4338, Validation Loss: 1.8631
Epoch 475/1000, Train Loss: 0.4403, Validation Loss: 0.6207
Epoch 476/1000, Train Loss: 0.4396, Validation Loss: 0.9763
Epoch 477/1000, Train Loss: 0.4339, Validation Loss: 0.8999
Epoch 478/1000, Train Loss: 0.4404, Validation Loss: 0.7634
Epoch 479/1000, Train Loss: 0.4390, Validation Loss: 6.6471
Epoch 480/1000, Train Loss: 0.4479, Validation Loss: 0.8961
Epoch 481/1000, Train Loss: 0.4338, Validation Loss: 0.9269
Epoch 482/1000, Train Loss: 0.4411, Validation Loss: 3.0658
Epoch 483/1000, Train Loss: 0.4389, Validation Loss: 2.1578
Epoch 484/1000, Train Loss: 0.4340, Validation Loss: 1.0930
Epoch 485/1000, Train Loss: 0.4381, Validation Loss: 2.3883
Epoch 486/1000, Train Loss: 0.4371, Validation Loss: 1.4226
Epoch 487/1000, Train Loss: 0.4434, Validation Loss: 1.0420
Epoch 488/1000, Train Loss: 0.4382, Validation Loss: 0.8255
Epoch 489/1000, Train Loss: 0.4383, Validation Loss: 1.1152
Epoch 490/1000, Train Loss: 0.4336, Validation Loss: 0.7076
Epoch 491/1000, Train Loss: 0.4342, Validation Loss: 0.6141
Epoch 492/1000, Train Loss: 0.4455, Validation Loss: 2.6727
Epoch 493/1000, Train Loss: 0.4412, Validation Loss: 1.4583
Epoch 494/1000, Train Loss: 0.4412, Validation Loss: 1.5431
Epoch 495/1000, Train Loss: 0.4360, Validation Loss: 1.0625
Epoch 496/1000, Train Loss: 0.4349, Validation Loss: 0.9755
Epoch 497/1000, Train Loss: 0.4381, Validation Loss: 0.8220
Epoch 498/1000, Train Loss: 0.4333, Validation Loss: 0.4830
Epoch 499/1000, Train Loss: 0.4341, Validation Loss: 3.3407
Epoch 500/1000, Train Loss: 0.4418, Validation Loss: 0.8354
Epoch 501/1000, Train Loss: 0.4367, Validation Loss: 0.5460
Epoch 502/1000, Train Loss: 0.4339, Validation Loss: 0.6639
Epoch 503/1000, Train Loss: 0.4402, Validation Loss: 0.5590
Epoch 504/1000, Train Loss: 0.4339, Validation Loss: 0.7714
Epoch 505/1000, Train Loss: 0.4375, Validation Loss: 0.9011
Epoch 506/1000, Train Loss: 0.4480, Validation Loss: 0.8381
Epoch 507/1000, Train Loss: 0.4398, Validation Loss: 0.7818
Epoch 508/1000, Train Loss: 0.4374, Validation Loss: 0.5786
Epoch 509/1000, Train Loss: 0.4415, Validation Loss: 1.0235
Epoch 510/1000, Train Loss: 0.4316, Validation Loss: 0.5514
Epoch 511/1000, Train Loss: 0.4396, Validation Loss: 1.4724
Epoch 512/1000, Train Loss: 0.4425, Validation Loss: 0.6445
Epoch 513/1000, Train Loss: 0.4361, Validation Loss: 0.9228
Epoch 514/1000, Train Loss: 0.4367, Validation Loss: 0.9256
Epoch 515/1000, Train Loss: 0.4398, Validation Loss: 0.8889
Epoch 516/1000, Train Loss: 0.4323, Validation Loss: 0.5483
Epoch 517/1000, Train Loss: 0.4384, Validation Loss: 5.2490
Epoch 518/1000, Train Loss: 0.4346, Validation Loss: 0.7341
Epoch 519/1000, Train Loss: 0.4399, Validation Loss: 1.1482
Epoch 520/1000, Train Loss: 0.4380, Validation Loss: 0.6427
Epoch 521/1000, Train Loss: 0.5117, Validation Loss: 1.4481
Epoch 522/1000, Train Loss: 0.4379, Validation Loss: 0.6726
Epoch 523/1000, Train Loss: 0.4309, Validation Loss: 0.8170
Epoch 524/1000, Train Loss: 0.4405, Validation Loss: 2.1548
Epoch 525/1000, Train Loss: 0.4410, Validation Loss: 0.4349
Epoch 526/1000, Train Loss: 0.4421, Validation Loss: 0.6404
Epoch 527/1000, Train Loss: 0.4393, Validation Loss: 0.8961
Epoch 528/1000, Train Loss: 0.4347, Validation Loss: 0.8346
Epoch 529/1000, Train Loss: 0.4335, Validation Loss: 4.5137
Epoch 530/1000, Train Loss: 0.4384, Validation Loss: 0.5724
Epoch 531/1000, Train Loss: 0.4410, Validation Loss: 1.2269
Epoch 532/1000, Train Loss: 0.4342, Validation Loss: 0.9419
Epoch 533/1000, Train Loss: 0.4356, Validation Loss: 0.4950
Epoch 534/1000, Train Loss: 0.4345, Validation Loss: 0.8684
Epoch 535/1000, Train Loss: 0.4360, Validation Loss: 1.7308
Epoch 536/1000, Train Loss: 0.4387, Validation Loss: 1.3467
Epoch 537/1000, Train Loss: 0.4352, Validation Loss: 0.7896
Epoch 538/1000, Train Loss: 0.4406, Validation Loss: 0.5167
Epoch 539/1000, Train Loss: 0.4399, Validation Loss: 0.8480
Epoch 540/1000, Train Loss: 0.4333, Validation Loss: 0.9184
Epoch 541/1000, Train Loss: 0.4359, Validation Loss: 0.4738
Epoch 542/1000, Train Loss: 0.4343, Validation Loss: 1.0356
Epoch 543/1000, Train Loss: 0.4395, Validation Loss: 0.9832
Epoch 544/1000, Train Loss: 0.4369, Validation Loss: 0.7570
Epoch 545/1000, Train Loss: 0.4335, Validation Loss: 3.4828
Epoch 546/1000, Train Loss: 0.4359, Validation Loss: 0.5200
Epoch 547/1000, Train Loss: 0.4355, Validation Loss: 0.8184
Epoch 548/1000, Train Loss: 0.4347, Validation Loss: 0.7254
Epoch 549/1000, Train Loss: 0.4343, Validation Loss: 0.5563
Epoch 550/1000, Train Loss: 0.4368, Validation Loss: 0.8458
Epoch 551/1000, Train Loss: 0.4365, Validation Loss: 0.6217
Epoch 552/1000, Train Loss: 0.4291, Validation Loss: 0.9222
Epoch 553/1000, Train Loss: 0.4373, Validation Loss: 0.6568
Epoch 554/1000, Train Loss: 0.4298, Validation Loss: 0.7074
Epoch 555/1000, Train Loss: 0.4386, Validation Loss: 1.0514
Epoch 556/1000, Train Loss: 0.4357, Validation Loss: 1.5243
Epoch 557/1000, Train Loss: 0.4338, Validation Loss: 1.0306
Epoch 558/1000, Train Loss: 0.4344, Validation Loss: 1.6740
Epoch 559/1000, Train Loss: 0.4283, Validation Loss: 1.3766
Epoch 560/1000, Train Loss: 0.4335, Validation Loss: 1.2237
Epoch 561/1000, Train Loss: 0.4313, Validation Loss: 0.8879
Epoch 562/1000, Train Loss: 0.4363, Validation Loss: 0.7666
Epoch 563/1000, Train Loss: 0.4363, Validation Loss: 1.0049
Epoch 564/1000, Train Loss: 0.4390, Validation Loss: 0.5607
Epoch 565/1000, Train Loss: 0.4360, Validation Loss: 0.8072
Epoch 566/1000, Train Loss: 0.4386, Validation Loss: 3.2949
Epoch 567/1000, Train Loss: 0.4343, Validation Loss: 0.7577
Epoch 568/1000, Train Loss: 0.4352, Validation Loss: 0.5496
Epoch 569/1000, Train Loss: 0.4364, Validation Loss: 0.6431
Epoch 570/1000, Train Loss: 0.4435, Validation Loss: 3.4621
Epoch 571/1000, Train Loss: 0.4351, Validation Loss: 0.7661
Epoch 572/1000, Train Loss: 0.4350, Validation Loss: 0.5031
Epoch 573/1000, Train Loss: 0.4333, Validation Loss: 0.6795
Epoch 574/1000, Train Loss: 0.4352, Validation Loss: 1.0683
Epoch 575/1000, Train Loss: 0.4329, Validation Loss: 3.2657
Epoch 576/1000, Train Loss: 0.4316, Validation Loss: 0.9956
Epoch 577/1000, Train Loss: 0.4382, Validation Loss: 1.4668
Epoch 578/1000, Train Loss: 0.4328, Validation Loss: 0.9503
Epoch 579/1000, Train Loss: 0.4336, Validation Loss: 2.8077
Epoch 580/1000, Train Loss: 0.4349, Validation Loss: 0.8754
Epoch 581/1000, Train Loss: 0.4390, Validation Loss: 0.4818
Epoch 582/1000, Train Loss: 0.4337, Validation Loss: 1.5332
Epoch 583/1000, Train Loss: 0.4329, Validation Loss: 1.7621
Epoch 584/1000, Train Loss: 0.4341, Validation Loss: 1.3924
Epoch 585/1000, Train Loss: 0.4370, Validation Loss: 1.0550
Epoch 586/1000, Train Loss: 0.4329, Validation Loss: 1.1613
Epoch 587/1000, Train Loss: 0.4290, Validation Loss: 0.5406
Epoch 588/1000, Train Loss: 0.4309, Validation Loss: 0.4730
Epoch 589/1000, Train Loss: 0.4368, Validation Loss: 0.5147
Epoch 590/1000, Train Loss: 0.4415, Validation Loss: 1.2296
Epoch 591/1000, Train Loss: 0.4345, Validation Loss: 11.2011
Epoch 592/1000, Train Loss: 0.4351, Validation Loss: 0.5032
Epoch 593/1000, Train Loss: 0.4285, Validation Loss: 1.9361
Epoch 594/1000, Train Loss: 0.4349, Validation Loss: 0.8996
Epoch 595/1000, Train Loss: 0.4282, Validation Loss: 0.7016
Epoch 596/1000, Train Loss: 0.4381, Validation Loss: 2.0314
Epoch 597/1000, Train Loss: 0.4364, Validation Loss: 1.4351
Epoch 598/1000, Train Loss: 0.4379, Validation Loss: 0.8352
Epoch 599/1000, Train Loss: 0.4334, Validation Loss: 0.6969
Epoch 600/1000, Train Loss: 0.4338, Validation Loss: 1.0058
Epoch 601/1000, Train Loss: 0.4350, Validation Loss: 1.0112
Epoch 602/1000, Train Loss: 0.4346, Validation Loss: 1.2913
Epoch 603/1000, Train Loss: 0.4329, Validation Loss: 0.7374
Epoch 604/1000, Train Loss: 0.4304, Validation Loss: 0.9261
Epoch 605/1000, Train Loss: 0.4324, Validation Loss: 0.7423
Epoch 606/1000, Train Loss: 0.4348, Validation Loss: 5.5390
Epoch 607/1000, Train Loss: 0.4383, Validation Loss: 1.1781
Epoch 608/1000, Train Loss: 0.4343, Validation Loss: 0.5975
Epoch 609/1000, Train Loss: 0.4308, Validation Loss: 0.7340
Epoch 610/1000, Train Loss: 0.4361, Validation Loss: 4.7749
Epoch 611/1000, Train Loss: 0.4341, Validation Loss: 1.0385
Epoch 612/1000, Train Loss: 0.4333, Validation Loss: 2.3497
Epoch 613/1000, Train Loss: 0.4303, Validation Loss: 0.4915
Epoch 614/1000, Train Loss: 0.4315, Validation Loss: 1.2772
Epoch 615/1000, Train Loss: 0.4296, Validation Loss: 0.5155
Epoch 616/1000, Train Loss: 0.4330, Validation Loss: 0.6608
Epoch 617/1000, Train Loss: 0.4296, Validation Loss: 1.4167
Epoch 618/1000, Train Loss: 0.4333, Validation Loss: 0.8584
Epoch 619/1000, Train Loss: 0.4335, Validation Loss: 2.0989
Epoch 620/1000, Train Loss: 0.4339, Validation Loss: 0.6891
Epoch 621/1000, Train Loss: 0.4335, Validation Loss: 0.8973
Epoch 622/1000, Train Loss: 0.4315, Validation Loss: 0.9591
Epoch 623/1000, Train Loss: 0.4304, Validation Loss: 0.5389
Epoch 624/1000, Train Loss: 0.4331, Validation Loss: 1.9053
Epoch 625/1000, Train Loss: 0.4366, Validation Loss: 2.9163
Epoch 626/1000, Train Loss: 0.4342, Validation Loss: 0.6529
Epoch 627/1000, Train Loss: 0.4283, Validation Loss: 0.7411
Epoch 628/1000, Train Loss: 0.4298, Validation Loss: 0.7456
Epoch 629/1000, Train Loss: 0.4306, Validation Loss: 2.0142
Epoch 630/1000, Train Loss: 0.4394, Validation Loss: 1.2462
Epoch 631/1000, Train Loss: 0.4317, Validation Loss: 0.7970
Epoch 632/1000, Train Loss: 0.4329, Validation Loss: 0.9424
Epoch 633/1000, Train Loss: 0.4343, Validation Loss: 0.7644
Epoch 634/1000, Train Loss: 0.4289, Validation Loss: 0.7389
Epoch 635/1000, Train Loss: 0.4276, Validation Loss: 0.6451
Epoch 636/1000, Train Loss: 0.4359, Validation Loss: 0.6900
Epoch 637/1000, Train Loss: 0.4335, Validation Loss: 0.7433
Epoch 638/1000, Train Loss: 0.4262, Validation Loss: 0.7289
Epoch 639/1000, Train Loss: 0.4316, Validation Loss: 0.5692
Epoch 640/1000, Train Loss: 0.4352, Validation Loss: 1.4289
Epoch 641/1000, Train Loss: 0.4394, Validation Loss: 1.4942
Epoch 642/1000, Train Loss: 0.4345, Validation Loss: 0.5779
Epoch 643/1000, Train Loss: 0.4376, Validation Loss: 0.5759
Epoch 644/1000, Train Loss: 0.4361, Validation Loss: 0.7934
Epoch 645/1000, Train Loss: 0.4309, Validation Loss: 1.1300
Epoch 646/1000, Train Loss: 0.4338, Validation Loss: 1.0261
Epoch 647/1000, Train Loss: 0.4322, Validation Loss: 1.2841
Epoch 648/1000, Train Loss: 0.4328, Validation Loss: 1.1488
Epoch 649/1000, Train Loss: 0.4307, Validation Loss: 0.4565
Epoch 650/1000, Train Loss: 0.4365, Validation Loss: 0.7949
Epoch 651/1000, Train Loss: 0.4371, Validation Loss: 1.6541
Epoch 652/1000, Train Loss: 0.4340, Validation Loss: 0.8702
Epoch 653/1000, Train Loss: 0.4297, Validation Loss: 0.9877
Epoch 654/1000, Train Loss: 0.4296, Validation Loss: 0.4950
Epoch 655/1000, Train Loss: 0.4277, Validation Loss: 2.5647
Epoch 656/1000, Train Loss: 0.4252, Validation Loss: 0.6008
Epoch 657/1000, Train Loss: 0.4304, Validation Loss: 0.6651
Epoch 658/1000, Train Loss: 0.4388, Validation Loss: 0.8603
Epoch 659/1000, Train Loss: 0.4360, Validation Loss: 1.1221
Epoch 660/1000, Train Loss: 0.4293, Validation Loss: 1.7396
Epoch 661/1000, Train Loss: 0.4345, Validation Loss: 0.4565
Epoch 662/1000, Train Loss: 0.4341, Validation Loss: 0.4675
Epoch 663/1000, Train Loss: 0.4364, Validation Loss: 3.1855
Epoch 664/1000, Train Loss: 0.4331, Validation Loss: 0.9330
Epoch 665/1000, Train Loss: 0.4312, Validation Loss: 0.7540
Epoch 666/1000, Train Loss: 0.4336, Validation Loss: 2.7901
Epoch 667/1000, Train Loss: 0.4324, Validation Loss: 0.7384
Epoch 668/1000, Train Loss: 0.4330, Validation Loss: 1.0240
Epoch 669/1000, Train Loss: 0.4336, Validation Loss: 0.8291
Epoch 670/1000, Train Loss: 0.4389, Validation Loss: 0.8832
Epoch 671/1000, Train Loss: 0.4316, Validation Loss: 0.5685
Epoch 672/1000, Train Loss: 0.4307, Validation Loss: 0.9857
Epoch 673/1000, Train Loss: 0.4274, Validation Loss: 1.4973
Epoch 674/1000, Train Loss: 0.4336, Validation Loss: 0.9030
Epoch 675/1000, Train Loss: 0.4291, Validation Loss: 0.7905
Epoch 676/1000, Train Loss: 0.4349, Validation Loss: 0.6235
Epoch 677/1000, Train Loss: 0.4295, Validation Loss: 1.2349
Epoch 678/1000, Train Loss: 0.4293, Validation Loss: 1.3140
Epoch 679/1000, Train Loss: 0.4321, Validation Loss: 0.8771
Epoch 680/1000, Train Loss: 0.4269, Validation Loss: 0.8311
Epoch 681/1000, Train Loss: 0.4325, Validation Loss: 1.0168
Epoch 682/1000, Train Loss: 0.4251, Validation Loss: 0.8839
Epoch 683/1000, Train Loss: 0.4287, Validation Loss: 1.1326
Epoch 684/1000, Train Loss: 0.4296, Validation Loss: 1.1817
Epoch 685/1000, Train Loss: 0.4263, Validation Loss: 1.1001
Epoch 686/1000, Train Loss: 0.4278, Validation Loss: 0.9274
Epoch 687/1000, Train Loss: 0.4270, Validation Loss: 6.1698
Epoch 688/1000, Train Loss: 0.4327, Validation Loss: 0.8455
Epoch 689/1000, Train Loss: 0.4269, Validation Loss: 0.8877
Epoch 690/1000, Train Loss: 0.4337, Validation Loss: 0.8965
Epoch 691/1000, Train Loss: 0.4278, Validation Loss: 2.1590
Epoch 692/1000, Train Loss: 0.4297, Validation Loss: 18.6524
Epoch 693/1000, Train Loss: 0.4259, Validation Loss: 1.0678
Epoch 694/1000, Train Loss: 0.4263, Validation Loss: 1.0242
Epoch 695/1000, Train Loss: 0.4290, Validation Loss: 0.7378
Epoch 696/1000, Train Loss: 0.4302, Validation Loss: 0.6147
Epoch 697/1000, Train Loss: 0.4317, Validation Loss: 0.9845
Epoch 698/1000, Train Loss: 0.4316, Validation Loss: 0.5204
Epoch 699/1000, Train Loss: 0.4292, Validation Loss: 1.1725
Epoch 700/1000, Train Loss: 0.4287, Validation Loss: 1.2828
Epoch 701/1000, Train Loss: 0.4316, Validation Loss: 1.6659
Epoch 702/1000, Train Loss: 0.4286, Validation Loss: 0.8274
Epoch 703/1000, Train Loss: 0.4264, Validation Loss: 2.5376
Epoch 704/1000, Train Loss: 0.4361, Validation Loss: 0.9255
Epoch 705/1000, Train Loss: 0.4299, Validation Loss: 0.9007
Epoch 706/1000, Train Loss: 0.4259, Validation Loss: 0.7231
Epoch 707/1000, Train Loss: 0.4290, Validation Loss: 0.5605
Epoch 708/1000, Train Loss: 0.4275, Validation Loss: 0.8665
Epoch 709/1000, Train Loss: 0.4279, Validation Loss: 1.3130
Epoch 710/1000, Train Loss: 0.4277, Validation Loss: 1.2551
Epoch 711/1000, Train Loss: 0.4330, Validation Loss: 0.4885
Epoch 712/1000, Train Loss: 0.4287, Validation Loss: 0.6278
Epoch 713/1000, Train Loss: 0.4304, Validation Loss: 1.5914
Epoch 714/1000, Train Loss: 0.4248, Validation Loss: 1.4086
Epoch 715/1000, Train Loss: 0.4274, Validation Loss: 2.0190
Epoch 716/1000, Train Loss: 0.4282, Validation Loss: 0.6517
Epoch 717/1000, Train Loss: 0.4297, Validation Loss: 0.8392
Epoch 718/1000, Train Loss: 0.4300, Validation Loss: 0.7432
Epoch 719/1000, Train Loss: 0.4324, Validation Loss: 0.5850
Epoch 720/1000, Train Loss: 0.4351, Validation Loss: 1.5597
Epoch 721/1000, Train Loss: 0.4285, Validation Loss: 2.1251
Epoch 722/1000, Train Loss: 0.4324, Validation Loss: 1.4564
Epoch 723/1000, Train Loss: 0.4293, Validation Loss: 0.6489
Epoch 724/1000, Train Loss: 0.4307, Validation Loss: 0.8444
Epoch 725/1000, Train Loss: 0.4330, Validation Loss: 1.7984
Epoch 726/1000, Train Loss: 0.4329, Validation Loss: 0.6417
Epoch 727/1000, Train Loss: 0.4291, Validation Loss: 1.7677
Epoch 728/1000, Train Loss: 0.4292, Validation Loss: 2.0174
Epoch 729/1000, Train Loss: 0.4288, Validation Loss: 0.6644
Epoch 730/1000, Train Loss: 0.4274, Validation Loss: 0.4582
Epoch 731/1000, Train Loss: 0.4287, Validation Loss: 2.5137
Epoch 732/1000, Train Loss: 0.4301, Validation Loss: 1.0828
Epoch 733/1000, Train Loss: 0.4293, Validation Loss: 4.8683
Epoch 734/1000, Train Loss: 0.4282, Validation Loss: 1.3661
Epoch 735/1000, Train Loss: 0.4299, Validation Loss: 1.4484
Epoch 736/1000, Train Loss: 0.4244, Validation Loss: 0.7921
Epoch 737/1000, Train Loss: 0.4277, Validation Loss: 0.8264
Epoch 738/1000, Train Loss: 0.4279, Validation Loss: 1.3386
Epoch 739/1000, Train Loss: 0.4294, Validation Loss: 0.6131
Epoch 740/1000, Train Loss: 0.4299, Validation Loss: 0.6854
Epoch 741/1000, Train Loss: 0.4223, Validation Loss: 0.7972
Epoch 742/1000, Train Loss: 0.4295, Validation Loss: 0.7509
Epoch 743/1000, Train Loss: 0.4211, Validation Loss: 1.1370
Epoch 744/1000, Train Loss: 0.4281, Validation Loss: 0.7913
Epoch 745/1000, Train Loss: 0.4286, Validation Loss: 2.1573
Epoch 746/1000, Train Loss: 0.4305, Validation Loss: 2.1349
Epoch 747/1000, Train Loss: 0.4307, Validation Loss: 0.7585
Epoch 748/1000, Train Loss: 0.4219, Validation Loss: 2.1291
Epoch 749/1000, Train Loss: 0.4263, Validation Loss: 0.7773
Epoch 750/1000, Train Loss: 0.4229, Validation Loss: 0.5019
Epoch 751/1000, Train Loss: 0.4298, Validation Loss: 0.7386
Epoch 752/1000, Train Loss: 0.4315, Validation Loss: 1.1332
Epoch 753/1000, Train Loss: 0.4322, Validation Loss: 1.0245
Epoch 754/1000, Train Loss: 0.4292, Validation Loss: 1.4179
Epoch 755/1000, Train Loss: 0.4236, Validation Loss: 1.0207
Epoch 756/1000, Train Loss: 0.4295, Validation Loss: 1.2767
Epoch 757/1000, Train Loss: 0.4322, Validation Loss: 0.5086
Epoch 758/1000, Train Loss: 0.4244, Validation Loss: 0.8972
Epoch 759/1000, Train Loss: 0.4263, Validation Loss: 2.6200
Epoch 760/1000, Train Loss: 0.4220, Validation Loss: 3.4170
Epoch 761/1000, Train Loss: 0.4254, Validation Loss: 0.7338
Epoch 762/1000, Train Loss: 0.4285, Validation Loss: 0.5356
Epoch 763/1000, Train Loss: 0.4261, Validation Loss: 1.3140
Epoch 764/1000, Train Loss: 0.4263, Validation Loss: 0.7784
Epoch 765/1000, Train Loss: 0.4248, Validation Loss: 0.6760
Epoch 766/1000, Train Loss: 0.4301, Validation Loss: 1.3755
Epoch 767/1000, Train Loss: 0.4191, Validation Loss: 0.6127
Epoch 768/1000, Train Loss: 0.4223, Validation Loss: 0.9495
Epoch 769/1000, Train Loss: 0.4261, Validation Loss: 1.3193
Epoch 770/1000, Train Loss: 0.4323, Validation Loss: 1.0488
Epoch 771/1000, Train Loss: 0.4260, Validation Loss: 0.6850
Epoch 772/1000, Train Loss: 0.4319, Validation Loss: 1.4104
Epoch 773/1000, Train Loss: 0.4239, Validation Loss: 0.7241
Epoch 774/1000, Train Loss: 0.4252, Validation Loss: 0.8080
Epoch 775/1000, Train Loss: 0.4343, Validation Loss: 8.6734
Epoch 776/1000, Train Loss: 0.4283, Validation Loss: 0.5647
Epoch 777/1000, Train Loss: 0.4271, Validation Loss: 0.8746
Epoch 778/1000, Train Loss: 0.4318, Validation Loss: 0.8454
Epoch 779/1000, Train Loss: 0.4298, Validation Loss: 1.4623
Epoch 780/1000, Train Loss: 0.4255, Validation Loss: 1.0677
Epoch 781/1000, Train Loss: 0.4195, Validation Loss: 1.0979
Epoch 782/1000, Train Loss: 0.4320, Validation Loss: 1.0661
Epoch 783/1000, Train Loss: 0.4261, Validation Loss: 0.8664
Epoch 784/1000, Train Loss: 0.4241, Validation Loss: 1.5744
Epoch 785/1000, Train Loss: 0.4197, Validation Loss: 2.1724
Epoch 786/1000, Train Loss: 0.4372, Validation Loss: 2.4240
Epoch 787/1000, Train Loss: 0.4244, Validation Loss: 1.1559
Epoch 788/1000, Train Loss: 0.4235, Validation Loss: 0.9177
Epoch 789/1000, Train Loss: 0.4260, Validation Loss: 0.6494
Epoch 790/1000, Train Loss: 0.4333, Validation Loss: 0.8650
Epoch 791/1000, Train Loss: 0.4260, Validation Loss: 0.9319
Epoch 792/1000, Train Loss: 0.4275, Validation Loss: 0.8987
Epoch 793/1000, Train Loss: 0.4224, Validation Loss: 0.6364
Epoch 794/1000, Train Loss: 0.4258, Validation Loss: 1.6379
Epoch 795/1000, Train Loss: 0.4234, Validation Loss: 1.1405
Epoch 796/1000, Train Loss: 0.4303, Validation Loss: 0.7626
Epoch 797/1000, Train Loss: 0.4345, Validation Loss: 0.7701
Epoch 798/1000, Train Loss: 0.4252, Validation Loss: 0.6626
Epoch 799/1000, Train Loss: 0.4277, Validation Loss: 1.0279
Epoch 800/1000, Train Loss: 0.4238, Validation Loss: 2.1620
Epoch 801/1000, Train Loss: 0.4256, Validation Loss: 0.6887
Epoch 802/1000, Train Loss: 0.4268, Validation Loss: 0.5798
Epoch 803/1000, Train Loss: 0.4186, Validation Loss: 0.6750
Epoch 804/1000, Train Loss: 0.4263, Validation Loss: 1.5225
Epoch 805/1000, Train Loss: 0.4321, Validation Loss: 0.4492
Epoch 806/1000, Train Loss: 0.4189, Validation Loss: 1.0730
Epoch 807/1000, Train Loss: 0.4236, Validation Loss: 0.5256
Epoch 808/1000, Train Loss: 0.4265, Validation Loss: 1.7156
Epoch 809/1000, Train Loss: 0.4250, Validation Loss: 1.3969
Epoch 810/1000, Train Loss: 0.4331, Validation Loss: 0.7438
Epoch 811/1000, Train Loss: 0.4290, Validation Loss: 1.5307
Epoch 812/1000, Train Loss: 0.4290, Validation Loss: 1.1160
Epoch 813/1000, Train Loss: 0.4259, Validation Loss: 0.8661
Epoch 814/1000, Train Loss: 0.4248, Validation Loss: 1.4007
Epoch 815/1000, Train Loss: 0.4241, Validation Loss: 0.9109
Epoch 816/1000, Train Loss: 0.4260, Validation Loss: 1.8785
Epoch 817/1000, Train Loss: 0.4219, Validation Loss: 1.2997
Epoch 818/1000, Train Loss: 0.4223, Validation Loss: 0.8639
Epoch 819/1000, Train Loss: 0.4253, Validation Loss: 0.8551
Epoch 820/1000, Train Loss: 0.4256, Validation Loss: 0.5117
Epoch 821/1000, Train Loss: 0.4210, Validation Loss: 1.0801
Epoch 822/1000, Train Loss: 0.4268, Validation Loss: 0.6491
Epoch 823/1000, Train Loss: 0.4257, Validation Loss: 1.1184
Epoch 824/1000, Train Loss: 0.4269, Validation Loss: 1.1708
Epoch 825/1000, Train Loss: 0.4233, Validation Loss: 0.7729
Epoch 826/1000, Train Loss: 0.4264, Validation Loss: 0.6779
Epoch 827/1000, Train Loss: 0.4247, Validation Loss: 0.9428
Epoch 828/1000, Train Loss: 0.4240, Validation Loss: 1.2850
Epoch 829/1000, Train Loss: 0.4221, Validation Loss: 0.5503
Epoch 830/1000, Train Loss: 0.4215, Validation Loss: 0.7875
Epoch 831/1000, Train Loss: 0.4275, Validation Loss: 1.1036
Epoch 832/1000, Train Loss: 0.4287, Validation Loss: 1.0056
Epoch 833/1000, Train Loss: 0.4237, Validation Loss: 0.7427
Epoch 834/1000, Train Loss: 0.4269, Validation Loss: 0.6948
Epoch 835/1000, Train Loss: 0.4267, Validation Loss: 1.5993
Epoch 836/1000, Train Loss: 0.4186, Validation Loss: 0.8520
Epoch 837/1000, Train Loss: 0.4277, Validation Loss: 2.2866
Epoch 838/1000, Train Loss: 0.4183, Validation Loss: 0.8980
Epoch 839/1000, Train Loss: 0.4264, Validation Loss: 2.0576
Epoch 840/1000, Train Loss: 0.4358, Validation Loss: 0.9151
Epoch 841/1000, Train Loss: 0.4298, Validation Loss: 1.1846
Epoch 842/1000, Train Loss: 0.4234, Validation Loss: 0.8220
Epoch 843/1000, Train Loss: 0.4226, Validation Loss: 0.6019
Epoch 844/1000, Train Loss: 0.4219, Validation Loss: 0.7018
Epoch 845/1000, Train Loss: 0.4181, Validation Loss: 0.7631
Epoch 846/1000, Train Loss: 0.4221, Validation Loss: 0.4378
Epoch 847/1000, Train Loss: 0.4236, Validation Loss: 0.5531
Epoch 848/1000, Train Loss: 0.4208, Validation Loss: 0.5574
Epoch 849/1000, Train Loss: 0.4199, Validation Loss: 1.5797
Epoch 850/1000, Train Loss: 0.4242, Validation Loss: 1.1635
Epoch 851/1000, Train Loss: 0.4221, Validation Loss: 1.1218
Epoch 852/1000, Train Loss: 0.4197, Validation Loss: 0.5081
Epoch 853/1000, Train Loss: 0.4230, Validation Loss: 1.8169
Epoch 854/1000, Train Loss: 0.4190, Validation Loss: 2.8778
Epoch 855/1000, Train Loss: 0.4216, Validation Loss: 1.3070
Epoch 856/1000, Train Loss: 0.4226, Validation Loss: 1.4284
Epoch 857/1000, Train Loss: 0.4206, Validation Loss: 0.7259
Epoch 858/1000, Train Loss: 0.4196, Validation Loss: 0.7865
Epoch 859/1000, Train Loss: 0.4239, Validation Loss: 0.8242
Epoch 860/1000, Train Loss: 0.4272, Validation Loss: 1.8714
Epoch 861/1000, Train Loss: 0.4206, Validation Loss: 0.8153
Epoch 862/1000, Train Loss: 0.4238, Validation Loss: 0.9481
Epoch 863/1000, Train Loss: 0.4237, Validation Loss: 0.7381
Epoch 864/1000, Train Loss: 0.4217, Validation Loss: 1.2344
Epoch 865/1000, Train Loss: 0.4304, Validation Loss: 1.4257
Epoch 866/1000, Train Loss: 0.4295, Validation Loss: 0.8651
Epoch 867/1000, Train Loss: 0.4207, Validation Loss: 2.2331
Epoch 868/1000, Train Loss: 0.4208, Validation Loss: 1.2170
Epoch 869/1000, Train Loss: 0.4217, Validation Loss: 1.4365
Epoch 870/1000, Train Loss: 0.4259, Validation Loss: 1.0481
Epoch 871/1000, Train Loss: 0.4236, Validation Loss: 2.3987
Epoch 872/1000, Train Loss: 0.4230, Validation Loss: 1.2255
Epoch 873/1000, Train Loss: 0.4224, Validation Loss: 0.9442
Epoch 874/1000, Train Loss: 0.4225, Validation Loss: 1.0863
Epoch 875/1000, Train Loss: 0.4259, Validation Loss: 5.9103
Epoch 876/1000, Train Loss: 0.4270, Validation Loss: 1.0059
Epoch 877/1000, Train Loss: 0.4226, Validation Loss: 0.7325
Epoch 878/1000, Train Loss: 0.4198, Validation Loss: 0.8495
Epoch 879/1000, Train Loss: 0.4199, Validation Loss: 0.7315
Epoch 880/1000, Train Loss: 0.4336, Validation Loss: 2.2995
Epoch 881/1000, Train Loss: 0.4191, Validation Loss: 1.2729
Epoch 882/1000, Train Loss: 0.4235, Validation Loss: 1.1722
Epoch 883/1000, Train Loss: 0.4255, Validation Loss: 0.7711
Epoch 884/1000, Train Loss: 0.4285, Validation Loss: 1.9201
Epoch 885/1000, Train Loss: 0.4279, Validation Loss: 3.1128
Epoch 886/1000, Train Loss: 0.4154, Validation Loss: 4.7742
Epoch 887/1000, Train Loss: 0.4219, Validation Loss: 0.4737
Epoch 888/1000, Train Loss: 0.4222, Validation Loss: 0.9950
Epoch 889/1000, Train Loss: 0.4210, Validation Loss: 3.4564
Epoch 890/1000, Train Loss: 0.4198, Validation Loss: 0.9343
Epoch 891/1000, Train Loss: 0.4278, Validation Loss: 0.9772
Epoch 892/1000, Train Loss: 0.4269, Validation Loss: 0.7293
Epoch 893/1000, Train Loss: 0.4218, Validation Loss: 3.6513
Epoch 894/1000, Train Loss: 0.4241, Validation Loss: 0.4518
Epoch 895/1000, Train Loss: 0.4217, Validation Loss: 2.0231
Epoch 896/1000, Train Loss: 0.4184, Validation Loss: 2.2328
Epoch 897/1000, Train Loss: 0.4159, Validation Loss: 1.1602
Epoch 898/1000, Train Loss: 0.4236, Validation Loss: 3.3012
Epoch 899/1000, Train Loss: 0.4231, Validation Loss: 0.9399
Epoch 900/1000, Train Loss: 0.4187, Validation Loss: 1.5386
Epoch 901/1000, Train Loss: 0.4183, Validation Loss: 0.6563
Epoch 902/1000, Train Loss: 0.4208, Validation Loss: 0.9553
Epoch 903/1000, Train Loss: 0.4246, Validation Loss: 2.0561
Epoch 904/1000, Train Loss: 0.4223, Validation Loss: 1.1194
Epoch 905/1000, Train Loss: 0.4227, Validation Loss: 0.8065
Epoch 906/1000, Train Loss: 0.4232, Validation Loss: 1.3039
Epoch 907/1000, Train Loss: 0.4144, Validation Loss: 1.2410
Epoch 908/1000, Train Loss: 0.4181, Validation Loss: 1.3822
Epoch 909/1000, Train Loss: 0.4212, Validation Loss: 0.6931
Epoch 910/1000, Train Loss: 0.4204, Validation Loss: 3.2155
Epoch 911/1000, Train Loss: 0.4189, Validation Loss: 2.8198
Epoch 912/1000, Train Loss: 0.4220, Validation Loss: 0.9014
Epoch 913/1000, Train Loss: 0.4148, Validation Loss: 0.6367
Epoch 914/1000, Train Loss: 0.4234, Validation Loss: 3.1425
Epoch 915/1000, Train Loss: 0.4238, Validation Loss: 1.2742
Epoch 916/1000, Train Loss: 0.4228, Validation Loss: 0.5647
Epoch 917/1000, Train Loss: 0.4191, Validation Loss: 1.6930
Epoch 918/1000, Train Loss: 0.4198, Validation Loss: 1.1909
Epoch 919/1000, Train Loss: 0.4195, Validation Loss: 0.8239
Epoch 920/1000, Train Loss: 0.4151, Validation Loss: 2.7781
Epoch 921/1000, Train Loss: 0.4205, Validation Loss: 0.6545
Epoch 922/1000, Train Loss: 0.4201, Validation Loss: 1.0716
Epoch 923/1000, Train Loss: 0.4196, Validation Loss: 1.7493
Epoch 924/1000, Train Loss: 0.4205, Validation Loss: 0.9372
Epoch 925/1000, Train Loss: 0.4160, Validation Loss: 4.1571
Epoch 926/1000, Train Loss: 0.4210, Validation Loss: 0.5652
Epoch 927/1000, Train Loss: 0.4164, Validation Loss: 0.6238
Epoch 928/1000, Train Loss: 0.4224, Validation Loss: 1.4587
Epoch 929/1000, Train Loss: 0.4228, Validation Loss: 0.6254
Epoch 930/1000, Train Loss: 0.4271, Validation Loss: 0.9144
Epoch 931/1000, Train Loss: 0.4181, Validation Loss: 0.9383
Epoch 932/1000, Train Loss: 0.4154, Validation Loss: 1.3324
Epoch 933/1000, Train Loss: 0.4202, Validation Loss: 2.5145
Epoch 934/1000, Train Loss: 0.4147, Validation Loss: 2.1716
Epoch 935/1000, Train Loss: 0.4218, Validation Loss: 0.7055
Epoch 936/1000, Train Loss: 0.4179, Validation Loss: 0.5357
Epoch 937/1000, Train Loss: 0.4179, Validation Loss: 1.2916
Epoch 938/1000, Train Loss: 0.4183, Validation Loss: 2.1344
Epoch 939/1000, Train Loss: 0.4299, Validation Loss: 0.9204
Epoch 940/1000, Train Loss: 0.4195, Validation Loss: 1.8707
Epoch 941/1000, Train Loss: 0.4216, Validation Loss: 0.5555
Epoch 942/1000, Train Loss: 0.4225, Validation Loss: 0.7334
Epoch 943/1000, Train Loss: 0.4221, Validation Loss: 0.4588
Epoch 944/1000, Train Loss: 0.4177, Validation Loss: 3.4128
Epoch 945/1000, Train Loss: 0.4196, Validation Loss: 0.6132
Epoch 946/1000, Train Loss: 0.4201, Validation Loss: 0.6900
Epoch 947/1000, Train Loss: 0.4129, Validation Loss: 0.5591
Epoch 948/1000, Train Loss: 0.4152, Validation Loss: 1.0764
Epoch 949/1000, Train Loss: 0.4116, Validation Loss: 2.9150
Epoch 950/1000, Train Loss: 0.4176, Validation Loss: 2.8238
Epoch 951/1000, Train Loss: 0.4191, Validation Loss: 1.3366
Epoch 952/1000, Train Loss: 0.4207, Validation Loss: 0.8355
Epoch 953/1000, Train Loss: 0.4176, Validation Loss: 0.7890
Epoch 954/1000, Train Loss: 0.4224, Validation Loss: 0.8416
Epoch 955/1000, Train Loss: 0.4116, Validation Loss: 0.8585
Epoch 956/1000, Train Loss: 0.4181, Validation Loss: 0.6983
Epoch 957/1000, Train Loss: 0.4192, Validation Loss: 1.5083
Epoch 958/1000, Train Loss: 0.4236, Validation Loss: 1.0522
Epoch 959/1000, Train Loss: 0.4228, Validation Loss: 0.7404
Epoch 960/1000, Train Loss: 0.4133, Validation Loss: 3.0297
Epoch 961/1000, Train Loss: 0.4165, Validation Loss: 0.8423
Epoch 962/1000, Train Loss: 0.4182, Validation Loss: 3.9162
Epoch 963/1000, Train Loss: 0.4221, Validation Loss: 1.0462
Epoch 964/1000, Train Loss: 0.4197, Validation Loss: 1.1994
Epoch 965/1000, Train Loss: 0.4162, Validation Loss: 1.2158
Epoch 966/1000, Train Loss: 0.4227, Validation Loss: 1.2721
Epoch 967/1000, Train Loss: 0.4238, Validation Loss: 0.6961
Epoch 968/1000, Train Loss: 0.4180, Validation Loss: 0.6523
Epoch 969/1000, Train Loss: 0.4185, Validation Loss: 0.6289
Epoch 970/1000, Train Loss: 0.4214, Validation Loss: 0.6878
Epoch 971/1000, Train Loss: 0.4187, Validation Loss: 0.6070
Epoch 972/1000, Train Loss: 0.4143, Validation Loss: 4.7917
Epoch 973/1000, Train Loss: 0.4186, Validation Loss: 1.3160
Epoch 974/1000, Train Loss: 0.4207, Validation Loss: 1.5476
Epoch 975/1000, Train Loss: 0.4188, Validation Loss: 1.0201
Epoch 976/1000, Train Loss: 0.4155, Validation Loss: 3.1970
Epoch 977/1000, Train Loss: 0.4106, Validation Loss: 4.4168
Epoch 978/1000, Train Loss: 0.4225, Validation Loss: 1.4378
Epoch 979/1000, Train Loss: 0.4161, Validation Loss: 0.7725
Epoch 980/1000, Train Loss: 0.4209, Validation Loss: 1.7321
Epoch 981/1000, Train Loss: 0.4182, Validation Loss: 0.8771
Epoch 982/1000, Train Loss: 0.4259, Validation Loss: 2.3523
Epoch 983/1000, Train Loss: 0.4241, Validation Loss: 1.2357
Epoch 984/1000, Train Loss: 0.4170, Validation Loss: 0.8479
Epoch 985/1000, Train Loss: 0.4216, Validation Loss: 1.6770
Epoch 986/1000, Train Loss: 0.4214, Validation Loss: 0.4901
Epoch 987/1000, Train Loss: 0.4249, Validation Loss: 0.6547
Epoch 988/1000, Train Loss: 0.4151, Validation Loss: 1.3176
Epoch 989/1000, Train Loss: 0.4211, Validation Loss: 3.2688
Epoch 990/1000, Train Loss: 0.4202, Validation Loss: 1.6150
Epoch 991/1000, Train Loss: 0.4190, Validation Loss: 0.8312
Epoch 992/1000, Train Loss: 0.4200, Validation Loss: 0.9189
Epoch 993/1000, Train Loss: 0.4142, Validation Loss: 3.0981
Epoch 994/1000, Train Loss: 0.4109, Validation Loss: 2.1730
Epoch 995/1000, Train Loss: 0.4207, Validation Loss: 0.6765
Epoch 996/1000, Train Loss: 0.4189, Validation Loss: 3.6625
Epoch 997/1000, Train Loss: 0.4188, Validation Loss: 1.4766
Epoch 998/1000, Train Loss: 0.4170, Validation Loss: 0.9589
Epoch 999/1000, Train Loss: 0.4184, Validation Loss: 3.6756
Epoch 1000/1000, Train Loss: 0.4203, Validation Loss: 0.8028
Best Training Loss: 0.4106
Best Training Loss Epoch: 977
Best Validation Loss: 0.4264
Best Validation Loss Epoch: 407
Time taken for training: 0-18:42:02
Test Loss: 0.4337
Test MAPE: 34731.4258%
Error Statistics:
count    4.127200e+04
mean     4.274539e+02
std      9.128222e+03
min      5.722046e-06
25%      1.536036e-01
50%      1.542219e+00
75%      2.290270e+01
max      1.295885e+06
Name: Absolute Error, dtype: float64
Training complete. Final model saved.
Saving model as a wandb Artifact...
Model artifact logged successfully.
[1;34mwandb[0m: 
[1;34mwandb[0m: 🚀 View run [33mastral-sweep-12[0m at: [34mhttps://wandb.ai/mk8737-new-york-university/rl_pretrain_hp_sweeps/runs/9t0auqtv[0m
[1;34mwandb[0m: Find logs at: [1;35mwandb/run-20251006_143855-9t0auqtv/logs[0m
Agent finished.
