Waiting for sweep ID...
Found Sweep ID: be12np04
Starting wandb agent for sweep be12np04...
TRAINING DEVICE: cpu
Run Name: GCN_global_hp_sweep_be12np04-wfrr2qb7
finidhed preparing data
Loading dataset from pretrain_dataset_12.5k_fixed_duplicates.pkl
Loaded 412712 data objects.
finished preparing data
Epoch 1/1000, Train Loss: 2.9571, Validation Loss: 2.5739
Epoch 2/1000, Train Loss: 1.4166, Validation Loss: 6.3655
Epoch 3/1000, Train Loss: 1.2120, Validation Loss: 1.3239
Epoch 4/1000, Train Loss: 1.2050, Validation Loss: 2.2468
Epoch 5/1000, Train Loss: 1.1406, Validation Loss: 2.1887
Epoch 6/1000, Train Loss: 1.1178, Validation Loss: 0.9959
Epoch 7/1000, Train Loss: 1.1001, Validation Loss: 1.7219
Epoch 8/1000, Train Loss: 1.0163, Validation Loss: 4.0146
Epoch 9/1000, Train Loss: 1.0318, Validation Loss: 1.1058
Epoch 10/1000, Train Loss: 1.0220, Validation Loss: 2.9837
Epoch 11/1000, Train Loss: 1.0017, Validation Loss: 1.6632
Epoch 12/1000, Train Loss: 0.9979, Validation Loss: 2.5988
Epoch 13/1000, Train Loss: 1.0035, Validation Loss: 2.2518
Epoch 14/1000, Train Loss: 1.0182, Validation Loss: 1.0480
Epoch 15/1000, Train Loss: 1.0219, Validation Loss: 1.3069
Epoch 16/1000, Train Loss: 0.9916, Validation Loss: 2.0402
Epoch 17/1000, Train Loss: 1.0175, Validation Loss: 0.8134
Epoch 18/1000, Train Loss: 1.1034, Validation Loss: 2.0044
Epoch 19/1000, Train Loss: 0.9557, Validation Loss: 1.0170
Epoch 20/1000, Train Loss: 0.9886, Validation Loss: 1.6873
Epoch 21/1000, Train Loss: 0.9809, Validation Loss: 0.9045
Epoch 22/1000, Train Loss: 0.9288, Validation Loss: 2.4443
Epoch 23/1000, Train Loss: 1.0875, Validation Loss: 0.9646
Epoch 24/1000, Train Loss: 1.0108, Validation Loss: 1.2047
Epoch 25/1000, Train Loss: 0.9809, Validation Loss: 2.5157
Epoch 26/1000, Train Loss: 0.9748, Validation Loss: 1.3314
Epoch 27/1000, Train Loss: 0.9451, Validation Loss: 3.6393
Epoch 28/1000, Train Loss: 1.5997, Validation Loss: 735.9489
Epoch 29/1000, Train Loss: 1.3806, Validation Loss: 4.0680
Epoch 30/1000, Train Loss: 1.0421, Validation Loss: 0.8982
Epoch 31/1000, Train Loss: 1.0375, Validation Loss: 1.6351
Epoch 32/1000, Train Loss: 0.9459, Validation Loss: 2.0711
Epoch 33/1000, Train Loss: 0.9685, Validation Loss: 1.0871
Epoch 34/1000, Train Loss: 0.9528, Validation Loss: 1.0357
Epoch 35/1000, Train Loss: 0.9417, Validation Loss: 0.8993
Epoch 36/1000, Train Loss: 0.9379, Validation Loss: 1.2208
Epoch 37/1000, Train Loss: 0.9301, Validation Loss: 2.0362
Epoch 38/1000, Train Loss: 1.0245, Validation Loss: 1.1493
Epoch 39/1000, Train Loss: 0.9695, Validation Loss: 1.2487
Epoch 40/1000, Train Loss: 0.9451, Validation Loss: 1.0738
Epoch 41/1000, Train Loss: 1.1327, Validation Loss: 4.4547
Epoch 42/1000, Train Loss: 0.9282, Validation Loss: 3.5216
Epoch 43/1000, Train Loss: 0.9464, Validation Loss: 2.5512
Epoch 44/1000, Train Loss: 0.8985, Validation Loss: 1.2438
Epoch 45/1000, Train Loss: 0.9717, Validation Loss: 1.8442
Epoch 46/1000, Train Loss: 0.9176, Validation Loss: 2.1700
Epoch 47/1000, Train Loss: 0.9596, Validation Loss: 1.0935
Epoch 48/1000, Train Loss: 0.9255, Validation Loss: 4.0724
Epoch 49/1000, Train Loss: 0.9584, Validation Loss: 7.8086
Epoch 50/1000, Train Loss: 0.9007, Validation Loss: 2.7522
Epoch 51/1000, Train Loss: 0.9495, Validation Loss: 2.3372
Epoch 52/1000, Train Loss: 0.9274, Validation Loss: 2.9421
Epoch 53/1000, Train Loss: 0.9077, Validation Loss: 0.8683
Epoch 54/1000, Train Loss: 30.5494, Validation Loss: 1.3353
Epoch 55/1000, Train Loss: 0.9071, Validation Loss: 2.3080
Epoch 56/1000, Train Loss: 0.9083, Validation Loss: 3.9073
Epoch 57/1000, Train Loss: 0.9565, Validation Loss: 1.7965
Epoch 58/1000, Train Loss: 0.8985, Validation Loss: 2.0510
Epoch 59/1000, Train Loss: 0.9283, Validation Loss: 2.6838
Epoch 60/1000, Train Loss: 0.8868, Validation Loss: 4.4664
Epoch 61/1000, Train Loss: 6.6969, Validation Loss: 2.3393
Epoch 62/1000, Train Loss: 0.9405, Validation Loss: 1.4758
Epoch 63/1000, Train Loss: 0.9100, Validation Loss: 0.8109
Epoch 64/1000, Train Loss: 0.9444, Validation Loss: 4.8315
Epoch 65/1000, Train Loss: 1.0201, Validation Loss: 2.3001
Epoch 66/1000, Train Loss: 0.9162, Validation Loss: 1.6389
Epoch 67/1000, Train Loss: 0.9022, Validation Loss: 1.7556
Epoch 68/1000, Train Loss: 0.8949, Validation Loss: 3.8670
Epoch 69/1000, Train Loss: 0.8680, Validation Loss: 1.4432
Epoch 70/1000, Train Loss: 0.8861, Validation Loss: 4.8908
Epoch 71/1000, Train Loss: 0.8687, Validation Loss: 3.7302
Epoch 72/1000, Train Loss: 0.8725, Validation Loss: 3.7741
Epoch 73/1000, Train Loss: 0.8993, Validation Loss: 2.0954
Epoch 74/1000, Train Loss: 0.9208, Validation Loss: 1.1260
Epoch 75/1000, Train Loss: 0.8814, Validation Loss: 5.8852
Epoch 76/1000, Train Loss: 0.9056, Validation Loss: 0.7542
Epoch 77/1000, Train Loss: 0.8464, Validation Loss: 1.4287
Epoch 78/1000, Train Loss: 0.9065, Validation Loss: 2.0461
Epoch 79/1000, Train Loss: 0.8558, Validation Loss: 2.8517
Epoch 80/1000, Train Loss: 0.9114, Validation Loss: 2.7340
Epoch 81/1000, Train Loss: 0.8815, Validation Loss: 0.9335
Epoch 82/1000, Train Loss: 0.8839, Validation Loss: 1.1639
Epoch 83/1000, Train Loss: 1.7304, Validation Loss: 2.8139
Epoch 84/1000, Train Loss: 0.8721, Validation Loss: 1.7277
Epoch 85/1000, Train Loss: 0.8659, Validation Loss: 3.3043
Epoch 86/1000, Train Loss: 1.0480, Validation Loss: 1.6531
Epoch 87/1000, Train Loss: 0.8618, Validation Loss: 0.8693
Epoch 88/1000, Train Loss: 0.8439, Validation Loss: 2.0848
Epoch 89/1000, Train Loss: 0.8580, Validation Loss: 1.5195
Epoch 90/1000, Train Loss: 0.8901, Validation Loss: 5.0976
Epoch 91/1000, Train Loss: 0.8315, Validation Loss: 2.0516
Epoch 92/1000, Train Loss: 0.8755, Validation Loss: 1.6846
Epoch 93/1000, Train Loss: 0.8049, Validation Loss: 2.9451
Epoch 94/1000, Train Loss: 0.8042, Validation Loss: 0.7287
Epoch 95/1000, Train Loss: 0.8818, Validation Loss: 0.7370
Epoch 96/1000, Train Loss: 0.8083, Validation Loss: 1.5805
Epoch 97/1000, Train Loss: 0.8648, Validation Loss: 1.4926
Epoch 98/1000, Train Loss: 0.8363, Validation Loss: 0.7830
Epoch 99/1000, Train Loss: 0.8426, Validation Loss: 1.9630
Epoch 100/1000, Train Loss: 0.8029, Validation Loss: 0.9492
Epoch 101/1000, Train Loss: 0.7909, Validation Loss: 2.6311
Epoch 102/1000, Train Loss: 0.8297, Validation Loss: 2.4068
Epoch 103/1000, Train Loss: 0.8721, Validation Loss: 1.3294
Epoch 104/1000, Train Loss: 0.7868, Validation Loss: 1.4656
Epoch 105/1000, Train Loss: 0.7832, Validation Loss: 0.6791
Epoch 106/1000, Train Loss: 0.8460, Validation Loss: 2.4065
Epoch 107/1000, Train Loss: 0.7853, Validation Loss: 4.7453
Epoch 108/1000, Train Loss: 0.7866, Validation Loss: 7.2653
Epoch 109/1000, Train Loss: 0.8041, Validation Loss: 1.9313
Epoch 110/1000, Train Loss: 0.7956, Validation Loss: 3.3950
Epoch 111/1000, Train Loss: 0.8411, Validation Loss: 1.2737
Epoch 112/1000, Train Loss: 0.9421, Validation Loss: 0.8998
Epoch 113/1000, Train Loss: 0.7506, Validation Loss: 2.4911
Epoch 114/1000, Train Loss: 0.7826, Validation Loss: 1.6443
Epoch 115/1000, Train Loss: 0.7804, Validation Loss: 2.5387
Epoch 116/1000, Train Loss: 0.8124, Validation Loss: 1.9282
Epoch 117/1000, Train Loss: 0.8116, Validation Loss: 2.7425
Epoch 118/1000, Train Loss: 1.0504, Validation Loss: 3.8779
Epoch 119/1000, Train Loss: 0.7523, Validation Loss: 3.3099
Epoch 120/1000, Train Loss: 0.8071, Validation Loss: 1.1427
Epoch 121/1000, Train Loss: 1.3172, Validation Loss: 3.1326
Epoch 122/1000, Train Loss: 0.8079, Validation Loss: 1.2781
Epoch 123/1000, Train Loss: 0.7733, Validation Loss: 0.8719
Epoch 124/1000, Train Loss: 0.7995, Validation Loss: 1.8913
Epoch 125/1000, Train Loss: 0.7772, Validation Loss: 1.4924
Epoch 126/1000, Train Loss: 0.7810, Validation Loss: 1.9725
Epoch 127/1000, Train Loss: 0.8166, Validation Loss: 33.7195
Epoch 128/1000, Train Loss: 0.8135, Validation Loss: 1.5785
Epoch 129/1000, Train Loss: 0.7814, Validation Loss: 1.7600
Epoch 130/1000, Train Loss: 0.7817, Validation Loss: 2.1742
Epoch 131/1000, Train Loss: 0.8329, Validation Loss: 4.8364
Epoch 132/1000, Train Loss: 0.7753, Validation Loss: 5.2673
Epoch 133/1000, Train Loss: 0.7677, Validation Loss: 2.8494
Epoch 134/1000, Train Loss: 0.8664, Validation Loss: 1.1409
Epoch 135/1000, Train Loss: 0.7835, Validation Loss: 1.6334
Epoch 136/1000, Train Loss: 0.7751, Validation Loss: 4.3071
Epoch 137/1000, Train Loss: 0.7551, Validation Loss: 2.6445
Epoch 138/1000, Train Loss: 0.7348, Validation Loss: 0.9083
Epoch 139/1000, Train Loss: 0.8040, Validation Loss: 1.1963
Epoch 140/1000, Train Loss: 0.7875, Validation Loss: 3.6743
Epoch 141/1000, Train Loss: 0.7403, Validation Loss: 1.4475
Epoch 142/1000, Train Loss: 0.8144, Validation Loss: 0.8346
Epoch 143/1000, Train Loss: 0.7783, Validation Loss: 3.1698
Epoch 144/1000, Train Loss: 0.7429, Validation Loss: 0.8337
Epoch 145/1000, Train Loss: 0.7824, Validation Loss: 2.9828
Epoch 146/1000, Train Loss: 0.8886, Validation Loss: 0.7295
Epoch 147/1000, Train Loss: 0.7542, Validation Loss: 0.9599
Epoch 148/1000, Train Loss: 0.7695, Validation Loss: 4.0628
Epoch 149/1000, Train Loss: 0.7713, Validation Loss: 3.5169
Epoch 150/1000, Train Loss: 0.7621, Validation Loss: 3.2127
Epoch 151/1000, Train Loss: 0.7813, Validation Loss: 1.2228
Epoch 152/1000, Train Loss: 0.7544, Validation Loss: 2.5017
Epoch 153/1000, Train Loss: 0.7533, Validation Loss: 1.8398
Epoch 154/1000, Train Loss: 0.9398, Validation Loss: 5.4404
Epoch 155/1000, Train Loss: 0.7390, Validation Loss: 3.1517
Epoch 156/1000, Train Loss: 0.7596, Validation Loss: 3.2746
Epoch 157/1000, Train Loss: 0.7624, Validation Loss: 1.6549
Epoch 158/1000, Train Loss: 0.8427, Validation Loss: 2.3742
Epoch 159/1000, Train Loss: 0.7640, Validation Loss: 2.8999
Epoch 160/1000, Train Loss: 0.7811, Validation Loss: 1.1905
Epoch 161/1000, Train Loss: 0.7654, Validation Loss: 1.7307
Epoch 162/1000, Train Loss: 0.7278, Validation Loss: 0.9655
Epoch 163/1000, Train Loss: 0.7342, Validation Loss: 1.2040
Epoch 164/1000, Train Loss: 0.7569, Validation Loss: 2.0550
Epoch 165/1000, Train Loss: 0.7692, Validation Loss: 1.2369
Epoch 166/1000, Train Loss: 0.7897, Validation Loss: 0.6462
Epoch 167/1000, Train Loss: 0.7585, Validation Loss: 2.1917
Epoch 168/1000, Train Loss: 0.7681, Validation Loss: 3.7254
Epoch 169/1000, Train Loss: 0.7412, Validation Loss: 2.4863
Epoch 170/1000, Train Loss: 0.8230, Validation Loss: 0.6910
Epoch 171/1000, Train Loss: 0.7819, Validation Loss: 3.3059
Epoch 172/1000, Train Loss: 0.7789, Validation Loss: 2.5195
Epoch 173/1000, Train Loss: 0.7734, Validation Loss: 3.4408
Epoch 174/1000, Train Loss: 0.7926, Validation Loss: 2.8902
Epoch 175/1000, Train Loss: 0.7600, Validation Loss: 2.2632
Epoch 176/1000, Train Loss: 0.7381, Validation Loss: 1.3896
Epoch 177/1000, Train Loss: 0.7535, Validation Loss: 1.1760
Epoch 178/1000, Train Loss: 0.7660, Validation Loss: 1.1801
Epoch 179/1000, Train Loss: 0.7969, Validation Loss: 2.1773
Epoch 180/1000, Train Loss: 0.8252, Validation Loss: 2.4935
Epoch 181/1000, Train Loss: 0.7539, Validation Loss: 1.0118
Epoch 182/1000, Train Loss: 0.7582, Validation Loss: 1.9158
Epoch 183/1000, Train Loss: 0.7433, Validation Loss: 2.3818
Epoch 184/1000, Train Loss: 0.7296, Validation Loss: 3.3734
Epoch 185/1000, Train Loss: 0.7307, Validation Loss: 3.5929
Epoch 186/1000, Train Loss: 0.7816, Validation Loss: 1.9088
Epoch 187/1000, Train Loss: 0.7519, Validation Loss: 2.0276
Epoch 188/1000, Train Loss: 0.7211, Validation Loss: 1.3774
Epoch 189/1000, Train Loss: 0.7231, Validation Loss: 0.7982
Epoch 190/1000, Train Loss: 0.7433, Validation Loss: 1.2947
Epoch 191/1000, Train Loss: 0.7425, Validation Loss: 1.2504
Epoch 192/1000, Train Loss: 0.7320, Validation Loss: 5.9027
Epoch 193/1000, Train Loss: 0.7424, Validation Loss: 3.8440
Epoch 194/1000, Train Loss: 0.7828, Validation Loss: 1.0480
Epoch 195/1000, Train Loss: 0.7572, Validation Loss: 1.4090
Epoch 196/1000, Train Loss: 0.7369, Validation Loss: 2.8905
Epoch 197/1000, Train Loss: 0.7659, Validation Loss: 2.6878
Epoch 198/1000, Train Loss: 0.7490, Validation Loss: 4.9630
Epoch 199/1000, Train Loss: 0.7173, Validation Loss: 0.9078
Epoch 200/1000, Train Loss: 0.7228, Validation Loss: 3.4436
Epoch 201/1000, Train Loss: 0.7904, Validation Loss: 0.8957
Epoch 202/1000, Train Loss: 0.7361, Validation Loss: 2.6887
Epoch 203/1000, Train Loss: 0.7166, Validation Loss: 1.0739
Epoch 204/1000, Train Loss: 0.8087, Validation Loss: 1.5267
Epoch 205/1000, Train Loss: 0.7534, Validation Loss: 2.8544
Epoch 206/1000, Train Loss: 0.7475, Validation Loss: 3.2752
Epoch 207/1000, Train Loss: 0.7357, Validation Loss: 1.1500
Epoch 208/1000, Train Loss: 0.7261, Validation Loss: 1.1392
Epoch 209/1000, Train Loss: 0.7283, Validation Loss: 1.1140
Epoch 210/1000, Train Loss: 0.7433, Validation Loss: 1.1621
Epoch 211/1000, Train Loss: 0.7659, Validation Loss: 1.1165
Epoch 212/1000, Train Loss: 0.7452, Validation Loss: 3.5255
Epoch 213/1000, Train Loss: 0.7541, Validation Loss: 1.5542
Epoch 214/1000, Train Loss: 0.8659, Validation Loss: 1.4972
Epoch 215/1000, Train Loss: 0.7417, Validation Loss: 2.5947
Epoch 216/1000, Train Loss: 0.7432, Validation Loss: 1.2478
Epoch 217/1000, Train Loss: 0.7213, Validation Loss: 0.9228
Epoch 218/1000, Train Loss: 0.7133, Validation Loss: 1.1287
Epoch 219/1000, Train Loss: 0.7302, Validation Loss: 1.7930
Epoch 220/1000, Train Loss: 0.7332, Validation Loss: 2.0119
Epoch 221/1000, Train Loss: 0.7593, Validation Loss: 1.3370
Epoch 222/1000, Train Loss: 0.7124, Validation Loss: 3.7368
Epoch 223/1000, Train Loss: 1.4032, Validation Loss: 4.7417
Epoch 224/1000, Train Loss: 0.7369, Validation Loss: 3.8280
Epoch 225/1000, Train Loss: 0.7400, Validation Loss: 1.4579
Epoch 226/1000, Train Loss: 0.7083, Validation Loss: 1.6902
Epoch 227/1000, Train Loss: 0.7133, Validation Loss: 2.7856
Epoch 228/1000, Train Loss: 0.7529, Validation Loss: 6.9473
Epoch 229/1000, Train Loss: 0.7553, Validation Loss: 2.6597
Epoch 230/1000, Train Loss: 0.7019, Validation Loss: 2.2879
Epoch 231/1000, Train Loss: 0.7398, Validation Loss: 1.4832
Epoch 232/1000, Train Loss: 0.7203, Validation Loss: 3.0568
Epoch 233/1000, Train Loss: 0.7423, Validation Loss: 1.0014
Epoch 234/1000, Train Loss: 0.7343, Validation Loss: 2.5898
Epoch 235/1000, Train Loss: 0.7201, Validation Loss: 0.8796
Epoch 236/1000, Train Loss: 0.7131, Validation Loss: 5.4156
Epoch 237/1000, Train Loss: 0.7129, Validation Loss: 2.1702
Epoch 238/1000, Train Loss: 0.7210, Validation Loss: 4.7568
Epoch 239/1000, Train Loss: 0.9633, Validation Loss: 2.4256
Epoch 240/1000, Train Loss: 0.7078, Validation Loss: 2.2175
Epoch 241/1000, Train Loss: 0.6981, Validation Loss: 4.3530
Epoch 242/1000, Train Loss: 0.7046, Validation Loss: 0.6590
Epoch 243/1000, Train Loss: 0.7042, Validation Loss: 3.2709
Epoch 244/1000, Train Loss: 0.7097, Validation Loss: 0.6911
Epoch 245/1000, Train Loss: 0.7060, Validation Loss: 2.4828
Epoch 246/1000, Train Loss: 0.7303, Validation Loss: 1.4591
Epoch 247/1000, Train Loss: 0.7462, Validation Loss: 1.9574
Epoch 248/1000, Train Loss: 0.7014, Validation Loss: 3.3776
Epoch 249/1000, Train Loss: 0.7202, Validation Loss: 1.1740
Epoch 250/1000, Train Loss: 0.7045, Validation Loss: 3.3102
Epoch 251/1000, Train Loss: 0.7211, Validation Loss: 2.5157
Epoch 252/1000, Train Loss: 0.7279, Validation Loss: 3.9766
Epoch 253/1000, Train Loss: 0.7055, Validation Loss: 1.8027
Epoch 254/1000, Train Loss: 0.6857, Validation Loss: 1.3643
Epoch 255/1000, Train Loss: 0.6770, Validation Loss: 0.8394
Epoch 256/1000, Train Loss: 0.7051, Validation Loss: 2.2932
Epoch 257/1000, Train Loss: 0.6944, Validation Loss: 2.7758
Epoch 258/1000, Train Loss: 0.6827, Validation Loss: 2.1997
Epoch 259/1000, Train Loss: 0.6629, Validation Loss: 1.4238
Epoch 260/1000, Train Loss: 0.6826, Validation Loss: 1.1213
Epoch 261/1000, Train Loss: 0.6862, Validation Loss: 0.9531
Epoch 262/1000, Train Loss: 0.6762, Validation Loss: 0.7418
Epoch 263/1000, Train Loss: 0.6700, Validation Loss: 2.4449
Epoch 264/1000, Train Loss: 0.6669, Validation Loss: 1.4712
Epoch 265/1000, Train Loss: 0.7253, Validation Loss: 1.0981
Epoch 266/1000, Train Loss: 0.6873, Validation Loss: 2.4619
Epoch 267/1000, Train Loss: 0.6675, Validation Loss: 2.2668
Epoch 268/1000, Train Loss: 0.6814, Validation Loss: 3.5103
Epoch 269/1000, Train Loss: 0.6654, Validation Loss: 2.1462
Epoch 270/1000, Train Loss: 0.6694, Validation Loss: 1.3475
Epoch 271/1000, Train Loss: 0.6723, Validation Loss: 2.0908
Epoch 272/1000, Train Loss: 0.6737, Validation Loss: 5.1219
Epoch 273/1000, Train Loss: 0.6455, Validation Loss: 0.7385
Epoch 274/1000, Train Loss: 0.6594, Validation Loss: 1.6067
Epoch 275/1000, Train Loss: 0.6806, Validation Loss: 1.7645
Epoch 276/1000, Train Loss: 0.6495, Validation Loss: 0.6901
Epoch 277/1000, Train Loss: 0.6630, Validation Loss: 1.9268
Epoch 278/1000, Train Loss: 0.6841, Validation Loss: 1.7030
Epoch 279/1000, Train Loss: 0.6743, Validation Loss: 1.1543
Epoch 280/1000, Train Loss: 0.6692, Validation Loss: 1.2464
Epoch 281/1000, Train Loss: 0.6605, Validation Loss: 1.5933
Epoch 282/1000, Train Loss: 0.6753, Validation Loss: 2.4928
Epoch 283/1000, Train Loss: 0.6842, Validation Loss: 1.4321
Epoch 284/1000, Train Loss: 0.6909, Validation Loss: 6.1433
Epoch 285/1000, Train Loss: 0.6591, Validation Loss: 2.2627
Epoch 286/1000, Train Loss: 0.6602, Validation Loss: 1.3615
Epoch 287/1000, Train Loss: 0.6549, Validation Loss: 1.6231
Epoch 288/1000, Train Loss: 0.9117, Validation Loss: 5.5168
Epoch 289/1000, Train Loss: 0.6634, Validation Loss: 2.6142
Epoch 290/1000, Train Loss: 0.6635, Validation Loss: 1.6098
Epoch 291/1000, Train Loss: 0.6542, Validation Loss: 0.8559
Epoch 292/1000, Train Loss: 0.6778, Validation Loss: 3.2373
Epoch 293/1000, Train Loss: 0.6470, Validation Loss: 2.4380
Epoch 294/1000, Train Loss: 0.6535, Validation Loss: 1.8019
Epoch 295/1000, Train Loss: 0.6567, Validation Loss: 1.0644
Epoch 296/1000, Train Loss: 0.6427, Validation Loss: 2.4843
Epoch 297/1000, Train Loss: 0.6676, Validation Loss: 3.4341
Epoch 298/1000, Train Loss: 0.6617, Validation Loss: 7.2612
Epoch 299/1000, Train Loss: 0.6604, Validation Loss: 1.3739
Epoch 300/1000, Train Loss: 0.6456, Validation Loss: 2.3700
Epoch 301/1000, Train Loss: 0.6776, Validation Loss: 2.0158
Epoch 302/1000, Train Loss: 0.6534, Validation Loss: 5.9508
Epoch 303/1000, Train Loss: 0.6674, Validation Loss: 1.9789
Epoch 304/1000, Train Loss: 0.6527, Validation Loss: 2.1990
Epoch 305/1000, Train Loss: 0.6620, Validation Loss: 1.4481
Epoch 306/1000, Train Loss: 0.6431, Validation Loss: 7.2236
Epoch 307/1000, Train Loss: 0.6459, Validation Loss: 0.9957
Epoch 308/1000, Train Loss: 2.4157, Validation Loss: 2.1346
Epoch 309/1000, Train Loss: 0.6554, Validation Loss: 1.0263
Epoch 310/1000, Train Loss: 0.6643, Validation Loss: 3.0938
Epoch 311/1000, Train Loss: 0.6683, Validation Loss: 1.0221
Epoch 312/1000, Train Loss: 0.6570, Validation Loss: 1.3924
Epoch 313/1000, Train Loss: 0.6640, Validation Loss: 0.6370
Epoch 314/1000, Train Loss: 0.6576, Validation Loss: 3.3116
Epoch 315/1000, Train Loss: 0.6410, Validation Loss: 4.1680
Epoch 316/1000, Train Loss: 0.6600, Validation Loss: 1.3132
Epoch 317/1000, Train Loss: 0.6708, Validation Loss: 3.8927
Epoch 318/1000, Train Loss: 0.6484, Validation Loss: 1.7276
Epoch 319/1000, Train Loss: 0.6624, Validation Loss: 1.5757
Epoch 320/1000, Train Loss: 0.6347, Validation Loss: 1.2165
Epoch 321/1000, Train Loss: 0.6455, Validation Loss: 3.7095
Epoch 322/1000, Train Loss: 0.6579, Validation Loss: 3.7596
Epoch 323/1000, Train Loss: 0.8781, Validation Loss: 1.3149
Epoch 324/1000, Train Loss: 0.6591, Validation Loss: 2.1354
Epoch 325/1000, Train Loss: 0.6479, Validation Loss: 2.0789
Epoch 326/1000, Train Loss: 0.6643, Validation Loss: 1.7902
Epoch 327/1000, Train Loss: 0.6526, Validation Loss: 1.8611
Epoch 328/1000, Train Loss: 0.6643, Validation Loss: 3.2886
Epoch 329/1000, Train Loss: 0.6616, Validation Loss: 3.4388
Epoch 330/1000, Train Loss: 0.6496, Validation Loss: 2.9846
Epoch 331/1000, Train Loss: 0.6516, Validation Loss: 1.4557
Epoch 332/1000, Train Loss: 0.6638, Validation Loss: 1.7344
Epoch 333/1000, Train Loss: 0.6473, Validation Loss: 0.7095
Epoch 334/1000, Train Loss: 0.6474, Validation Loss: 1.9223
Epoch 335/1000, Train Loss: 0.6999, Validation Loss: 0.9999
Epoch 336/1000, Train Loss: 0.6597, Validation Loss: 0.6134
Epoch 337/1000, Train Loss: 0.6458, Validation Loss: 1.4905
Epoch 338/1000, Train Loss: 0.6565, Validation Loss: 1.6462
Epoch 339/1000, Train Loss: 0.6342, Validation Loss: 1.1091
Epoch 340/1000, Train Loss: 0.6480, Validation Loss: 1.9558
Epoch 341/1000, Train Loss: 0.6654, Validation Loss: 0.7983
Epoch 342/1000, Train Loss: 0.6506, Validation Loss: 7.2212
Epoch 343/1000, Train Loss: 0.6510, Validation Loss: 1.3978
Epoch 344/1000, Train Loss: 0.6397, Validation Loss: 1.1063
Epoch 345/1000, Train Loss: 0.7915, Validation Loss: 1.1737
Epoch 346/1000, Train Loss: 0.6717, Validation Loss: 3.1113
Epoch 347/1000, Train Loss: 0.6560, Validation Loss: 3.4804
Epoch 348/1000, Train Loss: 0.6633, Validation Loss: 2.6372
Epoch 349/1000, Train Loss: 0.6450, Validation Loss: 4.8246
Epoch 350/1000, Train Loss: 0.6692, Validation Loss: 1.9581
Epoch 351/1000, Train Loss: 0.6530, Validation Loss: 2.5512
Epoch 352/1000, Train Loss: 0.6567, Validation Loss: 0.7343
Epoch 353/1000, Train Loss: 0.6409, Validation Loss: 6.0321
Epoch 354/1000, Train Loss: 0.6679, Validation Loss: 3.5115
Epoch 355/1000, Train Loss: 0.6511, Validation Loss: 1.6798
Epoch 356/1000, Train Loss: 0.6484, Validation Loss: 3.0063
Epoch 357/1000, Train Loss: 0.6463, Validation Loss: 3.5992
Epoch 358/1000, Train Loss: 0.6605, Validation Loss: 5.5670
Epoch 359/1000, Train Loss: 0.6314, Validation Loss: 4.1639
Epoch 360/1000, Train Loss: 0.6539, Validation Loss: 3.2234
Epoch 361/1000, Train Loss: 0.6557, Validation Loss: 3.4427
Epoch 362/1000, Train Loss: 0.6476, Validation Loss: 1.3844
Epoch 363/1000, Train Loss: 0.6388, Validation Loss: 3.1949
Epoch 364/1000, Train Loss: 0.6584, Validation Loss: 7.7473
Epoch 365/1000, Train Loss: 0.6467, Validation Loss: 2.3988
Epoch 366/1000, Train Loss: 0.6848, Validation Loss: 1.6007
Epoch 367/1000, Train Loss: 0.6423, Validation Loss: 0.8212
Epoch 368/1000, Train Loss: 0.6396, Validation Loss: 1.8529
Epoch 369/1000, Train Loss: 0.6457, Validation Loss: 0.8818
Epoch 370/1000, Train Loss: 0.6441, Validation Loss: 1.8190
Epoch 371/1000, Train Loss: 0.6417, Validation Loss: 3.0305
Epoch 372/1000, Train Loss: 0.6483, Validation Loss: 3.5137
Epoch 373/1000, Train Loss: 0.6290, Validation Loss: 0.7818
Epoch 374/1000, Train Loss: 0.6358, Validation Loss: 1.8139
Epoch 375/1000, Train Loss: 0.6392, Validation Loss: 1.0956
Epoch 376/1000, Train Loss: 0.6492, Validation Loss: 2.3779
Epoch 377/1000, Train Loss: 0.6436, Validation Loss: 0.6627
Epoch 378/1000, Train Loss: 0.6408, Validation Loss: 2.9291
Epoch 379/1000, Train Loss: 0.6417, Validation Loss: 4.6016
Epoch 380/1000, Train Loss: 0.6754, Validation Loss: 0.7691
Epoch 381/1000, Train Loss: 0.6430, Validation Loss: 2.6701
Epoch 382/1000, Train Loss: 1.6766, Validation Loss: 1.3402
Epoch 383/1000, Train Loss: 0.6377, Validation Loss: 0.6590
Epoch 384/1000, Train Loss: 0.6444, Validation Loss: 2.2810
Epoch 385/1000, Train Loss: 0.6402, Validation Loss: 3.2501
Epoch 386/1000, Train Loss: 0.6598, Validation Loss: 1.2089
Epoch 387/1000, Train Loss: 0.8699, Validation Loss: 5.2423
Epoch 388/1000, Train Loss: 0.6497, Validation Loss: 0.7391
Epoch 389/1000, Train Loss: 0.8162, Validation Loss: 3.6727
Epoch 390/1000, Train Loss: 0.6573, Validation Loss: 1.4504
Epoch 391/1000, Train Loss: 0.6458, Validation Loss: 0.8736
Epoch 392/1000, Train Loss: 0.6617, Validation Loss: 5.8099
Epoch 393/1000, Train Loss: 0.6330, Validation Loss: 2.7815
Epoch 394/1000, Train Loss: 0.6478, Validation Loss: 0.7915
Epoch 395/1000, Train Loss: 0.6560, Validation Loss: 4.0947
Epoch 396/1000, Train Loss: 0.6954, Validation Loss: 2.1218
Epoch 397/1000, Train Loss: 0.6450, Validation Loss: 2.0599
Epoch 398/1000, Train Loss: 0.6371, Validation Loss: 1.1996
Epoch 399/1000, Train Loss: 0.6552, Validation Loss: 0.8178
Epoch 400/1000, Train Loss: 0.6403, Validation Loss: 2.8212
Epoch 401/1000, Train Loss: 0.6549, Validation Loss: 0.8955
Epoch 402/1000, Train Loss: 0.6323, Validation Loss: 1.8931
Epoch 403/1000, Train Loss: 0.6456, Validation Loss: 5.9470
Epoch 404/1000, Train Loss: 0.6375, Validation Loss: 2.4978
Epoch 405/1000, Train Loss: 3.8819, Validation Loss: 3.1698
Epoch 406/1000, Train Loss: 0.6475, Validation Loss: 1.0014
Epoch 407/1000, Train Loss: 0.6448, Validation Loss: 0.9560
Epoch 408/1000, Train Loss: 0.6496, Validation Loss: 1.7419
Epoch 409/1000, Train Loss: 0.6435, Validation Loss: 0.8370
Epoch 410/1000, Train Loss: 0.6703, Validation Loss: 3.2399
Epoch 411/1000, Train Loss: 0.6243, Validation Loss: 2.0920
Epoch 412/1000, Train Loss: 0.6456, Validation Loss: 1.6652
Epoch 413/1000, Train Loss: 0.6475, Validation Loss: 0.6125
Epoch 414/1000, Train Loss: 0.6617, Validation Loss: 0.8013
Epoch 415/1000, Train Loss: 0.6543, Validation Loss: 1.2153
Epoch 416/1000, Train Loss: 0.6439, Validation Loss: 2.3176
Epoch 417/1000, Train Loss: 0.6316, Validation Loss: 1.3426
Epoch 418/1000, Train Loss: 0.6424, Validation Loss: 0.9327
Epoch 419/1000, Train Loss: 0.6730, Validation Loss: 2.9113
Epoch 420/1000, Train Loss: 0.6355, Validation Loss: 1.5278
Epoch 421/1000, Train Loss: 0.6517, Validation Loss: 2.7340
Epoch 422/1000, Train Loss: 0.6921, Validation Loss: 0.9073
Epoch 423/1000, Train Loss: 0.6352, Validation Loss: 1.1391
Epoch 424/1000, Train Loss: 0.6352, Validation Loss: 2.7266
Epoch 425/1000, Train Loss: 0.6433, Validation Loss: 3.4954
Epoch 426/1000, Train Loss: 0.6326, Validation Loss: 1.2109
Epoch 427/1000, Train Loss: 0.6356, Validation Loss: 4.4354
Epoch 428/1000, Train Loss: 0.6950, Validation Loss: 0.8599
Epoch 429/1000, Train Loss: 0.6399, Validation Loss: 2.4419
Epoch 430/1000, Train Loss: 0.7394, Validation Loss: 3.6294
Epoch 431/1000, Train Loss: 0.6444, Validation Loss: 3.7178
Epoch 432/1000, Train Loss: 0.6368, Validation Loss: 5.3261
Epoch 433/1000, Train Loss: 0.6515, Validation Loss: 2.1177
Epoch 434/1000, Train Loss: 0.6602, Validation Loss: 3.6692
Epoch 435/1000, Train Loss: 0.6502, Validation Loss: 5.4666
Epoch 436/1000, Train Loss: 0.6383, Validation Loss: 1.0428
Epoch 437/1000, Train Loss: 0.6755, Validation Loss: 1.4073
Epoch 438/1000, Train Loss: 0.6582, Validation Loss: 3.0257
Epoch 439/1000, Train Loss: 0.6428, Validation Loss: 4.1619
Epoch 440/1000, Train Loss: 0.6286, Validation Loss: 3.1205
Epoch 441/1000, Train Loss: 0.6525, Validation Loss: 0.9635
Epoch 442/1000, Train Loss: 0.6368, Validation Loss: 2.4713
Epoch 443/1000, Train Loss: 0.6753, Validation Loss: 0.5753
Epoch 444/1000, Train Loss: 0.6625, Validation Loss: 1.3737
Epoch 445/1000, Train Loss: 0.6534, Validation Loss: 1.4824
Epoch 446/1000, Train Loss: 0.6527, Validation Loss: 5.1033
Epoch 447/1000, Train Loss: 0.6217, Validation Loss: 1.8025
Epoch 448/1000, Train Loss: 0.6326, Validation Loss: 2.6625
Epoch 449/1000, Train Loss: 0.6488, Validation Loss: 3.1007
Epoch 450/1000, Train Loss: 0.6671, Validation Loss: 0.7944
Epoch 451/1000, Train Loss: 0.6547, Validation Loss: 0.9815
Epoch 452/1000, Train Loss: 0.6565, Validation Loss: 2.6159
Epoch 453/1000, Train Loss: 0.6410, Validation Loss: 1.6326
Epoch 454/1000, Train Loss: 0.6600, Validation Loss: 1.6396
Epoch 455/1000, Train Loss: 0.6356, Validation Loss: 4.4840
Epoch 456/1000, Train Loss: 0.6461, Validation Loss: 3.8562
Epoch 457/1000, Train Loss: 0.6299, Validation Loss: 2.3893
Epoch 458/1000, Train Loss: 0.6485, Validation Loss: 3.9467
Epoch 459/1000, Train Loss: 0.6598, Validation Loss: 1.3861
Epoch 460/1000, Train Loss: 0.6744, Validation Loss: 0.7441
Epoch 461/1000, Train Loss: 0.6359, Validation Loss: 1.2743
Epoch 462/1000, Train Loss: 0.6327, Validation Loss: 0.9060
Epoch 463/1000, Train Loss: 0.6279, Validation Loss: 2.1060
Epoch 464/1000, Train Loss: 0.6237, Validation Loss: 1.7942
Epoch 465/1000, Train Loss: 0.6374, Validation Loss: 0.7878
Epoch 466/1000, Train Loss: 0.6455, Validation Loss: 1.5459
Epoch 467/1000, Train Loss: 0.6412, Validation Loss: 2.6032
Epoch 468/1000, Train Loss: 0.6485, Validation Loss: 1.4703
Epoch 469/1000, Train Loss: 0.6413, Validation Loss: 3.4056
Epoch 470/1000, Train Loss: 0.6257, Validation Loss: 1.8642
Epoch 471/1000, Train Loss: 0.7817, Validation Loss: 1.3512
Epoch 472/1000, Train Loss: 0.6390, Validation Loss: 4.1613
Epoch 473/1000, Train Loss: 0.6458, Validation Loss: 1.7246
Epoch 474/1000, Train Loss: 6.0339, Validation Loss: 4.0379
Epoch 475/1000, Train Loss: 0.6384, Validation Loss: 1.8482
Epoch 476/1000, Train Loss: 0.6399, Validation Loss: 1.7388
Epoch 477/1000, Train Loss: 0.6416, Validation Loss: 1.8178
Epoch 478/1000, Train Loss: 0.6263, Validation Loss: 4.5711
Epoch 479/1000, Train Loss: 0.6368, Validation Loss: 0.7032
Epoch 480/1000, Train Loss: 0.6418, Validation Loss: 0.8677
Epoch 481/1000, Train Loss: 0.6342, Validation Loss: 2.0044
Epoch 482/1000, Train Loss: 0.6513, Validation Loss: 2.4023
Epoch 483/1000, Train Loss: 0.6484, Validation Loss: 0.6936
Epoch 484/1000, Train Loss: 0.6453, Validation Loss: 0.7111
Epoch 485/1000, Train Loss: 0.6395, Validation Loss: 1.0374
Epoch 486/1000, Train Loss: 0.6580, Validation Loss: 1.2530
Epoch 487/1000, Train Loss: 0.6442, Validation Loss: 4.6193
Epoch 488/1000, Train Loss: 0.9533, Validation Loss: 3.4035
Epoch 489/1000, Train Loss: 0.6276, Validation Loss: 3.5209
Epoch 490/1000, Train Loss: 0.6509, Validation Loss: 0.9124
Epoch 491/1000, Train Loss: 0.6455, Validation Loss: 5.6127
Epoch 492/1000, Train Loss: 0.9172, Validation Loss: 3.3593
Epoch 493/1000, Train Loss: 0.6428, Validation Loss: 5.4666
Epoch 494/1000, Train Loss: 0.6396, Validation Loss: 1.6426
Epoch 495/1000, Train Loss: 0.6386, Validation Loss: 4.6471
Epoch 496/1000, Train Loss: 0.6363, Validation Loss: 0.6292
Epoch 497/1000, Train Loss: 0.6297, Validation Loss: 1.4279
Epoch 498/1000, Train Loss: 0.6315, Validation Loss: 3.7893
Epoch 499/1000, Train Loss: 0.6275, Validation Loss: 0.8400
Epoch 500/1000, Train Loss: 3.0636, Validation Loss: 2.6469
Epoch 501/1000, Train Loss: 0.6298, Validation Loss: 1.6876
Epoch 502/1000, Train Loss: 0.6241, Validation Loss: 4.7948
Epoch 503/1000, Train Loss: 0.6668, Validation Loss: 3.8325
Epoch 504/1000, Train Loss: 0.6564, Validation Loss: 4.7058
Epoch 505/1000, Train Loss: 0.6337, Validation Loss: 1.0279
Epoch 506/1000, Train Loss: 0.6250, Validation Loss: 1.4595
Epoch 507/1000, Train Loss: 0.6273, Validation Loss: 1.4889
Epoch 508/1000, Train Loss: 0.6348, Validation Loss: 1.6990
Epoch 509/1000, Train Loss: 0.6173, Validation Loss: 1.2667
Epoch 510/1000, Train Loss: 0.6260, Validation Loss: 1.6433
Epoch 511/1000, Train Loss: 0.6397, Validation Loss: 2.7832
Epoch 512/1000, Train Loss: 0.6152, Validation Loss: 1.4331
Epoch 513/1000, Train Loss: 0.6302, Validation Loss: 1.4314
Epoch 514/1000, Train Loss: 0.6394, Validation Loss: 15.5034
Epoch 515/1000, Train Loss: 0.6282, Validation Loss: 1.8206
Epoch 516/1000, Train Loss: 0.6348, Validation Loss: 2.7070
Epoch 517/1000, Train Loss: 0.6845, Validation Loss: 1.4463
Epoch 518/1000, Train Loss: 0.6262, Validation Loss: 2.8081
Epoch 519/1000, Train Loss: 0.6494, Validation Loss: 3.9517
Epoch 520/1000, Train Loss: 0.6395, Validation Loss: 2.6372
Epoch 521/1000, Train Loss: 0.6506, Validation Loss: 3.7859
Epoch 522/1000, Train Loss: 0.6253, Validation Loss: 4.3730
Epoch 523/1000, Train Loss: 0.7971, Validation Loss: 7.6507
Epoch 524/1000, Train Loss: 1.1262, Validation Loss: 5.1790
Epoch 525/1000, Train Loss: 0.6304, Validation Loss: 2.2824
Epoch 526/1000, Train Loss: 0.6268, Validation Loss: 4.5755
Epoch 527/1000, Train Loss: 0.6386, Validation Loss: 2.6591
Epoch 528/1000, Train Loss: 0.6402, Validation Loss: 4.9088
Epoch 529/1000, Train Loss: 0.6210, Validation Loss: 1.6593
Epoch 530/1000, Train Loss: 0.6440, Validation Loss: 2.8559
Epoch 531/1000, Train Loss: 0.6339, Validation Loss: 2.3377
Epoch 532/1000, Train Loss: 0.6363, Validation Loss: 0.6588
Epoch 533/1000, Train Loss: 0.6517, Validation Loss: 3.2514
Epoch 534/1000, Train Loss: 0.6276, Validation Loss: 1.0681
Epoch 535/1000, Train Loss: 0.6369, Validation Loss: 0.7208
Epoch 536/1000, Train Loss: 0.6192, Validation Loss: 4.5577
Epoch 537/1000, Train Loss: 0.7302, Validation Loss: 2.1854
Epoch 538/1000, Train Loss: 0.6635, Validation Loss: 1.9475
Epoch 539/1000, Train Loss: 0.6272, Validation Loss: 3.5822
Epoch 540/1000, Train Loss: 0.6198, Validation Loss: 2.7424
Epoch 541/1000, Train Loss: 0.6386, Validation Loss: 1.9267
Epoch 542/1000, Train Loss: 0.6264, Validation Loss: 3.7368
Epoch 543/1000, Train Loss: 0.6469, Validation Loss: 350.3967
Epoch 544/1000, Train Loss: 1.1907, Validation Loss: 2.5511
Epoch 545/1000, Train Loss: 0.6271, Validation Loss: 3.0272
Epoch 546/1000, Train Loss: 0.6349, Validation Loss: 5.4549
Epoch 547/1000, Train Loss: 0.6428, Validation Loss: 1.0903
Epoch 548/1000, Train Loss: 0.7876, Validation Loss: 1.3802
Epoch 549/1000, Train Loss: 0.6139, Validation Loss: 2.0710
Epoch 550/1000, Train Loss: 0.6311, Validation Loss: 3.6787
Epoch 551/1000, Train Loss: 0.6205, Validation Loss: 2.1101
Epoch 552/1000, Train Loss: 0.7064, Validation Loss: 1.5315
Epoch 553/1000, Train Loss: 0.6281, Validation Loss: 0.6456
Epoch 554/1000, Train Loss: 0.6370, Validation Loss: 2.1515
Epoch 555/1000, Train Loss: 0.6455, Validation Loss: 5.5196
Epoch 556/1000, Train Loss: 0.6215, Validation Loss: 4.0470
Epoch 557/1000, Train Loss: 0.6509, Validation Loss: 4.8787
Epoch 558/1000, Train Loss: 0.6205, Validation Loss: 4.3033
Epoch 559/1000, Train Loss: 0.8078, Validation Loss: 0.8085
Epoch 560/1000, Train Loss: 0.6187, Validation Loss: 0.9222
Epoch 561/1000, Train Loss: 0.6206, Validation Loss: 1.1333
Epoch 562/1000, Train Loss: 0.6282, Validation Loss: 3.4502
Epoch 563/1000, Train Loss: 0.6179, Validation Loss: 1.7680
Epoch 564/1000, Train Loss: 0.6345, Validation Loss: 0.8176
Epoch 565/1000, Train Loss: 0.6289, Validation Loss: 1.0422
Epoch 566/1000, Train Loss: 0.6367, Validation Loss: 2.3286
Epoch 567/1000, Train Loss: 0.8585, Validation Loss: 2.2502
Epoch 568/1000, Train Loss: 0.6284, Validation Loss: 3.3376
Epoch 569/1000, Train Loss: 0.6446, Validation Loss: 4.3021
Epoch 570/1000, Train Loss: 0.6214, Validation Loss: 5.5349
Epoch 571/1000, Train Loss: 0.6469, Validation Loss: 3.5133
Epoch 572/1000, Train Loss: 0.6300, Validation Loss: 1.4102
Epoch 573/1000, Train Loss: 0.6660, Validation Loss: 3.1352
Epoch 574/1000, Train Loss: 0.6433, Validation Loss: 0.9867
Epoch 575/1000, Train Loss: 0.6286, Validation Loss: 0.8923
Epoch 576/1000, Train Loss: 0.6184, Validation Loss: 3.6112
Epoch 577/1000, Train Loss: 0.6370, Validation Loss: 0.9791
Epoch 578/1000, Train Loss: 0.6269, Validation Loss: 1.1897
Epoch 579/1000, Train Loss: 0.6220, Validation Loss: 2.7635
Epoch 580/1000, Train Loss: 0.6231, Validation Loss: 1.6724
Epoch 581/1000, Train Loss: 0.6429, Validation Loss: 3.1751
Epoch 582/1000, Train Loss: 0.6267, Validation Loss: 2.1530
Epoch 583/1000, Train Loss: 0.6352, Validation Loss: 1.6879
Epoch 584/1000, Train Loss: 0.6259, Validation Loss: 3.7379
Epoch 585/1000, Train Loss: 0.7131, Validation Loss: 4.4730
Epoch 586/1000, Train Loss: 0.6346, Validation Loss: 1.5657
Epoch 587/1000, Train Loss: 0.6329, Validation Loss: 3.7011
Epoch 588/1000, Train Loss: 0.6177, Validation Loss: 1.9771
Epoch 589/1000, Train Loss: 0.6261, Validation Loss: 3.8969
Epoch 590/1000, Train Loss: 0.6293, Validation Loss: 4.9210
Epoch 591/1000, Train Loss: 0.6105, Validation Loss: 1.1254
Epoch 592/1000, Train Loss: 0.6191, Validation Loss: 0.7558
Epoch 593/1000, Train Loss: 0.6532, Validation Loss: 0.7913
Epoch 594/1000, Train Loss: 0.6358, Validation Loss: 3.3390
Epoch 595/1000, Train Loss: 0.6270, Validation Loss: 0.8159
Epoch 596/1000, Train Loss: 0.6120, Validation Loss: 2.0739
Epoch 597/1000, Train Loss: 0.6282, Validation Loss: 2.1934
Epoch 598/1000, Train Loss: 0.6225, Validation Loss: 1.0937
Epoch 599/1000, Train Loss: 0.6319, Validation Loss: 1.4732
Epoch 600/1000, Train Loss: 0.6265, Validation Loss: 1.3975
Epoch 601/1000, Train Loss: 0.6508, Validation Loss: 1.6042
Epoch 602/1000, Train Loss: 0.6226, Validation Loss: 2.6531
Epoch 603/1000, Train Loss: 0.6240, Validation Loss: 0.8898
Epoch 604/1000, Train Loss: 0.6262, Validation Loss: 1.0603
Epoch 605/1000, Train Loss: 0.6797, Validation Loss: 1.6552
Epoch 606/1000, Train Loss: 0.6168, Validation Loss: 7.8766
Epoch 607/1000, Train Loss: 0.6276, Validation Loss: 3.2823
Epoch 608/1000, Train Loss: 0.6245, Validation Loss: 2.1381
Epoch 609/1000, Train Loss: 0.6291, Validation Loss: 6.5586
Epoch 610/1000, Train Loss: 0.6209, Validation Loss: 2.7065
Epoch 611/1000, Train Loss: 0.6364, Validation Loss: 1.0522
Epoch 612/1000, Train Loss: 0.6277, Validation Loss: 5.0800
Epoch 613/1000, Train Loss: 0.6426, Validation Loss: 1.4147
Epoch 614/1000, Train Loss: 0.6427, Validation Loss: 5.1534
Epoch 615/1000, Train Loss: 0.6347, Validation Loss: 3.4504
Epoch 616/1000, Train Loss: 0.6619, Validation Loss: 1.1188
Epoch 617/1000, Train Loss: 0.6181, Validation Loss: 1.0260
Epoch 618/1000, Train Loss: 0.6446, Validation Loss: 1.0072
Epoch 619/1000, Train Loss: 0.6363, Validation Loss: 1.7884
Epoch 620/1000, Train Loss: 0.6257, Validation Loss: 3.7817
Epoch 621/1000, Train Loss: 0.6432, Validation Loss: 6.4684
Epoch 622/1000, Train Loss: 0.7172, Validation Loss: 2.3079
Epoch 623/1000, Train Loss: 0.6346, Validation Loss: 0.8942
Epoch 624/1000, Train Loss: 0.6255, Validation Loss: 1.6300
Epoch 625/1000, Train Loss: 0.6245, Validation Loss: 2.4544
Epoch 626/1000, Train Loss: 0.6311, Validation Loss: 3.3037
Epoch 627/1000, Train Loss: 0.6395, Validation Loss: 2.5401
Epoch 628/1000, Train Loss: 0.6266, Validation Loss: 2.8050
Epoch 629/1000, Train Loss: 0.6383, Validation Loss: 1.4884
Epoch 630/1000, Train Loss: 0.6183, Validation Loss: 3.8728
Epoch 631/1000, Train Loss: 0.6295, Validation Loss: 5.3008
Epoch 632/1000, Train Loss: 0.6427, Validation Loss: 0.8903
Epoch 633/1000, Train Loss: 0.6366, Validation Loss: 3.2634
Epoch 634/1000, Train Loss: 0.6306, Validation Loss: 0.8144
Epoch 635/1000, Train Loss: 0.6297, Validation Loss: 1.1961
Epoch 636/1000, Train Loss: 0.6140, Validation Loss: 1.0693
Epoch 637/1000, Train Loss: 0.6369, Validation Loss: 2.1549
Epoch 638/1000, Train Loss: 0.6434, Validation Loss: 3.8405
Epoch 639/1000, Train Loss: 0.6346, Validation Loss: 0.6264
Epoch 640/1000, Train Loss: 0.6075, Validation Loss: 0.9957
Epoch 641/1000, Train Loss: 0.6233, Validation Loss: 2.5540
Epoch 642/1000, Train Loss: 0.6281, Validation Loss: 3.5051
Epoch 643/1000, Train Loss: 0.6205, Validation Loss: 1.2361
Epoch 644/1000, Train Loss: 0.6208, Validation Loss: 3.4701
Epoch 645/1000, Train Loss: 0.7182, Validation Loss: 1.7585
Epoch 646/1000, Train Loss: 0.6184, Validation Loss: 3.1892
Epoch 647/1000, Train Loss: 0.6328, Validation Loss: 2.5679
Epoch 648/1000, Train Loss: 0.6222, Validation Loss: 1.2228
Epoch 649/1000, Train Loss: 0.6226, Validation Loss: 0.7354
Epoch 650/1000, Train Loss: 0.6214, Validation Loss: 0.6853
Epoch 651/1000, Train Loss: 0.6149, Validation Loss: 0.8049
Epoch 652/1000, Train Loss: 0.6204, Validation Loss: 2.3067
Epoch 653/1000, Train Loss: 0.7523, Validation Loss: 2.4458
Epoch 654/1000, Train Loss: 0.6375, Validation Loss: 2.7244
Epoch 655/1000, Train Loss: 0.6211, Validation Loss: 2.0829
Epoch 656/1000, Train Loss: 0.7485, Validation Loss: 4.0762
Epoch 657/1000, Train Loss: 0.6292, Validation Loss: 2.5406
Epoch 658/1000, Train Loss: 0.6377, Validation Loss: 2.0124
Epoch 659/1000, Train Loss: 0.6182, Validation Loss: 1.1706
Epoch 660/1000, Train Loss: 0.6224, Validation Loss: 0.9390
Epoch 661/1000, Train Loss: 0.6256, Validation Loss: 2.1092
Epoch 662/1000, Train Loss: 0.6291, Validation Loss: 0.7626
Epoch 663/1000, Train Loss: 0.6776, Validation Loss: 0.9975
Epoch 664/1000, Train Loss: 0.6200, Validation Loss: 3.3905
Epoch 665/1000, Train Loss: 0.6265, Validation Loss: 1.1249
Epoch 666/1000, Train Loss: 0.6335, Validation Loss: 1.0652
Epoch 667/1000, Train Loss: 0.6267, Validation Loss: 4.8213
Epoch 668/1000, Train Loss: 0.6350, Validation Loss: 1.1231
Epoch 669/1000, Train Loss: 0.6321, Validation Loss: 1.7788
Epoch 670/1000, Train Loss: 0.6848, Validation Loss: 0.6346
Epoch 671/1000, Train Loss: 0.6323, Validation Loss: 1.4863
Epoch 672/1000, Train Loss: 0.6315, Validation Loss: 3.6382
Epoch 673/1000, Train Loss: 0.6308, Validation Loss: 0.7340
Epoch 674/1000, Train Loss: 0.6269, Validation Loss: 0.9361
Epoch 675/1000, Train Loss: 0.6151, Validation Loss: 0.9478
Epoch 676/1000, Train Loss: 0.6127, Validation Loss: 1.1217
Epoch 677/1000, Train Loss: 0.6152, Validation Loss: 0.9995
Epoch 678/1000, Train Loss: 0.6441, Validation Loss: 3.0748
Epoch 679/1000, Train Loss: 0.6304, Validation Loss: 1.3786
Epoch 680/1000, Train Loss: 0.6234, Validation Loss: 7.5104
Epoch 681/1000, Train Loss: 0.6326, Validation Loss: 0.7821
Epoch 682/1000, Train Loss: 0.6326, Validation Loss: 2.1793
Epoch 683/1000, Train Loss: 0.6351, Validation Loss: 2.1299
Epoch 684/1000, Train Loss: 0.6950, Validation Loss: 6.7478
Epoch 685/1000, Train Loss: 0.6149, Validation Loss: 5.8435
Epoch 686/1000, Train Loss: 0.6166, Validation Loss: 4.7946
Epoch 687/1000, Train Loss: 0.6348, Validation Loss: 5.1099
Epoch 688/1000, Train Loss: 0.6408, Validation Loss: 0.7861
Epoch 689/1000, Train Loss: 0.6227, Validation Loss: 0.7247
Epoch 690/1000, Train Loss: 0.6200, Validation Loss: 1.7508
Epoch 691/1000, Train Loss: 0.6250, Validation Loss: 2.0827
Epoch 692/1000, Train Loss: 2.8455, Validation Loss: 3.3467
Epoch 693/1000, Train Loss: 0.6185, Validation Loss: 1.5051
Epoch 694/1000, Train Loss: 0.6186, Validation Loss: 10.2815
Epoch 695/1000, Train Loss: 0.6233, Validation Loss: 1.5589
Epoch 696/1000, Train Loss: 0.6390, Validation Loss: 1.4363
Epoch 697/1000, Train Loss: 0.6170, Validation Loss: 2.0247
Epoch 698/1000, Train Loss: 0.6212, Validation Loss: 3.1742
Epoch 699/1000, Train Loss: 0.6122, Validation Loss: 1.5445
Epoch 700/1000, Train Loss: 0.6089, Validation Loss: 2.1732
Epoch 701/1000, Train Loss: 0.6225, Validation Loss: 1.0327
Epoch 702/1000, Train Loss: 0.6410, Validation Loss: 1.6239
Epoch 703/1000, Train Loss: 0.6113, Validation Loss: 1.6556
Epoch 704/1000, Train Loss: 0.6047, Validation Loss: 3.0325
Epoch 705/1000, Train Loss: 0.6230, Validation Loss: 3.7592
Epoch 706/1000, Train Loss: 0.6386, Validation Loss: 0.5661
Epoch 707/1000, Train Loss: 0.6202, Validation Loss: 2.4434
Epoch 708/1000, Train Loss: 0.6268, Validation Loss: 1.3584
Epoch 709/1000, Train Loss: 0.6321, Validation Loss: 1.3311
Epoch 710/1000, Train Loss: 0.6333, Validation Loss: 6.1811
Epoch 711/1000, Train Loss: 0.6239, Validation Loss: 2.6291
Epoch 712/1000, Train Loss: 0.6289, Validation Loss: 0.6496
Epoch 713/1000, Train Loss: 0.6137, Validation Loss: 5.0795
Epoch 714/1000, Train Loss: 0.6307, Validation Loss: 1.1097
Epoch 715/1000, Train Loss: 0.6323, Validation Loss: 4.1343
Epoch 716/1000, Train Loss: 0.6292, Validation Loss: 0.8756
Epoch 717/1000, Train Loss: 0.6193, Validation Loss: 2.3637
Epoch 718/1000, Train Loss: 0.6316, Validation Loss: 1.2081
Epoch 719/1000, Train Loss: 0.6402, Validation Loss: 1.5571
Epoch 720/1000, Train Loss: 0.6514, Validation Loss: 1.2044
Epoch 721/1000, Train Loss: 0.6448, Validation Loss: 0.9780
Epoch 722/1000, Train Loss: 0.6107, Validation Loss: 1.1315
Epoch 723/1000, Train Loss: 0.6276, Validation Loss: 1.7480
Epoch 724/1000, Train Loss: 0.6299, Validation Loss: 1.5233
Epoch 725/1000, Train Loss: 0.6199, Validation Loss: 4.9062
Epoch 726/1000, Train Loss: 0.6267, Validation Loss: 1.3060
Epoch 727/1000, Train Loss: 0.6460, Validation Loss: 2.7750
Epoch 728/1000, Train Loss: 0.6555, Validation Loss: 4.7676
Epoch 729/1000, Train Loss: 0.6256, Validation Loss: 2.1817
Epoch 730/1000, Train Loss: 0.6105, Validation Loss: 6.3435
Epoch 731/1000, Train Loss: 0.6210, Validation Loss: 4.6679
Epoch 732/1000, Train Loss: 0.6351, Validation Loss: 7.8614
Epoch 733/1000, Train Loss: 0.6240, Validation Loss: 4.9680
Epoch 734/1000, Train Loss: 0.6265, Validation Loss: 1.0228
Epoch 735/1000, Train Loss: 0.6190, Validation Loss: 4.5613
Epoch 736/1000, Train Loss: 0.6362, Validation Loss: 5.3068
Epoch 737/1000, Train Loss: 0.6231, Validation Loss: 1.6182
Epoch 738/1000, Train Loss: 0.6327, Validation Loss: 1.4245
Epoch 739/1000, Train Loss: 0.6401, Validation Loss: 2.0136
Epoch 740/1000, Train Loss: 0.6234, Validation Loss: 2.4769
Epoch 741/1000, Train Loss: 0.6409, Validation Loss: 0.8274
Epoch 742/1000, Train Loss: 0.6278, Validation Loss: 3.3931
Epoch 743/1000, Train Loss: 0.6117, Validation Loss: 0.6172
Epoch 744/1000, Train Loss: 0.6190, Validation Loss: 3.7275
Epoch 745/1000, Train Loss: 0.6485, Validation Loss: 1.7339
Epoch 746/1000, Train Loss: 0.6203, Validation Loss: 1.8935
Epoch 747/1000, Train Loss: 0.6282, Validation Loss: 2.2259
Epoch 748/1000, Train Loss: 0.6593, Validation Loss: 0.8172
Epoch 749/1000, Train Loss: 0.6215, Validation Loss: 4.8806
Epoch 750/1000, Train Loss: 0.6322, Validation Loss: 2.0622
Epoch 751/1000, Train Loss: 0.6234, Validation Loss: 2.9040
Epoch 752/1000, Train Loss: 0.6272, Validation Loss: 6.4636
Epoch 753/1000, Train Loss: 0.6365, Validation Loss: 2.4641
Epoch 754/1000, Train Loss: 0.6295, Validation Loss: 1.4395
Epoch 755/1000, Train Loss: 0.6293, Validation Loss: 0.5924
Epoch 756/1000, Train Loss: 0.6262, Validation Loss: 2.6267
Epoch 757/1000, Train Loss: 0.6318, Validation Loss: 2.0303
Epoch 758/1000, Train Loss: 0.6132, Validation Loss: 2.3109
Epoch 759/1000, Train Loss: 0.6114, Validation Loss: 0.6952
Epoch 760/1000, Train Loss: 0.6261, Validation Loss: 1.2193
Epoch 761/1000, Train Loss: 0.6308, Validation Loss: 5.0373
Epoch 762/1000, Train Loss: 0.6551, Validation Loss: 1.9500
Epoch 763/1000, Train Loss: 0.6174, Validation Loss: 4.8286
Epoch 764/1000, Train Loss: 0.6261, Validation Loss: 0.6417
Epoch 765/1000, Train Loss: 0.6225, Validation Loss: 3.8641
Epoch 766/1000, Train Loss: 0.6448, Validation Loss: 0.9563
Epoch 767/1000, Train Loss: 0.6270, Validation Loss: 2.8664
Epoch 768/1000, Train Loss: 0.6192, Validation Loss: 5.2146
Epoch 769/1000, Train Loss: 0.6238, Validation Loss: 1.0947
Epoch 770/1000, Train Loss: 0.6248, Validation Loss: 1.0746
Epoch 771/1000, Train Loss: 0.6240, Validation Loss: 2.2999
Epoch 772/1000, Train Loss: 0.6297, Validation Loss: 1.5591
Epoch 773/1000, Train Loss: 0.6918, Validation Loss: 2.1224
Epoch 774/1000, Train Loss: 0.6225, Validation Loss: 1.8626
Epoch 775/1000, Train Loss: 0.6129, Validation Loss: 2.7211
Epoch 776/1000, Train Loss: 0.6119, Validation Loss: 1.3355
Epoch 777/1000, Train Loss: 0.6388, Validation Loss: 2.6508
Epoch 778/1000, Train Loss: 0.6264, Validation Loss: 6.2802
Epoch 779/1000, Train Loss: 0.6173, Validation Loss: 1.6311
Epoch 780/1000, Train Loss: 0.6887, Validation Loss: 1.1183
Epoch 781/1000, Train Loss: 0.6593, Validation Loss: 2.4134
Epoch 782/1000, Train Loss: 0.8189, Validation Loss: 0.6354
Epoch 783/1000, Train Loss: 0.6332, Validation Loss: 2.5081
Epoch 784/1000, Train Loss: 0.6150, Validation Loss: 1.3669
Epoch 785/1000, Train Loss: 0.6185, Validation Loss: 0.7252
Epoch 786/1000, Train Loss: 0.6155, Validation Loss: 0.6995
Epoch 787/1000, Train Loss: 0.6411, Validation Loss: 7.5376
Epoch 788/1000, Train Loss: 76.3250, Validation Loss: 1.4442
Epoch 789/1000, Train Loss: 0.6556, Validation Loss: 2.2214
Epoch 790/1000, Train Loss: 0.6364, Validation Loss: 1.0429
Epoch 791/1000, Train Loss: 0.6313, Validation Loss: 1.3804
Epoch 792/1000, Train Loss: 0.6188, Validation Loss: 2.7456
Epoch 793/1000, Train Loss: 0.6124, Validation Loss: 6.9009
Epoch 794/1000, Train Loss: 0.6095, Validation Loss: 0.9559
Epoch 795/1000, Train Loss: 0.6162, Validation Loss: 1.2588
Epoch 796/1000, Train Loss: 0.6263, Validation Loss: 1.3009
Epoch 797/1000, Train Loss: 0.6213, Validation Loss: 1.3581
Epoch 798/1000, Train Loss: 0.6192, Validation Loss: 1.1169
Epoch 799/1000, Train Loss: 0.6361, Validation Loss: 3.9860
Epoch 800/1000, Train Loss: 0.6236, Validation Loss: 4.2635
Epoch 801/1000, Train Loss: 0.6649, Validation Loss: 2.2083
Epoch 802/1000, Train Loss: 0.6204, Validation Loss: 5.4706
Epoch 803/1000, Train Loss: 0.6112, Validation Loss: 2.3514
Epoch 804/1000, Train Loss: 0.6120, Validation Loss: 3.9213
Epoch 805/1000, Train Loss: 0.6117, Validation Loss: 3.8700
Epoch 806/1000, Train Loss: 0.6172, Validation Loss: 2.1468
Epoch 807/1000, Train Loss: 0.6197, Validation Loss: 1.8480
Epoch 808/1000, Train Loss: 0.6245, Validation Loss: 1.8523
Epoch 809/1000, Train Loss: 0.6185, Validation Loss: 1.7935
Epoch 810/1000, Train Loss: 0.6340, Validation Loss: 4.1689
Epoch 811/1000, Train Loss: 0.6108, Validation Loss: 3.1939
Epoch 812/1000, Train Loss: 0.6102, Validation Loss: 1.2555
Epoch 813/1000, Train Loss: 0.6452, Validation Loss: 5.7990
Epoch 814/1000, Train Loss: 0.6297, Validation Loss: 1.6475
Epoch 815/1000, Train Loss: 0.6291, Validation Loss: 1.5114
Epoch 816/1000, Train Loss: 0.6100, Validation Loss: 0.6658
Epoch 817/1000, Train Loss: 0.6387, Validation Loss: 0.5904
Epoch 818/1000, Train Loss: 0.6161, Validation Loss: 5.3910
Epoch 819/1000, Train Loss: 776.3599, Validation Loss: 4.3290
Epoch 820/1000, Train Loss: 0.6310, Validation Loss: 6.6285
Epoch 821/1000, Train Loss: 0.6162, Validation Loss: 2.2547
Epoch 822/1000, Train Loss: 0.6270, Validation Loss: 1.0197
Epoch 823/1000, Train Loss: 0.6251, Validation Loss: 1.2598
Epoch 824/1000, Train Loss: 0.6151, Validation Loss: 1.8570
Epoch 825/1000, Train Loss: 0.6259, Validation Loss: 5.6845
Epoch 826/1000, Train Loss: 0.6492, Validation Loss: 2.0835
Epoch 827/1000, Train Loss: 0.6342, Validation Loss: 0.7640
Epoch 828/1000, Train Loss: 0.6218, Validation Loss: 2.0829
Epoch 829/1000, Train Loss: 0.6348, Validation Loss: 5.1292
Epoch 830/1000, Train Loss: 0.6054, Validation Loss: 1.3822
Epoch 831/1000, Train Loss: 0.6118, Validation Loss: 1.9666
Epoch 832/1000, Train Loss: 0.6165, Validation Loss: 0.8711
Epoch 833/1000, Train Loss: 0.6172, Validation Loss: 1.0777
Epoch 834/1000, Train Loss: 0.6188, Validation Loss: 1.5119
Epoch 835/1000, Train Loss: 0.6090, Validation Loss: 3.3843
Epoch 836/1000, Train Loss: 0.6313, Validation Loss: 3.2403
Epoch 837/1000, Train Loss: 0.6269, Validation Loss: 1.2207
Epoch 838/1000, Train Loss: 0.6082, Validation Loss: 4.0289
Epoch 839/1000, Train Loss: 0.6104, Validation Loss: 2.5713
Epoch 840/1000, Train Loss: 0.6351, Validation Loss: 2.5764
Epoch 841/1000, Train Loss: 0.6150, Validation Loss: 1.5961
Epoch 842/1000, Train Loss: 0.6107, Validation Loss: 2.0127
Epoch 843/1000, Train Loss: 0.6161, Validation Loss: 2.1906
Epoch 844/1000, Train Loss: 0.6328, Validation Loss: 1.0436
Epoch 845/1000, Train Loss: 0.6168, Validation Loss: 2.4313
Epoch 846/1000, Train Loss: 0.6096, Validation Loss: 1.7451
Epoch 847/1000, Train Loss: 0.6135, Validation Loss: 3.5817
Epoch 848/1000, Train Loss: 0.6138, Validation Loss: 4.9825
Epoch 849/1000, Train Loss: 0.6273, Validation Loss: 1.7048
Epoch 850/1000, Train Loss: 0.6506, Validation Loss: 1.4244
Epoch 851/1000, Train Loss: 0.6187, Validation Loss: 2.0384
Epoch 852/1000, Train Loss: 0.6223, Validation Loss: 2.6430
Epoch 853/1000, Train Loss: 1.1807, Validation Loss: 0.8681
Epoch 854/1000, Train Loss: 0.6190, Validation Loss: 5.6591
Epoch 855/1000, Train Loss: 0.6226, Validation Loss: 1.2510
Epoch 856/1000, Train Loss: 0.6223, Validation Loss: 5.0171
Epoch 857/1000, Train Loss: 0.6285, Validation Loss: 2.6011
Epoch 858/1000, Train Loss: 0.6144, Validation Loss: 4.4025
Epoch 859/1000, Train Loss: 0.6144, Validation Loss: 0.6002
Epoch 860/1000, Train Loss: 0.6039, Validation Loss: 1.9225
Epoch 861/1000, Train Loss: 0.6549, Validation Loss: 6.0738
Epoch 862/1000, Train Loss: 0.6103, Validation Loss: 5.8774
Epoch 863/1000, Train Loss: 0.6052, Validation Loss: 1.4340
Epoch 864/1000, Train Loss: 0.6433, Validation Loss: 1.3230
Epoch 865/1000, Train Loss: 0.6230, Validation Loss: 2.5717
Epoch 866/1000, Train Loss: 0.6197, Validation Loss: 3.5363
Epoch 867/1000, Train Loss: 1.3291, Validation Loss: 2.3213
Epoch 868/1000, Train Loss: 0.6280, Validation Loss: 6.4841
Epoch 869/1000, Train Loss: 0.6233, Validation Loss: 2.5823
Epoch 870/1000, Train Loss: 0.6135, Validation Loss: 4.2141
Epoch 871/1000, Train Loss: 0.6173, Validation Loss: 0.9023
Epoch 872/1000, Train Loss: 0.6241, Validation Loss: 2.6476
Epoch 873/1000, Train Loss: 0.6319, Validation Loss: 5.2168
Epoch 874/1000, Train Loss: 0.6176, Validation Loss: 0.8837
Epoch 875/1000, Train Loss: 0.6253, Validation Loss: 1.6511
Epoch 876/1000, Train Loss: 0.6094, Validation Loss: 0.9667
Epoch 877/1000, Train Loss: 0.7017, Validation Loss: 4.9473
Epoch 878/1000, Train Loss: 0.6369, Validation Loss: 5.2255
Epoch 879/1000, Train Loss: 0.6100, Validation Loss: 2.4942
Epoch 880/1000, Train Loss: 0.6174, Validation Loss: 0.7850
Epoch 881/1000, Train Loss: 0.6115, Validation Loss: 4.7940
Epoch 882/1000, Train Loss: 0.6137, Validation Loss: 1.8145
Epoch 883/1000, Train Loss: 0.6213, Validation Loss: 8.1999
Epoch 884/1000, Train Loss: 0.6215, Validation Loss: 5.1114
Epoch 885/1000, Train Loss: 0.6156, Validation Loss: 2.4880
Epoch 886/1000, Train Loss: 0.6279, Validation Loss: 1.8621
Epoch 887/1000, Train Loss: 0.6375, Validation Loss: 1.8791
Epoch 888/1000, Train Loss: 0.6060, Validation Loss: 2.1508
Epoch 889/1000, Train Loss: 0.6143, Validation Loss: 4.3366
Epoch 890/1000, Train Loss: 0.6263, Validation Loss: 0.8483
Epoch 891/1000, Train Loss: 0.6140, Validation Loss: 1.0107
Epoch 892/1000, Train Loss: 0.6234, Validation Loss: 0.9026
Epoch 893/1000, Train Loss: 0.6401, Validation Loss: 3.1410
Epoch 894/1000, Train Loss: 0.6221, Validation Loss: 1.2202
Epoch 895/1000, Train Loss: 0.6274, Validation Loss: 0.7046
Epoch 896/1000, Train Loss: 0.6248, Validation Loss: 2.0829
Epoch 897/1000, Train Loss: 0.6450, Validation Loss: 4.3097
Epoch 898/1000, Train Loss: 0.6284, Validation Loss: 1.0057
Epoch 899/1000, Train Loss: 0.6260, Validation Loss: 0.5689
Epoch 900/1000, Train Loss: 0.6214, Validation Loss: 0.5897
Epoch 901/1000, Train Loss: 0.6046, Validation Loss: 1.7790
Epoch 902/1000, Train Loss: 0.6166, Validation Loss: 2.4597
Epoch 903/1000, Train Loss: 0.6324, Validation Loss: 2.1755
Epoch 904/1000, Train Loss: 0.6221, Validation Loss: 0.6635
Epoch 905/1000, Train Loss: 0.6110, Validation Loss: 1.1057
Epoch 906/1000, Train Loss: 0.6769, Validation Loss: 1.8211
Epoch 907/1000, Train Loss: 0.6119, Validation Loss: 1.3488
Epoch 908/1000, Train Loss: 0.6245, Validation Loss: 4.9105
Epoch 909/1000, Train Loss: 0.6235, Validation Loss: 4.6196
Epoch 910/1000, Train Loss: 0.6041, Validation Loss: 2.1176
Epoch 911/1000, Train Loss: 0.6166, Validation Loss: 4.3719
Epoch 912/1000, Train Loss: 0.6393, Validation Loss: 5.1718
Epoch 913/1000, Train Loss: 0.6200, Validation Loss: 4.3343
Epoch 914/1000, Train Loss: 0.6107, Validation Loss: 6.5883
Epoch 915/1000, Train Loss: 0.6398, Validation Loss: 1.0815
Epoch 916/1000, Train Loss: 0.6292, Validation Loss: 1.8157
Epoch 917/1000, Train Loss: 0.6290, Validation Loss: 3.2979
Epoch 918/1000, Train Loss: 0.6279, Validation Loss: 1.6924
Epoch 919/1000, Train Loss: 0.6376, Validation Loss: 0.9906
Epoch 920/1000, Train Loss: 0.6209, Validation Loss: 0.9364
Epoch 921/1000, Train Loss: 0.6254, Validation Loss: 5.0903
Epoch 922/1000, Train Loss: 0.6168, Validation Loss: 6.9314
Epoch 923/1000, Train Loss: 0.6102, Validation Loss: 4.6492
Epoch 924/1000, Train Loss: 0.6012, Validation Loss: 1.2671
Epoch 925/1000, Train Loss: 0.6140, Validation Loss: 0.6358
Epoch 926/1000, Train Loss: 0.6586, Validation Loss: 3.8637
Epoch 927/1000, Train Loss: 0.6222, Validation Loss: 0.7124
Epoch 928/1000, Train Loss: 0.6097, Validation Loss: 5.3167
Epoch 929/1000, Train Loss: 0.6239, Validation Loss: 4.6486
Epoch 930/1000, Train Loss: 0.6338, Validation Loss: 1.0511
Epoch 931/1000, Train Loss: 0.6383, Validation Loss: 4.3967
Epoch 932/1000, Train Loss: 0.6117, Validation Loss: 1.7053
Epoch 933/1000, Train Loss: 0.6365, Validation Loss: 3.5502
Epoch 934/1000, Train Loss: 0.6237, Validation Loss: 5.3320
Epoch 935/1000, Train Loss: 0.6215, Validation Loss: 2.9784
Epoch 936/1000, Train Loss: 0.6183, Validation Loss: 4.1041
Epoch 937/1000, Train Loss: 0.6333, Validation Loss: 7.8855
Epoch 938/1000, Train Loss: 0.6166, Validation Loss: 1.7840
Epoch 939/1000, Train Loss: 0.6270, Validation Loss: 1.1115
Epoch 940/1000, Train Loss: 0.6204, Validation Loss: 1.7682
Epoch 941/1000, Train Loss: 0.6400, Validation Loss: 3.7988
Epoch 942/1000, Train Loss: 0.6205, Validation Loss: 1.1529
Epoch 943/1000, Train Loss: 0.6102, Validation Loss: 2.1634
Epoch 944/1000, Train Loss: 0.6154, Validation Loss: 2.2560
Epoch 945/1000, Train Loss: 0.6378, Validation Loss: 4.4476
Epoch 946/1000, Train Loss: 0.6257, Validation Loss: 4.0960
Epoch 947/1000, Train Loss: 0.6148, Validation Loss: 0.5716
Epoch 948/1000, Train Loss: 0.6219, Validation Loss: 4.9553
Epoch 949/1000, Train Loss: 0.6269, Validation Loss: 1.3851
Epoch 950/1000, Train Loss: 0.6139, Validation Loss: 2.1728
Epoch 951/1000, Train Loss: 0.6176, Validation Loss: 5.6757
Epoch 952/1000, Train Loss: 0.6236, Validation Loss: 1.8403
Epoch 953/1000, Train Loss: 0.6629, Validation Loss: 0.7107
Epoch 954/1000, Train Loss: 0.6157, Validation Loss: 0.9963
Epoch 955/1000, Train Loss: 0.6125, Validation Loss: 1.3079
Epoch 956/1000, Train Loss: 0.6351, Validation Loss: 5.1745
Epoch 957/1000, Train Loss: 0.6194, Validation Loss: 4.5850
Epoch 958/1000, Train Loss: 0.6830, Validation Loss: 2.6950
Epoch 959/1000, Train Loss: 0.6109, Validation Loss: 1.2920
Epoch 960/1000, Train Loss: 0.6121, Validation Loss: 3.7274
Epoch 961/1000, Train Loss: 0.6202, Validation Loss: 4.8512
Epoch 962/1000, Train Loss: 0.6166, Validation Loss: 1.3087
Epoch 963/1000, Train Loss: 0.6544, Validation Loss: 4.0854
Epoch 964/1000, Train Loss: 0.6069, Validation Loss: 5.7968
Epoch 965/1000, Train Loss: 0.6265, Validation Loss: 0.7914
Epoch 966/1000, Train Loss: 0.6444, Validation Loss: 3.3993
Epoch 967/1000, Train Loss: 0.6425, Validation Loss: 2.1175
Epoch 968/1000, Train Loss: 0.6157, Validation Loss: 2.3255
Epoch 969/1000, Train Loss: 0.6041, Validation Loss: 3.8332
Epoch 970/1000, Train Loss: 0.6338, Validation Loss: 2.0798
Epoch 971/1000, Train Loss: 1.5776, Validation Loss: 6.3372
Epoch 972/1000, Train Loss: 0.6301, Validation Loss: 1.1007
Epoch 973/1000, Train Loss: 0.6242, Validation Loss: 2.2212
Epoch 974/1000, Train Loss: 0.6048, Validation Loss: 0.8862
Epoch 975/1000, Train Loss: 0.6468, Validation Loss: 2.1970
Epoch 976/1000, Train Loss: 0.6102, Validation Loss: 0.6173
Epoch 977/1000, Train Loss: 0.6283, Validation Loss: 1.9018
Epoch 978/1000, Train Loss: 0.6035, Validation Loss: 1.0387
Epoch 979/1000, Train Loss: 0.6357, Validation Loss: 1.0733
Epoch 980/1000, Train Loss: 0.6220, Validation Loss: 0.8980
Epoch 981/1000, Train Loss: 0.6160, Validation Loss: 2.2711
Epoch 982/1000, Train Loss: 0.6345, Validation Loss: 3.7313
Epoch 983/1000, Train Loss: 0.6055, Validation Loss: 1.6850
Epoch 984/1000, Train Loss: 0.6222, Validation Loss: 2.6598
Epoch 985/1000, Train Loss: 0.6164, Validation Loss: 4.1285
Epoch 986/1000, Train Loss: 0.6087, Validation Loss: 1.0304
Epoch 987/1000, Train Loss: 0.6072, Validation Loss: 3.6075
Epoch 988/1000, Train Loss: 0.6197, Validation Loss: 2.5645
Epoch 989/1000, Train Loss: 0.6150, Validation Loss: 1.2968
Epoch 990/1000, Train Loss: 0.6285, Validation Loss: 4.3262
Epoch 991/1000, Train Loss: 0.6218, Validation Loss: 6.1849
Epoch 992/1000, Train Loss: 0.6277, Validation Loss: 4.8197
Epoch 993/1000, Train Loss: 0.6371, Validation Loss: 3.0742
Epoch 994/1000, Train Loss: 0.6120, Validation Loss: 1.6117
Epoch 995/1000, Train Loss: 0.6248, Validation Loss: 1.2670
Epoch 996/1000, Train Loss: 0.6234, Validation Loss: 0.5897
Epoch 997/1000, Train Loss: 0.6088, Validation Loss: 1.5362
Epoch 998/1000, Train Loss: 0.6171, Validation Loss: 1.1314
Epoch 999/1000, Train Loss: 0.6373, Validation Loss: 1.0143
Epoch 1000/1000, Train Loss: 0.6449, Validation Loss: 4.9426
Best Training Loss: 0.6012
Best Training Loss Epoch: 924
Best Validation Loss: 0.5661
Best Validation Loss Epoch: 706
Time taken for training: 0-12:12:45
Test Loss: 0.5848
Test MAPE: 92906.1484%
Error Statistics:
count    4.127200e+04
mean     4.337890e+03
std      6.455662e+05
min      4.303455e-05
25%      1.875823e-01
50%      2.216492e+00
75%      2.825448e+01
max      1.270760e+08
Name: Absolute Error, dtype: float64
Training complete. Final model saved.
Saving model as a wandb Artifact...
Model artifact logged successfully.
[1;34mwandb[0m: 
[1;34mwandb[0m: 🚀 View run [33mtwilight-sweep-143[0m at: [34mhttps://wandb.ai/mk8737-new-york-university/rl_pretrain_hp_sweeps/runs/wfrr2qb7[0m
[1;34mwandb[0m: Find logs at: [1;35mwandb/run-20251006_144145-wfrr2qb7/logs[0m
Agent finished.
