Waiting for sweep ID...
Found Sweep ID: be12np04
Starting wandb agent for sweep be12np04...
TRAINING DEVICE: cpu
Run Name: GCN_global_hp_sweep_be12np04-v04ot87c
finidhed preparing data
Loading dataset from pretrain_dataset_12.5k_fixed_duplicates.pkl
Loaded 412712 data objects.
finished preparing data
Epoch 1/1000, Train Loss: 6.2160, Validation Loss: 6.0846
Epoch 2/1000, Train Loss: 1.4757, Validation Loss: 1.8893
Epoch 3/1000, Train Loss: 1.3622, Validation Loss: 1.1904
Epoch 4/1000, Train Loss: 1.3139, Validation Loss: 2.1571
Epoch 5/1000, Train Loss: 1.1184, Validation Loss: 1.6394
Epoch 6/1000, Train Loss: 1.0583, Validation Loss: 4.3603
Epoch 7/1000, Train Loss: 1.0650, Validation Loss: 1.5215
Epoch 8/1000, Train Loss: 1.0163, Validation Loss: 1.7514
Epoch 9/1000, Train Loss: 0.9783, Validation Loss: 3.8041
Epoch 10/1000, Train Loss: 0.9765, Validation Loss: 3.4992
Epoch 11/1000, Train Loss: 0.9212, Validation Loss: 4.3331
Epoch 12/1000, Train Loss: 0.9192, Validation Loss: 1.9885
Epoch 13/1000, Train Loss: 0.8824, Validation Loss: 1.0525
Epoch 14/1000, Train Loss: 0.9409, Validation Loss: 1.3712
Epoch 15/1000, Train Loss: 0.8736, Validation Loss: 1.5363
Epoch 16/1000, Train Loss: 0.9379, Validation Loss: 2.0542
Epoch 17/1000, Train Loss: 0.8530, Validation Loss: 9.4741
Epoch 18/1000, Train Loss: 0.8534, Validation Loss: 2.0037
Epoch 19/1000, Train Loss: 0.7922, Validation Loss: 6.5630
Epoch 20/1000, Train Loss: 0.7801, Validation Loss: 3.0790
Epoch 21/1000, Train Loss: 0.7493, Validation Loss: 1.1948
Epoch 22/1000, Train Loss: 0.7723, Validation Loss: 0.8653
Epoch 23/1000, Train Loss: 0.7502, Validation Loss: 1.3822
Epoch 24/1000, Train Loss: 0.7270, Validation Loss: 1.9794
Epoch 25/1000, Train Loss: 0.7929, Validation Loss: 5.9733
Epoch 26/1000, Train Loss: 0.7287, Validation Loss: 1.1298
Epoch 27/1000, Train Loss: 0.7086, Validation Loss: 1.9063
Epoch 28/1000, Train Loss: 0.6835, Validation Loss: 1.4992
Epoch 29/1000, Train Loss: 0.7047, Validation Loss: 0.9238
Epoch 30/1000, Train Loss: 0.6997, Validation Loss: 2.3077
Epoch 31/1000, Train Loss: 0.6804, Validation Loss: 0.7528
Epoch 32/1000, Train Loss: 0.6992, Validation Loss: 7.3589
Epoch 33/1000, Train Loss: 0.6740, Validation Loss: 1.1808
Epoch 34/1000, Train Loss: 0.6598, Validation Loss: 1.8075
Epoch 35/1000, Train Loss: 0.6719, Validation Loss: 0.9088
Epoch 36/1000, Train Loss: 0.6468, Validation Loss: 1.2923
Epoch 37/1000, Train Loss: 0.6694, Validation Loss: 1.3612
Epoch 38/1000, Train Loss: 0.6351, Validation Loss: 0.8811
Epoch 39/1000, Train Loss: 0.6373, Validation Loss: 1.4539
Epoch 40/1000, Train Loss: 0.6476, Validation Loss: 0.8856
Epoch 41/1000, Train Loss: 0.6422, Validation Loss: 1.1787
Epoch 42/1000, Train Loss: 0.6315, Validation Loss: 1.3447
Epoch 43/1000, Train Loss: 0.6177, Validation Loss: 1.5001
Epoch 44/1000, Train Loss: 0.6494, Validation Loss: 2.7829
Epoch 45/1000, Train Loss: 0.6231, Validation Loss: 2.0950
Epoch 46/1000, Train Loss: 0.6326, Validation Loss: 2.8356
Epoch 47/1000, Train Loss: 0.6239, Validation Loss: 1.7207
Epoch 48/1000, Train Loss: 0.6067, Validation Loss: 3.2212
Epoch 49/1000, Train Loss: 0.6178, Validation Loss: 3.3985
Epoch 50/1000, Train Loss: 0.5999, Validation Loss: 2.1176
Epoch 51/1000, Train Loss: 0.6069, Validation Loss: 3.7902
Epoch 52/1000, Train Loss: 0.5978, Validation Loss: 2.4205
Epoch 53/1000, Train Loss: 0.6167, Validation Loss: 3.1784
Epoch 54/1000, Train Loss: 0.6112, Validation Loss: 2.9518
Epoch 55/1000, Train Loss: 0.5960, Validation Loss: 1.7211
Epoch 56/1000, Train Loss: 0.5914, Validation Loss: 1.2161
Epoch 57/1000, Train Loss: 0.6621, Validation Loss: 76.9983
Epoch 58/1000, Train Loss: 0.6261, Validation Loss: 0.6499
Epoch 59/1000, Train Loss: 0.6137, Validation Loss: 0.9836
Epoch 60/1000, Train Loss: 0.5914, Validation Loss: 1.5755
Epoch 61/1000, Train Loss: 0.5892, Validation Loss: 2.5548
Epoch 62/1000, Train Loss: 0.5963, Validation Loss: 1.2515
Epoch 63/1000, Train Loss: 0.5826, Validation Loss: 0.7554
Epoch 64/1000, Train Loss: 0.5830, Validation Loss: 1.4931
Epoch 65/1000, Train Loss: 0.6290, Validation Loss: 4.0431
Epoch 66/1000, Train Loss: 0.5734, Validation Loss: 1.2344
Epoch 67/1000, Train Loss: 0.5814, Validation Loss: 1.9796
Epoch 68/1000, Train Loss: 0.5789, Validation Loss: 1.5713
Epoch 69/1000, Train Loss: 0.5794, Validation Loss: 0.7126
Epoch 70/1000, Train Loss: 0.5698, Validation Loss: 2.6989
Epoch 71/1000, Train Loss: 0.5793, Validation Loss: 3.8480
Epoch 72/1000, Train Loss: 0.5536, Validation Loss: 2.3768
Epoch 73/1000, Train Loss: 0.5742, Validation Loss: 3.5663
Epoch 74/1000, Train Loss: 0.5679, Validation Loss: 0.8132
Epoch 75/1000, Train Loss: 0.5774, Validation Loss: 0.7963
Epoch 76/1000, Train Loss: 0.5614, Validation Loss: 2.0740
Epoch 77/1000, Train Loss: 0.5607, Validation Loss: 0.6634
Epoch 78/1000, Train Loss: 0.5665, Validation Loss: 1.2057
Epoch 79/1000, Train Loss: 0.6177, Validation Loss: 2.1005
Epoch 80/1000, Train Loss: 0.5585, Validation Loss: 0.8540
Epoch 81/1000, Train Loss: 0.5516, Validation Loss: 0.8898
Epoch 82/1000, Train Loss: 0.5564, Validation Loss: 1.0764
Epoch 83/1000, Train Loss: 0.5539, Validation Loss: 1.8736
Epoch 84/1000, Train Loss: 0.5515, Validation Loss: 3.4215
Epoch 85/1000, Train Loss: 0.5450, Validation Loss: 0.9573
Epoch 86/1000, Train Loss: 0.8181, Validation Loss: 1.2057
Epoch 87/1000, Train Loss: 0.5523, Validation Loss: 3.1588
Epoch 88/1000, Train Loss: 0.5509, Validation Loss: 1.2869
Epoch 89/1000, Train Loss: 0.5422, Validation Loss: 2.1704
Epoch 90/1000, Train Loss: 0.5369, Validation Loss: 3.6475
Epoch 91/1000, Train Loss: 0.5423, Validation Loss: 17.5820
Epoch 92/1000, Train Loss: 0.5844, Validation Loss: 2.4606
Epoch 93/1000, Train Loss: 0.5428, Validation Loss: 2.3560
Epoch 94/1000, Train Loss: 0.5475, Validation Loss: 1.4234
Epoch 95/1000, Train Loss: 0.5455, Validation Loss: 1.8209
Epoch 96/1000, Train Loss: 0.5397, Validation Loss: 0.7561
Epoch 97/1000, Train Loss: 0.5437, Validation Loss: 1.9818
Epoch 98/1000, Train Loss: 0.5426, Validation Loss: 0.7628
Epoch 99/1000, Train Loss: 0.5740, Validation Loss: 2.3821
Epoch 100/1000, Train Loss: 0.5345, Validation Loss: 1.2969
Epoch 101/1000, Train Loss: 0.5565, Validation Loss: 2.5423
Epoch 102/1000, Train Loss: 0.5309, Validation Loss: 1.2466
Epoch 103/1000, Train Loss: 0.5345, Validation Loss: 1.1793
Epoch 104/1000, Train Loss: 0.5340, Validation Loss: 1.4030
Epoch 105/1000, Train Loss: 0.5464, Validation Loss: 0.9812
Epoch 106/1000, Train Loss: 0.5326, Validation Loss: 2.3342
Epoch 107/1000, Train Loss: 0.6124, Validation Loss: 1.7366
Epoch 108/1000, Train Loss: 0.5155, Validation Loss: 0.6617
Epoch 109/1000, Train Loss: 0.5255, Validation Loss: 0.8094
Epoch 110/1000, Train Loss: 0.5316, Validation Loss: 5.7095
Epoch 111/1000, Train Loss: 0.5249, Validation Loss: 1.2157
Epoch 112/1000, Train Loss: 0.5288, Validation Loss: 0.7724
Epoch 113/1000, Train Loss: 0.5435, Validation Loss: 17.1892
Epoch 114/1000, Train Loss: 0.5156, Validation Loss: 1.2336
Epoch 115/1000, Train Loss: 0.5105, Validation Loss: 0.6301
Epoch 116/1000, Train Loss: 0.5190, Validation Loss: 1.3501
Epoch 117/1000, Train Loss: 0.5889, Validation Loss: 2.9048
Epoch 118/1000, Train Loss: 0.5331, Validation Loss: 3.1273
Epoch 119/1000, Train Loss: 0.5180, Validation Loss: 2.3714
Epoch 120/1000, Train Loss: 0.5240, Validation Loss: 1.8612
Epoch 121/1000, Train Loss: 0.5308, Validation Loss: 1.1930
Epoch 122/1000, Train Loss: 0.5120, Validation Loss: 0.6886
Epoch 123/1000, Train Loss: 0.6040, Validation Loss: 2.2655
Epoch 124/1000, Train Loss: 0.5117, Validation Loss: 1.4965
Epoch 125/1000, Train Loss: 0.5334, Validation Loss: 1.9680
Epoch 126/1000, Train Loss: 0.5112, Validation Loss: 3.2650
Epoch 127/1000, Train Loss: 0.5057, Validation Loss: 0.7789
Epoch 128/1000, Train Loss: 0.5016, Validation Loss: 3.5386
Epoch 129/1000, Train Loss: 0.5113, Validation Loss: 0.7115
Epoch 130/1000, Train Loss: 0.5156, Validation Loss: 0.6297
Epoch 131/1000, Train Loss: 0.5134, Validation Loss: 1.1314
Epoch 132/1000, Train Loss: 0.5195, Validation Loss: 3.6338
Epoch 133/1000, Train Loss: 0.5210, Validation Loss: 2.0379
Epoch 134/1000, Train Loss: 0.5119, Validation Loss: 1.5077
Epoch 135/1000, Train Loss: 0.5042, Validation Loss: 1.1173
Epoch 136/1000, Train Loss: 0.5193, Validation Loss: 1.1305
Epoch 137/1000, Train Loss: 0.5199, Validation Loss: 0.5668
Epoch 138/1000, Train Loss: 0.5001, Validation Loss: 1.6083
Epoch 139/1000, Train Loss: 0.5206, Validation Loss: 2.0651
Epoch 140/1000, Train Loss: 0.5149, Validation Loss: 0.7656
Epoch 141/1000, Train Loss: 0.4949, Validation Loss: 5.0067
Epoch 142/1000, Train Loss: 0.4907, Validation Loss: 1.1563
Epoch 143/1000, Train Loss: 0.5121, Validation Loss: 1.2613
Epoch 144/1000, Train Loss: 0.4987, Validation Loss: 0.8210
Epoch 145/1000, Train Loss: 0.4929, Validation Loss: 1.6026
Epoch 146/1000, Train Loss: 0.4974, Validation Loss: 1.0201
Epoch 147/1000, Train Loss: 0.4799, Validation Loss: 0.7665
Epoch 148/1000, Train Loss: 0.4882, Validation Loss: 1.2105
Epoch 149/1000, Train Loss: 0.5002, Validation Loss: 0.6330
Epoch 150/1000, Train Loss: 0.4895, Validation Loss: 1.2544
Epoch 151/1000, Train Loss: 0.5086, Validation Loss: 1.8808
Epoch 152/1000, Train Loss: 0.5021, Validation Loss: 0.8808
Epoch 153/1000, Train Loss: 0.6232, Validation Loss: 2.3857
Epoch 154/1000, Train Loss: 0.4936, Validation Loss: 1.7235
Epoch 155/1000, Train Loss: 0.4886, Validation Loss: 2.5828
Epoch 156/1000, Train Loss: 0.5022, Validation Loss: 1.5701
Epoch 157/1000, Train Loss: 0.4871, Validation Loss: 3.9640
Epoch 158/1000, Train Loss: 0.4850, Validation Loss: 2.8607
Epoch 159/1000, Train Loss: 0.5309, Validation Loss: 1.8592
Epoch 160/1000, Train Loss: 0.4714, Validation Loss: 1.9788
Epoch 161/1000, Train Loss: 0.4727, Validation Loss: 1.3022
Epoch 162/1000, Train Loss: 0.4775, Validation Loss: 2.7365
Epoch 163/1000, Train Loss: 0.4700, Validation Loss: 1.9230
Epoch 164/1000, Train Loss: 0.4817, Validation Loss: 1.3998
Epoch 165/1000, Train Loss: 0.4714, Validation Loss: 1.6913
Epoch 166/1000, Train Loss: 0.4782, Validation Loss: 1.9610
Epoch 167/1000, Train Loss: 0.4914, Validation Loss: 1.8039
Epoch 168/1000, Train Loss: 0.7234, Validation Loss: 0.8816
Epoch 169/1000, Train Loss: 0.4686, Validation Loss: 0.9364
Epoch 170/1000, Train Loss: 0.4736, Validation Loss: 1.2136
Epoch 171/1000, Train Loss: 0.4835, Validation Loss: 0.8452
Epoch 172/1000, Train Loss: 0.4729, Validation Loss: 1.5268
Epoch 173/1000, Train Loss: 0.4771, Validation Loss: 0.8540
Epoch 174/1000, Train Loss: 0.4679, Validation Loss: 1.0920
Epoch 175/1000, Train Loss: 0.4937, Validation Loss: 0.9056
Epoch 176/1000, Train Loss: 0.4783, Validation Loss: 1.8731
Epoch 177/1000, Train Loss: 0.4743, Validation Loss: 2.0038
Epoch 178/1000, Train Loss: 0.4715, Validation Loss: 0.7681
Epoch 179/1000, Train Loss: 0.4646, Validation Loss: 3.2143
Epoch 180/1000, Train Loss: 0.4675, Validation Loss: 1.7774
Epoch 181/1000, Train Loss: 0.4621, Validation Loss: 1.2003
Epoch 182/1000, Train Loss: 0.4626, Validation Loss: 0.7285
Epoch 183/1000, Train Loss: 0.4609, Validation Loss: 0.8364
Epoch 184/1000, Train Loss: 0.4633, Validation Loss: 1.0281
Epoch 185/1000, Train Loss: 0.4618, Validation Loss: 3.3103
Epoch 186/1000, Train Loss: 0.4536, Validation Loss: 10.4624
Epoch 187/1000, Train Loss: 0.6266, Validation Loss: 0.4967
Epoch 188/1000, Train Loss: 0.4713, Validation Loss: 0.9095
Epoch 189/1000, Train Loss: 0.4699, Validation Loss: 2.7687
Epoch 190/1000, Train Loss: 0.4699, Validation Loss: 1.1668
Epoch 191/1000, Train Loss: 0.4606, Validation Loss: 3.6924
Epoch 192/1000, Train Loss: 0.4505, Validation Loss: 1.2600
Epoch 193/1000, Train Loss: 0.4644, Validation Loss: 1.9581
Epoch 194/1000, Train Loss: 0.4585, Validation Loss: 0.5401
Epoch 195/1000, Train Loss: 0.4487, Validation Loss: 1.1622
Epoch 196/1000, Train Loss: 0.4625, Validation Loss: 2.4746
Epoch 197/1000, Train Loss: 0.4568, Validation Loss: 2.1302
Epoch 198/1000, Train Loss: 0.4543, Validation Loss: 0.7334
Epoch 199/1000, Train Loss: 0.4583, Validation Loss: 2.7938
Epoch 200/1000, Train Loss: 0.4504, Validation Loss: 0.7513
Epoch 201/1000, Train Loss: 0.4585, Validation Loss: 1.1198
Epoch 202/1000, Train Loss: 0.4473, Validation Loss: 2.5450
Epoch 203/1000, Train Loss: 0.4629, Validation Loss: 1.7615
Epoch 204/1000, Train Loss: 0.4462, Validation Loss: 1.3907
Epoch 205/1000, Train Loss: 0.4496, Validation Loss: 0.6847
Epoch 206/1000, Train Loss: 0.4647, Validation Loss: 16.5562
Epoch 207/1000, Train Loss: 0.4558, Validation Loss: 3.5048
Epoch 208/1000, Train Loss: 0.4417, Validation Loss: 0.6932
Epoch 209/1000, Train Loss: 0.4552, Validation Loss: 1.4576
Epoch 210/1000, Train Loss: 0.4425, Validation Loss: 1.4593
Epoch 211/1000, Train Loss: 0.4535, Validation Loss: 1.5979
Epoch 212/1000, Train Loss: 0.4408, Validation Loss: 1.0057
Epoch 213/1000, Train Loss: 0.4580, Validation Loss: 1.2864
Epoch 214/1000, Train Loss: 0.4612, Validation Loss: 0.7041
Epoch 215/1000, Train Loss: 0.5584, Validation Loss: 1.0352
Epoch 216/1000, Train Loss: 0.4668, Validation Loss: 2.5590
Epoch 217/1000, Train Loss: 0.4480, Validation Loss: 1.5334
Epoch 218/1000, Train Loss: 0.4502, Validation Loss: 0.4918
Epoch 219/1000, Train Loss: 0.4473, Validation Loss: 1.4431
Epoch 220/1000, Train Loss: 0.4523, Validation Loss: 1.3173
Epoch 221/1000, Train Loss: 0.4491, Validation Loss: 0.7888
Epoch 222/1000, Train Loss: 0.4529, Validation Loss: 1.1604
Epoch 223/1000, Train Loss: 0.4474, Validation Loss: 4.0949
Epoch 224/1000, Train Loss: 0.4446, Validation Loss: 2.7501
Epoch 225/1000, Train Loss: 0.4474, Validation Loss: 1.8219
Epoch 226/1000, Train Loss: 0.4439, Validation Loss: 1.4937
Epoch 227/1000, Train Loss: 0.4447, Validation Loss: 2.9212
Epoch 228/1000, Train Loss: 0.4372, Validation Loss: 2.4207
Epoch 229/1000, Train Loss: 2.9737, Validation Loss: 3.6810
Epoch 230/1000, Train Loss: 0.4517, Validation Loss: 1.3661
Epoch 231/1000, Train Loss: 0.4532, Validation Loss: 2.8510
Epoch 232/1000, Train Loss: 0.4523, Validation Loss: 0.7778
Epoch 233/1000, Train Loss: 0.4411, Validation Loss: 1.2584
Epoch 234/1000, Train Loss: 0.4389, Validation Loss: 0.8609
Epoch 235/1000, Train Loss: 0.4381, Validation Loss: 5.1737
Epoch 236/1000, Train Loss: 0.4390, Validation Loss: 1.6127
Epoch 237/1000, Train Loss: 0.5044, Validation Loss: 5.9333
Epoch 238/1000, Train Loss: 0.4387, Validation Loss: 0.8034
Epoch 239/1000, Train Loss: 0.4361, Validation Loss: 3.5153
Epoch 240/1000, Train Loss: 0.4375, Validation Loss: 0.9012
Epoch 241/1000, Train Loss: 0.4413, Validation Loss: 0.6640
Epoch 242/1000, Train Loss: 0.4420, Validation Loss: 2.1843
Epoch 243/1000, Train Loss: 0.4500, Validation Loss: 1.3607
Epoch 244/1000, Train Loss: 0.4350, Validation Loss: 8.8365
Epoch 245/1000, Train Loss: 0.4390, Validation Loss: 1.6044
Epoch 246/1000, Train Loss: 0.4410, Validation Loss: 1.4044
Epoch 247/1000, Train Loss: 0.4279, Validation Loss: 1.8014
Epoch 248/1000, Train Loss: 0.4286, Validation Loss: 1.9208
Epoch 249/1000, Train Loss: 0.4479, Validation Loss: 1.5341
Epoch 250/1000, Train Loss: 0.6345, Validation Loss: 1.6272
Epoch 251/1000, Train Loss: 0.4497, Validation Loss: 1.6055
Epoch 252/1000, Train Loss: 0.4377, Validation Loss: 2.2893
Epoch 253/1000, Train Loss: 0.4359, Validation Loss: 1.9104
Epoch 254/1000, Train Loss: 0.4459, Validation Loss: 2.6290
Epoch 255/1000, Train Loss: 0.4334, Validation Loss: 0.9136
Epoch 256/1000, Train Loss: 0.4425, Validation Loss: 1.7293
Epoch 257/1000, Train Loss: 0.4386, Validation Loss: 0.9389
Epoch 258/1000, Train Loss: 0.4243, Validation Loss: 4.8043
Epoch 259/1000, Train Loss: 0.4300, Validation Loss: 46.8141
Epoch 260/1000, Train Loss: 0.4436, Validation Loss: 1.3714
Epoch 261/1000, Train Loss: 0.4284, Validation Loss: 1.7477
Epoch 262/1000, Train Loss: 0.4413, Validation Loss: 1.8342
Epoch 263/1000, Train Loss: 0.4456, Validation Loss: 2.4818
Epoch 264/1000, Train Loss: 0.4315, Validation Loss: 5.9732
Epoch 265/1000, Train Loss: 0.4425, Validation Loss: 1.8770
Epoch 266/1000, Train Loss: 0.4318, Validation Loss: 0.5790
Epoch 267/1000, Train Loss: 0.4353, Validation Loss: 0.8070
Epoch 268/1000, Train Loss: 0.4369, Validation Loss: 1.4818
Epoch 269/1000, Train Loss: 0.4382, Validation Loss: 1.3965
Epoch 270/1000, Train Loss: 0.4310, Validation Loss: 1.6135
Epoch 271/1000, Train Loss: 0.4391, Validation Loss: 1.5058
Epoch 272/1000, Train Loss: 0.4302, Validation Loss: 0.7926
Epoch 273/1000, Train Loss: 0.4267, Validation Loss: 2.4678
Epoch 274/1000, Train Loss: 0.4286, Validation Loss: 3.9256
Epoch 275/1000, Train Loss: 0.4276, Validation Loss: 0.9991
Epoch 276/1000, Train Loss: 0.4298, Validation Loss: 0.8346
Epoch 277/1000, Train Loss: 0.4265, Validation Loss: 1.1664
Epoch 278/1000, Train Loss: 0.4426, Validation Loss: 1.9889
Epoch 279/1000, Train Loss: 0.4276, Validation Loss: 1.3165
Epoch 280/1000, Train Loss: 0.4201, Validation Loss: 1.4895
Epoch 281/1000, Train Loss: 0.4252, Validation Loss: 1.1684
Epoch 282/1000, Train Loss: 0.4729, Validation Loss: 2.1425
Epoch 283/1000, Train Loss: 0.4241, Validation Loss: 2.7708
Epoch 284/1000, Train Loss: 0.4296, Validation Loss: 0.6703
Epoch 285/1000, Train Loss: 0.4344, Validation Loss: 1.2745
Epoch 286/1000, Train Loss: 0.4305, Validation Loss: 1.6341
Epoch 287/1000, Train Loss: 0.4216, Validation Loss: 7.2661
Epoch 288/1000, Train Loss: 0.4174, Validation Loss: 2.6619
Epoch 289/1000, Train Loss: 0.4177, Validation Loss: 1.2714
Epoch 290/1000, Train Loss: 0.4290, Validation Loss: 0.4932
Epoch 291/1000, Train Loss: 0.4184, Validation Loss: 1.2799
Epoch 292/1000, Train Loss: 0.4195, Validation Loss: 7.1693
Epoch 293/1000, Train Loss: 0.4201, Validation Loss: 1.6773
Epoch 294/1000, Train Loss: 0.4303, Validation Loss: 2.0187
Epoch 295/1000, Train Loss: 0.4368, Validation Loss: 0.9152
Epoch 296/1000, Train Loss: 0.4141, Validation Loss: 0.5340
Epoch 297/1000, Train Loss: 0.4533, Validation Loss: 1.9352
Epoch 298/1000, Train Loss: 0.4283, Validation Loss: 1.6638
Epoch 299/1000, Train Loss: 0.4291, Validation Loss: 0.5025
Epoch 300/1000, Train Loss: 0.4269, Validation Loss: 0.7417
Epoch 301/1000, Train Loss: 0.4159, Validation Loss: 2.3916
Epoch 302/1000, Train Loss: 0.4275, Validation Loss: 1.3633
Epoch 303/1000, Train Loss: 0.4207, Validation Loss: 2.9935
Epoch 304/1000, Train Loss: 0.4261, Validation Loss: 7.1344
Epoch 305/1000, Train Loss: 0.4118, Validation Loss: 0.5641
Epoch 306/1000, Train Loss: 0.4268, Validation Loss: 1.9621
Epoch 307/1000, Train Loss: 0.4227, Validation Loss: 3.6087
Epoch 308/1000, Train Loss: 0.4363, Validation Loss: 0.5533
Epoch 309/1000, Train Loss: 0.4198, Validation Loss: 1.0454
Epoch 310/1000, Train Loss: 0.4231, Validation Loss: 1.0172
Epoch 311/1000, Train Loss: 0.4102, Validation Loss: 0.9766
Epoch 312/1000, Train Loss: 0.4162, Validation Loss: 4.4334
Epoch 313/1000, Train Loss: 0.4183, Validation Loss: 3.2285
Epoch 314/1000, Train Loss: 0.4290, Validation Loss: 1.4101
Epoch 315/1000, Train Loss: 0.4150, Validation Loss: 1.7853
Epoch 316/1000, Train Loss: 0.4235, Validation Loss: 1.3218
Epoch 317/1000, Train Loss: 0.4151, Validation Loss: 0.5458
Epoch 318/1000, Train Loss: 0.4148, Validation Loss: 7.6417
Epoch 319/1000, Train Loss: 0.4291, Validation Loss: 0.8814
Epoch 320/1000, Train Loss: 0.4288, Validation Loss: 1.0480
Epoch 321/1000, Train Loss: 0.4097, Validation Loss: 1.7272
Epoch 322/1000, Train Loss: 0.4146, Validation Loss: 0.8528
Epoch 323/1000, Train Loss: 0.4145, Validation Loss: 0.7561
Epoch 324/1000, Train Loss: 0.4114, Validation Loss: 1.1816
Epoch 325/1000, Train Loss: 0.4034, Validation Loss: 0.4057
Epoch 326/1000, Train Loss: 0.4131, Validation Loss: 0.8955
Epoch 327/1000, Train Loss: 0.4139, Validation Loss: 0.7190
Epoch 328/1000, Train Loss: 0.4174, Validation Loss: 2.0339
Epoch 329/1000, Train Loss: 0.4206, Validation Loss: 1.0487
Epoch 330/1000, Train Loss: 0.4089, Validation Loss: 1.2367
Epoch 331/1000, Train Loss: 0.4126, Validation Loss: 2.7651
Epoch 332/1000, Train Loss: 0.4167, Validation Loss: 1.3536
Epoch 333/1000, Train Loss: 0.4147, Validation Loss: 1.0527
Epoch 334/1000, Train Loss: 0.4103, Validation Loss: 8.5078
Epoch 335/1000, Train Loss: 0.4115, Validation Loss: 3.0827
Epoch 336/1000, Train Loss: 0.4107, Validation Loss: 0.7943
Epoch 337/1000, Train Loss: 0.4232, Validation Loss: 2.1258
Epoch 338/1000, Train Loss: 0.4043, Validation Loss: 1.2578
Epoch 339/1000, Train Loss: 0.4090, Validation Loss: 2.5805
Epoch 340/1000, Train Loss: 0.4171, Validation Loss: 0.8039
Epoch 341/1000, Train Loss: 0.4140, Validation Loss: 5.7766
Epoch 342/1000, Train Loss: 0.4105, Validation Loss: 7.1163
Epoch 343/1000, Train Loss: 0.4092, Validation Loss: 0.7174
Epoch 344/1000, Train Loss: 0.4125, Validation Loss: 1.4623
Epoch 345/1000, Train Loss: 0.4181, Validation Loss: 3.9287
Epoch 346/1000, Train Loss: 0.4102, Validation Loss: 0.4803
Epoch 347/1000, Train Loss: 0.4081, Validation Loss: 1.0975
Epoch 348/1000, Train Loss: 0.4175, Validation Loss: 0.9865
Epoch 349/1000, Train Loss: 0.4047, Validation Loss: 2.3482
Epoch 350/1000, Train Loss: 0.4060, Validation Loss: 4.6740
Epoch 351/1000, Train Loss: 0.4119, Validation Loss: 1.5463
Epoch 352/1000, Train Loss: 0.4063, Validation Loss: 1.3137
Epoch 353/1000, Train Loss: 0.4095, Validation Loss: 1.1650
Epoch 354/1000, Train Loss: 0.4140, Validation Loss: 1.7144
Epoch 355/1000, Train Loss: 0.4175, Validation Loss: 3.1603
Epoch 356/1000, Train Loss: 0.4098, Validation Loss: 0.8643
Epoch 357/1000, Train Loss: 0.4108, Validation Loss: 0.6093
Epoch 358/1000, Train Loss: 0.4046, Validation Loss: 2.0366
Epoch 359/1000, Train Loss: 0.4260, Validation Loss: 4.8057
Epoch 360/1000, Train Loss: 0.4081, Validation Loss: 1.1114
Epoch 361/1000, Train Loss: 0.4083, Validation Loss: 3.6750
Epoch 362/1000, Train Loss: 0.4076, Validation Loss: 2.7188
Epoch 363/1000, Train Loss: 0.4257, Validation Loss: 1.0414
Epoch 364/1000, Train Loss: 0.4118, Validation Loss: 0.8819
Epoch 365/1000, Train Loss: 0.4011, Validation Loss: 1.6608
Epoch 366/1000, Train Loss: 0.4064, Validation Loss: 1.0733
Epoch 367/1000, Train Loss: 0.4190, Validation Loss: 1.8195
Epoch 368/1000, Train Loss: 0.4008, Validation Loss: 0.5783
Epoch 369/1000, Train Loss: 0.8641, Validation Loss: 5.2570
Epoch 370/1000, Train Loss: 0.4094, Validation Loss: 1.7265
Epoch 371/1000, Train Loss: 0.4116, Validation Loss: 1.9986
Epoch 372/1000, Train Loss: 0.4102, Validation Loss: 4.9656
Epoch 373/1000, Train Loss: 0.4045, Validation Loss: 0.7809
Epoch 374/1000, Train Loss: 0.4043, Validation Loss: 1.5425
Epoch 375/1000, Train Loss: 0.4048, Validation Loss: 1.5975
Epoch 376/1000, Train Loss: 0.4041, Validation Loss: 0.9859
Epoch 377/1000, Train Loss: 0.4039, Validation Loss: 1.5918
Epoch 378/1000, Train Loss: 0.4060, Validation Loss: 0.5849
Epoch 379/1000, Train Loss: 0.4069, Validation Loss: 3.4288
Epoch 380/1000, Train Loss: 0.4034, Validation Loss: 1.0891
Epoch 381/1000, Train Loss: 0.4086, Validation Loss: 0.5463
Epoch 382/1000, Train Loss: 0.4089, Validation Loss: 0.5499
Epoch 383/1000, Train Loss: 0.4017, Validation Loss: 3.1489
Epoch 384/1000, Train Loss: 0.4009, Validation Loss: 3.1819
Epoch 385/1000, Train Loss: 0.4042, Validation Loss: 0.8810
Epoch 386/1000, Train Loss: 0.4001, Validation Loss: 0.8862
Epoch 387/1000, Train Loss: 0.4005, Validation Loss: 3.1027
Epoch 388/1000, Train Loss: 0.4026, Validation Loss: 0.6339
Epoch 389/1000, Train Loss: 0.3970, Validation Loss: 0.8295
Epoch 390/1000, Train Loss: 0.4018, Validation Loss: 0.7115
Epoch 391/1000, Train Loss: 0.4034, Validation Loss: 0.9440
Epoch 392/1000, Train Loss: 0.3965, Validation Loss: 6.2444
Epoch 393/1000, Train Loss: 0.3992, Validation Loss: 4.1791
Epoch 394/1000, Train Loss: 0.4047, Validation Loss: 0.6787
Epoch 395/1000, Train Loss: 0.4003, Validation Loss: 1.2530
Epoch 396/1000, Train Loss: 0.4049, Validation Loss: 1.1803
Epoch 397/1000, Train Loss: 0.3993, Validation Loss: 1.2233
Epoch 398/1000, Train Loss: 0.4450, Validation Loss: 1.1863
Epoch 399/1000, Train Loss: 0.4373, Validation Loss: 4.0271
Epoch 400/1000, Train Loss: 0.4046, Validation Loss: 0.6623
Epoch 401/1000, Train Loss: 0.4070, Validation Loss: 1.1453
Epoch 402/1000, Train Loss: 0.4049, Validation Loss: 1.7049
Epoch 403/1000, Train Loss: 0.4136, Validation Loss: 1.1309
Epoch 404/1000, Train Loss: 0.4060, Validation Loss: 0.6552
Epoch 405/1000, Train Loss: 0.3966, Validation Loss: 1.0978
Epoch 406/1000, Train Loss: 0.3956, Validation Loss: 0.5683
Epoch 407/1000, Train Loss: 0.4027, Validation Loss: 0.5792
Epoch 408/1000, Train Loss: 0.4062, Validation Loss: 1.9675
Epoch 409/1000, Train Loss: 0.4425, Validation Loss: 2.2018
Epoch 410/1000, Train Loss: 0.4092, Validation Loss: 1.3277
Epoch 411/1000, Train Loss: 0.4054, Validation Loss: 1.5059
Epoch 412/1000, Train Loss: 0.4002, Validation Loss: 7.2871
Epoch 413/1000, Train Loss: 0.4079, Validation Loss: 1.0719
Epoch 414/1000, Train Loss: 0.4137, Validation Loss: 1.1935
Epoch 415/1000, Train Loss: 0.3976, Validation Loss: 1.5591
Epoch 416/1000, Train Loss: 0.4059, Validation Loss: 1.4987
Epoch 417/1000, Train Loss: 0.3912, Validation Loss: 0.8381
Epoch 418/1000, Train Loss: 0.3966, Validation Loss: 1.3398
Epoch 419/1000, Train Loss: 0.4075, Validation Loss: 1.2646
Epoch 420/1000, Train Loss: 0.3951, Validation Loss: 3.3706
Epoch 421/1000, Train Loss: 0.4049, Validation Loss: 1.4893
Epoch 422/1000, Train Loss: 0.4026, Validation Loss: 0.8700
Epoch 423/1000, Train Loss: 0.4025, Validation Loss: 5.9274
Epoch 424/1000, Train Loss: 0.4017, Validation Loss: 0.4637
Epoch 425/1000, Train Loss: 0.3948, Validation Loss: 0.8152
Epoch 426/1000, Train Loss: 0.4016, Validation Loss: 1.1571
Epoch 427/1000, Train Loss: 0.4002, Validation Loss: 2.8822
Epoch 428/1000, Train Loss: 0.3917, Validation Loss: 1.3515
Epoch 429/1000, Train Loss: 0.3976, Validation Loss: 2.8556
Epoch 430/1000, Train Loss: 0.3960, Validation Loss: 1.1268
Epoch 431/1000, Train Loss: 0.3976, Validation Loss: 3.4378
Epoch 432/1000, Train Loss: 0.3925, Validation Loss: 1.1998
Epoch 433/1000, Train Loss: 0.3970, Validation Loss: 0.6130
Epoch 434/1000, Train Loss: 0.3927, Validation Loss: 1.1671
Epoch 435/1000, Train Loss: 0.3898, Validation Loss: 0.7519
Epoch 436/1000, Train Loss: 0.3928, Validation Loss: 1.0614
Epoch 437/1000, Train Loss: 0.4221, Validation Loss: 2.2704
Epoch 438/1000, Train Loss: 0.3997, Validation Loss: 1.5009
Epoch 439/1000, Train Loss: 0.3925, Validation Loss: 3.7160
Epoch 440/1000, Train Loss: 0.4004, Validation Loss: 6.3145
Epoch 441/1000, Train Loss: 0.3929, Validation Loss: 3.1722
Epoch 442/1000, Train Loss: 0.3979, Validation Loss: 0.5658
Epoch 443/1000, Train Loss: 0.3947, Validation Loss: 1.3872
Epoch 444/1000, Train Loss: 0.4007, Validation Loss: 2.2216
Epoch 445/1000, Train Loss: 0.4339, Validation Loss: 0.8278
Epoch 446/1000, Train Loss: 0.4129, Validation Loss: 0.9376
Epoch 447/1000, Train Loss: 0.3971, Validation Loss: 0.6903
Epoch 448/1000, Train Loss: 0.4008, Validation Loss: 1.0380
Epoch 449/1000, Train Loss: 0.3933, Validation Loss: 2.9934
Epoch 450/1000, Train Loss: 0.3968, Validation Loss: 1.3702
Epoch 451/1000, Train Loss: 0.3959, Validation Loss: 1.8880
Epoch 452/1000, Train Loss: 0.3957, Validation Loss: 1.0225
Epoch 453/1000, Train Loss: 0.3967, Validation Loss: 1.2696
Epoch 454/1000, Train Loss: 0.3875, Validation Loss: 1.8594
Epoch 455/1000, Train Loss: 0.3970, Validation Loss: 3.4611
Epoch 456/1000, Train Loss: 0.3962, Validation Loss: 1.0152
Epoch 457/1000, Train Loss: 0.3919, Validation Loss: 0.4932
Epoch 458/1000, Train Loss: 0.3928, Validation Loss: 1.4207
Epoch 459/1000, Train Loss: 0.3905, Validation Loss: 2.9848
Epoch 460/1000, Train Loss: 0.3852, Validation Loss: 1.2905
Epoch 461/1000, Train Loss: 0.3996, Validation Loss: 0.5584
Epoch 462/1000, Train Loss: 0.4113, Validation Loss: 1.4233
Epoch 463/1000, Train Loss: 0.3974, Validation Loss: 1.6236
Epoch 464/1000, Train Loss: 0.3951, Validation Loss: 0.5449
Epoch 465/1000, Train Loss: 0.3957, Validation Loss: 0.7628
Epoch 466/1000, Train Loss: 0.3915, Validation Loss: 3.8281
Epoch 467/1000, Train Loss: 0.3862, Validation Loss: 4.3395
Epoch 468/1000, Train Loss: 0.4041, Validation Loss: 0.8673
Epoch 469/1000, Train Loss: 0.3858, Validation Loss: 3.3376
Epoch 470/1000, Train Loss: 0.3907, Validation Loss: 5.7699
Epoch 471/1000, Train Loss: 0.3896, Validation Loss: 0.6694
Epoch 472/1000, Train Loss: 0.4069, Validation Loss: 2.4612
Epoch 473/1000, Train Loss: 0.4024, Validation Loss: 3.8224
Epoch 474/1000, Train Loss: 0.4041, Validation Loss: 1.1207
Epoch 475/1000, Train Loss: 0.3992, Validation Loss: 1.6722
Epoch 476/1000, Train Loss: 0.4018, Validation Loss: 1.2266
Epoch 477/1000, Train Loss: 0.3983, Validation Loss: 0.9459
Epoch 478/1000, Train Loss: 0.3966, Validation Loss: 0.8905
Epoch 479/1000, Train Loss: 0.3903, Validation Loss: 1.6645
Epoch 480/1000, Train Loss: 0.3951, Validation Loss: 1.4305
Epoch 481/1000, Train Loss: 0.3983, Validation Loss: 1.6317
Epoch 482/1000, Train Loss: 0.3931, Validation Loss: 2.3110
Epoch 483/1000, Train Loss: 0.3875, Validation Loss: 1.2597
Epoch 484/1000, Train Loss: 0.3918, Validation Loss: 3.1796
Epoch 485/1000, Train Loss: 0.3907, Validation Loss: 0.9646
Epoch 486/1000, Train Loss: 0.4173, Validation Loss: 1.3767
Epoch 487/1000, Train Loss: 8.7897, Validation Loss: 0.8055
Epoch 488/1000, Train Loss: 0.3956, Validation Loss: 0.4921
Epoch 489/1000, Train Loss: 0.3961, Validation Loss: 1.4552
Epoch 490/1000, Train Loss: 0.3877, Validation Loss: 1.3377
Epoch 491/1000, Train Loss: 0.3957, Validation Loss: 0.9148
Epoch 492/1000, Train Loss: 0.3937, Validation Loss: 0.5562
Epoch 493/1000, Train Loss: 0.3943, Validation Loss: 8.1012
Epoch 494/1000, Train Loss: 0.4689, Validation Loss: 1.1646
Epoch 495/1000, Train Loss: 0.4024, Validation Loss: 2.1825
Epoch 496/1000, Train Loss: 0.3838, Validation Loss: 3.3777
Epoch 497/1000, Train Loss: 0.3914, Validation Loss: 2.3451
Epoch 498/1000, Train Loss: 0.3867, Validation Loss: 0.7204
Epoch 499/1000, Train Loss: 0.3880, Validation Loss: 2.1055
Epoch 500/1000, Train Loss: 0.3928, Validation Loss: 1.4134
Epoch 501/1000, Train Loss: 0.3926, Validation Loss: 1.4644
Epoch 502/1000, Train Loss: 0.3882, Validation Loss: 2.5019
Epoch 503/1000, Train Loss: 0.3906, Validation Loss: 1.2252
Epoch 504/1000, Train Loss: 0.3911, Validation Loss: 1.1939
Epoch 505/1000, Train Loss: 0.3925, Validation Loss: 1.9768
Epoch 506/1000, Train Loss: 0.3965, Validation Loss: 3.3681
Epoch 507/1000, Train Loss: 0.3822, Validation Loss: 1.0312
Epoch 508/1000, Train Loss: 0.3868, Validation Loss: 2.1269
Epoch 509/1000, Train Loss: 0.3952, Validation Loss: 0.9285
Epoch 510/1000, Train Loss: 0.3878, Validation Loss: 2.0624
Epoch 511/1000, Train Loss: 0.3880, Validation Loss: 1.3868
Epoch 512/1000, Train Loss: 0.3850, Validation Loss: 1.0603
Epoch 513/1000, Train Loss: 0.3853, Validation Loss: 0.6543
Epoch 514/1000, Train Loss: 0.3939, Validation Loss: 0.4280
Epoch 515/1000, Train Loss: 0.3897, Validation Loss: 5.6993
Epoch 516/1000, Train Loss: 0.3923, Validation Loss: 0.7393
Epoch 517/1000, Train Loss: 0.3913, Validation Loss: 1.0449
Epoch 518/1000, Train Loss: 0.3936, Validation Loss: 1.6576
Epoch 519/1000, Train Loss: 0.3956, Validation Loss: 3.3394
Epoch 520/1000, Train Loss: 0.3948, Validation Loss: 0.7751
Epoch 521/1000, Train Loss: 0.3895, Validation Loss: 1.4287
Epoch 522/1000, Train Loss: 0.3832, Validation Loss: 0.8804
Epoch 523/1000, Train Loss: 0.3919, Validation Loss: 5.0830
Epoch 524/1000, Train Loss: 0.3966, Validation Loss: 0.7770
Epoch 525/1000, Train Loss: 0.3884, Validation Loss: 1.5556
Epoch 526/1000, Train Loss: 0.3829, Validation Loss: 2.0492
Epoch 527/1000, Train Loss: 0.3867, Validation Loss: 0.8577
Epoch 528/1000, Train Loss: 0.3887, Validation Loss: 1.5457
Epoch 529/1000, Train Loss: 0.3908, Validation Loss: 1.9938
Epoch 530/1000, Train Loss: 0.3940, Validation Loss: 1.9064
Epoch 531/1000, Train Loss: 0.3957, Validation Loss: 0.5845
Epoch 532/1000, Train Loss: 0.3956, Validation Loss: 1.8780
Epoch 533/1000, Train Loss: 0.3914, Validation Loss: 3.2563
Epoch 534/1000, Train Loss: 0.3839, Validation Loss: 8.5773
Epoch 535/1000, Train Loss: 0.3951, Validation Loss: 8.2369
Epoch 536/1000, Train Loss: 0.3950, Validation Loss: 1.0397
Epoch 537/1000, Train Loss: 0.3922, Validation Loss: 0.5022
Epoch 538/1000, Train Loss: 0.3865, Validation Loss: 1.6720
Epoch 539/1000, Train Loss: 0.3853, Validation Loss: 0.5982
Epoch 540/1000, Train Loss: 0.3971, Validation Loss: 1.0768
Epoch 541/1000, Train Loss: 0.3830, Validation Loss: 4.2226
Epoch 542/1000, Train Loss: 0.3854, Validation Loss: 4.4432
Epoch 543/1000, Train Loss: 0.3908, Validation Loss: 14.3485
Epoch 544/1000, Train Loss: 0.3859, Validation Loss: 0.7298
Epoch 545/1000, Train Loss: 0.3846, Validation Loss: 3.8178
Epoch 546/1000, Train Loss: 0.3839, Validation Loss: 0.9956
Epoch 547/1000, Train Loss: 0.3893, Validation Loss: 1.0047
Epoch 548/1000, Train Loss: 0.3935, Validation Loss: 2.9974
Epoch 549/1000, Train Loss: 0.3916, Validation Loss: 1.4391
Epoch 550/1000, Train Loss: 0.3845, Validation Loss: 6.4706
Epoch 551/1000, Train Loss: 0.3881, Validation Loss: 1.8870
Epoch 552/1000, Train Loss: 0.3828, Validation Loss: 1.4409
Epoch 553/1000, Train Loss: 0.3859, Validation Loss: 1.0445
Epoch 554/1000, Train Loss: 0.3842, Validation Loss: 2.1131
Epoch 555/1000, Train Loss: 0.3944, Validation Loss: 2.1130
Epoch 556/1000, Train Loss: 0.3897, Validation Loss: 0.9634
Epoch 557/1000, Train Loss: 0.3962, Validation Loss: 0.8276
Epoch 558/1000, Train Loss: 0.3872, Validation Loss: 1.8636
Epoch 559/1000, Train Loss: 0.3946, Validation Loss: 1.3312
Epoch 560/1000, Train Loss: 0.3933, Validation Loss: 0.9111
Epoch 561/1000, Train Loss: 0.3741, Validation Loss: 1.6873
Epoch 562/1000, Train Loss: 0.3798, Validation Loss: 3.7615
Epoch 563/1000, Train Loss: 0.3828, Validation Loss: 0.6548
Epoch 564/1000, Train Loss: 0.3808, Validation Loss: 1.6643
Epoch 565/1000, Train Loss: 0.3870, Validation Loss: 2.2889
Epoch 566/1000, Train Loss: 0.3843, Validation Loss: 0.7622
Epoch 567/1000, Train Loss: 0.3853, Validation Loss: 1.0120
Epoch 568/1000, Train Loss: 0.4411, Validation Loss: 1.2889
Epoch 569/1000, Train Loss: 0.3860, Validation Loss: 2.3861
Epoch 570/1000, Train Loss: 0.3853, Validation Loss: 1.2700
Epoch 571/1000, Train Loss: 0.3830, Validation Loss: 0.6482
Epoch 572/1000, Train Loss: 0.3908, Validation Loss: 1.8844
Epoch 573/1000, Train Loss: 0.3875, Validation Loss: 0.9448
Epoch 574/1000, Train Loss: 0.3831, Validation Loss: 2.3829
Epoch 575/1000, Train Loss: 0.3848, Validation Loss: 1.5075
Epoch 576/1000, Train Loss: 0.3907, Validation Loss: 3.1571
Epoch 577/1000, Train Loss: 0.3867, Validation Loss: 0.8082
Epoch 578/1000, Train Loss: 0.3814, Validation Loss: 1.0053
Epoch 579/1000, Train Loss: 0.4027, Validation Loss: 0.7065
Epoch 580/1000, Train Loss: 0.3808, Validation Loss: 2.4931
Epoch 581/1000, Train Loss: 0.3885, Validation Loss: 0.9996
Epoch 582/1000, Train Loss: 0.3902, Validation Loss: 0.9631
Epoch 583/1000, Train Loss: 0.3789, Validation Loss: 1.8786
Epoch 584/1000, Train Loss: 0.3773, Validation Loss: 0.9316
Epoch 585/1000, Train Loss: 0.3800, Validation Loss: 2.0428
Epoch 586/1000, Train Loss: 0.3856, Validation Loss: 3.7992
Epoch 587/1000, Train Loss: 0.3841, Validation Loss: 1.7848
Epoch 588/1000, Train Loss: 0.3823, Validation Loss: 0.8930
Epoch 589/1000, Train Loss: 0.3787, Validation Loss: 2.1108
Epoch 590/1000, Train Loss: 0.4500, Validation Loss: 0.9548
Epoch 591/1000, Train Loss: 0.3833, Validation Loss: 2.5563
Epoch 592/1000, Train Loss: 0.3827, Validation Loss: 5.4002
Epoch 593/1000, Train Loss: 0.3866, Validation Loss: 1.7247
Epoch 594/1000, Train Loss: 0.3763, Validation Loss: 8.4650
Epoch 595/1000, Train Loss: 0.3808, Validation Loss: 2.1209
Epoch 596/1000, Train Loss: 0.3807, Validation Loss: 1.5827
Epoch 597/1000, Train Loss: 0.3800, Validation Loss: 4.5294
Epoch 598/1000, Train Loss: 0.3919, Validation Loss: 1.9701
Epoch 599/1000, Train Loss: 0.3940, Validation Loss: 1.3124
Epoch 600/1000, Train Loss: 0.3844, Validation Loss: 5.3596
Epoch 601/1000, Train Loss: 0.3767, Validation Loss: 0.8236
Epoch 602/1000, Train Loss: 0.3816, Validation Loss: 3.5364
Epoch 603/1000, Train Loss: 0.3827, Validation Loss: 9.8160
Epoch 604/1000, Train Loss: 0.3756, Validation Loss: 4.0830
Epoch 605/1000, Train Loss: 0.3807, Validation Loss: 1.5700
Epoch 606/1000, Train Loss: 0.3917, Validation Loss: 2.5310
Epoch 607/1000, Train Loss: 0.3741, Validation Loss: 1.8432
Epoch 608/1000, Train Loss: 0.3899, Validation Loss: 0.7730
Epoch 609/1000, Train Loss: 0.3908, Validation Loss: 0.5891
Epoch 610/1000, Train Loss: 0.3801, Validation Loss: 1.0849
Epoch 611/1000, Train Loss: 0.3844, Validation Loss: 0.4260
Epoch 612/1000, Train Loss: 0.3759, Validation Loss: 0.5326
Epoch 613/1000, Train Loss: 0.3819, Validation Loss: 0.7795
Epoch 614/1000, Train Loss: 0.3839, Validation Loss: 1.4310
Epoch 615/1000, Train Loss: 0.3744, Validation Loss: 1.6856
Epoch 616/1000, Train Loss: 0.3766, Validation Loss: 1.6456
Epoch 617/1000, Train Loss: 0.3872, Validation Loss: 1.1454
Epoch 618/1000, Train Loss: 0.3752, Validation Loss: 0.8137
Epoch 619/1000, Train Loss: 0.3756, Validation Loss: 2.9747
Epoch 620/1000, Train Loss: 0.3779, Validation Loss: 1.9348
Epoch 621/1000, Train Loss: 0.3779, Validation Loss: 1.3844
Epoch 622/1000, Train Loss: 0.3751, Validation Loss: 0.5924
Epoch 623/1000, Train Loss: 0.3802, Validation Loss: 0.8822
Epoch 624/1000, Train Loss: 0.3791, Validation Loss: 1.5275
Epoch 625/1000, Train Loss: 0.3743, Validation Loss: 0.7447
Epoch 626/1000, Train Loss: 0.3766, Validation Loss: 1.4912
Epoch 627/1000, Train Loss: 0.3727, Validation Loss: 0.7053
Epoch 628/1000, Train Loss: 0.3730, Validation Loss: 1.1990
Epoch 629/1000, Train Loss: 0.3753, Validation Loss: 0.7089
Epoch 630/1000, Train Loss: 0.3796, Validation Loss: 1.4738
Epoch 631/1000, Train Loss: 0.3768, Validation Loss: 2.7975
Epoch 632/1000, Train Loss: 0.3900, Validation Loss: 0.8141
Epoch 633/1000, Train Loss: 0.3789, Validation Loss: 1.4753
Epoch 634/1000, Train Loss: 0.3767, Validation Loss: 3.1434
Epoch 635/1000, Train Loss: 0.4228, Validation Loss: 3.3448
Epoch 636/1000, Train Loss: 0.4017, Validation Loss: 0.7281
Epoch 637/1000, Train Loss: 0.3836, Validation Loss: 1.3631
Epoch 638/1000, Train Loss: 0.3828, Validation Loss: 0.5946
Epoch 639/1000, Train Loss: 0.3747, Validation Loss: 0.4537
Epoch 640/1000, Train Loss: 0.3751, Validation Loss: 0.8145
Epoch 641/1000, Train Loss: 0.3764, Validation Loss: 1.0017
Epoch 642/1000, Train Loss: 0.3793, Validation Loss: 4.1905
Epoch 643/1000, Train Loss: 0.3811, Validation Loss: 2.3085
Epoch 644/1000, Train Loss: 0.3867, Validation Loss: 1.3130
Epoch 645/1000, Train Loss: 0.3791, Validation Loss: 3.2385
Epoch 646/1000, Train Loss: 0.3816, Validation Loss: 0.5421
Epoch 647/1000, Train Loss: 0.3839, Validation Loss: 1.0252
Epoch 648/1000, Train Loss: 0.3767, Validation Loss: 0.8683
Epoch 649/1000, Train Loss: 0.3797, Validation Loss: 0.6859
Epoch 650/1000, Train Loss: 0.3801, Validation Loss: 1.3036
Epoch 651/1000, Train Loss: 0.3816, Validation Loss: 4.3813
Epoch 652/1000, Train Loss: 0.3729, Validation Loss: 0.6962
Epoch 653/1000, Train Loss: 0.3772, Validation Loss: 1.2036
Epoch 654/1000, Train Loss: 0.3909, Validation Loss: 2.8379
Epoch 655/1000, Train Loss: 0.3772, Validation Loss: 2.6310
Epoch 656/1000, Train Loss: 0.3742, Validation Loss: 2.0696
Epoch 657/1000, Train Loss: 0.3696, Validation Loss: 1.0648
Epoch 658/1000, Train Loss: 0.3767, Validation Loss: 2.0377
Epoch 659/1000, Train Loss: 0.3859, Validation Loss: 2.0132
Epoch 660/1000, Train Loss: 0.3719, Validation Loss: 0.7271
Epoch 661/1000, Train Loss: 0.3808, Validation Loss: 0.4882
Epoch 662/1000, Train Loss: 0.3777, Validation Loss: 1.0298
Epoch 663/1000, Train Loss: 0.3725, Validation Loss: 0.6133
Epoch 664/1000, Train Loss: 0.3739, Validation Loss: 1.9110
Epoch 665/1000, Train Loss: 0.3760, Validation Loss: 16.5775
Epoch 666/1000, Train Loss: 0.3958, Validation Loss: 1.7115
Epoch 667/1000, Train Loss: 0.3896, Validation Loss: 1.0960
Epoch 668/1000, Train Loss: 0.3737, Validation Loss: 0.4444
Epoch 669/1000, Train Loss: 0.3754, Validation Loss: 1.2414
Epoch 670/1000, Train Loss: 0.3686, Validation Loss: 1.0110
Epoch 671/1000, Train Loss: 0.3783, Validation Loss: 0.8771
Epoch 672/1000, Train Loss: 0.3730, Validation Loss: 1.4905
Epoch 673/1000, Train Loss: 0.3714, Validation Loss: 2.2094
Epoch 674/1000, Train Loss: 0.3813, Validation Loss: 0.4177
Epoch 675/1000, Train Loss: 0.3758, Validation Loss: 2.0456
Epoch 676/1000, Train Loss: 0.3756, Validation Loss: 1.0888
Epoch 677/1000, Train Loss: 0.3742, Validation Loss: 2.3139
Epoch 678/1000, Train Loss: 0.3792, Validation Loss: 0.8869
Epoch 679/1000, Train Loss: 0.3739, Validation Loss: 1.9041
Epoch 680/1000, Train Loss: 0.3850, Validation Loss: 2.2431
Epoch 681/1000, Train Loss: 0.3748, Validation Loss: 0.5627
Epoch 682/1000, Train Loss: 0.3744, Validation Loss: 7.6914
Epoch 683/1000, Train Loss: 0.3705, Validation Loss: 0.7419
Epoch 684/1000, Train Loss: 0.3692, Validation Loss: 2.5114
Epoch 685/1000, Train Loss: 0.3747, Validation Loss: 1.0013
Epoch 686/1000, Train Loss: 0.3776, Validation Loss: 1.1958
Epoch 687/1000, Train Loss: 0.3697, Validation Loss: 0.9619
Epoch 688/1000, Train Loss: 0.3723, Validation Loss: 0.7680
Epoch 689/1000, Train Loss: 0.3765, Validation Loss: 0.8955
Epoch 690/1000, Train Loss: 0.3725, Validation Loss: 1.7648
Epoch 691/1000, Train Loss: 0.3865, Validation Loss: 1.2941
Epoch 692/1000, Train Loss: 0.3737, Validation Loss: 0.7680
Epoch 693/1000, Train Loss: 0.3803, Validation Loss: 1.7953
Epoch 694/1000, Train Loss: 0.3869, Validation Loss: 1.0069
Epoch 695/1000, Train Loss: 0.3718, Validation Loss: 0.5890
Epoch 696/1000, Train Loss: 0.3796, Validation Loss: 1.8755
Epoch 697/1000, Train Loss: 0.3767, Validation Loss: 2.9099
Epoch 698/1000, Train Loss: 0.3728, Validation Loss: 6.5182
Epoch 699/1000, Train Loss: 0.3765, Validation Loss: 3.3277
Epoch 700/1000, Train Loss: 0.3840, Validation Loss: 1.4128
Epoch 701/1000, Train Loss: 0.3883, Validation Loss: 1.8205
Epoch 702/1000, Train Loss: 0.3683, Validation Loss: 2.3953
Epoch 703/1000, Train Loss: 0.3744, Validation Loss: 1.1949
Epoch 704/1000, Train Loss: 0.3758, Validation Loss: 3.2714
Epoch 705/1000, Train Loss: 0.3699, Validation Loss: 0.4835
Epoch 706/1000, Train Loss: 0.3750, Validation Loss: 2.3567
Epoch 707/1000, Train Loss: 0.3720, Validation Loss: 2.4674
Epoch 708/1000, Train Loss: 0.3880, Validation Loss: 0.6908
Epoch 709/1000, Train Loss: 0.3683, Validation Loss: 2.8500
Epoch 710/1000, Train Loss: 0.3807, Validation Loss: 1.2611
Epoch 711/1000, Train Loss: 0.3794, Validation Loss: 1.0628
Epoch 712/1000, Train Loss: 0.3770, Validation Loss: 1.3706
Epoch 713/1000, Train Loss: 0.3725, Validation Loss: 1.2609
Epoch 714/1000, Train Loss: 0.3766, Validation Loss: 0.9233
Epoch 715/1000, Train Loss: 0.3737, Validation Loss: 1.1427
Epoch 716/1000, Train Loss: 0.3732, Validation Loss: 1.2804
Epoch 717/1000, Train Loss: 0.3722, Validation Loss: 1.6609
Epoch 718/1000, Train Loss: 0.3757, Validation Loss: 1.6677
Epoch 719/1000, Train Loss: 0.3763, Validation Loss: 14.1609
Epoch 720/1000, Train Loss: 0.3743, Validation Loss: 3.4355
Epoch 721/1000, Train Loss: 0.3827, Validation Loss: 1.2972
Epoch 722/1000, Train Loss: 0.3782, Validation Loss: 1.5412
Epoch 723/1000, Train Loss: 0.3697, Validation Loss: 3.1911
Epoch 724/1000, Train Loss: 0.3730, Validation Loss: 2.7509
Epoch 725/1000, Train Loss: 0.3722, Validation Loss: 0.8750
Epoch 726/1000, Train Loss: 0.3765, Validation Loss: 2.5404
Epoch 727/1000, Train Loss: 0.3834, Validation Loss: 2.5514
Epoch 728/1000, Train Loss: 0.3727, Validation Loss: 5.7962
Epoch 729/1000, Train Loss: 0.3697, Validation Loss: 1.3549
Epoch 730/1000, Train Loss: 0.3651, Validation Loss: 1.6187
Epoch 731/1000, Train Loss: 0.3747, Validation Loss: 3.3023
Epoch 732/1000, Train Loss: 0.3666, Validation Loss: 1.4187
Epoch 733/1000, Train Loss: 0.3725, Validation Loss: 0.9721
Epoch 734/1000, Train Loss: 0.3777, Validation Loss: 0.7252
Epoch 735/1000, Train Loss: 0.3713, Validation Loss: 1.0809
Epoch 736/1000, Train Loss: 0.3838, Validation Loss: 1.1173
Epoch 737/1000, Train Loss: 0.3733, Validation Loss: 2.7902
Epoch 738/1000, Train Loss: 0.3804, Validation Loss: 1.7841
Epoch 739/1000, Train Loss: 0.3705, Validation Loss: 0.6442
Epoch 740/1000, Train Loss: 0.3730, Validation Loss: 2.8633
Epoch 741/1000, Train Loss: 0.3793, Validation Loss: 2.6118
Epoch 742/1000, Train Loss: 0.3718, Validation Loss: 3.4384
Epoch 743/1000, Train Loss: 0.3817, Validation Loss: 0.6677
Epoch 744/1000, Train Loss: 0.3681, Validation Loss: 1.4533
Epoch 745/1000, Train Loss: 0.3685, Validation Loss: 1.5060
Epoch 746/1000, Train Loss: 0.3700, Validation Loss: 2.0439
Epoch 747/1000, Train Loss: 0.3810, Validation Loss: 0.6674
Epoch 748/1000, Train Loss: 0.3784, Validation Loss: 0.5002
Epoch 749/1000, Train Loss: 0.3793, Validation Loss: 1.9717
Epoch 750/1000, Train Loss: 0.3696, Validation Loss: 2.5931
Epoch 751/1000, Train Loss: 0.3675, Validation Loss: 0.7317
Epoch 752/1000, Train Loss: 0.3739, Validation Loss: 4.7890
Epoch 753/1000, Train Loss: 0.3727, Validation Loss: 1.3338
Epoch 754/1000, Train Loss: 0.3726, Validation Loss: 0.8304
Epoch 755/1000, Train Loss: 0.3779, Validation Loss: 1.7943
Epoch 756/1000, Train Loss: 0.3722, Validation Loss: 1.2914
Epoch 757/1000, Train Loss: 0.3712, Validation Loss: 2.0160
Epoch 758/1000, Train Loss: 0.3699, Validation Loss: 0.8042
Epoch 759/1000, Train Loss: 0.3702, Validation Loss: 1.1906
Epoch 760/1000, Train Loss: 0.3706, Validation Loss: 0.8412
Epoch 761/1000, Train Loss: 0.3805, Validation Loss: 1.0976
Epoch 762/1000, Train Loss: 0.3693, Validation Loss: 0.5426
Epoch 763/1000, Train Loss: 0.3716, Validation Loss: 0.8347
Epoch 764/1000, Train Loss: 0.3750, Validation Loss: 1.0572
Epoch 765/1000, Train Loss: 0.3867, Validation Loss: 1.2637
Epoch 766/1000, Train Loss: 0.3690, Validation Loss: 0.5190
Epoch 767/1000, Train Loss: 0.3727, Validation Loss: 2.1688
Epoch 768/1000, Train Loss: 0.3709, Validation Loss: 1.3742
Epoch 769/1000, Train Loss: 0.3722, Validation Loss: 0.8345
Epoch 770/1000, Train Loss: 0.3723, Validation Loss: 0.7741
Epoch 771/1000, Train Loss: 0.3815, Validation Loss: 1.3604
Epoch 772/1000, Train Loss: 0.3711, Validation Loss: 1.2376
Epoch 773/1000, Train Loss: 0.3652, Validation Loss: 2.5727
Epoch 774/1000, Train Loss: 0.3716, Validation Loss: 1.8714
Epoch 775/1000, Train Loss: 0.3728, Validation Loss: 11.1959
Epoch 776/1000, Train Loss: 0.3686, Validation Loss: 0.8961
Epoch 777/1000, Train Loss: 0.3702, Validation Loss: 2.0839
Epoch 778/1000, Train Loss: 0.3742, Validation Loss: 1.3928
Epoch 779/1000, Train Loss: 0.3721, Validation Loss: 1.4609
Epoch 780/1000, Train Loss: 0.3794, Validation Loss: 2.0595
Epoch 781/1000, Train Loss: 0.3740, Validation Loss: 0.9151
Epoch 782/1000, Train Loss: 0.3734, Validation Loss: 1.7890
Epoch 783/1000, Train Loss: 0.3767, Validation Loss: 1.6508
Epoch 784/1000, Train Loss: 0.3811, Validation Loss: 2.9225
Epoch 785/1000, Train Loss: 0.3907, Validation Loss: 1.5663
Epoch 786/1000, Train Loss: 0.3742, Validation Loss: 2.5494
Epoch 787/1000, Train Loss: 0.3813, Validation Loss: 1.4481
Epoch 788/1000, Train Loss: 0.3714, Validation Loss: 0.8139
Epoch 789/1000, Train Loss: 0.3875, Validation Loss: 0.6075
Epoch 790/1000, Train Loss: 0.3735, Validation Loss: 1.1425
Epoch 791/1000, Train Loss: 0.3749, Validation Loss: 0.6964
Epoch 792/1000, Train Loss: 0.3754, Validation Loss: 3.5068
Epoch 793/1000, Train Loss: 0.3728, Validation Loss: 1.5116
Epoch 794/1000, Train Loss: 0.3676, Validation Loss: 2.2879
Epoch 795/1000, Train Loss: 0.3706, Validation Loss: 1.0230
Epoch 796/1000, Train Loss: 0.3780, Validation Loss: 0.9062
Epoch 797/1000, Train Loss: 0.3727, Validation Loss: 0.8642
Epoch 798/1000, Train Loss: 0.3747, Validation Loss: 0.7360
Epoch 799/1000, Train Loss: 0.3780, Validation Loss: 0.7597
Epoch 800/1000, Train Loss: 0.3681, Validation Loss: 0.6177
Epoch 801/1000, Train Loss: 0.3704, Validation Loss: 1.8755
Epoch 802/1000, Train Loss: 0.3684, Validation Loss: 1.5551
Epoch 803/1000, Train Loss: 0.3807, Validation Loss: 0.7480
Epoch 804/1000, Train Loss: 0.3716, Validation Loss: 3.4019
Epoch 805/1000, Train Loss: 0.3663, Validation Loss: 0.6010
Epoch 806/1000, Train Loss: 0.3790, Validation Loss: 1.7540
Epoch 807/1000, Train Loss: 0.3757, Validation Loss: 12.2389
Epoch 808/1000, Train Loss: 0.3727, Validation Loss: 0.7932
Epoch 809/1000, Train Loss: 0.5580, Validation Loss: 1.4024
Epoch 810/1000, Train Loss: 0.3830, Validation Loss: 1.6196
Epoch 811/1000, Train Loss: 0.3706, Validation Loss: 1.1989
Epoch 812/1000, Train Loss: 0.3709, Validation Loss: 1.4643
Epoch 813/1000, Train Loss: 0.3768, Validation Loss: 3.5991
Epoch 814/1000, Train Loss: 0.3718, Validation Loss: 2.7667
Epoch 815/1000, Train Loss: 0.3688, Validation Loss: 0.7038
Epoch 816/1000, Train Loss: 0.3730, Validation Loss: 1.3475
Epoch 817/1000, Train Loss: 0.3693, Validation Loss: 2.3189
Epoch 818/1000, Train Loss: 0.3749, Validation Loss: 4.5601
Epoch 819/1000, Train Loss: 0.3769, Validation Loss: 0.5291
Epoch 820/1000, Train Loss: 0.3752, Validation Loss: 0.6415
Epoch 821/1000, Train Loss: 0.3710, Validation Loss: 2.3339
Epoch 822/1000, Train Loss: 0.3747, Validation Loss: 1.2125
Epoch 823/1000, Train Loss: 0.3756, Validation Loss: 0.7365
Epoch 824/1000, Train Loss: 0.3724, Validation Loss: 1.0322
Epoch 825/1000, Train Loss: 0.3778, Validation Loss: 3.2381
Epoch 826/1000, Train Loss: 0.3639, Validation Loss: 2.3697
Epoch 827/1000, Train Loss: 0.3659, Validation Loss: 0.5413
Epoch 828/1000, Train Loss: 0.3702, Validation Loss: 1.0446
Epoch 829/1000, Train Loss: 0.3671, Validation Loss: 0.6504
Epoch 830/1000, Train Loss: 0.3717, Validation Loss: 2.4692
Epoch 831/1000, Train Loss: 0.3742, Validation Loss: 4.4892
Epoch 832/1000, Train Loss: 0.3732, Validation Loss: 1.1456
Epoch 833/1000, Train Loss: 0.3688, Validation Loss: 0.6880
Epoch 834/1000, Train Loss: 0.3733, Validation Loss: 1.5594
Epoch 835/1000, Train Loss: 0.3613, Validation Loss: 6.6434
Epoch 836/1000, Train Loss: 0.3685, Validation Loss: 1.2790
Epoch 837/1000, Train Loss: 0.3713, Validation Loss: 1.1911
Epoch 838/1000, Train Loss: 0.3836, Validation Loss: 1.4493
Epoch 839/1000, Train Loss: 0.3797, Validation Loss: 14.0930
Epoch 840/1000, Train Loss: 0.3719, Validation Loss: 0.5915
Epoch 841/1000, Train Loss: 0.3661, Validation Loss: 5.2654
Epoch 842/1000, Train Loss: 0.3685, Validation Loss: 2.0551
Epoch 843/1000, Train Loss: 0.3663, Validation Loss: 0.4795
Epoch 844/1000, Train Loss: 0.3707, Validation Loss: 1.9378
Epoch 845/1000, Train Loss: 0.3665, Validation Loss: 0.7908
Epoch 846/1000, Train Loss: 0.3795, Validation Loss: 0.4714
Epoch 847/1000, Train Loss: 0.3753, Validation Loss: 4.1701
Epoch 848/1000, Train Loss: 0.3613, Validation Loss: 0.7263
Epoch 849/1000, Train Loss: 0.3630, Validation Loss: 3.1292
Epoch 850/1000, Train Loss: 0.3670, Validation Loss: 0.5701
Epoch 851/1000, Train Loss: 0.3707, Validation Loss: 0.4018
Epoch 852/1000, Train Loss: 0.3685, Validation Loss: 8.5048
Epoch 853/1000, Train Loss: 0.3742, Validation Loss: 0.8723
Epoch 854/1000, Train Loss: 0.3682, Validation Loss: 2.7563
Epoch 855/1000, Train Loss: 0.3717, Validation Loss: 1.7307
Epoch 856/1000, Train Loss: 0.3827, Validation Loss: 1.0081
Epoch 857/1000, Train Loss: 0.3677, Validation Loss: 11.3719
Epoch 858/1000, Train Loss: 0.3734, Validation Loss: 7.9845
Epoch 859/1000, Train Loss: 0.3662, Validation Loss: 0.8943
Epoch 860/1000, Train Loss: 0.3747, Validation Loss: 10.4031
Epoch 861/1000, Train Loss: 0.3676, Validation Loss: 0.8158
Epoch 862/1000, Train Loss: 0.3655, Validation Loss: 2.0824
Epoch 863/1000, Train Loss: 0.3769, Validation Loss: 1.6632
Epoch 864/1000, Train Loss: 0.3756, Validation Loss: 0.6045
Epoch 865/1000, Train Loss: 0.3631, Validation Loss: 2.8229
Epoch 866/1000, Train Loss: 0.3712, Validation Loss: 1.3467
Epoch 867/1000, Train Loss: 0.3678, Validation Loss: 14.1874
Epoch 868/1000, Train Loss: 0.3708, Validation Loss: 0.9883
Epoch 869/1000, Train Loss: 0.3727, Validation Loss: 0.9544
Epoch 870/1000, Train Loss: 0.3640, Validation Loss: 0.7389
Epoch 871/1000, Train Loss: 0.3747, Validation Loss: 1.0571
Epoch 872/1000, Train Loss: 0.3729, Validation Loss: 0.4194
Epoch 873/1000, Train Loss: 0.3631, Validation Loss: 1.7973
Epoch 874/1000, Train Loss: 0.3735, Validation Loss: 0.8952
Epoch 875/1000, Train Loss: 0.3802, Validation Loss: 2.4907
Epoch 876/1000, Train Loss: 0.3691, Validation Loss: 0.4637
Epoch 877/1000, Train Loss: 0.3641, Validation Loss: 1.7009
Epoch 878/1000, Train Loss: 0.3757, Validation Loss: 1.0315
Epoch 879/1000, Train Loss: 0.3799, Validation Loss: 2.0649
Epoch 880/1000, Train Loss: 0.3682, Validation Loss: 1.2103
Epoch 881/1000, Train Loss: 0.3778, Validation Loss: 1.0216
Epoch 882/1000, Train Loss: 0.3727, Validation Loss: 9.6735
Epoch 883/1000, Train Loss: 0.3644, Validation Loss: 1.7160
Epoch 884/1000, Train Loss: 0.3781, Validation Loss: 0.9039
Epoch 885/1000, Train Loss: 0.3702, Validation Loss: 5.4123
Epoch 886/1000, Train Loss: 0.3687, Validation Loss: 6.5505
Epoch 887/1000, Train Loss: 0.3712, Validation Loss: 0.7615
Epoch 888/1000, Train Loss: 0.3716, Validation Loss: 0.7538
Epoch 889/1000, Train Loss: 0.3698, Validation Loss: 0.9783
Epoch 890/1000, Train Loss: 0.3626, Validation Loss: 2.6103
Epoch 891/1000, Train Loss: 0.3800, Validation Loss: 2.5073
Epoch 892/1000, Train Loss: 0.3746, Validation Loss: 0.8680
Epoch 893/1000, Train Loss: 0.3812, Validation Loss: 1.5943
Epoch 894/1000, Train Loss: 0.3657, Validation Loss: 8.0186
Epoch 895/1000, Train Loss: 0.3663, Validation Loss: 1.4476
Epoch 896/1000, Train Loss: 0.3700, Validation Loss: 5.7717
Epoch 897/1000, Train Loss: 0.3689, Validation Loss: 0.7321
Epoch 898/1000, Train Loss: 0.3742, Validation Loss: 2.1499
Epoch 899/1000, Train Loss: 0.3613, Validation Loss: 8.1180
Epoch 900/1000, Train Loss: 0.3636, Validation Loss: 0.7977
Epoch 901/1000, Train Loss: 0.3813, Validation Loss: 0.7415
Epoch 902/1000, Train Loss: 0.3657, Validation Loss: 0.4625
Epoch 903/1000, Train Loss: 0.3701, Validation Loss: 3.6942
Epoch 904/1000, Train Loss: 0.3666, Validation Loss: 1.2869
Epoch 905/1000, Train Loss: 0.3668, Validation Loss: 1.5470
Epoch 906/1000, Train Loss: 0.3708, Validation Loss: 1.8445
Epoch 907/1000, Train Loss: 0.3649, Validation Loss: 0.8770
Epoch 908/1000, Train Loss: 0.3721, Validation Loss: 3.1046
Epoch 909/1000, Train Loss: 0.4043, Validation Loss: 1.5439
Epoch 910/1000, Train Loss: 0.3798, Validation Loss: 0.8312
Epoch 911/1000, Train Loss: 0.3727, Validation Loss: 2.1892
Epoch 912/1000, Train Loss: 0.3682, Validation Loss: 2.2339
Epoch 913/1000, Train Loss: 0.3710, Validation Loss: 0.5427
Epoch 914/1000, Train Loss: 0.3731, Validation Loss: 1.2759
Epoch 915/1000, Train Loss: 0.3706, Validation Loss: 0.8837
Epoch 916/1000, Train Loss: 0.3655, Validation Loss: 0.8178
Epoch 917/1000, Train Loss: 0.3636, Validation Loss: 3.0413
Epoch 918/1000, Train Loss: 0.3627, Validation Loss: 1.2206
Epoch 919/1000, Train Loss: 0.4962, Validation Loss: 0.8178
Epoch 920/1000, Train Loss: 0.3714, Validation Loss: 1.7396
Epoch 921/1000, Train Loss: 0.3628, Validation Loss: 3.0905
Epoch 922/1000, Train Loss: 0.3706, Validation Loss: 1.6708
Epoch 923/1000, Train Loss: 0.3603, Validation Loss: 0.9703
Epoch 924/1000, Train Loss: 0.3758, Validation Loss: 1.5162
Epoch 925/1000, Train Loss: 0.3667, Validation Loss: 2.1078
Epoch 926/1000, Train Loss: 0.3708, Validation Loss: 9.7708
Epoch 927/1000, Train Loss: 0.3656, Validation Loss: 0.8627
Epoch 928/1000, Train Loss: 0.3607, Validation Loss: 1.4776
Epoch 929/1000, Train Loss: 0.3741, Validation Loss: 1.0435
Epoch 930/1000, Train Loss: 0.3670, Validation Loss: 0.7499
Epoch 931/1000, Train Loss: 0.3688, Validation Loss: 2.6413
Epoch 932/1000, Train Loss: 0.3682, Validation Loss: 2.1290
Epoch 933/1000, Train Loss: 0.3752, Validation Loss: 0.5843
Epoch 934/1000, Train Loss: 0.3664, Validation Loss: 0.6638
Epoch 935/1000, Train Loss: 0.3691, Validation Loss: 1.9044
Epoch 936/1000, Train Loss: 0.3797, Validation Loss: 1.8237
Epoch 937/1000, Train Loss: 0.3629, Validation Loss: 1.3444
Epoch 938/1000, Train Loss: 0.3640, Validation Loss: 2.8827
Epoch 939/1000, Train Loss: 0.3639, Validation Loss: 0.8181
Epoch 940/1000, Train Loss: 0.3721, Validation Loss: 10.8445
Epoch 941/1000, Train Loss: 0.3734, Validation Loss: 0.8686
Epoch 942/1000, Train Loss: 0.3869, Validation Loss: 0.9464
Epoch 943/1000, Train Loss: 0.3717, Validation Loss: 1.6613
Epoch 944/1000, Train Loss: 0.3645, Validation Loss: 0.8142
Epoch 945/1000, Train Loss: 0.3728, Validation Loss: 1.8518
Epoch 946/1000, Train Loss: 0.3711, Validation Loss: 2.2617
Epoch 947/1000, Train Loss: 0.3667, Validation Loss: 1.8372
Epoch 948/1000, Train Loss: 0.3703, Validation Loss: 0.7887
Epoch 949/1000, Train Loss: 0.3685, Validation Loss: 3.9895
Epoch 950/1000, Train Loss: 0.3702, Validation Loss: 1.3723
Epoch 951/1000, Train Loss: 0.3717, Validation Loss: 1.3949
Epoch 952/1000, Train Loss: 0.3907, Validation Loss: 1.1053
Epoch 953/1000, Train Loss: 0.3652, Validation Loss: 2.5289
Epoch 954/1000, Train Loss: 0.3755, Validation Loss: 5.3491
Epoch 955/1000, Train Loss: 0.3626, Validation Loss: 1.5286
Epoch 956/1000, Train Loss: 0.3632, Validation Loss: 0.5978
Epoch 957/1000, Train Loss: 0.3703, Validation Loss: 0.7943
Epoch 958/1000, Train Loss: 0.3659, Validation Loss: 6.7255
Epoch 959/1000, Train Loss: 0.3682, Validation Loss: 1.3133
Epoch 960/1000, Train Loss: 0.3667, Validation Loss: 1.8501
Epoch 961/1000, Train Loss: 0.3654, Validation Loss: 2.1587
Epoch 962/1000, Train Loss: 0.3777, Validation Loss: 1.5796
Epoch 963/1000, Train Loss: 0.3607, Validation Loss: 1.9395
Epoch 964/1000, Train Loss: 0.3631, Validation Loss: 1.3979
Epoch 965/1000, Train Loss: 0.3663, Validation Loss: 0.8104
Epoch 966/1000, Train Loss: 0.3694, Validation Loss: 1.5035
Epoch 967/1000, Train Loss: 0.3625, Validation Loss: 0.7966
Epoch 968/1000, Train Loss: 0.3652, Validation Loss: 0.7737
Epoch 969/1000, Train Loss: 0.3620, Validation Loss: 4.0400
Epoch 970/1000, Train Loss: 0.3680, Validation Loss: 1.4111
Epoch 971/1000, Train Loss: 0.3702, Validation Loss: 3.0083
Epoch 972/1000, Train Loss: 0.3709, Validation Loss: 1.7703
Epoch 973/1000, Train Loss: 0.3661, Validation Loss: 1.3739
Epoch 974/1000, Train Loss: 0.3657, Validation Loss: 12.2779
Epoch 975/1000, Train Loss: 0.3650, Validation Loss: 1.2480
Epoch 976/1000, Train Loss: 0.3656, Validation Loss: 1.0340
Epoch 977/1000, Train Loss: 0.3646, Validation Loss: 2.3676
Epoch 978/1000, Train Loss: 0.3692, Validation Loss: 2.3847
Epoch 979/1000, Train Loss: 0.3688, Validation Loss: 1.3676
Epoch 980/1000, Train Loss: 0.3719, Validation Loss: 0.9776
Epoch 981/1000, Train Loss: 0.3634, Validation Loss: 0.4509
Epoch 982/1000, Train Loss: 0.3684, Validation Loss: 1.0801
Epoch 983/1000, Train Loss: 0.3747, Validation Loss: 5.1708
Epoch 984/1000, Train Loss: 0.3697, Validation Loss: 3.9028
Epoch 985/1000, Train Loss: 0.3675, Validation Loss: 1.3131
Epoch 986/1000, Train Loss: 0.3676, Validation Loss: 1.7668
Epoch 987/1000, Train Loss: 0.3701, Validation Loss: 2.8600
Epoch 988/1000, Train Loss: 0.3675, Validation Loss: 2.4239
Epoch 989/1000, Train Loss: 0.3709, Validation Loss: 2.5748
Epoch 990/1000, Train Loss: 0.3685, Validation Loss: 1.5289
Epoch 991/1000, Train Loss: 0.3651, Validation Loss: 3.8735
Epoch 992/1000, Train Loss: 0.3682, Validation Loss: 2.8742
Epoch 993/1000, Train Loss: 0.3680, Validation Loss: 3.3204
Epoch 994/1000, Train Loss: 0.3697, Validation Loss: 1.0787
Epoch 995/1000, Train Loss: 0.3750, Validation Loss: 1.0608
Epoch 996/1000, Train Loss: 0.3788, Validation Loss: 0.7845
Epoch 997/1000, Train Loss: 0.3595, Validation Loss: 1.0320
Epoch 998/1000, Train Loss: 0.3772, Validation Loss: 2.0752
Epoch 999/1000, Train Loss: 0.3616, Validation Loss: 1.3435
Epoch 1000/1000, Train Loss: 0.3696, Validation Loss: 1.3112
Best Training Loss: 0.3595
Best Training Loss Epoch: 997
Best Validation Loss: 0.4018
Best Validation Loss Epoch: 851
Time taken for training: 0-11:55:00
Test Loss: 0.4114
Test MAPE: 82865.0234%
Error Statistics:
count     41272.000000
mean        363.493500
std        6766.201660
min           0.000014
25%           0.129078
50%           1.439970
75%          20.839193
max      885279.687500
Name: Absolute Error, dtype: float64
Training complete. Final model saved.
Saving model as a wandb Artifact...
Model artifact logged successfully.
[1;34mwandb[0m: 
[1;34mwandb[0m: 🚀 View run [33mhardy-sweep-42[0m at: [34mhttps://wandb.ai/mk8737-new-york-university/rl_pretrain_hp_sweeps/runs/v04ot87c[0m
[1;34mwandb[0m: Find logs at: [1;35mwandb/run-20251006_143929-v04ot87c/logs[0m
Agent finished.
