Waiting for sweep ID...
Found Sweep ID: be12np04
Starting wandb agent for sweep be12np04...
TRAINING DEVICE: cpu
Run Name: GCN_global_hp_sweep_be12np04-vgpt0hru
finidhed preparing data
Loading dataset from pretrain_dataset_12.5k_fixed_duplicates.pkl
Loaded 412712 data objects.
finished preparing data
Epoch 1/1000, Train Loss: 115.3158, Validation Loss: 2.2315
Epoch 2/1000, Train Loss: 2.0195, Validation Loss: 1.6647
Epoch 3/1000, Train Loss: 1.6748, Validation Loss: 2.6739
Epoch 4/1000, Train Loss: 1.4384, Validation Loss: 3.3100
Epoch 5/1000, Train Loss: 1.4485, Validation Loss: 1.1575
Epoch 6/1000, Train Loss: 1.4496, Validation Loss: 1.7192
Epoch 7/1000, Train Loss: 1.3569, Validation Loss: 1.6055
Epoch 8/1000, Train Loss: 1.3933, Validation Loss: 2.1629
Epoch 9/1000, Train Loss: 1.3021, Validation Loss: 1.5366
Epoch 10/1000, Train Loss: 1.2645, Validation Loss: 1.7739
Epoch 11/1000, Train Loss: 1.2746, Validation Loss: 2.7171
Epoch 12/1000, Train Loss: 1.4516, Validation Loss: 3.2903
Epoch 13/1000, Train Loss: 1.2999, Validation Loss: 7.9762
Epoch 14/1000, Train Loss: 2.1343, Validation Loss: 24.8324
Epoch 15/1000, Train Loss: 1.2692, Validation Loss: 1.6026
Epoch 16/1000, Train Loss: 1.7114, Validation Loss: 3.4791
Epoch 17/1000, Train Loss: 1.1967, Validation Loss: 3.0084
Epoch 18/1000, Train Loss: 1.1708, Validation Loss: 1.6246
Epoch 19/1000, Train Loss: 1.2729, Validation Loss: 2.5214
Epoch 20/1000, Train Loss: 1.1310, Validation Loss: 1.7666
Epoch 21/1000, Train Loss: 1.1134, Validation Loss: 0.9776
Epoch 22/1000, Train Loss: 1.3067, Validation Loss: 24.9660
Epoch 23/1000, Train Loss: 1.0893, Validation Loss: 1.5123
Epoch 24/1000, Train Loss: 1.1146, Validation Loss: 2.1156
Epoch 25/1000, Train Loss: 1.1251, Validation Loss: 2.1091
Epoch 26/1000, Train Loss: 1.1944, Validation Loss: 1.2482
Epoch 27/1000, Train Loss: 34.5545, Validation Loss: 2.5438
Epoch 28/1000, Train Loss: 2.2474, Validation Loss: 2.0396
Epoch 29/1000, Train Loss: 1.1289, Validation Loss: 0.8883
Epoch 30/1000, Train Loss: 85.8660, Validation Loss: 2.5560
Epoch 31/1000, Train Loss: 1.0863, Validation Loss: 1.9872
Epoch 32/1000, Train Loss: 1.1085, Validation Loss: 1.6263
Epoch 33/1000, Train Loss: 1.1392, Validation Loss: 4.6060
Epoch 34/1000, Train Loss: 1.0781, Validation Loss: 2.3702
Epoch 35/1000, Train Loss: 1.1075, Validation Loss: 10.5515
Epoch 36/1000, Train Loss: 1.0894, Validation Loss: 7.5048
Epoch 37/1000, Train Loss: 6.7410, Validation Loss: 0.9386
Epoch 38/1000, Train Loss: 1.2164, Validation Loss: 1.4513
Epoch 39/1000, Train Loss: 25.6601, Validation Loss: 4.6663
Epoch 40/1000, Train Loss: 1.3737, Validation Loss: 5.0386
Epoch 41/1000, Train Loss: 1.0118, Validation Loss: 1.3790
Epoch 42/1000, Train Loss: 1.0802, Validation Loss: 4.7201
Epoch 43/1000, Train Loss: 1.1638, Validation Loss: 1.0975
Epoch 44/1000, Train Loss: 1.0650, Validation Loss: 3.9070
Epoch 45/1000, Train Loss: 0.9761, Validation Loss: 0.9568
Epoch 46/1000, Train Loss: 0.9771, Validation Loss: 1.7317
Epoch 47/1000, Train Loss: 1.0099, Validation Loss: 2.8379
Epoch 48/1000, Train Loss: 0.9645, Validation Loss: 2.0185
Epoch 49/1000, Train Loss: 0.9178, Validation Loss: 1.8282
Epoch 50/1000, Train Loss: 25.4474, Validation Loss: 6.1969
Epoch 51/1000, Train Loss: 6.3197, Validation Loss: 6.2785
Epoch 52/1000, Train Loss: 6.2749, Validation Loss: 6.3981
Epoch 53/1000, Train Loss: 7.3131, Validation Loss: 6.7536
Epoch 54/1000, Train Loss: 6.2303, Validation Loss: 6.0649
Epoch 55/1000, Train Loss: 6.2544, Validation Loss: 6.1048
Epoch 56/1000, Train Loss: 6.2449, Validation Loss: 6.0635
Epoch 57/1000, Train Loss: 352.0821, Validation Loss: 6.0956
Epoch 58/1000, Train Loss: 6.2036, Validation Loss: 6.2701
Epoch 59/1000, Train Loss: 6.4225, Validation Loss: 6.0616
Epoch 60/1000, Train Loss: 6.2659, Validation Loss: 6.2569
Epoch 61/1000, Train Loss: 6.2659, Validation Loss: 6.0978
Epoch 62/1000, Train Loss: 7.1217, Validation Loss: 6.0828
Epoch 63/1000, Train Loss: 6.2358, Validation Loss: 6.2629
Epoch 64/1000, Train Loss: 11.5771, Validation Loss: 6.0638
Epoch 65/1000, Train Loss: 31.3051, Validation Loss: 7.7277
Epoch 66/1000, Train Loss: 6.3011, Validation Loss: 6.4185
Epoch 67/1000, Train Loss: 6.2036, Validation Loss: 6.0931
Epoch 68/1000, Train Loss: 22.3396, Validation Loss: 6.0756
Epoch 69/1000, Train Loss: 6.2269, Validation Loss: 6.1459
Epoch 70/1000, Train Loss: 6.2001, Validation Loss: 6.0673
Epoch 71/1000, Train Loss: 6.2199, Validation Loss: 6.0809
Epoch 72/1000, Train Loss: 108.5155, Validation Loss: 6.0739
Epoch 73/1000, Train Loss: 7.3406, Validation Loss: 6.0993
Epoch 74/1000, Train Loss: 6.2692, Validation Loss: 6.1338
Epoch 75/1000, Train Loss: 6.7036, Validation Loss: 6.0720
Epoch 76/1000, Train Loss: 9.3338, Validation Loss: 6.1739
Epoch 77/1000, Train Loss: 6.2350, Validation Loss: 6.5356
Epoch 78/1000, Train Loss: 12.4578, Validation Loss: 6.1464
Epoch 79/1000, Train Loss: 8.0661, Validation Loss: 6.0653
Epoch 80/1000, Train Loss: 6.1923, Validation Loss: 6.0633
Epoch 81/1000, Train Loss: 6.2281, Validation Loss: 6.1348
Epoch 82/1000, Train Loss: 6.2525, Validation Loss: 6.1112
Epoch 83/1000, Train Loss: 6.2174, Validation Loss: 6.4319
Epoch 84/1000, Train Loss: 6.1846, Validation Loss: 6.0654
Epoch 85/1000, Train Loss: 6.5521, Validation Loss: 6.1796
Epoch 86/1000, Train Loss: 6.1977, Validation Loss: 6.8758
Epoch 87/1000, Train Loss: 6.2740, Validation Loss: 6.1791
Epoch 88/1000, Train Loss: 6.2396, Validation Loss: 6.0626
Epoch 89/1000, Train Loss: 57888.4214, Validation Loss: 6.2161
Epoch 90/1000, Train Loss: 6.1943, Validation Loss: 6.1266
Epoch 91/1000, Train Loss: 6.1858, Validation Loss: 6.0617
Epoch 92/1000, Train Loss: 6.1810, Validation Loss: 6.0652
Epoch 93/1000, Train Loss: 6.2651, Validation Loss: 6.0936
Epoch 94/1000, Train Loss: 6.2511, Validation Loss: 6.0618
Epoch 95/1000, Train Loss: 6.7796, Validation Loss: 6.0765
Epoch 96/1000, Train Loss: 6.1832, Validation Loss: 6.1226
Epoch 97/1000, Train Loss: 32.9995, Validation Loss: 6.1490
Epoch 98/1000, Train Loss: 6.2154, Validation Loss: 6.1172
Epoch 99/1000, Train Loss: 6.2185, Validation Loss: 7.0381
Epoch 100/1000, Train Loss: 6.8402, Validation Loss: 6.0810
Epoch 101/1000, Train Loss: 6.2143, Validation Loss: 6.0934
Epoch 102/1000, Train Loss: 15.4585, Validation Loss: 6.0689
Epoch 103/1000, Train Loss: 6.2704, Validation Loss: 6.0848
Epoch 104/1000, Train Loss: 6.1945, Validation Loss: 6.0648
Epoch 105/1000, Train Loss: 6.2230, Validation Loss: 6.1344
Epoch 106/1000, Train Loss: 3017.2551, Validation Loss: 6.0647
Epoch 107/1000, Train Loss: 6.2065, Validation Loss: 6.3243
Epoch 108/1000, Train Loss: 6.2372, Validation Loss: 6.0868
Epoch 109/1000, Train Loss: 46.2677, Validation Loss: 6.0617
Epoch 110/1000, Train Loss: 948.2859, Validation Loss: 6.0620
Epoch 111/1000, Train Loss: 6.2186, Validation Loss: 6.2319
Epoch 112/1000, Train Loss: 6.1848, Validation Loss: 6.0986
Epoch 113/1000, Train Loss: 6.3248, Validation Loss: 6.2578
Epoch 114/1000, Train Loss: 6.1869, Validation Loss: 6.1757
Epoch 115/1000, Train Loss: 6.2248, Validation Loss: 6.8433
Epoch 116/1000, Train Loss: 45.8241, Validation Loss: 6.0864
Epoch 117/1000, Train Loss: 6.2460, Validation Loss: 6.0810
Epoch 118/1000, Train Loss: 412.4057, Validation Loss: 6.1140
Epoch 119/1000, Train Loss: 8.6545, Validation Loss: 6.1644
Epoch 120/1000, Train Loss: 765.6452, Validation Loss: 6.0662
Epoch 121/1000, Train Loss: 6.2654, Validation Loss: 6.1069
Epoch 122/1000, Train Loss: 6.2459, Validation Loss: 6.1007
Epoch 123/1000, Train Loss: 6.2322, Validation Loss: 6.0722
Epoch 124/1000, Train Loss: 8.5603, Validation Loss: 6.2032
Epoch 125/1000, Train Loss: 25.7516, Validation Loss: 6.3014
Epoch 126/1000, Train Loss: 6.2395, Validation Loss: 6.1480
Epoch 127/1000, Train Loss: 9.0447, Validation Loss: 6.0620
Epoch 128/1000, Train Loss: 617.6207, Validation Loss: 6.1617
Epoch 129/1000, Train Loss: 6.1908, Validation Loss: 6.3408
Epoch 130/1000, Train Loss: 6.2178, Validation Loss: 6.1723
Epoch 131/1000, Train Loss: 6.2180, Validation Loss: 6.2387
Epoch 132/1000, Train Loss: 2091.4335, Validation Loss: 6.7812
Epoch 133/1000, Train Loss: 6.2241, Validation Loss: 6.2231
Epoch 134/1000, Train Loss: 99.7481, Validation Loss: 6.2628
Epoch 135/1000, Train Loss: 6.2344, Validation Loss: 6.2297
Epoch 136/1000, Train Loss: 8.9939, Validation Loss: 6.5714
Epoch 137/1000, Train Loss: 6.1737, Validation Loss: 6.0850
Epoch 138/1000, Train Loss: 472.0443, Validation Loss: 6.0644
Epoch 139/1000, Train Loss: 6.2020, Validation Loss: 6.5547
Epoch 140/1000, Train Loss: 6.2429, Validation Loss: 6.3713
Epoch 141/1000, Train Loss: 7.8540, Validation Loss: 6.7097
Epoch 142/1000, Train Loss: 6.2377, Validation Loss: 6.1255
Epoch 143/1000, Train Loss: 6.2227, Validation Loss: 6.9605
Epoch 144/1000, Train Loss: 6.2086, Validation Loss: 6.2858
Epoch 145/1000, Train Loss: 34.9468, Validation Loss: 6.0731
Epoch 146/1000, Train Loss: 29.4744, Validation Loss: 6.5620
Epoch 147/1000, Train Loss: 3754.2966, Validation Loss: 6.4120
Epoch 148/1000, Train Loss: 6.2373, Validation Loss: 6.0751
Epoch 149/1000, Train Loss: 173.7517, Validation Loss: 6.0707
Epoch 150/1000, Train Loss: 6.2835, Validation Loss: 6.0690
Epoch 151/1000, Train Loss: 6.2969, Validation Loss: 6.1417
Epoch 152/1000, Train Loss: 6.2053, Validation Loss: 6.0638
Epoch 153/1000, Train Loss: 9.8270, Validation Loss: 6.0890
Epoch 154/1000, Train Loss: 6.2300, Validation Loss: 6.1948
Epoch 155/1000, Train Loss: 6.2214, Validation Loss: 6.0910
Epoch 156/1000, Train Loss: 6.1725, Validation Loss: 6.2363
Epoch 157/1000, Train Loss: 177.3422, Validation Loss: 6.2497
Epoch 158/1000, Train Loss: 6.1989, Validation Loss: 6.0855
Epoch 159/1000, Train Loss: 300.3475, Validation Loss: 6.7163
Epoch 160/1000, Train Loss: 6.2610, Validation Loss: 6.0748
Epoch 161/1000, Train Loss: 6.2109, Validation Loss: 6.4584
Epoch 162/1000, Train Loss: 121.3124, Validation Loss: 6.1296
Epoch 163/1000, Train Loss: 6.2213, Validation Loss: 6.2145
Epoch 164/1000, Train Loss: 6.2414, Validation Loss: 6.0885
Epoch 165/1000, Train Loss: 6.3183, Validation Loss: 6.1025
Epoch 166/1000, Train Loss: 724.5476, Validation Loss: 6.0937
Epoch 167/1000, Train Loss: 6.2087, Validation Loss: 6.6319
Epoch 168/1000, Train Loss: 6.2757, Validation Loss: 6.1483
Epoch 169/1000, Train Loss: 6.2136, Validation Loss: 6.1018
Epoch 170/1000, Train Loss: 6.2890, Validation Loss: 6.0978
Epoch 171/1000, Train Loss: 13.2947, Validation Loss: 6.5729
Epoch 172/1000, Train Loss: 25.3712, Validation Loss: 6.1179
Epoch 173/1000, Train Loss: 6.2131, Validation Loss: 6.0707
Epoch 174/1000, Train Loss: 6.1879, Validation Loss: 6.2145
Epoch 175/1000, Train Loss: 6.2307, Validation Loss: 6.1081
Epoch 176/1000, Train Loss: 6.1759, Validation Loss: 6.0615
Epoch 177/1000, Train Loss: 6.3003, Validation Loss: 6.2478
Epoch 178/1000, Train Loss: 6.2183, Validation Loss: 6.2177
Epoch 179/1000, Train Loss: 6.2412, Validation Loss: 6.4365
Epoch 180/1000, Train Loss: 29537.7043, Validation Loss: 6.2335
Epoch 181/1000, Train Loss: 6.2977, Validation Loss: 6.4826
Epoch 182/1000, Train Loss: 6.2707, Validation Loss: 6.1525
Epoch 183/1000, Train Loss: 6.3307, Validation Loss: 6.1746
Epoch 184/1000, Train Loss: 25.9796, Validation Loss: 6.1129
Epoch 185/1000, Train Loss: 6.6127, Validation Loss: 6.4572
Epoch 186/1000, Train Loss: 6.2814, Validation Loss: 6.3816
Epoch 187/1000, Train Loss: 11.2393, Validation Loss: 6.6934
Epoch 188/1000, Train Loss: 6.1776, Validation Loss: 6.2491
Epoch 189/1000, Train Loss: 17.4411, Validation Loss: 6.1057
Epoch 190/1000, Train Loss: 11.5811, Validation Loss: 6.0696
Epoch 191/1000, Train Loss: 7.5234, Validation Loss: 6.2067
Epoch 192/1000, Train Loss: 6.2125, Validation Loss: 6.1663
Epoch 193/1000, Train Loss: 6.2358, Validation Loss: 6.0736
Epoch 194/1000, Train Loss: 6.4126, Validation Loss: 6.3412
Epoch 195/1000, Train Loss: 8.0113, Validation Loss: 6.1608
Epoch 196/1000, Train Loss: 6.2148, Validation Loss: 6.1292
Epoch 197/1000, Train Loss: 8.3735, Validation Loss: 6.1171
Epoch 198/1000, Train Loss: 6.1612, Validation Loss: 6.2423
Epoch 199/1000, Train Loss: 6.2440, Validation Loss: 6.1489
Epoch 200/1000, Train Loss: 6.7095, Validation Loss: 6.1219
Epoch 201/1000, Train Loss: 6.2205, Validation Loss: 6.0890
Epoch 202/1000, Train Loss: 230.5577, Validation Loss: 6.0664
Epoch 203/1000, Train Loss: 6.2029, Validation Loss: 6.0688
Epoch 204/1000, Train Loss: 6.3028, Validation Loss: 6.0639
Epoch 205/1000, Train Loss: 6.1838, Validation Loss: 6.3666
Epoch 206/1000, Train Loss: 205.6495, Validation Loss: 6.1083
Epoch 207/1000, Train Loss: 2129.1657, Validation Loss: 6.0870
Epoch 208/1000, Train Loss: 6.2699, Validation Loss: 6.0639
Epoch 209/1000, Train Loss: 6.2191, Validation Loss: 6.0741
Epoch 210/1000, Train Loss: 6.2475, Validation Loss: 6.0695
Epoch 211/1000, Train Loss: 6.1628, Validation Loss: 6.1445
Epoch 212/1000, Train Loss: 11.6092, Validation Loss: 6.0728
Epoch 213/1000, Train Loss: 6.1903, Validation Loss: 6.0661
Epoch 214/1000, Train Loss: 6.2252, Validation Loss: 6.4690
Epoch 215/1000, Train Loss: 24.4576, Validation Loss: 6.0622
Epoch 216/1000, Train Loss: 6.1946, Validation Loss: 6.1322
Epoch 217/1000, Train Loss: 6.2958, Validation Loss: 7.1537
Epoch 218/1000, Train Loss: 102.4184, Validation Loss: 6.4597
Epoch 219/1000, Train Loss: 6.1959, Validation Loss: 6.2345
Epoch 220/1000, Train Loss: 6.2078, Validation Loss: 6.0644
Epoch 221/1000, Train Loss: 37.1707, Validation Loss: 6.0880
Epoch 222/1000, Train Loss: 6.1941, Validation Loss: 6.1562
Epoch 223/1000, Train Loss: 6.2314, Validation Loss: 6.0770
Epoch 224/1000, Train Loss: 176.4381, Validation Loss: 6.0660
Epoch 225/1000, Train Loss: 6.2083, Validation Loss: 6.3511
Epoch 226/1000, Train Loss: 6.2133, Validation Loss: 6.0819
Epoch 227/1000, Train Loss: 6.3514, Validation Loss: 6.1197
Epoch 228/1000, Train Loss: 6.2185, Validation Loss: 6.3481
Epoch 229/1000, Train Loss: 3088.5757, Validation Loss: 6.0655
Epoch 230/1000, Train Loss: 6.2278, Validation Loss: 6.0709
Epoch 231/1000, Train Loss: 6.1815, Validation Loss: 6.1182
Epoch 232/1000, Train Loss: 6.1942, Validation Loss: 6.0713
Epoch 233/1000, Train Loss: 6.2375, Validation Loss: 6.2521
Epoch 234/1000, Train Loss: 6.2236, Validation Loss: 6.0778
Epoch 235/1000, Train Loss: 6.7191, Validation Loss: 29861.6338
Epoch 236/1000, Train Loss: 106.5233, Validation Loss: 6.4874
Epoch 237/1000, Train Loss: 6.1962, Validation Loss: 6.0889
Epoch 238/1000, Train Loss: 6.1911, Validation Loss: 6.2604
Epoch 239/1000, Train Loss: 7.2545, Validation Loss: 6.0632
Epoch 240/1000, Train Loss: 6.2134, Validation Loss: 6.1109
Epoch 241/1000, Train Loss: 6.1640, Validation Loss: 6.0891
Epoch 242/1000, Train Loss: 10.9566, Validation Loss: 6.0658
Epoch 243/1000, Train Loss: 6.2146, Validation Loss: 6.2273
Epoch 244/1000, Train Loss: 6.2164, Validation Loss: 6.1876
Epoch 245/1000, Train Loss: 6.2253, Validation Loss: 6.6169
Epoch 246/1000, Train Loss: 6.2476, Validation Loss: 6.6395
Epoch 247/1000, Train Loss: 6.3678, Validation Loss: 6.4413
Epoch 248/1000, Train Loss: 2853.8785, Validation Loss: 6.1153
Epoch 249/1000, Train Loss: 6.2339, Validation Loss: 6.0622
Epoch 250/1000, Train Loss: 6.2164, Validation Loss: 6.0629
Epoch 251/1000, Train Loss: 6.5616, Validation Loss: 6.0873
Epoch 252/1000, Train Loss: 6.2158, Validation Loss: 6.0637
Epoch 253/1000, Train Loss: 6.2993, Validation Loss: 6.3057
Epoch 254/1000, Train Loss: 6.2466, Validation Loss: 6.1622
Epoch 255/1000, Train Loss: 101.6541, Validation Loss: 6.0930
Epoch 256/1000, Train Loss: 6.1924, Validation Loss: 6.6167
Epoch 257/1000, Train Loss: 29.8011, Validation Loss: 6.0638
Epoch 258/1000, Train Loss: 7.5413, Validation Loss: 6.1300
Epoch 259/1000, Train Loss: 7.0565, Validation Loss: 6.0929
Epoch 260/1000, Train Loss: 6.2338, Validation Loss: 6.0944
Epoch 261/1000, Train Loss: 6.2267, Validation Loss: 6.0632
Epoch 262/1000, Train Loss: 325.0191, Validation Loss: 6.0779
Epoch 263/1000, Train Loss: 6.2145, Validation Loss: 6.4183
Epoch 264/1000, Train Loss: 26.6476, Validation Loss: 6.0817
Epoch 265/1000, Train Loss: 6.2075, Validation Loss: 6.0914
Epoch 266/1000, Train Loss: 20.9067, Validation Loss: 6.1386
Epoch 267/1000, Train Loss: 6.3814, Validation Loss: 6.3610
Epoch 268/1000, Train Loss: 6.2377, Validation Loss: 6.0922
Epoch 269/1000, Train Loss: 6.2235, Validation Loss: 6.4689
Epoch 270/1000, Train Loss: 10.0246, Validation Loss: 6.1214
Epoch 271/1000, Train Loss: 6.1868, Validation Loss: 6.2145
Epoch 272/1000, Train Loss: 6.2416, Validation Loss: 6.7374
Epoch 273/1000, Train Loss: 6.6590, Validation Loss: 6.0946
Epoch 274/1000, Train Loss: 6.2310, Validation Loss: 6.2328
Epoch 275/1000, Train Loss: 6.1994, Validation Loss: 6.1132
Epoch 276/1000, Train Loss: 6.2296, Validation Loss: 6.1467
Epoch 277/1000, Train Loss: 6.2039, Validation Loss: 6.3077
Epoch 278/1000, Train Loss: 193.7674, Validation Loss: 6.0637
Epoch 279/1000, Train Loss: 6.2005, Validation Loss: 6.0629
Epoch 280/1000, Train Loss: 6.1843, Validation Loss: 6.3476
Epoch 281/1000, Train Loss: 6.2124, Validation Loss: 6.1846
Epoch 282/1000, Train Loss: 6.2473, Validation Loss: 6.6546
Epoch 283/1000, Train Loss: 6.3044, Validation Loss: 6.0743
Epoch 284/1000, Train Loss: 10.5392, Validation Loss: 6.0626
Epoch 285/1000, Train Loss: 6.2694, Validation Loss: 6.3522
Epoch 286/1000, Train Loss: 6.1785, Validation Loss: 6.1128
Epoch 287/1000, Train Loss: 8.8566, Validation Loss: 6.0671
Epoch 288/1000, Train Loss: 6.1632, Validation Loss: 6.0639
Epoch 289/1000, Train Loss: 6.8830, Validation Loss: 6.0779
Epoch 290/1000, Train Loss: 6.2106, Validation Loss: 6.0981
Epoch 291/1000, Train Loss: 6.1739, Validation Loss: 6.1197
Epoch 292/1000, Train Loss: 45.2522, Validation Loss: 6.0735
Epoch 293/1000, Train Loss: 6.2869, Validation Loss: 6.1296
Epoch 294/1000, Train Loss: 6.2215, Validation Loss: 6.1601
Epoch 295/1000, Train Loss: 6.2168, Validation Loss: 6.0981
Epoch 296/1000, Train Loss: 6.4309, Validation Loss: 6.2073
Epoch 297/1000, Train Loss: 6.2583, Validation Loss: 6.3830
Epoch 298/1000, Train Loss: 6.2271, Validation Loss: 6.3940
Epoch 299/1000, Train Loss: 6.2226, Validation Loss: 6.1421
Epoch 300/1000, Train Loss: 6.3561, Validation Loss: 6.0641
Epoch 301/1000, Train Loss: 6.2719, Validation Loss: 6.0853
Epoch 302/1000, Train Loss: 6.2034, Validation Loss: 10.6306
Epoch 303/1000, Train Loss: 9.0317, Validation Loss: 6.1026
Epoch 304/1000, Train Loss: 6.1869, Validation Loss: 6.5781
Epoch 305/1000, Train Loss: 6.2068, Validation Loss: 6.2012
Epoch 306/1000, Train Loss: 6.2019, Validation Loss: 6.1318
Epoch 307/1000, Train Loss: 10.8785, Validation Loss: 6.1319
Epoch 308/1000, Train Loss: 6.1923, Validation Loss: 6.1271
Epoch 309/1000, Train Loss: 6.1939, Validation Loss: 6.1033
Epoch 310/1000, Train Loss: 6.3048, Validation Loss: 6.0902
Epoch 311/1000, Train Loss: 6.1966, Validation Loss: 6.2191
Epoch 312/1000, Train Loss: 229412.9732, Validation Loss: 6.4881
Epoch 313/1000, Train Loss: 6.3106, Validation Loss: 6.0743
Epoch 314/1000, Train Loss: 6.2115, Validation Loss: 6.0649
Epoch 315/1000, Train Loss: 6.1966, Validation Loss: 6.0663
Epoch 316/1000, Train Loss: 6.5728, Validation Loss: 6.3993
Epoch 317/1000, Train Loss: 6.2012, Validation Loss: 6.1569
Epoch 318/1000, Train Loss: 9.3119, Validation Loss: 6.0808
Epoch 319/1000, Train Loss: 3170.7564, Validation Loss: 6.1623
Epoch 320/1000, Train Loss: 6.2118, Validation Loss: 6.1935
Epoch 321/1000, Train Loss: 6.2455, Validation Loss: 6.1020
Epoch 322/1000, Train Loss: 6.2018, Validation Loss: 6.0716
Epoch 323/1000, Train Loss: 12.2533, Validation Loss: 6.0616
Epoch 324/1000, Train Loss: 6.2548, Validation Loss: 6.6842
Epoch 325/1000, Train Loss: 6.2093, Validation Loss: 6.1900
Epoch 326/1000, Train Loss: 44.2393, Validation Loss: 6.0928
Epoch 327/1000, Train Loss: 6.2131, Validation Loss: 6.0733
Epoch 328/1000, Train Loss: 6.5761, Validation Loss: 6.0616
Epoch 329/1000, Train Loss: 9.0893, Validation Loss: 6.0858
Epoch 330/1000, Train Loss: 6.2534, Validation Loss: 6.1123
Epoch 331/1000, Train Loss: 6.2478, Validation Loss: 6.2278
Epoch 332/1000, Train Loss: 7.5109, Validation Loss: 6.4225
Epoch 333/1000, Train Loss: 6.2047, Validation Loss: 6.5036
Epoch 334/1000, Train Loss: 6.2081, Validation Loss: 6.0650
Epoch 335/1000, Train Loss: 6.1819, Validation Loss: 6.0651
Epoch 336/1000, Train Loss: 6.2394, Validation Loss: 6.0628
Epoch 337/1000, Train Loss: 6.2572, Validation Loss: 6.2750
Epoch 338/1000, Train Loss: 6.2019, Validation Loss: 6.1976
Epoch 339/1000, Train Loss: 6.2405, Validation Loss: 6.1203
Epoch 340/1000, Train Loss: 7.0791, Validation Loss: 6.0729
Epoch 341/1000, Train Loss: 6.3526, Validation Loss: 6.2879
Epoch 342/1000, Train Loss: 6.3730, Validation Loss: 6.1575
Epoch 343/1000, Train Loss: 24.8960, Validation Loss: 6.0689
Epoch 344/1000, Train Loss: 6.1913, Validation Loss: 6.1085
Epoch 345/1000, Train Loss: 7.3435, Validation Loss: 6.4547
Epoch 346/1000, Train Loss: 115.8325, Validation Loss: 6.1817
Epoch 347/1000, Train Loss: 6.1835, Validation Loss: 6.1643
Epoch 348/1000, Train Loss: 6.2007, Validation Loss: 6.0877
Epoch 349/1000, Train Loss: 6.2298, Validation Loss: 6.6572
Epoch 350/1000, Train Loss: 39.7617, Validation Loss: 6.0924
Epoch 351/1000, Train Loss: 88.2982, Validation Loss: 6.0787
Epoch 352/1000, Train Loss: 7.5390, Validation Loss: 32569.2589
Epoch 353/1000, Train Loss: 6.3257, Validation Loss: 6.2672
Epoch 354/1000, Train Loss: 6.2000, Validation Loss: 6.0976
Epoch 355/1000, Train Loss: 28.8794, Validation Loss: 6.0996
Epoch 356/1000, Train Loss: 6.2007, Validation Loss: 6.1838
Epoch 357/1000, Train Loss: 11.2696, Validation Loss: 6.1288
Epoch 358/1000, Train Loss: 6.2134, Validation Loss: 6.0683
Epoch 359/1000, Train Loss: 6.1843, Validation Loss: 6.1650
Epoch 360/1000, Train Loss: 6.1859, Validation Loss: 6.0690
Epoch 361/1000, Train Loss: 6.2085, Validation Loss: 6.0858
Epoch 362/1000, Train Loss: 6.1775, Validation Loss: 6.0707
Epoch 363/1000, Train Loss: 84.9345, Validation Loss: 6526486.6341
Epoch 364/1000, Train Loss: 16.9724, Validation Loss: 6.1413
Epoch 365/1000, Train Loss: 6.2123, Validation Loss: 6.0920
Epoch 366/1000, Train Loss: 6.2255, Validation Loss: 6.1239
Epoch 367/1000, Train Loss: 6.2928, Validation Loss: 6.0689
Epoch 368/1000, Train Loss: 11.0727, Validation Loss: 6.0814
Epoch 369/1000, Train Loss: 6.2341, Validation Loss: 6.3093
Epoch 370/1000, Train Loss: 6.2183, Validation Loss: 6.1288
Epoch 371/1000, Train Loss: 8.5606, Validation Loss: 6.2807
Epoch 372/1000, Train Loss: 6.1934, Validation Loss: 6.0622
Epoch 373/1000, Train Loss: 6.3141, Validation Loss: 6.3709
Epoch 374/1000, Train Loss: 6.2156, Validation Loss: 6.1465
Epoch 375/1000, Train Loss: 6.8476, Validation Loss: 6.2909
Epoch 376/1000, Train Loss: 648.7516, Validation Loss: 6.1159
Epoch 377/1000, Train Loss: 6.2401, Validation Loss: 6.3137
Epoch 378/1000, Train Loss: 12.8727, Validation Loss: 6.3090
Epoch 379/1000, Train Loss: 6.2699, Validation Loss: 6.2370
Epoch 380/1000, Train Loss: 6.1855, Validation Loss: 6.0794
Epoch 381/1000, Train Loss: 30.2016, Validation Loss: 6.1663
Epoch 382/1000, Train Loss: 6.6559, Validation Loss: 6.0674
Epoch 383/1000, Train Loss: 1518.6940, Validation Loss: 6.1636
Epoch 384/1000, Train Loss: 6.2107, Validation Loss: 6.4462
Epoch 385/1000, Train Loss: 6.2300, Validation Loss: 6.0846
Epoch 386/1000, Train Loss: 265.3673, Validation Loss: 6.1031
Epoch 387/1000, Train Loss: 16.7401, Validation Loss: 6.0620
Epoch 388/1000, Train Loss: 6.1994, Validation Loss: 6.0760
Epoch 389/1000, Train Loss: 6.2218, Validation Loss: 6.1410
Epoch 390/1000, Train Loss: 6.2752, Validation Loss: 6.1327
Epoch 391/1000, Train Loss: 7.7523, Validation Loss: 6.3182
Epoch 392/1000, Train Loss: 6.2732, Validation Loss: 6.1438
Epoch 393/1000, Train Loss: 6.2065, Validation Loss: 6.0697
Epoch 394/1000, Train Loss: 10.5451, Validation Loss: 6.0826
Epoch 395/1000, Train Loss: 6.2513, Validation Loss: 6.0738
Epoch 396/1000, Train Loss: 6.2067, Validation Loss: 6.1174
Epoch 397/1000, Train Loss: 90.9787, Validation Loss: 6.3275
Epoch 398/1000, Train Loss: 6.1910, Validation Loss: 6.0662
Epoch 399/1000, Train Loss: 6.1964, Validation Loss: 6.0615
Epoch 400/1000, Train Loss: 6.2349, Validation Loss: 6.0655
Epoch 401/1000, Train Loss: 6.2566, Validation Loss: 6.3694
Epoch 402/1000, Train Loss: 6.2253, Validation Loss: 6.1083
Epoch 403/1000, Train Loss: 6.1801, Validation Loss: 6.1279
Epoch 404/1000, Train Loss: 6.2605, Validation Loss: 6.0828
Epoch 405/1000, Train Loss: 20.0461, Validation Loss: 6.8954
Epoch 406/1000, Train Loss: 74.1264, Validation Loss: 6.1054
Epoch 407/1000, Train Loss: 6.1937, Validation Loss: 6.1392
Epoch 408/1000, Train Loss: 6.2824, Validation Loss: 6.0725
Epoch 409/1000, Train Loss: 6.2085, Validation Loss: 6.0813
Epoch 410/1000, Train Loss: 6.1913, Validation Loss: 6.0664
Epoch 411/1000, Train Loss: 10.2993, Validation Loss: 6.1847
Epoch 412/1000, Train Loss: 6.2186, Validation Loss: 6.3097
Epoch 413/1000, Train Loss: 6.2562, Validation Loss: 6.1223
Epoch 414/1000, Train Loss: 6.2367, Validation Loss: 6.5562
Epoch 415/1000, Train Loss: 6.2626, Validation Loss: 6.3107
Epoch 416/1000, Train Loss: 6.2153, Validation Loss: 6.2367
Epoch 417/1000, Train Loss: 6.1978, Validation Loss: 6.1096
Epoch 418/1000, Train Loss: 54522.8959, Validation Loss: 6.5764
Epoch 419/1000, Train Loss: 6.3172, Validation Loss: 6.2048
Epoch 420/1000, Train Loss: 6.1691, Validation Loss: 6.0889
Epoch 421/1000, Train Loss: 6.2545, Validation Loss: 6.4487
Epoch 422/1000, Train Loss: 6.2125, Validation Loss: 6.1723
Epoch 423/1000, Train Loss: 6.1976, Validation Loss: 6.0802
Epoch 424/1000, Train Loss: 10.3956, Validation Loss: 14.9733
Epoch 425/1000, Train Loss: 10.0904, Validation Loss: 6.4606
Epoch 426/1000, Train Loss: 6.2645, Validation Loss: 6.0828
Epoch 427/1000, Train Loss: 6.5686, Validation Loss: 6.0700
Epoch 428/1000, Train Loss: 6.1761, Validation Loss: 6.2371
Epoch 429/1000, Train Loss: 7.5138, Validation Loss: 6.1234
Epoch 430/1000, Train Loss: 6.2196, Validation Loss: 7.0836
Epoch 431/1000, Train Loss: 6.1996, Validation Loss: 6.1121
Epoch 432/1000, Train Loss: 6.3802, Validation Loss: 6.1225
Epoch 433/1000, Train Loss: 6.2522, Validation Loss: 6.9220
Epoch 434/1000, Train Loss: 613.2374, Validation Loss: 6.2330
Epoch 435/1000, Train Loss: 6.2276, Validation Loss: 6.3311
Epoch 436/1000, Train Loss: 12.7929, Validation Loss: 6.4921
Epoch 437/1000, Train Loss: 6.7676, Validation Loss: 6.2050
Epoch 438/1000, Train Loss: 6.3677, Validation Loss: 6.0933
Epoch 439/1000, Train Loss: 6.2541, Validation Loss: 6.1646
Epoch 440/1000, Train Loss: 8.0085, Validation Loss: 6.1692
Epoch 441/1000, Train Loss: 6.2003, Validation Loss: 6.0677
Epoch 442/1000, Train Loss: 6.1841, Validation Loss: 6.1506
Epoch 443/1000, Train Loss: 6.1772, Validation Loss: 6.1237
Epoch 444/1000, Train Loss: 6.1968, Validation Loss: 6.0656
Epoch 445/1000, Train Loss: 6.2253, Validation Loss: 6.5827
Epoch 446/1000, Train Loss: 6.3096, Validation Loss: 6.0856
Epoch 447/1000, Train Loss: 6.2059, Validation Loss: 6.0672
Epoch 448/1000, Train Loss: 11.1560, Validation Loss: 6.2267
Epoch 449/1000, Train Loss: 111.2378, Validation Loss: 6.2893
Epoch 450/1000, Train Loss: 6.2049, Validation Loss: 6.1845
Epoch 451/1000, Train Loss: 1692.1853, Validation Loss: 6.1669
Epoch 452/1000, Train Loss: 6.2040, Validation Loss: 6.0867
Epoch 453/1000, Train Loss: 6.2029, Validation Loss: 6.1399
Epoch 454/1000, Train Loss: 13.5735, Validation Loss: 6.1199
Epoch 455/1000, Train Loss: 6.1862, Validation Loss: 6.0963
Epoch 456/1000, Train Loss: 6.1809, Validation Loss: 6.5266
Epoch 457/1000, Train Loss: 6.6317, Validation Loss: 6.1115
Epoch 458/1000, Train Loss: 6.1979, Validation Loss: 6.2265
Epoch 459/1000, Train Loss: 6.1796, Validation Loss: 6.2038
Epoch 460/1000, Train Loss: 6.2406, Validation Loss: 6.1636
Epoch 461/1000, Train Loss: 6.4910, Validation Loss: 6.1448
Epoch 462/1000, Train Loss: 6.2416, Validation Loss: 6.4199
Epoch 463/1000, Train Loss: 46.7448, Validation Loss: 6.1324
Epoch 464/1000, Train Loss: 6.2155, Validation Loss: 6.1785
Epoch 465/1000, Train Loss: 34.3587, Validation Loss: 6.0827
Epoch 466/1000, Train Loss: 6.2043, Validation Loss: 6.2169
Epoch 467/1000, Train Loss: 10.4910, Validation Loss: 6.3056
Epoch 468/1000, Train Loss: 220.0800, Validation Loss: 6.2531
Epoch 469/1000, Train Loss: 6.2469, Validation Loss: 6.2543
Epoch 470/1000, Train Loss: 10.6865, Validation Loss: 6.0744
Epoch 471/1000, Train Loss: 6.2628, Validation Loss: 6.0842
Epoch 472/1000, Train Loss: 6.1736, Validation Loss: 6.0666
Epoch 473/1000, Train Loss: 6.2065, Validation Loss: 6.1064
Epoch 474/1000, Train Loss: 6.2095, Validation Loss: 6.1622
Epoch 475/1000, Train Loss: 6.1935, Validation Loss: 6.1276
Epoch 476/1000, Train Loss: 6.9403, Validation Loss: 6.0678
Epoch 477/1000, Train Loss: 6.1972, Validation Loss: 6.0683
Epoch 478/1000, Train Loss: 6.1672, Validation Loss: 6.1977
Epoch 479/1000, Train Loss: 11.8043, Validation Loss: 6.2926
Epoch 480/1000, Train Loss: 6.2389, Validation Loss: 6.3173
Epoch 481/1000, Train Loss: 6.2090, Validation Loss: 6.1175
Epoch 482/1000, Train Loss: 6.3408, Validation Loss: 6.0928
Epoch 483/1000, Train Loss: 6.1983, Validation Loss: 6.1071
Epoch 484/1000, Train Loss: 10.6974, Validation Loss: 6.0806
Epoch 485/1000, Train Loss: 6.2869, Validation Loss: 6.1429
Epoch 486/1000, Train Loss: 6.2008, Validation Loss: 6.1477
Epoch 487/1000, Train Loss: 6.2234, Validation Loss: 6.4612
Epoch 488/1000, Train Loss: 6.2552, Validation Loss: 6.2135
Epoch 489/1000, Train Loss: 52787.7958, Validation Loss: 6.0616
Epoch 490/1000, Train Loss: 6.2016, Validation Loss: 6.0658
Epoch 491/1000, Train Loss: 6.2913, Validation Loss: 6.1733
Epoch 492/1000, Train Loss: 6.2336, Validation Loss: 6.0708
Epoch 493/1000, Train Loss: 6.1909, Validation Loss: 6.0616
Epoch 494/1000, Train Loss: 6.2308, Validation Loss: 6.1598
Epoch 495/1000, Train Loss: 7.5894, Validation Loss: 6.0885
Epoch 496/1000, Train Loss: 6.2385, Validation Loss: 6.2084
Epoch 497/1000, Train Loss: 6.1805, Validation Loss: 6.0877
Epoch 498/1000, Train Loss: 16.8459, Validation Loss: 6.1609
Epoch 499/1000, Train Loss: 6.2075, Validation Loss: 6.8350
Epoch 500/1000, Train Loss: 6.2274, Validation Loss: 6.3461
Epoch 501/1000, Train Loss: 6.2553, Validation Loss: 6.1379
Epoch 502/1000, Train Loss: 6.1784, Validation Loss: 6.0767
Epoch 503/1000, Train Loss: 373.6913, Validation Loss: 6.1077
Epoch 504/1000, Train Loss: 6.2784, Validation Loss: 6.3675
Epoch 505/1000, Train Loss: 6.2677, Validation Loss: 6.9740
Epoch 506/1000, Train Loss: 6.2268, Validation Loss: 6.0650
Epoch 507/1000, Train Loss: 130.9514, Validation Loss: 6.0627
Epoch 508/1000, Train Loss: 6.2250, Validation Loss: 6.2517
Epoch 509/1000, Train Loss: 6.1735, Validation Loss: 6.0788
Epoch 510/1000, Train Loss: 6.2244, Validation Loss: 6.0615
Epoch 511/1000, Train Loss: 6.2245, Validation Loss: 6.0619
Epoch 512/1000, Train Loss: 6.6364, Validation Loss: 6.1453
Epoch 513/1000, Train Loss: 6.6317, Validation Loss: 6.0737
Epoch 514/1000, Train Loss: 618.3977, Validation Loss: 6.2700
Epoch 515/1000, Train Loss: 6.2093, Validation Loss: 6.0949
Epoch 516/1000, Train Loss: 6.9157, Validation Loss: 6.1119
Epoch 517/1000, Train Loss: 6.2015, Validation Loss: 6.3010
Epoch 518/1000, Train Loss: 6.2830, Validation Loss: 6.2772
Epoch 519/1000, Train Loss: 6.1652, Validation Loss: 6.0618
Epoch 520/1000, Train Loss: 6.2144, Validation Loss: 6.2199
Epoch 521/1000, Train Loss: 14.3238, Validation Loss: 6.0782
Epoch 522/1000, Train Loss: 6.1754, Validation Loss: 6.0820
Epoch 523/1000, Train Loss: 6.2014, Validation Loss: 6.0615
Epoch 524/1000, Train Loss: 6.1835, Validation Loss: 6.2840
Epoch 525/1000, Train Loss: 25.0255, Validation Loss: 6.0705
Epoch 526/1000, Train Loss: 6.6457, Validation Loss: 6.3236
Epoch 527/1000, Train Loss: 6.2873, Validation Loss: 6.0622
Epoch 528/1000, Train Loss: 10.9765, Validation Loss: 6.0888
Epoch 529/1000, Train Loss: 16.8038, Validation Loss: 6.0863
Epoch 530/1000, Train Loss: 6.2696, Validation Loss: 6.0802
Epoch 531/1000, Train Loss: 6.1876, Validation Loss: 6.0773
Epoch 532/1000, Train Loss: 6.3556, Validation Loss: 6.0875
Epoch 533/1000, Train Loss: 6.2319, Validation Loss: 6.1293
Epoch 534/1000, Train Loss: 14.3702, Validation Loss: 6.0721
Epoch 535/1000, Train Loss: 6.2008, Validation Loss: 6.7906
Epoch 536/1000, Train Loss: 6.2083, Validation Loss: 6.0909
Epoch 537/1000, Train Loss: 6.2637, Validation Loss: 6.0647
Epoch 538/1000, Train Loss: 6.2425, Validation Loss: 6.1854
Epoch 539/1000, Train Loss: 7.3474, Validation Loss: 6.1055
Epoch 540/1000, Train Loss: 6.1809, Validation Loss: 6.1646
Epoch 541/1000, Train Loss: 6.2015, Validation Loss: 6.0662
Epoch 542/1000, Train Loss: 7.3076, Validation Loss: 6.4580
Epoch 543/1000, Train Loss: 6.2467, Validation Loss: 6.0639
Epoch 544/1000, Train Loss: 6.2540, Validation Loss: 6.0981
Epoch 545/1000, Train Loss: 6.3011, Validation Loss: 6.1374
Epoch 546/1000, Train Loss: 9.5699, Validation Loss: 6.0617
Epoch 547/1000, Train Loss: 6.1723, Validation Loss: 6.0726
Epoch 548/1000, Train Loss: 6.2163, Validation Loss: 6.0667
Epoch 549/1000, Train Loss: 28.7620, Validation Loss: 6.1066
Epoch 550/1000, Train Loss: 7.5008, Validation Loss: 6.1968
Epoch 551/1000, Train Loss: 6.2285, Validation Loss: 6.1746
Epoch 552/1000, Train Loss: 113.2872, Validation Loss: 6.5235
Epoch 553/1000, Train Loss: 6.2078, Validation Loss: 6.1319
Epoch 554/1000, Train Loss: 84.2970, Validation Loss: 6.4998
Epoch 555/1000, Train Loss: 6.2971, Validation Loss: 6.0722
Epoch 556/1000, Train Loss: 2938.0531, Validation Loss: 6.0757
Epoch 557/1000, Train Loss: 6.1977, Validation Loss: 6.1746
Epoch 558/1000, Train Loss: 6.2232, Validation Loss: 6.1789
Epoch 559/1000, Train Loss: 6.2496, Validation Loss: 6.1906
Epoch 560/1000, Train Loss: 42.6816, Validation Loss: 1822.4884
Epoch 561/1000, Train Loss: 239.1802, Validation Loss: 6.0637
Epoch 562/1000, Train Loss: 6.1970, Validation Loss: 6.1511
Epoch 563/1000, Train Loss: 6.2327, Validation Loss: 6.5169
Epoch 564/1000, Train Loss: 12.2292, Validation Loss: 6.0782
Epoch 565/1000, Train Loss: 6.2082, Validation Loss: 6.0792
Epoch 566/1000, Train Loss: 9.9749, Validation Loss: 6.0706
Epoch 567/1000, Train Loss: 6.2246, Validation Loss: 6.0713
Epoch 568/1000, Train Loss: 6.2165, Validation Loss: 6.0618
Epoch 569/1000, Train Loss: 6.2098, Validation Loss: 6.0617
Epoch 570/1000, Train Loss: 6.2121, Validation Loss: 6.1844
Epoch 571/1000, Train Loss: 2341.9448, Validation Loss: 6.2568
Epoch 572/1000, Train Loss: 7.8106, Validation Loss: 6.2590
Epoch 573/1000, Train Loss: 6.7393, Validation Loss: 6.1068
Epoch 574/1000, Train Loss: 93.0415, Validation Loss: 6.0628
Epoch 575/1000, Train Loss: 6.2139, Validation Loss: 6.1739
Epoch 576/1000, Train Loss: 6.1832, Validation Loss: 6.1305
Epoch 577/1000, Train Loss: 6.2524, Validation Loss: 6.1482
Epoch 578/1000, Train Loss: 6.7116, Validation Loss: 6.1766
Epoch 579/1000, Train Loss: 6.2286, Validation Loss: 6.1474
Epoch 580/1000, Train Loss: 6.2670, Validation Loss: 6.0773
Epoch 581/1000, Train Loss: 46.2147, Validation Loss: 6.0660
Epoch 582/1000, Train Loss: 6.2270, Validation Loss: 6.3373
Epoch 583/1000, Train Loss: 6.4956, Validation Loss: 6.0762
Epoch 584/1000, Train Loss: 7.7358, Validation Loss: 6.1408
Epoch 585/1000, Train Loss: 6.2301, Validation Loss: 6.0623
Epoch 586/1000, Train Loss: 6.1752, Validation Loss: 6.0758
Epoch 587/1000, Train Loss: 13.1027, Validation Loss: 6.1387
Epoch 588/1000, Train Loss: 6.2132, Validation Loss: 6.0887
Epoch 589/1000, Train Loss: 7.1786, Validation Loss: 6.1210
Epoch 590/1000, Train Loss: 6.1706, Validation Loss: 6.1624
Epoch 591/1000, Train Loss: 6.2505, Validation Loss: 6.1843
Epoch 592/1000, Train Loss: 6.2739, Validation Loss: 6.1295
Epoch 593/1000, Train Loss: 6.2728, Validation Loss: 6.0768
Epoch 594/1000, Train Loss: 6.1905, Validation Loss: 6.0638
Epoch 595/1000, Train Loss: 6.1888, Validation Loss: 6.0671
Epoch 596/1000, Train Loss: 104.4074, Validation Loss: 6.1383
Epoch 597/1000, Train Loss: 6.2661, Validation Loss: 6.0615
Epoch 598/1000, Train Loss: 6.6220, Validation Loss: 10.1382
Epoch 599/1000, Train Loss: 6.6701, Validation Loss: 6.4529
Epoch 600/1000, Train Loss: 461.0308, Validation Loss: 6.1453
Epoch 601/1000, Train Loss: 250.7852, Validation Loss: 6.0840
Epoch 602/1000, Train Loss: 6.2067, Validation Loss: 6.1149
Epoch 603/1000, Train Loss: 6.2234, Validation Loss: 6.1189
Epoch 604/1000, Train Loss: 6.2157, Validation Loss: 6.0650
Epoch 605/1000, Train Loss: 6.2508, Validation Loss: 6.0643
Epoch 606/1000, Train Loss: 6.1936, Validation Loss: 6.1321
Epoch 607/1000, Train Loss: 6.1916, Validation Loss: 6.1509
Epoch 608/1000, Train Loss: 6.2630, Validation Loss: 6.6893
Epoch 609/1000, Train Loss: 6.1960, Validation Loss: 6.1406
Epoch 610/1000, Train Loss: 6.2485, Validation Loss: 6.0620
Epoch 611/1000, Train Loss: 6.4530, Validation Loss: 6.0947
Epoch 612/1000, Train Loss: 6.1955, Validation Loss: 6.0921
Epoch 613/1000, Train Loss: 6.2180, Validation Loss: 6.1649
Epoch 614/1000, Train Loss: 6.1893, Validation Loss: 6.3132
Epoch 615/1000, Train Loss: 6.2636, Validation Loss: 6.1822
Epoch 616/1000, Train Loss: 50.7633, Validation Loss: 6.1713
Epoch 617/1000, Train Loss: 6.2068, Validation Loss: 6.0842
Epoch 618/1000, Train Loss: 6.1796, Validation Loss: 6.0828
Epoch 619/1000, Train Loss: 4757.2679, Validation Loss: 6.0639
Epoch 620/1000, Train Loss: 6.1866, Validation Loss: 6.0671
Epoch 621/1000, Train Loss: 6.1928, Validation Loss: 6.2072
Epoch 622/1000, Train Loss: 16.4756, Validation Loss: 6.6490
Epoch 623/1000, Train Loss: 72234.8105, Validation Loss: 6.0642
Epoch 624/1000, Train Loss: 6.1740, Validation Loss: 6.3347
Epoch 625/1000, Train Loss: 6.1851, Validation Loss: 6.0718
Epoch 626/1000, Train Loss: 1560.3847, Validation Loss: 6.3933
Epoch 627/1000, Train Loss: 4536.4182, Validation Loss: 6.1201
Epoch 628/1000, Train Loss: 6.2204, Validation Loss: 6.0849
Epoch 629/1000, Train Loss: 59.7906, Validation Loss: 6.1153
Epoch 630/1000, Train Loss: 6.1981, Validation Loss: 6.0870
Epoch 631/1000, Train Loss: 6.2457, Validation Loss: 6.0622
Epoch 632/1000, Train Loss: 6.2074, Validation Loss: 6.0835
Epoch 633/1000, Train Loss: 6.2028, Validation Loss: 6.0817
Epoch 634/1000, Train Loss: 8.0146, Validation Loss: 6.0620
Epoch 635/1000, Train Loss: 6.1935, Validation Loss: 6.3401
Epoch 636/1000, Train Loss: 1067.0289, Validation Loss: 6.0662
Epoch 637/1000, Train Loss: 6.1901, Validation Loss: 6.0912
Epoch 638/1000, Train Loss: 6.2333, Validation Loss: 6.1988
Epoch 639/1000, Train Loss: 6.2456, Validation Loss: 6.0730
Epoch 640/1000, Train Loss: 6.1863, Validation Loss: 6.1947
Epoch 641/1000, Train Loss: 526.4989, Validation Loss: 6.0783
Epoch 642/1000, Train Loss: 6.1997, Validation Loss: 6.1728
Epoch 643/1000, Train Loss: 6.2538, Validation Loss: 6.4716
Epoch 644/1000, Train Loss: 57.6141, Validation Loss: 6.0934
Epoch 645/1000, Train Loss: 6.1818, Validation Loss: 6.0721
Epoch 646/1000, Train Loss: 2480.6401, Validation Loss: 6.0985
Epoch 647/1000, Train Loss: 6.2502, Validation Loss: 6.3584
Epoch 648/1000, Train Loss: 6.2021, Validation Loss: 6.3159
Epoch 649/1000, Train Loss: 6.2782, Validation Loss: 6.0639
Epoch 650/1000, Train Loss: 6.2565, Validation Loss: 6.6154
Epoch 651/1000, Train Loss: 63.7984, Validation Loss: 6.0735
Epoch 652/1000, Train Loss: 6.2131, Validation Loss: 6.5754
Epoch 653/1000, Train Loss: 6.3275, Validation Loss: 6.0735
Epoch 654/1000, Train Loss: 6.2355, Validation Loss: 6.0618
Epoch 655/1000, Train Loss: 6.2245, Validation Loss: 6.0616
Epoch 656/1000, Train Loss: 6.4948, Validation Loss: 6.2870
Epoch 657/1000, Train Loss: 6.2733, Validation Loss: 6.0988
Epoch 658/1000, Train Loss: 6.1739, Validation Loss: 6.3111
Epoch 659/1000, Train Loss: 348.4963, Validation Loss: 6.1136
Epoch 660/1000, Train Loss: 6.2149, Validation Loss: 6.3322
Epoch 661/1000, Train Loss: 6.2240, Validation Loss: 6.0695
Epoch 662/1000, Train Loss: 6.2330, Validation Loss: 6.0730
Epoch 663/1000, Train Loss: 6.1876, Validation Loss: 6.1302
Epoch 664/1000, Train Loss: 6.1695, Validation Loss: 6.1348
Epoch 665/1000, Train Loss: 6.1717, Validation Loss: 6.0667
Epoch 666/1000, Train Loss: 29.8191, Validation Loss: 6.4066
Epoch 667/1000, Train Loss: 6.1891, Validation Loss: 6.2494
Epoch 668/1000, Train Loss: 6.1974, Validation Loss: 6.4537
Epoch 669/1000, Train Loss: 6.1879, Validation Loss: 6.0809
Epoch 670/1000, Train Loss: 6.2368, Validation Loss: 6.0876
Epoch 671/1000, Train Loss: 6.2537, Validation Loss: 6.1337
Epoch 672/1000, Train Loss: 6.2072, Validation Loss: 6.1875
Epoch 673/1000, Train Loss: 6.2162, Validation Loss: 6.1021
Epoch 674/1000, Train Loss: 6.2353, Validation Loss: 6.1900
Epoch 675/1000, Train Loss: 6.2093, Validation Loss: 6.3507
Epoch 676/1000, Train Loss: 6.2159, Validation Loss: 6.2372
Epoch 677/1000, Train Loss: 6.2047, Validation Loss: 6.5422
Epoch 678/1000, Train Loss: 6.2104, Validation Loss: 6.3254
Epoch 679/1000, Train Loss: 18.4372, Validation Loss: 6.0731
Epoch 680/1000, Train Loss: 6.1889, Validation Loss: 6.1000
Epoch 681/1000, Train Loss: 6.2009, Validation Loss: 6.0671
Epoch 682/1000, Train Loss: 6.2502, Validation Loss: 6.0617
Epoch 683/1000, Train Loss: 209.3157, Validation Loss: 6.0921
Epoch 684/1000, Train Loss: 6.1876, Validation Loss: 6.1003
Epoch 685/1000, Train Loss: 6.2957, Validation Loss: 6.1134
Epoch 686/1000, Train Loss: 7.3611, Validation Loss: 6.1250
Epoch 687/1000, Train Loss: 27.2280, Validation Loss: 6.1558
Epoch 688/1000, Train Loss: 6.1977, Validation Loss: 6.0884
Epoch 689/1000, Train Loss: 11.9657, Validation Loss: 6.0622
Epoch 690/1000, Train Loss: 29.0881, Validation Loss: 6.1024
Epoch 691/1000, Train Loss: 6.3956, Validation Loss: 6.1449
Epoch 692/1000, Train Loss: 6.7194, Validation Loss: 6.0655
Epoch 693/1000, Train Loss: 6.2071, Validation Loss: 6.1166
Epoch 694/1000, Train Loss: 6.3685, Validation Loss: 6.1114
Epoch 695/1000, Train Loss: 27.8392, Validation Loss: 6.1608
Epoch 696/1000, Train Loss: 6.1941, Validation Loss: 6.0967
Epoch 697/1000, Train Loss: 6.1806, Validation Loss: 6.1706
Epoch 698/1000, Train Loss: 25048.3492, Validation Loss: 6.0694
Epoch 699/1000, Train Loss: 6.1938, Validation Loss: 6.1184
Epoch 700/1000, Train Loss: 6.2159, Validation Loss: 6.5165
Epoch 701/1000, Train Loss: 6.2620, Validation Loss: 6.0896
Epoch 702/1000, Train Loss: 6.2051, Validation Loss: 6.1064
Epoch 703/1000, Train Loss: 6.3998, Validation Loss: 6.2417
Epoch 704/1000, Train Loss: 6.1756, Validation Loss: 6.1461
Epoch 705/1000, Train Loss: 6.2387, Validation Loss: 6.0644
Epoch 706/1000, Train Loss: 6.2175, Validation Loss: 6.2885
Epoch 707/1000, Train Loss: 28.3299, Validation Loss: 6.1101
Epoch 708/1000, Train Loss: 6.2713, Validation Loss: 6.1332
Epoch 709/1000, Train Loss: 395.5293, Validation Loss: 6.0628
Epoch 710/1000, Train Loss: 6.1876, Validation Loss: 6.0624
Epoch 711/1000, Train Loss: 6.2771, Validation Loss: 6.0710
Epoch 712/1000, Train Loss: 6.2015, Validation Loss: 6.0757
Epoch 713/1000, Train Loss: 203512.2989, Validation Loss: 6.2564
Epoch 714/1000, Train Loss: 6.1976, Validation Loss: 6.1192
Epoch 715/1000, Train Loss: 6.1754, Validation Loss: 6.0619
Epoch 716/1000, Train Loss: 6.1941, Validation Loss: 6.1399
Epoch 717/1000, Train Loss: 72.2565, Validation Loss: 6.4128
Epoch 718/1000, Train Loss: 6.2314, Validation Loss: 6.3807
Epoch 719/1000, Train Loss: 6.2350, Validation Loss: 6.1726
Epoch 720/1000, Train Loss: 6.2828, Validation Loss: 6.5368
Epoch 721/1000, Train Loss: 6.7508, Validation Loss: 6.0668
Epoch 722/1000, Train Loss: 6.2073, Validation Loss: 6.3426
Epoch 723/1000, Train Loss: 6.1990, Validation Loss: 6.2187
Epoch 724/1000, Train Loss: 6.1936, Validation Loss: 6.5245
Epoch 725/1000, Train Loss: 6570.6665, Validation Loss: 6.1740
Epoch 726/1000, Train Loss: 6.2175, Validation Loss: 6.0670
Epoch 727/1000, Train Loss: 6.2343, Validation Loss: 6.2557
Epoch 728/1000, Train Loss: 6.2214, Validation Loss: 6.1491
Epoch 729/1000, Train Loss: 6.2250, Validation Loss: 6.0938
Epoch 730/1000, Train Loss: 6.1791, Validation Loss: 6.1004
Epoch 731/1000, Train Loss: 6.6655, Validation Loss: 6.0648
Epoch 732/1000, Train Loss: 6.1935, Validation Loss: 6.0624
Epoch 733/1000, Train Loss: 6.1819, Validation Loss: 6.1358
Epoch 734/1000, Train Loss: 6.2275, Validation Loss: 6.3158
Epoch 735/1000, Train Loss: 6.2305, Validation Loss: 6.0625
Epoch 736/1000, Train Loss: 6.1924, Validation Loss: 6.1426
Epoch 737/1000, Train Loss: 38.2753, Validation Loss: 6.1577
Epoch 738/1000, Train Loss: 6.2142, Validation Loss: 6.0617
Epoch 739/1000, Train Loss: 6.2123, Validation Loss: 6.2029
Epoch 740/1000, Train Loss: 6.2288, Validation Loss: 6.8303
Epoch 741/1000, Train Loss: 74.1920, Validation Loss: 6.0636
Epoch 742/1000, Train Loss: 6.3248, Validation Loss: 6.5619
Epoch 743/1000, Train Loss: 6.2040, Validation Loss: 6.0768
Epoch 744/1000, Train Loss: 6.2457, Validation Loss: 6.1271
Epoch 745/1000, Train Loss: 6.1936, Validation Loss: 6.1872
Epoch 746/1000, Train Loss: 8.2005, Validation Loss: 6.2144
Epoch 747/1000, Train Loss: 6.2848, Validation Loss: 6.0757
Epoch 748/1000, Train Loss: 6.2054, Validation Loss: 6.0947
Epoch 749/1000, Train Loss: 18.0099, Validation Loss: 6.0628
Epoch 750/1000, Train Loss: 6.1943, Validation Loss: 6.0719
Epoch 751/1000, Train Loss: 6.1722, Validation Loss: 6.0620
Epoch 752/1000, Train Loss: 6.2600, Validation Loss: 6.0702
Epoch 753/1000, Train Loss: 6.2224, Validation Loss: 6.0619
Epoch 754/1000, Train Loss: 6.1852, Validation Loss: 6.0692
Epoch 755/1000, Train Loss: 671.4120, Validation Loss: 6.1962
Epoch 756/1000, Train Loss: 18.7603, Validation Loss: 6.0624
Epoch 757/1000, Train Loss: 6.1853, Validation Loss: 6.1233
Epoch 758/1000, Train Loss: 6.1809, Validation Loss: 6.1101
Epoch 759/1000, Train Loss: 6.1917, Validation Loss: 6.4455
Epoch 760/1000, Train Loss: 6.1947, Validation Loss: 6.1945
Epoch 761/1000, Train Loss: 17.1651, Validation Loss: 6.3221
Epoch 762/1000, Train Loss: 6.2465, Validation Loss: 6.0761
Epoch 763/1000, Train Loss: 6.2358, Validation Loss: 6.0936
Epoch 764/1000, Train Loss: 6.2510, Validation Loss: 6.0621
Epoch 765/1000, Train Loss: 7.9222, Validation Loss: 6.1970
Epoch 766/1000, Train Loss: 6.2519, Validation Loss: 6.0935
Epoch 767/1000, Train Loss: 6.2615, Validation Loss: 6.1714
Epoch 768/1000, Train Loss: 7.0173, Validation Loss: 6.3117
Epoch 769/1000, Train Loss: 6.1718, Validation Loss: 6.5431
Epoch 770/1000, Train Loss: 6.2603, Validation Loss: 6.0619
Epoch 771/1000, Train Loss: 6.1895, Validation Loss: 6.4358
Epoch 772/1000, Train Loss: 6.5622, Validation Loss: 6.0617
Epoch 773/1000, Train Loss: 6.2770, Validation Loss: 6.1266
Epoch 774/1000, Train Loss: 6.1861, Validation Loss: 6.0856
Epoch 775/1000, Train Loss: 6.2005, Validation Loss: 6.0624
Epoch 776/1000, Train Loss: 6.2611, Validation Loss: 6.6653
Epoch 777/1000, Train Loss: 278.2587, Validation Loss: 71.4883
Epoch 778/1000, Train Loss: 6.4009, Validation Loss: 6.1937
Epoch 779/1000, Train Loss: 6.2478, Validation Loss: 6.1685
Epoch 780/1000, Train Loss: 6.2196, Validation Loss: 6.0618
Epoch 781/1000, Train Loss: 6.2248, Validation Loss: 6.2511
Epoch 782/1000, Train Loss: 7214.1194, Validation Loss: 6.0819
Epoch 783/1000, Train Loss: 6.2457, Validation Loss: 6.0647
Epoch 784/1000, Train Loss: 6.2217, Validation Loss: 6.0817
Epoch 785/1000, Train Loss: 54.3138, Validation Loss: 6.0907
Epoch 786/1000, Train Loss: 7.6008, Validation Loss: 6.2847
Epoch 787/1000, Train Loss: 20241.6434, Validation Loss: 6.0770
Epoch 788/1000, Train Loss: 6.2163, Validation Loss: 6.0755
Epoch 789/1000, Train Loss: 6.1936, Validation Loss: 6.0615
Epoch 790/1000, Train Loss: 6.1869, Validation Loss: 6.8521
Epoch 791/1000, Train Loss: 6.5871, Validation Loss: 6.0626
Epoch 792/1000, Train Loss: 7.3447, Validation Loss: 6.1016
Epoch 793/1000, Train Loss: 6.2014, Validation Loss: 6.0616
Epoch 794/1000, Train Loss: 6.2070, Validation Loss: 6.0731
Epoch 795/1000, Train Loss: 23.7565, Validation Loss: 6.0676
Epoch 796/1000, Train Loss: 16.9585, Validation Loss: 6.0669
Epoch 797/1000, Train Loss: 8.8614, Validation Loss: 6.1140
Epoch 798/1000, Train Loss: 6.1731, Validation Loss: 6.1219
Epoch 799/1000, Train Loss: 6.1905, Validation Loss: 6.0637
Epoch 800/1000, Train Loss: 6.2008, Validation Loss: 6.3038
Epoch 801/1000, Train Loss: 6.2683, Validation Loss: 6.1425
Epoch 802/1000, Train Loss: 6.5169, Validation Loss: 6.0813
Epoch 803/1000, Train Loss: 6.1870, Validation Loss: 6.2088
Epoch 804/1000, Train Loss: 6.2033, Validation Loss: 6.1978
Epoch 805/1000, Train Loss: 6.2558, Validation Loss: 6.4921
Epoch 806/1000, Train Loss: 6.1902, Validation Loss: 6.0666
Epoch 807/1000, Train Loss: 19.0991, Validation Loss: 6.1861
Epoch 808/1000, Train Loss: 6.2002, Validation Loss: 6.0975
Epoch 809/1000, Train Loss: 6.2569, Validation Loss: 6.0861
Epoch 810/1000, Train Loss: 6.2140, Validation Loss: 6.1632
Epoch 811/1000, Train Loss: 6.2552, Validation Loss: 6.0695
Epoch 812/1000, Train Loss: 6.5749, Validation Loss: 6.0921
Epoch 813/1000, Train Loss: 102.8895, Validation Loss: 6.0622
Epoch 814/1000, Train Loss: 6.2153, Validation Loss: 6.0647
Epoch 815/1000, Train Loss: 56.7691, Validation Loss: 6.1244
Epoch 816/1000, Train Loss: 6.2896, Validation Loss: 6.0674
Epoch 817/1000, Train Loss: 6.1901, Validation Loss: 6.0677
Epoch 818/1000, Train Loss: 9.3320, Validation Loss: 6.0672
Epoch 819/1000, Train Loss: 6.2345, Validation Loss: 6.1422
Epoch 820/1000, Train Loss: 222.8365, Validation Loss: 6.0632
Epoch 821/1000, Train Loss: 6.2340, Validation Loss: 6.2473
Epoch 822/1000, Train Loss: 6.3893, Validation Loss: 6.1520
Epoch 823/1000, Train Loss: 6.2601, Validation Loss: 6.0785
Epoch 824/1000, Train Loss: 6.3498, Validation Loss: 49.0607
Epoch 825/1000, Train Loss: 6.2531, Validation Loss: 6.1266
Epoch 826/1000, Train Loss: 1027.6128, Validation Loss: 6.0780
Epoch 827/1000, Train Loss: 6.2291, Validation Loss: 6.2038
Epoch 828/1000, Train Loss: 26.3014, Validation Loss: 6.4607
Epoch 829/1000, Train Loss: 6.2151, Validation Loss: 6.2294
Epoch 830/1000, Train Loss: 6.2025, Validation Loss: 6.0616
Epoch 831/1000, Train Loss: 6.1692, Validation Loss: 6.2642
Epoch 832/1000, Train Loss: 6.2084, Validation Loss: 6.0685
Epoch 833/1000, Train Loss: 6.2217, Validation Loss: 6.1195
Epoch 834/1000, Train Loss: 7088.0421, Validation Loss: 6.1080
Epoch 835/1000, Train Loss: 6.2571, Validation Loss: 6.0659
Epoch 836/1000, Train Loss: 6.2264, Validation Loss: 6.3301
Epoch 837/1000, Train Loss: 6.9786, Validation Loss: 6.1376
Epoch 838/1000, Train Loss: 6.2995, Validation Loss: 6.0633
Epoch 839/1000, Train Loss: 6.2028, Validation Loss: 6.1100
Epoch 840/1000, Train Loss: 312.9739, Validation Loss: 6.3843
Epoch 841/1000, Train Loss: 6.2027, Validation Loss: 6.3919
Epoch 842/1000, Train Loss: 33.3095, Validation Loss: 6.0696
Epoch 843/1000, Train Loss: 6.1875, Validation Loss: 6.0655
Epoch 844/1000, Train Loss: 49.9489, Validation Loss: 6.1640
Epoch 845/1000, Train Loss: 6.2770, Validation Loss: 6.1435
Epoch 846/1000, Train Loss: 8.0209, Validation Loss: 6.3646
Epoch 847/1000, Train Loss: 780.8234, Validation Loss: 6.0676
Epoch 848/1000, Train Loss: 8.3748, Validation Loss: 6.0655
Epoch 849/1000, Train Loss: 6.1923, Validation Loss: 6.0619
Epoch 850/1000, Train Loss: 6.2205, Validation Loss: 6.0623
Epoch 851/1000, Train Loss: 6.2738, Validation Loss: 6.0838
Epoch 852/1000, Train Loss: 5698.3787, Validation Loss: 6.1779
Epoch 853/1000, Train Loss: 6.2274, Validation Loss: 6.0615
Epoch 854/1000, Train Loss: 6.2507, Validation Loss: 6.0617
Epoch 855/1000, Train Loss: 6.8882, Validation Loss: 6.0749
Epoch 856/1000, Train Loss: 6.2592, Validation Loss: 6.1090
Epoch 857/1000, Train Loss: 6.2294, Validation Loss: 6.1059
Epoch 858/1000, Train Loss: 6.2532, Validation Loss: 6.0655
Epoch 859/1000, Train Loss: 266.1025, Validation Loss: 6.0975
Epoch 860/1000, Train Loss: 6.2082, Validation Loss: 6.1975
Epoch 861/1000, Train Loss: 6.1993, Validation Loss: 6.1776
Epoch 862/1000, Train Loss: 6.3016, Validation Loss: 6.3198
Epoch 863/1000, Train Loss: 33.1191, Validation Loss: 6.2158
Epoch 864/1000, Train Loss: 40.6376, Validation Loss: 6.5353
Epoch 865/1000, Train Loss: 6.6671, Validation Loss: 6.0755
Epoch 866/1000, Train Loss: 10.0100, Validation Loss: 6.1804
Epoch 867/1000, Train Loss: 6.2079, Validation Loss: 6.0714
Epoch 868/1000, Train Loss: 6.1921, Validation Loss: 6.1021
Epoch 869/1000, Train Loss: 6.2478, Validation Loss: 6.3457
Epoch 870/1000, Train Loss: 100.3747, Validation Loss: 6.3950
Epoch 871/1000, Train Loss: 6.2408, Validation Loss: 6.1245
Epoch 872/1000, Train Loss: 6.2383, Validation Loss: 6.1080
Epoch 873/1000, Train Loss: 193.4634, Validation Loss: 6.0663
Epoch 874/1000, Train Loss: 6.2263, Validation Loss: 6.0804
Epoch 875/1000, Train Loss: 6.2457, Validation Loss: 6.1677
Epoch 876/1000, Train Loss: 13.9659, Validation Loss: 6.0640
Epoch 877/1000, Train Loss: 8.5160, Validation Loss: 6.4164
Epoch 878/1000, Train Loss: 6.2206, Validation Loss: 6.0856
Epoch 879/1000, Train Loss: 6.1817, Validation Loss: 6.7047
Epoch 880/1000, Train Loss: 6.1816, Validation Loss: 6.2037
Epoch 881/1000, Train Loss: 6.2889, Validation Loss: 6.5120
Epoch 882/1000, Train Loss: 7.6729, Validation Loss: 6.1467
Epoch 883/1000, Train Loss: 559.2271, Validation Loss: 6.0615
Epoch 884/1000, Train Loss: 6.1778, Validation Loss: 6.0986
Epoch 885/1000, Train Loss: 9.3070, Validation Loss: 6.0865
Epoch 886/1000, Train Loss: 15231.4614, Validation Loss: 6.0675
Epoch 887/1000, Train Loss: 6.2397, Validation Loss: 6.0629
Epoch 888/1000, Train Loss: 6.1937, Validation Loss: 6.0788
Epoch 889/1000, Train Loss: 6.2121, Validation Loss: 6.2576
Epoch 890/1000, Train Loss: 23.3443, Validation Loss: 6.0901
Epoch 891/1000, Train Loss: 6.5227, Validation Loss: 6.2967
Epoch 892/1000, Train Loss: 6.2211, Validation Loss: 6.3966
Epoch 893/1000, Train Loss: 56.9412, Validation Loss: 6.3115
Epoch 894/1000, Train Loss: 6.2182, Validation Loss: 6.0951
Epoch 895/1000, Train Loss: 6.2050, Validation Loss: 6.0621
Epoch 896/1000, Train Loss: 114.1070, Validation Loss: 6.1062
Epoch 897/1000, Train Loss: 9.0215, Validation Loss: 6.2821
Epoch 898/1000, Train Loss: 6.1755, Validation Loss: 6.1291
Epoch 899/1000, Train Loss: 6.2108, Validation Loss: 6.1404
Epoch 900/1000, Train Loss: 6.4443, Validation Loss: 6.7911
Epoch 901/1000, Train Loss: 9.5504, Validation Loss: 6.1549
Epoch 902/1000, Train Loss: 83.3139, Validation Loss: 6.0775
Epoch 903/1000, Train Loss: 6.1792, Validation Loss: 6.1444
Epoch 904/1000, Train Loss: 6.1891, Validation Loss: 6.2316
Epoch 905/1000, Train Loss: 8.3581, Validation Loss: 6.1562
Epoch 906/1000, Train Loss: 6.1822, Validation Loss: 6.0617
Epoch 907/1000, Train Loss: 6.2373, Validation Loss: 6.0660
Epoch 908/1000, Train Loss: 6.2095, Validation Loss: 6.0627
Epoch 909/1000, Train Loss: 6.2534, Validation Loss: 6.7731
Epoch 910/1000, Train Loss: 7.1281, Validation Loss: 6.1099
Epoch 911/1000, Train Loss: 6.2117, Validation Loss: 6.1044
Epoch 912/1000, Train Loss: 6.1745, Validation Loss: 6.3070
Epoch 913/1000, Train Loss: 6.4823, Validation Loss: 6.0707
Epoch 914/1000, Train Loss: 12.6636, Validation Loss: 6.8130
Epoch 915/1000, Train Loss: 6.9267, Validation Loss: 6.0617
Epoch 916/1000, Train Loss: 6.2322, Validation Loss: 6.0809
Epoch 917/1000, Train Loss: 6.2265, Validation Loss: 6.1059
Epoch 918/1000, Train Loss: 6.2495, Validation Loss: 23.6848
Epoch 919/1000, Train Loss: 9.4449, Validation Loss: 6.0826
Epoch 920/1000, Train Loss: 6.2097, Validation Loss: 6.1084
Epoch 921/1000, Train Loss: 6.1963, Validation Loss: 6.1187
Epoch 922/1000, Train Loss: 25.2012, Validation Loss: 6.1309
Epoch 923/1000, Train Loss: 8.3111, Validation Loss: 6.2034
Epoch 924/1000, Train Loss: 6.2359, Validation Loss: 6.0636
Epoch 925/1000, Train Loss: 6.3687, Validation Loss: 6.1342
Epoch 926/1000, Train Loss: 6.2148, Validation Loss: 6.0657
Epoch 927/1000, Train Loss: 6.2473, Validation Loss: 6.0638
Epoch 928/1000, Train Loss: 22.8802, Validation Loss: 6.0860
Epoch 929/1000, Train Loss: 10.8431, Validation Loss: 6.0648
Epoch 930/1000, Train Loss: 6.1502, Validation Loss: 6.2549
Epoch 931/1000, Train Loss: 6.2316, Validation Loss: 6.0715
Epoch 932/1000, Train Loss: 7.4253, Validation Loss: 6.0624
Epoch 933/1000, Train Loss: 6.2035, Validation Loss: 119.7256
Epoch 934/1000, Train Loss: 749.1656, Validation Loss: 6.1467
Epoch 935/1000, Train Loss: 6.2655, Validation Loss: 6.7933
Epoch 936/1000, Train Loss: 6.3000, Validation Loss: 6.0748
Epoch 937/1000, Train Loss: 2606145.7908, Validation Loss: 6.2465
Epoch 938/1000, Train Loss: 6.1930, Validation Loss: 6.2255
Epoch 939/1000, Train Loss: 6.2064, Validation Loss: 6.2112
Epoch 940/1000, Train Loss: 6.1721, Validation Loss: 6.1508
Epoch 941/1000, Train Loss: 6.2273, Validation Loss: 6.7802
Epoch 942/1000, Train Loss: 10.8439, Validation Loss: 6.1761
Epoch 943/1000, Train Loss: 6.2214, Validation Loss: 6.1574
Epoch 944/1000, Train Loss: 6.2918, Validation Loss: 6.1097
Epoch 945/1000, Train Loss: 6.2085, Validation Loss: 6.1911
Epoch 946/1000, Train Loss: 6.1956, Validation Loss: 6.0630
Epoch 947/1000, Train Loss: 6.2102, Validation Loss: 6.2633
Epoch 948/1000, Train Loss: 6.7348, Validation Loss: 6.1161
Epoch 949/1000, Train Loss: 13.0340, Validation Loss: 6.0755
Epoch 950/1000, Train Loss: 6.2388, Validation Loss: 6.1869
Epoch 951/1000, Train Loss: 6.5401, Validation Loss: 6.3912
Epoch 952/1000, Train Loss: 6.2267, Validation Loss: 6.0625
Epoch 953/1000, Train Loss: 6.2560, Validation Loss: 6.0616
Epoch 954/1000, Train Loss: 6.3515, Validation Loss: 6.0636
Epoch 955/1000, Train Loss: 5911.5916, Validation Loss: 6.0616
Epoch 956/1000, Train Loss: 6.1872, Validation Loss: 6.0921
Epoch 957/1000, Train Loss: 6.2292, Validation Loss: 6.0619
Epoch 958/1000, Train Loss: 6.1915, Validation Loss: 6.1590
Epoch 959/1000, Train Loss: 6.5449, Validation Loss: 6.6943
Epoch 960/1000, Train Loss: 6.2386, Validation Loss: 6.0776
Epoch 961/1000, Train Loss: 6.2098, Validation Loss: 6.1010
Epoch 962/1000, Train Loss: 6.2150, Validation Loss: 6.1273
Epoch 963/1000, Train Loss: 130.5281, Validation Loss: 6.2179
Epoch 964/1000, Train Loss: 7.9529, Validation Loss: 6.6031
Epoch 965/1000, Train Loss: 6.2438, Validation Loss: 6.1000
Epoch 966/1000, Train Loss: 6.2119, Validation Loss: 6.1389
Epoch 967/1000, Train Loss: 6.1964, Validation Loss: 6.1436
Epoch 968/1000, Train Loss: 12.0014, Validation Loss: 6.0637
Epoch 969/1000, Train Loss: 6.2010, Validation Loss: 6.1057
Epoch 970/1000, Train Loss: 6.2236, Validation Loss: 6.4025
Epoch 971/1000, Train Loss: 6.5876, Validation Loss: 6.0649
Epoch 972/1000, Train Loss: 6.2348, Validation Loss: 6.1511
Epoch 973/1000, Train Loss: 6.3446, Validation Loss: 6.1619
Epoch 974/1000, Train Loss: 33.8738, Validation Loss: 6.0624
Epoch 975/1000, Train Loss: 6.2281, Validation Loss: 6.2723
Epoch 976/1000, Train Loss: 6.2018, Validation Loss: 6.0635
Epoch 977/1000, Train Loss: 12.7264, Validation Loss: 6.0800
Epoch 978/1000, Train Loss: 9.4725, Validation Loss: 6.0989
Epoch 979/1000, Train Loss: 6.1929, Validation Loss: 6.2431
Epoch 980/1000, Train Loss: 6.5015, Validation Loss: 6.7734
Epoch 981/1000, Train Loss: 6.2532, Validation Loss: 6.1474
Epoch 982/1000, Train Loss: 6.1968, Validation Loss: 7.2046
Epoch 983/1000, Train Loss: 33.0280, Validation Loss: 6.1937
Epoch 984/1000, Train Loss: 6.2253, Validation Loss: 6.0647
Epoch 985/1000, Train Loss: 6.1759, Validation Loss: 6.0635
Epoch 986/1000, Train Loss: 6.2010, Validation Loss: 6.1270
Epoch 987/1000, Train Loss: 6.7464, Validation Loss: 6.0650
Epoch 988/1000, Train Loss: 6.2657, Validation Loss: 6.7097
Epoch 989/1000, Train Loss: 6.2160, Validation Loss: 6.1508
Epoch 990/1000, Train Loss: 36.9113, Validation Loss: 6.0763
Epoch 991/1000, Train Loss: 6.2400, Validation Loss: 6.4739
Epoch 992/1000, Train Loss: 6.2035, Validation Loss: 6.5374
Epoch 993/1000, Train Loss: 14.1792, Validation Loss: 6.1999
Epoch 994/1000, Train Loss: 6.2244, Validation Loss: 6.0662
Epoch 995/1000, Train Loss: 6.3063, Validation Loss: 6.0619
Epoch 996/1000, Train Loss: 6.2424, Validation Loss: 6.4790
Epoch 997/1000, Train Loss: 576.7156, Validation Loss: 6.0624
Epoch 998/1000, Train Loss: 6.1845, Validation Loss: 6.4888
Epoch 999/1000, Train Loss: 6.2175, Validation Loss: 6.1907
Epoch 1000/1000, Train Loss: 7.0949, Validation Loss: 6.3459
Best Training Loss: 0.9178
Best Training Loss Epoch: 49
Best Validation Loss: 0.8883
Best Validation Loss Epoch: 29
Time taken for training: 2-08:41:16
Test Loss: 0.9115
Test MAPE: 234597.6094%
Error Statistics:
count    4.127200e+04
mean     6.561860e+07
std      1.332972e+10
min      4.243851e-05
25%      3.434756e-01
50%      2.382847e+00
75%      4.388251e+01
max      2.708000e+12
Name: Absolute Error, dtype: float64
Training complete. Final model saved.
Saving model as a wandb Artifact...
Model artifact logged successfully.
[1;34mwandb[0m: 
[1;34mwandb[0m: 🚀 View run [33mcerulean-sweep-79[0m at: [34mhttps://wandb.ai/mk8737-new-york-university/rl_pretrain_hp_sweeps/runs/vgpt0hru[0m
[1;34mwandb[0m: Find logs at: [1;35mwandb/run-20251006_144009-vgpt0hru/logs[0m
Agent finished.
