Waiting for sweep ID...
Found Sweep ID: be12np04
Starting wandb agent for sweep be12np04...
TRAINING DEVICE: cpu
Run Name: GCN_global_hp_sweep_be12np04-29imrkb8
finidhed preparing data
Loading dataset from pretrain_dataset_12.5k_fixed_duplicates.pkl
Loaded 412712 data objects.
finished preparing data
Epoch 1/1000, Train Loss: 16.4175, Validation Loss: 2.7204
Epoch 2/1000, Train Loss: 1.6117, Validation Loss: 1.8682
Epoch 3/1000, Train Loss: 1.4267, Validation Loss: 1.1584
Epoch 4/1000, Train Loss: 1.5224, Validation Loss: 5.3967
Epoch 5/1000, Train Loss: 1.4238, Validation Loss: 2.6314
Epoch 6/1000, Train Loss: 1.2985, Validation Loss: 3.4010
Epoch 7/1000, Train Loss: 1.3049, Validation Loss: 2.4003
Epoch 8/1000, Train Loss: 1.1905, Validation Loss: 1.6390
Epoch 9/1000, Train Loss: 1.2016, Validation Loss: 3.3150
Epoch 10/1000, Train Loss: 1.2172, Validation Loss: 1.0170
Epoch 11/1000, Train Loss: 1.2113, Validation Loss: 1.1786
Epoch 12/1000, Train Loss: 1.1787, Validation Loss: 2.1887
Epoch 13/1000, Train Loss: 1.1946, Validation Loss: 1.4419
Epoch 14/1000, Train Loss: 1.2810, Validation Loss: 1.1021
Epoch 15/1000, Train Loss: 1.1787, Validation Loss: 0.9779
Epoch 16/1000, Train Loss: 1.1016, Validation Loss: 3.2851
Epoch 17/1000, Train Loss: 1.1220, Validation Loss: 1.1958
Epoch 18/1000, Train Loss: 1.1466, Validation Loss: 1.5503
Epoch 19/1000, Train Loss: 1.1094, Validation Loss: 2.5856
Epoch 20/1000, Train Loss: 1.0664, Validation Loss: 0.9649
Epoch 21/1000, Train Loss: 1.0414, Validation Loss: 0.9389
Epoch 22/1000, Train Loss: 1.1652, Validation Loss: 10.6657
Epoch 23/1000, Train Loss: 1.3684, Validation Loss: 1.2977
Epoch 24/1000, Train Loss: 1.0881, Validation Loss: 2.5784
Epoch 25/1000, Train Loss: 1.1716, Validation Loss: 2.3245
Epoch 26/1000, Train Loss: 1.0716, Validation Loss: 1.5816
Epoch 27/1000, Train Loss: 1.1122, Validation Loss: 4.7286
Epoch 28/1000, Train Loss: 1.0348, Validation Loss: 1.1025
Epoch 29/1000, Train Loss: 1.0546, Validation Loss: 4.2466
Epoch 30/1000, Train Loss: 1.2651, Validation Loss: 1.0226
Epoch 31/1000, Train Loss: 1.1172, Validation Loss: 2.5570
Epoch 32/1000, Train Loss: 1.0359, Validation Loss: 4.1961
Epoch 33/1000, Train Loss: 1.0060, Validation Loss: 1.1612
Epoch 34/1000, Train Loss: 1.0197, Validation Loss: 1.7038
Epoch 35/1000, Train Loss: 0.9117, Validation Loss: 1.6379
Epoch 36/1000, Train Loss: 0.9640, Validation Loss: 2.5419
Epoch 37/1000, Train Loss: 1.2968, Validation Loss: 1.5240
Epoch 38/1000, Train Loss: 0.9517, Validation Loss: 1.4008
Epoch 39/1000, Train Loss: 0.9667, Validation Loss: 2.3334
Epoch 40/1000, Train Loss: 1.3099, Validation Loss: 1.6346
Epoch 41/1000, Train Loss: 1.0975, Validation Loss: 1.8705
Epoch 42/1000, Train Loss: 0.9634, Validation Loss: 2.6225
Epoch 43/1000, Train Loss: 0.9856, Validation Loss: 5.7171
Epoch 44/1000, Train Loss: 0.9089, Validation Loss: 1.4661
Epoch 45/1000, Train Loss: 1.6336, Validation Loss: 1.1927
Epoch 46/1000, Train Loss: 0.9761, Validation Loss: 1.5052
Epoch 47/1000, Train Loss: 0.9521, Validation Loss: 2.1088
Epoch 48/1000, Train Loss: 0.9436, Validation Loss: 0.9442
Epoch 49/1000, Train Loss: 1.3745, Validation Loss: 2.5525
Epoch 50/1000, Train Loss: 0.9342, Validation Loss: 19.3702
Epoch 51/1000, Train Loss: 1.0020, Validation Loss: 2.3508
Epoch 52/1000, Train Loss: 0.8907, Validation Loss: 1.0828
Epoch 53/1000, Train Loss: 1.6066, Validation Loss: 10.8361
Epoch 54/1000, Train Loss: 0.9839, Validation Loss: 2.3183
Epoch 55/1000, Train Loss: 0.8902, Validation Loss: 2.2909
Epoch 56/1000, Train Loss: 0.9133, Validation Loss: 0.8538
Epoch 57/1000, Train Loss: 1.0708, Validation Loss: 1.4043
Epoch 58/1000, Train Loss: 1.7400, Validation Loss: 1.5613
Epoch 59/1000, Train Loss: 1.1256, Validation Loss: 3.8735
Epoch 60/1000, Train Loss: 0.9075, Validation Loss: 1.9237
Epoch 61/1000, Train Loss: 0.8897, Validation Loss: 1.9403
Epoch 62/1000, Train Loss: 0.8903, Validation Loss: 1.6787
Epoch 63/1000, Train Loss: 0.8554, Validation Loss: 2.1642
Epoch 64/1000, Train Loss: 0.9065, Validation Loss: 2.4028
Epoch 65/1000, Train Loss: 0.8888, Validation Loss: 5.7364
Epoch 66/1000, Train Loss: 0.8588, Validation Loss: 0.8728
Epoch 67/1000, Train Loss: 5.0958, Validation Loss: 6.9127
Epoch 68/1000, Train Loss: 1.3065, Validation Loss: 2.7319
Epoch 69/1000, Train Loss: 0.9654, Validation Loss: 1.1528
Epoch 70/1000, Train Loss: 0.8913, Validation Loss: 2.8095
Epoch 71/1000, Train Loss: 0.8475, Validation Loss: 0.8999
Epoch 72/1000, Train Loss: 0.8829, Validation Loss: 1.0289
Epoch 73/1000, Train Loss: 0.9448, Validation Loss: 0.9983
Epoch 74/1000, Train Loss: 0.8356, Validation Loss: 1.2515
Epoch 75/1000, Train Loss: 1.9069, Validation Loss: 1.8586
Epoch 76/1000, Train Loss: 0.9070, Validation Loss: 2.4082
Epoch 77/1000, Train Loss: 0.8641, Validation Loss: 0.8226
Epoch 78/1000, Train Loss: 0.8736, Validation Loss: 2.4324
Epoch 79/1000, Train Loss: 0.8766, Validation Loss: 1.8273
Epoch 80/1000, Train Loss: 0.8878, Validation Loss: 3.8737
Epoch 81/1000, Train Loss: 0.8327, Validation Loss: 1.7752
Epoch 82/1000, Train Loss: 0.8943, Validation Loss: 0.8346
Epoch 83/1000, Train Loss: 0.8563, Validation Loss: 2.4671
Epoch 84/1000, Train Loss: 0.8236, Validation Loss: 1.6727
Epoch 85/1000, Train Loss: 0.8156, Validation Loss: 3.1460
Epoch 86/1000, Train Loss: 0.8220, Validation Loss: 0.9716
Epoch 87/1000, Train Loss: 0.9068, Validation Loss: 2.2072
Epoch 88/1000, Train Loss: 0.8341, Validation Loss: 3.0615
Epoch 89/1000, Train Loss: 0.8123, Validation Loss: 0.9612
Epoch 90/1000, Train Loss: 0.8091, Validation Loss: 2.7257
Epoch 91/1000, Train Loss: 0.8297, Validation Loss: 1.2120
Epoch 92/1000, Train Loss: 0.8224, Validation Loss: 1.6744
Epoch 93/1000, Train Loss: 0.8166, Validation Loss: 2.1153
Epoch 94/1000, Train Loss: 6.1010, Validation Loss: 2.1327
Epoch 95/1000, Train Loss: 0.9299, Validation Loss: 0.8149
Epoch 96/1000, Train Loss: 0.8478, Validation Loss: 2.8093
Epoch 97/1000, Train Loss: 0.8169, Validation Loss: 2.0190
Epoch 98/1000, Train Loss: 0.8102, Validation Loss: 1.1667
Epoch 99/1000, Train Loss: 0.8021, Validation Loss: 3.9417
Epoch 100/1000, Train Loss: 0.8147, Validation Loss: 2.9741
Epoch 101/1000, Train Loss: 0.8523, Validation Loss: 1.2077
Epoch 102/1000, Train Loss: 0.8407, Validation Loss: 2.1107
Epoch 103/1000, Train Loss: 0.8219, Validation Loss: 3.7840
Epoch 104/1000, Train Loss: 0.8250, Validation Loss: 2.7938
Epoch 105/1000, Train Loss: 0.8205, Validation Loss: 1.5253
Epoch 106/1000, Train Loss: 0.8088, Validation Loss: 2.7160
Epoch 107/1000, Train Loss: 0.7913, Validation Loss: 3.8937
Epoch 108/1000, Train Loss: 0.8508, Validation Loss: 4.3453
Epoch 109/1000, Train Loss: 0.7630, Validation Loss: 2.2527
Epoch 110/1000, Train Loss: 0.7827, Validation Loss: 3.8441
Epoch 111/1000, Train Loss: 30.4861, Validation Loss: 7.1317
Epoch 112/1000, Train Loss: 0.8043, Validation Loss: 1.5499
Epoch 113/1000, Train Loss: 0.8222, Validation Loss: 4.3434
Epoch 114/1000, Train Loss: 0.7504, Validation Loss: 1.1153
Epoch 115/1000, Train Loss: 0.7387, Validation Loss: 2.9858
Epoch 116/1000, Train Loss: 0.7547, Validation Loss: 1.6354
Epoch 117/1000, Train Loss: 0.7868, Validation Loss: 0.8579
Epoch 118/1000, Train Loss: 0.7720, Validation Loss: 0.9053
Epoch 119/1000, Train Loss: 0.7887, Validation Loss: 3.7013
Epoch 120/1000, Train Loss: 0.7896, Validation Loss: 3.0901
Epoch 121/1000, Train Loss: 0.7677, Validation Loss: 0.7692
Epoch 122/1000, Train Loss: 0.7428, Validation Loss: 3.7462
Epoch 123/1000, Train Loss: 0.7373, Validation Loss: 1.1248
Epoch 124/1000, Train Loss: 0.7751, Validation Loss: 7.8045
Epoch 125/1000, Train Loss: 2.6033, Validation Loss: 2.0959
Epoch 126/1000, Train Loss: 0.8150, Validation Loss: 2.0207
Epoch 127/1000, Train Loss: 0.7833, Validation Loss: 1.0644
Epoch 128/1000, Train Loss: 0.7341, Validation Loss: 2.5159
Epoch 129/1000, Train Loss: 0.7310, Validation Loss: 3.9691
Epoch 130/1000, Train Loss: 0.7386, Validation Loss: 2.7692
Epoch 131/1000, Train Loss: 0.7312, Validation Loss: 0.7097
Epoch 132/1000, Train Loss: 0.7269, Validation Loss: 5.0586
Epoch 133/1000, Train Loss: 0.7590, Validation Loss: 4.5104
Epoch 134/1000, Train Loss: 0.7291, Validation Loss: 3.1680
Epoch 135/1000, Train Loss: 0.7114, Validation Loss: 2.2986
Epoch 136/1000, Train Loss: 0.7649, Validation Loss: 3.5507
Epoch 137/1000, Train Loss: 0.7537, Validation Loss: 2.4805
Epoch 138/1000, Train Loss: 0.7338, Validation Loss: 2.4897
Epoch 139/1000, Train Loss: 0.7567, Validation Loss: 3.9676
Epoch 140/1000, Train Loss: 0.7217, Validation Loss: 2.0053
Epoch 141/1000, Train Loss: 0.7401, Validation Loss: 2.7433
Epoch 142/1000, Train Loss: 0.7106, Validation Loss: 1.1280
Epoch 143/1000, Train Loss: 0.7563, Validation Loss: 1.3554
Epoch 144/1000, Train Loss: 0.7186, Validation Loss: 1.9785
Epoch 145/1000, Train Loss: 12.5798, Validation Loss: 6.1433
Epoch 146/1000, Train Loss: 6.2276, Validation Loss: 3.9590
Epoch 147/1000, Train Loss: 1.3673, Validation Loss: 3.6119
Epoch 148/1000, Train Loss: 0.7305, Validation Loss: 2.4748
Epoch 149/1000, Train Loss: 0.7167, Validation Loss: 0.7960
Epoch 150/1000, Train Loss: 0.7356, Validation Loss: 1.3224
Epoch 151/1000, Train Loss: 0.7410, Validation Loss: 1.9613
Epoch 152/1000, Train Loss: 0.7449, Validation Loss: 0.8956
Epoch 153/1000, Train Loss: 0.7326, Validation Loss: 2.8265
Epoch 154/1000, Train Loss: 0.7106, Validation Loss: 3.5824
Epoch 155/1000, Train Loss: 0.7338, Validation Loss: 0.8671
Epoch 156/1000, Train Loss: 0.7263, Validation Loss: 3.2176
Epoch 157/1000, Train Loss: 0.6982, Validation Loss: 3.8260
Epoch 158/1000, Train Loss: 0.6939, Validation Loss: 1.9056
Epoch 159/1000, Train Loss: 0.7253, Validation Loss: 0.9770
Epoch 160/1000, Train Loss: 0.7028, Validation Loss: 1.2632
Epoch 161/1000, Train Loss: 0.7119, Validation Loss: 1.6516
Epoch 162/1000, Train Loss: 0.7022, Validation Loss: 2.0028
Epoch 163/1000, Train Loss: 0.6944, Validation Loss: 4.1596
Epoch 164/1000, Train Loss: 0.7317, Validation Loss: 6.4612
Epoch 165/1000, Train Loss: 0.7081, Validation Loss: 1.3301
Epoch 166/1000, Train Loss: 0.7237, Validation Loss: 5.1393
Epoch 167/1000, Train Loss: 0.6726, Validation Loss: 1.9765
Epoch 168/1000, Train Loss: 0.6928, Validation Loss: 4.3926
Epoch 169/1000, Train Loss: 0.6829, Validation Loss: 0.7427
Epoch 170/1000, Train Loss: 0.7236, Validation Loss: 12.0274
Epoch 171/1000, Train Loss: 1.4071, Validation Loss: 1.7334
Epoch 172/1000, Train Loss: 1.2133, Validation Loss: 4.2904
Epoch 173/1000, Train Loss: 0.7799, Validation Loss: 4.1901
Epoch 174/1000, Train Loss: 0.7028, Validation Loss: 1.2633
Epoch 175/1000, Train Loss: 0.7546, Validation Loss: 4.8057
Epoch 176/1000, Train Loss: 0.6912, Validation Loss: 0.8822
Epoch 177/1000, Train Loss: 0.6851, Validation Loss: 1.5533
Epoch 178/1000, Train Loss: 0.6992, Validation Loss: 3.5258
Epoch 179/1000, Train Loss: 0.7265, Validation Loss: 3.0998
Epoch 180/1000, Train Loss: 0.6814, Validation Loss: 1.9345
Epoch 181/1000, Train Loss: 0.7178, Validation Loss: 2.5122
Epoch 182/1000, Train Loss: 0.7247, Validation Loss: 3.1311
Epoch 183/1000, Train Loss: 0.6912, Validation Loss: 6.3109
Epoch 184/1000, Train Loss: 0.6834, Validation Loss: 4.8743
Epoch 185/1000, Train Loss: 0.6898, Validation Loss: 0.8360
Epoch 186/1000, Train Loss: 0.7010, Validation Loss: 11.4584
Epoch 187/1000, Train Loss: 0.6997, Validation Loss: 4.6986
Epoch 188/1000, Train Loss: 1.4733, Validation Loss: 2.5546
Epoch 189/1000, Train Loss: 0.7498, Validation Loss: 1.3263
Epoch 190/1000, Train Loss: 0.6965, Validation Loss: 1.6331
Epoch 191/1000, Train Loss: 0.7163, Validation Loss: 3.0125
Epoch 192/1000, Train Loss: 0.7452, Validation Loss: 3.0132
Epoch 193/1000, Train Loss: 0.7199, Validation Loss: 0.9677
Epoch 194/1000, Train Loss: 0.7347, Validation Loss: 3.6226
Epoch 195/1000, Train Loss: 0.7238, Validation Loss: 1.2601
Epoch 196/1000, Train Loss: 0.7027, Validation Loss: 11.6263
Epoch 197/1000, Train Loss: 0.7362, Validation Loss: 1.0356
Epoch 198/1000, Train Loss: 0.9062, Validation Loss: 0.8712
Epoch 199/1000, Train Loss: 0.7124, Validation Loss: 0.7710
Epoch 200/1000, Train Loss: 0.7077, Validation Loss: 1.3705
Epoch 201/1000, Train Loss: 0.7159, Validation Loss: 3.7759
Epoch 202/1000, Train Loss: 0.7082, Validation Loss: 1.6965
Epoch 203/1000, Train Loss: 0.7259, Validation Loss: 0.8134
Epoch 204/1000, Train Loss: 0.6854, Validation Loss: 2.0664
Epoch 205/1000, Train Loss: 0.6973, Validation Loss: 0.6985
Epoch 206/1000, Train Loss: 0.7012, Validation Loss: 0.8577
Epoch 207/1000, Train Loss: 0.7172, Validation Loss: 0.9488
Epoch 208/1000, Train Loss: 0.7403, Validation Loss: 1.4513
Epoch 209/1000, Train Loss: 0.7681, Validation Loss: 0.6058
Epoch 210/1000, Train Loss: 0.7274, Validation Loss: 4.7828
Epoch 211/1000, Train Loss: 0.6911, Validation Loss: 7.0045
Epoch 212/1000, Train Loss: 0.6865, Validation Loss: 0.6441
Epoch 213/1000, Train Loss: 0.6889, Validation Loss: 1.4921
Epoch 214/1000, Train Loss: 0.6831, Validation Loss: 0.6635
Epoch 215/1000, Train Loss: 0.7082, Validation Loss: 3.0545
Epoch 216/1000, Train Loss: 0.9571, Validation Loss: 1.2287
Epoch 217/1000, Train Loss: 0.7062, Validation Loss: 0.8134
Epoch 218/1000, Train Loss: 0.7315, Validation Loss: 1.4599
Epoch 219/1000, Train Loss: 69.8023, Validation Loss: 0.9854
Epoch 220/1000, Train Loss: 0.7414, Validation Loss: 1.2255
Epoch 221/1000, Train Loss: 0.7622, Validation Loss: 2.2109
Epoch 222/1000, Train Loss: 0.7000, Validation Loss: 1.1148
Epoch 223/1000, Train Loss: 0.7283, Validation Loss: 6.0068
Epoch 224/1000, Train Loss: 0.6930, Validation Loss: 0.7088
Epoch 225/1000, Train Loss: 0.6962, Validation Loss: 2.2399
Epoch 226/1000, Train Loss: 0.7086, Validation Loss: 1.6030
Epoch 227/1000, Train Loss: 6.8509, Validation Loss: 1.6445
Epoch 228/1000, Train Loss: 0.7506, Validation Loss: 2.2242
Epoch 229/1000, Train Loss: 0.7198, Validation Loss: 6.7374
Epoch 230/1000, Train Loss: 0.7100, Validation Loss: 2.5092
Epoch 231/1000, Train Loss: 0.6931, Validation Loss: 2.9543
Epoch 232/1000, Train Loss: 0.7299, Validation Loss: 1.2553
Epoch 233/1000, Train Loss: 3.8345, Validation Loss: 2.6974
Epoch 234/1000, Train Loss: 0.7614, Validation Loss: 2.1174
Epoch 235/1000, Train Loss: 0.6966, Validation Loss: 3.3313
Epoch 236/1000, Train Loss: 0.7095, Validation Loss: 5.4372
Epoch 237/1000, Train Loss: 0.7061, Validation Loss: 0.6679
Epoch 238/1000, Train Loss: 0.6923, Validation Loss: 3.5534
Epoch 239/1000, Train Loss: 0.6948, Validation Loss: 1.7442
Epoch 240/1000, Train Loss: 0.6737, Validation Loss: 1.6267
Epoch 241/1000, Train Loss: 0.7160, Validation Loss: 3.1895
Epoch 242/1000, Train Loss: 0.7259, Validation Loss: 1.0240
Epoch 243/1000, Train Loss: 0.6974, Validation Loss: 1.8265
Epoch 244/1000, Train Loss: 0.6753, Validation Loss: 1.4016
Epoch 245/1000, Train Loss: 0.7318, Validation Loss: 1.3029
Epoch 246/1000, Train Loss: 0.6725, Validation Loss: 2.4177
Epoch 247/1000, Train Loss: 0.8118, Validation Loss: 4.7274
Epoch 248/1000, Train Loss: 0.7084, Validation Loss: 0.8839
Epoch 249/1000, Train Loss: 0.7010, Validation Loss: 3.0657
Epoch 250/1000, Train Loss: 0.7261, Validation Loss: 1.1765
Epoch 251/1000, Train Loss: 0.6859, Validation Loss: 1.0771
Epoch 252/1000, Train Loss: 0.6973, Validation Loss: 2.2991
Epoch 253/1000, Train Loss: 0.7087, Validation Loss: 9.5740
Epoch 254/1000, Train Loss: 2.0720, Validation Loss: 2.3443
Epoch 255/1000, Train Loss: 0.7882, Validation Loss: 3.2122
Epoch 256/1000, Train Loss: 0.7180, Validation Loss: 0.7894
Epoch 257/1000, Train Loss: 0.7444, Validation Loss: 0.7046
Epoch 258/1000, Train Loss: 0.6918, Validation Loss: 1.7989
Epoch 259/1000, Train Loss: 0.6808, Validation Loss: 2.0230
Epoch 260/1000, Train Loss: 0.6666, Validation Loss: 1.1597
Epoch 261/1000, Train Loss: 0.6806, Validation Loss: 1.5929
Epoch 262/1000, Train Loss: 0.6753, Validation Loss: 1.0023
Epoch 263/1000, Train Loss: 0.6954, Validation Loss: 2.7753
Epoch 264/1000, Train Loss: 0.7151, Validation Loss: 1.5843
Epoch 265/1000, Train Loss: 1.7148, Validation Loss: 5.7673
Epoch 266/1000, Train Loss: 0.8866, Validation Loss: 3.9192
Epoch 267/1000, Train Loss: 3.2690, Validation Loss: 4.7275
Epoch 268/1000, Train Loss: 0.7550, Validation Loss: 1.0391
Epoch 269/1000, Train Loss: 0.7479, Validation Loss: 1.6157
Epoch 270/1000, Train Loss: 0.6893, Validation Loss: 2.4426
Epoch 271/1000, Train Loss: 0.7049, Validation Loss: 1.3291
Epoch 272/1000, Train Loss: 0.7095, Validation Loss: 2.9793
Epoch 273/1000, Train Loss: 0.7050, Validation Loss: 0.9817
Epoch 274/1000, Train Loss: 0.7156, Validation Loss: 2.8580
Epoch 275/1000, Train Loss: 0.7161, Validation Loss: 1.0639
Epoch 276/1000, Train Loss: 0.7112, Validation Loss: 2.0111
Epoch 277/1000, Train Loss: 0.7128, Validation Loss: 5.8037
Epoch 278/1000, Train Loss: 1.4195, Validation Loss: 2.6101
Epoch 279/1000, Train Loss: 1.1540, Validation Loss: 1.3614
Epoch 280/1000, Train Loss: 0.7484, Validation Loss: 1.1600
Epoch 281/1000, Train Loss: 0.7064, Validation Loss: 1.4714
Epoch 282/1000, Train Loss: 0.7034, Validation Loss: 1.4174
Epoch 283/1000, Train Loss: 0.6862, Validation Loss: 1.2694
Epoch 284/1000, Train Loss: 0.7135, Validation Loss: 0.6758
Epoch 285/1000, Train Loss: 0.6996, Validation Loss: 1.2235
Epoch 286/1000, Train Loss: 0.6787, Validation Loss: 1.9142
Epoch 287/1000, Train Loss: 0.6836, Validation Loss: 1.7140
Epoch 288/1000, Train Loss: 5.5764, Validation Loss: 0.7187
Epoch 289/1000, Train Loss: 0.7006, Validation Loss: 4.7795
Epoch 290/1000, Train Loss: 0.7192, Validation Loss: 1.7998
Epoch 291/1000, Train Loss: 0.6828, Validation Loss: 5.5202
Epoch 292/1000, Train Loss: 0.6989, Validation Loss: 6.4966
Epoch 293/1000, Train Loss: 0.6911, Validation Loss: 1.3515
Epoch 294/1000, Train Loss: 4.7983, Validation Loss: 6.0884
Epoch 295/1000, Train Loss: 0.7231, Validation Loss: 2.0469
Epoch 296/1000, Train Loss: 0.6886, Validation Loss: 1.4066
Epoch 297/1000, Train Loss: 0.6904, Validation Loss: 2.5086
Epoch 298/1000, Train Loss: 0.6854, Validation Loss: 2.5114
Epoch 299/1000, Train Loss: 0.7000, Validation Loss: 0.8749
Epoch 300/1000, Train Loss: 0.6758, Validation Loss: 1.4928
Epoch 301/1000, Train Loss: 0.7016, Validation Loss: 2.9104
Epoch 302/1000, Train Loss: 0.6890, Validation Loss: 1.7154
Epoch 303/1000, Train Loss: 0.6800, Validation Loss: 3.1113
Epoch 304/1000, Train Loss: 1.2623, Validation Loss: 2.3431
Epoch 305/1000, Train Loss: 0.7014, Validation Loss: 0.8468
Epoch 306/1000, Train Loss: 0.6933, Validation Loss: 3.8488
Epoch 307/1000, Train Loss: 0.6696, Validation Loss: 0.9964
Epoch 308/1000, Train Loss: 0.7012, Validation Loss: 1.9763
Epoch 309/1000, Train Loss: 0.6754, Validation Loss: 1.2480
Epoch 310/1000, Train Loss: 1.6147, Validation Loss: 1.5671
Epoch 311/1000, Train Loss: 0.8015, Validation Loss: 3.5438
Epoch 312/1000, Train Loss: 0.7027, Validation Loss: 1.5576
Epoch 313/1000, Train Loss: 0.6770, Validation Loss: 3.0222
Epoch 314/1000, Train Loss: 0.6973, Validation Loss: 1.7712
Epoch 315/1000, Train Loss: 0.6785, Validation Loss: 1.2044
Epoch 316/1000, Train Loss: 0.6819, Validation Loss: 1.5129
Epoch 317/1000, Train Loss: 0.6805, Validation Loss: 4.6204
Epoch 318/1000, Train Loss: 0.6942, Validation Loss: 9.6310
Epoch 319/1000, Train Loss: 0.6661, Validation Loss: 2.9778
Epoch 320/1000, Train Loss: 0.6841, Validation Loss: 3.8631
Epoch 321/1000, Train Loss: 0.6875, Validation Loss: 0.7494
Epoch 322/1000, Train Loss: 0.6835, Validation Loss: 0.8813
Epoch 323/1000, Train Loss: 0.7060, Validation Loss: 2.7088
Epoch 324/1000, Train Loss: 1.2295, Validation Loss: 11.2453
Epoch 325/1000, Train Loss: 0.7155, Validation Loss: 2.0612
Epoch 326/1000, Train Loss: 0.6827, Validation Loss: 0.7538
Epoch 327/1000, Train Loss: 0.6922, Validation Loss: 2.4196
Epoch 328/1000, Train Loss: 0.6708, Validation Loss: 0.6535
Epoch 329/1000, Train Loss: 0.6650, Validation Loss: 2.4554
Epoch 330/1000, Train Loss: 0.7043, Validation Loss: 6.7594
Epoch 331/1000, Train Loss: 0.8267, Validation Loss: 4.9066
Epoch 332/1000, Train Loss: 0.6820, Validation Loss: 6.5895
Epoch 333/1000, Train Loss: 0.6853, Validation Loss: 2.5282
Epoch 334/1000, Train Loss: 0.6735, Validation Loss: 3.8097
Epoch 335/1000, Train Loss: 0.6983, Validation Loss: 1.5918
Epoch 336/1000, Train Loss: 0.6577, Validation Loss: 2.7613
Epoch 337/1000, Train Loss: 0.6777, Validation Loss: 4.5039
Epoch 338/1000, Train Loss: 0.6888, Validation Loss: 1.4525
Epoch 339/1000, Train Loss: 0.6734, Validation Loss: 0.6741
Epoch 340/1000, Train Loss: 0.6858, Validation Loss: 3.2548
Epoch 341/1000, Train Loss: 0.6815, Validation Loss: 1.0633
Epoch 342/1000, Train Loss: 0.8206, Validation Loss: 1.1587
Epoch 343/1000, Train Loss: 0.7256, Validation Loss: 8.2238
Epoch 344/1000, Train Loss: 0.7279, Validation Loss: 1.3015
Epoch 345/1000, Train Loss: 0.6656, Validation Loss: 5.1016
Epoch 346/1000, Train Loss: 0.7007, Validation Loss: 3.1228
Epoch 347/1000, Train Loss: 1.0840, Validation Loss: 1.1628
Epoch 348/1000, Train Loss: 0.7446, Validation Loss: 3.2559
Epoch 349/1000, Train Loss: 0.6948, Validation Loss: 7.4355
Epoch 350/1000, Train Loss: 0.6995, Validation Loss: 3.4395
Epoch 351/1000, Train Loss: 0.6827, Validation Loss: 3.5319
Epoch 352/1000, Train Loss: 0.7073, Validation Loss: 0.8949
Epoch 353/1000, Train Loss: 0.6650, Validation Loss: 3.1482
Epoch 354/1000, Train Loss: 0.6676, Validation Loss: 5.5348
Epoch 355/1000, Train Loss: 0.9742, Validation Loss: 2.6914
Epoch 356/1000, Train Loss: 0.7591, Validation Loss: 3.7404
Epoch 357/1000, Train Loss: 0.7028, Validation Loss: 0.8357
Epoch 358/1000, Train Loss: 0.6897, Validation Loss: 1.3093
Epoch 359/1000, Train Loss: 0.6782, Validation Loss: 3.9048
Epoch 360/1000, Train Loss: 0.6863, Validation Loss: 0.9742
Epoch 361/1000, Train Loss: 0.6835, Validation Loss: 3.0699
Epoch 362/1000, Train Loss: 0.6818, Validation Loss: 1.5050
Epoch 363/1000, Train Loss: 0.6591, Validation Loss: 2.1902
Epoch 364/1000, Train Loss: 0.7466, Validation Loss: 1.3002
Epoch 365/1000, Train Loss: 0.6917, Validation Loss: 7.9999
Epoch 366/1000, Train Loss: 0.6812, Validation Loss: 1.4936
Epoch 367/1000, Train Loss: 0.6619, Validation Loss: 0.8811
Epoch 368/1000, Train Loss: 0.6503, Validation Loss: 2.5965
Epoch 369/1000, Train Loss: 0.6909, Validation Loss: 1.0596
Epoch 370/1000, Train Loss: 0.9652, Validation Loss: 5.1979
Epoch 371/1000, Train Loss: 0.8033, Validation Loss: 0.7596
Epoch 372/1000, Train Loss: 0.6962, Validation Loss: 3.8812
Epoch 373/1000, Train Loss: 0.6798, Validation Loss: 5.9869
Epoch 374/1000, Train Loss: 0.7188, Validation Loss: 3.5784
Epoch 375/1000, Train Loss: 0.6714, Validation Loss: 3.8173
Epoch 376/1000, Train Loss: 0.6737, Validation Loss: 0.7307
Epoch 377/1000, Train Loss: 0.7008, Validation Loss: 1.1166
Epoch 378/1000, Train Loss: 0.7578, Validation Loss: 0.9030
Epoch 379/1000, Train Loss: 0.6676, Validation Loss: 2.7216
Epoch 380/1000, Train Loss: 0.6994, Validation Loss: 0.7371
Epoch 381/1000, Train Loss: 0.6964, Validation Loss: 2.0193
Epoch 382/1000, Train Loss: 0.6807, Validation Loss: 1.4197
Epoch 383/1000, Train Loss: 0.6700, Validation Loss: 11.7421
Epoch 384/1000, Train Loss: 0.6625, Validation Loss: 1.0867
Epoch 385/1000, Train Loss: 0.6896, Validation Loss: 1.5690
Epoch 386/1000, Train Loss: 0.6806, Validation Loss: 1.6815
Epoch 387/1000, Train Loss: 1.4109, Validation Loss: 1.0217
Epoch 388/1000, Train Loss: 0.7281, Validation Loss: 1.3020
Epoch 389/1000, Train Loss: 0.7175, Validation Loss: 3.2236
Epoch 390/1000, Train Loss: 0.7095, Validation Loss: 3.1359
Epoch 391/1000, Train Loss: 3.2031, Validation Loss: 3.1172
Epoch 392/1000, Train Loss: 0.8012, Validation Loss: 2.5406
Epoch 393/1000, Train Loss: 0.7158, Validation Loss: 2.5487
Epoch 394/1000, Train Loss: 0.7012, Validation Loss: 4.0275
Epoch 395/1000, Train Loss: 0.6906, Validation Loss: 0.9667
Epoch 396/1000, Train Loss: 0.6693, Validation Loss: 0.6966
Epoch 397/1000, Train Loss: 0.6960, Validation Loss: 2.1381
Epoch 398/1000, Train Loss: 0.6822, Validation Loss: 0.8763
Epoch 399/1000, Train Loss: 0.9231, Validation Loss: 1.3569
Epoch 400/1000, Train Loss: 0.7908, Validation Loss: 3.4418
Epoch 401/1000, Train Loss: 0.7305, Validation Loss: 1.0988
Epoch 402/1000, Train Loss: 0.7335, Validation Loss: 1.4595
Epoch 403/1000, Train Loss: 0.6753, Validation Loss: 2.9181
Epoch 404/1000, Train Loss: 0.6781, Validation Loss: 5.8548
Epoch 405/1000, Train Loss: 0.7057, Validation Loss: 4.0370
Epoch 406/1000, Train Loss: 0.6882, Validation Loss: 2.2330
Epoch 407/1000, Train Loss: 0.6773, Validation Loss: 3.1998
Epoch 408/1000, Train Loss: 0.7211, Validation Loss: 0.7902
Epoch 409/1000, Train Loss: 0.6790, Validation Loss: 2.4640
Epoch 410/1000, Train Loss: 0.6445, Validation Loss: 0.9100
Epoch 411/1000, Train Loss: 0.6643, Validation Loss: 0.9868
Epoch 412/1000, Train Loss: 0.6768, Validation Loss: 0.8045
Epoch 413/1000, Train Loss: 0.7674, Validation Loss: 2.5035
Epoch 414/1000, Train Loss: 0.7057, Validation Loss: 1.6306
Epoch 415/1000, Train Loss: 0.6741, Validation Loss: 1.2259
Epoch 416/1000, Train Loss: 0.6799, Validation Loss: 0.9011
Epoch 417/1000, Train Loss: 0.7826, Validation Loss: 3.5917
Epoch 418/1000, Train Loss: 0.7684, Validation Loss: 2.8995
Epoch 419/1000, Train Loss: 0.8258, Validation Loss: 1.4989
Epoch 420/1000, Train Loss: 0.7221, Validation Loss: 1.1477
Epoch 421/1000, Train Loss: 0.6841, Validation Loss: 0.9414
Epoch 422/1000, Train Loss: 0.7241, Validation Loss: 3.8673
Epoch 423/1000, Train Loss: 0.6874, Validation Loss: 2.5294
Epoch 424/1000, Train Loss: 0.6724, Validation Loss: 2.9709
Epoch 425/1000, Train Loss: 0.6830, Validation Loss: 4.6077
Epoch 426/1000, Train Loss: 0.6801, Validation Loss: 1.7538
Epoch 427/1000, Train Loss: 0.6814, Validation Loss: 1.5564
Epoch 428/1000, Train Loss: 40.5446, Validation Loss: 2.1643
Epoch 429/1000, Train Loss: 0.7352, Validation Loss: 1.1899
Epoch 430/1000, Train Loss: 0.6775, Validation Loss: 1.8788
Epoch 431/1000, Train Loss: 0.7017, Validation Loss: 0.7681
Epoch 432/1000, Train Loss: 0.6647, Validation Loss: 1.0629
Epoch 433/1000, Train Loss: 0.6776, Validation Loss: 3.0699
Epoch 434/1000, Train Loss: 0.6832, Validation Loss: 1.4108
Epoch 435/1000, Train Loss: 0.6705, Validation Loss: 2.8118
Epoch 436/1000, Train Loss: 0.6728, Validation Loss: 2.5437
Epoch 437/1000, Train Loss: 0.6871, Validation Loss: 4.5871
Epoch 438/1000, Train Loss: 0.6828, Validation Loss: 2.1857
Epoch 439/1000, Train Loss: 0.6775, Validation Loss: 2.0902
Epoch 440/1000, Train Loss: 0.6786, Validation Loss: 1.3000
Epoch 441/1000, Train Loss: 1.4663, Validation Loss: 5.5662
Epoch 442/1000, Train Loss: 0.7589, Validation Loss: 1.0729
Epoch 443/1000, Train Loss: 0.6832, Validation Loss: 4.4196
Epoch 444/1000, Train Loss: 0.8194, Validation Loss: 3.7404
Epoch 445/1000, Train Loss: 0.6937, Validation Loss: 2.1373
Epoch 446/1000, Train Loss: 0.6872, Validation Loss: 2.4476
Epoch 447/1000, Train Loss: 0.7178, Validation Loss: 3.8105
Epoch 448/1000, Train Loss: 0.6761, Validation Loss: 1.2082
Epoch 449/1000, Train Loss: 21.2357, Validation Loss: 6.0811
Epoch 450/1000, Train Loss: 3.6369, Validation Loss: 2.0902
Epoch 451/1000, Train Loss: 0.7241, Validation Loss: 3.1596
Epoch 452/1000, Train Loss: 0.6704, Validation Loss: 0.8924
Epoch 453/1000, Train Loss: 0.6661, Validation Loss: 1.0623
Epoch 454/1000, Train Loss: 0.7038, Validation Loss: 1.7373
Epoch 455/1000, Train Loss: 0.6793, Validation Loss: 0.8450
Epoch 456/1000, Train Loss: 0.6849, Validation Loss: 2.6842
Epoch 457/1000, Train Loss: 0.6586, Validation Loss: 1.4764
Epoch 458/1000, Train Loss: 0.7156, Validation Loss: 2.5846
Epoch 459/1000, Train Loss: 0.6771, Validation Loss: 2.7970
Epoch 460/1000, Train Loss: 0.6726, Validation Loss: 1.0750
Epoch 461/1000, Train Loss: 0.6907, Validation Loss: 1.3504
Epoch 462/1000, Train Loss: 0.7200, Validation Loss: 1.0819
Epoch 463/1000, Train Loss: 0.7655, Validation Loss: 2.0479
Epoch 464/1000, Train Loss: 0.6876, Validation Loss: 1.5630
Epoch 465/1000, Train Loss: 0.6974, Validation Loss: 2.1369
Epoch 466/1000, Train Loss: 0.6849, Validation Loss: 0.6537
Epoch 467/1000, Train Loss: 0.6726, Validation Loss: 2.0296
Epoch 468/1000, Train Loss: 0.6554, Validation Loss: 0.8199
Epoch 469/1000, Train Loss: 0.6906, Validation Loss: 3.1721
Epoch 470/1000, Train Loss: 0.6752, Validation Loss: 2.1297
Epoch 471/1000, Train Loss: 0.6514, Validation Loss: 7.9872
Epoch 472/1000, Train Loss: 0.6758, Validation Loss: 0.6313
Epoch 473/1000, Train Loss: 0.6684, Validation Loss: 3.8608
Epoch 474/1000, Train Loss: 14.2520, Validation Loss: 2.6682
Epoch 475/1000, Train Loss: 0.6878, Validation Loss: 3.8911
Epoch 476/1000, Train Loss: 0.6734, Validation Loss: 0.9653
Epoch 477/1000, Train Loss: 0.6871, Validation Loss: 3.0374
Epoch 478/1000, Train Loss: 0.8869, Validation Loss: 1.0230
Epoch 479/1000, Train Loss: 0.6796, Validation Loss: 0.7366
Epoch 480/1000, Train Loss: 0.6947, Validation Loss: 3.6908
Epoch 481/1000, Train Loss: 0.6898, Validation Loss: 0.6766
Epoch 482/1000, Train Loss: 0.7156, Validation Loss: 1.1285
Epoch 483/1000, Train Loss: 0.6613, Validation Loss: 1.1143
Epoch 484/1000, Train Loss: 0.6533, Validation Loss: 0.8042
Epoch 485/1000, Train Loss: 0.6733, Validation Loss: 0.6897
Epoch 486/1000, Train Loss: 0.6616, Validation Loss: 0.6418
Epoch 487/1000, Train Loss: 1.5578, Validation Loss: 7.9924
Epoch 488/1000, Train Loss: 0.7026, Validation Loss: 1.4795
Epoch 489/1000, Train Loss: 0.7552, Validation Loss: 0.6494
Epoch 490/1000, Train Loss: 0.7002, Validation Loss: 5.1284
Epoch 491/1000, Train Loss: 0.6718, Validation Loss: 1.2806
Epoch 492/1000, Train Loss: 0.6879, Validation Loss: 0.7262
Epoch 493/1000, Train Loss: 0.6591, Validation Loss: 1.6534
Epoch 494/1000, Train Loss: 0.6789, Validation Loss: 3.0655
Epoch 495/1000, Train Loss: 0.9230, Validation Loss: 1.1731
Epoch 496/1000, Train Loss: 0.7396, Validation Loss: 3.2048
Epoch 497/1000, Train Loss: 0.6704, Validation Loss: 0.8543
Epoch 498/1000, Train Loss: 0.6613, Validation Loss: 0.9281
Epoch 499/1000, Train Loss: 0.6554, Validation Loss: 1.5050
Epoch 500/1000, Train Loss: 0.7680, Validation Loss: 0.6108
Epoch 501/1000, Train Loss: 0.7005, Validation Loss: 0.7073
Epoch 502/1000, Train Loss: 0.6652, Validation Loss: 1.2798
Epoch 503/1000, Train Loss: 0.7057, Validation Loss: 4.6022
Epoch 504/1000, Train Loss: 0.6562, Validation Loss: 1.5089
Epoch 505/1000, Train Loss: 0.6829, Validation Loss: 0.6327
Epoch 506/1000, Train Loss: 0.6573, Validation Loss: 3.7721
Epoch 507/1000, Train Loss: 0.6718, Validation Loss: 3.7758
Epoch 508/1000, Train Loss: 0.6741, Validation Loss: 2.7877
Epoch 509/1000, Train Loss: 0.6718, Validation Loss: 1.5040
Epoch 510/1000, Train Loss: 0.6780, Validation Loss: 0.9626
Epoch 511/1000, Train Loss: 0.7097, Validation Loss: 4.7484
Epoch 512/1000, Train Loss: 0.6900, Validation Loss: 2.8429
Epoch 513/1000, Train Loss: 0.6599, Validation Loss: 0.9654
Epoch 514/1000, Train Loss: 0.6787, Validation Loss: 1.4478
Epoch 515/1000, Train Loss: 0.9575, Validation Loss: 1.8528
Epoch 516/1000, Train Loss: 0.6978, Validation Loss: 2.5123
Epoch 517/1000, Train Loss: 0.6548, Validation Loss: 3.4086
Epoch 518/1000, Train Loss: 0.6836, Validation Loss: 3.7839
Epoch 519/1000, Train Loss: 0.6634, Validation Loss: 1.2474
Epoch 520/1000, Train Loss: 0.6684, Validation Loss: 3.4794
Epoch 521/1000, Train Loss: 0.6454, Validation Loss: 1.8175
Epoch 522/1000, Train Loss: 0.6713, Validation Loss: 2.6881
Epoch 523/1000, Train Loss: 424.4258, Validation Loss: 54719.5662
Epoch 524/1000, Train Loss: 32.2190, Validation Loss: 1.3492
Epoch 525/1000, Train Loss: 0.8045, Validation Loss: 3.8392
Epoch 526/1000, Train Loss: 0.7192, Validation Loss: 0.7384
Epoch 527/1000, Train Loss: 0.6985, Validation Loss: 0.9312
Epoch 528/1000, Train Loss: 0.6945, Validation Loss: 0.9904
Epoch 529/1000, Train Loss: 0.6813, Validation Loss: 4.9673
Epoch 530/1000, Train Loss: 0.6710, Validation Loss: 2.5070
Epoch 531/1000, Train Loss: 0.6667, Validation Loss: 2.0583
Epoch 532/1000, Train Loss: 0.6440, Validation Loss: 1.3843
Epoch 533/1000, Train Loss: 0.6799, Validation Loss: 2.6754
Epoch 534/1000, Train Loss: 0.6887, Validation Loss: 0.6189
Epoch 535/1000, Train Loss: 0.6864, Validation Loss: 5.2238
Epoch 536/1000, Train Loss: 0.6995, Validation Loss: 4.1268
Epoch 537/1000, Train Loss: 0.6608, Validation Loss: 1.0346
Epoch 538/1000, Train Loss: 1.7353, Validation Loss: 0.7083
Epoch 539/1000, Train Loss: 0.7237, Validation Loss: 4.0015
Epoch 540/1000, Train Loss: 0.7211, Validation Loss: 1.2217
Epoch 541/1000, Train Loss: 0.6893, Validation Loss: 1.3858
Epoch 542/1000, Train Loss: 0.6765, Validation Loss: 1.7247
Epoch 543/1000, Train Loss: 0.6836, Validation Loss: 1.9401
Epoch 544/1000, Train Loss: 0.6885, Validation Loss: 4.8360
Epoch 545/1000, Train Loss: 1.0560, Validation Loss: 0.9838
Epoch 546/1000, Train Loss: 0.6721, Validation Loss: 2.4860
Epoch 547/1000, Train Loss: 0.6630, Validation Loss: 2.4802
Epoch 548/1000, Train Loss: 0.6624, Validation Loss: 0.8313
Epoch 549/1000, Train Loss: 0.6850, Validation Loss: 1.5969
Epoch 550/1000, Train Loss: 0.6572, Validation Loss: 2.7954
Epoch 551/1000, Train Loss: 0.6737, Validation Loss: 1.0723
Epoch 552/1000, Train Loss: 3.4072, Validation Loss: 7.4253
Epoch 553/1000, Train Loss: 0.7419, Validation Loss: 6.4240
Epoch 554/1000, Train Loss: 0.6811, Validation Loss: 1.3008
Epoch 555/1000, Train Loss: 0.6715, Validation Loss: 0.7018
Epoch 556/1000, Train Loss: 0.6720, Validation Loss: 2.7854
Epoch 557/1000, Train Loss: 3.6708, Validation Loss: 0.7901
Epoch 558/1000, Train Loss: 0.7107, Validation Loss: 1.1188
Epoch 559/1000, Train Loss: 0.6740, Validation Loss: 0.6223
Epoch 560/1000, Train Loss: 0.6550, Validation Loss: 1.1853
Epoch 561/1000, Train Loss: 0.6686, Validation Loss: 6.4671
Epoch 562/1000, Train Loss: 0.7985, Validation Loss: 2.4657
Epoch 563/1000, Train Loss: 0.6692, Validation Loss: 1.4613
Epoch 564/1000, Train Loss: 0.6586, Validation Loss: 1.2286
Epoch 565/1000, Train Loss: 0.7121, Validation Loss: 636.5398
Epoch 566/1000, Train Loss: 1.5523, Validation Loss: 1.6058
Epoch 567/1000, Train Loss: 0.6691, Validation Loss: 1.2523
Epoch 568/1000, Train Loss: 0.6676, Validation Loss: 0.7129
Epoch 569/1000, Train Loss: 0.7194, Validation Loss: 1.2550
Epoch 570/1000, Train Loss: 0.7084, Validation Loss: 3.4327
Epoch 571/1000, Train Loss: 0.6718, Validation Loss: 4.3468
Epoch 572/1000, Train Loss: 0.6501, Validation Loss: 1.2740
Epoch 573/1000, Train Loss: 0.6680, Validation Loss: 0.8497
Epoch 574/1000, Train Loss: 1.4503, Validation Loss: 4.6699
Epoch 575/1000, Train Loss: 0.6862, Validation Loss: 1.3983
Epoch 576/1000, Train Loss: 0.6657, Validation Loss: 4.5187
Epoch 577/1000, Train Loss: 0.7115, Validation Loss: 1.0491
Epoch 578/1000, Train Loss: 0.6542, Validation Loss: 0.8300
Epoch 579/1000, Train Loss: 0.6753, Validation Loss: 0.6976
Epoch 580/1000, Train Loss: 0.6941, Validation Loss: 0.9264
Epoch 581/1000, Train Loss: 0.9660, Validation Loss: 0.8786
Epoch 582/1000, Train Loss: 0.7215, Validation Loss: 4.6480
Epoch 583/1000, Train Loss: 0.6835, Validation Loss: 1.1648
Epoch 584/1000, Train Loss: 0.6988, Validation Loss: 0.9031
Epoch 585/1000, Train Loss: 40.8842, Validation Loss: 5.0943
Epoch 586/1000, Train Loss: 0.8629, Validation Loss: 1.5564
Epoch 587/1000, Train Loss: 0.7066, Validation Loss: 1.0149
Epoch 588/1000, Train Loss: 0.7140, Validation Loss: 4.4304
Epoch 589/1000, Train Loss: 0.7450, Validation Loss: 2.8260
Epoch 590/1000, Train Loss: 0.7004, Validation Loss: 3.6321
Epoch 591/1000, Train Loss: 0.6517, Validation Loss: 3.8258
Epoch 592/1000, Train Loss: 7.9105, Validation Loss: 1.8338
Epoch 593/1000, Train Loss: 0.6669, Validation Loss: 1.4949
Epoch 594/1000, Train Loss: 0.6785, Validation Loss: 0.6977
Epoch 595/1000, Train Loss: 0.6909, Validation Loss: 9.7918
Epoch 596/1000, Train Loss: 0.6883, Validation Loss: 5.3449
Epoch 597/1000, Train Loss: 0.7188, Validation Loss: 3.6773
Epoch 598/1000, Train Loss: 0.6768, Validation Loss: 1.6172
Epoch 599/1000, Train Loss: 0.7016, Validation Loss: 0.6305
Epoch 600/1000, Train Loss: 0.6751, Validation Loss: 4.6690
Epoch 601/1000, Train Loss: 0.6636, Validation Loss: 1.9202
Epoch 602/1000, Train Loss: 0.6809, Validation Loss: 0.9154
Epoch 603/1000, Train Loss: 0.6817, Validation Loss: 0.6520
Epoch 604/1000, Train Loss: 1.6406, Validation Loss: 1.0684
Epoch 605/1000, Train Loss: 0.6714, Validation Loss: 5.4273
Epoch 606/1000, Train Loss: 0.6630, Validation Loss: 0.8205
Epoch 607/1000, Train Loss: 0.6757, Validation Loss: 0.7134
Epoch 608/1000, Train Loss: 0.6510, Validation Loss: 1.1624
Epoch 609/1000, Train Loss: 0.6602, Validation Loss: 1.2394
Epoch 610/1000, Train Loss: 0.6535, Validation Loss: 0.7871
Epoch 611/1000, Train Loss: 0.7795, Validation Loss: 8.0012
Epoch 612/1000, Train Loss: 0.6934, Validation Loss: 1.2879
Epoch 613/1000, Train Loss: 0.6553, Validation Loss: 0.9319
Epoch 614/1000, Train Loss: 0.6970, Validation Loss: 2.1660
Epoch 615/1000, Train Loss: 0.6609, Validation Loss: 2.9626
Epoch 616/1000, Train Loss: 0.6761, Validation Loss: 2.5860
Epoch 617/1000, Train Loss: 0.6611, Validation Loss: 0.7797
Epoch 618/1000, Train Loss: 0.6651, Validation Loss: 0.8286
Epoch 619/1000, Train Loss: 0.6807, Validation Loss: 1.0406
Epoch 620/1000, Train Loss: 6.6118, Validation Loss: 4.1940
Epoch 621/1000, Train Loss: 0.7639, Validation Loss: 1.9436
Epoch 622/1000, Train Loss: 0.6730, Validation Loss: 0.8095
Epoch 623/1000, Train Loss: 0.6475, Validation Loss: 0.6566
Epoch 624/1000, Train Loss: 0.6679, Validation Loss: 3.3895
Epoch 625/1000, Train Loss: 0.6729, Validation Loss: 0.9276
Epoch 626/1000, Train Loss: 0.6657, Validation Loss: 3.9049
Epoch 627/1000, Train Loss: 1.0269, Validation Loss: 2.9534
Epoch 628/1000, Train Loss: 0.7405, Validation Loss: 0.9689
Epoch 629/1000, Train Loss: 0.7161, Validation Loss: 6.6384
Epoch 630/1000, Train Loss: 0.6850, Validation Loss: 1.7325
Epoch 631/1000, Train Loss: 0.6612, Validation Loss: 0.8072
Epoch 632/1000, Train Loss: 0.6682, Validation Loss: 1.7892
Epoch 633/1000, Train Loss: 0.6515, Validation Loss: 3.1193
Epoch 634/1000, Train Loss: 0.6775, Validation Loss: 3.4813
Epoch 635/1000, Train Loss: 1.3388, Validation Loss: 0.7256
Epoch 636/1000, Train Loss: 0.8487, Validation Loss: 0.9979
Epoch 637/1000, Train Loss: 0.6875, Validation Loss: 2.7484
Epoch 638/1000, Train Loss: 0.6912, Validation Loss: 2.8742
Epoch 639/1000, Train Loss: 0.6850, Validation Loss: 6.4590
Epoch 640/1000, Train Loss: 0.7207, Validation Loss: 1.8561
Epoch 641/1000, Train Loss: 0.6780, Validation Loss: 5.7979
Epoch 642/1000, Train Loss: 0.6688, Validation Loss: 0.9198
Epoch 643/1000, Train Loss: 0.6621, Validation Loss: 0.8125
Epoch 644/1000, Train Loss: 0.6732, Validation Loss: 2.1060
Epoch 645/1000, Train Loss: 0.6768, Validation Loss: 2.1819
Epoch 646/1000, Train Loss: 0.6655, Validation Loss: 4.1033
Epoch 647/1000, Train Loss: 0.6425, Validation Loss: 1.4879
Epoch 648/1000, Train Loss: 0.8306, Validation Loss: 6.5091
Epoch 649/1000, Train Loss: 0.6610, Validation Loss: 0.7003
Epoch 650/1000, Train Loss: 0.6861, Validation Loss: 2.4594
Epoch 651/1000, Train Loss: 0.6847, Validation Loss: 0.8314
Epoch 652/1000, Train Loss: 1.1609, Validation Loss: 11.3783
Epoch 653/1000, Train Loss: 0.7093, Validation Loss: 2.0469
Epoch 654/1000, Train Loss: 0.6805, Validation Loss: 8.1970
Epoch 655/1000, Train Loss: 0.6700, Validation Loss: 3.3852
Epoch 656/1000, Train Loss: 0.6924, Validation Loss: 9.9813
Epoch 657/1000, Train Loss: 0.7199, Validation Loss: 1.1626
Epoch 658/1000, Train Loss: 0.6765, Validation Loss: 0.7212
Epoch 659/1000, Train Loss: 0.6673, Validation Loss: 6.3476
Epoch 660/1000, Train Loss: 1.2076, Validation Loss: 0.8785
Epoch 661/1000, Train Loss: 0.7042, Validation Loss: 5.3938
Epoch 662/1000, Train Loss: 0.6790, Validation Loss: 0.8397
Epoch 663/1000, Train Loss: 0.6423, Validation Loss: 0.9479
Epoch 664/1000, Train Loss: 0.6628, Validation Loss: 1.5271
Epoch 665/1000, Train Loss: 0.6502, Validation Loss: 4.3081
Epoch 666/1000, Train Loss: 0.6718, Validation Loss: 3.1352
Epoch 667/1000, Train Loss: 0.6743, Validation Loss: 0.7594
Epoch 668/1000, Train Loss: 1.2787, Validation Loss: 2.6361
Epoch 669/1000, Train Loss: 0.7474, Validation Loss: 1.7535
Epoch 670/1000, Train Loss: 0.6901, Validation Loss: 1.7892
Epoch 671/1000, Train Loss: 0.6970, Validation Loss: 1.4355
Epoch 672/1000, Train Loss: 0.9404, Validation Loss: 3.4411
Epoch 673/1000, Train Loss: 0.6812, Validation Loss: 1.3278
Epoch 674/1000, Train Loss: 0.6907, Validation Loss: 1.1506
Epoch 675/1000, Train Loss: 0.6673, Validation Loss: 0.8103
Epoch 676/1000, Train Loss: 0.6583, Validation Loss: 0.7753
Epoch 677/1000, Train Loss: 0.6660, Validation Loss: 3.0782
Epoch 678/1000, Train Loss: 0.6667, Validation Loss: 4.6558
Epoch 679/1000, Train Loss: 0.6826, Validation Loss: 2.0449
Epoch 680/1000, Train Loss: 0.6808, Validation Loss: 0.9447
Epoch 681/1000, Train Loss: 0.8432, Validation Loss: 1.4932
Epoch 682/1000, Train Loss: 0.6688, Validation Loss: 4.8584
Epoch 683/1000, Train Loss: 0.6631, Validation Loss: 0.6493
Epoch 684/1000, Train Loss: 0.6554, Validation Loss: 1.1854
Epoch 685/1000, Train Loss: 0.7166, Validation Loss: 1.6193
Epoch 686/1000, Train Loss: 0.6699, Validation Loss: 1.0613
Epoch 687/1000, Train Loss: 0.6979, Validation Loss: 6.2735
Epoch 688/1000, Train Loss: 0.6468, Validation Loss: 4.8045
Epoch 689/1000, Train Loss: 0.9058, Validation Loss: 1.0648
Epoch 690/1000, Train Loss: 0.6933, Validation Loss: 4.7118
Epoch 691/1000, Train Loss: 0.6888, Validation Loss: 3.8177
Epoch 692/1000, Train Loss: 0.6662, Validation Loss: 2.1548
Epoch 693/1000, Train Loss: 0.6526, Validation Loss: 0.9285
Epoch 694/1000, Train Loss: 0.6841, Validation Loss: 0.9809
Epoch 695/1000, Train Loss: 0.6679, Validation Loss: 3.5722
Epoch 696/1000, Train Loss: 0.6744, Validation Loss: 0.8669
Epoch 697/1000, Train Loss: 0.6923, Validation Loss: 0.9081
Epoch 698/1000, Train Loss: 2.5485, Validation Loss: 1.3878
Epoch 699/1000, Train Loss: 0.7153, Validation Loss: 0.7789
Epoch 700/1000, Train Loss: 0.7104, Validation Loss: 2.7974
Epoch 701/1000, Train Loss: 0.6679, Validation Loss: 0.7778
Epoch 702/1000, Train Loss: 0.6825, Validation Loss: 0.6911
Epoch 703/1000, Train Loss: 0.6583, Validation Loss: 4.4212
Epoch 704/1000, Train Loss: 0.6720, Validation Loss: 0.9856
Epoch 705/1000, Train Loss: 0.6692, Validation Loss: 1.4806
Epoch 706/1000, Train Loss: 1.6057, Validation Loss: 0.6775
Epoch 707/1000, Train Loss: 0.6835, Validation Loss: 0.9567
Epoch 708/1000, Train Loss: 0.6928, Validation Loss: 1.5068
Epoch 709/1000, Train Loss: 0.6813, Validation Loss: 2.4696
Epoch 710/1000, Train Loss: 0.6697, Validation Loss: 1.7558
Epoch 711/1000, Train Loss: 0.6747, Validation Loss: 1.0425
Epoch 712/1000, Train Loss: 0.6813, Validation Loss: 2.8856
Epoch 713/1000, Train Loss: 0.6783, Validation Loss: 2.1389
Epoch 714/1000, Train Loss: 0.6669, Validation Loss: 2.5974
Epoch 715/1000, Train Loss: 0.6731, Validation Loss: 5.7062
Epoch 716/1000, Train Loss: 0.7183, Validation Loss: 1.4295
Epoch 717/1000, Train Loss: 0.6608, Validation Loss: 4.2247
Epoch 718/1000, Train Loss: 0.6645, Validation Loss: 0.7672
Epoch 719/1000, Train Loss: 0.6456, Validation Loss: 1.6328
Epoch 720/1000, Train Loss: 0.8913, Validation Loss: 2.6330
Epoch 721/1000, Train Loss: 0.7270, Validation Loss: 3.1025
Epoch 722/1000, Train Loss: 0.6740, Validation Loss: 0.9339
Epoch 723/1000, Train Loss: 0.6504, Validation Loss: 1.8020
Epoch 724/1000, Train Loss: 438.6315, Validation Loss: 0.8491
Epoch 725/1000, Train Loss: 0.6650, Validation Loss: 1.7655
Epoch 726/1000, Train Loss: 0.6718, Validation Loss: 0.7726
Epoch 727/1000, Train Loss: 0.6931, Validation Loss: 0.8468
Epoch 728/1000, Train Loss: 0.6560, Validation Loss: 1.0361
Epoch 729/1000, Train Loss: 0.6694, Validation Loss: 2.6409
Epoch 730/1000, Train Loss: 0.8222, Validation Loss: 4.5437
Epoch 731/1000, Train Loss: 0.6544, Validation Loss: 1.9816
Epoch 732/1000, Train Loss: 0.7363, Validation Loss: 1.1402
Epoch 733/1000, Train Loss: 0.7084, Validation Loss: 1.5932
Epoch 734/1000, Train Loss: 0.6860, Validation Loss: 1.0666
Epoch 735/1000, Train Loss: 0.6976, Validation Loss: 3.2160
Epoch 736/1000, Train Loss: 0.6615, Validation Loss: 0.7703
Epoch 737/1000, Train Loss: 0.6629, Validation Loss: 1.6662
Epoch 738/1000, Train Loss: 0.6697, Validation Loss: 0.6570
Epoch 739/1000, Train Loss: 1.5005, Validation Loss: 1.9733
Epoch 740/1000, Train Loss: 0.6539, Validation Loss: 0.9785
Epoch 741/1000, Train Loss: 0.6788, Validation Loss: 2.6655
Epoch 742/1000, Train Loss: 1.6366, Validation Loss: 3.9583
Epoch 743/1000, Train Loss: 0.6596, Validation Loss: 4.3002
Epoch 744/1000, Train Loss: 0.6501, Validation Loss: 1.7807
Epoch 745/1000, Train Loss: 0.6531, Validation Loss: 0.7187
Epoch 746/1000, Train Loss: 0.6568, Validation Loss: 2.0703
Epoch 747/1000, Train Loss: 0.6568, Validation Loss: 1.2775
Epoch 748/1000, Train Loss: 0.6708, Validation Loss: 3.0595
Epoch 749/1000, Train Loss: 0.8175, Validation Loss: 1.2464
Epoch 750/1000, Train Loss: 0.6872, Validation Loss: 3.3279
Epoch 751/1000, Train Loss: 0.6538, Validation Loss: 2.1478
Epoch 752/1000, Train Loss: 0.6634, Validation Loss: 0.8374
Epoch 753/1000, Train Loss: 0.6735, Validation Loss: 0.8419
Epoch 754/1000, Train Loss: 0.6722, Validation Loss: 1.9746
Epoch 755/1000, Train Loss: 0.6939, Validation Loss: 1.1752
Epoch 756/1000, Train Loss: 0.7077, Validation Loss: 3.1185
Epoch 757/1000, Train Loss: 0.6766, Validation Loss: 0.8367
Epoch 758/1000, Train Loss: 0.7895, Validation Loss: 1.0186
Epoch 759/1000, Train Loss: 0.6797, Validation Loss: 5.2399
Epoch 760/1000, Train Loss: 0.6467, Validation Loss: 0.8898
Epoch 761/1000, Train Loss: 0.6466, Validation Loss: 3.9147
Epoch 762/1000, Train Loss: 0.6845, Validation Loss: 1.5817
Epoch 763/1000, Train Loss: 0.6990, Validation Loss: 1.2470
Epoch 764/1000, Train Loss: 0.7347, Validation Loss: 2.2850
Epoch 765/1000, Train Loss: 0.7021, Validation Loss: 0.7670
Epoch 766/1000, Train Loss: 0.6582, Validation Loss: 1.0589
Epoch 767/1000, Train Loss: 0.6609, Validation Loss: 1.1358
Epoch 768/1000, Train Loss: 0.6543, Validation Loss: 0.8750
Epoch 769/1000, Train Loss: 0.6373, Validation Loss: 4.1266
Epoch 770/1000, Train Loss: 0.7183, Validation Loss: 1.4907
Epoch 771/1000, Train Loss: 0.6684, Validation Loss: 2.3730
Epoch 772/1000, Train Loss: 0.6712, Validation Loss: 0.6370
Epoch 773/1000, Train Loss: 34.3156, Validation Loss: 1.4803
Epoch 774/1000, Train Loss: 0.7353, Validation Loss: 1.2718
Epoch 775/1000, Train Loss: 0.7308, Validation Loss: 1.1059
Epoch 776/1000, Train Loss: 0.7257, Validation Loss: 2.2280
Epoch 777/1000, Train Loss: 0.6801, Validation Loss: 1.9250
Epoch 778/1000, Train Loss: 0.6509, Validation Loss: 6.2630
Epoch 779/1000, Train Loss: 0.6558, Validation Loss: 2.1136
Epoch 780/1000, Train Loss: 0.6699, Validation Loss: 1.0054
Epoch 781/1000, Train Loss: 0.6827, Validation Loss: 1.6088
Epoch 782/1000, Train Loss: 0.6903, Validation Loss: 1.9496
Epoch 783/1000, Train Loss: 0.6496, Validation Loss: 1.7870
Epoch 784/1000, Train Loss: 0.6499, Validation Loss: 0.8018
Epoch 785/1000, Train Loss: 0.6327, Validation Loss: 3.6567
Epoch 786/1000, Train Loss: 0.6753, Validation Loss: 1.0492
Epoch 787/1000, Train Loss: 0.6783, Validation Loss: 4.4797
Epoch 788/1000, Train Loss: 0.6654, Validation Loss: 1.0689
Epoch 789/1000, Train Loss: 0.9208, Validation Loss: 4.6484
Epoch 790/1000, Train Loss: 0.6784, Validation Loss: 1.9840
Epoch 791/1000, Train Loss: 0.6473, Validation Loss: 2.7964
Epoch 792/1000, Train Loss: 0.6620, Validation Loss: 0.9485
Epoch 793/1000, Train Loss: 0.7874, Validation Loss: 14.8590
Epoch 794/1000, Train Loss: 0.7096, Validation Loss: 2.4305
Epoch 795/1000, Train Loss: 0.6569, Validation Loss: 1.8439
Epoch 796/1000, Train Loss: 0.6730, Validation Loss: 0.7733
Epoch 797/1000, Train Loss: 0.6715, Validation Loss: 2.0250
Epoch 798/1000, Train Loss: 0.6699, Validation Loss: 1.2826
Epoch 799/1000, Train Loss: 0.6526, Validation Loss: 3.1488
Epoch 800/1000, Train Loss: 1.4351, Validation Loss: 0.6960
Epoch 801/1000, Train Loss: 0.7403, Validation Loss: 1.9426
Epoch 802/1000, Train Loss: 0.7092, Validation Loss: 5.3473
Epoch 803/1000, Train Loss: 0.6569, Validation Loss: 1.8616
Epoch 804/1000, Train Loss: 0.6872, Validation Loss: 1.5478
Epoch 805/1000, Train Loss: 0.6693, Validation Loss: 1.6061
Epoch 806/1000, Train Loss: 0.6564, Validation Loss: 6.8673
Epoch 807/1000, Train Loss: 0.6777, Validation Loss: 0.9022
Epoch 808/1000, Train Loss: 0.6588, Validation Loss: 0.8678
Epoch 809/1000, Train Loss: 0.6580, Validation Loss: 3.8337
Epoch 810/1000, Train Loss: 0.8834, Validation Loss: 1.6021
Epoch 811/1000, Train Loss: 0.7046, Validation Loss: 4.4799
Epoch 812/1000, Train Loss: 0.6834, Validation Loss: 1.5951
Epoch 813/1000, Train Loss: 0.6700, Validation Loss: 0.8739
Epoch 814/1000, Train Loss: 0.6674, Validation Loss: 3.4514
Epoch 815/1000, Train Loss: 0.7431, Validation Loss: 0.9784
Epoch 816/1000, Train Loss: 0.7178, Validation Loss: 2.3638
Epoch 817/1000, Train Loss: 0.6892, Validation Loss: 1.6663
Epoch 818/1000, Train Loss: 0.6541, Validation Loss: 0.9051
Epoch 819/1000, Train Loss: 0.7481, Validation Loss: 2.2890
Epoch 820/1000, Train Loss: 0.6610, Validation Loss: 1.3174
Epoch 821/1000, Train Loss: 0.6507, Validation Loss: 3.6353
Epoch 822/1000, Train Loss: 0.6327, Validation Loss: 1.9878
Epoch 823/1000, Train Loss: 0.6555, Validation Loss: 0.9923
Epoch 824/1000, Train Loss: 2.3702, Validation Loss: 5.5064
Epoch 825/1000, Train Loss: 0.8031, Validation Loss: 1.3695
Epoch 826/1000, Train Loss: 0.7021, Validation Loss: 0.9876
Epoch 827/1000, Train Loss: 3.4513, Validation Loss: 4.4516
Epoch 828/1000, Train Loss: 0.6781, Validation Loss: 2.2365
Epoch 829/1000, Train Loss: 0.6605, Validation Loss: 8.5287
Epoch 830/1000, Train Loss: 0.6556, Validation Loss: 4.1385
Epoch 831/1000, Train Loss: 0.6489, Validation Loss: 1.6778
Epoch 832/1000, Train Loss: 0.6974, Validation Loss: 6.4286
Epoch 833/1000, Train Loss: 0.6785, Validation Loss: 1.2449
Epoch 834/1000, Train Loss: 0.6579, Validation Loss: 0.8514
Epoch 835/1000, Train Loss: 0.6659, Validation Loss: 2.0760
Epoch 836/1000, Train Loss: 0.6617, Validation Loss: 4.2733
Epoch 837/1000, Train Loss: 0.6697, Validation Loss: 1.7719
Epoch 838/1000, Train Loss: 0.9281, Validation Loss: 1.7846
Epoch 839/1000, Train Loss: 0.6938, Validation Loss: 4.1632
Epoch 840/1000, Train Loss: 0.7420, Validation Loss: 0.9294
Epoch 841/1000, Train Loss: 0.6705, Validation Loss: 2.0027
Epoch 842/1000, Train Loss: 0.6874, Validation Loss: 2.8837
Epoch 843/1000, Train Loss: 0.6641, Validation Loss: 3.5532
Epoch 844/1000, Train Loss: 0.6480, Validation Loss: 1.7002
Epoch 845/1000, Train Loss: 0.6633, Validation Loss: 4.2859
Epoch 846/1000, Train Loss: 0.6625, Validation Loss: 2.2976
Epoch 847/1000, Train Loss: 0.6648, Validation Loss: 1.0713
Epoch 848/1000, Train Loss: 72.2807, Validation Loss: 4.8311
Epoch 849/1000, Train Loss: 0.7110, Validation Loss: 1.0327
Epoch 850/1000, Train Loss: 0.6394, Validation Loss: 3.1523
Epoch 851/1000, Train Loss: 0.6418, Validation Loss: 5.1664
Epoch 852/1000, Train Loss: 0.7028, Validation Loss: 3.2982
Epoch 853/1000, Train Loss: 0.6614, Validation Loss: 0.7228
Epoch 854/1000, Train Loss: 0.6529, Validation Loss: 1.7544
Epoch 855/1000, Train Loss: 0.6775, Validation Loss: 0.8788
Epoch 856/1000, Train Loss: 0.6498, Validation Loss: 2.6123
Epoch 857/1000, Train Loss: 0.6764, Validation Loss: 0.9085
Epoch 858/1000, Train Loss: 0.6661, Validation Loss: 3.2819
Epoch 859/1000, Train Loss: 0.8173, Validation Loss: 3.5901
Epoch 860/1000, Train Loss: 0.7402, Validation Loss: 1.9427
Epoch 861/1000, Train Loss: 0.6628, Validation Loss: 2.0594
Epoch 862/1000, Train Loss: 0.6711, Validation Loss: 2.5100
Epoch 863/1000, Train Loss: 0.6602, Validation Loss: 0.8151
Epoch 864/1000, Train Loss: 0.6474, Validation Loss: 5.4974
Epoch 865/1000, Train Loss: 2.6401, Validation Loss: 5.1421
Epoch 866/1000, Train Loss: 0.8041, Validation Loss: 0.6169
Epoch 867/1000, Train Loss: 0.7177, Validation Loss: 0.7120
Epoch 868/1000, Train Loss: 0.6849, Validation Loss: 0.8433
Epoch 869/1000, Train Loss: 0.6859, Validation Loss: 1.5515
Epoch 870/1000, Train Loss: 0.6545, Validation Loss: 5.8596
Epoch 871/1000, Train Loss: 0.6686, Validation Loss: 0.8620
Epoch 872/1000, Train Loss: 0.6366, Validation Loss: 0.7753
Epoch 873/1000, Train Loss: 0.6596, Validation Loss: 0.7151
Epoch 874/1000, Train Loss: 0.6687, Validation Loss: 2.0244
Epoch 875/1000, Train Loss: 0.6490, Validation Loss: 2.6450
Epoch 876/1000, Train Loss: 0.6732, Validation Loss: 1.5496
Epoch 877/1000, Train Loss: 0.6571, Validation Loss: 1.0936
Epoch 878/1000, Train Loss: 1.3568, Validation Loss: 1.4372
Epoch 879/1000, Train Loss: 0.7470, Validation Loss: 0.7453
Epoch 880/1000, Train Loss: 0.6666, Validation Loss: 0.7205
Epoch 881/1000, Train Loss: 0.6761, Validation Loss: 1.0511
Epoch 882/1000, Train Loss: 0.6654, Validation Loss: 3.8444
Epoch 883/1000, Train Loss: 0.7350, Validation Loss: 0.7802
Epoch 884/1000, Train Loss: 0.6673, Validation Loss: 0.7494
Epoch 885/1000, Train Loss: 0.6645, Validation Loss: 5.3295
Epoch 886/1000, Train Loss: 0.6426, Validation Loss: 1.9630
Epoch 887/1000, Train Loss: 0.6509, Validation Loss: 1.5235
Epoch 888/1000, Train Loss: 0.6638, Validation Loss: 0.6528
Epoch 889/1000, Train Loss: 0.6330, Validation Loss: 1.1110
Epoch 890/1000, Train Loss: 0.6690, Validation Loss: 1.2864
Epoch 891/1000, Train Loss: 9.9901, Validation Loss: 1.3598
Epoch 892/1000, Train Loss: 0.6948, Validation Loss: 3.3940
Epoch 893/1000, Train Loss: 0.6679, Validation Loss: 1.6470
Epoch 894/1000, Train Loss: 0.6748, Validation Loss: 1.1069
Epoch 895/1000, Train Loss: 0.6742, Validation Loss: 0.8948
Epoch 896/1000, Train Loss: 0.9803, Validation Loss: 1.1731
Epoch 897/1000, Train Loss: 0.6893, Validation Loss: 1.1086
Epoch 898/1000, Train Loss: 0.6615, Validation Loss: 2.0867
Epoch 899/1000, Train Loss: 0.6559, Validation Loss: 2.7674
Epoch 900/1000, Train Loss: 0.6874, Validation Loss: 4.5771
Epoch 901/1000, Train Loss: 0.6425, Validation Loss: 0.6752
Epoch 902/1000, Train Loss: 0.6517, Validation Loss: 0.9870
Epoch 903/1000, Train Loss: 0.6802, Validation Loss: 6.2418
Epoch 904/1000, Train Loss: 0.6488, Validation Loss: 0.5864
Epoch 905/1000, Train Loss: 2.2679, Validation Loss: 8.6299
Epoch 906/1000, Train Loss: 0.7313, Validation Loss: 11.3352
Epoch 907/1000, Train Loss: 0.6881, Validation Loss: 4.0575
Epoch 908/1000, Train Loss: 0.7034, Validation Loss: 1.0783
Epoch 909/1000, Train Loss: 0.6494, Validation Loss: 3.9453
Epoch 910/1000, Train Loss: 0.6762, Validation Loss: 1.2139
Epoch 911/1000, Train Loss: 0.6572, Validation Loss: 5.8807
Epoch 912/1000, Train Loss: 0.6588, Validation Loss: 0.7900
Epoch 913/1000, Train Loss: 2.1506, Validation Loss: 2.9428
Epoch 914/1000, Train Loss: 0.7248, Validation Loss: 5.1220
Epoch 915/1000, Train Loss: 0.6944, Validation Loss: 4.6366
Epoch 916/1000, Train Loss: 0.6838, Validation Loss: 5.7616
Epoch 917/1000, Train Loss: 0.6482, Validation Loss: 3.0183
Epoch 918/1000, Train Loss: 0.6749, Validation Loss: 2.7431
Epoch 919/1000, Train Loss: 0.6396, Validation Loss: 3.2658
Epoch 920/1000, Train Loss: 0.6480, Validation Loss: 0.7807
Epoch 921/1000, Train Loss: 0.6807, Validation Loss: 3.4872
Epoch 922/1000, Train Loss: 0.6642, Validation Loss: 1.1104
Epoch 923/1000, Train Loss: 0.6361, Validation Loss: 3.4908
Epoch 924/1000, Train Loss: 0.6595, Validation Loss: 0.8021
Epoch 925/1000, Train Loss: 0.6519, Validation Loss: 1.6496
Epoch 926/1000, Train Loss: 1.5341, Validation Loss: 2.9019
Epoch 927/1000, Train Loss: 0.7658, Validation Loss: 1.1023
Epoch 928/1000, Train Loss: 0.6469, Validation Loss: 4.8488
Epoch 929/1000, Train Loss: 0.6518, Validation Loss: 1.3817
Epoch 930/1000, Train Loss: 0.8241, Validation Loss: 0.9710
Epoch 931/1000, Train Loss: 0.7084, Validation Loss: 1.2930
Epoch 932/1000, Train Loss: 0.6720, Validation Loss: 1.4863
Epoch 933/1000, Train Loss: 0.6595, Validation Loss: 4.1776
Epoch 934/1000, Train Loss: 0.6490, Validation Loss: 4.1030
Epoch 935/1000, Train Loss: 0.6328, Validation Loss: 2.5560
Epoch 936/1000, Train Loss: 0.6584, Validation Loss: 0.9085
Epoch 937/1000, Train Loss: 20.3051, Validation Loss: 0.8038
Epoch 938/1000, Train Loss: 0.7499, Validation Loss: 1.8976
Epoch 939/1000, Train Loss: 0.7069, Validation Loss: 0.6806
Epoch 940/1000, Train Loss: 0.7704, Validation Loss: 1.2058
Epoch 941/1000, Train Loss: 0.7201, Validation Loss: 0.6464
Epoch 942/1000, Train Loss: 0.6644, Validation Loss: 4.8426
Epoch 943/1000, Train Loss: 0.7012, Validation Loss: 2.1271
Epoch 944/1000, Train Loss: 0.6625, Validation Loss: 1.1205
Epoch 945/1000, Train Loss: 0.6890, Validation Loss: 4.0705
Epoch 946/1000, Train Loss: 0.6476, Validation Loss: 4.4477
Epoch 947/1000, Train Loss: 0.6582, Validation Loss: 1.2636
Epoch 948/1000, Train Loss: 0.9388, Validation Loss: 2.8014
Epoch 949/1000, Train Loss: 0.7063, Validation Loss: 4.3323
Epoch 950/1000, Train Loss: 0.6680, Validation Loss: 1.0028
Epoch 951/1000, Train Loss: 0.6433, Validation Loss: 1.3815
Epoch 952/1000, Train Loss: 0.6560, Validation Loss: 2.2438
Epoch 953/1000, Train Loss: 0.6471, Validation Loss: 1.0185
Epoch 954/1000, Train Loss: 0.7759, Validation Loss: 12.2299
Epoch 955/1000, Train Loss: 0.6798, Validation Loss: 0.7072
Epoch 956/1000, Train Loss: 0.6685, Validation Loss: 1.3091
Epoch 957/1000, Train Loss: 0.6759, Validation Loss: 2.7831
Epoch 958/1000, Train Loss: 0.6524, Validation Loss: 3.0758
Epoch 959/1000, Train Loss: 0.6843, Validation Loss: 2.6949
Epoch 960/1000, Train Loss: 0.6972, Validation Loss: 0.9547
Epoch 961/1000, Train Loss: 0.6760, Validation Loss: 1.8874
Epoch 962/1000, Train Loss: 0.6516, Validation Loss: 3.1184
Epoch 963/1000, Train Loss: 0.6709, Validation Loss: 0.9623
Epoch 964/1000, Train Loss: 0.6684, Validation Loss: 2.4882
Epoch 965/1000, Train Loss: 0.6782, Validation Loss: 0.7824
Epoch 966/1000, Train Loss: 0.6496, Validation Loss: 0.8350
Epoch 967/1000, Train Loss: 1.5645, Validation Loss: 0.9434
Epoch 968/1000, Train Loss: 0.6871, Validation Loss: 7.1013
Epoch 969/1000, Train Loss: 0.6727, Validation Loss: 1.0746
Epoch 970/1000, Train Loss: 0.6773, Validation Loss: 0.7543
Epoch 971/1000, Train Loss: 0.6912, Validation Loss: 1.0954
Epoch 972/1000, Train Loss: 28.4271, Validation Loss: 1.8057
Epoch 973/1000, Train Loss: 0.6583, Validation Loss: 0.8289
Epoch 974/1000, Train Loss: 0.6468, Validation Loss: 10.2862
Epoch 975/1000, Train Loss: 0.6770, Validation Loss: 0.9221
Epoch 976/1000, Train Loss: 0.6295, Validation Loss: 1.0195
Epoch 977/1000, Train Loss: 1.2450, Validation Loss: 3.9703
Epoch 978/1000, Train Loss: 0.7036, Validation Loss: 1.4020
Epoch 979/1000, Train Loss: 0.6342, Validation Loss: 0.6741
Epoch 980/1000, Train Loss: 0.6526, Validation Loss: 2.2446
Epoch 981/1000, Train Loss: 0.6745, Validation Loss: 3.1638
Epoch 982/1000, Train Loss: 0.6485, Validation Loss: 0.9902
Epoch 983/1000, Train Loss: 0.6698, Validation Loss: 2.5072
Epoch 984/1000, Train Loss: 0.7487, Validation Loss: 0.6422
Epoch 985/1000, Train Loss: 0.6923, Validation Loss: 1.0386
Epoch 986/1000, Train Loss: 0.6503, Validation Loss: 3.1358
Epoch 987/1000, Train Loss: 0.7016, Validation Loss: 0.9527
Epoch 988/1000, Train Loss: 0.6507, Validation Loss: 1.4609
Epoch 989/1000, Train Loss: 0.6419, Validation Loss: 1.4401
Epoch 990/1000, Train Loss: 0.6644, Validation Loss: 1.8806
Epoch 991/1000, Train Loss: 0.6876, Validation Loss: 7.9376
Epoch 992/1000, Train Loss: 0.6918, Validation Loss: 0.8793
Epoch 993/1000, Train Loss: 0.6591, Validation Loss: 6.6420
Epoch 994/1000, Train Loss: 9.1572, Validation Loss: 1.9584
Epoch 995/1000, Train Loss: 0.6437, Validation Loss: 0.9527
Epoch 996/1000, Train Loss: 0.6532, Validation Loss: 0.7883
Epoch 997/1000, Train Loss: 0.6489, Validation Loss: 3.3241
Epoch 998/1000, Train Loss: 0.6581, Validation Loss: 2.2855
Epoch 999/1000, Train Loss: 0.6439, Validation Loss: 0.6443
Epoch 1000/1000, Train Loss: 0.6589, Validation Loss: 1.8012
Best Training Loss: 0.6295
Best Training Loss Epoch: 976
Best Validation Loss: 0.5864
Best Validation Loss Epoch: 904
Time taken for training: 0-10:58:43
Test Loss: 0.6119
Test MAPE: 148130.9688%
Error Statistics:
count    4.127200e+04
mean     9.393206e+03
std      1.243978e+06
min      3.814697e-06
25%      1.525918e-01
50%      1.959277e+00
75%      2.913595e+01
max      2.380052e+08
Name: Absolute Error, dtype: float64
Training complete. Final model saved.
Saving model as a wandb Artifact...
Model artifact logged successfully.
[1;34mwandb[0m: 
[1;34mwandb[0m: 🚀 View run [33mpolished-sweep-108[0m at: [34mhttps://wandb.ai/mk8737-new-york-university/rl_pretrain_hp_sweeps/runs/29imrkb8[0m
[1;34mwandb[0m: Find logs at: [1;35mwandb/run-20251006_144041-29imrkb8/logs[0m
Agent finished.
