Waiting for sweep ID...
Found Sweep ID: be12np04
Starting wandb agent for sweep be12np04...
TRAINING DEVICE: cpu
Run Name: GCN_global_hp_sweep_be12np04-ekpyanqr
finidhed preparing data
Loading dataset from pretrain_dataset_12.5k_fixed_duplicates.pkl
Loaded 412712 data objects.
finished preparing data
Epoch 1/1000, Train Loss: 6.1892, Validation Loss: 3.1199
Epoch 2/1000, Train Loss: 1.4326, Validation Loss: 3.1800
Epoch 3/1000, Train Loss: 1.4077, Validation Loss: 6.4129
Epoch 4/1000, Train Loss: 1.2830, Validation Loss: 2.0901
Epoch 5/1000, Train Loss: 1.2378, Validation Loss: 1.6170
Epoch 6/1000, Train Loss: 1.2752, Validation Loss: 1.5753
Epoch 7/1000, Train Loss: 1.1971, Validation Loss: 1.0782
Epoch 8/1000, Train Loss: 1.1558, Validation Loss: 1.1247
Epoch 9/1000, Train Loss: 1.1557, Validation Loss: 3.1729
Epoch 10/1000, Train Loss: 1.1273, Validation Loss: 2.4359
Epoch 11/1000, Train Loss: 1.1713, Validation Loss: 2.0583
Epoch 12/1000, Train Loss: 1.1393, Validation Loss: 1.2616
Epoch 13/1000, Train Loss: 1.1367, Validation Loss: 1.9245
Epoch 14/1000, Train Loss: 1.0972, Validation Loss: 3.4805
Epoch 15/1000, Train Loss: 1.0879, Validation Loss: 3.7525
Epoch 16/1000, Train Loss: 1.0490, Validation Loss: 2.0719
Epoch 17/1000, Train Loss: 1.0200, Validation Loss: 1.0918
Epoch 18/1000, Train Loss: 1.0676, Validation Loss: 0.8918
Epoch 19/1000, Train Loss: 1.0137, Validation Loss: 2.3716
Epoch 20/1000, Train Loss: 0.9834, Validation Loss: 2.9749
Epoch 21/1000, Train Loss: 1.0392, Validation Loss: 1.4253
Epoch 22/1000, Train Loss: 1.1864, Validation Loss: 3.4114
Epoch 23/1000, Train Loss: 1.0015, Validation Loss: 3.0638
Epoch 24/1000, Train Loss: 0.9811, Validation Loss: 1.1474
Epoch 25/1000, Train Loss: 1.0032, Validation Loss: 1.3574
Epoch 26/1000, Train Loss: 0.9052, Validation Loss: 2.8217
Epoch 27/1000, Train Loss: 0.8937, Validation Loss: 1.4575
Epoch 28/1000, Train Loss: 0.9206, Validation Loss: 2.2849
Epoch 29/1000, Train Loss: 0.8900, Validation Loss: 0.9541
Epoch 30/1000, Train Loss: 1.0830, Validation Loss: 1.8727
Epoch 31/1000, Train Loss: 0.8786, Validation Loss: 1.1518
Epoch 32/1000, Train Loss: 0.8808, Validation Loss: 2.3661
Epoch 33/1000, Train Loss: 0.9191, Validation Loss: 2.9046
Epoch 34/1000, Train Loss: 0.8759, Validation Loss: 1.0740
Epoch 35/1000, Train Loss: 0.8635, Validation Loss: 1.1007
Epoch 36/1000, Train Loss: 0.8446, Validation Loss: 2.7879
Epoch 37/1000, Train Loss: 0.8397, Validation Loss: 2.3179
Epoch 38/1000, Train Loss: 0.8305, Validation Loss: 1.0418
Epoch 39/1000, Train Loss: 1.0752, Validation Loss: 1.8766
Epoch 40/1000, Train Loss: 0.8636, Validation Loss: 0.8141
Epoch 41/1000, Train Loss: 0.8357, Validation Loss: 1.5431
Epoch 42/1000, Train Loss: 0.8462, Validation Loss: 2.6663
Epoch 43/1000, Train Loss: 0.8208, Validation Loss: 1.8932
Epoch 44/1000, Train Loss: 0.8457, Validation Loss: 3.5382
Epoch 45/1000, Train Loss: 0.8163, Validation Loss: 3.8134
Epoch 46/1000, Train Loss: 0.8611, Validation Loss: 0.9891
Epoch 47/1000, Train Loss: 0.7997, Validation Loss: 1.6471
Epoch 48/1000, Train Loss: 0.7900, Validation Loss: 1.9325
Epoch 49/1000, Train Loss: 2.6984, Validation Loss: 1.1555
Epoch 50/1000, Train Loss: 0.8427, Validation Loss: 1.2540
Epoch 51/1000, Train Loss: 0.8095, Validation Loss: 2.2069
Epoch 52/1000, Train Loss: 0.7873, Validation Loss: 2.7259
Epoch 53/1000, Train Loss: 0.8038, Validation Loss: 1.5548
Epoch 54/1000, Train Loss: 0.8039, Validation Loss: 3.1069
Epoch 55/1000, Train Loss: 0.7636, Validation Loss: 1.0311
Epoch 56/1000, Train Loss: 0.7494, Validation Loss: 0.8262
Epoch 57/1000, Train Loss: 0.7882, Validation Loss: 1.0828
Epoch 58/1000, Train Loss: 0.8201, Validation Loss: 3.2451
Epoch 59/1000, Train Loss: 0.7435, Validation Loss: 1.5166
Epoch 60/1000, Train Loss: 0.7329, Validation Loss: 3.4271
Epoch 61/1000, Train Loss: 0.7839, Validation Loss: 0.8892
Epoch 62/1000, Train Loss: 0.7573, Validation Loss: 1.6473
Epoch 63/1000, Train Loss: 0.7092, Validation Loss: 2.1375
Epoch 64/1000, Train Loss: 0.7029, Validation Loss: 1.4059
Epoch 65/1000, Train Loss: 0.6968, Validation Loss: 1.9929
Epoch 66/1000, Train Loss: 0.7170, Validation Loss: 0.9151
Epoch 67/1000, Train Loss: 0.7135, Validation Loss: 2.1638
Epoch 68/1000, Train Loss: 0.7243, Validation Loss: 2.0465
Epoch 69/1000, Train Loss: 0.7025, Validation Loss: 1.0594
Epoch 70/1000, Train Loss: 0.7047, Validation Loss: 1.6581
Epoch 71/1000, Train Loss: 0.7798, Validation Loss: 1.7132
Epoch 72/1000, Train Loss: 0.7067, Validation Loss: 0.9448
Epoch 73/1000, Train Loss: 0.7218, Validation Loss: 1.4141
Epoch 74/1000, Train Loss: 1.0215, Validation Loss: 3.2994
Epoch 75/1000, Train Loss: 0.8015, Validation Loss: 3.0224
Epoch 76/1000, Train Loss: 0.7209, Validation Loss: 1.4380
Epoch 77/1000, Train Loss: 0.7082, Validation Loss: 0.7311
Epoch 78/1000, Train Loss: 3.8470, Validation Loss: 3.1845
Epoch 79/1000, Train Loss: 0.7053, Validation Loss: 4.1707
Epoch 80/1000, Train Loss: 0.7098, Validation Loss: 1.5320
Epoch 81/1000, Train Loss: 0.7224, Validation Loss: 1.1873
Epoch 82/1000, Train Loss: 0.6675, Validation Loss: 1.5779
Epoch 83/1000, Train Loss: 0.7108, Validation Loss: 1.7286
Epoch 84/1000, Train Loss: 0.6911, Validation Loss: 2.3178
Epoch 85/1000, Train Loss: 0.7203, Validation Loss: 2.7776
Epoch 86/1000, Train Loss: 0.6760, Validation Loss: 3.0656
Epoch 87/1000, Train Loss: 0.6977, Validation Loss: 1.8464
Epoch 88/1000, Train Loss: 0.6958, Validation Loss: 1.9334
Epoch 89/1000, Train Loss: 0.6910, Validation Loss: 2.4309
Epoch 90/1000, Train Loss: 0.6861, Validation Loss: 0.6719
Epoch 91/1000, Train Loss: 0.6907, Validation Loss: 3.1631
Epoch 92/1000, Train Loss: 0.7091, Validation Loss: 1.1482
Epoch 93/1000, Train Loss: 1.2215, Validation Loss: 0.9279
Epoch 94/1000, Train Loss: 0.7540, Validation Loss: 1.8337
Epoch 95/1000, Train Loss: 0.6844, Validation Loss: 1.2452
Epoch 96/1000, Train Loss: 0.6836, Validation Loss: 0.8265
Epoch 97/1000, Train Loss: 0.7121, Validation Loss: 1.7379
Epoch 98/1000, Train Loss: 0.6696, Validation Loss: 5.5598
Epoch 99/1000, Train Loss: 0.6663, Validation Loss: 1.9874
Epoch 100/1000, Train Loss: 0.6664, Validation Loss: 1.0076
Epoch 101/1000, Train Loss: 0.8113, Validation Loss: 0.9011
Epoch 102/1000, Train Loss: 0.6767, Validation Loss: 1.8787
Epoch 103/1000, Train Loss: 0.6580, Validation Loss: 1.5664
Epoch 104/1000, Train Loss: 0.6587, Validation Loss: 1.0807
Epoch 105/1000, Train Loss: 0.6618, Validation Loss: 2.0610
Epoch 106/1000, Train Loss: 0.6569, Validation Loss: 3.2778
Epoch 107/1000, Train Loss: 0.6865, Validation Loss: 0.7518
Epoch 108/1000, Train Loss: 0.6540, Validation Loss: 1.4731
Epoch 109/1000, Train Loss: 0.6414, Validation Loss: 2.5416
Epoch 110/1000, Train Loss: 0.8142, Validation Loss: 0.8478
Epoch 111/1000, Train Loss: 0.7140, Validation Loss: 4.1289
Epoch 112/1000, Train Loss: 0.6682, Validation Loss: 2.5662
Epoch 113/1000, Train Loss: 0.6557, Validation Loss: 0.9491
Epoch 114/1000, Train Loss: 0.6819, Validation Loss: 5.6612
Epoch 115/1000, Train Loss: 0.6770, Validation Loss: 1.7511
Epoch 116/1000, Train Loss: 0.6656, Validation Loss: 2.8513
Epoch 117/1000, Train Loss: 0.6514, Validation Loss: 2.1012
Epoch 118/1000, Train Loss: 0.6397, Validation Loss: 2.1817
Epoch 119/1000, Train Loss: 0.6734, Validation Loss: 1.0237
Epoch 120/1000, Train Loss: 0.6592, Validation Loss: 4.8658
Epoch 121/1000, Train Loss: 1.5629, Validation Loss: 0.9802
Epoch 122/1000, Train Loss: 0.6922, Validation Loss: 2.2383
Epoch 123/1000, Train Loss: 0.6609, Validation Loss: 1.6860
Epoch 124/1000, Train Loss: 1.3608, Validation Loss: 5.8194
Epoch 125/1000, Train Loss: 0.6676, Validation Loss: 1.5651
Epoch 126/1000, Train Loss: 0.6688, Validation Loss: 5.8920
Epoch 127/1000, Train Loss: 1.7756, Validation Loss: 0.8951
Epoch 128/1000, Train Loss: 0.6494, Validation Loss: 0.9879
Epoch 129/1000, Train Loss: 0.6825, Validation Loss: 0.9124
Epoch 130/1000, Train Loss: 0.6478, Validation Loss: 0.9091
Epoch 131/1000, Train Loss: 0.6634, Validation Loss: 4.9532
Epoch 132/1000, Train Loss: 0.6510, Validation Loss: 1.8271
Epoch 133/1000, Train Loss: 0.6434, Validation Loss: 1.3518
Epoch 134/1000, Train Loss: 0.6354, Validation Loss: 2.0940
Epoch 135/1000, Train Loss: 0.6735, Validation Loss: 3.8040
Epoch 136/1000, Train Loss: 0.6475, Validation Loss: 3.3798
Epoch 137/1000, Train Loss: 0.6401, Validation Loss: 1.4722
Epoch 138/1000, Train Loss: 0.6305, Validation Loss: 1.5880
Epoch 139/1000, Train Loss: 0.8210, Validation Loss: 2.3714
Epoch 140/1000, Train Loss: 0.7592, Validation Loss: 1.1352
Epoch 141/1000, Train Loss: 0.6777, Validation Loss: 2.2264
Epoch 142/1000, Train Loss: 0.6388, Validation Loss: 2.0318
Epoch 143/1000, Train Loss: 0.6162, Validation Loss: 1.7855
Epoch 144/1000, Train Loss: 0.6382, Validation Loss: 0.7347
Epoch 145/1000, Train Loss: 0.6265, Validation Loss: 0.8060
Epoch 146/1000, Train Loss: 0.6440, Validation Loss: 1.7052
Epoch 147/1000, Train Loss: 0.6343, Validation Loss: 0.8587
Epoch 148/1000, Train Loss: 0.6330, Validation Loss: 4.9264
Epoch 149/1000, Train Loss: 0.6362, Validation Loss: 1.4400
Epoch 150/1000, Train Loss: 0.6400, Validation Loss: 2.0019
Epoch 151/1000, Train Loss: 0.6254, Validation Loss: 4.1279
Epoch 152/1000, Train Loss: 0.6558, Validation Loss: 0.8231
Epoch 153/1000, Train Loss: 0.6349, Validation Loss: 2.1745
Epoch 154/1000, Train Loss: 0.6584, Validation Loss: 1.0162
Epoch 155/1000, Train Loss: 0.6201, Validation Loss: 0.8971
Epoch 156/1000, Train Loss: 0.6339, Validation Loss: 1.6287
Epoch 157/1000, Train Loss: 0.6625, Validation Loss: 1.6648
Epoch 158/1000, Train Loss: 0.6223, Validation Loss: 1.1525
Epoch 159/1000, Train Loss: 0.6682, Validation Loss: 3.3757
Epoch 160/1000, Train Loss: 0.6527, Validation Loss: 2.6523
Epoch 161/1000, Train Loss: 0.6296, Validation Loss: 1.3228
Epoch 162/1000, Train Loss: 0.6081, Validation Loss: 2.8749
Epoch 163/1000, Train Loss: 0.6396, Validation Loss: 1.1025
Epoch 164/1000, Train Loss: 0.6118, Validation Loss: 4.8318
Epoch 165/1000, Train Loss: 0.6527, Validation Loss: 1.2053
Epoch 166/1000, Train Loss: 0.6209, Validation Loss: 3.8273
Epoch 167/1000, Train Loss: 0.6324, Validation Loss: 1.0635
Epoch 168/1000, Train Loss: 0.6213, Validation Loss: 2.3408
Epoch 169/1000, Train Loss: 0.6045, Validation Loss: 1.5612
Epoch 170/1000, Train Loss: 0.6186, Validation Loss: 2.2002
Epoch 171/1000, Train Loss: 0.6185, Validation Loss: 1.0349
Epoch 172/1000, Train Loss: 0.6271, Validation Loss: 0.8606
Epoch 173/1000, Train Loss: 0.6254, Validation Loss: 1.4008
Epoch 174/1000, Train Loss: 0.6295, Validation Loss: 1.7253
Epoch 175/1000, Train Loss: 0.6304, Validation Loss: 3.2421
Epoch 176/1000, Train Loss: 0.6247, Validation Loss: 1.3295
Epoch 177/1000, Train Loss: 0.6099, Validation Loss: 2.0795
Epoch 178/1000, Train Loss: 0.7206, Validation Loss: 1.1796
Epoch 179/1000, Train Loss: 0.6184, Validation Loss: 5.5366
Epoch 180/1000, Train Loss: 0.6133, Validation Loss: 1.4965
Epoch 181/1000, Train Loss: 0.6169, Validation Loss: 4.4163
Epoch 182/1000, Train Loss: 0.6159, Validation Loss: 1.1540
Epoch 183/1000, Train Loss: 0.6174, Validation Loss: 1.4983
Epoch 184/1000, Train Loss: 0.6130, Validation Loss: 0.9087
Epoch 185/1000, Train Loss: 0.6149, Validation Loss: 0.9705
Epoch 186/1000, Train Loss: 0.6077, Validation Loss: 1.3526
Epoch 187/1000, Train Loss: 0.6400, Validation Loss: 2.9568
Epoch 188/1000, Train Loss: 0.6266, Validation Loss: 5.5537
Epoch 189/1000, Train Loss: 0.6085, Validation Loss: 1.4455
Epoch 190/1000, Train Loss: 0.6348, Validation Loss: 1.8784
Epoch 191/1000, Train Loss: 1.2504, Validation Loss: 1258.0132
Epoch 192/1000, Train Loss: 32.0916, Validation Loss: 1.0929
Epoch 193/1000, Train Loss: 0.6557, Validation Loss: 1.5802
Epoch 194/1000, Train Loss: 0.6415, Validation Loss: 0.8286
Epoch 195/1000, Train Loss: 0.6404, Validation Loss: 2.9218
Epoch 196/1000, Train Loss: 0.6234, Validation Loss: 1.9648
Epoch 197/1000, Train Loss: 0.6241, Validation Loss: 0.9351
Epoch 198/1000, Train Loss: 0.6230, Validation Loss: 2.4893
Epoch 199/1000, Train Loss: 0.6104, Validation Loss: 0.8288
Epoch 200/1000, Train Loss: 0.6263, Validation Loss: 1.3452
Epoch 201/1000, Train Loss: 0.6561, Validation Loss: 4.9658
Epoch 202/1000, Train Loss: 0.6303, Validation Loss: 4.4017
Epoch 203/1000, Train Loss: 0.6218, Validation Loss: 0.8213
Epoch 204/1000, Train Loss: 0.6337, Validation Loss: 2.7944
Epoch 205/1000, Train Loss: 0.6173, Validation Loss: 0.8348
Epoch 206/1000, Train Loss: 0.5974, Validation Loss: 3.2087
Epoch 207/1000, Train Loss: 0.6178, Validation Loss: 2.6575
Epoch 208/1000, Train Loss: 0.6146, Validation Loss: 2.0441
Epoch 209/1000, Train Loss: 0.6359, Validation Loss: 1.3086
Epoch 210/1000, Train Loss: 0.6352, Validation Loss: 2.2109
Epoch 211/1000, Train Loss: 0.6130, Validation Loss: 0.7631
Epoch 212/1000, Train Loss: 0.5976, Validation Loss: 3.4092
Epoch 213/1000, Train Loss: 0.6158, Validation Loss: 1.9928
Epoch 214/1000, Train Loss: 0.6227, Validation Loss: 5.3641
Epoch 215/1000, Train Loss: 0.6248, Validation Loss: 0.9841
Epoch 216/1000, Train Loss: 0.6154, Validation Loss: 3.3577
Epoch 217/1000, Train Loss: 0.6045, Validation Loss: 2.0734
Epoch 218/1000, Train Loss: 0.7268, Validation Loss: 2.2225
Epoch 219/1000, Train Loss: 0.6236, Validation Loss: 1.7791
Epoch 220/1000, Train Loss: 0.6217, Validation Loss: 2.6817
Epoch 221/1000, Train Loss: 0.6215, Validation Loss: 2.6872
Epoch 222/1000, Train Loss: 0.6795, Validation Loss: 0.9387
Epoch 223/1000, Train Loss: 0.6225, Validation Loss: 1.5511
Epoch 224/1000, Train Loss: 0.6294, Validation Loss: 1.8962
Epoch 225/1000, Train Loss: 0.6031, Validation Loss: 1.9521
Epoch 226/1000, Train Loss: 0.6142, Validation Loss: 1.9894
Epoch 227/1000, Train Loss: 0.6107, Validation Loss: 6.4961
Epoch 228/1000, Train Loss: 0.6307, Validation Loss: 3.6484
Epoch 229/1000, Train Loss: 0.6553, Validation Loss: 1.6178
Epoch 230/1000, Train Loss: 0.6263, Validation Loss: 6.1994
Epoch 231/1000, Train Loss: 0.6271, Validation Loss: 1.1213
Epoch 232/1000, Train Loss: 0.6183, Validation Loss: 4.9917
Epoch 233/1000, Train Loss: 0.6395, Validation Loss: 2.4271
Epoch 234/1000, Train Loss: 0.6272, Validation Loss: 1.4418
Epoch 235/1000, Train Loss: 0.6000, Validation Loss: 1.7102
Epoch 236/1000, Train Loss: 0.6100, Validation Loss: 1.1913
Epoch 237/1000, Train Loss: 0.6367, Validation Loss: 6.1207
Epoch 238/1000, Train Loss: 0.6032, Validation Loss: 0.7271
Epoch 239/1000, Train Loss: 0.6171, Validation Loss: 2.0549
Epoch 240/1000, Train Loss: 0.6180, Validation Loss: 1.3459
Epoch 241/1000, Train Loss: 0.6283, Validation Loss: 5.9544
Epoch 242/1000, Train Loss: 0.6164, Validation Loss: 1.4245
Epoch 243/1000, Train Loss: 0.5883, Validation Loss: 1.2453
Epoch 244/1000, Train Loss: 0.6014, Validation Loss: 3.2259
Epoch 245/1000, Train Loss: 0.6048, Validation Loss: 4.6107
Epoch 246/1000, Train Loss: 0.6074, Validation Loss: 5.1428
Epoch 247/1000, Train Loss: 0.5968, Validation Loss: 1.2658
Epoch 248/1000, Train Loss: 0.7792, Validation Loss: 1.0552
Epoch 249/1000, Train Loss: 0.6603, Validation Loss: 2.1937
Epoch 250/1000, Train Loss: 0.6012, Validation Loss: 0.7065
Epoch 251/1000, Train Loss: 0.6070, Validation Loss: 5.5190
Epoch 252/1000, Train Loss: 0.6185, Validation Loss: 4.3887
Epoch 253/1000, Train Loss: 0.5982, Validation Loss: 1.5852
Epoch 254/1000, Train Loss: 0.6249, Validation Loss: 2.0086
Epoch 255/1000, Train Loss: 0.6339, Validation Loss: 5.0265
Epoch 256/1000, Train Loss: 0.5938, Validation Loss: 1.9973
Epoch 257/1000, Train Loss: 0.6242, Validation Loss: 2.0863
Epoch 258/1000, Train Loss: 0.6070, Validation Loss: 3.4608
Epoch 259/1000, Train Loss: 0.5943, Validation Loss: 2.2005
Epoch 260/1000, Train Loss: 0.6021, Validation Loss: 3.5997
Epoch 261/1000, Train Loss: 0.6159, Validation Loss: 3.8551
Epoch 262/1000, Train Loss: 0.6113, Validation Loss: 1.1672
Epoch 263/1000, Train Loss: 0.6103, Validation Loss: 2.1513
Epoch 264/1000, Train Loss: 0.6336, Validation Loss: 1.0982
Epoch 265/1000, Train Loss: 0.6258, Validation Loss: 2.9473
Epoch 266/1000, Train Loss: 0.6084, Validation Loss: 1.3673
Epoch 267/1000, Train Loss: 0.6031, Validation Loss: 1.1788
Epoch 268/1000, Train Loss: 0.6093, Validation Loss: 2.3598
Epoch 269/1000, Train Loss: 0.6100, Validation Loss: 0.8611
Epoch 270/1000, Train Loss: 0.6081, Validation Loss: 0.6933
Epoch 271/1000, Train Loss: 0.5993, Validation Loss: 3.1323
Epoch 272/1000, Train Loss: 0.5879, Validation Loss: 3.2867
Epoch 273/1000, Train Loss: 0.6011, Validation Loss: 0.6175
Epoch 274/1000, Train Loss: 0.6077, Validation Loss: 2.6505
Epoch 275/1000, Train Loss: 0.6045, Validation Loss: 1.8318
Epoch 276/1000, Train Loss: 0.5988, Validation Loss: 3.2160
Epoch 277/1000, Train Loss: 0.6162, Validation Loss: 2.3284
Epoch 278/1000, Train Loss: 0.5986, Validation Loss: 1.2130
Epoch 279/1000, Train Loss: 0.6314, Validation Loss: 2.8371
Epoch 280/1000, Train Loss: 0.7009, Validation Loss: 2.1362
Epoch 281/1000, Train Loss: 0.6673, Validation Loss: 8.1070
Epoch 282/1000, Train Loss: 0.6438, Validation Loss: 1.2168
Epoch 283/1000, Train Loss: 0.6200, Validation Loss: 5.0162
Epoch 284/1000, Train Loss: 0.6232, Validation Loss: 0.7044
Epoch 285/1000, Train Loss: 0.5867, Validation Loss: 2.3159
Epoch 286/1000, Train Loss: 0.5976, Validation Loss: 1.0046
Epoch 287/1000, Train Loss: 0.5978, Validation Loss: 4.9070
Epoch 288/1000, Train Loss: 0.6195, Validation Loss: 7.6910
Epoch 289/1000, Train Loss: 0.6037, Validation Loss: 2.6799
Epoch 290/1000, Train Loss: 0.6628, Validation Loss: 1.8466
Epoch 291/1000, Train Loss: 0.6112, Validation Loss: 1.3337
Epoch 292/1000, Train Loss: 0.6052, Validation Loss: 1.6237
Epoch 293/1000, Train Loss: 0.5862, Validation Loss: 1.4046
Epoch 294/1000, Train Loss: 0.5867, Validation Loss: 0.6507
Epoch 295/1000, Train Loss: 0.5991, Validation Loss: 1.5713
Epoch 296/1000, Train Loss: 0.5979, Validation Loss: 1.0749
Epoch 297/1000, Train Loss: 0.6028, Validation Loss: 5.5253
Epoch 298/1000, Train Loss: 0.5950, Validation Loss: 1.3578
Epoch 299/1000, Train Loss: 0.6008, Validation Loss: 1.3831
Epoch 300/1000, Train Loss: 0.6002, Validation Loss: 1.5567
Epoch 301/1000, Train Loss: 0.5852, Validation Loss: 2.8381
Epoch 302/1000, Train Loss: 0.6431, Validation Loss: 2.4396
Epoch 303/1000, Train Loss: 0.5978, Validation Loss: 2.7491
Epoch 304/1000, Train Loss: 0.6081, Validation Loss: 1.4469
Epoch 305/1000, Train Loss: 0.6032, Validation Loss: 2.0437
Epoch 306/1000, Train Loss: 0.6025, Validation Loss: 6.1024
Epoch 307/1000, Train Loss: 0.6008, Validation Loss: 0.8422
Epoch 308/1000, Train Loss: 0.5912, Validation Loss: 4.7038
Epoch 309/1000, Train Loss: 0.6180, Validation Loss: 3.3850
Epoch 310/1000, Train Loss: 0.6198, Validation Loss: 2.9535
Epoch 311/1000, Train Loss: 0.6253, Validation Loss: 2.1813
Epoch 312/1000, Train Loss: 0.6134, Validation Loss: 2.0921
Epoch 313/1000, Train Loss: 0.6126, Validation Loss: 1.2767
Epoch 314/1000, Train Loss: 0.6049, Validation Loss: 5.0047
Epoch 315/1000, Train Loss: 0.6045, Validation Loss: 2.1658
Epoch 316/1000, Train Loss: 0.6048, Validation Loss: 3.0348
Epoch 317/1000, Train Loss: 0.5958, Validation Loss: 2.3139
Epoch 318/1000, Train Loss: 0.6033, Validation Loss: 1.6416
Epoch 319/1000, Train Loss: 0.6271, Validation Loss: 4.8960
Epoch 320/1000, Train Loss: 0.6179, Validation Loss: 1.1429
Epoch 321/1000, Train Loss: 0.6156, Validation Loss: 4.9648
Epoch 322/1000, Train Loss: 0.5970, Validation Loss: 11.8160
Epoch 323/1000, Train Loss: 0.5963, Validation Loss: 0.9906
Epoch 324/1000, Train Loss: 0.5951, Validation Loss: 1.2086
Epoch 325/1000, Train Loss: 0.6017, Validation Loss: 1.4246
Epoch 326/1000, Train Loss: 0.5930, Validation Loss: 1.2605
Epoch 327/1000, Train Loss: 0.6081, Validation Loss: 1.1344
Epoch 328/1000, Train Loss: 0.6095, Validation Loss: 1.6823
Epoch 329/1000, Train Loss: 0.5901, Validation Loss: 0.8762
Epoch 330/1000, Train Loss: 0.5898, Validation Loss: 0.8743
Epoch 331/1000, Train Loss: 0.6072, Validation Loss: 1.8454
Epoch 332/1000, Train Loss: 0.5884, Validation Loss: 3.2678
Epoch 333/1000, Train Loss: 0.5909, Validation Loss: 5.2250
Epoch 334/1000, Train Loss: 0.5772, Validation Loss: 3.9371
Epoch 335/1000, Train Loss: 0.5780, Validation Loss: 2.2426
Epoch 336/1000, Train Loss: 0.7094, Validation Loss: 3.4473
Epoch 337/1000, Train Loss: 0.6429, Validation Loss: 5.5893
Epoch 338/1000, Train Loss: 0.5942, Validation Loss: 0.9209
Epoch 339/1000, Train Loss: 0.5940, Validation Loss: 3.1383
Epoch 340/1000, Train Loss: 0.5853, Validation Loss: 3.2057
Epoch 341/1000, Train Loss: 0.6132, Validation Loss: 2.5564
Epoch 342/1000, Train Loss: 0.5873, Validation Loss: 4.4937
Epoch 343/1000, Train Loss: 0.6043, Validation Loss: 1.8945
Epoch 344/1000, Train Loss: 0.5894, Validation Loss: 3.8297
Epoch 345/1000, Train Loss: 0.5882, Validation Loss: 4.6219
Epoch 346/1000, Train Loss: 0.5856, Validation Loss: 2.2137
Epoch 347/1000, Train Loss: 0.5879, Validation Loss: 2.4737
Epoch 348/1000, Train Loss: 0.5860, Validation Loss: 0.8240
Epoch 349/1000, Train Loss: 0.5927, Validation Loss: 2.3483
Epoch 350/1000, Train Loss: 2.3665, Validation Loss: 6.3332
Epoch 351/1000, Train Loss: 0.6072, Validation Loss: 5.5568
Epoch 352/1000, Train Loss: 0.5879, Validation Loss: 2.4970
Epoch 353/1000, Train Loss: 0.6085, Validation Loss: 1.5027
Epoch 354/1000, Train Loss: 0.6000, Validation Loss: 1.5316
Epoch 355/1000, Train Loss: 0.5817, Validation Loss: 1.0007
Epoch 356/1000, Train Loss: 0.5910, Validation Loss: 4.4260
Epoch 357/1000, Train Loss: 0.6101, Validation Loss: 1.3975
Epoch 358/1000, Train Loss: 0.5913, Validation Loss: 1.1886
Epoch 359/1000, Train Loss: 0.6305, Validation Loss: 7.5960
Epoch 360/1000, Train Loss: 0.6315, Validation Loss: 4.4676
Epoch 361/1000, Train Loss: 0.6075, Validation Loss: 1.5366
Epoch 362/1000, Train Loss: 0.5897, Validation Loss: 2.4891
Epoch 363/1000, Train Loss: 0.6122, Validation Loss: 3.3296
Epoch 364/1000, Train Loss: 0.5996, Validation Loss: 2.2294
Epoch 365/1000, Train Loss: 0.6529, Validation Loss: 1.8082
Epoch 366/1000, Train Loss: 0.6265, Validation Loss: 3.3521
Epoch 367/1000, Train Loss: 0.5937, Validation Loss: 2.0794
Epoch 368/1000, Train Loss: 0.5931, Validation Loss: 1.5437
Epoch 369/1000, Train Loss: 0.5837, Validation Loss: 2.4700
Epoch 370/1000, Train Loss: 0.5785, Validation Loss: 2.0353
Epoch 371/1000, Train Loss: 0.6005, Validation Loss: 1.2278
Epoch 372/1000, Train Loss: 0.6307, Validation Loss: 1.2629
Epoch 373/1000, Train Loss: 0.5986, Validation Loss: 2.5273
Epoch 374/1000, Train Loss: 0.5975, Validation Loss: 1.7722
Epoch 375/1000, Train Loss: 0.5957, Validation Loss: 5.7878
Epoch 376/1000, Train Loss: 0.5830, Validation Loss: 2.0395
Epoch 377/1000, Train Loss: 0.5825, Validation Loss: 3.0185
Epoch 378/1000, Train Loss: 0.6002, Validation Loss: 1.5841
Epoch 379/1000, Train Loss: 0.6126, Validation Loss: 5.0471
Epoch 380/1000, Train Loss: 0.6355, Validation Loss: 1.9183
Epoch 381/1000, Train Loss: 0.6104, Validation Loss: 6.0095
Epoch 382/1000, Train Loss: 0.5826, Validation Loss: 2.8174
Epoch 383/1000, Train Loss: 0.6082, Validation Loss: 3.2204
Epoch 384/1000, Train Loss: 0.5905, Validation Loss: 1.5039
Epoch 385/1000, Train Loss: 0.7332, Validation Loss: 2.0522
Epoch 386/1000, Train Loss: 0.6049, Validation Loss: 1.6561
Epoch 387/1000, Train Loss: 0.5866, Validation Loss: 0.9290
Epoch 388/1000, Train Loss: 0.5929, Validation Loss: 5.1524
Epoch 389/1000, Train Loss: 0.5967, Validation Loss: 3.1294
Epoch 390/1000, Train Loss: 0.5977, Validation Loss: 5.3155
Epoch 391/1000, Train Loss: 0.5737, Validation Loss: 4.3217
Epoch 392/1000, Train Loss: 0.6063, Validation Loss: 1.4188
Epoch 393/1000, Train Loss: 0.6014, Validation Loss: 1.3950
Epoch 394/1000, Train Loss: 0.5993, Validation Loss: 1.4609
Epoch 395/1000, Train Loss: 0.5943, Validation Loss: 0.8285
Epoch 396/1000, Train Loss: 0.5808, Validation Loss: 1.2653
Epoch 397/1000, Train Loss: 0.5812, Validation Loss: 1.2595
Epoch 398/1000, Train Loss: 0.6014, Validation Loss: 0.7738
Epoch 399/1000, Train Loss: 0.5974, Validation Loss: 1.0479
Epoch 400/1000, Train Loss: 0.6090, Validation Loss: 0.9865
Epoch 401/1000, Train Loss: 0.5792, Validation Loss: 1.3482
Epoch 402/1000, Train Loss: 0.5755, Validation Loss: 2.2630
Epoch 403/1000, Train Loss: 0.6496, Validation Loss: 3.6902
Epoch 404/1000, Train Loss: 0.6095, Validation Loss: 5.4148
Epoch 405/1000, Train Loss: 0.5822, Validation Loss: 1.8801
Epoch 406/1000, Train Loss: 0.6189, Validation Loss: 1.6909
Epoch 407/1000, Train Loss: 0.5827, Validation Loss: 2.2107
Epoch 408/1000, Train Loss: 0.5924, Validation Loss: 0.7246
Epoch 409/1000, Train Loss: 0.6215, Validation Loss: 1.2236
Epoch 410/1000, Train Loss: 0.6011, Validation Loss: 5.2445
Epoch 411/1000, Train Loss: 0.6108, Validation Loss: 0.8934
Epoch 412/1000, Train Loss: 0.5750, Validation Loss: 1.4100
Epoch 413/1000, Train Loss: 0.5838, Validation Loss: 1.4865
Epoch 414/1000, Train Loss: 0.5794, Validation Loss: 10.5053
Epoch 415/1000, Train Loss: 0.5723, Validation Loss: 1.6525
Epoch 416/1000, Train Loss: 0.5850, Validation Loss: 7.3310
Epoch 417/1000, Train Loss: 0.5877, Validation Loss: 1.0081
Epoch 418/1000, Train Loss: 0.5922, Validation Loss: 2.2162
Epoch 419/1000, Train Loss: 0.5827, Validation Loss: 1.5566
Epoch 420/1000, Train Loss: 0.6264, Validation Loss: 1.7841
Epoch 421/1000, Train Loss: 0.5891, Validation Loss: 8.2263
Epoch 422/1000, Train Loss: 0.5875, Validation Loss: 1.2602
Epoch 423/1000, Train Loss: 0.5925, Validation Loss: 3.7019
Epoch 424/1000, Train Loss: 0.5710, Validation Loss: 2.9288
Epoch 425/1000, Train Loss: 0.5732, Validation Loss: 3.8497
Epoch 426/1000, Train Loss: 0.6262, Validation Loss: 4.5342
Epoch 427/1000, Train Loss: 0.5723, Validation Loss: 1.4826
Epoch 428/1000, Train Loss: 0.5890, Validation Loss: 7.3686
Epoch 429/1000, Train Loss: 0.5752, Validation Loss: 1.4794
Epoch 430/1000, Train Loss: 0.5965, Validation Loss: 1.6025
Epoch 431/1000, Train Loss: 0.6102, Validation Loss: 0.6653
Epoch 432/1000, Train Loss: 0.5765, Validation Loss: 1.5675
Epoch 433/1000, Train Loss: 0.5946, Validation Loss: 2.1580
Epoch 434/1000, Train Loss: 0.6052, Validation Loss: 2.3546
Epoch 435/1000, Train Loss: 1.1220, Validation Loss: 1.8644
Epoch 436/1000, Train Loss: 0.6370, Validation Loss: 1.2778
Epoch 437/1000, Train Loss: 0.6028, Validation Loss: 7.0299
Epoch 438/1000, Train Loss: 0.6003, Validation Loss: 0.7300
Epoch 439/1000, Train Loss: 0.5886, Validation Loss: 1.0520
Epoch 440/1000, Train Loss: 0.5752, Validation Loss: 1.8050
Epoch 441/1000, Train Loss: 0.5673, Validation Loss: 2.1580
Epoch 442/1000, Train Loss: 0.5691, Validation Loss: 1.5356
Epoch 443/1000, Train Loss: 0.5821, Validation Loss: 1.4243
Epoch 444/1000, Train Loss: 0.5861, Validation Loss: 1.1950
Epoch 445/1000, Train Loss: 0.5881, Validation Loss: 2.2712
Epoch 446/1000, Train Loss: 0.6029, Validation Loss: 1.5181
Epoch 447/1000, Train Loss: 0.5769, Validation Loss: 3.8547
Epoch 448/1000, Train Loss: 0.5876, Validation Loss: 0.8960
Epoch 449/1000, Train Loss: 0.5799, Validation Loss: 0.9104
Epoch 450/1000, Train Loss: 0.6040, Validation Loss: 2.6823
Epoch 451/1000, Train Loss: 0.5986, Validation Loss: 1.3623
Epoch 452/1000, Train Loss: 0.6251, Validation Loss: 2.7401
Epoch 453/1000, Train Loss: 0.5871, Validation Loss: 1.5290
Epoch 454/1000, Train Loss: 0.5690, Validation Loss: 4.8459
Epoch 455/1000, Train Loss: 0.5797, Validation Loss: 6.2215
Epoch 456/1000, Train Loss: 0.6053, Validation Loss: 2.9775
Epoch 457/1000, Train Loss: 0.5891, Validation Loss: 1.0347
Epoch 458/1000, Train Loss: 0.5840, Validation Loss: 2.0489
Epoch 459/1000, Train Loss: 0.8014, Validation Loss: 1.4175
Epoch 460/1000, Train Loss: 0.6427, Validation Loss: 6.4041
Epoch 461/1000, Train Loss: 0.6180, Validation Loss: 1.9616
Epoch 462/1000, Train Loss: 0.5786, Validation Loss: 2.7190
Epoch 463/1000, Train Loss: 0.5773, Validation Loss: 1.4695
Epoch 464/1000, Train Loss: 0.5839, Validation Loss: 1.2389
Epoch 465/1000, Train Loss: 0.5858, Validation Loss: 1.0487
Epoch 466/1000, Train Loss: 0.5931, Validation Loss: 1.4384
Epoch 467/1000, Train Loss: 0.5866, Validation Loss: 3.7046
Epoch 468/1000, Train Loss: 0.5749, Validation Loss: 7.1222
Epoch 469/1000, Train Loss: 0.5737, Validation Loss: 2.4824
Epoch 470/1000, Train Loss: 0.5930, Validation Loss: 5.2343
Epoch 471/1000, Train Loss: 0.5646, Validation Loss: 1.6733
Epoch 472/1000, Train Loss: 0.5874, Validation Loss: 2.1255
Epoch 473/1000, Train Loss: 0.5669, Validation Loss: 4.5042
Epoch 474/1000, Train Loss: 0.6160, Validation Loss: 5.5459
Epoch 475/1000, Train Loss: 0.6009, Validation Loss: 1.1763
Epoch 476/1000, Train Loss: 0.5838, Validation Loss: 3.6924
Epoch 477/1000, Train Loss: 0.6112, Validation Loss: 5.6789
Epoch 478/1000, Train Loss: 0.5968, Validation Loss: 5.8550
Epoch 479/1000, Train Loss: 0.5880, Validation Loss: 1.5755
Epoch 480/1000, Train Loss: 0.5839, Validation Loss: 1.0876
Epoch 481/1000, Train Loss: 0.5869, Validation Loss: 1.2044
Epoch 482/1000, Train Loss: 0.5901, Validation Loss: 1.3526
Epoch 483/1000, Train Loss: 0.6009, Validation Loss: 0.7467
Epoch 484/1000, Train Loss: 0.5575, Validation Loss: 1.2570
Epoch 485/1000, Train Loss: 0.6095, Validation Loss: 4.9582
Epoch 486/1000, Train Loss: 0.5924, Validation Loss: 3.2319
Epoch 487/1000, Train Loss: 0.5857, Validation Loss: 1.1722
Epoch 488/1000, Train Loss: 0.5985, Validation Loss: 2.4930
Epoch 489/1000, Train Loss: 0.7315, Validation Loss: 5.9546
Epoch 490/1000, Train Loss: 0.6273, Validation Loss: 7.5489
Epoch 491/1000, Train Loss: 0.6190, Validation Loss: 0.5530
Epoch 492/1000, Train Loss: 0.5814, Validation Loss: 2.3301
Epoch 493/1000, Train Loss: 0.5982, Validation Loss: 2.0009
Epoch 494/1000, Train Loss: 0.5944, Validation Loss: 1.0335
Epoch 495/1000, Train Loss: 0.5788, Validation Loss: 1.4955
Epoch 496/1000, Train Loss: 0.5912, Validation Loss: 1.8943
Epoch 497/1000, Train Loss: 0.5853, Validation Loss: 4.8214
Epoch 498/1000, Train Loss: 0.5815, Validation Loss: 3.6683
Epoch 499/1000, Train Loss: 0.9159, Validation Loss: 0.9358
Epoch 500/1000, Train Loss: 0.6232, Validation Loss: 1.5760
Epoch 501/1000, Train Loss: 0.6062, Validation Loss: 14.2393
Epoch 502/1000, Train Loss: 0.6113, Validation Loss: 4.6462
Epoch 503/1000, Train Loss: 0.5639, Validation Loss: 4.2304
Epoch 504/1000, Train Loss: 0.5844, Validation Loss: 1.7924
Epoch 505/1000, Train Loss: 0.5957, Validation Loss: 1.5174
Epoch 506/1000, Train Loss: 0.5742, Validation Loss: 1.8245
Epoch 507/1000, Train Loss: 0.5738, Validation Loss: 3.1559
Epoch 508/1000, Train Loss: 0.6120, Validation Loss: 3.4786
Epoch 509/1000, Train Loss: 0.5832, Validation Loss: 3.6695
Epoch 510/1000, Train Loss: 0.5889, Validation Loss: 1.3001
Epoch 511/1000, Train Loss: 0.5818, Validation Loss: 1.0090
Epoch 512/1000, Train Loss: 0.6126, Validation Loss: 1.5820
Epoch 513/1000, Train Loss: 0.5933, Validation Loss: 2.1094
Epoch 514/1000, Train Loss: 0.5684, Validation Loss: 3.3275
Epoch 515/1000, Train Loss: 0.6073, Validation Loss: 1.4877
Epoch 516/1000, Train Loss: 0.5774, Validation Loss: 2.2618
Epoch 517/1000, Train Loss: 0.5762, Validation Loss: 2.2047
Epoch 518/1000, Train Loss: 0.5766, Validation Loss: 5.0991
Epoch 519/1000, Train Loss: 0.5759, Validation Loss: 2.7563
Epoch 520/1000, Train Loss: 0.5857, Validation Loss: 2.6682
Epoch 521/1000, Train Loss: 0.6428, Validation Loss: 1.7946
Epoch 522/1000, Train Loss: 0.5800, Validation Loss: 1.1587
Epoch 523/1000, Train Loss: 0.5848, Validation Loss: 4.8702
Epoch 524/1000, Train Loss: 0.5799, Validation Loss: 5.5353
Epoch 525/1000, Train Loss: 0.5641, Validation Loss: 1.0766
Epoch 526/1000, Train Loss: 0.5951, Validation Loss: 1.4975
Epoch 527/1000, Train Loss: 0.5733, Validation Loss: 1.4686
Epoch 528/1000, Train Loss: 0.5665, Validation Loss: 1.4586
Epoch 529/1000, Train Loss: 0.5769, Validation Loss: 2.3672
Epoch 530/1000, Train Loss: 0.5624, Validation Loss: 2.2920
Epoch 531/1000, Train Loss: 0.5926, Validation Loss: 6.1191
Epoch 532/1000, Train Loss: 0.5833, Validation Loss: 1.6615
Epoch 533/1000, Train Loss: 0.5903, Validation Loss: 1.2846
Epoch 534/1000, Train Loss: 0.7817, Validation Loss: 1.3332
Epoch 535/1000, Train Loss: 0.5873, Validation Loss: 2.5846
Epoch 536/1000, Train Loss: 0.5758, Validation Loss: 2.2893
Epoch 537/1000, Train Loss: 0.5900, Validation Loss: 2.5946
Epoch 538/1000, Train Loss: 0.5632, Validation Loss: 1.4617
Epoch 539/1000, Train Loss: 0.5595, Validation Loss: 1.1763
Epoch 540/1000, Train Loss: 0.5754, Validation Loss: 1.3307
Epoch 541/1000, Train Loss: 0.5721, Validation Loss: 1.5073
Epoch 542/1000, Train Loss: 0.5813, Validation Loss: 1.5595
Epoch 543/1000, Train Loss: 0.5694, Validation Loss: 5.6445
Epoch 544/1000, Train Loss: 0.5720, Validation Loss: 2.5755
Epoch 545/1000, Train Loss: 0.6002, Validation Loss: 4.3127
Epoch 546/1000, Train Loss: 0.5905, Validation Loss: 4.3046
Epoch 547/1000, Train Loss: 0.5812, Validation Loss: 1.4796
Epoch 548/1000, Train Loss: 0.5752, Validation Loss: 1.8507
Epoch 549/1000, Train Loss: 0.5716, Validation Loss: 0.9443
Epoch 550/1000, Train Loss: 0.5779, Validation Loss: 2.0789
Epoch 551/1000, Train Loss: 0.5611, Validation Loss: 1.3661
Epoch 552/1000, Train Loss: 0.5719, Validation Loss: 0.7821
Epoch 553/1000, Train Loss: 0.5754, Validation Loss: 2.0138
Epoch 554/1000, Train Loss: 0.6885, Validation Loss: 1.7577
Epoch 555/1000, Train Loss: 0.5893, Validation Loss: 2.7711
Epoch 556/1000, Train Loss: 0.5660, Validation Loss: 1.2757
Epoch 557/1000, Train Loss: 0.5974, Validation Loss: 0.8551
Epoch 558/1000, Train Loss: 0.5915, Validation Loss: 2.7127
Epoch 559/1000, Train Loss: 0.5866, Validation Loss: 5.2286
Epoch 560/1000, Train Loss: 0.5721, Validation Loss: 2.8737
Epoch 561/1000, Train Loss: 0.5648, Validation Loss: 1.9353
Epoch 562/1000, Train Loss: 0.5554, Validation Loss: 1.7572
Epoch 563/1000, Train Loss: 0.5610, Validation Loss: 0.6698
Epoch 564/1000, Train Loss: 0.5702, Validation Loss: 1.0661
Epoch 565/1000, Train Loss: 0.5702, Validation Loss: 1.7115
Epoch 566/1000, Train Loss: 0.5675, Validation Loss: 4.7474
Epoch 567/1000, Train Loss: 0.5771, Validation Loss: 1.4046
Epoch 568/1000, Train Loss: 0.5676, Validation Loss: 4.0545
Epoch 569/1000, Train Loss: 4.2535, Validation Loss: 0.9175
Epoch 570/1000, Train Loss: 0.5945, Validation Loss: 1.5776
Epoch 571/1000, Train Loss: 0.5919, Validation Loss: 1.5632
Epoch 572/1000, Train Loss: 0.5917, Validation Loss: 0.6948
Epoch 573/1000, Train Loss: 0.5606, Validation Loss: 5.4242
Epoch 574/1000, Train Loss: 0.5707, Validation Loss: 2.3738
Epoch 575/1000, Train Loss: 0.5870, Validation Loss: 2.0966
Epoch 576/1000, Train Loss: 0.5559, Validation Loss: 1.2131
Epoch 577/1000, Train Loss: 0.5532, Validation Loss: 1.8150
Epoch 578/1000, Train Loss: 0.5530, Validation Loss: 7.6680
Epoch 579/1000, Train Loss: 1.4020, Validation Loss: 9.0715
Epoch 580/1000, Train Loss: 0.6008, Validation Loss: 3.8195
Epoch 581/1000, Train Loss: 0.5943, Validation Loss: 3.0975
Epoch 582/1000, Train Loss: 0.5788, Validation Loss: 6.2070
Epoch 583/1000, Train Loss: 0.5706, Validation Loss: 2.7772
Epoch 584/1000, Train Loss: 0.5681, Validation Loss: 1.9006
Epoch 585/1000, Train Loss: 0.5794, Validation Loss: 1.2659
Epoch 586/1000, Train Loss: 0.5726, Validation Loss: 1.5594
Epoch 587/1000, Train Loss: 0.5850, Validation Loss: 2.8733
Epoch 588/1000, Train Loss: 0.5761, Validation Loss: 6.5738
Epoch 589/1000, Train Loss: 0.5699, Validation Loss: 1.3948
Epoch 590/1000, Train Loss: 0.5535, Validation Loss: 1.4980
Epoch 591/1000, Train Loss: 0.5927, Validation Loss: 1.4243
Epoch 592/1000, Train Loss: 0.5728, Validation Loss: 1.3339
Epoch 593/1000, Train Loss: 0.5596, Validation Loss: 4.6020
Epoch 594/1000, Train Loss: 0.5556, Validation Loss: 1.8280
Epoch 595/1000, Train Loss: 0.5551, Validation Loss: 2.7444
Epoch 596/1000, Train Loss: 0.5465, Validation Loss: 1.1785
Epoch 597/1000, Train Loss: 0.5604, Validation Loss: 5.2014
Epoch 598/1000, Train Loss: 0.6056, Validation Loss: 1.3084
Epoch 599/1000, Train Loss: 0.5649, Validation Loss: 1.2050
Epoch 600/1000, Train Loss: 0.5587, Validation Loss: 0.8044
Epoch 601/1000, Train Loss: 0.5577, Validation Loss: 2.0783
Epoch 602/1000, Train Loss: 0.5606, Validation Loss: 4.8311
Epoch 603/1000, Train Loss: 0.5682, Validation Loss: 0.8034
Epoch 604/1000, Train Loss: 0.5639, Validation Loss: 3.4586
Epoch 605/1000, Train Loss: 0.5757, Validation Loss: 6.0424
Epoch 606/1000, Train Loss: 0.5770, Validation Loss: 4.0889
Epoch 607/1000, Train Loss: 0.5661, Validation Loss: 0.8847
Epoch 608/1000, Train Loss: 0.5515, Validation Loss: 15.2724
Epoch 609/1000, Train Loss: 0.5953, Validation Loss: 5.7837
Epoch 610/1000, Train Loss: 0.5653, Validation Loss: 2.8268
Epoch 611/1000, Train Loss: 0.5726, Validation Loss: 2.5849
Epoch 612/1000, Train Loss: 0.5688, Validation Loss: 3.2035
Epoch 613/1000, Train Loss: 0.5617, Validation Loss: 1.6826
Epoch 614/1000, Train Loss: 0.6282, Validation Loss: 3.6444
Epoch 615/1000, Train Loss: 0.6031, Validation Loss: 1.3836
Epoch 616/1000, Train Loss: 0.5990, Validation Loss: 0.9441
Epoch 617/1000, Train Loss: 0.5735, Validation Loss: 1.1691
Epoch 618/1000, Train Loss: 0.5773, Validation Loss: 6.5319
Epoch 619/1000, Train Loss: 0.5988, Validation Loss: 2.6252
Epoch 620/1000, Train Loss: 0.5731, Validation Loss: 1.3479
Epoch 621/1000, Train Loss: 0.6398, Validation Loss: 2.0626
Epoch 622/1000, Train Loss: 0.5723, Validation Loss: 0.9350
Epoch 623/1000, Train Loss: 0.6807, Validation Loss: 2.4947
Epoch 624/1000, Train Loss: 0.5641, Validation Loss: 0.8256
Epoch 625/1000, Train Loss: 0.5802, Validation Loss: 1.8888
Epoch 626/1000, Train Loss: 0.5524, Validation Loss: 23.7189
Epoch 627/1000, Train Loss: 0.5554, Validation Loss: 6.0510
Epoch 628/1000, Train Loss: 0.5441, Validation Loss: 1.6386
Epoch 629/1000, Train Loss: 0.5852, Validation Loss: 6.6355
Epoch 630/1000, Train Loss: 0.5529, Validation Loss: 1.8893
Epoch 631/1000, Train Loss: 0.5532, Validation Loss: 0.8502
Epoch 632/1000, Train Loss: 0.5672, Validation Loss: 2.1600
Epoch 633/1000, Train Loss: 0.5687, Validation Loss: 3.2517
Epoch 634/1000, Train Loss: 0.6067, Validation Loss: 1.3488
Epoch 635/1000, Train Loss: 0.5768, Validation Loss: 2.9831
Epoch 636/1000, Train Loss: 0.5639, Validation Loss: 2.7420
Epoch 637/1000, Train Loss: 0.5896, Validation Loss: 2.4117
Epoch 638/1000, Train Loss: 0.5715, Validation Loss: 2.3541
Epoch 639/1000, Train Loss: 0.5652, Validation Loss: 5.6962
Epoch 640/1000, Train Loss: 0.5449, Validation Loss: 16.6745
Epoch 641/1000, Train Loss: 0.5684, Validation Loss: 1.0351
Epoch 642/1000, Train Loss: 0.5636, Validation Loss: 6.0515
Epoch 643/1000, Train Loss: 0.5853, Validation Loss: 3.8168
Epoch 644/1000, Train Loss: 0.5695, Validation Loss: 6.6987
Epoch 645/1000, Train Loss: 0.5486, Validation Loss: 1.7775
Epoch 646/1000, Train Loss: 0.5606, Validation Loss: 2.3042
Epoch 647/1000, Train Loss: 0.5697, Validation Loss: 1.8046
Epoch 648/1000, Train Loss: 0.5877, Validation Loss: 3.2165
Epoch 649/1000, Train Loss: 0.5627, Validation Loss: 3.3191
Epoch 650/1000, Train Loss: 0.5553, Validation Loss: 1.9397
Epoch 651/1000, Train Loss: 0.5619, Validation Loss: 2.0924
Epoch 652/1000, Train Loss: 0.5515, Validation Loss: 0.9581
Epoch 653/1000, Train Loss: 0.5856, Validation Loss: 2.2881
Epoch 654/1000, Train Loss: 0.5732, Validation Loss: 1.1737
Epoch 655/1000, Train Loss: 0.5500, Validation Loss: 3.5434
Epoch 656/1000, Train Loss: 38.8620, Validation Loss: 2.0290
Epoch 657/1000, Train Loss: 0.6681, Validation Loss: 3.7469
Epoch 658/1000, Train Loss: 0.5796, Validation Loss: 1.6924
Epoch 659/1000, Train Loss: 0.5577, Validation Loss: 1.1431
Epoch 660/1000, Train Loss: 0.5741, Validation Loss: 4.4305
Epoch 661/1000, Train Loss: 0.5476, Validation Loss: 1.9404
Epoch 662/1000, Train Loss: 0.5715, Validation Loss: 0.7751
Epoch 663/1000, Train Loss: 0.5565, Validation Loss: 1.5211
Epoch 664/1000, Train Loss: 0.5519, Validation Loss: 2.7453
Epoch 665/1000, Train Loss: 0.5703, Validation Loss: 5.3705
Epoch 666/1000, Train Loss: 0.5545, Validation Loss: 3.4266
Epoch 667/1000, Train Loss: 0.5517, Validation Loss: 2.8639
Epoch 668/1000, Train Loss: 0.5873, Validation Loss: 2.8293
Epoch 669/1000, Train Loss: 0.5657, Validation Loss: 1.1538
Epoch 670/1000, Train Loss: 0.5750, Validation Loss: 2.3480
Epoch 671/1000, Train Loss: 0.5821, Validation Loss: 2.2490
Epoch 672/1000, Train Loss: 0.5931, Validation Loss: 1.4961
Epoch 673/1000, Train Loss: 0.5668, Validation Loss: 1.1047
Epoch 674/1000, Train Loss: 0.5766, Validation Loss: 10.0823
Epoch 675/1000, Train Loss: 0.5771, Validation Loss: 1.4826
Epoch 676/1000, Train Loss: 0.5646, Validation Loss: 7.3280
Epoch 677/1000, Train Loss: 0.5623, Validation Loss: 2.2153
Epoch 678/1000, Train Loss: 0.5726, Validation Loss: 4.7932
Epoch 679/1000, Train Loss: 0.5676, Validation Loss: 2.0581
Epoch 680/1000, Train Loss: 0.5562, Validation Loss: 4.8762
Epoch 681/1000, Train Loss: 0.5621, Validation Loss: 1.0517
Epoch 682/1000, Train Loss: 0.5724, Validation Loss: 1.4334
Epoch 683/1000, Train Loss: 0.5549, Validation Loss: 1.5574
Epoch 684/1000, Train Loss: 0.5725, Validation Loss: 3.8009
Epoch 685/1000, Train Loss: 0.5889, Validation Loss: 1.8111
Epoch 686/1000, Train Loss: 0.5655, Validation Loss: 1.3289
Epoch 687/1000, Train Loss: 0.5724, Validation Loss: 1.7958
Epoch 688/1000, Train Loss: 0.5621, Validation Loss: 1.7065
Epoch 689/1000, Train Loss: 0.5600, Validation Loss: 6.5461
Epoch 690/1000, Train Loss: 0.5765, Validation Loss: 0.9714
Epoch 691/1000, Train Loss: 0.5655, Validation Loss: 6.1240
Epoch 692/1000, Train Loss: 0.5615, Validation Loss: 1.1718
Epoch 693/1000, Train Loss: 0.5464, Validation Loss: 0.8623
Epoch 694/1000, Train Loss: 0.5667, Validation Loss: 3.7898
Epoch 695/1000, Train Loss: 0.5667, Validation Loss: 2.1356
Epoch 696/1000, Train Loss: 0.5586, Validation Loss: 2.7219
Epoch 697/1000, Train Loss: 0.5545, Validation Loss: 1.8129
Epoch 698/1000, Train Loss: 0.5564, Validation Loss: 3.2028
Epoch 699/1000, Train Loss: 0.5525, Validation Loss: 1.2286
Epoch 700/1000, Train Loss: 0.5833, Validation Loss: 2.5613
Epoch 701/1000, Train Loss: 0.5578, Validation Loss: 5.4762
Epoch 702/1000, Train Loss: 0.5592, Validation Loss: 2.2373
Epoch 703/1000, Train Loss: 0.5673, Validation Loss: 6.5862
Epoch 704/1000, Train Loss: 0.5607, Validation Loss: 0.9414
Epoch 705/1000, Train Loss: 0.5692, Validation Loss: 1.2568
Epoch 706/1000, Train Loss: 0.5587, Validation Loss: 0.8502
Epoch 707/1000, Train Loss: 0.5799, Validation Loss: 1.7011
Epoch 708/1000, Train Loss: 0.5430, Validation Loss: 0.6103
Epoch 709/1000, Train Loss: 0.5743, Validation Loss: 4.4728
Epoch 710/1000, Train Loss: 0.5784, Validation Loss: 4.0610
Epoch 711/1000, Train Loss: 0.5698, Validation Loss: 1.6954
Epoch 712/1000, Train Loss: 0.5578, Validation Loss: 2.1933
Epoch 713/1000, Train Loss: 0.5441, Validation Loss: 0.9277
Epoch 714/1000, Train Loss: 0.5881, Validation Loss: 0.8386
Epoch 715/1000, Train Loss: 0.5605, Validation Loss: 5.6776
Epoch 716/1000, Train Loss: 0.5650, Validation Loss: 1.2164
Epoch 717/1000, Train Loss: 0.5637, Validation Loss: 1.5478
Epoch 718/1000, Train Loss: 0.5711, Validation Loss: 5.3062
Epoch 719/1000, Train Loss: 0.5639, Validation Loss: 0.8851
Epoch 720/1000, Train Loss: 0.5589, Validation Loss: 2.5434
Epoch 721/1000, Train Loss: 0.5649, Validation Loss: 1.9418
Epoch 722/1000, Train Loss: 0.5604, Validation Loss: 2.0813
Epoch 723/1000, Train Loss: 0.5692, Validation Loss: 3.2202
Epoch 724/1000, Train Loss: 0.5523, Validation Loss: 2.6909
Epoch 725/1000, Train Loss: 0.5436, Validation Loss: 3.7418
Epoch 726/1000, Train Loss: 0.5706, Validation Loss: 1.3080
Epoch 727/1000, Train Loss: 0.5841, Validation Loss: 1.0725
Epoch 728/1000, Train Loss: 0.5646, Validation Loss: 4.8163
Epoch 729/1000, Train Loss: 0.5613, Validation Loss: 5.2392
Epoch 730/1000, Train Loss: 0.5819, Validation Loss: 1.8960
Epoch 731/1000, Train Loss: 0.5798, Validation Loss: 1.8993
Epoch 732/1000, Train Loss: 0.5990, Validation Loss: 1.3819
Epoch 733/1000, Train Loss: 0.5731, Validation Loss: 2.3347
Epoch 734/1000, Train Loss: 0.5589, Validation Loss: 3.0244
Epoch 735/1000, Train Loss: 0.5789, Validation Loss: 11.5232
Epoch 736/1000, Train Loss: 0.5462, Validation Loss: 0.8954
Epoch 737/1000, Train Loss: 0.5789, Validation Loss: 2.4093
Epoch 738/1000, Train Loss: 0.5440, Validation Loss: 1.0289
Epoch 739/1000, Train Loss: 0.5641, Validation Loss: 1.6234
Epoch 740/1000, Train Loss: 0.5648, Validation Loss: 2.1079
Epoch 741/1000, Train Loss: 0.6318, Validation Loss: 1.4078
Epoch 742/1000, Train Loss: 0.5853, Validation Loss: 0.7974
Epoch 743/1000, Train Loss: 0.6528, Validation Loss: 0.9274
Epoch 744/1000, Train Loss: 0.6724, Validation Loss: 0.8183
Epoch 745/1000, Train Loss: 0.5635, Validation Loss: 2.8270
Epoch 746/1000, Train Loss: 0.5714, Validation Loss: 1.6438
Epoch 747/1000, Train Loss: 0.8363, Validation Loss: 4.8035
Epoch 748/1000, Train Loss: 0.5640, Validation Loss: 2.1620
Epoch 749/1000, Train Loss: 0.5664, Validation Loss: 1.8330
Epoch 750/1000, Train Loss: 0.5763, Validation Loss: 3.7680
Epoch 751/1000, Train Loss: 0.5943, Validation Loss: 1.7268
Epoch 752/1000, Train Loss: 0.5756, Validation Loss: 4.6011
Epoch 753/1000, Train Loss: 0.5621, Validation Loss: 1.2978
Epoch 754/1000, Train Loss: 0.5592, Validation Loss: 1.1050
Epoch 755/1000, Train Loss: 0.5802, Validation Loss: 0.8716
Epoch 756/1000, Train Loss: 0.5615, Validation Loss: 1.9260
Epoch 757/1000, Train Loss: 0.5633, Validation Loss: 4.4092
Epoch 758/1000, Train Loss: 0.5704, Validation Loss: 1.1171
Epoch 759/1000, Train Loss: 0.5683, Validation Loss: 1.0545
Epoch 760/1000, Train Loss: 0.5705, Validation Loss: 0.7114
Epoch 761/1000, Train Loss: 0.5559, Validation Loss: 14.6919
Epoch 762/1000, Train Loss: 0.5371, Validation Loss: 1.1277
Epoch 763/1000, Train Loss: 0.5687, Validation Loss: 1.5918
Epoch 764/1000, Train Loss: 0.5466, Validation Loss: 2.9695
Epoch 765/1000, Train Loss: 0.5502, Validation Loss: 3.2065
Epoch 766/1000, Train Loss: 2.4382, Validation Loss: 2.8959
Epoch 767/1000, Train Loss: 0.6178, Validation Loss: 1.8511
Epoch 768/1000, Train Loss: 0.5606, Validation Loss: 3.2393
Epoch 769/1000, Train Loss: 0.5668, Validation Loss: 0.9059
Epoch 770/1000, Train Loss: 0.5496, Validation Loss: 8.5144
Epoch 771/1000, Train Loss: 0.5893, Validation Loss: 2.8759
Epoch 772/1000, Train Loss: 0.5517, Validation Loss: 1.9443
Epoch 773/1000, Train Loss: 0.5695, Validation Loss: 1.6614
Epoch 774/1000, Train Loss: 0.5603, Validation Loss: 1.1093
Epoch 775/1000, Train Loss: 0.7141, Validation Loss: 1.5066
Epoch 776/1000, Train Loss: 0.5796, Validation Loss: 2.0669
Epoch 777/1000, Train Loss: 0.5695, Validation Loss: 2.3694
Epoch 778/1000, Train Loss: 1.4362, Validation Loss: 1.2470
Epoch 779/1000, Train Loss: 0.5539, Validation Loss: 0.7710
Epoch 780/1000, Train Loss: 0.5592, Validation Loss: 2.9728
Epoch 781/1000, Train Loss: 0.5833, Validation Loss: 1.8733
Epoch 782/1000, Train Loss: 0.5687, Validation Loss: 1.5538
Epoch 783/1000, Train Loss: 0.5549, Validation Loss: 1.0955
Epoch 784/1000, Train Loss: 0.5742, Validation Loss: 2.9441
Epoch 785/1000, Train Loss: 0.5756, Validation Loss: 1.0623
Epoch 786/1000, Train Loss: 0.5816, Validation Loss: 1.7306
Epoch 787/1000, Train Loss: 0.5675, Validation Loss: 2.8090
Epoch 788/1000, Train Loss: 0.5477, Validation Loss: 0.8787
Epoch 789/1000, Train Loss: 0.5769, Validation Loss: 6.0949
Epoch 790/1000, Train Loss: 0.5682, Validation Loss: 1.8595
Epoch 791/1000, Train Loss: 0.5540, Validation Loss: 3.9910
Epoch 792/1000, Train Loss: 0.6277, Validation Loss: 1.8281
Epoch 793/1000, Train Loss: 0.5711, Validation Loss: 1.6488
Epoch 794/1000, Train Loss: 0.5544, Validation Loss: 5.2002
Epoch 795/1000, Train Loss: 0.5674, Validation Loss: 2.0658
Epoch 796/1000, Train Loss: 0.5509, Validation Loss: 0.6217
Epoch 797/1000, Train Loss: 0.5569, Validation Loss: 1.3455
Epoch 798/1000, Train Loss: 0.5579, Validation Loss: 3.6452
Epoch 799/1000, Train Loss: 0.5416, Validation Loss: 2.6907
Epoch 800/1000, Train Loss: 0.5777, Validation Loss: 2.2879
Epoch 801/1000, Train Loss: 0.5841, Validation Loss: 5.8325
Epoch 802/1000, Train Loss: 0.5531, Validation Loss: 2.4760
Epoch 803/1000, Train Loss: 0.5589, Validation Loss: 1.3018
Epoch 804/1000, Train Loss: 0.6239, Validation Loss: 2.0762
Epoch 805/1000, Train Loss: 0.5712, Validation Loss: 1.6438
Epoch 806/1000, Train Loss: 0.5905, Validation Loss: 1.7552
Epoch 807/1000, Train Loss: 0.5768, Validation Loss: 5.5133
Epoch 808/1000, Train Loss: 0.5861, Validation Loss: 1.2119
Epoch 809/1000, Train Loss: 0.5544, Validation Loss: 1.2001
Epoch 810/1000, Train Loss: 0.5801, Validation Loss: 1.6010
Epoch 811/1000, Train Loss: 0.5820, Validation Loss: 1.5595
Epoch 812/1000, Train Loss: 0.5735, Validation Loss: 1.0447
Epoch 813/1000, Train Loss: 0.5434, Validation Loss: 0.5980
Epoch 814/1000, Train Loss: 0.5659, Validation Loss: 1.9646
Epoch 815/1000, Train Loss: 0.5661, Validation Loss: 1.4567
Epoch 816/1000, Train Loss: 0.5758, Validation Loss: 1.6391
Epoch 817/1000, Train Loss: 0.5961, Validation Loss: 1.1495
Epoch 818/1000, Train Loss: 0.5640, Validation Loss: 1.9958
Epoch 819/1000, Train Loss: 0.5383, Validation Loss: 5.8362
Epoch 820/1000, Train Loss: 0.5728, Validation Loss: 1.1060
Epoch 821/1000, Train Loss: 0.5626, Validation Loss: 2.3563
Epoch 822/1000, Train Loss: 0.5531, Validation Loss: 10.9780
Epoch 823/1000, Train Loss: 0.5583, Validation Loss: 4.3157
Epoch 824/1000, Train Loss: 0.5616, Validation Loss: 0.6515
Epoch 825/1000, Train Loss: 0.6400, Validation Loss: 1.8329
Epoch 826/1000, Train Loss: 0.5858, Validation Loss: 1.3510
Epoch 827/1000, Train Loss: 0.5578, Validation Loss: 3.4433
Epoch 828/1000, Train Loss: 0.5733, Validation Loss: 3.8814
Epoch 829/1000, Train Loss: 0.5737, Validation Loss: 6.0535
Epoch 830/1000, Train Loss: 0.5621, Validation Loss: 3.7149
Epoch 831/1000, Train Loss: 0.5845, Validation Loss: 4.0814
Epoch 832/1000, Train Loss: 0.5581, Validation Loss: 1.1429
Epoch 833/1000, Train Loss: 0.5695, Validation Loss: 0.9464
Epoch 834/1000, Train Loss: 0.5752, Validation Loss: 4.5346
Epoch 835/1000, Train Loss: 0.5610, Validation Loss: 1.0890
Epoch 836/1000, Train Loss: 0.5767, Validation Loss: 11.3600
Epoch 837/1000, Train Loss: 0.5703, Validation Loss: 2.9474
Epoch 838/1000, Train Loss: 0.5754, Validation Loss: 0.5948
Epoch 839/1000, Train Loss: 0.6003, Validation Loss: 1.9330
Epoch 840/1000, Train Loss: 0.5661, Validation Loss: 6.8069
Epoch 841/1000, Train Loss: 0.5714, Validation Loss: 1.8581
Epoch 842/1000, Train Loss: 0.5662, Validation Loss: 1.5532
Epoch 843/1000, Train Loss: 0.5712, Validation Loss: 5.0885
Epoch 844/1000, Train Loss: 0.5559, Validation Loss: 1.2917
Epoch 845/1000, Train Loss: 0.5498, Validation Loss: 0.9584
Epoch 846/1000, Train Loss: 0.5553, Validation Loss: 4.3172
Epoch 847/1000, Train Loss: 0.5429, Validation Loss: 6.9858
Epoch 848/1000, Train Loss: 0.5753, Validation Loss: 2.8676
Epoch 849/1000, Train Loss: 0.5674, Validation Loss: 3.4542
Epoch 850/1000, Train Loss: 0.5714, Validation Loss: 2.6039
Epoch 851/1000, Train Loss: 0.5561, Validation Loss: 2.2483
Epoch 852/1000, Train Loss: 0.5559, Validation Loss: 2.4041
Epoch 853/1000, Train Loss: 0.5845, Validation Loss: 0.7632
Epoch 854/1000, Train Loss: 0.5481, Validation Loss: 1.4910
Epoch 855/1000, Train Loss: 0.8210, Validation Loss: 1.2564
Epoch 856/1000, Train Loss: 0.5704, Validation Loss: 1.1637
Epoch 857/1000, Train Loss: 0.5668, Validation Loss: 7.7866
Epoch 858/1000, Train Loss: 0.5532, Validation Loss: 4.2178
Epoch 859/1000, Train Loss: 0.5510, Validation Loss: 8.6286
Epoch 860/1000, Train Loss: 0.5601, Validation Loss: 1.2730
Epoch 861/1000, Train Loss: 0.5755, Validation Loss: 2.4942
Epoch 862/1000, Train Loss: 0.5838, Validation Loss: 2.2955
Epoch 863/1000, Train Loss: 0.5540, Validation Loss: 0.8726
Epoch 864/1000, Train Loss: 0.5399, Validation Loss: 1.6837
Epoch 865/1000, Train Loss: 0.5687, Validation Loss: 1.7073
Epoch 866/1000, Train Loss: 0.5529, Validation Loss: 0.8434
Epoch 867/1000, Train Loss: 0.5644, Validation Loss: 5.3912
Epoch 868/1000, Train Loss: 0.5508, Validation Loss: 2.8008
Epoch 869/1000, Train Loss: 0.5515, Validation Loss: 0.9891
Epoch 870/1000, Train Loss: 0.5747, Validation Loss: 0.9962
Epoch 871/1000, Train Loss: 0.5650, Validation Loss: 3.4707
Epoch 872/1000, Train Loss: 0.5489, Validation Loss: 13.2346
Epoch 873/1000, Train Loss: 0.5540, Validation Loss: 7.5890
Epoch 874/1000, Train Loss: 0.5397, Validation Loss: 3.8858
Epoch 875/1000, Train Loss: 0.5551, Validation Loss: 1.4383
Epoch 876/1000, Train Loss: 0.5715, Validation Loss: 1.9375
Epoch 877/1000, Train Loss: 0.5716, Validation Loss: 2.7444
Epoch 878/1000, Train Loss: 0.5611, Validation Loss: 1.4769
Epoch 879/1000, Train Loss: 0.6067, Validation Loss: 4.7391
Epoch 880/1000, Train Loss: 0.5447, Validation Loss: 1.1090
Epoch 881/1000, Train Loss: 0.5430, Validation Loss: 0.6753
Epoch 882/1000, Train Loss: 0.5881, Validation Loss: 1.3538
Epoch 883/1000, Train Loss: 0.5630, Validation Loss: 0.8917
Epoch 884/1000, Train Loss: 0.5618, Validation Loss: 1.6789
Epoch 885/1000, Train Loss: 0.5551, Validation Loss: 3.8671
Epoch 886/1000, Train Loss: 0.5688, Validation Loss: 1.1631
Epoch 887/1000, Train Loss: 0.5828, Validation Loss: 1.9946
Epoch 888/1000, Train Loss: 0.5621, Validation Loss: 6.7242
Epoch 889/1000, Train Loss: 0.5733, Validation Loss: 1.5457
Epoch 890/1000, Train Loss: 0.8778, Validation Loss: 1.4600
Epoch 891/1000, Train Loss: 0.5593, Validation Loss: 6.4774
Epoch 892/1000, Train Loss: 0.5599, Validation Loss: 0.7766
Epoch 893/1000, Train Loss: 0.5723, Validation Loss: 0.8669
Epoch 894/1000, Train Loss: 0.5731, Validation Loss: 6.3575
Epoch 895/1000, Train Loss: 0.5490, Validation Loss: 2.4914
Epoch 896/1000, Train Loss: 0.5391, Validation Loss: 10.1566
Epoch 897/1000, Train Loss: 0.5645, Validation Loss: 1.4335
Epoch 898/1000, Train Loss: 0.5521, Validation Loss: 6.8494
Epoch 899/1000, Train Loss: 0.8446, Validation Loss: 1.2425
Epoch 900/1000, Train Loss: 0.5967, Validation Loss: 7.2919
Epoch 901/1000, Train Loss: 0.5763, Validation Loss: 1.7133
Epoch 902/1000, Train Loss: 0.5559, Validation Loss: 0.8333
Epoch 903/1000, Train Loss: 0.5573, Validation Loss: 0.7432
Epoch 904/1000, Train Loss: 0.5824, Validation Loss: 1.4145
Epoch 905/1000, Train Loss: 0.5530, Validation Loss: 8.8156
Epoch 906/1000, Train Loss: 0.5555, Validation Loss: 1.2516
Epoch 907/1000, Train Loss: 0.5854, Validation Loss: 0.8958
Epoch 908/1000, Train Loss: 0.5572, Validation Loss: 0.7440
Epoch 909/1000, Train Loss: 0.8517, Validation Loss: 0.8311
Epoch 910/1000, Train Loss: 0.5963, Validation Loss: 0.8099
Epoch 911/1000, Train Loss: 0.5533, Validation Loss: 5.0408
Epoch 912/1000, Train Loss: 0.5609, Validation Loss: 1.6859
Epoch 913/1000, Train Loss: 0.5510, Validation Loss: 1.1741
Epoch 914/1000, Train Loss: 0.5597, Validation Loss: 0.9778
Epoch 915/1000, Train Loss: 0.5625, Validation Loss: 1.7397
Epoch 916/1000, Train Loss: 0.5870, Validation Loss: 1.1471
Epoch 917/1000, Train Loss: 0.5492, Validation Loss: 1.2977
Epoch 918/1000, Train Loss: 0.5571, Validation Loss: 1.9125
Epoch 919/1000, Train Loss: 0.5492, Validation Loss: 1.0470
Epoch 920/1000, Train Loss: 0.5771, Validation Loss: 2.1824
Epoch 921/1000, Train Loss: 0.6181, Validation Loss: 5.2957
Epoch 922/1000, Train Loss: 0.5778, Validation Loss: 1.3716
Epoch 923/1000, Train Loss: 0.5778, Validation Loss: 0.7829
Epoch 924/1000, Train Loss: 0.6659, Validation Loss: 2.3839
Epoch 925/1000, Train Loss: 0.5731, Validation Loss: 1.2679
Epoch 926/1000, Train Loss: 0.5556, Validation Loss: 2.6741
Epoch 927/1000, Train Loss: 0.5440, Validation Loss: 1.2523
Epoch 928/1000, Train Loss: 0.5824, Validation Loss: 2.1205
Epoch 929/1000, Train Loss: 0.5454, Validation Loss: 1.9856
Epoch 930/1000, Train Loss: 0.5744, Validation Loss: 6.1048
Epoch 931/1000, Train Loss: 0.5853, Validation Loss: 2.7511
Epoch 932/1000, Train Loss: 0.5472, Validation Loss: 2.2318
Epoch 933/1000, Train Loss: 0.5765, Validation Loss: 2.1033
Epoch 934/1000, Train Loss: 0.5519, Validation Loss: 1.0623
Epoch 935/1000, Train Loss: 0.5529, Validation Loss: 2.1939
Epoch 936/1000, Train Loss: 0.7184, Validation Loss: 2.3095
Epoch 937/1000, Train Loss: 0.5905, Validation Loss: 1.5001
Epoch 938/1000, Train Loss: 0.5547, Validation Loss: 1.6979
Epoch 939/1000, Train Loss: 0.5736, Validation Loss: 1.0899
Epoch 940/1000, Train Loss: 0.5501, Validation Loss: 4.2645
Epoch 941/1000, Train Loss: 0.5691, Validation Loss: 0.9663
Epoch 942/1000, Train Loss: 0.5541, Validation Loss: 1.1044
Epoch 943/1000, Train Loss: 1.0969, Validation Loss: 5.4131
Epoch 944/1000, Train Loss: 0.5578, Validation Loss: 2.2935
Epoch 945/1000, Train Loss: 0.5658, Validation Loss: 3.0261
Epoch 946/1000, Train Loss: 0.5425, Validation Loss: 1.0820
Epoch 947/1000, Train Loss: 0.5655, Validation Loss: 4.7108
Epoch 948/1000, Train Loss: 0.5626, Validation Loss: 0.7336
Epoch 949/1000, Train Loss: 0.5605, Validation Loss: 1.2339
Epoch 950/1000, Train Loss: 0.5492, Validation Loss: 1.2640
Epoch 951/1000, Train Loss: 0.5658, Validation Loss: 0.8443
Epoch 952/1000, Train Loss: 0.5555, Validation Loss: 1.5303
Epoch 953/1000, Train Loss: 0.5620, Validation Loss: 2.8292
Epoch 954/1000, Train Loss: 0.6500, Validation Loss: 0.9377
Epoch 955/1000, Train Loss: 0.5560, Validation Loss: 2.9251
Epoch 956/1000, Train Loss: 0.5704, Validation Loss: 4.9961
Epoch 957/1000, Train Loss: 0.6033, Validation Loss: 1.9572
Epoch 958/1000, Train Loss: 0.5699, Validation Loss: 2.2959
Epoch 959/1000, Train Loss: 0.5489, Validation Loss: 0.9723
Epoch 960/1000, Train Loss: 0.5684, Validation Loss: 1.5343
Epoch 961/1000, Train Loss: 0.5744, Validation Loss: 3.5457
Epoch 962/1000, Train Loss: 0.5647, Validation Loss: 2.9896
Epoch 963/1000, Train Loss: 0.5525, Validation Loss: 1.8406
Epoch 964/1000, Train Loss: 0.5622, Validation Loss: 2.0009
Epoch 965/1000, Train Loss: 0.5392, Validation Loss: 2.7537
Epoch 966/1000, Train Loss: 0.5578, Validation Loss: 4.8062
Epoch 967/1000, Train Loss: 0.5521, Validation Loss: 1.1969
Epoch 968/1000, Train Loss: 0.5430, Validation Loss: 6.0276
Epoch 969/1000, Train Loss: 0.5574, Validation Loss: 2.5528
Epoch 970/1000, Train Loss: 0.5565, Validation Loss: 3.1557
Epoch 971/1000, Train Loss: 0.5581, Validation Loss: 1.2162
Epoch 972/1000, Train Loss: 0.5660, Validation Loss: 1.0352
Epoch 973/1000, Train Loss: 0.5696, Validation Loss: 3.3059
Epoch 974/1000, Train Loss: 0.5719, Validation Loss: 3.4740
Epoch 975/1000, Train Loss: 0.5529, Validation Loss: 5.5974
Epoch 976/1000, Train Loss: 0.5441, Validation Loss: 1.8063
Epoch 977/1000, Train Loss: 0.5768, Validation Loss: 0.8744
Epoch 978/1000, Train Loss: 0.5750, Validation Loss: 3.5611
Epoch 979/1000, Train Loss: 0.5460, Validation Loss: 1.5712
Epoch 980/1000, Train Loss: 0.5542, Validation Loss: 13.4421
Epoch 981/1000, Train Loss: 0.5749, Validation Loss: 1.3844
Epoch 982/1000, Train Loss: 0.5813, Validation Loss: 12.7074
Epoch 983/1000, Train Loss: 0.5669, Validation Loss: 0.9893
Epoch 984/1000, Train Loss: 0.5415, Validation Loss: 6.3749
Epoch 985/1000, Train Loss: 0.5764, Validation Loss: 0.9771
Epoch 986/1000, Train Loss: 0.5753, Validation Loss: 0.8436
Epoch 987/1000, Train Loss: 0.5921, Validation Loss: 4.6720
Epoch 988/1000, Train Loss: 0.6132, Validation Loss: 2.5469
Epoch 989/1000, Train Loss: 0.5761, Validation Loss: 30.0500
Epoch 990/1000, Train Loss: 1.3636, Validation Loss: 3.0773
Epoch 991/1000, Train Loss: 0.5497, Validation Loss: 1.2925
Epoch 992/1000, Train Loss: 0.5441, Validation Loss: 2.5204
Epoch 993/1000, Train Loss: 0.5802, Validation Loss: 1.2478
Epoch 994/1000, Train Loss: 0.5481, Validation Loss: 5.6010
Epoch 995/1000, Train Loss: 0.5474, Validation Loss: 3.0433
Epoch 996/1000, Train Loss: 0.6091, Validation Loss: 1.8723
Epoch 997/1000, Train Loss: 0.5647, Validation Loss: 5.0884
Epoch 998/1000, Train Loss: 0.5372, Validation Loss: 2.5294
Epoch 999/1000, Train Loss: 0.5538, Validation Loss: 1.9144
Epoch 1000/1000, Train Loss: 0.5479, Validation Loss: 1.4176
Best Training Loss: 0.5371
Best Training Loss Epoch: 762
Best Validation Loss: 0.5530
Best Validation Loss Epoch: 491
Time taken for training: 0-09:09:00
Test Loss: 0.5773
Test MAPE: 117213.5234%
Error Statistics:
count    4.127200e+04
mean     2.878023e+04
std      5.719406e+06
min      4.649162e-06
25%      1.309497e-01
50%      1.894759e+00
75%      2.696185e+01
max      1.161913e+09
Name: Absolute Error, dtype: float64
Training complete. Final model saved.
Saving model as a wandb Artifact...
Model artifact logged successfully.
[1;34mwandb[0m: 
[1;34mwandb[0m: 🚀 View run [33mtreasured-sweep-43[0m at: [34mhttps://wandb.ai/mk8737-new-york-university/rl_pretrain_hp_sweeps/runs/ekpyanqr[0m
[1;34mwandb[0m: Find logs at: [1;35mwandb/run-20251006_143929-ekpyanqr/logs[0m
Agent finished.
