Waiting for sweep ID...
Found Sweep ID: be12np04
Starting wandb agent for sweep be12np04...
TRAINING DEVICE: cpu
Run Name: GCN_global_hp_sweep_be12np04-ax4y3092
finidhed preparing data
Loading dataset from pretrain_dataset_12.5k_fixed_duplicates.pkl
Loaded 412712 data objects.
finished preparing data
Epoch 1/1000, Train Loss: 3.1234, Validation Loss: 1.3404
Epoch 2/1000, Train Loss: 1.3285, Validation Loss: 3.4063
Epoch 3/1000, Train Loss: 1.2358, Validation Loss: 2.1403
Epoch 4/1000, Train Loss: 1.2332, Validation Loss: 1.3569
Epoch 5/1000, Train Loss: 1.2105, Validation Loss: 4.1989
Epoch 6/1000, Train Loss: 1.1891, Validation Loss: 2.1590
Epoch 7/1000, Train Loss: 1.1978, Validation Loss: 1.2345
Epoch 8/1000, Train Loss: 1.1512, Validation Loss: 2.0258
Epoch 9/1000, Train Loss: 1.1254, Validation Loss: 1.2530
Epoch 10/1000, Train Loss: 2.3394, Validation Loss: 1.3657
Epoch 11/1000, Train Loss: 1.0842, Validation Loss: 2.5375
Epoch 12/1000, Train Loss: 1.1249, Validation Loss: 1.0537
Epoch 13/1000, Train Loss: 1.0346, Validation Loss: 1.0895
Epoch 14/1000, Train Loss: 1.1242, Validation Loss: 1.0721
Epoch 15/1000, Train Loss: 1.0874, Validation Loss: 1.2665
Epoch 16/1000, Train Loss: 1.0330, Validation Loss: 2.1528
Epoch 17/1000, Train Loss: 1.0406, Validation Loss: 1.0322
Epoch 18/1000, Train Loss: 1.0535, Validation Loss: 1.4668
Epoch 19/1000, Train Loss: 1.0139, Validation Loss: 5.4255
Epoch 20/1000, Train Loss: 1.0714, Validation Loss: 0.9275
Epoch 21/1000, Train Loss: 0.9731, Validation Loss: 1.9198
Epoch 22/1000, Train Loss: 0.9610, Validation Loss: 1.0823
Epoch 23/1000, Train Loss: 0.9811, Validation Loss: 0.9071
Epoch 24/1000, Train Loss: 0.9772, Validation Loss: 0.7625
Epoch 25/1000, Train Loss: 0.9437, Validation Loss: 0.8179
Epoch 26/1000, Train Loss: 0.9987, Validation Loss: 1.9675
Epoch 27/1000, Train Loss: 0.9819, Validation Loss: 1.1048
Epoch 28/1000, Train Loss: 1.0718, Validation Loss: 0.7981
Epoch 29/1000, Train Loss: 0.9274, Validation Loss: 0.9100
Epoch 30/1000, Train Loss: 0.9296, Validation Loss: 0.9499
Epoch 31/1000, Train Loss: 0.9455, Validation Loss: 1.3096
Epoch 32/1000, Train Loss: 0.9164, Validation Loss: 0.7498
Epoch 33/1000, Train Loss: 2.8239, Validation Loss: 0.7559
Epoch 34/1000, Train Loss: 0.9145, Validation Loss: 1.7625
Epoch 35/1000, Train Loss: 0.8776, Validation Loss: 0.7672
Epoch 36/1000, Train Loss: 0.9026, Validation Loss: 2.5849
Epoch 37/1000, Train Loss: 0.9410, Validation Loss: 0.8704
Epoch 38/1000, Train Loss: 0.8501, Validation Loss: 1.7900
Epoch 39/1000, Train Loss: 0.8412, Validation Loss: 2.5282
Epoch 40/1000, Train Loss: 0.8611, Validation Loss: 1.1716
Epoch 41/1000, Train Loss: 0.8123, Validation Loss: 1.0451
Epoch 42/1000, Train Loss: 0.7980, Validation Loss: 3.2315
Epoch 43/1000, Train Loss: 0.8095, Validation Loss: 3.0208
Epoch 44/1000, Train Loss: 0.8071, Validation Loss: 1.0612
Epoch 45/1000, Train Loss: 0.7737, Validation Loss: 1.4772
Epoch 46/1000, Train Loss: 0.8095, Validation Loss: 1.4233
Epoch 47/1000, Train Loss: 5.4417, Validation Loss: 2.0307
Epoch 48/1000, Train Loss: 0.7690, Validation Loss: 0.9191
Epoch 49/1000, Train Loss: 0.7682, Validation Loss: 1.7973
Epoch 50/1000, Train Loss: 11.8236, Validation Loss: 0.8913
Epoch 51/1000, Train Loss: 0.7549, Validation Loss: 1.2536
Epoch 52/1000, Train Loss: 0.7680, Validation Loss: 0.8708
Epoch 53/1000, Train Loss: 0.7604, Validation Loss: 2.7141
Epoch 54/1000, Train Loss: 1.2817, Validation Loss: 0.8040
Epoch 55/1000, Train Loss: 0.7406, Validation Loss: 0.8049
Epoch 56/1000, Train Loss: 0.7510, Validation Loss: 2.5343
Epoch 57/1000, Train Loss: 0.7343, Validation Loss: 0.7147
Epoch 58/1000, Train Loss: 0.7641, Validation Loss: 1.0355
Epoch 59/1000, Train Loss: 0.7403, Validation Loss: 0.8550
Epoch 60/1000, Train Loss: 0.7258, Validation Loss: 1.5394
Epoch 61/1000, Train Loss: 0.7235, Validation Loss: 1.4889
Epoch 62/1000, Train Loss: 0.7226, Validation Loss: 1.1506
Epoch 63/1000, Train Loss: 0.7165, Validation Loss: 1.5679
Epoch 64/1000, Train Loss: 0.7134, Validation Loss: 2.7723
Epoch 65/1000, Train Loss: 0.6974, Validation Loss: 5.8302
Epoch 66/1000, Train Loss: 1.8343, Validation Loss: 1.1410
Epoch 67/1000, Train Loss: 0.6865, Validation Loss: 0.8292
Epoch 68/1000, Train Loss: 0.6821, Validation Loss: 0.7346
Epoch 69/1000, Train Loss: 0.6804, Validation Loss: 1.6723
Epoch 70/1000, Train Loss: 0.7312, Validation Loss: 0.8100
Epoch 71/1000, Train Loss: 0.7056, Validation Loss: 2.1877
Epoch 72/1000, Train Loss: 0.6856, Validation Loss: 1.6358
Epoch 73/1000, Train Loss: 0.6809, Validation Loss: 1.0498
Epoch 74/1000, Train Loss: 0.6784, Validation Loss: 3.4659
Epoch 75/1000, Train Loss: 0.6847, Validation Loss: 1.0290
Epoch 76/1000, Train Loss: 0.6798, Validation Loss: 0.8293
Epoch 77/1000, Train Loss: 0.6825, Validation Loss: 1.1895
Epoch 78/1000, Train Loss: 0.6610, Validation Loss: 2.4254
Epoch 79/1000, Train Loss: 0.6895, Validation Loss: 3.1133
Epoch 80/1000, Train Loss: 0.6867, Validation Loss: 1.5031
Epoch 81/1000, Train Loss: 0.6747, Validation Loss: 0.7285
Epoch 82/1000, Train Loss: 0.6695, Validation Loss: 1.9440
Epoch 83/1000, Train Loss: 0.6635, Validation Loss: 2.3614
Epoch 84/1000, Train Loss: 0.6750, Validation Loss: 3.0534
Epoch 85/1000, Train Loss: 0.6757, Validation Loss: 0.8694
Epoch 86/1000, Train Loss: 0.6774, Validation Loss: 1.1027
Epoch 87/1000, Train Loss: 0.6725, Validation Loss: 5.3492
Epoch 88/1000, Train Loss: 0.6719, Validation Loss: 0.7306
Epoch 89/1000, Train Loss: 0.6709, Validation Loss: 1.2024
Epoch 90/1000, Train Loss: 0.6663, Validation Loss: 2.0479
Epoch 91/1000, Train Loss: 0.6686, Validation Loss: 1.0108
Epoch 92/1000, Train Loss: 0.6760, Validation Loss: 1.1265
Epoch 93/1000, Train Loss: 0.6851, Validation Loss: 0.9405
Epoch 94/1000, Train Loss: 0.6571, Validation Loss: 1.6966
Epoch 95/1000, Train Loss: 0.6578, Validation Loss: 2.3815
Epoch 96/1000, Train Loss: 0.6695, Validation Loss: 0.9044
Epoch 97/1000, Train Loss: 0.6659, Validation Loss: 1.3413
Epoch 98/1000, Train Loss: 0.6510, Validation Loss: 2.8291
Epoch 99/1000, Train Loss: 0.6562, Validation Loss: 1.1374
Epoch 100/1000, Train Loss: 0.6489, Validation Loss: 0.9006
Epoch 101/1000, Train Loss: 0.6440, Validation Loss: 0.9955
Epoch 102/1000, Train Loss: 0.6491, Validation Loss: 3.7717
Epoch 103/1000, Train Loss: 0.6494, Validation Loss: 1.3802
Epoch 104/1000, Train Loss: 0.6370, Validation Loss: 1.1303
Epoch 105/1000, Train Loss: 0.6359, Validation Loss: 1.2507
Epoch 106/1000, Train Loss: 0.6631, Validation Loss: 1.3177
Epoch 107/1000, Train Loss: 0.7030, Validation Loss: 0.9596
Epoch 108/1000, Train Loss: 0.6345, Validation Loss: 2.5323
Epoch 109/1000, Train Loss: 0.6457, Validation Loss: 1.3209
Epoch 110/1000, Train Loss: 0.6253, Validation Loss: 1.0663
Epoch 111/1000, Train Loss: 0.6558, Validation Loss: 1.1800
Epoch 112/1000, Train Loss: 0.6278, Validation Loss: 2.8612
Epoch 113/1000, Train Loss: 0.6326, Validation Loss: 1.9873
Epoch 114/1000, Train Loss: 0.6284, Validation Loss: 0.8037
Epoch 115/1000, Train Loss: 0.6373, Validation Loss: 0.7461
Epoch 116/1000, Train Loss: 0.6315, Validation Loss: 1.7347
Epoch 117/1000, Train Loss: 0.6367, Validation Loss: 0.8645
Epoch 118/1000, Train Loss: 0.6369, Validation Loss: 0.6957
Epoch 119/1000, Train Loss: 0.6267, Validation Loss: 2.3237
Epoch 120/1000, Train Loss: 0.6322, Validation Loss: 1.0394
Epoch 121/1000, Train Loss: 0.6312, Validation Loss: 0.8259
Epoch 122/1000, Train Loss: 0.6119, Validation Loss: 2.4483
Epoch 123/1000, Train Loss: 0.6283, Validation Loss: 1.7823
Epoch 124/1000, Train Loss: 0.6303, Validation Loss: 3.5535
Epoch 125/1000, Train Loss: 0.6260, Validation Loss: 4.9316
Epoch 126/1000, Train Loss: 0.6190, Validation Loss: 0.7759
Epoch 127/1000, Train Loss: 0.6226, Validation Loss: 2.0682
Epoch 128/1000, Train Loss: 0.6340, Validation Loss: 1.0047
Epoch 129/1000, Train Loss: 0.6187, Validation Loss: 0.7035
Epoch 130/1000, Train Loss: 0.6335, Validation Loss: 1.7324
Epoch 131/1000, Train Loss: 0.6199, Validation Loss: 2.0890
Epoch 132/1000, Train Loss: 0.6167, Validation Loss: 1.3565
Epoch 133/1000, Train Loss: 0.6138, Validation Loss: 0.7745
Epoch 134/1000, Train Loss: 0.6115, Validation Loss: 0.6775
Epoch 135/1000, Train Loss: 0.6165, Validation Loss: 1.8883
Epoch 136/1000, Train Loss: 0.6065, Validation Loss: 1.1203
Epoch 137/1000, Train Loss: 0.6205, Validation Loss: 1.2721
Epoch 138/1000, Train Loss: 0.6179, Validation Loss: 1.2176
Epoch 139/1000, Train Loss: 0.6218, Validation Loss: 1.9236
Epoch 140/1000, Train Loss: 0.6015, Validation Loss: 1.5501
Epoch 141/1000, Train Loss: 0.6105, Validation Loss: 1.7186
Epoch 142/1000, Train Loss: 0.6184, Validation Loss: 0.9243
Epoch 143/1000, Train Loss: 0.6066, Validation Loss: 1.4185
Epoch 144/1000, Train Loss: 0.6098, Validation Loss: 2.8339
Epoch 145/1000, Train Loss: 0.6006, Validation Loss: 0.8122
Epoch 146/1000, Train Loss: 0.6092, Validation Loss: 1.3660
Epoch 147/1000, Train Loss: 0.6118, Validation Loss: 1.8082
Epoch 148/1000, Train Loss: 0.6012, Validation Loss: 1.0876
Epoch 149/1000, Train Loss: 0.5949, Validation Loss: 1.3768
Epoch 150/1000, Train Loss: 0.6097, Validation Loss: 1.8563
Epoch 151/1000, Train Loss: 0.6070, Validation Loss: 1.4019
Epoch 152/1000, Train Loss: 0.5983, Validation Loss: 1.1222
Epoch 153/1000, Train Loss: 0.6008, Validation Loss: 0.7924
Epoch 154/1000, Train Loss: 0.6053, Validation Loss: 0.6694
Epoch 155/1000, Train Loss: 0.6054, Validation Loss: 2.2755
Epoch 156/1000, Train Loss: 0.6000, Validation Loss: 0.5766
Epoch 157/1000, Train Loss: 0.6049, Validation Loss: 0.7128
Epoch 158/1000, Train Loss: 0.6057, Validation Loss: 1.2117
Epoch 159/1000, Train Loss: 0.7951, Validation Loss: 1.5881
Epoch 160/1000, Train Loss: 0.6028, Validation Loss: 2.0967
Epoch 161/1000, Train Loss: 0.5947, Validation Loss: 0.5572
Epoch 162/1000, Train Loss: 0.6151, Validation Loss: 4.3844
Epoch 163/1000, Train Loss: 0.6117, Validation Loss: 2.7424
Epoch 164/1000, Train Loss: 0.5972, Validation Loss: 0.8307
Epoch 165/1000, Train Loss: 0.5918, Validation Loss: 0.5793
Epoch 166/1000, Train Loss: 0.5967, Validation Loss: 1.1331
Epoch 167/1000, Train Loss: 0.5893, Validation Loss: 3.7987
Epoch 168/1000, Train Loss: 0.5900, Validation Loss: 0.7472
Epoch 169/1000, Train Loss: 0.5951, Validation Loss: 0.8921
Epoch 170/1000, Train Loss: 0.6080, Validation Loss: 0.8258
Epoch 171/1000, Train Loss: 0.5896, Validation Loss: 0.6928
Epoch 172/1000, Train Loss: 0.5949, Validation Loss: 1.0780
Epoch 173/1000, Train Loss: 0.5993, Validation Loss: 0.6317
Epoch 174/1000, Train Loss: 0.5957, Validation Loss: 0.8237
Epoch 175/1000, Train Loss: 0.5907, Validation Loss: 3.3439
Epoch 176/1000, Train Loss: 0.5885, Validation Loss: 0.7586
Epoch 177/1000, Train Loss: 0.5918, Validation Loss: 1.9596
Epoch 178/1000, Train Loss: 0.5904, Validation Loss: 1.2456
Epoch 179/1000, Train Loss: 0.5918, Validation Loss: 0.9081
Epoch 180/1000, Train Loss: 0.6007, Validation Loss: 0.8103
Epoch 181/1000, Train Loss: 0.5953, Validation Loss: 1.2170
Epoch 182/1000, Train Loss: 0.6048, Validation Loss: 0.9866
Epoch 183/1000, Train Loss: 0.5897, Validation Loss: 0.9861
Epoch 184/1000, Train Loss: 0.6007, Validation Loss: 0.8887
Epoch 185/1000, Train Loss: 0.5948, Validation Loss: 1.9265
Epoch 186/1000, Train Loss: 0.5845, Validation Loss: 1.5754
Epoch 187/1000, Train Loss: 0.5971, Validation Loss: 1.2945
Epoch 188/1000, Train Loss: 0.6097, Validation Loss: 0.6680
Epoch 189/1000, Train Loss: 0.5879, Validation Loss: 1.1453
Epoch 190/1000, Train Loss: 0.5985, Validation Loss: 3.1470
Epoch 191/1000, Train Loss: 0.5944, Validation Loss: 1.6255
Epoch 192/1000, Train Loss: 0.5962, Validation Loss: 4.9105
Epoch 193/1000, Train Loss: 0.5896, Validation Loss: 3.3968
Epoch 194/1000, Train Loss: 0.6588, Validation Loss: 0.8467
Epoch 195/1000, Train Loss: 0.5912, Validation Loss: 1.5245
Epoch 196/1000, Train Loss: 0.5860, Validation Loss: 2.2047
Epoch 197/1000, Train Loss: 0.5936, Validation Loss: 1.9280
Epoch 198/1000, Train Loss: 0.5866, Validation Loss: 1.7897
Epoch 199/1000, Train Loss: 0.5907, Validation Loss: 0.6900
Epoch 200/1000, Train Loss: 0.5902, Validation Loss: 0.6647
Epoch 201/1000, Train Loss: 0.5782, Validation Loss: 3.3474
Epoch 202/1000, Train Loss: 0.5870, Validation Loss: 1.4809
Epoch 203/1000, Train Loss: 0.5865, Validation Loss: 1.2826
Epoch 204/1000, Train Loss: 0.6034, Validation Loss: 1.0328
Epoch 205/1000, Train Loss: 0.5915, Validation Loss: 1.1191
Epoch 206/1000, Train Loss: 0.5932, Validation Loss: 0.7741
Epoch 207/1000, Train Loss: 0.5843, Validation Loss: 1.0587
Epoch 208/1000, Train Loss: 0.5885, Validation Loss: 1.1003
Epoch 209/1000, Train Loss: 0.5898, Validation Loss: 0.6329
Epoch 210/1000, Train Loss: 0.5853, Validation Loss: 1.0702
Epoch 211/1000, Train Loss: 0.5866, Validation Loss: 0.9418
Epoch 212/1000, Train Loss: 0.5857, Validation Loss: 1.4295
Epoch 213/1000, Train Loss: 0.6024, Validation Loss: 1.1237
Epoch 214/1000, Train Loss: 0.5872, Validation Loss: 1.3635
Epoch 215/1000, Train Loss: 0.5834, Validation Loss: 0.9871
Epoch 216/1000, Train Loss: 0.6671, Validation Loss: 0.9521
Epoch 217/1000, Train Loss: 0.5984, Validation Loss: 1.3099
Epoch 218/1000, Train Loss: 0.5785, Validation Loss: 0.6691
Epoch 219/1000, Train Loss: 0.5779, Validation Loss: 0.5399
Epoch 220/1000, Train Loss: 0.5967, Validation Loss: 0.8942
Epoch 221/1000, Train Loss: 0.5858, Validation Loss: 1.2440
Epoch 222/1000, Train Loss: 0.5906, Validation Loss: 2.0917
Epoch 223/1000, Train Loss: 0.5892, Validation Loss: 3.5489
Epoch 224/1000, Train Loss: 0.5962, Validation Loss: 1.0863
Epoch 225/1000, Train Loss: 0.5924, Validation Loss: 1.2929
Epoch 226/1000, Train Loss: 0.5868, Validation Loss: 3.7471
Epoch 227/1000, Train Loss: 0.5772, Validation Loss: 1.1919
Epoch 228/1000, Train Loss: 0.5806, Validation Loss: 0.7406
Epoch 229/1000, Train Loss: 0.5806, Validation Loss: 0.5663
Epoch 230/1000, Train Loss: 0.5881, Validation Loss: 1.9500
Epoch 231/1000, Train Loss: 0.5836, Validation Loss: 1.0970
Epoch 232/1000, Train Loss: 0.5887, Validation Loss: 0.5530
Epoch 233/1000, Train Loss: 0.5917, Validation Loss: 0.5939
Epoch 234/1000, Train Loss: 0.5837, Validation Loss: 1.6217
Epoch 235/1000, Train Loss: 0.5940, Validation Loss: 1.6988
Epoch 236/1000, Train Loss: 0.5913, Validation Loss: 1.0924
Epoch 237/1000, Train Loss: 0.5875, Validation Loss: 1.0001
Epoch 238/1000, Train Loss: 0.5947, Validation Loss: 6.1696
Epoch 239/1000, Train Loss: 0.5789, Validation Loss: 0.6844
Epoch 240/1000, Train Loss: 0.5851, Validation Loss: 0.9478
Epoch 241/1000, Train Loss: 0.5880, Validation Loss: 1.9271
Epoch 242/1000, Train Loss: 0.5854, Validation Loss: 1.0791
Epoch 243/1000, Train Loss: 0.5835, Validation Loss: 2.6170
Epoch 244/1000, Train Loss: 0.5867, Validation Loss: 0.5374
Epoch 245/1000, Train Loss: 0.5889, Validation Loss: 2.5960
Epoch 246/1000, Train Loss: 0.5938, Validation Loss: 1.3353
Epoch 247/1000, Train Loss: 0.5787, Validation Loss: 1.1725
Epoch 248/1000, Train Loss: 0.5778, Validation Loss: 3.5478
Epoch 249/1000, Train Loss: 0.5740, Validation Loss: 1.0206
Epoch 250/1000, Train Loss: 0.5797, Validation Loss: 2.4915
Epoch 251/1000, Train Loss: 0.5813, Validation Loss: 1.6588
Epoch 252/1000, Train Loss: 0.5883, Validation Loss: 0.7648
Epoch 253/1000, Train Loss: 0.5908, Validation Loss: 0.9331
Epoch 254/1000, Train Loss: 0.5849, Validation Loss: 0.7726
Epoch 255/1000, Train Loss: 0.5836, Validation Loss: 0.9333
Epoch 256/1000, Train Loss: 0.5840, Validation Loss: 3.0882
Epoch 257/1000, Train Loss: 0.5803, Validation Loss: 3.5838
Epoch 258/1000, Train Loss: 0.5838, Validation Loss: 1.6922
Epoch 259/1000, Train Loss: 0.5794, Validation Loss: 0.6224
Epoch 260/1000, Train Loss: 0.5828, Validation Loss: 2.9889
Epoch 261/1000, Train Loss: 0.5899, Validation Loss: 1.4838
Epoch 262/1000, Train Loss: 0.5883, Validation Loss: 1.7214
Epoch 263/1000, Train Loss: 0.5752, Validation Loss: 1.4458
Epoch 264/1000, Train Loss: 0.5916, Validation Loss: 1.2210
Epoch 265/1000, Train Loss: 0.5810, Validation Loss: 3.0568
Epoch 266/1000, Train Loss: 0.5742, Validation Loss: 0.6373
Epoch 267/1000, Train Loss: 0.5897, Validation Loss: 9.4903
Epoch 268/1000, Train Loss: 0.5870, Validation Loss: 1.1243
Epoch 269/1000, Train Loss: 0.5859, Validation Loss: 2.2654
Epoch 270/1000, Train Loss: 0.5855, Validation Loss: 1.7340
Epoch 271/1000, Train Loss: 0.5772, Validation Loss: 0.7852
Epoch 272/1000, Train Loss: 0.5867, Validation Loss: 1.7941
Epoch 273/1000, Train Loss: 0.5828, Validation Loss: 3.0119
Epoch 274/1000, Train Loss: 0.5751, Validation Loss: 0.8959
Epoch 275/1000, Train Loss: 0.5853, Validation Loss: 0.7030
Epoch 276/1000, Train Loss: 0.5846, Validation Loss: 2.3192
Epoch 277/1000, Train Loss: 0.5840, Validation Loss: 1.2174
Epoch 278/1000, Train Loss: 0.5865, Validation Loss: 0.8684
Epoch 279/1000, Train Loss: 0.5761, Validation Loss: 1.7568
Epoch 280/1000, Train Loss: 0.5797, Validation Loss: 1.4040
Epoch 281/1000, Train Loss: 0.5844, Validation Loss: 1.3344
Epoch 282/1000, Train Loss: 0.5809, Validation Loss: 0.7560
Epoch 283/1000, Train Loss: 0.5764, Validation Loss: 1.4812
Epoch 284/1000, Train Loss: 0.5841, Validation Loss: 0.5398
Epoch 285/1000, Train Loss: 0.5811, Validation Loss: 4.1510
Epoch 286/1000, Train Loss: 0.5764, Validation Loss: 0.9570
Epoch 287/1000, Train Loss: 0.5769, Validation Loss: 2.3762
Epoch 288/1000, Train Loss: 0.5808, Validation Loss: 0.7900
Epoch 289/1000, Train Loss: 0.5833, Validation Loss: 1.5594
Epoch 290/1000, Train Loss: 0.5755, Validation Loss: 1.0507
Epoch 291/1000, Train Loss: 0.5828, Validation Loss: 1.7488
Epoch 292/1000, Train Loss: 0.5757, Validation Loss: 0.7852
Epoch 293/1000, Train Loss: 0.5750, Validation Loss: 0.8841
Epoch 294/1000, Train Loss: 0.5784, Validation Loss: 1.1530
Epoch 295/1000, Train Loss: 0.5779, Validation Loss: 2.9321
Epoch 296/1000, Train Loss: 0.6016, Validation Loss: 1.4953
Epoch 297/1000, Train Loss: 0.5996, Validation Loss: 1.4744
Epoch 298/1000, Train Loss: 0.5794, Validation Loss: 0.6760
Epoch 299/1000, Train Loss: 0.5812, Validation Loss: 1.4624
Epoch 300/1000, Train Loss: 0.5780, Validation Loss: 2.5514
Epoch 301/1000, Train Loss: 0.5869, Validation Loss: 2.4499
Epoch 302/1000, Train Loss: 0.5744, Validation Loss: 1.5048
Epoch 303/1000, Train Loss: 0.5765, Validation Loss: 0.9441
Epoch 304/1000, Train Loss: 0.5758, Validation Loss: 2.5637
Epoch 305/1000, Train Loss: 0.5792, Validation Loss: 1.7567
Epoch 306/1000, Train Loss: 0.5761, Validation Loss: 1.6985
Epoch 307/1000, Train Loss: 0.5829, Validation Loss: 0.8597
Epoch 308/1000, Train Loss: 0.5768, Validation Loss: 1.8065
Epoch 309/1000, Train Loss: 0.5744, Validation Loss: 3.4828
Epoch 310/1000, Train Loss: 0.5708, Validation Loss: 1.6115
Epoch 311/1000, Train Loss: 0.5794, Validation Loss: 0.7722
Epoch 312/1000, Train Loss: 0.5890, Validation Loss: 0.7806
Epoch 313/1000, Train Loss: 0.5795, Validation Loss: 1.2295
Epoch 314/1000, Train Loss: 0.5815, Validation Loss: 1.3403
Epoch 315/1000, Train Loss: 0.5794, Validation Loss: 0.6729
Epoch 316/1000, Train Loss: 0.5765, Validation Loss: 0.5893
Epoch 317/1000, Train Loss: 0.5788, Validation Loss: 1.3862
Epoch 318/1000, Train Loss: 0.5752, Validation Loss: 0.9865
Epoch 319/1000, Train Loss: 0.5717, Validation Loss: 3.8307
Epoch 320/1000, Train Loss: 0.5776, Validation Loss: 2.0236
Epoch 321/1000, Train Loss: 0.5833, Validation Loss: 0.5822
Epoch 322/1000, Train Loss: 0.5862, Validation Loss: 0.7421
Epoch 323/1000, Train Loss: 0.5721, Validation Loss: 0.8035
Epoch 324/1000, Train Loss: 0.5725, Validation Loss: 1.1151
Epoch 325/1000, Train Loss: 0.5736, Validation Loss: 0.8957
Epoch 326/1000, Train Loss: 0.5654, Validation Loss: 1.5959
Epoch 327/1000, Train Loss: 0.5698, Validation Loss: 1.0629
Epoch 328/1000, Train Loss: 0.5795, Validation Loss: 1.1062
Epoch 329/1000, Train Loss: 0.5797, Validation Loss: 0.8618
Epoch 330/1000, Train Loss: 0.5697, Validation Loss: 1.4984
Epoch 331/1000, Train Loss: 0.5693, Validation Loss: 4.4765
Epoch 332/1000, Train Loss: 0.5734, Validation Loss: 1.5191
Epoch 333/1000, Train Loss: 0.5735, Validation Loss: 0.6047
Epoch 334/1000, Train Loss: 0.5799, Validation Loss: 3.5026
Epoch 335/1000, Train Loss: 0.5701, Validation Loss: 1.1177
Epoch 336/1000, Train Loss: 0.5678, Validation Loss: 1.0579
Epoch 337/1000, Train Loss: 0.5670, Validation Loss: 0.6448
Epoch 338/1000, Train Loss: 0.5803, Validation Loss: 1.5436
Epoch 339/1000, Train Loss: 0.5779, Validation Loss: 0.9864
Epoch 340/1000, Train Loss: 0.5775, Validation Loss: 0.7958
Epoch 341/1000, Train Loss: 0.5736, Validation Loss: 0.7569
Epoch 342/1000, Train Loss: 0.5775, Validation Loss: 0.6391
Epoch 343/1000, Train Loss: 0.5772, Validation Loss: 2.4283
Epoch 344/1000, Train Loss: 0.5649, Validation Loss: 1.2696
Epoch 345/1000, Train Loss: 0.5834, Validation Loss: 1.6131
Epoch 346/1000, Train Loss: 0.5753, Validation Loss: 1.6539
Epoch 347/1000, Train Loss: 0.5702, Validation Loss: 3.2034
Epoch 348/1000, Train Loss: 0.5741, Validation Loss: 0.8264
Epoch 349/1000, Train Loss: 0.5746, Validation Loss: 0.9506
Epoch 350/1000, Train Loss: 0.5746, Validation Loss: 1.8100
Epoch 351/1000, Train Loss: 0.5845, Validation Loss: 0.6127
Epoch 352/1000, Train Loss: 0.5688, Validation Loss: 1.7051
Epoch 353/1000, Train Loss: 0.5794, Validation Loss: 0.9703
Epoch 354/1000, Train Loss: 0.5713, Validation Loss: 0.6988
Epoch 355/1000, Train Loss: 0.5641, Validation Loss: 1.5268
Epoch 356/1000, Train Loss: 0.5670, Validation Loss: 1.0960
Epoch 357/1000, Train Loss: 0.5779, Validation Loss: 1.9714
Epoch 358/1000, Train Loss: 0.5677, Validation Loss: 1.2525
Epoch 359/1000, Train Loss: 0.5774, Validation Loss: 0.6203
Epoch 360/1000, Train Loss: 0.5759, Validation Loss: 1.8210
Epoch 361/1000, Train Loss: 0.5769, Validation Loss: 3.0818
Epoch 362/1000, Train Loss: 0.5672, Validation Loss: 1.2475
Epoch 363/1000, Train Loss: 0.5725, Validation Loss: 6.4907
Epoch 364/1000, Train Loss: 0.5676, Validation Loss: 2.1431
Epoch 365/1000, Train Loss: 0.5778, Validation Loss: 3.0060
Epoch 366/1000, Train Loss: 0.5707, Validation Loss: 2.0001
Epoch 367/1000, Train Loss: 0.5670, Validation Loss: 6.8762
Epoch 368/1000, Train Loss: 0.5724, Validation Loss: 2.1854
Epoch 369/1000, Train Loss: 0.5743, Validation Loss: 3.4066
Epoch 370/1000, Train Loss: 0.5668, Validation Loss: 2.2535
Epoch 371/1000, Train Loss: 0.5695, Validation Loss: 3.8582
Epoch 372/1000, Train Loss: 0.5712, Validation Loss: 0.6177
Epoch 373/1000, Train Loss: 0.5616, Validation Loss: 1.9395
Epoch 374/1000, Train Loss: 0.5701, Validation Loss: 3.0430
Epoch 375/1000, Train Loss: 0.5701, Validation Loss: 2.1742
Epoch 376/1000, Train Loss: 0.5702, Validation Loss: 1.2508
Epoch 377/1000, Train Loss: 0.5706, Validation Loss: 1.7133
Epoch 378/1000, Train Loss: 0.5828, Validation Loss: 0.6023
Epoch 379/1000, Train Loss: 0.5747, Validation Loss: 0.8521
Epoch 380/1000, Train Loss: 0.5695, Validation Loss: 0.7191
Epoch 381/1000, Train Loss: 0.5767, Validation Loss: 0.6819
Epoch 382/1000, Train Loss: 0.5671, Validation Loss: 3.2819
Epoch 383/1000, Train Loss: 0.5702, Validation Loss: 2.3159
Epoch 384/1000, Train Loss: 0.5735, Validation Loss: 3.0907
Epoch 385/1000, Train Loss: 0.5692, Validation Loss: 0.9282
Epoch 386/1000, Train Loss: 0.5617, Validation Loss: 1.1184
Epoch 387/1000, Train Loss: 0.5748, Validation Loss: 0.6512
Epoch 388/1000, Train Loss: 0.5708, Validation Loss: 4.9016
Epoch 389/1000, Train Loss: 0.5806, Validation Loss: 1.0670
Epoch 390/1000, Train Loss: 0.5692, Validation Loss: 0.6624
Epoch 391/1000, Train Loss: 0.5661, Validation Loss: 1.5043
Epoch 392/1000, Train Loss: 0.5743, Validation Loss: 2.1308
Epoch 393/1000, Train Loss: 0.5700, Validation Loss: 0.6348
Epoch 394/1000, Train Loss: 0.5699, Validation Loss: 1.3861
Epoch 395/1000, Train Loss: 0.5746, Validation Loss: 2.4976
Epoch 396/1000, Train Loss: 0.5734, Validation Loss: 0.7034
Epoch 397/1000, Train Loss: 0.5774, Validation Loss: 2.4832
Epoch 398/1000, Train Loss: 0.5724, Validation Loss: 2.2457
Epoch 399/1000, Train Loss: 0.5774, Validation Loss: 1.5428
Epoch 400/1000, Train Loss: 0.5640, Validation Loss: 0.7051
Epoch 401/1000, Train Loss: 0.5652, Validation Loss: 5.4942
Epoch 402/1000, Train Loss: 0.5738, Validation Loss: 7.2957
Epoch 403/1000, Train Loss: 0.5643, Validation Loss: 2.0905
Epoch 404/1000, Train Loss: 0.5678, Validation Loss: 2.1293
Epoch 405/1000, Train Loss: 0.5621, Validation Loss: 0.9255
Epoch 406/1000, Train Loss: 0.5687, Validation Loss: 1.1900
Epoch 407/1000, Train Loss: 0.5689, Validation Loss: 0.6123
Epoch 408/1000, Train Loss: 0.5699, Validation Loss: 0.8163
Epoch 409/1000, Train Loss: 0.5673, Validation Loss: 3.3176
Epoch 410/1000, Train Loss: 0.5734, Validation Loss: 2.1122
Epoch 411/1000, Train Loss: 0.5706, Validation Loss: 1.9003
Epoch 412/1000, Train Loss: 0.5693, Validation Loss: 2.5763
Epoch 413/1000, Train Loss: 0.5666, Validation Loss: 1.7407
Epoch 414/1000, Train Loss: 0.5597, Validation Loss: 1.1763
Epoch 415/1000, Train Loss: 0.5715, Validation Loss: 1.1679
Epoch 416/1000, Train Loss: 0.5604, Validation Loss: 0.6978
Epoch 417/1000, Train Loss: 0.5641, Validation Loss: 1.1554
Epoch 418/1000, Train Loss: 0.5578, Validation Loss: 2.6424
Epoch 419/1000, Train Loss: 0.5609, Validation Loss: 1.5089
Epoch 420/1000, Train Loss: 0.5688, Validation Loss: 2.9561
Epoch 421/1000, Train Loss: 0.5592, Validation Loss: 0.7418
Epoch 422/1000, Train Loss: 0.5748, Validation Loss: 0.5819
Epoch 423/1000, Train Loss: 0.6252, Validation Loss: 2.1874
Epoch 424/1000, Train Loss: 0.5583, Validation Loss: 0.7732
Epoch 425/1000, Train Loss: 0.5692, Validation Loss: 1.3739
Epoch 426/1000, Train Loss: 0.5712, Validation Loss: 0.7251
Epoch 427/1000, Train Loss: 0.5626, Validation Loss: 1.5624
Epoch 428/1000, Train Loss: 0.5720, Validation Loss: 0.5465
Epoch 429/1000, Train Loss: 0.5644, Validation Loss: 1.0642
Epoch 430/1000, Train Loss: 0.5979, Validation Loss: 0.7984
Epoch 431/1000, Train Loss: 0.5645, Validation Loss: 2.5557
Epoch 432/1000, Train Loss: 0.5731, Validation Loss: 0.6758
Epoch 433/1000, Train Loss: 0.5722, Validation Loss: 1.1639
Epoch 434/1000, Train Loss: 0.5596, Validation Loss: 0.6699
Epoch 435/1000, Train Loss: 0.5627, Validation Loss: 1.9300
Epoch 436/1000, Train Loss: 0.5654, Validation Loss: 1.3980
Epoch 437/1000, Train Loss: 0.5570, Validation Loss: 1.4845
Epoch 438/1000, Train Loss: 0.5669, Validation Loss: 0.5952
Epoch 439/1000, Train Loss: 0.5653, Validation Loss: 1.9996
Epoch 440/1000, Train Loss: 0.5666, Validation Loss: 0.8543
Epoch 441/1000, Train Loss: 0.5563, Validation Loss: 2.1484
Epoch 442/1000, Train Loss: 0.5722, Validation Loss: 1.2939
Epoch 443/1000, Train Loss: 0.5609, Validation Loss: 1.0910
Epoch 444/1000, Train Loss: 0.5653, Validation Loss: 0.5710
Epoch 445/1000, Train Loss: 0.5646, Validation Loss: 0.9990
Epoch 446/1000, Train Loss: 0.5620, Validation Loss: 0.6017
Epoch 447/1000, Train Loss: 0.5669, Validation Loss: 2.0456
Epoch 448/1000, Train Loss: 0.5707, Validation Loss: 1.0430
Epoch 449/1000, Train Loss: 0.5641, Validation Loss: 1.0769
Epoch 450/1000, Train Loss: 0.5623, Validation Loss: 0.9220
Epoch 451/1000, Train Loss: 0.5639, Validation Loss: 0.9124
Epoch 452/1000, Train Loss: 0.5655, Validation Loss: 1.1913
Epoch 453/1000, Train Loss: 0.5697, Validation Loss: 4.3291
Epoch 454/1000, Train Loss: 0.5607, Validation Loss: 3.9849
Epoch 455/1000, Train Loss: 0.5654, Validation Loss: 0.6065
Epoch 456/1000, Train Loss: 0.5676, Validation Loss: 0.6025
Epoch 457/1000, Train Loss: 0.5589, Validation Loss: 1.3472
Epoch 458/1000, Train Loss: 0.5614, Validation Loss: 1.0923
Epoch 459/1000, Train Loss: 0.5607, Validation Loss: 1.3651
Epoch 460/1000, Train Loss: 0.5598, Validation Loss: 1.2744
Epoch 461/1000, Train Loss: 0.5586, Validation Loss: 0.8328
Epoch 462/1000, Train Loss: 0.5645, Validation Loss: 0.5819
Epoch 463/1000, Train Loss: 0.5664, Validation Loss: 0.9078
Epoch 464/1000, Train Loss: 0.5626, Validation Loss: 2.8630
Epoch 465/1000, Train Loss: 0.5666, Validation Loss: 0.7676
Epoch 466/1000, Train Loss: 0.5631, Validation Loss: 0.9399
Epoch 467/1000, Train Loss: 0.5727, Validation Loss: 0.8486
Epoch 468/1000, Train Loss: 0.5697, Validation Loss: 1.4695
Epoch 469/1000, Train Loss: 0.5604, Validation Loss: 1.5756
Epoch 470/1000, Train Loss: 0.5742, Validation Loss: 1.4699
Epoch 471/1000, Train Loss: 0.5567, Validation Loss: 1.0299
Epoch 472/1000, Train Loss: 0.5577, Validation Loss: 2.6207
Epoch 473/1000, Train Loss: 0.5653, Validation Loss: 1.2799
Epoch 474/1000, Train Loss: 0.5672, Validation Loss: 1.0068
Epoch 475/1000, Train Loss: 0.5561, Validation Loss: 1.1508
Epoch 476/1000, Train Loss: 0.5569, Validation Loss: 1.1642
Epoch 477/1000, Train Loss: 0.5513, Validation Loss: 1.6345
Epoch 478/1000, Train Loss: 0.5539, Validation Loss: 0.6226
Epoch 479/1000, Train Loss: 0.5607, Validation Loss: 0.7452
Epoch 480/1000, Train Loss: 0.5640, Validation Loss: 0.5464
Epoch 481/1000, Train Loss: 0.5549, Validation Loss: 1.9085
Epoch 482/1000, Train Loss: 0.5828, Validation Loss: 3.1687
Epoch 483/1000, Train Loss: 0.5546, Validation Loss: 1.7835
Epoch 484/1000, Train Loss: 0.5608, Validation Loss: 0.6230
Epoch 485/1000, Train Loss: 0.5620, Validation Loss: 0.9749
Epoch 486/1000, Train Loss: 0.5684, Validation Loss: 1.2607
Epoch 487/1000, Train Loss: 0.5486, Validation Loss: 0.5766
Epoch 488/1000, Train Loss: 0.5630, Validation Loss: 0.7426
Epoch 489/1000, Train Loss: 0.5573, Validation Loss: 3.2888
Epoch 490/1000, Train Loss: 0.5524, Validation Loss: 2.0542
Epoch 491/1000, Train Loss: 0.5600, Validation Loss: 0.5934
Epoch 492/1000, Train Loss: 0.5599, Validation Loss: 0.8781
Epoch 493/1000, Train Loss: 0.5549, Validation Loss: 2.4895
Epoch 494/1000, Train Loss: 0.5719, Validation Loss: 3.7655
Epoch 495/1000, Train Loss: 0.5532, Validation Loss: 1.8171
Epoch 496/1000, Train Loss: 0.5573, Validation Loss: 0.9146
Epoch 497/1000, Train Loss: 0.5602, Validation Loss: 3.5135
Epoch 498/1000, Train Loss: 0.5562, Validation Loss: 0.6027
Epoch 499/1000, Train Loss: 0.5471, Validation Loss: 1.9973
Epoch 500/1000, Train Loss: 0.5602, Validation Loss: 0.7497
Epoch 501/1000, Train Loss: 0.5666, Validation Loss: 0.7983
Epoch 502/1000, Train Loss: 0.5541, Validation Loss: 1.0517
Epoch 503/1000, Train Loss: 0.5549, Validation Loss: 2.3799
Epoch 504/1000, Train Loss: 0.5612, Validation Loss: 0.7494
Epoch 505/1000, Train Loss: 0.5613, Validation Loss: 2.9051
Epoch 506/1000, Train Loss: 0.5559, Validation Loss: 3.0545
Epoch 507/1000, Train Loss: 0.5521, Validation Loss: 2.8042
Epoch 508/1000, Train Loss: 0.5573, Validation Loss: 3.5193
Epoch 509/1000, Train Loss: 0.5708, Validation Loss: 3.4274
Epoch 510/1000, Train Loss: 0.5497, Validation Loss: 1.0505
Epoch 511/1000, Train Loss: 0.5701, Validation Loss: 3.5804
Epoch 512/1000, Train Loss: 0.5654, Validation Loss: 0.9531
Epoch 513/1000, Train Loss: 0.5528, Validation Loss: 2.4562
Epoch 514/1000, Train Loss: 0.5623, Validation Loss: 0.7876
Epoch 515/1000, Train Loss: 0.5622, Validation Loss: 2.0435
Epoch 516/1000, Train Loss: 0.5580, Validation Loss: 1.0033
Epoch 517/1000, Train Loss: 0.5638, Validation Loss: 3.9000
Epoch 518/1000, Train Loss: 0.5747, Validation Loss: 3.4843
Epoch 519/1000, Train Loss: 0.5564, Validation Loss: 0.8338
Epoch 520/1000, Train Loss: 0.5536, Validation Loss: 0.5719
Epoch 521/1000, Train Loss: 0.6412, Validation Loss: 0.7591
Epoch 522/1000, Train Loss: 0.5715, Validation Loss: 2.2026
Epoch 523/1000, Train Loss: 0.5603, Validation Loss: 0.7355
Epoch 524/1000, Train Loss: 0.5599, Validation Loss: 0.9679
Epoch 525/1000, Train Loss: 0.5555, Validation Loss: 2.9721
Epoch 526/1000, Train Loss: 0.5499, Validation Loss: 2.6804
Epoch 527/1000, Train Loss: 0.5643, Validation Loss: 2.4587
Epoch 528/1000, Train Loss: 0.5616, Validation Loss: 0.9772
Epoch 529/1000, Train Loss: 0.5644, Validation Loss: 6.2203
Epoch 530/1000, Train Loss: 0.5638, Validation Loss: 1.9606
Epoch 531/1000, Train Loss: 0.5525, Validation Loss: 0.6076
Epoch 532/1000, Train Loss: 0.5537, Validation Loss: 0.9659
Epoch 533/1000, Train Loss: 0.5445, Validation Loss: 1.3441
Epoch 534/1000, Train Loss: 0.5614, Validation Loss: 2.9355
Epoch 535/1000, Train Loss: 0.5592, Validation Loss: 0.9834
Epoch 536/1000, Train Loss: 0.5528, Validation Loss: 1.4626
Epoch 537/1000, Train Loss: 0.5602, Validation Loss: 0.6110
Epoch 538/1000, Train Loss: 0.5510, Validation Loss: 2.2359
Epoch 539/1000, Train Loss: 0.5563, Validation Loss: 0.7968
Epoch 540/1000, Train Loss: 0.5567, Validation Loss: 3.7911
Epoch 541/1000, Train Loss: 0.5508, Validation Loss: 1.3983
Epoch 542/1000, Train Loss: 0.5483, Validation Loss: 1.1260
Epoch 543/1000, Train Loss: 0.5526, Validation Loss: 1.1136
Epoch 544/1000, Train Loss: 0.5633, Validation Loss: 1.1268
Epoch 545/1000, Train Loss: 0.5532, Validation Loss: 3.5590
Epoch 546/1000, Train Loss: 0.5531, Validation Loss: 3.5205
Epoch 547/1000, Train Loss: 0.5605, Validation Loss: 0.6094
Epoch 548/1000, Train Loss: 0.5507, Validation Loss: 1.2125
Epoch 549/1000, Train Loss: 0.5586, Validation Loss: 1.9600
Epoch 550/1000, Train Loss: 0.5473, Validation Loss: 2.3948
Epoch 551/1000, Train Loss: 0.5518, Validation Loss: 0.6153
Epoch 552/1000, Train Loss: 0.5477, Validation Loss: 0.7860
Epoch 553/1000, Train Loss: 0.5550, Validation Loss: 4.2914
Epoch 554/1000, Train Loss: 0.5536, Validation Loss: 0.8039
Epoch 555/1000, Train Loss: 0.5514, Validation Loss: 1.7379
Epoch 556/1000, Train Loss: 0.5522, Validation Loss: 3.9200
Epoch 557/1000, Train Loss: 0.5564, Validation Loss: 1.5553
Epoch 558/1000, Train Loss: 0.5553, Validation Loss: 2.1148
Epoch 559/1000, Train Loss: 0.5479, Validation Loss: 1.4307
Epoch 560/1000, Train Loss: 0.5525, Validation Loss: 10.1199
Epoch 561/1000, Train Loss: 0.5560, Validation Loss: 1.2744
Epoch 562/1000, Train Loss: 0.5611, Validation Loss: 1.0087
Epoch 563/1000, Train Loss: 0.5476, Validation Loss: 2.2790
Epoch 564/1000, Train Loss: 0.5548, Validation Loss: 1.5103
Epoch 565/1000, Train Loss: 0.5453, Validation Loss: 2.4155
Epoch 566/1000, Train Loss: 0.5601, Validation Loss: 0.7219
Epoch 567/1000, Train Loss: 0.5472, Validation Loss: 1.4157
Epoch 568/1000, Train Loss: 0.5410, Validation Loss: 0.6213
Epoch 569/1000, Train Loss: 0.5514, Validation Loss: 0.7483
Epoch 570/1000, Train Loss: 0.5549, Validation Loss: 3.0582
Epoch 571/1000, Train Loss: 0.5487, Validation Loss: 1.2146
Epoch 572/1000, Train Loss: 0.5538, Validation Loss: 0.9632
Epoch 573/1000, Train Loss: 0.5477, Validation Loss: 0.7769
Epoch 574/1000, Train Loss: 0.5495, Validation Loss: 1.1568
Epoch 575/1000, Train Loss: 0.5452, Validation Loss: 1.9188
Epoch 576/1000, Train Loss: 0.5516, Validation Loss: 2.6622
Epoch 577/1000, Train Loss: 0.5496, Validation Loss: 2.7348
Epoch 578/1000, Train Loss: 0.5424, Validation Loss: 2.4487
Epoch 579/1000, Train Loss: 0.5538, Validation Loss: 2.0311
Epoch 580/1000, Train Loss: 0.5518, Validation Loss: 1.3402
Epoch 581/1000, Train Loss: 0.5461, Validation Loss: 0.9196
Epoch 582/1000, Train Loss: 0.5462, Validation Loss: 0.9115
Epoch 583/1000, Train Loss: 0.5492, Validation Loss: 0.7865
Epoch 584/1000, Train Loss: 0.5501, Validation Loss: 0.6046
Epoch 585/1000, Train Loss: 0.5535, Validation Loss: 0.7555
Epoch 586/1000, Train Loss: 0.5498, Validation Loss: 2.3220
Epoch 587/1000, Train Loss: 0.5492, Validation Loss: 0.5660
Epoch 588/1000, Train Loss: 0.5523, Validation Loss: 1.1833
Epoch 589/1000, Train Loss: 0.5457, Validation Loss: 1.1209
Epoch 590/1000, Train Loss: 0.5507, Validation Loss: 2.1146
Epoch 591/1000, Train Loss: 0.5456, Validation Loss: 2.6676
Epoch 592/1000, Train Loss: 0.5501, Validation Loss: 2.9543
Epoch 593/1000, Train Loss: 0.5500, Validation Loss: 2.8078
Epoch 594/1000, Train Loss: 0.5586, Validation Loss: 2.4495
Epoch 595/1000, Train Loss: 0.5561, Validation Loss: 2.1842
Epoch 596/1000, Train Loss: 0.5514, Validation Loss: 0.9703
Epoch 597/1000, Train Loss: 0.5569, Validation Loss: 0.9121
Epoch 598/1000, Train Loss: 0.5474, Validation Loss: 0.7121
Epoch 599/1000, Train Loss: 0.5526, Validation Loss: 1.5681
Epoch 600/1000, Train Loss: 0.5523, Validation Loss: 0.8369
Epoch 601/1000, Train Loss: 0.5443, Validation Loss: 0.9976
Epoch 602/1000, Train Loss: 0.5446, Validation Loss: 1.5849
Epoch 603/1000, Train Loss: 0.5432, Validation Loss: 1.2217
Epoch 604/1000, Train Loss: 0.5557, Validation Loss: 1.2483
Epoch 605/1000, Train Loss: 0.5559, Validation Loss: 1.5350
Epoch 606/1000, Train Loss: 0.5506, Validation Loss: 0.9543
Epoch 607/1000, Train Loss: 0.5567, Validation Loss: 1.9372
Epoch 608/1000, Train Loss: 0.5562, Validation Loss: 12.5328
Epoch 609/1000, Train Loss: 0.5463, Validation Loss: 0.9001
Epoch 610/1000, Train Loss: 0.5473, Validation Loss: 4.6654
Epoch 611/1000, Train Loss: 0.5481, Validation Loss: 2.1836
Epoch 612/1000, Train Loss: 0.5481, Validation Loss: 1.9400
Epoch 613/1000, Train Loss: 0.5513, Validation Loss: 1.4036
Epoch 614/1000, Train Loss: 0.5526, Validation Loss: 1.2987
Epoch 615/1000, Train Loss: 0.5574, Validation Loss: 0.7490
Epoch 616/1000, Train Loss: 0.5564, Validation Loss: 1.8569
Epoch 617/1000, Train Loss: 0.5500, Validation Loss: 1.3197
Epoch 618/1000, Train Loss: 0.5488, Validation Loss: 1.6993
Epoch 619/1000, Train Loss: 0.5471, Validation Loss: 3.5039
Epoch 620/1000, Train Loss: 0.5469, Validation Loss: 0.6550
Epoch 621/1000, Train Loss: 0.5587, Validation Loss: 0.8727
Epoch 622/1000, Train Loss: 0.5420, Validation Loss: 1.2081
Epoch 623/1000, Train Loss: 0.5614, Validation Loss: 4.1749
Epoch 624/1000, Train Loss: 0.5524, Validation Loss: 2.6088
Epoch 625/1000, Train Loss: 0.5550, Validation Loss: 0.9460
Epoch 626/1000, Train Loss: 0.5448, Validation Loss: 1.5892
Epoch 627/1000, Train Loss: 0.5508, Validation Loss: 1.3542
Epoch 628/1000, Train Loss: 0.5521, Validation Loss: 1.0855
Epoch 629/1000, Train Loss: 0.5452, Validation Loss: 1.0130
Epoch 630/1000, Train Loss: 0.5586, Validation Loss: 0.8314
Epoch 631/1000, Train Loss: 0.5544, Validation Loss: 2.9155
Epoch 632/1000, Train Loss: 0.5505, Validation Loss: 0.7235
Epoch 633/1000, Train Loss: 0.5461, Validation Loss: 1.6354
Epoch 634/1000, Train Loss: 0.5460, Validation Loss: 2.9396
Epoch 635/1000, Train Loss: 0.5503, Validation Loss: 1.7116
Epoch 636/1000, Train Loss: 0.5469, Validation Loss: 1.5104
Epoch 637/1000, Train Loss: 0.5568, Validation Loss: 1.8083
Epoch 638/1000, Train Loss: 0.5456, Validation Loss: 3.8908
Epoch 639/1000, Train Loss: 0.5490, Validation Loss: 0.8747
Epoch 640/1000, Train Loss: 0.5486, Validation Loss: 0.6458
Epoch 641/1000, Train Loss: 0.5514, Validation Loss: 4.3629
Epoch 642/1000, Train Loss: 0.5578, Validation Loss: 1.0115
Epoch 643/1000, Train Loss: 0.5528, Validation Loss: 1.9413
Epoch 644/1000, Train Loss: 0.5509, Validation Loss: 2.2399
Epoch 645/1000, Train Loss: 0.5560, Validation Loss: 1.4505
Epoch 646/1000, Train Loss: 0.5499, Validation Loss: 0.9861
Epoch 647/1000, Train Loss: 0.5614, Validation Loss: 0.5870
Epoch 648/1000, Train Loss: 0.5515, Validation Loss: 0.8007
Epoch 649/1000, Train Loss: 0.5484, Validation Loss: 0.7370
Epoch 650/1000, Train Loss: 0.5474, Validation Loss: 1.3295
Epoch 651/1000, Train Loss: 0.5463, Validation Loss: 2.4579
Epoch 652/1000, Train Loss: 0.5496, Validation Loss: 0.9077
Epoch 653/1000, Train Loss: 0.5481, Validation Loss: 0.8793
Epoch 654/1000, Train Loss: 0.5496, Validation Loss: 1.1130
Epoch 655/1000, Train Loss: 0.5501, Validation Loss: 2.4251
Epoch 656/1000, Train Loss: 0.5515, Validation Loss: 2.5703
Epoch 657/1000, Train Loss: 0.5580, Validation Loss: 1.1591
Epoch 658/1000, Train Loss: 0.5543, Validation Loss: 0.8664
Epoch 659/1000, Train Loss: 0.5525, Validation Loss: 1.4961
Epoch 660/1000, Train Loss: 0.5470, Validation Loss: 1.0462
Epoch 661/1000, Train Loss: 0.5524, Validation Loss: 1.1600
Epoch 662/1000, Train Loss: 0.5510, Validation Loss: 1.6936
Epoch 663/1000, Train Loss: 0.5488, Validation Loss: 1.0854
Epoch 664/1000, Train Loss: 0.5399, Validation Loss: 0.5725
Epoch 665/1000, Train Loss: 0.5457, Validation Loss: 1.2046
Epoch 666/1000, Train Loss: 0.5397, Validation Loss: 0.8105
Epoch 667/1000, Train Loss: 0.5472, Validation Loss: 3.2928
Epoch 668/1000, Train Loss: 0.5373, Validation Loss: 3.0097
Epoch 669/1000, Train Loss: 0.5503, Validation Loss: 0.5890
Epoch 670/1000, Train Loss: 0.5393, Validation Loss: 1.7379
Epoch 671/1000, Train Loss: 0.5487, Validation Loss: 1.8436
Epoch 672/1000, Train Loss: 0.5492, Validation Loss: 0.7430
Epoch 673/1000, Train Loss: 0.5506, Validation Loss: 2.5347
Epoch 674/1000, Train Loss: 0.5492, Validation Loss: 1.7953
Epoch 675/1000, Train Loss: 0.5469, Validation Loss: 1.0170
Epoch 676/1000, Train Loss: 0.5499, Validation Loss: 1.0440
Epoch 677/1000, Train Loss: 0.5507, Validation Loss: 3.0845
Epoch 678/1000, Train Loss: 0.5468, Validation Loss: 1.1857
Epoch 679/1000, Train Loss: 0.5374, Validation Loss: 0.8622
Epoch 680/1000, Train Loss: 0.5514, Validation Loss: 1.8680
Epoch 681/1000, Train Loss: 0.5439, Validation Loss: 5.2017
Epoch 682/1000, Train Loss: 0.5387, Validation Loss: 1.2522
Epoch 683/1000, Train Loss: 0.5430, Validation Loss: 2.9818
Epoch 684/1000, Train Loss: 0.5456, Validation Loss: 1.0409
Epoch 685/1000, Train Loss: 0.5444, Validation Loss: 5.1553
Epoch 686/1000, Train Loss: 0.5501, Validation Loss: 1.0163
Epoch 687/1000, Train Loss: 0.5422, Validation Loss: 2.6182
Epoch 688/1000, Train Loss: 0.5416, Validation Loss: 1.5209
Epoch 689/1000, Train Loss: 0.5392, Validation Loss: 1.9623
Epoch 690/1000, Train Loss: 0.5544, Validation Loss: 2.5210
Epoch 691/1000, Train Loss: 0.5405, Validation Loss: 1.6260
Epoch 692/1000, Train Loss: 0.5450, Validation Loss: 0.5873
Epoch 693/1000, Train Loss: 0.5387, Validation Loss: 1.9376
Epoch 694/1000, Train Loss: 0.5462, Validation Loss: 1.8960
Epoch 695/1000, Train Loss: 0.5464, Validation Loss: 2.1487
Epoch 696/1000, Train Loss: 0.5397, Validation Loss: 2.0192
Epoch 697/1000, Train Loss: 0.5452, Validation Loss: 1.3472
Epoch 698/1000, Train Loss: 0.5559, Validation Loss: 1.1361
Epoch 699/1000, Train Loss: 0.5308, Validation Loss: 5.4114
Epoch 700/1000, Train Loss: 0.5463, Validation Loss: 4.0652
Epoch 701/1000, Train Loss: 0.5410, Validation Loss: 0.6581
Epoch 702/1000, Train Loss: 0.5476, Validation Loss: 0.7243
Epoch 703/1000, Train Loss: 0.5467, Validation Loss: 1.4962
Epoch 704/1000, Train Loss: 0.5411, Validation Loss: 3.5652
Epoch 705/1000, Train Loss: 0.5474, Validation Loss: 1.0414
Epoch 706/1000, Train Loss: 0.5386, Validation Loss: 1.2242
Epoch 707/1000, Train Loss: 0.5402, Validation Loss: 1.5881
Epoch 708/1000, Train Loss: 0.5460, Validation Loss: 1.6985
Epoch 709/1000, Train Loss: 0.5397, Validation Loss: 1.0385
Epoch 710/1000, Train Loss: 0.5425, Validation Loss: 3.2217
Epoch 711/1000, Train Loss: 0.5382, Validation Loss: 0.9775
Epoch 712/1000, Train Loss: 0.5407, Validation Loss: 1.9160
Epoch 713/1000, Train Loss: 0.5366, Validation Loss: 1.7521
Epoch 714/1000, Train Loss: 0.5570, Validation Loss: 1.4004
Epoch 715/1000, Train Loss: 0.5407, Validation Loss: 1.4109
Epoch 716/1000, Train Loss: 0.5440, Validation Loss: 1.6792
Epoch 717/1000, Train Loss: 0.5414, Validation Loss: 2.6964
Epoch 718/1000, Train Loss: 0.5433, Validation Loss: 0.8734
Epoch 719/1000, Train Loss: 0.5426, Validation Loss: 2.2755
Epoch 720/1000, Train Loss: 0.5454, Validation Loss: 1.0750
Epoch 721/1000, Train Loss: 0.5454, Validation Loss: 1.3868
Epoch 722/1000, Train Loss: 0.5479, Validation Loss: 0.9654
Epoch 723/1000, Train Loss: 0.5614, Validation Loss: 0.6524
Epoch 724/1000, Train Loss: 0.5421, Validation Loss: 1.7006
Epoch 725/1000, Train Loss: 0.5449, Validation Loss: 1.2187
Epoch 726/1000, Train Loss: 0.5413, Validation Loss: 2.0703
Epoch 727/1000, Train Loss: 0.5520, Validation Loss: 3.2454
Epoch 728/1000, Train Loss: 0.5470, Validation Loss: 0.9438
Epoch 729/1000, Train Loss: 0.5457, Validation Loss: 1.3408
Epoch 730/1000, Train Loss: 0.5488, Validation Loss: 3.3914
Epoch 731/1000, Train Loss: 0.5376, Validation Loss: 3.4882
Epoch 732/1000, Train Loss: 0.5347, Validation Loss: 2.9491
Epoch 733/1000, Train Loss: 0.5459, Validation Loss: 1.2447
Epoch 734/1000, Train Loss: 0.5352, Validation Loss: 0.6341
Epoch 735/1000, Train Loss: 0.5443, Validation Loss: 0.7396
Epoch 736/1000, Train Loss: 0.5436, Validation Loss: 1.5389
Epoch 737/1000, Train Loss: 0.5421, Validation Loss: 3.3913
Epoch 738/1000, Train Loss: 0.5381, Validation Loss: 0.8384
Epoch 739/1000, Train Loss: 0.5415, Validation Loss: 0.8163
Epoch 740/1000, Train Loss: 0.5383, Validation Loss: 2.5988
Epoch 741/1000, Train Loss: 0.5369, Validation Loss: 0.5843
Epoch 742/1000, Train Loss: 0.5533, Validation Loss: 1.9702
Epoch 743/1000, Train Loss: 0.5346, Validation Loss: 0.9622
Epoch 744/1000, Train Loss: 0.5401, Validation Loss: 0.6236
Epoch 745/1000, Train Loss: 0.5360, Validation Loss: 1.3089
Epoch 746/1000, Train Loss: 0.5429, Validation Loss: 2.9954
Epoch 747/1000, Train Loss: 0.5329, Validation Loss: 1.3014
Epoch 748/1000, Train Loss: 0.5534, Validation Loss: 2.3687
Epoch 749/1000, Train Loss: 0.5418, Validation Loss: 1.3788
Epoch 750/1000, Train Loss: 0.5361, Validation Loss: 1.8140
Epoch 751/1000, Train Loss: 0.5433, Validation Loss: 3.7464
Epoch 752/1000, Train Loss: 0.5436, Validation Loss: 1.5044
Epoch 753/1000, Train Loss: 0.5422, Validation Loss: 3.1056
Epoch 754/1000, Train Loss: 0.5480, Validation Loss: 1.4012
Epoch 755/1000, Train Loss: 0.5470, Validation Loss: 1.8386
Epoch 756/1000, Train Loss: 0.5379, Validation Loss: 0.9992
Epoch 757/1000, Train Loss: 0.5430, Validation Loss: 1.4602
Epoch 758/1000, Train Loss: 0.5407, Validation Loss: 0.6230
Epoch 759/1000, Train Loss: 0.5399, Validation Loss: 2.1327
Epoch 760/1000, Train Loss: 0.5421, Validation Loss: 2.5319
Epoch 761/1000, Train Loss: 0.5425, Validation Loss: 3.2089
Epoch 762/1000, Train Loss: 0.5482, Validation Loss: 0.8138
Epoch 763/1000, Train Loss: 0.5344, Validation Loss: 1.8797
Epoch 764/1000, Train Loss: 0.5340, Validation Loss: 1.0131
Epoch 765/1000, Train Loss: 0.5410, Validation Loss: 1.0034
Epoch 766/1000, Train Loss: 0.5298, Validation Loss: 1.6734
Epoch 767/1000, Train Loss: 0.5349, Validation Loss: 0.6957
Epoch 768/1000, Train Loss: 0.5430, Validation Loss: 1.0952
Epoch 769/1000, Train Loss: 0.5442, Validation Loss: 1.2315
Epoch 770/1000, Train Loss: 0.5410, Validation Loss: 1.5233
Epoch 771/1000, Train Loss: 0.5397, Validation Loss: 1.3692
Epoch 772/1000, Train Loss: 0.5343, Validation Loss: 2.1979
Epoch 773/1000, Train Loss: 0.5340, Validation Loss: 1.2876
Epoch 774/1000, Train Loss: 0.5319, Validation Loss: 1.2136
Epoch 775/1000, Train Loss: 0.5355, Validation Loss: 0.8794
Epoch 776/1000, Train Loss: 0.5363, Validation Loss: 2.1440
Epoch 777/1000, Train Loss: 0.5407, Validation Loss: 0.9629
Epoch 778/1000, Train Loss: 0.5387, Validation Loss: 1.9351
Epoch 779/1000, Train Loss: 0.5476, Validation Loss: 1.7369
Epoch 780/1000, Train Loss: 0.5414, Validation Loss: 0.8281
Epoch 781/1000, Train Loss: 0.5275, Validation Loss: 2.5839
Epoch 782/1000, Train Loss: 0.5399, Validation Loss: 0.9510
Epoch 783/1000, Train Loss: 0.5638, Validation Loss: 2.4258
Epoch 784/1000, Train Loss: 0.5380, Validation Loss: 1.7278
Epoch 785/1000, Train Loss: 0.5321, Validation Loss: 2.2511
Epoch 786/1000, Train Loss: 0.5433, Validation Loss: 0.7694
Epoch 787/1000, Train Loss: 0.5351, Validation Loss: 0.5437
Epoch 788/1000, Train Loss: 0.5381, Validation Loss: 1.5542
Epoch 789/1000, Train Loss: 0.5422, Validation Loss: 0.7287
Epoch 790/1000, Train Loss: 0.5435, Validation Loss: 2.6242
Epoch 791/1000, Train Loss: 0.5278, Validation Loss: 0.6902
Epoch 792/1000, Train Loss: 0.5378, Validation Loss: 1.5464
Epoch 793/1000, Train Loss: 0.5405, Validation Loss: 0.8516
Epoch 794/1000, Train Loss: 0.5328, Validation Loss: 1.3604
Epoch 795/1000, Train Loss: 0.5401, Validation Loss: 0.5404
Epoch 796/1000, Train Loss: 0.5323, Validation Loss: 1.2644
Epoch 797/1000, Train Loss: 0.5344, Validation Loss: 2.0458
Epoch 798/1000, Train Loss: 0.5424, Validation Loss: 2.1878
Epoch 799/1000, Train Loss: 0.5338, Validation Loss: 1.0793
Epoch 800/1000, Train Loss: 0.5372, Validation Loss: 3.9427
Epoch 801/1000, Train Loss: 0.5351, Validation Loss: 0.9667
Epoch 802/1000, Train Loss: 0.5355, Validation Loss: 2.9589
Epoch 803/1000, Train Loss: 0.5356, Validation Loss: 0.9135
Epoch 804/1000, Train Loss: 0.5364, Validation Loss: 1.7696
Epoch 805/1000, Train Loss: 0.5315, Validation Loss: 3.6543
Epoch 806/1000, Train Loss: 0.5361, Validation Loss: 7.2773
Epoch 807/1000, Train Loss: 0.5401, Validation Loss: 1.4422
Epoch 808/1000, Train Loss: 0.5279, Validation Loss: 2.7570
Epoch 809/1000, Train Loss: 0.5272, Validation Loss: 1.3500
Epoch 810/1000, Train Loss: 0.5319, Validation Loss: 0.7040
Epoch 811/1000, Train Loss: 0.5331, Validation Loss: 1.0610
Epoch 812/1000, Train Loss: 0.5328, Validation Loss: 1.6976
Epoch 813/1000, Train Loss: 0.5331, Validation Loss: 1.4938
Epoch 814/1000, Train Loss: 0.5385, Validation Loss: 1.4327
Epoch 815/1000, Train Loss: 0.5313, Validation Loss: 0.7097
Epoch 816/1000, Train Loss: 0.5299, Validation Loss: 3.3725
Epoch 817/1000, Train Loss: 0.5610, Validation Loss: 0.8826
Epoch 818/1000, Train Loss: 0.5361, Validation Loss: 2.8570
Epoch 819/1000, Train Loss: 0.5373, Validation Loss: 1.1442
Epoch 820/1000, Train Loss: 0.5363, Validation Loss: 0.7582
Epoch 821/1000, Train Loss: 0.5329, Validation Loss: 1.4634
Epoch 822/1000, Train Loss: 0.5444, Validation Loss: 0.9617
Epoch 823/1000, Train Loss: 0.5442, Validation Loss: 0.6081
Epoch 824/1000, Train Loss: 0.5305, Validation Loss: 0.5532
Epoch 825/1000, Train Loss: 0.5443, Validation Loss: 1.1363
Epoch 826/1000, Train Loss: 0.5450, Validation Loss: 0.7133
Epoch 827/1000, Train Loss: 0.5436, Validation Loss: 0.6843
Epoch 828/1000, Train Loss: 0.5348, Validation Loss: 0.8306
Epoch 829/1000, Train Loss: 0.5502, Validation Loss: 0.9905
Epoch 830/1000, Train Loss: 0.5350, Validation Loss: 2.6777
Epoch 831/1000, Train Loss: 0.5474, Validation Loss: 0.6932
Epoch 832/1000, Train Loss: 0.5329, Validation Loss: 1.9917
Epoch 833/1000, Train Loss: 0.5350, Validation Loss: 2.1873
Epoch 834/1000, Train Loss: 0.5368, Validation Loss: 1.0270
Epoch 835/1000, Train Loss: 0.5321, Validation Loss: 3.1247
Epoch 836/1000, Train Loss: 0.5363, Validation Loss: 0.8199
Epoch 837/1000, Train Loss: 0.5421, Validation Loss: 1.3137
Epoch 838/1000, Train Loss: 0.5366, Validation Loss: 2.1470
Epoch 839/1000, Train Loss: 0.5368, Validation Loss: 2.6671
Epoch 840/1000, Train Loss: 0.5411, Validation Loss: 9.8142
Epoch 841/1000, Train Loss: 0.5381, Validation Loss: 0.7515
Epoch 842/1000, Train Loss: 0.5350, Validation Loss: 0.9613
Epoch 843/1000, Train Loss: 0.5291, Validation Loss: 1.4950
Epoch 844/1000, Train Loss: 0.5355, Validation Loss: 2.8975
Epoch 845/1000, Train Loss: 0.5305, Validation Loss: 2.5764
Epoch 846/1000, Train Loss: 0.5418, Validation Loss: 3.8694
Epoch 847/1000, Train Loss: 0.5330, Validation Loss: 2.6199
Epoch 848/1000, Train Loss: 0.5392, Validation Loss: 0.8593
Epoch 849/1000, Train Loss: 0.5334, Validation Loss: 0.8148
Epoch 850/1000, Train Loss: 0.5343, Validation Loss: 0.9542
Epoch 851/1000, Train Loss: 0.5375, Validation Loss: 1.8229
Epoch 852/1000, Train Loss: 0.5401, Validation Loss: 3.0515
Epoch 853/1000, Train Loss: 0.5400, Validation Loss: 1.1542
Epoch 854/1000, Train Loss: 0.5327, Validation Loss: 1.6376
Epoch 855/1000, Train Loss: 0.5331, Validation Loss: 3.9131
Epoch 856/1000, Train Loss: 0.5374, Validation Loss: 2.1237
Epoch 857/1000, Train Loss: 0.5346, Validation Loss: 2.1501
Epoch 858/1000, Train Loss: 0.5372, Validation Loss: 1.9284
Epoch 859/1000, Train Loss: 0.5400, Validation Loss: 1.7604
Epoch 860/1000, Train Loss: 0.5301, Validation Loss: 5.6547
Epoch 861/1000, Train Loss: 0.5344, Validation Loss: 0.8739
Epoch 862/1000, Train Loss: 0.5289, Validation Loss: 2.0641
Epoch 863/1000, Train Loss: 0.5262, Validation Loss: 2.0016
Epoch 864/1000, Train Loss: 0.5324, Validation Loss: 2.2345
Epoch 865/1000, Train Loss: 0.5379, Validation Loss: 4.0273
Epoch 866/1000, Train Loss: 0.5316, Validation Loss: 1.3125
Epoch 867/1000, Train Loss: 0.5297, Validation Loss: 1.0023
Epoch 868/1000, Train Loss: 0.5339, Validation Loss: 0.8956
Epoch 869/1000, Train Loss: 0.5361, Validation Loss: 1.0055
Epoch 870/1000, Train Loss: 0.5413, Validation Loss: 0.9777
Epoch 871/1000, Train Loss: 0.5362, Validation Loss: 1.3724
Epoch 872/1000, Train Loss: 0.5377, Validation Loss: 0.8801
Epoch 873/1000, Train Loss: 0.5331, Validation Loss: 0.6473
Epoch 874/1000, Train Loss: 0.5319, Validation Loss: 1.0982
Epoch 875/1000, Train Loss: 0.5343, Validation Loss: 1.3966
Epoch 876/1000, Train Loss: 0.5333, Validation Loss: 0.6168
Epoch 877/1000, Train Loss: 0.5310, Validation Loss: 3.9434
Epoch 878/1000, Train Loss: 0.5335, Validation Loss: 0.8790
Epoch 879/1000, Train Loss: 0.5314, Validation Loss: 2.6753
Epoch 880/1000, Train Loss: 0.5317, Validation Loss: 0.6344
Epoch 881/1000, Train Loss: 0.5527, Validation Loss: 1.9133
Epoch 882/1000, Train Loss: 0.5320, Validation Loss: 3.3320
Epoch 883/1000, Train Loss: 0.5301, Validation Loss: 0.6721
Epoch 884/1000, Train Loss: 0.5316, Validation Loss: 1.6057
Epoch 885/1000, Train Loss: 0.5379, Validation Loss: 0.8408
Epoch 886/1000, Train Loss: 0.5366, Validation Loss: 2.6199
Epoch 887/1000, Train Loss: 0.5418, Validation Loss: 2.0056
Epoch 888/1000, Train Loss: 0.5377, Validation Loss: 2.7228
Epoch 889/1000, Train Loss: 0.5306, Validation Loss: 1.0956
Epoch 890/1000, Train Loss: 0.5272, Validation Loss: 2.6447
Epoch 891/1000, Train Loss: 0.5339, Validation Loss: 2.0631
Epoch 892/1000, Train Loss: 0.5306, Validation Loss: 0.7243
Epoch 893/1000, Train Loss: 0.5404, Validation Loss: 0.9432
Epoch 894/1000, Train Loss: 0.5290, Validation Loss: 7.7104
Epoch 895/1000, Train Loss: 0.5347, Validation Loss: 1.9227
Epoch 896/1000, Train Loss: 0.5324, Validation Loss: 3.1840
Epoch 897/1000, Train Loss: 0.5286, Validation Loss: 8.0876
Epoch 898/1000, Train Loss: 0.5224, Validation Loss: 0.8037
Epoch 899/1000, Train Loss: 0.5339, Validation Loss: 0.7956
Epoch 900/1000, Train Loss: 0.5322, Validation Loss: 1.3359
Epoch 901/1000, Train Loss: 0.5343, Validation Loss: 1.4912
Epoch 902/1000, Train Loss: 0.5389, Validation Loss: 3.0333
Epoch 903/1000, Train Loss: 0.5289, Validation Loss: 1.2860
Epoch 904/1000, Train Loss: 0.5278, Validation Loss: 0.9466
Epoch 905/1000, Train Loss: 0.5260, Validation Loss: 1.5319
Epoch 906/1000, Train Loss: 0.5364, Validation Loss: 4.5641
Epoch 907/1000, Train Loss: 0.5226, Validation Loss: 1.9847
Epoch 908/1000, Train Loss: 0.5269, Validation Loss: 0.7810
Epoch 909/1000, Train Loss: 0.5327, Validation Loss: 4.5892
Epoch 910/1000, Train Loss: 0.5446, Validation Loss: 2.5392
Epoch 911/1000, Train Loss: 0.5341, Validation Loss: 1.8153
Epoch 912/1000, Train Loss: 0.5270, Validation Loss: 1.1360
Epoch 913/1000, Train Loss: 0.5321, Validation Loss: 0.8511
Epoch 914/1000, Train Loss: 0.5289, Validation Loss: 0.6903
Epoch 915/1000, Train Loss: 0.5307, Validation Loss: 3.9192
Epoch 916/1000, Train Loss: 0.5339, Validation Loss: 1.1709
Epoch 917/1000, Train Loss: 0.5434, Validation Loss: 1.3015
Epoch 918/1000, Train Loss: 0.5273, Validation Loss: 0.8730
Epoch 919/1000, Train Loss: 0.5293, Validation Loss: 3.7887
Epoch 920/1000, Train Loss: 0.5334, Validation Loss: 1.0505
Epoch 921/1000, Train Loss: 0.5241, Validation Loss: 1.5417
Epoch 922/1000, Train Loss: 0.5310, Validation Loss: 1.1851
Epoch 923/1000, Train Loss: 0.5359, Validation Loss: 1.9919
Epoch 924/1000, Train Loss: 0.5339, Validation Loss: 1.9890
Epoch 925/1000, Train Loss: 0.5328, Validation Loss: 2.3256
Epoch 926/1000, Train Loss: 0.5287, Validation Loss: 1.4088
Epoch 927/1000, Train Loss: 0.5346, Validation Loss: 3.1138
Epoch 928/1000, Train Loss: 0.5304, Validation Loss: 0.9143
Epoch 929/1000, Train Loss: 0.5310, Validation Loss: 4.0497
Epoch 930/1000, Train Loss: 0.5338, Validation Loss: 2.3407
Epoch 931/1000, Train Loss: 0.5518, Validation Loss: 0.7250
Epoch 932/1000, Train Loss: 0.5269, Validation Loss: 1.1333
Epoch 933/1000, Train Loss: 0.5305, Validation Loss: 1.0009
Epoch 934/1000, Train Loss: 0.5241, Validation Loss: 0.9919
Epoch 935/1000, Train Loss: 0.5411, Validation Loss: 1.8606
Epoch 936/1000, Train Loss: 0.5339, Validation Loss: 2.8499
Epoch 937/1000, Train Loss: 0.5333, Validation Loss: 1.2526
Epoch 938/1000, Train Loss: 0.5416, Validation Loss: 0.9377
Epoch 939/1000, Train Loss: 0.5348, Validation Loss: 1.0739
Epoch 940/1000, Train Loss: 0.5466, Validation Loss: 2.3038
Epoch 941/1000, Train Loss: 0.5440, Validation Loss: 0.6935
Epoch 942/1000, Train Loss: 0.5384, Validation Loss: 1.6304
Epoch 943/1000, Train Loss: 0.5220, Validation Loss: 1.3732
Epoch 944/1000, Train Loss: 0.5261, Validation Loss: 2.6811
Epoch 945/1000, Train Loss: 0.5321, Validation Loss: 0.6178
Epoch 946/1000, Train Loss: 0.5312, Validation Loss: 0.8161
Epoch 947/1000, Train Loss: 0.5270, Validation Loss: 0.6961
Epoch 948/1000, Train Loss: 0.5320, Validation Loss: 0.6496
Epoch 949/1000, Train Loss: 0.5351, Validation Loss: 2.5327
Epoch 950/1000, Train Loss: 0.5256, Validation Loss: 0.6695
Epoch 951/1000, Train Loss: 0.5277, Validation Loss: 2.2496
Epoch 952/1000, Train Loss: 0.5293, Validation Loss: 2.9596
Epoch 953/1000, Train Loss: 0.5266, Validation Loss: 2.4498
Epoch 954/1000, Train Loss: 0.5320, Validation Loss: 1.6413
Epoch 955/1000, Train Loss: 0.5267, Validation Loss: 1.2619
Epoch 956/1000, Train Loss: 0.5346, Validation Loss: 0.6477
Epoch 957/1000, Train Loss: 0.5366, Validation Loss: 1.2377
Epoch 958/1000, Train Loss: 0.5297, Validation Loss: 2.0135
Epoch 959/1000, Train Loss: 0.5256, Validation Loss: 1.2515
Epoch 960/1000, Train Loss: 0.5253, Validation Loss: 3.0896
Epoch 961/1000, Train Loss: 0.5252, Validation Loss: 1.1138
Epoch 962/1000, Train Loss: 0.5335, Validation Loss: 5.8778
Epoch 963/1000, Train Loss: 0.5330, Validation Loss: 2.0851
Epoch 964/1000, Train Loss: 0.5265, Validation Loss: 3.7555
Epoch 965/1000, Train Loss: 0.5320, Validation Loss: 2.9020
Epoch 966/1000, Train Loss: 0.5276, Validation Loss: 1.2019
Epoch 967/1000, Train Loss: 0.5336, Validation Loss: 1.1672
Epoch 968/1000, Train Loss: 0.5328, Validation Loss: 0.8186
Epoch 969/1000, Train Loss: 0.5228, Validation Loss: 1.3739
Epoch 970/1000, Train Loss: 0.5317, Validation Loss: 3.4892
Epoch 971/1000, Train Loss: 0.5351, Validation Loss: 0.8985
Epoch 972/1000, Train Loss: 0.5287, Validation Loss: 1.0351
Epoch 973/1000, Train Loss: 0.5294, Validation Loss: 3.6800
Epoch 974/1000, Train Loss: 0.5301, Validation Loss: 1.9120
Epoch 975/1000, Train Loss: 0.5369, Validation Loss: 0.8851
Epoch 976/1000, Train Loss: 0.5349, Validation Loss: 9.3417
Epoch 977/1000, Train Loss: 0.5313, Validation Loss: 0.6011
Epoch 978/1000, Train Loss: 0.5301, Validation Loss: 4.9027
Epoch 979/1000, Train Loss: 0.5300, Validation Loss: 3.0173
Epoch 980/1000, Train Loss: 0.5322, Validation Loss: 1.1317
Epoch 981/1000, Train Loss: 0.5296, Validation Loss: 1.8739
Epoch 982/1000, Train Loss: 0.5258, Validation Loss: 2.8895
Epoch 983/1000, Train Loss: 0.5225, Validation Loss: 4.9530
Epoch 984/1000, Train Loss: 0.5348, Validation Loss: 0.8764
Epoch 985/1000, Train Loss: 0.5255, Validation Loss: 2.5124
Epoch 986/1000, Train Loss: 0.5296, Validation Loss: 1.3280
Epoch 987/1000, Train Loss: 0.5222, Validation Loss: 1.2418
Epoch 988/1000, Train Loss: 0.5297, Validation Loss: 4.2072
Epoch 989/1000, Train Loss: 0.5261, Validation Loss: 0.8077
Epoch 990/1000, Train Loss: 0.5269, Validation Loss: 1.3634
Epoch 991/1000, Train Loss: 0.5303, Validation Loss: 1.2674
Epoch 992/1000, Train Loss: 0.5242, Validation Loss: 1.2925
Epoch 993/1000, Train Loss: 0.5288, Validation Loss: 1.3017
Epoch 994/1000, Train Loss: 0.5291, Validation Loss: 1.0652
Epoch 995/1000, Train Loss: 0.5305, Validation Loss: 0.5577
Epoch 996/1000, Train Loss: 0.5267, Validation Loss: 0.6889
Epoch 997/1000, Train Loss: 0.5305, Validation Loss: 0.9513
Epoch 998/1000, Train Loss: 0.5275, Validation Loss: 1.0625
Epoch 999/1000, Train Loss: 0.5226, Validation Loss: 0.8242
Epoch 1000/1000, Train Loss: 0.5303, Validation Loss: 2.3685
Best Training Loss: 0.5220
Best Training Loss Epoch: 943
Best Validation Loss: 0.5374
Best Validation Loss Epoch: 244
Time taken for training: 0-18:17:24
Test Loss: 0.5519
Test MAPE: 93868.2188%
Error Statistics:
count    4.127200e+04
mean     1.727148e+03
std      1.486764e+05
min      1.192093e-07
25%      1.705232e-01
50%      1.839121e+00
75%      2.818565e+01
max      2.534007e+07
Name: Absolute Error, dtype: float64
Training complete. Final model saved.
Saving model as a wandb Artifact...
Model artifact logged successfully.
[1;34mwandb[0m: 
[1;34mwandb[0m: 🚀 View run [33mglad-sweep-151[0m at: [34mhttps://wandb.ai/mk8737-new-york-university/rl_pretrain_hp_sweeps/runs/ax4y3092[0m
[1;34mwandb[0m: Find logs at: [1;35mwandb/run-20251006_144146-ax4y3092/logs[0m
Agent finished.
