Waiting for sweep ID...
Found Sweep ID: be12np04
Starting wandb agent for sweep be12np04...
TRAINING DEVICE: cpu
Run Name: GCN_global_hp_sweep_be12np04-f9qgov9h
finidhed preparing data
Loading dataset from pretrain_dataset_12.5k_fixed_duplicates.pkl
Loaded 412712 data objects.
finished preparing data
Epoch 1/1000, Train Loss: 8.8314, Validation Loss: 1.3299
Epoch 2/1000, Train Loss: 1.4167, Validation Loss: 2.1699
Epoch 3/1000, Train Loss: 1.2673, Validation Loss: 2.5071
Epoch 4/1000, Train Loss: 1.2307, Validation Loss: 2.0301
Epoch 5/1000, Train Loss: 1.1764, Validation Loss: 6.2924
Epoch 6/1000, Train Loss: 1.1477, Validation Loss: 1.0695
Epoch 7/1000, Train Loss: 1.2026, Validation Loss: 1.5488
Epoch 8/1000, Train Loss: 1.1188, Validation Loss: 0.9714
Epoch 9/1000, Train Loss: 1.1080, Validation Loss: 1.1561
Epoch 10/1000, Train Loss: 1.0853, Validation Loss: 1.4411
Epoch 11/1000, Train Loss: 1.1341, Validation Loss: 2.1573
Epoch 12/1000, Train Loss: 1.0836, Validation Loss: 3.1312
Epoch 13/1000, Train Loss: 1.2167, Validation Loss: 3.7353
Epoch 14/1000, Train Loss: 1.3948, Validation Loss: 2.9215
Epoch 15/1000, Train Loss: 1.0391, Validation Loss: 0.9360
Epoch 16/1000, Train Loss: 1.0415, Validation Loss: 3.2791
Epoch 17/1000, Train Loss: 1.0106, Validation Loss: 1.8837
Epoch 18/1000, Train Loss: 1.0152, Validation Loss: 3.3393
Epoch 19/1000, Train Loss: 0.9991, Validation Loss: 1.3033
Epoch 20/1000, Train Loss: 0.9567, Validation Loss: 1.7445
Epoch 21/1000, Train Loss: 0.9841, Validation Loss: 1.2857
Epoch 22/1000, Train Loss: 0.9529, Validation Loss: 0.9224
Epoch 23/1000, Train Loss: 0.9509, Validation Loss: 6.4846
Epoch 24/1000, Train Loss: 0.9316, Validation Loss: 2.0642
Epoch 25/1000, Train Loss: 1.2824, Validation Loss: 2.0154
Epoch 26/1000, Train Loss: 0.9365, Validation Loss: 1.0533
Epoch 27/1000, Train Loss: 0.9094, Validation Loss: 5.3268
Epoch 28/1000, Train Loss: 0.9030, Validation Loss: 0.9054
Epoch 29/1000, Train Loss: 0.8605, Validation Loss: 2.6713
Epoch 30/1000, Train Loss: 0.9667, Validation Loss: 1.0952
Epoch 31/1000, Train Loss: 0.8993, Validation Loss: 1.2022
Epoch 32/1000, Train Loss: 0.8578, Validation Loss: 0.8526
Epoch 33/1000, Train Loss: 0.8667, Validation Loss: 0.9420
Epoch 34/1000, Train Loss: 0.8960, Validation Loss: 1.9095
Epoch 35/1000, Train Loss: 0.8625, Validation Loss: 0.7443
Epoch 36/1000, Train Loss: 0.8466, Validation Loss: 0.8246
Epoch 37/1000, Train Loss: 0.9148, Validation Loss: 1.9078
Epoch 38/1000, Train Loss: 0.9318, Validation Loss: 1.1818
Epoch 39/1000, Train Loss: 0.8520, Validation Loss: 2.0636
Epoch 40/1000, Train Loss: 0.8411, Validation Loss: 0.9073
Epoch 41/1000, Train Loss: 0.8449, Validation Loss: 0.9439
Epoch 42/1000, Train Loss: 0.8429, Validation Loss: 2.6289
Epoch 43/1000, Train Loss: 1.5203, Validation Loss: 0.6897
Epoch 44/1000, Train Loss: 0.8226, Validation Loss: 4.2819
Epoch 45/1000, Train Loss: 1.0856, Validation Loss: 0.9644
Epoch 46/1000, Train Loss: 0.8317, Validation Loss: 1.7567
Epoch 47/1000, Train Loss: 0.8314, Validation Loss: 1.0502
Epoch 48/1000, Train Loss: 0.8322, Validation Loss: 1.6873
Epoch 49/1000, Train Loss: 0.8096, Validation Loss: 1.4881
Epoch 50/1000, Train Loss: 0.8224, Validation Loss: 4.8337
Epoch 51/1000, Train Loss: 0.8745, Validation Loss: 6.6230
Epoch 52/1000, Train Loss: 0.8305, Validation Loss: 1.6464
Epoch 53/1000, Train Loss: 0.8008, Validation Loss: 0.9814
Epoch 54/1000, Train Loss: 0.8258, Validation Loss: 1.2828
Epoch 55/1000, Train Loss: 0.7946, Validation Loss: 0.9219
Epoch 56/1000, Train Loss: 0.8063, Validation Loss: 3.7698
Epoch 57/1000, Train Loss: 0.7965, Validation Loss: 1.2889
Epoch 58/1000, Train Loss: 0.8315, Validation Loss: 1.9976
Epoch 59/1000, Train Loss: 0.8428, Validation Loss: 4.0638
Epoch 60/1000, Train Loss: 0.8084, Validation Loss: 1.1178
Epoch 61/1000, Train Loss: 1.1328, Validation Loss: 2.1291
Epoch 62/1000, Train Loss: 0.7891, Validation Loss: 3.7906
Epoch 63/1000, Train Loss: 0.7850, Validation Loss: 1.8922
Epoch 64/1000, Train Loss: 0.7944, Validation Loss: 3.0615
Epoch 65/1000, Train Loss: 0.7784, Validation Loss: 1.4518
Epoch 66/1000, Train Loss: 0.8064, Validation Loss: 1.2496
Epoch 67/1000, Train Loss: 0.7943, Validation Loss: 3.1314
Epoch 68/1000, Train Loss: 0.7433, Validation Loss: 0.9219
Epoch 69/1000, Train Loss: 0.7620, Validation Loss: 2.9579
Epoch 70/1000, Train Loss: 0.7730, Validation Loss: 0.7151
Epoch 71/1000, Train Loss: 2.8793, Validation Loss: 2.5042
Epoch 72/1000, Train Loss: 0.7688, Validation Loss: 3.9311
Epoch 73/1000, Train Loss: 0.7357, Validation Loss: 1.4868
Epoch 74/1000, Train Loss: 0.7419, Validation Loss: 0.7861
Epoch 75/1000, Train Loss: 0.7273, Validation Loss: 1.0279
Epoch 76/1000, Train Loss: 0.7628, Validation Loss: 1.1817
Epoch 77/1000, Train Loss: 0.7436, Validation Loss: 2.3082
Epoch 78/1000, Train Loss: 0.7493, Validation Loss: 2.4542
Epoch 79/1000, Train Loss: 0.7179, Validation Loss: 5.7511
Epoch 80/1000, Train Loss: 0.7326, Validation Loss: 2.1040
Epoch 81/1000, Train Loss: 0.7711, Validation Loss: 1.2883
Epoch 82/1000, Train Loss: 0.7449, Validation Loss: 3.7617
Epoch 83/1000, Train Loss: 176.0433, Validation Loss: 1.2614
Epoch 84/1000, Train Loss: 0.7920, Validation Loss: 0.6882
Epoch 85/1000, Train Loss: 0.7448, Validation Loss: 2.6445
Epoch 86/1000, Train Loss: 0.7180, Validation Loss: 2.0971
Epoch 87/1000, Train Loss: 0.7342, Validation Loss: 2.5168
Epoch 88/1000, Train Loss: 0.7377, Validation Loss: 1.0538
Epoch 89/1000, Train Loss: 0.7608, Validation Loss: 0.9679
Epoch 90/1000, Train Loss: 0.7416, Validation Loss: 1.0003
Epoch 91/1000, Train Loss: 0.7386, Validation Loss: 1.0405
Epoch 92/1000, Train Loss: 0.7461, Validation Loss: 0.9565
Epoch 93/1000, Train Loss: 0.7557, Validation Loss: 3.8870
Epoch 94/1000, Train Loss: 0.7443, Validation Loss: 1.1502
Epoch 95/1000, Train Loss: 0.7186, Validation Loss: 1.8680
Epoch 96/1000, Train Loss: 0.8341, Validation Loss: 3.1264
Epoch 97/1000, Train Loss: 0.7339, Validation Loss: 1.2475
Epoch 98/1000, Train Loss: 0.7445, Validation Loss: 2.8354
Epoch 99/1000, Train Loss: 0.7150, Validation Loss: 0.8087
Epoch 100/1000, Train Loss: 0.7279, Validation Loss: 1.1851
Epoch 101/1000, Train Loss: 0.7318, Validation Loss: 1.3293
Epoch 102/1000, Train Loss: 0.6970, Validation Loss: 1.1655
Epoch 103/1000, Train Loss: 14.8137, Validation Loss: 2.2975
Epoch 104/1000, Train Loss: 0.7300, Validation Loss: 1.2601
Epoch 105/1000, Train Loss: 0.7219, Validation Loss: 2.1874
Epoch 106/1000, Train Loss: 0.7302, Validation Loss: 6.3410
Epoch 107/1000, Train Loss: 0.7166, Validation Loss: 1.2757
Epoch 108/1000, Train Loss: 0.6958, Validation Loss: 1.5102
Epoch 109/1000, Train Loss: 155.9575, Validation Loss: 2.6098
Epoch 110/1000, Train Loss: 0.7875, Validation Loss: 2.8120
Epoch 111/1000, Train Loss: 0.6933, Validation Loss: 1.4509
Epoch 112/1000, Train Loss: 0.6754, Validation Loss: 1.1845
Epoch 113/1000, Train Loss: 0.6993, Validation Loss: 1.9718
Epoch 114/1000, Train Loss: 0.6893, Validation Loss: 5.7558
Epoch 115/1000, Train Loss: 0.6858, Validation Loss: 1.7931
Epoch 116/1000, Train Loss: 0.7026, Validation Loss: 2.9636
Epoch 117/1000, Train Loss: 0.6821, Validation Loss: 2.5858
Epoch 118/1000, Train Loss: 0.7329, Validation Loss: 1.2849
Epoch 119/1000, Train Loss: 0.7017, Validation Loss: 4.1322
Epoch 120/1000, Train Loss: 0.6907, Validation Loss: 1.1361
Epoch 121/1000, Train Loss: 0.7286, Validation Loss: 3.9192
Epoch 122/1000, Train Loss: 0.6706, Validation Loss: 1.7103
Epoch 123/1000, Train Loss: 0.6920, Validation Loss: 4.0642
Epoch 124/1000, Train Loss: 0.6757, Validation Loss: 2.6768
Epoch 125/1000, Train Loss: 15.3606, Validation Loss: 2.4458
Epoch 126/1000, Train Loss: 0.6879, Validation Loss: 2.3017
Epoch 127/1000, Train Loss: 0.6658, Validation Loss: 1.0437
Epoch 128/1000, Train Loss: 0.6811, Validation Loss: 1.6174
Epoch 129/1000, Train Loss: 0.6953, Validation Loss: 0.7229
Epoch 130/1000, Train Loss: 0.7163, Validation Loss: 3111.5482
Epoch 131/1000, Train Loss: 3.5075, Validation Loss: 1.6426
Epoch 132/1000, Train Loss: 0.6815, Validation Loss: 2.0334
Epoch 133/1000, Train Loss: 0.6835, Validation Loss: 5.3589
Epoch 134/1000, Train Loss: 1.4436, Validation Loss: 0.9649
Epoch 135/1000, Train Loss: 0.7253, Validation Loss: 1.2448
Epoch 136/1000, Train Loss: 0.6791, Validation Loss: 1.0011
Epoch 137/1000, Train Loss: 0.6998, Validation Loss: 2.2619
Epoch 138/1000, Train Loss: 0.6769, Validation Loss: 1.4936
Epoch 139/1000, Train Loss: 0.7667, Validation Loss: 0.9675
Epoch 140/1000, Train Loss: 0.6745, Validation Loss: 1.7428
Epoch 141/1000, Train Loss: 0.6689, Validation Loss: 1.3628
Epoch 142/1000, Train Loss: 0.7092, Validation Loss: 2.0325
Epoch 143/1000, Train Loss: 0.6543, Validation Loss: 1.9417
Epoch 144/1000, Train Loss: 0.6598, Validation Loss: 0.8164
Epoch 145/1000, Train Loss: 0.6845, Validation Loss: 1.0648
Epoch 146/1000, Train Loss: 0.6865, Validation Loss: 0.8819
Epoch 147/1000, Train Loss: 0.6516, Validation Loss: 3.0283
Epoch 148/1000, Train Loss: 0.6770, Validation Loss: 1.6057
Epoch 149/1000, Train Loss: 0.6951, Validation Loss: 2.1933
Epoch 150/1000, Train Loss: 0.6467, Validation Loss: 1.9145
Epoch 151/1000, Train Loss: 0.6575, Validation Loss: 2.9929
Epoch 152/1000, Train Loss: 0.6682, Validation Loss: 1.6182
Epoch 153/1000, Train Loss: 0.6622, Validation Loss: 2.6770
Epoch 154/1000, Train Loss: 0.6787, Validation Loss: 6.9923
Epoch 155/1000, Train Loss: 0.6544, Validation Loss: 0.7576
Epoch 156/1000, Train Loss: 0.6597, Validation Loss: 0.8175
Epoch 157/1000, Train Loss: 12.7646, Validation Loss: 3.4585
Epoch 158/1000, Train Loss: 0.6644, Validation Loss: 3.2505
Epoch 159/1000, Train Loss: 0.6821, Validation Loss: 2.3550
Epoch 160/1000, Train Loss: 0.6740, Validation Loss: 2.2671
Epoch 161/1000, Train Loss: 0.6589, Validation Loss: 1.9158
Epoch 162/1000, Train Loss: 0.6777, Validation Loss: 1.3647
Epoch 163/1000, Train Loss: 0.6660, Validation Loss: 2.5347
Epoch 164/1000, Train Loss: 0.6557, Validation Loss: 4.4619
Epoch 165/1000, Train Loss: 8.8510, Validation Loss: 2.0247
Epoch 166/1000, Train Loss: 0.6783, Validation Loss: 3.3710
Epoch 167/1000, Train Loss: 0.6839, Validation Loss: 1.3873
Epoch 168/1000, Train Loss: 0.6595, Validation Loss: 1.2208
Epoch 169/1000, Train Loss: 0.6547, Validation Loss: 1.2981
Epoch 170/1000, Train Loss: 0.7997, Validation Loss: 0.8386
Epoch 171/1000, Train Loss: 0.6719, Validation Loss: 1.4616
Epoch 172/1000, Train Loss: 0.6877, Validation Loss: 1.0002
Epoch 173/1000, Train Loss: 0.6644, Validation Loss: 0.7214
Epoch 174/1000, Train Loss: 0.7504, Validation Loss: 2.0097
Epoch 175/1000, Train Loss: 0.6593, Validation Loss: 1.6875
Epoch 176/1000, Train Loss: 0.6570, Validation Loss: 2.0662
Epoch 177/1000, Train Loss: 0.6653, Validation Loss: 3.4066
Epoch 178/1000, Train Loss: 0.6487, Validation Loss: 2.4770
Epoch 179/1000, Train Loss: 0.6562, Validation Loss: 1.4393
Epoch 180/1000, Train Loss: 0.6559, Validation Loss: 2.4012
Epoch 181/1000, Train Loss: 0.6679, Validation Loss: 2.5357
Epoch 182/1000, Train Loss: 0.6508, Validation Loss: 0.7651
Epoch 183/1000, Train Loss: 0.6417, Validation Loss: 2.6759
Epoch 184/1000, Train Loss: 0.6801, Validation Loss: 2.9700
Epoch 185/1000, Train Loss: 0.6471, Validation Loss: 1.4245
Epoch 186/1000, Train Loss: 0.6455, Validation Loss: 1.4161
Epoch 187/1000, Train Loss: 0.6620, Validation Loss: 1.5875
Epoch 188/1000, Train Loss: 0.6721, Validation Loss: 1.4485
Epoch 189/1000, Train Loss: 0.6462, Validation Loss: 0.8611
Epoch 190/1000, Train Loss: 0.6326, Validation Loss: 1.8937
Epoch 191/1000, Train Loss: 0.6368, Validation Loss: 1.8915
Epoch 192/1000, Train Loss: 1.5798, Validation Loss: 0.8202
Epoch 193/1000, Train Loss: 0.6583, Validation Loss: 1.6319
Epoch 194/1000, Train Loss: 0.6530, Validation Loss: 1.2396
Epoch 195/1000, Train Loss: 0.6596, Validation Loss: 1.0524
Epoch 196/1000, Train Loss: 0.6614, Validation Loss: 0.6822
Epoch 197/1000, Train Loss: 0.6395, Validation Loss: 1.9779
Epoch 198/1000, Train Loss: 0.6534, Validation Loss: 0.7267
Epoch 199/1000, Train Loss: 0.6504, Validation Loss: 1.7252
Epoch 200/1000, Train Loss: 0.6393, Validation Loss: 1.2661
Epoch 201/1000, Train Loss: 0.6554, Validation Loss: 1.2889
Epoch 202/1000, Train Loss: 0.8890, Validation Loss: 0.7976
Epoch 203/1000, Train Loss: 0.6652, Validation Loss: 1.8664
Epoch 204/1000, Train Loss: 0.6506, Validation Loss: 0.8897
Epoch 205/1000, Train Loss: 0.6642, Validation Loss: 0.7919
Epoch 206/1000, Train Loss: 0.6519, Validation Loss: 3.5933
Epoch 207/1000, Train Loss: 0.6722, Validation Loss: 1.6538
Epoch 208/1000, Train Loss: 0.6389, Validation Loss: 0.9610
Epoch 209/1000, Train Loss: 0.6927, Validation Loss: 5.0575
Epoch 210/1000, Train Loss: 0.6826, Validation Loss: 0.9334
Epoch 211/1000, Train Loss: 0.6533, Validation Loss: 3.2771
Epoch 212/1000, Train Loss: 0.6728, Validation Loss: 1.8002
Epoch 213/1000, Train Loss: 0.6681, Validation Loss: 1.6019
Epoch 214/1000, Train Loss: 0.6628, Validation Loss: 9.7913
Epoch 215/1000, Train Loss: 0.6498, Validation Loss: 1.9326
Epoch 216/1000, Train Loss: 0.6299, Validation Loss: 3.1954
Epoch 217/1000, Train Loss: 0.6785, Validation Loss: 0.7899
Epoch 218/1000, Train Loss: 0.6455, Validation Loss: 1.7253
Epoch 219/1000, Train Loss: 0.6529, Validation Loss: 2.2039
Epoch 220/1000, Train Loss: 0.6714, Validation Loss: 1.7463
Epoch 221/1000, Train Loss: 0.6368, Validation Loss: 1.1568
Epoch 222/1000, Train Loss: 0.6539, Validation Loss: 2.1941
Epoch 223/1000, Train Loss: 0.6397, Validation Loss: 2.5826
Epoch 224/1000, Train Loss: 0.6523, Validation Loss: 1.2387
Epoch 225/1000, Train Loss: 0.6267, Validation Loss: 0.7012
Epoch 226/1000, Train Loss: 0.6383, Validation Loss: 1.9959
Epoch 227/1000, Train Loss: 0.6905, Validation Loss: 3.4713
Epoch 228/1000, Train Loss: 0.6475, Validation Loss: 2.5147
Epoch 229/1000, Train Loss: 0.6406, Validation Loss: 0.6350
Epoch 230/1000, Train Loss: 0.6414, Validation Loss: 0.6986
Epoch 231/1000, Train Loss: 0.6531, Validation Loss: 1.5395
Epoch 232/1000, Train Loss: 0.6431, Validation Loss: 0.8538
Epoch 233/1000, Train Loss: 0.6333, Validation Loss: 4.5993
Epoch 234/1000, Train Loss: 1.3485, Validation Loss: 2.9134
Epoch 235/1000, Train Loss: 0.6567, Validation Loss: 2.4899
Epoch 236/1000, Train Loss: 0.6649, Validation Loss: 2.4236
Epoch 237/1000, Train Loss: 0.6625, Validation Loss: 1.8081
Epoch 238/1000, Train Loss: 0.6416, Validation Loss: 1.5713
Epoch 239/1000, Train Loss: 0.6507, Validation Loss: 2.8445
Epoch 240/1000, Train Loss: 0.6348, Validation Loss: 1.1635
Epoch 241/1000, Train Loss: 0.6409, Validation Loss: 0.5807
Epoch 242/1000, Train Loss: 0.7332, Validation Loss: 0.8834
Epoch 243/1000, Train Loss: 0.6339, Validation Loss: 1.0418
Epoch 244/1000, Train Loss: 0.6556, Validation Loss: 0.9412
Epoch 245/1000, Train Loss: 0.6371, Validation Loss: 1.0121
Epoch 246/1000, Train Loss: 0.6373, Validation Loss: 0.8522
Epoch 247/1000, Train Loss: 0.6644, Validation Loss: 0.8424
Epoch 248/1000, Train Loss: 0.6448, Validation Loss: 2.3172
Epoch 249/1000, Train Loss: 0.6410, Validation Loss: 1.5459
Epoch 250/1000, Train Loss: 0.6574, Validation Loss: 1.2074
Epoch 251/1000, Train Loss: 1.0184, Validation Loss: 1.3786
Epoch 252/1000, Train Loss: 0.6460, Validation Loss: 1.7774
Epoch 253/1000, Train Loss: 0.7246, Validation Loss: 1.1781
Epoch 254/1000, Train Loss: 0.6528, Validation Loss: 3.1773
Epoch 255/1000, Train Loss: 0.6424, Validation Loss: 0.6674
Epoch 256/1000, Train Loss: 0.6329, Validation Loss: 1.7068
Epoch 257/1000, Train Loss: 0.6295, Validation Loss: 2.2474
Epoch 258/1000, Train Loss: 0.6345, Validation Loss: 2.2478
Epoch 259/1000, Train Loss: 0.6389, Validation Loss: 2.2109
Epoch 260/1000, Train Loss: 0.6420, Validation Loss: 2.3685
Epoch 261/1000, Train Loss: 0.6476, Validation Loss: 1.2661
Epoch 262/1000, Train Loss: 0.6221, Validation Loss: 3.4942
Epoch 263/1000, Train Loss: 0.6337, Validation Loss: 0.7230
Epoch 264/1000, Train Loss: 1.3373, Validation Loss: 2.4463
Epoch 265/1000, Train Loss: 0.6498, Validation Loss: 2.9508
Epoch 266/1000, Train Loss: 0.6311, Validation Loss: 4.4600
Epoch 267/1000, Train Loss: 0.6228, Validation Loss: 0.7252
Epoch 268/1000, Train Loss: 0.6601, Validation Loss: 2.3042
Epoch 269/1000, Train Loss: 0.7550, Validation Loss: 0.8740
Epoch 270/1000, Train Loss: 0.6434, Validation Loss: 1.7592
Epoch 271/1000, Train Loss: 0.6282, Validation Loss: 2.3014
Epoch 272/1000, Train Loss: 0.6421, Validation Loss: 1.0367
Epoch 273/1000, Train Loss: 1.3732, Validation Loss: 1.5643
Epoch 274/1000, Train Loss: 0.6412, Validation Loss: 1.3841
Epoch 275/1000, Train Loss: 0.6275, Validation Loss: 0.8907
Epoch 276/1000, Train Loss: 0.6422, Validation Loss: 1.6503
Epoch 277/1000, Train Loss: 0.6307, Validation Loss: 2.3926
Epoch 278/1000, Train Loss: 0.6278, Validation Loss: 0.8821
Epoch 279/1000, Train Loss: 0.6444, Validation Loss: 1.3113
Epoch 280/1000, Train Loss: 0.6384, Validation Loss: 0.6686
Epoch 281/1000, Train Loss: 0.6408, Validation Loss: 1.9648
Epoch 282/1000, Train Loss: 0.8258, Validation Loss: 1.9516
Epoch 283/1000, Train Loss: 0.6854, Validation Loss: 0.8715
Epoch 284/1000, Train Loss: 0.6255, Validation Loss: 0.9018
Epoch 285/1000, Train Loss: 0.6411, Validation Loss: 2.0044
Epoch 286/1000, Train Loss: 0.6472, Validation Loss: 2.4869
Epoch 287/1000, Train Loss: 0.6438, Validation Loss: 0.6694
Epoch 288/1000, Train Loss: 0.6410, Validation Loss: 2.7472
Epoch 289/1000, Train Loss: 0.6419, Validation Loss: 2.1981
Epoch 290/1000, Train Loss: 0.6401, Validation Loss: 0.7635
Epoch 291/1000, Train Loss: 0.6271, Validation Loss: 1.7836
Epoch 292/1000, Train Loss: 0.6510, Validation Loss: 0.7165
Epoch 293/1000, Train Loss: 7.9194, Validation Loss: 1.7009
Epoch 294/1000, Train Loss: 0.6375, Validation Loss: 1.7552
Epoch 295/1000, Train Loss: 0.6253, Validation Loss: 3.5176
Epoch 296/1000, Train Loss: 0.6341, Validation Loss: 1.5748
Epoch 297/1000, Train Loss: 0.6391, Validation Loss: 1.1013
Epoch 298/1000, Train Loss: 0.7367, Validation Loss: 0.9066
Epoch 299/1000, Train Loss: 0.6617, Validation Loss: 2.6713
Epoch 300/1000, Train Loss: 0.6480, Validation Loss: 2.8156
Epoch 301/1000, Train Loss: 0.6340, Validation Loss: 0.9207
Epoch 302/1000, Train Loss: 0.6335, Validation Loss: 2.1814
Epoch 303/1000, Train Loss: 0.6322, Validation Loss: 1.3457
Epoch 304/1000, Train Loss: 0.6325, Validation Loss: 2.3592
Epoch 305/1000, Train Loss: 0.6625, Validation Loss: 0.9939
Epoch 306/1000, Train Loss: 0.6148, Validation Loss: 2.0191
Epoch 307/1000, Train Loss: 0.6415, Validation Loss: 0.6576
Epoch 308/1000, Train Loss: 3.1092, Validation Loss: 4.9376
Epoch 309/1000, Train Loss: 1.1542, Validation Loss: 1.2672
Epoch 310/1000, Train Loss: 0.7397, Validation Loss: 0.7377
Epoch 311/1000, Train Loss: 0.6431, Validation Loss: 3.0032
Epoch 312/1000, Train Loss: 0.6808, Validation Loss: 1.9692
Epoch 313/1000, Train Loss: 0.6576, Validation Loss: 0.9011
Epoch 314/1000, Train Loss: 0.6427, Validation Loss: 0.8676
Epoch 315/1000, Train Loss: 0.6613, Validation Loss: 5.2897
Epoch 316/1000, Train Loss: 0.6614, Validation Loss: 0.7765
Epoch 317/1000, Train Loss: 0.6229, Validation Loss: 2.5786
Epoch 318/1000, Train Loss: 0.6384, Validation Loss: 1.0627
Epoch 319/1000, Train Loss: 0.6612, Validation Loss: 1.1884
Epoch 320/1000, Train Loss: 0.6282, Validation Loss: 1.1656
Epoch 321/1000, Train Loss: 0.6442, Validation Loss: 1.9535
Epoch 322/1000, Train Loss: 0.6426, Validation Loss: 1.1667
Epoch 323/1000, Train Loss: 0.6381, Validation Loss: 1.2427
Epoch 324/1000, Train Loss: 0.6311, Validation Loss: 3.1975
Epoch 325/1000, Train Loss: 0.6278, Validation Loss: 2.1340
Epoch 326/1000, Train Loss: 0.6351, Validation Loss: 1.7286
Epoch 327/1000, Train Loss: 0.6316, Validation Loss: 1.0633
Epoch 328/1000, Train Loss: 0.6245, Validation Loss: 0.7279
Epoch 329/1000, Train Loss: 0.6306, Validation Loss: 1.6665
Epoch 330/1000, Train Loss: 0.6446, Validation Loss: 1.1000
Epoch 331/1000, Train Loss: 0.6361, Validation Loss: 3.1580
Epoch 332/1000, Train Loss: 0.6315, Validation Loss: 1.8452
Epoch 333/1000, Train Loss: 0.6186, Validation Loss: 1.4550
Epoch 334/1000, Train Loss: 0.6405, Validation Loss: 0.9317
Epoch 335/1000, Train Loss: 0.6349, Validation Loss: 1.0788
Epoch 336/1000, Train Loss: 0.6169, Validation Loss: 0.9006
Epoch 337/1000, Train Loss: 0.6521, Validation Loss: 2.7321
Epoch 338/1000, Train Loss: 0.7013, Validation Loss: 2.9246
Epoch 339/1000, Train Loss: 0.6214, Validation Loss: 3.1329
Epoch 340/1000, Train Loss: 0.9114, Validation Loss: 1.8224
Epoch 341/1000, Train Loss: 0.7042, Validation Loss: 5.0429
Epoch 342/1000, Train Loss: 0.6230, Validation Loss: 1.5071
Epoch 343/1000, Train Loss: 0.6112, Validation Loss: 1.7124
Epoch 344/1000, Train Loss: 0.6472, Validation Loss: 2.8697
Epoch 345/1000, Train Loss: 0.6324, Validation Loss: 3.7345
Epoch 346/1000, Train Loss: 0.6397, Validation Loss: 2.4662
Epoch 347/1000, Train Loss: 0.6450, Validation Loss: 4.6059
Epoch 348/1000, Train Loss: 0.6367, Validation Loss: 3.6849
Epoch 349/1000, Train Loss: 0.6173, Validation Loss: 1.2746
Epoch 350/1000, Train Loss: 0.9084, Validation Loss: 2.0164
Epoch 351/1000, Train Loss: 0.7304, Validation Loss: 0.7497
Epoch 352/1000, Train Loss: 0.6375, Validation Loss: 1.6717
Epoch 353/1000, Train Loss: 0.6287, Validation Loss: 1.7009
Epoch 354/1000, Train Loss: 0.6312, Validation Loss: 1.2792
Epoch 355/1000, Train Loss: 0.6260, Validation Loss: 2.4975
Epoch 356/1000, Train Loss: 0.6357, Validation Loss: 1.5080
Epoch 357/1000, Train Loss: 0.6234, Validation Loss: 2.6072
Epoch 358/1000, Train Loss: 0.6254, Validation Loss: 0.7074
Epoch 359/1000, Train Loss: 0.6195, Validation Loss: 1.8870
Epoch 360/1000, Train Loss: 0.6252, Validation Loss: 1.4234
Epoch 361/1000, Train Loss: 1.3333, Validation Loss: 3.8680
Epoch 362/1000, Train Loss: 0.6484, Validation Loss: 1.0966
Epoch 363/1000, Train Loss: 0.6136, Validation Loss: 1.0447
Epoch 364/1000, Train Loss: 0.6309, Validation Loss: 1.7383
Epoch 365/1000, Train Loss: 0.6269, Validation Loss: 1.9123
Epoch 366/1000, Train Loss: 0.6304, Validation Loss: 2.3874
Epoch 367/1000, Train Loss: 0.6312, Validation Loss: 1.3718
Epoch 368/1000, Train Loss: 0.6235, Validation Loss: 3.5822
Epoch 369/1000, Train Loss: 0.6171, Validation Loss: 3.2645
Epoch 370/1000, Train Loss: 0.6244, Validation Loss: 0.5745
Epoch 371/1000, Train Loss: 43.6645, Validation Loss: 1.8741
Epoch 372/1000, Train Loss: 0.6742, Validation Loss: 0.7909
Epoch 373/1000, Train Loss: 0.6196, Validation Loss: 2.5139
Epoch 374/1000, Train Loss: 0.6145, Validation Loss: 3.3813
Epoch 375/1000, Train Loss: 0.6387, Validation Loss: 1.5109
Epoch 376/1000, Train Loss: 0.6986, Validation Loss: 0.8128
Epoch 377/1000, Train Loss: 0.6227, Validation Loss: 1.0461
Epoch 378/1000, Train Loss: 0.6280, Validation Loss: 1.2833
Epoch 379/1000, Train Loss: 0.6249, Validation Loss: 1.3191
Epoch 380/1000, Train Loss: 0.6314, Validation Loss: 1.6394
Epoch 381/1000, Train Loss: 14.3401, Validation Loss: 2.5287
Epoch 382/1000, Train Loss: 0.6385, Validation Loss: 1.5297
Epoch 383/1000, Train Loss: 0.6365, Validation Loss: 1.7343
Epoch 384/1000, Train Loss: 0.6500, Validation Loss: 1.3759
Epoch 385/1000, Train Loss: 0.6287, Validation Loss: 1.9213
Epoch 386/1000, Train Loss: 0.6203, Validation Loss: 1.7461
Epoch 387/1000, Train Loss: 0.6244, Validation Loss: 1.5600
Epoch 388/1000, Train Loss: 0.6094, Validation Loss: 1.0054
Epoch 389/1000, Train Loss: 0.6187, Validation Loss: 0.9037
Epoch 390/1000, Train Loss: 0.6572, Validation Loss: 3.8296
Epoch 391/1000, Train Loss: 0.6273, Validation Loss: 2.2734
Epoch 392/1000, Train Loss: 0.6162, Validation Loss: 1.0525
Epoch 393/1000, Train Loss: 0.6415, Validation Loss: 1.5524
Epoch 394/1000, Train Loss: 0.6393, Validation Loss: 2.2481
Epoch 395/1000, Train Loss: 0.5981, Validation Loss: 1.7387
Epoch 396/1000, Train Loss: 0.6171, Validation Loss: 1.4280
Epoch 397/1000, Train Loss: 0.6232, Validation Loss: 1.2063
Epoch 398/1000, Train Loss: 0.6195, Validation Loss: 1.2531
Epoch 399/1000, Train Loss: 0.6018, Validation Loss: 1.2755
Epoch 400/1000, Train Loss: 0.6191, Validation Loss: 2.3427
Epoch 401/1000, Train Loss: 0.6033, Validation Loss: 0.5603
Epoch 402/1000, Train Loss: 0.6292, Validation Loss: 1.2690
Epoch 403/1000, Train Loss: 0.6139, Validation Loss: 1.0194
Epoch 404/1000, Train Loss: 0.6296, Validation Loss: 1.5497
Epoch 405/1000, Train Loss: 0.7573, Validation Loss: 1.4636
Epoch 406/1000, Train Loss: 0.6142, Validation Loss: 0.7651
Epoch 407/1000, Train Loss: 0.6330, Validation Loss: 2.3151
Epoch 408/1000, Train Loss: 0.6219, Validation Loss: 1.3920
Epoch 409/1000, Train Loss: 0.6206, Validation Loss: 2.2278
Epoch 410/1000, Train Loss: 0.8279, Validation Loss: 0.9942
Epoch 411/1000, Train Loss: 0.6245, Validation Loss: 2.4335
Epoch 412/1000, Train Loss: 0.6349, Validation Loss: 1.3996
Epoch 413/1000, Train Loss: 0.6075, Validation Loss: 1.9314
Epoch 414/1000, Train Loss: 0.6312, Validation Loss: 2.3555
Epoch 415/1000, Train Loss: 0.6034, Validation Loss: 0.6559
Epoch 416/1000, Train Loss: 0.6106, Validation Loss: 0.6061
Epoch 417/1000, Train Loss: 0.6506, Validation Loss: 1.1818
Epoch 418/1000, Train Loss: 0.6202, Validation Loss: 1.1534
Epoch 419/1000, Train Loss: 0.6252, Validation Loss: 1.1739
Epoch 420/1000, Train Loss: 0.6267, Validation Loss: 2.6187
Epoch 421/1000, Train Loss: 0.6142, Validation Loss: 1.3810
Epoch 422/1000, Train Loss: 0.6170, Validation Loss: 3.0401
Epoch 423/1000, Train Loss: 0.6225, Validation Loss: 1.0007
Epoch 424/1000, Train Loss: 0.6236, Validation Loss: 0.9399
Epoch 425/1000, Train Loss: 0.6148, Validation Loss: 0.6054
Epoch 426/1000, Train Loss: 0.6183, Validation Loss: 2.8986
Epoch 427/1000, Train Loss: 0.6216, Validation Loss: 1.4065
Epoch 428/1000, Train Loss: 0.6097, Validation Loss: 1.2552
Epoch 429/1000, Train Loss: 0.6261, Validation Loss: 0.6803
Epoch 430/1000, Train Loss: 0.6198, Validation Loss: 2.3161
Epoch 431/1000, Train Loss: 0.6352, Validation Loss: 2.1426
Epoch 432/1000, Train Loss: 0.6122, Validation Loss: 2.4977
Epoch 433/1000, Train Loss: 0.6479, Validation Loss: 2.5241
Epoch 434/1000, Train Loss: 0.6539, Validation Loss: 2.5324
Epoch 435/1000, Train Loss: 0.6148, Validation Loss: 0.7600
Epoch 436/1000, Train Loss: 0.6220, Validation Loss: 3.4344
Epoch 437/1000, Train Loss: 0.6081, Validation Loss: 0.9941
Epoch 438/1000, Train Loss: 4.2928, Validation Loss: 1.8552
Epoch 439/1000, Train Loss: 0.6383, Validation Loss: 2.2629
Epoch 440/1000, Train Loss: 0.6174, Validation Loss: 2.4847
Epoch 441/1000, Train Loss: 0.6317, Validation Loss: 0.7756
Epoch 442/1000, Train Loss: 0.6431, Validation Loss: 1.4301
Epoch 443/1000, Train Loss: 0.6297, Validation Loss: 1.5316
Epoch 444/1000, Train Loss: 0.6214, Validation Loss: 1.0100
Epoch 445/1000, Train Loss: 0.6550, Validation Loss: 1.0541
Epoch 446/1000, Train Loss: 0.6306, Validation Loss: 2.0896
Epoch 447/1000, Train Loss: 0.6189, Validation Loss: 0.7986
Epoch 448/1000, Train Loss: 0.6126, Validation Loss: 1.0286
Epoch 449/1000, Train Loss: 0.6106, Validation Loss: 1.2108
Epoch 450/1000, Train Loss: 0.6236, Validation Loss: 1.5536
Epoch 451/1000, Train Loss: 0.6099, Validation Loss: 2.2101
Epoch 452/1000, Train Loss: 0.6055, Validation Loss: 2.0782
Epoch 453/1000, Train Loss: 0.6141, Validation Loss: 2.0675
Epoch 454/1000, Train Loss: 0.6317, Validation Loss: 1.3901
Epoch 455/1000, Train Loss: 0.6289, Validation Loss: 2.8430
Epoch 456/1000, Train Loss: 0.6212, Validation Loss: 1.4379
Epoch 457/1000, Train Loss: 0.6110, Validation Loss: 4.6640
Epoch 458/1000, Train Loss: 0.6122, Validation Loss: 0.5869
Epoch 459/1000, Train Loss: 0.6038, Validation Loss: 1.7780
Epoch 460/1000, Train Loss: 0.6155, Validation Loss: 1.0209
Epoch 461/1000, Train Loss: 2.5695, Validation Loss: 1.2435
Epoch 462/1000, Train Loss: 0.6219, Validation Loss: 1.3656
Epoch 463/1000, Train Loss: 0.6163, Validation Loss: 4.4727
Epoch 464/1000, Train Loss: 0.6343, Validation Loss: 1.4294
Epoch 465/1000, Train Loss: 0.6225, Validation Loss: 0.9543
Epoch 466/1000, Train Loss: 0.6121, Validation Loss: 1.2475
Epoch 467/1000, Train Loss: 0.6724, Validation Loss: 2.0802
Epoch 468/1000, Train Loss: 0.6177, Validation Loss: 1.3971
Epoch 469/1000, Train Loss: 0.6050, Validation Loss: 0.9719
Epoch 470/1000, Train Loss: 0.8014, Validation Loss: 1.2051
Epoch 471/1000, Train Loss: 0.6274, Validation Loss: 1.6594
Epoch 472/1000, Train Loss: 0.6107, Validation Loss: 0.7990
Epoch 473/1000, Train Loss: 0.6390, Validation Loss: 1.5449
Epoch 474/1000, Train Loss: 0.6227, Validation Loss: 2.1446
Epoch 475/1000, Train Loss: 0.6134, Validation Loss: 1.7403
Epoch 476/1000, Train Loss: 0.6131, Validation Loss: 3.6647
Epoch 477/1000, Train Loss: 0.6071, Validation Loss: 2.9010
Epoch 478/1000, Train Loss: 8.7417, Validation Loss: 1.4558
Epoch 479/1000, Train Loss: 0.6159, Validation Loss: 1.0329
Epoch 480/1000, Train Loss: 0.6193, Validation Loss: 2.8187
Epoch 481/1000, Train Loss: 0.6098, Validation Loss: 1.1831
Epoch 482/1000, Train Loss: 0.6266, Validation Loss: 2.1084
Epoch 483/1000, Train Loss: 0.6344, Validation Loss: 1.8165
Epoch 484/1000, Train Loss: 0.6259, Validation Loss: 0.9592
Epoch 485/1000, Train Loss: 0.6111, Validation Loss: 0.8760
Epoch 486/1000, Train Loss: 0.6169, Validation Loss: 1.1204
Epoch 487/1000, Train Loss: 0.6377, Validation Loss: 3.8842
Epoch 488/1000, Train Loss: 0.6103, Validation Loss: 1.2270
Epoch 489/1000, Train Loss: 0.6195, Validation Loss: 0.9248
Epoch 490/1000, Train Loss: 0.6234, Validation Loss: 2.0299
Epoch 491/1000, Train Loss: 0.6439, Validation Loss: 1.7241
Epoch 492/1000, Train Loss: 0.6150, Validation Loss: 0.7287
Epoch 493/1000, Train Loss: 0.6158, Validation Loss: 1.2678
Epoch 494/1000, Train Loss: 0.6222, Validation Loss: 2.6675
Epoch 495/1000, Train Loss: 0.6220, Validation Loss: 1.3539
Epoch 496/1000, Train Loss: 0.6263, Validation Loss: 0.5988
Epoch 497/1000, Train Loss: 0.6151, Validation Loss: 0.7407
Epoch 498/1000, Train Loss: 0.6186, Validation Loss: 1.5245
Epoch 499/1000, Train Loss: 0.6148, Validation Loss: 2.6926
Epoch 500/1000, Train Loss: 0.5982, Validation Loss: 1.8917
Epoch 501/1000, Train Loss: 0.6083, Validation Loss: 0.8809
Epoch 502/1000, Train Loss: 0.6095, Validation Loss: 1.2193
Epoch 503/1000, Train Loss: 0.6064, Validation Loss: 1.9409
Epoch 504/1000, Train Loss: 0.6037, Validation Loss: 0.6996
Epoch 505/1000, Train Loss: 0.6208, Validation Loss: 2.1521
Epoch 506/1000, Train Loss: 2.4250, Validation Loss: 2.9023
Epoch 507/1000, Train Loss: 0.6154, Validation Loss: 3.3788
Epoch 508/1000, Train Loss: 0.6226, Validation Loss: 1.9232
Epoch 509/1000, Train Loss: 0.6181, Validation Loss: 1.1426
Epoch 510/1000, Train Loss: 0.6281, Validation Loss: 0.7354
Epoch 511/1000, Train Loss: 0.6051, Validation Loss: 2.0736
Epoch 512/1000, Train Loss: 0.6080, Validation Loss: 5.0402
Epoch 513/1000, Train Loss: 0.6149, Validation Loss: 1.0545
Epoch 514/1000, Train Loss: 0.6128, Validation Loss: 2.2737
Epoch 515/1000, Train Loss: 0.6145, Validation Loss: 1.8407
Epoch 516/1000, Train Loss: 0.5959, Validation Loss: 1.3188
Epoch 517/1000, Train Loss: 0.6196, Validation Loss: 1.7224
Epoch 518/1000, Train Loss: 0.6062, Validation Loss: 1.5684
Epoch 519/1000, Train Loss: 0.6289, Validation Loss: 1.2252
Epoch 520/1000, Train Loss: 0.6126, Validation Loss: 1.4187
Epoch 521/1000, Train Loss: 0.6021, Validation Loss: 2.7231
Epoch 522/1000, Train Loss: 0.6359, Validation Loss: 1.4700
Epoch 523/1000, Train Loss: 0.6124, Validation Loss: 1.3260
Epoch 524/1000, Train Loss: 0.6158, Validation Loss: 1.0862
Epoch 525/1000, Train Loss: 0.6108, Validation Loss: 3.0256
Epoch 526/1000, Train Loss: 0.5999, Validation Loss: 2.8890
Epoch 527/1000, Train Loss: 0.6176, Validation Loss: 1.8490
Epoch 528/1000, Train Loss: 0.6153, Validation Loss: 0.6503
Epoch 529/1000, Train Loss: 1.1542, Validation Loss: 1.7970
Epoch 530/1000, Train Loss: 0.6086, Validation Loss: 1.8196
Epoch 531/1000, Train Loss: 0.6132, Validation Loss: 2.8052
Epoch 532/1000, Train Loss: 0.6118, Validation Loss: 1.0213
Epoch 533/1000, Train Loss: 0.6187, Validation Loss: 2.8993
Epoch 534/1000, Train Loss: 0.6188, Validation Loss: 0.9385
Epoch 535/1000, Train Loss: 0.6168, Validation Loss: 3.3681
Epoch 536/1000, Train Loss: 0.6744, Validation Loss: 0.9557
Epoch 537/1000, Train Loss: 0.6264, Validation Loss: 1.6980
Epoch 538/1000, Train Loss: 0.6114, Validation Loss: 1.1031
Epoch 539/1000, Train Loss: 0.6252, Validation Loss: 0.9691
Epoch 540/1000, Train Loss: 0.6078, Validation Loss: 1.5940
Epoch 541/1000, Train Loss: 0.6130, Validation Loss: 0.9945
Epoch 542/1000, Train Loss: 0.6246, Validation Loss: 1.7076
Epoch 543/1000, Train Loss: 0.5928, Validation Loss: 2.3156
Epoch 544/1000, Train Loss: 0.6136, Validation Loss: 1.0157
Epoch 545/1000, Train Loss: 0.6028, Validation Loss: 2.1510
Epoch 546/1000, Train Loss: 0.6517, Validation Loss: 0.9621
Epoch 547/1000, Train Loss: 0.6000, Validation Loss: 1.0355
Epoch 548/1000, Train Loss: 0.6088, Validation Loss: 1.2513
Epoch 549/1000, Train Loss: 2.9793, Validation Loss: 1.2705
Epoch 550/1000, Train Loss: 0.6335, Validation Loss: 1.2373
Epoch 551/1000, Train Loss: 0.6147, Validation Loss: 1.1091
Epoch 552/1000, Train Loss: 0.6265, Validation Loss: 0.7088
Epoch 553/1000, Train Loss: 0.6346, Validation Loss: 1.7773
Epoch 554/1000, Train Loss: 1.4579, Validation Loss: 0.6841
Epoch 555/1000, Train Loss: 0.6327, Validation Loss: 1.7499
Epoch 556/1000, Train Loss: 0.6153, Validation Loss: 1.3087
Epoch 557/1000, Train Loss: 0.6272, Validation Loss: 0.7956
Epoch 558/1000, Train Loss: 0.6131, Validation Loss: 1.6663
Epoch 559/1000, Train Loss: 0.6180, Validation Loss: 1.2822
Epoch 560/1000, Train Loss: 1.5625, Validation Loss: 1.2061
Epoch 561/1000, Train Loss: 0.6364, Validation Loss: 2.8592
Epoch 562/1000, Train Loss: 0.6213, Validation Loss: 1.1686
Epoch 563/1000, Train Loss: 0.6142, Validation Loss: 1.0107
Epoch 564/1000, Train Loss: 0.6519, Validation Loss: 3.0171
Epoch 565/1000, Train Loss: 0.6211, Validation Loss: 4.9042
Epoch 566/1000, Train Loss: 0.6011, Validation Loss: 2.0724
Epoch 567/1000, Train Loss: 0.5909, Validation Loss: 1.8512
Epoch 568/1000, Train Loss: 0.6219, Validation Loss: 1.4478
Epoch 569/1000, Train Loss: 0.6379, Validation Loss: 1.0383
Epoch 570/1000, Train Loss: 0.6134, Validation Loss: 1.0040
Epoch 571/1000, Train Loss: 0.7926, Validation Loss: 3.1194
Epoch 572/1000, Train Loss: 0.6499, Validation Loss: 0.8340
Epoch 573/1000, Train Loss: 0.6085, Validation Loss: 1.8395
Epoch 574/1000, Train Loss: 0.6071, Validation Loss: 1.8734
Epoch 575/1000, Train Loss: 0.6219, Validation Loss: 1.6439
Epoch 576/1000, Train Loss: 0.5975, Validation Loss: 1.0817
Epoch 577/1000, Train Loss: 0.6129, Validation Loss: 2.6618
Epoch 578/1000, Train Loss: 0.5985, Validation Loss: 1.1324
Epoch 579/1000, Train Loss: 0.6108, Validation Loss: 1.0446
Epoch 580/1000, Train Loss: 0.6107, Validation Loss: 1.7534
Epoch 581/1000, Train Loss: 0.6015, Validation Loss: 0.5656
Epoch 582/1000, Train Loss: 0.6177, Validation Loss: 0.7846
Epoch 583/1000, Train Loss: 0.6125, Validation Loss: 1.5485
Epoch 584/1000, Train Loss: 0.6045, Validation Loss: 0.8868
Epoch 585/1000, Train Loss: 0.6051, Validation Loss: 1.2916
Epoch 586/1000, Train Loss: 0.6201, Validation Loss: 2.8356
Epoch 587/1000, Train Loss: 0.5966, Validation Loss: 1.4353
Epoch 588/1000, Train Loss: 0.6147, Validation Loss: 2.8564
Epoch 589/1000, Train Loss: 0.6410, Validation Loss: 0.9632
Epoch 590/1000, Train Loss: 0.6077, Validation Loss: 2.5438
Epoch 591/1000, Train Loss: 0.6081, Validation Loss: 1.3232
Epoch 592/1000, Train Loss: 0.6272, Validation Loss: 2.0317
Epoch 593/1000, Train Loss: 0.6033, Validation Loss: 0.6152
Epoch 594/1000, Train Loss: 0.6007, Validation Loss: 0.8370
Epoch 595/1000, Train Loss: 0.6087, Validation Loss: 1.2277
Epoch 596/1000, Train Loss: 0.6085, Validation Loss: 0.8317
Epoch 597/1000, Train Loss: 0.6206, Validation Loss: 1.6460
Epoch 598/1000, Train Loss: 0.6333, Validation Loss: 4.0479
Epoch 599/1000, Train Loss: 0.9636, Validation Loss: 0.6788
Epoch 600/1000, Train Loss: 0.6097, Validation Loss: 1.0103
Epoch 601/1000, Train Loss: 0.6045, Validation Loss: 1.5557
Epoch 602/1000, Train Loss: 0.6096, Validation Loss: 0.7581
Epoch 603/1000, Train Loss: 0.6211, Validation Loss: 2.0797
Epoch 604/1000, Train Loss: 0.6008, Validation Loss: 0.8165
Epoch 605/1000, Train Loss: 0.6154, Validation Loss: 2.7083
Epoch 606/1000, Train Loss: 0.6097, Validation Loss: 1.3291
Epoch 607/1000, Train Loss: 0.6066, Validation Loss: 0.9857
Epoch 608/1000, Train Loss: 0.5904, Validation Loss: 2.1178
Epoch 609/1000, Train Loss: 0.6221, Validation Loss: 1.1688
Epoch 610/1000, Train Loss: 0.6173, Validation Loss: 1.6155
Epoch 611/1000, Train Loss: 0.6051, Validation Loss: 2.9055
Epoch 612/1000, Train Loss: 0.6344, Validation Loss: 1.0563
Epoch 613/1000, Train Loss: 0.6106, Validation Loss: 1.2710
Epoch 614/1000, Train Loss: 0.6118, Validation Loss: 1.7039
Epoch 615/1000, Train Loss: 0.7818, Validation Loss: 2.7602
Epoch 616/1000, Train Loss: 0.6130, Validation Loss: 1.1963
Epoch 617/1000, Train Loss: 0.6139, Validation Loss: 3.4920
Epoch 618/1000, Train Loss: 0.6062, Validation Loss: 1.0973
Epoch 619/1000, Train Loss: 0.5898, Validation Loss: 2.9490
Epoch 620/1000, Train Loss: 0.5969, Validation Loss: 1.4826
Epoch 621/1000, Train Loss: 0.6328, Validation Loss: 3.3549
Epoch 622/1000, Train Loss: 0.6095, Validation Loss: 2.2942
Epoch 623/1000, Train Loss: 0.6133, Validation Loss: 0.8592
Epoch 624/1000, Train Loss: 0.6002, Validation Loss: 4.6154
Epoch 625/1000, Train Loss: 0.6011, Validation Loss: 1.8918
Epoch 626/1000, Train Loss: 0.5924, Validation Loss: 2.9902
Epoch 627/1000, Train Loss: 0.6089, Validation Loss: 3.8149
Epoch 628/1000, Train Loss: 0.6115, Validation Loss: 1.0620
Epoch 629/1000, Train Loss: 0.6030, Validation Loss: 1.9447
Epoch 630/1000, Train Loss: 0.6134, Validation Loss: 1.4693
Epoch 631/1000, Train Loss: 0.6022, Validation Loss: 1.6052
Epoch 632/1000, Train Loss: 0.6051, Validation Loss: 2.3556
Epoch 633/1000, Train Loss: 0.8996, Validation Loss: 1.0266
Epoch 634/1000, Train Loss: 0.6320, Validation Loss: 2.8371
Epoch 635/1000, Train Loss: 0.6174, Validation Loss: 1.5705
Epoch 636/1000, Train Loss: 0.6364, Validation Loss: 1.3219
Epoch 637/1000, Train Loss: 0.6066, Validation Loss: 1.1565
Epoch 638/1000, Train Loss: 0.6272, Validation Loss: 2.0241
Epoch 639/1000, Train Loss: 0.6135, Validation Loss: 1.1476
Epoch 640/1000, Train Loss: 0.6226, Validation Loss: 3.2635
Epoch 641/1000, Train Loss: 0.5975, Validation Loss: 1.2885
Epoch 642/1000, Train Loss: 0.6102, Validation Loss: 2.3019
Epoch 643/1000, Train Loss: 0.6100, Validation Loss: 2.7914
Epoch 644/1000, Train Loss: 0.6045, Validation Loss: 0.6873
Epoch 645/1000, Train Loss: 0.6074, Validation Loss: 2.4394
Epoch 646/1000, Train Loss: 0.5956, Validation Loss: 1.5680
Epoch 647/1000, Train Loss: 3.5521, Validation Loss: 2.2796
Epoch 648/1000, Train Loss: 0.6098, Validation Loss: 1.6126
Epoch 649/1000, Train Loss: 0.6080, Validation Loss: 0.5733
Epoch 650/1000, Train Loss: 0.6214, Validation Loss: 1.2690
Epoch 651/1000, Train Loss: 0.6056, Validation Loss: 0.6132
Epoch 652/1000, Train Loss: 0.6112, Validation Loss: 1.4913
Epoch 653/1000, Train Loss: 0.6120, Validation Loss: 2.6602
Epoch 654/1000, Train Loss: 0.6302, Validation Loss: 1.5983
Epoch 655/1000, Train Loss: 0.6083, Validation Loss: 1.2982
Epoch 656/1000, Train Loss: 0.6086, Validation Loss: 0.8979
Epoch 657/1000, Train Loss: 0.5968, Validation Loss: 3.4291
Epoch 658/1000, Train Loss: 0.5973, Validation Loss: 0.6056
Epoch 659/1000, Train Loss: 0.5984, Validation Loss: 1.8585
Epoch 660/1000, Train Loss: 0.6630, Validation Loss: 2.2236
Epoch 661/1000, Train Loss: 0.7704, Validation Loss: 2.3523
Epoch 662/1000, Train Loss: 0.6006, Validation Loss: 1.2218
Epoch 663/1000, Train Loss: 0.5963, Validation Loss: 0.8053
Epoch 664/1000, Train Loss: 0.6059, Validation Loss: 2.0242
Epoch 665/1000, Train Loss: 0.6092, Validation Loss: 1.6260
Epoch 666/1000, Train Loss: 0.6328, Validation Loss: 5.9338
Epoch 667/1000, Train Loss: 0.5863, Validation Loss: 0.9464
Epoch 668/1000, Train Loss: 1.4314, Validation Loss: 1.3034
Epoch 669/1000, Train Loss: 0.6243, Validation Loss: 2.4436
Epoch 670/1000, Train Loss: 0.6125, Validation Loss: 1.2044
Epoch 671/1000, Train Loss: 0.6059, Validation Loss: 1.0508
Epoch 672/1000, Train Loss: 0.6120, Validation Loss: 2.2194
Epoch 673/1000, Train Loss: 0.6189, Validation Loss: 3.7969
Epoch 674/1000, Train Loss: 0.6030, Validation Loss: 0.6439
Epoch 675/1000, Train Loss: 0.6002, Validation Loss: 0.6605
Epoch 676/1000, Train Loss: 0.6115, Validation Loss: 1.7606
Epoch 677/1000, Train Loss: 0.6160, Validation Loss: 1.2174
Epoch 678/1000, Train Loss: 0.6107, Validation Loss: 0.7256
Epoch 679/1000, Train Loss: 0.6098, Validation Loss: 0.6307
Epoch 680/1000, Train Loss: 0.5786, Validation Loss: 0.7177
Epoch 681/1000, Train Loss: 1.0148, Validation Loss: 5.4832
Epoch 682/1000, Train Loss: 0.6482, Validation Loss: 0.8085
Epoch 683/1000, Train Loss: 0.6088, Validation Loss: 1.9751
Epoch 684/1000, Train Loss: 0.6056, Validation Loss: 0.7359
Epoch 685/1000, Train Loss: 0.6082, Validation Loss: 0.6383
Epoch 686/1000, Train Loss: 0.6076, Validation Loss: 1.7060
Epoch 687/1000, Train Loss: 0.6164, Validation Loss: 0.7079
Epoch 688/1000, Train Loss: 0.6137, Validation Loss: 1.6651
Epoch 689/1000, Train Loss: 0.6000, Validation Loss: 1.5799
Epoch 690/1000, Train Loss: 0.6063, Validation Loss: 2.3886
Epoch 691/1000, Train Loss: 0.6371, Validation Loss: 0.6258
Epoch 692/1000, Train Loss: 0.6285, Validation Loss: 1.4535
Epoch 693/1000, Train Loss: 0.6108, Validation Loss: 0.6409
Epoch 694/1000, Train Loss: 0.6011, Validation Loss: 3.1724
Epoch 695/1000, Train Loss: 0.6014, Validation Loss: 2.1906
Epoch 696/1000, Train Loss: 0.6060, Validation Loss: 0.9754
Epoch 697/1000, Train Loss: 0.5836, Validation Loss: 2.0999
Epoch 698/1000, Train Loss: 0.6127, Validation Loss: 2.6529
Epoch 699/1000, Train Loss: 0.6161, Validation Loss: 1.6548
Epoch 700/1000, Train Loss: 0.6061, Validation Loss: 1.4595
Epoch 701/1000, Train Loss: 3.3655, Validation Loss: 2.2201
Epoch 702/1000, Train Loss: 0.6140, Validation Loss: 1.7235
Epoch 703/1000, Train Loss: 0.6183, Validation Loss: 2.0876
Epoch 704/1000, Train Loss: 0.6120, Validation Loss: 1.2847
Epoch 705/1000, Train Loss: 0.6062, Validation Loss: 0.9386
Epoch 706/1000, Train Loss: 0.6069, Validation Loss: 1.1423
Epoch 707/1000, Train Loss: 0.8582, Validation Loss: 1.9208
Epoch 708/1000, Train Loss: 0.5883, Validation Loss: 1.1098
Epoch 709/1000, Train Loss: 0.6047, Validation Loss: 0.6930
Epoch 710/1000, Train Loss: 0.6246, Validation Loss: 1.7676
Epoch 711/1000, Train Loss: 0.6039, Validation Loss: 1.5963
Epoch 712/1000, Train Loss: 0.6076, Validation Loss: 1.2293
Epoch 713/1000, Train Loss: 1.0593, Validation Loss: 2.7659
Epoch 714/1000, Train Loss: 0.6210, Validation Loss: 1.6479
Epoch 715/1000, Train Loss: 0.6057, Validation Loss: 1.4861
Epoch 716/1000, Train Loss: 0.6224, Validation Loss: 1.6738
Epoch 717/1000, Train Loss: 0.6394, Validation Loss: 2.7618
Epoch 718/1000, Train Loss: 0.6082, Validation Loss: 1.1600
Epoch 719/1000, Train Loss: 0.5864, Validation Loss: 2.4244
Epoch 720/1000, Train Loss: 0.5952, Validation Loss: 3.3824
Epoch 721/1000, Train Loss: 0.6057, Validation Loss: 3.0134
Epoch 722/1000, Train Loss: 0.5935, Validation Loss: 1.8663
Epoch 723/1000, Train Loss: 0.5990, Validation Loss: 2.2343
Epoch 724/1000, Train Loss: 0.5964, Validation Loss: 0.9029
Epoch 725/1000, Train Loss: 0.6232, Validation Loss: 2.2162
Epoch 726/1000, Train Loss: 0.6103, Validation Loss: 1.7841
Epoch 727/1000, Train Loss: 0.6044, Validation Loss: 2.8210
Epoch 728/1000, Train Loss: 0.6123, Validation Loss: 2.4200
Epoch 729/1000, Train Loss: 0.5986, Validation Loss: 1.6556
Epoch 730/1000, Train Loss: 0.6515, Validation Loss: 0.8219
Epoch 731/1000, Train Loss: 0.5817, Validation Loss: 1.1148
Epoch 732/1000, Train Loss: 0.5846, Validation Loss: 2.3849
Epoch 733/1000, Train Loss: 0.6084, Validation Loss: 1.1612
Epoch 734/1000, Train Loss: 0.6152, Validation Loss: 0.6904
Epoch 735/1000, Train Loss: 0.6139, Validation Loss: 1.6448
Epoch 736/1000, Train Loss: 0.5893, Validation Loss: 2.1408
Epoch 737/1000, Train Loss: 0.6021, Validation Loss: 2.5374
Epoch 738/1000, Train Loss: 0.5976, Validation Loss: 1.8069
Epoch 739/1000, Train Loss: 0.5941, Validation Loss: 4.9811
Epoch 740/1000, Train Loss: 0.5959, Validation Loss: 3.4420
Epoch 741/1000, Train Loss: 0.5954, Validation Loss: 2.7720
Epoch 742/1000, Train Loss: 0.5962, Validation Loss: 2.8984
Epoch 743/1000, Train Loss: 0.6168, Validation Loss: 0.9898
Epoch 744/1000, Train Loss: 0.6057, Validation Loss: 1.9940
Epoch 745/1000, Train Loss: 0.6047, Validation Loss: 3.6691
Epoch 746/1000, Train Loss: 0.5996, Validation Loss: 1.6010
Epoch 747/1000, Train Loss: 0.5924, Validation Loss: 1.5624
Epoch 748/1000, Train Loss: 0.5927, Validation Loss: 1.6801
Epoch 749/1000, Train Loss: 0.6028, Validation Loss: 2.1661
Epoch 750/1000, Train Loss: 0.6042, Validation Loss: 1.9734
Epoch 751/1000, Train Loss: 0.7778, Validation Loss: 3.1660
Epoch 752/1000, Train Loss: 0.6103, Validation Loss: 1.2525
Epoch 753/1000, Train Loss: 0.6029, Validation Loss: 0.9468
Epoch 754/1000, Train Loss: 0.6029, Validation Loss: 1.0091
Epoch 755/1000, Train Loss: 0.5952, Validation Loss: 1.3251
Epoch 756/1000, Train Loss: 0.6038, Validation Loss: 1.8755
Epoch 757/1000, Train Loss: 0.6163, Validation Loss: 3.6588
Epoch 758/1000, Train Loss: 0.6172, Validation Loss: 6.3276
Epoch 759/1000, Train Loss: 0.6039, Validation Loss: 1.2324
Epoch 760/1000, Train Loss: 0.6135, Validation Loss: 2.5767
Epoch 761/1000, Train Loss: 0.6008, Validation Loss: 1.2476
Epoch 762/1000, Train Loss: 0.6261, Validation Loss: 2.2643
Epoch 763/1000, Train Loss: 0.5980, Validation Loss: 2.5148
Epoch 764/1000, Train Loss: 0.5984, Validation Loss: 2.0395
Epoch 765/1000, Train Loss: 0.5928, Validation Loss: 1.8316
Epoch 766/1000, Train Loss: 0.6045, Validation Loss: 0.7407
Epoch 767/1000, Train Loss: 0.5983, Validation Loss: 0.9212
Epoch 768/1000, Train Loss: 0.6069, Validation Loss: 3.0007
Epoch 769/1000, Train Loss: 0.7137, Validation Loss: 1.8232
Epoch 770/1000, Train Loss: 0.8425, Validation Loss: 3.6135
Epoch 771/1000, Train Loss: 0.5905, Validation Loss: 1.9191
Epoch 772/1000, Train Loss: 0.6025, Validation Loss: 2.8163
Epoch 773/1000, Train Loss: 0.6047, Validation Loss: 2.6478
Epoch 774/1000, Train Loss: 0.5898, Validation Loss: 1.1234
Epoch 775/1000, Train Loss: 0.5934, Validation Loss: 4.0550
Epoch 776/1000, Train Loss: 0.5978, Validation Loss: 1.5028
Epoch 777/1000, Train Loss: 0.6078, Validation Loss: 1.8494
Epoch 778/1000, Train Loss: 0.6000, Validation Loss: 2.2026
Epoch 779/1000, Train Loss: 0.5842, Validation Loss: 1.5771
Epoch 780/1000, Train Loss: 0.5998, Validation Loss: 1.6544
Epoch 781/1000, Train Loss: 0.6095, Validation Loss: 1.2422
Epoch 782/1000, Train Loss: 0.5972, Validation Loss: 0.6537
Epoch 783/1000, Train Loss: 0.6307, Validation Loss: 1.1875
Epoch 784/1000, Train Loss: 0.6003, Validation Loss: 2.4466
Epoch 785/1000, Train Loss: 0.6092, Validation Loss: 1.3228
Epoch 786/1000, Train Loss: 0.5940, Validation Loss: 1.6033
Epoch 787/1000, Train Loss: 0.6061, Validation Loss: 3.3281
Epoch 788/1000, Train Loss: 0.6295, Validation Loss: 2.7811
Epoch 789/1000, Train Loss: 0.6276, Validation Loss: 1.1710
Epoch 790/1000, Train Loss: 0.6153, Validation Loss: 1.8149
Epoch 791/1000, Train Loss: 0.5940, Validation Loss: 0.9426
Epoch 792/1000, Train Loss: 0.6068, Validation Loss: 2.3442
Epoch 793/1000, Train Loss: 0.6139, Validation Loss: 0.8835
Epoch 794/1000, Train Loss: 0.6133, Validation Loss: 0.8253
Epoch 795/1000, Train Loss: 0.6122, Validation Loss: 3.3874
Epoch 796/1000, Train Loss: 0.6085, Validation Loss: 1.6837
Epoch 797/1000, Train Loss: 0.6014, Validation Loss: 0.8385
Epoch 798/1000, Train Loss: 0.5909, Validation Loss: 1.5481
Epoch 799/1000, Train Loss: 0.6120, Validation Loss: 1.6567
Epoch 800/1000, Train Loss: 0.5906, Validation Loss: 0.9028
Epoch 801/1000, Train Loss: 0.6221, Validation Loss: 1.9400
Epoch 802/1000, Train Loss: 0.5905, Validation Loss: 1.6183
Epoch 803/1000, Train Loss: 0.5998, Validation Loss: 2.0896
Epoch 804/1000, Train Loss: 0.5989, Validation Loss: 2.4368
Epoch 805/1000, Train Loss: 0.6006, Validation Loss: 1.0885
Epoch 806/1000, Train Loss: 0.6062, Validation Loss: 0.6162
Epoch 807/1000, Train Loss: 0.6028, Validation Loss: 0.6909
Epoch 808/1000, Train Loss: 0.6002, Validation Loss: 1.4431
Epoch 809/1000, Train Loss: 0.6088, Validation Loss: 1.8121
Epoch 810/1000, Train Loss: 0.6161, Validation Loss: 1.5834
Epoch 811/1000, Train Loss: 0.5938, Validation Loss: 6.3717
Epoch 812/1000, Train Loss: 0.6251, Validation Loss: 0.6648
Epoch 813/1000, Train Loss: 0.6076, Validation Loss: 2.1875
Epoch 814/1000, Train Loss: 0.7022, Validation Loss: 1.2595
Epoch 815/1000, Train Loss: 0.6401, Validation Loss: 2.0481
Epoch 816/1000, Train Loss: 0.5994, Validation Loss: 3.4387
Epoch 817/1000, Train Loss: 0.5956, Validation Loss: 0.9348
Epoch 818/1000, Train Loss: 0.5960, Validation Loss: 1.1930
Epoch 819/1000, Train Loss: 0.6183, Validation Loss: 2.1212
Epoch 820/1000, Train Loss: 0.5839, Validation Loss: 2.0756
Epoch 821/1000, Train Loss: 0.5878, Validation Loss: 1.3737
Epoch 822/1000, Train Loss: 0.5960, Validation Loss: 1.6715
Epoch 823/1000, Train Loss: 0.5854, Validation Loss: 0.8304
Epoch 824/1000, Train Loss: 0.5962, Validation Loss: 2.3500
Epoch 825/1000, Train Loss: 0.6105, Validation Loss: 2.1210
Epoch 826/1000, Train Loss: 0.6031, Validation Loss: 1.8856
Epoch 827/1000, Train Loss: 0.6048, Validation Loss: 0.7152
Epoch 828/1000, Train Loss: 0.6208, Validation Loss: 0.5640
Epoch 829/1000, Train Loss: 0.5965, Validation Loss: 0.7201
Epoch 830/1000, Train Loss: 0.5971, Validation Loss: 0.9229
Epoch 831/1000, Train Loss: 0.6780, Validation Loss: 0.8397
Epoch 832/1000, Train Loss: 0.6284, Validation Loss: 1.1367
Epoch 833/1000, Train Loss: 0.6001, Validation Loss: 2.3030
Epoch 834/1000, Train Loss: 0.5973, Validation Loss: 1.3317
Epoch 835/1000, Train Loss: 0.5919, Validation Loss: 1.4810
Epoch 836/1000, Train Loss: 0.6035, Validation Loss: 1.6642
Epoch 837/1000, Train Loss: 0.5865, Validation Loss: 1.9999
Epoch 838/1000, Train Loss: 0.6075, Validation Loss: 2.0203
Epoch 839/1000, Train Loss: 0.6558, Validation Loss: 0.6209
Epoch 840/1000, Train Loss: 0.5873, Validation Loss: 2.5679
Epoch 841/1000, Train Loss: 0.5913, Validation Loss: 2.5329
Epoch 842/1000, Train Loss: 0.5952, Validation Loss: 0.7617
Epoch 843/1000, Train Loss: 0.5958, Validation Loss: 1.4750
Epoch 844/1000, Train Loss: 0.5961, Validation Loss: 0.8888
Epoch 845/1000, Train Loss: 0.6296, Validation Loss: 3.1398
Epoch 846/1000, Train Loss: 0.6009, Validation Loss: 1.7684
Epoch 847/1000, Train Loss: 0.5904, Validation Loss: 1.4838
Epoch 848/1000, Train Loss: 0.6070, Validation Loss: 1.1547
Epoch 849/1000, Train Loss: 0.6323, Validation Loss: 1.3173
Epoch 850/1000, Train Loss: 0.6000, Validation Loss: 1.4760
Epoch 851/1000, Train Loss: 0.6143, Validation Loss: 0.5582
Epoch 852/1000, Train Loss: 0.6228, Validation Loss: 1.7658
Epoch 853/1000, Train Loss: 0.6111, Validation Loss: 0.6580
Epoch 854/1000, Train Loss: 0.6056, Validation Loss: 2.0560
Epoch 855/1000, Train Loss: 0.6016, Validation Loss: 1.0944
Epoch 856/1000, Train Loss: 0.5983, Validation Loss: 1.2533
Epoch 857/1000, Train Loss: 0.6018, Validation Loss: 1.3317
Epoch 858/1000, Train Loss: 0.5928, Validation Loss: 0.7630
Epoch 859/1000, Train Loss: 0.5972, Validation Loss: 2.0730
Epoch 860/1000, Train Loss: 0.5851, Validation Loss: 1.1591
Epoch 861/1000, Train Loss: 0.6450, Validation Loss: 3.5073
Epoch 862/1000, Train Loss: 0.5955, Validation Loss: 2.7333
Epoch 863/1000, Train Loss: 0.6080, Validation Loss: 2.4575
Epoch 864/1000, Train Loss: 0.6150, Validation Loss: 4.3631
Epoch 865/1000, Train Loss: 0.5938, Validation Loss: 1.1728
Epoch 866/1000, Train Loss: 0.5961, Validation Loss: 2.1580
Epoch 867/1000, Train Loss: 0.5966, Validation Loss: 0.6884
Epoch 868/1000, Train Loss: 0.5898, Validation Loss: 1.9427
Epoch 869/1000, Train Loss: 26.7335, Validation Loss: 1.9517
Epoch 870/1000, Train Loss: 0.6135, Validation Loss: 3.8776
Epoch 871/1000, Train Loss: 0.6295, Validation Loss: 0.9273
Epoch 872/1000, Train Loss: 0.6354, Validation Loss: 4.2341
Epoch 873/1000, Train Loss: 0.5776, Validation Loss: 1.9437
Epoch 874/1000, Train Loss: 0.5983, Validation Loss: 1.6346
Epoch 875/1000, Train Loss: 0.6267, Validation Loss: 0.6001
Epoch 876/1000, Train Loss: 0.5868, Validation Loss: 0.9075
Epoch 877/1000, Train Loss: 0.6090, Validation Loss: 1.4095
Epoch 878/1000, Train Loss: 0.5986, Validation Loss: 1.3243
Epoch 879/1000, Train Loss: 0.6132, Validation Loss: 1.3038
Epoch 880/1000, Train Loss: 0.6032, Validation Loss: 2.2950
Epoch 881/1000, Train Loss: 0.6022, Validation Loss: 0.9454
Epoch 882/1000, Train Loss: 0.5980, Validation Loss: 3.3886
Epoch 883/1000, Train Loss: 3.9426, Validation Loss: 1.6179
Epoch 884/1000, Train Loss: 0.6170, Validation Loss: 3.9749
Epoch 885/1000, Train Loss: 0.5894, Validation Loss: 1.5440
Epoch 886/1000, Train Loss: 0.5977, Validation Loss: 1.1990
Epoch 887/1000, Train Loss: 0.5978, Validation Loss: 1.5765
Epoch 888/1000, Train Loss: 0.6083, Validation Loss: 0.7190
Epoch 889/1000, Train Loss: 0.6333, Validation Loss: 1.6146
Epoch 890/1000, Train Loss: 0.5793, Validation Loss: 2.7260
Epoch 891/1000, Train Loss: 0.5938, Validation Loss: 1.9622
Epoch 892/1000, Train Loss: 0.6054, Validation Loss: 1.8229
Epoch 893/1000, Train Loss: 0.6010, Validation Loss: 1.3810
Epoch 894/1000, Train Loss: 0.5989, Validation Loss: 2.0959
Epoch 895/1000, Train Loss: 0.5851, Validation Loss: 2.8454
Epoch 896/1000, Train Loss: 0.5956, Validation Loss: 1.5531
Epoch 897/1000, Train Loss: 0.6067, Validation Loss: 1.0292
Epoch 898/1000, Train Loss: 0.5967, Validation Loss: 1.7671
Epoch 899/1000, Train Loss: 0.5981, Validation Loss: 2.5424
Epoch 900/1000, Train Loss: 0.5961, Validation Loss: 3.7498
Epoch 901/1000, Train Loss: 0.6332, Validation Loss: 1.6770
Epoch 902/1000, Train Loss: 0.6048, Validation Loss: 2.0370
Epoch 903/1000, Train Loss: 0.5789, Validation Loss: 1.4537
Epoch 904/1000, Train Loss: 0.5988, Validation Loss: 1.6117
Epoch 905/1000, Train Loss: 0.5825, Validation Loss: 0.7170
Epoch 906/1000, Train Loss: 0.5893, Validation Loss: 1.9783
Epoch 907/1000, Train Loss: 0.5925, Validation Loss: 1.8177
Epoch 908/1000, Train Loss: 0.6014, Validation Loss: 0.7180
Epoch 909/1000, Train Loss: 2.7747, Validation Loss: 1.4372
Epoch 910/1000, Train Loss: 0.6140, Validation Loss: 2.0958
Epoch 911/1000, Train Loss: 0.6081, Validation Loss: 1.2308
Epoch 912/1000, Train Loss: 0.6078, Validation Loss: 2.2122
Epoch 913/1000, Train Loss: 0.6062, Validation Loss: 2.5090
Epoch 914/1000, Train Loss: 0.6182, Validation Loss: 2.4900
Epoch 915/1000, Train Loss: 0.6054, Validation Loss: 2.3519
Epoch 916/1000, Train Loss: 0.5997, Validation Loss: 1.4979
Epoch 917/1000, Train Loss: 0.5989, Validation Loss: 0.8150
Epoch 918/1000, Train Loss: 0.6040, Validation Loss: 2.0752
Epoch 919/1000, Train Loss: 0.6057, Validation Loss: 3.3659
Epoch 920/1000, Train Loss: 0.6150, Validation Loss: 2.5448
Epoch 921/1000, Train Loss: 3.4890, Validation Loss: 1.8667
Epoch 922/1000, Train Loss: 0.6038, Validation Loss: 1.7780
Epoch 923/1000, Train Loss: 0.5941, Validation Loss: 1.9466
Epoch 924/1000, Train Loss: 0.6078, Validation Loss: 2.6784
Epoch 925/1000, Train Loss: 0.5980, Validation Loss: 1.8207
Epoch 926/1000, Train Loss: 0.5963, Validation Loss: 2.0859
Epoch 927/1000, Train Loss: 0.5962, Validation Loss: 2.9337
Epoch 928/1000, Train Loss: 0.6232, Validation Loss: 1.3563
Epoch 929/1000, Train Loss: 0.5866, Validation Loss: 0.5685
Epoch 930/1000, Train Loss: 0.6035, Validation Loss: 2.0263
Epoch 931/1000, Train Loss: 0.6067, Validation Loss: 0.9188
Epoch 932/1000, Train Loss: 0.7171, Validation Loss: 3.3871
Epoch 933/1000, Train Loss: 0.6138, Validation Loss: 1.0081
Epoch 934/1000, Train Loss: 0.5903, Validation Loss: 0.7709
Epoch 935/1000, Train Loss: 0.6110, Validation Loss: 1.0302
Epoch 936/1000, Train Loss: 0.5846, Validation Loss: 1.1156
Epoch 937/1000, Train Loss: 0.6105, Validation Loss: 4.3074
Epoch 938/1000, Train Loss: 0.5832, Validation Loss: 1.0666
Epoch 939/1000, Train Loss: 0.5947, Validation Loss: 1.1279
Epoch 940/1000, Train Loss: 0.6209, Validation Loss: 2.6713
Epoch 941/1000, Train Loss: 0.6098, Validation Loss: 2.9221
Epoch 942/1000, Train Loss: 0.6042, Validation Loss: 3.4468
Epoch 943/1000, Train Loss: 0.5917, Validation Loss: 2.8934
Epoch 944/1000, Train Loss: 0.5906, Validation Loss: 3.9221
Epoch 945/1000, Train Loss: 0.5962, Validation Loss: 1.8005
Epoch 946/1000, Train Loss: 0.5979, Validation Loss: 2.8984
Epoch 947/1000, Train Loss: 0.5957, Validation Loss: 0.8380
Epoch 948/1000, Train Loss: 0.6080, Validation Loss: 1.1813
Epoch 949/1000, Train Loss: 0.5898, Validation Loss: 5.5052
Epoch 950/1000, Train Loss: 0.6050, Validation Loss: 2.2462
Epoch 951/1000, Train Loss: 0.5949, Validation Loss: 2.3969
Epoch 952/1000, Train Loss: 0.6066, Validation Loss: 2.4397
Epoch 953/1000, Train Loss: 0.5986, Validation Loss: 2.2664
Epoch 954/1000, Train Loss: 0.6005, Validation Loss: 3.2343
Epoch 955/1000, Train Loss: 0.6146, Validation Loss: 1.2438
Epoch 956/1000, Train Loss: 0.6087, Validation Loss: 2.6597
Epoch 957/1000, Train Loss: 0.5932, Validation Loss: 1.0899
Epoch 958/1000, Train Loss: 0.5911, Validation Loss: 0.6754
Epoch 959/1000, Train Loss: 0.6009, Validation Loss: 1.1474
Epoch 960/1000, Train Loss: 0.5931, Validation Loss: 0.6210
Epoch 961/1000, Train Loss: 0.6603, Validation Loss: 0.7159
Epoch 962/1000, Train Loss: 0.5791, Validation Loss: 1.6927
Epoch 963/1000, Train Loss: 0.5924, Validation Loss: 1.3480
Epoch 964/1000, Train Loss: 0.6201, Validation Loss: 1.3533
Epoch 965/1000, Train Loss: 0.5981, Validation Loss: 1.6935
Epoch 966/1000, Train Loss: 0.6008, Validation Loss: 1.2844
Epoch 967/1000, Train Loss: 0.6011, Validation Loss: 0.8770
Epoch 968/1000, Train Loss: 0.5896, Validation Loss: 1.1618
Epoch 969/1000, Train Loss: 0.5918, Validation Loss: 3.1938
Epoch 970/1000, Train Loss: 0.5950, Validation Loss: 0.7210
Epoch 971/1000, Train Loss: 0.5910, Validation Loss: 0.7915
Epoch 972/1000, Train Loss: 0.6158, Validation Loss: 1.9534
Epoch 973/1000, Train Loss: 0.5908, Validation Loss: 1.3332
Epoch 974/1000, Train Loss: 0.5836, Validation Loss: 1.4216
Epoch 975/1000, Train Loss: 0.5879, Validation Loss: 2.7725
Epoch 976/1000, Train Loss: 0.6063, Validation Loss: 4.8432
Epoch 977/1000, Train Loss: 0.5866, Validation Loss: 2.9056
Epoch 978/1000, Train Loss: 0.6035, Validation Loss: 0.7500
Epoch 979/1000, Train Loss: 0.6378, Validation Loss: 0.6848
Epoch 980/1000, Train Loss: 0.5795, Validation Loss: 0.7152
Epoch 981/1000, Train Loss: 0.5982, Validation Loss: 1.6187
Epoch 982/1000, Train Loss: 0.5878, Validation Loss: 2.2142
Epoch 983/1000, Train Loss: 0.6047, Validation Loss: 1.6156
Epoch 984/1000, Train Loss: 0.5933, Validation Loss: 1.5738
Epoch 985/1000, Train Loss: 0.6475, Validation Loss: 6.2172
Epoch 986/1000, Train Loss: 0.5999, Validation Loss: 5.1424
Epoch 987/1000, Train Loss: 0.5807, Validation Loss: 2.0045
Epoch 988/1000, Train Loss: 0.6107, Validation Loss: 2.2858
Epoch 989/1000, Train Loss: 0.5879, Validation Loss: 1.3320
Epoch 990/1000, Train Loss: 0.5868, Validation Loss: 1.3800
Epoch 991/1000, Train Loss: 0.6152, Validation Loss: 1.9436
Epoch 992/1000, Train Loss: 0.6065, Validation Loss: 1.7761
Epoch 993/1000, Train Loss: 0.5905, Validation Loss: 0.7642
Epoch 994/1000, Train Loss: 0.5980, Validation Loss: 1.4808
Epoch 995/1000, Train Loss: 0.6060, Validation Loss: 2.0063
Epoch 996/1000, Train Loss: 0.5846, Validation Loss: 2.2866
Epoch 997/1000, Train Loss: 0.5943, Validation Loss: 1.7661
Epoch 998/1000, Train Loss: 0.5995, Validation Loss: 2.0851
Epoch 999/1000, Train Loss: 0.6048, Validation Loss: 1.0080
Epoch 1000/1000, Train Loss: 0.5834, Validation Loss: 1.7530
Best Training Loss: 0.5776
Best Training Loss Epoch: 873
Best Validation Loss: 0.5582
Best Validation Loss Epoch: 851
Time taken for training: 0-15:12:39
Test Loss: 0.5677
Test MAPE: 44196.9648%
Error Statistics:
count    4.127200e+04
mean     3.145472e+03
std      5.343314e+05
min      7.796288e-05
25%      1.779980e-01
50%      1.734745e+00
75%      2.467612e+01
max      1.085096e+08
Name: Absolute Error, dtype: float64
Training complete. Final model saved.
Saving model as a wandb Artifact...
Model artifact logged successfully.
[1;34mwandb[0m: 
[1;34mwandb[0m: 🚀 View run [33mstilted-sweep-154[0m at: [34mhttps://wandb.ai/mk8737-new-york-university/rl_pretrain_hp_sweeps/runs/f9qgov9h[0m
[1;34mwandb[0m: Find logs at: [1;35mwandb/run-20251006_144146-f9qgov9h/logs[0m
Agent finished.
