Waiting for sweep ID...
Found Sweep ID: be12np04
Starting wandb agent for sweep be12np04...
TRAINING DEVICE: cpu
Run Name: GCN_global_hp_sweep_be12np04-yzaxuk2e
finidhed preparing data
Loading dataset from pretrain_dataset_12.5k_fixed_duplicates.pkl
Loaded 412712 data objects.
finished preparing data
Epoch 1/1000, Train Loss: 6.0914, Validation Loss: 1.2420
Epoch 2/1000, Train Loss: 1.3741, Validation Loss: 1.2392
Epoch 3/1000, Train Loss: 1.2822, Validation Loss: 1.4315
Epoch 4/1000, Train Loss: 1.2212, Validation Loss: 2.5215
Epoch 5/1000, Train Loss: 1.1918, Validation Loss: 1.4808
Epoch 6/1000, Train Loss: 8.0663, Validation Loss: 2.0300
Epoch 7/1000, Train Loss: 1.2152, Validation Loss: 2.1570
Epoch 8/1000, Train Loss: 1.1136, Validation Loss: 10.5450
Epoch 9/1000, Train Loss: 1.5292, Validation Loss: 2.9256
Epoch 10/1000, Train Loss: 1.1062, Validation Loss: 0.9912
Epoch 11/1000, Train Loss: 1.1050, Validation Loss: 1.0823
Epoch 12/1000, Train Loss: 1.0554, Validation Loss: 1.8790
Epoch 13/1000, Train Loss: 1.0552, Validation Loss: 1.0027
Epoch 14/1000, Train Loss: 1.0099, Validation Loss: 2.5950
Epoch 15/1000, Train Loss: 1.1643, Validation Loss: 2.8269
Epoch 16/1000, Train Loss: 33.3762, Validation Loss: 1.1459
Epoch 17/1000, Train Loss: 1.0216, Validation Loss: 0.8911
Epoch 18/1000, Train Loss: 0.9634, Validation Loss: 1.1118
Epoch 19/1000, Train Loss: 0.9625, Validation Loss: 3.6989
Epoch 20/1000, Train Loss: 13.4141, Validation Loss: 1.7903
Epoch 21/1000, Train Loss: 0.9581, Validation Loss: 4.0207
Epoch 22/1000, Train Loss: 0.9238, Validation Loss: 1.2658
Epoch 23/1000, Train Loss: 0.9394, Validation Loss: 1.9423
Epoch 24/1000, Train Loss: 0.8999, Validation Loss: 0.9417
Epoch 25/1000, Train Loss: 59.9836, Validation Loss: 2.5928
Epoch 26/1000, Train Loss: 0.8917, Validation Loss: 0.8813
Epoch 27/1000, Train Loss: 0.8843, Validation Loss: 1.5886
Epoch 28/1000, Train Loss: 3.6334, Validation Loss: 3.9859
Epoch 29/1000, Train Loss: 0.9504, Validation Loss: 1.4195
Epoch 30/1000, Train Loss: 0.8809, Validation Loss: 1.3286
Epoch 31/1000, Train Loss: 128.5817, Validation Loss: 2.9836
Epoch 32/1000, Train Loss: 1.3121, Validation Loss: 4.0816
Epoch 33/1000, Train Loss: 0.8817, Validation Loss: 2.2359
Epoch 34/1000, Train Loss: 0.8770, Validation Loss: 1.1783
Epoch 35/1000, Train Loss: 57.1045, Validation Loss: 2.1380
Epoch 36/1000, Train Loss: 0.8468, Validation Loss: 1.1486
Epoch 37/1000, Train Loss: 0.8572, Validation Loss: 0.9180
Epoch 38/1000, Train Loss: 0.8638, Validation Loss: 1.3054
Epoch 39/1000, Train Loss: 0.8483, Validation Loss: 1.1633
Epoch 40/1000, Train Loss: 0.9008, Validation Loss: 0.8897
Epoch 41/1000, Train Loss: 0.8626, Validation Loss: 2.7787
Epoch 42/1000, Train Loss: 4.9411, Validation Loss: 2.2546
Epoch 43/1000, Train Loss: 0.8126, Validation Loss: 2.2325
Epoch 44/1000, Train Loss: 0.8220, Validation Loss: 1.7136
Epoch 45/1000, Train Loss: 0.7835, Validation Loss: 1.1137
Epoch 46/1000, Train Loss: 0.8185, Validation Loss: 2.6942
Epoch 47/1000, Train Loss: 0.7985, Validation Loss: 2.9377
Epoch 48/1000, Train Loss: 0.7953, Validation Loss: 3.0708
Epoch 49/1000, Train Loss: 1.0810, Validation Loss: 2.8921
Epoch 50/1000, Train Loss: 0.8171, Validation Loss: 0.9458
Epoch 51/1000, Train Loss: 0.7777, Validation Loss: 2.9193
Epoch 52/1000, Train Loss: 0.9680, Validation Loss: 1.5842
Epoch 53/1000, Train Loss: 0.7717, Validation Loss: 1.8401
Epoch 54/1000, Train Loss: 0.8259, Validation Loss: 1.4488
Epoch 55/1000, Train Loss: 0.8094, Validation Loss: 2.1696
Epoch 56/1000, Train Loss: 0.7730, Validation Loss: 2.5574
Epoch 57/1000, Train Loss: 0.7972, Validation Loss: 4.0288
Epoch 58/1000, Train Loss: 0.7854, Validation Loss: 3.2737
Epoch 59/1000, Train Loss: 0.7684, Validation Loss: 1.2427
Epoch 60/1000, Train Loss: 0.8678, Validation Loss: 2.2571
Epoch 61/1000, Train Loss: 0.7801, Validation Loss: 3.4824
Epoch 62/1000, Train Loss: 0.8161, Validation Loss: 1.0366
Epoch 63/1000, Train Loss: 0.7495, Validation Loss: 0.9881
Epoch 64/1000, Train Loss: 0.7665, Validation Loss: 1.7958
Epoch 65/1000, Train Loss: 1.0012, Validation Loss: 2.6439
Epoch 66/1000, Train Loss: 0.7718, Validation Loss: 2.9608
Epoch 67/1000, Train Loss: 0.7477, Validation Loss: 1.2117
Epoch 68/1000, Train Loss: 0.7823, Validation Loss: 1.7873
Epoch 69/1000, Train Loss: 8.4359, Validation Loss: 1.2072
Epoch 70/1000, Train Loss: 0.7656, Validation Loss: 1.4500
Epoch 71/1000, Train Loss: 0.8336, Validation Loss: 1.0360
Epoch 72/1000, Train Loss: 0.7557, Validation Loss: 1.8874
Epoch 73/1000, Train Loss: 0.7646, Validation Loss: 1.3950
Epoch 74/1000, Train Loss: 36.0988, Validation Loss: 1.9379
Epoch 75/1000, Train Loss: 0.7520, Validation Loss: 2.0688
Epoch 76/1000, Train Loss: 0.7518, Validation Loss: 2.2647
Epoch 77/1000, Train Loss: 0.7953, Validation Loss: 2.9469
Epoch 78/1000, Train Loss: 0.7545, Validation Loss: 1.1031
Epoch 79/1000, Train Loss: 0.7426, Validation Loss: 1.0007
Epoch 80/1000, Train Loss: 4.7906, Validation Loss: 2.4971
Epoch 81/1000, Train Loss: 0.7677, Validation Loss: 0.7818
Epoch 82/1000, Train Loss: 0.9128, Validation Loss: 1.6118
Epoch 83/1000, Train Loss: 0.7485, Validation Loss: 2.1031
Epoch 84/1000, Train Loss: 0.7351, Validation Loss: 1.9670
Epoch 85/1000, Train Loss: 0.7465, Validation Loss: 2.1741
Epoch 86/1000, Train Loss: 1.3349, Validation Loss: 1.4111
Epoch 87/1000, Train Loss: 0.7311, Validation Loss: 0.9051
Epoch 88/1000, Train Loss: 57.0816, Validation Loss: 1.6393
Epoch 89/1000, Train Loss: 0.7647, Validation Loss: 3.0586
Epoch 90/1000, Train Loss: 0.7441, Validation Loss: 1.7740
Epoch 91/1000, Train Loss: 0.9115, Validation Loss: 2.1006
Epoch 92/1000, Train Loss: 0.7447, Validation Loss: 1.6356
Epoch 93/1000, Train Loss: 0.7296, Validation Loss: 2.9701
Epoch 94/1000, Train Loss: 18.7511, Validation Loss: 3.4867
Epoch 95/1000, Train Loss: 0.9201, Validation Loss: 2.9172
Epoch 96/1000, Train Loss: 0.7360, Validation Loss: 1.7230
Epoch 97/1000, Train Loss: 0.8112, Validation Loss: 0.7999
Epoch 98/1000, Train Loss: 0.7353, Validation Loss: 1.1480
Epoch 99/1000, Train Loss: 0.8906, Validation Loss: 0.9175
Epoch 100/1000, Train Loss: 47.3700, Validation Loss: 1.9569
Epoch 101/1000, Train Loss: 0.7458, Validation Loss: 0.7610
Epoch 102/1000, Train Loss: 0.7435, Validation Loss: 2.3571
Epoch 103/1000, Train Loss: 0.7929, Validation Loss: 1.4746
Epoch 104/1000, Train Loss: 0.7400, Validation Loss: 1.3375
Epoch 105/1000, Train Loss: 0.7268, Validation Loss: 2.4256
Epoch 106/1000, Train Loss: 1.0927, Validation Loss: 2.4939
Epoch 107/1000, Train Loss: 0.7218, Validation Loss: 1.7336
Epoch 108/1000, Train Loss: 1.1750, Validation Loss: 2.3414
Epoch 109/1000, Train Loss: 0.7729, Validation Loss: 1.2822
Epoch 110/1000, Train Loss: 0.7438, Validation Loss: 1.3630
Epoch 111/1000, Train Loss: 1.0085, Validation Loss: 3.9118
Epoch 112/1000, Train Loss: 0.7364, Validation Loss: 2.6878
Epoch 113/1000, Train Loss: 0.7396, Validation Loss: 1.4624
Epoch 114/1000, Train Loss: 0.7331, Validation Loss: 1.9465
Epoch 115/1000, Train Loss: 1.0845, Validation Loss: 0.8047
Epoch 116/1000, Train Loss: 0.7300, Validation Loss: 1.6222
Epoch 117/1000, Train Loss: 0.7329, Validation Loss: 2.9457
Epoch 118/1000, Train Loss: 6.2643, Validation Loss: 6.0690
Epoch 119/1000, Train Loss: 3.0483, Validation Loss: 1.7172
Epoch 120/1000, Train Loss: 0.7467, Validation Loss: 3.8973
Epoch 121/1000, Train Loss: 2.4909, Validation Loss: 3.7442
Epoch 122/1000, Train Loss: 0.9951, Validation Loss: 2.2598
Epoch 123/1000, Train Loss: 0.7399, Validation Loss: 1.1956
Epoch 124/1000, Train Loss: 0.7523, Validation Loss: 1.1801
Epoch 125/1000, Train Loss: 0.7308, Validation Loss: 3.0756
Epoch 126/1000, Train Loss: 0.7145, Validation Loss: 1.0152
Epoch 127/1000, Train Loss: 4.7150, Validation Loss: 2.9418
Epoch 128/1000, Train Loss: 0.7587, Validation Loss: 1.5518
Epoch 129/1000, Train Loss: 0.7420, Validation Loss: 1.7986
Epoch 130/1000, Train Loss: 0.7384, Validation Loss: 7.4331
Epoch 131/1000, Train Loss: 0.8593, Validation Loss: 2.6764
Epoch 132/1000, Train Loss: 0.7918, Validation Loss: 1.6015
Epoch 133/1000, Train Loss: 0.7496, Validation Loss: 0.8393
Epoch 134/1000, Train Loss: 1.6750, Validation Loss: 0.9425
Epoch 135/1000, Train Loss: 0.7279, Validation Loss: 1.6046
Epoch 136/1000, Train Loss: 0.7324, Validation Loss: 2.3748
Epoch 137/1000, Train Loss: 3.2300, Validation Loss: 1.3657
Epoch 138/1000, Train Loss: 0.7285, Validation Loss: 1.0084
Epoch 139/1000, Train Loss: 1.7763, Validation Loss: 2.3956
Epoch 140/1000, Train Loss: 0.7356, Validation Loss: 2.2916
Epoch 141/1000, Train Loss: 1.9987, Validation Loss: 1.1216
Epoch 142/1000, Train Loss: 0.7521, Validation Loss: 1.0287
Epoch 143/1000, Train Loss: 0.7644, Validation Loss: 1.0405
Epoch 144/1000, Train Loss: 0.7348, Validation Loss: 2.5072
Epoch 145/1000, Train Loss: 0.7421, Validation Loss: 1.3206
Epoch 146/1000, Train Loss: 0.9812, Validation Loss: 1.0573
Epoch 147/1000, Train Loss: 0.7265, Validation Loss: 1.7128
Epoch 148/1000, Train Loss: 0.7518, Validation Loss: 1.0454
Epoch 149/1000, Train Loss: 0.7813, Validation Loss: 1.4078
Epoch 150/1000, Train Loss: 0.7216, Validation Loss: 1.2760
Epoch 151/1000, Train Loss: 0.7856, Validation Loss: 4.4368
Epoch 152/1000, Train Loss: 0.7161, Validation Loss: 0.7658
Epoch 153/1000, Train Loss: 0.7637, Validation Loss: 3.7046
Epoch 154/1000, Train Loss: 0.7401, Validation Loss: 1.0834
Epoch 155/1000, Train Loss: 0.7205, Validation Loss: 2.0309
Epoch 156/1000, Train Loss: 5.5857, Validation Loss: 1.9716
Epoch 157/1000, Train Loss: 22.9499, Validation Loss: 1.3186
Epoch 158/1000, Train Loss: 0.7201, Validation Loss: 1.1559
Epoch 159/1000, Train Loss: 0.7517, Validation Loss: 7.0182
Epoch 160/1000, Train Loss: 125.0159, Validation Loss: 1.6996
Epoch 161/1000, Train Loss: 0.7272, Validation Loss: 3.5663
Epoch 162/1000, Train Loss: 0.7874, Validation Loss: 1.1828
Epoch 163/1000, Train Loss: 0.7481, Validation Loss: 1.3003
Epoch 164/1000, Train Loss: 0.7871, Validation Loss: 0.8609
Epoch 165/1000, Train Loss: 0.7230, Validation Loss: 1.9388
Epoch 166/1000, Train Loss: 0.7342, Validation Loss: 1.2788
Epoch 167/1000, Train Loss: 0.7650, Validation Loss: 3.9664
Epoch 168/1000, Train Loss: 0.9502, Validation Loss: 1.2661
Epoch 169/1000, Train Loss: 0.7435, Validation Loss: 1.4640
Epoch 170/1000, Train Loss: 0.7428, Validation Loss: 3.7598
Epoch 171/1000, Train Loss: 1.1216, Validation Loss: 1.7939
Epoch 172/1000, Train Loss: 0.7154, Validation Loss: 3.2787
Epoch 173/1000, Train Loss: 0.7333, Validation Loss: 0.8576
Epoch 174/1000, Train Loss: 155.6912, Validation Loss: 1.4939
Epoch 175/1000, Train Loss: 0.7403, Validation Loss: 1.8633
Epoch 176/1000, Train Loss: 3.8286, Validation Loss: 1.7332
Epoch 177/1000, Train Loss: 0.7196, Validation Loss: 2.0192
Epoch 178/1000, Train Loss: 0.7066, Validation Loss: 1.5093
Epoch 179/1000, Train Loss: 0.7135, Validation Loss: 2.0335
Epoch 180/1000, Train Loss: 0.7232, Validation Loss: 3.9928
Epoch 181/1000, Train Loss: 137.8810, Validation Loss: 0.7796
Epoch 182/1000, Train Loss: 0.7327, Validation Loss: 2.4984
Epoch 183/1000, Train Loss: 0.7211, Validation Loss: 0.9701
Epoch 184/1000, Train Loss: 1.3892, Validation Loss: 2.3290
Epoch 185/1000, Train Loss: 0.7111, Validation Loss: 0.9156
Epoch 186/1000, Train Loss: 0.7439, Validation Loss: 2.0439
Epoch 187/1000, Train Loss: 10.2609, Validation Loss: 19.4738
Epoch 188/1000, Train Loss: 3.3623, Validation Loss: 1.8706
Epoch 189/1000, Train Loss: 0.7345, Validation Loss: 1.9425
Epoch 190/1000, Train Loss: 0.7557, Validation Loss: 2.5080
Epoch 191/1000, Train Loss: 0.7320, Validation Loss: 1.0401
Epoch 192/1000, Train Loss: 0.7290, Validation Loss: 1.6713
Epoch 193/1000, Train Loss: 0.7482, Validation Loss: 2.4461
Epoch 194/1000, Train Loss: 0.7330, Validation Loss: 1.3326
Epoch 195/1000, Train Loss: 0.7157, Validation Loss: 4.5847
Epoch 196/1000, Train Loss: 0.9450, Validation Loss: 3.1276
Epoch 197/1000, Train Loss: 0.7313, Validation Loss: 2.7739
Epoch 198/1000, Train Loss: 0.8023, Validation Loss: 3.4191
Epoch 199/1000, Train Loss: 0.7911, Validation Loss: 1.5205
Epoch 200/1000, Train Loss: 0.7153, Validation Loss: 1.3983
Epoch 201/1000, Train Loss: 1.0700, Validation Loss: 1.4822
Epoch 202/1000, Train Loss: 0.7415, Validation Loss: 0.8494
Epoch 203/1000, Train Loss: 0.7303, Validation Loss: 3.3205
Epoch 204/1000, Train Loss: 0.7143, Validation Loss: 1.2161
Epoch 205/1000, Train Loss: 0.7596, Validation Loss: 0.8520
Epoch 206/1000, Train Loss: 0.7096, Validation Loss: 2.7941
Epoch 207/1000, Train Loss: 1.1059, Validation Loss: 1.3704
Epoch 208/1000, Train Loss: 0.7326, Validation Loss: 2.3272
Epoch 209/1000, Train Loss: 0.7295, Validation Loss: 1.8952
Epoch 210/1000, Train Loss: 0.9247, Validation Loss: 3.7383
Epoch 211/1000, Train Loss: 0.7213, Validation Loss: 1.8554
Epoch 212/1000, Train Loss: 0.7232, Validation Loss: 1.9596
Epoch 213/1000, Train Loss: 0.7074, Validation Loss: 4.0365
Epoch 214/1000, Train Loss: 1.0472, Validation Loss: 2.2416
Epoch 215/1000, Train Loss: 0.7074, Validation Loss: 1.9020
Epoch 216/1000, Train Loss: 1.0312, Validation Loss: 2.0725
Epoch 217/1000, Train Loss: 0.7235, Validation Loss: 1.6500
Epoch 218/1000, Train Loss: 0.7100, Validation Loss: 1.0479
Epoch 219/1000, Train Loss: 0.7222, Validation Loss: 1.0526
Epoch 220/1000, Train Loss: 3.5879, Validation Loss: 4.1849
Epoch 221/1000, Train Loss: 0.7985, Validation Loss: 5.5784
Epoch 222/1000, Train Loss: 0.7209, Validation Loss: 3.6914
Epoch 223/1000, Train Loss: 0.8201, Validation Loss: 0.8873
Epoch 224/1000, Train Loss: 0.7411, Validation Loss: 3.1036
Epoch 225/1000, Train Loss: 0.7305, Validation Loss: 0.8241
Epoch 226/1000, Train Loss: 0.7063, Validation Loss: 1.2329
Epoch 227/1000, Train Loss: 0.7154, Validation Loss: 2.1280
Epoch 228/1000, Train Loss: 14.3753, Validation Loss: 2.1415
Epoch 229/1000, Train Loss: 0.7082, Validation Loss: 1.5980
Epoch 230/1000, Train Loss: 0.7506, Validation Loss: 0.9067
Epoch 231/1000, Train Loss: 0.8170, Validation Loss: 2.0771
Epoch 232/1000, Train Loss: 0.7035, Validation Loss: 0.8729
Epoch 233/1000, Train Loss: 0.7366, Validation Loss: 2.1845
Epoch 234/1000, Train Loss: 0.7937, Validation Loss: 1.8397
Epoch 235/1000, Train Loss: 0.7346, Validation Loss: 0.8754
Epoch 236/1000, Train Loss: 0.7186, Validation Loss: 5.9892
Epoch 237/1000, Train Loss: 0.7168, Validation Loss: 2.5789
Epoch 238/1000, Train Loss: 1.3096, Validation Loss: 2.0646
Epoch 239/1000, Train Loss: 0.7314, Validation Loss: 4.2895
Epoch 240/1000, Train Loss: 0.7007, Validation Loss: 1.7114
Epoch 241/1000, Train Loss: 3.2798, Validation Loss: 1.5234
Epoch 242/1000, Train Loss: 0.7520, Validation Loss: 0.9169
Epoch 243/1000, Train Loss: 0.7164, Validation Loss: 0.8509
Epoch 244/1000, Train Loss: 0.7047, Validation Loss: 1.0350
Epoch 245/1000, Train Loss: 30.5475, Validation Loss: 1.4656
Epoch 246/1000, Train Loss: 0.7163, Validation Loss: 1.0094
Epoch 247/1000, Train Loss: 0.7533, Validation Loss: 1.3525
Epoch 248/1000, Train Loss: 0.7880, Validation Loss: 1.1632
Epoch 249/1000, Train Loss: 5.9284, Validation Loss: 1.1736
Epoch 250/1000, Train Loss: 1.0073, Validation Loss: 4.0120
Epoch 251/1000, Train Loss: 0.7102, Validation Loss: 1.5469
Epoch 252/1000, Train Loss: 1.0566, Validation Loss: 1.8805
Epoch 253/1000, Train Loss: 0.7060, Validation Loss: 2.9151
Epoch 254/1000, Train Loss: 0.7427, Validation Loss: 0.8965
Epoch 255/1000, Train Loss: 0.7115, Validation Loss: 1.0988
Epoch 256/1000, Train Loss: 0.8308, Validation Loss: 1.1849
Epoch 257/1000, Train Loss: 0.7299, Validation Loss: 0.9755
Epoch 258/1000, Train Loss: 0.7298, Validation Loss: 0.9373
Epoch 259/1000, Train Loss: 0.7549, Validation Loss: 1.2123
Epoch 260/1000, Train Loss: 0.8622, Validation Loss: 2.0449
Epoch 261/1000, Train Loss: 0.7225, Validation Loss: 2.4208
Epoch 262/1000, Train Loss: 0.7125, Validation Loss: 1.1676
Epoch 263/1000, Train Loss: 0.9034, Validation Loss: 1.0599
Epoch 264/1000, Train Loss: 0.6959, Validation Loss: 1.3327
Epoch 265/1000, Train Loss: 8.2021, Validation Loss: 2.7846
Epoch 266/1000, Train Loss: 0.7111, Validation Loss: 0.9351
Epoch 267/1000, Train Loss: 3.6159, Validation Loss: 4.9788
Epoch 268/1000, Train Loss: 1.0993, Validation Loss: 0.9562
Epoch 269/1000, Train Loss: 0.7089, Validation Loss: 1.2481
Epoch 270/1000, Train Loss: 0.7539, Validation Loss: 1.1234
Epoch 271/1000, Train Loss: 0.7043, Validation Loss: 0.9692
Epoch 272/1000, Train Loss: 0.7192, Validation Loss: 1.3127
Epoch 273/1000, Train Loss: 0.7834, Validation Loss: 0.9536
Epoch 274/1000, Train Loss: 0.7230, Validation Loss: 1.7611
Epoch 275/1000, Train Loss: 4.0728, Validation Loss: 2.2358
Epoch 276/1000, Train Loss: 0.7165, Validation Loss: 1.2209
Epoch 277/1000, Train Loss: 0.7419, Validation Loss: 1.0192
Epoch 278/1000, Train Loss: 0.7024, Validation Loss: 2.6117
Epoch 279/1000, Train Loss: 1.0580, Validation Loss: 1.6055
Epoch 280/1000, Train Loss: 0.8456, Validation Loss: 1.9349
Epoch 281/1000, Train Loss: 0.9455, Validation Loss: 2.5560
Epoch 282/1000, Train Loss: 0.7150, Validation Loss: 1.7439
Epoch 283/1000, Train Loss: 0.7189, Validation Loss: 2.3555
Epoch 284/1000, Train Loss: 0.7112, Validation Loss: 0.7843
Epoch 285/1000, Train Loss: 0.7126, Validation Loss: 3.4976
Epoch 286/1000, Train Loss: 0.7387, Validation Loss: 1.1750
Epoch 287/1000, Train Loss: 0.7567, Validation Loss: 1.0029
Epoch 288/1000, Train Loss: 0.7253, Validation Loss: 0.8438
Epoch 289/1000, Train Loss: 0.7141, Validation Loss: 1.4619
Epoch 290/1000, Train Loss: 76.1185, Validation Loss: 1.0808
Epoch 291/1000, Train Loss: 0.7065, Validation Loss: 1.8530
Epoch 292/1000, Train Loss: 0.7562, Validation Loss: 3.8046
Epoch 293/1000, Train Loss: 0.7194, Validation Loss: 1.6297
Epoch 294/1000, Train Loss: 0.7105, Validation Loss: 3.4637
Epoch 295/1000, Train Loss: 0.7687, Validation Loss: 1.8433
Epoch 296/1000, Train Loss: 0.7119, Validation Loss: 1.0057
Epoch 297/1000, Train Loss: 0.7051, Validation Loss: 1.4228
Epoch 298/1000, Train Loss: 0.9029, Validation Loss: 2.0266
Epoch 299/1000, Train Loss: 0.6962, Validation Loss: 2.8682
Epoch 300/1000, Train Loss: 0.9115, Validation Loss: 1.4116
Epoch 301/1000, Train Loss: 0.7186, Validation Loss: 5.1462
Epoch 302/1000, Train Loss: 0.8778, Validation Loss: 1.7945
Epoch 303/1000, Train Loss: 0.7474, Validation Loss: 1.1636
Epoch 304/1000, Train Loss: 0.7206, Validation Loss: 1.0974
Epoch 305/1000, Train Loss: 0.7080, Validation Loss: 1.5752
Epoch 306/1000, Train Loss: 8.1792, Validation Loss: 1.7151
Epoch 307/1000, Train Loss: 0.7416, Validation Loss: 0.8389
Epoch 308/1000, Train Loss: 0.7209, Validation Loss: 0.6719
Epoch 309/1000, Train Loss: 0.7259, Validation Loss: 2.0750
Epoch 310/1000, Train Loss: 0.7089, Validation Loss: 2.2865
Epoch 311/1000, Train Loss: 0.6979, Validation Loss: 4.8097
Epoch 312/1000, Train Loss: 0.9996, Validation Loss: 2.2626
Epoch 313/1000, Train Loss: 0.7439, Validation Loss: 2.0023
Epoch 314/1000, Train Loss: 0.7564, Validation Loss: 2.9527
Epoch 315/1000, Train Loss: 0.7338, Validation Loss: 2.7518
Epoch 316/1000, Train Loss: 0.7285, Validation Loss: 2.1874
Epoch 317/1000, Train Loss: 0.7162, Validation Loss: 1.0223
Epoch 318/1000, Train Loss: 50.1236, Validation Loss: 1.8643
Epoch 319/1000, Train Loss: 0.7640, Validation Loss: 2.3988
Epoch 320/1000, Train Loss: 0.8365, Validation Loss: 1.5814
Epoch 321/1000, Train Loss: 0.7246, Validation Loss: 1.3341
Epoch 322/1000, Train Loss: 0.9350, Validation Loss: 1.3485
Epoch 323/1000, Train Loss: 0.8755, Validation Loss: 1.9350
Epoch 324/1000, Train Loss: 0.7180, Validation Loss: 0.8640
Epoch 325/1000, Train Loss: 0.7335, Validation Loss: 1.0272
Epoch 326/1000, Train Loss: 0.8665, Validation Loss: 0.8718
Epoch 327/1000, Train Loss: 0.7147, Validation Loss: 2.6821
Epoch 328/1000, Train Loss: 0.7209, Validation Loss: 1.0477
Epoch 329/1000, Train Loss: 2.2712, Validation Loss: 1.0760
Epoch 330/1000, Train Loss: 0.6982, Validation Loss: 1.7564
Epoch 331/1000, Train Loss: 0.7036, Validation Loss: 0.7995
Epoch 332/1000, Train Loss: 0.9179, Validation Loss: 3.6910
Epoch 333/1000, Train Loss: 0.7003, Validation Loss: 0.8462
Epoch 334/1000, Train Loss: 0.7238, Validation Loss: 0.9282
Epoch 335/1000, Train Loss: 652.2422, Validation Loss: 3.5286
Epoch 336/1000, Train Loss: 0.7245, Validation Loss: 1.0913
Epoch 337/1000, Train Loss: 0.7280, Validation Loss: 2.7076
Epoch 338/1000, Train Loss: 0.7076, Validation Loss: 0.6972
Epoch 339/1000, Train Loss: 0.7336, Validation Loss: 1.0371
Epoch 340/1000, Train Loss: 0.7236, Validation Loss: 1.4609
Epoch 341/1000, Train Loss: 1.2667, Validation Loss: 2.7451
Epoch 342/1000, Train Loss: 0.7323, Validation Loss: 1.8225
Epoch 343/1000, Train Loss: 0.7335, Validation Loss: 2.6528
Epoch 344/1000, Train Loss: 0.8029, Validation Loss: 1.9417
Epoch 345/1000, Train Loss: 0.7136, Validation Loss: 1.1389
Epoch 346/1000, Train Loss: 0.7981, Validation Loss: 3.4010
Epoch 347/1000, Train Loss: 0.7065, Validation Loss: 1.6326
Epoch 348/1000, Train Loss: 0.7612, Validation Loss: 1.4278
Epoch 349/1000, Train Loss: 1.7922, Validation Loss: 1.9963
Epoch 350/1000, Train Loss: 0.7729, Validation Loss: 1.5526
Epoch 351/1000, Train Loss: 0.6922, Validation Loss: 0.9391
Epoch 352/1000, Train Loss: 0.7123, Validation Loss: 0.7717
Epoch 353/1000, Train Loss: 3.2406, Validation Loss: 1.5149
Epoch 354/1000, Train Loss: 0.7182, Validation Loss: 0.9987
Epoch 355/1000, Train Loss: 0.7402, Validation Loss: 2.0247
Epoch 356/1000, Train Loss: 0.7110, Validation Loss: 1.9669
Epoch 357/1000, Train Loss: 0.7114, Validation Loss: 1.5723
Epoch 358/1000, Train Loss: 1.0405, Validation Loss: 1.1959
Epoch 359/1000, Train Loss: 0.7143, Validation Loss: 1.3828
Epoch 360/1000, Train Loss: 0.9375, Validation Loss: 1.3628
Epoch 361/1000, Train Loss: 0.7026, Validation Loss: 1.3426
Epoch 362/1000, Train Loss: 3.5246, Validation Loss: 1.1530
Epoch 363/1000, Train Loss: 0.7306, Validation Loss: 2.5613
Epoch 364/1000, Train Loss: 0.7000, Validation Loss: 2.8385
Epoch 365/1000, Train Loss: 0.7292, Validation Loss: 1.9515
Epoch 366/1000, Train Loss: 0.7273, Validation Loss: 1.9254
Epoch 367/1000, Train Loss: 0.7760, Validation Loss: 2.4372
Epoch 368/1000, Train Loss: 0.7462, Validation Loss: 0.9814
Epoch 369/1000, Train Loss: 0.7054, Validation Loss: 1.5872
Epoch 370/1000, Train Loss: 13.6403, Validation Loss: 0.8129
Epoch 371/1000, Train Loss: 0.7250, Validation Loss: 1.8339
Epoch 372/1000, Train Loss: 0.7049, Validation Loss: 2.6824
Epoch 373/1000, Train Loss: 0.9004, Validation Loss: 1.6076
Epoch 374/1000, Train Loss: 0.7309, Validation Loss: 1.0320
Epoch 375/1000, Train Loss: 0.7145, Validation Loss: 1.9470
Epoch 376/1000, Train Loss: 0.8194, Validation Loss: 0.9425
Epoch 377/1000, Train Loss: 0.7258, Validation Loss: 1.7842
Epoch 378/1000, Train Loss: 0.7203, Validation Loss: 1.9904
Epoch 379/1000, Train Loss: 22.0502, Validation Loss: 3.0456
Epoch 380/1000, Train Loss: 0.7241, Validation Loss: 2.4316
Epoch 381/1000, Train Loss: 0.7315, Validation Loss: 1.5832
Epoch 382/1000, Train Loss: 0.7674, Validation Loss: 1.1562
Epoch 383/1000, Train Loss: 0.7099, Validation Loss: 3.3475
Epoch 384/1000, Train Loss: 1.0516, Validation Loss: 2.9210
Epoch 385/1000, Train Loss: 0.7510, Validation Loss: 1.5901
Epoch 386/1000, Train Loss: 0.7147, Validation Loss: 2.4325
Epoch 387/1000, Train Loss: 1.0300, Validation Loss: 6.5311
Epoch 388/1000, Train Loss: 0.7126, Validation Loss: 3.8272
Epoch 389/1000, Train Loss: 0.7059, Validation Loss: 0.7506
Epoch 390/1000, Train Loss: 0.8514, Validation Loss: 1.7418
Epoch 391/1000, Train Loss: 0.7330, Validation Loss: 1.1233
Epoch 392/1000, Train Loss: 0.7091, Validation Loss: 1.3932
Epoch 393/1000, Train Loss: 0.7980, Validation Loss: 1.8989
Epoch 394/1000, Train Loss: 0.7007, Validation Loss: 1.5116
Epoch 395/1000, Train Loss: 14.8097, Validation Loss: 3.9111
Epoch 396/1000, Train Loss: 0.7092, Validation Loss: 1.2214
Epoch 397/1000, Train Loss: 0.8541, Validation Loss: 2.8065
Epoch 398/1000, Train Loss: 0.7071, Validation Loss: 0.9603
Epoch 399/1000, Train Loss: 0.7085, Validation Loss: 1.2655
Epoch 400/1000, Train Loss: 0.7028, Validation Loss: 2.2846
Epoch 401/1000, Train Loss: 3.3588, Validation Loss: 1.3026
Epoch 402/1000, Train Loss: 0.7290, Validation Loss: 2.0553
Epoch 403/1000, Train Loss: 0.7202, Validation Loss: 4.7203
Epoch 404/1000, Train Loss: 3.0418, Validation Loss: 1.0150
Epoch 405/1000, Train Loss: 0.7271, Validation Loss: 1.7223
Epoch 406/1000, Train Loss: 0.7184, Validation Loss: 1.6110
Epoch 407/1000, Train Loss: 0.8279, Validation Loss: 1.4950
Epoch 408/1000, Train Loss: 3.8413, Validation Loss: 1.5357
Epoch 409/1000, Train Loss: 0.7341, Validation Loss: 0.9490
Epoch 410/1000, Train Loss: 0.7019, Validation Loss: 1.3583
Epoch 411/1000, Train Loss: 2.2876, Validation Loss: 1.7831
Epoch 412/1000, Train Loss: 0.6928, Validation Loss: 0.8931
Epoch 413/1000, Train Loss: 0.9147, Validation Loss: 3.1266
Epoch 414/1000, Train Loss: 0.7028, Validation Loss: 1.0498
Epoch 415/1000, Train Loss: 0.7118, Validation Loss: 1.8740
Epoch 416/1000, Train Loss: 1.3666, Validation Loss: 3.0077
Epoch 417/1000, Train Loss: 2.1778, Validation Loss: 1.0702
Epoch 418/1000, Train Loss: 0.7173, Validation Loss: 3.3152
Epoch 419/1000, Train Loss: 0.7264, Validation Loss: 1.6455
Epoch 420/1000, Train Loss: 0.7240, Validation Loss: 1.7726
Epoch 421/1000, Train Loss: 0.7869, Validation Loss: 1.4690
Epoch 422/1000, Train Loss: 0.7031, Validation Loss: 1.0410
Epoch 423/1000, Train Loss: 0.9842, Validation Loss: 2.2823
Epoch 424/1000, Train Loss: 0.6990, Validation Loss: 1.2259
Epoch 425/1000, Train Loss: 2.5508, Validation Loss: 9.2637
Epoch 426/1000, Train Loss: 2.6849, Validation Loss: 1.2064
Epoch 427/1000, Train Loss: 0.7091, Validation Loss: 3.3815
Epoch 428/1000, Train Loss: 1.5931, Validation Loss: 2.1976
Epoch 429/1000, Train Loss: 0.7340, Validation Loss: 3.1300
Epoch 430/1000, Train Loss: 0.6929, Validation Loss: 1.4762
Epoch 431/1000, Train Loss: 0.7408, Validation Loss: 1.8711
Epoch 432/1000, Train Loss: 0.7295, Validation Loss: 3.3915
Epoch 433/1000, Train Loss: 0.7759, Validation Loss: 2.5745
Epoch 434/1000, Train Loss: 0.7007, Validation Loss: 2.4193
Epoch 435/1000, Train Loss: 0.7716, Validation Loss: 1.2073
Epoch 436/1000, Train Loss: 0.7214, Validation Loss: 2.2825
Epoch 437/1000, Train Loss: 0.7410, Validation Loss: 1.6806
Epoch 438/1000, Train Loss: 0.7097, Validation Loss: 1.4404
Epoch 439/1000, Train Loss: 0.7507, Validation Loss: 4.8337
Epoch 440/1000, Train Loss: 0.7367, Validation Loss: 1.3737
Epoch 441/1000, Train Loss: 0.9271, Validation Loss: 1.3780
Epoch 442/1000, Train Loss: 0.7315, Validation Loss: 3.2188
Epoch 443/1000, Train Loss: 0.7529, Validation Loss: 2.1383
Epoch 444/1000, Train Loss: 0.7143, Validation Loss: 3.5999
Epoch 445/1000, Train Loss: 0.7159, Validation Loss: 2.5465
Epoch 446/1000, Train Loss: 1.4656, Validation Loss: 2.4173
Epoch 447/1000, Train Loss: 0.7134, Validation Loss: 3.1189
Epoch 448/1000, Train Loss: 0.7158, Validation Loss: 1.1903
Epoch 449/1000, Train Loss: 1.9964, Validation Loss: 1.4777
Epoch 450/1000, Train Loss: 0.9121, Validation Loss: 1.6055
Epoch 451/1000, Train Loss: 0.7117, Validation Loss: 1.2024
Epoch 452/1000, Train Loss: 0.7077, Validation Loss: 2.5593
Epoch 453/1000, Train Loss: 0.8069, Validation Loss: 0.8655
Epoch 454/1000, Train Loss: 0.8719, Validation Loss: 0.9730
Epoch 455/1000, Train Loss: 0.7246, Validation Loss: 1.6491
Epoch 456/1000, Train Loss: 0.7153, Validation Loss: 2.9421
Epoch 457/1000, Train Loss: 0.7553, Validation Loss: 1.8899
Epoch 458/1000, Train Loss: 1.4144, Validation Loss: 1.0920
Epoch 459/1000, Train Loss: 0.6976, Validation Loss: 1.9996
Epoch 460/1000, Train Loss: 2.7226, Validation Loss: 6.2379
Epoch 461/1000, Train Loss: 0.7216, Validation Loss: 1.0235
Epoch 462/1000, Train Loss: 1.3932, Validation Loss: 2.0140
Epoch 463/1000, Train Loss: 0.7348, Validation Loss: 0.6713
Epoch 464/1000, Train Loss: 2.0839, Validation Loss: 1.3960
Epoch 465/1000, Train Loss: 0.7048, Validation Loss: 0.9150
Epoch 466/1000, Train Loss: 0.9166, Validation Loss: 2.2028
Epoch 467/1000, Train Loss: 0.7229, Validation Loss: 0.9889
Epoch 468/1000, Train Loss: 0.7154, Validation Loss: 0.9907
Epoch 469/1000, Train Loss: 12.2676, Validation Loss: 2.4017
Epoch 470/1000, Train Loss: 0.7291, Validation Loss: 1.7074
Epoch 471/1000, Train Loss: 0.7077, Validation Loss: 1.8238
Epoch 472/1000, Train Loss: 0.7058, Validation Loss: 1.0585
Epoch 473/1000, Train Loss: 158.8920, Validation Loss: 1.2636
Epoch 474/1000, Train Loss: 0.7095, Validation Loss: 1.5067
Epoch 475/1000, Train Loss: 0.7065, Validation Loss: 2.2476
Epoch 476/1000, Train Loss: 2.9038, Validation Loss: 0.9993
Epoch 477/1000, Train Loss: 0.7410, Validation Loss: 5.3573
Epoch 478/1000, Train Loss: 0.7327, Validation Loss: 1.0772
Epoch 479/1000, Train Loss: 0.7193, Validation Loss: 0.9455
Epoch 480/1000, Train Loss: 1.0667, Validation Loss: 0.9356
Epoch 481/1000, Train Loss: 0.7389, Validation Loss: 2.5221
Epoch 482/1000, Train Loss: 0.7002, Validation Loss: 1.2053
Epoch 483/1000, Train Loss: 0.7420, Validation Loss: 0.9358
Epoch 484/1000, Train Loss: 0.7402, Validation Loss: 1.8231
Epoch 485/1000, Train Loss: 4.3914, Validation Loss: 4.7479
Epoch 486/1000, Train Loss: 0.7143, Validation Loss: 1.3447
Epoch 487/1000, Train Loss: 0.7003, Validation Loss: 2.0691
Epoch 488/1000, Train Loss: 2.0071, Validation Loss: 1.3042
Epoch 489/1000, Train Loss: 0.6967, Validation Loss: 1.0013
Epoch 490/1000, Train Loss: 0.8513, Validation Loss: 2.5750
Epoch 491/1000, Train Loss: 0.7138, Validation Loss: 1.5690
Epoch 492/1000, Train Loss: 2.6478, Validation Loss: 1.3170
Epoch 493/1000, Train Loss: 0.7284, Validation Loss: 3.3180
Epoch 494/1000, Train Loss: 0.7336, Validation Loss: 5.0092
Epoch 495/1000, Train Loss: 0.7430, Validation Loss: 3.5746
Epoch 496/1000, Train Loss: 0.7271, Validation Loss: 1.5300
Epoch 497/1000, Train Loss: 1.5691, Validation Loss: 3.9516
Epoch 498/1000, Train Loss: 0.7172, Validation Loss: 1.0245
Epoch 499/1000, Train Loss: 0.7180, Validation Loss: 2.2321
Epoch 500/1000, Train Loss: 2.6639, Validation Loss: 1.7219
Epoch 501/1000, Train Loss: 0.7149, Validation Loss: 0.8193
Epoch 502/1000, Train Loss: 0.7223, Validation Loss: 4.8274
Epoch 503/1000, Train Loss: 1.2625, Validation Loss: 3.4192
Epoch 504/1000, Train Loss: 0.9570, Validation Loss: 1.4299
Epoch 505/1000, Train Loss: 0.7135, Validation Loss: 2.5688
Epoch 506/1000, Train Loss: 0.7244, Validation Loss: 0.9980
Epoch 507/1000, Train Loss: 29.4456, Validation Loss: 6.0784
Epoch 508/1000, Train Loss: 2.0197, Validation Loss: 1.2568
Epoch 509/1000, Train Loss: 0.7147, Validation Loss: 0.7842
Epoch 510/1000, Train Loss: 0.7466, Validation Loss: 1.0965
Epoch 511/1000, Train Loss: 0.7478, Validation Loss: 2.8904
Epoch 512/1000, Train Loss: 0.7099, Validation Loss: 1.6378
Epoch 513/1000, Train Loss: 1.5780, Validation Loss: 4.0816
Epoch 514/1000, Train Loss: 0.7169, Validation Loss: 2.7845
Epoch 515/1000, Train Loss: 0.6981, Validation Loss: 2.1539
Epoch 516/1000, Train Loss: 0.7284, Validation Loss: 1.1038
Epoch 517/1000, Train Loss: 0.7212, Validation Loss: 1.5932
Epoch 518/1000, Train Loss: 2.0481, Validation Loss: 1.6117
Epoch 519/1000, Train Loss: 0.7451, Validation Loss: 1.7597
Epoch 520/1000, Train Loss: 0.7192, Validation Loss: 1.7345
Epoch 521/1000, Train Loss: 0.7760, Validation Loss: 1.4203
Epoch 522/1000, Train Loss: 0.7105, Validation Loss: 0.9108
Epoch 523/1000, Train Loss: 1.3937, Validation Loss: 3.1111
Epoch 524/1000, Train Loss: 0.7043, Validation Loss: 2.0376
Epoch 525/1000, Train Loss: 3.8884, Validation Loss: 1.6684
Epoch 526/1000, Train Loss: 0.6960, Validation Loss: 2.6651
Epoch 527/1000, Train Loss: 0.7461, Validation Loss: 1.1248
Epoch 528/1000, Train Loss: 0.7001, Validation Loss: 0.8473
Epoch 529/1000, Train Loss: 0.7391, Validation Loss: 1.8666
Epoch 530/1000, Train Loss: 0.7473, Validation Loss: 1.2196
Epoch 531/1000, Train Loss: 0.8577, Validation Loss: 1.1802
Epoch 532/1000, Train Loss: 0.7036, Validation Loss: 1.8363
Epoch 533/1000, Train Loss: 0.7586, Validation Loss: 0.9002
Epoch 534/1000, Train Loss: 0.7501, Validation Loss: 1.8752
Epoch 535/1000, Train Loss: 0.7240, Validation Loss: 1.0947
Epoch 536/1000, Train Loss: 1.4259, Validation Loss: 0.7531
Epoch 537/1000, Train Loss: 0.7229, Validation Loss: 2.0712
Epoch 538/1000, Train Loss: 0.7134, Validation Loss: 3.1197
Epoch 539/1000, Train Loss: 0.7165, Validation Loss: 6.6320
Epoch 540/1000, Train Loss: 1.0070, Validation Loss: 1.3448
Epoch 541/1000, Train Loss: 0.7036, Validation Loss: 0.7872
Epoch 542/1000, Train Loss: 0.7036, Validation Loss: 2.2564
Epoch 543/1000, Train Loss: 1.7961, Validation Loss: 3.3826
Epoch 544/1000, Train Loss: 0.6986, Validation Loss: 2.8023
Epoch 545/1000, Train Loss: 17.3627, Validation Loss: 1.1948
Epoch 546/1000, Train Loss: 0.6996, Validation Loss: 1.5222
Epoch 547/1000, Train Loss: 0.7206, Validation Loss: 1.9091
Epoch 548/1000, Train Loss: 0.9855, Validation Loss: 1.5237
Epoch 549/1000, Train Loss: 0.7100, Validation Loss: 2.9746
Epoch 550/1000, Train Loss: 0.7065, Validation Loss: 4.0516
Epoch 551/1000, Train Loss: 3.2775, Validation Loss: 1.3705
Epoch 552/1000, Train Loss: 0.7138, Validation Loss: 1.8614
Epoch 553/1000, Train Loss: 1.2381, Validation Loss: 1.3544
Epoch 554/1000, Train Loss: 0.7079, Validation Loss: 3.7442
Epoch 555/1000, Train Loss: 256.5977, Validation Loss: 2.7599
Epoch 556/1000, Train Loss: 0.7354, Validation Loss: 1.2460
Epoch 557/1000, Train Loss: 0.7062, Validation Loss: 2.9912
Epoch 558/1000, Train Loss: 0.8369, Validation Loss: 0.8486
Epoch 559/1000, Train Loss: 0.8024, Validation Loss: 0.8394
Epoch 560/1000, Train Loss: 0.7221, Validation Loss: 1.7145
Epoch 561/1000, Train Loss: 1.4905, Validation Loss: 2.2719
Epoch 562/1000, Train Loss: 1.0643, Validation Loss: 4.1142
Epoch 563/1000, Train Loss: 1.0731, Validation Loss: 1.1220
Epoch 564/1000, Train Loss: 0.7187, Validation Loss: 4.1386
Epoch 565/1000, Train Loss: 0.7295, Validation Loss: 0.9899
Epoch 566/1000, Train Loss: 12.1238, Validation Loss: 0.9916
Epoch 567/1000, Train Loss: 0.7261, Validation Loss: 1.7651
Epoch 568/1000, Train Loss: 0.7197, Validation Loss: 1.5160
Epoch 569/1000, Train Loss: 0.8484, Validation Loss: 3.3048
Epoch 570/1000, Train Loss: 0.7225, Validation Loss: 1.2750
Epoch 571/1000, Train Loss: 0.7245, Validation Loss: 0.9884
Epoch 572/1000, Train Loss: 1.8367, Validation Loss: 1.3743
Epoch 573/1000, Train Loss: 3.7602, Validation Loss: 1.3642
Epoch 574/1000, Train Loss: 0.6981, Validation Loss: 1.1722
Epoch 575/1000, Train Loss: 0.7047, Validation Loss: 0.9567
Epoch 576/1000, Train Loss: 0.8936, Validation Loss: 2.7406
Epoch 577/1000, Train Loss: 0.7139, Validation Loss: 1.5126
Epoch 578/1000, Train Loss: 0.6998, Validation Loss: 5.0763
Epoch 579/1000, Train Loss: 3.6779, Validation Loss: 2.9230
Epoch 580/1000, Train Loss: 0.7115, Validation Loss: 2.1567
Epoch 581/1000, Train Loss: 0.7032, Validation Loss: 1.1755
Epoch 582/1000, Train Loss: 0.6944, Validation Loss: 2.0271
Epoch 583/1000, Train Loss: 0.7449, Validation Loss: 3.6276
Epoch 584/1000, Train Loss: 0.7212, Validation Loss: 4.8262
Epoch 585/1000, Train Loss: 0.7733, Validation Loss: 2.1397
Epoch 586/1000, Train Loss: 0.7307, Validation Loss: 1.8418
Epoch 587/1000, Train Loss: 1.0731, Validation Loss: 1.2227
Epoch 588/1000, Train Loss: 0.7477, Validation Loss: 1.8084
Epoch 589/1000, Train Loss: 0.7219, Validation Loss: 2.3174
Epoch 590/1000, Train Loss: 1.1303, Validation Loss: 5.6760
Epoch 591/1000, Train Loss: 0.7325, Validation Loss: 1.1489
Epoch 592/1000, Train Loss: 0.6992, Validation Loss: 0.9652
Epoch 593/1000, Train Loss: 0.7067, Validation Loss: 1.0467
Epoch 594/1000, Train Loss: 0.8085, Validation Loss: 1.1575
Epoch 595/1000, Train Loss: 0.7060, Validation Loss: 2.1469
Epoch 596/1000, Train Loss: 0.7150, Validation Loss: 1.2982
Epoch 597/1000, Train Loss: 0.7022, Validation Loss: 0.9782
Epoch 598/1000, Train Loss: 0.7034, Validation Loss: 1.3276
Epoch 599/1000, Train Loss: 2.4049, Validation Loss: 1.2489
Epoch 600/1000, Train Loss: 0.7194, Validation Loss: 1.2996
Epoch 601/1000, Train Loss: 2.0554, Validation Loss: 1.1186
Epoch 602/1000, Train Loss: 0.7226, Validation Loss: 5.0641
Epoch 603/1000, Train Loss: 0.7009, Validation Loss: 2.2167
Epoch 604/1000, Train Loss: 0.7054, Validation Loss: 1.2693
Epoch 605/1000, Train Loss: 1.5037, Validation Loss: 1.6750
Epoch 606/1000, Train Loss: 0.7391, Validation Loss: 2.3342
Epoch 607/1000, Train Loss: 0.7249, Validation Loss: 0.8344
Epoch 608/1000, Train Loss: 0.7081, Validation Loss: 2.0068
Epoch 609/1000, Train Loss: 1.2502, Validation Loss: 2.0042
Epoch 610/1000, Train Loss: 0.7115, Validation Loss: 0.8221
Epoch 611/1000, Train Loss: 0.7200, Validation Loss: 1.3083
Epoch 612/1000, Train Loss: 0.7160, Validation Loss: 1.4592
Epoch 613/1000, Train Loss: 5.7896, Validation Loss: 1.5338
Epoch 614/1000, Train Loss: 0.7500, Validation Loss: 1.0141
Epoch 615/1000, Train Loss: 0.6979, Validation Loss: 2.4463
Epoch 616/1000, Train Loss: 3.9344, Validation Loss: 1.6675
Epoch 617/1000, Train Loss: 0.7180, Validation Loss: 1.0704
Epoch 618/1000, Train Loss: 0.7003, Validation Loss: 1.0420
Epoch 619/1000, Train Loss: 0.7487, Validation Loss: 0.8871
Epoch 620/1000, Train Loss: 0.7004, Validation Loss: 1.9892
Epoch 621/1000, Train Loss: 0.7326, Validation Loss: 0.7244
Epoch 622/1000, Train Loss: 0.8729, Validation Loss: 0.6869
Epoch 623/1000, Train Loss: 0.6985, Validation Loss: 0.8482
Epoch 624/1000, Train Loss: 0.7568, Validation Loss: 3.1611
Epoch 625/1000, Train Loss: 0.7051, Validation Loss: 0.8403
Epoch 626/1000, Train Loss: 0.7365, Validation Loss: 1.2442
Epoch 627/1000, Train Loss: 0.6798, Validation Loss: 1.3595
Epoch 628/1000, Train Loss: 0.7012, Validation Loss: 3.7286
Epoch 629/1000, Train Loss: 0.6983, Validation Loss: 3.2897
Epoch 630/1000, Train Loss: 1.7242, Validation Loss: 1.5826
Epoch 631/1000, Train Loss: 0.7083, Validation Loss: 1.1568
Epoch 632/1000, Train Loss: 0.6993, Validation Loss: 0.9556
Epoch 633/1000, Train Loss: 0.8184, Validation Loss: 2.9491
Epoch 634/1000, Train Loss: 0.7034, Validation Loss: 1.5257
Epoch 635/1000, Train Loss: 1.2967, Validation Loss: 2.5671
Epoch 636/1000, Train Loss: 0.7114, Validation Loss: 1.1090
Epoch 637/1000, Train Loss: 0.7063, Validation Loss: 1.0609
Epoch 638/1000, Train Loss: 0.9991, Validation Loss: 1.9223
Epoch 639/1000, Train Loss: 0.6946, Validation Loss: 0.8165
Epoch 640/1000, Train Loss: 0.7189, Validation Loss: 1.8743
Epoch 641/1000, Train Loss: 0.7176, Validation Loss: 2.1259
Epoch 642/1000, Train Loss: 3.5090, Validation Loss: 2.3339
Epoch 643/1000, Train Loss: 0.7095, Validation Loss: 1.8061
Epoch 644/1000, Train Loss: 0.7986, Validation Loss: 1.8703
Epoch 645/1000, Train Loss: 0.7223, Validation Loss: 1.3102
Epoch 646/1000, Train Loss: 0.7076, Validation Loss: 1.0914
Epoch 647/1000, Train Loss: 4.0164, Validation Loss: 5.5670
Epoch 648/1000, Train Loss: 0.9063, Validation Loss: 1.2072
Epoch 649/1000, Train Loss: 0.7137, Validation Loss: 3.7527
Epoch 650/1000, Train Loss: 0.7547, Validation Loss: 1.5198
Epoch 651/1000, Train Loss: 0.7100, Validation Loss: 1.6791
Epoch 652/1000, Train Loss: 0.7241, Validation Loss: 4.0877
Epoch 653/1000, Train Loss: 21.7107, Validation Loss: 2.3770
Epoch 654/1000, Train Loss: 8.1442, Validation Loss: 2.9798
Epoch 655/1000, Train Loss: 0.7246, Validation Loss: 1.1237
Epoch 656/1000, Train Loss: 0.6989, Validation Loss: 1.7666
Epoch 657/1000, Train Loss: 19.9397, Validation Loss: 1.1528
Epoch 658/1000, Train Loss: 0.7101, Validation Loss: 1.7197
Epoch 659/1000, Train Loss: 0.7238, Validation Loss: 1.6504
Epoch 660/1000, Train Loss: 0.7172, Validation Loss: 1.8309
Epoch 661/1000, Train Loss: 0.9767, Validation Loss: 1.3957
Epoch 662/1000, Train Loss: 0.8829, Validation Loss: 2.5268
Epoch 663/1000, Train Loss: 0.8214, Validation Loss: 1.0179
Epoch 664/1000, Train Loss: 0.7811, Validation Loss: 1.2177
Epoch 665/1000, Train Loss: 0.7332, Validation Loss: 0.7553
Epoch 666/1000, Train Loss: 80.1853, Validation Loss: 3.3223
Epoch 667/1000, Train Loss: 0.7242, Validation Loss: 666.7280
Epoch 668/1000, Train Loss: 0.8435, Validation Loss: 2.3362
Epoch 669/1000, Train Loss: 0.7327, Validation Loss: 1.2089
Epoch 670/1000, Train Loss: 2.2016, Validation Loss: 1.2063
Epoch 671/1000, Train Loss: 0.7139, Validation Loss: 0.7340
Epoch 672/1000, Train Loss: 0.7121, Validation Loss: 0.8764
Epoch 673/1000, Train Loss: 3.5814, Validation Loss: 1.9120
Epoch 674/1000, Train Loss: 0.7231, Validation Loss: 1.2896
Epoch 675/1000, Train Loss: 0.7122, Validation Loss: 1.4309
Epoch 676/1000, Train Loss: 1152.5612, Validation Loss: 1.8222
Epoch 677/1000, Train Loss: 0.7083, Validation Loss: 1.5491
Epoch 678/1000, Train Loss: 0.7396, Validation Loss: 1.2017
Epoch 679/1000, Train Loss: 0.7008, Validation Loss: 0.6399
Epoch 680/1000, Train Loss: 0.7190, Validation Loss: 2.4392
Epoch 681/1000, Train Loss: 0.6999, Validation Loss: 2.0425
Epoch 682/1000, Train Loss: 8.1202, Validation Loss: 1.4136
Epoch 683/1000, Train Loss: 0.7006, Validation Loss: 1.1777
Epoch 684/1000, Train Loss: 2.8627, Validation Loss: 1.1596
Epoch 685/1000, Train Loss: 0.7358, Validation Loss: 1.0850
Epoch 686/1000, Train Loss: 0.9883, Validation Loss: 2.3800
Epoch 687/1000, Train Loss: 0.7367, Validation Loss: 2.2029
Epoch 688/1000, Train Loss: 0.7229, Validation Loss: 0.7294
Epoch 689/1000, Train Loss: 1.6447, Validation Loss: 1.5369
Epoch 690/1000, Train Loss: 0.7159, Validation Loss: 0.8156
Epoch 691/1000, Train Loss: 0.6911, Validation Loss: 1.6909
Epoch 692/1000, Train Loss: 0.8751, Validation Loss: 2.4517
Epoch 693/1000, Train Loss: 0.7151, Validation Loss: 2.4168
Epoch 694/1000, Train Loss: 0.7010, Validation Loss: 1.7085
Epoch 695/1000, Train Loss: 0.8968, Validation Loss: 1.2568
Epoch 696/1000, Train Loss: 0.7118, Validation Loss: 2.9023
Epoch 697/1000, Train Loss: 6.1008, Validation Loss: 0.7946
Epoch 698/1000, Train Loss: 0.8187, Validation Loss: 1.7302
Epoch 699/1000, Train Loss: 0.6794, Validation Loss: 1.0324
Epoch 700/1000, Train Loss: 3.2094, Validation Loss: 2.0431
Epoch 701/1000, Train Loss: 0.7299, Validation Loss: 1.1497
Epoch 702/1000, Train Loss: 0.6979, Validation Loss: 1.1158
Epoch 703/1000, Train Loss: 0.7997, Validation Loss: 1.4290
Epoch 704/1000, Train Loss: 0.8721, Validation Loss: 1.6570
Epoch 705/1000, Train Loss: 0.7146, Validation Loss: 2.8191
Epoch 706/1000, Train Loss: 0.7089, Validation Loss: 4.2476
Epoch 707/1000, Train Loss: 7.8543, Validation Loss: 3.0207
Epoch 708/1000, Train Loss: 0.7108, Validation Loss: 1.5812
Epoch 709/1000, Train Loss: 0.7057, Validation Loss: 1.6871
Epoch 710/1000, Train Loss: 0.7101, Validation Loss: 1.7779
Epoch 711/1000, Train Loss: 0.7135, Validation Loss: 1.6419
Epoch 712/1000, Train Loss: 28.9754, Validation Loss: 0.9433
Epoch 713/1000, Train Loss: 0.7171, Validation Loss: 0.7240
Epoch 714/1000, Train Loss: 0.7131, Validation Loss: 1.2017
Epoch 715/1000, Train Loss: 1.4707, Validation Loss: 0.8912
Epoch 716/1000, Train Loss: 0.7214, Validation Loss: 1.8511
Epoch 717/1000, Train Loss: 0.7244, Validation Loss: 0.9959
Epoch 718/1000, Train Loss: 1.4382, Validation Loss: 1.1753
Epoch 719/1000, Train Loss: 0.7256, Validation Loss: 0.9584
Epoch 720/1000, Train Loss: 3.0723, Validation Loss: 1.9694
Epoch 721/1000, Train Loss: 0.7107, Validation Loss: 1.4632
Epoch 722/1000, Train Loss: 0.7373, Validation Loss: 1.3098
Epoch 723/1000, Train Loss: 0.8890, Validation Loss: 2.2116
Epoch 724/1000, Train Loss: 0.7073, Validation Loss: 2.5318
Epoch 725/1000, Train Loss: 0.8337, Validation Loss: 1.2592
Epoch 726/1000, Train Loss: 1.2361, Validation Loss: 2.6676
Epoch 727/1000, Train Loss: 7.3179, Validation Loss: 9.8464
Epoch 728/1000, Train Loss: 1.2503, Validation Loss: 3.6148
Epoch 729/1000, Train Loss: 0.7036, Validation Loss: 1.7379
Epoch 730/1000, Train Loss: 0.7472, Validation Loss: 1.4053
Epoch 731/1000, Train Loss: 0.7044, Validation Loss: 1.0438
Epoch 732/1000, Train Loss: 0.7091, Validation Loss: 1.2869
Epoch 733/1000, Train Loss: 0.7359, Validation Loss: 0.7302
Epoch 734/1000, Train Loss: 0.6978, Validation Loss: 2.9873
Epoch 735/1000, Train Loss: 0.9048, Validation Loss: 2.4378
Epoch 736/1000, Train Loss: 0.7261, Validation Loss: 0.9237
Epoch 737/1000, Train Loss: 0.7813, Validation Loss: 1.8240
Epoch 738/1000, Train Loss: 1.0913, Validation Loss: 1.6902
Epoch 739/1000, Train Loss: 0.7201, Validation Loss: 1.5517
Epoch 740/1000, Train Loss: 0.7430, Validation Loss: 1.6786
Epoch 741/1000, Train Loss: 0.7209, Validation Loss: 0.8688
Epoch 742/1000, Train Loss: 0.7124, Validation Loss: 2.8570
Epoch 743/1000, Train Loss: 0.7089, Validation Loss: 1.3921
Epoch 744/1000, Train Loss: 1.3715, Validation Loss: 1.2320
Epoch 745/1000, Train Loss: 0.7123, Validation Loss: 1.9868
Epoch 746/1000, Train Loss: 1.3949, Validation Loss: 3.1655
Epoch 747/1000, Train Loss: 0.7094, Validation Loss: 0.9143
Epoch 748/1000, Train Loss: 0.6868, Validation Loss: 3.2584
Epoch 749/1000, Train Loss: 0.7108, Validation Loss: 0.7049
Epoch 750/1000, Train Loss: 466.6026, Validation Loss: 1.0941
Epoch 751/1000, Train Loss: 0.7038, Validation Loss: 2.6287
Epoch 752/1000, Train Loss: 69.8782, Validation Loss: 2.4210
Epoch 753/1000, Train Loss: 0.7641, Validation Loss: 1.2888
Epoch 754/1000, Train Loss: 0.7998, Validation Loss: 1.5372
Epoch 755/1000, Train Loss: 0.7615, Validation Loss: 1.7594
Epoch 756/1000, Train Loss: 0.7263, Validation Loss: 2.5624
Epoch 757/1000, Train Loss: 0.7180, Validation Loss: 1.4019
Epoch 758/1000, Train Loss: 1.9773, Validation Loss: 5.5706
Epoch 759/1000, Train Loss: 0.7605, Validation Loss: 1.0638
Epoch 760/1000, Train Loss: 0.7191, Validation Loss: 1.3943
Epoch 761/1000, Train Loss: 0.7830, Validation Loss: 1.3509
Epoch 762/1000, Train Loss: 0.7303, Validation Loss: 2.4567
Epoch 763/1000, Train Loss: 0.7205, Validation Loss: 0.9229
Epoch 764/1000, Train Loss: 0.9985, Validation Loss: 1.0945
Epoch 765/1000, Train Loss: 0.7037, Validation Loss: 1.2626
Epoch 766/1000, Train Loss: 0.7980, Validation Loss: 2.8408
Epoch 767/1000, Train Loss: 0.6952, Validation Loss: 3.7014
Epoch 768/1000, Train Loss: 0.7072, Validation Loss: 1.3652
Epoch 769/1000, Train Loss: 0.8928, Validation Loss: 1.4502
Epoch 770/1000, Train Loss: 0.7044, Validation Loss: 1.0111
Epoch 771/1000, Train Loss: 0.7107, Validation Loss: 1.5632
Epoch 772/1000, Train Loss: 3.7696, Validation Loss: 1.7081
Epoch 773/1000, Train Loss: 0.7283, Validation Loss: 2.4667
Epoch 774/1000, Train Loss: 0.7167, Validation Loss: 1.1294
Epoch 775/1000, Train Loss: 0.8050, Validation Loss: 1.2469
Epoch 776/1000, Train Loss: 0.7026, Validation Loss: 1.5603
Epoch 777/1000, Train Loss: 0.7779, Validation Loss: 1.7924
Epoch 778/1000, Train Loss: 0.7007, Validation Loss: 0.8406
Epoch 779/1000, Train Loss: 0.9891, Validation Loss: 1.0780
Epoch 780/1000, Train Loss: 0.7226, Validation Loss: 1.1793
Epoch 781/1000, Train Loss: 0.6973, Validation Loss: 0.9015
Epoch 782/1000, Train Loss: 0.7732, Validation Loss: 2.4097
Epoch 783/1000, Train Loss: 0.6974, Validation Loss: 1.4648
Epoch 784/1000, Train Loss: 0.7257, Validation Loss: 3.5886
Epoch 785/1000, Train Loss: 0.7784, Validation Loss: 3.0031
Epoch 786/1000, Train Loss: 1.1837, Validation Loss: 1.4027
Epoch 787/1000, Train Loss: 0.8747, Validation Loss: 1.3926
Epoch 788/1000, Train Loss: 0.7363, Validation Loss: 1.4111
Epoch 789/1000, Train Loss: 0.7211, Validation Loss: 3.2443
Epoch 790/1000, Train Loss: 0.7084, Validation Loss: 0.5902
Epoch 791/1000, Train Loss: 0.6975, Validation Loss: 4.4695
Epoch 792/1000, Train Loss: 1.0484, Validation Loss: 1.4592
Epoch 793/1000, Train Loss: 2.4616, Validation Loss: 0.9992
Epoch 794/1000, Train Loss: 0.7025, Validation Loss: 1.3491
Epoch 795/1000, Train Loss: 0.6995, Validation Loss: 0.6475
Epoch 796/1000, Train Loss: 0.6976, Validation Loss: 2.4747
Epoch 797/1000, Train Loss: 0.7271, Validation Loss: 0.9067
Epoch 798/1000, Train Loss: 58.8430, Validation Loss: 2.0974
Epoch 799/1000, Train Loss: 0.7242, Validation Loss: 0.9058
Epoch 800/1000, Train Loss: 0.7145, Validation Loss: 1.1595
Epoch 801/1000, Train Loss: 0.7081, Validation Loss: 1.4937
Epoch 802/1000, Train Loss: 1.0858, Validation Loss: 1.4760
Epoch 803/1000, Train Loss: 0.7126, Validation Loss: 1.6799
Epoch 804/1000, Train Loss: 0.7204, Validation Loss: 1.7477
Epoch 805/1000, Train Loss: 36.8245, Validation Loss: 1.9039
Epoch 806/1000, Train Loss: 0.7062, Validation Loss: 3.2165
Epoch 807/1000, Train Loss: 0.7306, Validation Loss: 1.3070
Epoch 808/1000, Train Loss: 0.7466, Validation Loss: 1.1823
Epoch 809/1000, Train Loss: 0.7315, Validation Loss: 1.3374
Epoch 810/1000, Train Loss: 0.6876, Validation Loss: 1.0184
Epoch 811/1000, Train Loss: 3.1100, Validation Loss: 0.7850
Epoch 812/1000, Train Loss: 0.7119, Validation Loss: 2.3165
Epoch 813/1000, Train Loss: 0.7520, Validation Loss: 1.5302
Epoch 814/1000, Train Loss: 0.7141, Validation Loss: 0.8604
Epoch 815/1000, Train Loss: 0.7019, Validation Loss: 1.5996
Epoch 816/1000, Train Loss: 478.8134, Validation Loss: 2.3948
Epoch 817/1000, Train Loss: 0.7132, Validation Loss: 0.8811
Epoch 818/1000, Train Loss: 0.7220, Validation Loss: 1.9696
Epoch 819/1000, Train Loss: 1.1048, Validation Loss: 2.8534
Epoch 820/1000, Train Loss: 0.7315, Validation Loss: 3.3348
Epoch 821/1000, Train Loss: 0.6918, Validation Loss: 4.9905
Epoch 822/1000, Train Loss: 0.7522, Validation Loss: 4.3401
Epoch 823/1000, Train Loss: 0.7189, Validation Loss: 1.2690
Epoch 824/1000, Train Loss: 0.7025, Validation Loss: 1.0025
Epoch 825/1000, Train Loss: 0.8108, Validation Loss: 3.8644
Epoch 826/1000, Train Loss: 2.8644, Validation Loss: 1.4720
Epoch 827/1000, Train Loss: 0.7165, Validation Loss: 1.2068
Epoch 828/1000, Train Loss: 0.7047, Validation Loss: 1.6189
Epoch 829/1000, Train Loss: 0.6969, Validation Loss: 1.3816
Epoch 830/1000, Train Loss: 0.6906, Validation Loss: 2.6131
Epoch 831/1000, Train Loss: 0.7422, Validation Loss: 3.0105
Epoch 832/1000, Train Loss: 0.7162, Validation Loss: 3.8754
Epoch 833/1000, Train Loss: 0.8971, Validation Loss: 4.7430
Epoch 834/1000, Train Loss: 0.7097, Validation Loss: 4.6789
Epoch 835/1000, Train Loss: 0.7342, Validation Loss: 1.9347
Epoch 836/1000, Train Loss: 0.6984, Validation Loss: 2.8000
Epoch 837/1000, Train Loss: 0.7957, Validation Loss: 1.6060
Epoch 838/1000, Train Loss: 0.7265, Validation Loss: 1.1687
Epoch 839/1000, Train Loss: 0.6985, Validation Loss: 2.6774
Epoch 840/1000, Train Loss: 5.1597, Validation Loss: 1.2102
Epoch 841/1000, Train Loss: 307.4032, Validation Loss: 2.4003
Epoch 842/1000, Train Loss: 0.7089, Validation Loss: 1.8979
Epoch 843/1000, Train Loss: 0.6909, Validation Loss: 1.4682
Epoch 844/1000, Train Loss: 0.7096, Validation Loss: 2.0892
Epoch 845/1000, Train Loss: 2.9705, Validation Loss: 3.3511
Epoch 846/1000, Train Loss: 0.6922, Validation Loss: 3.9372
Epoch 847/1000, Train Loss: 14.3075, Validation Loss: 1.7358
Epoch 848/1000, Train Loss: 0.6979, Validation Loss: 2.6166
Epoch 849/1000, Train Loss: 0.6969, Validation Loss: 0.7721
Epoch 850/1000, Train Loss: 5.5231, Validation Loss: 6.1474
Epoch 851/1000, Train Loss: 0.9482, Validation Loss: 2.1396
Epoch 852/1000, Train Loss: 0.7653, Validation Loss: 1.1652
Epoch 853/1000, Train Loss: 0.7085, Validation Loss: 1.3437
Epoch 854/1000, Train Loss: 0.7104, Validation Loss: 1.7114
Epoch 855/1000, Train Loss: 0.8602, Validation Loss: 0.9805
Epoch 856/1000, Train Loss: 0.7070, Validation Loss: 1.5491
Epoch 857/1000, Train Loss: 0.7148, Validation Loss: 0.8576
Epoch 858/1000, Train Loss: 0.7023, Validation Loss: 2.1175
Epoch 859/1000, Train Loss: 0.7037, Validation Loss: 2.7147
Epoch 860/1000, Train Loss: 65.3147, Validation Loss: 1.0794
Epoch 861/1000, Train Loss: 0.7189, Validation Loss: 1.2211
Epoch 862/1000, Train Loss: 1.1774, Validation Loss: 1.8976
Epoch 863/1000, Train Loss: 0.6895, Validation Loss: 1.2488
Epoch 864/1000, Train Loss: 1.4172, Validation Loss: 0.8193
Epoch 865/1000, Train Loss: 0.7005, Validation Loss: 1.5273
Epoch 866/1000, Train Loss: 9.8007, Validation Loss: 2.7883
Epoch 867/1000, Train Loss: 0.7026, Validation Loss: 1.3606
Epoch 868/1000, Train Loss: 0.7000, Validation Loss: 1.5546
Epoch 869/1000, Train Loss: 0.8946, Validation Loss: 3.6073
Epoch 870/1000, Train Loss: 0.7117, Validation Loss: 1.3023
Epoch 871/1000, Train Loss: 0.7146, Validation Loss: 1.1930
Epoch 872/1000, Train Loss: 0.7077, Validation Loss: 2.8496
Epoch 873/1000, Train Loss: 0.7362, Validation Loss: 2.4880
Epoch 874/1000, Train Loss: 389.7959, Validation Loss: 1.4817
Epoch 875/1000, Train Loss: 0.7425, Validation Loss: 3.1703
Epoch 876/1000, Train Loss: 0.7126, Validation Loss: 3.1613
Epoch 877/1000, Train Loss: 0.9024, Validation Loss: 4.4668
Epoch 878/1000, Train Loss: 0.7117, Validation Loss: 1.1150
Epoch 879/1000, Train Loss: 0.7121, Validation Loss: 1.9467
Epoch 880/1000, Train Loss: 0.7266, Validation Loss: 2.5473
Epoch 881/1000, Train Loss: 0.7139, Validation Loss: 1.3783
Epoch 882/1000, Train Loss: 0.7154, Validation Loss: 3.5936
Epoch 883/1000, Train Loss: 0.6996, Validation Loss: 0.9778
Epoch 884/1000, Train Loss: 1.1271, Validation Loss: 1.6243
Epoch 885/1000, Train Loss: 0.7014, Validation Loss: 1.9629
Epoch 886/1000, Train Loss: 0.7957, Validation Loss: 1.2262
Epoch 887/1000, Train Loss: 0.6987, Validation Loss: 1.5003
Epoch 888/1000, Train Loss: 0.7619, Validation Loss: 1.9458
Epoch 889/1000, Train Loss: 0.7046, Validation Loss: 4.7469
Epoch 890/1000, Train Loss: 0.7105, Validation Loss: 0.7849
Epoch 891/1000, Train Loss: 0.7676, Validation Loss: 1.9069
Epoch 892/1000, Train Loss: 0.6990, Validation Loss: 0.8475
Epoch 893/1000, Train Loss: 1.0020, Validation Loss: 2.4621
Epoch 894/1000, Train Loss: 0.7023, Validation Loss: 1.8219
Epoch 895/1000, Train Loss: 0.8658, Validation Loss: 1.7371
Epoch 896/1000, Train Loss: 0.6885, Validation Loss: 1.0110
Epoch 897/1000, Train Loss: 1.0847, Validation Loss: 0.8854
Epoch 898/1000, Train Loss: 0.7153, Validation Loss: 1.6271
Epoch 899/1000, Train Loss: 0.8104, Validation Loss: 2.0194
Epoch 900/1000, Train Loss: 0.6915, Validation Loss: 0.8442
Epoch 901/1000, Train Loss: 0.7444, Validation Loss: 1.0797
Epoch 902/1000, Train Loss: 0.6950, Validation Loss: 0.7124
Epoch 903/1000, Train Loss: 0.7145, Validation Loss: 1.1614
Epoch 904/1000, Train Loss: 5.8070, Validation Loss: 1.7957
Epoch 905/1000, Train Loss: 0.7099, Validation Loss: 3.8530
Epoch 906/1000, Train Loss: 1.3488, Validation Loss: 2.2546
Epoch 907/1000, Train Loss: 0.7499, Validation Loss: 1.7116
Epoch 908/1000, Train Loss: 0.8007, Validation Loss: 0.9564
Epoch 909/1000, Train Loss: 0.7309, Validation Loss: 0.7678
Epoch 910/1000, Train Loss: 0.7178, Validation Loss: 2.3392
Epoch 911/1000, Train Loss: 0.8092, Validation Loss: 3.7276
Epoch 912/1000, Train Loss: 0.7135, Validation Loss: 0.8874
Epoch 913/1000, Train Loss: 4.6266, Validation Loss: 30443.2486
Epoch 914/1000, Train Loss: 6.9793, Validation Loss: 1.2455
Epoch 915/1000, Train Loss: 0.7158, Validation Loss: 2.7881
Epoch 916/1000, Train Loss: 0.7318, Validation Loss: 1.5337
Epoch 917/1000, Train Loss: 0.7133, Validation Loss: 1.6560
Epoch 918/1000, Train Loss: 0.7083, Validation Loss: 1.2302
Epoch 919/1000, Train Loss: 2.4268, Validation Loss: 1.7228
Epoch 920/1000, Train Loss: 0.7069, Validation Loss: 2.5932
Epoch 921/1000, Train Loss: 0.6996, Validation Loss: 1.4806
Epoch 922/1000, Train Loss: 0.7549, Validation Loss: 1.4601
Epoch 923/1000, Train Loss: 0.7439, Validation Loss: 2.8922
Epoch 924/1000, Train Loss: 1.1597, Validation Loss: 1.8859
Epoch 925/1000, Train Loss: 3.2915, Validation Loss: 2.5142
Epoch 926/1000, Train Loss: 0.7126, Validation Loss: 2.1229
Epoch 927/1000, Train Loss: 0.7121, Validation Loss: 3.5829
Epoch 928/1000, Train Loss: 0.7475, Validation Loss: 1.4689
Epoch 929/1000, Train Loss: 21.0944, Validation Loss: 1.0884
Epoch 930/1000, Train Loss: 0.7324, Validation Loss: 1.2292
Epoch 931/1000, Train Loss: 0.7181, Validation Loss: 1.1312
Epoch 932/1000, Train Loss: 0.9108, Validation Loss: 3.5556
Epoch 933/1000, Train Loss: 0.7370, Validation Loss: 3.9372
Epoch 934/1000, Train Loss: 0.7689, Validation Loss: 2.8250
Epoch 935/1000, Train Loss: 9.9284, Validation Loss: 1.8668
Epoch 936/1000, Train Loss: 0.7193, Validation Loss: 1.0201
Epoch 937/1000, Train Loss: 12.9308, Validation Loss: 0.7691
Epoch 938/1000, Train Loss: 0.7057, Validation Loss: 3.4244
Epoch 939/1000, Train Loss: 0.7037, Validation Loss: 1.2758
Epoch 940/1000, Train Loss: 15.0730, Validation Loss: 1.6426
Epoch 941/1000, Train Loss: 0.7196, Validation Loss: 1.3610
Epoch 942/1000, Train Loss: 0.7031, Validation Loss: 1.2932
Epoch 943/1000, Train Loss: 21.8167, Validation Loss: 1.5401
Epoch 944/1000, Train Loss: 0.7145, Validation Loss: 2.6197
Epoch 945/1000, Train Loss: 0.7192, Validation Loss: 0.9592
Epoch 946/1000, Train Loss: 1.6465, Validation Loss: 3.1296
Epoch 947/1000, Train Loss: 0.6960, Validation Loss: 1.7613
Epoch 948/1000, Train Loss: 1.3100, Validation Loss: 1.7753
Epoch 949/1000, Train Loss: 0.9771, Validation Loss: 0.9239
Epoch 950/1000, Train Loss: 0.7102, Validation Loss: 3.3242
Epoch 951/1000, Train Loss: 0.7394, Validation Loss: 0.8348
Epoch 952/1000, Train Loss: 3.3547, Validation Loss: 1.5950
Epoch 953/1000, Train Loss: 0.7407, Validation Loss: 0.7853
Epoch 954/1000, Train Loss: 0.6974, Validation Loss: 2.5283
Epoch 955/1000, Train Loss: 5.3593, Validation Loss: 0.7697
Epoch 956/1000, Train Loss: 0.6978, Validation Loss: 1.1838
Epoch 957/1000, Train Loss: 0.6941, Validation Loss: 1.2973
Epoch 958/1000, Train Loss: 2242.8371, Validation Loss: 2.7105
Epoch 959/1000, Train Loss: 0.7151, Validation Loss: 1.2383
Epoch 960/1000, Train Loss: 0.7112, Validation Loss: 1.0132
Epoch 961/1000, Train Loss: 0.7032, Validation Loss: 1.5757
Epoch 962/1000, Train Loss: 0.7449, Validation Loss: 3.5558
Epoch 963/1000, Train Loss: 0.7407, Validation Loss: 3.1109
Epoch 964/1000, Train Loss: 0.7206, Validation Loss: 4.7146
Epoch 965/1000, Train Loss: 0.9334, Validation Loss: 0.6420
Epoch 966/1000, Train Loss: 0.6929, Validation Loss: 2.1148
Epoch 967/1000, Train Loss: 0.7063, Validation Loss: 0.9989
Epoch 968/1000, Train Loss: 0.7617, Validation Loss: 1.5231
Epoch 969/1000, Train Loss: 0.6898, Validation Loss: 0.9593
Epoch 970/1000, Train Loss: 0.7671, Validation Loss: 2.2802
Epoch 971/1000, Train Loss: 0.7490, Validation Loss: 4.1351
Epoch 972/1000, Train Loss: 0.9456, Validation Loss: 1.2188
Epoch 973/1000, Train Loss: 0.7073, Validation Loss: 0.9911
Epoch 974/1000, Train Loss: 0.7155, Validation Loss: 0.9484
Epoch 975/1000, Train Loss: 0.7076, Validation Loss: 1.4808
Epoch 976/1000, Train Loss: 0.7168, Validation Loss: 1.0952
Epoch 977/1000, Train Loss: 0.7591, Validation Loss: 3.3687
Epoch 978/1000, Train Loss: 0.7217, Validation Loss: 0.9116
Epoch 979/1000, Train Loss: 1.1654, Validation Loss: 2.3747
Epoch 980/1000, Train Loss: 0.7091, Validation Loss: 1.0735
Epoch 981/1000, Train Loss: 0.7145, Validation Loss: 3.3779
Epoch 982/1000, Train Loss: 0.7347, Validation Loss: 4.0359
Epoch 983/1000, Train Loss: 0.7206, Validation Loss: 3.5639
Epoch 984/1000, Train Loss: 0.9988, Validation Loss: 1.6578
Epoch 985/1000, Train Loss: 0.7137, Validation Loss: 1.6166
Epoch 986/1000, Train Loss: 0.7014, Validation Loss: 1.5921
Epoch 987/1000, Train Loss: 1.7836, Validation Loss: 1.2930
Epoch 988/1000, Train Loss: 0.8027, Validation Loss: 2.0759
Epoch 989/1000, Train Loss: 0.7033, Validation Loss: 3.6046
Epoch 990/1000, Train Loss: 0.6998, Validation Loss: 2.9748
Epoch 991/1000, Train Loss: 0.6942, Validation Loss: 3.1770
Epoch 992/1000, Train Loss: 0.7918, Validation Loss: 0.7394
Epoch 993/1000, Train Loss: 0.7254, Validation Loss: 1.5637
Epoch 994/1000, Train Loss: 0.6892, Validation Loss: 2.0807
Epoch 995/1000, Train Loss: 0.7880, Validation Loss: 1.0480
Epoch 996/1000, Train Loss: 0.7200, Validation Loss: 2.6116
Epoch 997/1000, Train Loss: 0.6948, Validation Loss: 1.5118
Epoch 998/1000, Train Loss: 0.8783, Validation Loss: 2.2096
Epoch 999/1000, Train Loss: 10.7802, Validation Loss: 5.6849
Epoch 1000/1000, Train Loss: 0.6981, Validation Loss: 1.7956
Best Training Loss: 0.6794
Best Training Loss Epoch: 699
Best Validation Loss: 0.5902
Best Validation Loss Epoch: 790
Time taken for training: 0-22:50:16
Test Loss: 0.6118
Test MAPE: 124565.5859%
Error Statistics:
count     41272.000000
mean        491.836029
std        7389.190918
min           0.000038
25%           0.175460
50%           2.062566
75%          29.345215
max      878068.375000
Name: Absolute Error, dtype: float64
Training complete. Final model saved.
Saving model as a wandb Artifact...
Model artifact logged successfully.
[1;34mwandb[0m: 
[1;34mwandb[0m: 🚀 View run [33mvital-sweep-184[0m at: [34mhttps://wandb.ai/mk8737-new-york-university/rl_pretrain_hp_sweeps/runs/yzaxuk2e[0m
[1;34mwandb[0m: Find logs at: [1;35mwandb/run-20251006_144221-yzaxuk2e/logs[0m
Agent finished.
