Waiting for sweep ID...
Found Sweep ID: be12np04
Starting wandb agent for sweep be12np04...
TRAINING DEVICE: cpu
Run Name: GCN_global_hp_sweep_be12np04-fc8eog0q
finidhed preparing data
Loading dataset from pretrain_dataset_12.5k_fixed_duplicates.pkl
Loaded 412712 data objects.
finished preparing data
Epoch 1/1000, Train Loss: 2.9840, Validation Loss: 1.5515
Epoch 2/1000, Train Loss: 1.5392, Validation Loss: 1.4246
Epoch 3/1000, Train Loss: 1.3491, Validation Loss: 3.5651
Epoch 4/1000, Train Loss: 1.3810, Validation Loss: 2.7636
Epoch 5/1000, Train Loss: 1.1555, Validation Loss: 1.9177
Epoch 6/1000, Train Loss: 1.1306, Validation Loss: 1.6890
Epoch 7/1000, Train Loss: 1.0334, Validation Loss: 2.6475
Epoch 8/1000, Train Loss: 1.0272, Validation Loss: 0.9717
Epoch 9/1000, Train Loss: 1.0030, Validation Loss: 2.5674
Epoch 10/1000, Train Loss: 0.9536, Validation Loss: 2.8028
Epoch 11/1000, Train Loss: 0.9986, Validation Loss: 2.0009
Epoch 12/1000, Train Loss: 0.9639, Validation Loss: 3.0113
Epoch 13/1000, Train Loss: 0.9805, Validation Loss: 1.2622
Epoch 14/1000, Train Loss: 0.9410, Validation Loss: 1.7163
Epoch 15/1000, Train Loss: 0.9207, Validation Loss: 1.0477
Epoch 16/1000, Train Loss: 0.9274, Validation Loss: 3.4219
Epoch 17/1000, Train Loss: 0.8702, Validation Loss: 1.5355
Epoch 18/1000, Train Loss: 1.0082, Validation Loss: 1.6112
Epoch 19/1000, Train Loss: 0.8816, Validation Loss: 2.2677
Epoch 20/1000, Train Loss: 0.8904, Validation Loss: 1.3893
Epoch 21/1000, Train Loss: 0.8570, Validation Loss: 2.9167
Epoch 22/1000, Train Loss: 0.8485, Validation Loss: 1.8631
Epoch 23/1000, Train Loss: 0.8515, Validation Loss: 1.1327
Epoch 24/1000, Train Loss: 0.8097, Validation Loss: 2.4979
Epoch 25/1000, Train Loss: 0.7882, Validation Loss: 1.3612
Epoch 26/1000, Train Loss: 0.7905, Validation Loss: 1.5567
Epoch 27/1000, Train Loss: 0.8030, Validation Loss: 4.3118
Epoch 28/1000, Train Loss: 0.7927, Validation Loss: 1.0161
Epoch 29/1000, Train Loss: 0.7618, Validation Loss: 1.5305
Epoch 30/1000, Train Loss: 0.7992, Validation Loss: 1.6315
Epoch 31/1000, Train Loss: 0.7776, Validation Loss: 1.3532
Epoch 32/1000, Train Loss: 0.8143, Validation Loss: 3.3196
Epoch 33/1000, Train Loss: 0.7495, Validation Loss: 0.8442
Epoch 34/1000, Train Loss: 0.8187, Validation Loss: 2.3190
Epoch 35/1000, Train Loss: 0.8025, Validation Loss: 0.7245
Epoch 36/1000, Train Loss: 0.7464, Validation Loss: 1.8266
Epoch 37/1000, Train Loss: 0.7435, Validation Loss: 0.7715
Epoch 38/1000, Train Loss: 0.7466, Validation Loss: 1.1151
Epoch 39/1000, Train Loss: 0.8060, Validation Loss: 2.3674
Epoch 40/1000, Train Loss: 0.8896, Validation Loss: 1.3506
Epoch 41/1000, Train Loss: 0.7420, Validation Loss: 0.8614
Epoch 42/1000, Train Loss: 0.7763, Validation Loss: 2.5986
Epoch 43/1000, Train Loss: 0.7836, Validation Loss: 1.6120
Epoch 44/1000, Train Loss: 0.8034, Validation Loss: 0.9425
Epoch 45/1000, Train Loss: 0.7304, Validation Loss: 0.9781
Epoch 46/1000, Train Loss: 0.7474, Validation Loss: 2.2726
Epoch 47/1000, Train Loss: 0.7940, Validation Loss: 1.3300
Epoch 48/1000, Train Loss: 0.7689, Validation Loss: 0.7942
Epoch 49/1000, Train Loss: 0.7201, Validation Loss: 2.3961
Epoch 50/1000, Train Loss: 0.7179, Validation Loss: 13.4584
Epoch 51/1000, Train Loss: 0.8302, Validation Loss: 1.3698
Epoch 52/1000, Train Loss: 0.7344, Validation Loss: 1.3955
Epoch 53/1000, Train Loss: 0.7465, Validation Loss: 0.7837
Epoch 54/1000, Train Loss: 0.6866, Validation Loss: 0.7623
Epoch 55/1000, Train Loss: 0.7248, Validation Loss: 2.8427
Epoch 56/1000, Train Loss: 0.7059, Validation Loss: 1.0707
Epoch 57/1000, Train Loss: 0.6964, Validation Loss: 2.3035
Epoch 58/1000, Train Loss: 0.6488, Validation Loss: 4.1712
Epoch 59/1000, Train Loss: 0.6570, Validation Loss: 2.2915
Epoch 60/1000, Train Loss: 0.6885, Validation Loss: 3.3967
Epoch 61/1000, Train Loss: 0.6639, Validation Loss: 2.8926
Epoch 62/1000, Train Loss: 0.6733, Validation Loss: 1.0563
Epoch 63/1000, Train Loss: 0.6529, Validation Loss: 1.0706
Epoch 64/1000, Train Loss: 0.6707, Validation Loss: 0.9385
Epoch 65/1000, Train Loss: 0.6662, Validation Loss: 3.3760
Epoch 66/1000, Train Loss: 0.6356, Validation Loss: 0.9727
Epoch 67/1000, Train Loss: 0.6807, Validation Loss: 1.1035
Epoch 68/1000, Train Loss: 0.6725, Validation Loss: 2.8387
Epoch 69/1000, Train Loss: 0.6187, Validation Loss: 0.8089
Epoch 70/1000, Train Loss: 0.6741, Validation Loss: 0.7511
Epoch 71/1000, Train Loss: 0.6206, Validation Loss: 0.6280
Epoch 72/1000, Train Loss: 0.5975, Validation Loss: 0.9495
Epoch 73/1000, Train Loss: 0.6078, Validation Loss: 1.1603
Epoch 74/1000, Train Loss: 0.6071, Validation Loss: 1.7085
Epoch 75/1000, Train Loss: 0.6077, Validation Loss: 1.0965
Epoch 76/1000, Train Loss: 0.5890, Validation Loss: 2.3618
Epoch 77/1000, Train Loss: 0.6003, Validation Loss: 2.0499
Epoch 78/1000, Train Loss: 0.5559, Validation Loss: 1.2847
Epoch 79/1000, Train Loss: 0.6056, Validation Loss: 0.8768
Epoch 80/1000, Train Loss: 0.5854, Validation Loss: 0.5769
Epoch 81/1000, Train Loss: 0.5681, Validation Loss: 0.6573
Epoch 82/1000, Train Loss: 0.5725, Validation Loss: 2.2450
Epoch 83/1000, Train Loss: 0.6118, Validation Loss: 1.5455
Epoch 84/1000, Train Loss: 0.6020, Validation Loss: 0.9230
Epoch 85/1000, Train Loss: 0.5815, Validation Loss: 0.7877
Epoch 86/1000, Train Loss: 0.5707, Validation Loss: 0.7781
Epoch 87/1000, Train Loss: 0.5623, Validation Loss: 0.6980
Epoch 88/1000, Train Loss: 0.5475, Validation Loss: 0.5598
Epoch 89/1000, Train Loss: 0.5574, Validation Loss: 2.2249
Epoch 90/1000, Train Loss: 0.5592, Validation Loss: 0.8198
Epoch 91/1000, Train Loss: 0.5312, Validation Loss: 1.8290
Epoch 92/1000, Train Loss: 0.5431, Validation Loss: 1.0075
Epoch 93/1000, Train Loss: 0.5307, Validation Loss: 1.7358
Epoch 94/1000, Train Loss: 0.5281, Validation Loss: 0.5461
Epoch 95/1000, Train Loss: 0.5636, Validation Loss: 1.0365
Epoch 96/1000, Train Loss: 0.5622, Validation Loss: 1.3763
Epoch 97/1000, Train Loss: 0.5495, Validation Loss: 1.4774
Epoch 98/1000, Train Loss: 0.5097, Validation Loss: 1.8501
Epoch 99/1000, Train Loss: 0.5214, Validation Loss: 0.9155
Epoch 100/1000, Train Loss: 0.5216, Validation Loss: 1.3551
Epoch 101/1000, Train Loss: 0.5185, Validation Loss: 0.6239
Epoch 102/1000, Train Loss: 0.4979, Validation Loss: 0.6341
Epoch 103/1000, Train Loss: 0.5275, Validation Loss: 5.0787
Epoch 104/1000, Train Loss: 0.5203, Validation Loss: 1.0913
Epoch 105/1000, Train Loss: 0.4993, Validation Loss: 1.3288
Epoch 106/1000, Train Loss: 0.4965, Validation Loss: 0.7968
Epoch 107/1000, Train Loss: 0.4910, Validation Loss: 0.6911
Epoch 108/1000, Train Loss: 0.5138, Validation Loss: 1.0276
Epoch 109/1000, Train Loss: 0.4935, Validation Loss: 0.7359
Epoch 110/1000, Train Loss: 0.4970, Validation Loss: 0.7621
Epoch 111/1000, Train Loss: 0.4973, Validation Loss: 0.5571
Epoch 112/1000, Train Loss: 0.4821, Validation Loss: 0.6523
Epoch 113/1000, Train Loss: 0.4728, Validation Loss: 3.9699
Epoch 114/1000, Train Loss: 0.4845, Validation Loss: 0.6920
Epoch 115/1000, Train Loss: 0.4736, Validation Loss: 0.8851
Epoch 116/1000, Train Loss: 0.4734, Validation Loss: 0.5746
Epoch 117/1000, Train Loss: 0.4875, Validation Loss: 1.8527
Epoch 118/1000, Train Loss: 0.4700, Validation Loss: 0.9933
Epoch 119/1000, Train Loss: 0.4864, Validation Loss: 1.4426
Epoch 120/1000, Train Loss: 0.4899, Validation Loss: 0.4564
Epoch 121/1000, Train Loss: 0.4914, Validation Loss: 1.0384
Epoch 122/1000, Train Loss: 0.4663, Validation Loss: 7.0747
Epoch 123/1000, Train Loss: 0.4676, Validation Loss: 0.9533
Epoch 124/1000, Train Loss: 0.4713, Validation Loss: 0.5800
Epoch 125/1000, Train Loss: 0.4740, Validation Loss: 0.6461
Epoch 126/1000, Train Loss: 0.4545, Validation Loss: 1.1976
Epoch 127/1000, Train Loss: 0.4877, Validation Loss: 10.2787
Epoch 128/1000, Train Loss: 0.4595, Validation Loss: 0.5863
Epoch 129/1000, Train Loss: 0.4570, Validation Loss: 1.0844
Epoch 130/1000, Train Loss: 0.4616, Validation Loss: 4.2208
Epoch 131/1000, Train Loss: 0.4542, Validation Loss: 0.8926
Epoch 132/1000, Train Loss: 0.4514, Validation Loss: 1.0645
Epoch 133/1000, Train Loss: 0.4480, Validation Loss: 0.8329
Epoch 134/1000, Train Loss: 0.4587, Validation Loss: 1.5944
Epoch 135/1000, Train Loss: 0.4528, Validation Loss: 0.8370
Epoch 136/1000, Train Loss: 0.4456, Validation Loss: 1.1396
Epoch 137/1000, Train Loss: 0.4569, Validation Loss: 1.3750
Epoch 138/1000, Train Loss: 0.4422, Validation Loss: 1.2478
Epoch 139/1000, Train Loss: 0.4481, Validation Loss: 0.6668
Epoch 140/1000, Train Loss: 0.4395, Validation Loss: 1.8229
Epoch 141/1000, Train Loss: 0.4446, Validation Loss: 0.6979
Epoch 142/1000, Train Loss: 0.4443, Validation Loss: 0.5063
Epoch 143/1000, Train Loss: 0.4356, Validation Loss: 0.5527
Epoch 144/1000, Train Loss: 0.4370, Validation Loss: 1.7777
Epoch 145/1000, Train Loss: 0.4413, Validation Loss: 1.3148
Epoch 146/1000, Train Loss: 0.4333, Validation Loss: 0.5674
Epoch 147/1000, Train Loss: 0.4526, Validation Loss: 0.9438
Epoch 148/1000, Train Loss: 0.4465, Validation Loss: 0.6738
Epoch 149/1000, Train Loss: 0.4364, Validation Loss: 2.5289
Epoch 150/1000, Train Loss: 0.4416, Validation Loss: 1.7814
Epoch 151/1000, Train Loss: 0.4315, Validation Loss: 2.7874
Epoch 152/1000, Train Loss: 0.4358, Validation Loss: 0.5818
Epoch 153/1000, Train Loss: 0.4378, Validation Loss: 2.2209
Epoch 154/1000, Train Loss: 0.4306, Validation Loss: 0.7919
Epoch 155/1000, Train Loss: 0.4391, Validation Loss: 0.8379
Epoch 156/1000, Train Loss: 0.4376, Validation Loss: 0.6987
Epoch 157/1000, Train Loss: 0.4227, Validation Loss: 0.6811
Epoch 158/1000, Train Loss: 0.4293, Validation Loss: 0.6213
Epoch 159/1000, Train Loss: 0.4302, Validation Loss: 0.5480
Epoch 160/1000, Train Loss: 0.4273, Validation Loss: 0.8500
Epoch 161/1000, Train Loss: 0.4249, Validation Loss: 1.5217
Epoch 162/1000, Train Loss: 0.4273, Validation Loss: 0.7686
Epoch 163/1000, Train Loss: 0.4245, Validation Loss: 1.0846
Epoch 164/1000, Train Loss: 0.4150, Validation Loss: 2.5336
Epoch 165/1000, Train Loss: 0.4250, Validation Loss: 0.7602
Epoch 166/1000, Train Loss: 0.4261, Validation Loss: 0.6730
Epoch 167/1000, Train Loss: 0.4202, Validation Loss: 0.6997
Epoch 168/1000, Train Loss: 0.4122, Validation Loss: 0.9768
Epoch 169/1000, Train Loss: 0.4237, Validation Loss: 0.7460
Epoch 170/1000, Train Loss: 0.4213, Validation Loss: 1.3214
Epoch 171/1000, Train Loss: 0.4125, Validation Loss: 1.3227
Epoch 172/1000, Train Loss: 0.4232, Validation Loss: 7.3804
Epoch 173/1000, Train Loss: 0.4213, Validation Loss: 9.4877
Epoch 174/1000, Train Loss: 0.4106, Validation Loss: 0.4561
Epoch 175/1000, Train Loss: 0.4113, Validation Loss: 1.1035
Epoch 176/1000, Train Loss: 0.4144, Validation Loss: 3.2914
Epoch 177/1000, Train Loss: 0.4057, Validation Loss: 0.4500
Epoch 178/1000, Train Loss: 0.4092, Validation Loss: 0.5171
Epoch 179/1000, Train Loss: 0.4166, Validation Loss: 0.6501
Epoch 180/1000, Train Loss: 0.4156, Validation Loss: 1.8898
Epoch 181/1000, Train Loss: 0.4066, Validation Loss: 1.6891
Epoch 182/1000, Train Loss: 0.4139, Validation Loss: 0.9672
Epoch 183/1000, Train Loss: 0.4145, Validation Loss: 1.4775
Epoch 184/1000, Train Loss: 0.4070, Validation Loss: 0.7340
Epoch 185/1000, Train Loss: 0.4092, Validation Loss: 1.9746
Epoch 186/1000, Train Loss: 0.4020, Validation Loss: 1.0327
Epoch 187/1000, Train Loss: 0.3984, Validation Loss: 1.0175
Epoch 188/1000, Train Loss: 0.3992, Validation Loss: 1.4477
Epoch 189/1000, Train Loss: 0.4101, Validation Loss: 0.8351
Epoch 190/1000, Train Loss: 0.4007, Validation Loss: 0.5364
Epoch 191/1000, Train Loss: 0.4066, Validation Loss: 0.4407
Epoch 192/1000, Train Loss: 0.3981, Validation Loss: 0.4533
Epoch 193/1000, Train Loss: 0.3981, Validation Loss: 0.6656
Epoch 194/1000, Train Loss: 0.4011, Validation Loss: 2.5806
Epoch 195/1000, Train Loss: 0.4015, Validation Loss: 0.4817
Epoch 196/1000, Train Loss: 0.3980, Validation Loss: 1.3447
Epoch 197/1000, Train Loss: 0.3957, Validation Loss: 0.5704
Epoch 198/1000, Train Loss: 0.3928, Validation Loss: 1.0314
Epoch 199/1000, Train Loss: 0.4066, Validation Loss: 1.3253
Epoch 200/1000, Train Loss: 0.4030, Validation Loss: 0.4631
Epoch 201/1000, Train Loss: 0.3931, Validation Loss: 0.6838
Epoch 202/1000, Train Loss: 0.3946, Validation Loss: 0.7811
Epoch 203/1000, Train Loss: 0.3945, Validation Loss: 1.0132
Epoch 204/1000, Train Loss: 0.3927, Validation Loss: 0.5626
Epoch 205/1000, Train Loss: 0.3979, Validation Loss: 0.9596
Epoch 206/1000, Train Loss: 0.3883, Validation Loss: 0.4347
Epoch 207/1000, Train Loss: 0.3900, Validation Loss: 1.6494
Epoch 208/1000, Train Loss: 0.3874, Validation Loss: 1.2082
Epoch 209/1000, Train Loss: 0.3901, Validation Loss: 0.6356
Epoch 210/1000, Train Loss: 0.3904, Validation Loss: 0.6096
Epoch 211/1000, Train Loss: 0.4012, Validation Loss: 0.7042
Epoch 212/1000, Train Loss: 0.3894, Validation Loss: 1.7061
Epoch 213/1000, Train Loss: 0.3838, Validation Loss: 0.6177
Epoch 214/1000, Train Loss: 0.3857, Validation Loss: 0.6705
Epoch 215/1000, Train Loss: 0.3803, Validation Loss: 0.4810
Epoch 216/1000, Train Loss: 0.3814, Validation Loss: 0.9103
Epoch 217/1000, Train Loss: 0.3796, Validation Loss: 0.5183
Epoch 218/1000, Train Loss: 0.4002, Validation Loss: 2.8909
Epoch 219/1000, Train Loss: 0.3860, Validation Loss: 1.3784
Epoch 220/1000, Train Loss: 0.3831, Validation Loss: 0.4193
Epoch 221/1000, Train Loss: 0.3768, Validation Loss: 0.4887
Epoch 222/1000, Train Loss: 0.3775, Validation Loss: 0.8412
Epoch 223/1000, Train Loss: 0.3881, Validation Loss: 0.6829
Epoch 224/1000, Train Loss: 0.3848, Validation Loss: 0.4660
Epoch 225/1000, Train Loss: 0.3766, Validation Loss: 0.8678
Epoch 226/1000, Train Loss: 0.3938, Validation Loss: 0.9644
Epoch 227/1000, Train Loss: 0.3795, Validation Loss: 2.6257
Epoch 228/1000, Train Loss: 0.3762, Validation Loss: 0.6094
Epoch 229/1000, Train Loss: 0.3790, Validation Loss: 1.4261
Epoch 230/1000, Train Loss: 0.3787, Validation Loss: 1.8687
Epoch 231/1000, Train Loss: 0.3822, Validation Loss: 0.7402
Epoch 232/1000, Train Loss: 0.3776, Validation Loss: 0.5061
Epoch 233/1000, Train Loss: 0.3743, Validation Loss: 1.0433
Epoch 234/1000, Train Loss: 0.3754, Validation Loss: 1.1610
Epoch 235/1000, Train Loss: 0.3749, Validation Loss: 2.6206
Epoch 236/1000, Train Loss: 0.3730, Validation Loss: 0.5295
Epoch 237/1000, Train Loss: 0.3713, Validation Loss: 1.3235
Epoch 238/1000, Train Loss: 0.3697, Validation Loss: 1.3424
Epoch 239/1000, Train Loss: 0.3723, Validation Loss: 0.6206
Epoch 240/1000, Train Loss: 0.3673, Validation Loss: 3.5890
Epoch 241/1000, Train Loss: 0.3724, Validation Loss: 1.9268
Epoch 242/1000, Train Loss: 0.3723, Validation Loss: 0.4535
Epoch 243/1000, Train Loss: 0.3701, Validation Loss: 1.8673
Epoch 244/1000, Train Loss: 0.3864, Validation Loss: 1.0810
Epoch 245/1000, Train Loss: 0.3663, Validation Loss: 2.7233
Epoch 246/1000, Train Loss: 0.3647, Validation Loss: 0.4115
Epoch 247/1000, Train Loss: 0.3681, Validation Loss: 0.6127
Epoch 248/1000, Train Loss: 0.3696, Validation Loss: 0.5041
Epoch 249/1000, Train Loss: 0.3648, Validation Loss: 4.8396
Epoch 250/1000, Train Loss: 0.3694, Validation Loss: 0.5820
Epoch 251/1000, Train Loss: 0.3661, Validation Loss: 0.6083
Epoch 252/1000, Train Loss: 0.3688, Validation Loss: 1.0382
Epoch 253/1000, Train Loss: 0.3642, Validation Loss: 0.4182
Epoch 254/1000, Train Loss: 0.3608, Validation Loss: 0.7084
Epoch 255/1000, Train Loss: 0.3654, Validation Loss: 0.5080
Epoch 256/1000, Train Loss: 0.3654, Validation Loss: 0.6695
Epoch 257/1000, Train Loss: 0.3729, Validation Loss: 1.6836
Epoch 258/1000, Train Loss: 0.3613, Validation Loss: 0.6970
Epoch 259/1000, Train Loss: 0.3706, Validation Loss: 1.5621
Epoch 260/1000, Train Loss: 0.3719, Validation Loss: 0.4961
Epoch 261/1000, Train Loss: 0.3583, Validation Loss: 0.6734
Epoch 262/1000, Train Loss: 0.3769, Validation Loss: 0.6430
Epoch 263/1000, Train Loss: 0.3652, Validation Loss: 0.6795
Epoch 264/1000, Train Loss: 0.3619, Validation Loss: 1.2731
Epoch 265/1000, Train Loss: 0.3668, Validation Loss: 1.2221
Epoch 266/1000, Train Loss: 0.3599, Validation Loss: 0.9278
Epoch 267/1000, Train Loss: 0.3629, Validation Loss: 0.9583
Epoch 268/1000, Train Loss: 0.3626, Validation Loss: 0.9404
Epoch 269/1000, Train Loss: 0.3619, Validation Loss: 0.5442
Epoch 270/1000, Train Loss: 0.3556, Validation Loss: 0.7405
Epoch 271/1000, Train Loss: 0.3528, Validation Loss: 0.7397
Epoch 272/1000, Train Loss: 0.3602, Validation Loss: 2.4401
Epoch 273/1000, Train Loss: 0.3690, Validation Loss: 1.0523
Epoch 274/1000, Train Loss: 0.3537, Validation Loss: 0.5580
Epoch 275/1000, Train Loss: 0.3571, Validation Loss: 2.6204
Epoch 276/1000, Train Loss: 0.3582, Validation Loss: 1.9544
Epoch 277/1000, Train Loss: 0.3560, Validation Loss: 1.9164
Epoch 278/1000, Train Loss: 0.3498, Validation Loss: 1.4030
Epoch 279/1000, Train Loss: 0.3619, Validation Loss: 0.6456
Epoch 280/1000, Train Loss: 0.3574, Validation Loss: 0.6602
Epoch 281/1000, Train Loss: 0.3550, Validation Loss: 1.1755
Epoch 282/1000, Train Loss: 0.3591, Validation Loss: 0.9319
Epoch 283/1000, Train Loss: 0.3556, Validation Loss: 1.2286
Epoch 284/1000, Train Loss: 0.3579, Validation Loss: 0.6340
Epoch 285/1000, Train Loss: 0.3533, Validation Loss: 0.4761
Epoch 286/1000, Train Loss: 0.3504, Validation Loss: 1.8774
Epoch 287/1000, Train Loss: 0.3514, Validation Loss: 0.7748
Epoch 288/1000, Train Loss: 0.3529, Validation Loss: 0.4693
Epoch 289/1000, Train Loss: 0.3535, Validation Loss: 0.5982
Epoch 290/1000, Train Loss: 0.3575, Validation Loss: 0.5728
Epoch 291/1000, Train Loss: 0.3545, Validation Loss: 6.6031
Epoch 292/1000, Train Loss: 0.3570, Validation Loss: 1.1851
Epoch 293/1000, Train Loss: 0.3585, Validation Loss: 0.3898
Epoch 294/1000, Train Loss: 0.3481, Validation Loss: 1.0424
Epoch 295/1000, Train Loss: 0.3484, Validation Loss: 1.5659
Epoch 296/1000, Train Loss: 0.3541, Validation Loss: 0.4639
Epoch 297/1000, Train Loss: 0.3499, Validation Loss: 0.7779
Epoch 298/1000, Train Loss: 0.3505, Validation Loss: 1.0523
Epoch 299/1000, Train Loss: 0.3550, Validation Loss: 0.7041
Epoch 300/1000, Train Loss: 0.3504, Validation Loss: 1.3392
Epoch 301/1000, Train Loss: 0.3497, Validation Loss: 0.5422
Epoch 302/1000, Train Loss: 0.3468, Validation Loss: 0.8102
Epoch 303/1000, Train Loss: 0.3411, Validation Loss: 0.8618
Epoch 304/1000, Train Loss: 0.3422, Validation Loss: 0.4138
Epoch 305/1000, Train Loss: 0.3423, Validation Loss: 0.4734
Epoch 306/1000, Train Loss: 0.3470, Validation Loss: 0.6547
Epoch 307/1000, Train Loss: 0.3484, Validation Loss: 0.5405
Epoch 308/1000, Train Loss: 0.3476, Validation Loss: 0.8089
Epoch 309/1000, Train Loss: 0.3470, Validation Loss: 0.4523
Epoch 310/1000, Train Loss: 0.3471, Validation Loss: 0.4762
Epoch 311/1000, Train Loss: 0.3514, Validation Loss: 0.8271
Epoch 312/1000, Train Loss: 0.3442, Validation Loss: 0.3593
Epoch 313/1000, Train Loss: 0.3488, Validation Loss: 0.9502
Epoch 314/1000, Train Loss: 0.3478, Validation Loss: 1.1119
Epoch 315/1000, Train Loss: 0.3483, Validation Loss: 1.4941
Epoch 316/1000, Train Loss: 0.3487, Validation Loss: 1.4459
Epoch 317/1000, Train Loss: 0.3472, Validation Loss: 0.7819
Epoch 318/1000, Train Loss: 0.3473, Validation Loss: 0.4832
Epoch 319/1000, Train Loss: 0.3436, Validation Loss: 0.5105
Epoch 320/1000, Train Loss: 0.3393, Validation Loss: 0.4702
Epoch 321/1000, Train Loss: 0.3399, Validation Loss: 0.5351
Epoch 322/1000, Train Loss: 0.3412, Validation Loss: 0.3792
Epoch 323/1000, Train Loss: 0.3471, Validation Loss: 0.7116
Epoch 324/1000, Train Loss: 0.3444, Validation Loss: 0.5246
Epoch 325/1000, Train Loss: 0.3395, Validation Loss: 0.7741
Epoch 326/1000, Train Loss: 0.3399, Validation Loss: 0.3428
Epoch 327/1000, Train Loss: 0.3473, Validation Loss: 1.7298
Epoch 328/1000, Train Loss: 0.3392, Validation Loss: 1.2439
Epoch 329/1000, Train Loss: 0.3352, Validation Loss: 1.5313
Epoch 330/1000, Train Loss: 0.3425, Validation Loss: 0.6868
Epoch 331/1000, Train Loss: 0.3348, Validation Loss: 0.9523
Epoch 332/1000, Train Loss: 0.3408, Validation Loss: 0.4606
Epoch 333/1000, Train Loss: 0.3451, Validation Loss: 1.8793
Epoch 334/1000, Train Loss: 0.3369, Validation Loss: 1.0203
Epoch 335/1000, Train Loss: 0.3470, Validation Loss: 0.5863
Epoch 336/1000, Train Loss: 0.3400, Validation Loss: 0.9900
Epoch 337/1000, Train Loss: 0.3362, Validation Loss: 0.5701
Epoch 338/1000, Train Loss: 0.3383, Validation Loss: 0.4053
Epoch 339/1000, Train Loss: 0.3376, Validation Loss: 0.7942
Epoch 340/1000, Train Loss: 0.3343, Validation Loss: 2.3903
Epoch 341/1000, Train Loss: 0.3429, Validation Loss: 1.4620
Epoch 342/1000, Train Loss: 0.3343, Validation Loss: 0.6890
Epoch 343/1000, Train Loss: 0.3328, Validation Loss: 0.9829
Epoch 344/1000, Train Loss: 0.3338, Validation Loss: 0.3887
Epoch 345/1000, Train Loss: 0.3389, Validation Loss: 0.5277
Epoch 346/1000, Train Loss: 0.3349, Validation Loss: 0.9725
Epoch 347/1000, Train Loss: 0.3317, Validation Loss: 1.7239
Epoch 348/1000, Train Loss: 0.3325, Validation Loss: 0.4264
Epoch 349/1000, Train Loss: 0.3297, Validation Loss: 0.6979
Epoch 350/1000, Train Loss: 0.3274, Validation Loss: 0.8546
Epoch 351/1000, Train Loss: 0.3379, Validation Loss: 1.0502
Epoch 352/1000, Train Loss: 0.3365, Validation Loss: 0.6463
Epoch 353/1000, Train Loss: 0.3332, Validation Loss: 0.9077
Epoch 354/1000, Train Loss: 0.3394, Validation Loss: 0.7346
Epoch 355/1000, Train Loss: 0.3317, Validation Loss: 1.4866
Epoch 356/1000, Train Loss: 0.3315, Validation Loss: 0.6640
Epoch 357/1000, Train Loss: 0.3350, Validation Loss: 0.9960
Epoch 358/1000, Train Loss: 0.3356, Validation Loss: 1.1807
Epoch 359/1000, Train Loss: 0.3402, Validation Loss: 4.3868
Epoch 360/1000, Train Loss: 0.3420, Validation Loss: 1.2484
Epoch 361/1000, Train Loss: 0.3380, Validation Loss: 1.3250
Epoch 362/1000, Train Loss: 0.3374, Validation Loss: 0.5229
Epoch 363/1000, Train Loss: 0.3286, Validation Loss: 0.7525
Epoch 364/1000, Train Loss: 0.3375, Validation Loss: 0.5975
Epoch 365/1000, Train Loss: 0.3286, Validation Loss: 0.5158
Epoch 366/1000, Train Loss: 0.3390, Validation Loss: 0.3901
Epoch 367/1000, Train Loss: 0.3322, Validation Loss: 1.0066
Epoch 368/1000, Train Loss: 0.3305, Validation Loss: 0.7355
Epoch 369/1000, Train Loss: 0.3250, Validation Loss: 1.2192
Epoch 370/1000, Train Loss: 0.3321, Validation Loss: 6.0763
Epoch 371/1000, Train Loss: 0.3252, Validation Loss: 0.4930
Epoch 372/1000, Train Loss: 0.3251, Validation Loss: 0.8056
Epoch 373/1000, Train Loss: 0.3271, Validation Loss: 0.4653
Epoch 374/1000, Train Loss: 0.3362, Validation Loss: 0.8784
Epoch 375/1000, Train Loss: 0.3280, Validation Loss: 1.1011
Epoch 376/1000, Train Loss: 0.3287, Validation Loss: 0.8310
Epoch 377/1000, Train Loss: 0.3332, Validation Loss: 1.7128
Epoch 378/1000, Train Loss: 0.3303, Validation Loss: 1.6050
Epoch 379/1000, Train Loss: 0.3377, Validation Loss: 0.5541
Epoch 380/1000, Train Loss: 0.3295, Validation Loss: 0.7474
Epoch 381/1000, Train Loss: 0.3337, Validation Loss: 2.0936
Epoch 382/1000, Train Loss: 0.3253, Validation Loss: 1.1378
Epoch 383/1000, Train Loss: 0.3276, Validation Loss: 1.2755
Epoch 384/1000, Train Loss: 0.3235, Validation Loss: 0.6395
Epoch 385/1000, Train Loss: 0.3278, Validation Loss: 0.7887
Epoch 386/1000, Train Loss: 0.3303, Validation Loss: 0.6382
Epoch 387/1000, Train Loss: 0.3320, Validation Loss: 0.7017
Epoch 388/1000, Train Loss: 0.3298, Validation Loss: 0.4882
Epoch 389/1000, Train Loss: 0.3286, Validation Loss: 0.6322
Epoch 390/1000, Train Loss: 0.3286, Validation Loss: 0.3510
Epoch 391/1000, Train Loss: 0.3315, Validation Loss: 0.6929
Epoch 392/1000, Train Loss: 0.3226, Validation Loss: 0.9399
Epoch 393/1000, Train Loss: 0.3230, Validation Loss: 1.8111
Epoch 394/1000, Train Loss: 0.3278, Validation Loss: 1.4046
Epoch 395/1000, Train Loss: 0.3256, Validation Loss: 0.4373
Epoch 396/1000, Train Loss: 0.3237, Validation Loss: 0.4874
Epoch 397/1000, Train Loss: 0.3308, Validation Loss: 1.5539
Epoch 398/1000, Train Loss: 0.3300, Validation Loss: 0.8074
Epoch 399/1000, Train Loss: 0.3286, Validation Loss: 0.9022
Epoch 400/1000, Train Loss: 0.3211, Validation Loss: 1.1549
Epoch 401/1000, Train Loss: 0.3299, Validation Loss: 0.6090
Epoch 402/1000, Train Loss: 0.3250, Validation Loss: 1.4738
Epoch 403/1000, Train Loss: 0.3228, Validation Loss: 0.4752
Epoch 404/1000, Train Loss: 0.3243, Validation Loss: 1.1397
Epoch 405/1000, Train Loss: 0.3252, Validation Loss: 1.1324
Epoch 406/1000, Train Loss: 0.3264, Validation Loss: 1.0409
Epoch 407/1000, Train Loss: 0.3297, Validation Loss: 0.9839
Epoch 408/1000, Train Loss: 0.3297, Validation Loss: 1.8122
Epoch 409/1000, Train Loss: 0.3315, Validation Loss: 0.5023
Epoch 410/1000, Train Loss: 0.3216, Validation Loss: 1.3701
Epoch 411/1000, Train Loss: 0.3256, Validation Loss: 1.0852
Epoch 412/1000, Train Loss: 0.3251, Validation Loss: 0.8507
Epoch 413/1000, Train Loss: 0.3216, Validation Loss: 1.3534
Epoch 414/1000, Train Loss: 0.3291, Validation Loss: 0.5490
Epoch 415/1000, Train Loss: 0.3209, Validation Loss: 0.9649
Epoch 416/1000, Train Loss: 0.3252, Validation Loss: 0.5431
Epoch 417/1000, Train Loss: 0.3197, Validation Loss: 0.5510
Epoch 418/1000, Train Loss: 0.3283, Validation Loss: 0.5274
Epoch 419/1000, Train Loss: 0.3233, Validation Loss: 0.8239
Epoch 420/1000, Train Loss: 0.3234, Validation Loss: 2.2430
Epoch 421/1000, Train Loss: 0.3245, Validation Loss: 0.6732
Epoch 422/1000, Train Loss: 0.3225, Validation Loss: 0.9783
Epoch 423/1000, Train Loss: 0.3312, Validation Loss: 0.5986
Epoch 424/1000, Train Loss: 0.3268, Validation Loss: 0.3778
Epoch 425/1000, Train Loss: 0.3184, Validation Loss: 0.4110
Epoch 426/1000, Train Loss: 0.3190, Validation Loss: 0.4888
Epoch 427/1000, Train Loss: 0.3243, Validation Loss: 1.0521
Epoch 428/1000, Train Loss: 0.3188, Validation Loss: 1.4131
Epoch 429/1000, Train Loss: 0.3246, Validation Loss: 0.6517
Epoch 430/1000, Train Loss: 0.3119, Validation Loss: 3.6815
Epoch 431/1000, Train Loss: 0.3160, Validation Loss: 0.7084
Epoch 432/1000, Train Loss: 0.3214, Validation Loss: 0.3694
Epoch 433/1000, Train Loss: 0.3193, Validation Loss: 0.6692
Epoch 434/1000, Train Loss: 0.3165, Validation Loss: 0.4696
Epoch 435/1000, Train Loss: 0.3195, Validation Loss: 0.9927
Epoch 436/1000, Train Loss: 0.3210, Validation Loss: 1.4080
Epoch 437/1000, Train Loss: 0.3174, Validation Loss: 0.3920
Epoch 438/1000, Train Loss: 0.3149, Validation Loss: 0.5973
Epoch 439/1000, Train Loss: 0.3207, Validation Loss: 1.1139
Epoch 440/1000, Train Loss: 0.3218, Validation Loss: 0.3308
Epoch 441/1000, Train Loss: 0.3172, Validation Loss: 0.4473
Epoch 442/1000, Train Loss: 0.3160, Validation Loss: 0.5522
Epoch 443/1000, Train Loss: 0.3228, Validation Loss: 0.6791
Epoch 444/1000, Train Loss: 0.3192, Validation Loss: 0.9934
Epoch 445/1000, Train Loss: 0.3230, Validation Loss: 1.6529
Epoch 446/1000, Train Loss: 0.3164, Validation Loss: 1.8664
Epoch 447/1000, Train Loss: 0.3173, Validation Loss: 1.2900
Epoch 448/1000, Train Loss: 0.3192, Validation Loss: 0.8454
Epoch 449/1000, Train Loss: 0.3207, Validation Loss: 2.6871
Epoch 450/1000, Train Loss: 0.3156, Validation Loss: 0.6501
Epoch 451/1000, Train Loss: 0.3181, Validation Loss: 1.1547
Epoch 452/1000, Train Loss: 0.3177, Validation Loss: 0.7312
Epoch 453/1000, Train Loss: 0.3144, Validation Loss: 0.8517
Epoch 454/1000, Train Loss: 0.3108, Validation Loss: 0.3794
Epoch 455/1000, Train Loss: 0.3135, Validation Loss: 1.0380
Epoch 456/1000, Train Loss: 0.3180, Validation Loss: 1.2795
Epoch 457/1000, Train Loss: 0.3189, Validation Loss: 1.1368
Epoch 458/1000, Train Loss: 0.3199, Validation Loss: 0.4502
Epoch 459/1000, Train Loss: 0.3207, Validation Loss: 0.8368
Epoch 460/1000, Train Loss: 0.3144, Validation Loss: 0.8841
Epoch 461/1000, Train Loss: 0.3114, Validation Loss: 0.5331
Epoch 462/1000, Train Loss: 0.3159, Validation Loss: 0.4346
Epoch 463/1000, Train Loss: 0.3152, Validation Loss: 1.2131
Epoch 464/1000, Train Loss: 0.3196, Validation Loss: 0.5183
Epoch 465/1000, Train Loss: 0.3160, Validation Loss: 2.9497
Epoch 466/1000, Train Loss: 0.3240, Validation Loss: 1.1350
Epoch 467/1000, Train Loss: 0.3115, Validation Loss: 1.2414
Epoch 468/1000, Train Loss: 0.3133, Validation Loss: 0.7170
Epoch 469/1000, Train Loss: 0.3165, Validation Loss: 0.4551
Epoch 470/1000, Train Loss: 0.3122, Validation Loss: 1.1285
Epoch 471/1000, Train Loss: 0.3156, Validation Loss: 1.7275
Epoch 472/1000, Train Loss: 0.3134, Validation Loss: 0.7501
Epoch 473/1000, Train Loss: 0.3204, Validation Loss: 0.4390
Epoch 474/1000, Train Loss: 0.3144, Validation Loss: 0.7043
Epoch 475/1000, Train Loss: 0.3168, Validation Loss: 2.4856
Epoch 476/1000, Train Loss: 0.3196, Validation Loss: 0.5979
Epoch 477/1000, Train Loss: 0.3119, Validation Loss: 3.1896
Epoch 478/1000, Train Loss: 0.3170, Validation Loss: 1.4340
Epoch 479/1000, Train Loss: 0.3137, Validation Loss: 0.8125
Epoch 480/1000, Train Loss: 0.3182, Validation Loss: 0.4175
Epoch 481/1000, Train Loss: 0.3132, Validation Loss: 0.5365
Epoch 482/1000, Train Loss: 0.3152, Validation Loss: 0.5514
Epoch 483/1000, Train Loss: 0.3128, Validation Loss: 0.8057
Epoch 484/1000, Train Loss: 0.3126, Validation Loss: 0.5422
Epoch 485/1000, Train Loss: 0.3166, Validation Loss: 2.3675
Epoch 486/1000, Train Loss: 0.3124, Validation Loss: 0.4824
Epoch 487/1000, Train Loss: 0.3077, Validation Loss: 0.3289
Epoch 488/1000, Train Loss: 0.3131, Validation Loss: 0.3560
Epoch 489/1000, Train Loss: 0.3100, Validation Loss: 1.6416
Epoch 490/1000, Train Loss: 0.3095, Validation Loss: 0.6624
Epoch 491/1000, Train Loss: 0.3149, Validation Loss: 0.4948
Epoch 492/1000, Train Loss: 0.3074, Validation Loss: 0.3607
Epoch 493/1000, Train Loss: 0.3140, Validation Loss: 0.6133
Epoch 494/1000, Train Loss: 0.3086, Validation Loss: 0.8480
Epoch 495/1000, Train Loss: 0.3077, Validation Loss: 2.2437
Epoch 496/1000, Train Loss: 0.3120, Validation Loss: 0.7768
Epoch 497/1000, Train Loss: 0.3128, Validation Loss: 0.6224
Epoch 498/1000, Train Loss: 0.3128, Validation Loss: 0.4429
Epoch 499/1000, Train Loss: 0.3166, Validation Loss: 1.3193
Epoch 500/1000, Train Loss: 0.3110, Validation Loss: 1.1291
Epoch 501/1000, Train Loss: 0.3102, Validation Loss: 0.8547
Epoch 502/1000, Train Loss: 0.3082, Validation Loss: 0.5317
Epoch 503/1000, Train Loss: 0.3128, Validation Loss: 0.5488
Epoch 504/1000, Train Loss: 0.3137, Validation Loss: 0.8596
Epoch 505/1000, Train Loss: 0.3183, Validation Loss: 0.9816
Epoch 506/1000, Train Loss: 0.3108, Validation Loss: 0.7094
Epoch 507/1000, Train Loss: 0.3154, Validation Loss: 2.3003
Epoch 508/1000, Train Loss: 0.3123, Validation Loss: 1.5560
Epoch 509/1000, Train Loss: 0.3080, Validation Loss: 0.3854
Epoch 510/1000, Train Loss: 0.3071, Validation Loss: 0.3080
Epoch 511/1000, Train Loss: 0.3051, Validation Loss: 0.7086
Epoch 512/1000, Train Loss: 0.3093, Validation Loss: 0.7450
Epoch 513/1000, Train Loss: 0.3080, Validation Loss: 1.7753
Epoch 514/1000, Train Loss: 0.3092, Validation Loss: 2.0225
Epoch 515/1000, Train Loss: 0.3092, Validation Loss: 0.3854
Epoch 516/1000, Train Loss: 0.3151, Validation Loss: 0.7050
Epoch 517/1000, Train Loss: 0.3100, Validation Loss: 0.5935
Epoch 518/1000, Train Loss: 0.3077, Validation Loss: 0.9581
Epoch 519/1000, Train Loss: 0.3137, Validation Loss: 0.7881
Epoch 520/1000, Train Loss: 0.3062, Validation Loss: 0.7683
Epoch 521/1000, Train Loss: 0.3112, Validation Loss: 0.3898
Epoch 522/1000, Train Loss: 0.3063, Validation Loss: 0.3453
Epoch 523/1000, Train Loss: 0.2993, Validation Loss: 0.3832
Epoch 524/1000, Train Loss: 0.3116, Validation Loss: 0.8175
Epoch 525/1000, Train Loss: 0.3044, Validation Loss: 0.3935
Epoch 526/1000, Train Loss: 0.3056, Validation Loss: 0.4829
Epoch 527/1000, Train Loss: 0.3017, Validation Loss: 0.5646
Epoch 528/1000, Train Loss: 0.3125, Validation Loss: 0.9568
Epoch 529/1000, Train Loss: 0.3080, Validation Loss: 2.7931
Epoch 530/1000, Train Loss: 0.3064, Validation Loss: 0.6790
Epoch 531/1000, Train Loss: 0.3057, Validation Loss: 0.9685
Epoch 532/1000, Train Loss: 0.3114, Validation Loss: 0.3422
Epoch 533/1000, Train Loss: 0.3032, Validation Loss: 2.5864
Epoch 534/1000, Train Loss: 0.3009, Validation Loss: 0.9713
Epoch 535/1000, Train Loss: 0.2998, Validation Loss: 0.4134
Epoch 536/1000, Train Loss: 0.3045, Validation Loss: 1.5899
Epoch 537/1000, Train Loss: 0.3059, Validation Loss: 0.6147
Epoch 538/1000, Train Loss: 0.3075, Validation Loss: 1.1766
Epoch 539/1000, Train Loss: 0.3059, Validation Loss: 0.6911
Epoch 540/1000, Train Loss: 0.3064, Validation Loss: 0.5122
Epoch 541/1000, Train Loss: 0.3019, Validation Loss: 1.0940
Epoch 542/1000, Train Loss: 0.3075, Validation Loss: 0.5714
Epoch 543/1000, Train Loss: 0.3033, Validation Loss: 0.8959
Epoch 544/1000, Train Loss: 0.3085, Validation Loss: 0.4105
Epoch 545/1000, Train Loss: 0.3055, Validation Loss: 1.0302
Epoch 546/1000, Train Loss: 0.3037, Validation Loss: 0.4557
Epoch 547/1000, Train Loss: 0.3073, Validation Loss: 0.7958
Epoch 548/1000, Train Loss: 0.3086, Validation Loss: 0.5584
Epoch 549/1000, Train Loss: 0.3002, Validation Loss: 0.4773
Epoch 550/1000, Train Loss: 0.3023, Validation Loss: 0.3688
Epoch 551/1000, Train Loss: 0.3027, Validation Loss: 0.9927
Epoch 552/1000, Train Loss: 0.3025, Validation Loss: 0.6575
Epoch 553/1000, Train Loss: 0.3058, Validation Loss: 1.1647
Epoch 554/1000, Train Loss: 0.3039, Validation Loss: 0.5127
Epoch 555/1000, Train Loss: 0.3023, Validation Loss: 1.1393
Epoch 556/1000, Train Loss: 0.3060, Validation Loss: 0.9192
Epoch 557/1000, Train Loss: 0.3040, Validation Loss: 0.5926
Epoch 558/1000, Train Loss: 0.3057, Validation Loss: 0.7922
Epoch 559/1000, Train Loss: 0.2976, Validation Loss: 1.9073
Epoch 560/1000, Train Loss: 0.3034, Validation Loss: 1.8721
Epoch 561/1000, Train Loss: 0.3072, Validation Loss: 1.1570
Epoch 562/1000, Train Loss: 0.3025, Validation Loss: 0.6538
Epoch 563/1000, Train Loss: 0.2999, Validation Loss: 0.8573
Epoch 564/1000, Train Loss: 0.3089, Validation Loss: 1.3417
Epoch 565/1000, Train Loss: 0.2972, Validation Loss: 0.6112
Epoch 566/1000, Train Loss: 0.2981, Validation Loss: 0.7409
Epoch 567/1000, Train Loss: 0.2997, Validation Loss: 0.3343
Epoch 568/1000, Train Loss: 0.3090, Validation Loss: 0.5908
Epoch 569/1000, Train Loss: 0.2972, Validation Loss: 1.5377
Epoch 570/1000, Train Loss: 0.3102, Validation Loss: 1.4202
Epoch 571/1000, Train Loss: 0.3088, Validation Loss: 0.6049
Epoch 572/1000, Train Loss: 0.3093, Validation Loss: 0.8623
Epoch 573/1000, Train Loss: 0.3025, Validation Loss: 0.6510
Epoch 574/1000, Train Loss: 0.3060, Validation Loss: 0.8257
Epoch 575/1000, Train Loss: 0.3017, Validation Loss: 0.7242
Epoch 576/1000, Train Loss: 0.3054, Validation Loss: 0.4467
Epoch 577/1000, Train Loss: 0.3067, Validation Loss: 1.0610
Epoch 578/1000, Train Loss: 0.3104, Validation Loss: 0.8830
Epoch 579/1000, Train Loss: 0.3048, Validation Loss: 0.7745
Epoch 580/1000, Train Loss: 0.3055, Validation Loss: 0.4682
Epoch 581/1000, Train Loss: 0.3069, Validation Loss: 0.4550
Epoch 582/1000, Train Loss: 0.2999, Validation Loss: 2.5999
Epoch 583/1000, Train Loss: 0.3004, Validation Loss: 0.5795
Epoch 584/1000, Train Loss: 0.2988, Validation Loss: 0.4556
Epoch 585/1000, Train Loss: 0.2963, Validation Loss: 0.7861
Epoch 586/1000, Train Loss: 0.2983, Validation Loss: 0.7815
Epoch 587/1000, Train Loss: 0.2982, Validation Loss: 0.4405
Epoch 588/1000, Train Loss: 0.2998, Validation Loss: 1.9989
Epoch 589/1000, Train Loss: 0.2975, Validation Loss: 0.6159
Epoch 590/1000, Train Loss: 0.3051, Validation Loss: 0.7586
Epoch 591/1000, Train Loss: 0.2971, Validation Loss: 0.5942
Epoch 592/1000, Train Loss: 0.2992, Validation Loss: 2.8395
Epoch 593/1000, Train Loss: 0.2996, Validation Loss: 0.4653
Epoch 594/1000, Train Loss: 0.2990, Validation Loss: 0.5306
Epoch 595/1000, Train Loss: 0.2999, Validation Loss: 0.3235
Epoch 596/1000, Train Loss: 0.3014, Validation Loss: 0.4551
Epoch 597/1000, Train Loss: 0.2984, Validation Loss: 0.5974
Epoch 598/1000, Train Loss: 0.2926, Validation Loss: 0.8433
Epoch 599/1000, Train Loss: 0.2938, Validation Loss: 1.9531
Epoch 600/1000, Train Loss: 0.3004, Validation Loss: 0.9737
Epoch 601/1000, Train Loss: 0.2981, Validation Loss: 1.1442
Epoch 602/1000, Train Loss: 0.3014, Validation Loss: 1.3912
Epoch 603/1000, Train Loss: 0.2970, Validation Loss: 1.2968
Epoch 604/1000, Train Loss: 0.3089, Validation Loss: 0.7975
Epoch 605/1000, Train Loss: 0.2957, Validation Loss: 1.4192
Epoch 606/1000, Train Loss: 0.2946, Validation Loss: 2.1881
Epoch 607/1000, Train Loss: 0.3033, Validation Loss: 0.6166
Epoch 608/1000, Train Loss: 0.3016, Validation Loss: 1.0174
Epoch 609/1000, Train Loss: 0.3009, Validation Loss: 1.9085
Epoch 610/1000, Train Loss: 0.3019, Validation Loss: 0.4625
Epoch 611/1000, Train Loss: 0.2956, Validation Loss: 0.7475
Epoch 612/1000, Train Loss: 0.2986, Validation Loss: 1.0237
Epoch 613/1000, Train Loss: 0.2974, Validation Loss: 0.3885
Epoch 614/1000, Train Loss: 0.2931, Validation Loss: 1.2306
Epoch 615/1000, Train Loss: 0.2929, Validation Loss: 1.1095
Epoch 616/1000, Train Loss: 0.3044, Validation Loss: 0.8154
Epoch 617/1000, Train Loss: 0.2991, Validation Loss: 0.6362
Epoch 618/1000, Train Loss: 0.2964, Validation Loss: 1.4040
Epoch 619/1000, Train Loss: 0.2999, Validation Loss: 0.7430
Epoch 620/1000, Train Loss: 0.2986, Validation Loss: 0.6448
Epoch 621/1000, Train Loss: 0.2969, Validation Loss: 0.7008
Epoch 622/1000, Train Loss: 0.2948, Validation Loss: 1.8397
Epoch 623/1000, Train Loss: 0.2994, Validation Loss: 0.6076
Epoch 624/1000, Train Loss: 0.3038, Validation Loss: 0.4027
Epoch 625/1000, Train Loss: 0.2941, Validation Loss: 0.6610
Epoch 626/1000, Train Loss: 0.2942, Validation Loss: 0.4892
Epoch 627/1000, Train Loss: 0.2999, Validation Loss: 0.5786
Epoch 628/1000, Train Loss: 0.2996, Validation Loss: 0.3651
Epoch 629/1000, Train Loss: 0.2997, Validation Loss: 0.6116
Epoch 630/1000, Train Loss: 0.2999, Validation Loss: 1.5812
Epoch 631/1000, Train Loss: 0.2944, Validation Loss: 0.4963
Epoch 632/1000, Train Loss: 0.2992, Validation Loss: 1.6067
Epoch 633/1000, Train Loss: 0.3009, Validation Loss: 0.5842
Epoch 634/1000, Train Loss: 0.2898, Validation Loss: 0.5529
Epoch 635/1000, Train Loss: 0.2972, Validation Loss: 1.9271
Epoch 636/1000, Train Loss: 0.2987, Validation Loss: 0.6059
Epoch 637/1000, Train Loss: 0.3001, Validation Loss: 0.4243
Epoch 638/1000, Train Loss: 0.2955, Validation Loss: 0.3722
Epoch 639/1000, Train Loss: 0.3029, Validation Loss: 1.4133
Epoch 640/1000, Train Loss: 0.2974, Validation Loss: 1.1697
Epoch 641/1000, Train Loss: 0.2955, Validation Loss: 0.4921
Epoch 642/1000, Train Loss: 0.2947, Validation Loss: 1.0395
Epoch 643/1000, Train Loss: 0.2918, Validation Loss: 1.0925
Epoch 644/1000, Train Loss: 0.2942, Validation Loss: 1.7473
Epoch 645/1000, Train Loss: 0.2908, Validation Loss: 1.2834
Epoch 646/1000, Train Loss: 0.2971, Validation Loss: 0.3460
Epoch 647/1000, Train Loss: 0.2939, Validation Loss: 0.3789
Epoch 648/1000, Train Loss: 0.2977, Validation Loss: 0.5881
Epoch 649/1000, Train Loss: 0.2931, Validation Loss: 0.3879
Epoch 650/1000, Train Loss: 0.2923, Validation Loss: 0.5388
Epoch 651/1000, Train Loss: 0.2922, Validation Loss: 1.0951
Epoch 652/1000, Train Loss: 0.2965, Validation Loss: 1.0793
Epoch 653/1000, Train Loss: 0.2939, Validation Loss: 0.3710
Epoch 654/1000, Train Loss: 0.2906, Validation Loss: 2.3757
Epoch 655/1000, Train Loss: 0.2911, Validation Loss: 1.2805
Epoch 656/1000, Train Loss: 0.2909, Validation Loss: 0.8572
Epoch 657/1000, Train Loss: 0.2885, Validation Loss: 0.9311
Epoch 658/1000, Train Loss: 0.2879, Validation Loss: 0.5905
Epoch 659/1000, Train Loss: 0.2936, Validation Loss: 0.4173
Epoch 660/1000, Train Loss: 0.2973, Validation Loss: 2.2595
Epoch 661/1000, Train Loss: 0.2905, Validation Loss: 0.4407
Epoch 662/1000, Train Loss: 0.2955, Validation Loss: 0.4953
Epoch 663/1000, Train Loss: 0.2907, Validation Loss: 0.3708
Epoch 664/1000, Train Loss: 0.2954, Validation Loss: 0.6651
Epoch 665/1000, Train Loss: 0.2894, Validation Loss: 2.2017
Epoch 666/1000, Train Loss: 0.2949, Validation Loss: 1.6639
Epoch 667/1000, Train Loss: 0.2901, Validation Loss: 0.7693
Epoch 668/1000, Train Loss: 0.2899, Validation Loss: 0.7689
Epoch 669/1000, Train Loss: 0.2889, Validation Loss: 4.0866
Epoch 670/1000, Train Loss: 0.2904, Validation Loss: 0.4250
Epoch 671/1000, Train Loss: 0.2893, Validation Loss: 0.3640
Epoch 672/1000, Train Loss: 0.2880, Validation Loss: 0.4533
Epoch 673/1000, Train Loss: 0.2920, Validation Loss: 0.9078
Epoch 674/1000, Train Loss: 0.2885, Validation Loss: 0.6077
Epoch 675/1000, Train Loss: 0.2906, Validation Loss: 0.8177
Epoch 676/1000, Train Loss: 0.2913, Validation Loss: 0.9583
Epoch 677/1000, Train Loss: 0.2892, Validation Loss: 1.3882
Epoch 678/1000, Train Loss: 0.2883, Validation Loss: 0.6624
Epoch 679/1000, Train Loss: 0.2940, Validation Loss: 0.4128
Epoch 680/1000, Train Loss: 0.2892, Validation Loss: 0.8053
Epoch 681/1000, Train Loss: 0.2935, Validation Loss: 0.7584
Epoch 682/1000, Train Loss: 0.2913, Validation Loss: 0.4431
Epoch 683/1000, Train Loss: 0.2873, Validation Loss: 0.4043
Epoch 684/1000, Train Loss: 0.2865, Validation Loss: 0.6096
Epoch 685/1000, Train Loss: 0.2889, Validation Loss: 0.7196
Epoch 686/1000, Train Loss: 0.2885, Validation Loss: 0.5267
Epoch 687/1000, Train Loss: 0.2909, Validation Loss: 0.3077
Epoch 688/1000, Train Loss: 0.2864, Validation Loss: 0.3832
Epoch 689/1000, Train Loss: 0.2908, Validation Loss: 0.9276
Epoch 690/1000, Train Loss: 0.2961, Validation Loss: 0.6390
Epoch 691/1000, Train Loss: 0.2884, Validation Loss: 1.1464
Epoch 692/1000, Train Loss: 0.2882, Validation Loss: 0.4066
Epoch 693/1000, Train Loss: 0.2933, Validation Loss: 0.3177
Epoch 694/1000, Train Loss: 0.2879, Validation Loss: 0.3886
Epoch 695/1000, Train Loss: 0.2983, Validation Loss: 0.4981
Epoch 696/1000, Train Loss: 0.2935, Validation Loss: 0.3063
Epoch 697/1000, Train Loss: 0.2865, Validation Loss: 0.8184
Epoch 698/1000, Train Loss: 0.2879, Validation Loss: 0.5415
Epoch 699/1000, Train Loss: 0.2902, Validation Loss: 1.3496
Epoch 700/1000, Train Loss: 0.2901, Validation Loss: 0.7787
Epoch 701/1000, Train Loss: 0.2921, Validation Loss: 2.2308
Epoch 702/1000, Train Loss: 0.2886, Validation Loss: 0.3746
Epoch 703/1000, Train Loss: 0.2913, Validation Loss: 0.8057
Epoch 704/1000, Train Loss: 0.2858, Validation Loss: 1.0905
Epoch 705/1000, Train Loss: 0.2892, Validation Loss: 1.1928
Epoch 706/1000, Train Loss: 0.2859, Validation Loss: 2.0196
Epoch 707/1000, Train Loss: 0.2871, Validation Loss: 0.8701
Epoch 708/1000, Train Loss: 0.2922, Validation Loss: 0.9217
Epoch 709/1000, Train Loss: 0.2922, Validation Loss: 0.3538
Epoch 710/1000, Train Loss: 0.2973, Validation Loss: 0.6178
Epoch 711/1000, Train Loss: 0.2848, Validation Loss: 0.6221
Epoch 712/1000, Train Loss: 0.2895, Validation Loss: 0.7846
Epoch 713/1000, Train Loss: 0.2869, Validation Loss: 1.0064
Epoch 714/1000, Train Loss: 0.2915, Validation Loss: 0.9400
Epoch 715/1000, Train Loss: 0.2893, Validation Loss: 0.6076
Epoch 716/1000, Train Loss: 0.2929, Validation Loss: 0.8089
Epoch 717/1000, Train Loss: 0.2861, Validation Loss: 0.8474
Epoch 718/1000, Train Loss: 0.2856, Validation Loss: 2.1195
Epoch 719/1000, Train Loss: 0.2895, Validation Loss: 0.4368
Epoch 720/1000, Train Loss: 0.2948, Validation Loss: 0.7766
Epoch 721/1000, Train Loss: 0.2886, Validation Loss: 0.9571
Epoch 722/1000, Train Loss: 0.2908, Validation Loss: 0.7253
Epoch 723/1000, Train Loss: 0.2869, Validation Loss: 0.3713
Epoch 724/1000, Train Loss: 0.2897, Validation Loss: 1.0670
Epoch 725/1000, Train Loss: 0.2921, Validation Loss: 0.6157
Epoch 726/1000, Train Loss: 0.2829, Validation Loss: 0.4638
Epoch 727/1000, Train Loss: 0.2813, Validation Loss: 2.5260
Epoch 728/1000, Train Loss: 0.2878, Validation Loss: 0.3460
Epoch 729/1000, Train Loss: 0.2866, Validation Loss: 2.8272
Epoch 730/1000, Train Loss: 0.2883, Validation Loss: 0.7489
Epoch 731/1000, Train Loss: 0.2870, Validation Loss: 0.3858
Epoch 732/1000, Train Loss: 0.2843, Validation Loss: 1.8049
Epoch 733/1000, Train Loss: 0.2871, Validation Loss: 0.3227
Epoch 734/1000, Train Loss: 0.2831, Validation Loss: 0.3841
Epoch 735/1000, Train Loss: 0.2858, Validation Loss: 0.4541
Epoch 736/1000, Train Loss: 0.2867, Validation Loss: 0.3528
Epoch 737/1000, Train Loss: 0.2862, Validation Loss: 0.3994
Epoch 738/1000, Train Loss: 0.2867, Validation Loss: 0.6540
Epoch 739/1000, Train Loss: 0.2848, Validation Loss: 0.3716
Epoch 740/1000, Train Loss: 0.2839, Validation Loss: 1.2124
Epoch 741/1000, Train Loss: 0.2870, Validation Loss: 0.7314
Epoch 742/1000, Train Loss: 0.2848, Validation Loss: 2.6379
Epoch 743/1000, Train Loss: 0.2816, Validation Loss: 0.4735
Epoch 744/1000, Train Loss: 0.2844, Validation Loss: 0.3811
Epoch 745/1000, Train Loss: 0.2872, Validation Loss: 2.3371
Epoch 746/1000, Train Loss: 0.2886, Validation Loss: 0.9810
Epoch 747/1000, Train Loss: 0.2832, Validation Loss: 1.1141
Epoch 748/1000, Train Loss: 0.2947, Validation Loss: 0.8898
Epoch 749/1000, Train Loss: 0.2884, Validation Loss: 1.2547
Epoch 750/1000, Train Loss: 0.2865, Validation Loss: 0.4247
Epoch 751/1000, Train Loss: 0.2894, Validation Loss: 0.5433
Epoch 752/1000, Train Loss: 0.2801, Validation Loss: 0.4374
Epoch 753/1000, Train Loss: 0.2845, Validation Loss: 0.4523
Epoch 754/1000, Train Loss: 0.2852, Validation Loss: 0.9098
Epoch 755/1000, Train Loss: 0.2811, Validation Loss: 0.5989
Epoch 756/1000, Train Loss: 0.2869, Validation Loss: 0.7901
Epoch 757/1000, Train Loss: 0.2842, Validation Loss: 1.2629
Epoch 758/1000, Train Loss: 0.2837, Validation Loss: 1.3908
Epoch 759/1000, Train Loss: 0.2810, Validation Loss: 0.8564
Epoch 760/1000, Train Loss: 0.2856, Validation Loss: 1.1118
Epoch 761/1000, Train Loss: 0.2832, Validation Loss: 2.3521
Epoch 762/1000, Train Loss: 0.2848, Validation Loss: 0.7161
Epoch 763/1000, Train Loss: 0.2892, Validation Loss: 1.0457
Epoch 764/1000, Train Loss: 0.2801, Validation Loss: 0.7835
Epoch 765/1000, Train Loss: 0.2814, Validation Loss: 1.0392
Epoch 766/1000, Train Loss: 0.2853, Validation Loss: 0.3141
Epoch 767/1000, Train Loss: 0.2859, Validation Loss: 1.0036
Epoch 768/1000, Train Loss: 0.2829, Validation Loss: 0.6523
Epoch 769/1000, Train Loss: 0.2780, Validation Loss: 0.9498
Epoch 770/1000, Train Loss: 0.2815, Validation Loss: 0.8030
Epoch 771/1000, Train Loss: 0.2852, Validation Loss: 0.4548
Epoch 772/1000, Train Loss: 0.2814, Validation Loss: 0.7068
Epoch 773/1000, Train Loss: 0.2814, Validation Loss: 0.9316
Epoch 774/1000, Train Loss: 0.2884, Validation Loss: 1.0461
Epoch 775/1000, Train Loss: 0.2802, Validation Loss: 0.7465
Epoch 776/1000, Train Loss: 0.2814, Validation Loss: 1.3178
Epoch 777/1000, Train Loss: 0.2843, Validation Loss: 0.4632
Epoch 778/1000, Train Loss: 0.2848, Validation Loss: 1.1164
Epoch 779/1000, Train Loss: 0.2859, Validation Loss: 0.8476
Epoch 780/1000, Train Loss: 0.2834, Validation Loss: 0.7370
Epoch 781/1000, Train Loss: 0.2821, Validation Loss: 0.5066
Epoch 782/1000, Train Loss: 0.2777, Validation Loss: 0.4600
Epoch 783/1000, Train Loss: 0.2796, Validation Loss: 1.1709
Epoch 784/1000, Train Loss: 0.2880, Validation Loss: 0.6620
Epoch 785/1000, Train Loss: 0.2779, Validation Loss: 0.6302
Epoch 786/1000, Train Loss: 0.2797, Validation Loss: 0.9935
Epoch 787/1000, Train Loss: 0.2829, Validation Loss: 0.5905
Epoch 788/1000, Train Loss: 0.2778, Validation Loss: 1.3121
Epoch 789/1000, Train Loss: 0.2820, Validation Loss: 0.3815
Epoch 790/1000, Train Loss: 0.2790, Validation Loss: 1.0467
Epoch 791/1000, Train Loss: 0.2849, Validation Loss: 1.6459
Epoch 792/1000, Train Loss: 0.2816, Validation Loss: 0.4645
Epoch 793/1000, Train Loss: 0.2751, Validation Loss: 0.4346
Epoch 794/1000, Train Loss: 0.2851, Validation Loss: 0.6162
Epoch 795/1000, Train Loss: 0.2907, Validation Loss: 1.1988
Epoch 796/1000, Train Loss: 0.2841, Validation Loss: 1.0885
Epoch 797/1000, Train Loss: 0.2829, Validation Loss: 1.0438
Epoch 798/1000, Train Loss: 0.2774, Validation Loss: 1.8080
Epoch 799/1000, Train Loss: 0.2816, Validation Loss: 0.7076
Epoch 800/1000, Train Loss: 0.2831, Validation Loss: 2.7704
Epoch 801/1000, Train Loss: 0.2829, Validation Loss: 0.5390
Epoch 802/1000, Train Loss: 0.2836, Validation Loss: 1.8859
Epoch 803/1000, Train Loss: 0.2821, Validation Loss: 0.3053
Epoch 804/1000, Train Loss: 0.2780, Validation Loss: 0.6309
Epoch 805/1000, Train Loss: 0.2788, Validation Loss: 0.9452
Epoch 806/1000, Train Loss: 0.2811, Validation Loss: 1.3676
Epoch 807/1000, Train Loss: 0.2791, Validation Loss: 0.4948
Epoch 808/1000, Train Loss: 0.2835, Validation Loss: 2.4919
Epoch 809/1000, Train Loss: 0.2854, Validation Loss: 0.6480
Epoch 810/1000, Train Loss: 0.2784, Validation Loss: 1.7160
Epoch 811/1000, Train Loss: 0.2776, Validation Loss: 1.3274
Epoch 812/1000, Train Loss: 0.2760, Validation Loss: 0.8346
Epoch 813/1000, Train Loss: 0.2793, Validation Loss: 0.3926
Epoch 814/1000, Train Loss: 0.2810, Validation Loss: 0.5001
Epoch 815/1000, Train Loss: 0.2832, Validation Loss: 0.9932
Epoch 816/1000, Train Loss: 0.2766, Validation Loss: 1.3513
Epoch 817/1000, Train Loss: 0.2803, Validation Loss: 0.4930
Epoch 818/1000, Train Loss: 0.2803, Validation Loss: 0.8781
Epoch 819/1000, Train Loss: 0.2830, Validation Loss: 2.2303
Epoch 820/1000, Train Loss: 0.2812, Validation Loss: 0.9616
Epoch 821/1000, Train Loss: 0.2786, Validation Loss: 0.2933
Epoch 822/1000, Train Loss: 0.2782, Validation Loss: 0.7165
Epoch 823/1000, Train Loss: 0.2809, Validation Loss: 0.3859
Epoch 824/1000, Train Loss: 0.2833, Validation Loss: 2.7326
Epoch 825/1000, Train Loss: 0.2773, Validation Loss: 0.4457
Epoch 826/1000, Train Loss: 0.2789, Validation Loss: 0.9485
Epoch 827/1000, Train Loss: 0.2779, Validation Loss: 0.6637
Epoch 828/1000, Train Loss: 0.2769, Validation Loss: 0.4369
Epoch 829/1000, Train Loss: 0.2780, Validation Loss: 0.6321
Epoch 830/1000, Train Loss: 0.2769, Validation Loss: 0.4277
Epoch 831/1000, Train Loss: 0.2771, Validation Loss: 0.5370
Epoch 832/1000, Train Loss: 0.2758, Validation Loss: 1.5195
Epoch 833/1000, Train Loss: 0.2793, Validation Loss: 0.7815
Epoch 834/1000, Train Loss: 0.2764, Validation Loss: 0.4848
Epoch 835/1000, Train Loss: 0.2773, Validation Loss: 0.3372
Epoch 836/1000, Train Loss: 0.2790, Validation Loss: 0.7932
Epoch 837/1000, Train Loss: 0.2781, Validation Loss: 0.7072
Epoch 838/1000, Train Loss: 0.2756, Validation Loss: 0.3241
Epoch 839/1000, Train Loss: 0.2764, Validation Loss: 1.7865
Epoch 840/1000, Train Loss: 0.2767, Validation Loss: 1.2394
Epoch 841/1000, Train Loss: 0.2786, Validation Loss: 1.2061
Epoch 842/1000, Train Loss: 0.2810, Validation Loss: 0.8776
Epoch 843/1000, Train Loss: 0.2808, Validation Loss: 2.0899
Epoch 844/1000, Train Loss: 0.2823, Validation Loss: 0.3268
Epoch 845/1000, Train Loss: 0.2846, Validation Loss: 0.4183
Epoch 846/1000, Train Loss: 0.2784, Validation Loss: 2.3584
Epoch 847/1000, Train Loss: 0.2789, Validation Loss: 0.5877
Epoch 848/1000, Train Loss: 0.2767, Validation Loss: 1.0374
Epoch 849/1000, Train Loss: 0.2797, Validation Loss: 1.2085
Epoch 850/1000, Train Loss: 0.2720, Validation Loss: 1.1945
Epoch 851/1000, Train Loss: 0.2777, Validation Loss: 0.4359
Epoch 852/1000, Train Loss: 0.2779, Validation Loss: 0.7375
Epoch 853/1000, Train Loss: 0.2841, Validation Loss: 0.9581
Epoch 854/1000, Train Loss: 0.2728, Validation Loss: 0.9316
Epoch 855/1000, Train Loss: 0.2821, Validation Loss: 0.5539
Epoch 856/1000, Train Loss: 0.2748, Validation Loss: 0.3519
Epoch 857/1000, Train Loss: 0.2766, Validation Loss: 0.4614
Epoch 858/1000, Train Loss: 0.2757, Validation Loss: 0.7105
Epoch 859/1000, Train Loss: 0.2786, Validation Loss: 2.1681
Epoch 860/1000, Train Loss: 0.2736, Validation Loss: 0.4597
Epoch 861/1000, Train Loss: 0.2821, Validation Loss: 3.4590
Epoch 862/1000, Train Loss: 0.2772, Validation Loss: 0.7944
Epoch 863/1000, Train Loss: 0.2796, Validation Loss: 0.9339
Epoch 864/1000, Train Loss: 0.2780, Validation Loss: 0.4873
Epoch 865/1000, Train Loss: 0.2749, Validation Loss: 1.2034
Epoch 866/1000, Train Loss: 0.2739, Validation Loss: 0.7998
Epoch 867/1000, Train Loss: 0.2827, Validation Loss: 0.6207
Epoch 868/1000, Train Loss: 0.2737, Validation Loss: 0.4288
Epoch 869/1000, Train Loss: 0.2768, Validation Loss: 1.8629
Epoch 870/1000, Train Loss: 0.2761, Validation Loss: 0.5239
Epoch 871/1000, Train Loss: 0.2745, Validation Loss: 0.4225
Epoch 872/1000, Train Loss: 0.2762, Validation Loss: 0.6139
Epoch 873/1000, Train Loss: 0.2746, Validation Loss: 0.6593
Epoch 874/1000, Train Loss: 0.2757, Validation Loss: 1.6870
Epoch 875/1000, Train Loss: 0.2748, Validation Loss: 0.7991
Epoch 876/1000, Train Loss: 0.2820, Validation Loss: 0.4354
Epoch 877/1000, Train Loss: 0.2744, Validation Loss: 0.6683
Epoch 878/1000, Train Loss: 0.2752, Validation Loss: 0.4913
Epoch 879/1000, Train Loss: 0.2806, Validation Loss: 1.1545
Epoch 880/1000, Train Loss: 0.2758, Validation Loss: 0.8648
Epoch 881/1000, Train Loss: 0.2715, Validation Loss: 0.3062
Epoch 882/1000, Train Loss: 0.2790, Validation Loss: 1.4898
Epoch 883/1000, Train Loss: 0.2764, Validation Loss: 0.6131
Epoch 884/1000, Train Loss: 0.2754, Validation Loss: 0.5646
Epoch 885/1000, Train Loss: 0.2745, Validation Loss: 0.8223
Epoch 886/1000, Train Loss: 0.2772, Validation Loss: 0.4412
Epoch 887/1000, Train Loss: 0.2747, Validation Loss: 1.0703
Epoch 888/1000, Train Loss: 0.2724, Validation Loss: 0.5652
Epoch 889/1000, Train Loss: 0.2753, Validation Loss: 0.4966
Epoch 890/1000, Train Loss: 0.2743, Validation Loss: 4.5467
Epoch 891/1000, Train Loss: 0.2740, Validation Loss: 1.0747
Epoch 892/1000, Train Loss: 0.2744, Validation Loss: 2.2849
Epoch 893/1000, Train Loss: 0.2760, Validation Loss: 2.0321
Epoch 894/1000, Train Loss: 0.2715, Validation Loss: 1.4100
Epoch 895/1000, Train Loss: 0.2778, Validation Loss: 0.6307
Epoch 896/1000, Train Loss: 0.2735, Validation Loss: 0.5473
Epoch 897/1000, Train Loss: 0.2747, Validation Loss: 2.2404
Epoch 898/1000, Train Loss: 0.2740, Validation Loss: 0.7193
Epoch 899/1000, Train Loss: 0.2745, Validation Loss: 1.1281
Epoch 900/1000, Train Loss: 0.2726, Validation Loss: 0.3701
Epoch 901/1000, Train Loss: 0.2754, Validation Loss: 0.5915
Epoch 902/1000, Train Loss: 0.2747, Validation Loss: 0.4405
Epoch 903/1000, Train Loss: 0.2737, Validation Loss: 0.5280
Epoch 904/1000, Train Loss: 0.2730, Validation Loss: 1.0866
Epoch 905/1000, Train Loss: 0.2751, Validation Loss: 1.6576
Epoch 906/1000, Train Loss: 0.2756, Validation Loss: 0.3715
Epoch 907/1000, Train Loss: 0.2747, Validation Loss: 0.5159
Epoch 908/1000, Train Loss: 0.2776, Validation Loss: 0.3733
Epoch 909/1000, Train Loss: 0.2769, Validation Loss: 1.7645
Epoch 910/1000, Train Loss: 0.2737, Validation Loss: 4.2040
Epoch 911/1000, Train Loss: 0.2744, Validation Loss: 1.0272
Epoch 912/1000, Train Loss: 0.2695, Validation Loss: 0.6649
Epoch 913/1000, Train Loss: 0.2721, Validation Loss: 0.3972
Epoch 914/1000, Train Loss: 0.2756, Validation Loss: 0.4365
Epoch 915/1000, Train Loss: 0.2711, Validation Loss: 1.0814
Epoch 916/1000, Train Loss: 0.2745, Validation Loss: 1.3664
Epoch 917/1000, Train Loss: 0.2731, Validation Loss: 0.4760
Epoch 918/1000, Train Loss: 0.2749, Validation Loss: 0.8516
Epoch 919/1000, Train Loss: 0.2731, Validation Loss: 0.8552
Epoch 920/1000, Train Loss: 0.2753, Validation Loss: 0.5342
Epoch 921/1000, Train Loss: 0.2765, Validation Loss: 1.0339
Epoch 922/1000, Train Loss: 0.2719, Validation Loss: 0.8940
Epoch 923/1000, Train Loss: 0.2735, Validation Loss: 0.9090
Epoch 924/1000, Train Loss: 0.2731, Validation Loss: 0.8664
Epoch 925/1000, Train Loss: 0.2722, Validation Loss: 0.5257
Epoch 926/1000, Train Loss: 0.2790, Validation Loss: 0.5816
Epoch 927/1000, Train Loss: 0.2754, Validation Loss: 1.0255
Epoch 928/1000, Train Loss: 0.2794, Validation Loss: 0.3457
Epoch 929/1000, Train Loss: 0.2749, Validation Loss: 0.7262
Epoch 930/1000, Train Loss: 0.2740, Validation Loss: 0.7335
Epoch 931/1000, Train Loss: 0.2731, Validation Loss: 1.8617
Epoch 932/1000, Train Loss: 0.2744, Validation Loss: 0.6350
Epoch 933/1000, Train Loss: 0.2770, Validation Loss: 0.3620
Epoch 934/1000, Train Loss: 0.2782, Validation Loss: 2.4448
Epoch 935/1000, Train Loss: 0.2726, Validation Loss: 0.6477
Epoch 936/1000, Train Loss: 0.2720, Validation Loss: 1.7963
Epoch 937/1000, Train Loss: 0.2775, Validation Loss: 0.3121
Epoch 938/1000, Train Loss: 0.2711, Validation Loss: 0.3780
Epoch 939/1000, Train Loss: 0.2733, Validation Loss: 0.5838
Epoch 940/1000, Train Loss: 0.2732, Validation Loss: 2.0371
Epoch 941/1000, Train Loss: 0.2713, Validation Loss: 0.4643
Epoch 942/1000, Train Loss: 0.2688, Validation Loss: 1.4274
Epoch 943/1000, Train Loss: 0.2729, Validation Loss: 0.2910
Epoch 944/1000, Train Loss: 0.2749, Validation Loss: 1.3712
Epoch 945/1000, Train Loss: 0.2782, Validation Loss: 0.5512
Epoch 946/1000, Train Loss: 0.2704, Validation Loss: 0.7385
Epoch 947/1000, Train Loss: 0.2698, Validation Loss: 0.4021
Epoch 948/1000, Train Loss: 0.2725, Validation Loss: 0.6456
Epoch 949/1000, Train Loss: 0.2703, Validation Loss: 0.6708
Epoch 950/1000, Train Loss: 0.2723, Validation Loss: 1.5355
Epoch 951/1000, Train Loss: 0.2696, Validation Loss: 0.6170
Epoch 952/1000, Train Loss: 0.2739, Validation Loss: 1.3535
Epoch 953/1000, Train Loss: 0.2726, Validation Loss: 1.2214
Epoch 954/1000, Train Loss: 0.2721, Validation Loss: 0.6587
Epoch 955/1000, Train Loss: 0.2745, Validation Loss: 0.5032
Epoch 956/1000, Train Loss: 0.2733, Validation Loss: 0.5143
Epoch 957/1000, Train Loss: 0.2723, Validation Loss: 0.8174
Epoch 958/1000, Train Loss: 0.2713, Validation Loss: 0.9081
Epoch 959/1000, Train Loss: 0.2699, Validation Loss: 0.6158
Epoch 960/1000, Train Loss: 0.2718, Validation Loss: 0.3804
Epoch 961/1000, Train Loss: 0.2745, Validation Loss: 0.4703
Epoch 962/1000, Train Loss: 0.2654, Validation Loss: 0.5805
Epoch 963/1000, Train Loss: 0.2731, Validation Loss: 0.9929
Epoch 964/1000, Train Loss: 0.2754, Validation Loss: 0.4269
Epoch 965/1000, Train Loss: 0.2720, Validation Loss: 0.6048
Epoch 966/1000, Train Loss: 0.2709, Validation Loss: 0.3002
Epoch 967/1000, Train Loss: 0.2684, Validation Loss: 0.7144
Epoch 968/1000, Train Loss: 0.2694, Validation Loss: 0.3959
Epoch 969/1000, Train Loss: 0.2681, Validation Loss: 0.4993
Epoch 970/1000, Train Loss: 0.2746, Validation Loss: 0.7920
Epoch 971/1000, Train Loss: 0.2719, Validation Loss: 0.4359
Epoch 972/1000, Train Loss: 0.2740, Validation Loss: 0.5050
Epoch 973/1000, Train Loss: 0.2818, Validation Loss: 0.7509
Epoch 974/1000, Train Loss: 0.2711, Validation Loss: 1.3713
Epoch 975/1000, Train Loss: 0.2713, Validation Loss: 0.5614
Epoch 976/1000, Train Loss: 0.2755, Validation Loss: 0.3287
Epoch 977/1000, Train Loss: 0.2705, Validation Loss: 0.8191
Epoch 978/1000, Train Loss: 0.2759, Validation Loss: 0.5268
Epoch 979/1000, Train Loss: 0.2729, Validation Loss: 0.6970
Epoch 980/1000, Train Loss: 0.2733, Validation Loss: 2.6019
Epoch 981/1000, Train Loss: 0.2761, Validation Loss: 1.7579
Epoch 982/1000, Train Loss: 0.2687, Validation Loss: 0.5177
Epoch 983/1000, Train Loss: 0.2740, Validation Loss: 0.5533
Epoch 984/1000, Train Loss: 0.2705, Validation Loss: 1.7505
Epoch 985/1000, Train Loss: 0.2708, Validation Loss: 0.8988
Epoch 986/1000, Train Loss: 0.2670, Validation Loss: 0.6847
Epoch 987/1000, Train Loss: 0.2696, Validation Loss: 0.9727
Epoch 988/1000, Train Loss: 0.2687, Validation Loss: 1.0633
Epoch 989/1000, Train Loss: 0.2719, Validation Loss: 1.4957
Epoch 990/1000, Train Loss: 0.2728, Validation Loss: 0.6318
Epoch 991/1000, Train Loss: 0.2693, Validation Loss: 1.7854
Epoch 992/1000, Train Loss: 0.2747, Validation Loss: 1.1807
Epoch 993/1000, Train Loss: 0.2706, Validation Loss: 0.8349
Epoch 994/1000, Train Loss: 0.2710, Validation Loss: 1.2129
Epoch 995/1000, Train Loss: 0.2668, Validation Loss: 2.5669
Epoch 996/1000, Train Loss: 0.2727, Validation Loss: 0.3608
Epoch 997/1000, Train Loss: 0.2731, Validation Loss: 0.5495
Epoch 998/1000, Train Loss: 0.2666, Validation Loss: 0.8937
Epoch 999/1000, Train Loss: 0.2728, Validation Loss: 0.7216
Epoch 1000/1000, Train Loss: 0.2709, Validation Loss: 0.5045
Best Training Loss: 0.2654
Best Training Loss Epoch: 962
Best Validation Loss: 0.2910
Best Validation Loss Epoch: 943
Time taken for training: 0-10:09:03
Test Loss: 0.3021
Test MAPE: 5003.1489%
Error Statistics:
count    4.127200e+04
mean     5.002021e+02
std      1.279592e+04
min      3.099442e-06
25%      1.284814e-01
50%      1.175204e+00
75%      1.600523e+01
max      1.395737e+06
Name: Absolute Error, dtype: float64
Training complete. Final model saved.
Saving model as a wandb Artifact...
Model artifact logged successfully.
[1;34mwandb[0m: 
[1;34mwandb[0m: 🚀 View run [33mswift-sweep-74[0m at: [34mhttps://wandb.ai/mk8737-new-york-university/rl_pretrain_hp_sweeps/runs/fc8eog0q[0m
[1;34mwandb[0m: Find logs at: [1;35mwandb/run-20251006_144009-fc8eog0q/logs[0m
Agent finished.
