Waiting for sweep ID...
Found Sweep ID: be12np04
Starting wandb agent for sweep be12np04...
TRAINING DEVICE: cpu
Run Name: GCN_global_hp_sweep_be12np04-nwf125j7
finidhed preparing data
Loading dataset from pretrain_dataset_12.5k_fixed_duplicates.pkl
Loaded 412712 data objects.
finished preparing data
Epoch 1/1000, Train Loss: 11.5414, Validation Loss: 4.0878
Epoch 2/1000, Train Loss: 1.5286, Validation Loss: 2.3152
Epoch 3/1000, Train Loss: 1.3420, Validation Loss: 2.4005
Epoch 4/1000, Train Loss: 1.3572, Validation Loss: 2.9351
Epoch 5/1000, Train Loss: 1.2975, Validation Loss: 4.0305
Epoch 6/1000, Train Loss: 1.2303, Validation Loss: 2.3376
Epoch 7/1000, Train Loss: 1.2364, Validation Loss: 1.1573
Epoch 8/1000, Train Loss: 1.1410, Validation Loss: 1.4574
Epoch 9/1000, Train Loss: 1.0802, Validation Loss: 1.2588
Epoch 10/1000, Train Loss: 1.0874, Validation Loss: 6.3762
Epoch 11/1000, Train Loss: 1.0984, Validation Loss: 1.8962
Epoch 12/1000, Train Loss: 1.0441, Validation Loss: 2.3521
Epoch 13/1000, Train Loss: 1.0734, Validation Loss: 1.9074
Epoch 14/1000, Train Loss: 1.0353, Validation Loss: 1.5957
Epoch 15/1000, Train Loss: 1.0036, Validation Loss: 2.7620
Epoch 16/1000, Train Loss: 1.0117, Validation Loss: 3.7852
Epoch 17/1000, Train Loss: 1.1024, Validation Loss: 1.1221
Epoch 18/1000, Train Loss: 0.9363, Validation Loss: 1.5558
Epoch 19/1000, Train Loss: 0.9433, Validation Loss: 5.5957
Epoch 20/1000, Train Loss: 0.9869, Validation Loss: 2.0141
Epoch 21/1000, Train Loss: 0.9736, Validation Loss: 1.5253
Epoch 22/1000, Train Loss: 1.0133, Validation Loss: 1.5705
Epoch 23/1000, Train Loss: 41.8294, Validation Loss: 6.9993
Epoch 24/1000, Train Loss: 1.2467, Validation Loss: 2.1188
Epoch 25/1000, Train Loss: 1.0504, Validation Loss: 1.9371
Epoch 26/1000, Train Loss: 0.9605, Validation Loss: 4.8764
Epoch 27/1000, Train Loss: 0.9520, Validation Loss: 2.0751
Epoch 28/1000, Train Loss: 0.9004, Validation Loss: 3.5310
Epoch 29/1000, Train Loss: 0.8863, Validation Loss: 0.8475
Epoch 30/1000, Train Loss: 0.8626, Validation Loss: 1.7445
Epoch 31/1000, Train Loss: 0.9245, Validation Loss: 1.2906
Epoch 32/1000, Train Loss: 0.8627, Validation Loss: 1.2325
Epoch 33/1000, Train Loss: 0.8392, Validation Loss: 1.2047
Epoch 34/1000, Train Loss: 0.8134, Validation Loss: 1.2909
Epoch 35/1000, Train Loss: 0.8110, Validation Loss: 2.7263
Epoch 36/1000, Train Loss: 0.8005, Validation Loss: 0.7757
Epoch 37/1000, Train Loss: 0.8205, Validation Loss: 0.9399
Epoch 38/1000, Train Loss: 0.8170, Validation Loss: 1.2988
Epoch 39/1000, Train Loss: 3.2088, Validation Loss: 0.8242
Epoch 40/1000, Train Loss: 0.7672, Validation Loss: 1.2674
Epoch 41/1000, Train Loss: 0.8128, Validation Loss: 1.2309
Epoch 42/1000, Train Loss: 0.7656, Validation Loss: 2.9527
Epoch 43/1000, Train Loss: 0.7628, Validation Loss: 1.6019
Epoch 44/1000, Train Loss: 0.8074, Validation Loss: 2.3877
Epoch 45/1000, Train Loss: 0.7831, Validation Loss: 3.6841
Epoch 46/1000, Train Loss: 0.7724, Validation Loss: 1.7781
Epoch 47/1000, Train Loss: 416.5564, Validation Loss: 1.6158
Epoch 48/1000, Train Loss: 1.4286, Validation Loss: 2.7516
Epoch 49/1000, Train Loss: 0.8060, Validation Loss: 1.6126
Epoch 50/1000, Train Loss: 0.7430, Validation Loss: 2.9981
Epoch 51/1000, Train Loss: 0.7539, Validation Loss: 4.5230
Epoch 52/1000, Train Loss: 0.7423, Validation Loss: 1.3347
Epoch 53/1000, Train Loss: 0.7742, Validation Loss: 3.7760
Epoch 54/1000, Train Loss: 0.7393, Validation Loss: 1.1904
Epoch 55/1000, Train Loss: 0.7246, Validation Loss: 1.5450
Epoch 56/1000, Train Loss: 0.6998, Validation Loss: 1.9046
Epoch 57/1000, Train Loss: 0.7193, Validation Loss: 0.8773
Epoch 58/1000, Train Loss: 64.3131, Validation Loss: 6.1812
Epoch 59/1000, Train Loss: 4.4851, Validation Loss: 1.5491
Epoch 60/1000, Train Loss: 0.8163, Validation Loss: 2.5146
Epoch 61/1000, Train Loss: 0.7267, Validation Loss: 2.4539
Epoch 62/1000, Train Loss: 0.7056, Validation Loss: 0.9521
Epoch 63/1000, Train Loss: 0.7270, Validation Loss: 1.0143
Epoch 64/1000, Train Loss: 0.7501, Validation Loss: 2.1886
Epoch 65/1000, Train Loss: 0.9953, Validation Loss: 3.7319
Epoch 66/1000, Train Loss: 0.7268, Validation Loss: 2.4661
Epoch 67/1000, Train Loss: 0.6928, Validation Loss: 1.1561
Epoch 68/1000, Train Loss: 0.7029, Validation Loss: 2.1095
Epoch 69/1000, Train Loss: 0.6919, Validation Loss: 3.0478
Epoch 70/1000, Train Loss: 0.7321, Validation Loss: 1.7594
Epoch 71/1000, Train Loss: 0.6857, Validation Loss: 1.7262
Epoch 72/1000, Train Loss: 0.7195, Validation Loss: 1.1100
Epoch 73/1000, Train Loss: 0.6898, Validation Loss: 3.0365
Epoch 74/1000, Train Loss: 0.6688, Validation Loss: 0.7706
Epoch 75/1000, Train Loss: 0.7131, Validation Loss: 1.1080
Epoch 76/1000, Train Loss: 0.6609, Validation Loss: 3.3147
Epoch 77/1000, Train Loss: 0.6929, Validation Loss: 3.3263
Epoch 78/1000, Train Loss: 0.6719, Validation Loss: 1.1462
Epoch 79/1000, Train Loss: 0.6754, Validation Loss: 1.2287
Epoch 80/1000, Train Loss: 3.4926, Validation Loss: 1.2991
Epoch 81/1000, Train Loss: 0.8423, Validation Loss: 1.4843
Epoch 82/1000, Train Loss: 0.7173, Validation Loss: 2.1917
Epoch 83/1000, Train Loss: 0.6934, Validation Loss: 3.2675
Epoch 84/1000, Train Loss: 0.7061, Validation Loss: 1.0539
Epoch 85/1000, Train Loss: 0.7082, Validation Loss: 1.1385
Epoch 86/1000, Train Loss: 0.6782, Validation Loss: 3.2287
Epoch 87/1000, Train Loss: 0.6733, Validation Loss: 1.6628
Epoch 88/1000, Train Loss: 0.7024, Validation Loss: 0.8116
Epoch 89/1000, Train Loss: 0.7188, Validation Loss: 0.9864
Epoch 90/1000, Train Loss: 0.6604, Validation Loss: 0.9110
Epoch 91/1000, Train Loss: 0.6615, Validation Loss: 2.0379
Epoch 92/1000, Train Loss: 0.6587, Validation Loss: 2.9676
Epoch 93/1000, Train Loss: 0.6809, Validation Loss: 1.0405
Epoch 94/1000, Train Loss: 0.6931, Validation Loss: 2.1434
Epoch 95/1000, Train Loss: 0.6827, Validation Loss: 3.8310
Epoch 96/1000, Train Loss: 0.6559, Validation Loss: 3.8936
Epoch 97/1000, Train Loss: 0.6631, Validation Loss: 1.6515
Epoch 98/1000, Train Loss: 0.6838, Validation Loss: 2.3409
Epoch 99/1000, Train Loss: 0.6817, Validation Loss: 1.2056
Epoch 100/1000, Train Loss: 0.6780, Validation Loss: 2.1981
Epoch 101/1000, Train Loss: 0.6541, Validation Loss: 1.5174
Epoch 102/1000, Train Loss: 0.6478, Validation Loss: 0.7595
Epoch 103/1000, Train Loss: 0.6999, Validation Loss: 13575.8294
Epoch 104/1000, Train Loss: 1.4671, Validation Loss: 1.6097
Epoch 105/1000, Train Loss: 0.8258, Validation Loss: 2.2039
Epoch 106/1000, Train Loss: 0.7105, Validation Loss: 1.2164
Epoch 107/1000, Train Loss: 0.7229, Validation Loss: 3.0785
Epoch 108/1000, Train Loss: 0.6715, Validation Loss: 4.7260
Epoch 109/1000, Train Loss: 0.6400, Validation Loss: 1.2501
Epoch 110/1000, Train Loss: 0.6644, Validation Loss: 0.6725
Epoch 111/1000, Train Loss: 0.6469, Validation Loss: 1.7208
Epoch 112/1000, Train Loss: 0.6531, Validation Loss: 1.9093
Epoch 113/1000, Train Loss: 0.6399, Validation Loss: 3.1750
Epoch 114/1000, Train Loss: 0.6696, Validation Loss: 1.3561
Epoch 115/1000, Train Loss: 0.6439, Validation Loss: 1.9194
Epoch 116/1000, Train Loss: 0.6340, Validation Loss: 1.0955
Epoch 117/1000, Train Loss: 0.6417, Validation Loss: 2.0166
Epoch 118/1000, Train Loss: 0.6355, Validation Loss: 2.1318
Epoch 119/1000, Train Loss: 0.6341, Validation Loss: 1.5367
Epoch 120/1000, Train Loss: 1.1953, Validation Loss: 1.0997
Epoch 121/1000, Train Loss: 0.6990, Validation Loss: 1.0058
Epoch 122/1000, Train Loss: 0.6361, Validation Loss: 2.7512
Epoch 123/1000, Train Loss: 0.6339, Validation Loss: 4.3751
Epoch 124/1000, Train Loss: 0.6464, Validation Loss: 1.0974
Epoch 125/1000, Train Loss: 0.6336, Validation Loss: 1.0896
Epoch 126/1000, Train Loss: 0.6382, Validation Loss: 3.8168
Epoch 127/1000, Train Loss: 0.6259, Validation Loss: 1.0805
Epoch 128/1000, Train Loss: 0.7398, Validation Loss: 1.2591
Epoch 129/1000, Train Loss: 0.6532, Validation Loss: 2.7918
Epoch 130/1000, Train Loss: 0.6208, Validation Loss: 2.6244
Epoch 131/1000, Train Loss: 0.6295, Validation Loss: 1.9370
Epoch 132/1000, Train Loss: 0.7063, Validation Loss: 1.0668
Epoch 133/1000, Train Loss: 0.6239, Validation Loss: 2.7464
Epoch 134/1000, Train Loss: 0.6091, Validation Loss: 3.3724
Epoch 135/1000, Train Loss: 0.6169, Validation Loss: 1.6046
Epoch 136/1000, Train Loss: 0.6788, Validation Loss: 1.3822
Epoch 137/1000, Train Loss: 0.6231, Validation Loss: 0.9710
Epoch 138/1000, Train Loss: 0.6060, Validation Loss: 2.2414
Epoch 139/1000, Train Loss: 0.6215, Validation Loss: 3.6902
Epoch 140/1000, Train Loss: 4.7694, Validation Loss: 4.5413
Epoch 141/1000, Train Loss: 0.6383, Validation Loss: 2.1124
Epoch 142/1000, Train Loss: 0.6377, Validation Loss: 1.0978
Epoch 143/1000, Train Loss: 0.6240, Validation Loss: 1.1719
Epoch 144/1000, Train Loss: 0.6128, Validation Loss: 6.1770
Epoch 145/1000, Train Loss: 0.6342, Validation Loss: 0.7476
Epoch 146/1000, Train Loss: 0.5918, Validation Loss: 2.9768
Epoch 147/1000, Train Loss: 0.6059, Validation Loss: 1.2858
Epoch 148/1000, Train Loss: 0.6208, Validation Loss: 2.6945
Epoch 149/1000, Train Loss: 0.6230, Validation Loss: 1.8174
Epoch 150/1000, Train Loss: 1.7726, Validation Loss: 5.4138
Epoch 151/1000, Train Loss: 0.8690, Validation Loss: 7.1096
Epoch 152/1000, Train Loss: 0.6387, Validation Loss: 2.9565
Epoch 153/1000, Train Loss: 0.6006, Validation Loss: 2.6903
Epoch 154/1000, Train Loss: 0.6697, Validation Loss: 1.7282
Epoch 155/1000, Train Loss: 0.6176, Validation Loss: 3.0615
Epoch 156/1000, Train Loss: 0.6281, Validation Loss: 2.2014
Epoch 157/1000, Train Loss: 0.6259, Validation Loss: 1.2184
Epoch 158/1000, Train Loss: 0.7362, Validation Loss: 2.1598
Epoch 159/1000, Train Loss: 0.6399, Validation Loss: 2.4093
Epoch 160/1000, Train Loss: 0.6275, Validation Loss: 2.0520
Epoch 161/1000, Train Loss: 0.6132, Validation Loss: 2.0508
Epoch 162/1000, Train Loss: 0.6381, Validation Loss: 1.7529
Epoch 163/1000, Train Loss: 0.6074, Validation Loss: 1.2854
Epoch 164/1000, Train Loss: 0.6082, Validation Loss: 2.4143
Epoch 165/1000, Train Loss: 0.6205, Validation Loss: 1.5518
Epoch 166/1000, Train Loss: 0.6025, Validation Loss: 2.8503
Epoch 167/1000, Train Loss: 0.6573, Validation Loss: 2.6582
Epoch 168/1000, Train Loss: 0.6224, Validation Loss: 1.4016
Epoch 169/1000, Train Loss: 0.6048, Validation Loss: 2.1334
Epoch 170/1000, Train Loss: 0.6294, Validation Loss: 1.1560
Epoch 171/1000, Train Loss: 0.6413, Validation Loss: 1.1313
Epoch 172/1000, Train Loss: 0.5955, Validation Loss: 1.3905
Epoch 173/1000, Train Loss: 0.5827, Validation Loss: 4.0039
Epoch 174/1000, Train Loss: 0.5848, Validation Loss: 0.9594
Epoch 175/1000, Train Loss: 0.6406, Validation Loss: 0.8985
Epoch 176/1000, Train Loss: 0.6032, Validation Loss: 1.5811
Epoch 177/1000, Train Loss: 0.6030, Validation Loss: 1.1068
Epoch 178/1000, Train Loss: 0.6108, Validation Loss: 1.2388
Epoch 179/1000, Train Loss: 0.6839, Validation Loss: 1.8911
Epoch 180/1000, Train Loss: 0.6119, Validation Loss: 1.3605
Epoch 181/1000, Train Loss: 0.5832, Validation Loss: 3.7166
Epoch 182/1000, Train Loss: 0.6143, Validation Loss: 1.4593
Epoch 183/1000, Train Loss: 0.6140, Validation Loss: 1.0111
Epoch 184/1000, Train Loss: 0.5937, Validation Loss: 1.2604
Epoch 185/1000, Train Loss: 0.5841, Validation Loss: 3.2889
Epoch 186/1000, Train Loss: 0.5922, Validation Loss: 0.6953
Epoch 187/1000, Train Loss: 0.6250, Validation Loss: 1.1824
Epoch 188/1000, Train Loss: 0.8566, Validation Loss: 3.0035
Epoch 189/1000, Train Loss: 0.6188, Validation Loss: 3.2597
Epoch 190/1000, Train Loss: 0.6163, Validation Loss: 4.0553
Epoch 191/1000, Train Loss: 0.6155, Validation Loss: 4.0471
Epoch 192/1000, Train Loss: 0.6059, Validation Loss: 3.0965
Epoch 193/1000, Train Loss: 0.5850, Validation Loss: 2.8642
Epoch 194/1000, Train Loss: 0.5923, Validation Loss: 2.2322
Epoch 195/1000, Train Loss: 0.5874, Validation Loss: 1.5695
Epoch 196/1000, Train Loss: 0.5794, Validation Loss: 1.6403
Epoch 197/1000, Train Loss: 0.5906, Validation Loss: 0.8972
Epoch 198/1000, Train Loss: 0.5845, Validation Loss: 0.7842
Epoch 199/1000, Train Loss: 0.5909, Validation Loss: 1.2299
Epoch 200/1000, Train Loss: 0.5824, Validation Loss: 1.7239
Epoch 201/1000, Train Loss: 2.0967, Validation Loss: 2.4233
Epoch 202/1000, Train Loss: 0.6988, Validation Loss: 3.4342
Epoch 203/1000, Train Loss: 0.6102, Validation Loss: 1.2191
Epoch 204/1000, Train Loss: 0.6086, Validation Loss: 1.0827
Epoch 205/1000, Train Loss: 0.6043, Validation Loss: 2.2370
Epoch 206/1000, Train Loss: 0.5807, Validation Loss: 0.7075
Epoch 207/1000, Train Loss: 0.5812, Validation Loss: 2.5817
Epoch 208/1000, Train Loss: 0.5904, Validation Loss: 2.5173
Epoch 209/1000, Train Loss: 0.6177, Validation Loss: 1.2036
Epoch 210/1000, Train Loss: 0.5925, Validation Loss: 3.6444
Epoch 211/1000, Train Loss: 0.5934, Validation Loss: 4.7166
Epoch 212/1000, Train Loss: 0.5664, Validation Loss: 4.2065
Epoch 213/1000, Train Loss: 0.5907, Validation Loss: 0.9171
Epoch 214/1000, Train Loss: 0.5566, Validation Loss: 1.7987
Epoch 215/1000, Train Loss: 0.5792, Validation Loss: 3.1863
Epoch 216/1000, Train Loss: 0.6902, Validation Loss: 1.1352
Epoch 217/1000, Train Loss: 0.5875, Validation Loss: 1.0916
Epoch 218/1000, Train Loss: 0.5969, Validation Loss: 0.7219
Epoch 219/1000, Train Loss: 0.6199, Validation Loss: 2.9756
Epoch 220/1000, Train Loss: 0.5720, Validation Loss: 1.2792
Epoch 221/1000, Train Loss: 0.5750, Validation Loss: 1.5394
Epoch 222/1000, Train Loss: 0.5839, Validation Loss: 3.1351
Epoch 223/1000, Train Loss: 0.5976, Validation Loss: 1.4410
Epoch 224/1000, Train Loss: 0.5718, Validation Loss: 1.4381
Epoch 225/1000, Train Loss: 0.5642, Validation Loss: 1.7146
Epoch 226/1000, Train Loss: 0.5827, Validation Loss: 1.0899
Epoch 227/1000, Train Loss: 0.5873, Validation Loss: 1.6957
Epoch 228/1000, Train Loss: 1.6150, Validation Loss: 3.3099
Epoch 229/1000, Train Loss: 0.6147, Validation Loss: 1.2998
Epoch 230/1000, Train Loss: 0.5825, Validation Loss: 1.3033
Epoch 231/1000, Train Loss: 0.5740, Validation Loss: 1.0467
Epoch 232/1000, Train Loss: 0.5771, Validation Loss: 2.7148
Epoch 233/1000, Train Loss: 0.5673, Validation Loss: 1.8419
Epoch 234/1000, Train Loss: 0.5732, Validation Loss: 0.7246
Epoch 235/1000, Train Loss: 0.5751, Validation Loss: 1.4727
Epoch 236/1000, Train Loss: 0.5795, Validation Loss: 1.0532
Epoch 237/1000, Train Loss: 0.5881, Validation Loss: 1.5290
Epoch 238/1000, Train Loss: 0.5829, Validation Loss: 4.5958
Epoch 239/1000, Train Loss: 0.6298, Validation Loss: 1.0847
Epoch 240/1000, Train Loss: 0.5792, Validation Loss: 1.0959
Epoch 241/1000, Train Loss: 0.5889, Validation Loss: 3.8860
Epoch 242/1000, Train Loss: 0.5470, Validation Loss: 0.9916
Epoch 243/1000, Train Loss: 0.6131, Validation Loss: 4.9421
Epoch 244/1000, Train Loss: 0.5872, Validation Loss: 3.0917
Epoch 245/1000, Train Loss: 0.5746, Validation Loss: 1.9571
Epoch 246/1000, Train Loss: 0.5627, Validation Loss: 3.2865
Epoch 247/1000, Train Loss: 0.5593, Validation Loss: 0.6494
Epoch 248/1000, Train Loss: 0.5701, Validation Loss: 1.8627
Epoch 249/1000, Train Loss: 0.5806, Validation Loss: 6.7349
Epoch 250/1000, Train Loss: 0.5587, Validation Loss: 0.9539
Epoch 251/1000, Train Loss: 0.6932, Validation Loss: 6.1834
Epoch 252/1000, Train Loss: 0.6698, Validation Loss: 2.4550
Epoch 253/1000, Train Loss: 0.6113, Validation Loss: 2.5457
Epoch 254/1000, Train Loss: 0.5906, Validation Loss: 3.8134
Epoch 255/1000, Train Loss: 0.5904, Validation Loss: 0.6342
Epoch 256/1000, Train Loss: 0.5906, Validation Loss: 3.6175
Epoch 257/1000, Train Loss: 0.6138, Validation Loss: 2.0034
Epoch 258/1000, Train Loss: 0.5463, Validation Loss: 3.5085
Epoch 259/1000, Train Loss: 0.5502, Validation Loss: 1.4420
Epoch 260/1000, Train Loss: 0.6601, Validation Loss: 3.0814
Epoch 261/1000, Train Loss: 0.5718, Validation Loss: 2.1534
Epoch 262/1000, Train Loss: 0.5644, Validation Loss: 1.7212
Epoch 263/1000, Train Loss: 0.5783, Validation Loss: 1.4230
Epoch 264/1000, Train Loss: 0.5635, Validation Loss: 4.3488
Epoch 265/1000, Train Loss: 0.5599, Validation Loss: 2.4863
Epoch 266/1000, Train Loss: 0.5618, Validation Loss: 0.9439
Epoch 267/1000, Train Loss: 0.5737, Validation Loss: 0.9904
Epoch 268/1000, Train Loss: 0.5711, Validation Loss: 2.7179
Epoch 269/1000, Train Loss: 0.5476, Validation Loss: 2.0485
Epoch 270/1000, Train Loss: 0.5692, Validation Loss: 2.3873
Epoch 271/1000, Train Loss: 0.5639, Validation Loss: 0.9712
Epoch 272/1000, Train Loss: 0.5685, Validation Loss: 1.3186
Epoch 273/1000, Train Loss: 0.5681, Validation Loss: 1.5367
Epoch 274/1000, Train Loss: 1.5353, Validation Loss: 6.0159
Epoch 275/1000, Train Loss: 0.6634, Validation Loss: 1.3081
Epoch 276/1000, Train Loss: 0.5893, Validation Loss: 2.2195
Epoch 277/1000, Train Loss: 0.5955, Validation Loss: 2.8498
Epoch 278/1000, Train Loss: 0.5798, Validation Loss: 1.3437
Epoch 279/1000, Train Loss: 0.5659, Validation Loss: 3.6928
Epoch 280/1000, Train Loss: 0.5837, Validation Loss: 2.5002
Epoch 281/1000, Train Loss: 0.5871, Validation Loss: 1.0527
Epoch 282/1000, Train Loss: 0.5996, Validation Loss: 3.8231
Epoch 283/1000, Train Loss: 0.5931, Validation Loss: 1.5757
Epoch 284/1000, Train Loss: 0.5544, Validation Loss: 2.2953
Epoch 285/1000, Train Loss: 0.5607, Validation Loss: 0.8446
Epoch 286/1000, Train Loss: 0.5497, Validation Loss: 1.2250
Epoch 287/1000, Train Loss: 0.5524, Validation Loss: 1.6326
Epoch 288/1000, Train Loss: 0.5750, Validation Loss: 15.6485
Epoch 289/1000, Train Loss: 4.4685, Validation Loss: 2.4315
Epoch 290/1000, Train Loss: 0.6175, Validation Loss: 1.4829
Epoch 291/1000, Train Loss: 0.5765, Validation Loss: 1.6403
Epoch 292/1000, Train Loss: 0.5860, Validation Loss: 1.5890
Epoch 293/1000, Train Loss: 0.5687, Validation Loss: 2.6357
Epoch 294/1000, Train Loss: 0.5836, Validation Loss: 1.9699
Epoch 295/1000, Train Loss: 0.5844, Validation Loss: 4.4115
Epoch 296/1000, Train Loss: 0.5766, Validation Loss: 1.6635
Epoch 297/1000, Train Loss: 0.5553, Validation Loss: 2.0407
Epoch 298/1000, Train Loss: 0.5978, Validation Loss: 2.9750
Epoch 299/1000, Train Loss: 1.0973, Validation Loss: 4.7288
Epoch 300/1000, Train Loss: 0.6276, Validation Loss: 2.2515
Epoch 301/1000, Train Loss: 0.5792, Validation Loss: 2.0143
Epoch 302/1000, Train Loss: 0.6061, Validation Loss: 3.3624
Epoch 303/1000, Train Loss: 0.5698, Validation Loss: 2.7957
Epoch 304/1000, Train Loss: 0.5543, Validation Loss: 1.7620
Epoch 305/1000, Train Loss: 0.5561, Validation Loss: 0.9674
Epoch 306/1000, Train Loss: 0.5489, Validation Loss: 9.6282
Epoch 307/1000, Train Loss: 0.5451, Validation Loss: 1.6670
Epoch 308/1000, Train Loss: 0.5692, Validation Loss: 5.3459
Epoch 309/1000, Train Loss: 0.5791, Validation Loss: 6.7766
Epoch 310/1000, Train Loss: 0.5781, Validation Loss: 1.7012
Epoch 311/1000, Train Loss: 0.5603, Validation Loss: 4.2042
Epoch 312/1000, Train Loss: 0.6642, Validation Loss: 0.8620
Epoch 313/1000, Train Loss: 0.5608, Validation Loss: 2.0531
Epoch 314/1000, Train Loss: 0.5661, Validation Loss: 4.1240
Epoch 315/1000, Train Loss: 0.5451, Validation Loss: 2.0931
Epoch 316/1000, Train Loss: 0.5388, Validation Loss: 2.5891
Epoch 317/1000, Train Loss: 17.4730, Validation Loss: 4.0268
Epoch 318/1000, Train Loss: 0.5903, Validation Loss: 2.6957
Epoch 319/1000, Train Loss: 0.5849, Validation Loss: 1.3063
Epoch 320/1000, Train Loss: 0.5501, Validation Loss: 3.9149
Epoch 321/1000, Train Loss: 0.5676, Validation Loss: 4.2864
Epoch 322/1000, Train Loss: 0.5932, Validation Loss: 1.1126
Epoch 323/1000, Train Loss: 0.5657, Validation Loss: 0.8413
Epoch 324/1000, Train Loss: 0.5621, Validation Loss: 3.5154
Epoch 325/1000, Train Loss: 2.8033, Validation Loss: 0.7882
Epoch 326/1000, Train Loss: 0.5872, Validation Loss: 16.0344
Epoch 327/1000, Train Loss: 0.5831, Validation Loss: 3.6814
Epoch 328/1000, Train Loss: 0.5638, Validation Loss: 1.0032
Epoch 329/1000, Train Loss: 0.5828, Validation Loss: 1.5555
Epoch 330/1000, Train Loss: 0.5575, Validation Loss: 2.7689
Epoch 331/1000, Train Loss: 0.5952, Validation Loss: 7.4577
Epoch 332/1000, Train Loss: 0.7576, Validation Loss: 1.6055
Epoch 333/1000, Train Loss: 0.5780, Validation Loss: 2.8224
Epoch 334/1000, Train Loss: 0.5809, Validation Loss: 6.0453
Epoch 335/1000, Train Loss: 0.5665, Validation Loss: 3.1909
Epoch 336/1000, Train Loss: 0.5557, Validation Loss: 1.2312
Epoch 337/1000, Train Loss: 0.5447, Validation Loss: 2.4541
Epoch 338/1000, Train Loss: 0.5465, Validation Loss: 1.8536
Epoch 339/1000, Train Loss: 0.5411, Validation Loss: 2.5067
Epoch 340/1000, Train Loss: 0.5581, Validation Loss: 0.8585
Epoch 341/1000, Train Loss: 0.5443, Validation Loss: 3.4591
Epoch 342/1000, Train Loss: 0.6192, Validation Loss: 0.5085
Epoch 343/1000, Train Loss: 0.5424, Validation Loss: 4.2098
Epoch 344/1000, Train Loss: 0.5602, Validation Loss: 2.6878
Epoch 345/1000, Train Loss: 0.5724, Validation Loss: 0.6494
Epoch 346/1000, Train Loss: 0.6010, Validation Loss: 9.5926
Epoch 347/1000, Train Loss: 0.5339, Validation Loss: 1.0291
Epoch 348/1000, Train Loss: 0.5929, Validation Loss: 3.6178
Epoch 349/1000, Train Loss: 0.5453, Validation Loss: 18.0295
Epoch 350/1000, Train Loss: 0.5514, Validation Loss: 1.5856
Epoch 351/1000, Train Loss: 0.5360, Validation Loss: 3.7859
Epoch 352/1000, Train Loss: 0.5461, Validation Loss: 1.9792
Epoch 353/1000, Train Loss: 0.7773, Validation Loss: 2.1983
Epoch 354/1000, Train Loss: 0.5783, Validation Loss: 0.5647
Epoch 355/1000, Train Loss: 0.5587, Validation Loss: 3.9195
Epoch 356/1000, Train Loss: 0.5655, Validation Loss: 2.2908
Epoch 357/1000, Train Loss: 0.5630, Validation Loss: 5.2315
Epoch 358/1000, Train Loss: 0.5423, Validation Loss: 10.3735
Epoch 359/1000, Train Loss: 0.5755, Validation Loss: 1.8588
Epoch 360/1000, Train Loss: 0.5493, Validation Loss: 1.1287
Epoch 361/1000, Train Loss: 0.5431, Validation Loss: 2.4791
Epoch 362/1000, Train Loss: 0.5408, Validation Loss: 1.2384
Epoch 363/1000, Train Loss: 0.5450, Validation Loss: 2.5953
Epoch 364/1000, Train Loss: 0.5660, Validation Loss: 3.3300
Epoch 365/1000, Train Loss: 0.5751, Validation Loss: 1.7562
Epoch 366/1000, Train Loss: 4.0267, Validation Loss: 1.4469
Epoch 367/1000, Train Loss: 0.6285, Validation Loss: 0.9434
Epoch 368/1000, Train Loss: 0.5317, Validation Loss: 3.2104
Epoch 369/1000, Train Loss: 0.5610, Validation Loss: 0.7630
Epoch 370/1000, Train Loss: 0.5962, Validation Loss: 3.0954
Epoch 371/1000, Train Loss: 0.5560, Validation Loss: 2.2840
Epoch 372/1000, Train Loss: 0.5409, Validation Loss: 2.1232
Epoch 373/1000, Train Loss: 0.5880, Validation Loss: 3.4567
Epoch 374/1000, Train Loss: 0.5643, Validation Loss: 1.7180
Epoch 375/1000, Train Loss: 0.5592, Validation Loss: 2.2520
Epoch 376/1000, Train Loss: 0.8268, Validation Loss: 7.6542
Epoch 377/1000, Train Loss: 0.9036, Validation Loss: 2.8866
Epoch 378/1000, Train Loss: 0.5603, Validation Loss: 1.5656
Epoch 379/1000, Train Loss: 0.5823, Validation Loss: 1.8370
Epoch 380/1000, Train Loss: 0.5349, Validation Loss: 1.0463
Epoch 381/1000, Train Loss: 0.5556, Validation Loss: 2.1398
Epoch 382/1000, Train Loss: 0.5431, Validation Loss: 9.5656
Epoch 383/1000, Train Loss: 0.5517, Validation Loss: 5.4305
Epoch 384/1000, Train Loss: 0.6822, Validation Loss: 3.0509
Epoch 385/1000, Train Loss: 0.6209, Validation Loss: 1.5777
Epoch 386/1000, Train Loss: 0.5494, Validation Loss: 6.8977
Epoch 387/1000, Train Loss: 0.5362, Validation Loss: 2.7458
Epoch 388/1000, Train Loss: 0.5473, Validation Loss: 3.6301
Epoch 389/1000, Train Loss: 26.4606, Validation Loss: 1.6270
Epoch 390/1000, Train Loss: 0.6218, Validation Loss: 0.8961
Epoch 391/1000, Train Loss: 0.5554, Validation Loss: 3.9771
Epoch 392/1000, Train Loss: 0.5466, Validation Loss: 1.7898
Epoch 393/1000, Train Loss: 0.5665, Validation Loss: 2.4022
Epoch 394/1000, Train Loss: 0.5552, Validation Loss: 3.2177
Epoch 395/1000, Train Loss: 0.6255, Validation Loss: 0.9883
Epoch 396/1000, Train Loss: 0.5713, Validation Loss: 2.1723
Epoch 397/1000, Train Loss: 0.5515, Validation Loss: 2.4241
Epoch 398/1000, Train Loss: 0.5493, Validation Loss: 2.8500
Epoch 399/1000, Train Loss: 0.6069, Validation Loss: 3.0212
Epoch 400/1000, Train Loss: 0.6029, Validation Loss: 3.1150
Epoch 401/1000, Train Loss: 0.5466, Validation Loss: 2.2731
Epoch 402/1000, Train Loss: 0.5333, Validation Loss: 1.3282
Epoch 403/1000, Train Loss: 0.5287, Validation Loss: 3.3293
Epoch 404/1000, Train Loss: 0.5477, Validation Loss: 2.5615
Epoch 405/1000, Train Loss: 0.5300, Validation Loss: 1.1139
Epoch 406/1000, Train Loss: 22.3671, Validation Loss: 2.8705
Epoch 407/1000, Train Loss: 0.6049, Validation Loss: 5.6845
Epoch 408/1000, Train Loss: 0.5491, Validation Loss: 1.1466
Epoch 409/1000, Train Loss: 0.5392, Validation Loss: 1.3164
Epoch 410/1000, Train Loss: 0.5337, Validation Loss: 1.3582
Epoch 411/1000, Train Loss: 0.5871, Validation Loss: 7.5411
Epoch 412/1000, Train Loss: 0.5232, Validation Loss: 4.1388
Epoch 413/1000, Train Loss: 0.5330, Validation Loss: 2.8192
Epoch 414/1000, Train Loss: 0.5517, Validation Loss: 1.6931
Epoch 415/1000, Train Loss: 0.5677, Validation Loss: 1.6530
Epoch 416/1000, Train Loss: 0.5294, Validation Loss: 1.3145
Epoch 417/1000, Train Loss: 0.5394, Validation Loss: 3.9290
Epoch 418/1000, Train Loss: 0.5488, Validation Loss: 2.8427
Epoch 419/1000, Train Loss: 0.5347, Validation Loss: 2.1597
Epoch 420/1000, Train Loss: 0.5369, Validation Loss: 0.8724
Epoch 421/1000, Train Loss: 0.5282, Validation Loss: 1.8936
Epoch 422/1000, Train Loss: 0.5542, Validation Loss: 1.9761
Epoch 423/1000, Train Loss: 0.5656, Validation Loss: 1.5993
Epoch 424/1000, Train Loss: 1.4044, Validation Loss: 2.9385
Epoch 425/1000, Train Loss: 0.5729, Validation Loss: 16.4051
Epoch 426/1000, Train Loss: 0.5540, Validation Loss: 3.1935
Epoch 427/1000, Train Loss: 0.5435, Validation Loss: 4.0087
Epoch 428/1000, Train Loss: 0.5425, Validation Loss: 1.5993
Epoch 429/1000, Train Loss: 0.5327, Validation Loss: 2.0489
Epoch 430/1000, Train Loss: 0.5219, Validation Loss: 2.1980
Epoch 431/1000, Train Loss: 2.1143, Validation Loss: 1.1082
Epoch 432/1000, Train Loss: 0.5468, Validation Loss: 3.9766
Epoch 433/1000, Train Loss: 0.5689, Validation Loss: 1.1341
Epoch 434/1000, Train Loss: 0.5389, Validation Loss: 4.0430
Epoch 435/1000, Train Loss: 0.5505, Validation Loss: 2.2788
Epoch 436/1000, Train Loss: 0.5296, Validation Loss: 4.6104
Epoch 437/1000, Train Loss: 0.5594, Validation Loss: 3.2480
Epoch 438/1000, Train Loss: 0.5355, Validation Loss: 6.7106
Epoch 439/1000, Train Loss: 0.5480, Validation Loss: 2.7634
Epoch 440/1000, Train Loss: 0.5460, Validation Loss: 1.4071
Epoch 441/1000, Train Loss: 0.5436, Validation Loss: 3.8180
Epoch 442/1000, Train Loss: 0.5176, Validation Loss: 0.7579
Epoch 443/1000, Train Loss: 0.5303, Validation Loss: 1.5237
Epoch 444/1000, Train Loss: 0.5811, Validation Loss: 3.4703
Epoch 445/1000, Train Loss: 0.5856, Validation Loss: 1.6764
Epoch 446/1000, Train Loss: 0.5393, Validation Loss: 3.7635
Epoch 447/1000, Train Loss: 0.5279, Validation Loss: 4.4884
Epoch 448/1000, Train Loss: 0.5295, Validation Loss: 1.6502
Epoch 449/1000, Train Loss: 0.5264, Validation Loss: 2.8832
Epoch 450/1000, Train Loss: 15.1155, Validation Loss: 2.3945
Epoch 451/1000, Train Loss: 0.5499, Validation Loss: 1.7203
Epoch 452/1000, Train Loss: 0.5358, Validation Loss: 1.3451
Epoch 453/1000, Train Loss: 0.5186, Validation Loss: 3.3469
Epoch 454/1000, Train Loss: 0.5233, Validation Loss: 2.1786
Epoch 455/1000, Train Loss: 1.0048, Validation Loss: 5.2929
Epoch 456/1000, Train Loss: 0.5752, Validation Loss: 1.1876
Epoch 457/1000, Train Loss: 0.5281, Validation Loss: 3.0907
Epoch 458/1000, Train Loss: 0.5439, Validation Loss: 3.9415
Epoch 459/1000, Train Loss: 0.5337, Validation Loss: 1.4684
Epoch 460/1000, Train Loss: 0.5167, Validation Loss: 1.6086
Epoch 461/1000, Train Loss: 1.8776, Validation Loss: 1.3593
Epoch 462/1000, Train Loss: 0.6397, Validation Loss: 3.8756
Epoch 463/1000, Train Loss: 0.5220, Validation Loss: 1.9963
Epoch 464/1000, Train Loss: 0.5356, Validation Loss: 1.8170
Epoch 465/1000, Train Loss: 0.5227, Validation Loss: 4.8863
Epoch 466/1000, Train Loss: 0.5501, Validation Loss: 1.7306
Epoch 467/1000, Train Loss: 0.5650, Validation Loss: 1.5078
Epoch 468/1000, Train Loss: 0.5131, Validation Loss: 2.1207
Epoch 469/1000, Train Loss: 0.4977, Validation Loss: 4.3606
Epoch 470/1000, Train Loss: 0.5201, Validation Loss: 0.7071
Epoch 471/1000, Train Loss: 0.5866, Validation Loss: 2.7153
Epoch 472/1000, Train Loss: 0.5624, Validation Loss: 2.4259
Epoch 473/1000, Train Loss: 0.5195, Validation Loss: 1.8229
Epoch 474/1000, Train Loss: 0.5555, Validation Loss: 2.9629
Epoch 475/1000, Train Loss: 0.5210, Validation Loss: 0.7217
Epoch 476/1000, Train Loss: 0.5304, Validation Loss: 3.0735
Epoch 477/1000, Train Loss: 0.5130, Validation Loss: 3.3973
Epoch 478/1000, Train Loss: 0.5360, Validation Loss: 5.8260
Epoch 479/1000, Train Loss: 0.5186, Validation Loss: 1.4652
Epoch 480/1000, Train Loss: 15.2131, Validation Loss: 3.4513
Epoch 481/1000, Train Loss: 0.5474, Validation Loss: 2.1143
Epoch 482/1000, Train Loss: 0.5309, Validation Loss: 1.5774
Epoch 483/1000, Train Loss: 0.5322, Validation Loss: 0.9135
Epoch 484/1000, Train Loss: 0.5212, Validation Loss: 0.7753
Epoch 485/1000, Train Loss: 0.5492, Validation Loss: 0.9931
Epoch 486/1000, Train Loss: 0.5176, Validation Loss: 1.6039
Epoch 487/1000, Train Loss: 0.5345, Validation Loss: 2.5508
Epoch 488/1000, Train Loss: 0.5472, Validation Loss: 1.0153
Epoch 489/1000, Train Loss: 0.5377, Validation Loss: 0.9977
Epoch 490/1000, Train Loss: 1.2327, Validation Loss: 0.9652
Epoch 491/1000, Train Loss: 0.5893, Validation Loss: 0.8702
Epoch 492/1000, Train Loss: 0.5319, Validation Loss: 3.0823
Epoch 493/1000, Train Loss: 0.6498, Validation Loss: 4.9961
Epoch 494/1000, Train Loss: 0.5229, Validation Loss: 2.9542
Epoch 495/1000, Train Loss: 0.5151, Validation Loss: 2.4380
Epoch 496/1000, Train Loss: 0.5202, Validation Loss: 3.0032
Epoch 497/1000, Train Loss: 0.5248, Validation Loss: 1.9977
Epoch 498/1000, Train Loss: 0.5317, Validation Loss: 1.6772
Epoch 499/1000, Train Loss: 0.5621, Validation Loss: 1.4796
Epoch 500/1000, Train Loss: 0.5266, Validation Loss: 0.7296
Epoch 501/1000, Train Loss: 0.5344, Validation Loss: 3.0611
Epoch 502/1000, Train Loss: 0.5432, Validation Loss: 2.6380
Epoch 503/1000, Train Loss: 0.5295, Validation Loss: 1.7860
Epoch 504/1000, Train Loss: 14.2315, Validation Loss: 1.6123
Epoch 505/1000, Train Loss: 0.5507, Validation Loss: 2.2384
Epoch 506/1000, Train Loss: 0.5495, Validation Loss: 1.0422
Epoch 507/1000, Train Loss: 0.5199, Validation Loss: 3.3692
Epoch 508/1000, Train Loss: 0.5132, Validation Loss: 1.0217
Epoch 509/1000, Train Loss: 0.5322, Validation Loss: 5.5178
Epoch 510/1000, Train Loss: 0.5201, Validation Loss: 1.6207
Epoch 511/1000, Train Loss: 1.6120, Validation Loss: 3.3252
Epoch 512/1000, Train Loss: 0.5859, Validation Loss: 8.1105
Epoch 513/1000, Train Loss: 0.5231, Validation Loss: 0.6148
Epoch 514/1000, Train Loss: 0.5167, Validation Loss: 2.2538
Epoch 515/1000, Train Loss: 0.5321, Validation Loss: 2.4300
Epoch 516/1000, Train Loss: 0.5202, Validation Loss: 5.2190
Epoch 517/1000, Train Loss: 0.5253, Validation Loss: 0.7776
Epoch 518/1000, Train Loss: 0.5128, Validation Loss: 1.6118
Epoch 519/1000, Train Loss: 0.5289, Validation Loss: 1.1006
Epoch 520/1000, Train Loss: 0.5448, Validation Loss: 2.8945
Epoch 521/1000, Train Loss: 0.5174, Validation Loss: 3.1410
Epoch 522/1000, Train Loss: 0.5136, Validation Loss: 1.5771
Epoch 523/1000, Train Loss: 0.5200, Validation Loss: 4.2085
Epoch 524/1000, Train Loss: 0.5214, Validation Loss: 5.1660
Epoch 525/1000, Train Loss: 0.5292, Validation Loss: 2.3128
Epoch 526/1000, Train Loss: 0.6243, Validation Loss: 2.3008
Epoch 527/1000, Train Loss: 0.6586, Validation Loss: 0.8994
Epoch 528/1000, Train Loss: 0.5272, Validation Loss: 3.3880
Epoch 529/1000, Train Loss: 0.5440, Validation Loss: 4.5101
Epoch 530/1000, Train Loss: 0.6800, Validation Loss: 3.1357
Epoch 531/1000, Train Loss: 0.5482, Validation Loss: 2.2226
Epoch 532/1000, Train Loss: 0.5270, Validation Loss: 2.0204
Epoch 533/1000, Train Loss: 0.5201, Validation Loss: 0.9286
Epoch 534/1000, Train Loss: 0.5075, Validation Loss: 4.2798
Epoch 535/1000, Train Loss: 0.5205, Validation Loss: 1.3965
Epoch 536/1000, Train Loss: 0.6675, Validation Loss: 1.3117
Epoch 537/1000, Train Loss: 0.5539, Validation Loss: 2.1049
Epoch 538/1000, Train Loss: 0.5144, Validation Loss: 1.2599
Epoch 539/1000, Train Loss: 0.5193, Validation Loss: 5.4725
Epoch 540/1000, Train Loss: 0.5180, Validation Loss: 1.9183
Epoch 541/1000, Train Loss: 0.5142, Validation Loss: 2.4237
Epoch 542/1000, Train Loss: 0.5013, Validation Loss: 3.9085
Epoch 543/1000, Train Loss: 0.5085, Validation Loss: 1.7182
Epoch 544/1000, Train Loss: 0.6066, Validation Loss: 2.4818
Epoch 545/1000, Train Loss: 0.5329, Validation Loss: 1.9684
Epoch 546/1000, Train Loss: 0.6428, Validation Loss: 0.7277
Epoch 547/1000, Train Loss: 0.5377, Validation Loss: 1.6520
Epoch 548/1000, Train Loss: 0.5135, Validation Loss: 3.0794
Epoch 549/1000, Train Loss: 0.5041, Validation Loss: 2.1411
Epoch 550/1000, Train Loss: 0.5288, Validation Loss: 4.8528
Epoch 551/1000, Train Loss: 0.5194, Validation Loss: 0.9187
Epoch 552/1000, Train Loss: 0.5134, Validation Loss: 3.2669
Epoch 553/1000, Train Loss: 0.5214, Validation Loss: 4.9914
Epoch 554/1000, Train Loss: 0.5162, Validation Loss: 3.7736
Epoch 555/1000, Train Loss: 0.5139, Validation Loss: 3.7036
Epoch 556/1000, Train Loss: 0.5273, Validation Loss: 0.9612
Epoch 557/1000, Train Loss: 0.5291, Validation Loss: 4.9781
Epoch 558/1000, Train Loss: 0.5332, Validation Loss: 4.4952
Epoch 559/1000, Train Loss: 0.5204, Validation Loss: 1.3572
Epoch 560/1000, Train Loss: 8.5677, Validation Loss: 8.6601
Epoch 561/1000, Train Loss: 0.5319, Validation Loss: 0.6025
Epoch 562/1000, Train Loss: 0.5300, Validation Loss: 3.8458
Epoch 563/1000, Train Loss: 0.5272, Validation Loss: 1.1650
Epoch 564/1000, Train Loss: 0.5277, Validation Loss: 1.1208
Epoch 565/1000, Train Loss: 0.4999, Validation Loss: 0.8623
Epoch 566/1000, Train Loss: 0.5087, Validation Loss: 1.1521
Epoch 567/1000, Train Loss: 0.5281, Validation Loss: 1.4062
Epoch 568/1000, Train Loss: 0.5242, Validation Loss: 3.4045
Epoch 569/1000, Train Loss: 0.5233, Validation Loss: 0.7050
Epoch 570/1000, Train Loss: 0.7899, Validation Loss: 3.5396
Epoch 571/1000, Train Loss: 0.5431, Validation Loss: 1.6733
Epoch 572/1000, Train Loss: 0.5275, Validation Loss: 1.1068
Epoch 573/1000, Train Loss: 0.5194, Validation Loss: 2.2920
Epoch 574/1000, Train Loss: 0.5434, Validation Loss: 2.4175
Epoch 575/1000, Train Loss: 0.5188, Validation Loss: 4.1557
Epoch 576/1000, Train Loss: 0.5068, Validation Loss: 3.2402
Epoch 577/1000, Train Loss: 0.5269, Validation Loss: 3.2921
Epoch 578/1000, Train Loss: 0.5299, Validation Loss: 1.4793
Epoch 579/1000, Train Loss: 0.8365, Validation Loss: 2.2691
Epoch 580/1000, Train Loss: 0.5610, Validation Loss: 1.1094
Epoch 581/1000, Train Loss: 0.5502, Validation Loss: 0.6879
Epoch 582/1000, Train Loss: 0.5254, Validation Loss: 2.7862
Epoch 583/1000, Train Loss: 0.5215, Validation Loss: 1.4313
Epoch 584/1000, Train Loss: 0.5781, Validation Loss: 3.6046
Epoch 585/1000, Train Loss: 0.5578, Validation Loss: 3.1110
Epoch 586/1000, Train Loss: 0.5309, Validation Loss: 2.5444
Epoch 587/1000, Train Loss: 0.5432, Validation Loss: 1.7507
Epoch 588/1000, Train Loss: 0.5220, Validation Loss: 5.0401
Epoch 589/1000, Train Loss: 0.5265, Validation Loss: 1.7832
Epoch 590/1000, Train Loss: 0.5200, Validation Loss: 3.2495
Epoch 591/1000, Train Loss: 2.1037, Validation Loss: 2.8975
Epoch 592/1000, Train Loss: 0.5435, Validation Loss: 5.9985
Epoch 593/1000, Train Loss: 0.5362, Validation Loss: 1.7628
Epoch 594/1000, Train Loss: 0.5178, Validation Loss: 2.8157
Epoch 595/1000, Train Loss: 0.5363, Validation Loss: 0.6003
Epoch 596/1000, Train Loss: 0.5145, Validation Loss: 7.0723
Epoch 597/1000, Train Loss: 0.5223, Validation Loss: 4.0576
Epoch 598/1000, Train Loss: 0.5280, Validation Loss: 0.9605
Epoch 599/1000, Train Loss: 0.5047, Validation Loss: 1.4261
Epoch 600/1000, Train Loss: 1.1386, Validation Loss: 1.8046
Epoch 601/1000, Train Loss: 0.5654, Validation Loss: 6.6104
Epoch 602/1000, Train Loss: 0.5286, Validation Loss: 0.7285
Epoch 603/1000, Train Loss: 0.5170, Validation Loss: 4.9768
Epoch 604/1000, Train Loss: 0.5251, Validation Loss: 0.9760
Epoch 605/1000, Train Loss: 0.5324, Validation Loss: 1.1926
Epoch 606/1000, Train Loss: 0.5205, Validation Loss: 1.6509
Epoch 607/1000, Train Loss: 0.5181, Validation Loss: 4.0204
Epoch 608/1000, Train Loss: 0.5811, Validation Loss: 1.4234
Epoch 609/1000, Train Loss: 0.5687, Validation Loss: 4.5433
Epoch 610/1000, Train Loss: 0.5322, Validation Loss: 2.5891
Epoch 611/1000, Train Loss: 0.5136, Validation Loss: 3.1485
Epoch 612/1000, Train Loss: 0.5117, Validation Loss: 2.1884
Epoch 613/1000, Train Loss: 0.5149, Validation Loss: 1.4633
Epoch 614/1000, Train Loss: 0.9723, Validation Loss: 1.4345
Epoch 615/1000, Train Loss: 0.5686, Validation Loss: 1.4072
Epoch 616/1000, Train Loss: 0.5228, Validation Loss: 5.1972
Epoch 617/1000, Train Loss: 0.5047, Validation Loss: 2.0473
Epoch 618/1000, Train Loss: 0.5387, Validation Loss: 3.8718
Epoch 619/1000, Train Loss: 0.5108, Validation Loss: 5.9071
Epoch 620/1000, Train Loss: 0.5177, Validation Loss: 1.9606
Epoch 621/1000, Train Loss: 0.5201, Validation Loss: 5.2080
Epoch 622/1000, Train Loss: 0.5303, Validation Loss: 4.5507
Epoch 623/1000, Train Loss: 0.5118, Validation Loss: 1.3005
Epoch 624/1000, Train Loss: 0.5115, Validation Loss: 1.0397
Epoch 625/1000, Train Loss: 0.5075, Validation Loss: 3.8203
Epoch 626/1000, Train Loss: 0.4974, Validation Loss: 3.0743
Epoch 627/1000, Train Loss: 12.9533, Validation Loss: 3.0897
Epoch 628/1000, Train Loss: 0.5682, Validation Loss: 1.9764
Epoch 629/1000, Train Loss: 0.5415, Validation Loss: 1.7028
Epoch 630/1000, Train Loss: 0.5104, Validation Loss: 1.2848
Epoch 631/1000, Train Loss: 0.5484, Validation Loss: 4.5007
Epoch 632/1000, Train Loss: 0.5278, Validation Loss: 2.3368
Epoch 633/1000, Train Loss: 0.5185, Validation Loss: 2.9872
Epoch 634/1000, Train Loss: 0.5234, Validation Loss: 1.6269
Epoch 635/1000, Train Loss: 0.5584, Validation Loss: 5.2379
Epoch 636/1000, Train Loss: 0.5258, Validation Loss: 25.0509
Epoch 637/1000, Train Loss: 0.6942, Validation Loss: 2.6733
Epoch 638/1000, Train Loss: 0.5476, Validation Loss: 2.1034
Epoch 639/1000, Train Loss: 0.5141, Validation Loss: 1.9284
Epoch 640/1000, Train Loss: 0.5100, Validation Loss: 1.4095
Epoch 641/1000, Train Loss: 0.5338, Validation Loss: 2.5681
Epoch 642/1000, Train Loss: 0.5172, Validation Loss: 5.8005
Epoch 643/1000, Train Loss: 1.0018, Validation Loss: 1.6045
Epoch 644/1000, Train Loss: 0.5871, Validation Loss: 2.8623
Epoch 645/1000, Train Loss: 0.5492, Validation Loss: 3.7811
Epoch 646/1000, Train Loss: 0.5248, Validation Loss: 2.2767
Epoch 647/1000, Train Loss: 0.5587, Validation Loss: 1.3050
Epoch 648/1000, Train Loss: 0.5265, Validation Loss: 0.7171
Epoch 649/1000, Train Loss: 0.5176, Validation Loss: 2.5847
Epoch 650/1000, Train Loss: 0.5228, Validation Loss: 4.8422
Epoch 651/1000, Train Loss: 0.5331, Validation Loss: 2.0101
Epoch 652/1000, Train Loss: 0.5025, Validation Loss: 1.9033
Epoch 653/1000, Train Loss: 0.5211, Validation Loss: 1.1553
Epoch 654/1000, Train Loss: 1.0172, Validation Loss: 9.3113
Epoch 655/1000, Train Loss: 0.5508, Validation Loss: 1.8738
Epoch 656/1000, Train Loss: 0.5406, Validation Loss: 2.4789
Epoch 657/1000, Train Loss: 0.5429, Validation Loss: 5.7813
Epoch 658/1000, Train Loss: 0.5299, Validation Loss: 2.0538
Epoch 659/1000, Train Loss: 0.5408, Validation Loss: 0.9236
Epoch 660/1000, Train Loss: 0.5265, Validation Loss: 1.4330
Epoch 661/1000, Train Loss: 0.5104, Validation Loss: 6.4671
Epoch 662/1000, Train Loss: 0.5428, Validation Loss: 0.9114
Epoch 663/1000, Train Loss: 59.9981, Validation Loss: 2.3020
Epoch 664/1000, Train Loss: 0.6369, Validation Loss: 2.4206
Epoch 665/1000, Train Loss: 0.5414, Validation Loss: 1.3595
Epoch 666/1000, Train Loss: 0.5777, Validation Loss: 3.3452
Epoch 667/1000, Train Loss: 0.5272, Validation Loss: 2.3775
Epoch 668/1000, Train Loss: 0.5792, Validation Loss: 4.2716
Epoch 669/1000, Train Loss: 0.5141, Validation Loss: 0.7034
Epoch 670/1000, Train Loss: 0.5305, Validation Loss: 1.7303
Epoch 671/1000, Train Loss: 0.5176, Validation Loss: 11.9949
Epoch 672/1000, Train Loss: 0.5434, Validation Loss: 6.2814
Epoch 673/1000, Train Loss: 0.5324, Validation Loss: 3.4701
Epoch 674/1000, Train Loss: 0.4945, Validation Loss: 3.0260
Epoch 675/1000, Train Loss: 0.5197, Validation Loss: 1.4429
Epoch 676/1000, Train Loss: 0.5396, Validation Loss: 8.0781
Epoch 677/1000, Train Loss: 0.5262, Validation Loss: 0.8251
Epoch 678/1000, Train Loss: 1.8953, Validation Loss: 1.0233
Epoch 679/1000, Train Loss: 0.5264, Validation Loss: 2.1545
Epoch 680/1000, Train Loss: 0.5039, Validation Loss: 5.0458
Epoch 681/1000, Train Loss: 0.5197, Validation Loss: 9.6294
Epoch 682/1000, Train Loss: 0.5305, Validation Loss: 0.9049
Epoch 683/1000, Train Loss: 0.6036, Validation Loss: 1.3004
Epoch 684/1000, Train Loss: 0.5442, Validation Loss: 4.8640
Epoch 685/1000, Train Loss: 0.5213, Validation Loss: 1.0712
Epoch 686/1000, Train Loss: 0.5304, Validation Loss: 7.0691
Epoch 687/1000, Train Loss: 0.5096, Validation Loss: 0.9716
Epoch 688/1000, Train Loss: 0.5390, Validation Loss: 10.1497
Epoch 689/1000, Train Loss: 551.2879, Validation Loss: 1.0275
Epoch 690/1000, Train Loss: 0.5540, Validation Loss: 0.8438
Epoch 691/1000, Train Loss: 0.5321, Validation Loss: 3.0993
Epoch 692/1000, Train Loss: 0.5221, Validation Loss: 3.7397
Epoch 693/1000, Train Loss: 0.7026, Validation Loss: 4.2130
Epoch 694/1000, Train Loss: 0.5313, Validation Loss: 0.8000
Epoch 695/1000, Train Loss: 0.5091, Validation Loss: 5.7992
Epoch 696/1000, Train Loss: 0.5081, Validation Loss: 1.1760
Epoch 697/1000, Train Loss: 0.5161, Validation Loss: 3.2516
Epoch 698/1000, Train Loss: 0.5229, Validation Loss: 2.9492
Epoch 699/1000, Train Loss: 0.5024, Validation Loss: 10.1128
Epoch 700/1000, Train Loss: 0.5174, Validation Loss: 3.4092
Epoch 701/1000, Train Loss: 0.5130, Validation Loss: 0.7315
Epoch 702/1000, Train Loss: 1.4256, Validation Loss: 1.2768
Epoch 703/1000, Train Loss: 0.5620, Validation Loss: 5.0548
Epoch 704/1000, Train Loss: 0.5079, Validation Loss: 2.9028
Epoch 705/1000, Train Loss: 0.5307, Validation Loss: 7.6420
Epoch 706/1000, Train Loss: 0.5064, Validation Loss: 2.1010
Epoch 707/1000, Train Loss: 0.5092, Validation Loss: 0.8485
Epoch 708/1000, Train Loss: 0.4979, Validation Loss: 2.9482
Epoch 709/1000, Train Loss: 0.5271, Validation Loss: 1.6187
Epoch 710/1000, Train Loss: 0.5080, Validation Loss: 2.1237
Epoch 711/1000, Train Loss: 0.5038, Validation Loss: 0.8690
Epoch 712/1000, Train Loss: 0.5057, Validation Loss: 0.9544
Epoch 713/1000, Train Loss: 0.4952, Validation Loss: 2.2830
Epoch 714/1000, Train Loss: 0.5288, Validation Loss: 1.8245
Epoch 715/1000, Train Loss: 1.3936, Validation Loss: 1.7198
Epoch 716/1000, Train Loss: 0.5181, Validation Loss: 0.8595
Epoch 717/1000, Train Loss: 0.5143, Validation Loss: 1.7779
Epoch 718/1000, Train Loss: 0.4888, Validation Loss: 3.5483
Epoch 719/1000, Train Loss: 0.5080, Validation Loss: 0.8249
Epoch 720/1000, Train Loss: 0.5089, Validation Loss: 2.5904
Epoch 721/1000, Train Loss: 1.9539, Validation Loss: 2.9416
Epoch 722/1000, Train Loss: 0.5094, Validation Loss: 2.4949
Epoch 723/1000, Train Loss: 0.5183, Validation Loss: 2.2451
Epoch 724/1000, Train Loss: 0.5190, Validation Loss: 1.3783
Epoch 725/1000, Train Loss: 0.5206, Validation Loss: 10.5599
Epoch 726/1000, Train Loss: 0.5193, Validation Loss: 4.5750
Epoch 727/1000, Train Loss: 0.6220, Validation Loss: 2.4157
Epoch 728/1000, Train Loss: 0.5477, Validation Loss: 1.2429
Epoch 729/1000, Train Loss: 0.5220, Validation Loss: 2.2976
Epoch 730/1000, Train Loss: 0.5171, Validation Loss: 2.9232
Epoch 731/1000, Train Loss: 0.5138, Validation Loss: 1.3494
Epoch 732/1000, Train Loss: 0.5234, Validation Loss: 1.5217
Epoch 733/1000, Train Loss: 0.5810, Validation Loss: 5.1446
Epoch 734/1000, Train Loss: 0.5857, Validation Loss: 1.2773
Epoch 735/1000, Train Loss: 0.5206, Validation Loss: 1.8502
Epoch 736/1000, Train Loss: 0.5291, Validation Loss: 1.7584
Epoch 737/1000, Train Loss: 0.5239, Validation Loss: 1.6642
Epoch 738/1000, Train Loss: 0.5174, Validation Loss: 2.0898
Epoch 739/1000, Train Loss: 0.5144, Validation Loss: 1.4598
Epoch 740/1000, Train Loss: 0.5152, Validation Loss: 4.1374
Epoch 741/1000, Train Loss: 0.5035, Validation Loss: 7.8336
Epoch 742/1000, Train Loss: 0.5094, Validation Loss: 5.9053
Epoch 743/1000, Train Loss: 0.5950, Validation Loss: 2.7945
Epoch 744/1000, Train Loss: 0.5334, Validation Loss: 0.8505
Epoch 745/1000, Train Loss: 0.5086, Validation Loss: 2.4727
Epoch 746/1000, Train Loss: 0.5317, Validation Loss: 2.7973
Epoch 747/1000, Train Loss: 0.5200, Validation Loss: 5.8308
Epoch 748/1000, Train Loss: 0.5182, Validation Loss: 1.8044
Epoch 749/1000, Train Loss: 0.5781, Validation Loss: 3.3674
Epoch 750/1000, Train Loss: 0.5428, Validation Loss: 4.0896
Epoch 751/1000, Train Loss: 0.5147, Validation Loss: 1.0458
Epoch 752/1000, Train Loss: 0.4953, Validation Loss: 0.8917
Epoch 753/1000, Train Loss: 0.5059, Validation Loss: 0.9834
Epoch 754/1000, Train Loss: 0.5169, Validation Loss: 3.4362
Epoch 755/1000, Train Loss: 0.5007, Validation Loss: 2.0325
Epoch 756/1000, Train Loss: 0.9245, Validation Loss: 1.5401
Epoch 757/1000, Train Loss: 0.5069, Validation Loss: 2.3677
Epoch 758/1000, Train Loss: 0.5025, Validation Loss: 0.7662
Epoch 759/1000, Train Loss: 0.5194, Validation Loss: 1.3282
Epoch 760/1000, Train Loss: 0.5478, Validation Loss: 1.0354
Epoch 761/1000, Train Loss: 0.5043, Validation Loss: 1.0523
Epoch 762/1000, Train Loss: 0.5150, Validation Loss: 2.1206
Epoch 763/1000, Train Loss: 0.5273, Validation Loss: 6.5794
Epoch 764/1000, Train Loss: 0.5225, Validation Loss: 0.7929
Epoch 765/1000, Train Loss: 0.5157, Validation Loss: 1.1925
Epoch 766/1000, Train Loss: 0.5041, Validation Loss: 1.1019
Epoch 767/1000, Train Loss: 0.5575, Validation Loss: 1.5566
Epoch 768/1000, Train Loss: 0.5175, Validation Loss: 2.8414
Epoch 769/1000, Train Loss: 0.5107, Validation Loss: 4.2322
Epoch 770/1000, Train Loss: 0.7922, Validation Loss: 6.0614
Epoch 771/1000, Train Loss: 0.5777, Validation Loss: 0.8123
Epoch 772/1000, Train Loss: 0.5403, Validation Loss: 1.8289
Epoch 773/1000, Train Loss: 0.5287, Validation Loss: 1.6919
Epoch 774/1000, Train Loss: 0.5073, Validation Loss: 0.6218
Epoch 775/1000, Train Loss: 0.5091, Validation Loss: 1.4683
Epoch 776/1000, Train Loss: 0.5131, Validation Loss: 2.0277
Epoch 777/1000, Train Loss: 0.5187, Validation Loss: 1.8219
Epoch 778/1000, Train Loss: 0.5205, Validation Loss: 1.1235
Epoch 779/1000, Train Loss: 0.5070, Validation Loss: 0.9829
Epoch 780/1000, Train Loss: 0.9695, Validation Loss: 1.8769
Epoch 781/1000, Train Loss: 0.5349, Validation Loss: 2.1520
Epoch 782/1000, Train Loss: 0.5409, Validation Loss: 1.4581
Epoch 783/1000, Train Loss: 0.9493, Validation Loss: 1.4157
Epoch 784/1000, Train Loss: 0.5113, Validation Loss: 4.4299
Epoch 785/1000, Train Loss: 0.5141, Validation Loss: 1.9799
Epoch 786/1000, Train Loss: 0.5008, Validation Loss: 4.9603
Epoch 787/1000, Train Loss: 0.5058, Validation Loss: 2.1486
Epoch 788/1000, Train Loss: 0.5095, Validation Loss: 1.5379
Epoch 789/1000, Train Loss: 0.5207, Validation Loss: 0.8187
Epoch 790/1000, Train Loss: 0.5274, Validation Loss: 0.9009
Epoch 791/1000, Train Loss: 0.5279, Validation Loss: 1.6763
Epoch 792/1000, Train Loss: 1.2325, Validation Loss: 7.4979
Epoch 793/1000, Train Loss: 0.5754, Validation Loss: 5.6417
Epoch 794/1000, Train Loss: 0.5382, Validation Loss: 1.9942
Epoch 795/1000, Train Loss: 0.5279, Validation Loss: 2.5494
Epoch 796/1000, Train Loss: 0.5371, Validation Loss: 1.2899
Epoch 797/1000, Train Loss: 0.5175, Validation Loss: 2.0256
Epoch 798/1000, Train Loss: 0.5146, Validation Loss: 2.0492
Epoch 799/1000, Train Loss: 0.5303, Validation Loss: 1.4402
Epoch 800/1000, Train Loss: 0.5309, Validation Loss: 0.9409
Epoch 801/1000, Train Loss: 0.5095, Validation Loss: 0.9848
Epoch 802/1000, Train Loss: 0.5140, Validation Loss: 1.6142
Epoch 803/1000, Train Loss: 0.5141, Validation Loss: 2.2636
Epoch 804/1000, Train Loss: 0.5252, Validation Loss: 1.1178
Epoch 805/1000, Train Loss: 0.5110, Validation Loss: 2.4080
Epoch 806/1000, Train Loss: 0.5112, Validation Loss: 2.1003
Epoch 807/1000, Train Loss: 0.6064, Validation Loss: 6.3345
Epoch 808/1000, Train Loss: 0.5332, Validation Loss: 1.3816
Epoch 809/1000, Train Loss: 0.5280, Validation Loss: 0.6986
Epoch 810/1000, Train Loss: 0.5493, Validation Loss: 1.4197
Epoch 811/1000, Train Loss: 0.5161, Validation Loss: 4.9237
Epoch 812/1000, Train Loss: 0.5232, Validation Loss: 1.2219
Epoch 813/1000, Train Loss: 0.5396, Validation Loss: 2.6440
Epoch 814/1000, Train Loss: 0.5208, Validation Loss: 1.0714
Epoch 815/1000, Train Loss: 0.4926, Validation Loss: 4.1003
Epoch 816/1000, Train Loss: 0.5001, Validation Loss: 2.6921
Epoch 817/1000, Train Loss: 0.4930, Validation Loss: 7.9616
Epoch 818/1000, Train Loss: 0.5152, Validation Loss: 2.5640
Epoch 819/1000, Train Loss: 0.9067, Validation Loss: 8.5179
Epoch 820/1000, Train Loss: 0.5467, Validation Loss: 1.0356
Epoch 821/1000, Train Loss: 0.5125, Validation Loss: 1.0035
Epoch 822/1000, Train Loss: 0.5338, Validation Loss: 3.3237
Epoch 823/1000, Train Loss: 0.5305, Validation Loss: 3.0565
Epoch 824/1000, Train Loss: 0.5108, Validation Loss: 2.6384
Epoch 825/1000, Train Loss: 0.5209, Validation Loss: 0.6710
Epoch 826/1000, Train Loss: 0.5101, Validation Loss: 6.9597
Epoch 827/1000, Train Loss: 0.5052, Validation Loss: 3.6481
Epoch 828/1000, Train Loss: 0.5220, Validation Loss: 2.4520
Epoch 829/1000, Train Loss: 0.5109, Validation Loss: 2.6223
Epoch 830/1000, Train Loss: 1.4493, Validation Loss: 3.8571
Epoch 831/1000, Train Loss: 0.6024, Validation Loss: 1.3066
Epoch 832/1000, Train Loss: 0.5193, Validation Loss: 3.3837
Epoch 833/1000, Train Loss: 0.5073, Validation Loss: 1.0009
Epoch 834/1000, Train Loss: 0.4959, Validation Loss: 1.6067
Epoch 835/1000, Train Loss: 0.5394, Validation Loss: 20.2850
Epoch 836/1000, Train Loss: 0.5171, Validation Loss: 2.4630
Epoch 837/1000, Train Loss: 0.5113, Validation Loss: 1.7134
Epoch 838/1000, Train Loss: 0.5219, Validation Loss: 2.9803
Epoch 839/1000, Train Loss: 0.4988, Validation Loss: 2.7271
Epoch 840/1000, Train Loss: 18.1953, Validation Loss: 4.1957
Epoch 841/1000, Train Loss: 0.5415, Validation Loss: 1.1841
Epoch 842/1000, Train Loss: 0.5157, Validation Loss: 1.6819
Epoch 843/1000, Train Loss: 0.5132, Validation Loss: 4.6695
Epoch 844/1000, Train Loss: 0.5120, Validation Loss: 6.8131
Epoch 845/1000, Train Loss: 0.4990, Validation Loss: 0.7586
Epoch 846/1000, Train Loss: 0.5111, Validation Loss: 2.4415
Epoch 847/1000, Train Loss: 0.5048, Validation Loss: 1.5245
Epoch 848/1000, Train Loss: 0.4992, Validation Loss: 9.3003
Epoch 849/1000, Train Loss: 0.5039, Validation Loss: 1.4778
Epoch 850/1000, Train Loss: 0.5890, Validation Loss: 1.8146
Epoch 851/1000, Train Loss: 0.5077, Validation Loss: 3.0356
Epoch 852/1000, Train Loss: 0.4984, Validation Loss: 1.3987
Epoch 853/1000, Train Loss: 0.4890, Validation Loss: 1.2496
Epoch 854/1000, Train Loss: 0.5169, Validation Loss: 5.9267
Epoch 855/1000, Train Loss: 0.5007, Validation Loss: 0.8260
Epoch 856/1000, Train Loss: 0.5111, Validation Loss: 2.0196
Epoch 857/1000, Train Loss: 0.5154, Validation Loss: 2.6618
Epoch 858/1000, Train Loss: 0.5232, Validation Loss: 4.1682
Epoch 859/1000, Train Loss: 0.5003, Validation Loss: 1.2499
Epoch 860/1000, Train Loss: 0.5187, Validation Loss: 2.4767
Epoch 861/1000, Train Loss: 0.5052, Validation Loss: 27.0073
Epoch 862/1000, Train Loss: 0.6220, Validation Loss: 1.3829
Epoch 863/1000, Train Loss: 0.5218, Validation Loss: 2.4055
Epoch 864/1000, Train Loss: 0.4947, Validation Loss: 1.3867
Epoch 865/1000, Train Loss: 0.5289, Validation Loss: 1.1209
Epoch 866/1000, Train Loss: 0.5216, Validation Loss: 3.3318
Epoch 867/1000, Train Loss: 0.4923, Validation Loss: 2.6494
Epoch 868/1000, Train Loss: 0.5153, Validation Loss: 2.3591
Epoch 869/1000, Train Loss: 0.5008, Validation Loss: 0.9266
Epoch 870/1000, Train Loss: 0.4987, Validation Loss: 2.7390
Epoch 871/1000, Train Loss: 22.1390, Validation Loss: 1.6887
Epoch 872/1000, Train Loss: 0.5721, Validation Loss: 1.1501
Epoch 873/1000, Train Loss: 0.5261, Validation Loss: 1.0764
Epoch 874/1000, Train Loss: 0.5068, Validation Loss: 0.6410
Epoch 875/1000, Train Loss: 0.5078, Validation Loss: 1.3104
Epoch 876/1000, Train Loss: 0.4950, Validation Loss: 0.7229
Epoch 877/1000, Train Loss: 0.5094, Validation Loss: 6.7184
Epoch 878/1000, Train Loss: 0.5114, Validation Loss: 1.1830
Epoch 879/1000, Train Loss: 2.0047, Validation Loss: 1.3577
Epoch 880/1000, Train Loss: 0.5231, Validation Loss: 0.7858
Epoch 881/1000, Train Loss: 0.5197, Validation Loss: 1.4921
Epoch 882/1000, Train Loss: 0.5006, Validation Loss: 23.2724
Epoch 883/1000, Train Loss: 0.5059, Validation Loss: 0.7849
Epoch 884/1000, Train Loss: 0.5088, Validation Loss: 1.2330
Epoch 885/1000, Train Loss: 0.4876, Validation Loss: 2.3305
Epoch 886/1000, Train Loss: 0.4985, Validation Loss: 2.5836
Epoch 887/1000, Train Loss: 0.5130, Validation Loss: 1.5935
Epoch 888/1000, Train Loss: 0.4886, Validation Loss: 3.1870
Epoch 889/1000, Train Loss: 0.5274, Validation Loss: 3.7415
Epoch 890/1000, Train Loss: 0.5181, Validation Loss: 3.8012
Epoch 891/1000, Train Loss: 0.5260, Validation Loss: 1.3724
Epoch 892/1000, Train Loss: 0.8798, Validation Loss: 3.1434
Epoch 893/1000, Train Loss: 0.5123, Validation Loss: 0.6131
Epoch 894/1000, Train Loss: 0.5094, Validation Loss: 3.6681
Epoch 895/1000, Train Loss: 0.6008, Validation Loss: 2.4692
Epoch 896/1000, Train Loss: 0.5265, Validation Loss: 0.8027
Epoch 897/1000, Train Loss: 0.5045, Validation Loss: 3.6046
Epoch 898/1000, Train Loss: 0.5088, Validation Loss: 1.9927
Epoch 899/1000, Train Loss: 0.4997, Validation Loss: 2.9028
Epoch 900/1000, Train Loss: 0.5831, Validation Loss: 1.9283
Epoch 901/1000, Train Loss: 0.5135, Validation Loss: 3.3446
Epoch 902/1000, Train Loss: 0.5047, Validation Loss: 1.5805
Epoch 903/1000, Train Loss: 0.4827, Validation Loss: 4.7196
Epoch 904/1000, Train Loss: 0.5020, Validation Loss: 2.7080
Epoch 905/1000, Train Loss: 0.5090, Validation Loss: 1.3514
Epoch 906/1000, Train Loss: 0.5160, Validation Loss: 1.0074
Epoch 907/1000, Train Loss: 0.5572, Validation Loss: 5.9775
Epoch 908/1000, Train Loss: 0.5201, Validation Loss: 0.9107
Epoch 909/1000, Train Loss: 0.5134, Validation Loss: 1.2470
Epoch 910/1000, Train Loss: 0.4972, Validation Loss: 3.1966
Epoch 911/1000, Train Loss: 0.5185, Validation Loss: 4.3786
Epoch 912/1000, Train Loss: 0.7158, Validation Loss: 1.9747
Epoch 913/1000, Train Loss: 0.5756, Validation Loss: 0.8872
Epoch 914/1000, Train Loss: 0.5361, Validation Loss: 4.2374
Epoch 915/1000, Train Loss: 0.5102, Validation Loss: 1.7597
Epoch 916/1000, Train Loss: 0.5101, Validation Loss: 5.0297
Epoch 917/1000, Train Loss: 0.5210, Validation Loss: 0.8965
Epoch 918/1000, Train Loss: 0.5105, Validation Loss: 1.8333
Epoch 919/1000, Train Loss: 0.5134, Validation Loss: 1.4164
Epoch 920/1000, Train Loss: 0.4996, Validation Loss: 3.6063
Epoch 921/1000, Train Loss: 0.5539, Validation Loss: 1.5117
Epoch 922/1000, Train Loss: 0.5146, Validation Loss: 1.6982
Epoch 923/1000, Train Loss: 0.4949, Validation Loss: 0.8598
Epoch 924/1000, Train Loss: 0.4977, Validation Loss: 2.4475
Epoch 925/1000, Train Loss: 0.5417, Validation Loss: 1.4300
Epoch 926/1000, Train Loss: 0.5024, Validation Loss: 0.8451
Epoch 927/1000, Train Loss: 0.5009, Validation Loss: 2.5957
Epoch 928/1000, Train Loss: 0.5120, Validation Loss: 0.9759
Epoch 929/1000, Train Loss: 0.6213, Validation Loss: 2.2376
Epoch 930/1000, Train Loss: 0.5176, Validation Loss: 0.8107
Epoch 931/1000, Train Loss: 0.4957, Validation Loss: 1.2697
Epoch 932/1000, Train Loss: 0.5097, Validation Loss: 3.9615
Epoch 933/1000, Train Loss: 0.5019, Validation Loss: 1.3224
Epoch 934/1000, Train Loss: 0.5170, Validation Loss: 4.3293
Epoch 935/1000, Train Loss: 0.4981, Validation Loss: 2.7126
Epoch 936/1000, Train Loss: 0.5006, Validation Loss: 14.0424
Epoch 937/1000, Train Loss: 0.5100, Validation Loss: 3.2541
Epoch 938/1000, Train Loss: 0.4887, Validation Loss: 11.3483
Epoch 939/1000, Train Loss: 0.5054, Validation Loss: 1.8043
Epoch 940/1000, Train Loss: 0.5112, Validation Loss: 61.4507
Epoch 941/1000, Train Loss: 0.5256, Validation Loss: 3.9085
Epoch 942/1000, Train Loss: 0.4863, Validation Loss: 1.4748
Epoch 943/1000, Train Loss: 0.5165, Validation Loss: 1.2247
Epoch 944/1000, Train Loss: 0.7009, Validation Loss: 1.6318
Epoch 945/1000, Train Loss: 0.5272, Validation Loss: 7.1747
Epoch 946/1000, Train Loss: 0.5237, Validation Loss: 3.2287
Epoch 947/1000, Train Loss: 0.5078, Validation Loss: 0.5863
Epoch 948/1000, Train Loss: 0.4823, Validation Loss: 1.7059
Epoch 949/1000, Train Loss: 0.5042, Validation Loss: 1.0192
Epoch 950/1000, Train Loss: 0.6558, Validation Loss: 4.1417
Epoch 951/1000, Train Loss: 0.5495, Validation Loss: 0.7580
Epoch 952/1000, Train Loss: 0.5236, Validation Loss: 1.9820
Epoch 953/1000, Train Loss: 0.5077, Validation Loss: 4.8539
Epoch 954/1000, Train Loss: 0.5149, Validation Loss: 1.2562
Epoch 955/1000, Train Loss: 0.4980, Validation Loss: 0.8941
Epoch 956/1000, Train Loss: 0.5092, Validation Loss: 3.4477
Epoch 957/1000, Train Loss: 0.5195, Validation Loss: 2.8985
Epoch 958/1000, Train Loss: 0.5191, Validation Loss: 1.1273
Epoch 959/1000, Train Loss: 0.5320, Validation Loss: 2.2229
Epoch 960/1000, Train Loss: 0.5293, Validation Loss: 5.2396
Epoch 961/1000, Train Loss: 0.4989, Validation Loss: 1.3425
Epoch 962/1000, Train Loss: 0.6169, Validation Loss: 3.5103
Epoch 963/1000, Train Loss: 0.5060, Validation Loss: 5.1155
Epoch 964/1000, Train Loss: 0.5250, Validation Loss: 3.2454
Epoch 965/1000, Train Loss: 0.5124, Validation Loss: 5.0995
Epoch 966/1000, Train Loss: 0.5031, Validation Loss: 0.5256
Epoch 967/1000, Train Loss: 0.4814, Validation Loss: 3.3814
Epoch 968/1000, Train Loss: 60.8380, Validation Loss: 3.4457
Epoch 969/1000, Train Loss: 0.5277, Validation Loss: 2.9311
Epoch 970/1000, Train Loss: 0.5002, Validation Loss: 1.4650
Epoch 971/1000, Train Loss: 0.4852, Validation Loss: 3.6472
Epoch 972/1000, Train Loss: 0.5104, Validation Loss: 3.7170
Epoch 973/1000, Train Loss: 0.5332, Validation Loss: 4.4304
Epoch 974/1000, Train Loss: 0.9106, Validation Loss: 0.9471
Epoch 975/1000, Train Loss: 0.5375, Validation Loss: 1.4495
Epoch 976/1000, Train Loss: 0.5090, Validation Loss: 1.5444
Epoch 977/1000, Train Loss: 0.5045, Validation Loss: 0.9268
Epoch 978/1000, Train Loss: 0.5015, Validation Loss: 0.8382
Epoch 979/1000, Train Loss: 0.4900, Validation Loss: 0.5873
Epoch 980/1000, Train Loss: 0.5212, Validation Loss: 1.6548
Epoch 981/1000, Train Loss: 0.5134, Validation Loss: 1.9310
Epoch 982/1000, Train Loss: 0.6396, Validation Loss: 2.0357
Epoch 983/1000, Train Loss: 0.5068, Validation Loss: 1.0758
Epoch 984/1000, Train Loss: 0.5268, Validation Loss: 4.1307
Epoch 985/1000, Train Loss: 0.5055, Validation Loss: 4.9252
Epoch 986/1000, Train Loss: 0.4976, Validation Loss: 0.8643
Epoch 987/1000, Train Loss: 0.6379, Validation Loss: 2.4174
Epoch 988/1000, Train Loss: 0.5193, Validation Loss: 2.5586
Epoch 989/1000, Train Loss: 0.4998, Validation Loss: 1.1214
Epoch 990/1000, Train Loss: 0.5087, Validation Loss: 2.2146
Epoch 991/1000, Train Loss: 0.5007, Validation Loss: 16.2906
Epoch 992/1000, Train Loss: 0.4868, Validation Loss: 2.2471
Epoch 993/1000, Train Loss: 0.4960, Validation Loss: 2.8467
Epoch 994/1000, Train Loss: 1.0762, Validation Loss: 1.1967
Epoch 995/1000, Train Loss: 0.5534, Validation Loss: 2.9797
Epoch 996/1000, Train Loss: 0.5342, Validation Loss: 5.6532
Epoch 997/1000, Train Loss: 0.5178, Validation Loss: 1.6747
Epoch 998/1000, Train Loss: 0.5146, Validation Loss: 1.6408
Epoch 999/1000, Train Loss: 0.5090, Validation Loss: 5.2264
Epoch 1000/1000, Train Loss: 0.4965, Validation Loss: 0.5641
Best Training Loss: 0.4814
Best Training Loss Epoch: 967
Best Validation Loss: 0.5085
Best Validation Loss Epoch: 342
Time taken for training: 0-14:23:46
Test Loss: 0.5233
Test MAPE: 87134.5391%
Error Statistics:
count    4.127200e+04
mean     5.942981e+02
std      1.824535e+04
min      7.152557e-07
25%      1.659614e-01
50%      1.741416e+00
75%      2.594975e+01
max      2.026270e+06
Name: Absolute Error, dtype: float64
Training complete. Final model saved.
Saving model as a wandb Artifact...
Model artifact logged successfully.
[1;34mwandb[0m: 
[1;34mwandb[0m: 🚀 View run [33mdazzling-sweep-119[0m at: [34mhttps://wandb.ai/mk8737-new-york-university/rl_pretrain_hp_sweeps/runs/nwf125j7[0m
[1;34mwandb[0m: Find logs at: [1;35mwandb/run-20251006_144043-nwf125j7/logs[0m
Agent finished.
