Waiting for sweep ID...
Found Sweep ID: be12np04
Starting wandb agent for sweep be12np04...
TRAINING DEVICE: cpu
Run Name: GCN_global_hp_sweep_be12np04-3z082i5p
finidhed preparing data
Loading dataset from pretrain_dataset_12.5k_fixed_duplicates.pkl
Loaded 412712 data objects.
finished preparing data
Epoch 1/1000, Train Loss: 9.1492, Validation Loss: 1.3754
Epoch 2/1000, Train Loss: 1.3915, Validation Loss: 4.1777
Epoch 3/1000, Train Loss: 1.2870, Validation Loss: 3.4883
Epoch 4/1000, Train Loss: 1.2573, Validation Loss: 4.5540
Epoch 5/1000, Train Loss: 1.2481, Validation Loss: 1.1797
Epoch 6/1000, Train Loss: 1.1785, Validation Loss: 1.7543
Epoch 7/1000, Train Loss: 1.1373, Validation Loss: 1.5057
Epoch 8/1000, Train Loss: 1.1708, Validation Loss: 1.0956
Epoch 9/1000, Train Loss: 1.0837, Validation Loss: 1.6864
Epoch 10/1000, Train Loss: 1.0291, Validation Loss: 2.1624
Epoch 11/1000, Train Loss: 1.0218, Validation Loss: 1.8056
Epoch 12/1000, Train Loss: 15.4219, Validation Loss: 1.6703
Epoch 13/1000, Train Loss: 109.9417, Validation Loss: 1.8009
Epoch 14/1000, Train Loss: 1.1234, Validation Loss: 2.3963
Epoch 15/1000, Train Loss: 1.0814, Validation Loss: 1.0723
Epoch 16/1000, Train Loss: 1.0092, Validation Loss: 2.4222
Epoch 17/1000, Train Loss: 3.9065, Validation Loss: 4.2958
Epoch 18/1000, Train Loss: 1.0492, Validation Loss: 10.6076
Epoch 19/1000, Train Loss: 0.9974, Validation Loss: 1.0218
Epoch 20/1000, Train Loss: 0.9628, Validation Loss: 0.9740
Epoch 21/1000, Train Loss: 0.9274, Validation Loss: 0.9258
Epoch 22/1000, Train Loss: 63.0483, Validation Loss: 2.4235
Epoch 23/1000, Train Loss: 0.9062, Validation Loss: 1.8381
Epoch 24/1000, Train Loss: 0.9490, Validation Loss: 2.1628
Epoch 25/1000, Train Loss: 0.8733, Validation Loss: 2.3276
Epoch 26/1000, Train Loss: 0.8594, Validation Loss: 0.9287
Epoch 27/1000, Train Loss: 0.8720, Validation Loss: 2.9347
Epoch 28/1000, Train Loss: 153.2246, Validation Loss: 1.0727
Epoch 29/1000, Train Loss: 0.8194, Validation Loss: 1.9417
Epoch 30/1000, Train Loss: 0.8171, Validation Loss: 2.6136
Epoch 31/1000, Train Loss: 0.7940, Validation Loss: 1.3049
Epoch 32/1000, Train Loss: 0.7844, Validation Loss: 0.7320
Epoch 33/1000, Train Loss: 0.7668, Validation Loss: 2.4510
Epoch 34/1000, Train Loss: 1.0417, Validation Loss: 1.1896
Epoch 35/1000, Train Loss: 0.7589, Validation Loss: 2.1573
Epoch 36/1000, Train Loss: 1.9956, Validation Loss: 2.3408
Epoch 37/1000, Train Loss: 0.7633, Validation Loss: 1.0555
Epoch 38/1000, Train Loss: 0.7420, Validation Loss: 0.8145
Epoch 39/1000, Train Loss: 0.7656, Validation Loss: 3.2435
Epoch 40/1000, Train Loss: 1.2713, Validation Loss: 1.2238
Epoch 41/1000, Train Loss: 0.7457, Validation Loss: 3.3625
Epoch 42/1000, Train Loss: 0.7580, Validation Loss: 0.9737
Epoch 43/1000, Train Loss: 0.7444, Validation Loss: 0.9465
Epoch 44/1000, Train Loss: 0.7285, Validation Loss: 1.5043
Epoch 45/1000, Train Loss: 0.7132, Validation Loss: 2.8756
Epoch 46/1000, Train Loss: 1.5935, Validation Loss: 1.2691
Epoch 47/1000, Train Loss: 0.7318, Validation Loss: 0.7980
Epoch 48/1000, Train Loss: 0.7117, Validation Loss: 0.6766
Epoch 49/1000, Train Loss: 0.7784, Validation Loss: 2.6904
Epoch 50/1000, Train Loss: 0.7099, Validation Loss: 1.4788
Epoch 51/1000, Train Loss: 0.7205, Validation Loss: 2.4271
Epoch 52/1000, Train Loss: 0.7309, Validation Loss: 2.4479
Epoch 53/1000, Train Loss: 1.0094, Validation Loss: 2.2956
Epoch 54/1000, Train Loss: 0.7345, Validation Loss: 0.9381
Epoch 55/1000, Train Loss: 0.7119, Validation Loss: 4.6995
Epoch 56/1000, Train Loss: 0.6956, Validation Loss: 1.0282
Epoch 57/1000, Train Loss: 0.6993, Validation Loss: 1.0270
Epoch 58/1000, Train Loss: 1.1602, Validation Loss: 1.0612
Epoch 59/1000, Train Loss: 0.6964, Validation Loss: 0.8968
Epoch 60/1000, Train Loss: 0.7035, Validation Loss: 0.6999
Epoch 61/1000, Train Loss: 0.6943, Validation Loss: 3.3192
Epoch 62/1000, Train Loss: 0.7229, Validation Loss: 6.1647
Epoch 63/1000, Train Loss: 0.6984, Validation Loss: 2.5366
Epoch 64/1000, Train Loss: 0.6911, Validation Loss: 0.7147
Epoch 65/1000, Train Loss: 2.0420, Validation Loss: 0.9449
Epoch 66/1000, Train Loss: 0.7358, Validation Loss: 1.9054
Epoch 67/1000, Train Loss: 0.6835, Validation Loss: 1.5737
Epoch 68/1000, Train Loss: 0.6883, Validation Loss: 3.1826
Epoch 69/1000, Train Loss: 0.6829, Validation Loss: 1.3598
Epoch 70/1000, Train Loss: 0.6725, Validation Loss: 7.1470
Epoch 71/1000, Train Loss: 0.7526, Validation Loss: 1.0687
Epoch 72/1000, Train Loss: 0.6754, Validation Loss: 1.2724
Epoch 73/1000, Train Loss: 0.6641, Validation Loss: 2.5021
Epoch 74/1000, Train Loss: 211.5681, Validation Loss: 1.0301
Epoch 75/1000, Train Loss: 0.7754, Validation Loss: 2.9021
Epoch 76/1000, Train Loss: 0.6791, Validation Loss: 1.1525
Epoch 77/1000, Train Loss: 0.6842, Validation Loss: 2.4106
Epoch 78/1000, Train Loss: 1.1532, Validation Loss: 0.8427
Epoch 79/1000, Train Loss: 0.6745, Validation Loss: 0.7685
Epoch 80/1000, Train Loss: 0.6688, Validation Loss: 0.8164
Epoch 81/1000, Train Loss: 0.6701, Validation Loss: 2.1014
Epoch 82/1000, Train Loss: 1.2198, Validation Loss: 3.2209
Epoch 83/1000, Train Loss: 0.6764, Validation Loss: 0.7171
Epoch 84/1000, Train Loss: 0.6662, Validation Loss: 1.3718
Epoch 85/1000, Train Loss: 0.6706, Validation Loss: 1.3669
Epoch 86/1000, Train Loss: 0.7120, Validation Loss: 1.8069
Epoch 87/1000, Train Loss: 0.7070, Validation Loss: 1.1337
Epoch 88/1000, Train Loss: 0.6593, Validation Loss: 2.7487
Epoch 89/1000, Train Loss: 0.6711, Validation Loss: 2.3335
Epoch 90/1000, Train Loss: 0.6728, Validation Loss: 3.9320
Epoch 91/1000, Train Loss: 0.6570, Validation Loss: 4.1103
Epoch 92/1000, Train Loss: 0.6705, Validation Loss: 1.3649
Epoch 93/1000, Train Loss: 0.7143, Validation Loss: 1.7582
Epoch 94/1000, Train Loss: 0.6601, Validation Loss: 1.1673
Epoch 95/1000, Train Loss: 0.6942, Validation Loss: 1.7454
Epoch 96/1000, Train Loss: 0.6810, Validation Loss: 2.4643
Epoch 97/1000, Train Loss: 0.6503, Validation Loss: 2.0603
Epoch 98/1000, Train Loss: 0.6643, Validation Loss: 1.7737
Epoch 99/1000, Train Loss: 0.6486, Validation Loss: 2.1464
Epoch 100/1000, Train Loss: 0.6416, Validation Loss: 2.8217
Epoch 101/1000, Train Loss: 0.6547, Validation Loss: 1.2438
Epoch 102/1000, Train Loss: 2.3553, Validation Loss: 4.8801
Epoch 103/1000, Train Loss: 0.6768, Validation Loss: 2.1395
Epoch 104/1000, Train Loss: 0.6560, Validation Loss: 0.8068
Epoch 105/1000, Train Loss: 1.4021, Validation Loss: 1.5631
Epoch 106/1000, Train Loss: 0.6646, Validation Loss: 2.0556
Epoch 107/1000, Train Loss: 0.6659, Validation Loss: 0.7040
Epoch 108/1000, Train Loss: 0.6608, Validation Loss: 1.0435
Epoch 109/1000, Train Loss: 0.6449, Validation Loss: 2.3493
Epoch 110/1000, Train Loss: 0.6449, Validation Loss: 0.7944
Epoch 111/1000, Train Loss: 0.6395, Validation Loss: 1.7731
Epoch 112/1000, Train Loss: 0.6500, Validation Loss: 1.4445
Epoch 113/1000, Train Loss: 0.8601, Validation Loss: 2.6079
Epoch 114/1000, Train Loss: 0.6723, Validation Loss: 0.6460
Epoch 115/1000, Train Loss: 0.6382, Validation Loss: 1.5302
Epoch 116/1000, Train Loss: 0.6592, Validation Loss: 0.6724
Epoch 117/1000, Train Loss: 0.6621, Validation Loss: 2.5056
Epoch 118/1000, Train Loss: 0.6653, Validation Loss: 1.0473
Epoch 119/1000, Train Loss: 0.6388, Validation Loss: 1.8677
Epoch 120/1000, Train Loss: 0.6410, Validation Loss: 4.7175
Epoch 121/1000, Train Loss: 0.6497, Validation Loss: 1.3725
Epoch 122/1000, Train Loss: 0.7435, Validation Loss: 3.6855
Epoch 123/1000, Train Loss: 0.6365, Validation Loss: 1.0248
Epoch 124/1000, Train Loss: 0.6311, Validation Loss: 3.7180
Epoch 125/1000, Train Loss: 0.6484, Validation Loss: 1.0406
Epoch 126/1000, Train Loss: 0.6404, Validation Loss: 0.8343
Epoch 127/1000, Train Loss: 0.6418, Validation Loss: 0.7179
Epoch 128/1000, Train Loss: 0.7606, Validation Loss: 1.0013
Epoch 129/1000, Train Loss: 0.6418, Validation Loss: 1.4288
Epoch 130/1000, Train Loss: 0.6461, Validation Loss: 1.7167
Epoch 131/1000, Train Loss: 1.8386, Validation Loss: 3.2062
Epoch 132/1000, Train Loss: 0.6425, Validation Loss: 2.2895
Epoch 133/1000, Train Loss: 0.6303, Validation Loss: 1.0649
Epoch 134/1000, Train Loss: 0.6393, Validation Loss: 1.6901
Epoch 135/1000, Train Loss: 0.6238, Validation Loss: 1.3007
Epoch 136/1000, Train Loss: 0.6315, Validation Loss: 1.0408
Epoch 137/1000, Train Loss: 0.6383, Validation Loss: 2.3545
Epoch 138/1000, Train Loss: 0.6490, Validation Loss: 2.0009
Epoch 139/1000, Train Loss: 0.6332, Validation Loss: 0.7548
Epoch 140/1000, Train Loss: 0.6238, Validation Loss: 1.3824
Epoch 141/1000, Train Loss: 0.6373, Validation Loss: 2.7490
Epoch 142/1000, Train Loss: 0.6341, Validation Loss: 4.8009
Epoch 143/1000, Train Loss: 0.6326, Validation Loss: 0.7726
Epoch 144/1000, Train Loss: 0.6461, Validation Loss: 3.3705
Epoch 145/1000, Train Loss: 0.6674, Validation Loss: 0.9508
Epoch 146/1000, Train Loss: 0.6403, Validation Loss: 1.3651
Epoch 147/1000, Train Loss: 0.6221, Validation Loss: 1.1944
Epoch 148/1000, Train Loss: 0.6551, Validation Loss: 1.2964
Epoch 149/1000, Train Loss: 0.6163, Validation Loss: 0.8197
Epoch 150/1000, Train Loss: 1.4717, Validation Loss: 2.7064
Epoch 151/1000, Train Loss: 0.6289, Validation Loss: 2.8883
Epoch 152/1000, Train Loss: 0.6332, Validation Loss: 2.5663
Epoch 153/1000, Train Loss: 0.6346, Validation Loss: 2.7400
Epoch 154/1000, Train Loss: 5.0359, Validation Loss: 0.8122
Epoch 155/1000, Train Loss: 0.6277, Validation Loss: 0.6244
Epoch 156/1000, Train Loss: 0.6211, Validation Loss: 2.3456
Epoch 157/1000, Train Loss: 0.6286, Validation Loss: 2.3129
Epoch 158/1000, Train Loss: 0.6356, Validation Loss: 1.7136
Epoch 159/1000, Train Loss: 0.6170, Validation Loss: 2.7898
Epoch 160/1000, Train Loss: 0.6273, Validation Loss: 6.1291
Epoch 161/1000, Train Loss: 1.4001, Validation Loss: 1.4205
Epoch 162/1000, Train Loss: 0.6363, Validation Loss: 0.8316
Epoch 163/1000, Train Loss: 0.6521, Validation Loss: 0.8050
Epoch 164/1000, Train Loss: 1.1376, Validation Loss: 1.1149
Epoch 165/1000, Train Loss: 0.7091, Validation Loss: 1.1615
Epoch 166/1000, Train Loss: 0.6308, Validation Loss: 1.7043
Epoch 167/1000, Train Loss: 0.6361, Validation Loss: 1.8349
Epoch 168/1000, Train Loss: 0.6278, Validation Loss: 0.7370
Epoch 169/1000, Train Loss: 0.6170, Validation Loss: 1.3770
Epoch 170/1000, Train Loss: 0.8982, Validation Loss: 1.0194
Epoch 171/1000, Train Loss: 0.6249, Validation Loss: 1.3573
Epoch 172/1000, Train Loss: 0.6456, Validation Loss: 1.3101
Epoch 173/1000, Train Loss: 0.6176, Validation Loss: 0.9750
Epoch 174/1000, Train Loss: 0.6221, Validation Loss: 3.7418
Epoch 175/1000, Train Loss: 0.6339, Validation Loss: 0.8158
Epoch 176/1000, Train Loss: 0.6322, Validation Loss: 0.6837
Epoch 177/1000, Train Loss: 0.6269, Validation Loss: 4.3306
Epoch 178/1000, Train Loss: 0.6286, Validation Loss: 1.1526
Epoch 179/1000, Train Loss: 0.8028, Validation Loss: 0.9544
Epoch 180/1000, Train Loss: 0.7214, Validation Loss: 1.6436
Epoch 181/1000, Train Loss: 0.6421, Validation Loss: 1.3913
Epoch 182/1000, Train Loss: 0.6350, Validation Loss: 3.1692
Epoch 183/1000, Train Loss: 0.6119, Validation Loss: 2.6029
Epoch 184/1000, Train Loss: 0.6428, Validation Loss: 1.7698
Epoch 185/1000, Train Loss: 0.6200, Validation Loss: 0.8731
Epoch 186/1000, Train Loss: 3.5442, Validation Loss: 2.2090
Epoch 187/1000, Train Loss: 0.6384, Validation Loss: 2.2271
Epoch 188/1000, Train Loss: 0.6326, Validation Loss: 0.9392
Epoch 189/1000, Train Loss: 0.6281, Validation Loss: 1.9701
Epoch 190/1000, Train Loss: 0.6121, Validation Loss: 0.5941
Epoch 191/1000, Train Loss: 0.6121, Validation Loss: 2.3596
Epoch 192/1000, Train Loss: 0.6711, Validation Loss: 2.1394
Epoch 193/1000, Train Loss: 0.7553, Validation Loss: 19.4649
Epoch 194/1000, Train Loss: 0.9137, Validation Loss: 2.8586
Epoch 195/1000, Train Loss: 0.6221, Validation Loss: 1.1703
Epoch 196/1000, Train Loss: 0.6356, Validation Loss: 1.8687
Epoch 197/1000, Train Loss: 0.6322, Validation Loss: 0.9338
Epoch 198/1000, Train Loss: 0.6084, Validation Loss: 0.9668
Epoch 199/1000, Train Loss: 0.6217, Validation Loss: 4.4663
Epoch 200/1000, Train Loss: 0.6284, Validation Loss: 1.4925
Epoch 201/1000, Train Loss: 3.8581, Validation Loss: 2.9164
Epoch 202/1000, Train Loss: 0.6496, Validation Loss: 0.7595
Epoch 203/1000, Train Loss: 0.6197, Validation Loss: 1.0189
Epoch 204/1000, Train Loss: 0.6357, Validation Loss: 9.0449
Epoch 205/1000, Train Loss: 0.6579, Validation Loss: 0.6194
Epoch 206/1000, Train Loss: 0.6164, Validation Loss: 1.0566
Epoch 207/1000, Train Loss: 0.6384, Validation Loss: 1.5689
Epoch 208/1000, Train Loss: 0.6250, Validation Loss: 2.1495
Epoch 209/1000, Train Loss: 0.6121, Validation Loss: 1.1015
Epoch 210/1000, Train Loss: 0.6351, Validation Loss: 2.2295
Epoch 211/1000, Train Loss: 0.6037, Validation Loss: 2.6390
Epoch 212/1000, Train Loss: 0.6112, Validation Loss: 2.0692
Epoch 213/1000, Train Loss: 23.8206, Validation Loss: 2.8145
Epoch 214/1000, Train Loss: 0.6247, Validation Loss: 3.7155
Epoch 215/1000, Train Loss: 0.6081, Validation Loss: 1.3006
Epoch 216/1000, Train Loss: 0.6288, Validation Loss: 0.6961
Epoch 217/1000, Train Loss: 0.6352, Validation Loss: 2.0723
Epoch 218/1000, Train Loss: 0.9042, Validation Loss: 3.0014
Epoch 219/1000, Train Loss: 0.6155, Validation Loss: 0.8919
Epoch 220/1000, Train Loss: 0.6068, Validation Loss: 1.5957
Epoch 221/1000, Train Loss: 0.6086, Validation Loss: 1.7583
Epoch 222/1000, Train Loss: 0.6263, Validation Loss: 2.8006
Epoch 223/1000, Train Loss: 0.6276, Validation Loss: 0.8200
Epoch 224/1000, Train Loss: 0.6485, Validation Loss: 1.6170
Epoch 225/1000, Train Loss: 0.6090, Validation Loss: 1.7480
Epoch 226/1000, Train Loss: 0.6112, Validation Loss: 4.5553
Epoch 227/1000, Train Loss: 0.6248, Validation Loss: 1.9445
Epoch 228/1000, Train Loss: 0.6132, Validation Loss: 2.0576
Epoch 229/1000, Train Loss: 0.6214, Validation Loss: 3.4278
Epoch 230/1000, Train Loss: 0.6104, Validation Loss: 0.7264
Epoch 231/1000, Train Loss: 0.6911, Validation Loss: 1.5546
Epoch 232/1000, Train Loss: 0.6233, Validation Loss: 6.1127
Epoch 233/1000, Train Loss: 0.6628, Validation Loss: 0.7346
Epoch 234/1000, Train Loss: 0.6114, Validation Loss: 1.6771
Epoch 235/1000, Train Loss: 0.6096, Validation Loss: 0.6083
Epoch 236/1000, Train Loss: 0.6185, Validation Loss: 1.1028
Epoch 237/1000, Train Loss: 0.6134, Validation Loss: 2.0522
Epoch 238/1000, Train Loss: 0.6049, Validation Loss: 3.2444
Epoch 239/1000, Train Loss: 0.6055, Validation Loss: 4.0339
Epoch 240/1000, Train Loss: 0.7600, Validation Loss: 0.8692
Epoch 241/1000, Train Loss: 0.6127, Validation Loss: 1.6002
Epoch 242/1000, Train Loss: 0.6083, Validation Loss: 1.6022
Epoch 243/1000, Train Loss: 0.6137, Validation Loss: 1.0782
Epoch 244/1000, Train Loss: 0.6043, Validation Loss: 2.7686
Epoch 245/1000, Train Loss: 0.6002, Validation Loss: 0.9541
Epoch 246/1000, Train Loss: 0.6406, Validation Loss: 3.2944
Epoch 247/1000, Train Loss: 0.6186, Validation Loss: 2.7622
Epoch 248/1000, Train Loss: 0.6116, Validation Loss: 5.5519
Epoch 249/1000, Train Loss: 0.6057, Validation Loss: 1.8275
Epoch 250/1000, Train Loss: 0.6153, Validation Loss: 2.8222
Epoch 251/1000, Train Loss: 0.6126, Validation Loss: 2.1095
Epoch 252/1000, Train Loss: 0.6093, Validation Loss: 3.6959
Epoch 253/1000, Train Loss: 0.6158, Validation Loss: 0.6201
Epoch 254/1000, Train Loss: 0.5931, Validation Loss: 1.5020
Epoch 255/1000, Train Loss: 0.6858, Validation Loss: 1.2832
Epoch 256/1000, Train Loss: 0.6325, Validation Loss: 1.0825
Epoch 257/1000, Train Loss: 0.6346, Validation Loss: 1.2895
Epoch 258/1000, Train Loss: 0.6194, Validation Loss: 2.1406
Epoch 259/1000, Train Loss: 0.9940, Validation Loss: 2.2337
Epoch 260/1000, Train Loss: 0.6152, Validation Loss: 2.4105
Epoch 261/1000, Train Loss: 0.6296, Validation Loss: 1.3347
Epoch 262/1000, Train Loss: 0.6107, Validation Loss: 0.8449
Epoch 263/1000, Train Loss: 0.6045, Validation Loss: 1.4652
Epoch 264/1000, Train Loss: 55.7499, Validation Loss: 1.2435
Epoch 265/1000, Train Loss: 0.6102, Validation Loss: 1.4383
Epoch 266/1000, Train Loss: 0.6134, Validation Loss: 0.7350
Epoch 267/1000, Train Loss: 0.6960, Validation Loss: 1.3390
Epoch 268/1000, Train Loss: 0.6240, Validation Loss: 1.5365
Epoch 269/1000, Train Loss: 0.6308, Validation Loss: 4.0591
Epoch 270/1000, Train Loss: 0.6131, Validation Loss: 0.9679
Epoch 271/1000, Train Loss: 0.5998, Validation Loss: 3.5280
Epoch 272/1000, Train Loss: 0.6054, Validation Loss: 1.2695
Epoch 273/1000, Train Loss: 0.6155, Validation Loss: 0.9388
Epoch 274/1000, Train Loss: 589.4352, Validation Loss: 2.7477
Epoch 275/1000, Train Loss: 0.6195, Validation Loss: 3.4473
Epoch 276/1000, Train Loss: 0.6010, Validation Loss: 2.1407
Epoch 277/1000, Train Loss: 0.6063, Validation Loss: 0.7439
Epoch 278/1000, Train Loss: 0.7549, Validation Loss: 1.1296
Epoch 279/1000, Train Loss: 0.6008, Validation Loss: 1.8536
Epoch 280/1000, Train Loss: 0.6120, Validation Loss: 0.8051
Epoch 281/1000, Train Loss: 0.6089, Validation Loss: 1.0110
Epoch 282/1000, Train Loss: 0.6168, Validation Loss: 3.2452
Epoch 283/1000, Train Loss: 0.5980, Validation Loss: 0.6336
Epoch 284/1000, Train Loss: 0.5988, Validation Loss: 3.2816
Epoch 285/1000, Train Loss: 0.6097, Validation Loss: 2.2439
Epoch 286/1000, Train Loss: 0.6031, Validation Loss: 2.9738
Epoch 287/1000, Train Loss: 0.7288, Validation Loss: 1.2724
Epoch 288/1000, Train Loss: 0.6077, Validation Loss: 0.7918
Epoch 289/1000, Train Loss: 0.6062, Validation Loss: 0.6067
Epoch 290/1000, Train Loss: 0.6049, Validation Loss: 1.8334
Epoch 291/1000, Train Loss: 0.6642, Validation Loss: 3.5243
Epoch 292/1000, Train Loss: 0.6033, Validation Loss: 1.1484
Epoch 293/1000, Train Loss: 0.5997, Validation Loss: 2.3388
Epoch 294/1000, Train Loss: 0.6013, Validation Loss: 2.0153
Epoch 295/1000, Train Loss: 0.6310, Validation Loss: 3.7470
Epoch 296/1000, Train Loss: 0.6199, Validation Loss: 1.6913
Epoch 297/1000, Train Loss: 0.5989, Validation Loss: 1.7803
Epoch 298/1000, Train Loss: 0.6167, Validation Loss: 1.2773
Epoch 299/1000, Train Loss: 0.5970, Validation Loss: 1.6707
Epoch 300/1000, Train Loss: 0.7466, Validation Loss: 0.8106
Epoch 301/1000, Train Loss: 0.6195, Validation Loss: 1.9148
Epoch 302/1000, Train Loss: 0.6142, Validation Loss: 3.4163
Epoch 303/1000, Train Loss: 0.5996, Validation Loss: 5.3022
Epoch 304/1000, Train Loss: 0.6051, Validation Loss: 1.5928
Epoch 305/1000, Train Loss: 0.6054, Validation Loss: 1.9966
Epoch 306/1000, Train Loss: 0.6039, Validation Loss: 2.0850
Epoch 307/1000, Train Loss: 0.6069, Validation Loss: 2.1474
Epoch 308/1000, Train Loss: 0.6975, Validation Loss: 0.9639
Epoch 309/1000, Train Loss: 0.5980, Validation Loss: 2.8063
Epoch 310/1000, Train Loss: 0.6056, Validation Loss: 0.7744
Epoch 311/1000, Train Loss: 0.6029, Validation Loss: 2.8772
Epoch 312/1000, Train Loss: 3.1216, Validation Loss: 3.4404
Epoch 313/1000, Train Loss: 0.6291, Validation Loss: 0.8921
Epoch 314/1000, Train Loss: 0.6185, Validation Loss: 1.4021
Epoch 315/1000, Train Loss: 0.6041, Validation Loss: 0.8716
Epoch 316/1000, Train Loss: 0.6184, Validation Loss: 1.7948
Epoch 317/1000, Train Loss: 0.8165, Validation Loss: 1.5098
Epoch 318/1000, Train Loss: 0.6096, Validation Loss: 1.8455
Epoch 319/1000, Train Loss: 0.6260, Validation Loss: 2.2412
Epoch 320/1000, Train Loss: 0.6197, Validation Loss: 1.4460
Epoch 321/1000, Train Loss: 0.6046, Validation Loss: 4.1069
Epoch 322/1000, Train Loss: 0.6183, Validation Loss: 3.2148
Epoch 323/1000, Train Loss: 1.8162, Validation Loss: 7.1745
Epoch 324/1000, Train Loss: 0.5984, Validation Loss: 1.8490
Epoch 325/1000, Train Loss: 0.6135, Validation Loss: 1.9235
Epoch 326/1000, Train Loss: 0.5942, Validation Loss: 0.8522
Epoch 327/1000, Train Loss: 0.6632, Validation Loss: 2.8605
Epoch 328/1000, Train Loss: 0.6026, Validation Loss: 0.5623
Epoch 329/1000, Train Loss: 0.6053, Validation Loss: 1.8667
Epoch 330/1000, Train Loss: 0.6128, Validation Loss: 2.1798
Epoch 331/1000, Train Loss: 0.6007, Validation Loss: 2.2096
Epoch 332/1000, Train Loss: 0.9380, Validation Loss: 4.6691
Epoch 333/1000, Train Loss: 0.6221, Validation Loss: 1.4590
Epoch 334/1000, Train Loss: 0.6422, Validation Loss: 1.8651
Epoch 335/1000, Train Loss: 0.6046, Validation Loss: 3.5003
Epoch 336/1000, Train Loss: 0.6250, Validation Loss: 3.6868
Epoch 337/1000, Train Loss: 0.6817, Validation Loss: 1.9868
Epoch 338/1000, Train Loss: 0.6102, Validation Loss: 1.5086
Epoch 339/1000, Train Loss: 0.6344, Validation Loss: 2.0145
Epoch 340/1000, Train Loss: 0.6412, Validation Loss: 0.7663
Epoch 341/1000, Train Loss: 0.6216, Validation Loss: 0.7645
Epoch 342/1000, Train Loss: 0.6144, Validation Loss: 1.9775
Epoch 343/1000, Train Loss: 0.5929, Validation Loss: 2.9776
Epoch 344/1000, Train Loss: 0.8194, Validation Loss: 0.8510
Epoch 345/1000, Train Loss: 0.6233, Validation Loss: 0.9991
Epoch 346/1000, Train Loss: 1.0800, Validation Loss: 0.8023
Epoch 347/1000, Train Loss: 0.6302, Validation Loss: 2.1159
Epoch 348/1000, Train Loss: 0.6065, Validation Loss: 0.6419
Epoch 349/1000, Train Loss: 0.6143, Validation Loss: 4.2359
Epoch 350/1000, Train Loss: 0.6134, Validation Loss: 2.8332
Epoch 351/1000, Train Loss: 0.6130, Validation Loss: 0.7110
Epoch 352/1000, Train Loss: 0.6103, Validation Loss: 0.7795
Epoch 353/1000, Train Loss: 1.4556, Validation Loss: 1.5537
Epoch 354/1000, Train Loss: 0.6247, Validation Loss: 1.3381
Epoch 355/1000, Train Loss: 0.6107, Validation Loss: 2.1383
Epoch 356/1000, Train Loss: 0.6204, Validation Loss: 1.8454
Epoch 357/1000, Train Loss: 0.6335, Validation Loss: 0.9872
Epoch 358/1000, Train Loss: 0.5993, Validation Loss: 1.3939
Epoch 359/1000, Train Loss: 0.6248, Validation Loss: 1.3636
Epoch 360/1000, Train Loss: 0.5968, Validation Loss: 1.3595
Epoch 361/1000, Train Loss: 0.8066, Validation Loss: 1.3285
Epoch 362/1000, Train Loss: 0.6537, Validation Loss: 1.6808
Epoch 363/1000, Train Loss: 0.6167, Validation Loss: 3.0453
Epoch 364/1000, Train Loss: 0.6048, Validation Loss: 1.2765
Epoch 365/1000, Train Loss: 0.6188, Validation Loss: 1.1777
Epoch 366/1000, Train Loss: 0.6061, Validation Loss: 1.7020
Epoch 367/1000, Train Loss: 0.6039, Validation Loss: 1.5643
Epoch 368/1000, Train Loss: 0.6160, Validation Loss: 3.8613
Epoch 369/1000, Train Loss: 0.6236, Validation Loss: 0.8398
Epoch 370/1000, Train Loss: 0.6191, Validation Loss: 1.5882
Epoch 371/1000, Train Loss: 17.4601, Validation Loss: 2.0068
Epoch 372/1000, Train Loss: 0.6085, Validation Loss: 3.2648
Epoch 373/1000, Train Loss: 0.6487, Validation Loss: 1.1303
Epoch 374/1000, Train Loss: 0.5978, Validation Loss: 0.9891
Epoch 375/1000, Train Loss: 0.5873, Validation Loss: 1.0917
Epoch 376/1000, Train Loss: 0.6176, Validation Loss: 1.1217
Epoch 377/1000, Train Loss: 0.6312, Validation Loss: 1.2662
Epoch 378/1000, Train Loss: 0.5968, Validation Loss: 2.8037
Epoch 379/1000, Train Loss: 0.9707, Validation Loss: 2.4470
Epoch 380/1000, Train Loss: 0.5920, Validation Loss: 4.1092
Epoch 381/1000, Train Loss: 0.6085, Validation Loss: 0.8101
Epoch 382/1000, Train Loss: 2.5774, Validation Loss: 27.5992
Epoch 383/1000, Train Loss: 0.6692, Validation Loss: 3.1056
Epoch 384/1000, Train Loss: 0.5963, Validation Loss: 1.9479
Epoch 385/1000, Train Loss: 0.6108, Validation Loss: 3.6064
Epoch 386/1000, Train Loss: 0.5928, Validation Loss: 4.5361
Epoch 387/1000, Train Loss: 0.8091, Validation Loss: 4.3375
Epoch 388/1000, Train Loss: 0.6275, Validation Loss: 4.7980
Epoch 389/1000, Train Loss: 0.6013, Validation Loss: 1.3989
Epoch 390/1000, Train Loss: 0.5947, Validation Loss: 2.0830
Epoch 391/1000, Train Loss: 0.7106, Validation Loss: 2.5925
Epoch 392/1000, Train Loss: 0.5977, Validation Loss: 1.8969
Epoch 393/1000, Train Loss: 0.5880, Validation Loss: 2.8302
Epoch 394/1000, Train Loss: 0.5863, Validation Loss: 1.3727
Epoch 395/1000, Train Loss: 0.6019, Validation Loss: 1.7609
Epoch 396/1000, Train Loss: 0.5967, Validation Loss: 2.6378
Epoch 397/1000, Train Loss: 0.6119, Validation Loss: 0.6291
Epoch 398/1000, Train Loss: 1.6537, Validation Loss: 5.7765
Epoch 399/1000, Train Loss: 0.6086, Validation Loss: 1.9698
Epoch 400/1000, Train Loss: 0.5938, Validation Loss: 1.5926
Epoch 401/1000, Train Loss: 0.5876, Validation Loss: 2.5609
Epoch 402/1000, Train Loss: 0.5937, Validation Loss: 1.8813
Epoch 403/1000, Train Loss: 0.6082, Validation Loss: 1.4823
Epoch 404/1000, Train Loss: 0.6456, Validation Loss: 1.4770
Epoch 405/1000, Train Loss: 0.6517, Validation Loss: 1.3602
Epoch 406/1000, Train Loss: 0.6050, Validation Loss: 5.5919
Epoch 407/1000, Train Loss: 0.5964, Validation Loss: 1.6703
Epoch 408/1000, Train Loss: 0.5998, Validation Loss: 1.7967
Epoch 409/1000, Train Loss: 133.8376, Validation Loss: 2.2612
Epoch 410/1000, Train Loss: 0.5839, Validation Loss: 1.8634
Epoch 411/1000, Train Loss: 0.5712, Validation Loss: 0.7027
Epoch 412/1000, Train Loss: 0.5968, Validation Loss: 1.3385
Epoch 413/1000, Train Loss: 0.6157, Validation Loss: 0.7870
Epoch 414/1000, Train Loss: 0.6046, Validation Loss: 1.7411
Epoch 415/1000, Train Loss: 0.5857, Validation Loss: 1.9741
Epoch 416/1000, Train Loss: 2.1823, Validation Loss: 2.0893
Epoch 417/1000, Train Loss: 0.6151, Validation Loss: 1.0122
Epoch 418/1000, Train Loss: 0.5851, Validation Loss: 3.5973
Epoch 419/1000, Train Loss: 0.6037, Validation Loss: 0.7186
Epoch 420/1000, Train Loss: 0.6061, Validation Loss: 1.1155
Epoch 421/1000, Train Loss: 0.8195, Validation Loss: 1.9314
Epoch 422/1000, Train Loss: 0.9287, Validation Loss: 1.0195
Epoch 423/1000, Train Loss: 0.6022, Validation Loss: 1.9463
Epoch 424/1000, Train Loss: 0.6138, Validation Loss: 1.3317
Epoch 425/1000, Train Loss: 0.6008, Validation Loss: 0.7682
Epoch 426/1000, Train Loss: 0.6409, Validation Loss: 1.5366
Epoch 427/1000, Train Loss: 0.5887, Validation Loss: 2.5920
Epoch 428/1000, Train Loss: 0.5930, Validation Loss: 2.9358
Epoch 429/1000, Train Loss: 0.6027, Validation Loss: 0.8455
Epoch 430/1000, Train Loss: 0.5818, Validation Loss: 1.5583
Epoch 431/1000, Train Loss: 0.6596, Validation Loss: 1.9925
Epoch 432/1000, Train Loss: 0.5851, Validation Loss: 0.7094
Epoch 433/1000, Train Loss: 0.5918, Validation Loss: 0.7882
Epoch 434/1000, Train Loss: 0.7038, Validation Loss: 2.2644
Epoch 435/1000, Train Loss: 0.6306, Validation Loss: 2.3138
Epoch 436/1000, Train Loss: 0.6229, Validation Loss: 2.1930
Epoch 437/1000, Train Loss: 0.5925, Validation Loss: 0.7993
Epoch 438/1000, Train Loss: 0.5881, Validation Loss: 0.8962
Epoch 439/1000, Train Loss: 0.6071, Validation Loss: 2.5310
Epoch 440/1000, Train Loss: 0.5980, Validation Loss: 3.4722
Epoch 441/1000, Train Loss: 0.7810, Validation Loss: 2.1213
Epoch 442/1000, Train Loss: 0.6059, Validation Loss: 1.4196
Epoch 443/1000, Train Loss: 0.5901, Validation Loss: 1.1128
Epoch 444/1000, Train Loss: 0.5993, Validation Loss: 0.7174
Epoch 445/1000, Train Loss: 0.6092, Validation Loss: 2.6318
Epoch 446/1000, Train Loss: 0.5941, Validation Loss: 2.6440
Epoch 447/1000, Train Loss: 0.5727, Validation Loss: 1.3813
Epoch 448/1000, Train Loss: 17.9909, Validation Loss: 1.9813
Epoch 449/1000, Train Loss: 0.6026, Validation Loss: 0.6189
Epoch 450/1000, Train Loss: 0.6284, Validation Loss: 1.7028
Epoch 451/1000, Train Loss: 0.5867, Validation Loss: 0.7000
Epoch 452/1000, Train Loss: 0.5752, Validation Loss: 3.0932
Epoch 453/1000, Train Loss: 0.5858, Validation Loss: 2.4037
Epoch 454/1000, Train Loss: 0.5963, Validation Loss: 1.9387
Epoch 455/1000, Train Loss: 0.8980, Validation Loss: 1.8024
Epoch 456/1000, Train Loss: 0.6007, Validation Loss: 3.0778
Epoch 457/1000, Train Loss: 0.6010, Validation Loss: 0.7614
Epoch 458/1000, Train Loss: 0.5959, Validation Loss: 1.4164
Epoch 459/1000, Train Loss: 0.6158, Validation Loss: 1.4479
Epoch 460/1000, Train Loss: 0.5893, Validation Loss: 1.2758
Epoch 461/1000, Train Loss: 0.5976, Validation Loss: 1.1432
Epoch 462/1000, Train Loss: 0.5932, Validation Loss: 1.6089
Epoch 463/1000, Train Loss: 0.7020, Validation Loss: 2.6783
Epoch 464/1000, Train Loss: 0.6111, Validation Loss: 1.4731
Epoch 465/1000, Train Loss: 0.5874, Validation Loss: 1.4491
Epoch 466/1000, Train Loss: 0.6111, Validation Loss: 1.0129
Epoch 467/1000, Train Loss: 0.5829, Validation Loss: 3.1008
Epoch 468/1000, Train Loss: 0.7666, Validation Loss: 2.1038
Epoch 469/1000, Train Loss: 0.5936, Validation Loss: 2.2923
Epoch 470/1000, Train Loss: 0.5920, Validation Loss: 0.6078
Epoch 471/1000, Train Loss: 0.5943, Validation Loss: 2.2867
Epoch 472/1000, Train Loss: 0.5894, Validation Loss: 1.5419
Epoch 473/1000, Train Loss: 0.5901, Validation Loss: 1.1303
Epoch 474/1000, Train Loss: 9.6348, Validation Loss: 2.9857
Epoch 475/1000, Train Loss: 1.5500, Validation Loss: 2.1540
Epoch 476/1000, Train Loss: 0.6083, Validation Loss: 3.1987
Epoch 477/1000, Train Loss: 0.5935, Validation Loss: 1.0335
Epoch 478/1000, Train Loss: 0.6164, Validation Loss: 2.2564
Epoch 479/1000, Train Loss: 0.5932, Validation Loss: 3.2346
Epoch 480/1000, Train Loss: 0.6027, Validation Loss: 0.9693
Epoch 481/1000, Train Loss: 0.6370, Validation Loss: 0.8859
Epoch 482/1000, Train Loss: 0.6130, Validation Loss: 0.6531
Epoch 483/1000, Train Loss: 0.5829, Validation Loss: 0.6629
Epoch 484/1000, Train Loss: 0.5894, Validation Loss: 1.3065
Epoch 485/1000, Train Loss: 0.5881, Validation Loss: 0.9737
Epoch 486/1000, Train Loss: 0.6212, Validation Loss: 1.3988
Epoch 487/1000, Train Loss: 1.0618, Validation Loss: 1.2225
Epoch 488/1000, Train Loss: 0.8046, Validation Loss: 0.9636
Epoch 489/1000, Train Loss: 0.5992, Validation Loss: 1.5999
Epoch 490/1000, Train Loss: 0.5870, Validation Loss: 1.0469
Epoch 491/1000, Train Loss: 0.5883, Validation Loss: 2.0048
Epoch 492/1000, Train Loss: 0.5969, Validation Loss: 1.2578
Epoch 493/1000, Train Loss: 0.5831, Validation Loss: 3.3210
Epoch 494/1000, Train Loss: 2.4848, Validation Loss: 2.7411
Epoch 495/1000, Train Loss: 0.6008, Validation Loss: 2.7651
Epoch 496/1000, Train Loss: 0.6097, Validation Loss: 1.3068
Epoch 497/1000, Train Loss: 0.6051, Validation Loss: 0.7870
Epoch 498/1000, Train Loss: 0.6348, Validation Loss: 1.3448
Epoch 499/1000, Train Loss: 0.5977, Validation Loss: 2.5255
Epoch 500/1000, Train Loss: 0.6082, Validation Loss: 2.2300
Epoch 501/1000, Train Loss: 0.6121, Validation Loss: 1.9322
Epoch 502/1000, Train Loss: 59.3070, Validation Loss: 2.6709
Epoch 503/1000, Train Loss: 0.6457, Validation Loss: 2.9175
Epoch 504/1000, Train Loss: 0.5931, Validation Loss: 2.5312
Epoch 505/1000, Train Loss: 0.5918, Validation Loss: 1.8397
Epoch 506/1000, Train Loss: 0.5982, Validation Loss: 2.3249
Epoch 507/1000, Train Loss: 0.6163, Validation Loss: 5.1159
Epoch 508/1000, Train Loss: 0.7502, Validation Loss: 7.6588
Epoch 509/1000, Train Loss: 0.6056, Validation Loss: 1.6065
Epoch 510/1000, Train Loss: 2311.4391, Validation Loss: 2.2779
Epoch 511/1000, Train Loss: 0.5844, Validation Loss: 2.1647
Epoch 512/1000, Train Loss: 0.5884, Validation Loss: 2.2689
Epoch 513/1000, Train Loss: 0.5982, Validation Loss: 1.9945
Epoch 514/1000, Train Loss: 0.5725, Validation Loss: 0.8848
Epoch 515/1000, Train Loss: 0.5894, Validation Loss: 2.0888
Epoch 516/1000, Train Loss: 0.5930, Validation Loss: 0.7224
Epoch 517/1000, Train Loss: 0.8542, Validation Loss: 3.6359
Epoch 518/1000, Train Loss: 0.5985, Validation Loss: 3.1902
Epoch 519/1000, Train Loss: 0.6019, Validation Loss: 0.8675
Epoch 520/1000, Train Loss: 0.5901, Validation Loss: 3.0598
Epoch 521/1000, Train Loss: 8.9078, Validation Loss: 1.1889
Epoch 522/1000, Train Loss: 0.6286, Validation Loss: 1.5687
Epoch 523/1000, Train Loss: 0.5880, Validation Loss: 1.1115
Epoch 524/1000, Train Loss: 0.6317, Validation Loss: 2.0591
Epoch 525/1000, Train Loss: 0.5775, Validation Loss: 1.3565
Epoch 526/1000, Train Loss: 0.5838, Validation Loss: 9.6638
Epoch 527/1000, Train Loss: 2.6625, Validation Loss: 1.0659
Epoch 528/1000, Train Loss: 0.6013, Validation Loss: 0.7377
Epoch 529/1000, Train Loss: 0.5621, Validation Loss: 0.9521
Epoch 530/1000, Train Loss: 0.6211, Validation Loss: 2.9676
Epoch 531/1000, Train Loss: 0.5744, Validation Loss: 0.9617
Epoch 532/1000, Train Loss: 0.5909, Validation Loss: 1.0828
Epoch 533/1000, Train Loss: 0.5947, Validation Loss: 0.8210
Epoch 534/1000, Train Loss: 0.6186, Validation Loss: 1.5004
Epoch 535/1000, Train Loss: 0.6446, Validation Loss: 1.0549
Epoch 536/1000, Train Loss: 0.5819, Validation Loss: 2.2179
Epoch 537/1000, Train Loss: 0.5814, Validation Loss: 2.7761
Epoch 538/1000, Train Loss: 1.3387, Validation Loss: 0.9977
Epoch 539/1000, Train Loss: 0.5832, Validation Loss: 1.6812
Epoch 540/1000, Train Loss: 0.5816, Validation Loss: 0.9513
Epoch 541/1000, Train Loss: 0.6017, Validation Loss: 0.8407
Epoch 542/1000, Train Loss: 29.1564, Validation Loss: 2.4105
Epoch 543/1000, Train Loss: 0.5911, Validation Loss: 1.3711
Epoch 544/1000, Train Loss: 0.8735, Validation Loss: 1.2808
Epoch 545/1000, Train Loss: 0.5953, Validation Loss: 2.0236
Epoch 546/1000, Train Loss: 0.5915, Validation Loss: 3.2207
Epoch 547/1000, Train Loss: 0.5864, Validation Loss: 0.8026
Epoch 548/1000, Train Loss: 0.6013, Validation Loss: 1.6623
Epoch 549/1000, Train Loss: 0.5717, Validation Loss: 2.9300
Epoch 550/1000, Train Loss: 0.7023, Validation Loss: 2.9274
Epoch 551/1000, Train Loss: 0.5991, Validation Loss: 1.6878
Epoch 552/1000, Train Loss: 0.5955, Validation Loss: 5.0492
Epoch 553/1000, Train Loss: 0.6078, Validation Loss: 3.2518
Epoch 554/1000, Train Loss: 0.6498, Validation Loss: 2.7654
Epoch 555/1000, Train Loss: 0.5875, Validation Loss: 2.1734
Epoch 556/1000, Train Loss: 1.2350, Validation Loss: 2.9949
Epoch 557/1000, Train Loss: 0.6193, Validation Loss: 1.6887
Epoch 558/1000, Train Loss: 0.5794, Validation Loss: 0.9557
Epoch 559/1000, Train Loss: 0.6334, Validation Loss: 6.7865
Epoch 560/1000, Train Loss: 0.6087, Validation Loss: 3.1314
Epoch 561/1000, Train Loss: 0.6046, Validation Loss: 3.4837
Epoch 562/1000, Train Loss: 0.5703, Validation Loss: 6.0349
Epoch 563/1000, Train Loss: 0.5870, Validation Loss: 1.6586
Epoch 564/1000, Train Loss: 0.5759, Validation Loss: 1.1889
Epoch 565/1000, Train Loss: 0.6151, Validation Loss: 3.2533
Epoch 566/1000, Train Loss: 0.6292, Validation Loss: 0.7247
Epoch 567/1000, Train Loss: 0.5839, Validation Loss: 2.1086
Epoch 568/1000, Train Loss: 65.3020, Validation Loss: 3.7171
Epoch 569/1000, Train Loss: 0.6206, Validation Loss: 2.5569
Epoch 570/1000, Train Loss: 0.5904, Validation Loss: 3.3975
Epoch 571/1000, Train Loss: 0.5871, Validation Loss: 2.5178
Epoch 572/1000, Train Loss: 0.5793, Validation Loss: 2.4134
Epoch 573/1000, Train Loss: 0.5781, Validation Loss: 1.9655
Epoch 574/1000, Train Loss: 0.6015, Validation Loss: 2.4982
Epoch 575/1000, Train Loss: 0.5922, Validation Loss: 2.3514
Epoch 576/1000, Train Loss: 0.5743, Validation Loss: 1.6721
Epoch 577/1000, Train Loss: 0.5753, Validation Loss: 1.0058
Epoch 578/1000, Train Loss: 0.8027, Validation Loss: 1.8000
Epoch 579/1000, Train Loss: 0.5934, Validation Loss: 2.3572
Epoch 580/1000, Train Loss: 0.5947, Validation Loss: 2.4815
Epoch 581/1000, Train Loss: 0.6236, Validation Loss: 4.3113
Epoch 582/1000, Train Loss: 0.5852, Validation Loss: 1.7065
Epoch 583/1000, Train Loss: 6.7155, Validation Loss: 1.2273
Epoch 584/1000, Train Loss: 0.5935, Validation Loss: 2.1418
Epoch 585/1000, Train Loss: 0.5909, Validation Loss: 0.9300
Epoch 586/1000, Train Loss: 0.5867, Validation Loss: 1.6973
Epoch 587/1000, Train Loss: 0.5960, Validation Loss: 1.9377
Epoch 588/1000, Train Loss: 0.5766, Validation Loss: 1.4924
Epoch 589/1000, Train Loss: 1.9888, Validation Loss: 1.0967
Epoch 590/1000, Train Loss: 0.5981, Validation Loss: 1.1469
Epoch 591/1000, Train Loss: 0.5927, Validation Loss: 2.5968
Epoch 592/1000, Train Loss: 0.6367, Validation Loss: 1.6893
Epoch 593/1000, Train Loss: 0.6062, Validation Loss: 2.6933
Epoch 594/1000, Train Loss: 0.5822, Validation Loss: 4.3227
Epoch 595/1000, Train Loss: 0.5796, Validation Loss: 1.6798
Epoch 596/1000, Train Loss: 70.3596, Validation Loss: 6.1776
Epoch 597/1000, Train Loss: 2.8937, Validation Loss: 1.6023
Epoch 598/1000, Train Loss: 0.6388, Validation Loss: 1.5442
Epoch 599/1000, Train Loss: 0.5976, Validation Loss: 2.4286
Epoch 600/1000, Train Loss: 0.6835, Validation Loss: 3.9212
Epoch 601/1000, Train Loss: 0.6008, Validation Loss: 1.5974
Epoch 602/1000, Train Loss: 0.5903, Validation Loss: 2.8085
Epoch 603/1000, Train Loss: 12.2961, Validation Loss: 1.6898
Epoch 604/1000, Train Loss: 0.5914, Validation Loss: 0.7473
Epoch 605/1000, Train Loss: 0.6084, Validation Loss: 2.1264
Epoch 606/1000, Train Loss: 0.5715, Validation Loss: 1.2397
Epoch 607/1000, Train Loss: 1.0140, Validation Loss: 2.5356
Epoch 608/1000, Train Loss: 0.5881, Validation Loss: 1.0080
Epoch 609/1000, Train Loss: 0.5924, Validation Loss: 2.2511
Epoch 610/1000, Train Loss: 0.6022, Validation Loss: 3.5364
Epoch 611/1000, Train Loss: 0.5993, Validation Loss: 1.8867
Epoch 612/1000, Train Loss: 22.1642, Validation Loss: 1.8645
Epoch 613/1000, Train Loss: 0.6186, Validation Loss: 2.4207
Epoch 614/1000, Train Loss: 0.5999, Validation Loss: 2.1648
Epoch 615/1000, Train Loss: 0.5957, Validation Loss: 3.7430
Epoch 616/1000, Train Loss: 0.6727, Validation Loss: 7.2590
Epoch 617/1000, Train Loss: 0.6013, Validation Loss: 2.7856
Epoch 618/1000, Train Loss: 0.7995, Validation Loss: 1.6641
Epoch 619/1000, Train Loss: 0.6235, Validation Loss: 1.5109
Epoch 620/1000, Train Loss: 0.6107, Validation Loss: 1.3031
Epoch 621/1000, Train Loss: 0.5892, Validation Loss: 3.7995
Epoch 622/1000, Train Loss: 0.5966, Validation Loss: 2.9203
Epoch 623/1000, Train Loss: 0.5885, Validation Loss: 4.4068
Epoch 624/1000, Train Loss: 0.8555, Validation Loss: 1.7205
Epoch 625/1000, Train Loss: 0.6231, Validation Loss: 1.1884
Epoch 626/1000, Train Loss: 0.5765, Validation Loss: 2.2496
Epoch 627/1000, Train Loss: 0.5874, Validation Loss: 0.9713
Epoch 628/1000, Train Loss: 0.7563, Validation Loss: 1.0546
Epoch 629/1000, Train Loss: 0.6115, Validation Loss: 1.4748
Epoch 630/1000, Train Loss: 0.5850, Validation Loss: 4.5858
Epoch 631/1000, Train Loss: 0.5643, Validation Loss: 0.8655
Epoch 632/1000, Train Loss: 0.5876, Validation Loss: 2.1051
Epoch 633/1000, Train Loss: 0.5804, Validation Loss: 0.8339
Epoch 634/1000, Train Loss: 0.5988, Validation Loss: 1.4356
Epoch 635/1000, Train Loss: 0.6614, Validation Loss: 1.7226
Epoch 636/1000, Train Loss: 0.6028, Validation Loss: 0.9732
Epoch 637/1000, Train Loss: 0.5773, Validation Loss: 5.4006
Epoch 638/1000, Train Loss: 0.6094, Validation Loss: 1.4240
Epoch 639/1000, Train Loss: 0.5882, Validation Loss: 3.4272
Epoch 640/1000, Train Loss: 0.5914, Validation Loss: 1.3092
Epoch 641/1000, Train Loss: 0.5740, Validation Loss: 7.0648
Epoch 642/1000, Train Loss: 0.9320, Validation Loss: 1.4377
Epoch 643/1000, Train Loss: 0.5904, Validation Loss: 1.0611
Epoch 644/1000, Train Loss: 0.5850, Validation Loss: 0.8184
Epoch 645/1000, Train Loss: 0.5796, Validation Loss: 0.6898
Epoch 646/1000, Train Loss: 0.5848, Validation Loss: 3.8439
Epoch 647/1000, Train Loss: 0.6116, Validation Loss: 0.6656
Epoch 648/1000, Train Loss: 0.5873, Validation Loss: 2.5752
Epoch 649/1000, Train Loss: 0.6358, Validation Loss: 3.1540
Epoch 650/1000, Train Loss: 0.5840, Validation Loss: 2.4339
Epoch 651/1000, Train Loss: 0.5967, Validation Loss: 0.8974
Epoch 652/1000, Train Loss: 0.6000, Validation Loss: 1.8549
Epoch 653/1000, Train Loss: 0.6680, Validation Loss: 1.0296
Epoch 654/1000, Train Loss: 0.5859, Validation Loss: 1.4349
Epoch 655/1000, Train Loss: 0.8097, Validation Loss: 2.2168
Epoch 656/1000, Train Loss: 0.5841, Validation Loss: 2.3691
Epoch 657/1000, Train Loss: 0.5801, Validation Loss: 0.9588
Epoch 658/1000, Train Loss: 0.6042, Validation Loss: 1.5947
Epoch 659/1000, Train Loss: 0.6035, Validation Loss: 1.9630
Epoch 660/1000, Train Loss: 0.6036, Validation Loss: 0.7099
Epoch 661/1000, Train Loss: 0.5767, Validation Loss: 1.9740
Epoch 662/1000, Train Loss: 0.5679, Validation Loss: 0.6698
Epoch 663/1000, Train Loss: 0.5925, Validation Loss: 1.7916
Epoch 664/1000, Train Loss: 1.9292, Validation Loss: 16.9411
Epoch 665/1000, Train Loss: 0.9336, Validation Loss: 1.8202
Epoch 666/1000, Train Loss: 0.5792, Validation Loss: 1.8083
Epoch 667/1000, Train Loss: 0.5941, Validation Loss: 1.9564
Epoch 668/1000, Train Loss: 0.5755, Validation Loss: 3.7923
Epoch 669/1000, Train Loss: 0.5868, Validation Loss: 0.8041
Epoch 670/1000, Train Loss: 9.6441, Validation Loss: 1.7681
Epoch 671/1000, Train Loss: 0.5798, Validation Loss: 0.6924
Epoch 672/1000, Train Loss: 0.5657, Validation Loss: 0.8066
Epoch 673/1000, Train Loss: 0.6724, Validation Loss: 1.0479
Epoch 674/1000, Train Loss: 0.6003, Validation Loss: 1.0685
Epoch 675/1000, Train Loss: 0.5836, Validation Loss: 0.9776
Epoch 676/1000, Train Loss: 0.5798, Validation Loss: 0.8532
Epoch 677/1000, Train Loss: 0.7718, Validation Loss: 1.1386
Epoch 678/1000, Train Loss: 0.5921, Validation Loss: 0.8090
Epoch 679/1000, Train Loss: 0.6028, Validation Loss: 1.2882
Epoch 680/1000, Train Loss: 0.6101, Validation Loss: 0.8568
Epoch 681/1000, Train Loss: 0.6111, Validation Loss: 2.5637
Epoch 682/1000, Train Loss: 0.6276, Validation Loss: 3.1742
Epoch 683/1000, Train Loss: 0.5870, Validation Loss: 2.0561
Epoch 684/1000, Train Loss: 0.5772, Validation Loss: 2.6753
Epoch 685/1000, Train Loss: 0.5738, Validation Loss: 2.2754
Epoch 686/1000, Train Loss: 0.5787, Validation Loss: 1.4391
Epoch 687/1000, Train Loss: 0.5754, Validation Loss: 1.1949
Epoch 688/1000, Train Loss: 0.7130, Validation Loss: 0.9893
Epoch 689/1000, Train Loss: 0.5745, Validation Loss: 0.6805
Epoch 690/1000, Train Loss: 0.7165, Validation Loss: 2.2854
Epoch 691/1000, Train Loss: 0.5967, Validation Loss: 1.5835
Epoch 692/1000, Train Loss: 0.5777, Validation Loss: 2.6614
Epoch 693/1000, Train Loss: 0.5872, Validation Loss: 0.6417
Epoch 694/1000, Train Loss: 0.6320, Validation Loss: 1.0502
Epoch 695/1000, Train Loss: 0.5879, Validation Loss: 1.5768
Epoch 696/1000, Train Loss: 0.5937, Validation Loss: 2.4953
Epoch 697/1000, Train Loss: 0.6002, Validation Loss: 1.0627
Epoch 698/1000, Train Loss: 0.5814, Validation Loss: 2.9466
Epoch 699/1000, Train Loss: 6.4141, Validation Loss: 1.6923
Epoch 700/1000, Train Loss: 0.6834, Validation Loss: 3.9699
Epoch 701/1000, Train Loss: 0.5987, Validation Loss: 0.7659
Epoch 702/1000, Train Loss: 1.0352, Validation Loss: 2.3533
Epoch 703/1000, Train Loss: 0.6230, Validation Loss: 1.1381
Epoch 704/1000, Train Loss: 0.5742, Validation Loss: 1.1284
Epoch 705/1000, Train Loss: 0.6010, Validation Loss: 1.2549
Epoch 706/1000, Train Loss: 0.5853, Validation Loss: 2.1222
Epoch 707/1000, Train Loss: 0.5849, Validation Loss: 3.4739
Epoch 708/1000, Train Loss: 0.5854, Validation Loss: 3.7539
Epoch 709/1000, Train Loss: 0.5936, Validation Loss: 1.8789
Epoch 710/1000, Train Loss: 0.7836, Validation Loss: 1.3542
Epoch 711/1000, Train Loss: 0.5819, Validation Loss: 3.2957
Epoch 712/1000, Train Loss: 0.5969, Validation Loss: 1.1672
Epoch 713/1000, Train Loss: 0.5998, Validation Loss: 2.8238
Epoch 714/1000, Train Loss: 0.5900, Validation Loss: 2.2469
Epoch 715/1000, Train Loss: 0.5700, Validation Loss: 2.4570
Epoch 716/1000, Train Loss: 0.5892, Validation Loss: 1.9891
Epoch 717/1000, Train Loss: 0.6639, Validation Loss: 3.0611
Epoch 718/1000, Train Loss: 0.5836, Validation Loss: 2.4092
Epoch 719/1000, Train Loss: 0.5965, Validation Loss: 1.5927
Epoch 720/1000, Train Loss: 0.5721, Validation Loss: 1.8452
Epoch 721/1000, Train Loss: 0.5858, Validation Loss: 1.7298
Epoch 722/1000, Train Loss: 0.5692, Validation Loss: 1.0758
Epoch 723/1000, Train Loss: 186.2913, Validation Loss: 1.9038
Epoch 724/1000, Train Loss: 0.5825, Validation Loss: 1.7341
Epoch 725/1000, Train Loss: 0.5838, Validation Loss: 2.0768
Epoch 726/1000, Train Loss: 0.5727, Validation Loss: 12.3474
Epoch 727/1000, Train Loss: 0.5762, Validation Loss: 1.1268
Epoch 728/1000, Train Loss: 0.5769, Validation Loss: 0.9229
Epoch 729/1000, Train Loss: 0.5703, Validation Loss: 0.6909
Epoch 730/1000, Train Loss: 0.6732, Validation Loss: 1.1809
Epoch 731/1000, Train Loss: 0.5857, Validation Loss: 2.0003
Epoch 732/1000, Train Loss: 0.5753, Validation Loss: 5.0672
Epoch 733/1000, Train Loss: 0.5802, Validation Loss: 5.3824
Epoch 734/1000, Train Loss: 1.3373, Validation Loss: 2.1097
Epoch 735/1000, Train Loss: 0.5944, Validation Loss: 4.3064
Epoch 736/1000, Train Loss: 0.6107, Validation Loss: 0.9138
Epoch 737/1000, Train Loss: 0.5833, Validation Loss: 2.0864
Epoch 738/1000, Train Loss: 0.5795, Validation Loss: 1.2354
Epoch 739/1000, Train Loss: 0.8365, Validation Loss: 2.3846
Epoch 740/1000, Train Loss: 11.7133, Validation Loss: 0.5828
Epoch 741/1000, Train Loss: 0.5801, Validation Loss: 4.0963
Epoch 742/1000, Train Loss: 0.6063, Validation Loss: 3.1190
Epoch 743/1000, Train Loss: 0.5816, Validation Loss: 1.2589
Epoch 744/1000, Train Loss: 0.5868, Validation Loss: 0.8903
Epoch 745/1000, Train Loss: 0.6199, Validation Loss: 2.9499
Epoch 746/1000, Train Loss: 0.5852, Validation Loss: 1.8880
Epoch 747/1000, Train Loss: 0.5723, Validation Loss: 2.9932
Epoch 748/1000, Train Loss: 0.5915, Validation Loss: 1.1878
Epoch 749/1000, Train Loss: 0.5778, Validation Loss: 0.6533
Epoch 750/1000, Train Loss: 0.6317, Validation Loss: 0.6379
Epoch 751/1000, Train Loss: 0.5722, Validation Loss: 1.1794
Epoch 752/1000, Train Loss: 0.5756, Validation Loss: 2.3522
Epoch 753/1000, Train Loss: 0.5776, Validation Loss: 2.7909
Epoch 754/1000, Train Loss: 0.5988, Validation Loss: 2.3938
Epoch 755/1000, Train Loss: 0.6186, Validation Loss: 2.4800
Epoch 756/1000, Train Loss: 0.5808, Validation Loss: 2.4969
Epoch 757/1000, Train Loss: 0.5895, Validation Loss: 0.7273
Epoch 758/1000, Train Loss: 0.5767, Validation Loss: 3.1145
Epoch 759/1000, Train Loss: 0.5956, Validation Loss: 1.3568
Epoch 760/1000, Train Loss: 0.5723, Validation Loss: 1.4777
Epoch 761/1000, Train Loss: 0.6344, Validation Loss: 4.2270
Epoch 762/1000, Train Loss: 0.6222, Validation Loss: 4.4807
Epoch 763/1000, Train Loss: 0.5858, Validation Loss: 3.4336
Epoch 764/1000, Train Loss: 0.5781, Validation Loss: 1.0745
Epoch 765/1000, Train Loss: 0.5889, Validation Loss: 1.3240
Epoch 766/1000, Train Loss: 0.6722, Validation Loss: 15.2936
Epoch 767/1000, Train Loss: 0.9174, Validation Loss: 2.5699
Epoch 768/1000, Train Loss: 0.5884, Validation Loss: 3.7839
Epoch 769/1000, Train Loss: 0.5766, Validation Loss: 8.6946
Epoch 770/1000, Train Loss: 0.5993, Validation Loss: 1.2137
Epoch 771/1000, Train Loss: 0.5921, Validation Loss: 3.6691
Epoch 772/1000, Train Loss: 0.5923, Validation Loss: 1.3213
Epoch 773/1000, Train Loss: 0.6012, Validation Loss: 1.2447
Epoch 774/1000, Train Loss: 0.6007, Validation Loss: 1.9528
Epoch 775/1000, Train Loss: 0.5715, Validation Loss: 2.7135
Epoch 776/1000, Train Loss: 0.5763, Validation Loss: 2.7966
Epoch 777/1000, Train Loss: 7.3978, Validation Loss: 0.7265
Epoch 778/1000, Train Loss: 0.5992, Validation Loss: 2.7809
Epoch 779/1000, Train Loss: 0.6004, Validation Loss: 3.4796
Epoch 780/1000, Train Loss: 0.5761, Validation Loss: 1.1831
Epoch 781/1000, Train Loss: 0.5864, Validation Loss: 0.8611
Epoch 782/1000, Train Loss: 0.6426, Validation Loss: 1.3529
Epoch 783/1000, Train Loss: 0.5788, Validation Loss: 0.9019
Epoch 784/1000, Train Loss: 0.6943, Validation Loss: 2.9804
Epoch 785/1000, Train Loss: 4.2750, Validation Loss: 1.4206
Epoch 786/1000, Train Loss: 0.5771, Validation Loss: 3.3392
Epoch 787/1000, Train Loss: 0.5904, Validation Loss: 2.6740
Epoch 788/1000, Train Loss: 0.5727, Validation Loss: 1.0964
Epoch 789/1000, Train Loss: 0.5781, Validation Loss: 2.3706
Epoch 790/1000, Train Loss: 0.5933, Validation Loss: 0.9483
Epoch 791/1000, Train Loss: 0.5780, Validation Loss: 1.6615
Epoch 792/1000, Train Loss: 0.5862, Validation Loss: 2.8492
Epoch 793/1000, Train Loss: 0.5992, Validation Loss: 0.8410
Epoch 794/1000, Train Loss: 0.7547, Validation Loss: 3.6103
Epoch 795/1000, Train Loss: 0.5902, Validation Loss: 1.2101
Epoch 796/1000, Train Loss: 0.5814, Validation Loss: 1.0277
Epoch 797/1000, Train Loss: 0.5915, Validation Loss: 2.2525
Epoch 798/1000, Train Loss: 0.6915, Validation Loss: 0.9035
Epoch 799/1000, Train Loss: 0.7805, Validation Loss: 1.6963
Epoch 800/1000, Train Loss: 0.5894, Validation Loss: 1.0847
Epoch 801/1000, Train Loss: 0.5934, Validation Loss: 2.3221
Epoch 802/1000, Train Loss: 0.5906, Validation Loss: 0.9777
Epoch 803/1000, Train Loss: 0.5754, Validation Loss: 3.0154
Epoch 804/1000, Train Loss: 0.5685, Validation Loss: 2.4385
Epoch 805/1000, Train Loss: 0.5997, Validation Loss: 2.0049
Epoch 806/1000, Train Loss: 0.5965, Validation Loss: 3.1569
Epoch 807/1000, Train Loss: 0.5836, Validation Loss: 1.6320
Epoch 808/1000, Train Loss: 0.5815, Validation Loss: 2.4751
Epoch 809/1000, Train Loss: 0.5737, Validation Loss: 3.2334
Epoch 810/1000, Train Loss: 0.6052, Validation Loss: 2.5610
Epoch 811/1000, Train Loss: 0.9875, Validation Loss: 2.8226
Epoch 812/1000, Train Loss: 0.5875, Validation Loss: 0.9176
Epoch 813/1000, Train Loss: 0.5973, Validation Loss: 2.4761
Epoch 814/1000, Train Loss: 0.9460, Validation Loss: 2.7390
Epoch 815/1000, Train Loss: 0.5905, Validation Loss: 2.1423
Epoch 816/1000, Train Loss: 0.5831, Validation Loss: 2.0112
Epoch 817/1000, Train Loss: 0.5822, Validation Loss: 2.6624
Epoch 818/1000, Train Loss: 0.5813, Validation Loss: 2.1139
Epoch 819/1000, Train Loss: 0.5964, Validation Loss: 2.0680
Epoch 820/1000, Train Loss: 0.5835, Validation Loss: 2.5439
Epoch 821/1000, Train Loss: 33.8735, Validation Loss: 2.0445
Epoch 822/1000, Train Loss: 0.5998, Validation Loss: 0.8533
Epoch 823/1000, Train Loss: 0.5847, Validation Loss: 0.9063
Epoch 824/1000, Train Loss: 0.6060, Validation Loss: 1.2756
Epoch 825/1000, Train Loss: 0.5982, Validation Loss: 1.2348
Epoch 826/1000, Train Loss: 0.5804, Validation Loss: 2.3066
Epoch 827/1000, Train Loss: 0.5697, Validation Loss: 1.5610
Epoch 828/1000, Train Loss: 0.5883, Validation Loss: 1.7044
Epoch 829/1000, Train Loss: 1.3906, Validation Loss: 0.5822
Epoch 830/1000, Train Loss: 0.5934, Validation Loss: 1.3075
Epoch 831/1000, Train Loss: 0.5858, Validation Loss: 1.7059
Epoch 832/1000, Train Loss: 221.6873, Validation Loss: 1.7959
Epoch 833/1000, Train Loss: 0.5860, Validation Loss: 1.7951
Epoch 834/1000, Train Loss: 0.5696, Validation Loss: 1.4544
Epoch 835/1000, Train Loss: 0.5958, Validation Loss: 1.3428
Epoch 836/1000, Train Loss: 0.5955, Validation Loss: 22.3635
Epoch 837/1000, Train Loss: 0.6037, Validation Loss: 2.6350
Epoch 838/1000, Train Loss: 0.5826, Validation Loss: 0.9420
Epoch 839/1000, Train Loss: 0.5838, Validation Loss: 1.4248
Epoch 840/1000, Train Loss: 0.5830, Validation Loss: 0.7375
Epoch 841/1000, Train Loss: 0.7840, Validation Loss: 1.8146
Epoch 842/1000, Train Loss: 0.5929, Validation Loss: 1.7117
Epoch 843/1000, Train Loss: 0.5656, Validation Loss: 0.9317
Epoch 844/1000, Train Loss: 0.5778, Validation Loss: 2.9181
Epoch 845/1000, Train Loss: 0.5731, Validation Loss: 1.5246
Epoch 846/1000, Train Loss: 0.5821, Validation Loss: 1.8275
Epoch 847/1000, Train Loss: 0.5658, Validation Loss: 2.5408
Epoch 848/1000, Train Loss: 0.5762, Validation Loss: 3.3070
Epoch 849/1000, Train Loss: 0.5680, Validation Loss: 5.9472
Epoch 850/1000, Train Loss: 0.5997, Validation Loss: 0.9818
Epoch 851/1000, Train Loss: 0.5808, Validation Loss: 1.0228
Epoch 852/1000, Train Loss: 0.5968, Validation Loss: 2.4657
Epoch 853/1000, Train Loss: 0.5846, Validation Loss: 1.7923
Epoch 854/1000, Train Loss: 1.6449, Validation Loss: 2.5938
Epoch 855/1000, Train Loss: 0.5950, Validation Loss: 2.2863
Epoch 856/1000, Train Loss: 0.5741, Validation Loss: 2.7218
Epoch 857/1000, Train Loss: 0.5886, Validation Loss: 4.4384
Epoch 858/1000, Train Loss: 0.5746, Validation Loss: 1.3838
Epoch 859/1000, Train Loss: 0.6108, Validation Loss: 0.9566
Epoch 860/1000, Train Loss: 0.5822, Validation Loss: 1.8776
Epoch 861/1000, Train Loss: 0.8348, Validation Loss: 1.1812
Epoch 862/1000, Train Loss: 0.5858, Validation Loss: 1.1627
Epoch 863/1000, Train Loss: 0.5815, Validation Loss: 1.1123
Epoch 864/1000, Train Loss: 0.5909, Validation Loss: 1.7647
Epoch 865/1000, Train Loss: 0.7050, Validation Loss: 0.9759
Epoch 866/1000, Train Loss: 0.5814, Validation Loss: 4.4730
Epoch 867/1000, Train Loss: 0.5862, Validation Loss: 2.5342
Epoch 868/1000, Train Loss: 0.5778, Validation Loss: 1.2455
Epoch 869/1000, Train Loss: 0.5744, Validation Loss: 3.4864
Epoch 870/1000, Train Loss: 0.8601, Validation Loss: 3.8023
Epoch 871/1000, Train Loss: 0.5845, Validation Loss: 1.0384
Epoch 872/1000, Train Loss: 0.5848, Validation Loss: 1.0916
Epoch 873/1000, Train Loss: 0.5858, Validation Loss: 2.4694
Epoch 874/1000, Train Loss: 0.5662, Validation Loss: 3.5138
Epoch 875/1000, Train Loss: 0.6089, Validation Loss: 1.2339
Epoch 876/1000, Train Loss: 0.5673, Validation Loss: 1.2471
Epoch 877/1000, Train Loss: 0.5949, Validation Loss: 0.6722
Epoch 878/1000, Train Loss: 2.0381, Validation Loss: 0.8717
Epoch 879/1000, Train Loss: 0.6880, Validation Loss: 2.5965
Epoch 880/1000, Train Loss: 0.6216, Validation Loss: 1.9442
Epoch 881/1000, Train Loss: 0.6210, Validation Loss: 1.5722
Epoch 882/1000, Train Loss: 0.6140, Validation Loss: 2.2025
Epoch 883/1000, Train Loss: 0.6014, Validation Loss: 1.3658
Epoch 884/1000, Train Loss: 0.6025, Validation Loss: 1.0958
Epoch 885/1000, Train Loss: 1.2877, Validation Loss: 0.7576
Epoch 886/1000, Train Loss: 0.5928, Validation Loss: 2.2577
Epoch 887/1000, Train Loss: 0.5987, Validation Loss: 1.0849
Epoch 888/1000, Train Loss: 0.5846, Validation Loss: 2.7117
Epoch 889/1000, Train Loss: 0.5780, Validation Loss: 3.0040
Epoch 890/1000, Train Loss: 5.9929, Validation Loss: 0.6417
Epoch 891/1000, Train Loss: 0.5965, Validation Loss: 0.5898
Epoch 892/1000, Train Loss: 0.5748, Validation Loss: 2.3229
Epoch 893/1000, Train Loss: 0.5888, Validation Loss: 2.8039
Epoch 894/1000, Train Loss: 0.5768, Validation Loss: 0.8671
Epoch 895/1000, Train Loss: 0.5809, Validation Loss: 2.0920
Epoch 896/1000, Train Loss: 0.5620, Validation Loss: 0.9006
Epoch 897/1000, Train Loss: 0.7830, Validation Loss: 3.3598
Epoch 898/1000, Train Loss: 0.5680, Validation Loss: 2.6677
Epoch 899/1000, Train Loss: 0.5815, Validation Loss: 2.2325
Epoch 900/1000, Train Loss: 0.5843, Validation Loss: 1.1053
Epoch 901/1000, Train Loss: 0.6367, Validation Loss: 1.4177
Epoch 902/1000, Train Loss: 0.5886, Validation Loss: 3.1873
Epoch 903/1000, Train Loss: 0.5774, Validation Loss: 1.2363
Epoch 904/1000, Train Loss: 0.5738, Validation Loss: 1.4078
Epoch 905/1000, Train Loss: 0.6109, Validation Loss: 3.3724
Epoch 906/1000, Train Loss: 0.5756, Validation Loss: 1.4054
Epoch 907/1000, Train Loss: 0.6368, Validation Loss: 1.0096
Epoch 908/1000, Train Loss: 0.5720, Validation Loss: 2.3573
Epoch 909/1000, Train Loss: 0.5806, Validation Loss: 1.2812
Epoch 910/1000, Train Loss: 0.5907, Validation Loss: 1.5474
Epoch 911/1000, Train Loss: 0.5701, Validation Loss: 0.7833
Epoch 912/1000, Train Loss: 0.5591, Validation Loss: 1.4912
Epoch 913/1000, Train Loss: 0.6605, Validation Loss: 1.3987
Epoch 914/1000, Train Loss: 0.5743, Validation Loss: 1.1447
Epoch 915/1000, Train Loss: 0.5793, Validation Loss: 1.8347
Epoch 916/1000, Train Loss: 0.5738, Validation Loss: 8.7076
Epoch 917/1000, Train Loss: 0.5664, Validation Loss: 0.9854
Epoch 918/1000, Train Loss: 0.6305, Validation Loss: 1.0423
Epoch 919/1000, Train Loss: 0.5973, Validation Loss: 1.6366
Epoch 920/1000, Train Loss: 0.5843, Validation Loss: 0.8770
Epoch 921/1000, Train Loss: 3.2902, Validation Loss: 1.3624
Epoch 922/1000, Train Loss: 0.5744, Validation Loss: 8.2990
Epoch 923/1000, Train Loss: 0.5880, Validation Loss: 1.2134
Epoch 924/1000, Train Loss: 0.5769, Validation Loss: 10.1169
Epoch 925/1000, Train Loss: 0.7435, Validation Loss: 1.6258
Epoch 926/1000, Train Loss: 0.6087, Validation Loss: 1.2092
Epoch 927/1000, Train Loss: 0.5890, Validation Loss: 1.0695
Epoch 928/1000, Train Loss: 0.8073, Validation Loss: 2.2134
Epoch 929/1000, Train Loss: 0.5794, Validation Loss: 1.3083
Epoch 930/1000, Train Loss: 0.5654, Validation Loss: 0.9559
Epoch 931/1000, Train Loss: 0.5681, Validation Loss: 2.4585
Epoch 932/1000, Train Loss: 1.2865, Validation Loss: 2.7046
Epoch 933/1000, Train Loss: 0.6128, Validation Loss: 1.6979
Epoch 934/1000, Train Loss: 0.6275, Validation Loss: 4.1694
Epoch 935/1000, Train Loss: 0.5881, Validation Loss: 3.4596
Epoch 936/1000, Train Loss: 0.5780, Validation Loss: 1.4852
Epoch 937/1000, Train Loss: 0.5752, Validation Loss: 4.6962
Epoch 938/1000, Train Loss: 0.5932, Validation Loss: 0.8924
Epoch 939/1000, Train Loss: 0.5658, Validation Loss: 1.3794
Epoch 940/1000, Train Loss: 3.0343, Validation Loss: 6.2303
Epoch 941/1000, Train Loss: 2.1380, Validation Loss: 2.3290
Epoch 942/1000, Train Loss: 0.6043, Validation Loss: 0.8859
Epoch 943/1000, Train Loss: 0.5997, Validation Loss: 0.6621
Epoch 944/1000, Train Loss: 0.5928, Validation Loss: 2.0020
Epoch 945/1000, Train Loss: 0.6024, Validation Loss: 1.6129
Epoch 946/1000, Train Loss: 0.6239, Validation Loss: 57.3027
Epoch 947/1000, Train Loss: 1.0321, Validation Loss: 1.1297
Epoch 948/1000, Train Loss: 0.5789, Validation Loss: 0.8328
Epoch 949/1000, Train Loss: 0.5917, Validation Loss: 5.6140
Epoch 950/1000, Train Loss: 0.5982, Validation Loss: 3.1043
Epoch 951/1000, Train Loss: 0.5741, Validation Loss: 2.9435
Epoch 952/1000, Train Loss: 0.5953, Validation Loss: 4.2042
Epoch 953/1000, Train Loss: 11.6851, Validation Loss: 1.4562
Epoch 954/1000, Train Loss: 0.6191, Validation Loss: 2.7909
Epoch 955/1000, Train Loss: 0.5800, Validation Loss: 1.8537
Epoch 956/1000, Train Loss: 0.5941, Validation Loss: 2.0502
Epoch 957/1000, Train Loss: 1.2180, Validation Loss: 3.2595
Epoch 958/1000, Train Loss: 5.3925, Validation Loss: 1.5387
Epoch 959/1000, Train Loss: 0.5909, Validation Loss: 1.7970
Epoch 960/1000, Train Loss: 0.5761, Validation Loss: 0.9971
Epoch 961/1000, Train Loss: 0.5718, Validation Loss: 3.5916
Epoch 962/1000, Train Loss: 0.5847, Validation Loss: 1.6487
Epoch 963/1000, Train Loss: 0.5591, Validation Loss: 1.9164
Epoch 964/1000, Train Loss: 0.7615, Validation Loss: 1.9143
Epoch 965/1000, Train Loss: 0.5899, Validation Loss: 0.9610
Epoch 966/1000, Train Loss: 0.5883, Validation Loss: 0.7687
Epoch 967/1000, Train Loss: 0.5783, Validation Loss: 1.5582
Epoch 968/1000, Train Loss: 2.1020, Validation Loss: 2.1121
Epoch 969/1000, Train Loss: 0.5812, Validation Loss: 2.2975
Epoch 970/1000, Train Loss: 0.5867, Validation Loss: 1.7176
Epoch 971/1000, Train Loss: 0.5881, Validation Loss: 3.0495
Epoch 972/1000, Train Loss: 0.6111, Validation Loss: 0.6968
Epoch 973/1000, Train Loss: 0.5989, Validation Loss: 2.5028
Epoch 974/1000, Train Loss: 0.5835, Validation Loss: 0.7604
Epoch 975/1000, Train Loss: 0.6090, Validation Loss: 0.6884
Epoch 976/1000, Train Loss: 2.3920, Validation Loss: 3.8344
Epoch 977/1000, Train Loss: 0.6108, Validation Loss: 1.1508
Epoch 978/1000, Train Loss: 0.6019, Validation Loss: 1.6288
Epoch 979/1000, Train Loss: 0.5879, Validation Loss: 2.1165
Epoch 980/1000, Train Loss: 0.5768, Validation Loss: 2.9942
Epoch 981/1000, Train Loss: 0.6732, Validation Loss: 1.1284
Epoch 982/1000, Train Loss: 0.5859, Validation Loss: 1.0760
Epoch 983/1000, Train Loss: 0.5810, Validation Loss: 1.4377
Epoch 984/1000, Train Loss: 1.8992, Validation Loss: 1.7048
Epoch 985/1000, Train Loss: 0.5933, Validation Loss: 2.1742
Epoch 986/1000, Train Loss: 0.5756, Validation Loss: 2.8343
Epoch 987/1000, Train Loss: 2.0678, Validation Loss: 1.2075
Epoch 988/1000, Train Loss: 0.5956, Validation Loss: 1.3575
Epoch 989/1000, Train Loss: 0.8248, Validation Loss: 0.9057
Epoch 990/1000, Train Loss: 0.5847, Validation Loss: 2.6821
Epoch 991/1000, Train Loss: 0.5938, Validation Loss: 0.5291
Epoch 992/1000, Train Loss: 0.5777, Validation Loss: 0.8544
Epoch 993/1000, Train Loss: 0.6291, Validation Loss: 1.4453
Epoch 994/1000, Train Loss: 230.7754, Validation Loss: 2.1769
Epoch 995/1000, Train Loss: 0.5824, Validation Loss: 0.8695
Epoch 996/1000, Train Loss: 0.5805, Validation Loss: 1.9105
Epoch 997/1000, Train Loss: 0.5926, Validation Loss: 0.7570
Epoch 998/1000, Train Loss: 0.6396, Validation Loss: 3.9005
Epoch 999/1000, Train Loss: 0.6207, Validation Loss: 1.9784
Epoch 1000/1000, Train Loss: 0.7391, Validation Loss: 1.1893
Best Training Loss: 0.5591
Best Training Loss Epoch: 963
Best Validation Loss: 0.5291
Best Validation Loss Epoch: 991
Time taken for training: 0-21:33:59
Test Loss: 0.5588
Test MAPE: 137597.7969%
Error Statistics:
count    4.127200e+04
mean     9.716562e+03
std      1.883284e+06
min      4.792213e-05
25%      1.559828e-01
50%      1.886874e+00
75%      2.550578e+01
max      3.825967e+08
Name: Absolute Error, dtype: float64
Training complete. Final model saved.
Saving model as a wandb Artifact...
Model artifact logged successfully.
[1;34mwandb[0m: 
[1;34mwandb[0m: 🚀 View run [33mpeach-sweep-145[0m at: [34mhttps://wandb.ai/mk8737-new-york-university/rl_pretrain_hp_sweeps/runs/3z082i5p[0m
[1;34mwandb[0m: Find logs at: [1;35mwandb/run-20251006_144144-3z082i5p/logs[0m
Agent finished.
