Waiting for sweep ID...
Found Sweep ID: mof3aj3v
Starting wandb agent for sweep mof3aj3v...
TRAINING DEVICE: cpu
Run Name: GIN_sag_hp_sweep_sag_mof3aj3v-bv00iq1e
finidhed preparing data
Loading dataset from pretrain_dataset_12.5k_fixed_duplicates.pkl
Loaded 412712 data objects.
finished preparing data
Epoch 1/1000, Train Loss: 3.7852, Validation Loss: 4.7371
Epoch 2/1000, Train Loss: 8.4196, Validation Loss: 1.5777
Epoch 3/1000, Train Loss: 2.5269, Validation Loss: 2.3548
Epoch 4/1000, Train Loss: 1.9455, Validation Loss: 2.0053
Epoch 5/1000, Train Loss: 1.8949, Validation Loss: 4.9737
Epoch 6/1000, Train Loss: 2.0688, Validation Loss: 1.4759
Epoch 7/1000, Train Loss: 1.8244, Validation Loss: 2.8861
Epoch 8/1000, Train Loss: 1.6708, Validation Loss: 2.5428
Epoch 9/1000, Train Loss: 1.5838, Validation Loss: 1.4105
Epoch 10/1000, Train Loss: 1.7584, Validation Loss: 1.6042
Epoch 11/1000, Train Loss: 2.0936, Validation Loss: 1.4918
Epoch 12/1000, Train Loss: 1.8547, Validation Loss: 3.8034
Epoch 13/1000, Train Loss: 1.9701, Validation Loss: 1.5295
Epoch 14/1000, Train Loss: 2.1351, Validation Loss: 1.6952
Epoch 15/1000, Train Loss: 2.1137, Validation Loss: 3.3984
Epoch 16/1000, Train Loss: 2.0613, Validation Loss: 2.1400
Epoch 17/1000, Train Loss: 1.8102, Validation Loss: 10.4536
Epoch 18/1000, Train Loss: 1.4499, Validation Loss: 1.5012
Epoch 19/1000, Train Loss: 1.9549, Validation Loss: 2.0350
Epoch 20/1000, Train Loss: 1.5208, Validation Loss: 1.7971
Epoch 21/1000, Train Loss: 1.8413, Validation Loss: 5.4934
Epoch 22/1000, Train Loss: 1.8710, Validation Loss: 2.2048
Epoch 23/1000, Train Loss: 1.8516, Validation Loss: 3.0239
Epoch 24/1000, Train Loss: 1.6902, Validation Loss: 6.9806
Epoch 25/1000, Train Loss: 1.9427, Validation Loss: 1.8088
Epoch 26/1000, Train Loss: 1.6947, Validation Loss: 1.8849
Epoch 27/1000, Train Loss: 1.6235, Validation Loss: 2.4292
Epoch 28/1000, Train Loss: 1.6226, Validation Loss: 2.1078
Epoch 29/1000, Train Loss: 1.6979, Validation Loss: 3.4014
Epoch 30/1000, Train Loss: 1.7700, Validation Loss: 1.6348
Epoch 31/1000, Train Loss: 1.6919, Validation Loss: 1.9147
Epoch 32/1000, Train Loss: 1.7036, Validation Loss: 1.7800
Epoch 33/1000, Train Loss: 1.6180, Validation Loss: 3.8767
Epoch 34/1000, Train Loss: 1.6362, Validation Loss: 12.9876
Epoch 35/1000, Train Loss: 1.7297, Validation Loss: 1.6631
Epoch 36/1000, Train Loss: 1.6641, Validation Loss: 4.2421
Epoch 37/1000, Train Loss: 1.8003, Validation Loss: 2.9134
Epoch 38/1000, Train Loss: 1.6314, Validation Loss: 7.9718
Epoch 39/1000, Train Loss: 2.7161, Validation Loss: 2.3559
Epoch 40/1000, Train Loss: 1.7296, Validation Loss: 1.3192
Epoch 41/1000, Train Loss: 1.5361, Validation Loss: 3.4675
Epoch 42/1000, Train Loss: 1.5291, Validation Loss: 2.9382
Epoch 43/1000, Train Loss: 1.4513, Validation Loss: 3.6261
Epoch 44/1000, Train Loss: 1.4919, Validation Loss: 15.4994
Epoch 45/1000, Train Loss: 1.4042, Validation Loss: 2.2178
Epoch 46/1000, Train Loss: 1.4267, Validation Loss: 5.4378
Epoch 47/1000, Train Loss: 1.3926, Validation Loss: 3.5914
Epoch 48/1000, Train Loss: 1.3965, Validation Loss: 31.8508
Epoch 49/1000, Train Loss: 1.3335, Validation Loss: 6.7029
Epoch 50/1000, Train Loss: 1.3463, Validation Loss: 2.0301
Epoch 51/1000, Train Loss: 1.4054, Validation Loss: 1.6703
Epoch 52/1000, Train Loss: 1.5067, Validation Loss: 1.6021
Epoch 53/1000, Train Loss: 1.4205, Validation Loss: 4.4570
Epoch 54/1000, Train Loss: 1.3943, Validation Loss: 2.9374
Epoch 55/1000, Train Loss: 1.3264, Validation Loss: 2.1880
Epoch 56/1000, Train Loss: 1.3081, Validation Loss: 1.8894
Epoch 57/1000, Train Loss: 1.3735, Validation Loss: 1.3389
Epoch 58/1000, Train Loss: 1.2714, Validation Loss: 2.2296
Epoch 59/1000, Train Loss: 1.3076, Validation Loss: 1.4041
Epoch 60/1000, Train Loss: 1.3452, Validation Loss: 4.3078
Epoch 61/1000, Train Loss: 1.3720, Validation Loss: 1.0502
Epoch 62/1000, Train Loss: 1.3142, Validation Loss: 17.1932
Epoch 63/1000, Train Loss: 1.4340, Validation Loss: 3.1819
Epoch 64/1000, Train Loss: 1.3599, Validation Loss: 5.1850
Epoch 65/1000, Train Loss: 1.3134, Validation Loss: 4.9593
Epoch 66/1000, Train Loss: 1.2878, Validation Loss: 2.6005
Epoch 67/1000, Train Loss: 1.3365, Validation Loss: 3.1292
Epoch 68/1000, Train Loss: 1.3540, Validation Loss: 1.1990
Epoch 69/1000, Train Loss: 1.3668, Validation Loss: 2.9360
Epoch 70/1000, Train Loss: 1.2675, Validation Loss: 1.1607
Epoch 71/1000, Train Loss: 1.3330, Validation Loss: 1.5469
Epoch 72/1000, Train Loss: 1.3387, Validation Loss: 7.6964
Epoch 73/1000, Train Loss: 1.4016, Validation Loss: 1.5256
Epoch 74/1000, Train Loss: 1.3132, Validation Loss: 1.5871
Epoch 75/1000, Train Loss: 1.2698, Validation Loss: 2.1676
Epoch 76/1000, Train Loss: 1.2547, Validation Loss: 31.7638
Epoch 77/1000, Train Loss: 1.3660, Validation Loss: 2.3221
Epoch 78/1000, Train Loss: 1.2709, Validation Loss: 2.7485
Epoch 79/1000, Train Loss: 23.3993, Validation Loss: 2.3825
Epoch 80/1000, Train Loss: 1.3155, Validation Loss: 2.0680
Epoch 81/1000, Train Loss: 1.3523, Validation Loss: 1.5281
Epoch 82/1000, Train Loss: 1.2766, Validation Loss: 3.5207
Epoch 83/1000, Train Loss: 1.2642, Validation Loss: 2.3361
Epoch 84/1000, Train Loss: 1.2713, Validation Loss: 0.9542
Epoch 85/1000, Train Loss: 1.2225, Validation Loss: 5.3246
Epoch 86/1000, Train Loss: 1.2011, Validation Loss: 2.0034
Epoch 87/1000, Train Loss: 1.2517, Validation Loss: 1.5163
Epoch 88/1000, Train Loss: 1.2510, Validation Loss: 1.7994
Epoch 89/1000, Train Loss: 1.1540, Validation Loss: 1.4389
Epoch 90/1000, Train Loss: 1.2858, Validation Loss: 1.3997
Epoch 91/1000, Train Loss: 1.1834, Validation Loss: 1.6734
Epoch 92/1000, Train Loss: 1.0569, Validation Loss: 2.9515
Epoch 93/1000, Train Loss: 1.1944, Validation Loss: 2.0451
Epoch 94/1000, Train Loss: 1.1768, Validation Loss: 23.4499
Epoch 95/1000, Train Loss: 4.4145, Validation Loss: 58.8579
Epoch 96/1000, Train Loss: 1.6113, Validation Loss: 2.5883
Epoch 97/1000, Train Loss: 1.2133, Validation Loss: 3.2905
Epoch 98/1000, Train Loss: 1.2582, Validation Loss: 6.8755
Epoch 99/1000, Train Loss: 1.2411, Validation Loss: 2.7591
Epoch 100/1000, Train Loss: 1.1691, Validation Loss: 1.8672
Epoch 101/1000, Train Loss: 1.1464, Validation Loss: 2.1771
Epoch 102/1000, Train Loss: 1.2214, Validation Loss: 1.8798
Epoch 103/1000, Train Loss: 1.1668, Validation Loss: 2.9413
Epoch 104/1000, Train Loss: 1.1871, Validation Loss: 1.9577
Epoch 105/1000, Train Loss: 1.2205, Validation Loss: 9.5623
Epoch 106/1000, Train Loss: 1.1672, Validation Loss: 8.4454
Epoch 107/1000, Train Loss: 1.2677, Validation Loss: 1.6027
Epoch 108/1000, Train Loss: 1.1801, Validation Loss: 4.7924
Epoch 109/1000, Train Loss: 1.1998, Validation Loss: 2.2785
Epoch 110/1000, Train Loss: 1.1742, Validation Loss: 2.5676
Epoch 111/1000, Train Loss: 1.1299, Validation Loss: 1.3242
Epoch 112/1000, Train Loss: 1.3600, Validation Loss: 3.6392
Epoch 113/1000, Train Loss: 1.2176, Validation Loss: 1.1351
Epoch 114/1000, Train Loss: 1.1659, Validation Loss: 3.0507
Epoch 115/1000, Train Loss: 1.0663, Validation Loss: 3.3684
Epoch 116/1000, Train Loss: 1.1298, Validation Loss: 22.6521
Epoch 117/1000, Train Loss: 1.1085, Validation Loss: 2.8576
Epoch 118/1000, Train Loss: 1.1549, Validation Loss: 1.0665
Epoch 119/1000, Train Loss: 1.0873, Validation Loss: 2.6650
Epoch 120/1000, Train Loss: 1.0641, Validation Loss: 1.3947
Epoch 121/1000, Train Loss: 1.2135, Validation Loss: 8.4285
Epoch 122/1000, Train Loss: 1.1428, Validation Loss: 2.9023
Epoch 123/1000, Train Loss: 1.1353, Validation Loss: 0.9471
Epoch 124/1000, Train Loss: 1.1444, Validation Loss: 1.0784
Epoch 125/1000, Train Loss: 1.9113, Validation Loss: 2.9455
Epoch 126/1000, Train Loss: 1.3377, Validation Loss: 11.5082
Epoch 127/1000, Train Loss: 1.2198, Validation Loss: 2.3048
Epoch 128/1000, Train Loss: 1.2114, Validation Loss: 1.0435
Epoch 129/1000, Train Loss: 1.2371, Validation Loss: 2.1944
Epoch 130/1000, Train Loss: 1.2012, Validation Loss: 1.4194
Epoch 131/1000, Train Loss: 1.1650, Validation Loss: 1.4664
Epoch 132/1000, Train Loss: 1.2288, Validation Loss: 1.6872
Epoch 133/1000, Train Loss: 1.1844, Validation Loss: 6.8850
Epoch 134/1000, Train Loss: 1.3238, Validation Loss: 2.1554
Epoch 135/1000, Train Loss: 1.3711, Validation Loss: 2.9038
Epoch 136/1000, Train Loss: 1.1305, Validation Loss: 1.1699
Epoch 137/1000, Train Loss: 1.3686, Validation Loss: 2.3913
Epoch 138/1000, Train Loss: 1.2098, Validation Loss: 3.9150
Epoch 139/1000, Train Loss: 1.2412, Validation Loss: 1.3132
Epoch 140/1000, Train Loss: 0.9350, Validation Loss: 0.9064
Epoch 141/1000, Train Loss: 0.8754, Validation Loss: 2.5398
Epoch 142/1000, Train Loss: 1.2355, Validation Loss: 1.1491
Epoch 143/1000, Train Loss: 1.2025, Validation Loss: 2.7723
Epoch 144/1000, Train Loss: 1.2154, Validation Loss: 1.0839
Epoch 145/1000, Train Loss: 1.0078, Validation Loss: 1.6020
Epoch 146/1000, Train Loss: 1.1541, Validation Loss: 0.9270
Epoch 147/1000, Train Loss: 1.1581, Validation Loss: 1.7277
Epoch 148/1000, Train Loss: 1.1891, Validation Loss: 2.1026
Epoch 149/1000, Train Loss: 1.0199, Validation Loss: 2.4992
Epoch 150/1000, Train Loss: 1.1923, Validation Loss: 4.0059
Epoch 151/1000, Train Loss: 1.1579, Validation Loss: 0.9398
Epoch 152/1000, Train Loss: 1.0668, Validation Loss: 2.2478
Epoch 153/1000, Train Loss: 1.1241, Validation Loss: 1.6145
Epoch 154/1000, Train Loss: 1.1286, Validation Loss: 1.7174
Epoch 155/1000, Train Loss: 1.0891, Validation Loss: 2.9703
Epoch 156/1000, Train Loss: 1.0630, Validation Loss: 3.4418
Epoch 157/1000, Train Loss: 1.0899, Validation Loss: 1.0495
Epoch 158/1000, Train Loss: 1.0257, Validation Loss: 0.9942
Epoch 159/1000, Train Loss: 0.9527, Validation Loss: 0.9438
Epoch 160/1000, Train Loss: 1.1669, Validation Loss: 2.5186
Epoch 161/1000, Train Loss: 1.1174, Validation Loss: 0.8625
Epoch 162/1000, Train Loss: 1.1268, Validation Loss: 1.0359
Epoch 163/1000, Train Loss: 1.1520, Validation Loss: 1.5218
Epoch 164/1000, Train Loss: 1.0319, Validation Loss: 1.5013
Epoch 165/1000, Train Loss: 1.1304, Validation Loss: 3.7269
Epoch 166/1000, Train Loss: 1.0849, Validation Loss: 1.9735
Epoch 167/1000, Train Loss: 1.1268, Validation Loss: 1.4172
Epoch 168/1000, Train Loss: 1.1247, Validation Loss: 3.3896
Epoch 169/1000, Train Loss: 1.0837, Validation Loss: 1.4235
Epoch 170/1000, Train Loss: 1.0913, Validation Loss: 2.1283
Epoch 171/1000, Train Loss: 1.0850, Validation Loss: 2.2018
Epoch 172/1000, Train Loss: 1.0554, Validation Loss: 3.0193
Epoch 173/1000, Train Loss: 1.1450, Validation Loss: 3.2018
Epoch 174/1000, Train Loss: 1.1418, Validation Loss: 3.3051
Epoch 175/1000, Train Loss: 1.1475, Validation Loss: 8.3232
Epoch 176/1000, Train Loss: 1.1683, Validation Loss: 0.9364
Epoch 177/1000, Train Loss: 1.1347, Validation Loss: 1.5200
Epoch 178/1000, Train Loss: 1.1348, Validation Loss: 0.9989
Epoch 179/1000, Train Loss: 1.1492, Validation Loss: 3.7274
Epoch 180/1000, Train Loss: 1.0541, Validation Loss: 2.4904
Epoch 181/1000, Train Loss: 1.1126, Validation Loss: 0.9393
Epoch 182/1000, Train Loss: 1.2451, Validation Loss: 4.6732
Epoch 183/1000, Train Loss: 1.1516, Validation Loss: 3.4606
Epoch 184/1000, Train Loss: 1.1275, Validation Loss: 2.3079
Epoch 185/1000, Train Loss: 1.0844, Validation Loss: 0.8496
Epoch 186/1000, Train Loss: 1.0578, Validation Loss: 0.8558
Epoch 187/1000, Train Loss: 1.2654, Validation Loss: 1.8384
Epoch 188/1000, Train Loss: 1.1876, Validation Loss: 2.2717
Epoch 189/1000, Train Loss: 1.0895, Validation Loss: 6.6940
Epoch 190/1000, Train Loss: 1.1335, Validation Loss: 2.7030
Epoch 191/1000, Train Loss: 1.1423, Validation Loss: 2.3227
Epoch 192/1000, Train Loss: 1.0030, Validation Loss: 2.4625
Epoch 193/1000, Train Loss: 1.0437, Validation Loss: 1.5725
Epoch 194/1000, Train Loss: 1.0137, Validation Loss: 1.1878
Epoch 195/1000, Train Loss: 1.0463, Validation Loss: 2.4765
Epoch 196/1000, Train Loss: 1.1425, Validation Loss: 1.2275
Epoch 197/1000, Train Loss: 1.0615, Validation Loss: 3.6727
Epoch 198/1000, Train Loss: 1.0173, Validation Loss: 1.8505
Epoch 199/1000, Train Loss: 1.1161, Validation Loss: 0.9934
Epoch 200/1000, Train Loss: 1.0246, Validation Loss: 0.9003
Epoch 201/1000, Train Loss: 0.9906, Validation Loss: 1.3046
Epoch 202/1000, Train Loss: 1.1607, Validation Loss: 1.8466
Epoch 203/1000, Train Loss: 1.3928, Validation Loss: 2.6723
Epoch 204/1000, Train Loss: 1.2259, Validation Loss: 3.1033
Epoch 205/1000, Train Loss: 1.0525, Validation Loss: 2.7691
Epoch 206/1000, Train Loss: 1.1323, Validation Loss: 1.6749
Epoch 207/1000, Train Loss: 1.0960, Validation Loss: 1.4026
Epoch 208/1000, Train Loss: 1.0803, Validation Loss: 1.1874
Epoch 209/1000, Train Loss: 1.0785, Validation Loss: 2.5326
Epoch 210/1000, Train Loss: 1.0303, Validation Loss: 2.4025
Epoch 211/1000, Train Loss: 1.0458, Validation Loss: 1.7712
Epoch 212/1000, Train Loss: 1.1727, Validation Loss: 1.7551
Epoch 213/1000, Train Loss: 1.1170, Validation Loss: 2.9615
Epoch 214/1000, Train Loss: 0.9875, Validation Loss: 2.1889
Epoch 215/1000, Train Loss: 1.0521, Validation Loss: 1.4843
Epoch 216/1000, Train Loss: 1.0640, Validation Loss: 2.5623
Epoch 217/1000, Train Loss: 1.1514, Validation Loss: 3.2746
Epoch 218/1000, Train Loss: 1.1494, Validation Loss: 1.0575
Epoch 219/1000, Train Loss: 1.0581, Validation Loss: 1.8716
Epoch 220/1000, Train Loss: 1.1249, Validation Loss: 2.0172
Epoch 221/1000, Train Loss: 1.0853, Validation Loss: 2.5131
Epoch 222/1000, Train Loss: 1.0789, Validation Loss: 2.1570
Epoch 223/1000, Train Loss: 1.1913, Validation Loss: 3.1156
Epoch 224/1000, Train Loss: 1.1292, Validation Loss: 5.2553
Epoch 225/1000, Train Loss: 1.1267, Validation Loss: 1.5205
Epoch 226/1000, Train Loss: 1.0414, Validation Loss: 1.2064
Epoch 227/1000, Train Loss: 1.1014, Validation Loss: 0.9229
Epoch 228/1000, Train Loss: 0.9519, Validation Loss: 2.6089
Epoch 229/1000, Train Loss: 0.8201, Validation Loss: 0.8617
Epoch 230/1000, Train Loss: 1.1379, Validation Loss: 1.6163
Epoch 231/1000, Train Loss: 0.9150, Validation Loss: 2.1328
Epoch 232/1000, Train Loss: 1.0569, Validation Loss: 1.2861
Epoch 233/1000, Train Loss: 0.9930, Validation Loss: 2.2303
Epoch 234/1000, Train Loss: 1.0211, Validation Loss: 1.4410
Epoch 235/1000, Train Loss: 1.2937, Validation Loss: 0.9505
Epoch 236/1000, Train Loss: 1.0979, Validation Loss: 1.1561
Epoch 237/1000, Train Loss: 1.0584, Validation Loss: 1.3811
Epoch 238/1000, Train Loss: 1.1551, Validation Loss: 1.0538
Epoch 239/1000, Train Loss: 1.5152, Validation Loss: 1.2874
Epoch 240/1000, Train Loss: 1.1099, Validation Loss: 1.4773
Epoch 241/1000, Train Loss: 0.9791, Validation Loss: 0.7618
Epoch 242/1000, Train Loss: 1.0854, Validation Loss: 3.4699
Epoch 243/1000, Train Loss: 0.9143, Validation Loss: 1.6974
Epoch 244/1000, Train Loss: 1.0454, Validation Loss: 1.3203
Epoch 245/1000, Train Loss: 1.1648, Validation Loss: 1.7066
Epoch 246/1000, Train Loss: 0.9368, Validation Loss: 1.0267
Epoch 247/1000, Train Loss: 0.9896, Validation Loss: 1.5165
Epoch 248/1000, Train Loss: 1.0832, Validation Loss: 2.6749
Epoch 249/1000, Train Loss: 1.0370, Validation Loss: 114.4724
Epoch 250/1000, Train Loss: 1.1689, Validation Loss: 1.3242
Epoch 251/1000, Train Loss: 1.0067, Validation Loss: 1.4538
Epoch 252/1000, Train Loss: 1.0675, Validation Loss: 2.5320
Epoch 253/1000, Train Loss: 1.0145, Validation Loss: 1.0767
Epoch 254/1000, Train Loss: 1.0720, Validation Loss: 1.2311
Epoch 255/1000, Train Loss: 1.0797, Validation Loss: 2.3805
Epoch 256/1000, Train Loss: 1.2790, Validation Loss: 1.5724
Epoch 257/1000, Train Loss: 1.0608, Validation Loss: 4.1836
Epoch 258/1000, Train Loss: 1.0882, Validation Loss: 1.4563
Epoch 259/1000, Train Loss: 1.0823, Validation Loss: 2.3950
Epoch 260/1000, Train Loss: 1.1226, Validation Loss: 1.7210
Epoch 261/1000, Train Loss: 1.1539, Validation Loss: 2.0118
Epoch 262/1000, Train Loss: 1.1542, Validation Loss: 2.3292
Epoch 263/1000, Train Loss: 1.1909, Validation Loss: 1.2125
Epoch 264/1000, Train Loss: 1.1513, Validation Loss: 1.8291
Epoch 265/1000, Train Loss: 1.6359, Validation Loss: 1.4565
Epoch 266/1000, Train Loss: 1.1571, Validation Loss: 1.5935
Epoch 267/1000, Train Loss: 1.1289, Validation Loss: 1.7460
Epoch 268/1000, Train Loss: 1.1569, Validation Loss: 1.3735
Epoch 269/1000, Train Loss: 1.2031, Validation Loss: 1.7363
Epoch 270/1000, Train Loss: 1.1354, Validation Loss: 2.5881
Epoch 271/1000, Train Loss: 1.1140, Validation Loss: 12.8228
Epoch 272/1000, Train Loss: 1.2047, Validation Loss: 3.0784
Epoch 273/1000, Train Loss: 0.9753, Validation Loss: 9.0185
Epoch 274/1000, Train Loss: 1.2066, Validation Loss: 1.8370
Epoch 275/1000, Train Loss: 1.1225, Validation Loss: 0.8583
Epoch 276/1000, Train Loss: 1.0461, Validation Loss: 8.8439
Epoch 277/1000, Train Loss: 1.0770, Validation Loss: 0.9159
Epoch 278/1000, Train Loss: 1.2008, Validation Loss: 5.4892
Epoch 279/1000, Train Loss: 1.0793, Validation Loss: 1.6141
Epoch 280/1000, Train Loss: 4.9646, Validation Loss: 2.5185
Epoch 281/1000, Train Loss: 1.3718, Validation Loss: 1.6358
Epoch 282/1000, Train Loss: 1.1993, Validation Loss: 1.4422
Epoch 283/1000, Train Loss: 1.1488, Validation Loss: 1.6439
Epoch 284/1000, Train Loss: 1.1347, Validation Loss: 1.4495
Epoch 285/1000, Train Loss: 1.2137, Validation Loss: 2.6002
Epoch 286/1000, Train Loss: 0.9589, Validation Loss: 1.0655
Epoch 287/1000, Train Loss: 0.9994, Validation Loss: 2.3763
Epoch 288/1000, Train Loss: 1.0222, Validation Loss: 3.4079
Epoch 289/1000, Train Loss: 0.9546, Validation Loss: 2.6150
Epoch 290/1000, Train Loss: 1.0528, Validation Loss: 1.3058
Epoch 291/1000, Train Loss: 1.0423, Validation Loss: 0.7220
Epoch 292/1000, Train Loss: 1.1405, Validation Loss: 3.0891
Epoch 293/1000, Train Loss: 1.1016, Validation Loss: 2.0595
Epoch 294/1000, Train Loss: 1.0588, Validation Loss: 2.6672
Epoch 295/1000, Train Loss: 1.4615, Validation Loss: 1.9786
Epoch 296/1000, Train Loss: 1.3101, Validation Loss: 1.1539
Epoch 297/1000, Train Loss: 1.0224, Validation Loss: 2.7285
Epoch 298/1000, Train Loss: 1.1290, Validation Loss: 0.8178
Epoch 299/1000, Train Loss: 1.1376, Validation Loss: 2.4964
Epoch 300/1000, Train Loss: 1.1272, Validation Loss: 1.5329
Epoch 301/1000, Train Loss: 1.1452, Validation Loss: 1.0992
Epoch 302/1000, Train Loss: 1.1315, Validation Loss: 2.6486
Epoch 303/1000, Train Loss: 1.0510, Validation Loss: 1.7243
Epoch 304/1000, Train Loss: 1.0686, Validation Loss: 0.9418
Epoch 305/1000, Train Loss: 1.1076, Validation Loss: 1.5549
Epoch 306/1000, Train Loss: 1.1125, Validation Loss: 3.0487
Epoch 307/1000, Train Loss: 1.0412, Validation Loss: 1.4904
Epoch 308/1000, Train Loss: 1.0587, Validation Loss: 2.0136
Epoch 309/1000, Train Loss: 1.1220, Validation Loss: 1.7680
Epoch 310/1000, Train Loss: 1.1021, Validation Loss: 2.0647
Epoch 311/1000, Train Loss: 1.1111, Validation Loss: 1.0824
Epoch 312/1000, Train Loss: 1.1511, Validation Loss: 1.0374
Epoch 313/1000, Train Loss: 1.1222, Validation Loss: 1.4094
Epoch 314/1000, Train Loss: 1.1610, Validation Loss: 1.5104
Epoch 315/1000, Train Loss: 1.1922, Validation Loss: 1.8063
Epoch 316/1000, Train Loss: 1.1388, Validation Loss: 1.5885
Epoch 317/1000, Train Loss: 1.0592, Validation Loss: 1.3124
Epoch 318/1000, Train Loss: 1.0371, Validation Loss: 2.9488
Epoch 319/1000, Train Loss: 1.1490, Validation Loss: 4.0177
Epoch 320/1000, Train Loss: 1.3652, Validation Loss: 5.4335
Epoch 321/1000, Train Loss: 1.1216, Validation Loss: 4.2956
Epoch 322/1000, Train Loss: 1.2139, Validation Loss: 1.4685
Epoch 323/1000, Train Loss: 1.2029, Validation Loss: 3.3930
Epoch 324/1000, Train Loss: 1.1593, Validation Loss: 7.1966
Epoch 325/1000, Train Loss: 1.0603, Validation Loss: 1.3929
Epoch 326/1000, Train Loss: 1.1120, Validation Loss: 1.0854
Epoch 327/1000, Train Loss: 1.1451, Validation Loss: 1.4529
Epoch 328/1000, Train Loss: 1.0633, Validation Loss: 1.1507
Epoch 329/1000, Train Loss: 1.0384, Validation Loss: 1.9413
Epoch 330/1000, Train Loss: 5.9234, Validation Loss: 1.2634
Epoch 331/1000, Train Loss: 1.2400, Validation Loss: 1.4440
Epoch 332/1000, Train Loss: 1.2119, Validation Loss: 1.1011
Epoch 333/1000, Train Loss: 1.2009, Validation Loss: 1.5210
Epoch 334/1000, Train Loss: 1.0797, Validation Loss: 0.9685
Epoch 335/1000, Train Loss: 1.1072, Validation Loss: 5.5377
Epoch 336/1000, Train Loss: 1.1432, Validation Loss: 1.7154
Epoch 337/1000, Train Loss: 1.1092, Validation Loss: 2.2655
Epoch 338/1000, Train Loss: 1.0408, Validation Loss: 0.9453
Epoch 339/1000, Train Loss: 0.9949, Validation Loss: 2.2499
Epoch 340/1000, Train Loss: 1.3744, Validation Loss: 3.6967
Epoch 341/1000, Train Loss: 1.1696, Validation Loss: 1.4019
Epoch 342/1000, Train Loss: 1.0763, Validation Loss: 2.5363
Epoch 343/1000, Train Loss: 1.1088, Validation Loss: 3.7945
Epoch 344/1000, Train Loss: 1.0222, Validation Loss: 0.8533
Epoch 345/1000, Train Loss: 1.0853, Validation Loss: 2.3082
Epoch 346/1000, Train Loss: 1.0759, Validation Loss: 2.0144
Epoch 347/1000, Train Loss: 1.1129, Validation Loss: 4.9999
Epoch 348/1000, Train Loss: 1.0520, Validation Loss: 1.8433
Epoch 349/1000, Train Loss: 1.1170, Validation Loss: 0.8240
Epoch 350/1000, Train Loss: 1.0379, Validation Loss: 1.8805
Epoch 351/1000, Train Loss: 1.0343, Validation Loss: 2.0064
Epoch 352/1000, Train Loss: 1.1632, Validation Loss: 1.9143
Epoch 353/1000, Train Loss: 1.0468, Validation Loss: 1.5874
Epoch 354/1000, Train Loss: 1.0870, Validation Loss: 3.0470
Epoch 355/1000, Train Loss: 1.0987, Validation Loss: 5.1693
Epoch 356/1000, Train Loss: 1.6443, Validation Loss: 2.1998
Epoch 357/1000, Train Loss: 1.0759, Validation Loss: 1.9921
Epoch 358/1000, Train Loss: 1.1123, Validation Loss: 1.0744
Epoch 359/1000, Train Loss: 1.0930, Validation Loss: 0.9752
Epoch 360/1000, Train Loss: 1.1090, Validation Loss: 1.8909
Epoch 361/1000, Train Loss: 1.1676, Validation Loss: 2.0440
Epoch 362/1000, Train Loss: 1.1860, Validation Loss: 19.8463
Epoch 363/1000, Train Loss: 1.0976, Validation Loss: 2.3121
Epoch 364/1000, Train Loss: 1.2877, Validation Loss: 1.4994
Epoch 365/1000, Train Loss: 1.1100, Validation Loss: 1.6174
Epoch 366/1000, Train Loss: 1.2519, Validation Loss: 6.6186
Epoch 367/1000, Train Loss: 1.0647, Validation Loss: 2.0937
Epoch 368/1000, Train Loss: 1.1372, Validation Loss: 2.5330
Epoch 369/1000, Train Loss: 7.5036, Validation Loss: 1.6528
Epoch 370/1000, Train Loss: 1.4536, Validation Loss: 6.2089
Epoch 371/1000, Train Loss: 1.1544, Validation Loss: 2.1056
Epoch 372/1000, Train Loss: 1.2484, Validation Loss: 1.3040
Epoch 373/1000, Train Loss: 1.1041, Validation Loss: 2.3032
Epoch 374/1000, Train Loss: 1.0872, Validation Loss: 3.0095
Epoch 375/1000, Train Loss: 1.0977, Validation Loss: 1.2728
Epoch 376/1000, Train Loss: 1.0396, Validation Loss: 1.0228
Epoch 377/1000, Train Loss: 1.0841, Validation Loss: 4.5082
Epoch 378/1000, Train Loss: 1.0482, Validation Loss: 1.8534
Epoch 379/1000, Train Loss: 1.0011, Validation Loss: 1.6585
Epoch 380/1000, Train Loss: 1.0744, Validation Loss: 2.0527
Epoch 381/1000, Train Loss: 1.1101, Validation Loss: 1.5344
Epoch 382/1000, Train Loss: 1.1873, Validation Loss: 1.0865
Epoch 383/1000, Train Loss: 1.1955, Validation Loss: 4.0158
Epoch 384/1000, Train Loss: 1.0999, Validation Loss: 2.4316
Epoch 385/1000, Train Loss: 1.0363, Validation Loss: 1.5479
Epoch 386/1000, Train Loss: 1.0977, Validation Loss: 2.1393
Epoch 387/1000, Train Loss: 1.0139, Validation Loss: 6.2543
Epoch 388/1000, Train Loss: 1.0750, Validation Loss: 1.7119
Epoch 389/1000, Train Loss: 1.1026, Validation Loss: 1.5704
Epoch 390/1000, Train Loss: 1.0110, Validation Loss: 1.4407
Epoch 391/1000, Train Loss: 1.0817, Validation Loss: 3.6154
Epoch 392/1000, Train Loss: 1.0918, Validation Loss: 3.9367
Epoch 393/1000, Train Loss: 1.0533, Validation Loss: 0.9874
Epoch 394/1000, Train Loss: 1.1447, Validation Loss: 1.8225
Epoch 395/1000, Train Loss: 1.1474, Validation Loss: 1.5321
Epoch 396/1000, Train Loss: 1.1820, Validation Loss: 1.7703
Epoch 397/1000, Train Loss: 1.1087, Validation Loss: 1.1976
Epoch 398/1000, Train Loss: 1.0726, Validation Loss: 3.1588
Epoch 399/1000, Train Loss: 1.1727, Validation Loss: 1.2894
Epoch 400/1000, Train Loss: 1.1390, Validation Loss: 1.1397
Epoch 401/1000, Train Loss: 1.0747, Validation Loss: 1.5998
Epoch 402/1000, Train Loss: 1.1109, Validation Loss: 1.8881
Epoch 403/1000, Train Loss: 1.0574, Validation Loss: 3.6653
Epoch 404/1000, Train Loss: 1.3220, Validation Loss: 2.5813
Epoch 405/1000, Train Loss: 1.0962, Validation Loss: 1.2296
Epoch 406/1000, Train Loss: 1.1783, Validation Loss: 1.6887
Epoch 407/1000, Train Loss: 1.1394, Validation Loss: 1.1177
Epoch 408/1000, Train Loss: 1.0432, Validation Loss: 0.8474
Epoch 409/1000, Train Loss: 1.0846, Validation Loss: 1.7551
Epoch 410/1000, Train Loss: 1.0842, Validation Loss: 2.1004
Epoch 411/1000, Train Loss: 1.1984, Validation Loss: 4.1260
Epoch 412/1000, Train Loss: 1.1006, Validation Loss: 1.5217
Epoch 413/1000, Train Loss: 1.2754, Validation Loss: 6.8586
Epoch 414/1000, Train Loss: 1.2457, Validation Loss: 1.7376
Epoch 415/1000, Train Loss: 1.0955, Validation Loss: 1.2867
Epoch 416/1000, Train Loss: 1.0592, Validation Loss: 1.7423
Epoch 417/1000, Train Loss: 1.0113, Validation Loss: 8.6073
Epoch 418/1000, Train Loss: 1.1170, Validation Loss: 3.1004
Epoch 419/1000, Train Loss: 1.0579, Validation Loss: 3.0594
Epoch 420/1000, Train Loss: 1.0681, Validation Loss: 1.5996
Epoch 421/1000, Train Loss: 0.9974, Validation Loss: 0.8914
Epoch 422/1000, Train Loss: 1.0921, Validation Loss: 5.5408
Epoch 423/1000, Train Loss: 2.1078, Validation Loss: 1.6347
Epoch 424/1000, Train Loss: 0.9536, Validation Loss: 3.3283
Epoch 425/1000, Train Loss: 1.0680, Validation Loss: 2.3886
Epoch 426/1000, Train Loss: 1.1041, Validation Loss: 2.0625
Epoch 427/1000, Train Loss: 1.1335, Validation Loss: 0.8423
Epoch 428/1000, Train Loss: 1.1038, Validation Loss: 0.8622
Epoch 429/1000, Train Loss: 1.0446, Validation Loss: 1.1443
Epoch 430/1000, Train Loss: 1.1190, Validation Loss: 2.7626
Epoch 431/1000, Train Loss: 1.1512, Validation Loss: 1.4016
Epoch 432/1000, Train Loss: 1.1352, Validation Loss: 1.0642
Epoch 433/1000, Train Loss: 1.0954, Validation Loss: 1.9256
Epoch 434/1000, Train Loss: 1.2908, Validation Loss: 1.7576
Epoch 435/1000, Train Loss: 1.0106, Validation Loss: 1.0426
Epoch 436/1000, Train Loss: 1.0877, Validation Loss: 5.1978
Epoch 437/1000, Train Loss: 1.0877, Validation Loss: 0.9297
Epoch 438/1000, Train Loss: 0.9706, Validation Loss: 2.6244
Epoch 439/1000, Train Loss: 1.0251, Validation Loss: 2.2356
Epoch 440/1000, Train Loss: 1.0931, Validation Loss: 3.1030
Epoch 441/1000, Train Loss: 1.0149, Validation Loss: 2.0117
Epoch 442/1000, Train Loss: 1.3240, Validation Loss: 1.3842
Epoch 443/1000, Train Loss: 1.1074, Validation Loss: 1.7699
Epoch 444/1000, Train Loss: 1.0300, Validation Loss: 0.9393
Epoch 445/1000, Train Loss: 1.1081, Validation Loss: 5.6459
Epoch 446/1000, Train Loss: 1.1156, Validation Loss: 2.9029
Epoch 447/1000, Train Loss: 1.1521, Validation Loss: 0.8239
Epoch 448/1000, Train Loss: 1.0332, Validation Loss: 1.8079
Epoch 449/1000, Train Loss: 1.0496, Validation Loss: 3.2063
Epoch 450/1000, Train Loss: 1.0075, Validation Loss: 3.7103
Epoch 451/1000, Train Loss: 1.1959, Validation Loss: 4.8843
Epoch 452/1000, Train Loss: 3.8440, Validation Loss: 7.0166
Epoch 453/1000, Train Loss: 1.1413, Validation Loss: 1.0393
Epoch 454/1000, Train Loss: 1.0960, Validation Loss: 3.0857
Epoch 455/1000, Train Loss: 1.1411, Validation Loss: 2.8938
Epoch 456/1000, Train Loss: 1.1466, Validation Loss: 2.2081
Epoch 457/1000, Train Loss: 1.0011, Validation Loss: 1.2916
Epoch 458/1000, Train Loss: 1.0146, Validation Loss: 1.9402
Epoch 459/1000, Train Loss: 0.9726, Validation Loss: 0.8426
Epoch 460/1000, Train Loss: 0.9346, Validation Loss: 2.8478
Epoch 461/1000, Train Loss: 0.9343, Validation Loss: 3.0172
Epoch 462/1000, Train Loss: 1.0440, Validation Loss: 1.4123
Epoch 463/1000, Train Loss: 1.0034, Validation Loss: 3.7738
Epoch 464/1000, Train Loss: 1.6948, Validation Loss: 3.4169
Epoch 465/1000, Train Loss: 1.0449, Validation Loss: 2.2617
Epoch 466/1000, Train Loss: 1.1509, Validation Loss: 2.7668
Epoch 467/1000, Train Loss: 1.0957, Validation Loss: 1.7698
Epoch 468/1000, Train Loss: 1.0907, Validation Loss: 2.5481
Epoch 469/1000, Train Loss: 1.0885, Validation Loss: 1.6439
Epoch 470/1000, Train Loss: 1.1258, Validation Loss: 3.2093
Epoch 471/1000, Train Loss: 1.0861, Validation Loss: 5.7006
Epoch 472/1000, Train Loss: 1.0706, Validation Loss: 2.3354
Epoch 473/1000, Train Loss: 1.1356, Validation Loss: 12.3269
Epoch 474/1000, Train Loss: 1.2951, Validation Loss: 2.4099
Epoch 475/1000, Train Loss: 1.1470, Validation Loss: 1.5552
Epoch 476/1000, Train Loss: 1.0386, Validation Loss: 4.0979
Epoch 477/1000, Train Loss: 1.1143, Validation Loss: 2.0606
Epoch 478/1000, Train Loss: 1.1121, Validation Loss: 7.4765
Epoch 479/1000, Train Loss: 1.1431, Validation Loss: 5.4421
Epoch 480/1000, Train Loss: 1.0887, Validation Loss: 1.5575
Epoch 481/1000, Train Loss: 1.0339, Validation Loss: 1.2607
Epoch 482/1000, Train Loss: 1.1548, Validation Loss: 2.2888
Epoch 483/1000, Train Loss: 1.1214, Validation Loss: 6.9527
Epoch 484/1000, Train Loss: 1.0269, Validation Loss: 4.5209
Epoch 485/1000, Train Loss: 1.0963, Validation Loss: 2.3082
Epoch 486/1000, Train Loss: 1.0956, Validation Loss: 2.7876
Epoch 487/1000, Train Loss: 1.1224, Validation Loss: 0.9860
Epoch 488/1000, Train Loss: 1.0727, Validation Loss: 1.0987
Epoch 489/1000, Train Loss: 1.0634, Validation Loss: 3.7924
Epoch 490/1000, Train Loss: 1.0819, Validation Loss: 3.7443
Epoch 491/1000, Train Loss: 1.0868, Validation Loss: 2.0222
Epoch 492/1000, Train Loss: 1.1656, Validation Loss: 1.1795
Epoch 493/1000, Train Loss: 1.0938, Validation Loss: 4.0908
Epoch 494/1000, Train Loss: 1.0554, Validation Loss: 2.1467
Epoch 495/1000, Train Loss: 1.0953, Validation Loss: 1.6851
Epoch 496/1000, Train Loss: 1.5145, Validation Loss: 2.4036
Epoch 497/1000, Train Loss: 1.1934, Validation Loss: 1.4319
Epoch 498/1000, Train Loss: 1.2381, Validation Loss: 1.2576
Epoch 499/1000, Train Loss: 1.0357, Validation Loss: 5.9709
Epoch 500/1000, Train Loss: 0.9359, Validation Loss: 0.8806
Epoch 501/1000, Train Loss: 0.7802, Validation Loss: 1.7100
Epoch 502/1000, Train Loss: 1.1868, Validation Loss: 1.2746
Epoch 503/1000, Train Loss: 1.1721, Validation Loss: 23.2636
Epoch 504/1000, Train Loss: 1.1563, Validation Loss: 3.7321
Epoch 505/1000, Train Loss: 0.9575, Validation Loss: 1.0407
Epoch 506/1000, Train Loss: 0.8975, Validation Loss: 1.6363
Epoch 507/1000, Train Loss: 1.0847, Validation Loss: 1.3074
Epoch 508/1000, Train Loss: 1.1931, Validation Loss: 2.1270
Epoch 509/1000, Train Loss: 0.9113, Validation Loss: 0.9797
Epoch 510/1000, Train Loss: 1.0698, Validation Loss: 1.8181
Epoch 511/1000, Train Loss: 1.0622, Validation Loss: 2.5765
Epoch 512/1000, Train Loss: 1.0467, Validation Loss: 1.7408
Epoch 513/1000, Train Loss: 1.0166, Validation Loss: 9.3154
Epoch 514/1000, Train Loss: 1.0169, Validation Loss: 9.4833
Epoch 515/1000, Train Loss: 1.0142, Validation Loss: 0.8810
Epoch 516/1000, Train Loss: 1.6078, Validation Loss: 2.0709
Epoch 517/1000, Train Loss: 1.0404, Validation Loss: 3.5093
Epoch 518/1000, Train Loss: 1.0002, Validation Loss: 2.2741
Epoch 519/1000, Train Loss: 1.1088, Validation Loss: 9.7085
Epoch 520/1000, Train Loss: 0.9069, Validation Loss: 1.6167
Epoch 521/1000, Train Loss: 0.8973, Validation Loss: 1.2870
Epoch 522/1000, Train Loss: 0.8651, Validation Loss: 2.0946
Epoch 523/1000, Train Loss: 0.9649, Validation Loss: 2.0068
Epoch 524/1000, Train Loss: 1.0719, Validation Loss: 2.3418
Epoch 525/1000, Train Loss: 1.1556, Validation Loss: 3.6792
Epoch 526/1000, Train Loss: 0.9815, Validation Loss: 1.4096
Epoch 527/1000, Train Loss: 1.0769, Validation Loss: 1.3199
Epoch 528/1000, Train Loss: 1.0187, Validation Loss: 2.5124
Epoch 529/1000, Train Loss: 1.0351, Validation Loss: 1.2300
Epoch 530/1000, Train Loss: 1.1096, Validation Loss: 1.1540
Epoch 531/1000, Train Loss: 0.8859, Validation Loss: 2.4258
Epoch 532/1000, Train Loss: 0.9162, Validation Loss: 4.1569
Epoch 533/1000, Train Loss: 0.9299, Validation Loss: 2.2694
Epoch 534/1000, Train Loss: 0.9760, Validation Loss: 1.8118
Epoch 535/1000, Train Loss: 0.8914, Validation Loss: 2.9361
Epoch 536/1000, Train Loss: 0.9931, Validation Loss: 1.8997
Epoch 537/1000, Train Loss: 1.3621, Validation Loss: 3.4858
Epoch 538/1000, Train Loss: 0.9275, Validation Loss: 1.9391
Epoch 539/1000, Train Loss: 1.0469, Validation Loss: 0.9460
Epoch 540/1000, Train Loss: 0.9954, Validation Loss: 5.7213
Epoch 541/1000, Train Loss: 1.0367, Validation Loss: 6.2166
Epoch 542/1000, Train Loss: 0.9783, Validation Loss: 2.0170
Epoch 543/1000, Train Loss: 0.9932, Validation Loss: 1.8010
Epoch 544/1000, Train Loss: 1.0688, Validation Loss: 1.5196
Epoch 545/1000, Train Loss: 1.0115, Validation Loss: 1.5668
Epoch 546/1000, Train Loss: 1.0000, Validation Loss: 6.1942
Epoch 547/1000, Train Loss: 1.0401, Validation Loss: 2.2428
Epoch 548/1000, Train Loss: 1.7055, Validation Loss: 2.6089
Epoch 549/1000, Train Loss: 1.2756, Validation Loss: 1.6937
Epoch 550/1000, Train Loss: 1.1085, Validation Loss: 1.3618
Epoch 551/1000, Train Loss: 1.0970, Validation Loss: 1.3082
Epoch 552/1000, Train Loss: 1.1788, Validation Loss: 1.3365
Epoch 553/1000, Train Loss: 1.1265, Validation Loss: 1.6959
Epoch 554/1000, Train Loss: 1.1638, Validation Loss: 2.5628
Epoch 555/1000, Train Loss: 1.1149, Validation Loss: 1.1160
Epoch 556/1000, Train Loss: 1.0737, Validation Loss: 1.4985
Epoch 557/1000, Train Loss: 1.1017, Validation Loss: 1.9562
Epoch 558/1000, Train Loss: 1.0375, Validation Loss: 1.3956
Epoch 559/1000, Train Loss: 1.8518, Validation Loss: 1.8554
Epoch 560/1000, Train Loss: 1.3248, Validation Loss: 2.9112
Epoch 561/1000, Train Loss: 1.1345, Validation Loss: 4.1983
Epoch 562/1000, Train Loss: 1.7718, Validation Loss: 2.4655
Epoch 563/1000, Train Loss: 1.0824, Validation Loss: 1.7925
Epoch 564/1000, Train Loss: 0.9924, Validation Loss: 1.9294
Epoch 565/1000, Train Loss: 1.0381, Validation Loss: 1.1441
Epoch 566/1000, Train Loss: 1.0222, Validation Loss: 2.0484
Epoch 567/1000, Train Loss: 1.0318, Validation Loss: 1.3719
Epoch 568/1000, Train Loss: 1.0973, Validation Loss: 1.1294
Epoch 569/1000, Train Loss: 1.0722, Validation Loss: 1.7544
Epoch 570/1000, Train Loss: 1.4426, Validation Loss: 2.8498
Epoch 571/1000, Train Loss: 1.0912, Validation Loss: 2.1003
Epoch 572/1000, Train Loss: 1.0924, Validation Loss: 4.8580
Epoch 573/1000, Train Loss: 1.0662, Validation Loss: 2.8747
Epoch 574/1000, Train Loss: 1.0193, Validation Loss: 1.0275
Epoch 575/1000, Train Loss: 1.0187, Validation Loss: 2.0565
Epoch 576/1000, Train Loss: 1.0519, Validation Loss: 1.1404
Epoch 577/1000, Train Loss: 1.1195, Validation Loss: 3.4152
Epoch 578/1000, Train Loss: 1.0575, Validation Loss: 2.1221
Epoch 579/1000, Train Loss: 1.1274, Validation Loss: 2.3608
Epoch 580/1000, Train Loss: 1.1284, Validation Loss: 1.9660
Epoch 581/1000, Train Loss: 1.0418, Validation Loss: 2.5375
Epoch 582/1000, Train Loss: 1.0401, Validation Loss: 1.6267
Epoch 583/1000, Train Loss: 0.9499, Validation Loss: 1.4389
Epoch 584/1000, Train Loss: 1.1435, Validation Loss: 5.8232
Epoch 585/1000, Train Loss: 1.0454, Validation Loss: 1.0904
Epoch 586/1000, Train Loss: 1.0381, Validation Loss: 0.9752
Epoch 587/1000, Train Loss: 0.9953, Validation Loss: 1.8278
Epoch 588/1000, Train Loss: 1.0398, Validation Loss: 1.4032
Epoch 589/1000, Train Loss: 1.0976, Validation Loss: 6.2431
Epoch 590/1000, Train Loss: 1.0394, Validation Loss: 2.8997
Epoch 591/1000, Train Loss: 1.1100, Validation Loss: 6.8908
Epoch 592/1000, Train Loss: 1.0320, Validation Loss: 2.0503
Epoch 593/1000, Train Loss: 1.0370, Validation Loss: 0.9517
Epoch 594/1000, Train Loss: 1.1075, Validation Loss: 1.1836
Epoch 595/1000, Train Loss: 1.0751, Validation Loss: 2.0425
Epoch 596/1000, Train Loss: 1.0048, Validation Loss: 5.9341
Epoch 597/1000, Train Loss: 1.0308, Validation Loss: 0.8915
Epoch 598/1000, Train Loss: 1.1564, Validation Loss: 2.0551
Epoch 599/1000, Train Loss: 1.2334, Validation Loss: 4.0902
Epoch 600/1000, Train Loss: 1.0898, Validation Loss: 1.8892
Epoch 601/1000, Train Loss: 1.1494, Validation Loss: 2.4786
Epoch 602/1000, Train Loss: 1.1054, Validation Loss: 2.5857
Epoch 603/1000, Train Loss: 1.1769, Validation Loss: 1.9936
Epoch 604/1000, Train Loss: 1.1222, Validation Loss: 4.7200
Epoch 605/1000, Train Loss: 1.1655, Validation Loss: 2.1550
Epoch 606/1000, Train Loss: 1.1216, Validation Loss: 3.7133
Epoch 607/1000, Train Loss: 1.0753, Validation Loss: 2.3465
Epoch 608/1000, Train Loss: 1.1760, Validation Loss: 9.0454
Epoch 609/1000, Train Loss: 1.2693, Validation Loss: 2.8681
Epoch 610/1000, Train Loss: 1.3332, Validation Loss: 7.3279
Epoch 611/1000, Train Loss: 1.0718, Validation Loss: 1.3290
Epoch 612/1000, Train Loss: 1.0932, Validation Loss: 6.4485
Epoch 613/1000, Train Loss: 1.1004, Validation Loss: 2.5516
Epoch 614/1000, Train Loss: 1.0929, Validation Loss: 1.0298
Epoch 615/1000, Train Loss: 1.0802, Validation Loss: 2.7818
Epoch 616/1000, Train Loss: 1.0755, Validation Loss: 1.5752
Epoch 617/1000, Train Loss: 1.4666, Validation Loss: 3.9526
Epoch 618/1000, Train Loss: 1.0806, Validation Loss: 1.4245
Epoch 619/1000, Train Loss: 1.2110, Validation Loss: 1.0965
Epoch 620/1000, Train Loss: 1.0860, Validation Loss: 1.5977
Epoch 621/1000, Train Loss: 1.1008, Validation Loss: 2.4337
Epoch 622/1000, Train Loss: 1.0577, Validation Loss: 1.1085
Epoch 623/1000, Train Loss: 1.0739, Validation Loss: 1.6135
Epoch 624/1000, Train Loss: 1.0461, Validation Loss: 0.7579
Epoch 625/1000, Train Loss: 1.1157, Validation Loss: 1.1725
Epoch 626/1000, Train Loss: 1.1899, Validation Loss: 1.9730
Epoch 627/1000, Train Loss: 1.2578, Validation Loss: 4.0154
Epoch 628/1000, Train Loss: 1.1428, Validation Loss: 2.1612
Epoch 629/1000, Train Loss: 0.9543, Validation Loss: 1.5769
Epoch 630/1000, Train Loss: 1.0740, Validation Loss: 1.6093
Epoch 631/1000, Train Loss: 1.0349, Validation Loss: 1.5233
Epoch 632/1000, Train Loss: 1.0846, Validation Loss: 1.7680
Epoch 633/1000, Train Loss: 1.0462, Validation Loss: 3.6418
Epoch 634/1000, Train Loss: 1.4734, Validation Loss: 1.2813
Epoch 635/1000, Train Loss: 1.0303, Validation Loss: 1.1733
Epoch 636/1000, Train Loss: 0.9809, Validation Loss: 1.0334
Epoch 637/1000, Train Loss: 1.0302, Validation Loss: 1.9765
Epoch 638/1000, Train Loss: 0.9973, Validation Loss: 1.5718
Epoch 639/1000, Train Loss: 1.0677, Validation Loss: 2.7489
Epoch 640/1000, Train Loss: 1.0904, Validation Loss: 2.1032
Epoch 641/1000, Train Loss: 1.9404, Validation Loss: 2.0782
Epoch 642/1000, Train Loss: 1.3143, Validation Loss: 1.9344
Epoch 643/1000, Train Loss: 1.1178, Validation Loss: 1.4380
Epoch 644/1000, Train Loss: 1.0815, Validation Loss: 1.8808
Epoch 645/1000, Train Loss: 1.0546, Validation Loss: 4.5808
Epoch 646/1000, Train Loss: 1.0381, Validation Loss: 1.6542
Epoch 647/1000, Train Loss: 1.0743, Validation Loss: 1.3091
Epoch 648/1000, Train Loss: 1.0300, Validation Loss: 6.9078
Epoch 649/1000, Train Loss: 1.3013, Validation Loss: 1.1110
Epoch 650/1000, Train Loss: 1.0484, Validation Loss: 3.0058
Epoch 651/1000, Train Loss: 1.1085, Validation Loss: 1.8966
Epoch 652/1000, Train Loss: 1.1805, Validation Loss: 1.9051
Epoch 653/1000, Train Loss: 1.0652, Validation Loss: 2.7773
Epoch 654/1000, Train Loss: 1.1003, Validation Loss: 1.2586
Epoch 655/1000, Train Loss: 1.1035, Validation Loss: 1.4637
Epoch 656/1000, Train Loss: 0.9909, Validation Loss: 1.3244
Epoch 657/1000, Train Loss: 1.1834, Validation Loss: 0.8865
Epoch 658/1000, Train Loss: 1.0567, Validation Loss: 1.2057
Epoch 659/1000, Train Loss: 1.0260, Validation Loss: 1.6345
Epoch 660/1000, Train Loss: 1.0525, Validation Loss: 1.1248
Epoch 661/1000, Train Loss: 1.0287, Validation Loss: 1.3293
Epoch 662/1000, Train Loss: 0.9726, Validation Loss: 1.4810
Epoch 663/1000, Train Loss: 1.0380, Validation Loss: 5.5469
Epoch 664/1000, Train Loss: 1.0902, Validation Loss: 1.9958
Epoch 665/1000, Train Loss: 0.9840, Validation Loss: 2.7048
Epoch 666/1000, Train Loss: 1.8243, Validation Loss: 2.1934
Epoch 667/1000, Train Loss: 1.0074, Validation Loss: 1.7386
Epoch 668/1000, Train Loss: 1.0365, Validation Loss: 1.5520
Epoch 669/1000, Train Loss: 1.0469, Validation Loss: 1.6259
Epoch 670/1000, Train Loss: 1.1237, Validation Loss: 2.2199
Epoch 671/1000, Train Loss: 1.0714, Validation Loss: 5.1463
Epoch 672/1000, Train Loss: 1.0604, Validation Loss: 2.2969
Epoch 673/1000, Train Loss: 1.1337, Validation Loss: 1.9347
Epoch 674/1000, Train Loss: 1.0378, Validation Loss: 1.7659
Epoch 675/1000, Train Loss: 1.0548, Validation Loss: 1.7971
Epoch 676/1000, Train Loss: 1.0985, Validation Loss: 1.2446
Epoch 677/1000, Train Loss: 1.0620, Validation Loss: 2.8451
Epoch 678/1000, Train Loss: 1.2679, Validation Loss: 1.8557
Epoch 679/1000, Train Loss: 1.1290, Validation Loss: 0.8864
Epoch 680/1000, Train Loss: 1.1354, Validation Loss: 2.1227
Epoch 681/1000, Train Loss: 1.1113, Validation Loss: 2.4059
Epoch 682/1000, Train Loss: 0.9953, Validation Loss: 3.2566
Epoch 683/1000, Train Loss: 1.0159, Validation Loss: 1.5707
Epoch 684/1000, Train Loss: 1.0094, Validation Loss: 2.8294
Epoch 685/1000, Train Loss: 1.0250, Validation Loss: 1.2323
Epoch 686/1000, Train Loss: 1.0394, Validation Loss: 4.5925
Epoch 687/1000, Train Loss: 1.0624, Validation Loss: 2.3116
Epoch 688/1000, Train Loss: 1.0600, Validation Loss: 1.1269
Epoch 689/1000, Train Loss: 1.0938, Validation Loss: 1.5319
Epoch 690/1000, Train Loss: 1.0806, Validation Loss: 3.0202
Epoch 691/1000, Train Loss: 1.0437, Validation Loss: 1.8799
Epoch 692/1000, Train Loss: 1.1062, Validation Loss: 1.3429
Epoch 693/1000, Train Loss: 1.0967, Validation Loss: 2.4369
Epoch 694/1000, Train Loss: 1.0930, Validation Loss: 1.7185
Epoch 695/1000, Train Loss: 1.0637, Validation Loss: 2.6712
Epoch 696/1000, Train Loss: 1.0838, Validation Loss: 1.4845
Epoch 697/1000, Train Loss: 1.0946, Validation Loss: 1.8472
Epoch 698/1000, Train Loss: 1.0600, Validation Loss: 1.5042
Epoch 699/1000, Train Loss: 1.9398, Validation Loss: 0.8964
Epoch 700/1000, Train Loss: 1.3228, Validation Loss: 2.2973
Epoch 701/1000, Train Loss: 0.9428, Validation Loss: 6.4815
Epoch 702/1000, Train Loss: 1.1314, Validation Loss: 1.2987
Epoch 703/1000, Train Loss: 0.9294, Validation Loss: 0.9397
Epoch 704/1000, Train Loss: 1.0521, Validation Loss: 1.3555
Epoch 705/1000, Train Loss: 1.0230, Validation Loss: 1.4029
Epoch 706/1000, Train Loss: 1.0467, Validation Loss: 4.0754
Epoch 707/1000, Train Loss: 1.0713, Validation Loss: 1.9546
Epoch 708/1000, Train Loss: 1.0652, Validation Loss: 11.0926
Epoch 709/1000, Train Loss: 1.0594, Validation Loss: 3.5741
Epoch 710/1000, Train Loss: 1.0526, Validation Loss: 1.4287
Epoch 711/1000, Train Loss: 1.0162, Validation Loss: 1.0521
Epoch 712/1000, Train Loss: 0.9392, Validation Loss: 1.9394
Epoch 713/1000, Train Loss: 1.0999, Validation Loss: 1.5652
Epoch 714/1000, Train Loss: 1.2474, Validation Loss: 1.7948
Epoch 715/1000, Train Loss: 1.0608, Validation Loss: 2.7789
Epoch 716/1000, Train Loss: 1.0363, Validation Loss: 3.8094
Epoch 717/1000, Train Loss: 1.0187, Validation Loss: 3.7449
Epoch 718/1000, Train Loss: 1.0891, Validation Loss: 3.7398
Epoch 719/1000, Train Loss: 1.0203, Validation Loss: 2.5352
Epoch 720/1000, Train Loss: 1.0381, Validation Loss: 13.8531
Epoch 721/1000, Train Loss: 1.0915, Validation Loss: 1.3347
Epoch 722/1000, Train Loss: 1.1047, Validation Loss: 1.7057
Epoch 723/1000, Train Loss: 1.1210, Validation Loss: 1.4764
Epoch 724/1000, Train Loss: 1.0298, Validation Loss: 3.1239
Epoch 725/1000, Train Loss: 1.0171, Validation Loss: 0.7840
Epoch 726/1000, Train Loss: 0.9943, Validation Loss: 2.2273
Epoch 727/1000, Train Loss: 1.1196, Validation Loss: 0.8950
Epoch 728/1000, Train Loss: 1.0343, Validation Loss: 1.6213
Epoch 729/1000, Train Loss: 0.9965, Validation Loss: 1.5077
Epoch 730/1000, Train Loss: 1.1154, Validation Loss: 5.0840
Epoch 731/1000, Train Loss: 1.0275, Validation Loss: 3.0205
Epoch 732/1000, Train Loss: 1.0693, Validation Loss: 3.9917
Epoch 733/1000, Train Loss: 1.0669, Validation Loss: 3.0428
Epoch 734/1000, Train Loss: 1.1128, Validation Loss: 1.8714
Epoch 735/1000, Train Loss: 1.1049, Validation Loss: 1.3890
Epoch 736/1000, Train Loss: 1.0375, Validation Loss: 1.0567
Epoch 737/1000, Train Loss: 1.0481, Validation Loss: 1.8501
Epoch 738/1000, Train Loss: 1.0339, Validation Loss: 4.3677
Epoch 739/1000, Train Loss: 1.1240, Validation Loss: 3.3129
Epoch 740/1000, Train Loss: 1.0349, Validation Loss: 1.0835
Epoch 741/1000, Train Loss: 1.0113, Validation Loss: 1.4383
Epoch 742/1000, Train Loss: 1.4078, Validation Loss: 1.4648
Epoch 743/1000, Train Loss: 1.2287, Validation Loss: 1.0453
Epoch 744/1000, Train Loss: 1.0730, Validation Loss: 3.7125
Epoch 745/1000, Train Loss: 1.0829, Validation Loss: 7.1481
Epoch 746/1000, Train Loss: 1.0981, Validation Loss: 0.8735
Epoch 747/1000, Train Loss: 1.0591, Validation Loss: 2.6894
Epoch 748/1000, Train Loss: 1.1263, Validation Loss: 1.4653
Epoch 749/1000, Train Loss: 0.9813, Validation Loss: 3.3550
Epoch 750/1000, Train Loss: 1.1359, Validation Loss: 2.3617
Epoch 751/1000, Train Loss: 1.0480, Validation Loss: 2.9430
Epoch 752/1000, Train Loss: 0.9941, Validation Loss: 1.2168
Epoch 753/1000, Train Loss: 1.0860, Validation Loss: 1.9565
Epoch 754/1000, Train Loss: 1.0440, Validation Loss: 2.1721
Epoch 755/1000, Train Loss: 1.0518, Validation Loss: 1.7992
Epoch 756/1000, Train Loss: 2.4406, Validation Loss: 2.7325
Epoch 757/1000, Train Loss: 1.0881, Validation Loss: 1.0456
Epoch 758/1000, Train Loss: 1.1218, Validation Loss: 3.4291
Epoch 759/1000, Train Loss: 1.0821, Validation Loss: 0.8686
Epoch 760/1000, Train Loss: 1.0505, Validation Loss: 1.1377
Epoch 761/1000, Train Loss: 1.0730, Validation Loss: 0.9925
Epoch 762/1000, Train Loss: 1.0365, Validation Loss: 6.4023
Epoch 763/1000, Train Loss: 1.0414, Validation Loss: 1.1568
Epoch 764/1000, Train Loss: 1.1150, Validation Loss: 1.0943
Epoch 765/1000, Train Loss: 1.0754, Validation Loss: 4.1442
Epoch 766/1000, Train Loss: 1.0087, Validation Loss: 2.8566
Epoch 767/1000, Train Loss: 0.9785, Validation Loss: 1.5275
Epoch 768/1000, Train Loss: 1.0105, Validation Loss: 1.4422
Epoch 769/1000, Train Loss: 1.2508, Validation Loss: 1.0837
Epoch 770/1000, Train Loss: 1.0948, Validation Loss: 1.9686
Epoch 771/1000, Train Loss: 1.1697, Validation Loss: 0.8693
Epoch 772/1000, Train Loss: 1.0209, Validation Loss: 2.1746
Epoch 773/1000, Train Loss: 0.8988, Validation Loss: 1.4863
Epoch 774/1000, Train Loss: 1.0040, Validation Loss: 1.0799
Epoch 775/1000, Train Loss: 0.8898, Validation Loss: 1.7948
Epoch 776/1000, Train Loss: 0.9501, Validation Loss: 3.3609
Epoch 777/1000, Train Loss: 1.0888, Validation Loss: 1.9200
Epoch 778/1000, Train Loss: 1.0260, Validation Loss: 1.7903
Epoch 779/1000, Train Loss: 1.0543, Validation Loss: 5.2845
Epoch 780/1000, Train Loss: 0.9812, Validation Loss: 1.8040
Epoch 781/1000, Train Loss: 0.9524, Validation Loss: 0.8648
Epoch 782/1000, Train Loss: 1.0444, Validation Loss: 0.8504
Epoch 783/1000, Train Loss: 1.0228, Validation Loss: 4.3272
Epoch 784/1000, Train Loss: 1.0839, Validation Loss: 0.7467
Epoch 785/1000, Train Loss: 1.0497, Validation Loss: 1.2430
Epoch 786/1000, Train Loss: 0.9972, Validation Loss: 1.2826
Epoch 787/1000, Train Loss: 0.9389, Validation Loss: 5.8680
Epoch 788/1000, Train Loss: 0.9558, Validation Loss: 1.9014
Epoch 789/1000, Train Loss: 1.0583, Validation Loss: 1.5025
Epoch 790/1000, Train Loss: 1.1309, Validation Loss: 1.7010
Epoch 791/1000, Train Loss: 1.0336, Validation Loss: 2.8698
Epoch 792/1000, Train Loss: 1.0445, Validation Loss: 1.5599
Epoch 793/1000, Train Loss: 1.0276, Validation Loss: 3.9740
Epoch 794/1000, Train Loss: 1.0769, Validation Loss: 3.1540
Epoch 795/1000, Train Loss: 1.0434, Validation Loss: 0.9460
Epoch 796/1000, Train Loss: 1.0049, Validation Loss: 2.0950
Epoch 797/1000, Train Loss: 1.0105, Validation Loss: 10.7992
Epoch 798/1000, Train Loss: 1.2498, Validation Loss: 2.7757
Epoch 799/1000, Train Loss: 1.0828, Validation Loss: 1.5529
Epoch 800/1000, Train Loss: 1.0613, Validation Loss: 6.3328
Epoch 801/1000, Train Loss: 1.0661, Validation Loss: 1.5576
Epoch 802/1000, Train Loss: 0.9816, Validation Loss: 1.0535
Epoch 803/1000, Train Loss: 0.9679, Validation Loss: 1.3325
Epoch 804/1000, Train Loss: 1.0761, Validation Loss: 1.2838
Epoch 805/1000, Train Loss: 1.0141, Validation Loss: 1.1928
Epoch 806/1000, Train Loss: 1.0149, Validation Loss: 8.2856
Epoch 807/1000, Train Loss: 1.0632, Validation Loss: 1.1274
Epoch 808/1000, Train Loss: 1.1225, Validation Loss: 2.6683
Epoch 809/1000, Train Loss: 1.0058, Validation Loss: 3.6725
Epoch 810/1000, Train Loss: 1.1985, Validation Loss: 1.3385
Epoch 811/1000, Train Loss: 1.0546, Validation Loss: 2.6836
Epoch 812/1000, Train Loss: 1.0525, Validation Loss: 2.6014
Epoch 813/1000, Train Loss: 1.0207, Validation Loss: 2.2749
Epoch 814/1000, Train Loss: 1.1094, Validation Loss: 1.6182
Epoch 815/1000, Train Loss: 1.2224, Validation Loss: 1.3413
Epoch 816/1000, Train Loss: 0.9866, Validation Loss: 1.4816
Epoch 817/1000, Train Loss: 1.0295, Validation Loss: 1.3408
Epoch 818/1000, Train Loss: 1.0517, Validation Loss: 2.6542
Epoch 819/1000, Train Loss: 1.0640, Validation Loss: 1.7641
Epoch 820/1000, Train Loss: 1.1183, Validation Loss: 2.4715
Epoch 821/1000, Train Loss: 1.0635, Validation Loss: 3.2778
Epoch 822/1000, Train Loss: 1.1257, Validation Loss: 2.2354
Epoch 823/1000, Train Loss: 1.1303, Validation Loss: 3.2601
Epoch 824/1000, Train Loss: 1.0798, Validation Loss: 2.6903
Epoch 825/1000, Train Loss: 1.0268, Validation Loss: 1.0698
Epoch 826/1000, Train Loss: 1.0333, Validation Loss: 1.5882
Epoch 827/1000, Train Loss: 0.9449, Validation Loss: 1.0615
Epoch 828/1000, Train Loss: 0.8513, Validation Loss: 1.3892
Epoch 829/1000, Train Loss: 1.0270, Validation Loss: 9.2359
Epoch 830/1000, Train Loss: 0.9815, Validation Loss: 4.3193
Epoch 831/1000, Train Loss: 0.9799, Validation Loss: 1.2813
Epoch 832/1000, Train Loss: 1.0600, Validation Loss: 1.4160
Epoch 833/1000, Train Loss: 1.5542, Validation Loss: 1.0368
Epoch 834/1000, Train Loss: 1.0557, Validation Loss: 1.4311
Epoch 835/1000, Train Loss: 1.1010, Validation Loss: 2.3468
Epoch 836/1000, Train Loss: 1.1000, Validation Loss: 0.9823
Epoch 837/1000, Train Loss: 1.0737, Validation Loss: 0.8744
Epoch 838/1000, Train Loss: 1.0575, Validation Loss: 1.9821
Epoch 839/1000, Train Loss: 1.0508, Validation Loss: 2.5767
Epoch 840/1000, Train Loss: 1.5213, Validation Loss: 0.9810
Epoch 841/1000, Train Loss: 0.8530, Validation Loss: 10.2178
Epoch 842/1000, Train Loss: 0.8378, Validation Loss: 1.2007
Epoch 843/1000, Train Loss: 0.9588, Validation Loss: 2.0157
Epoch 844/1000, Train Loss: 0.8932, Validation Loss: 2.9598
Epoch 845/1000, Train Loss: 0.8779, Validation Loss: 1.1129
Epoch 846/1000, Train Loss: 0.9682, Validation Loss: 0.9885
Epoch 847/1000, Train Loss: 1.2277, Validation Loss: 1.4462
Epoch 848/1000, Train Loss: 0.9887, Validation Loss: 1.3245
Epoch 849/1000, Train Loss: 0.9204, Validation Loss: 2.7261
Epoch 850/1000, Train Loss: 0.9639, Validation Loss: 1.4656
Epoch 851/1000, Train Loss: 0.8910, Validation Loss: 1.1214
Epoch 852/1000, Train Loss: 1.0207, Validation Loss: 3.3408
Epoch 853/1000, Train Loss: 0.9283, Validation Loss: 4.4202
Epoch 854/1000, Train Loss: 1.0547, Validation Loss: 2.9701
Epoch 855/1000, Train Loss: 1.0087, Validation Loss: 8.2433
Epoch 856/1000, Train Loss: 1.0639, Validation Loss: 5.7480
Epoch 857/1000, Train Loss: 0.9840, Validation Loss: 0.7293
Epoch 858/1000, Train Loss: 0.9976, Validation Loss: 1.5349
Epoch 859/1000, Train Loss: 1.0735, Validation Loss: 0.9597
Epoch 860/1000, Train Loss: 1.0554, Validation Loss: 1.3081
Epoch 861/1000, Train Loss: 0.9854, Validation Loss: 1.0936
Epoch 862/1000, Train Loss: 1.0439, Validation Loss: 1.0938
Epoch 863/1000, Train Loss: 1.0668, Validation Loss: 1.5310
Epoch 864/1000, Train Loss: 0.9674, Validation Loss: 1.2573
Epoch 865/1000, Train Loss: 0.9729, Validation Loss: 1.0108
Epoch 866/1000, Train Loss: 0.9975, Validation Loss: 1.9472
Epoch 867/1000, Train Loss: 1.0556, Validation Loss: 1.2581
Epoch 868/1000, Train Loss: 1.0274, Validation Loss: 1.8071
Epoch 869/1000, Train Loss: 0.9951, Validation Loss: 1.4119
Epoch 870/1000, Train Loss: 1.0655, Validation Loss: 1.9116
Epoch 871/1000, Train Loss: 1.2254, Validation Loss: 10.0069
Epoch 872/1000, Train Loss: 1.1704, Validation Loss: 3.6355
Epoch 873/1000, Train Loss: 1.0880, Validation Loss: 6.4943
Epoch 874/1000, Train Loss: 1.0564, Validation Loss: 0.9226
Epoch 875/1000, Train Loss: 1.1619, Validation Loss: 3.7391
Epoch 876/1000, Train Loss: 1.0643, Validation Loss: 1.8760
Epoch 877/1000, Train Loss: 1.1294, Validation Loss: 1.4909
Epoch 878/1000, Train Loss: 6.8282, Validation Loss: 7.0312
Epoch 879/1000, Train Loss: 1.0503, Validation Loss: 3.8797
Epoch 880/1000, Train Loss: 1.0974, Validation Loss: 1.4433
Epoch 881/1000, Train Loss: 0.9927, Validation Loss: 1.7070
Epoch 882/1000, Train Loss: 0.8389, Validation Loss: 2.0895
Epoch 883/1000, Train Loss: 0.8398, Validation Loss: 1.5252
Epoch 884/1000, Train Loss: 1.0114, Validation Loss: 3.3531
Epoch 885/1000, Train Loss: 1.0849, Validation Loss: 2.3535
Epoch 886/1000, Train Loss: 0.8672, Validation Loss: 2.8942
Epoch 887/1000, Train Loss: 0.9026, Validation Loss: 0.7502
Epoch 888/1000, Train Loss: 0.9513, Validation Loss: 2.8400
Epoch 889/1000, Train Loss: 0.8231, Validation Loss: 1.5890
Epoch 890/1000, Train Loss: 1.0036, Validation Loss: 1.7776
Epoch 891/1000, Train Loss: 0.9271, Validation Loss: 1.0468
Epoch 892/1000, Train Loss: 0.8889, Validation Loss: 0.8482
Epoch 893/1000, Train Loss: 0.9188, Validation Loss: 1.3292
Epoch 894/1000, Train Loss: 0.9950, Validation Loss: 1.1164
Epoch 895/1000, Train Loss: 1.0104, Validation Loss: 1.9828
Epoch 896/1000, Train Loss: 0.9876, Validation Loss: 1.6064
Epoch 897/1000, Train Loss: 1.1586, Validation Loss: 2.4027
Epoch 898/1000, Train Loss: 1.0295, Validation Loss: 2.0982
Epoch 899/1000, Train Loss: 0.9761, Validation Loss: 1.1914
Epoch 900/1000, Train Loss: 0.9725, Validation Loss: 1.0840
Epoch 901/1000, Train Loss: 0.8839, Validation Loss: 4.2596
Epoch 902/1000, Train Loss: 1.0516, Validation Loss: 2.9231
Epoch 903/1000, Train Loss: 0.9874, Validation Loss: 3.3369
Epoch 904/1000, Train Loss: 1.0027, Validation Loss: 5.3723
Epoch 905/1000, Train Loss: 1.0571, Validation Loss: 0.9450
Epoch 906/1000, Train Loss: 0.9736, Validation Loss: 0.7191
Epoch 907/1000, Train Loss: 1.0426, Validation Loss: 2.9068
Epoch 908/1000, Train Loss: 1.0604, Validation Loss: 0.9736
Epoch 909/1000, Train Loss: 1.0619, Validation Loss: 2.1741
Epoch 910/1000, Train Loss: 1.1143, Validation Loss: 1.2034
Epoch 911/1000, Train Loss: 1.0176, Validation Loss: 2.7527
Epoch 912/1000, Train Loss: 0.9859, Validation Loss: 1.7767
Epoch 913/1000, Train Loss: 1.0018, Validation Loss: 2.4792
Epoch 914/1000, Train Loss: 1.0844, Validation Loss: 2.6574
Epoch 915/1000, Train Loss: 1.0443, Validation Loss: 2.5676
Epoch 916/1000, Train Loss: 1.0308, Validation Loss: 0.9028
Epoch 917/1000, Train Loss: 1.2422, Validation Loss: 1.3956
Epoch 918/1000, Train Loss: 1.0670, Validation Loss: 1.5488
Epoch 919/1000, Train Loss: 1.0895, Validation Loss: 1.3030
Epoch 920/1000, Train Loss: 1.1190, Validation Loss: 1.3187
Epoch 921/1000, Train Loss: 1.1668, Validation Loss: 2.0295
Epoch 922/1000, Train Loss: 1.0741, Validation Loss: 0.8873
Epoch 923/1000, Train Loss: 1.0715, Validation Loss: 5.8348
Epoch 924/1000, Train Loss: 0.8915, Validation Loss: 3.5633
Epoch 925/1000, Train Loss: 1.0992, Validation Loss: 2.6619
Epoch 926/1000, Train Loss: 1.0526, Validation Loss: 1.2364
Epoch 927/1000, Train Loss: 1.1423, Validation Loss: 2.6579
Epoch 928/1000, Train Loss: 0.9511, Validation Loss: 1.4882
Epoch 929/1000, Train Loss: 0.9676, Validation Loss: 1.4972
Epoch 930/1000, Train Loss: 1.1207, Validation Loss: 1.4049
Epoch 931/1000, Train Loss: 1.0102, Validation Loss: 1.2618
Epoch 932/1000, Train Loss: 0.9767, Validation Loss: 1.2200
Epoch 933/1000, Train Loss: 1.0329, Validation Loss: 2.4409
Epoch 934/1000, Train Loss: 1.0775, Validation Loss: 1.7476
Epoch 935/1000, Train Loss: 1.0496, Validation Loss: 2.1695
Epoch 936/1000, Train Loss: 0.9407, Validation Loss: 1.5893
Epoch 937/1000, Train Loss: 0.9608, Validation Loss: 6.2462
Epoch 938/1000, Train Loss: 0.9677, Validation Loss: 2.9436
Epoch 939/1000, Train Loss: 0.9473, Validation Loss: 2.7132
Epoch 940/1000, Train Loss: 1.0509, Validation Loss: 1.2674
Epoch 941/1000, Train Loss: 1.0189, Validation Loss: 1.0718
Epoch 942/1000, Train Loss: 0.9404, Validation Loss: 6.3188
Epoch 943/1000, Train Loss: 0.9939, Validation Loss: 1.3908
Epoch 944/1000, Train Loss: 0.9720, Validation Loss: 0.8474
Epoch 945/1000, Train Loss: 1.2098, Validation Loss: 1.0432
Epoch 946/1000, Train Loss: 0.9878, Validation Loss: 1.8825
Epoch 947/1000, Train Loss: 1.0765, Validation Loss: 2.7749
Epoch 948/1000, Train Loss: 1.0700, Validation Loss: 2.7083
Epoch 949/1000, Train Loss: 1.1946, Validation Loss: 1.6585
Epoch 950/1000, Train Loss: 1.0713, Validation Loss: 1.2335
Epoch 951/1000, Train Loss: 1.0219, Validation Loss: 4.0485
Epoch 952/1000, Train Loss: 1.0676, Validation Loss: 3.7933
Epoch 953/1000, Train Loss: 0.9980, Validation Loss: 1.7368
Epoch 954/1000, Train Loss: 1.0806, Validation Loss: 2.2890
Epoch 955/1000, Train Loss: 1.0864, Validation Loss: 6.1827
Epoch 956/1000, Train Loss: 1.0592, Validation Loss: 0.7817
Epoch 957/1000, Train Loss: 1.0503, Validation Loss: 2.4723
Epoch 958/1000, Train Loss: 1.1510, Validation Loss: 1.5893
Epoch 959/1000, Train Loss: 1.0548, Validation Loss: 2.2891
Epoch 960/1000, Train Loss: 1.1067, Validation Loss: 0.9373
Epoch 961/1000, Train Loss: 1.0710, Validation Loss: 3.1262
Epoch 962/1000, Train Loss: 1.0188, Validation Loss: 1.4593
Epoch 963/1000, Train Loss: 1.0112, Validation Loss: 5.1487
Epoch 964/1000, Train Loss: 0.9938, Validation Loss: 2.4131
Epoch 965/1000, Train Loss: 1.1620, Validation Loss: 1.1059
Epoch 966/1000, Train Loss: 1.0892, Validation Loss: 1.5589
Epoch 967/1000, Train Loss: 1.1068, Validation Loss: 1.2752
Epoch 968/1000, Train Loss: 1.0261, Validation Loss: 1.1369
Epoch 969/1000, Train Loss: 1.0802, Validation Loss: 5.9994
Epoch 970/1000, Train Loss: 1.1234, Validation Loss: 3.3713
Epoch 971/1000, Train Loss: 1.0065, Validation Loss: 1.5477
Epoch 972/1000, Train Loss: 1.0116, Validation Loss: 1.5571
Epoch 973/1000, Train Loss: 1.0362, Validation Loss: 1.2057
Epoch 974/1000, Train Loss: 1.0160, Validation Loss: 1.4590
Epoch 975/1000, Train Loss: 1.0225, Validation Loss: 6.7136
Epoch 976/1000, Train Loss: 0.9167, Validation Loss: 0.9117
Epoch 977/1000, Train Loss: 0.9375, Validation Loss: 1.0826
Epoch 978/1000, Train Loss: 1.5549, Validation Loss: 2.4685
Epoch 979/1000, Train Loss: 0.9399, Validation Loss: 0.7557
Epoch 980/1000, Train Loss: 0.8627, Validation Loss: 1.2195
Epoch 981/1000, Train Loss: 0.8429, Validation Loss: 1.9929
Epoch 982/1000, Train Loss: 0.9823, Validation Loss: 1.0476
Epoch 983/1000, Train Loss: 0.9741, Validation Loss: 1.3008
Epoch 984/1000, Train Loss: 0.8792, Validation Loss: 0.7669
Epoch 985/1000, Train Loss: 0.9376, Validation Loss: 1.4043
Epoch 986/1000, Train Loss: 0.9772, Validation Loss: 1.5114
Epoch 987/1000, Train Loss: 0.9810, Validation Loss: 1.6688
Epoch 988/1000, Train Loss: 0.9546, Validation Loss: 2.2508
Epoch 989/1000, Train Loss: 1.0405, Validation Loss: 1.7817
Epoch 990/1000, Train Loss: 0.9758, Validation Loss: 1.2160
Epoch 991/1000, Train Loss: 1.0202, Validation Loss: 0.7167
Epoch 992/1000, Train Loss: 1.8315, Validation Loss: 16.0084
Epoch 993/1000, Train Loss: 1.1105, Validation Loss: 6.1107
Epoch 994/1000, Train Loss: 1.0339, Validation Loss: 1.3998
Epoch 995/1000, Train Loss: 0.9810, Validation Loss: 2.1207
Epoch 996/1000, Train Loss: 1.1387, Validation Loss: 2.4298
Epoch 997/1000, Train Loss: 1.2536, Validation Loss: 1.0876
Epoch 998/1000, Train Loss: 1.0046, Validation Loss: 2.9098
Epoch 999/1000, Train Loss: 0.9894, Validation Loss: 1.8783
Epoch 1000/1000, Train Loss: 1.0139, Validation Loss: 4.9634
Best Training Loss: 0.7802
Best Training Loss Epoch: 501
Best Validation Loss: 0.7167
Best Validation Loss Epoch: 991
Time taken for training: 0-12:28:07
Test Loss: 0.7358
Test MAPE: 166584.4062%
Error Statistics:
count    4.127200e+04
mean     7.305771e+02
std      4.798940e+04
min      3.814697e-05
25%      2.676077e-01
50%      2.010970e+00
75%      2.914621e+01
max      9.656741e+06
Name: Absolute Error, dtype: float64
Training complete. Final model saved.
Saving model as a wandb Artifact...
Model artifact logged successfully.
[1;34mwandb[0m: 
[1;34mwandb[0m: 🚀 View run [33mclear-sweep-25[0m at: [34mhttps://wandb.ai/mk8737-new-york-university/rl_pretrain_hp_sweeps/runs/bv00iq1e[0m
[1;34mwandb[0m: Find logs at: [1;35mwandb/run-20251126_204723-bv00iq1e/logs[0m
Agent finished.
