Waiting for sweep ID...
Found Sweep ID: mof3aj3v
Starting wandb agent for sweep mof3aj3v...
TRAINING DEVICE: cpu
Run Name: GIN_sag_hp_sweep_sag_mof3aj3v-mbiihu87
finidhed preparing data
Loading dataset from pretrain_dataset_12.5k_fixed_duplicates.pkl
Loaded 412712 data objects.
finished preparing data
Epoch 1/1000, Train Loss: 7.1880, Validation Loss: 1.6995
Epoch 2/1000, Train Loss: 6.7461, Validation Loss: 5.6810
Epoch 3/1000, Train Loss: 2.2031, Validation Loss: 8.2631
Epoch 4/1000, Train Loss: 1.6694, Validation Loss: 3.2506
Epoch 5/1000, Train Loss: 1.6905, Validation Loss: 9.3882
Epoch 6/1000, Train Loss: 1.6570, Validation Loss: 1.2953
Epoch 7/1000, Train Loss: 1.5299, Validation Loss: 5.3677
Epoch 8/1000, Train Loss: 1.5626, Validation Loss: 1.3177
Epoch 9/1000, Train Loss: 1.4675, Validation Loss: 1.6584
Epoch 10/1000, Train Loss: 1.4167, Validation Loss: 1.2451
Epoch 11/1000, Train Loss: 1.3729, Validation Loss: 5.2242
Epoch 12/1000, Train Loss: 2.3794, Validation Loss: 2.3145
Epoch 13/1000, Train Loss: 1.4320, Validation Loss: 3.3221
Epoch 14/1000, Train Loss: 1.4607, Validation Loss: 1.0826
Epoch 15/1000, Train Loss: 1.3943, Validation Loss: 1.5349
Epoch 16/1000, Train Loss: 1.3709, Validation Loss: 2.1717
Epoch 17/1000, Train Loss: 1.4392, Validation Loss: 2.8269
Epoch 18/1000, Train Loss: 1.4080, Validation Loss: 5.6960
Epoch 19/1000, Train Loss: 1.3979, Validation Loss: 1.5532
Epoch 20/1000, Train Loss: 1.3600, Validation Loss: 3.7369
Epoch 21/1000, Train Loss: 1.3223, Validation Loss: 2.3046
Epoch 22/1000, Train Loss: 1.3968, Validation Loss: 1.6421
Epoch 23/1000, Train Loss: 1.3904, Validation Loss: 1.2661
Epoch 24/1000, Train Loss: 1.3121, Validation Loss: 1.2506
Epoch 25/1000, Train Loss: 1.6516, Validation Loss: 1.4246
Epoch 26/1000, Train Loss: 1.2585, Validation Loss: 2.6600
Epoch 27/1000, Train Loss: 1.1899, Validation Loss: 1.1939
Epoch 28/1000, Train Loss: 1.2448, Validation Loss: 1.9198
Epoch 29/1000, Train Loss: 1.1601, Validation Loss: 1.8717
Epoch 30/1000, Train Loss: 1.1214, Validation Loss: 1.4831
Epoch 31/1000, Train Loss: 1.1942, Validation Loss: 0.9895
Epoch 32/1000, Train Loss: 1.3310, Validation Loss: 1.8889
Epoch 33/1000, Train Loss: 1.2531, Validation Loss: 1.0732
Epoch 34/1000, Train Loss: 1.1921, Validation Loss: 5.4418
Epoch 35/1000, Train Loss: 1.2232, Validation Loss: 4.6657
Epoch 36/1000, Train Loss: 1.2245, Validation Loss: 2.5396
Epoch 37/1000, Train Loss: 1.4076, Validation Loss: 1.8334
Epoch 38/1000, Train Loss: 1.2444, Validation Loss: 1.7705
Epoch 39/1000, Train Loss: 1.5746, Validation Loss: 3.2839
Epoch 40/1000, Train Loss: 1.5508, Validation Loss: 2.1086
Epoch 41/1000, Train Loss: 1.4101, Validation Loss: 1.8316
Epoch 42/1000, Train Loss: 1.2329, Validation Loss: 6.5656
Epoch 43/1000, Train Loss: 1.1971, Validation Loss: 1.3254
Epoch 44/1000, Train Loss: 1.3078, Validation Loss: 5.3721
Epoch 45/1000, Train Loss: 1.1952, Validation Loss: 2.2012
Epoch 46/1000, Train Loss: 1.1953, Validation Loss: 1.0428
Epoch 47/1000, Train Loss: 1.1208, Validation Loss: 4.3739
Epoch 48/1000, Train Loss: 1.2073, Validation Loss: 1.2074
Epoch 49/1000, Train Loss: 1.2009, Validation Loss: 1.7702
Epoch 50/1000, Train Loss: 1.2582, Validation Loss: 9.6829
Epoch 51/1000, Train Loss: 1.3822, Validation Loss: 3.5496
Epoch 52/1000, Train Loss: 2.0911, Validation Loss: 1.1272
Epoch 53/1000, Train Loss: 1.2536, Validation Loss: 1.1076
Epoch 54/1000, Train Loss: 1.2087, Validation Loss: 5.2733
Epoch 55/1000, Train Loss: 1.0810, Validation Loss: 33.4597
Epoch 56/1000, Train Loss: 1.1955, Validation Loss: 1.0647
Epoch 57/1000, Train Loss: 1.8020, Validation Loss: 1.4775
Epoch 58/1000, Train Loss: 1.2176, Validation Loss: 3.5216
Epoch 59/1000, Train Loss: 2.3903, Validation Loss: 1.2246
Epoch 60/1000, Train Loss: 1.8840, Validation Loss: 1.8434
Epoch 61/1000, Train Loss: 1.2799, Validation Loss: 3.1426
Epoch 62/1000, Train Loss: 2.0517, Validation Loss: 3.6963
Epoch 63/1000, Train Loss: 1.4213, Validation Loss: 2.9958
Epoch 64/1000, Train Loss: 1.5304, Validation Loss: 5.4245
Epoch 65/1000, Train Loss: 1.3597, Validation Loss: 2.1952
Epoch 66/1000, Train Loss: 1.1709, Validation Loss: 1.2121
Epoch 67/1000, Train Loss: 1.5561, Validation Loss: 3.0496
Epoch 68/1000, Train Loss: 1.3678, Validation Loss: 3.4859
Epoch 69/1000, Train Loss: 1.2022, Validation Loss: 1.5015
Epoch 70/1000, Train Loss: 1.2109, Validation Loss: 4.3052
Epoch 71/1000, Train Loss: 1.2226, Validation Loss: 3.2743
Epoch 72/1000, Train Loss: 1.2051, Validation Loss: 5.5702
Epoch 73/1000, Train Loss: 1.2671, Validation Loss: 1.9040
Epoch 74/1000, Train Loss: 1.1881, Validation Loss: 2.0242
Epoch 75/1000, Train Loss: 1.2091, Validation Loss: 6.9042
Epoch 76/1000, Train Loss: 1.2008, Validation Loss: 1.0176
Epoch 77/1000, Train Loss: 1.0591, Validation Loss: 0.9755
Epoch 78/1000, Train Loss: 1.0887, Validation Loss: 1.0468
Epoch 79/1000, Train Loss: 1.1247, Validation Loss: 3.0732
Epoch 80/1000, Train Loss: 1.1832, Validation Loss: 1.6944
Epoch 81/1000, Train Loss: 1.1645, Validation Loss: 6.8813
Epoch 82/1000, Train Loss: 1.0641, Validation Loss: 1.2580
Epoch 83/1000, Train Loss: 1.0736, Validation Loss: 1.0317
Epoch 84/1000, Train Loss: 0.9972, Validation Loss: 1.9079
Epoch 85/1000, Train Loss: 1.7209, Validation Loss: 3.7691
Epoch 86/1000, Train Loss: 1.2620, Validation Loss: 1.5257
Epoch 87/1000, Train Loss: 1.1101, Validation Loss: 5.2280
Epoch 88/1000, Train Loss: 1.1875, Validation Loss: 1.6721
Epoch 89/1000, Train Loss: 1.1380, Validation Loss: 3.2926
Epoch 90/1000, Train Loss: 1.1150, Validation Loss: 2.8269
Epoch 91/1000, Train Loss: 1.2065, Validation Loss: 1.2530
Epoch 92/1000, Train Loss: 1.2176, Validation Loss: 2.0472
Epoch 93/1000, Train Loss: 1.0938, Validation Loss: 4.8040
Epoch 94/1000, Train Loss: 1.0600, Validation Loss: 0.8726
Epoch 95/1000, Train Loss: 1.0455, Validation Loss: 2.6251
Epoch 96/1000, Train Loss: 1.4072, Validation Loss: 9.6942
Epoch 97/1000, Train Loss: 1.5988, Validation Loss: 4.3225
Epoch 98/1000, Train Loss: 1.2219, Validation Loss: 1.3670
Epoch 99/1000, Train Loss: 1.2441, Validation Loss: 2.7389
Epoch 100/1000, Train Loss: 1.1575, Validation Loss: 3.0583
Epoch 101/1000, Train Loss: 1.1069, Validation Loss: 2.9558
Epoch 102/1000, Train Loss: 3.8906, Validation Loss: 1.8120
Epoch 103/1000, Train Loss: 1.4308, Validation Loss: 1.1159
Epoch 104/1000, Train Loss: 1.3072, Validation Loss: 3.4906
Epoch 105/1000, Train Loss: 1.2359, Validation Loss: 3.0934
Epoch 106/1000, Train Loss: 1.1235, Validation Loss: 1.0141
Epoch 107/1000, Train Loss: 1.1789, Validation Loss: 1.6587
Epoch 108/1000, Train Loss: 1.0593, Validation Loss: 1.0165
Epoch 109/1000, Train Loss: 1.1333, Validation Loss: 1.6228
Epoch 110/1000, Train Loss: 1.1369, Validation Loss: 2.4710
Epoch 111/1000, Train Loss: 1.3361, Validation Loss: 2.1025
Epoch 112/1000, Train Loss: 1.2077, Validation Loss: 1.8524
Epoch 113/1000, Train Loss: 1.2521, Validation Loss: 3.9440
Epoch 114/1000, Train Loss: 1.1976, Validation Loss: 1.1776
Epoch 115/1000, Train Loss: 1.2651, Validation Loss: 2.1138
Epoch 116/1000, Train Loss: 1.3603, Validation Loss: 5.0538
Epoch 117/1000, Train Loss: 1.6101, Validation Loss: 3.1899
Epoch 118/1000, Train Loss: 1.3818, Validation Loss: 3.1997
Epoch 119/1000, Train Loss: 1.1541, Validation Loss: 2.0203
Epoch 120/1000, Train Loss: 1.1416, Validation Loss: 2.9436
Epoch 121/1000, Train Loss: 1.0254, Validation Loss: 2.7133
Epoch 122/1000, Train Loss: 1.1760, Validation Loss: 0.9499
Epoch 123/1000, Train Loss: 1.0523, Validation Loss: 1.2993
Epoch 124/1000, Train Loss: 1.0995, Validation Loss: 6.8222
Epoch 125/1000, Train Loss: 1.0578, Validation Loss: 1.6389
Epoch 126/1000, Train Loss: 1.1470, Validation Loss: 1.2567
Epoch 127/1000, Train Loss: 1.0875, Validation Loss: 1.0880
Epoch 128/1000, Train Loss: 1.0676, Validation Loss: 6.2687
Epoch 129/1000, Train Loss: 1.1137, Validation Loss: 2.5331
Epoch 130/1000, Train Loss: 1.2840, Validation Loss: 2.3265
Epoch 131/1000, Train Loss: 1.0791, Validation Loss: 2.6571
Epoch 132/1000, Train Loss: 1.1127, Validation Loss: 1.4745
Epoch 133/1000, Train Loss: 28.8784, Validation Loss: 2.2467
Epoch 134/1000, Train Loss: 1.3319, Validation Loss: 6.5499
Epoch 135/1000, Train Loss: 1.7947, Validation Loss: 1.0345
Epoch 136/1000, Train Loss: 1.3129, Validation Loss: 2.1974
Epoch 137/1000, Train Loss: 1.2973, Validation Loss: 4.6628
Epoch 138/1000, Train Loss: 1.2235, Validation Loss: 3.3730
Epoch 139/1000, Train Loss: 1.0654, Validation Loss: 1.7208
Epoch 140/1000, Train Loss: 1.1243, Validation Loss: 3.7748
Epoch 141/1000, Train Loss: 1.0666, Validation Loss: 1.6484
Epoch 142/1000, Train Loss: 1.7020, Validation Loss: 2.5833
Epoch 143/1000, Train Loss: 1.1820, Validation Loss: 2.8337
Epoch 144/1000, Train Loss: 1.2977, Validation Loss: 3.8924
Epoch 145/1000, Train Loss: 1.1709, Validation Loss: 2.2638
Epoch 146/1000, Train Loss: 1.1819, Validation Loss: 2.0179
Epoch 147/1000, Train Loss: 1.0902, Validation Loss: 1.2738
Epoch 148/1000, Train Loss: 1.1125, Validation Loss: 1.7618
Epoch 149/1000, Train Loss: 1.0686, Validation Loss: 1.8830
Epoch 150/1000, Train Loss: 1.5565, Validation Loss: 0.9304
Epoch 151/1000, Train Loss: 543.6328, Validation Loss: 1.7456
Epoch 152/1000, Train Loss: 1.1562, Validation Loss: 2.2917
Epoch 153/1000, Train Loss: 1.0319, Validation Loss: 1.6660
Epoch 154/1000, Train Loss: 1.0681, Validation Loss: 0.8716
Epoch 155/1000, Train Loss: 1.9714, Validation Loss: 2.2919
Epoch 156/1000, Train Loss: 1.1026, Validation Loss: 5.2874
Epoch 157/1000, Train Loss: 1.0908, Validation Loss: 1.1354
Epoch 158/1000, Train Loss: 1.0825, Validation Loss: 1.3744
Epoch 159/1000, Train Loss: 1.1528, Validation Loss: 1.3985
Epoch 160/1000, Train Loss: 1.0952, Validation Loss: 4.3829
Epoch 161/1000, Train Loss: 1.0077, Validation Loss: 5.1363
Epoch 162/1000, Train Loss: 1.0731, Validation Loss: 2.8312
Epoch 163/1000, Train Loss: 1.0191, Validation Loss: 0.8713
Epoch 164/1000, Train Loss: 2.1664, Validation Loss: 115.9524
Epoch 165/1000, Train Loss: 1.3052, Validation Loss: 2.3362
Epoch 166/1000, Train Loss: 1.1797, Validation Loss: 1.4466
Epoch 167/1000, Train Loss: 1.2176, Validation Loss: 2.0923
Epoch 168/1000, Train Loss: 1.0033, Validation Loss: 1.2860
Epoch 169/1000, Train Loss: 1.0463, Validation Loss: 1.4511
Epoch 170/1000, Train Loss: 1.0914, Validation Loss: 6.9446
Epoch 171/1000, Train Loss: 0.9444, Validation Loss: 6.3474
Epoch 172/1000, Train Loss: 0.9221, Validation Loss: 1.0371
Epoch 173/1000, Train Loss: 1.0048, Validation Loss: 2.9381
Epoch 174/1000, Train Loss: 1.0649, Validation Loss: 1.2703
Epoch 175/1000, Train Loss: 1.0841, Validation Loss: 1.0802
Epoch 176/1000, Train Loss: 1.2586, Validation Loss: 3.2927
Epoch 177/1000, Train Loss: 1.0764, Validation Loss: 3.4106
Epoch 178/1000, Train Loss: 1.0589, Validation Loss: 1.4880
Epoch 179/1000, Train Loss: 1.0380, Validation Loss: 2.5553
Epoch 180/1000, Train Loss: 1.0404, Validation Loss: 5.7388
Epoch 181/1000, Train Loss: 1.0425, Validation Loss: 2.3145
Epoch 182/1000, Train Loss: 1.0139, Validation Loss: 1.2262
Epoch 183/1000, Train Loss: 1.0389, Validation Loss: 1.4103
Epoch 184/1000, Train Loss: 1.6214, Validation Loss: 10.6831
Epoch 185/1000, Train Loss: 1.0702, Validation Loss: 1.0329
Epoch 186/1000, Train Loss: 1.0675, Validation Loss: 1.8975
Epoch 187/1000, Train Loss: 1.0198, Validation Loss: 3.4484
Epoch 188/1000, Train Loss: 1.0583, Validation Loss: 2.5755
Epoch 189/1000, Train Loss: 1.0763, Validation Loss: 1.0387
Epoch 190/1000, Train Loss: 14446.3431, Validation Loss: 2.8601
Epoch 191/1000, Train Loss: 1.1625, Validation Loss: 1.5834
Epoch 192/1000, Train Loss: 1.8281, Validation Loss: 1.4415
Epoch 193/1000, Train Loss: 1.0644, Validation Loss: 1.6600
Epoch 194/1000, Train Loss: 1.2358, Validation Loss: 2.5935
Epoch 195/1000, Train Loss: 1.2450, Validation Loss: 1.5421
Epoch 196/1000, Train Loss: 1.5208, Validation Loss: 2.0327
Epoch 197/1000, Train Loss: 1.0421, Validation Loss: 2.1978
Epoch 198/1000, Train Loss: 1.0702, Validation Loss: 8.1262
Epoch 199/1000, Train Loss: 1.1008, Validation Loss: 1.3474
Epoch 200/1000, Train Loss: 1.0512, Validation Loss: 2.2967
Epoch 201/1000, Train Loss: 1.0729, Validation Loss: 2.4754
Epoch 202/1000, Train Loss: 0.9275, Validation Loss: 1.8841
Epoch 203/1000, Train Loss: 63.4537, Validation Loss: 4.0665
Epoch 204/1000, Train Loss: 0.9624, Validation Loss: 1.3654
Epoch 205/1000, Train Loss: 1.0375, Validation Loss: 1.5190
Epoch 206/1000, Train Loss: 0.9160, Validation Loss: 0.8333
Epoch 207/1000, Train Loss: 0.9484, Validation Loss: 3.0666
Epoch 208/1000, Train Loss: 0.9996, Validation Loss: 1.3523
Epoch 209/1000, Train Loss: 1.1264, Validation Loss: 1.3683
Epoch 210/1000, Train Loss: 1.0626, Validation Loss: 3.2865
Epoch 211/1000, Train Loss: 1.0149, Validation Loss: 2.6279
Epoch 212/1000, Train Loss: 3.0680, Validation Loss: 1.3461
Epoch 213/1000, Train Loss: 1.4487, Validation Loss: 5.7676
Epoch 214/1000, Train Loss: 79.0283, Validation Loss: 5.5010
Epoch 215/1000, Train Loss: 1.5057, Validation Loss: 1.3228
Epoch 216/1000, Train Loss: 1.8717, Validation Loss: 1.6102
Epoch 217/1000, Train Loss: 1.4553, Validation Loss: 3.5664
Epoch 218/1000, Train Loss: 2.0033, Validation Loss: 14.6885
Epoch 219/1000, Train Loss: 4.9901, Validation Loss: 2.4831
Epoch 220/1000, Train Loss: 1.7613, Validation Loss: 7.4037
Epoch 221/1000, Train Loss: 1.8953, Validation Loss: 22.7786
Epoch 222/1000, Train Loss: 2.0917, Validation Loss: 5.8640
Epoch 223/1000, Train Loss: 2.1222, Validation Loss: 1.7336
Epoch 224/1000, Train Loss: 1.5069, Validation Loss: 1.0529
Epoch 225/1000, Train Loss: 1.3068, Validation Loss: 2.2010
Epoch 226/1000, Train Loss: 1.1948, Validation Loss: 3.2960
Epoch 227/1000, Train Loss: 1.5289, Validation Loss: 1.6962
Epoch 228/1000, Train Loss: 36.8512, Validation Loss: 2.2490
Epoch 229/1000, Train Loss: 23.1272, Validation Loss: 78.4995
Epoch 230/1000, Train Loss: 1.3940, Validation Loss: 3.3401
Epoch 231/1000, Train Loss: 1.4325, Validation Loss: 3.0975
Epoch 232/1000, Train Loss: 1.4939, Validation Loss: 1.5725
Epoch 233/1000, Train Loss: 1.2781, Validation Loss: 1.4398
Epoch 234/1000, Train Loss: 1.2644, Validation Loss: 1.0284
Epoch 235/1000, Train Loss: 1.3746, Validation Loss: 3.0119
Epoch 236/1000, Train Loss: 1.3414, Validation Loss: 1.7364
Epoch 237/1000, Train Loss: 1.2894, Validation Loss: 2.5293
Epoch 238/1000, Train Loss: 1.1309, Validation Loss: 16.4868
Epoch 239/1000, Train Loss: 1.1324, Validation Loss: 2.9445
Epoch 240/1000, Train Loss: 1.1327, Validation Loss: 1.2673
Epoch 241/1000, Train Loss: 1.1580, Validation Loss: 1.3309
Epoch 242/1000, Train Loss: 1.1216, Validation Loss: 1.5342
Epoch 243/1000, Train Loss: 1.7032, Validation Loss: 2.0011
Epoch 244/1000, Train Loss: 1.1297, Validation Loss: 2.4299
Epoch 245/1000, Train Loss: 1.1756, Validation Loss: 1.2988
Epoch 246/1000, Train Loss: 1.1298, Validation Loss: 2.4681
Epoch 247/1000, Train Loss: 1.1798, Validation Loss: 3.0519
Epoch 248/1000, Train Loss: 1.2945, Validation Loss: 1.0771
Epoch 249/1000, Train Loss: 1.3484, Validation Loss: 5.1779
Epoch 250/1000, Train Loss: 1.1026, Validation Loss: 2.4389
Epoch 251/1000, Train Loss: 1.1035, Validation Loss: 197.3842
Epoch 252/1000, Train Loss: 1.2187, Validation Loss: 1.1290
Epoch 253/1000, Train Loss: 2.5632, Validation Loss: 3.1114
Epoch 254/1000, Train Loss: 1.2505, Validation Loss: 1.8775
Epoch 255/1000, Train Loss: 1.3616, Validation Loss: 1.2279
Epoch 256/1000, Train Loss: 1.2710, Validation Loss: 1.2781
Epoch 257/1000, Train Loss: 1.1810, Validation Loss: 1.3183
Epoch 258/1000, Train Loss: 1.2685, Validation Loss: 0.8220
Epoch 259/1000, Train Loss: 3.4856, Validation Loss: 2.5549
Epoch 260/1000, Train Loss: 1.4414, Validation Loss: 2.5121
Epoch 261/1000, Train Loss: 1.3462, Validation Loss: 1.0686
Epoch 262/1000, Train Loss: 1.5785, Validation Loss: 1.9909
Epoch 263/1000, Train Loss: 1.3436, Validation Loss: 2.2184
Epoch 264/1000, Train Loss: 1.2437, Validation Loss: 1.0482
Epoch 265/1000, Train Loss: 1.2763, Validation Loss: 2.1367
Epoch 266/1000, Train Loss: 1.1575, Validation Loss: 3.0082
Epoch 267/1000, Train Loss: 1.1499, Validation Loss: 1.4256
Epoch 268/1000, Train Loss: 1.1635, Validation Loss: 2.8697
Epoch 269/1000, Train Loss: 3.3913, Validation Loss: 3.3379
Epoch 270/1000, Train Loss: 1.2871, Validation Loss: 1.8088
Epoch 271/1000, Train Loss: 1.2950, Validation Loss: 1.7020
Epoch 272/1000, Train Loss: 1.1765, Validation Loss: 1.5062
Epoch 273/1000, Train Loss: 1.0754, Validation Loss: 2.4059
Epoch 274/1000, Train Loss: 1.1092, Validation Loss: 1.6147
Epoch 275/1000, Train Loss: 1.1298, Validation Loss: 0.9744
Epoch 276/1000, Train Loss: 1.1310, Validation Loss: 3.5028
Epoch 277/1000, Train Loss: 1.6081, Validation Loss: 1.1897
Epoch 278/1000, Train Loss: 1.3983, Validation Loss: 2.2146
Epoch 279/1000, Train Loss: 1.6930, Validation Loss: 1.3909
Epoch 280/1000, Train Loss: 1.1729, Validation Loss: 1.0501
Epoch 281/1000, Train Loss: 1.1640, Validation Loss: 1.1968
Epoch 282/1000, Train Loss: 1.2367, Validation Loss: 3.0057
Epoch 283/1000, Train Loss: 1.1578, Validation Loss: 3.1524
Epoch 284/1000, Train Loss: 1.2044, Validation Loss: 1.1752
Epoch 285/1000, Train Loss: 1.1586, Validation Loss: 1.6476
Epoch 286/1000, Train Loss: 1.1506, Validation Loss: 1.1303
Epoch 287/1000, Train Loss: 5.5955, Validation Loss: 1.0869
Epoch 288/1000, Train Loss: 1.1586, Validation Loss: 8.6530
Epoch 289/1000, Train Loss: 1.2906, Validation Loss: 1.3156
Epoch 290/1000, Train Loss: 1.2105, Validation Loss: 4.0073
Epoch 291/1000, Train Loss: 1.1856, Validation Loss: 2.1156
Epoch 292/1000, Train Loss: 1.3332, Validation Loss: 1.0174
Epoch 293/1000, Train Loss: 1.2875, Validation Loss: 12.1688
Epoch 294/1000, Train Loss: 1.2097, Validation Loss: 1.1686
Epoch 295/1000, Train Loss: 1.4088, Validation Loss: 6.2345
Epoch 296/1000, Train Loss: 1.3988, Validation Loss: 974.5369
Epoch 297/1000, Train Loss: 82.6262, Validation Loss: 1.3444
Epoch 298/1000, Train Loss: 1.1693, Validation Loss: 1.3345
Epoch 299/1000, Train Loss: 1.1524, Validation Loss: 1.3022
Epoch 300/1000, Train Loss: 1.2370, Validation Loss: 1.8654
Epoch 301/1000, Train Loss: 1.2291, Validation Loss: 12.8221
Epoch 302/1000, Train Loss: 1.1712, Validation Loss: 6.3930
Epoch 303/1000, Train Loss: 2.5590, Validation Loss: 1.2402
Epoch 304/1000, Train Loss: 1.2576, Validation Loss: 0.9792
Epoch 305/1000, Train Loss: 1.1402, Validation Loss: 1.5088
Epoch 306/1000, Train Loss: 1.1379, Validation Loss: 0.9729
Epoch 307/1000, Train Loss: 1.2342, Validation Loss: 2.3035
Epoch 308/1000, Train Loss: 1.6714, Validation Loss: 3.5865
Epoch 309/1000, Train Loss: 1.2071, Validation Loss: 2.4256
Epoch 310/1000, Train Loss: 1.1187, Validation Loss: 2.7804
Epoch 311/1000, Train Loss: 1.1332, Validation Loss: 1.4854
Epoch 312/1000, Train Loss: 1.2237, Validation Loss: 1.3500
Epoch 313/1000, Train Loss: 1.4337, Validation Loss: 6.4780
Epoch 314/1000, Train Loss: 1.4938, Validation Loss: 0.9852
Epoch 315/1000, Train Loss: 1.1603, Validation Loss: 1.5584
Epoch 316/1000, Train Loss: 1.1360, Validation Loss: 1.1746
Epoch 317/1000, Train Loss: 1.0470, Validation Loss: 3.4422
Epoch 318/1000, Train Loss: 1.0173, Validation Loss: 1.4504
Epoch 319/1000, Train Loss: 1.0143, Validation Loss: 3.8810
Epoch 320/1000, Train Loss: 3.1443, Validation Loss: 3.1804
Epoch 321/1000, Train Loss: 1.4555, Validation Loss: 193.4874
Epoch 322/1000, Train Loss: 1.2910, Validation Loss: 1.6022
Epoch 323/1000, Train Loss: 1.1513, Validation Loss: 2.1924
Epoch 324/1000, Train Loss: 1.1921, Validation Loss: 30.2607
Epoch 325/1000, Train Loss: 1.2110, Validation Loss: 3.7551
Epoch 326/1000, Train Loss: 1.3550, Validation Loss: 5.7458
Epoch 327/1000, Train Loss: 1.0952, Validation Loss: 5.1544
Epoch 328/1000, Train Loss: 1.0826, Validation Loss: 1.3296
Epoch 329/1000, Train Loss: 1.0643, Validation Loss: 0.8698
Epoch 330/1000, Train Loss: 1.0058, Validation Loss: 2.0504
Epoch 331/1000, Train Loss: 1.0605, Validation Loss: 2.1995
Epoch 332/1000, Train Loss: 1.2192, Validation Loss: 2.4310
Epoch 333/1000, Train Loss: 1.0727, Validation Loss: 1.1805
Epoch 334/1000, Train Loss: 0.9928, Validation Loss: 1.6544
Epoch 335/1000, Train Loss: 1.0931, Validation Loss: 1.4386
Epoch 336/1000, Train Loss: 1.0487, Validation Loss: 2.1273
Epoch 337/1000, Train Loss: 1.0394, Validation Loss: 2.6498
Epoch 338/1000, Train Loss: 1.0530, Validation Loss: 1.8502
Epoch 339/1000, Train Loss: 0.9714, Validation Loss: 2.9794
Epoch 340/1000, Train Loss: 1.0248, Validation Loss: 4.7331
Epoch 341/1000, Train Loss: 1.1353, Validation Loss: 3.7457
Epoch 342/1000, Train Loss: 1.0840, Validation Loss: 8.6310
Epoch 343/1000, Train Loss: 1.0842, Validation Loss: 1.1712
Epoch 344/1000, Train Loss: 161.9084, Validation Loss: 1.7288
Epoch 345/1000, Train Loss: 1.0415, Validation Loss: 3.7931
Epoch 346/1000, Train Loss: 1.4837, Validation Loss: 26.8888
Epoch 347/1000, Train Loss: 1.1990, Validation Loss: 1.2331
Epoch 348/1000, Train Loss: 1.0634, Validation Loss: 1.4587
Epoch 349/1000, Train Loss: 1.1312, Validation Loss: 2.6219
Epoch 350/1000, Train Loss: 1.5511, Validation Loss: 1.7370
Epoch 351/1000, Train Loss: 1.1247, Validation Loss: 1.7187
Epoch 352/1000, Train Loss: 1.0626, Validation Loss: 1.5625
Epoch 353/1000, Train Loss: 1.6185, Validation Loss: 4.3855
Epoch 354/1000, Train Loss: 1.0556, Validation Loss: 2.5060
Epoch 355/1000, Train Loss: 1.1060, Validation Loss: 1.7535
Epoch 356/1000, Train Loss: 1.1594, Validation Loss: 16.9695
Epoch 357/1000, Train Loss: 1.0804, Validation Loss: 1.8170
Epoch 358/1000, Train Loss: 1.1949, Validation Loss: 1.8236
Epoch 359/1000, Train Loss: 1.1051, Validation Loss: 0.9796
Epoch 360/1000, Train Loss: 1.0993, Validation Loss: 2.4224
Epoch 361/1000, Train Loss: 1.1480, Validation Loss: 4.0705
Epoch 362/1000, Train Loss: 1.5460, Validation Loss: 7.6887
Epoch 363/1000, Train Loss: 1.0538, Validation Loss: 0.9155
Epoch 364/1000, Train Loss: 0.9213, Validation Loss: 1.8756
Epoch 365/1000, Train Loss: 0.9513, Validation Loss: 0.9268
Epoch 366/1000, Train Loss: 0.9874, Validation Loss: 0.9364
Epoch 367/1000, Train Loss: 1.0432, Validation Loss: 1.0718
Epoch 368/1000, Train Loss: 1.0125, Validation Loss: 3.0902
Epoch 369/1000, Train Loss: 1.0798, Validation Loss: 4.6425
Epoch 370/1000, Train Loss: 0.9804, Validation Loss: 1.1171
Epoch 371/1000, Train Loss: 1.0467, Validation Loss: 1.7631
Epoch 372/1000, Train Loss: 1.0726, Validation Loss: 1.5727
Epoch 373/1000, Train Loss: 1.0531, Validation Loss: 1.5637
Epoch 374/1000, Train Loss: 1.0940, Validation Loss: 3.3604
Epoch 375/1000, Train Loss: 1.0094, Validation Loss: 3.3883
Epoch 376/1000, Train Loss: 1.0175, Validation Loss: 3.8468
Epoch 377/1000, Train Loss: 0.9638, Validation Loss: 1.8766
Epoch 378/1000, Train Loss: 0.9998, Validation Loss: 1.4443
Epoch 379/1000, Train Loss: 0.9794, Validation Loss: 2.0285
Epoch 380/1000, Train Loss: 0.9183, Validation Loss: 16.0913
Epoch 381/1000, Train Loss: 0.9162, Validation Loss: 1.2484
Epoch 382/1000, Train Loss: 0.9976, Validation Loss: 1.0713
Epoch 383/1000, Train Loss: 1.0106, Validation Loss: 1.5455
Epoch 384/1000, Train Loss: 1.0149, Validation Loss: 4.0750
Epoch 385/1000, Train Loss: 0.9940, Validation Loss: 1.3906
Epoch 386/1000, Train Loss: 2.1034, Validation Loss: 0.9909
Epoch 387/1000, Train Loss: 1.0408, Validation Loss: 2.3742
Epoch 388/1000, Train Loss: 1.0378, Validation Loss: 1.3966
Epoch 389/1000, Train Loss: 1.0371, Validation Loss: 2.6661
Epoch 390/1000, Train Loss: 0.9484, Validation Loss: 0.9293
Epoch 391/1000, Train Loss: 0.9732, Validation Loss: 0.9083
Epoch 392/1000, Train Loss: 0.9639, Validation Loss: 1.4851
Epoch 393/1000, Train Loss: 1.0256, Validation Loss: 8.9538
Epoch 394/1000, Train Loss: 0.9885, Validation Loss: 1.2366
Epoch 395/1000, Train Loss: 3.5450, Validation Loss: 1.3833
Epoch 396/1000, Train Loss: 1.0005, Validation Loss: 1.8086
Epoch 397/1000, Train Loss: 1.0043, Validation Loss: 2.5591
Epoch 398/1000, Train Loss: 0.9938, Validation Loss: 1.2971
Epoch 399/1000, Train Loss: 1.0052, Validation Loss: 1.1365
Epoch 400/1000, Train Loss: 0.9520, Validation Loss: 1.2989
Epoch 401/1000, Train Loss: 0.9748, Validation Loss: 2.3904
Epoch 402/1000, Train Loss: 1.1829, Validation Loss: 1.7558
Epoch 403/1000, Train Loss: 1.2489, Validation Loss: 1.4104
Epoch 404/1000, Train Loss: 1.5631, Validation Loss: 1.2064
Epoch 405/1000, Train Loss: 1.0120, Validation Loss: 1.7270
Epoch 406/1000, Train Loss: 0.9871, Validation Loss: 4.5017
Epoch 407/1000, Train Loss: 0.9819, Validation Loss: 1.2664
Epoch 408/1000, Train Loss: 0.9495, Validation Loss: 1.7583
Epoch 409/1000, Train Loss: 0.9264, Validation Loss: 1.1085
Epoch 410/1000, Train Loss: 0.9690, Validation Loss: 1.2973
Epoch 411/1000, Train Loss: 0.8800, Validation Loss: 1.4059
Epoch 412/1000, Train Loss: 2.0720, Validation Loss: 20.3033
Epoch 413/1000, Train Loss: 1.1655, Validation Loss: 2.1521
Epoch 414/1000, Train Loss: 1.1602, Validation Loss: 9.5912
Epoch 415/1000, Train Loss: 1.0589, Validation Loss: 7.8093
Epoch 416/1000, Train Loss: 1.0357, Validation Loss: 1.8703
Epoch 417/1000, Train Loss: 0.9792, Validation Loss: 2.8860
Epoch 418/1000, Train Loss: 0.9503, Validation Loss: 2.0616
Epoch 419/1000, Train Loss: 0.9854, Validation Loss: 2.2322
Epoch 420/1000, Train Loss: 0.9647, Validation Loss: 1.4957
Epoch 421/1000, Train Loss: 0.9300, Validation Loss: 1.5066
Epoch 422/1000, Train Loss: 0.9066, Validation Loss: 1.5994
Epoch 423/1000, Train Loss: 0.9741, Validation Loss: 1.2601
Epoch 424/1000, Train Loss: 0.9439, Validation Loss: 1.8522
Epoch 425/1000, Train Loss: 1.0086, Validation Loss: 1.3702
Epoch 426/1000, Train Loss: 0.9912, Validation Loss: 1.0344
Epoch 427/1000, Train Loss: 0.9351, Validation Loss: 0.8358
Epoch 428/1000, Train Loss: 0.9727, Validation Loss: 1.4622
Epoch 429/1000, Train Loss: 0.9950, Validation Loss: 1.0123
Epoch 430/1000, Train Loss: 0.9745, Validation Loss: 4.3794
Epoch 431/1000, Train Loss: 0.9370, Validation Loss: 1.1907
Epoch 432/1000, Train Loss: 0.9648, Validation Loss: 1.9409
Epoch 433/1000, Train Loss: 0.9411, Validation Loss: 1.0314
Epoch 434/1000, Train Loss: 0.9547, Validation Loss: 1.5030
Epoch 435/1000, Train Loss: 0.9851, Validation Loss: 1.1310
Epoch 436/1000, Train Loss: 0.9278, Validation Loss: 1.3134
Epoch 437/1000, Train Loss: 0.9163, Validation Loss: 1.0010
Epoch 438/1000, Train Loss: 0.9430, Validation Loss: 1.3966
Epoch 439/1000, Train Loss: 0.9177, Validation Loss: 0.7894
Epoch 440/1000, Train Loss: 0.9622, Validation Loss: 1.1145
Epoch 441/1000, Train Loss: 0.9202, Validation Loss: 0.9454
Epoch 442/1000, Train Loss: 0.8866, Validation Loss: 1.7101
Epoch 443/1000, Train Loss: 0.8580, Validation Loss: 1.6416
Epoch 444/1000, Train Loss: 0.8914, Validation Loss: 1.2311
Epoch 445/1000, Train Loss: 0.9057, Validation Loss: 1.0617
Epoch 446/1000, Train Loss: 1.0314, Validation Loss: 22.1692
Epoch 447/1000, Train Loss: 1.3657, Validation Loss: 1.2536
Epoch 448/1000, Train Loss: 1.5362, Validation Loss: 9.9602
Epoch 449/1000, Train Loss: 1.1613, Validation Loss: 1.8485
Epoch 450/1000, Train Loss: 0.9839, Validation Loss: 2.1327
Epoch 451/1000, Train Loss: 0.8693, Validation Loss: 2.2213
Epoch 452/1000, Train Loss: 0.8783, Validation Loss: 2.6593
Epoch 453/1000, Train Loss: 0.9339, Validation Loss: 2.0482
Epoch 454/1000, Train Loss: 0.9560, Validation Loss: 1.1937
Epoch 455/1000, Train Loss: 0.8778, Validation Loss: 1.9612
Epoch 456/1000, Train Loss: 1.0884, Validation Loss: 1.2384
Epoch 457/1000, Train Loss: 1.3696, Validation Loss: 1.5881
Epoch 458/1000, Train Loss: 0.9535, Validation Loss: 1.0342
Epoch 459/1000, Train Loss: 0.9347, Validation Loss: 12.0588
Epoch 460/1000, Train Loss: 0.9156, Validation Loss: 1.0432
Epoch 461/1000, Train Loss: 0.9233, Validation Loss: 1.1429
Epoch 462/1000, Train Loss: 0.9469, Validation Loss: 1.2365
Epoch 463/1000, Train Loss: 0.8914, Validation Loss: 1.8734
Epoch 464/1000, Train Loss: 0.9189, Validation Loss: 0.9801
Epoch 465/1000, Train Loss: 1.1454, Validation Loss: 1.5813
Epoch 466/1000, Train Loss: 0.9336, Validation Loss: 2.6443
Epoch 467/1000, Train Loss: 0.9240, Validation Loss: 1.3852
Epoch 468/1000, Train Loss: 0.9555, Validation Loss: 2.6675
Epoch 469/1000, Train Loss: 0.9412, Validation Loss: 1.8443
Epoch 470/1000, Train Loss: 1.0871, Validation Loss: 1.7196
Epoch 471/1000, Train Loss: 1.0074, Validation Loss: 1.0118
Epoch 472/1000, Train Loss: 0.9806, Validation Loss: 0.7941
Epoch 473/1000, Train Loss: 0.9027, Validation Loss: 1.2607
Epoch 474/1000, Train Loss: 0.9379, Validation Loss: 1.2427
Epoch 475/1000, Train Loss: 0.8970, Validation Loss: 0.7869
Epoch 476/1000, Train Loss: 1.1063, Validation Loss: 2.1894
Epoch 477/1000, Train Loss: 1.0363, Validation Loss: 2.8410
Epoch 478/1000, Train Loss: 0.9531, Validation Loss: 6.9838
Epoch 479/1000, Train Loss: 1.0217, Validation Loss: 2.1471
Epoch 480/1000, Train Loss: 0.9139, Validation Loss: 2.1861
Epoch 481/1000, Train Loss: 0.9446, Validation Loss: 1.3569
Epoch 482/1000, Train Loss: 0.9243, Validation Loss: 0.9321
Epoch 483/1000, Train Loss: 0.9307, Validation Loss: 5.8064
Epoch 484/1000, Train Loss: 0.9462, Validation Loss: 4.0235
Epoch 485/1000, Train Loss: 0.9470, Validation Loss: 9.4238
Epoch 486/1000, Train Loss: 0.8907, Validation Loss: 1.2438
Epoch 487/1000, Train Loss: 0.8974, Validation Loss: 0.7973
Epoch 488/1000, Train Loss: 0.8381, Validation Loss: 1.4595
Epoch 489/1000, Train Loss: 0.9493, Validation Loss: 2.5893
Epoch 490/1000, Train Loss: 0.9192, Validation Loss: 1.1698
Epoch 491/1000, Train Loss: 0.8869, Validation Loss: 1.1421
Epoch 492/1000, Train Loss: 0.8674, Validation Loss: 1.9148
Epoch 493/1000, Train Loss: 0.9024, Validation Loss: 0.8098
Epoch 494/1000, Train Loss: 0.9655, Validation Loss: 2.1900
Epoch 495/1000, Train Loss: 0.9198, Validation Loss: 1.0354
Epoch 496/1000, Train Loss: 0.9654, Validation Loss: 1.9425
Epoch 497/1000, Train Loss: 0.8975, Validation Loss: 3.9971
Epoch 498/1000, Train Loss: 0.8481, Validation Loss: 0.8794
Epoch 499/1000, Train Loss: 0.9132, Validation Loss: 1.1657
Epoch 500/1000, Train Loss: 0.9253, Validation Loss: 1.4481
Epoch 501/1000, Train Loss: 0.9095, Validation Loss: 1.0364
Epoch 502/1000, Train Loss: 2.5967, Validation Loss: 1.5569
Epoch 503/1000, Train Loss: 1.0427, Validation Loss: 1.3782
Epoch 504/1000, Train Loss: 1.0089, Validation Loss: 1.8106
Epoch 505/1000, Train Loss: 1.0078, Validation Loss: 1.5612
Epoch 506/1000, Train Loss: 0.9347, Validation Loss: 15.3862
Epoch 507/1000, Train Loss: 0.9358, Validation Loss: 3.1759
Epoch 508/1000, Train Loss: 0.9153, Validation Loss: 3.9422
Epoch 509/1000, Train Loss: 1.0377, Validation Loss: 1.1894
Epoch 510/1000, Train Loss: 0.9457, Validation Loss: 1.6121
Epoch 511/1000, Train Loss: 0.9110, Validation Loss: 2.1002
Epoch 512/1000, Train Loss: 19298.8978, Validation Loss: 40.8380
Epoch 513/1000, Train Loss: 1.1279, Validation Loss: 1.0529
Epoch 514/1000, Train Loss: 1.0466, Validation Loss: 1.0650
Epoch 515/1000, Train Loss: 0.9458, Validation Loss: 1.2896
Epoch 516/1000, Train Loss: 0.9961, Validation Loss: 1.3177
Epoch 517/1000, Train Loss: 0.8948, Validation Loss: 1.3034
Epoch 518/1000, Train Loss: 1.2049, Validation Loss: 2.9887
Epoch 519/1000, Train Loss: 0.9884, Validation Loss: 2.2632
Epoch 520/1000, Train Loss: 1.0078, Validation Loss: 2.2692
Epoch 521/1000, Train Loss: 0.9633, Validation Loss: 1.4714
Epoch 522/1000, Train Loss: 1.0066, Validation Loss: 1.7223
Epoch 523/1000, Train Loss: 0.9297, Validation Loss: 1.0458
Epoch 524/1000, Train Loss: 0.9531, Validation Loss: 1.0357
Epoch 525/1000, Train Loss: 0.9452, Validation Loss: 0.9691
Epoch 526/1000, Train Loss: 2.4509, Validation Loss: 2.6340
Epoch 527/1000, Train Loss: 20.2794, Validation Loss: 1.6817
Epoch 528/1000, Train Loss: 1.2832, Validation Loss: 1.3340
Epoch 529/1000, Train Loss: 0.9817, Validation Loss: 2.2414
Epoch 530/1000, Train Loss: 0.9437, Validation Loss: 1.2652
Epoch 531/1000, Train Loss: 0.9493, Validation Loss: 1.2422
Epoch 532/1000, Train Loss: 0.9718, Validation Loss: 1.6437
Epoch 533/1000, Train Loss: 0.9774, Validation Loss: 1.3749
Epoch 534/1000, Train Loss: 0.9101, Validation Loss: 2.0434
Epoch 535/1000, Train Loss: 1.0110, Validation Loss: 2.6904
Epoch 536/1000, Train Loss: 0.8863, Validation Loss: 1.8591
Epoch 537/1000, Train Loss: 0.8690, Validation Loss: 1.9570
Epoch 538/1000, Train Loss: 0.8017, Validation Loss: 2.2955
Epoch 539/1000, Train Loss: 0.8298, Validation Loss: 0.9145
Epoch 540/1000, Train Loss: 0.8747, Validation Loss: 3.8929
Epoch 541/1000, Train Loss: 0.8412, Validation Loss: 1.5748
Epoch 542/1000, Train Loss: 1.2447, Validation Loss: 5.8941
Epoch 543/1000, Train Loss: 1.0389, Validation Loss: 5.3324
Epoch 544/1000, Train Loss: 0.8631, Validation Loss: 0.8918
Epoch 545/1000, Train Loss: 0.9299, Validation Loss: 1.1440
Epoch 546/1000, Train Loss: 0.9342, Validation Loss: 2.3399
Epoch 547/1000, Train Loss: 0.9685, Validation Loss: 1.0516
Epoch 548/1000, Train Loss: 0.9649, Validation Loss: 1.5345
Epoch 549/1000, Train Loss: 0.9564, Validation Loss: 4.5891
Epoch 550/1000, Train Loss: 0.9973, Validation Loss: 2.4088
Epoch 551/1000, Train Loss: 0.9580, Validation Loss: 0.9430
Epoch 552/1000, Train Loss: 0.9478, Validation Loss: 1.1548
Epoch 553/1000, Train Loss: 0.9438, Validation Loss: 2.0339
Epoch 554/1000, Train Loss: 0.9854, Validation Loss: 1.2792
Epoch 555/1000, Train Loss: 0.9338, Validation Loss: 1.7009
Epoch 556/1000, Train Loss: 1.1110, Validation Loss: 2.4508
Epoch 557/1000, Train Loss: 1.0445, Validation Loss: 3.4573
Epoch 558/1000, Train Loss: 0.9971, Validation Loss: 16.4069
Epoch 559/1000, Train Loss: 0.9462, Validation Loss: 1.0197
Epoch 560/1000, Train Loss: 0.9110, Validation Loss: 1.2370
Epoch 561/1000, Train Loss: 0.9255, Validation Loss: 16.6210
Epoch 562/1000, Train Loss: 0.9627, Validation Loss: 1.3567
Epoch 563/1000, Train Loss: 0.9170, Validation Loss: 1.8191
Epoch 564/1000, Train Loss: 0.9364, Validation Loss: 1.4027
Epoch 565/1000, Train Loss: 0.9155, Validation Loss: 2.1357
Epoch 566/1000, Train Loss: 0.9243, Validation Loss: 1.0336
Epoch 567/1000, Train Loss: 0.9893, Validation Loss: 0.9233
Epoch 568/1000, Train Loss: 0.9860, Validation Loss: 0.8637
Epoch 569/1000, Train Loss: 0.9391, Validation Loss: 1.1718
Epoch 570/1000, Train Loss: 0.9062, Validation Loss: 1.1270
Epoch 571/1000, Train Loss: 0.9033, Validation Loss: 1.9040
Epoch 572/1000, Train Loss: 1.0422, Validation Loss: 2.9557
Epoch 573/1000, Train Loss: 0.8225, Validation Loss: 0.8726
Epoch 574/1000, Train Loss: 0.8982, Validation Loss: 1.6893
Epoch 575/1000, Train Loss: 0.8690, Validation Loss: 3.5082
Epoch 576/1000, Train Loss: 0.9120, Validation Loss: 1.2117
Epoch 577/1000, Train Loss: 0.9079, Validation Loss: 1.4557
Epoch 578/1000, Train Loss: 1.1998, Validation Loss: 2.2084
Epoch 579/1000, Train Loss: 0.9264, Validation Loss: 1.3230
Epoch 580/1000, Train Loss: 0.9244, Validation Loss: 1.2186
Epoch 581/1000, Train Loss: 1.0466, Validation Loss: 0.8322
Epoch 582/1000, Train Loss: 0.9085, Validation Loss: 0.9905
Epoch 583/1000, Train Loss: 0.8977, Validation Loss: 1.6185
Epoch 584/1000, Train Loss: 0.8946, Validation Loss: 1.3996
Epoch 585/1000, Train Loss: 1.0989, Validation Loss: 39.6621
Epoch 586/1000, Train Loss: 1.1039, Validation Loss: 1.9244
Epoch 587/1000, Train Loss: 0.9093, Validation Loss: 1.0437
Epoch 588/1000, Train Loss: 0.9712, Validation Loss: 5.6973
Epoch 589/1000, Train Loss: 0.9665, Validation Loss: 1.0562
Epoch 590/1000, Train Loss: 1.1689, Validation Loss: 2.2212
Epoch 591/1000, Train Loss: 0.9639, Validation Loss: 1.5850
Epoch 592/1000, Train Loss: 0.9556, Validation Loss: 2.1729
Epoch 593/1000, Train Loss: 0.9188, Validation Loss: 0.8028
Epoch 594/1000, Train Loss: 0.8968, Validation Loss: 1.1187
Epoch 595/1000, Train Loss: 0.9076, Validation Loss: 1.4010
Epoch 596/1000, Train Loss: 0.9047, Validation Loss: 2.4347
Epoch 597/1000, Train Loss: 0.9287, Validation Loss: 2.2676
Epoch 598/1000, Train Loss: 0.9311, Validation Loss: 2.1087
Epoch 599/1000, Train Loss: 0.8828, Validation Loss: 3.0802
Epoch 600/1000, Train Loss: 0.9026, Validation Loss: 1.6842
Epoch 601/1000, Train Loss: 0.9498, Validation Loss: 2.3548
Epoch 602/1000, Train Loss: 0.8643, Validation Loss: 0.8440
Epoch 603/1000, Train Loss: 0.8612, Validation Loss: 1.0443
Epoch 604/1000, Train Loss: 154.3829, Validation Loss: 1.2469
Epoch 605/1000, Train Loss: 0.8737, Validation Loss: 1.4673
Epoch 606/1000, Train Loss: 0.8959, Validation Loss: 0.8784
Epoch 607/1000, Train Loss: 0.9945, Validation Loss: 1.0913
Epoch 608/1000, Train Loss: 0.8458, Validation Loss: 2.7877
Epoch 609/1000, Train Loss: 0.8761, Validation Loss: 4.8877
Epoch 610/1000, Train Loss: 0.9501, Validation Loss: 0.8917
Epoch 611/1000, Train Loss: 0.9743, Validation Loss: 1.2409
Epoch 612/1000, Train Loss: 0.9190, Validation Loss: 4.3519
Epoch 613/1000, Train Loss: 0.9498, Validation Loss: 3.9856
Epoch 614/1000, Train Loss: 0.8806, Validation Loss: 1.0837
Epoch 615/1000, Train Loss: 0.9516, Validation Loss: 5.9598
Epoch 616/1000, Train Loss: 0.8767, Validation Loss: 1.3572
Epoch 617/1000, Train Loss: 0.9935, Validation Loss: 1.4998
Epoch 618/1000, Train Loss: 0.9404, Validation Loss: 1.5247
Epoch 619/1000, Train Loss: 0.9072, Validation Loss: 1.8920
Epoch 620/1000, Train Loss: 43.0479, Validation Loss: 2.2162
Epoch 621/1000, Train Loss: 0.9657, Validation Loss: 1.7654
Epoch 622/1000, Train Loss: 0.8802, Validation Loss: 1.0037
Epoch 623/1000, Train Loss: 0.8273, Validation Loss: 1.1353
Epoch 624/1000, Train Loss: 0.7963, Validation Loss: 1.6863
Epoch 625/1000, Train Loss: 0.9639, Validation Loss: 0.9519
Epoch 626/1000, Train Loss: 1.8518, Validation Loss: 2.2671
Epoch 627/1000, Train Loss: 0.9776, Validation Loss: 0.9230
Epoch 628/1000, Train Loss: 0.9145, Validation Loss: 0.8647
Epoch 629/1000, Train Loss: 0.9137, Validation Loss: 1.8412
Epoch 630/1000, Train Loss: 0.8657, Validation Loss: 0.8942
Epoch 631/1000, Train Loss: 0.8453, Validation Loss: 0.9964
Epoch 632/1000, Train Loss: 0.8664, Validation Loss: 1.5008
Epoch 633/1000, Train Loss: 0.9223, Validation Loss: 1.7945
Epoch 634/1000, Train Loss: 0.8518, Validation Loss: 6.0659
Epoch 635/1000, Train Loss: 0.9081, Validation Loss: 1.4649
Epoch 636/1000, Train Loss: 0.9243, Validation Loss: 3.0745
Epoch 637/1000, Train Loss: 0.8748, Validation Loss: 1.1679
Epoch 638/1000, Train Loss: 0.8605, Validation Loss: 2.9504
Epoch 639/1000, Train Loss: 0.8094, Validation Loss: 1.8413
Epoch 640/1000, Train Loss: 0.7883, Validation Loss: 0.9244
Epoch 641/1000, Train Loss: 0.9073, Validation Loss: 1.3106
Epoch 642/1000, Train Loss: 0.9194, Validation Loss: 0.8190
Epoch 643/1000, Train Loss: 0.8248, Validation Loss: 1.1914
Epoch 644/1000, Train Loss: 0.7904, Validation Loss: 3.0300
Epoch 645/1000, Train Loss: 0.8225, Validation Loss: 0.7483
Epoch 646/1000, Train Loss: 0.9634, Validation Loss: 1.2136
Epoch 647/1000, Train Loss: 0.8771, Validation Loss: 0.7094
Epoch 648/1000, Train Loss: 0.7698, Validation Loss: 0.7745
Epoch 649/1000, Train Loss: 0.8558, Validation Loss: 2.0906
Epoch 650/1000, Train Loss: 0.8296, Validation Loss: 1.0857
Epoch 651/1000, Train Loss: 0.8225, Validation Loss: 0.7723
Epoch 652/1000, Train Loss: 1.1695, Validation Loss: 2.2892
Epoch 653/1000, Train Loss: 1.0327, Validation Loss: 7.9527
Epoch 654/1000, Train Loss: 0.8908, Validation Loss: 2.0623
Epoch 655/1000, Train Loss: 0.7978, Validation Loss: 0.7220
Epoch 656/1000, Train Loss: 0.7975, Validation Loss: 1.4321
Epoch 657/1000, Train Loss: 0.7371, Validation Loss: 1.8104
Epoch 658/1000, Train Loss: 0.7413, Validation Loss: 0.8444
Epoch 659/1000, Train Loss: 1.1504, Validation Loss: 0.8535
Epoch 660/1000, Train Loss: 0.7455, Validation Loss: 1.8405
Epoch 661/1000, Train Loss: 1.0523, Validation Loss: 1386.3028
Epoch 662/1000, Train Loss: 1.1561, Validation Loss: 2.0206
Epoch 663/1000, Train Loss: 1.0857, Validation Loss: 1.0027
Epoch 664/1000, Train Loss: 0.9208, Validation Loss: 0.7277
Epoch 665/1000, Train Loss: 0.8374, Validation Loss: 0.8995
Epoch 666/1000, Train Loss: 0.7608, Validation Loss: 1.5231
Epoch 667/1000, Train Loss: 0.7582, Validation Loss: 2.3211
Epoch 668/1000, Train Loss: 0.7328, Validation Loss: 1.2985
Epoch 669/1000, Train Loss: 1.5045, Validation Loss: 1.6765
Epoch 670/1000, Train Loss: 0.8176, Validation Loss: 2.1421
Epoch 671/1000, Train Loss: 1.0447, Validation Loss: 0.8390
Epoch 672/1000, Train Loss: 0.9199, Validation Loss: 2.6628
Epoch 673/1000, Train Loss: 0.9539, Validation Loss: 0.9592
Epoch 674/1000, Train Loss: 1.1236, Validation Loss: 5.5548
Epoch 675/1000, Train Loss: 0.9912, Validation Loss: 0.9552
Epoch 676/1000, Train Loss: 1.1272, Validation Loss: 1.8101
Epoch 677/1000, Train Loss: 1.1244, Validation Loss: 2.1355
Epoch 678/1000, Train Loss: 1.2249, Validation Loss: 0.9752
Epoch 679/1000, Train Loss: 1.2133, Validation Loss: 0.7656
Epoch 680/1000, Train Loss: 0.9678, Validation Loss: 1.4040
Epoch 681/1000, Train Loss: 0.9548, Validation Loss: 1.1181
Epoch 682/1000, Train Loss: 0.9230, Validation Loss: 3.3591
Epoch 683/1000, Train Loss: 1.2634, Validation Loss: 1.7993
Epoch 684/1000, Train Loss: 1.0933, Validation Loss: 2.3532
Epoch 685/1000, Train Loss: 1.1342, Validation Loss: 1.1936
Epoch 686/1000, Train Loss: 0.9140, Validation Loss: 0.8019
Epoch 687/1000, Train Loss: 1.0147, Validation Loss: 8.7819
Epoch 688/1000, Train Loss: 0.8755, Validation Loss: 0.8665
Epoch 689/1000, Train Loss: 0.8686, Validation Loss: 0.9339
Epoch 690/1000, Train Loss: 0.9784, Validation Loss: 15.7167
Epoch 691/1000, Train Loss: 0.9847, Validation Loss: 1.6429
Epoch 692/1000, Train Loss: 1.3541, Validation Loss: 1.3562
Epoch 693/1000, Train Loss: 0.8794, Validation Loss: 1.0952
Epoch 694/1000, Train Loss: 1.0022, Validation Loss: 2.1632
Epoch 695/1000, Train Loss: 0.8813, Validation Loss: 1.9073
Epoch 696/1000, Train Loss: 0.9960, Validation Loss: 1.9755
Epoch 697/1000, Train Loss: 0.8903, Validation Loss: 0.8828
Epoch 698/1000, Train Loss: 0.9308, Validation Loss: 0.8380
Epoch 699/1000, Train Loss: 0.9329, Validation Loss: 1.5946
Epoch 700/1000, Train Loss: 0.8911, Validation Loss: 1.0300
Epoch 701/1000, Train Loss: 0.8517, Validation Loss: 0.9934
Epoch 702/1000, Train Loss: 0.8246, Validation Loss: 0.8337
Epoch 703/1000, Train Loss: 0.9023, Validation Loss: 1.9975
Epoch 704/1000, Train Loss: 2.2177, Validation Loss: 25607.8411
Epoch 705/1000, Train Loss: 0.9480, Validation Loss: 0.7642
Epoch 706/1000, Train Loss: 0.8804, Validation Loss: 0.9058
Epoch 707/1000, Train Loss: 0.8904, Validation Loss: 2.5878
Epoch 708/1000, Train Loss: 0.9131, Validation Loss: 7037.4306
Epoch 709/1000, Train Loss: 0.8288, Validation Loss: 2.3869
Epoch 710/1000, Train Loss: 0.8612, Validation Loss: 1.6851
Epoch 711/1000, Train Loss: 0.8004, Validation Loss: 6.3956
Epoch 712/1000, Train Loss: 0.7760, Validation Loss: 1.5123
Epoch 713/1000, Train Loss: 0.8625, Validation Loss: 0.8287
Epoch 714/1000, Train Loss: 0.8175, Validation Loss: 5.2989
Epoch 715/1000, Train Loss: 0.8909, Validation Loss: 1.0187
Epoch 716/1000, Train Loss: 0.8454, Validation Loss: 1.7151
Epoch 717/1000, Train Loss: 0.8356, Validation Loss: 1.5405
Epoch 718/1000, Train Loss: 0.8020, Validation Loss: 3.1470
Epoch 719/1000, Train Loss: 0.8680, Validation Loss: 1.2172
Epoch 720/1000, Train Loss: 0.8523, Validation Loss: 1.8139
Epoch 721/1000, Train Loss: 1.8793, Validation Loss: 2.9916
Epoch 722/1000, Train Loss: 3.5421, Validation Loss: 7.0473
Epoch 723/1000, Train Loss: 1.2827, Validation Loss: 0.8834
Epoch 724/1000, Train Loss: 0.9418, Validation Loss: 3.4405
Epoch 725/1000, Train Loss: 0.8026, Validation Loss: 1.0800
Epoch 726/1000, Train Loss: 0.7341, Validation Loss: 0.8394
Epoch 727/1000, Train Loss: 0.7287, Validation Loss: 0.7901
Epoch 728/1000, Train Loss: 0.7185, Validation Loss: 0.9628
Epoch 729/1000, Train Loss: 0.6906, Validation Loss: 0.8001
Epoch 730/1000, Train Loss: 0.7194, Validation Loss: 0.9514
Epoch 731/1000, Train Loss: 0.7086, Validation Loss: 2.1538
Epoch 732/1000, Train Loss: 0.7024, Validation Loss: 0.9163
Epoch 733/1000, Train Loss: 0.6808, Validation Loss: 0.9036
Epoch 734/1000, Train Loss: 0.6654, Validation Loss: 0.7648
Epoch 735/1000, Train Loss: 0.6880, Validation Loss: 0.9605
Epoch 736/1000, Train Loss: 0.6747, Validation Loss: 0.6722
Epoch 737/1000, Train Loss: 0.6839, Validation Loss: 0.6938
Epoch 738/1000, Train Loss: 0.6889, Validation Loss: 2.2565
Epoch 739/1000, Train Loss: 0.6898, Validation Loss: 0.7483
Epoch 740/1000, Train Loss: 0.6606, Validation Loss: 0.9211
Epoch 741/1000, Train Loss: 0.7267, Validation Loss: 10.2498
Epoch 742/1000, Train Loss: 0.8128, Validation Loss: 0.8394
Epoch 743/1000, Train Loss: 0.7683, Validation Loss: 0.9751
Epoch 744/1000, Train Loss: 0.7820, Validation Loss: 0.7774
Epoch 745/1000, Train Loss: 1.0284, Validation Loss: 1.5474
Epoch 746/1000, Train Loss: 1.1013, Validation Loss: 5.8857
Epoch 747/1000, Train Loss: 1.0268, Validation Loss: 2.5372
Epoch 748/1000, Train Loss: 0.8438, Validation Loss: 0.8637
Epoch 749/1000, Train Loss: 0.8659, Validation Loss: 1.0790
Epoch 750/1000, Train Loss: 0.8131, Validation Loss: 2.1643
Epoch 751/1000, Train Loss: 0.9406, Validation Loss: 1.5857
Epoch 752/1000, Train Loss: 1.0770, Validation Loss: 1.0866
Epoch 753/1000, Train Loss: 1.0514, Validation Loss: 2.2527
Epoch 754/1000, Train Loss: 1.0545, Validation Loss: 1.4069
Epoch 755/1000, Train Loss: 1.3393, Validation Loss: 0.8975
Epoch 756/1000, Train Loss: 1.1545, Validation Loss: 0.8860
Epoch 757/1000, Train Loss: 1.1250, Validation Loss: 2.6158
Epoch 758/1000, Train Loss: 0.9854, Validation Loss: 0.8328
Epoch 759/1000, Train Loss: 1.0520, Validation Loss: 1.1162
Epoch 760/1000, Train Loss: 1.0084, Validation Loss: 1.0065
Epoch 761/1000, Train Loss: 1.1017, Validation Loss: 11.2006
Epoch 762/1000, Train Loss: 1.2172, Validation Loss: 1.3041
Epoch 763/1000, Train Loss: 1.0957, Validation Loss: 0.8207
Epoch 764/1000, Train Loss: 1.0252, Validation Loss: 2.4331
Epoch 765/1000, Train Loss: 1.0335, Validation Loss: 0.7453
Epoch 766/1000, Train Loss: 0.9880, Validation Loss: 0.9773
Epoch 767/1000, Train Loss: 1.0161, Validation Loss: 2.5043
Epoch 768/1000, Train Loss: 0.9141, Validation Loss: 2.4967
Epoch 769/1000, Train Loss: 0.9293, Validation Loss: 1.5552
Epoch 770/1000, Train Loss: 0.9583, Validation Loss: 1.0471
Epoch 771/1000, Train Loss: 0.8889, Validation Loss: 1.1681
Epoch 772/1000, Train Loss: 1.0026, Validation Loss: 1.7839
Epoch 773/1000, Train Loss: 0.9560, Validation Loss: 9.1719
Epoch 774/1000, Train Loss: 0.9689, Validation Loss: 0.9371
Epoch 775/1000, Train Loss: 1.0483, Validation Loss: 1.7658
Epoch 776/1000, Train Loss: 1.0889, Validation Loss: 1.1839
Epoch 777/1000, Train Loss: 1.0169, Validation Loss: 0.7017
Epoch 778/1000, Train Loss: 1.0494, Validation Loss: 1.5434
Epoch 779/1000, Train Loss: 0.9711, Validation Loss: 1.5356
Epoch 780/1000, Train Loss: 1.4291, Validation Loss: 2.0018
Epoch 781/1000, Train Loss: 1.2235, Validation Loss: 8.8237
Epoch 782/1000, Train Loss: 0.9440, Validation Loss: 0.9911
Epoch 783/1000, Train Loss: 1.3260, Validation Loss: 0.8599
Epoch 784/1000, Train Loss: 1.0943, Validation Loss: 2.3255
Epoch 785/1000, Train Loss: 1.0359, Validation Loss: 1.9186
Epoch 786/1000, Train Loss: 0.9050, Validation Loss: 1.1801
Epoch 787/1000, Train Loss: 1.0148, Validation Loss: 1.6324
Epoch 788/1000, Train Loss: 0.9418, Validation Loss: 0.8844
Epoch 789/1000, Train Loss: 0.9835, Validation Loss: 1.4906
Epoch 790/1000, Train Loss: 0.9142, Validation Loss: 1.4850
Epoch 791/1000, Train Loss: 0.8978, Validation Loss: 1.4607
Epoch 792/1000, Train Loss: 0.9504, Validation Loss: 1.1400
Epoch 793/1000, Train Loss: 0.8970, Validation Loss: 1.2382
Epoch 794/1000, Train Loss: 0.9607, Validation Loss: 5.0415
Epoch 795/1000, Train Loss: 2.8782, Validation Loss: 2.0776
Epoch 796/1000, Train Loss: 0.8958, Validation Loss: 2.7657
Epoch 797/1000, Train Loss: 0.8781, Validation Loss: 0.9803
Epoch 798/1000, Train Loss: 0.9389, Validation Loss: 1.0579
Epoch 799/1000, Train Loss: 0.8929, Validation Loss: 3.8081
Epoch 800/1000, Train Loss: 1.0872, Validation Loss: 1.8556
Epoch 801/1000, Train Loss: 0.9431, Validation Loss: 1.4523
Epoch 802/1000, Train Loss: 0.8950, Validation Loss: 2.0888
Epoch 803/1000, Train Loss: 0.8674, Validation Loss: 2.5931
Epoch 804/1000, Train Loss: 0.8986, Validation Loss: 0.7520
Epoch 805/1000, Train Loss: 0.8803, Validation Loss: 1.6754
Epoch 806/1000, Train Loss: 0.8719, Validation Loss: 1.1612
Epoch 807/1000, Train Loss: 0.9766, Validation Loss: 2.0101
Epoch 808/1000, Train Loss: 0.9320, Validation Loss: 2.0639
Epoch 809/1000, Train Loss: 0.8641, Validation Loss: 3.8681
Epoch 810/1000, Train Loss: 0.9094, Validation Loss: 3.1071
Epoch 811/1000, Train Loss: 0.8847, Validation Loss: 1.1679
Epoch 812/1000, Train Loss: 0.9823, Validation Loss: 3.4063
Epoch 813/1000, Train Loss: 1.0080, Validation Loss: 1.1191
Epoch 814/1000, Train Loss: 0.8927, Validation Loss: 0.8165
Epoch 815/1000, Train Loss: 1.5392, Validation Loss: 1.0993
Epoch 816/1000, Train Loss: 1.0050, Validation Loss: 2.6581
Epoch 817/1000, Train Loss: 0.8855, Validation Loss: 10.8943
Epoch 818/1000, Train Loss: 0.8958, Validation Loss: 1.9560
Epoch 819/1000, Train Loss: 0.8708, Validation Loss: 1.9007
Epoch 820/1000, Train Loss: 0.8781, Validation Loss: 2.7344
Epoch 821/1000, Train Loss: 0.9341, Validation Loss: 7.4046
Epoch 822/1000, Train Loss: 0.8899, Validation Loss: 0.9371
Epoch 823/1000, Train Loss: 0.9670, Validation Loss: 1.2450
Epoch 824/1000, Train Loss: 0.9026, Validation Loss: 2.2945
Epoch 825/1000, Train Loss: 1.0148, Validation Loss: 1.1419
Epoch 826/1000, Train Loss: 0.9162, Validation Loss: 1.1607
Epoch 827/1000, Train Loss: 0.8599, Validation Loss: 0.7445
Epoch 828/1000, Train Loss: 0.9078, Validation Loss: 2.0438
Epoch 829/1000, Train Loss: 0.8856, Validation Loss: 1.3666
Epoch 830/1000, Train Loss: 0.8281, Validation Loss: 2.5354
Epoch 831/1000, Train Loss: 0.9103, Validation Loss: 4.7782
Epoch 832/1000, Train Loss: 0.9736, Validation Loss: 1.2827
Epoch 833/1000, Train Loss: 1.0907, Validation Loss: 1.3493
Epoch 834/1000, Train Loss: 1.0853, Validation Loss: 0.8626
Epoch 835/1000, Train Loss: 0.8059, Validation Loss: 1.9103
Epoch 836/1000, Train Loss: 0.8340, Validation Loss: 3.5252
Epoch 837/1000, Train Loss: 0.8480, Validation Loss: 2.7029
Epoch 838/1000, Train Loss: 0.8294, Validation Loss: 6.6720
Epoch 839/1000, Train Loss: 1.0675, Validation Loss: 3.4221
Epoch 840/1000, Train Loss: 0.8150, Validation Loss: 1.2575
Epoch 841/1000, Train Loss: 0.8799, Validation Loss: 1.0296
Epoch 842/1000, Train Loss: 0.9075, Validation Loss: 1.3421
Epoch 843/1000, Train Loss: 0.9003, Validation Loss: 1.9048
Epoch 844/1000, Train Loss: 1.4264, Validation Loss: 6.9051
Epoch 845/1000, Train Loss: 0.9484, Validation Loss: 2.5167
Epoch 846/1000, Train Loss: 0.8726, Validation Loss: 4.8243
Epoch 847/1000, Train Loss: 0.9849, Validation Loss: 21.0348
Epoch 848/1000, Train Loss: 0.8980, Validation Loss: 1.4530
Epoch 849/1000, Train Loss: 0.9511, Validation Loss: 2.5994
Epoch 850/1000, Train Loss: 0.8750, Validation Loss: 3.2559
Epoch 851/1000, Train Loss: 0.8272, Validation Loss: 2.2263
Epoch 852/1000, Train Loss: 0.9623, Validation Loss: 0.9206
Epoch 853/1000, Train Loss: 0.8579, Validation Loss: 3.5213
Epoch 854/1000, Train Loss: 0.9291, Validation Loss: 0.9078
Epoch 855/1000, Train Loss: 0.9023, Validation Loss: 21.4221
Epoch 856/1000, Train Loss: 0.9656, Validation Loss: 1.0229
Epoch 857/1000, Train Loss: 0.9912, Validation Loss: 1.4043
Epoch 858/1000, Train Loss: 0.9054, Validation Loss: 2.4623
Epoch 859/1000, Train Loss: 0.8878, Validation Loss: 1.9096
Epoch 860/1000, Train Loss: 0.9043, Validation Loss: 2.2661
Epoch 861/1000, Train Loss: 0.8152, Validation Loss: 0.7920
Epoch 862/1000, Train Loss: 0.9375, Validation Loss: 2.1084
Epoch 863/1000, Train Loss: 0.8290, Validation Loss: 1.4796
Epoch 864/1000, Train Loss: 0.8575, Validation Loss: 3.0207
Epoch 865/1000, Train Loss: 0.8062, Validation Loss: 0.8274
Epoch 866/1000, Train Loss: 0.8439, Validation Loss: 1.9879
Epoch 867/1000, Train Loss: 0.8365, Validation Loss: 1.6678
Epoch 868/1000, Train Loss: 0.7272, Validation Loss: 0.8790
Epoch 869/1000, Train Loss: 0.8175, Validation Loss: 1.9973
Epoch 870/1000, Train Loss: 0.8691, Validation Loss: 1.2499
Epoch 871/1000, Train Loss: 0.8914, Validation Loss: 1.6301
Epoch 872/1000, Train Loss: 0.8345, Validation Loss: 0.7950
Epoch 873/1000, Train Loss: 0.7407, Validation Loss: 0.9530
Epoch 874/1000, Train Loss: 0.8439, Validation Loss: 1.1425
Epoch 875/1000, Train Loss: 0.9276, Validation Loss: 3.9509
Epoch 876/1000, Train Loss: 0.7277, Validation Loss: 5.4274
Epoch 877/1000, Train Loss: 0.7516, Validation Loss: 0.8244
Epoch 878/1000, Train Loss: 0.7878, Validation Loss: 1.1508
Epoch 879/1000, Train Loss: 0.8481, Validation Loss: 1.1242
Epoch 880/1000, Train Loss: 1.0509, Validation Loss: 2.2321
Epoch 881/1000, Train Loss: 0.8074, Validation Loss: 1.3441
Epoch 882/1000, Train Loss: 0.8688, Validation Loss: 0.9157
Epoch 883/1000, Train Loss: 0.7558, Validation Loss: 4.6605
Epoch 884/1000, Train Loss: 0.8016, Validation Loss: 1.6609
Epoch 885/1000, Train Loss: 1.5312, Validation Loss: 1.1934
Epoch 886/1000, Train Loss: 0.9231, Validation Loss: 0.8236
Epoch 887/1000, Train Loss: 0.7237, Validation Loss: 1.1674
Epoch 888/1000, Train Loss: 0.6854, Validation Loss: 0.9499
Epoch 889/1000, Train Loss: 0.8168, Validation Loss: 1.2435
Epoch 890/1000, Train Loss: 0.8237, Validation Loss: 0.8601
Epoch 891/1000, Train Loss: 0.7244, Validation Loss: 1.6059
Epoch 892/1000, Train Loss: 0.8290, Validation Loss: 2.3839
Epoch 893/1000, Train Loss: 0.8725, Validation Loss: 2.3954
Epoch 894/1000, Train Loss: 0.9223, Validation Loss: 3.6766
Epoch 895/1000, Train Loss: 0.8379, Validation Loss: 0.7646
Epoch 896/1000, Train Loss: 0.8523, Validation Loss: 2.8169
Epoch 897/1000, Train Loss: 0.8665, Validation Loss: 1.2858
Epoch 898/1000, Train Loss: 0.8004, Validation Loss: 1.1409
Epoch 899/1000, Train Loss: 0.8859, Validation Loss: 1.7343
Epoch 900/1000, Train Loss: 0.8209, Validation Loss: 1.2753
Epoch 901/1000, Train Loss: 0.8585, Validation Loss: 1.3146
Epoch 902/1000, Train Loss: 0.8165, Validation Loss: 2.9925
Epoch 903/1000, Train Loss: 0.8363, Validation Loss: 2.5038
Epoch 904/1000, Train Loss: 0.8867, Validation Loss: 3.1323
Epoch 905/1000, Train Loss: 0.8542, Validation Loss: 1.1838
Epoch 906/1000, Train Loss: 0.9007, Validation Loss: 1.1021
Epoch 907/1000, Train Loss: 284.4278, Validation Loss: 1.3990
Epoch 908/1000, Train Loss: 1.5254, Validation Loss: 1.4112
Epoch 909/1000, Train Loss: 1.1200, Validation Loss: 2.0737
Epoch 910/1000, Train Loss: 1.1740, Validation Loss: 8.0554
Epoch 911/1000, Train Loss: 0.9840, Validation Loss: 1.6594
Epoch 912/1000, Train Loss: 0.9417, Validation Loss: 1.2304
Epoch 913/1000, Train Loss: 1.0016, Validation Loss: 2.4702
Epoch 914/1000, Train Loss: 1.1131, Validation Loss: 1.6740
Epoch 915/1000, Train Loss: 0.8142, Validation Loss: 1.0024
Epoch 916/1000, Train Loss: 0.9453, Validation Loss: 2.9374
Epoch 917/1000, Train Loss: 0.8530, Validation Loss: 1.1050
Epoch 918/1000, Train Loss: 0.9631, Validation Loss: 2.7773
Epoch 919/1000, Train Loss: 0.9744, Validation Loss: 4.0128
Epoch 920/1000, Train Loss: 1.1425, Validation Loss: 1.4430
Epoch 921/1000, Train Loss: 1.1233, Validation Loss: 3.3038
Epoch 922/1000, Train Loss: 1.3661, Validation Loss: 1.2175
Epoch 923/1000, Train Loss: 1.0861, Validation Loss: 1.9115
Epoch 924/1000, Train Loss: 1.0074, Validation Loss: 3.5445
Epoch 925/1000, Train Loss: 1.0559, Validation Loss: 2.8201
Epoch 926/1000, Train Loss: 0.9837, Validation Loss: 0.7970
Epoch 927/1000, Train Loss: 0.9071, Validation Loss: 1.2838
Epoch 928/1000, Train Loss: 0.9512, Validation Loss: 3.1652
Epoch 929/1000, Train Loss: 1.0077, Validation Loss: 1.0585
Epoch 930/1000, Train Loss: 0.8328, Validation Loss: 0.7661
Epoch 931/1000, Train Loss: 0.8984, Validation Loss: 2.1105
Epoch 932/1000, Train Loss: 0.8980, Validation Loss: 1.9049
Epoch 933/1000, Train Loss: 0.9165, Validation Loss: 1.7432
Epoch 934/1000, Train Loss: 0.9426, Validation Loss: 1.8780
Epoch 935/1000, Train Loss: 0.9129, Validation Loss: 1.1618
Epoch 936/1000, Train Loss: 0.9076, Validation Loss: 1.3118
Epoch 937/1000, Train Loss: 0.8878, Validation Loss: 1.4651
Epoch 938/1000, Train Loss: 0.9023, Validation Loss: 1.6121
Epoch 939/1000, Train Loss: 0.8946, Validation Loss: 8.4726
Epoch 940/1000, Train Loss: 0.9249, Validation Loss: 1.5990
Epoch 941/1000, Train Loss: 0.9246, Validation Loss: 0.9708
Epoch 942/1000, Train Loss: 0.9055, Validation Loss: 1.0402
Epoch 943/1000, Train Loss: 0.9123, Validation Loss: 0.7036
Epoch 944/1000, Train Loss: 0.9378, Validation Loss: 1.1495
Epoch 945/1000, Train Loss: 0.9225, Validation Loss: 2.1590
Epoch 946/1000, Train Loss: 0.9691, Validation Loss: 2.7690
Epoch 947/1000, Train Loss: 0.9031, Validation Loss: 1.3818
Epoch 948/1000, Train Loss: 0.9568, Validation Loss: 2.6652
Epoch 949/1000, Train Loss: 0.9048, Validation Loss: 1.2817
Epoch 950/1000, Train Loss: 0.9764, Validation Loss: 2.0074
Epoch 951/1000, Train Loss: 0.9386, Validation Loss: 1.0151
Epoch 952/1000, Train Loss: 0.9185, Validation Loss: 1.3916
Epoch 953/1000, Train Loss: 0.8382, Validation Loss: 4.1216
Epoch 954/1000, Train Loss: 0.8264, Validation Loss: 1.0560
Epoch 955/1000, Train Loss: 0.8570, Validation Loss: 2.4994
Epoch 956/1000, Train Loss: 0.8127, Validation Loss: 2.5179
Epoch 957/1000, Train Loss: 0.9311, Validation Loss: 1.0594
Epoch 958/1000, Train Loss: 0.8742, Validation Loss: 1.1961
Epoch 959/1000, Train Loss: 0.8764, Validation Loss: 4.7855
Epoch 960/1000, Train Loss: 0.8455, Validation Loss: 1.3378
Epoch 961/1000, Train Loss: 1.1341, Validation Loss: 1.9326
Epoch 962/1000, Train Loss: 0.9098, Validation Loss: 1.6709
Epoch 963/1000, Train Loss: 0.8636, Validation Loss: 10.6596
Epoch 964/1000, Train Loss: 0.8300, Validation Loss: 2.1912
Epoch 965/1000, Train Loss: 0.8957, Validation Loss: 2.1441
Epoch 966/1000, Train Loss: 0.8184, Validation Loss: 1.0193
Epoch 967/1000, Train Loss: 0.8470, Validation Loss: 1.6177
Epoch 968/1000, Train Loss: 0.7957, Validation Loss: 1.6197
Epoch 969/1000, Train Loss: 0.8409, Validation Loss: 0.9059
Epoch 970/1000, Train Loss: 0.8540, Validation Loss: 3.0426
Epoch 971/1000, Train Loss: 1.1090, Validation Loss: 2.5285
Epoch 972/1000, Train Loss: 0.8094, Validation Loss: 1.1743
Epoch 973/1000, Train Loss: 0.8401, Validation Loss: 1.1820
Epoch 974/1000, Train Loss: 0.8466, Validation Loss: 1.6808
Epoch 975/1000, Train Loss: 0.8546, Validation Loss: 0.8199
Epoch 976/1000, Train Loss: 0.9026, Validation Loss: 2.7967
Epoch 977/1000, Train Loss: 0.8701, Validation Loss: 1.0716
Epoch 978/1000, Train Loss: 0.9424, Validation Loss: 0.8445
Epoch 979/1000, Train Loss: 0.7930, Validation Loss: 0.6916
Epoch 980/1000, Train Loss: 0.7134, Validation Loss: 1.1095
Epoch 981/1000, Train Loss: 0.6906, Validation Loss: 1.3892
Epoch 982/1000, Train Loss: 0.8126, Validation Loss: 1.8214
Epoch 983/1000, Train Loss: 1.0268, Validation Loss: 3.0559
Epoch 984/1000, Train Loss: 0.8190, Validation Loss: 2.7869
Epoch 985/1000, Train Loss: 0.9368, Validation Loss: 1.5265
Epoch 986/1000, Train Loss: 0.9404, Validation Loss: 0.9641
Epoch 987/1000, Train Loss: 0.8000, Validation Loss: 1.8478
Epoch 988/1000, Train Loss: 0.8675, Validation Loss: 2.1895
Epoch 989/1000, Train Loss: 0.8044, Validation Loss: 1.1089
Epoch 990/1000, Train Loss: 0.8829, Validation Loss: 6.1116
Epoch 991/1000, Train Loss: 0.8566, Validation Loss: 1.0369
Epoch 992/1000, Train Loss: 0.8819, Validation Loss: 3.9816
Epoch 993/1000, Train Loss: 0.7541, Validation Loss: 2.3166
Epoch 994/1000, Train Loss: 0.9422, Validation Loss: 2.0679
Epoch 995/1000, Train Loss: 0.8449, Validation Loss: 2.8239
Epoch 996/1000, Train Loss: 0.8586, Validation Loss: 2.7911
Epoch 997/1000, Train Loss: 0.8798, Validation Loss: 2.7445
Epoch 998/1000, Train Loss: 0.7724, Validation Loss: 0.9181
Epoch 999/1000, Train Loss: 0.8825, Validation Loss: 1.4264
Epoch 1000/1000, Train Loss: 0.8570, Validation Loss: 0.7918
Best Training Loss: 0.6606
Best Training Loss Epoch: 740
Best Validation Loss: 0.6722
Best Validation Loss Epoch: 736
Time taken for training: 0-12:47:58
Test Loss: 0.6923
Test MAPE: 74461.5234%
Error Statistics:
count    4.127200e+04
mean     5.782775e+02
std      1.800201e+04
min      3.635883e-05
25%      1.577725e-01
50%      1.737474e+00
75%      2.540405e+01
max      3.354454e+06
Name: Absolute Error, dtype: float64
Training complete. Final model saved.
Saving model as a wandb Artifact...
Model artifact logged successfully.
[1;34mwandb[0m: 
[1;34mwandb[0m: 🚀 View run [33mlucky-sweep-7[0m at: [34mhttps://wandb.ai/mk8737-new-york-university/rl_pretrain_hp_sweeps/runs/mbiihu87[0m
[1;34mwandb[0m: Find logs at: [1;35mwandb/run-20251126_204717-mbiihu87/logs[0m
Agent finished.
