Waiting for sweep ID...
Found Sweep ID: mof3aj3v
Starting wandb agent for sweep mof3aj3v...
TRAINING DEVICE: cpu
Run Name: GIN_sag_hp_sweep_sag_mof3aj3v-cj4esim6
finidhed preparing data
Loading dataset from pretrain_dataset_12.5k_fixed_duplicates.pkl
Loaded 412712 data objects.
finished preparing data
Epoch 1/1000, Train Loss: 8.3741, Validation Loss: 8.3394
Epoch 2/1000, Train Loss: 7.8822, Validation Loss: 6.0896
Epoch 3/1000, Train Loss: 6.4388, Validation Loss: 6.1122
Epoch 4/1000, Train Loss: 6.3332, Validation Loss: 6.1021
Epoch 5/1000, Train Loss: 3.2933, Validation Loss: 6.4214
Epoch 6/1000, Train Loss: 1.8374, Validation Loss: 6.3088
Epoch 7/1000, Train Loss: 2.6930, Validation Loss: 2.0570
Epoch 8/1000, Train Loss: 1532.6686, Validation Loss: 1.4641
Epoch 9/1000, Train Loss: 1.9369, Validation Loss: 2.0639
Epoch 10/1000, Train Loss: 1.8899, Validation Loss: 2.2072
Epoch 11/1000, Train Loss: 14337.1840, Validation Loss: 6.3943
Epoch 12/1000, Train Loss: 4.2206, Validation Loss: 3.4698
Epoch 13/1000, Train Loss: 1.7337, Validation Loss: 2.2661
Epoch 14/1000, Train Loss: 2.1565, Validation Loss: 1.6431
Epoch 15/1000, Train Loss: 1007.3675, Validation Loss: 21763.5166
Epoch 16/1000, Train Loss: 160.4799, Validation Loss: 6.0691
Epoch 17/1000, Train Loss: 2.9388, Validation Loss: 1.5521
Epoch 18/1000, Train Loss: 3.2158, Validation Loss: 2.5869
Epoch 19/1000, Train Loss: 1.3597, Validation Loss: 2.1741
Epoch 20/1000, Train Loss: 2.8181, Validation Loss: 1.7605
Epoch 21/1000, Train Loss: 17.1338, Validation Loss: 1.9616
Epoch 22/1000, Train Loss: 3.3888, Validation Loss: 1.4111
Epoch 23/1000, Train Loss: 7.0129, Validation Loss: 1.6899
Epoch 24/1000, Train Loss: 1.2771, Validation Loss: 3.4459
Epoch 25/1000, Train Loss: 4.8259, Validation Loss: 2.6151
Epoch 26/1000, Train Loss: 1.6453, Validation Loss: 2.4728
Epoch 27/1000, Train Loss: 2.0139, Validation Loss: 6.7226
Epoch 28/1000, Train Loss: 1.6100, Validation Loss: 1.3922
Epoch 29/1000, Train Loss: 1.5521, Validation Loss: 1.2526
Epoch 30/1000, Train Loss: 1.9886, Validation Loss: 8.0655
Epoch 31/1000, Train Loss: 2.6335, Validation Loss: 2.8197
Epoch 32/1000, Train Loss: 536.5819, Validation Loss: 6.4794
Epoch 33/1000, Train Loss: 2.7127, Validation Loss: 1.4136
Epoch 34/1000, Train Loss: 1.6083, Validation Loss: 1.4534
Epoch 35/1000, Train Loss: 1.5331, Validation Loss: 3.2690
Epoch 36/1000, Train Loss: 1.5112, Validation Loss: 2.0653
Epoch 37/1000, Train Loss: 2.2994, Validation Loss: 1.6581
Epoch 38/1000, Train Loss: 1.4886, Validation Loss: 4.8737
Epoch 39/1000, Train Loss: 6.3662, Validation Loss: 2.4522
Epoch 40/1000, Train Loss: 1.4120, Validation Loss: 1.4328
Epoch 41/1000, Train Loss: 19.7194, Validation Loss: 2.4109
Epoch 42/1000, Train Loss: 106.6011, Validation Loss: 1.7314
Epoch 43/1000, Train Loss: 1.4188, Validation Loss: 2.1411
Epoch 44/1000, Train Loss: 1.5508, Validation Loss: 3.2229
Epoch 45/1000, Train Loss: 3586.2503, Validation Loss: 1.7972
Epoch 46/1000, Train Loss: 3.3469, Validation Loss: 2.5155
Epoch 47/1000, Train Loss: 3.5692, Validation Loss: 1.8774
Epoch 48/1000, Train Loss: 714.5322, Validation Loss: 4.2689
Epoch 49/1000, Train Loss: 1.8667, Validation Loss: 2.1630
Epoch 50/1000, Train Loss: 3.7721, Validation Loss: 1.9481
Epoch 51/1000, Train Loss: 49.6675, Validation Loss: 2.6273
Epoch 52/1000, Train Loss: 1.9722, Validation Loss: 3.5348
Epoch 53/1000, Train Loss: 13.2176, Validation Loss: 3.0465
Epoch 54/1000, Train Loss: 64056.4717, Validation Loss: 1.6712
Epoch 55/1000, Train Loss: 55.2704, Validation Loss: 4883.5882
Epoch 56/1000, Train Loss: 16.4049, Validation Loss: 1.9806
Epoch 57/1000, Train Loss: 10.8823, Validation Loss: 46.0074
Epoch 58/1000, Train Loss: 1.5322, Validation Loss: 1.4229
Epoch 59/1000, Train Loss: 18.3322, Validation Loss: 4.4155
Epoch 60/1000, Train Loss: 1.5350, Validation Loss: 2.3720
Epoch 61/1000, Train Loss: 77.3829, Validation Loss: 2.1335
Epoch 62/1000, Train Loss: 35.2102, Validation Loss: 2.2513
Epoch 63/1000, Train Loss: 288.1701, Validation Loss: 13.0543
Epoch 64/1000, Train Loss: 1.8537, Validation Loss: 2.6185
Epoch 65/1000, Train Loss: 9.7512, Validation Loss: 1.6858
Epoch 66/1000, Train Loss: 53.9337, Validation Loss: 1.9743
Epoch 67/1000, Train Loss: 86.0157, Validation Loss: 2.6347
Epoch 68/1000, Train Loss: 1.6100, Validation Loss: 1.8860
Epoch 69/1000, Train Loss: 7045.8060, Validation Loss: 4.2852
Epoch 70/1000, Train Loss: 1.8224, Validation Loss: 1.7895
Epoch 71/1000, Train Loss: 6.9878, Validation Loss: 2.2076
Epoch 72/1000, Train Loss: 460.0804, Validation Loss: 5.0349
Epoch 73/1000, Train Loss: 30.3687, Validation Loss: 5.7411
Epoch 74/1000, Train Loss: 21.4124, Validation Loss: 1831.6749
Epoch 75/1000, Train Loss: 1.7850, Validation Loss: 2292.1437
Epoch 76/1000, Train Loss: 286.0608, Validation Loss: 1.9988
Epoch 77/1000, Train Loss: 19798.2638, Validation Loss: 2.7373
Epoch 78/1000, Train Loss: 200.5827, Validation Loss: 4.9699
Epoch 79/1000, Train Loss: 1.7675, Validation Loss: 2.8565
Epoch 80/1000, Train Loss: 23.8844, Validation Loss: 93.9729
Epoch 81/1000, Train Loss: 752.0356, Validation Loss: 3.0931
Epoch 82/1000, Train Loss: 42.4948, Validation Loss: 3.0889
Epoch 83/1000, Train Loss: 344.4065, Validation Loss: 3.0421
Epoch 84/1000, Train Loss: 2.1739, Validation Loss: 2.1049
Epoch 85/1000, Train Loss: 1.6893, Validation Loss: 2.6652
Epoch 86/1000, Train Loss: 2.2493, Validation Loss: 6.1981
Epoch 87/1000, Train Loss: 19106.5711, Validation Loss: 3.0163
Epoch 88/1000, Train Loss: 136.3947, Validation Loss: 3.0170
Epoch 89/1000, Train Loss: 1.9789, Validation Loss: 2.0317
Epoch 90/1000, Train Loss: 31.7325, Validation Loss: 2.7126
Epoch 91/1000, Train Loss: 36.6559, Validation Loss: 8.2534
Epoch 92/1000, Train Loss: 1123.6220, Validation Loss: 2.8973
Epoch 93/1000, Train Loss: 775.8287, Validation Loss: 2.7416
Epoch 94/1000, Train Loss: 1.6802, Validation Loss: 3.9352
Epoch 95/1000, Train Loss: 1850.6330, Validation Loss: 2.4242
Epoch 96/1000, Train Loss: 4.3011, Validation Loss: 2.8269
Epoch 97/1000, Train Loss: 9.2883, Validation Loss: 197.1698
Epoch 98/1000, Train Loss: 6027.6161, Validation Loss: 101572.9425
Epoch 99/1000, Train Loss: 2.2306, Validation Loss: 1.7689
Epoch 100/1000, Train Loss: 1.3761, Validation Loss: 2.4680
Epoch 101/1000, Train Loss: 42.8131, Validation Loss: 1.0638
Epoch 102/1000, Train Loss: 1.3769, Validation Loss: 1.4989
Epoch 103/1000, Train Loss: 16.9141, Validation Loss: 1.3052
Epoch 104/1000, Train Loss: 1.4254, Validation Loss: 3.8318
Epoch 105/1000, Train Loss: 3.6887, Validation Loss: 2.4851
Epoch 106/1000, Train Loss: 1.7676, Validation Loss: 1.1716
Epoch 107/1000, Train Loss: 2.2231, Validation Loss: 2.6807
Epoch 108/1000, Train Loss: 131.8814, Validation Loss: 3.6140
Epoch 109/1000, Train Loss: 855.7718, Validation Loss: 2.2862
Epoch 110/1000, Train Loss: 25.3670, Validation Loss: 1.1853
Epoch 111/1000, Train Loss: 1577.3339, Validation Loss: 13.5084
Epoch 112/1000, Train Loss: 16.8300, Validation Loss: 7.4650
Epoch 113/1000, Train Loss: 1.5290, Validation Loss: 1.2674
Epoch 114/1000, Train Loss: 651.1040, Validation Loss: 7.7630
Epoch 115/1000, Train Loss: 66.7558, Validation Loss: 4.9918
Epoch 116/1000, Train Loss: 2.9652, Validation Loss: 3.6246
Epoch 117/1000, Train Loss: 1.4034, Validation Loss: 1.6207
Epoch 118/1000, Train Loss: 6.1042, Validation Loss: 7.1357
Epoch 119/1000, Train Loss: 14.4461, Validation Loss: 1.0642
Epoch 120/1000, Train Loss: 24.8171, Validation Loss: 2.0478
Epoch 121/1000, Train Loss: 1.2063, Validation Loss: 1.7529
Epoch 122/1000, Train Loss: 1852.2084, Validation Loss: 4.9842
Epoch 123/1000, Train Loss: 1.9261, Validation Loss: 1.4045
Epoch 124/1000, Train Loss: 2.0703, Validation Loss: 2.1582
Epoch 125/1000, Train Loss: 3386.7057, Validation Loss: 6.1917
Epoch 126/1000, Train Loss: 6.3195, Validation Loss: 6.1547
Epoch 127/1000, Train Loss: 4.3163, Validation Loss: 13.9745
Epoch 128/1000, Train Loss: 1.8101, Validation Loss: 1.2991
Epoch 129/1000, Train Loss: 1.6607, Validation Loss: 3.8118
Epoch 130/1000, Train Loss: 1.4990, Validation Loss: 1.6038
Epoch 131/1000, Train Loss: 1.7048, Validation Loss: 7.4451
Epoch 132/1000, Train Loss: 1.7943, Validation Loss: 2.7132
Epoch 133/1000, Train Loss: 1.5198, Validation Loss: 1.1317
Epoch 134/1000, Train Loss: 1.8604, Validation Loss: 1.7779
Epoch 135/1000, Train Loss: 3.2584, Validation Loss: 78242.4391
Epoch 136/1000, Train Loss: 2.0217, Validation Loss: 1.4774
Epoch 137/1000, Train Loss: 1.4820, Validation Loss: 1.6231
Epoch 138/1000, Train Loss: 1.5901, Validation Loss: 3.9868
Epoch 139/1000, Train Loss: 1.5280, Validation Loss: 3.2155
Epoch 140/1000, Train Loss: 1.6318, Validation Loss: 3.5838
Epoch 141/1000, Train Loss: 1.4918, Validation Loss: 1.3215
Epoch 142/1000, Train Loss: 2.0192, Validation Loss: 3.0522
Epoch 143/1000, Train Loss: 1.6115, Validation Loss: 1.2832
Epoch 144/1000, Train Loss: 1.5056, Validation Loss: 11.5201
Epoch 145/1000, Train Loss: 1971.0305, Validation Loss: 3.1380
Epoch 146/1000, Train Loss: 1026.8901, Validation Loss: 7.8805
Epoch 147/1000, Train Loss: 1.6603, Validation Loss: 1.1993
Epoch 148/1000, Train Loss: 1.4475, Validation Loss: 3.2360
Epoch 149/1000, Train Loss: 1.3356, Validation Loss: 2.8286
Epoch 150/1000, Train Loss: 1.6323, Validation Loss: 2.1608
Epoch 151/1000, Train Loss: 1.4349, Validation Loss: 28.2396
Epoch 152/1000, Train Loss: 1.7613, Validation Loss: 2.5858
Epoch 153/1000, Train Loss: 1.4836, Validation Loss: 1.2273
Epoch 154/1000, Train Loss: 1.8318, Validation Loss: 1.1356
Epoch 155/1000, Train Loss: 5515.2692, Validation Loss: 6.0675
Epoch 156/1000, Train Loss: 1.5506, Validation Loss: 1.2594
Epoch 157/1000, Train Loss: 545.1874, Validation Loss: 4.4861
Epoch 158/1000, Train Loss: 1.7763, Validation Loss: 1.9695
Epoch 159/1000, Train Loss: 1.6634, Validation Loss: 1.3287
Epoch 160/1000, Train Loss: 1.3944, Validation Loss: 3.9131
Epoch 161/1000, Train Loss: 2.7505, Validation Loss: 2.1559
Epoch 162/1000, Train Loss: 3.8763, Validation Loss: 1.4006
Epoch 163/1000, Train Loss: 1.6220, Validation Loss: 2.8382
Epoch 164/1000, Train Loss: 188.7751, Validation Loss: 1.5509
Epoch 165/1000, Train Loss: 2.2433, Validation Loss: 8.1509
Epoch 166/1000, Train Loss: 2.5661, Validation Loss: 2.5093
Epoch 167/1000, Train Loss: 2.3691, Validation Loss: 1.3516
Epoch 168/1000, Train Loss: 1.9007, Validation Loss: 1.3127
Epoch 169/1000, Train Loss: 3.7883, Validation Loss: 5.7025
Epoch 170/1000, Train Loss: 2.4905, Validation Loss: 1.5486
Epoch 171/1000, Train Loss: 2.2052, Validation Loss: 41.6493
Epoch 172/1000, Train Loss: 10.5732, Validation Loss: 20.5758
Epoch 173/1000, Train Loss: 2.0036, Validation Loss: 4.8369
Epoch 174/1000, Train Loss: 2.1549, Validation Loss: 3.3583
Epoch 175/1000, Train Loss: 2.1881, Validation Loss: 2.1855
Epoch 176/1000, Train Loss: 2.5131, Validation Loss: 3.0711
Epoch 177/1000, Train Loss: 2.1387, Validation Loss: 3.8499
Epoch 178/1000, Train Loss: 2.9779, Validation Loss: 4.9510
Epoch 179/1000, Train Loss: 1.7730, Validation Loss: 2.1106
Epoch 180/1000, Train Loss: 15.7206, Validation Loss: 6.1575
Epoch 181/1000, Train Loss: 1.8081, Validation Loss: 11.8510
Epoch 182/1000, Train Loss: 1.7560, Validation Loss: 2.2830
Epoch 183/1000, Train Loss: 1.6532, Validation Loss: 3.3981
Epoch 184/1000, Train Loss: 1.7902, Validation Loss: 4.4414
Epoch 185/1000, Train Loss: 1.5103, Validation Loss: 29.2658
Epoch 186/1000, Train Loss: 1.4901, Validation Loss: 2.0432
Epoch 187/1000, Train Loss: 1.5503, Validation Loss: 1.3217
Epoch 188/1000, Train Loss: 1.6515, Validation Loss: 1.7285
Epoch 189/1000, Train Loss: 2.1486, Validation Loss: 9.5528
Epoch 190/1000, Train Loss: 1.4239, Validation Loss: 1.7873
Epoch 191/1000, Train Loss: 1.5017, Validation Loss: 1.3562
Epoch 192/1000, Train Loss: 1.3271, Validation Loss: 1.1989
Epoch 193/1000, Train Loss: 4.1719, Validation Loss: 1.2701
Epoch 194/1000, Train Loss: 136.6694, Validation Loss: 4.3177
Epoch 195/1000, Train Loss: 1.6305, Validation Loss: 1.0875
Epoch 196/1000, Train Loss: 1.3939, Validation Loss: 1.0078
Epoch 197/1000, Train Loss: 4240.0889, Validation Loss: 6.5835
Epoch 198/1000, Train Loss: 21.4883, Validation Loss: 1.5291
Epoch 199/1000, Train Loss: 1.3428, Validation Loss: 2.2051
Epoch 200/1000, Train Loss: 1.5260, Validation Loss: 1.5321
Epoch 201/1000, Train Loss: 856.4870, Validation Loss: 6.7619
Epoch 202/1000, Train Loss: 41.1027, Validation Loss: 1.2580
Epoch 203/1000, Train Loss: 1.3713, Validation Loss: 1.5813
Epoch 204/1000, Train Loss: 1.4159, Validation Loss: 1.3741
Epoch 205/1000, Train Loss: 9.9061, Validation Loss: 1.5942
Epoch 206/1000, Train Loss: 1.3292, Validation Loss: 8.1916
Epoch 207/1000, Train Loss: 1.5958, Validation Loss: 1.7085
Epoch 208/1000, Train Loss: 1.8935, Validation Loss: 1.8053
Epoch 209/1000, Train Loss: 2.2326, Validation Loss: 6.4155
Epoch 210/1000, Train Loss: 6.4416, Validation Loss: 5.3288
Epoch 211/1000, Train Loss: 1.5592, Validation Loss: 1.2697
Epoch 212/1000, Train Loss: 1.3534, Validation Loss: 22.9372
Epoch 213/1000, Train Loss: 1.2576, Validation Loss: 2.6763
Epoch 214/1000, Train Loss: 1.3381, Validation Loss: 7.0124
Epoch 215/1000, Train Loss: 1.7658, Validation Loss: 2.8791
Epoch 216/1000, Train Loss: 1.4117, Validation Loss: 1.3654
Epoch 217/1000, Train Loss: 1.9645, Validation Loss: 1.1946
Epoch 218/1000, Train Loss: 1.6276, Validation Loss: 3.4941
Epoch 219/1000, Train Loss: 1.6291, Validation Loss: 2.3268
Epoch 220/1000, Train Loss: 2.2303, Validation Loss: 2.0452
Epoch 221/1000, Train Loss: 1.7343, Validation Loss: 2.4604
Epoch 222/1000, Train Loss: 1.5633, Validation Loss: 7.2596
Epoch 223/1000, Train Loss: 2.1269, Validation Loss: 2.2471
Epoch 224/1000, Train Loss: 1.5874, Validation Loss: 6.2799
Epoch 225/1000, Train Loss: 2.2903, Validation Loss: 4.3064
Epoch 226/1000, Train Loss: 1.7873, Validation Loss: 5.3185
Epoch 227/1000, Train Loss: 103.4729, Validation Loss: 1.5421
Epoch 228/1000, Train Loss: 485.2851, Validation Loss: 2.9803
Epoch 229/1000, Train Loss: 25.0334, Validation Loss: 2.2974
Epoch 230/1000, Train Loss: 1.6955, Validation Loss: 1.5968
Epoch 231/1000, Train Loss: 1.4259, Validation Loss: 2.2829
Epoch 232/1000, Train Loss: 21623.0919, Validation Loss: 1.4571
Epoch 233/1000, Train Loss: 2.9713, Validation Loss: 5.8697
Epoch 234/1000, Train Loss: 2.1322, Validation Loss: 1.4657
Epoch 235/1000, Train Loss: 2.1868, Validation Loss: 1.2172
Epoch 236/1000, Train Loss: 1.6467, Validation Loss: 2.3434
Epoch 237/1000, Train Loss: 1.8199, Validation Loss: 1.5527
Epoch 238/1000, Train Loss: 1.7583, Validation Loss: 2.9264
Epoch 239/1000, Train Loss: 5.7802, Validation Loss: 2.8351
Epoch 240/1000, Train Loss: 1.8971, Validation Loss: 1.6529
Epoch 241/1000, Train Loss: 3.3762, Validation Loss: 39.9134
Epoch 242/1000, Train Loss: 6.0828, Validation Loss: 2.2116
Epoch 243/1000, Train Loss: 2.0847, Validation Loss: 2.8158
Epoch 244/1000, Train Loss: 1.6276, Validation Loss: 5.0106
Epoch 245/1000, Train Loss: 1.6681, Validation Loss: 1.7793
Epoch 246/1000, Train Loss: 1.6927, Validation Loss: 3.3474
Epoch 247/1000, Train Loss: 1.6110, Validation Loss: 2.2034
Epoch 248/1000, Train Loss: 1.8129, Validation Loss: 1.8269
Epoch 249/1000, Train Loss: 2.0032, Validation Loss: 2.3286
Epoch 250/1000, Train Loss: 1.7093, Validation Loss: 3.9219
Epoch 251/1000, Train Loss: 2.0299, Validation Loss: 2.6508
Epoch 252/1000, Train Loss: 34.5098, Validation Loss: 4.5381
Epoch 253/1000, Train Loss: 5.3453, Validation Loss: 16.6784
Epoch 254/1000, Train Loss: 2.1819, Validation Loss: 2.2075
Epoch 255/1000, Train Loss: 2.0928, Validation Loss: 3.0552
Epoch 256/1000, Train Loss: 1.7844, Validation Loss: 2.5301
Epoch 257/1000, Train Loss: 26.6690, Validation Loss: 1.9605
Epoch 258/1000, Train Loss: 1.7529, Validation Loss: 2.4132
Epoch 259/1000, Train Loss: 2.6875, Validation Loss: 1.2382
Epoch 260/1000, Train Loss: 1.7349, Validation Loss: 2.0934
Epoch 261/1000, Train Loss: 2.3213, Validation Loss: 1.2128
Epoch 262/1000, Train Loss: 22.0713, Validation Loss: 2.5426
Epoch 263/1000, Train Loss: 1.8661, Validation Loss: 6.8261
Epoch 264/1000, Train Loss: 2.9216, Validation Loss: 1.3798
Epoch 265/1000, Train Loss: 2.3202, Validation Loss: 2.1237
Epoch 266/1000, Train Loss: 715.4249, Validation Loss: 6.0942
Epoch 267/1000, Train Loss: 4.6434, Validation Loss: 2.2131
Epoch 268/1000, Train Loss: 1.3781, Validation Loss: 2.3114
Epoch 269/1000, Train Loss: 1.2729, Validation Loss: 1.9509
Epoch 270/1000, Train Loss: 1.2159, Validation Loss: 2.5565
Epoch 271/1000, Train Loss: 1.7140, Validation Loss: 2.3175
Epoch 272/1000, Train Loss: 1.4239, Validation Loss: 1.3814
Epoch 273/1000, Train Loss: 1.2665, Validation Loss: 1.0363
Epoch 274/1000, Train Loss: 1.0830, Validation Loss: 2.5629
Epoch 275/1000, Train Loss: 5.8743, Validation Loss: 2.5616
Epoch 276/1000, Train Loss: 1.2240, Validation Loss: 1.3319
Epoch 277/1000, Train Loss: 1.9045, Validation Loss: 1.8424
Epoch 278/1000, Train Loss: 13.7381, Validation Loss: 6.2247
Epoch 279/1000, Train Loss: 3.9802, Validation Loss: 1.2026
Epoch 280/1000, Train Loss: 1.3912, Validation Loss: 2.1445
Epoch 281/1000, Train Loss: 1.8389, Validation Loss: 1.1121
Epoch 282/1000, Train Loss: 1.5417, Validation Loss: 1.1084
Epoch 283/1000, Train Loss: 1.6073, Validation Loss: 4.6827
Epoch 284/1000, Train Loss: 1.5682, Validation Loss: 1.3157
Epoch 285/1000, Train Loss: 1.5335, Validation Loss: 1.6819
Epoch 286/1000, Train Loss: 2.0410, Validation Loss: 3.7179
Epoch 287/1000, Train Loss: 71.6094, Validation Loss: 2.5661
Epoch 288/1000, Train Loss: 1.9025, Validation Loss: 2.4200
Epoch 289/1000, Train Loss: 2.1756, Validation Loss: 2.7364
Epoch 290/1000, Train Loss: 1.8398, Validation Loss: 1.4801
Epoch 291/1000, Train Loss: 4.7100, Validation Loss: 2.8448
Epoch 292/1000, Train Loss: 4.6209, Validation Loss: 7.4993
Epoch 293/1000, Train Loss: 2.2181, Validation Loss: 1.2973
Epoch 294/1000, Train Loss: 1.8662, Validation Loss: 1.3935
Epoch 295/1000, Train Loss: 178.8054, Validation Loss: 2.5837
Epoch 296/1000, Train Loss: 2.3973, Validation Loss: 11.6640
Epoch 297/1000, Train Loss: 1.5465, Validation Loss: 4.6400
Epoch 298/1000, Train Loss: 1.8777, Validation Loss: 1.8549
Epoch 299/1000, Train Loss: 29.2279, Validation Loss: 18.4459
Epoch 300/1000, Train Loss: 1.3325, Validation Loss: 3.0421
Epoch 301/1000, Train Loss: 1.3616, Validation Loss: 21.4903
Epoch 302/1000, Train Loss: 1.9759, Validation Loss: 4.8832
Epoch 303/1000, Train Loss: 4.4316, Validation Loss: 4.2863
Epoch 304/1000, Train Loss: 7.3058, Validation Loss: 3.0273
Epoch 305/1000, Train Loss: 13.1137, Validation Loss: 1.7250
Epoch 306/1000, Train Loss: 1.5277, Validation Loss: 1.7798
Epoch 307/1000, Train Loss: 1.3145, Validation Loss: 1.7918
Epoch 308/1000, Train Loss: 1.2610, Validation Loss: 6.4640
Epoch 309/1000, Train Loss: 65.2880, Validation Loss: 1.6808
Epoch 310/1000, Train Loss: 2.1093, Validation Loss: 2.7707
Epoch 311/1000, Train Loss: 1.3380, Validation Loss: 1.6120
Epoch 312/1000, Train Loss: 1.3902, Validation Loss: 14.5680
Epoch 313/1000, Train Loss: 1.3507, Validation Loss: 1.6063
Epoch 314/1000, Train Loss: 177.6374, Validation Loss: 10.8016
Epoch 315/1000, Train Loss: 1.3653, Validation Loss: 4.8584
Epoch 316/1000, Train Loss: 1.3209, Validation Loss: 48.4131
Epoch 317/1000, Train Loss: 1.6733, Validation Loss: 7.5494
Epoch 318/1000, Train Loss: 3.3368, Validation Loss: 1.7937
Epoch 319/1000, Train Loss: 1.3821, Validation Loss: 3.8252
Epoch 320/1000, Train Loss: 1.4309, Validation Loss: 2.1732
Epoch 321/1000, Train Loss: 23.2300, Validation Loss: 3.7176
Epoch 322/1000, Train Loss: 3.5060, Validation Loss: 1.7421
Epoch 323/1000, Train Loss: 1.4090, Validation Loss: 7.0836
Epoch 324/1000, Train Loss: 4.9924, Validation Loss: 14.0828
Epoch 325/1000, Train Loss: 1.3851, Validation Loss: 8.2411
Epoch 326/1000, Train Loss: 2.0262, Validation Loss: 9.4448
Epoch 327/1000, Train Loss: 1.3853, Validation Loss: 1.6454
Epoch 328/1000, Train Loss: 1.4292, Validation Loss: 4.5278
Epoch 329/1000, Train Loss: 1.3577, Validation Loss: 1.1342
Epoch 330/1000, Train Loss: 3.3962, Validation Loss: 3.9558
Epoch 331/1000, Train Loss: 1.3294, Validation Loss: 1.4759
Epoch 332/1000, Train Loss: 1.3519, Validation Loss: 1.8424
Epoch 333/1000, Train Loss: 1.4998, Validation Loss: 1.4636
Epoch 334/1000, Train Loss: 1.4967, Validation Loss: 1.8716
Epoch 335/1000, Train Loss: 1.6081, Validation Loss: 7.8229
Epoch 336/1000, Train Loss: 2.0392, Validation Loss: 3.7708
Epoch 337/1000, Train Loss: 2.0804, Validation Loss: 3.3439
Epoch 338/1000, Train Loss: 2.6659, Validation Loss: 5.9658
Epoch 339/1000, Train Loss: 1.5493, Validation Loss: 4.1566
Epoch 340/1000, Train Loss: 2.5966, Validation Loss: 7.1567
Epoch 341/1000, Train Loss: 1.4191, Validation Loss: 1.7370
Epoch 342/1000, Train Loss: 1.7341, Validation Loss: 213.1870
Epoch 343/1000, Train Loss: 1.4605, Validation Loss: 1.3760
Epoch 344/1000, Train Loss: 1.3940, Validation Loss: 3.1788
Epoch 345/1000, Train Loss: 1.6303, Validation Loss: 1.1319
Epoch 346/1000, Train Loss: 1.4403, Validation Loss: 2.3763
Epoch 347/1000, Train Loss: 84.4274, Validation Loss: 1.6543
Epoch 348/1000, Train Loss: 34.0726, Validation Loss: 2.0073
Epoch 349/1000, Train Loss: 1.4035, Validation Loss: 0.9794
Epoch 350/1000, Train Loss: 1.3173, Validation Loss: 1.2239
Epoch 351/1000, Train Loss: 2.1489, Validation Loss: 2.5389
Epoch 352/1000, Train Loss: 1.3378, Validation Loss: 9.3098
Epoch 353/1000, Train Loss: 33.3359, Validation Loss: 2.3353
Epoch 354/1000, Train Loss: 1.4123, Validation Loss: 2.7105
Epoch 355/1000, Train Loss: 1.7218, Validation Loss: 3.5146
Epoch 356/1000, Train Loss: 7.9545, Validation Loss: 38.3264
Epoch 357/1000, Train Loss: 1.4237, Validation Loss: 1.6529
Epoch 358/1000, Train Loss: 1.2903, Validation Loss: 2.4299
Epoch 359/1000, Train Loss: 3.0464, Validation Loss: 1.5785
Epoch 360/1000, Train Loss: 7.8604, Validation Loss: 6.9870
Epoch 361/1000, Train Loss: 1.3344, Validation Loss: 1.1690
Epoch 362/1000, Train Loss: 19.2361, Validation Loss: 6.1153
Epoch 363/1000, Train Loss: 6.1948, Validation Loss: 6.3038
Epoch 364/1000, Train Loss: 8.1083, Validation Loss: 6.1341
Epoch 365/1000, Train Loss: 4.6570, Validation Loss: 2.9573
Epoch 366/1000, Train Loss: 1.7736, Validation Loss: 36.1926
Epoch 367/1000, Train Loss: 1.6511, Validation Loss: 5.5457
Epoch 368/1000, Train Loss: 1.3645, Validation Loss: 2.1557
Epoch 369/1000, Train Loss: 1.2909, Validation Loss: 11.5914
Epoch 370/1000, Train Loss: 1.2351, Validation Loss: 2.0850
Epoch 371/1000, Train Loss: 1.1918, Validation Loss: 3.0784
Epoch 372/1000, Train Loss: 3.9049, Validation Loss: 1.5404
Epoch 373/1000, Train Loss: 1.5043, Validation Loss: 4.0224
Epoch 374/1000, Train Loss: 1.5513, Validation Loss: 2.8584
Epoch 375/1000, Train Loss: 1.5894, Validation Loss: 2.3200
Epoch 376/1000, Train Loss: 1.7492, Validation Loss: 3.4077
Epoch 377/1000, Train Loss: 1.5710, Validation Loss: 9.0010
Epoch 378/1000, Train Loss: 1.5902, Validation Loss: 2.2973
Epoch 379/1000, Train Loss: 1.4144, Validation Loss: 1.4084
Epoch 380/1000, Train Loss: 1.4011, Validation Loss: 1.2309
Epoch 381/1000, Train Loss: 1.4840, Validation Loss: 2.1985
Epoch 382/1000, Train Loss: 1.5628, Validation Loss: 4.7757
Epoch 383/1000, Train Loss: 7.4146, Validation Loss: 5.3024
Epoch 384/1000, Train Loss: 1.5204, Validation Loss: 1.0405
Epoch 385/1000, Train Loss: 1.4180, Validation Loss: 1.1710
Epoch 386/1000, Train Loss: 1.5086, Validation Loss: 1.2850
Epoch 387/1000, Train Loss: 1.3645, Validation Loss: 1.0391
Epoch 388/1000, Train Loss: 2.4740, Validation Loss: 1.4040
Epoch 389/1000, Train Loss: 4.6548, Validation Loss: 1.2170
Epoch 390/1000, Train Loss: 4.1040, Validation Loss: 1.1220
Epoch 391/1000, Train Loss: 1.6285, Validation Loss: 9.3795
Epoch 392/1000, Train Loss: 41.3622, Validation Loss: 7.3178
Epoch 393/1000, Train Loss: 2.3875, Validation Loss: 2.5862
Epoch 394/1000, Train Loss: 458.5504, Validation Loss: 5.1361
Epoch 395/1000, Train Loss: 1.4610, Validation Loss: 6.4176
Epoch 396/1000, Train Loss: 5.3488, Validation Loss: 2.1089
Epoch 397/1000, Train Loss: 171.8294, Validation Loss: 2.9341
Epoch 398/1000, Train Loss: 1.3513, Validation Loss: 1.8605
Epoch 399/1000, Train Loss: 7.3446, Validation Loss: 1.5798
Epoch 400/1000, Train Loss: 1.4463, Validation Loss: 1.0069
Epoch 401/1000, Train Loss: 50.4558, Validation Loss: 4.5407
Epoch 402/1000, Train Loss: 1.3812, Validation Loss: 2.5347
Epoch 403/1000, Train Loss: 184.2604, Validation Loss: 40.3033
Epoch 404/1000, Train Loss: 1.9359, Validation Loss: 3.6539
Epoch 405/1000, Train Loss: 1.2944, Validation Loss: 11.9002
Epoch 406/1000, Train Loss: 1.5569, Validation Loss: 11.5405
Epoch 407/1000, Train Loss: 1.4686, Validation Loss: 1.9740
Epoch 408/1000, Train Loss: 1.3838, Validation Loss: 4.7870
Epoch 409/1000, Train Loss: 1.2838, Validation Loss: 2.3861
Epoch 410/1000, Train Loss: 2.8105, Validation Loss: 2.3742
Epoch 411/1000, Train Loss: 1.3645, Validation Loss: 1.1317
Epoch 412/1000, Train Loss: 1.3698, Validation Loss: 2.1279
Epoch 413/1000, Train Loss: 23.7122, Validation Loss: 2.1763
Epoch 414/1000, Train Loss: 1.3436, Validation Loss: 3.0887
Epoch 415/1000, Train Loss: 3.5268, Validation Loss: 21.8028
Epoch 416/1000, Train Loss: 1.5843, Validation Loss: 16.2553
Epoch 417/1000, Train Loss: 1.3946, Validation Loss: 1.3471
Epoch 418/1000, Train Loss: 1.3452, Validation Loss: 1.6332
Epoch 419/1000, Train Loss: 294.3255, Validation Loss: 12.0222
Epoch 420/1000, Train Loss: 1.4781, Validation Loss: 1.5962
Epoch 421/1000, Train Loss: 1.8307, Validation Loss: 8.0498
Epoch 422/1000, Train Loss: 2.1610, Validation Loss: 1.4685
Epoch 423/1000, Train Loss: 1.8108, Validation Loss: 1.2442
Epoch 424/1000, Train Loss: 1.4172, Validation Loss: 3.0035
Epoch 425/1000, Train Loss: 1.3426, Validation Loss: 2.1305
Epoch 426/1000, Train Loss: 1.5050, Validation Loss: 1.4450
Epoch 427/1000, Train Loss: 1.2432, Validation Loss: 5.1487
Epoch 428/1000, Train Loss: 1.5405, Validation Loss: 11.0156
Epoch 429/1000, Train Loss: 1.3506, Validation Loss: 4.3788
Epoch 430/1000, Train Loss: 2.4997, Validation Loss: 4.4227
Epoch 431/1000, Train Loss: 8.7358, Validation Loss: 2.5295
Epoch 432/1000, Train Loss: 2.1030, Validation Loss: 2.1092
Epoch 433/1000, Train Loss: 165.3107, Validation Loss: 3.4101
Epoch 434/1000, Train Loss: 1.3670, Validation Loss: 13.1788
Epoch 435/1000, Train Loss: 2.7754, Validation Loss: 1.4619
Epoch 436/1000, Train Loss: 1.6264, Validation Loss: 2.3904
Epoch 437/1000, Train Loss: 1.4148, Validation Loss: 4.4625
Epoch 438/1000, Train Loss: 1.3179, Validation Loss: 1.0372
Epoch 439/1000, Train Loss: 30.2825, Validation Loss: 1.3617
Epoch 440/1000, Train Loss: 1.9881, Validation Loss: 6.4428
Epoch 441/1000, Train Loss: 1.2236, Validation Loss: 2.8553
Epoch 442/1000, Train Loss: 24.4059, Validation Loss: 1.0167
Epoch 443/1000, Train Loss: 1.3403, Validation Loss: 1.2000
Epoch 444/1000, Train Loss: 1.3233, Validation Loss: 1.3292
Epoch 445/1000, Train Loss: 4.9539, Validation Loss: 1.4215
Epoch 446/1000, Train Loss: 1.4451, Validation Loss: 1.0571
Epoch 447/1000, Train Loss: 2.4735, Validation Loss: 1.9676
Epoch 448/1000, Train Loss: 1.6859, Validation Loss: 1.7883
Epoch 449/1000, Train Loss: 515.0400, Validation Loss: 6.0157
Epoch 450/1000, Train Loss: 1.6945, Validation Loss: 1.9613
Epoch 451/1000, Train Loss: 32349.7563, Validation Loss: 1.2190
Epoch 452/1000, Train Loss: 3.4119, Validation Loss: 2.0928
Epoch 453/1000, Train Loss: 1.6018, Validation Loss: 4.8049
Epoch 454/1000, Train Loss: 4.7802, Validation Loss: 4.6735
Epoch 455/1000, Train Loss: 10.4507, Validation Loss: 1.9870
Epoch 456/1000, Train Loss: 1.6059, Validation Loss: 8.0269
Epoch 457/1000, Train Loss: 103.2361, Validation Loss: 1.6698
Epoch 458/1000, Train Loss: 1.2363, Validation Loss: 2.6144
Epoch 459/1000, Train Loss: 1.3963, Validation Loss: 1.4012
Epoch 460/1000, Train Loss: 2.9934, Validation Loss: 3.8696
Epoch 461/1000, Train Loss: 1.3274, Validation Loss: 9.0550
Epoch 462/1000, Train Loss: 1.2829, Validation Loss: 1.5067
Epoch 463/1000, Train Loss: 1949.0948, Validation Loss: 2.0366
Epoch 464/1000, Train Loss: 81.6584, Validation Loss: 1.6248
Epoch 465/1000, Train Loss: 1.7112, Validation Loss: 1.5224
Epoch 466/1000, Train Loss: 55.0181, Validation Loss: 1.2017
Epoch 467/1000, Train Loss: 1.3714, Validation Loss: 3.2935
Epoch 468/1000, Train Loss: 8.2338, Validation Loss: 2.0690
Epoch 469/1000, Train Loss: 123.0472, Validation Loss: 1.5069
Epoch 470/1000, Train Loss: 13.9225, Validation Loss: 1.6785
Epoch 471/1000, Train Loss: 1.3907, Validation Loss: 3.4001
Epoch 472/1000, Train Loss: 18.3530, Validation Loss: 2.5185
Epoch 473/1000, Train Loss: 1.3529, Validation Loss: 6.5823
Epoch 474/1000, Train Loss: 2.9716, Validation Loss: 3.9884
Epoch 475/1000, Train Loss: 1.7837, Validation Loss: 3.0038
Epoch 476/1000, Train Loss: 1.5943, Validation Loss: 2.9842
Epoch 477/1000, Train Loss: 1.7073, Validation Loss: 1.2631
Epoch 478/1000, Train Loss: 556.7371, Validation Loss: 2.7340
Epoch 479/1000, Train Loss: 1.7629, Validation Loss: 3.2997
Epoch 480/1000, Train Loss: 1.2672, Validation Loss: 1.4670
Epoch 481/1000, Train Loss: 151.3986, Validation Loss: 8.8264
Epoch 482/1000, Train Loss: 1.1923, Validation Loss: 1.1240
Epoch 483/1000, Train Loss: 1.5040, Validation Loss: 1.4741
Epoch 484/1000, Train Loss: 9.6305, Validation Loss: 4.8574
Epoch 485/1000, Train Loss: 1.3153, Validation Loss: 1.8057
Epoch 486/1000, Train Loss: 61.2607, Validation Loss: 2.4677
Epoch 487/1000, Train Loss: 1.4158, Validation Loss: 3.1222
Epoch 488/1000, Train Loss: 1.3876, Validation Loss: 2.2487
Epoch 489/1000, Train Loss: 40.9209, Validation Loss: 3.6265
Epoch 490/1000, Train Loss: 1.3495, Validation Loss: 1.9814
Epoch 491/1000, Train Loss: 1.3731, Validation Loss: 5.8203
Epoch 492/1000, Train Loss: 1.3208, Validation Loss: 1.8378
Epoch 493/1000, Train Loss: 1.7145, Validation Loss: 5.7246
Epoch 494/1000, Train Loss: 1.3112, Validation Loss: 0.9546
Epoch 495/1000, Train Loss: 6.1090, Validation Loss: 1.6733
Epoch 496/1000, Train Loss: 1.3140, Validation Loss: 3.8613
Epoch 497/1000, Train Loss: 14.1247, Validation Loss: 4.4683
Epoch 498/1000, Train Loss: 1.4831, Validation Loss: 7.4886
Epoch 499/1000, Train Loss: 1.4221, Validation Loss: 11.6571
Epoch 500/1000, Train Loss: 322.7369, Validation Loss: 3.5887
Epoch 501/1000, Train Loss: 1.2217, Validation Loss: 1.3703
Epoch 502/1000, Train Loss: 1.5808, Validation Loss: 1.4436
Epoch 503/1000, Train Loss: 76.9500, Validation Loss: 12.7462
Epoch 504/1000, Train Loss: 1.1880, Validation Loss: 7.0895
Epoch 505/1000, Train Loss: 2.6490, Validation Loss: 3.6965
Epoch 506/1000, Train Loss: 1.2954, Validation Loss: 2.8496
Epoch 507/1000, Train Loss: 1.3378, Validation Loss: 500.3324
Epoch 508/1000, Train Loss: 4948.7962, Validation Loss: 2.8766
Epoch 509/1000, Train Loss: 3.5440, Validation Loss: 2.2751
Epoch 510/1000, Train Loss: 1.5971, Validation Loss: 67.5160
Epoch 511/1000, Train Loss: 1.5131, Validation Loss: 4.1202
Epoch 512/1000, Train Loss: 1.2586, Validation Loss: 3.3511
Epoch 513/1000, Train Loss: 2326.7950, Validation Loss: 2.6794
Epoch 514/1000, Train Loss: 1.3888, Validation Loss: 1.6593
Epoch 515/1000, Train Loss: 1.5012, Validation Loss: 4.6036
Epoch 516/1000, Train Loss: 50.0580, Validation Loss: 3.6779
Epoch 517/1000, Train Loss: 2.0942, Validation Loss: 2.5959
Epoch 518/1000, Train Loss: 1.6392, Validation Loss: 2.1834
Epoch 519/1000, Train Loss: 72.3329, Validation Loss: 6.2113
Epoch 520/1000, Train Loss: 2.5706, Validation Loss: 3.1168
Epoch 521/1000, Train Loss: 2.6151, Validation Loss: 5.0310
Epoch 522/1000, Train Loss: 1.7091, Validation Loss: 2.9771
Epoch 523/1000, Train Loss: 5.0027, Validation Loss: 2.2963
Epoch 524/1000, Train Loss: 4.7248, Validation Loss: 3.5219
Epoch 525/1000, Train Loss: 6.7795, Validation Loss: 4.5320
Epoch 526/1000, Train Loss: 165720.4834, Validation Loss: 2.6135
Epoch 527/1000, Train Loss: 1.6221, Validation Loss: 1.1863
Epoch 528/1000, Train Loss: 158.1225, Validation Loss: 3.6542
Epoch 529/1000, Train Loss: 2.0928, Validation Loss: 3.3928
Epoch 530/1000, Train Loss: 2006.0331, Validation Loss: 2.5142
Epoch 531/1000, Train Loss: 1.7930, Validation Loss: 1.8988
Epoch 532/1000, Train Loss: 4.7628, Validation Loss: 1.7134
Epoch 533/1000, Train Loss: 112.4015, Validation Loss: 1.4343
Epoch 534/1000, Train Loss: 1.7696, Validation Loss: 1663.7392
Epoch 535/1000, Train Loss: 1.6481, Validation Loss: 1.8906
Epoch 536/1000, Train Loss: 1.6381, Validation Loss: 5.3632
Epoch 537/1000, Train Loss: 2896854.8046, Validation Loss: 6.1005
Epoch 538/1000, Train Loss: 4.4046, Validation Loss: 2.2959
Epoch 539/1000, Train Loss: 1.3961, Validation Loss: 1.9582
Epoch 540/1000, Train Loss: 70.5246, Validation Loss: 1.7158
Epoch 541/1000, Train Loss: 1.8849, Validation Loss: 1.4177
Epoch 542/1000, Train Loss: 2.5060, Validation Loss: 1.9493
Epoch 543/1000, Train Loss: 1.7024, Validation Loss: 4.8071
Epoch 544/1000, Train Loss: 1.5676, Validation Loss: 3.8018
Epoch 545/1000, Train Loss: 2.3335, Validation Loss: 1.0674
Epoch 546/1000, Train Loss: 3.0550, Validation Loss: 3.5007
Epoch 547/1000, Train Loss: 2.3903, Validation Loss: 2.0057
Epoch 548/1000, Train Loss: 10.2391, Validation Loss: 31.9494
Epoch 549/1000, Train Loss: 1.7629, Validation Loss: 6.7162
Epoch 550/1000, Train Loss: 1.6587, Validation Loss: 3.1704
Epoch 551/1000, Train Loss: 696819.3235, Validation Loss: 6.1520
Epoch 552/1000, Train Loss: 4.6788, Validation Loss: 2.3998
Epoch 553/1000, Train Loss: 82.3194, Validation Loss: 6.7219
Epoch 554/1000, Train Loss: 1.3614, Validation Loss: 2.4205
Epoch 555/1000, Train Loss: 1.3237, Validation Loss: 1.2327
Epoch 556/1000, Train Loss: 3.8572, Validation Loss: 2.0906
Epoch 557/1000, Train Loss: 4.2489, Validation Loss: 1.4689
Epoch 558/1000, Train Loss: 1.7038, Validation Loss: 2.5381
Epoch 559/1000, Train Loss: 1.4548, Validation Loss: 4.0990
Epoch 560/1000, Train Loss: 13.2323, Validation Loss: 2.1341
Epoch 561/1000, Train Loss: 1.3969, Validation Loss: 2.2600
Epoch 562/1000, Train Loss: 62.5789, Validation Loss: 1.9649
Epoch 563/1000, Train Loss: 1.3659, Validation Loss: 4.0887
Epoch 564/1000, Train Loss: 105.1473, Validation Loss: 228.1064
Epoch 565/1000, Train Loss: 196.7345, Validation Loss: 6.6671
Epoch 566/1000, Train Loss: 398.3963, Validation Loss: 3.1970
Epoch 567/1000, Train Loss: 3.1088, Validation Loss: 2.9208
Epoch 568/1000, Train Loss: 1.7017, Validation Loss: 194.5023
Epoch 569/1000, Train Loss: 44.3077, Validation Loss: 1.6407
Epoch 570/1000, Train Loss: 138.9487, Validation Loss: 6.1154
Epoch 571/1000, Train Loss: 1.6013, Validation Loss: 2.0985
Epoch 572/1000, Train Loss: 1.7510, Validation Loss: 36.9570
Epoch 573/1000, Train Loss: 222.6262, Validation Loss: 5.3844
Epoch 574/1000, Train Loss: 2.3751, Validation Loss: 4.9981
Epoch 575/1000, Train Loss: 55208.6388, Validation Loss: 3.0680
Epoch 576/1000, Train Loss: 1.8022, Validation Loss: 1.4573
Epoch 577/1000, Train Loss: 1.3418, Validation Loss: 1.0694
Epoch 578/1000, Train Loss: 1.1340, Validation Loss: 1.3781
Epoch 579/1000, Train Loss: 171.8705, Validation Loss: 1.8942
Epoch 580/1000, Train Loss: 1.2381, Validation Loss: 1.6062
Epoch 581/1000, Train Loss: 1.3577, Validation Loss: 1.3339
Epoch 582/1000, Train Loss: 1.1472, Validation Loss: 3.7044
Epoch 583/1000, Train Loss: 38.0381, Validation Loss: 18.4385
Epoch 584/1000, Train Loss: 1.2967, Validation Loss: 3.4442
Epoch 585/1000, Train Loss: 1.9880, Validation Loss: 1.3658
Epoch 586/1000, Train Loss: 1.1760, Validation Loss: 2.5295
Epoch 587/1000, Train Loss: 1.2847, Validation Loss: 1.2589
Epoch 588/1000, Train Loss: 1.4767, Validation Loss: 1.5472
Epoch 589/1000, Train Loss: 1.9803, Validation Loss: 4.9728
Epoch 590/1000, Train Loss: 1.4092, Validation Loss: 2.9778
Epoch 591/1000, Train Loss: 1.7026, Validation Loss: 3.0414
Epoch 592/1000, Train Loss: 1.3650, Validation Loss: 2.2283
Epoch 593/1000, Train Loss: 4.8511, Validation Loss: 3.1772
Epoch 594/1000, Train Loss: 1.6222, Validation Loss: 1.8285
Epoch 595/1000, Train Loss: 58.4391, Validation Loss: 6.0804
Epoch 596/1000, Train Loss: 2.6281, Validation Loss: 1.1580
Epoch 597/1000, Train Loss: 1.2577, Validation Loss: 4.9641
Epoch 598/1000, Train Loss: 1.8227, Validation Loss: 1.6065
Epoch 599/1000, Train Loss: 1.8634, Validation Loss: 14.7076
Epoch 600/1000, Train Loss: 12.5773, Validation Loss: 1.2601
Epoch 601/1000, Train Loss: 1.4080, Validation Loss: 5.6695
Epoch 602/1000, Train Loss: 1.2212, Validation Loss: 7.3968
Epoch 603/1000, Train Loss: 1.2127, Validation Loss: 3.4192
Epoch 604/1000, Train Loss: 2.8674, Validation Loss: 1.2496
Epoch 605/1000, Train Loss: 1.3303, Validation Loss: 5.2639
Epoch 606/1000, Train Loss: 28.6849, Validation Loss: 1.5803
Epoch 607/1000, Train Loss: 149.9710, Validation Loss: 20955.7598
Epoch 608/1000, Train Loss: 49.8107, Validation Loss: 2.4622
Epoch 609/1000, Train Loss: 1.9157, Validation Loss: 32.7568
Epoch 610/1000, Train Loss: 2.4729, Validation Loss: 1.4886
Epoch 611/1000, Train Loss: 2.0369, Validation Loss: 5.0869
Epoch 612/1000, Train Loss: 8.5080, Validation Loss: 1.8286
Epoch 613/1000, Train Loss: 1.5779, Validation Loss: 3.6956
Epoch 614/1000, Train Loss: 1.7113, Validation Loss: 3.3741
Epoch 615/1000, Train Loss: 1.8772, Validation Loss: 2.9165
Epoch 616/1000, Train Loss: 1.6365, Validation Loss: 3.5776
Epoch 617/1000, Train Loss: 1.1884, Validation Loss: 1.2364
Epoch 618/1000, Train Loss: 1.2755, Validation Loss: 1.4982
Epoch 619/1000, Train Loss: 15.9434, Validation Loss: 3.9022
Epoch 620/1000, Train Loss: 1.6793, Validation Loss: 11.6174
Epoch 621/1000, Train Loss: 1.4737, Validation Loss: 6.9814
Epoch 622/1000, Train Loss: 1.3226, Validation Loss: 1.0872
Epoch 623/1000, Train Loss: 1.7273, Validation Loss: 3.8030
Epoch 624/1000, Train Loss: 3.4314, Validation Loss: 2.0351
Epoch 625/1000, Train Loss: 1.4723, Validation Loss: 4.2269
Epoch 626/1000, Train Loss: 1.7010, Validation Loss: 2.5613
Epoch 627/1000, Train Loss: 1.5459, Validation Loss: 14.8853
Epoch 628/1000, Train Loss: 1.7411, Validation Loss: 2.0328
Epoch 629/1000, Train Loss: 4.5658, Validation Loss: 1.6363
Epoch 630/1000, Train Loss: 1.5474, Validation Loss: 5.2956
Epoch 631/1000, Train Loss: 3.2053, Validation Loss: 17.3431
Epoch 632/1000, Train Loss: 2.6131, Validation Loss: 1.2276
Epoch 633/1000, Train Loss: 46.7308, Validation Loss: 6.5101
Epoch 634/1000, Train Loss: 1.9749, Validation Loss: 2.5689
Epoch 635/1000, Train Loss: 2.0672, Validation Loss: 12.6695
Epoch 636/1000, Train Loss: 2.2947, Validation Loss: 6.1426
Epoch 637/1000, Train Loss: 18.7931, Validation Loss: 2.2265
Epoch 638/1000, Train Loss: 1.3911, Validation Loss: 1.1116
Epoch 639/1000, Train Loss: 1.2182, Validation Loss: 1.1683
Epoch 640/1000, Train Loss: 1447.5072, Validation Loss: 5.1659
Epoch 641/1000, Train Loss: 1.5262, Validation Loss: 2.0172
Epoch 642/1000, Train Loss: 1.3088, Validation Loss: 1.4678
Epoch 643/1000, Train Loss: 1.4456, Validation Loss: 10.3970
Epoch 644/1000, Train Loss: 4.4362, Validation Loss: 1.1851
Epoch 645/1000, Train Loss: 1.3739, Validation Loss: 4.9552
Epoch 646/1000, Train Loss: 1.4892, Validation Loss: 2.8726
Epoch 647/1000, Train Loss: 1.5530, Validation Loss: 7.2007
Epoch 648/1000, Train Loss: 295.8585, Validation Loss: 6.0909
Epoch 649/1000, Train Loss: 39.4522, Validation Loss: 2.7992
Epoch 650/1000, Train Loss: 1.7498, Validation Loss: 3.1642
Epoch 651/1000, Train Loss: 2.4024, Validation Loss: 1.6441
Epoch 652/1000, Train Loss: 84.0528, Validation Loss: 1.8756
Epoch 653/1000, Train Loss: 1.7805, Validation Loss: 4.0195
Epoch 654/1000, Train Loss: 1.8267, Validation Loss: 1.7233
Epoch 655/1000, Train Loss: 1.6387, Validation Loss: 13.0177
Epoch 656/1000, Train Loss: 1.5022, Validation Loss: 5.6118
Epoch 657/1000, Train Loss: 62.9841, Validation Loss: 5.3048
Epoch 658/1000, Train Loss: 2.6603, Validation Loss: 7.6275
Epoch 659/1000, Train Loss: 4.4666, Validation Loss: 5.4149
Epoch 660/1000, Train Loss: 1.8718, Validation Loss: 5.9667
Epoch 661/1000, Train Loss: 4.3861, Validation Loss: 9.9959
Epoch 662/1000, Train Loss: 1.6404, Validation Loss: 1.2142
Epoch 663/1000, Train Loss: 1.6476, Validation Loss: 1.3431
Epoch 664/1000, Train Loss: 1.7523, Validation Loss: 1.9509
Epoch 665/1000, Train Loss: 2.2086, Validation Loss: 1.1968
Epoch 666/1000, Train Loss: 7.0006, Validation Loss: 4.8859
Epoch 667/1000, Train Loss: 1.8422, Validation Loss: 4.9749
Epoch 668/1000, Train Loss: 1.9404, Validation Loss: 10.3750
Epoch 669/1000, Train Loss: 2.7313, Validation Loss: 2.7515
Epoch 670/1000, Train Loss: 1.9803, Validation Loss: 1.9705
Epoch 671/1000, Train Loss: 8.7141, Validation Loss: 5.0823
Epoch 672/1000, Train Loss: 2.9261, Validation Loss: 1.5310
Epoch 673/1000, Train Loss: 1.8379, Validation Loss: 7596.4869
Epoch 674/1000, Train Loss: 5.7182, Validation Loss: 3.2477
Epoch 675/1000, Train Loss: 4.7100, Validation Loss: 2.3371
Epoch 676/1000, Train Loss: 2.0129, Validation Loss: 7.5984
Epoch 677/1000, Train Loss: 2.0515, Validation Loss: 2.5372
Epoch 678/1000, Train Loss: 4.0171, Validation Loss: 1.2014
Epoch 679/1000, Train Loss: 2.1806, Validation Loss: 4.2998
Epoch 680/1000, Train Loss: 48.5738, Validation Loss: 1.5630
Epoch 681/1000, Train Loss: 2.0437, Validation Loss: 1.6135
Epoch 682/1000, Train Loss: 8.3533, Validation Loss: 2.5759
Epoch 683/1000, Train Loss: 106.2872, Validation Loss: 3.6148
Epoch 684/1000, Train Loss: 4.5447, Validation Loss: 2.9202
Epoch 685/1000, Train Loss: 4.7492, Validation Loss: 2.2012
Epoch 686/1000, Train Loss: 18.8010, Validation Loss: 4.3153
Epoch 687/1000, Train Loss: 3.4925, Validation Loss: 2.9373
Epoch 688/1000, Train Loss: 14.8870, Validation Loss: 4.2680
Epoch 689/1000, Train Loss: 1.9926, Validation Loss: 2.2039
Epoch 690/1000, Train Loss: 16.1364, Validation Loss: 3.0692
Epoch 691/1000, Train Loss: 1.6332, Validation Loss: 2.0323
Epoch 692/1000, Train Loss: 3.5070, Validation Loss: 8.1514
Epoch 693/1000, Train Loss: 1.8589, Validation Loss: 1.3990
Epoch 694/1000, Train Loss: 1.8090, Validation Loss: 7.8542
Epoch 695/1000, Train Loss: 5.8371, Validation Loss: 2.0586
Epoch 696/1000, Train Loss: 11.3032, Validation Loss: 21.3944
Epoch 697/1000, Train Loss: 21.3841, Validation Loss: 4.7962
Epoch 698/1000, Train Loss: 2.0162, Validation Loss: 2.6962
Epoch 699/1000, Train Loss: 1.9523, Validation Loss: 3.5613
Epoch 700/1000, Train Loss: 1.9774, Validation Loss: 4.5312
Epoch 701/1000, Train Loss: 212.8832, Validation Loss: 2.3292
Epoch 702/1000, Train Loss: 1.9324, Validation Loss: 1.9945
Epoch 703/1000, Train Loss: 166.9640, Validation Loss: 3.0435
Epoch 704/1000, Train Loss: 1.9144, Validation Loss: 3.3982
Epoch 705/1000, Train Loss: 2.1148, Validation Loss: 6.2244
Epoch 706/1000, Train Loss: 20.4217, Validation Loss: 1.7610
Epoch 707/1000, Train Loss: 1.8059, Validation Loss: 1.2350
Epoch 708/1000, Train Loss: 3.1669, Validation Loss: 1.1534
Epoch 709/1000, Train Loss: 2.0084, Validation Loss: 2.6266
Epoch 710/1000, Train Loss: 1.8132, Validation Loss: 1.2433
Epoch 711/1000, Train Loss: 1.8046, Validation Loss: 2.5905
Epoch 712/1000, Train Loss: 2.7097, Validation Loss: 1.6915
Epoch 713/1000, Train Loss: 1.8964, Validation Loss: 1.8587
Epoch 714/1000, Train Loss: 2.1111, Validation Loss: 2.3106
Epoch 715/1000, Train Loss: 1.8900, Validation Loss: 3.2327
Epoch 716/1000, Train Loss: 1.9311, Validation Loss: 1.4003
Epoch 717/1000, Train Loss: 2.1338, Validation Loss: 2.7430
Epoch 718/1000, Train Loss: 6.0694, Validation Loss: 3.6642
Epoch 719/1000, Train Loss: 1.7723, Validation Loss: 67.6043
Epoch 720/1000, Train Loss: 1.8534, Validation Loss: 2.2704
Epoch 721/1000, Train Loss: 51.3587, Validation Loss: 2.3278
Epoch 722/1000, Train Loss: 1.9595, Validation Loss: 8.9780
Epoch 723/1000, Train Loss: 1.8122, Validation Loss: 2.0020
Epoch 724/1000, Train Loss: 2.2288, Validation Loss: 2.1372
Epoch 725/1000, Train Loss: 1.7636, Validation Loss: 3.1028
Epoch 726/1000, Train Loss: 1.7884, Validation Loss: 7.6269
Epoch 727/1000, Train Loss: 2.3938, Validation Loss: 2.6106
Epoch 728/1000, Train Loss: 1.9465, Validation Loss: 1.0979
Epoch 729/1000, Train Loss: 1.4749, Validation Loss: 2.2810
Epoch 730/1000, Train Loss: 2.7308, Validation Loss: 3.6268
Epoch 731/1000, Train Loss: 2.6717, Validation Loss: 5.0558
Epoch 732/1000, Train Loss: 1.6373, Validation Loss: 1.4734
Epoch 733/1000, Train Loss: 413.7538, Validation Loss: 1.9192
Epoch 734/1000, Train Loss: 1.6748, Validation Loss: 2.4049
Epoch 735/1000, Train Loss: 1.5936, Validation Loss: 6.5913
Epoch 736/1000, Train Loss: 1.8885, Validation Loss: 6.9997
Epoch 737/1000, Train Loss: 1.7368, Validation Loss: 2.4709
Epoch 738/1000, Train Loss: 1.6750, Validation Loss: 3.4430
Epoch 739/1000, Train Loss: 155.5444, Validation Loss: 4.6137
Epoch 740/1000, Train Loss: 2.8512, Validation Loss: 2.3181
Epoch 741/1000, Train Loss: 1.6797, Validation Loss: 1.3186
Epoch 742/1000, Train Loss: 1.6769, Validation Loss: 1.6486
Epoch 743/1000, Train Loss: 3.7402, Validation Loss: 1.8712
Epoch 744/1000, Train Loss: 1.7949, Validation Loss: 2.2314
Epoch 745/1000, Train Loss: 1.6999, Validation Loss: 2.3378
Epoch 746/1000, Train Loss: 1.9287, Validation Loss: 2.1432
Epoch 747/1000, Train Loss: 1.4126, Validation Loss: 3.9585
Epoch 748/1000, Train Loss: 2.9379, Validation Loss: 4.0498
Epoch 749/1000, Train Loss: 2.3819, Validation Loss: 3.3455
Epoch 750/1000, Train Loss: 1.5680, Validation Loss: 3.4856
Epoch 751/1000, Train Loss: 1.6376, Validation Loss: 1.8050
Epoch 752/1000, Train Loss: 2.1500, Validation Loss: 1.1804
Epoch 753/1000, Train Loss: 1.6136, Validation Loss: 1.6198
Epoch 754/1000, Train Loss: 1.7713, Validation Loss: 3.0124
Epoch 755/1000, Train Loss: 8.7099, Validation Loss: 1.7428
Epoch 756/1000, Train Loss: 1.9903, Validation Loss: 3.6369
Epoch 757/1000, Train Loss: 2.5048, Validation Loss: 5.2022
Epoch 758/1000, Train Loss: 3.9707, Validation Loss: 3.5890
Epoch 759/1000, Train Loss: 1.6196, Validation Loss: 1.5237
Epoch 760/1000, Train Loss: 10.5510, Validation Loss: 3.5083
Epoch 761/1000, Train Loss: 1.7787, Validation Loss: 2.1555
Epoch 762/1000, Train Loss: 2.9867, Validation Loss: 3.3369
Epoch 763/1000, Train Loss: 1.9885, Validation Loss: 3.2435
Epoch 764/1000, Train Loss: 34.0897, Validation Loss: 1.5447
Epoch 765/1000, Train Loss: 1.8870, Validation Loss: 2.1959
Epoch 766/1000, Train Loss: 1.9324, Validation Loss: 1.5056
Epoch 767/1000, Train Loss: 9.4973, Validation Loss: 1.4440
Epoch 768/1000, Train Loss: 1.7647, Validation Loss: 4.1154
Epoch 769/1000, Train Loss: 73.2067, Validation Loss: 2.6291
Epoch 770/1000, Train Loss: 2.0186, Validation Loss: 10.9556
Epoch 771/1000, Train Loss: 1.6254, Validation Loss: 2.3001
Epoch 772/1000, Train Loss: 3.0641, Validation Loss: 1.5369
Epoch 773/1000, Train Loss: 402.7473, Validation Loss: 3.1820
Epoch 774/1000, Train Loss: 3.3646, Validation Loss: 2.7389
Epoch 775/1000, Train Loss: 1.6972, Validation Loss: 1.5792
Epoch 776/1000, Train Loss: 3.3772, Validation Loss: 2.2493
Epoch 777/1000, Train Loss: 1.6779, Validation Loss: 1.1664
Epoch 778/1000, Train Loss: 1.5250, Validation Loss: 4.7159
Epoch 779/1000, Train Loss: 3.4559, Validation Loss: 11.4328
Epoch 780/1000, Train Loss: 1.6528, Validation Loss: 1.6265
Epoch 781/1000, Train Loss: 1.5786, Validation Loss: 1.3693
Epoch 782/1000, Train Loss: 2.3059, Validation Loss: 2.9413
Epoch 783/1000, Train Loss: 2.2364, Validation Loss: 1.2924
Epoch 784/1000, Train Loss: 2.1365, Validation Loss: 2.7939
Epoch 785/1000, Train Loss: 29.2060, Validation Loss: 2.8931
Epoch 786/1000, Train Loss: 1.6547, Validation Loss: 3.9519
Epoch 787/1000, Train Loss: 3.7278, Validation Loss: 1.2924
Epoch 788/1000, Train Loss: 18.6902, Validation Loss: 3.9219
Epoch 789/1000, Train Loss: 2.0546, Validation Loss: 6.2443
Epoch 790/1000, Train Loss: 1.4863, Validation Loss: 8.2854
Epoch 791/1000, Train Loss: 1.5179, Validation Loss: 1.5439
Epoch 792/1000, Train Loss: 1.5664, Validation Loss: 152.2575
Epoch 793/1000, Train Loss: 129.2813, Validation Loss: 60.5235
Epoch 794/1000, Train Loss: 1.6214, Validation Loss: 1.5956
Epoch 795/1000, Train Loss: 1.4997, Validation Loss: 2.2667
Epoch 796/1000, Train Loss: 4.9454, Validation Loss: 8.1974
Epoch 797/1000, Train Loss: 1.6345, Validation Loss: 9.2666
Epoch 798/1000, Train Loss: 6.2271, Validation Loss: 9.1900
Epoch 799/1000, Train Loss: 2.1533, Validation Loss: 2.7115
Epoch 800/1000, Train Loss: 2.9394, Validation Loss: 5.2275
Epoch 801/1000, Train Loss: 1.7196, Validation Loss: 1.4969
Epoch 802/1000, Train Loss: 32.5794, Validation Loss: 2.9034
Epoch 803/1000, Train Loss: 10.5967, Validation Loss: 67.8525
Epoch 804/1000, Train Loss: 2.1545, Validation Loss: 19.9883
Epoch 805/1000, Train Loss: 2.7063, Validation Loss: 1.2502
Epoch 806/1000, Train Loss: 1.5556, Validation Loss: 1.6296
Epoch 807/1000, Train Loss: 2.2384, Validation Loss: 265.5094
Epoch 808/1000, Train Loss: 1.6847, Validation Loss: 1.7601
Epoch 809/1000, Train Loss: 2.3289, Validation Loss: 3.0537
Epoch 810/1000, Train Loss: 2.7010, Validation Loss: 9.8553
Epoch 811/1000, Train Loss: 6.5800, Validation Loss: 1.8193
Epoch 812/1000, Train Loss: 327.2797, Validation Loss: 2751.4695
Epoch 813/1000, Train Loss: 1.6124, Validation Loss: 3.3828
Epoch 814/1000, Train Loss: 1.5079, Validation Loss: 1.6145
Epoch 815/1000, Train Loss: 144.0298, Validation Loss: 4.9250
Epoch 816/1000, Train Loss: 1.5480, Validation Loss: 1.4103
Epoch 817/1000, Train Loss: 1.5004, Validation Loss: 4.0844
Epoch 818/1000, Train Loss: 1.2840, Validation Loss: 1.5544
Epoch 819/1000, Train Loss: 2.1245, Validation Loss: 2.7480
Epoch 820/1000, Train Loss: 1.2706, Validation Loss: 1.1461
Epoch 821/1000, Train Loss: 2.9160, Validation Loss: 1.9611
Epoch 822/1000, Train Loss: 1.5064, Validation Loss: 1.7583
Epoch 823/1000, Train Loss: 1.5439, Validation Loss: 3.0441
Epoch 824/1000, Train Loss: 1.5446, Validation Loss: 1.8311
Epoch 825/1000, Train Loss: 1.4856, Validation Loss: 1.5572
Epoch 826/1000, Train Loss: 1.3824, Validation Loss: 6.9970
Epoch 827/1000, Train Loss: 1.5836, Validation Loss: 2.1497
Epoch 828/1000, Train Loss: 1.4705, Validation Loss: 2.6856
Epoch 829/1000, Train Loss: 1.3892, Validation Loss: 41.0479
Epoch 830/1000, Train Loss: 1.3924, Validation Loss: 1.7444
Epoch 831/1000, Train Loss: 1.3632, Validation Loss: 1.5943
Epoch 832/1000, Train Loss: 1.6979, Validation Loss: 2.0065
Epoch 833/1000, Train Loss: 1.4613, Validation Loss: 3.3647
Epoch 834/1000, Train Loss: 2.0063, Validation Loss: 5.2162
Epoch 835/1000, Train Loss: 31.4003, Validation Loss: 1.2496
Epoch 836/1000, Train Loss: 2.7118, Validation Loss: 9.0558
Epoch 837/1000, Train Loss: 1.5635, Validation Loss: 1.3337
Epoch 838/1000, Train Loss: 127.6898, Validation Loss: 4.7434
Epoch 839/1000, Train Loss: 1.3075, Validation Loss: 2.2534
Epoch 840/1000, Train Loss: 1.7297, Validation Loss: 124.9992
Epoch 841/1000, Train Loss: 1.3057, Validation Loss: 3.1239
Epoch 842/1000, Train Loss: 88.6425, Validation Loss: 58.0855
Epoch 843/1000, Train Loss: 2.0806, Validation Loss: 4.3832
Epoch 844/1000, Train Loss: 1.4067, Validation Loss: 2.0464
Epoch 845/1000, Train Loss: 35.1044, Validation Loss: 8.0358
Epoch 846/1000, Train Loss: 1.5187, Validation Loss: 1.9636
Epoch 847/1000, Train Loss: 3.2158, Validation Loss: 1.2799
Epoch 848/1000, Train Loss: 1.6201, Validation Loss: 2.3402
Epoch 849/1000, Train Loss: 2.1205, Validation Loss: 4.0637
Epoch 850/1000, Train Loss: 1.6276, Validation Loss: 2.6942
Epoch 851/1000, Train Loss: 1.6540, Validation Loss: 401.2726
Epoch 852/1000, Train Loss: 5.7239, Validation Loss: 1.6979
Epoch 853/1000, Train Loss: 1.5846, Validation Loss: 1.4906
Epoch 854/1000, Train Loss: 2.6795, Validation Loss: 2.6607
Epoch 855/1000, Train Loss: 1.6222, Validation Loss: 8.3004
Epoch 856/1000, Train Loss: 1.4983, Validation Loss: 4.4920
Epoch 857/1000, Train Loss: 1.7089, Validation Loss: 2.9906
Epoch 858/1000, Train Loss: 1.4103, Validation Loss: 1.9013
Epoch 859/1000, Train Loss: 13.2894, Validation Loss: 2.6431
Epoch 860/1000, Train Loss: 134.6973, Validation Loss: 2.1205
Epoch 861/1000, Train Loss: 1.6366, Validation Loss: 2.8399
Epoch 862/1000, Train Loss: 1.4960, Validation Loss: 4.4838
Epoch 863/1000, Train Loss: 2.8137, Validation Loss: 12.0462
Epoch 864/1000, Train Loss: 1.5948, Validation Loss: 2.2215
Epoch 865/1000, Train Loss: 5229.5892, Validation Loss: 8.3645
Epoch 866/1000, Train Loss: 1.5261, Validation Loss: 2.3721
Epoch 867/1000, Train Loss: 1.7101, Validation Loss: 2.2656
Epoch 868/1000, Train Loss: 1.3819, Validation Loss: 2.9936
Epoch 869/1000, Train Loss: 181.2001, Validation Loss: 4.9355
Epoch 870/1000, Train Loss: 7.9448, Validation Loss: 1.5567
Epoch 871/1000, Train Loss: 2.0733, Validation Loss: 1.0990
Epoch 872/1000, Train Loss: 1.4436, Validation Loss: 2.5971
Epoch 873/1000, Train Loss: 5956.5267, Validation Loss: 20.7272
Epoch 874/1000, Train Loss: 1.4925, Validation Loss: 1.3628
Epoch 875/1000, Train Loss: 13.0726, Validation Loss: 1.8171
Epoch 876/1000, Train Loss: 1.7573, Validation Loss: 25.5748
Epoch 877/1000, Train Loss: 1.5740, Validation Loss: 2.5978
Epoch 878/1000, Train Loss: 2.3165, Validation Loss: 1.2680
Epoch 879/1000, Train Loss: 1.9490, Validation Loss: 2.2468
Epoch 880/1000, Train Loss: 1.3665, Validation Loss: 1.9215
Epoch 881/1000, Train Loss: 1.3521, Validation Loss: 2.8432
Epoch 882/1000, Train Loss: 3.0508, Validation Loss: 1.9115
Epoch 883/1000, Train Loss: 1.4948, Validation Loss: 1.9210
Epoch 884/1000, Train Loss: 3.8329, Validation Loss: 2.2932
Epoch 885/1000, Train Loss: 1.7021, Validation Loss: 2.6561
Epoch 886/1000, Train Loss: 1.3311, Validation Loss: 3.3396
Epoch 887/1000, Train Loss: 19.7752, Validation Loss: 1.3876
Epoch 888/1000, Train Loss: 2.0625, Validation Loss: 3.0413
Epoch 889/1000, Train Loss: 1.6916, Validation Loss: 39.8060
Epoch 890/1000, Train Loss: 1.4321, Validation Loss: 3.2980
Epoch 891/1000, Train Loss: 1.3247, Validation Loss: 1.4546
Epoch 892/1000, Train Loss: 2.6257, Validation Loss: 1.3318
Epoch 893/1000, Train Loss: 1.4328, Validation Loss: 2.2133
Epoch 894/1000, Train Loss: 1.4714, Validation Loss: 2.4536
Epoch 895/1000, Train Loss: 5.1328, Validation Loss: 4.1316
Epoch 896/1000, Train Loss: 1.4295, Validation Loss: 7.1224
Epoch 897/1000, Train Loss: 1.5172, Validation Loss: 5.2707
Epoch 898/1000, Train Loss: 3.9487, Validation Loss: 3.3775
Epoch 899/1000, Train Loss: 1.4421, Validation Loss: 75.0554
Epoch 900/1000, Train Loss: 3.4605, Validation Loss: 18.5938
Epoch 901/1000, Train Loss: 1.4234, Validation Loss: 1.5621
Epoch 902/1000, Train Loss: 1.9118, Validation Loss: 1.8760
Epoch 903/1000, Train Loss: 1.3516, Validation Loss: 4.7065
Epoch 904/1000, Train Loss: 328.9976, Validation Loss: 4.3300
Epoch 905/1000, Train Loss: 32.8047, Validation Loss: 2.2882
Epoch 906/1000, Train Loss: 1.5456, Validation Loss: 20.6692
Epoch 907/1000, Train Loss: 1.5636, Validation Loss: 1.5805
Epoch 908/1000, Train Loss: 2.7184, Validation Loss: 1.5148
Epoch 909/1000, Train Loss: 5.6318, Validation Loss: 1.3437
Epoch 910/1000, Train Loss: 1.7445, Validation Loss: 2.5933
Epoch 911/1000, Train Loss: 1.3888, Validation Loss: 3.2182
Epoch 912/1000, Train Loss: 1740.5388, Validation Loss: 21.0096
Epoch 913/1000, Train Loss: 1.2597, Validation Loss: 2.4898
Epoch 914/1000, Train Loss: 1.9155, Validation Loss: 1.2094
Epoch 915/1000, Train Loss: 3.3313, Validation Loss: 9.8149
Epoch 916/1000, Train Loss: 1.2387, Validation Loss: 1.7208
Epoch 917/1000, Train Loss: 1.5487, Validation Loss: 3.0545
Epoch 918/1000, Train Loss: 1.4108, Validation Loss: 13.3915
Epoch 919/1000, Train Loss: 1.6860, Validation Loss: 1.5897
Epoch 920/1000, Train Loss: 1.5559, Validation Loss: 1.4416
Epoch 921/1000, Train Loss: 1.5527, Validation Loss: 3.0773
Epoch 922/1000, Train Loss: 3.6540, Validation Loss: 4.0370
Epoch 923/1000, Train Loss: 2.3452, Validation Loss: 2.4371
Epoch 924/1000, Train Loss: 1.7766, Validation Loss: 2.7657
Epoch 925/1000, Train Loss: 20.0602, Validation Loss: 3.2489
Epoch 926/1000, Train Loss: 9.9688, Validation Loss: 2.0248
Epoch 927/1000, Train Loss: 1.2088, Validation Loss: 3.2051
Epoch 928/1000, Train Loss: 1.2541, Validation Loss: 1.5157
Epoch 929/1000, Train Loss: 4.6542, Validation Loss: 1.3859
Epoch 930/1000, Train Loss: 13.5997, Validation Loss: 3.5579
Epoch 931/1000, Train Loss: 1.4547, Validation Loss: 2.9279
Epoch 932/1000, Train Loss: 1.3749, Validation Loss: 2.1870
Epoch 933/1000, Train Loss: 102.6717, Validation Loss: 1.5844
Epoch 934/1000, Train Loss: 1.3582, Validation Loss: 2.2577
Epoch 935/1000, Train Loss: 1.6249, Validation Loss: 2.7119
Epoch 936/1000, Train Loss: 1.7725, Validation Loss: 1.4544
Epoch 937/1000, Train Loss: 3.4918, Validation Loss: 7.1748
Epoch 938/1000, Train Loss: 4.1113, Validation Loss: 1.6835
Epoch 939/1000, Train Loss: 1.9705, Validation Loss: 5.6452
Epoch 940/1000, Train Loss: 1.6288, Validation Loss: 2.1011
Epoch 941/1000, Train Loss: 1.7548, Validation Loss: 1.6856
Epoch 942/1000, Train Loss: 5.3170, Validation Loss: 2.1919
Epoch 943/1000, Train Loss: 2.0168, Validation Loss: 1.5050
Epoch 944/1000, Train Loss: 1.4019, Validation Loss: 2.2640
Epoch 945/1000, Train Loss: 1.5571, Validation Loss: 3.1373
Epoch 946/1000, Train Loss: 106.5684, Validation Loss: 1.1129
Epoch 947/1000, Train Loss: 218.5893, Validation Loss: 9.2079
Epoch 948/1000, Train Loss: 2.7916, Validation Loss: 1.9048
Epoch 949/1000, Train Loss: 1.4204, Validation Loss: 3.2055
Epoch 950/1000, Train Loss: 5.8693, Validation Loss: 1.1519
Epoch 951/1000, Train Loss: 1.7978, Validation Loss: 3.5689
Epoch 952/1000, Train Loss: 1.3070, Validation Loss: 2.2194
Epoch 953/1000, Train Loss: 1.2871, Validation Loss: 11.3572
Epoch 954/1000, Train Loss: 21.6329, Validation Loss: 2.0243
Epoch 955/1000, Train Loss: 1.5192, Validation Loss: 13.4315
Epoch 956/1000, Train Loss: 1.5468, Validation Loss: 10.2145
Epoch 957/1000, Train Loss: 1.3751, Validation Loss: 1.9337
Epoch 958/1000, Train Loss: 12.4929, Validation Loss: 10.2024
Epoch 959/1000, Train Loss: 1.3514, Validation Loss: 3.3670
Epoch 960/1000, Train Loss: 1.6283, Validation Loss: 1.9751
Epoch 961/1000, Train Loss: 2.7810, Validation Loss: 2.7637
Epoch 962/1000, Train Loss: 2.0564, Validation Loss: 7.6726
Epoch 963/1000, Train Loss: 33.1390, Validation Loss: 582.4688
Epoch 964/1000, Train Loss: 1.4141, Validation Loss: 17.2761
Epoch 965/1000, Train Loss: 489.4132, Validation Loss: 2.5362
Epoch 966/1000, Train Loss: 63.4026, Validation Loss: 10.3949
Epoch 967/1000, Train Loss: 1.4524, Validation Loss: 1.5847
Epoch 968/1000, Train Loss: 21.0397, Validation Loss: 3.8764
Epoch 969/1000, Train Loss: 77.2715, Validation Loss: 4.2364
Epoch 970/1000, Train Loss: 1.4668, Validation Loss: 2.5861
Epoch 971/1000, Train Loss: 1.5234, Validation Loss: 2.0938
Epoch 972/1000, Train Loss: 63498.1507, Validation Loss: 2.3968
Epoch 973/1000, Train Loss: 1.5336, Validation Loss: 6.3687
Epoch 974/1000, Train Loss: 8.5784, Validation Loss: 41.5030
Epoch 975/1000, Train Loss: 3.0823, Validation Loss: 2.1105
Epoch 976/1000, Train Loss: 2.4098, Validation Loss: 3.5122
Epoch 977/1000, Train Loss: 1.6888, Validation Loss: 3.5718
Epoch 978/1000, Train Loss: 1.7086, Validation Loss: 2.4782
Epoch 979/1000, Train Loss: 2.0977, Validation Loss: 1.8134
Epoch 980/1000, Train Loss: 1.6465, Validation Loss: 1.7252
Epoch 981/1000, Train Loss: 1.5967, Validation Loss: 3.3728
Epoch 982/1000, Train Loss: 2.0637, Validation Loss: 2.8848
Epoch 983/1000, Train Loss: 1.4406, Validation Loss: 4.6526
Epoch 984/1000, Train Loss: 1.3445, Validation Loss: 5.4382
Epoch 985/1000, Train Loss: 1.3349, Validation Loss: 2.0214
Epoch 986/1000, Train Loss: 2.1834, Validation Loss: 3.7464
Epoch 987/1000, Train Loss: 1.3879, Validation Loss: 2.7992
Epoch 988/1000, Train Loss: 1.5395, Validation Loss: 1.8958
Epoch 989/1000, Train Loss: 1.5658, Validation Loss: 3.6144
Epoch 990/1000, Train Loss: 1.3784, Validation Loss: 6.3370
Epoch 991/1000, Train Loss: 516.6872, Validation Loss: 3.7027
Epoch 992/1000, Train Loss: 1.4893, Validation Loss: 2.7235
Epoch 993/1000, Train Loss: 1.3419, Validation Loss: 3.7500
Epoch 994/1000, Train Loss: 2.1552, Validation Loss: 1.0456
Epoch 995/1000, Train Loss: 1.4294, Validation Loss: 1.3779
Epoch 996/1000, Train Loss: 1.3619, Validation Loss: 2.1273
Epoch 997/1000, Train Loss: 2.6285, Validation Loss: 1.7511
Epoch 998/1000, Train Loss: 1.4067, Validation Loss: 2.5514
Epoch 999/1000, Train Loss: 7.5841, Validation Loss: 1.8624
Epoch 1000/1000, Train Loss: 1.3679, Validation Loss: 0.9164
Best Training Loss: 1.0830
Best Training Loss Epoch: 274
Best Validation Loss: 0.9164
Best Validation Loss Epoch: 1000
Time taken for training: 0-23:46:08
Test Loss: 0.9453
Test MAPE: 194040.9375%
Error Statistics:
count    4.127200e+04
mean     7.284513e+02
std      2.646707e+04
min      1.978874e-04
25%      2.408208e-01
50%      2.524133e+00
75%      3.819465e+01
max      5.113882e+06
Name: Absolute Error, dtype: float64
Training complete. Final model saved.
Saving model as a wandb Artifact...
Model artifact logged successfully.
[1;34mwandb[0m: 
[1;34mwandb[0m: 🚀 View run [33mrevived-sweep-9[0m at: [34mhttps://wandb.ai/mk8737-new-york-university/rl_pretrain_hp_sweeps/runs/cj4esim6[0m
[1;34mwandb[0m: Find logs at: [1;35mwandb/run-20251126_204720-cj4esim6/logs[0m
Agent finished.
