Parsed arguments: Namespace(num_nodes=1, name='GAT_downloader_test')
Using run name: GAT_downloader_test
TRAINING DEVICE: cuda:0
finished preparing data
Loading dataset from pretrain_dataset_12.5k_fixed_duplicates.pkl
Loaded 412712 data objects.
finished preparing data
Epoch 1/20, Train Loss: 4.0647, Validation Loss: 2.8636
Epoch 2/20, Train Loss: 2.2355, Validation Loss: 1.8009
Epoch 3/20, Train Loss: 2.2009, Validation Loss: 3.4154
Epoch 4/20, Train Loss: 1.8201, Validation Loss: 1.7480
Epoch 5/20, Train Loss: 1.8259, Validation Loss: 1.6017
Epoch 6/20, Train Loss: 1.7252, Validation Loss: 3.6033
Epoch 7/20, Train Loss: 1.7763, Validation Loss: 2.0306
Epoch 8/20, Train Loss: 1.6516, Validation Loss: 1.5899
Epoch 9/20, Train Loss: 1.6603, Validation Loss: 1.6550
Epoch 10/20, Train Loss: 1.5863, Validation Loss: 1.3244
Epoch 11/20, Train Loss: 1.4208, Validation Loss: 2.0155
Epoch 12/20, Train Loss: 1.4300, Validation Loss: 1.3115
Epoch 13/20, Train Loss: 2.0045, Validation Loss: 1.5940
Epoch 14/20, Train Loss: 1.4996, Validation Loss: 1.5158
Epoch 15/20, Train Loss: 1.4759, Validation Loss: 1.0905
Epoch 16/20, Train Loss: 1.2784, Validation Loss: 1.3087
Epoch 17/20, Train Loss: 1.3250, Validation Loss: 1.4402
Epoch 18/20, Train Loss: 1.3046, Validation Loss: 1.7067
Epoch 19/20, Train Loss: 1.2212, Validation Loss: 1.2875
Epoch 20/20, Train Loss: 1.2415, Validation Loss: 1.0423
Time taken for training: 0h 4m 39.82s
Test Loss: 1.0932
Error Statistics:
count     41272.000000
mean        570.690796
std        8303.884766
min           0.000007
25%           0.249951
50%           2.711776
75%          46.278653
max      907081.812500
Name: Absolute Error, dtype: float64
Training complete. Final model saved.
