Waiting for sweep ID...
Found Sweep ID: 7yxibhpd
Starting wandb agent for sweep 7yxibhpd...
TRAINING DEVICE: cpu
Run Name: GCN_global_hp_sweep_7yxibhpd-jonqsp8c
finidhed preparing data
Loading dataset from pretrain_dataset_12.5k_fixed_duplicates.pkl
Loaded 412712 data objects.
finished preparing data
Epoch 1/2, Train Loss: 7.8786, Validation Loss: 6.6698
Epoch 2/2, Train Loss: 1.8227, Validation Loss: 1.4933
Best Training Loss: 1.8227
Best Training Loss Epoch: 2
Best Validation Loss: 1.4933
Best Validation Loss Epoch: 2
Time taken for training: 0-00:02:18
Test Loss: 1.5149
Test MAPE: 47380.4805%
Error Statistics:
count     41272.000000
mean        635.979065
std        8603.786133
min           0.000005
25%           0.188587
50%           3.441471
75%          37.450149
max      923288.375000
Name: Absolute Error, dtype: float64
Training complete. Final model saved.
Saving model as a wandb Artifact...
Model artifact logged successfully.
[1;34mwandb[0m: 
[1;34mwandb[0m: 🚀 View run [33mdry-sweep-2[0m at: [34mhttps://wandb.ai/mk8737-new-york-university/rl_pretrain_hp_sweeps/runs/jonqsp8c[0m
[1;34mwandb[0m: Find logs at: [1;35mwandb/run-20251006_035703-jonqsp8c/logs[0m
Agent finished.
